IQ-TREE multicore version 2.4.0 for Linux x86 64-bit built Feb 12 2025
Developed by Bui Quang Minh, Nguyen Lam Tung, Olga Chernomor, Heiko Schmidt,
Dominik Schrempf, Michael Woodhams, Ly Trong Nhan, Thomas Wong

Host:    brain (AVX2, FMA3, 2015 GB RAM)
Command: /home/yue/miniconda3/envs/py39/bin/iqtree -s /mnt/data0/yue/2026-03-11-protein-convergence/results/OG_3490/csubst_w_s/csubst_input_alignment.fa -te tmp.csubst.nwk -m ECMK07+F+R4 --seqtype CODON1 --threads-max 1 -T AUTO --ancestral --rate --redo
Seed:    316029 (Using SPRNG - Scalable Parallel Random Number Generator)
Time:    Fri Mar 27 09:33:44 2026
Kernel:  AVX+FMA - auto-detect threads (128 CPU cores detected)

Reading alignment file /mnt/data0/yue/2026-03-11-protein-convergence/results/OG_3490/csubst_w_s/csubst_input_alignment.fa ... Fasta format detected
Reading fasta file: done in 0.00169565 secs using 54.26% CPU
Alignment most likely contains DNA/RNA sequences
Converting to codon sequences with genetic code 1 ...
Alignment has 78 sequences with 174 columns, 168 distinct patterns
115 parsimony-informative, 33 singleton sites, 26 constant sites
                                                              Gap/Ambiguity  Composition  p-value
Analyzing sequences: done in 7.87824e-05 secs using 97.74% CPU
   1  DE173|Cluster-50096.0__TRINITY_DN630_c0_g1_i1.p1                0.00%    passed    100.00%
   2  JJ109|Cluster-16734.0__TRINITY_DN384_c2_g3_i3.p2               31.61%    passed     99.32%
   3  DE151|Cluster-43178.0__TRINITY_DN11525_c0_g1_i6.p1              0.00%    passed    100.00%
   4  DE216|Cluster-77942.0__TRINITY_DN2036_c0_g1_i23.p1              0.00%    passed    100.00%
   5  DE505|Cluster-42020.0__TRINITY_DN736_c0_g1_i6.p1                0.00%    passed    100.00%
   6  JJ130|Cluster-903.0__TRINITY_DN117_c0_g1_i3.p1                  0.00%    passed    100.00%
   7  DE115|Cluster-55836.0__TRINITY_DN8931_c0_g1_i4.p1               0.00%    passed    100.00%
   8  DE680|Cluster-39965.0__TRINITY_DN234_c0_g1_i17.p2              33.33%    passed    100.00%
   9  DE546_urceolata_l|Cluster-221.69__TRINITY_DN3732_c0_g2_i1.p1    0.00%    passed    100.00%
  10  DE666|Cluster-30346.0__TRINITY_DN920_c0_g1_i6.p1                0.00%    passed    100.00%
  11  DE623|Cluster-50101.0__TRINITY_DN362_c0_g1_i1.p1                0.00%    passed    100.00%
  12  DE126|Cluster-32649.0__TRINITY_DN432_c1_g2_i1.p1                0.00%    passed    100.00%
  13  DE127|Cluster-43542.1__TRINITY_DN329_c0_g1_i1.p1                0.00%    passed    100.00%
  14  DE189|Cluster-49321.1__TRINITY_DN763_c0_g1_i2.p1                0.00%    passed    100.00%
  15  DE554|Cluster-64874.1__TRINITY_DN2193_c0_g1_i16.p1              0.00%    passed    100.00%
  16  DE542|Cluster-63870.2__TRINITY_DN820_c0_g2_i4.p1                0.00%    passed    100.00%
  17  JJ15|Cluster-40732.1__TRINITY_DN1705_c1_g1_i8.p1                0.00%    passed    100.00%
  18  JJ89|Cluster-16026.0__TRINITY_DN7002_c0_g2_i4.p1                0.00%    passed     99.87%
  19  DE476|Cluster-37555.0__TRINITY_DN199_c0_g2_i2.p1                0.00%    passed    100.00%
  20  DE504|Cluster-36721.0__TRINITY_DN17364_c0_g1_i2.p1              0.00%    passed    100.00%
  21  DE541|Cluster-34801.14__TRINITY_DN4664_c0_g1_i11.p1             0.00%    passed    100.00%
  22  DE549|Cluster-43846.0__TRINITY_DN613_c0_g1_i14.p1               0.00%    passed    100.00%
  23  DE88|Cluster-36148.0__TRINITY_DN1397_c0_g1_i2.p1                0.00%    passed    100.00%
  24  DE737|Cluster-37477.0__TRINITY_DN615_c0_g1_i3.p1                0.00%    passed    100.00%
  25  DE764|Cluster-38013.0__TRINITY_DN499_c0_g1_i3.p1                0.00%    passed    100.00%
  26  DE181|Cluster-8025.0__TRINITY_DN1569_c0_g1_i4.p2               26.44%    passed    100.00%
  27  SRR3424066|Cluster-17217.0__TRINITY_DN17489_c0_g1_i2.p1         0.00%    passed    100.00%
  28  SRR3407086|Cluster-28026.0__TRINITY_DN3356_c0_g1_i2.p1          0.00%    passed    100.00%
  29  DE229|Cluster-22949.0__TRINITY_DN382_c0_g1_i1.p1                0.00%    passed    100.00%
  30  SRR3407093|Cluster-34461.0__TRINITY_DN6655_c1_g1_i2.p1          0.00%    passed    100.00%
  31  SRR3407087|Cluster-23566.0__TRINITY_DN698_c0_g1_i1.p1           0.00%    passed    100.00%
  32  DE561|Cluster-42600.0__TRINITY_DN564_c0_g1_i1.p1                0.00%    passed    100.00%
  33  SRR3407092|Cluster-29028.0__TRINITY_DN476_c0_g3_i2.p1           0.00%    passed    100.00%
  34  SRR3407088|Cluster-14704.0__TRINITY_DN500_c2_g1_i2.p1           0.00%    passed    100.00%
  35  DE536|Cluster-44578.1__TRINITY_DN10200_c0_g2_i12.p1             0.00%    passed    100.00%
  36  DE736|Cluster-34867.0__TRINITY_DN9146_c0_g1_i1.p1               0.00%    passed    100.00%
  37  DRR082660|Cluster-44131.0__TRINITY_DN1216_c0_g1_i2.p1           0.00%    passed    100.00%
  38  SRR3407096|Cluster-23476.0__TRINITY_DN3996_c0_g2_i5.p1          0.00%    passed    100.00%
  39  DE563|Cluster-19486.0__TRINITY_DN1785_c0_g1_i1.p1               0.00%    passed    100.00%
  40  SRR3407094|Cluster-13224.0__TRINITY_DN5054_c0_g1_i2.p1          0.00%    passed    100.00%
  41  DE560|Cluster-14807.0__TRINITY_DN17286_c0_g1_i1.p1              0.00%    passed    100.00%
  42  SRR11748982|Cluster-29421.0__TRINITY_DN80_c0_g1_i5.p1           0.00%    failed      0.24%
  43  DE531|Cluster-37454.0__TRINITY_DN5159_c0_g2_i2.p1               0.00%    passed    100.00%
  44  DE696-nodots|Cluster-18566.0__TRINITY_DN11501_c0_g1_i2.p1       0.00%    passed    100.00%
  45  JJ36|Cluster-23616.0__TRINITY_DN169_c0_g1_i1.p1                 0.00%    passed    100.00%
  46  DE550|Cluster-35713.0__TRINITY_DN880_c0_g1_i2.p1                0.00%    passed    100.00%
  47  DE696-dots|Cluster-34796.0__TRINITY_DN223_c0_g2_i1.p1           0.00%    passed    100.00%
  48  DE509|Cluster-42266.0__TRINITY_DN653_c0_g1_i3.p2               26.44%    passed     99.49%
  49  DE519|Cluster-75128.0__TRINITY_DN2806_c0_g1_i11.p2             26.44%    passed    100.00%
  50  DE741|Cluster-48059.0__TRINITY_DN463_c0_g1_i3.p2               26.44%    passed    100.00%
  51  DE523|Cluster-17261.0__TRINITY_DN6681_c0_g1_i5.p2              26.44%    passed    100.00%
  52  JJ23|Cluster-43871.0__TRINITY_DN1373_c0_g1_i2.p2               26.44%    passed    100.00%
  53  DE164|Cluster-37183.0__TRINITY_DN375_c0_g2_i3.p1                0.00%    passed    100.00%
  54  DE503|Cluster-47272.0__TRINITY_DN18005_c0_g1_i1.p1              0.00%    passed    100.00%
  55  JJ74|Cluster-77363.0__TRINITY_DN1077_c0_g1_i4.p1                0.00%    passed      7.30%
  56  SRR3407095|Cluster-39172.0__TRINITY_DN89_c1_g1_i1.p1            0.00%    passed    100.00%
  57  DE69|Cluster-5948.0__TRINITY_DN2132_c0_g1_i5.p1                 0.00%    passed    100.00%
  58  DRR234970|Cluster-20037.0__TRINITY_DN1255_c0_g1_i1.p1           0.00%    passed     99.93%
  59  DE668|Cluster-53499.0__TRINITY_DN360_c0_g1_i2.p1                0.00%    passed    100.00%
  60  JJ85|Cluster-39332.0__TRINITY_DN3216_c0_g1_i2.p1                0.00%    passed    100.00%
  61  DE510|Cluster-42885.0__TRINITY_DN1161_c0_g1_i4.p2              33.33%    passed     98.57%
  62  DE672|Cluster-41153.0__TRINITY_DN158_c0_g2_i1.p1                0.00%    passed    100.00%
  63  DE671|Cluster-51123.0__TRINITY_DN1289_c0_g1_i1.p1               0.00%    passed    100.00%
  64  DE643|Cluster-17787.0__TRINITY_DN25470_c0_g1_i1.p1              0.00%    passed    100.00%
  65  DE566|Cluster-43011.0__TRINITY_DN2069_c0_g1_i13.p1              0.00%    passed    100.00%
  66  DRR082665|Cluster-22469.0__TRINITY_DN7217_c0_g1_i2.p1           0.00%    passed     96.35%
  67  DE681|Cluster-4462.0__TRINITY_DN851_c0_g1_i1.p1                 0.00%    passed    100.00%
  68  DE765|Cluster-36395.0__TRINITY_DN871_c0_g1_i2.p1                0.00%    passed    100.00%
  69  DE575|Cluster-59191.0__TRINITY_DN452_c0_g1_i6.p2               26.44%    passed     99.97%
  70  SRR5150740|Cluster-57353.1__TRINITY_DN1325_c0_g1_i6.p1          0.00%    passed     99.97%
  71  SRR104381|Cluster-28848.0__TRINITY_DN11567_c0_g1_i3.p1          0.00%    failed      2.49%
  72  DE162|Cluster-15840.1__TRINITY_DN1392_c0_g1_i13.p2             33.33%    passed     99.90%
  73  DE507|Cluster-51826.0__TRINITY_DN212_c0_g1_i1.p1                0.00%    passed    100.00%
  74  DE528|Cluster-58717.0__TRINITY_DN343_c0_g1_i3.p1                0.00%    passed    100.00%
  75  DE704-purple|Cluster-50563.0__TRINITY_DN882_c0_g1_i1.p1         0.00%    passed    100.00%
  76  DE704-white|Cluster-56325.0__TRINITY_DN231_c0_g1_i2.p1          0.00%    passed    100.00%
  77  SRR11934227|Cluster-96778.2__TRINITY_DN60044_c0_g1_i4.p1        0.00%    failed      0.00%
  78  DE152|Cluster-18208.0__TRINITY_DN803_c0_g2_i1.p3               31.61%    passed    100.00%
****  TOTAL                                                           4.47%  3 sequences failed composition chi2 test (p-value<5%; df=60)
WARNING: States(s) TGC, TGG, TGT rarely appear in alignment and may cause numerical problems
Reading input tree file tmp.csubst.nwk ... rooted tree

NOTE: 33 MB RAM (0 GB) is required!
Measuring multi-threading efficiency up to 1 CPU cores
2 trees examined
Threads: 1 / Time: 1.870 sec / Speedup: 1.000 / Efficiency: 100% / LogL: -5540
BEST NUMBER OF THREADS: 1

Estimate model parameters (epsilon = 0.010)
1. Initial log-likelihood: -5397.208
2. Current log-likelihood: -3600.842
3. Current log-likelihood: -3596.504
4. Current log-likelihood: -3596.264
5. Current log-likelihood: -3596.062
6. Current log-likelihood: -3595.886
7. Current log-likelihood: -3595.728
8. Current log-likelihood: -3595.584
9. Current log-likelihood: -3595.451
10. Current log-likelihood: -3595.326
11. Current log-likelihood: -3595.211
12. Current log-likelihood: -3595.105
13. Current log-likelihood: -3595.007
14. Current log-likelihood: -3594.916
15. Current log-likelihood: -3594.832
16. Current log-likelihood: -3594.754
17. Current log-likelihood: -3594.681
Optimal log-likelihood: -3594.669
Nonsynonymous/synonymous ratio (omega): 1.000
Transition/transversion ratio (kappa): 1.000
Site proportion and rates:  (0.331,0.386) (0.575,1.072) (0.092,2.730) (0.002,2.730)
Parameters optimization took 17 rounds (100.985 sec)
Wrote distance file to... 
BEST SCORE FOUND : -3594.669
Ancestral state probabilities printed to /mnt/data0/yue/2026-03-11-protein-convergence/results/OG_3490/csubst_w_s/csubst_input_alignment.fa.state
Empirical proportions for each category: 0.316 0.603 0.080 0.000
Site rates printed to /mnt/data0/yue/2026-03-11-protein-convergence/results/OG_3490/csubst_w_s/csubst_input_alignment.fa.rate
Total tree length: 3.214

Total number of iterations: 0
CPU time used for tree search: 0.000 sec (0h:0m:0s)
Wall-clock time used for tree search: 0.000 sec (0h:0m:0s)
Total CPU time used: 103.987 sec (0h:1m:43s)
Total wall-clock time used: 104.065 sec (0h:1m:44s)

Analysis results written to: 
  IQ-TREE report:                /mnt/data0/yue/2026-03-11-protein-convergence/results/OG_3490/csubst_w_s/csubst_input_alignment.fa.iqtree
  Maximum-likelihood tree:       /mnt/data0/yue/2026-03-11-protein-convergence/results/OG_3490/csubst_w_s/csubst_input_alignment.fa.treefile
  Site-specific rates:           /mnt/data0/yue/2026-03-11-protein-convergence/results/OG_3490/csubst_w_s/csubst_input_alignment.fa.rate
  Ancestral state:               /mnt/data0/yue/2026-03-11-protein-convergence/results/OG_3490/csubst_w_s/csubst_input_alignment.fa.state
  Screen log file:               /mnt/data0/yue/2026-03-11-protein-convergence/results/OG_3490/csubst_w_s/csubst_input_alignment.fa.log

Date and Time: Fri Mar 27 09:35:28 2026
