IQ-TREE multicore version 2.4.0 for Linux x86 64-bit built Feb 12 2025
Developed by Bui Quang Minh, Nguyen Lam Tung, Olga Chernomor, Heiko Schmidt,
Dominik Schrempf, Michael Woodhams, Ly Trong Nhan, Thomas Wong

Host:    brain (AVX2, FMA3, 2015 GB RAM)
Command: /home/yue/miniconda3/envs/py39/bin/iqtree -s /mnt/data0/yue/2026-03-11-protein-convergence/results/OG_4691/csubst_w_s/csubst_input_alignment.fa -te tmp.csubst.nwk -m ECMK07+F+R4 --seqtype CODON1 --threads-max 1 -T AUTO --ancestral --rate --redo
Seed:    350230 (Using SPRNG - Scalable Parallel Random Number Generator)
Time:    Fri Mar 27 14:55:49 2026
Kernel:  AVX+FMA - auto-detect threads (128 CPU cores detected)

Reading alignment file /mnt/data0/yue/2026-03-11-protein-convergence/results/OG_4691/csubst_w_s/csubst_input_alignment.fa ... Fasta format detected
Reading fasta file: done in 0.000910297 secs
Alignment most likely contains DNA/RNA sequences
Converting to codon sequences with genetic code 1 ...
Alignment has 74 sequences with 229 columns, 223 distinct patterns
125 parsimony-informative, 58 singleton sites, 46 constant sites
                                                              Gap/Ambiguity  Composition  p-value
Analyzing sequences: done in 4.5985e-05 secs using 97.86% CPU
   1  DE126|Cluster-12386.2__TRINITY_DN1057_c0_g2_i4.p1               1.31%    passed    100.00%
   2  DE680|Cluster-56629.0__TRINITY_DN3116_c0_g1_i9.p1               1.31%    passed    100.00%
   3  DE561|Cluster-19360.3__TRINITY_DN461_c0_g2_i21.p1              26.20%    passed    100.00%
   4  DE510|Cluster-53008.0__TRINITY_DN474_c0_g5_i2.p1                1.31%    passed    100.00%
   5  DE519|Cluster-76130.1__TRINITY_DN52754_c0_g3_i4.p1              0.00%    passed    100.00%
   6  DE704-purple|Cluster-26304.0__TRINITY_DN4893_c0_g1_i4.p1        1.31%    passed    100.00%
   7  DE704-white|Cluster-68289.0__TRINITY_DN859_c1_g1_i6.p1         44.10%    passed    100.00%
   8  SRR3424066|Cluster-29605.0__TRINITY_DN1311_c0_g2_i5.p1          1.31%    passed    100.00%
   9  SRR3407088|Cluster-17745.3__TRINITY_DN745_c0_g1_i3.p1           1.31%    passed    100.00%
  10  DE115|Cluster-49021.1__TRINITY_DN2034_c0_g1_i2.p1              26.20%    passed    100.00%
  11  DE546_urceolata_l|Cluster-20826.0__TRINITY_DN122_c2_g2_i1.p1   26.20%    passed    100.00%
  12  DE216|Cluster-58865.1__TRINITY_DN15511_c0_g1_i18.p1            49.78%    passed     99.74%
  13  DE554|Cluster-55137.0__TRINITY_DN752_c0_g1_i1.p1                0.00%    passed    100.00%
  14  DE666|Cluster-30408.0__TRINITY_DN2920_c1_g1_i1.p1               0.00%    passed    100.00%
  15  DE765|Cluster-57202.1__TRINITY_DN6850_c0_g1_i11.p1              0.00%    passed    100.00%
  16  JJ125|Cluster-33383.0__TRINITY_DN928_c0_g2_i2.p1                0.00%    passed    100.00%
  17  DE127|Cluster-8344.61__TRINITY_DN11671_c5_g2_i4.p1              0.00%    passed    100.00%
  18  JJ86|Cluster-44451.1__TRINITY_DN637_c2_g2_i1.p1                 1.31%    passed    100.00%
  19  DE563|Cluster-16325.0__TRINITY_DN863_c0_g1_i6.p1                0.00%    passed    100.00%
  20  DE623|Cluster-51952.1__TRINITY_DN19026_c0_g1_i1.p1              3.06%    passed    100.00%
  21  JJ74|Cluster-105213.0__TRINITY_DN2684_c1_g2_i3.p1               0.00%    passed    100.00%
  22  DE152|Cluster-48209.0__TRINITY_DN968_c0_g2_i4.p1               24.89%    passed    100.00%
  23  JJ99|Cluster-51947.1__TRINITY_DN4353_c0_g2_i1.p1                0.00%    passed    100.00%
  24  JJ23|Cluster-33335.1__TRINITY_DN1931_c0_g1_i4.p1                0.00%    passed    100.00%
  25  DE162|Cluster-15129.0__TRINITY_DN602_c1_g1_i3.p1                0.00%    passed    100.00%
  26  DE575|Cluster-43343.0__TRINITY_DN4367_c1_g1_i4.p1               0.00%    passed    100.00%
  27  DE181|Cluster-51161.2__TRINITY_DN709_c0_g3_i1.p1                1.31%    passed    100.00%
  28  SRR3407086|Cluster-10419.0__TRINITY_DN12553_c0_g3_i1.p1         1.31%    passed    100.00%
  29  SRR3407087|Cluster-42758.0__TRINITY_DN2869_c0_g1_i7.p1          1.31%    passed    100.00%
  30  SRR3407093|Cluster-31440.2__TRINITY_DN1282_c0_g2_i3.p1          1.31%    passed    100.00%
  31  DE505|Cluster-51865.1__TRINITY_DN1666_c0_g1_i3.p1               1.31%    passed    100.00%
  32  SRR3407094|Cluster-20411.2__TRINITY_DN1463_c0_g2_i5.p1          1.31%    passed    100.00%
  33  DE503|Cluster-35662.0__TRINITY_DN6701_c1_g2_i2.p1              26.20%    passed    100.00%
  34  SRR3407092|Cluster-18279.0__TRINITY_DN465_c0_g1_i2.p1           1.31%    passed    100.00%
  35  DRR082660|Cluster-20908.1__TRINITY_DN4468_c1_g1_i4.p1           0.00%    passed    100.00%
  36  DE164|Cluster-49092.1__TRINITY_DN3604_c0_g2_i1.p1               0.00%    passed    100.00%
  37  DE672|Cluster-5937.0__TRINITY_DN4362_c0_g1_i54.p1               0.00%    passed    100.00%
  38  DE536|Cluster-49941.0__TRINITY_DN1889_c0_g2_i14.p1             31.88%    passed    100.00%
  39  DE173|Cluster-56506.1__TRINITY_DN1376_c3_g2_i2.p1               0.00%    passed    100.00%
  40  JJ109|Cluster-23265.1__TRINITY_DN273_c2_g1_i12.p1               0.00%    passed    100.00%
  41  JJ130|Cluster-36052.0__TRINITY_DN1042_c0_g1_i13.p1              0.00%    passed    100.00%
  42  JJ89|Cluster-31479.0__TRINITY_DN2615_c0_g1_i1.p1                0.00%    passed    100.00%
  43  DE476|Cluster-56746.0__TRINITY_DN4917_c0_g1_i1.p1               0.00%    passed    100.00%
  44  JJ36|Cluster-12837.0__TRINITY_DN818_c1_g1_i2.p1                 0.00%    passed    100.00%
  45  DE696-nodots|Cluster-60478.0__TRINITY_DN1192_c0_g1_i10.p1       0.00%    passed    100.00%
  46  DE737|Cluster-55408.3__TRINITY_DN383_c0_g1_i43.p1               0.00%    passed    100.00%
  47  SRR3407096|Cluster-24915.0__TRINITY_DN1360_c0_g1_i3.p1          0.00%    passed    100.00%
  48  JJ85|Cluster-34418.0__TRINITY_DN3146_c0_g2_i1.p1                0.00%    passed    100.00%
  49  DE534|Cluster-60287.0__TRINITY_DN1906_c0_g2_i2.p1               0.00%    passed    100.00%
  50  DE542|Cluster-53860.1__TRINITY_DN4433_c0_g1_i2.p1               0.00%    passed    100.00%
  51  JJ15|Cluster-72234.2__TRINITY_DN118_c0_g1_i9.p1                 0.00%    passed    100.00%
  52  DE229|Cluster-75655.2__TRINITY_DN1497_c0_g1_i5.p1               5.68%    passed    100.00%
  53  DE668|Cluster-43656.0__TRINITY_DN1267_c0_g1_i1.p1               0.00%    passed    100.00%
  54  DE566|Cluster-29785.2__TRINITY_DN2359_c0_g1_i12.p1              7.42%    passed    100.00%
  55  DE741|Cluster-34524.0__TRINITY_DN2767_c0_g1_i5.p1               0.00%    passed    100.00%
  56  DE528|Cluster-59794.0__TRINITY_DN995_c2_g1_i2.p1                1.31%    passed    100.00%
  57  DE507|Cluster-61894.0__TRINITY_DN2725_c1_g1_i5.p1              26.64%    passed    100.00%
  58  DE151|Cluster-57173.0__TRINITY_DN162_c0_g1_i2.p1               24.89%    passed    100.00%
  59  DE189|Cluster-24533.0__TRINITY_DN6526_c0_g3_i4.p1              24.89%    passed    100.00%
  60  DE504|Cluster-52854.0__TRINITY_DN3215_c1_g1_i3.p1              42.79%    passed    100.00%
  61  SRR3407095|Cluster-25864.0__TRINITY_DN13756_c0_g1_i7.p1         0.00%    passed    100.00%
  62  DE549|Cluster-33552.0__TRINITY_DN4695_c0_g1_i7.p1              24.89%    passed    100.00%
  63  DE764|Cluster-42515.0__TRINITY_DN1335_c1_g1_i5.p1              42.79%    passed    100.00%
  64  DE523|Cluster-22720.0__TRINITY_DN267_c1_g1_i2.p1               24.89%    passed    100.00%
  65  DE550|Cluster-22130.0__TRINITY_DN9544_c0_g2_i4.p1              24.89%    passed    100.00%
  66  DE88|Cluster-34641.0__TRINITY_DN10228_c0_g1_i7.p1              24.89%    passed    100.00%
  67  DE531|Cluster-20477.1__TRINITY_DN89_c1_g2_i2.p1                 0.00%    passed    100.00%
  68  SRR5150740|Cluster-64702.0__TRINITY_DN9342_c0_g1_i10.p1         0.00%    passed    100.00%
  69  DE681|Cluster-15801.0__TRINITY_DN21411_c0_g2_i5.p1             24.89%    passed     99.93%
  70  DE560|Cluster-5991.2__TRINITY_DN856_c1_g1_i1.p1                25.33%    passed    100.00%
  71  DE69|Cluster-34442.6__TRINITY_DN1067_c0_g1_i8.p1               24.89%    passed     98.31%
  72  DE541|Cluster-51316.0__TRINITY_DN6693_c0_g1_i3.p1              42.79%    passed     86.22%
  73  DE671|Cluster-59472.0__TRINITY_DN21235_c0_g1_i5.p1             42.79%    passed     99.31%
  74  SRR11748982|Cluster-26275.1__TRINITY_DN501_c0_g2_i7.p1          6.55%    passed     60.05%
****  TOTAL                                                           9.73%  0 sequences failed composition chi2 test (p-value<5%; df=60)
Reading input tree file tmp.csubst.nwk ... rooted tree

NOTE: 39 MB RAM (0 GB) is required!
Measuring multi-threading efficiency up to 1 CPU cores
2 trees examined
Threads: 1 / Time: 3.736 sec / Speedup: 1.000 / Efficiency: 100% / LogL: -7577
BEST NUMBER OF THREADS: 1

Estimate model parameters (epsilon = 0.010)
1. Initial log-likelihood: -8149.064
2. Current log-likelihood: -6507.431
3. Current log-likelihood: -6507.175
4. Current log-likelihood: -6506.974
5. Current log-likelihood: -6496.181
6. Current log-likelihood: -6495.753
7. Current log-likelihood: -6495.621
8. Current log-likelihood: -6495.537
9. Current log-likelihood: -6495.447
10. Current log-likelihood: -6495.283
11. Current log-likelihood: -6486.993
12. Current log-likelihood: -6486.835
13. Current log-likelihood: -6486.749
14. Current log-likelihood: -6486.658
15. Current log-likelihood: -6486.477
16. Current log-likelihood: -6485.809
17. Current log-likelihood: -6479.728
18. Current log-likelihood: -6478.402
19. Current log-likelihood: -6474.943
20. Current log-likelihood: -6474.084
Optimal log-likelihood: -6474.083
Nonsynonymous/synonymous ratio (omega): 1.000
Transition/transversion ratio (kappa): 1.000
Site proportion and rates:  (0.479,0.213) (0.361,0.783) (0.151,3.406) (0.009,11.473)
Parameters optimization took 20 rounds (150.374 sec)
Wrote distance file to... 
BEST SCORE FOUND : -6474.083
Ancestral state probabilities printed to /mnt/data0/yue/2026-03-11-protein-convergence/results/OG_4691/csubst_w_s/csubst_input_alignment.fa.state
Empirical proportions for each category: 0.502 0.345 0.144 0.009
Site rates printed to /mnt/data0/yue/2026-03-11-protein-convergence/results/OG_4691/csubst_w_s/csubst_input_alignment.fa.rate
Total tree length: 5.950

Total number of iterations: 0
CPU time used for tree search: 0.000 sec (0h:0m:0s)
Wall-clock time used for tree search: 0.000 sec (0h:0m:0s)
Total CPU time used: 155.526 sec (0h:2m:35s)
Total wall-clock time used: 155.666 sec (0h:2m:35s)

Analysis results written to: 
  IQ-TREE report:                /mnt/data0/yue/2026-03-11-protein-convergence/results/OG_4691/csubst_w_s/csubst_input_alignment.fa.iqtree
  Maximum-likelihood tree:       /mnt/data0/yue/2026-03-11-protein-convergence/results/OG_4691/csubst_w_s/csubst_input_alignment.fa.treefile
  Site-specific rates:           /mnt/data0/yue/2026-03-11-protein-convergence/results/OG_4691/csubst_w_s/csubst_input_alignment.fa.rate
  Ancestral state:               /mnt/data0/yue/2026-03-11-protein-convergence/results/OG_4691/csubst_w_s/csubst_input_alignment.fa.state
  Screen log file:               /mnt/data0/yue/2026-03-11-protein-convergence/results/OG_4691/csubst_w_s/csubst_input_alignment.fa.log

Date and Time: Fri Mar 27 14:58:25 2026
