IQ-TREE multicore version 2.4.0 for Linux x86 64-bit built Feb 12 2025
Developed by Bui Quang Minh, Nguyen Lam Tung, Olga Chernomor, Heiko Schmidt,
Dominik Schrempf, Michael Woodhams, Ly Trong Nhan, Thomas Wong

Host:    brain (AVX2, FMA3, 2015 GB RAM)
Command: /home/yue/miniconda3/envs/py39/bin/iqtree -s /mnt/data0/yue/2026-03-11-protein-convergence/results/OG_8527/csubst_w_s/csubst_input_alignment.fa -te tmp.csubst.nwk -m ECMK07+F+R4 --seqtype CODON1 --threads-max 1 -T AUTO --ancestral --rate --redo
Seed:    579349 (Using SPRNG - Scalable Parallel Random Number Generator)
Time:    Sat Mar 28 03:46:47 2026
Kernel:  AVX+FMA - auto-detect threads (128 CPU cores detected)

Reading alignment file /mnt/data0/yue/2026-03-11-protein-convergence/results/OG_8527/csubst_w_s/csubst_input_alignment.fa ... Fasta format detected
Reading fasta file: done in 0.00139336 secs using 76.86% CPU
Alignment most likely contains DNA/RNA sequences
Converting to codon sequences with genetic code 1 ...
WARNING: 1 sites contain only gaps or ambiguous characters.
Alignment has 70 sequences with 371 columns, 363 distinct patterns
205 parsimony-informative, 93 singleton sites, 73 constant sites
                                                                Gap/Ambiguity  Composition  p-value
Analyzing sequences: done in 6.44922e-05 secs using 97.69% CPU
   1  DE741|Cluster-16638.0__TRINITY_DN25978_c0_g1_i1.p1               45.01%    passed     98.22%
   2  DE115|Cluster-67094.0__TRINITY_DN8109_c0_g1_i3.p1                 0.27%    passed    100.00%
   3  DE563|Cluster-32142.1__TRINITY_DN3680_c3_g1_i7.p1                 0.27%    passed    100.00%
   4  DE575|Cluster-56023.0__TRINITY_DN5635_c0_g1_i2.p1                43.94%    passed    100.00%
   5  DE668|Cluster-57810.0__TRINITY_DN12579_c0_g1_i4.p1                0.27%    passed    100.00%
   6  SRR3424066|Cluster-4632.0__TRINITY_DN38880_c0_g1_i3.p1            0.27%    passed    100.00%
   7  DE561|Cluster-44491.0__TRINITY_DN8537_c0_g1_i2.p1                42.86%    passed     96.35%
   8  SRR3407092|Cluster-32780.0__TRINITY_DN9707_c0_g1_i1.p1            0.27%    passed    100.00%
   9  DE505|Cluster-31001.0__TRINITY_DN7371_c1_g1_i2.p1                42.86%    passed     88.83%
  10  SRR3407095|Cluster-46573.0__TRINITY_DN6581_c0_g1_i1.p1            0.54%    passed    100.00%
  11  JJ89|Cluster-23455.0__TRINITY_DN8545_c0_g1_i1.p1                 19.95%    passed    100.00%
  12  JJ125|Cluster-38433.0__TRINITY_DN7280_c0_g1_i2.p1                 0.27%    passed    100.00%
  13  DRR082660|Cluster-18572.0__TRINITY_DN3340_c0_g1_i2.p1            18.33%    passed    100.00%
  14  JJ85|Cluster-31011.0__TRINITY_DN8691_c0_g1_i5.p1                 45.55%    passed     93.27%
  15  DE504|Cluster-52761.6__TRINITY_DN1856_c0_g1_i9.p1                36.93%    passed     99.90%
  16  DE476|Cluster-7579.0__TRINITY_DN2993_c0_g1_i5.p1                 41.24%    passed     99.04%
  17  DE566|Cluster-43251.0__TRINITY_DN9520_c0_g1_i3.p1                 4.31%    passed    100.00%
  18  DE704-white|Cluster-65838.1__TRINITY_DN5058_c0_g1_i5.p1           0.27%    passed    100.00%
  19  DE152|Cluster-63408.0__TRINITY_DN11282_c1_g2_i4.p1                0.27%    passed     99.99%
  20  JJ99|Cluster-54190.1__TRINITY_DN7497_c0_g1_i21.p1                 0.27%    passed    100.00%
  21  JJ131|Cluster-66220.0__TRINITY_DN7494_c0_g1_i1.p1                 3.23%    passed    100.00%
  22  JJ109|Cluster-22694.0__TRINITY_DN7560_c0_g1_i1.p1                66.85%    passed     99.80%
  23  SRR3407086|Cluster-20115.0__TRINITY_DN20714_c0_g1_i1.p1           0.27%    passed    100.00%
  24  DE181|Cluster-51317.0__TRINITY_DN8188_c0_g1_i2.p1                20.22%    passed    100.00%
  25  SRR3407088|Cluster-13806.0__TRINITY_DN4306_c0_g1_i1.p1            0.27%    passed    100.00%
  26  DE127|Cluster-46934.0__TRINITY_DN4806_c0_g1_i8.p1                19.41%    passed    100.00%
  27  DE554|Cluster-59594.0__TRINITY_DN3745_c0_g1_i8.p1                44.47%    passed     97.48%
  28  DE542|Cluster-47493.0__TRINITY_DN13354_c0_g2_i3.p1               36.93%    passed     98.10%
  29  JJ15|Cluster-47016.0__TRINITY_DN2323_c1_g1_i3.p1                  0.27%    passed    100.00%
  30  DE623|Cluster-37152.0__TRINITY_DN9762_c0_g1_i4.p1                 0.27%    passed    100.00%
  31  DE680|Cluster-31351.0__TRINITY_DN1494_c1_g1_i1.p1                 0.27%    passed    100.00%
  32  DE546_urceolata_l|Cluster-38026.0__TRINITY_DN55632_c0_g1_i1.p1    0.27%    passed    100.00%
  33  DE643|Cluster-67519.0__TRINITY_DN12569_c1_g1_i5.p1                0.27%    passed    100.00%
  34  DE216|Cluster-72998.0__TRINITY_DN1961_c0_g1_i1.p1                 0.27%    passed    100.00%
  35  DE681|Cluster-52253.0__TRINITY_DN8302_c0_g1_i1.p1                44.47%    passed     99.97%
  36  DE765|Cluster-52226.0__TRINITY_DN22007_c0_g1_i6.p1                2.96%    passed    100.00%
  37  DE510|Cluster-36034.0__TRINITY_DN8048_c0_g1_i2.p1                42.86%    passed     97.58%
  38  SRR3407094|Cluster-35866.0__TRINITY_DN11232_c0_g1_i1.p1          43.67%    passed     95.08%
  39  DE666|Cluster-29753.0__TRINITY_DN2248_c0_g2_i1.p1                19.41%    passed    100.00%
  40  DE534|Cluster-18535.0__TRINITY_DN8646_c0_g1_i5.p1                18.87%    passed    100.00%
  41  DE560|Cluster-48544.0__TRINITY_DN15487_c0_g1_i1.p1               42.05%    passed     96.05%
  42  DE549|Cluster-47584.0__TRINITY_DN11056_c0_g2_i1.p1               20.22%    passed    100.00%
  43  DE696-dots|Cluster-51365.0__TRINITY_DN4956_c0_g1_i1.p1           20.22%    passed    100.00%
  44  DE88|Cluster-13820.0__TRINITY_DN13821_c0_g2_i6.p1                 0.27%    passed    100.00%
  45  SRR3407093|Cluster-5571.0__TRINITY_DN7032_c0_g1_i2.p1             0.27%    passed    100.00%
  46  DE503|Cluster-31085.0__TRINITY_DN9165_c0_g1_i3.p1                 0.27%    passed    100.00%
  47  SRR3407087|Cluster-9018.0__TRINITY_DN6147_c0_g1_i4.p1             0.27%    passed    100.00%
  48  DE523|Cluster-53245.0__TRINITY_DN6431_c0_g1_i3.p1                42.86%    passed     99.93%
  49  DE69|Cluster-31418.0__TRINITY_DN10574_c0_g1_i6.p1                42.32%    passed     95.19%
  50  DE151|Cluster-14922.0__TRINITY_DN112_c2_g1_i3.p1                 56.87%    passed     99.81%
  51  DE189|Cluster-20211.1__TRINITY_DN1453_c0_g1_i7.p1                36.93%    passed     99.99%
  52  DE550|Cluster-41417.0__TRINITY_DN10688_c0_g1_i2.p1               36.93%    passed     99.97%
  53  DE671|Cluster-7833.1__TRINITY_DN1539_c0_g1_i7.p1                 36.93%    passed     99.92%
  54  DE764|Cluster-41121.0__TRINITY_DN2357_c1_g1_i34.p1               36.93%    passed     99.99%
  55  DE164|Cluster-30968.2__TRINITY_DN487_c1_g1_i6.p1                  0.27%    passed    100.00%
  56  DE672|Cluster-1540.0__TRINITY_DN992_c1_g1_i3.p1                  36.93%    passed     99.89%
  57  SRR3407096|Cluster-18317.0__TRINITY_DN8747_c0_g1_i1.p1            0.27%    passed    100.00%
  58  DE531|Cluster-20750.0__TRINITY_DN11650_c0_g1_i1.p1               41.24%    passed     96.49%
  59  DE696-nodots|Cluster-24410.0__TRINITY_DN634_c0_g4_i2.p1          41.24%    passed     96.49%
  60  DE541|Cluster-25723.0__TRINITY_DN10613_c0_g1_i4.p1                0.27%    passed    100.00%
  61  DE736|Cluster-36739.9__TRINITY_DN804_c0_g4_i1.p1                  7.82%    passed    100.00%
  62  JJ74|Cluster-76874.0__TRINITY_DN61629_c0_g1_i1.p1                36.93%    passed     99.20%
  63  DE536|Cluster-33516.0__TRINITY_DN9453_c1_g1_i5.p1                 0.27%    passed    100.00%
  64  DE162|Cluster-27577.0__TRINITY_DN7779_c0_g4_i1.p1                45.55%    passed     99.70%
  65  DE704-purple|Cluster-29970.0__TRINITY_DN12454_c0_g2_i1.p1        26.42%    passed    100.00%
  66  DE507|Cluster-34810.0__TRINITY_DN7477_c0_g1_i1.p1                 0.27%    passed    100.00%
  67  JJ130|Cluster-28508.0__TRINITY_DN4399_c0_g1_i4.p1                42.59%    passed     74.74%
  68  DE528|Cluster-41879.0__TRINITY_DN6043_c0_g1_i6.p1                39.35%    passed     99.93%
  69  JJ23|Cluster-26450.0__TRINITY_DN8255_c0_g1_i1.p1                  0.27%    passed    100.00%
  70  DE229|Cluster-15523.2__TRINITY_DN1437_c0_g1_i26.p1               36.93%    passed     90.87%
WARNING: 2 sequences contain more than 50% gaps/ambiguity
****  TOTAL                                                            20.56%  0 sequences failed composition chi2 test (p-value<5%; df=60)
Reading input tree file tmp.csubst.nwk ... rooted tree

NOTE: 56 MB RAM (0 GB) is required!
Measuring multi-threading efficiency up to 1 CPU cores
2 trees examined
Threads: 1 / Time: 3.035 sec / Speedup: 1.000 / Efficiency: 100% / LogL: -12753
BEST NUMBER OF THREADS: 1

Estimate model parameters (epsilon = 0.010)
1. Initial log-likelihood: -11206.353
2. Current log-likelihood: -8573.279
3. Current log-likelihood: -8561.192
4. Current log-likelihood: -8561.022
5. Current log-likelihood: -8560.906
6. Current log-likelihood: -8560.814
7. Current log-likelihood: -8560.738
8. Current log-likelihood: -8560.674
9. Current log-likelihood: -8560.616
10. Current log-likelihood: -8560.564
11. Current log-likelihood: -8560.516
12. Current log-likelihood: -8560.471
13. Current log-likelihood: -8560.426
14. Current log-likelihood: -8560.383
15. Current log-likelihood: -8560.342
16. Current log-likelihood: -8560.304
17. Current log-likelihood: -8560.270
18. Current log-likelihood: -8560.242
19. Current log-likelihood: -8560.220
20. Current log-likelihood: -8560.204
21. Current log-likelihood: -8560.194
Optimal log-likelihood: -8560.188
Nonsynonymous/synonymous ratio (omega): 1.000
Transition/transversion ratio (kappa): 1.000
Site proportion and rates:  (0.584,0.382) (0.338,1.542) (0.056,3.240) (0.022,3.387)
Parameters optimization took 21 rounds (168.644 sec)
Wrote distance file to... 
BEST SCORE FOUND : -8560.188
Ancestral state probabilities printed to /mnt/data0/yue/2026-03-11-protein-convergence/results/OG_8527/csubst_w_s/csubst_input_alignment.fa.state
Empirical proportions for each category: 0.620 0.329 0.051 0.000
Site rates printed to /mnt/data0/yue/2026-03-11-protein-convergence/results/OG_8527/csubst_w_s/csubst_input_alignment.fa.rate
Total tree length: 3.922

Total number of iterations: 0
CPU time used for tree search: 0.000 sec (0h:0m:0s)
Wall-clock time used for tree search: 0.000 sec (0h:0m:0s)
Total CPU time used: 172.967 sec (0h:2m:52s)
Total wall-clock time used: 173.457 sec (0h:2m:53s)

Analysis results written to: 
  IQ-TREE report:                /mnt/data0/yue/2026-03-11-protein-convergence/results/OG_8527/csubst_w_s/csubst_input_alignment.fa.iqtree
  Maximum-likelihood tree:       /mnt/data0/yue/2026-03-11-protein-convergence/results/OG_8527/csubst_w_s/csubst_input_alignment.fa.treefile
  Site-specific rates:           /mnt/data0/yue/2026-03-11-protein-convergence/results/OG_8527/csubst_w_s/csubst_input_alignment.fa.rate
  Ancestral state:               /mnt/data0/yue/2026-03-11-protein-convergence/results/OG_8527/csubst_w_s/csubst_input_alignment.fa.state
  Screen log file:               /mnt/data0/yue/2026-03-11-protein-convergence/results/OG_8527/csubst_w_s/csubst_input_alignment.fa.log

Date and Time: Sat Mar 28 03:49:41 2026
