IQ-TREE multicore version 2.4.0 for Linux x86 64-bit built Feb 12 2025
Developed by Bui Quang Minh, Nguyen Lam Tung, Olga Chernomor, Heiko Schmidt,
Dominik Schrempf, Michael Woodhams, Ly Trong Nhan, Thomas Wong

Host:    brain (AVX2, FMA3, 2015 GB RAM)
Command: /home/yue/miniconda3/envs/py39/bin/iqtree -s /mnt/data0/yue/2026-03-11-protein-convergence/results/OG_9195/csubst_w_s/csubst_input_alignment.fa -te tmp.csubst.nwk -m ECMK07+F+R4 --seqtype CODON1 --threads-max 1 -T AUTO --ancestral --rate --redo
Seed:    696498 (Using SPRNG - Scalable Parallel Random Number Generator)
Time:    Sat Mar 28 05:15:06 2026
Kernel:  AVX+FMA - auto-detect threads (128 CPU cores detected)

Reading alignment file /mnt/data0/yue/2026-03-11-protein-convergence/results/OG_9195/csubst_w_s/csubst_input_alignment.fa ... Fasta format detected
Reading fasta file: done in 0.00275706 secs using 41.06% CPU
Alignment most likely contains DNA/RNA sequences
Converting to codon sequences with genetic code 1 ...
Alignment has 69 sequences with 466 columns, 427 distinct patterns
245 parsimony-informative, 103 singleton sites, 118 constant sites
                                                               Gap/Ambiguity  Composition  p-value
Analyzing sequences: done in 0.000126228 secs using 99.03% CPU
   1  DE554|Cluster-46534.0__TRINITY_DN9632_c0_g1_i7.p1                9.66%    passed    100.00%
   2  DE666|Cluster-33820.0__TRINITY_DN19345_c0_g2_i1.p1               0.64%    passed    100.00%
   3  DE737|Cluster-44365.0__TRINITY_DN11585_c1_g1_i2.p1               0.86%    passed    100.00%
   4  DE671|Cluster-53555.9__TRINITY_DN8955_c0_g1_i7.p1                0.43%    passed    100.00%
   5  DE164|Cluster-54757.0__TRINITY_DN1226_c1_g1_i2.p1               22.10%    passed     99.98%
   6  DE560|Cluster-39526.0__TRINITY_DN3473_c0_g1_i2.p1                9.66%    passed    100.00%
   7  DE126|Cluster-28468.0__TRINITY_DN300_c0_g1_i13.p1                0.21%    passed    100.00%
   8  DE623|Cluster-50746.0__TRINITY_DN13870_c1_g1_i4.p1               0.21%    passed    100.00%
   9  DE680|Cluster-10355.0__TRINITY_DN530_c0_g3_i2.p1                 0.21%    passed    100.00%
  10  DE127|Cluster-46242.1__TRINITY_DN8250_c0_g1_i1.p1                0.21%    passed    100.00%
  11  DE563|Cluster-23456.0__TRINITY_DN5559_c0_g1_i3.p1                0.21%    passed    100.00%
  12  JJ86|Cluster-39392.1__TRINITY_DN7479_c0_g1_i5.p1                 0.21%    passed    100.00%
  13  DE162|Cluster-32053.1__TRINITY_DN4578_c0_g3_i1.p1                0.21%    passed    100.00%
  14  DE704-purple|Cluster-31171.0__TRINITY_DN63381_c0_g1_i2.p1       41.42%    passed      5.10%
  15  DE704-white|Cluster-21408.0__TRINITY_DN11688_c0_g1_i9.p1         0.21%    passed    100.00%
  16  DE528|Cluster-19055.0__TRINITY_DN20692_c0_g1_i1.p1               0.21%    passed    100.00%
  17  DE546_urceolata_l|Cluster-40753.0__TRINITY_DN5949_c0_g1_i1.p1    9.66%    passed    100.00%
  18  DE668|Cluster-47630.0__TRINITY_DN12057_c0_g1_i2.p1              41.42%    failed      2.17%
  19  DE672|Cluster-49895.0__TRINITY_DN78919_c0_g1_i1.p1               0.21%    passed    100.00%
  20  DE643|Cluster-34491.0__TRINITY_DN7737_c0_g1_i3.p1                0.43%    passed    100.00%
  21  DE151|Cluster-37359.0__TRINITY_DN11423_c0_g1_i1.p1               0.21%    passed    100.00%
  22  DE173|Cluster-52407.0__TRINITY_DN30253_c0_g1_i1.p1               0.21%    passed    100.00%
  23  JJ109|Cluster-14766.0__TRINITY_DN5420_c0_g1_i4.p1                0.21%    passed    100.00%
  24  JJ89|Cluster-36269.0__TRINITY_DN7505_c0_g1_i2.p1                 0.21%    passed    100.00%
  25  DE541|Cluster-50442.0__TRINITY_DN14666_c0_g1_i13.p1              0.21%    passed    100.00%
  26  DE550|Cluster-39047.0__TRINITY_DN25349_c0_g1_i5.p1               0.21%    passed    100.00%
  27  DE549|Cluster-48405.0__TRINITY_DN8158_c0_g1_i4.p1                0.21%    passed    100.00%
  28  DE476|Cluster-47913.2__TRINITY_DN12970_c0_g1_i1.p1               0.21%    passed    100.00%
  29  DE504|Cluster-36979.0__TRINITY_DN30780_c0_g1_i2.p1               0.21%    passed    100.00%
  30  DE509|Cluster-41842.0__TRINITY_DN8116_c0_g1_i46.p1               0.21%    passed    100.00%
  31  DE531|Cluster-36198.1__TRINITY_DN5756_c1_g1_i7.p1                0.86%    passed    100.00%
  32  DE696-dots|Cluster-45864.0__TRINITY_DN8763_c0_g1_i1.p1           0.86%    passed    100.00%
  33  DE696-nodots|Cluster-50502.0__TRINITY_DN13180_c0_g1_i5.p1        0.86%    passed    100.00%
  34  JJ36|Cluster-39694.0__TRINITY_DN11536_c0_g1_i4.p1                0.86%    passed    100.00%
  35  DE88|Cluster-26558.0__TRINITY_DN9618_c0_g2_i4.p1                 0.21%    passed    100.00%
  36  JJ74|Cluster-101157.0__TRINITY_DN71229_c1_g1_i7.p1               0.21%    passed    100.00%
  37  SRR3407093|Cluster-27044.0__TRINITY_DN34593_c0_g1_i2.p1          0.21%    passed    100.00%
  38  SRR3407094|Cluster-25099.0__TRINITY_DN42371_c0_g1_i2.p1          0.21%    passed    100.00%
  39  DE503|Cluster-52327.0__TRINITY_DN15842_c0_g1_i1.p1               0.21%    passed    100.00%
  40  SRR3407092|Cluster-33667.0__TRINITY_DN12477_c0_g1_i2.p1         41.42%    failed      2.12%
  41  DE510|Cluster-40304.0__TRINITY_DN14567_c0_g1_i1.p1               0.21%    passed    100.00%
  42  SRR3407087|Cluster-10197.0__TRINITY_DN44383_c0_g1_i2.p1          0.21%    passed    100.00%
  43  DE181|Cluster-51416.0__TRINITY_DN12428_c0_g1_i1.p1               5.79%    passed    100.00%
  44  SRR3407086|Cluster-30313.0__TRINITY_DN8638_c0_g1_i2.p1           0.21%    passed    100.00%
  45  DE561|Cluster-34472.0__TRINITY_DN55618_c0_g1_i2.p1               0.21%    passed    100.00%
  46  SRR3424066|Cluster-22900.0__TRINITY_DN36160_c0_g1_i2.p1          0.21%    passed    100.00%
  47  SRR3407088|Cluster-25927.0__TRINITY_DN9892_c0_g1_i1.p1           0.21%    passed    100.00%
  48  SRR3407095|Cluster-53800.0__TRINITY_DN1207_c0_g1_i13.p1          0.21%    passed    100.00%
  49  DE523|Cluster-31344.0__TRINITY_DN5807_c0_g1_i1.p1                0.21%    passed    100.00%
  50  SRR3407096|Cluster-160.0__TRINITY_DN30057_c0_g1_i1.p1            0.21%    passed    100.00%
  51  DE566|Cluster-38964.1__TRINITY_DN22268_c0_g1_i2.p1               6.22%    passed    100.00%
  52  DE534|Cluster-46125.2__TRINITY_DN3585_c0_g1_i11.p1               0.21%    passed    100.00%
  53  DE536|Cluster-32027.0__TRINITY_DN14107_c0_g1_i5.p1              46.35%    failed      2.18%
  54  DE519|Cluster-65314.0__TRINITY_DN1855_c1_g1_i4.p1                0.21%    passed    100.00%
  55  DE741|Cluster-35718.0__TRINITY_DN18710_c0_g1_i1.p1               0.21%    passed    100.00%
  56  JJ85|Cluster-43348.0__TRINITY_DN12425_c0_g1_i2.p1                6.44%    passed    100.00%
  57  JJ125|Cluster-41145.0__TRINITY_DN15564_c1_g2_i8.p1               0.21%    passed    100.00%
  58  JJ23|Cluster-22322.0__TRINITY_DN12034_c0_g2_i2.p1                2.36%    passed    100.00%
  59  DE229|Cluster-101385.0__TRINITY_DN5518_c0_g1_i2.p1               0.21%    passed    100.00%
  60  DE507|Cluster-36632.13__TRINITY_DN5888_c3_g1_i13.p1             21.89%    passed     99.98%
  61  DE152|Cluster-54280.0__TRINITY_DN10099_c0_g1_i1.p1               0.21%    passed    100.00%
  62  JJ99|Cluster-34418.0__TRINITY_DN6522_c1_g1_i2.p1                 0.21%    passed    100.00%
  63  DE216|Cluster-58779.0__TRINITY_DN10191_c0_g1_i3.p1               7.51%    passed    100.00%
  64  JJ15|Cluster-37281.0__TRINITY_DN5807_c0_g2_i1.p1                 0.21%    passed    100.00%
  65  DE542|Cluster-34512.0__TRINITY_DN3623_c0_g2_i1.p1                0.21%    passed    100.00%
  66  JJ131|Cluster-47441.0__TRINITY_DN979_c2_g1_i2.p1                41.42%    failed      3.54%
  67  DE575|Cluster-52511.2__TRINITY_DN7965_c0_g1_i19.p1               0.21%    passed    100.00%
  68  DE681|Cluster-35536.0__TRINITY_DN17817_c0_g1_i5.p1               0.21%    passed    100.00%
  69  DE765|Cluster-57434.0__TRINITY_DN11804_c0_g1_i15.p1             21.89%    passed     99.74%
****  TOTAL                                                            5.08%  4 sequences failed composition chi2 test (p-value<5%; df=60)
Reading input tree file tmp.csubst.nwk ... rooted tree

NOTE: 63 MB RAM (0 GB) is required!
Measuring multi-threading efficiency up to 1 CPU cores
2 trees examined
Threads: 1 / Time: 3.301 sec / Speedup: 1.000 / Efficiency: 100% / LogL: -15903
BEST NUMBER OF THREADS: 1

Estimate model parameters (epsilon = 0.010)
1. Initial log-likelihood: -14873.630
2. Current log-likelihood: -10086.839
3. Current log-likelihood: -10071.419
4. Current log-likelihood: -10069.406
5. Current log-likelihood: -10068.165
6. Current log-likelihood: -10067.137
7. Current log-likelihood: -10066.257
8. Current log-likelihood: -10065.497
9. Current log-likelihood: -10065.471
10. Current log-likelihood: -10064.778
11. Current log-likelihood: -10064.756
12. Current log-likelihood: -10064.740
13. Current log-likelihood: -10064.162
14. Current log-likelihood: -10064.141
15. Current log-likelihood: -10064.125
16. Current log-likelihood: -10064.113
17. Current log-likelihood: -10064.102
Optimal log-likelihood: -10064.093
Nonsynonymous/synonymous ratio (omega): 1.000
Transition/transversion ratio (kappa): 1.000
Site proportion and rates:  (0.413,0.307) (0.407,1.109) (0.175,2.209) (0.005,6.684)
Parameters optimization took 17 rounds (193.338 sec)
Wrote distance file to... 
BEST SCORE FOUND : -10064.093
Ancestral state probabilities printed to /mnt/data0/yue/2026-03-11-protein-convergence/results/OG_9195/csubst_w_s/csubst_input_alignment.fa.state
Empirical proportions for each category: 0.440 0.429 0.127 0.004
Site rates printed to /mnt/data0/yue/2026-03-11-protein-convergence/results/OG_9195/csubst_w_s/csubst_input_alignment.fa.rate
Total tree length: 2.985

Total number of iterations: 0
CPU time used for tree search: 0.000 sec (0h:0m:0s)
Wall-clock time used for tree search: 0.000 sec (0h:0m:0s)
Total CPU time used: 198.638 sec (0h:3m:18s)
Total wall-clock time used: 198.890 sec (0h:3m:18s)

Analysis results written to: 
  IQ-TREE report:                /mnt/data0/yue/2026-03-11-protein-convergence/results/OG_9195/csubst_w_s/csubst_input_alignment.fa.iqtree
  Maximum-likelihood tree:       /mnt/data0/yue/2026-03-11-protein-convergence/results/OG_9195/csubst_w_s/csubst_input_alignment.fa.treefile
  Site-specific rates:           /mnt/data0/yue/2026-03-11-protein-convergence/results/OG_9195/csubst_w_s/csubst_input_alignment.fa.rate
  Ancestral state:               /mnt/data0/yue/2026-03-11-protein-convergence/results/OG_9195/csubst_w_s/csubst_input_alignment.fa.state
  Screen log file:               /mnt/data0/yue/2026-03-11-protein-convergence/results/OG_9195/csubst_w_s/csubst_input_alignment.fa.log

Date and Time: Sat Mar 28 05:18:25 2026
