IQ-TREE multicore version 2.4.0 for Linux x86 64-bit built Feb 12 2025
Developed by Bui Quang Minh, Nguyen Lam Tung, Olga Chernomor, Heiko Schmidt,
Dominik Schrempf, Michael Woodhams, Ly Trong Nhan, Thomas Wong

Host:    brain (AVX2, FMA3, 2015 GB RAM)
Command: /home/yue/miniconda3/envs/py39/bin/iqtree -s /mnt/data0/yue/2026-03-11-protein-convergence/results/OG_6820/csubst_w_s/csubst_input_alignment.fa -te tmp.csubst.nwk -m ECMK07+F+R4 --seqtype CODON1 --threads-max 1 -T AUTO --ancestral --rate --redo
Seed:    153893 (Using SPRNG - Scalable Parallel Random Number Generator)
Time:    Fri Mar 27 22:51:01 2026
Kernel:  AVX+FMA - auto-detect threads (128 CPU cores detected)

Reading alignment file /mnt/data0/yue/2026-03-11-protein-convergence/results/OG_6820/csubst_w_s/csubst_input_alignment.fa ... Fasta format detected
Reading fasta file: done in 0.00115642 secs
Alignment most likely contains DNA/RNA sequences
Converting to codon sequences with genetic code 1 ...
Alignment has 52 sequences with 237 columns, 234 distinct patterns
103 parsimony-informative, 76 singleton sites, 58 constant sites
                                                              Gap/Ambiguity  Composition  p-value
Analyzing sequences: done in 5.6237e-05 secs
   1  DE505|Cluster-51380.3__TRINITY_DN8609_c0_g1_i24.p1             37.55%    passed     98.36%
   2  DE534|Cluster-56635.1__TRINITY_DN23884_c0_g1_i8.p2             39.24%    passed     56.02%
   3  JJ130|Cluster-24522.0__TRINITY_DN5395_c0_g2_i1.p1               4.64%    passed    100.00%
   4  DE672|Cluster-29071.1__TRINITY_DN9350_c0_g1_i73.p1             23.63%    passed    100.00%
   5  JJ89|Cluster-35238.0__TRINITY_DN2431_c0_g1_i22.p1              39.24%    passed    100.00%
   6  JJ85|Cluster-26385.0__TRINITY_DN11215_c0_g1_i2.p1              31.65%    passed     96.12%
   7  DE643|Cluster-82623.0__TRINITY_DN5004_c0_g2_i5.p1              47.68%    passed     99.87%
   8  DE671|Cluster-55527.0__TRINITY_DN2403_c0_g2_i6.p1               4.64%    passed    100.00%
   9  SRR3407095|Cluster-8636.0__TRINITY_DN12363_c0_g1_i3.p1          0.84%    passed    100.00%
  10  DE69|Cluster-56802.0__TRINITY_DN10561_c0_g1_i6.p1               0.84%    passed    100.00%
  11  DE546_urceolata_l|Cluster-42985.0__TRINITY_DN209_c1_g1_i8.p1   31.65%    passed    100.00%
  12  DE666|Cluster-30957.0__TRINITY_DN1716_c0_g1_i15.p1             39.24%    passed     99.99%
  13  DE504|Cluster-45045.3__TRINITY_DN1720_c0_g1_i9.p1              58.65%    passed     99.98%
  14  DE531|Cluster-36248.0__TRINITY_DN3039_c0_g1_i11.p1             12.66%    passed    100.00%
  15  DE509|Cluster-44703.0__TRINITY_DN2568_c0_g1_i1.p1              39.24%    passed    100.00%
  16  DE681|Cluster-63375.0__TRINITY_DN25541_c0_g1_i17.p1            10.13%    passed    100.00%
  17  DE765|Cluster-54909.0__TRINITY_DN7089_c1_g1_i14.p1              0.42%    passed    100.00%
  18  DE736|Cluster-63964.0__TRINITY_DN9113_c0_g1_i9.p1              39.24%    passed    100.00%
  19  DE541|Cluster-52857.0__TRINITY_DN9355_c0_g1_i14.p1             39.24%    passed    100.00%
  20  DE680|Cluster-36898.3__TRINITY_DN3300_c0_g1_i17.p1              0.42%    passed    100.00%
  21  JJ125|Cluster-40175.0__TRINITY_DN19936_c0_g1_i2.p1             39.24%    passed     99.93%
  22  DE575|Cluster-45360.0__TRINITY_DN21069_c0_g1_i5.p1             10.13%    passed    100.00%
  23  JJ36|Cluster-36169.2__TRINITY_DN12652_c0_g1_i7.p1              39.24%    passed    100.00%
  24  DE696-nodots|Cluster-47900.1__TRINITY_DN16100_c0_g2_i11.p1     47.26%    passed     99.92%
  25  DE88|Cluster-35949.0__TRINITY_DN7608_c0_g1_i3.p1                4.64%    passed    100.00%
  26  DE503|Cluster-1757.6__TRINITY_DN8034_c0_g1_i60.p1              39.24%    passed    100.00%
  27  DE510|Cluster-45171.0__TRINITY_DN5137_c1_g1_i34.p1             62.45%    passed     99.54%
  28  DE152|Cluster-45549.2__TRINITY_DN8963_c0_g1_i5.p1              13.50%    passed    100.00%
  29  DE189|Cluster-39208.0__TRINITY_DN133_c0_g1_i4.p1               39.24%    passed    100.00%
  30  DE164|Cluster-50896.0__TRINITY_DN1728_c0_g1_i11.p1             44.30%    passed     99.99%
  31  DE115|Cluster-53017.0__TRINITY_DN7499_c0_g2_i3.p1               9.70%    passed    100.00%
  32  JJ131|Cluster-6227.20__TRINITY_DN8239_c0_g1_i16.p1              8.44%    passed    100.00%
  33  JJ74|Cluster-124270.0__TRINITY_DN5334_c0_g1_i4.p1              19.41%    passed    100.00%
  34  DE623|Cluster-56586.1__TRINITY_DN8166_c0_g1_i6.p1              19.41%    passed    100.00%
  35  DE536|Cluster-44733.0__TRINITY_DN3995_c1_g1_i19.p1             20.68%    passed    100.00%
  36  DE507|Cluster-85809.1__TRINITY_DN13704_c0_g1_i40.p1             8.44%    passed    100.00%
  37  DE560|Cluster-21326.0__TRINITY_DN1973_c0_g1_i19.p1             11.39%    passed    100.00%
  38  DE173|Cluster-48373.2__TRINITY_DN7774_c0_g1_i4.p1              44.73%    passed     99.71%
  39  DE181|Cluster-37779.0__TRINITY_DN6137_c1_g2_i5.p1              38.40%    passed     99.85%
  40  SRR3407086|Cluster-12635.0__TRINITY_DN18418_c0_g1_i1.p1         0.00%    passed    100.00%
  41  DE523|Cluster-42390.0__TRINITY_DN6534_c0_g1_i26.p1             38.40%    passed     99.95%
  42  SRR3407096|Cluster-9127.0__TRINITY_DN15645_c0_g1_i1.p1          0.00%    passed    100.00%
  43  JJ23|Cluster-47084.0__TRINITY_DN2671_c0_g1_i5.p1                8.02%    passed    100.00%
  44  DE127|Cluster-42536.0__TRINITY_DN2085_c0_g1_i17.p1             37.13%    passed    100.00%
  45  DE528|Cluster-23770.0__TRINITY_DN5049_c0_g1_i7.p1              39.24%    passed    100.00%
  46  DE704-white|Cluster-41574.2__TRINITY_DN8335_c0_g1_i33.p1        0.00%    passed    100.00%
  47  DE554|Cluster-50643.2__TRINITY_DN6747_c0_g1_i28.p1             10.13%    passed    100.00%
  48  DE668|Cluster-44220.0__TRINITY_DN19983_c0_g1_i1.p1              0.00%    passed    100.00%
  49  DE216|Cluster-73588.1__TRINITY_DN1356_c1_g1_i20.p1             39.24%    passed     99.99%
  50  JJ15|Cluster-74172.0__TRINITY_DN3727_c2_g1_i2.p1               47.26%    passed     99.46%
  51  DE151|Cluster-56061.0__TRINITY_DN7653_c0_g1_i6.p1              64.14%    passed     99.88%
  52  DE566|Cluster-52730.0__TRINITY_DN11473_c0_g1_i6.p1              8.02%    passed    100.00%
WARNING: 3 sequences contain more than 50% gaps/ambiguity
****  TOTAL                                                          25.24%  0 sequences failed composition chi2 test (p-value<5%; df=60)
Reading input tree file tmp.csubst.nwk ... rooted tree

NOTE: 29 MB RAM (0 GB) is required!
Measuring multi-threading efficiency up to 1 CPU cores
2 trees examined
Threads: 1 / Time: 1.668 sec / Speedup: 1.000 / Efficiency: 100% / LogL: -5243
BEST NUMBER OF THREADS: 1

Estimate model parameters (epsilon = 0.010)
1. Initial log-likelihood: -5677.096
2. Current log-likelihood: -4385.678
3. Current log-likelihood: -4385.592
4. Current log-likelihood: -4385.551
5. Current log-likelihood: -4385.528
6. Current log-likelihood: -4385.513
Optimal log-likelihood: -4385.504
Nonsynonymous/synonymous ratio (omega): 1.000
Transition/transversion ratio (kappa): 1.000
Site proportion and rates:  (0.570,0.412) (0.249,1.145) (0.157,2.227) (0.024,5.458)
Parameters optimization took 6 rounds (27.992 sec)
Wrote distance file to... 
BEST SCORE FOUND : -4385.504
Ancestral state probabilities printed to /mnt/data0/yue/2026-03-11-protein-convergence/results/OG_6820/csubst_w_s/csubst_input_alignment.fa.state
Empirical proportions for each category: 0.654 0.198 0.131 0.017
Site rates printed to /mnt/data0/yue/2026-03-11-protein-convergence/results/OG_6820/csubst_w_s/csubst_input_alignment.fa.rate
Total tree length: 3.177

Total number of iterations: 0
CPU time used for tree search: 0.000 sec (0h:0m:0s)
Wall-clock time used for tree search: 0.000 sec (0h:0m:0s)
Total CPU time used: 30.578 sec (0h:0m:30s)
Total wall-clock time used: 30.661 sec (0h:0m:30s)

Analysis results written to: 
  IQ-TREE report:                /mnt/data0/yue/2026-03-11-protein-convergence/results/OG_6820/csubst_w_s/csubst_input_alignment.fa.iqtree
  Maximum-likelihood tree:       /mnt/data0/yue/2026-03-11-protein-convergence/results/OG_6820/csubst_w_s/csubst_input_alignment.fa.treefile
  Site-specific rates:           /mnt/data0/yue/2026-03-11-protein-convergence/results/OG_6820/csubst_w_s/csubst_input_alignment.fa.rate
  Ancestral state:               /mnt/data0/yue/2026-03-11-protein-convergence/results/OG_6820/csubst_w_s/csubst_input_alignment.fa.state
  Screen log file:               /mnt/data0/yue/2026-03-11-protein-convergence/results/OG_6820/csubst_w_s/csubst_input_alignment.fa.log

Date and Time: Fri Mar 27 22:51:31 2026
