IQ-TREE multicore version 2.4.0 for Linux x86 64-bit built Feb 12 2025
Developed by Bui Quang Minh, Nguyen Lam Tung, Olga Chernomor, Heiko Schmidt,
Dominik Schrempf, Michael Woodhams, Ly Trong Nhan, Thomas Wong

Host:    brain (AVX2, FMA3, 2015 GB RAM)
Command: /home/yue/miniconda3/envs/py39/bin/iqtree -s /mnt/data0/yue/2026-03-11-protein-convergence/results/OG_1202/csubst_w_s/csubst_input_alignment.fa -te tmp.csubst.nwk -m ECMK07+F+R4 --seqtype CODON1 --threads-max 1 -T AUTO --ancestral --rate --redo
Seed:    346290 (Using SPRNG - Scalable Parallel Random Number Generator)
Time:    Thu Mar 26 22:57:57 2026
Kernel:  AVX+FMA - auto-detect threads (128 CPU cores detected)

Reading alignment file /mnt/data0/yue/2026-03-11-protein-convergence/results/OG_1202/csubst_w_s/csubst_input_alignment.fa ... Fasta format detected
Reading fasta file: done in 0.00368832 secs using 54.28% CPU
Alignment most likely contains DNA/RNA sequences
Converting to codon sequences with genetic code 1 ...
WARNING: 1 sites contain only gaps or ambiguous characters.
Alignment has 120 sequences with 352 columns, 350 distinct patterns
274 parsimony-informative, 38 singleton sites, 40 constant sites
                                                               Gap/Ambiguity  Composition  p-value
Analyzing sequences: done in 0.000194252 secs using 99.36% CPU
   1  DE504|Cluster-39060.0__TRINITY_DN33_c0_g1_i7.p1                 47.44%    passed     99.04%
   2  DE531|Cluster-43072.0__TRINITY_DN4207_c0_g1_i4.p1               47.44%    passed     99.18%
   3  DE162|Cluster-19044.0__TRINITY_DN3468_c0_g2_i8.p1               55.68%    passed     94.16%
   4  DE704-white|Cluster-59346.0__TRINITY_DN14167_c0_g1_i13.p1       55.68%    passed     80.28%
   5  DE476|Cluster-50203.1__TRINITY_DN4550_c0_g1_i7.p1               10.80%    passed     98.83%
   6  JJ86|Cluster-42830.0__TRINITY_DN12612_c0_g2_i13.p1              63.35%    passed     93.20%
   7  JJ130|Cluster-53259.0__TRINITY_DN1033_c1_g1_i5.p1               39.20%    passed     97.55%
   8  DE503|Cluster-44790.0__TRINITY_DN3542_c0_g1_i1.p1               11.36%    passed    100.00%
   9  DE505|Cluster-52991.0__TRINITY_DN27084_c0_g1_i11.p1              9.66%    passed     99.80%
  10  SRR3407092|Cluster-37034.0__TRINITY_DN7171_c0_g1_i1.p1           9.66%    passed     99.98%
  11  DRR082660|Cluster-39889.0__TRINITY_DN2381_c0_g1_i6.p1            8.52%    passed     99.99%
  12  DE554|Cluster-63899.0__TRINITY_DN5664_c0_g2_i2.p1               10.80%    passed     98.49%
  13  DE546_urceolata_l|Cluster-40968.0__TRINITY_DN2763_c0_g1_i4.p1   33.81%    passed     95.76%
  14  DE566|Cluster-27362.0__TRINITY_DN157_c0_g1_i2.p1                33.81%    passed     82.52%
  15  DE531|Cluster-55206.0__TRINITY_DN9498_c0_g1_i4.p1                0.28%    passed     99.93%
  16  DE115|Cluster-14510.0__TRINITY_DN1220_c0_g3_i1.p1                0.28%    passed    100.00%
  17  JJ86|Cluster-19202.0__TRINITY_DN12612_c0_g7_i1.p1                0.28%    passed    100.00%
  18  DE69|Cluster-26475.0__TRINITY_DN6150_c0_g1_i2.p1                28.69%    passed    100.00%
  19  SRR3407096|Cluster-7837.0__TRINITY_DN31649_c0_g1_i1.p1           0.28%    passed    100.00%
  20  DE152|Cluster-61523.0__TRINITY_DN3398_c0_g1_i11.p1               0.28%    passed    100.00%
  21  JJ85|Cluster-556.0__TRINITY_DN8655_c2_g1_i1.p1                   0.28%    passed    100.00%
  22  JJ130|Cluster-32152.1__TRINITY_DN1033_c0_g2_i1.p1               28.69%    passed    100.00%
  23  DE541|Cluster-24309.0__TRINITY_DN9308_c0_g1_i3.p1               28.69%    passed    100.00%
  24  DE741|Cluster-40758.0__TRINITY_DN1815_c0_g1_i3.p1               28.69%    passed    100.00%
  25  JJ74|Cluster-123335.0__TRINITY_DN89822_c0_g1_i2.p1              28.69%    passed    100.00%
  26  DE151|Cluster-39061.0__TRINITY_DN8926_c0_g1_i3.p1               28.69%    passed    100.00%
  27  DE189|Cluster-26468.0__TRINITY_DN256_c0_g2_i2.p1                 0.28%    passed    100.00%
  28  JJ109|Cluster-12019.0__TRINITY_DN9275_c0_g1_i1.p1                0.28%    passed    100.00%
  29  JJ125|Cluster-33649.0__TRINITY_DN307_c0_g4_i1.p1                 0.28%    passed    100.00%
  30  DE127|Cluster-12101.0__TRINITY_DN48223_c1_g1_i1.p1               0.28%    passed    100.00%
  31  DE554|Cluster-34358.0__TRINITY_DN5664_c0_g1_i1.p1               28.69%    passed    100.00%
  32  DE668|Cluster-58738.0__TRINITY_DN94160_c0_g1_i2.p1               0.28%    passed    100.00%
  33  DE523|Cluster-40383.0__TRINITY_DN6362_c0_g2_i4.p1               28.69%    passed    100.00%
  34  DE126|Cluster-16465.0__TRINITY_DN1502_c0_g2_i1.p1                0.28%    passed    100.00%
  35  DE503|Cluster-42251.0__TRINITY_DN3542_c0_g2_i1.p1               50.85%    passed     99.70%
  36  DE505|Cluster-32137.0__TRINITY_DN4133_c0_g1_i2.p1                0.28%    passed    100.00%
  37  DE510|Cluster-31399.0__TRINITY_DN152_c0_g2_i1.p1                 0.28%    passed    100.00%
  38  DE542|Cluster-51727.0__TRINITY_DN4493_c2_g1_i2.p1                0.28%    passed    100.00%
  39  DE666|Cluster-15538.0__TRINITY_DN2230_c0_g1_i6.p1                0.28%    passed    100.00%
  40  SRR3407087|Cluster-34105.0__TRINITY_DN6387_c0_g2_i1.p1           0.28%    passed    100.00%
  41  SRR3407093|Cluster-11652.0__TRINITY_DN5840_c1_g1_i1.p1           0.28%    passed    100.00%
  42  SRR3407095|Cluster-40462.0__TRINITY_DN9837_c0_g1_i2.p1          12.78%    passed    100.00%
  43  SRR3407094|Cluster-18705.0__TRINITY_DN1155_c2_g1_i1.p1           0.28%    passed    100.00%
  44  DE181|Cluster-28439.0__TRINITY_DN2597_c1_g2_i1.p1                0.28%    passed    100.00%
  45  SRR3424066|Cluster-40404.0__TRINITY_DN10254_c0_g2_i1.p1          0.28%    passed    100.00%
  46  SRR3407088|Cluster-24919.0__TRINITY_DN8726_c0_g2_i1.p1           0.28%    passed    100.00%
  47  SRR3407086|Cluster-39874.0__TRINITY_DN853_c1_g1_i2.p1            0.28%    passed    100.00%
  48  DE561|Cluster-36256.0__TRINITY_DN5241_c0_g2_i4.p1               12.78%    passed    100.00%
  49  DE164|Cluster-6610.1__TRINITY_DN5163_c0_g1_i2.p1                 0.28%    passed    100.00%
  50  DE536|Cluster-28508.0__TRINITY_DN3092_c0_g1_i13.p1              50.85%    passed     94.31%
  51  DE216|Cluster-22136.0__TRINITY_DN18253_c0_g1_i2.p1               0.28%    passed    100.00%
  52  DE476|Cluster-4082.0__TRINITY_DN4530_c0_g1_i1.p1                 0.28%    passed    100.00%
  53  DE509|Cluster-22419.0__TRINITY_DN3900_c3_g1_i2.p1                0.28%    passed    100.00%
  54  DE534|Cluster-64740.0__TRINITY_DN5442_c0_g2_i1.p1                0.28%    passed    100.00%
  55  DE549|Cluster-30869.0__TRINITY_DN766_c1_g1_i1.p1                 0.28%    passed    100.00%
  56  DE550|Cluster-43488.0__TRINITY_DN7219_c0_g1_i2.p1                0.28%    passed    100.00%
  57  DE643|Cluster-17395.0__TRINITY_DN5591_c1_g1_i1.p1                0.28%    passed    100.00%
  58  DE671|Cluster-14625.0__TRINITY_DN99_c2_g1_i1.p1                  0.28%    passed    100.00%
  59  DE672|Cluster-30338.0__TRINITY_DN12148_c0_g1_i2.p1               0.28%    passed    100.00%
  60  DE696-nodots|Cluster-40053.0__TRINITY_DN588_c0_g3_i1.p1          0.28%    passed    100.00%
  61  DE764|Cluster-27986.0__TRINITY_DN6188_c0_g1_i1.p1                0.28%    passed    100.00%
  62  DE88|Cluster-6082.0__TRINITY_DN53909_c0_g1_i1.p1                 0.28%    passed    100.00%
  63  JJ36|Cluster-33458.0__TRINITY_DN1386_c0_g1_i10.p1                0.28%    passed    100.00%
  64  JJ89|Cluster-13645.0__TRINITY_DN7393_c0_g1_i1.p1                 0.28%    passed    100.00%
  65  DE560|Cluster-40750.0__TRINITY_DN10739_c0_g1_i26.p1             12.78%    passed    100.00%
  66  DE736|Cluster-39162.0__TRINITY_DN2696_c0_g1_i1.p1               12.78%    passed    100.00%
  67  DE737|Cluster-51306.0__TRINITY_DN1021_c2_g1_i4.p1               12.78%    passed    100.00%
  68  DE519|Cluster-74812.0__TRINITY_DN11522_c0_g1_i2.p1               8.52%    passed    100.00%
  69  JJ131|Cluster-55938.1__TRINITY_DN80971_c0_g1_i1.p1               0.28%    passed    100.00%
  70  SRR3407092|Cluster-8840.0__TRINITY_DN7171_c0_g2_i1.p1            0.28%    passed    100.00%
  71  DE704-purple|Cluster-53927.0__TRINITY_DN3753_c0_g1_i1.p1        12.78%    passed    100.00%
  72  DE229|Cluster-84939.0__TRINITY_DN2095_c0_g1_i8.p1                0.57%    passed    100.00%
  73  DE507|Cluster-52506.0__TRINITY_DN8852_c0_g1_i1.p1                0.28%    passed    100.00%
  74  DE528|Cluster-7118.0__TRINITY_DN15697_c0_g1_i2.p1                0.28%    passed    100.00%
  75  DRR082660|Cluster-9795.0__TRINITY_DN5905_c0_g1_i1.p1             0.28%    passed    100.00%
  76  DE173|Cluster-33171.0__TRINITY_DN2628_c1_g1_i3.p1               12.78%    passed    100.00%
  77  DE623|Cluster-58518.0__TRINITY_DN479_c1_g1_i1.p1                 0.28%    passed    100.00%
  78  DE765|Cluster-24218.0__TRINITY_DN4251_c0_g1_i1.p1                0.28%    passed    100.00%
  79  DE575|Cluster-10939.0__TRINITY_DN6005_c0_g1_i1.p1                0.28%    passed    100.00%
  80  DE681|Cluster-40953.0__TRINITY_DN5804_c0_g2_i2.p1               12.78%    passed    100.00%
  81  DE680|Cluster-21870.0__TRINITY_DN9105_c0_g2_i1.p1                0.28%    passed    100.00%
  82  DE546_urceolata_l|Cluster-11611.0__TRINITY_DN6179_c2_g1_i1.p1   12.78%    passed    100.00%
  83  DE563|Cluster-38197.0__TRINITY_DN15486_c1_g1_i1.p1               0.28%    passed    100.00%
  84  DE566|Cluster-36506.0__TRINITY_DN157_c0_g2_i2.p1                 0.28%    passed    100.00%
  85  DRR234970|Cluster-16381.0__TRINITY_DN1605_c0_g1_i1.p1            0.28%    passed    100.00%
  86  JJ99|Cluster-35387.0__TRINITY_DN3045_c1_g2_i4.p1                28.69%    passed    100.00%
  87  SRR5150740|Cluster-63884.0__TRINITY_DN1499_c0_g1_i2.p1           0.28%    passed    100.00%
  88  JJ23|Cluster-42487.0__TRINITY_DN5210_c0_g1_i11.p1               31.53%    passed     99.97%
  89  SRR104381|Cluster-25247.0__TRINITY_DN908_c0_g1_i11.p1           28.69%    passed    100.00%
  90  DRR082665|Cluster-12778.0__TRINITY_DN3579_c0_g1_i1.p1            3.69%    passed     35.43%
  91  SRR5150740|Cluster-61516.0__TRINITY_DN1499_c2_g1_i16.p1          0.57%    passed     93.53%
  92  SRR11748982|Cluster-19244.0__TRINITY_DN10732_c0_g1_i1.p1        41.48%    passed     81.19%
  93  SRR11748982|Cluster-39154.2__TRINITY_DN10732_c0_g2_i8.p1        28.69%    passed     99.84%
  94  DE542|Cluster-43881.0__TRINITY_DN1607_c0_g3_i3.p1                5.97%    passed    100.00%
  95  DE181|Cluster-50030.0__TRINITY_DN3298_c1_g1_i4.p1               12.78%    passed     99.99%
  96  DE643|Cluster-77701.2__TRINITY_DN12357_c0_g1_i4.p1              50.28%    passed     79.63%
  97  DE561|Cluster-2908.0__TRINITY_DN5241_c0_g1_i29.p1               50.00%    passed     79.91%
  98  DE162|Cluster-17246.0__TRINITY_DN15383_c0_g1_i1.p1               9.38%    passed     96.46%
  99  DE126|Cluster-46071.0__TRINITY_DN1502_c0_g1_i9.p1               27.56%    passed     97.98%
 100  JJ99|Cluster-51278.0__TRINITY_DN12732_c0_g1_i4.p1               15.06%    passed     98.91%
 101  DE764|Cluster-31151.1__TRINITY_DN11253_c0_g1_i2.p1              41.48%    passed     89.09%
 102  JJ109|Cluster-21174.1__TRINITY_DN4301_c0_g1_i7.p1                0.28%    passed     98.19%
 103  SRR3407093|Cluster-350.0__TRINITY_DN8114_c0_g1_i1.p1             0.28%    passed     99.93%
 104  SRR3407094|Cluster-141.0__TRINITY_DN9081_c0_g1_i1.p1             0.28%    passed     99.97%
 105  SRR3407087|Cluster-13619.0__TRINITY_DN6387_c0_g1_i3.p1           0.28%    passed     99.96%
 106  DE671|Cluster-28240.0__TRINITY_DN5867_c0_g1_i3.p1                0.28%    passed     99.59%
 107  DE510|Cluster-17243.0__TRINITY_DN152_c0_g1_i1.p1                28.69%    passed     99.88%
 108  DE523|Cluster-44673.0__TRINITY_DN6362_c0_g1_i6.p1               28.69%    passed     99.48%
 109  SRR3407086|Cluster-26323.0__TRINITY_DN853_c1_g2_i2.p1           28.69%    passed     99.74%
 110  DE88|Cluster-29628.0__TRINITY_DN3354_c0_g1_i2.p1                28.69%    passed     96.08%
 111  JJ125|Cluster-36015.0__TRINITY_DN12989_c0_g1_i6.p1              15.06%    passed     99.99%
 112  SRR3407096|Cluster-5769.0__TRINITY_DN10356_c0_g1_i1.p1           0.28%    passed     99.98%
 113  SRR3407095|Cluster-36270.0__TRINITY_DN2849_c0_g1_i2.p1           0.28%    passed     99.92%
 114  DE696-dots|Cluster-55528.0__TRINITY_DN9161_c0_g1_i5.p1          28.69%    passed     98.81%
 115  DE765|Cluster-27443.0__TRINITY_DN40795_c0_g1_i1.p1               0.28%    passed     98.54%
 116  DE681|Cluster-60019.0__TRINITY_DN5804_c0_g1_i1.p1                0.28%    passed     98.25%
 117  DE563|Cluster-25982.0__TRINITY_DN8750_c0_g1_i2.p1                0.28%    passed     99.88%
 118  DE507|Cluster-65723.0__TRINITY_DN18263_c0_g1_i1.p1               6.25%    passed     92.33%
 119  DE680|Cluster-51352.0__TRINITY_DN9105_c0_g1_i3.p1               28.69%    passed     99.26%
 120  JJ15|Cluster-54761.0__TRINITY_DN17_c0_g2_i1.p1                   0.28%    passed    100.00%
WARNING: 6 sequences contain more than 50% gaps/ambiguity
****  TOTAL                                                           12.33%  0 sequences failed composition chi2 test (p-value<5%; df=60)
Reading input tree file tmp.csubst.nwk ... rooted tree

NOTE: 93 MB RAM (0 GB) is required!
Measuring multi-threading efficiency up to 1 CPU cores
2 trees examined
Threads: 1 / Time: 5.167 sec / Speedup: 1.000 / Efficiency: 100% / LogL: -24829
BEST NUMBER OF THREADS: 1

Estimate model parameters (epsilon = 0.010)
1. Initial log-likelihood: -15504.808
2. Current log-likelihood: -10499.753
3. Current log-likelihood: -10485.863
Optimal log-likelihood: -10485.854
Nonsynonymous/synonymous ratio (omega): 1.000
Transition/transversion ratio (kappa): 1.000
Site proportion and rates:  (0.602,0.503) (0.336,1.460) (0.052,2.877) (0.010,5.675)
Parameters optimization took 3 rounds (50.131 sec)
Wrote distance file to... 
BEST SCORE FOUND : -10485.854
Ancestral state probabilities printed to /mnt/data0/yue/2026-03-11-protein-convergence/results/OG_1202/csubst_w_s/csubst_input_alignment.fa.state
Empirical proportions for each category: 0.636 0.318 0.037 0.009
Site rates printed to /mnt/data0/yue/2026-03-11-protein-convergence/results/OG_1202/csubst_w_s/csubst_input_alignment.fa.rate
Total tree length: 5.725

Total number of iterations: 0
CPU time used for tree search: 0.000 sec (0h:0m:0s)
Wall-clock time used for tree search: 0.000 sec (0h:0m:0s)
Total CPU time used: 57.855 sec (0h:0m:57s)
Total wall-clock time used: 58.092 sec (0h:0m:58s)

Analysis results written to: 
  IQ-TREE report:                /mnt/data0/yue/2026-03-11-protein-convergence/results/OG_1202/csubst_w_s/csubst_input_alignment.fa.iqtree
  Maximum-likelihood tree:       /mnt/data0/yue/2026-03-11-protein-convergence/results/OG_1202/csubst_w_s/csubst_input_alignment.fa.treefile
  Site-specific rates:           /mnt/data0/yue/2026-03-11-protein-convergence/results/OG_1202/csubst_w_s/csubst_input_alignment.fa.rate
  Ancestral state:               /mnt/data0/yue/2026-03-11-protein-convergence/results/OG_1202/csubst_w_s/csubst_input_alignment.fa.state
  Screen log file:               /mnt/data0/yue/2026-03-11-protein-convergence/results/OG_1202/csubst_w_s/csubst_input_alignment.fa.log

Date and Time: Thu Mar 26 22:58:55 2026
