IQ-TREE multicore version 2.4.0 for Linux x86 64-bit built Feb 12 2025
Developed by Bui Quang Minh, Nguyen Lam Tung, Olga Chernomor, Heiko Schmidt,
Dominik Schrempf, Michael Woodhams, Ly Trong Nhan, Thomas Wong

Host:    brain (AVX2, FMA3, 2015 GB RAM)
Command: /home/yue/miniconda3/envs/py39/bin/iqtree -s /mnt/data0/yue/2026-03-11-protein-convergence/results/OG_8011/csubst_w_s/csubst_input_alignment.fa -te tmp.csubst.nwk -m ECMK07+F+R4 --seqtype CODON1 --threads-max 1 -T AUTO --ancestral --rate --redo
Seed:    528360 (Using SPRNG - Scalable Parallel Random Number Generator)
Time:    Sat Mar 28 02:18:39 2026
Kernel:  AVX+FMA - auto-detect threads (128 CPU cores detected)

Reading alignment file /mnt/data0/yue/2026-03-11-protein-convergence/results/OG_8011/csubst_w_s/csubst_input_alignment.fa ... Fasta format detected
Reading fasta file: done in 0.000736699 secs
Alignment most likely contains DNA/RNA sequences
Converting to codon sequences with genetic code 1 ...
Alignment has 71 sequences with 186 columns, 177 distinct patterns
101 parsimony-informative, 50 singleton sites, 35 constant sites
                                                               Gap/Ambiguity  Composition  p-value
Analyzing sequences: done in 3.26782e-05 secs
   1  DE115|Cluster-45956.0__TRINITY_DN29848_c0_g1_i4.p1               0.00%    passed    100.00%
   2  DE127|Cluster-371.0__TRINITY_DN12028_c0_g1_i1.p1                 0.00%    passed    100.00%
   3  DE151|Cluster-38065.0__TRINITY_DN11807_c0_g3_i1.p1               0.00%    passed    100.00%
   4  DE152|Cluster-5236.19__TRINITY_DN4889_c0_g1_i2.p1                0.00%    passed    100.00%
   5  SRR3407096|Cluster-27773.0__TRINITY_DN16479_c2_g1_i1.p1          0.00%    passed    100.00%
   6  DE162|Cluster-24715.0__TRINITY_DN12573_c0_g1_i3.p1               0.00%    passed    100.00%
   7  DE164|Cluster-1550.0__TRINITY_DN43234_c0_g1_i1.p1                0.00%    passed    100.00%
   8  DE173|Cluster-50699.0__TRINITY_DN27326_c0_g1_i2.p1               0.00%    passed     78.68%
   9  SRR3407088|Cluster-23147.0__TRINITY_DN3799_c0_g2_i2.p1           0.00%    passed    100.00%
  10  DE476|Cluster-11975.1__TRINITY_DN1600_c0_g2_i1.p1                0.00%    passed    100.00%
  11  DE507|Cluster-49656.0__TRINITY_DN7669_c0_g1_i2.p1                0.00%    passed    100.00%
  12  DE509|Cluster-39811.0__TRINITY_DN19957_c0_g1_i3.p1               0.00%    passed    100.00%
  13  DE523|Cluster-21360.1__TRINITY_DN17012_c0_g1_i8.p1               0.00%    passed    100.00%
  14  JJ99|Cluster-26161.15__TRINITY_DN2740_c1_g2_i1.p1                0.00%    passed     97.78%
  15  DE528|Cluster-53739.0__TRINITY_DN2116_c1_g1_i8.p1                0.00%    passed    100.00%
  16  JJ86|Cluster-34946.0__TRINITY_DN76715_c0_g1_i1.p1                0.00%    passed    100.00%
  17  DE554|Cluster-22249.0__TRINITY_DN1170_c1_g1_i2.p1                0.00%    passed    100.00%
  18  DE643|Cluster-65617.0__TRINITY_DN9382_c1_g1_i1.p1                0.00%    passed    100.00%
  19  DE666|Cluster-300.0__TRINITY_DN10595_c0_g1_i3.p1                 0.00%    passed    100.00%
  20  DE671|Cluster-10268.0__TRINITY_DN219_c1_g1_i1.p1                 0.00%    passed     99.86%
  21  DE672|Cluster-10814.0__TRINITY_DN10196_c0_g1_i3.p1               0.00%    passed     99.93%
  22  DE704-white|Cluster-27786.0__TRINITY_DN6107_c0_g1_i1.p1          0.00%    passed    100.00%
  23  DE736|Cluster-46729.1__TRINITY_DN4596_c0_g1_i2.p1                0.00%    passed    100.00%
  24  JJ109|Cluster-10831.0__TRINITY_DN6463_c0_g1_i1.p1                0.00%    passed    100.00%
  25  DE764|Cluster-38296.3__TRINITY_DN1988_c0_g1_i4.p1                0.00%    passed     98.07%
  26  DRR082660|Cluster-31043.0__TRINITY_DN4444_c1_g1_i1.p1            0.00%    passed    100.00%
  27  SRR3424066|Cluster-30734.0__TRINITY_DN6797_c0_g1_i3.p1           3.23%    passed    100.00%
  28  DE737|Cluster-52028.0__TRINITY_DN25175_c0_g1_i2.p1               3.23%    passed     99.98%
  29  SRR3407094|Cluster-33302.0__TRINITY_DN6963_c0_g1_i2.p1           3.23%    passed    100.00%
  30  SRR3407093|Cluster-16801.0__TRINITY_DN7370_c0_g1_i2.p1           3.23%    passed    100.00%
  31  DE69|Cluster-50856.0__TRINITY_DN19462_c0_g1_i1.p1                3.23%    passed    100.00%
  32  SRR3407095|Cluster-1071.0__TRINITY_DN16475_c0_g1_i1.p1           0.00%    passed    100.00%
  33  DE696-dots|Cluster-58042.0__TRINITY_DN5417_c1_g1_i1.p1           3.23%    passed    100.00%
  34  DE680|Cluster-44401.2__TRINITY_DN7083_c0_g1_i10.p1               3.23%    passed    100.00%
  35  JJ130|Cluster-43411.0__TRINITY_DN12806_c0_g1_i2.p1               3.23%    passed    100.00%
  36  JJ125|Cluster-31631.0__TRINITY_DN1955_c0_g3_i2.p1                0.00%    passed    100.00%
  37  DE696-nodots|Cluster-3572.1__TRINITY_DN2574_c0_g1_i1.p1          3.23%    passed    100.00%
  38  DE88|Cluster-28544.0__TRINITY_DN12549_c0_g1_i3.p1                3.23%    passed    100.00%
  39  SRR3407087|Cluster-29821.0__TRINITY_DN10966_c0_g1_i2.p1          3.23%    passed    100.00%
  40  DE503|Cluster-49487.0__TRINITY_DN7829_c0_g1_i1.p1                3.23%    passed    100.00%
  41  DE563|Cluster-54052.0__TRINITY_DN8423_c0_g1_i4.p1                3.23%    passed    100.00%
  42  JJ15|Cluster-41269.0__TRINITY_DN7510_c0_g3_i2.p1                 0.54%    passed    100.00%
  43  JJ36|Cluster-31394.0__TRINITY_DN1189_c0_g1_i2.p1                 3.23%    passed    100.00%
  44  DE550|Cluster-22325.0__TRINITY_DN1103_c2_g1_i1.p1                0.00%    passed    100.00%
  45  DE549|Cluster-28078.0__TRINITY_DN6433_c0_g1_i3.p1                3.23%    passed    100.00%
  46  DE546_urceolata_l|Cluster-45982.0__TRINITY_DN4046_c0_g1_i4.p1    3.23%    passed    100.00%
  47  DE542|Cluster-7785.0__TRINITY_DN22395_c0_g2_i9.p1                0.00%    passed    100.00%
  48  DE541|Cluster-44983.0__TRINITY_DN4303_c0_g1_i13.p1               3.23%    passed    100.00%
  49  DE536|Cluster-14972.0__TRINITY_DN1256_c0_g2_i1.p1                3.23%    passed    100.00%
  50  DE534|Cluster-33460.0__TRINITY_DN8126_c0_g1_i1.p1                3.23%    passed    100.00%
  51  DE531|Cluster-39493.0__TRINITY_DN1922_c1_g1_i1.p1                3.23%    passed    100.00%
  52  DE561|Cluster-46791.0__TRINITY_DN6500_c0_g1_i2.p1                3.23%    passed    100.00%
  53  DE504|Cluster-52474.0__TRINITY_DN36_c1_g1_i2.p1                  3.23%    passed    100.00%
  54  DRR234970|Cluster-8035.0__TRINITY_DN6564_c2_g1_i1.p1             0.00%    passed     99.21%
  55  DE510|Cluster-43704.2__TRINITY_DN3693_c1_g1_i40.p1               3.23%    passed    100.00%
  56  DE505|Cluster-53295.0__TRINITY_DN5842_c0_g1_i4.p1                3.23%    passed    100.00%
  57  DE229|Cluster-46038.0__TRINITY_DN496_c0_g1_i1.p1                 0.00%    passed     98.11%
  58  SRR3407086|Cluster-39564.0__TRINITY_DN6389_c0_g1_i2.p1           0.00%    passed    100.00%
  59  JJ23|Cluster-41937.0__TRINITY_DN3413_c1_g1_i2.p1                 0.00%    passed    100.00%
  60  JJ74|Cluster-87760.3__TRINITY_DN1415_c0_g2_i3.p1                 0.00%    passed     98.64%
  61  DE216|Cluster-74304.0__TRINITY_DN10572_c0_g2_i2.p1               0.00%    passed    100.00%
  62  JJ131|Cluster-63005.0__TRINITY_DN21006_c0_g1_i1.p1               0.00%    passed     99.92%
  63  JJ89|Cluster-37534.0__TRINITY_DN314_c0_g1_i3.p1                  3.23%    passed    100.00%
  64  DE575|Cluster-58805.0__TRINITY_DN8822_c0_g1_i1.p1                0.00%    passed    100.00%
  65  DE566|Cluster-19989.1__TRINITY_DN2945_c0_g1_i3.p1                0.00%    passed     59.52%
  66  DE181|Cluster-53293.0__TRINITY_DN5605_c0_g1_i1.p1                3.23%    passed    100.00%
  67  SRR5150740|Cluster-66384.0__TRINITY_DN4569_c0_g1_i2.p1           0.00%    passed     73.76%
  68  SRR104381|Cluster-27714.0__TRINITY_DN6330_c0_g1_i6.p1            0.00%    passed      5.89%
  69  DE519|Cluster-60304.1__TRINITY_DN8266_c0_g1_i12.p1               0.00%    passed    100.00%
  70  SRR11934227|Cluster-113413.1__TRINITY_DN3691_c0_g1_i2.p1         0.00%    passed     45.37%
  71  DE189|Cluster-48073.1__TRINITY_DN5498_c0_g1_i3.p1               67.20%    passed     15.23%
WARNING: 1 sequences contain more than 50% gaps/ambiguity
****  TOTAL                                                            2.14%  0 sequences failed composition chi2 test (p-value<5%; df=60)
WARNING: States(s) AGA, TTA rarely appear in alignment and may cause numerical problems
Reading input tree file tmp.csubst.nwk ... rooted tree

NOTE: 32 MB RAM (0 GB) is required!
Measuring multi-threading efficiency up to 1 CPU cores
2 trees examined
Threads: 1 / Time: 2.698 sec / Speedup: 1.000 / Efficiency: 100% / LogL: -4899
BEST NUMBER OF THREADS: 1

Estimate model parameters (epsilon = 0.010)
1. Initial log-likelihood: -5693.090
2. Current log-likelihood: -4192.430
3. Current log-likelihood: -4185.064
4. Current log-likelihood: -4184.893
5. Current log-likelihood: -4184.743
6. Current log-likelihood: -4183.943
7. Current log-likelihood: -4183.625
8. Current log-likelihood: -4183.364
9. Current log-likelihood: -4183.169
10. Current log-likelihood: -4183.034
11. Current log-likelihood: -4183.006
12. Current log-likelihood: -4182.833
Optimal log-likelihood: -4182.821
Nonsynonymous/synonymous ratio (omega): 1.000
Transition/transversion ratio (kappa): 1.000
Site proportion and rates:  (0.555,0.352) (0.359,1.342) (0.077,3.432) (0.008,6.914)
Parameters optimization took 12 rounds (78.091 sec)
Wrote distance file to... 
BEST SCORE FOUND : -4182.821
Ancestral state probabilities printed to /mnt/data0/yue/2026-03-11-protein-convergence/results/OG_8011/csubst_w_s/csubst_input_alignment.fa.state
Empirical proportions for each category: 0.597 0.328 0.070 0.005
Site rates printed to /mnt/data0/yue/2026-03-11-protein-convergence/results/OG_8011/csubst_w_s/csubst_input_alignment.fa.rate
Total tree length: 3.540

Total number of iterations: 0
CPU time used for tree search: 0.000 sec (0h:0m:0s)
Wall-clock time used for tree search: 0.000 sec (0h:0m:0s)
Total CPU time used: 81.806 sec (0h:1m:21s)
Total wall-clock time used: 81.945 sec (0h:1m:21s)

Analysis results written to: 
  IQ-TREE report:                /mnt/data0/yue/2026-03-11-protein-convergence/results/OG_8011/csubst_w_s/csubst_input_alignment.fa.iqtree
  Maximum-likelihood tree:       /mnt/data0/yue/2026-03-11-protein-convergence/results/OG_8011/csubst_w_s/csubst_input_alignment.fa.treefile
  Site-specific rates:           /mnt/data0/yue/2026-03-11-protein-convergence/results/OG_8011/csubst_w_s/csubst_input_alignment.fa.rate
  Ancestral state:               /mnt/data0/yue/2026-03-11-protein-convergence/results/OG_8011/csubst_w_s/csubst_input_alignment.fa.state
  Screen log file:               /mnt/data0/yue/2026-03-11-protein-convergence/results/OG_8011/csubst_w_s/csubst_input_alignment.fa.log

Date and Time: Sat Mar 28 02:20:01 2026
