IQ-TREE multicore version 2.4.0 for Linux x86 64-bit built Feb 12 2025
Developed by Bui Quang Minh, Nguyen Lam Tung, Olga Chernomor, Heiko Schmidt,
Dominik Schrempf, Michael Woodhams, Ly Trong Nhan, Thomas Wong

Host:    brain (AVX2, FMA3, 2015 GB RAM)
Command: /home/yue/miniconda3/envs/py39/bin/iqtree -s /mnt/data0/yue/2026-03-11-protein-convergence/results/OG_3977/csubst_w_s/csubst_input_alignment.fa -te tmp.csubst.nwk -m ECMK07+F+R4 --seqtype CODON1 --threads-max 1 -T AUTO --ancestral --rate --redo
Seed:    963288 (Using SPRNG - Scalable Parallel Random Number Generator)
Time:    Fri Mar 27 11:51:32 2026
Kernel:  AVX+FMA - auto-detect threads (128 CPU cores detected)

Reading alignment file /mnt/data0/yue/2026-03-11-protein-convergence/results/OG_3977/csubst_w_s/csubst_input_alignment.fa ... Fasta format detected
Reading fasta file: done in 0.00119786 secs using 69.71% CPU
Alignment most likely contains DNA/RNA sequences
Converting to codon sequences with genetic code 1 ...
Alignment has 58 sequences with 391 columns, 381 distinct patterns
197 parsimony-informative, 97 singleton sites, 97 constant sites
                                                               Gap/Ambiguity  Composition  p-value
Analyzing sequences: done in 6.00666e-05 secs using 98.22% CPU
   1  DE504|Cluster-14578.0__TRINITY_DN12823_c0_g1_i18.p1             19.95%    passed    100.00%
   2  DE550|Cluster-41945.0__TRINITY_DN15439_c0_g1_i5.p1              19.44%    passed    100.00%
   3  DE503|Cluster-62677.0__TRINITY_DN10629_c0_g1_i6.p1              44.50%    passed     99.97%
   4  DE505|Cluster-54510.1__TRINITY_DN18695_c1_g1_i13.p1             44.50%    passed     99.93%
   5  DE554|Cluster-21140.1__TRINITY_DN728_c1_g1_i5.p1                18.67%    passed    100.00%
   6  DE563|Cluster-9692.0__TRINITY_DN79186_c0_g1_i1.p1                0.77%    passed    100.00%
   7  DE115|Cluster-56638.0__TRINITY_DN5038_c1_g1_i4.p1                0.00%    passed    100.00%
   8  JJ86|Cluster-28443.0__TRINITY_DN1570_c0_g1_i3.p1                 0.00%    passed    100.00%
   9  DE127|Cluster-36392.0__TRINITY_DN13199_c0_g1_i6.p1               0.00%    passed    100.00%
  10  DE541|Cluster-39660.0__TRINITY_DN2405_c2_g1_i4.p1               24.55%    passed    100.00%
  11  DE575|Cluster-69358.1__TRINITY_DN18727_c0_g1_i6.p1               6.39%    passed    100.00%
  12  DE681|Cluster-21193.1__TRINITY_DN15432_c0_g1_i8.p1               0.00%    passed    100.00%
  13  DE765|Cluster-47270.7__TRINITY_DN25691_c0_g1_i7.p1              31.20%    passed     84.74%
  14  DE704-purple|Cluster-57614.0__TRINITY_DN13719_c0_g1_i4.p1        3.84%    passed    100.00%
  15  DRR234970|Cluster-43783.0__TRINITY_DN54956_c0_g1_i1.p1           4.09%    passed     99.91%
  16  DE151|Cluster-16434.0__TRINITY_DN7262_c1_g1_i1.p1               19.69%    passed    100.00%
  17  JJ89|Cluster-42326.0__TRINITY_DN4981_c0_g1_i5.p1                 0.00%    passed    100.00%
  18  DE531|Cluster-30607.0__TRINITY_DN4319_c0_g1_i3.p1               67.52%    passed     82.81%
  19  DE696-dots|Cluster-57515.0__TRINITY_DN24226_c0_g1_i3.p1         59.08%    passed     89.08%
  20  DE216|Cluster-61429.0__TRINITY_DN8536_c0_g1_i3.p1               27.88%    passed    100.00%
  21  JJ15|Cluster-71808.0__TRINITY_DN13397_c0_g1_i5.p1               18.67%    passed    100.00%
  22  DE534|Cluster-73757.1__TRINITY_DN17805_c0_g1_i9.p1              18.67%    passed    100.00%
  23  DE173|Cluster-34252.0__TRINITY_DN9214_c0_g1_i1.p1                0.00%    passed    100.00%
  24  JJ130|Cluster-45249.17__TRINITY_DN6958_c0_g1_i6.p1               0.00%    passed    100.00%
  25  DE189|Cluster-19412.2__TRINITY_DN7003_c0_g1_i1.p1                0.00%    passed    100.00%
  26  JJ109|Cluster-38276.1__TRINITY_DN6054_c0_g2_i3.p1                0.00%    passed    100.00%
  27  DE528|Cluster-34645.0__TRINITY_DN12173_c0_g1_i8.p1               0.00%    passed    100.00%
  28  DE126|Cluster-17610.0__TRINITY_DN8017_c0_g1_i1.p1                0.00%    passed    100.00%
  29  DE546_urceolata_l|Cluster-45075.0__TRINITY_DN5064_c0_g1_i1.p1   25.32%    passed    100.00%
  30  DE668|Cluster-24705.0__TRINITY_DN7800_c2_g1_i9.p1               26.09%    passed     99.99%
  31  DE229|Cluster-96800.2__TRINITY_DN4992_c0_g1_i3.p1                1.79%    passed    100.00%
  32  SRR3407093|Cluster-37208.0__TRINITY_DN23985_c0_g1_i4.p1          0.00%    passed    100.00%
  33  SRR3424066|Cluster-6420.0__TRINITY_DN30836_c0_g1_i1.p1           0.00%    passed    100.00%
  34  SRR3407086|Cluster-23152.0__TRINITY_DN17660_c0_g3_i5.p1          0.00%    passed    100.00%
  35  SRR3407088|Cluster-19607.0__TRINITY_DN16130_c1_g1_i1.p1          0.00%    passed    100.00%
  36  SRR3407095|Cluster-6371.0__TRINITY_DN32770_c0_g1_i1.p1           0.00%    passed    100.00%
  37  SRR3407096|Cluster-21962.0__TRINITY_DN22505_c0_g1_i2.p1          0.00%    passed    100.00%
  38  DE164|Cluster-57375.0__TRINITY_DN11752_c0_g1_i1.p1               0.00%    passed    100.00%
  39  DE672|Cluster-55385.1__TRINITY_DN16421_c0_g1_i26.p1              0.00%    passed    100.00%
  40  DE549|Cluster-28703.0__TRINITY_DN15299_c0_g1_i1.p1               0.51%    passed    100.00%
  41  DE764|Cluster-28254.3__TRINITY_DN3202_c0_g1_i4.p1               35.55%    passed    100.00%
  42  DE696-nodots|Cluster-51086.0__TRINITY_DN5017_c2_g1_i4.p1         0.00%    passed    100.00%
  43  DE736|Cluster-30153.0__TRINITY_DN4921_c0_g1_i5.p1               27.88%    passed    100.00%
  44  DE643|Cluster-78722.0__TRINITY_DN28464_c0_g1_i4.p1              27.88%    passed    100.00%
  45  DE671|Cluster-56497.0__TRINITY_DN6339_c0_g1_i3.p1               14.83%    passed    100.00%
  46  DE737|Cluster-47598.0__TRINITY_DN9893_c0_g1_i6.p1               19.69%    passed    100.00%
  47  DE476|Cluster-43556.0__TRINITY_DN12101_c0_g1_i10.p1             19.44%    passed    100.00%
  48  JJ36|Cluster-32984.3__TRINITY_DN6217_c0_g1_i15.p1               19.44%    passed    100.00%
  49  DE88|Cluster-31472.0__TRINITY_DN7333_c0_g2_i4.p1                27.88%    passed    100.00%
  50  DE536|Cluster-55175.0__TRINITY_DN6458_c0_g1_i10.p1              18.67%    passed    100.00%
  51  DE560|Cluster-26991.1__TRINITY_DN8518_c0_g1_i3.p1               18.67%    passed    100.00%
  52  DE519|Cluster-35668.2__TRINITY_DN3694_c0_g1_i20.p1               0.00%    passed    100.00%
  53  DE741|Cluster-19625.0__TRINITY_DN19692_c0_g2_i4.p1              42.97%    passed     93.41%
  54  DE181|Cluster-53076.0__TRINITY_DN5566_c1_g1_i5.p1               46.55%    passed     99.95%
  55  DE510|Cluster-45844.0__TRINITY_DN6805_c1_g1_i2.p1               19.95%    passed    100.00%
  56  SRR3407087|Cluster-42879.0__TRINITY_DN33035_c0_g1_i2.p1          0.00%    passed    100.00%
  57  SRR3407092|Cluster-21786.0__TRINITY_DN35528_c0_g1_i1.p1          0.00%    passed    100.00%
  58  SRR3407094|Cluster-10391.0__TRINITY_DN48389_c0_g1_i1.p1          0.00%    passed    100.00%
WARNING: 2 sequences contain more than 50% gaps/ambiguity
****  TOTAL                                                           14.18%  0 sequences failed composition chi2 test (p-value<5%; df=60)
Reading input tree file tmp.csubst.nwk ... rooted tree

NOTE: 48 MB RAM (0 GB) is required!
Measuring multi-threading efficiency up to 1 CPU cores
2 trees examined
Threads: 1 / Time: 2.474 sec / Speedup: 1.000 / Efficiency: 100% / LogL: -13280
BEST NUMBER OF THREADS: 1

Estimate model parameters (epsilon = 0.010)
1. Initial log-likelihood: -10816.792
2. Current log-likelihood: -7611.652
3. Current log-likelihood: -7611.503
4. Current log-likelihood: -7611.344
5. Current log-likelihood: -7600.559
6. Current log-likelihood: -7600.491
7. Current log-likelihood: -7600.431
8. Current log-likelihood: -7600.371
9. Current log-likelihood: -7600.306
10. Current log-likelihood: -7600.234
11. Current log-likelihood: -7600.147
12. Current log-likelihood: -7600.045
13. Current log-likelihood: -7599.924
14. Current log-likelihood: -7599.787
15. Current log-likelihood: -7599.636
16. Current log-likelihood: -7599.478
17. Current log-likelihood: -7599.321
18. Current log-likelihood: -7593.934
19. Current log-likelihood: -7593.757
20. Current log-likelihood: -7593.604
21. Current log-likelihood: -7593.486
22. Current log-likelihood: -7591.676
23. Current log-likelihood: -7591.572
24. Current log-likelihood: -7591.508
25. Current log-likelihood: -7590.706
26. Current log-likelihood: -7590.654
27. Current log-likelihood: -7590.626
28. Current log-likelihood: -7590.612
29. Current log-likelihood: -7590.093
30. Current log-likelihood: -7590.075
Optimal log-likelihood: -7590.067
Nonsynonymous/synonymous ratio (omega): 1.000
Transition/transversion ratio (kappa): 1.000
Site proportion and rates:  (0.363,0.262) (0.530,1.028) (0.100,3.116) (0.007,7.382)
Parameters optimization took 30 rounds (246.572 sec)
Wrote distance file to... 
BEST SCORE FOUND : -7590.067
Ancestral state probabilities printed to /mnt/data0/yue/2026-03-11-protein-convergence/results/OG_3977/csubst_w_s/csubst_input_alignment.fa.state
Empirical proportions for each category: 0.373 0.545 0.077 0.005
Site rates printed to /mnt/data0/yue/2026-03-11-protein-convergence/results/OG_3977/csubst_w_s/csubst_input_alignment.fa.rate
Total tree length: 3.016

Total number of iterations: 0
CPU time used for tree search: 0.000 sec (0h:0m:0s)
Wall-clock time used for tree search: 0.000 sec (0h:0m:0s)
Total CPU time used: 250.172 sec (0h:4m:10s)
Total wall-clock time used: 250.678 sec (0h:4m:10s)

Analysis results written to: 
  IQ-TREE report:                /mnt/data0/yue/2026-03-11-protein-convergence/results/OG_3977/csubst_w_s/csubst_input_alignment.fa.iqtree
  Maximum-likelihood tree:       /mnt/data0/yue/2026-03-11-protein-convergence/results/OG_3977/csubst_w_s/csubst_input_alignment.fa.treefile
  Site-specific rates:           /mnt/data0/yue/2026-03-11-protein-convergence/results/OG_3977/csubst_w_s/csubst_input_alignment.fa.rate
  Ancestral state:               /mnt/data0/yue/2026-03-11-protein-convergence/results/OG_3977/csubst_w_s/csubst_input_alignment.fa.state
  Screen log file:               /mnt/data0/yue/2026-03-11-protein-convergence/results/OG_3977/csubst_w_s/csubst_input_alignment.fa.log

Date and Time: Fri Mar 27 11:55:43 2026
