IQ-TREE multicore version 2.4.0 for Linux x86 64-bit built Feb 12 2025
Developed by Bui Quang Minh, Nguyen Lam Tung, Olga Chernomor, Heiko Schmidt,
Dominik Schrempf, Michael Woodhams, Ly Trong Nhan, Thomas Wong

Host:    brain (AVX2, FMA3, 2015 GB RAM)
Command: /home/yue/miniconda3/envs/py39/bin/iqtree -s /mnt/data0/yue/2026-03-11-protein-convergence/results/OG_4080/csubst_w_s/csubst_input_alignment.fa -te tmp.csubst.nwk -m ECMK07+F+R4 --seqtype CODON1 --threads-max 1 -T AUTO --ancestral --rate --redo
Seed:    920131 (Using SPRNG - Scalable Parallel Random Number Generator)
Time:    Fri Mar 27 12:18:02 2026
Kernel:  AVX+FMA - auto-detect threads (128 CPU cores detected)

Reading alignment file /mnt/data0/yue/2026-03-11-protein-convergence/results/OG_4080/csubst_w_s/csubst_input_alignment.fa ... Fasta format detected
Reading fasta file: done in 0.00403357 secs using 16.36% CPU
Alignment most likely contains DNA/RNA sequences
Converting to codon sequences with genetic code 1 ...
Alignment has 74 sequences with 500 columns, 484 distinct patterns
363 parsimony-informative, 73 singleton sites, 64 constant sites
                                                                Gap/Ambiguity  Composition  p-value
Analyzing sequences: done in 0.000198245 secs using 98.87% CPU
   1  SRR3407095|Cluster-47867.0__TRINITY_DN1780_c0_g1_i1.p1            2.00%    passed    100.00%
   2  SRR5150740|Cluster-68856.0__TRINITY_DN3508_c0_g1_i3.p1            7.40%    passed     99.47%
   3  DE181|Cluster-40999.2__TRINITY_DN86_c1_g1_i2.p1                  33.60%    passed     71.70%
   4  DE216|Cluster-36814.0__TRINITY_DN13816_c1_g1_i3.p1                0.40%    passed    100.00%
   5  JJ15|Cluster-26856.0__TRINITY_DN5296_c0_g1_i2.p1                  0.40%    passed    100.00%
   6  SRR3407096|Cluster-14022.0__TRINITY_DN3844_c0_g1_i1.p1            1.40%    passed    100.00%
   7  DE523|Cluster-17612.0__TRINITY_DN2477_c0_g1_i1.p1                 1.40%    passed    100.00%
   8  DE561|Cluster-43154.0__TRINITY_DN2459_c0_g1_i7.p1                 2.00%    passed    100.00%
   9  SRR3407086|Cluster-27881.0__TRINITY_DN2307_c0_g1_i6.p1            2.00%    passed    100.00%
  10  SRR3424066|Cluster-35703.2__TRINITY_DN8654_c0_g1_i19.p1           2.00%    passed    100.00%
  11  DE536|Cluster-43805.0__TRINITY_DN3158_c0_g1_i1.p1                 0.20%    passed    100.00%
  12  DE534|Cluster-31951.0__TRINITY_DN8477_c0_g3_i1.p1                 0.80%    passed    100.00%
  13  DE115|Cluster-53454.0__TRINITY_DN8313_c0_g3_i1.p1                 0.20%    passed    100.00%
  14  JJ86|Cluster-29665.0__TRINITY_DN466_c0_g1_i6.p1                   0.20%    passed    100.00%
  15  DE546_urceolata_l|Cluster-29064.0__TRINITY_DN26305_c0_g1_i1.p1    0.20%    passed    100.00%
  16  DE623|Cluster-31807.0__TRINITY_DN17925_c0_g1_i1.p1                0.20%    passed    100.00%
  17  DE563|Cluster-14239.0__TRINITY_DN4765_c0_g1_i1.p1                 0.60%    passed    100.00%
  18  DE152|Cluster-19689.0__TRINITY_DN13374_c1_g1_i1.p1                2.40%    passed    100.00%
  19  JJ99|Cluster-18663.0__TRINITY_DN5273_c0_g1_i8.p1                  3.20%    passed    100.00%
  20  DE229|Cluster-97193.0__TRINITY_DN28522_c0_g1_i4.p1                0.40%    passed    100.00%
  21  DE151|Cluster-33282.0__TRINITY_DN5055_c0_g2_i1.p1                 1.80%    passed    100.00%
  22  DE671|Cluster-31190.0__TRINITY_DN19151_c0_g1_i4.p1                1.40%    passed    100.00%
  23  DE509|Cluster-13134.0__TRINITY_DN2565_c1_g1_i3.p1                 2.20%    passed    100.00%
  24  DE531|Cluster-28376.0__TRINITY_DN2554_c0_g1_i1.p1                 1.00%    passed    100.00%
  25  DE696-dots|Cluster-59400.0__TRINITY_DN4304_c1_g2_i2.p1            1.00%    passed    100.00%
  26  DRR082660|Cluster-10675.0__TRINITY_DN11480_c0_g1_i1.p1            0.80%    passed    100.00%
  27  SRR3407088|Cluster-26399.0__TRINITY_DN4789_c0_g1_i6.p1            2.00%    passed    100.00%
  28  DRR234970|Cluster-55878.0__TRINITY_DN6148_c0_g1_i1.p1             5.80%    passed     99.99%
  29  DE668|Cluster-17846.2__TRINITY_DN3938_c0_g1_i1.p1                 0.60%    passed    100.00%
  30  DE680|Cluster-24571.0__TRINITY_DN6597_c0_g1_i5.p1                 1.00%    passed    100.00%
  31  JJ130|Cluster-39741.1__TRINITY_DN231_c0_g1_i4.p1                  4.00%    passed    100.00%
  32  DE704-purple|Cluster-56922.0__TRINITY_DN5921_c0_g1_i1.p1          0.20%    passed    100.00%
  33  DE704-white|Cluster-59596.0__TRINITY_DN215_c0_g2_i1.p1            0.20%    passed    100.00%
  34  DE510|Cluster-2173.0__TRINITY_DN4139_c0_g1_i2.p1                  3.40%    passed    100.00%
  35  SRR3407087|Cluster-13765.0__TRINITY_DN7557_c0_g1_i1.p1            3.40%    passed    100.00%
  36  DE507|Cluster-88211.0__TRINITY_DN6790_c0_g1_i1.p1                 0.20%    passed    100.00%
  37  DE528|Cluster-4435.0__TRINITY_DN528_c1_g1_i1.p1                   0.20%    passed    100.00%
  38  DE696-nodots|Cluster-60753.0__TRINITY_DN997_c0_g1_i2.p1           0.20%    passed    100.00%
  39  JJ36|Cluster-27331.0__TRINITY_DN224_c1_g1_i1.p1                   0.20%    passed    100.00%
  40  DE162|Cluster-38275.0__TRINITY_DN4628_c0_g3_i1.p1                 0.20%    passed    100.00%
  41  DE503|Cluster-41810.0__TRINITY_DN3473_c0_g1_i1.p1                35.00%    passed     95.38%
  42  DE566|Cluster-31308.0__TRINITY_DN1593_c0_g2_i1.p1                 4.60%    passed     99.90%
  43  JJ74|Cluster-14149.0__TRINITY_DN13006_c0_g1_i1.p1                 0.20%    passed    100.00%
  44  DE173|Cluster-27544.0__TRINITY_DN6249_c0_g1_i1.p1                 1.80%    passed    100.00%
  45  JJ109|Cluster-13725.0__TRINITY_DN2506_c0_g1_i1.p1                 1.80%    passed    100.00%
  46  DE88|Cluster-20951.0__TRINITY_DN10185_c0_g1_i1.p1                 1.80%    passed    100.00%
  47  DE510|Cluster-36772.0__TRINITY_DN4139_c0_g1_i4.p1                 1.80%    passed    100.00%
  48  SRR3407087|Cluster-12658.0__TRINITY_DN7557_c0_g2_i1.p1            1.80%    passed    100.00%
  49  SRR3407093|Cluster-39208.0__TRINITY_DN19794_c0_g2_i1.p1           1.80%    passed    100.00%
  50  SRR3407094|Cluster-26545.0__TRINITY_DN9141_c3_g1_i2.p1            1.80%    passed    100.00%
  51  SRR3407092|Cluster-28864.0__TRINITY_DN5715_c0_g1_i2.p1            1.80%    passed    100.00%
  52  JJ23|Cluster-26714.0__TRINITY_DN3863_c1_g1_i2.p1                  4.40%    passed    100.00%
  53  DE127|Cluster-36138.0__TRINITY_DN7114_c0_g2_i1.p1                 0.20%    passed    100.00%
  54  DE554|Cluster-31932.1__TRINITY_DN8119_c0_g3_i1.p1                 0.20%    passed    100.00%
  55  DE666|Cluster-24351.0__TRINITY_DN6507_c0_g2_i1.p1                 0.20%    passed    100.00%
  56  DE575|Cluster-53201.0__TRINITY_DN5275_c0_g1_i3.p1                 0.20%    passed     99.99%
  57  DE681|Cluster-22611.0__TRINITY_DN960_c0_g2_i1.p1                  0.20%    passed    100.00%
  58  DE519|Cluster-27893.0__TRINITY_DN1685_c0_g2_i1.p1                 2.60%    passed    100.00%
  59  JJ125|Cluster-9868.0__TRINITY_DN2650_c0_g1_i1.p1                  0.20%    passed    100.00%
  60  DE560|Cluster-46388.0__TRINITY_DN921_c0_g1_i2.p1                  0.20%    passed    100.00%
  61  DE164|Cluster-2310.0__TRINITY_DN1342_c0_g1_i1.p1                  0.80%    passed    100.00%
  62  DE672|Cluster-24533.0__TRINITY_DN8_c0_g2_i1.p1                    0.80%    passed    100.00%
  63  JJ89|Cluster-484.0__TRINITY_DN4129_c0_g1_i1.p1                    1.60%    passed    100.00%
  64  DE737|Cluster-39452.0__TRINITY_DN1570_c0_g4_i1.p1                 0.20%    passed    100.00%
  65  DE476|Cluster-10666.1__TRINITY_DN578_c0_g1_i4.p1                  0.60%    passed    100.00%
  66  DE541|Cluster-7934.33__TRINITY_DN3271_c0_g1_i1.p1                 0.20%    passed    100.00%
  67  DE549|Cluster-37630.0__TRINITY_DN14012_c0_g2_i3.p1                0.20%    passed    100.00%
  68  DE550|Cluster-48787.0__TRINITY_DN4604_c0_g1_i1.p1                 0.20%    passed    100.00%
  69  DE504|Cluster-53066.2__TRINITY_DN7148_c0_g3_i1.p1                 2.00%    passed    100.00%
  70  DE736|Cluster-62562.0__TRINITY_DN2230_c1_g3_i1.p1                 2.20%    passed    100.00%
  71  DE764|Cluster-31981.0__TRINITY_DN1491_c0_g3_i1.p1                 1.60%    passed    100.00%
  72  DE643|Cluster-10964.0__TRINITY_DN6826_c1_g1_i4.p1                 0.20%    passed    100.00%
  73  DE126|Cluster-12477.0__TRINITY_DN3148_c2_g1_i1.p1                 0.80%    passed    100.00%
  74  SRR3407092|Cluster-22308.0__TRINITY_DN5715_c0_g1_i3.p1           57.60%    passed     46.26%
WARNING: 1 sequences contain more than 50% gaps/ambiguity
****  TOTAL                                                             3.01%  0 sequences failed composition chi2 test (p-value<5%; df=60)
Reading input tree file tmp.csubst.nwk ... rooted tree

NOTE: 75 MB RAM (0 GB) is required!
Measuring multi-threading efficiency up to 1 CPU cores
2 trees examined
Threads: 1 / Time: 4.016 sec / Speedup: 1.000 / Efficiency: 100% / LogL: -25219
BEST NUMBER OF THREADS: 1

Estimate model parameters (epsilon = 0.010)
1. Initial log-likelihood: -20744.045
2. Current log-likelihood: -16321.108
3. Current log-likelihood: -16294.965
4. Current log-likelihood: -16294.841
5. Current log-likelihood: -16294.783
6. Current log-likelihood: -16294.746
7. Current log-likelihood: -16294.721
8. Current log-likelihood: -16294.703
9. Current log-likelihood: -16294.692
Optimal log-likelihood: -16294.684
Nonsynonymous/synonymous ratio (omega): 1.000
Transition/transversion ratio (kappa): 1.000
Site proportion and rates:  (0.568,0.405) (0.281,1.170) (0.119,2.503) (0.031,4.551)
Parameters optimization took 9 rounds (114.295 sec)
Wrote distance file to... 
BEST SCORE FOUND : -16294.684
Ancestral state probabilities printed to /mnt/data0/yue/2026-03-11-protein-convergence/results/OG_4080/csubst_w_s/csubst_input_alignment.fa.state
Empirical proportions for each category: 0.598 0.256 0.118 0.028
Site rates printed to /mnt/data0/yue/2026-03-11-protein-convergence/results/OG_4080/csubst_w_s/csubst_input_alignment.fa.rate
Total tree length: 5.872

Total number of iterations: 0
CPU time used for tree search: 0.000 sec (0h:0m:0s)
Wall-clock time used for tree search: 0.000 sec (0h:0m:0s)
Total CPU time used: 120.332 sec (0h:2m:0s)
Total wall-clock time used: 120.803 sec (0h:2m:0s)

Analysis results written to: 
  IQ-TREE report:                /mnt/data0/yue/2026-03-11-protein-convergence/results/OG_4080/csubst_w_s/csubst_input_alignment.fa.iqtree
  Maximum-likelihood tree:       /mnt/data0/yue/2026-03-11-protein-convergence/results/OG_4080/csubst_w_s/csubst_input_alignment.fa.treefile
  Site-specific rates:           /mnt/data0/yue/2026-03-11-protein-convergence/results/OG_4080/csubst_w_s/csubst_input_alignment.fa.rate
  Ancestral state:               /mnt/data0/yue/2026-03-11-protein-convergence/results/OG_4080/csubst_w_s/csubst_input_alignment.fa.state
  Screen log file:               /mnt/data0/yue/2026-03-11-protein-convergence/results/OG_4080/csubst_w_s/csubst_input_alignment.fa.log

Date and Time: Fri Mar 27 12:20:03 2026
