IQ-TREE multicore version 2.4.0 for Linux x86 64-bit built Feb 12 2025
Developed by Bui Quang Minh, Nguyen Lam Tung, Olga Chernomor, Heiko Schmidt,
Dominik Schrempf, Michael Woodhams, Ly Trong Nhan, Thomas Wong

Host:    brain (AVX2, FMA3, 2015 GB RAM)
Command: /home/yue/miniconda3/envs/py39/bin/iqtree -s /mnt/data0/yue/2026-03-11-protein-convergence/results/OG_2241/csubst_w_s/csubst_input_alignment.fa -te tmp.csubst.nwk -m ECMK07+F+R4 --seqtype CODON1 --threads-max 1 -T AUTO --ancestral --rate --redo
Seed:    667586 (Using SPRNG - Scalable Parallel Random Number Generator)
Time:    Fri Mar 27 03:33:00 2026
Kernel:  AVX+FMA - auto-detect threads (128 CPU cores detected)

Reading alignment file /mnt/data0/yue/2026-03-11-protein-convergence/results/OG_2241/csubst_w_s/csubst_input_alignment.fa ... Fasta format detected
Reading fasta file: done in 0.00388296 secs using 18.95% CPU
Alignment most likely contains DNA/RNA sequences
Converting to codon sequences with genetic code 1 ...
WARNING: 1 sites contain only gaps or ambiguous characters.
Alignment has 81 sequences with 990 columns, 911 distinct patterns
507 parsimony-informative, 246 singleton sites, 237 constant sites
                                                              Gap/Ambiguity  Composition  p-value
Analyzing sequences: done in 0.000177816 secs using 99.54% CPU
   1  SRR104381|Cluster-27343.1__TRINITY_DN16467_c0_g1_i7.p1          3.03%    passed    100.00%
   2  DE127|Cluster-18450.3__TRINITY_DN266_c0_g1_i3.p1               42.53%    passed     99.97%
   3  DE554|Cluster-60971.4__TRINITY_DN112_c0_g1_i21.p1              42.53%    passed     99.93%
   4  DE546_urceolata_l|Cluster-41995.0__TRINITY_DN111_c6_g1_i4.p1    0.20%    passed    100.00%
   5  DE668|Cluster-31964.0__TRINITY_DN6919_c1_g1_i1.p1               0.10%    passed    100.00%
   6  DE151|Cluster-60148.0__TRINITY_DN4856_c0_g1_i3.p1              41.92%    passed     99.99%
   7  DE181|Cluster-55022.0__TRINITY_DN13813_c0_g1_i1.p1              8.79%    passed    100.00%
   8  JJ85|Cluster-40152.0__TRINITY_DN7763_c0_g1_i1.p1               35.76%    passed    100.00%
   9  SRR11934227|Cluster-85796.0__TRINITY_DN36184_c0_g1_i6.p1        3.84%    passed     99.98%
  10  SRR11748982|Cluster-47128.0__TRINITY_DN4693_c0_g1_i5.p1         1.01%    passed     99.05%
  11  DE229|Cluster-96402.0__TRINITY_DN4172_c0_g1_i7.p1              34.44%    passed    100.00%
  12  JJ23|Cluster-45134.0__TRINITY_DN1910_c0_g1_i3.p1               34.44%    passed    100.00%
  13  DE115|Cluster-36070.0__TRINITY_DN10489_c0_g1_i4.p1              0.10%    passed    100.00%
  14  DE560|Cluster-23579.0__TRINITY_DN7840_c0_g1_i4.p1               7.88%    passed    100.00%
  15  DE623|Cluster-22609.0__TRINITY_DN20235_c0_g1_i1.p1              0.10%    passed    100.00%
  16  DE680|Cluster-54251.0__TRINITY_DN228_c0_g1_i4.p1                0.10%    passed    100.00%
  17  DE173|Cluster-13746.0__TRINITY_DN7356_c0_g1_i2.p1               0.10%    passed    100.00%
  18  JJ130|Cluster-29842.0__TRINITY_DN378_c0_g1_i1.p1                0.10%    passed    100.00%
  19  DE549|Cluster-45458.0__TRINITY_DN605_c0_g1_i5.p1               45.86%    passed     99.78%
  20  DE672|Cluster-38375.0__TRINITY_DN6352_c0_g1_i1.p1               0.10%    passed    100.00%
  21  DE643|Cluster-55360.0__TRINITY_DN9318_c1_g1_i4.p1               0.10%    passed    100.00%
  22  DE671|Cluster-33305.1__TRINITY_DN6307_c0_g1_i3.p1               0.10%    passed    100.00%
  23  SRR3407086|Cluster-18377.0__TRINITY_DN93535_c0_g1_i1.p1         0.10%    passed    100.00%
  24  DE561|Cluster-43877.0__TRINITY_DN67174_c0_g1_i1.p1              0.10%    passed    100.00%
  25  SRR3424066|Cluster-7082.0__TRINITY_DN31044_c0_g1_i1.p1          0.10%    passed    100.00%
  26  SRR3407088|Cluster-23860.0__TRINITY_DN1675_c0_g1_i1.p1          0.10%    passed    100.00%
  27  DE503|Cluster-34858.0__TRINITY_DN7854_c0_g1_i1.p1               0.10%    passed    100.00%
  28  DE505|Cluster-56558.0__TRINITY_DN3811_c0_g1_i2.p1              36.97%    passed    100.00%
  29  DE510|Cluster-52855.0__TRINITY_DN4934_c0_g1_i1.p1               0.10%    passed    100.00%
  30  SRR3407087|Cluster-28180.0__TRINITY_DN22766_c1_g1_i2.p1         0.10%    passed    100.00%
  31  SRR3407093|Cluster-18375.0__TRINITY_DN5446_c0_g1_i1.p1          0.10%    passed    100.00%
  32  SRR3407094|Cluster-29264.0__TRINITY_DN3999_c0_g1_i1.p1          0.10%    passed    100.00%
  33  SRR3407092|Cluster-4645.9__TRINITY_DN14947_c0_g1_i1.p1          0.10%    passed    100.00%
  34  DE69|Cluster-36723.0__TRINITY_DN3639_c1_g1_i5.p1                0.10%    passed    100.00%
  35  SRR3407095|Cluster-42923.0__TRINITY_DN3547_c0_g1_i1.p1          0.10%    passed    100.00%
  36  SRR3407096|Cluster-22843.0__TRINITY_DN5670_c0_g1_i1.p1          0.10%    passed    100.00%
  37  DE523|Cluster-4272.0__TRINITY_DN4387_c1_g1_i1.p1                0.10%    passed    100.00%
  38  DE519|Cluster-33911.0__TRINITY_DN9488_c0_g1_i1.p1               0.10%    passed    100.00%
  39  DE741|Cluster-53615.0__TRINITY_DN8968_c0_g1_i3.p1               0.10%    passed    100.00%
  40  DE216|Cluster-42697.0__TRINITY_DN9245_c0_g1_i2.p1              30.71%    passed    100.00%
  41  JJ15|Cluster-7307.0__TRINITY_DN12825_c0_g1_i1.p1                0.10%    passed    100.00%
  42  DE542|Cluster-55297.0__TRINITY_DN23826_c0_g1_i3.p1              0.10%    passed    100.00%
  43  DE566|Cluster-46828.0__TRINITY_DN7492_c0_g1_i3.p1               0.10%    passed    100.00%
  44  DE152|Cluster-26618.0__TRINITY_DN836_c5_g1_i1.p1                0.10%    passed    100.00%
  45  JJ99|Cluster-16151.0__TRINITY_DN17819_c1_g1_i4.p1               0.10%    passed    100.00%
  46  DE162|Cluster-26914.1__TRINITY_DN5037_c0_g1_i2.p1               0.40%    passed    100.00%
  47  DE507|Cluster-36543.9__TRINITY_DN250_c0_g1_i6.p1                0.20%    passed    100.00%
  48  DE704-white|Cluster-67460.1__TRINITY_DN8280_c0_g1_i4.p1         0.40%    passed    100.00%
  49  DE528|Cluster-53142.1__TRINITY_DN4452_c0_g1_i29.p1              0.20%    passed    100.00%
  50  DE563|Cluster-40854.0__TRINITY_DN5416_c1_g1_i1.p1               0.10%    passed    100.00%
  51  DE575|Cluster-27168.0__TRINITY_DN741_c0_g3_i1.p1                8.89%    passed    100.00%
  52  DE681|Cluster-36376.0__TRINITY_DN7037_c0_g1_i1.p1               0.20%    passed    100.00%
  53  DE765|Cluster-46423.0__TRINITY_DN6637_c0_g1_i2.p1               0.20%    passed    100.00%
  54  JJ131|Cluster-61294.0__TRINITY_DN12540_c0_g1_i9.p1             44.14%    passed     98.97%
  55  DE164|Cluster-45151.0__TRINITY_DN3420_c0_g2_i2.p1              42.93%    passed     99.99%
  56  DE189|Cluster-10016.3__TRINITY_DN12502_c0_g1_i1.p1              0.10%    passed    100.00%
  57  JJ109|Cluster-46287.0__TRINITY_DN3751_c0_g1_i1.p1               0.10%    passed    100.00%
  58  DE476|Cluster-57986.0__TRINITY_DN7252_c0_g1_i1.p1               0.10%    passed    100.00%
  59  DE541|Cluster-20193.0__TRINITY_DN979_c2_g1_i1.p1               25.15%    passed    100.00%
  60  DE531|Cluster-55396.0__TRINITY_DN3775_c0_g1_i5.p1              34.34%    passed    100.00%
  61  DE696-dots|Cluster-56726.0__TRINITY_DN3387_c0_g1_i2.p1         42.93%    passed     99.91%
  62  DE696-nodots|Cluster-48354.0__TRINITY_DN2415_c1_g1_i12.p1      42.93%    passed     99.91%
  63  DE504|Cluster-33597.0__TRINITY_DN21730_c0_g1_i1.p1              0.10%    passed    100.00%
  64  DE509|Cluster-47581.0__TRINITY_DN10789_c0_g3_i2.p1              0.10%    passed    100.00%
  65  DE736|Cluster-16854.0__TRINITY_DN6054_c1_g1_i2.p1               0.10%    passed    100.00%
  66  DE764|Cluster-43248.1__TRINITY_DN22272_c0_g1_i1.p1              0.10%    passed    100.00%
  67  DE88|Cluster-30195.0__TRINITY_DN6190_c0_g1_i1.p1                0.10%    passed    100.00%
  68  DE737|Cluster-29342.0__TRINITY_DN3877_c0_g1_i1.p1               0.20%    passed    100.00%
  69  DE550|Cluster-40991.0__TRINITY_DN6665_c0_g2_i2.p1               0.10%    passed    100.00%
  70  JJ74|Cluster-40468.0__TRINITY_DN4179_c0_g1_i4.p1                0.10%    passed    100.00%
  71  JJ125|Cluster-17661.0__TRINITY_DN17834_c0_g2_i2.p1              0.10%    passed    100.00%
  72  DRR082660|Cluster-41810.0__TRINITY_DN5843_c0_g1_i1.p1           0.10%    passed    100.00%
  73  DE534|Cluster-53031.0__TRINITY_DN18335_c0_g1_i2.p1             38.18%    passed     99.99%
  74  DE536|Cluster-13885.0__TRINITY_DN15821_c1_g1_i1.p1              0.10%    passed    100.00%
  75  JJ36|Cluster-45358.0__TRINITY_DN446_c0_g1_i8.p1                49.70%    passed     99.85%
  76  JJ89|Cluster-34909.0__TRINITY_DN4163_c0_g1_i7.p1               69.60%    passed     53.80%
  77  JJ86|Cluster-38565.2__TRINITY_DN8702_c0_g1_i15.p1              55.35%    passed     97.13%
  78  SRR5150740|Cluster-48892.0__TRINITY_DN17534_c0_g1_i1.p1         0.20%    passed    100.00%
  79  DE126|Cluster-22782.0__TRINITY_DN4915_c0_g1_i11.p1             42.93%    passed     99.99%
  80  DE666|Cluster-38445.0__TRINITY_DN6410_c0_g1_i1.p1               0.10%    passed    100.00%
  81  DE704-purple|Cluster-32850.1__TRINITY_DN9907_c0_g1_i1.p1       45.86%    passed     99.96%
WARNING: 2 sequences contain more than 50% gaps/ambiguity
****  TOTAL                                                          11.35%  0 sequences failed composition chi2 test (p-value<5%; df=60)
Reading input tree file tmp.csubst.nwk ... rooted tree

NOTE: 147 MB RAM (0 GB) is required!
Measuring multi-threading efficiency up to 1 CPU cores
2 trees examined
Threads: 1 / Time: 8.090 sec / Speedup: 1.000 / Efficiency: 100% / LogL: -28618
BEST NUMBER OF THREADS: 1

Estimate model parameters (epsilon = 0.010)
1. Initial log-likelihood: -31426.874
2. Current log-likelihood: -17842.203
3. Current log-likelihood: -17842.010
4. Current log-likelihood: -17841.898
5. Current log-likelihood: -17841.822
6. Current log-likelihood: -17841.765
7. Current log-likelihood: -17841.718
8. Current log-likelihood: -17841.676
9. Current log-likelihood: -17841.634
10. Current log-likelihood: -17841.593
11. Current log-likelihood: -17841.549
12. Current log-likelihood: -17841.501
13. Current log-likelihood: -17841.449
14. Current log-likelihood: -17841.391
15. Current log-likelihood: -17841.324
16. Current log-likelihood: -17841.245
17. Current log-likelihood: -17841.148
18. Current log-likelihood: -17816.122
19. Current log-likelihood: -17816.075
20. Current log-likelihood: -17816.036
21. Current log-likelihood: -17815.998
22. Current log-likelihood: -17815.960
23. Current log-likelihood: -17815.917
24. Current log-likelihood: -17815.868
25. Current log-likelihood: -17815.813
26. Current log-likelihood: -17815.749
27. Current log-likelihood: -17815.671
28. Current log-likelihood: -17811.772
29. Current log-likelihood: -17811.654
30. Current log-likelihood: -17811.511
31. Current log-likelihood: -17808.374
32. Current log-likelihood: -17808.201
33. Current log-likelihood: -17807.974
34. Current log-likelihood: -17805.726
35. Current log-likelihood: -17805.444
36. Current log-likelihood: -17804.191
37. Current log-likelihood: -17803.592
38. Current log-likelihood: -17803.070
39. Current log-likelihood: -17802.660
40. Current log-likelihood: -17802.347
41. Current log-likelihood: -17802.106
42. Current log-likelihood: -17801.920
43. Current log-likelihood: -17801.777
44. Current log-likelihood: -17801.666
45. Current log-likelihood: -17801.579
46. Current log-likelihood: -17801.508
47. Current log-likelihood: -17801.449
48. Current log-likelihood: -17801.400
49. Current log-likelihood: -17801.187
50. Current log-likelihood: -17801.164
51. Current log-likelihood: -17801.144
52. Current log-likelihood: -17801.051
53. Current log-likelihood: -17801.034
54. Current log-likelihood: -17801.017
55. Current log-likelihood: -17801.002
56. Current log-likelihood: -17800.926
57. Current log-likelihood: -17800.913
58. Current log-likelihood: -17800.901
59. Current log-likelihood: -17800.889
60. Current log-likelihood: -17800.878
61. Current log-likelihood: -17800.860
Optimal log-likelihood: -17800.785
Nonsynonymous/synonymous ratio (omega): 1.000
Transition/transversion ratio (kappa): 1.000
Site proportion and rates:  (0.494,0.358) (0.424,1.220) (0.081,3.550) (0.001,14.199)
Parameters optimization took 61 rounds (1665.338 sec)
Wrote distance file to... 
BEST SCORE FOUND : -17800.785
Ancestral state probabilities printed to /mnt/data0/yue/2026-03-11-protein-convergence/results/OG_2241/csubst_w_s/csubst_input_alignment.fa.state
Empirical proportions for each category: 0.532 0.399 0.068 0.001
Site rates printed to /mnt/data0/yue/2026-03-11-protein-convergence/results/OG_2241/csubst_w_s/csubst_input_alignment.fa.rate
Total tree length: 2.670

Total number of iterations: 0
CPU time used for tree search: 0.000 sec (0h:0m:0s)
Wall-clock time used for tree search: 0.000 sec (0h:0m:0s)
Total CPU time used: 1677.408 sec (0h:27m:57s)
Total wall-clock time used: 1679.374 sec (0h:27m:59s)

Analysis results written to: 
  IQ-TREE report:                /mnt/data0/yue/2026-03-11-protein-convergence/results/OG_2241/csubst_w_s/csubst_input_alignment.fa.iqtree
  Maximum-likelihood tree:       /mnt/data0/yue/2026-03-11-protein-convergence/results/OG_2241/csubst_w_s/csubst_input_alignment.fa.treefile
  Site-specific rates:           /mnt/data0/yue/2026-03-11-protein-convergence/results/OG_2241/csubst_w_s/csubst_input_alignment.fa.rate
  Ancestral state:               /mnt/data0/yue/2026-03-11-protein-convergence/results/OG_2241/csubst_w_s/csubst_input_alignment.fa.state
  Screen log file:               /mnt/data0/yue/2026-03-11-protein-convergence/results/OG_2241/csubst_w_s/csubst_input_alignment.fa.log

Date and Time: Fri Mar 27 04:01:00 2026
