IQ-TREE multicore version 2.4.0 for Linux x86 64-bit built Feb 12 2025
Developed by Bui Quang Minh, Nguyen Lam Tung, Olga Chernomor, Heiko Schmidt,
Dominik Schrempf, Michael Woodhams, Ly Trong Nhan, Thomas Wong

Host:    brain (AVX2, FMA3, 2015 GB RAM)
Command: /home/yue/miniconda3/envs/py39/bin/iqtree -s /mnt/data0/yue/2026-03-11-protein-convergence/results/OG_11278/csubst_w_s/csubst_input_alignment.fa -te tmp.csubst.nwk -m ECMK07+F+R4 --seqtype CODON1 --threads-max 1 -T AUTO --ancestral --rate --redo
Seed:    272683 (Using SPRNG - Scalable Parallel Random Number Generator)
Time:    Thu Mar 26 22:07:26 2026
Kernel:  AVX+FMA - auto-detect threads (128 CPU cores detected)

Reading alignment file /mnt/data0/yue/2026-03-11-protein-convergence/results/OG_11278/csubst_w_s/csubst_input_alignment.fa ... Fasta format detected
Reading fasta file: done in 0.00156558 secs using 38.71% CPU
Alignment most likely contains DNA/RNA sequences
Converting to codon sequences with genetic code 1 ...
WARNING: 1 sites contain only gaps or ambiguous characters.
Alignment has 54 sequences with 244 columns, 235 distinct patterns
113 parsimony-informative, 80 singleton sites, 51 constant sites
                                                           Gap/Ambiguity  Composition  p-value
Analyzing sequences: done in 7.49826e-05 secs using 98.69% CPU
   1  DE507|Cluster-88738.1__TRINITY_DN1313_c0_g1_i24.p1          23.77%    passed     96.89%
   2  DE736|Cluster-45944.0__TRINITY_DN55549_c1_g1_i3.p1           1.64%    passed    100.00%
   3  DE764|Cluster-11083.0__TRINITY_DN24522_c0_g1_i1.p1           1.64%    passed    100.00%
   4  DE115|Cluster-56635.0__TRINITY_DN99232_c0_g1_i1.p1          58.61%    passed     53.20%
   5  DE152|Cluster-45676.2__TRINITY_DN19420_c0_g1_i4.p1           0.41%    passed    100.00%
   6  DE549|Cluster-32805.1__TRINITY_DN14881_c0_g1_i1.p2          58.61%    passed     42.57%
   7  DE173|Cluster-5653.0__TRINITY_DN10327_c0_g3_i1.p1            0.41%    passed    100.00%
   8  DE189|Cluster-21653.6__TRINITY_DN690_c0_g1_i4.p1             0.41%    passed    100.00%
   9  JJ109|Cluster-30722.0__TRINITY_DN10198_c0_g1_i8.p1           0.41%    passed    100.00%
  10  DE151|Cluster-33782.3__TRINITY_DN24716_c0_g1_i17.p1         13.93%    passed    100.00%
  11  DE88|Cluster-17973.1__TRINITY_DN9224_c0_g2_i4.p1             0.41%    passed    100.00%
  12  DE504|Cluster-52026.1__TRINITY_DN7463_c0_g5_i1.p1            0.82%    passed    100.00%
  13  DE541|Cluster-54858.0__TRINITY_DN3246_c0_g1_i1.p1            0.41%    passed    100.00%
  14  DE696-dots|Cluster-1586.0__TRINITY_DN17802_c0_g1_i2.p1       0.41%    passed    100.00%
  15  DE696-nodots|Cluster-62596.0__TRINITY_DN29896_c0_g1_i4.p2   58.61%    passed     40.55%
  16  JJ86|Cluster-31547.0__TRINITY_DN7805_c0_g2_i5.p1             0.41%    passed    100.00%
  17  DE216|Cluster-31804.0__TRINITY_DN15323_c1_g1_i2.p1           0.41%    passed    100.00%
  18  DE523|Cluster-48316.0__TRINITY_DN737_c1_g2_i1.p1            24.18%    passed    100.00%
  19  JJ15|Cluster-41162.0__TRINITY_DN11056_c0_g1_i4.p1           24.18%    passed    100.00%
  20  DE542|Cluster-21317.1__TRINITY_DN2682_c0_g1_i20.p1           3.28%    passed    100.00%
  21  DE534|Cluster-15286.0__TRINITY_DN8596_c0_g1_i2.p1           24.18%    passed    100.00%
  22  DE164|Cluster-55408.0__TRINITY_DN15284_c0_g1_i3.p1          24.18%    passed    100.00%
  23  DE643|Cluster-56079.3__TRINITY_DN29490_c0_g1_i3.p1          24.18%    passed    100.00%
  24  DE671|Cluster-38935.4__TRINITY_DN8612_c0_g1_i10.p1           0.41%    passed     99.97%
  25  DE229|Cluster-37620.0__TRINITY_DN5777_c0_g4_i1.p1            0.41%    passed    100.00%
  26  JJ99|Cluster-15336.0__TRINITY_DN2463_c0_g3_i2.p1             0.41%    passed    100.00%
  27  DE476|Cluster-49257.0__TRINITY_DN6087_c1_g1_i1.p1            1.64%    passed    100.00%
  28  DE563|Cluster-3497.0__TRINITY_DN25858_c0_g1_i1.p1            0.41%    passed    100.00%
  29  JJ23|Cluster-19028.0__TRINITY_DN21325_c0_g2_i2.p1            0.41%    passed    100.00%
  30  SRR3407093|Cluster-18997.0__TRINITY_DN6514_c0_g1_i4.p1       0.41%    passed    100.00%
  31  DE181|Cluster-22660.0__TRINITY_DN4614_c0_g1_i6.p1           24.18%    passed    100.00%
  32  SRR3407086|Cluster-27207.0__TRINITY_DN8106_c0_g1_i1.p1       0.41%    passed    100.00%
  33  DE503|Cluster-34475.1__TRINITY_DN23963_c0_g1_i22.p1          0.41%    passed    100.00%
  34  DE510|Cluster-41648.1__TRINITY_DN6089_c0_g2_i1.p1            0.41%    passed    100.00%
  35  SRR3407087|Cluster-28668.0__TRINITY_DN4133_c1_g1_i1.p1       0.41%    passed    100.00%
  36  DE505|Cluster-23905.2__TRINITY_DN6142_c0_g1_i3.p1            0.41%    passed    100.00%
  37  SRR3407088|Cluster-34279.0__TRINITY_DN7923_c0_g1_i2.p1       0.41%    passed    100.00%
  38  DE561|Cluster-16075.1__TRINITY_DN4007_c0_g1_i5.p1            3.28%    passed    100.00%
  39  SRR3424066|Cluster-23692.2__TRINITY_DN6678_c1_g1_i3.p1       0.41%    passed    100.00%
  40  JJ125|Cluster-12584.0__TRINITY_DN4099_c0_g2_i1.p1            0.41%    passed    100.00%
  41  SRR3407094|Cluster-31154.0__TRINITY_DN6887_c0_g1_i1.p1       0.41%    passed    100.00%
  42  DE741|Cluster-28674.1__TRINITY_DN8669_c0_g1_i9.p1            0.41%    passed    100.00%
  43  JJ74|Cluster-108433.1__TRINITY_DN101682_c0_g1_i2.p1          0.41%    passed    100.00%
  44  SRR3407092|Cluster-5459.0__TRINITY_DN7870_c0_g1_i1.p1        0.41%    passed    100.00%
  45  DE162|Cluster-52270.0__TRINITY_DN15750_c1_g1_i2.p1           0.41%    passed    100.00%
  46  DE704-white|Cluster-41497.0__TRINITY_DN19308_c3_g1_i1.p1     0.41%    passed    100.00%
  47  DE528|Cluster-57026.0__TRINITY_DN24368_c0_g2_i1.p1           0.41%    passed     99.85%
  48  JJ131|Cluster-61556.1__TRINITY_DN9280_c0_g1_i6.p1           14.34%    passed     99.99%
  49  DE550|Cluster-31336.1__TRINITY_DN17440_c0_g1_i7.p1          44.26%    passed     83.57%
  50  JJ99|Cluster-29650.0__TRINITY_DN2463_c0_g1_i2.p1             0.82%    passed    100.00%
  51  JJ36|Cluster-23473.2__TRINITY_DN3285_c0_g2_i4.p1            16.39%    passed    100.00%
  52  DE531|Cluster-48976.0__TRINITY_DN14935_c0_g1_i2.p1          15.98%    passed    100.00%
  53  DE566|Cluster-47973.1__TRINITY_DN20200_c0_g1_i4.p1           0.41%    passed    100.00%
  54  JJ89|Cluster-15907.0__TRINITY_DN11766_c2_g1_i1.p1           27.05%    passed    100.00%
WARNING: 3 sequences contain more than 50% gaps/ambiguity
****  TOTAL                                                        9.30%  0 sequences failed composition chi2 test (p-value<5%; df=60)
Reading input tree file tmp.csubst.nwk ... rooted tree

NOTE: 30 MB RAM (0 GB) is required!
Measuring multi-threading efficiency up to 1 CPU cores
2 trees examined
Threads: 1 / Time: 1.557 sec / Speedup: 1.000 / Efficiency: 100% / LogL: -6660
BEST NUMBER OF THREADS: 1

Estimate model parameters (epsilon = 0.010)
1. Initial log-likelihood: -6466.553
2. Current log-likelihood: -4992.797
3. Current log-likelihood: -4992.466
4. Current log-likelihood: -4992.298
5. Current log-likelihood: -4992.199
6. Current log-likelihood: -4992.133
7. Current log-likelihood: -4992.086
8. Current log-likelihood: -4992.051
9. Current log-likelihood: -4992.023
10. Current log-likelihood: -4992.001
11. Current log-likelihood: -4991.984
12. Current log-likelihood: -4991.969
13. Current log-likelihood: -4991.958
Optimal log-likelihood: -4991.948
Nonsynonymous/synonymous ratio (omega): 1.000
Transition/transversion ratio (kappa): 1.000
Site proportion and rates:  (0.593,0.362) (0.231,1.261) (0.090,1.720) (0.086,3.938)
Parameters optimization took 13 rounds (53.678 sec)
Wrote distance file to... 
BEST SCORE FOUND : -4991.948
Ancestral state probabilities printed to /mnt/data0/yue/2026-03-11-protein-convergence/results/OG_11278/csubst_w_s/csubst_input_alignment.fa.state
Empirical proportions for each category: 0.668 0.250 0.000 0.082
Site rates printed to /mnt/data0/yue/2026-03-11-protein-convergence/results/OG_11278/csubst_w_s/csubst_input_alignment.fa.rate
Total tree length: 3.594

Total number of iterations: 0
CPU time used for tree search: 0.000 sec (0h:0m:0s)
Wall-clock time used for tree search: 0.000 sec (0h:0m:0s)
Total CPU time used: 55.995 sec (0h:0m:55s)
Total wall-clock time used: 56.113 sec (0h:0m:56s)

Analysis results written to: 
  IQ-TREE report:                /mnt/data0/yue/2026-03-11-protein-convergence/results/OG_11278/csubst_w_s/csubst_input_alignment.fa.iqtree
  Maximum-likelihood tree:       /mnt/data0/yue/2026-03-11-protein-convergence/results/OG_11278/csubst_w_s/csubst_input_alignment.fa.treefile
  Site-specific rates:           /mnt/data0/yue/2026-03-11-protein-convergence/results/OG_11278/csubst_w_s/csubst_input_alignment.fa.rate
  Ancestral state:               /mnt/data0/yue/2026-03-11-protein-convergence/results/OG_11278/csubst_w_s/csubst_input_alignment.fa.state
  Screen log file:               /mnt/data0/yue/2026-03-11-protein-convergence/results/OG_11278/csubst_w_s/csubst_input_alignment.fa.log

Date and Time: Thu Mar 26 22:08:22 2026
