IQ-TREE multicore version 2.4.0 for Linux x86 64-bit built Feb 12 2025
Developed by Bui Quang Minh, Nguyen Lam Tung, Olga Chernomor, Heiko Schmidt,
Dominik Schrempf, Michael Woodhams, Ly Trong Nhan, Thomas Wong

Host:    brain (AVX2, FMA3, 2015 GB RAM)
Command: /home/yue/miniconda3/envs/py39/bin/iqtree -s /mnt/data0/yue/2026-03-11-protein-convergence/results/OG_6811/csubst_w_s/csubst_input_alignment.fa -te tmp.csubst.nwk -m ECMK07+F+R4 --seqtype CODON1 --threads-max 1 -T AUTO --ancestral --rate --redo
Seed:    95692 (Using SPRNG - Scalable Parallel Random Number Generator)
Time:    Fri Mar 27 22:49:20 2026
Kernel:  AVX+FMA - auto-detect threads (128 CPU cores detected)

Reading alignment file /mnt/data0/yue/2026-03-11-protein-convergence/results/OG_6811/csubst_w_s/csubst_input_alignment.fa ... Fasta format detected
Reading fasta file: done in 0.00408195 secs using 67.52% CPU
Alignment most likely contains DNA/RNA sequences
Converting to codon sequences with genetic code 1 ...
Alignment has 76 sequences with 486 columns, 421 distinct patterns
241 parsimony-informative, 118 singleton sites, 126 constant sites
                                                               Gap/Ambiguity  Composition  p-value
Analyzing sequences: done in 0.000185013 secs using 98.91% CPU
   1  DE563|Cluster-54020.0__TRINITY_DN2696_c0_g1_i12.p1               0.00%    passed    100.00%
   2  DE229|Cluster-92972.0__TRINITY_DN1699_c1_g1_i1.p1                0.21%    passed    100.00%
   3  DE505|Cluster-33434.0__TRINITY_DN17645_c0_g1_i3.p1               0.00%    passed    100.00%
   4  DE561|Cluster-16806.0__TRINITY_DN12811_c0_g1_i2.p1               0.00%    passed    100.00%
   5  DE181|Cluster-28990.0__TRINITY_DN5739_c1_g1_i1.p1                0.00%    passed    100.00%
   6  DE704-purple|Cluster-39629.0__TRINITY_DN13312_c0_g1_i3.p1        0.00%    passed    100.00%
   7  DE704-white|Cluster-21500.0__TRINITY_DN5065_c0_g1_i1.p1          0.00%    passed    100.00%
   8  DE127|Cluster-40618.0__TRINITY_DN2769_c0_g1_i1.p1                0.62%    passed     99.99%
   9  DE554|Cluster-47086.0__TRINITY_DN16838_c0_g1_i2.p1               0.62%    passed    100.00%
  10  DE162|Cluster-25912.0__TRINITY_DN13827_c0_g2_i3.p1               0.00%    passed    100.00%
  11  DE507|Cluster-53867.0__TRINITY_DN5284_c1_g1_i4.p1                0.00%    passed    100.00%
  12  DE531|Cluster-38817.0__TRINITY_DN5910_c0_g1_i3.p1                0.00%    passed    100.00%
  13  DE696-dots|Cluster-36717.1__TRINITY_DN11053_c0_g1_i5.p1          0.00%    passed    100.00%
  14  DE696-nodots|Cluster-58271.0__TRINITY_DN19399_c0_g2_i2.p1        0.00%    passed    100.00%
  15  DE115|Cluster-20982.0__TRINITY_DN6169_c3_g1_i1.p1                0.00%    passed    100.00%
  16  JJ86|Cluster-24445.0__TRINITY_DN5430_c0_g1_i1.p1                 0.00%    passed    100.00%
  17  JJ36|Cluster-27663.1__TRINITY_DN6500_c0_g1_i2.p1                 0.00%    passed    100.00%
  18  DE216|Cluster-34836.0__TRINITY_DN13017_c0_g1_i4.p1               0.00%    passed    100.00%
  19  JJ15|Cluster-54230.0__TRINITY_DN2094_c0_g1_i3.p1                17.49%    passed    100.00%
  20  DE542|Cluster-24422.0__TRINITY_DN4278_c1_g1_i1.p1                0.00%    passed    100.00%
  21  DE560|Cluster-27081.0__TRINITY_DN972_c0_g1_i1.p1                 0.62%    passed    100.00%
  22  DE519|Cluster-34421.0__TRINITY_DN32382_c0_g1_i3.p1               0.00%    passed    100.00%
  23  DE741|Cluster-26497.0__TRINITY_DN11419_c0_g1_i5.p1               0.00%    passed    100.00%
  24  DE666|Cluster-27838.0__TRINITY_DN16461_c0_g1_i12.p1              0.00%    passed    100.00%
  25  DE126|Cluster-45921.2__TRINITY_DN10057_c0_g1_i1.p1               0.00%    passed    100.00%
  26  DE546_urceolata_l|Cluster-30228.0__TRINITY_DN3506_c1_g1_i3.p1    0.00%    passed    100.00%
  27  DE623|Cluster-15050.0__TRINITY_DN7089_c0_g1_i1.p1                0.00%    passed    100.00%
  28  DE680|Cluster-12171.0__TRINITY_DN3688_c0_g1_i10.p1               0.00%    passed    100.00%
  29  DE575|Cluster-16237.0__TRINITY_DN6164_c0_g1_i3.p1                0.00%    passed     99.74%
  30  DE765|Cluster-53808.0__TRINITY_DN9833_c0_g1_i3.p1                0.00%    passed     99.71%
  31  DE681|Cluster-51418.0__TRINITY_DN5792_c0_g1_i1.p1                0.00%    passed     99.71%
  32  DE528|Cluster-46914.1__TRINITY_DN14947_c0_g2_i3.p1               0.00%    passed    100.00%
  33  DE152|Cluster-21642.0__TRINITY_DN1723_c1_g1_i1.p1                0.00%    passed    100.00%
  34  JJ23|Cluster-45424.2__TRINITY_DN3326_c0_g1_i9.p1                 0.00%    passed    100.00%
  35  JJ99|Cluster-51894.1__TRINITY_DN7647_c0_g1_i2.p1                 0.62%    passed    100.00%
  36  DE668|Cluster-23171.1__TRINITY_DN6024_c0_g1_i1.p1                0.00%    passed     99.92%
  37  JJ85|Cluster-29084.0__TRINITY_DN51262_c0_g1_i1.p1                0.00%    passed    100.00%
  38  SRR3407096|Cluster-32901.0__TRINITY_DN3865_c0_g1_i1.p1           0.00%    failed      0.68%
  39  DE523|Cluster-11390.0__TRINITY_DN16598_c0_g1_i1.p1               0.21%    passed    100.00%
  40  DE69|Cluster-19945.0__TRINITY_DN3926_c3_g1_i22.p1                0.00%    passed    100.00%
  41  SRR3407095|Cluster-49820.0__TRINITY_DN320_c1_g1_i8.p1            0.00%    passed    100.00%
  42  DE151|Cluster-48264.0__TRINITY_DN7131_c0_g1_i2.p1                0.00%    passed    100.00%
  43  DE173|Cluster-36275.0__TRINITY_DN2032_c1_g1_i2.p1                0.00%    passed    100.00%
  44  DE164|Cluster-45372.1__TRINITY_DN36623_c0_g2_i5.p1               0.00%    passed    100.00%
  45  DE549|Cluster-47482.0__TRINITY_DN4851_c0_g1_i2.p1                0.00%    passed    100.00%
  46  DE672|Cluster-19318.0__TRINITY_DN3442_c0_g1_i2.p1                0.00%    passed    100.00%
  47  DE643|Cluster-73638.0__TRINITY_DN4991_c0_g3_i1.p1                0.00%    passed    100.00%
  48  DE671|Cluster-26179.1__TRINITY_DN12275_c0_g1_i4.p1               0.00%    passed    100.00%
  49  DE504|Cluster-46540.0__TRINITY_DN292_c4_g1_i1.p1                 0.00%    passed    100.00%
  50  DE88|Cluster-9547.0__TRINITY_DN4369_c0_g1_i1.p1                  0.00%    passed    100.00%
  51  DE764|Cluster-16668.0__TRINITY_DN12437_c0_g2_i2.p1               0.00%    passed    100.00%
  52  DE737|Cluster-43446.0__TRINITY_DN17862_c0_g3_i1.p1               1.44%    passed    100.00%
  53  JJ89|Cluster-34511.1__TRINITY_DN2002_c1_g1_i9.p1                 0.00%    passed    100.00%
  54  DE541|Cluster-53918.0__TRINITY_DN36078_c0_g2_i1.p1               0.00%    passed    100.00%
  55  DE476|Cluster-28005.0__TRINITY_DN188_c1_g1_i1.p1                 0.00%    passed    100.00%
  56  DE189|Cluster-41386.0__TRINITY_DN5149_c0_g2_i6.p1                0.00%    passed    100.00%
  57  JJ130|Cluster-51395.2__TRINITY_DN20187_c0_g4_i1.p1               0.00%    passed    100.00%
  58  JJ109|Cluster-41468.0__TRINITY_DN2760_c0_g1_i1.p1                0.00%    passed    100.00%
  59  DE550|Cluster-8765.0__TRINITY_DN3983_c0_g2_i1.p1                 0.00%    passed     99.98%
  60  DE509|Cluster-43756.0__TRINITY_DN2630_c0_g1_i1.p1                0.00%    passed    100.00%
  61  SRR3407093|Cluster-39654.0__TRINITY_DN4930_c0_g1_i1.p1           0.00%    passed    100.00%
  62  SRR3407094|Cluster-2401.0__TRINITY_DN888_c0_g1_i1.p1             0.00%    passed    100.00%
  63  DE503|Cluster-54511.0__TRINITY_DN2643_c1_g1_i3.p1                0.00%    passed    100.00%
  64  SRR3407092|Cluster-31372.0__TRINITY_DN24452_c0_g1_i1.p1          0.00%    passed    100.00%
  65  DE510|Cluster-43822.0__TRINITY_DN3928_c0_g1_i1.p1                0.00%    passed    100.00%
  66  SRR3407087|Cluster-9213.0__TRINITY_DN1333_c0_g1_i1.p1            0.00%    passed    100.00%
  67  SRR3424066|Cluster-17055.0__TRINITY_DN11995_c0_g2_i1.p1          0.00%    passed    100.00%
  68  SRR3407088|Cluster-29383.0__TRINITY_DN593_c0_g1_i1.p1            0.00%    passed    100.00%
  69  SRR3407086|Cluster-1845.0__TRINITY_DN2255_c0_g1_i2.p1            0.00%    passed    100.00%
  70  JJ125|Cluster-24684.0__TRINITY_DN7922_c0_g1_i2.p1                0.82%    passed    100.00%
  71  JJ131|Cluster-11260.0__TRINITY_DN2735_c0_g1_i12.p1               0.00%    passed     94.60%
  72  DE536|Cluster-24360.0__TRINITY_DN11743_c0_g1_i3.p1               0.00%    passed     99.73%
  73  DE534|Cluster-65508.0__TRINITY_DN3893_c0_g1_i6.p1                0.00%    passed    100.00%
  74  JJ74|Cluster-60627.0__TRINITY_DN6550_c0_g1_i4.p1                 0.00%    passed    100.00%
  75  DRR082660|Cluster-29159.0__TRINITY_DN1198_c1_g1_i4.p1           12.14%    passed    100.00%
  76  DRR234970|Cluster-54216.0__TRINITY_DN12235_c0_g1_i2.p1           0.00%    passed     94.90%
****  TOTAL                                                            0.46%  1 sequences failed composition chi2 test (p-value<5%; df=60)
WARNING: States(s) CCC, CCG rarely appear in alignment and may cause numerical problems
Reading input tree file tmp.csubst.nwk ... rooted tree

NOTE: 69 MB RAM (0 GB) is required!
Measuring multi-threading efficiency up to 1 CPU cores
2 trees examined
Threads: 1 / Time: 3.661 sec / Speedup: 1.000 / Efficiency: 100% / LogL: -16801
BEST NUMBER OF THREADS: 1

Estimate model parameters (epsilon = 0.010)
1. Initial log-likelihood: -15932.861
2. Current log-likelihood: -9483.021
3. Current log-likelihood: -9482.024
4. Current log-likelihood: -9481.500
5. Current log-likelihood: -9481.224
6. Current log-likelihood: -9481.043
7. Current log-likelihood: -9480.894
8. Current log-likelihood: -9475.375
9. Current log-likelihood: -9475.141
10. Current log-likelihood: -9474.933
11. Current log-likelihood: -9474.745
12. Current log-likelihood: -9474.576
13. Current log-likelihood: -9471.966
14. Current log-likelihood: -9471.760
15. Current log-likelihood: -9471.591
16. Current log-likelihood: -9471.451
17. Current log-likelihood: -9471.336
18. Current log-likelihood: -9471.246
19. Current log-likelihood: -9471.177
20. Current log-likelihood: -9469.728
21. Current log-likelihood: -9469.644
22. Current log-likelihood: -9469.585
23. Current log-likelihood: -9469.544
24. Current log-likelihood: -9469.517
25. Current log-likelihood: -9469.499
26. Current log-likelihood: -9469.489
Optimal log-likelihood: -9469.482
Nonsynonymous/synonymous ratio (omega): 1.000
Transition/transversion ratio (kappa): 1.000
Site proportion and rates:  (0.505,0.285) (0.381,1.128) (0.105,3.257) (0.009,8.878)
Parameters optimization took 26 rounds (323.848 sec)
Wrote distance file to... 
BEST SCORE FOUND : -9469.482
Ancestral state probabilities printed to /mnt/data0/yue/2026-03-11-protein-convergence/results/OG_6811/csubst_w_s/csubst_input_alignment.fa.state
Empirical proportions for each category: 0.527 0.377 0.088 0.008
Site rates printed to /mnt/data0/yue/2026-03-11-protein-convergence/results/OG_6811/csubst_w_s/csubst_input_alignment.fa.rate
Total tree length: 2.618

Total number of iterations: 0
CPU time used for tree search: 0.000 sec (0h:0m:0s)
Wall-clock time used for tree search: 0.000 sec (0h:0m:0s)
Total CPU time used: 329.224 sec (0h:5m:29s)
Total wall-clock time used: 330.117 sec (0h:5m:30s)

Analysis results written to: 
  IQ-TREE report:                /mnt/data0/yue/2026-03-11-protein-convergence/results/OG_6811/csubst_w_s/csubst_input_alignment.fa.iqtree
  Maximum-likelihood tree:       /mnt/data0/yue/2026-03-11-protein-convergence/results/OG_6811/csubst_w_s/csubst_input_alignment.fa.treefile
  Site-specific rates:           /mnt/data0/yue/2026-03-11-protein-convergence/results/OG_6811/csubst_w_s/csubst_input_alignment.fa.rate
  Ancestral state:               /mnt/data0/yue/2026-03-11-protein-convergence/results/OG_6811/csubst_w_s/csubst_input_alignment.fa.state
  Screen log file:               /mnt/data0/yue/2026-03-11-protein-convergence/results/OG_6811/csubst_w_s/csubst_input_alignment.fa.log

Date and Time: Fri Mar 27 22:54:50 2026
