IQ-TREE multicore version 2.4.0 for Linux x86 64-bit built Feb 12 2025
Developed by Bui Quang Minh, Nguyen Lam Tung, Olga Chernomor, Heiko Schmidt,
Dominik Schrempf, Michael Woodhams, Ly Trong Nhan, Thomas Wong

Host:    brain (AVX2, FMA3, 2015 GB RAM)
Command: /home/yue/miniconda3/envs/py39/bin/iqtree -s /mnt/data0/yue/2026-03-11-protein-convergence/results/OG_5662/csubst_w_s/csubst_input_alignment.fa -te tmp.csubst.nwk -m ECMK07+F+R4 --seqtype CODON1 --threads-max 1 -T AUTO --ancestral --rate --redo
Seed:    909783 (Using SPRNG - Scalable Parallel Random Number Generator)
Time:    Fri Mar 27 18:48:57 2026
Kernel:  AVX+FMA - auto-detect threads (128 CPU cores detected)

Reading alignment file /mnt/data0/yue/2026-03-11-protein-convergence/results/OG_5662/csubst_w_s/csubst_input_alignment.fa ... Fasta format detected
Reading fasta file: done in 0.003647 secs using 55.06% CPU
Alignment most likely contains DNA/RNA sequences
Converting to codon sequences with genetic code 1 ...
Alignment has 75 sequences with 577 columns, 542 distinct patterns
307 parsimony-informative, 145 singleton sites, 125 constant sites
                                                               Gap/Ambiguity  Composition  p-value
Analyzing sequences: done in 0.000166461 secs
   1  DE623|Cluster-39303.2__TRINITY_DN20875_c0_g1_i1.p1               0.69%    passed    100.00%
   2  DE680|Cluster-44718.0__TRINITY_DN5537_c0_g1_i1.p1               35.01%    passed     81.09%
   3  DE534|Cluster-77853.2__TRINITY_DN4821_c0_g1_i13.p1               0.35%    passed    100.00%
   4  DE542|Cluster-44621.0__TRINITY_DN8807_c0_g1_i2.p1                0.35%    passed    100.00%
   5  DE216|Cluster-22236.0__TRINITY_DN22958_c0_g2_i1.p1               0.00%    passed    100.00%
   6  JJ15|Cluster-65952.0__TRINITY_DN3211_c0_g2_i1.p1                 0.00%    passed    100.00%
   7  DE704-purple|Cluster-37988.1__TRINITY_DN32316_c0_g1_i7.p1        0.17%    passed    100.00%
   8  DE162|Cluster-47059.0__TRINITY_DN3084_c0_g1_i1.p1                0.00%    passed    100.00%
   9  DE528|Cluster-27389.0__TRINITY_DN11425_c0_g1_i2.p1               0.00%    passed    100.00%
  10  DE704-white|Cluster-53907.0__TRINITY_DN2324_c0_g2_i2.p1          0.17%    passed    100.00%
  11  DE507|Cluster-68509.0__TRINITY_DN7010_c0_g1_i2.p1                0.00%    passed    100.00%
  12  DE666|Cluster-17947.0__TRINITY_DN703_c0_g3_i1.p1                 4.68%    passed    100.00%
  13  JJ86|Cluster-39419.0__TRINITY_DN10089_c1_g1_i2.p1                0.00%    passed    100.00%
  14  DE126|Cluster-410.0__TRINITY_DN2449_c1_g1_i2.p1                  0.35%    passed    100.00%
  15  DE668|Cluster-54804.0__TRINITY_DN551_c0_g1_i5.p1                 0.52%    passed    100.00%
  16  DE152|Cluster-37589.0__TRINITY_DN6143_c0_g1_i9.p1                0.35%    passed    100.00%
  17  DE189|Cluster-31604.0__TRINITY_DN104_c0_g1_i3.p1                 0.17%    passed    100.00%
  18  DE736|Cluster-54449.0__TRINITY_DN2189_c0_g1_i1.p1                0.00%    passed    100.00%
  19  DE737|Cluster-49490.1__TRINITY_DN10254_c0_g2_i2.p1               0.52%    passed    100.00%
  20  DE541|Cluster-5506.0__TRINITY_DN786_c0_g1_i1.p1                  1.39%    passed    100.00%
  21  DE69|Cluster-34229.0__TRINITY_DN698_c0_g2_i1.p1                  1.56%    passed    100.00%
  22  DE536|Cluster-36441.0__TRINITY_DN4625_c1_g1_i1.p1                0.00%    passed    100.00%
  23  DE741|Cluster-58776.0__TRINITY_DN16873_c0_g1_i3.p1               0.35%    passed    100.00%
  24  JJ85|Cluster-30489.0__TRINITY_DN7538_c0_g1_i4.p1                23.92%    passed     99.57%
  25  DE566|Cluster-29528.0__TRINITY_DN12476_c0_g1_i5.p1               0.69%    passed    100.00%
  26  DE127|Cluster-7800.0__TRINITY_DN369_c4_g1_i1.p1                  0.00%    passed    100.00%
  27  DE554|Cluster-61658.1__TRINITY_DN2232_c0_g2_i1.p1               23.40%    passed     98.61%
  28  DE229|Cluster-36513.0__TRINITY_DN8761_c0_g1_i1.p1               55.98%    passed      8.65%
  29  JJ23|Cluster-33354.0__TRINITY_DN688_c0_g1_i3.p1                  0.69%    passed    100.00%
  30  SRR3407096|Cluster-14727.0__TRINITY_DN1178_c0_g2_i1.p1           1.56%    passed    100.00%
  31  DE523|Cluster-4491.0__TRINITY_DN15741_c0_g1_i4.p1                0.35%    passed    100.00%
  32  JJ99|Cluster-50723.0__TRINITY_DN475_c0_g1_i19.p1                 0.00%    passed    100.00%
  33  DE151|Cluster-45693.0__TRINITY_DN6210_c0_g1_i4.p1                0.00%    passed    100.00%
  34  DE173|Cluster-49810.0__TRINITY_DN1154_c0_g1_i1.p1                0.00%    passed    100.00%
  35  DE509|Cluster-27144.1__TRINITY_DN1011_c0_g2_i1.p1                0.00%    passed    100.00%
  36  DE764|Cluster-44224.0__TRINITY_DN2278_c0_g3_i2.p1                0.00%    passed    100.00%
  37  DE549|Cluster-15790.0__TRINITY_DN1081_c0_g1_i1.p1                0.00%    passed    100.00%
  38  JJ109|Cluster-23232.0__TRINITY_DN8062_c0_g1_i1.p1                0.00%    passed    100.00%
  39  DE88|Cluster-41473.0__TRINITY_DN4535_c0_g2_i2.p1                 0.00%    passed    100.00%
  40  DE672|Cluster-10558.1__TRINITY_DN7164_c0_g3_i3.p1                0.00%    passed    100.00%
  41  JJ89|Cluster-29383.0__TRINITY_DN7241_c2_g1_i1.p1                 0.17%    passed    100.00%
  42  DE164|Cluster-13596.0__TRINITY_DN56_c1_g2_i1.p1                  0.00%    passed    100.00%
  43  JJ130|Cluster-33305.0__TRINITY_DN13219_c0_g2_i2.p1               0.00%    passed    100.00%
  44  DE531|Cluster-15938.0__TRINITY_DN1754_c0_g1_i1.p1                0.00%    passed    100.00%
  45  DE696-nodots|Cluster-9513.0__TRINITY_DN57_c2_g1_i1.p1            0.00%    passed    100.00%
  46  DE476|Cluster-54738.3__TRINITY_DN488_c1_g2_i1.p1                 0.00%    passed    100.00%
  47  DE643|Cluster-48288.1__TRINITY_DN1999_c0_g1_i14.p1               0.00%    passed    100.00%
  48  DE671|Cluster-5788.0__TRINITY_DN4566_c1_g1_i2.p1                 0.00%    passed    100.00%
  49  DE550|Cluster-49174.0__TRINITY_DN258_c0_g1_i13.p1                0.00%    passed    100.00%
  50  DE504|Cluster-32242.0__TRINITY_DN15174_c0_g1_i1.p1              12.65%    passed    100.00%
  51  JJ74|Cluster-111551.16__TRINITY_DN6328_c0_g2_i6.p1               0.52%    passed    100.00%
  52  JJ125|Cluster-10139.11__TRINITY_DN1304_c0_g1_i10.p1             29.29%    passed     99.95%
  53  SRR3407095|Cluster-35887.0__TRINITY_DN10236_c0_g1_i1.p1         23.40%    passed     99.97%
  54  DE575|Cluster-63723.0__TRINITY_DN5478_c0_g3_i1.p1                0.00%    passed    100.00%
  55  DE765|Cluster-9726.0__TRINITY_DN1266_c2_g1_i1.p1                 0.00%    passed    100.00%
  56  DE681|Cluster-42608.0__TRINITY_DN2601_c0_g1_i2.p1               36.92%    passed     63.81%
  57  DE181|Cluster-46109.6__TRINITY_DN2990_c0_g1_i2.p1                0.00%    passed    100.00%
  58  SRR3407086|Cluster-14391.0__TRINITY_DN6167_c2_g1_i1.p1           0.00%    passed    100.00%
  59  SRR3424066|Cluster-24402.0__TRINITY_DN19264_c0_g1_i1.p1          0.00%    passed    100.00%
  60  SRR3407093|Cluster-16362.0__TRINITY_DN846_c0_g2_i1.p1            0.00%    passed    100.00%
  61  SRR3407094|Cluster-4607.0__TRINITY_DN1431_c0_g1_i1.p1            0.00%    passed    100.00%
  62  SRR3407092|Cluster-7680.0__TRINITY_DN1556_c0_g1_i1.p1            0.00%    passed    100.00%
  63  DE503|Cluster-22334.0__TRINITY_DN784_c0_g4_i1.p1                 0.00%    passed    100.00%
  64  DE505|Cluster-9562.0__TRINITY_DN1135_c0_g1_i3.p1                 0.00%    passed    100.00%
  65  SRR3407087|Cluster-25145.0__TRINITY_DN6272_c0_g2_i1.p1          17.85%    passed    100.00%
  66  DE561|Cluster-49632.0__TRINITY_DN164_c0_g2_i1.p1                 0.00%    passed    100.00%
  67  SRR3407088|Cluster-25290.0__TRINITY_DN2586_c0_g2_i1.p1           0.52%    passed    100.00%
  68  DE510|Cluster-23566.16__TRINITY_DN76_c0_g3_i2.p1                35.53%    passed     86.79%
  69  DE519|Cluster-10706.1__TRINITY_DN5996_c0_g1_i3.p1                5.03%    passed    100.00%
  70  DE115|Cluster-45058.0__TRINITY_DN550_c0_g2_i1.p1                 0.00%    passed    100.00%
  71  DE546_urceolata_l|Cluster-22111.0__TRINITY_DN9520_c0_g1_i1.p1    0.00%    passed    100.00%
  72  DE563|Cluster-44800.0__TRINITY_DN13710_c0_g1_i4.p1              35.01%    passed     97.99%
  73  DE560|Cluster-41643.0__TRINITY_DN3968_c2_g1_i1.p1                1.04%    passed    100.00%
  74  JJ131|Cluster-53498.1__TRINITY_DN5684_c1_g1_i4.p1                1.04%    passed     99.99%
  75  DRR234970|Cluster-50494.0__TRINITY_DN19390_c0_g1_i1.p1          55.98%    failed      0.52%
WARNING: 2 sequences contain more than 50% gaps/ambiguity
****  TOTAL                                                            5.44%  1 sequences failed composition chi2 test (p-value<5%; df=60)
Reading input tree file tmp.csubst.nwk ... rooted tree

NOTE: 85 MB RAM (0 GB) is required!
Measuring multi-threading efficiency up to 1 CPU cores
2 trees examined
Threads: 1 / Time: 4.521 sec / Speedup: 1.000 / Efficiency: 100% / LogL: -20066
BEST NUMBER OF THREADS: 1

Estimate model parameters (epsilon = 0.010)
1. Initial log-likelihood: -19774.092
2. Current log-likelihood: -13584.875
3. Current log-likelihood: -13557.285
4. Current log-likelihood: -13556.962
5. Current log-likelihood: -13556.763
6. Current log-likelihood: -13556.641
7. Current log-likelihood: -13556.565
8. Current log-likelihood: -13556.517
9. Current log-likelihood: -13556.484
10. Current log-likelihood: -13556.461
11. Current log-likelihood: -13551.822
12. Current log-likelihood: -13551.723
13. Current log-likelihood: -13551.669
14. Current log-likelihood: -13551.634
15. Current log-likelihood: -13551.609
16. Current log-likelihood: -13551.590
17. Current log-likelihood: -13551.574
18. Current log-likelihood: -13551.561
19. Current log-likelihood: -13551.549
20. Current log-likelihood: -13548.447
21. Current log-likelihood: -13548.395
22. Current log-likelihood: -13548.367
23. Current log-likelihood: -13548.350
24. Current log-likelihood: -13548.337
25. Current log-likelihood: -13548.327
Optimal log-likelihood: -13548.318
Nonsynonymous/synonymous ratio (omega): 1.000
Transition/transversion ratio (kappa): 1.000
Site proportion and rates:  (0.498,0.300) (0.370,1.186) (0.121,2.945) (0.011,5.010)
Parameters optimization took 25 rounds (368.483 sec)
Wrote distance file to... 
BEST SCORE FOUND : -13548.318
Ancestral state probabilities printed to /mnt/data0/yue/2026-03-11-protein-convergence/results/OG_5662/csubst_w_s/csubst_input_alignment.fa.state
Empirical proportions for each category: 0.536 0.347 0.113 0.005
Site rates printed to /mnt/data0/yue/2026-03-11-protein-convergence/results/OG_5662/csubst_w_s/csubst_input_alignment.fa.rate
Total tree length: 3.839

Total number of iterations: 0
CPU time used for tree search: 0.000 sec (0h:0m:0s)
Wall-clock time used for tree search: 0.000 sec (0h:0m:0s)
Total CPU time used: 375.296 sec (0h:6m:15s)
Total wall-clock time used: 375.980 sec (0h:6m:15s)

Analysis results written to: 
  IQ-TREE report:                /mnt/data0/yue/2026-03-11-protein-convergence/results/OG_5662/csubst_w_s/csubst_input_alignment.fa.iqtree
  Maximum-likelihood tree:       /mnt/data0/yue/2026-03-11-protein-convergence/results/OG_5662/csubst_w_s/csubst_input_alignment.fa.treefile
  Site-specific rates:           /mnt/data0/yue/2026-03-11-protein-convergence/results/OG_5662/csubst_w_s/csubst_input_alignment.fa.rate
  Ancestral state:               /mnt/data0/yue/2026-03-11-protein-convergence/results/OG_5662/csubst_w_s/csubst_input_alignment.fa.state
  Screen log file:               /mnt/data0/yue/2026-03-11-protein-convergence/results/OG_5662/csubst_w_s/csubst_input_alignment.fa.log

Date and Time: Fri Mar 27 18:55:13 2026
