IQ-TREE multicore version 2.4.0 for Linux x86 64-bit built Feb 12 2025
Developed by Bui Quang Minh, Nguyen Lam Tung, Olga Chernomor, Heiko Schmidt,
Dominik Schrempf, Michael Woodhams, Ly Trong Nhan, Thomas Wong

Host:    brain (AVX2, FMA3, 2015 GB RAM)
Command: /home/yue/miniconda3/envs/py39/bin/iqtree -s /mnt/data0/yue/2026-03-11-protein-convergence/results/OG_9341/csubst_w_s/csubst_input_alignment.fa -te tmp.csubst.nwk -m ECMK07+F+R4 --seqtype CODON1 --threads-max 1 -T AUTO --ancestral --rate --redo
Seed:    888235 (Using SPRNG - Scalable Parallel Random Number Generator)
Time:    Sat Mar 28 05:33:04 2026
Kernel:  AVX+FMA - auto-detect threads (128 CPU cores detected)

Reading alignment file /mnt/data0/yue/2026-03-11-protein-convergence/results/OG_9341/csubst_w_s/csubst_input_alignment.fa ... Fasta format detected
Reading fasta file: done in 0.000451133 secs using 93.54% CPU
Alignment most likely contains DNA/RNA sequences
Converting to codon sequences with genetic code 1 ...
WARNING: 1 sites contain only gaps or ambiguous characters.
Alignment has 68 sequences with 101 columns, 93 distinct patterns
60 parsimony-informative, 18 singleton sites, 23 constant sites
                                                              Gap/Ambiguity  Composition  p-value
Analyzing sequences: done in 2.08616e-05 secs using 95.87% CPU
   1  SRR3407093|Cluster-5128.0__TRINITY_DN10_c0_g1_i1.p1             0.99%    passed    100.00%
   2  DRR082660|Cluster-25478.0__TRINITY_DN684_c0_g1_i1.p1            0.99%    passed    100.00%
   3  DE115|Cluster-36489.1__TRINITY_DN60312_c0_g3_i4.p1              0.99%    passed    100.00%
   4  DE162|Cluster-52116.1__TRINITY_DN561_c4_g1_i1.p1                0.99%    passed     99.93%
   5  DE507|Cluster-44872.0__TRINITY_DN9163_c0_g2_i1.p1               0.99%    passed     99.86%
   6  DE523|Cluster-48828.0__TRINITY_DN24032_c0_g1_i1.p1              0.99%    passed    100.00%
   7  DE528|Cluster-954.0__TRINITY_DN2559_c0_g1_i1.p1                 0.99%    passed     99.93%
   8  SRR3407096|Cluster-2812.0__TRINITY_DN16154_c5_g1_i1.p1          0.99%    passed    100.00%
   9  DE681|Cluster-3051.0__TRINITY_DN6310_c2_g1_i1.p1                0.99%    passed    100.00%
  10  DE704-purple|Cluster-51997.1__TRINITY_DN8200_c0_g1_i2.p1        0.99%    passed    100.00%
  11  DE704-white|Cluster-53340.0__TRINITY_DN16736_c0_g2_i1.p1        0.99%    passed    100.00%
  12  JJ125|Cluster-37268.0__TRINITY_DN46239_c0_g1_i1.p1              0.99%    passed    100.00%
  13  DE519|Cluster-10512.0__TRINITY_DN8181_c0_g2_i1.p1               0.99%    passed    100.00%
  14  DE181|Cluster-24759.0__TRINITY_DN10608_c2_g1_i1.p1              0.99%    passed    100.00%
  15  SRR3407086|Cluster-28988.0__TRINITY_DN84178_c0_g1_i1.p1         0.99%    passed    100.00%
  16  DE503|Cluster-51110.0__TRINITY_DN2363_c0_g1_i2.p1               0.99%    passed    100.00%
  17  DE505|Cluster-18529.0__TRINITY_DN12926_c0_g1_i1.p1              0.99%    passed    100.00%
  18  SRR3407092|Cluster-24211.0__TRINITY_DN1200_c1_g1_i1.p1          0.99%    passed     15.31%
  19  DE510|Cluster-275.0__TRINITY_DN7716_c0_g1_i1.p1                 0.99%    passed    100.00%
  20  SRR3407088|Cluster-13002.0__TRINITY_DN6280_c0_g1_i1.p1          0.99%    passed    100.00%
  21  SRR3407087|Cluster-14208.0__TRINITY_DN30700_c0_g1_i1.p1         0.99%    passed    100.00%
  22  SRR3424066|Cluster-5987.0__TRINITY_DN32021_c0_g1_i1.p1          0.99%    passed    100.00%
  23  SRR3407094|Cluster-28322.0__TRINITY_DN11485_c0_g1_i1.p1         0.99%    passed    100.00%
  24  DE151|Cluster-22214.0__TRINITY_DN11268_c0_g1_i1.p1              0.99%    passed    100.00%
  25  DE173|Cluster-42407.1__TRINITY_DN16478_c1_g3_i1.p1              0.99%    passed    100.00%
  26  DE504|Cluster-39291.3__TRINITY_DN26582_c0_g1_i3.p1              0.99%    passed    100.00%
  27  DE531|Cluster-15874.1__TRINITY_DN5634_c2_g1_i1.p1               0.99%    passed    100.00%
  28  JJ36|Cluster-3277.0__TRINITY_DN17694_c0_g2_i1.p1                0.99%    passed    100.00%
  29  DE549|Cluster-30892.101__TRINITY_DN7797_c0_g2_i1.p1             0.99%    passed    100.00%
  30  DE696-dots|Cluster-30062.1__TRINITY_DN1141_c2_g1_i1.p1          0.99%    passed    100.00%
  31  JJ89|Cluster-36979.3__TRINITY_DN2739_c4_g1_i1.p1                0.99%    passed    100.00%
  32  JJ109|Cluster-3716.0__TRINITY_DN3037_c0_g2_i1.p1                0.99%    passed    100.00%
  33  DE696-nodots|Cluster-48635.0__TRINITY_DN2530_c0_g1_i1.p1        0.99%    passed    100.00%
  34  DE764|Cluster-16669.0__TRINITY_DN351_c2_g1_i1.p1                0.99%    passed    100.00%
  35  DE88|Cluster-39821.0__TRINITY_DN6029_c0_g1_i2.p1                0.99%    passed    100.00%
  36  DE152|Cluster-63442.0__TRINITY_DN32808_c0_g5_i2.p1              0.99%    passed     99.99%
  37  DE741|Cluster-14706.0__TRINITY_DN7361_c0_g1_i2.p1               0.99%    passed     99.98%
  38  DE126|Cluster-17158.0__TRINITY_DN7411_c2_g1_i1.p1               0.99%    passed     98.20%
  39  DE560|Cluster-38112.0__TRINITY_DN11538_c0_g1_i1.p1              0.99%    passed    100.00%
  40  DE546_urceolata_l|Cluster-15109.0__TRINITY_DN763_c2_g1_i1.p1    0.99%    passed    100.00%
  41  DE668|Cluster-1034.0__TRINITY_DN5623_c0_g1_i1.p1                0.99%    passed    100.00%
  42  DE680|Cluster-25359.19__TRINITY_DN24257_c0_g1_i1.p1             0.99%    passed    100.00%
  43  DE69|Cluster-40608.0__TRINITY_DN3738_c2_g1_i1.p1                0.99%    passed    100.00%
  44  DE623|Cluster-21260.0__TRINITY_DN7273_c0_g1_i1.p1               0.99%    passed    100.00%
  45  SRR3407095|Cluster-38590.0__TRINITY_DN3604_c0_g1_i1.p1          0.99%    passed    100.00%
  46  JJ99|Cluster-48644.0__TRINITY_DN51720_c0_g1_i1.p1               0.99%    passed    100.00%
  47  DE550|Cluster-35788.3__TRINITY_DN2096_c0_g1_i5.p1               0.99%    passed     99.94%
  48  DE737|Cluster-17450.0__TRINITY_DN1944_c0_g3_i1.p1               0.99%    passed     99.99%
  49  DE643|Cluster-30902.1__TRINITY_DN1423_c0_g1_i4.p1               0.99%    passed     99.54%
  50  DE671|Cluster-49739.0__TRINITY_DN27486_c0_g2_i1.p1              0.99%    passed     99.40%
  51  JJ86|Cluster-27641.6__TRINITY_DN51196_c0_g1_i1.p1               0.99%    passed    100.00%
  52  DE229|Cluster-14208.0__TRINITY_DN11327_c0_g1_i1.p1              0.99%    passed     11.53%
  53  DE566|Cluster-48344.1__TRINITY_DN1355_c0_g1_i9.p1               0.99%    passed    100.00%
  54  DE127|Cluster-8643.0__TRINITY_DN4232_c0_g2_i1.p1                0.99%    passed    100.00%
  55  DE216|Cluster-60074.2__TRINITY_DN3816_c0_g1_i4.p1               5.94%    passed    100.00%
  56  DE536|Cluster-35179.0__TRINITY_DN23692_c0_g2_i1.p1              0.99%    passed    100.00%
  57  DE542|Cluster-23188.0__TRINITY_DN3416_c0_g2_i1.p1               0.99%    passed    100.00%
  58  DE554|Cluster-67461.0__TRINITY_DN9337_c0_g1_i2.p1               0.99%    passed    100.00%
  59  DE666|Cluster-7481.0__TRINITY_DN25209_c0_g1_i1.p1               0.99%    passed    100.00%
  60  JJ15|Cluster-2755.1__TRINITY_DN8459_c0_g1_i3.p1                 0.99%    passed    100.00%
  61  JJ74|Cluster-90442.0__TRINITY_DN170044_c1_g1_i1.p1              0.99%    passed    100.00%
  62  SRR104381|Cluster-14329.0__TRINITY_DN30983_c0_g1_i1.p1          2.97%    failed      0.00%
  63  DRR234970|Cluster-38802.0__TRINITY_DN51943_c0_g1_i1.p1          0.99%    failed      0.00%
  64  DE575|Cluster-66046.0__TRINITY_DN19165_c0_g1_i1.p1              0.99%    passed    100.00%
  65  DE765|Cluster-22837.0__TRINITY_DN3259_c0_g6_i1.p1               0.99%    passed     99.81%
  66  SRR104381|Cluster-33402.0__TRINITY_DN4296_c0_g1_i4.p1           0.99%    failed      0.00%
  67  JJ131|Cluster-68543.1__TRINITY_DN12751_c0_g1_i4.p1              0.99%    passed     54.70%
  68  SRR5150740|Cluster-11503.0__TRINITY_DN6704_c0_g1_i1.p1          0.99%    failed      0.00%
****  TOTAL                                                           1.09%  4 sequences failed composition chi2 test (p-value<5%; df=60)
WARNING: States(s) CAT, TTA rarely appear in alignment and may cause numerical problems
Reading input tree file tmp.csubst.nwk ... rooted tree

NOTE: 20 MB RAM (0 GB) is required!
Measuring multi-threading efficiency up to 1 CPU cores
2 trees examined
Threads: 1 / Time: 1.461 sec / Speedup: 1.000 / Efficiency: 100% / LogL: -3324
BEST NUMBER OF THREADS: 1

Estimate model parameters (epsilon = 0.010)
1. Initial log-likelihood: -3206.027
2. Current log-likelihood: -2326.386
3. Current log-likelihood: -2325.386
4. Current log-likelihood: -2325.185
5. Current log-likelihood: -2325.162
Optimal log-likelihood: -2325.160
Nonsynonymous/synonymous ratio (omega): 1.000
Transition/transversion ratio (kappa): 1.000
Site proportion and rates:  (0.719,0.455) (0.198,1.673) (0.025,1.702) (0.058,5.160)
Parameters optimization took 5 rounds (21.918 sec)
Wrote distance file to... 
BEST SCORE FOUND : -2325.160
Ancestral state probabilities printed to /mnt/data0/yue/2026-03-11-protein-convergence/results/OG_9341/csubst_w_s/csubst_input_alignment.fa.state
Empirical proportions for each category: 0.752 0.188 0.000 0.059
Site rates printed to /mnt/data0/yue/2026-03-11-protein-convergence/results/OG_9341/csubst_w_s/csubst_input_alignment.fa.rate
Total tree length: 3.883

Total number of iterations: 0
CPU time used for tree search: 0.000 sec (0h:0m:0s)
Wall-clock time used for tree search: 0.000 sec (0h:0m:0s)
Total CPU time used: 24.247 sec (0h:0m:24s)
Total wall-clock time used: 24.398 sec (0h:0m:24s)

Analysis results written to: 
  IQ-TREE report:                /mnt/data0/yue/2026-03-11-protein-convergence/results/OG_9341/csubst_w_s/csubst_input_alignment.fa.iqtree
  Maximum-likelihood tree:       /mnt/data0/yue/2026-03-11-protein-convergence/results/OG_9341/csubst_w_s/csubst_input_alignment.fa.treefile
  Site-specific rates:           /mnt/data0/yue/2026-03-11-protein-convergence/results/OG_9341/csubst_w_s/csubst_input_alignment.fa.rate
  Ancestral state:               /mnt/data0/yue/2026-03-11-protein-convergence/results/OG_9341/csubst_w_s/csubst_input_alignment.fa.state
  Screen log file:               /mnt/data0/yue/2026-03-11-protein-convergence/results/OG_9341/csubst_w_s/csubst_input_alignment.fa.log

Date and Time: Sat Mar 28 05:33:29 2026
