IQ-TREE multicore version 2.4.0 for Linux x86 64-bit built Feb 12 2025
Developed by Bui Quang Minh, Nguyen Lam Tung, Olga Chernomor, Heiko Schmidt,
Dominik Schrempf, Michael Woodhams, Ly Trong Nhan, Thomas Wong

Host:    brain (AVX2, FMA3, 2015 GB RAM)
Command: /home/yue/miniconda3/envs/py39/bin/iqtree -s /mnt/data0/yue/2026-03-11-protein-convergence/results/OG_10120/csubst_w_s/csubst_input_alignment.fa -te tmp.csubst.nwk -m ECMK07+F+R4 --seqtype CODON1 --threads-max 1 -T AUTO --ancestral --rate --redo
Seed:    6543 (Using SPRNG - Scalable Parallel Random Number Generator)
Time:    Thu Mar 26 20:19:45 2026
Kernel:  AVX+FMA - auto-detect threads (128 CPU cores detected)

Reading alignment file /mnt/data0/yue/2026-03-11-protein-convergence/results/OG_10120/csubst_w_s/csubst_input_alignment.fa ... Fasta format detected
Reading fasta file: done in 0.00158684 secs using 66.55% CPU
Alignment most likely contains DNA/RNA sequences
Converting to codon sequences with genetic code 1 ...
Alignment has 69 sequences with 463 columns, 430 distinct patterns
316 parsimony-informative, 76 singleton sites, 71 constant sites
                                                               Gap/Ambiguity  Composition  p-value
Analyzing sequences: done in 7.47889e-05 secs using 65.52% CPU
   1  DRR234970|Cluster-40668.0__TRINITY_DN45331_c0_g1_i1.p1           0.65%    passed     99.52%
   2  JJ15|Cluster-8486.0__TRINITY_DN13101_c1_g1_i1.p1                 0.00%    passed    100.00%
   3  DE519|Cluster-31324.0__TRINITY_DN150798_c0_g1_i1.p1              0.65%    passed    100.00%
   4  JJ131|Cluster-14875.0__TRINITY_DN6643_c0_g1_i2.p1                0.43%    passed     75.53%
   5  DE681|Cluster-19077.0__TRINITY_DN12155_c0_g1_i2.p1               0.00%    passed     83.86%
   6  JJ74|Cluster-56272.0__TRINITY_DN1662_c0_g1_i1.p1                 0.00%    passed     95.44%
   7  DE534|Cluster-64582.0__TRINITY_DN3768_c0_g3_i1.p1                0.00%    passed    100.00%
   8  DE216|Cluster-6994.0__TRINITY_DN10963_c0_g1_i1.p1                0.00%    passed    100.00%
   9  DE536|Cluster-24005.0__TRINITY_DN44296_c0_g1_i1.p1               0.86%    passed     98.65%
  10  DE126|Cluster-13855.0__TRINITY_DN5161_c0_g1_i1.p1                0.00%    passed    100.00%
  11  DE575|Cluster-69071.0__TRINITY_DN15408_c0_g1_i2.p1               0.00%    passed     48.79%
  12  JJ125|Cluster-25656.0__TRINITY_DN42178_c0_g1_i1.p1               0.00%    passed     94.91%
  13  DE666|Cluster-11052.0__TRINITY_DN6216_c0_g1_i1.p1                0.00%    passed    100.00%
  14  SRR3407094|Cluster-28648.0__TRINITY_DN6289_c0_g1_i1.p1           0.22%    passed    100.00%
  15  DE505|Cluster-51826.0__TRINITY_DN8730_c0_g1_i1.p1                0.00%    passed    100.00%
  16  SRR3407092|Cluster-22847.0__TRINITY_DN4723_c0_g1_i1.p1           0.00%    passed    100.00%
  17  DE736|Cluster-62063.0__TRINITY_DN8171_c0_g1_i1.p1                0.00%    passed    100.00%
  18  DE509|Cluster-41040.0__TRINITY_DN2585_c0_g1_i1.p1                0.00%    passed    100.00%
  19  DE764|Cluster-27821.0__TRINITY_DN1504_c1_g1_i1.p1                0.00%    passed    100.00%
  20  DE741|Cluster-7831.0__TRINITY_DN1269_c0_g2_i1.p1                 0.22%    passed     99.98%
  21  DE560|Cluster-2335.0__TRINITY_DN7646_c0_g1_i1.p1                 0.00%    passed    100.00%
  22  DRR082660|Cluster-9685.3__TRINITY_DN2096_c0_g1_i11.p1            0.00%    passed     99.99%
  23  DE151|Cluster-16074.0__TRINITY_DN20567_c0_g1_i1.p1               0.00%    passed    100.00%
  24  DE173|Cluster-56024.0__TRINITY_DN8645_c0_g2_i1.p1                0.00%    passed    100.00%
  25  DE189|Cluster-44004.0__TRINITY_DN7559_c0_g1_i3.p1                0.00%    passed     99.96%
  26  JJ89|Cluster-13391.0__TRINITY_DN10230_c0_g1_i1.p1                0.00%    passed    100.00%
  27  DE476|Cluster-57036.0__TRINITY_DN10867_c0_g2_i1.p1               0.43%    passed    100.00%
  28  JJ36|Cluster-5587.0__TRINITY_DN8976_c0_g1_i1.p1                  0.00%    passed    100.00%
  29  DE531|Cluster-22974.0__TRINITY_DN13196_c0_g1_i1.p1               0.00%    passed    100.00%
  30  DE696-nodots|Cluster-3702.0__TRINITY_DN9381_c0_g1_i1.p1          0.00%    passed    100.00%
  31  DE696-dots|Cluster-50477.0__TRINITY_DN9265_c0_g1_i1.p1           0.00%    passed    100.00%
  32  JJ109|Cluster-45188.0__TRINITY_DN4927_c0_g1_i1.p1                0.00%    passed    100.00%
  33  JJ130|Cluster-19403.0__TRINITY_DN49599_c0_g1_i1.p1               0.00%    passed     99.82%
  34  DE164|Cluster-48147.1__TRINITY_DN2973_c0_g1_i18.p1               0.00%    passed    100.00%
  35  DE737|Cluster-42396.0__TRINITY_DN12938_c0_g1_i1.p1               0.00%    passed    100.00%
  36  DE672|Cluster-51266.0__TRINITY_DN29129_c0_g1_i1.p1               3.02%    passed    100.00%
  37  DE643|Cluster-53663.0__TRINITY_DN10471_c0_g1_i2.p1               0.00%    passed    100.00%
  38  DE671|Cluster-6016.0__TRINITY_DN14163_c1_g1_i1.p1                0.00%    passed    100.00%
  39  DE541|Cluster-1569.0__TRINITY_DN66672_c0_g1_i1.p1                0.00%    passed    100.00%
  40  DE504|Cluster-29214.0__TRINITY_DN7880_c0_g1_i1.p1                0.00%    passed    100.00%
  41  DE549|Cluster-40575.0__TRINITY_DN81834_c0_g1_i1.p1               0.00%    passed     99.62%
  42  DE550|Cluster-26856.0__TRINITY_DN15145_c0_g1_i1.p1               0.00%    passed    100.00%
  43  DE523|Cluster-32978.0__TRINITY_DN23905_c0_g2_i1.p1               0.00%    passed    100.00%
  44  SRR3407095|Cluster-46924.0__TRINITY_DN8205_c0_g1_i1.p1           0.00%    passed    100.00%
  45  DE69|Cluster-20079.0__TRINITY_DN987_c2_g1_i1.p1                  0.00%    passed     99.99%
  46  DE181|Cluster-47746.0__TRINITY_DN106120_c0_g1_i1.p1              0.00%    passed    100.00%
  47  SRR3407086|Cluster-4909.0__TRINITY_DN88688_c0_g1_i1.p1           0.00%    passed    100.00%
  48  DE503|Cluster-35744.0__TRINITY_DN2027_c3_g1_i1.p1                0.00%    passed    100.00%
  49  SRR3424066|Cluster-3433.0__TRINITY_DN4300_c0_g1_i1.p1            0.00%    passed    100.00%
  50  DE561|Cluster-35291.0__TRINITY_DN3246_c0_g1_i1.p1                0.00%    passed    100.00%
  51  SRR3407088|Cluster-28797.0__TRINITY_DN7095_c0_g1_i1.p1           0.00%    passed    100.00%
  52  SRR3407093|Cluster-21991.0__TRINITY_DN7727_c0_g1_i1.p1          38.88%    passed     98.73%
  53  DE510|Cluster-39042.0__TRINITY_DN3977_c5_g1_i1.p1                0.00%    passed    100.00%
  54  SRR3407087|Cluster-29682.0__TRINITY_DN2860_c1_g1_i1.p1           0.00%    passed    100.00%
  55  SRR3407096|Cluster-8066.0__TRINITY_DN13617_c0_g1_i1.p1           0.00%    passed    100.00%
  56  JJ85|Cluster-16815.0__TRINITY_DN10642_c2_g1_i1.p1                0.22%    passed     99.81%
  57  DE115|Cluster-6529.0__TRINITY_DN118767_c0_g1_i1.p1               4.10%    passed     99.57%
  58  DE546_urceolata_l|Cluster-27585.0__TRINITY_DN6395_c0_g2_i2.p1    0.00%    passed    100.00%
  59  DE563|Cluster-46233.0__TRINITY_DN14763_c0_g1_i1.p1               0.00%    passed    100.00%
  60  JJ86|Cluster-30703.0__TRINITY_DN68376_c0_g1_i1.p1                0.22%    passed    100.00%
  61  DE623|Cluster-28319.0__TRINITY_DN13270_c0_g1_i1.p1               0.00%    passed    100.00%
  62  DE680|Cluster-27428.0__TRINITY_DN6736_c0_g1_i1.p1                0.00%    passed    100.00%
  63  DE127|Cluster-42441.0__TRINITY_DN3328_c0_g1_i2.p1                0.00%    passed    100.00%
  64  DE554|Cluster-22205.0__TRINITY_DN125161_c0_g1_i1.p1              0.00%    passed    100.00%
  65  DE162|Cluster-26741.0__TRINITY_DN54131_c0_g1_i1.p1               0.00%    passed    100.00%
  66  DE528|Cluster-5852.0__TRINITY_DN20049_c0_g1_i1.p1                0.00%    passed    100.00%
  67  DE507|Cluster-42349.0__TRINITY_DN142325_c0_g1_i1.p1              0.00%    passed    100.00%
  68  DE704-white|Cluster-60853.0__TRINITY_DN7239_c0_g1_i1.p1         37.58%    passed     99.83%
  69  DE765|Cluster-54648.0__TRINITY_DN628_c1_g1_i2.p1                 0.00%    passed     79.26%
****  TOTAL                                                            1.27%  0 sequences failed composition chi2 test (p-value<5%; df=60)
Reading input tree file tmp.csubst.nwk ... rooted tree

NOTE: 64 MB RAM (0 GB) is required!
Measuring multi-threading efficiency up to 1 CPU cores
2 trees examined
Threads: 1 / Time: 3.320 sec / Speedup: 1.000 / Efficiency: 100% / LogL: -23937
BEST NUMBER OF THREADS: 1

Estimate model parameters (epsilon = 0.010)
1. Initial log-likelihood: -18422.971
2. Current log-likelihood: -14062.372
3. Current log-likelihood: -14039.997
4. Current log-likelihood: -14039.827
5. Current log-likelihood: -14039.755
6. Current log-likelihood: -14039.724
7. Current log-likelihood: -14039.710
Optimal log-likelihood: -14039.705
Nonsynonymous/synonymous ratio (omega): 1.000
Transition/transversion ratio (kappa): 1.000
Site proportion and rates:  (0.576,0.402) (0.310,1.368) (0.104,2.874) (0.011,4.336)
Parameters optimization took 7 rounds (85.466 sec)
Wrote distance file to... 
BEST SCORE FOUND : -14039.705
Ancestral state probabilities printed to /mnt/data0/yue/2026-03-11-protein-convergence/results/OG_10120/csubst_w_s/csubst_input_alignment.fa.state
Empirical proportions for each category: 0.585 0.320 0.093 0.002
Site rates printed to /mnt/data0/yue/2026-03-11-protein-convergence/results/OG_10120/csubst_w_s/csubst_input_alignment.fa.rate
Total tree length: 5.117

Total number of iterations: 0
CPU time used for tree search: 0.000 sec (0h:0m:0s)
Wall-clock time used for tree search: 0.000 sec (0h:0m:0s)
Total CPU time used: 90.797 sec (0h:1m:30s)
Total wall-clock time used: 91.184 sec (0h:1m:31s)

Analysis results written to: 
  IQ-TREE report:                /mnt/data0/yue/2026-03-11-protein-convergence/results/OG_10120/csubst_w_s/csubst_input_alignment.fa.iqtree
  Maximum-likelihood tree:       /mnt/data0/yue/2026-03-11-protein-convergence/results/OG_10120/csubst_w_s/csubst_input_alignment.fa.treefile
  Site-specific rates:           /mnt/data0/yue/2026-03-11-protein-convergence/results/OG_10120/csubst_w_s/csubst_input_alignment.fa.rate
  Ancestral state:               /mnt/data0/yue/2026-03-11-protein-convergence/results/OG_10120/csubst_w_s/csubst_input_alignment.fa.state
  Screen log file:               /mnt/data0/yue/2026-03-11-protein-convergence/results/OG_10120/csubst_w_s/csubst_input_alignment.fa.log

Date and Time: Thu Mar 26 20:21:16 2026
