IQ-TREE multicore version 2.4.0 for Linux x86 64-bit built Feb 12 2025
Developed by Bui Quang Minh, Nguyen Lam Tung, Olga Chernomor, Heiko Schmidt,
Dominik Schrempf, Michael Woodhams, Ly Trong Nhan, Thomas Wong

Host:    brain (AVX2, FMA3, 2015 GB RAM)
Command: /home/yue/miniconda3/envs/py39/bin/iqtree -s /mnt/data0/yue/2026-03-11-protein-convergence/results/OG_4857/csubst_w_s/csubst_input_alignment.fa -te tmp.csubst.nwk -m ECMK07+F+R4 --seqtype CODON1 --threads-max 1 -T AUTO --ancestral --rate --redo
Seed:    927724 (Using SPRNG - Scalable Parallel Random Number Generator)
Time:    Fri Mar 27 15:36:39 2026
Kernel:  AVX+FMA - auto-detect threads (128 CPU cores detected)

Reading alignment file /mnt/data0/yue/2026-03-11-protein-convergence/results/OG_4857/csubst_w_s/csubst_input_alignment.fa ... Fasta format detected
Reading fasta file: done in 0.00155145 secs using 49.89% CPU
Alignment most likely contains DNA/RNA sequences
Converting to codon sequences with genetic code 1 ...
WARNING: 1 sites contain only gaps or ambiguous characters.
Alignment has 72 sequences with 408 columns, 375 distinct patterns
183 parsimony-informative, 120 singleton sites, 104 constant sites
                                                               Gap/Ambiguity  Composition  p-value
Analyzing sequences: done in 8.99136e-05 secs using 48.94% CPU
   1  DE115|Cluster-41454.8__TRINITY_DN703_c2_g1_i4.p1                 0.25%    passed    100.00%
   2  JJ86|Cluster-19275.7__TRINITY_DN1838_c1_g1_i2.p1                52.94%    passed     99.34%
   3  DE126|Cluster-7628.0__TRINITY_DN4830_c0_g1_i1.p1                 0.25%    passed    100.00%
   4  DE546_urceolata_l|Cluster-14536.0__TRINITY_DN1329_c1_g2_i1.p1   52.94%    passed     99.26%
   5  DE127|Cluster-28847.0__TRINITY_DN5319_c0_g2_i1.p1               52.94%    passed     95.18%
   6  DE554|Cluster-63168.0__TRINITY_DN8189_c0_g1_i1.p1               52.94%    passed     92.76%
   7  DE623|Cluster-36264.0__TRINITY_DN2842_c1_g1_i7.p1               52.94%    passed     99.63%
   8  DE680|Cluster-32500.0__TRINITY_DN7458_c0_g2_i1.p1                0.25%    passed    100.00%
   9  DE152|Cluster-37702.0__TRINITY_DN3867_c0_g1_i1.p1               52.94%    passed     99.74%
  10  DE666|Cluster-24716.3__TRINITY_DN620_c0_g1_i15.p1               52.94%    passed     99.70%
  11  DE507|Cluster-82895.0__TRINITY_DN19533_c0_g1_i2.p1              52.94%    passed     98.94%
  12  DE528|Cluster-33832.0__TRINITY_DN6126_c1_g2_i1.p1               52.94%    passed     99.07%
  13  DE575|Cluster-58004.0__TRINITY_DN6380_c0_g1_i2.p1               52.94%    passed     90.40%
  14  DE681|Cluster-29998.0__TRINITY_DN9941_c0_g1_i5.p1                0.25%    passed    100.00%
  15  DE765|Cluster-17153.0__TRINITY_DN753_c1_g3_i1.p1                52.94%    passed     98.79%
  16  DE704-purple|Cluster-31659.2__TRINITY_DN3720_c0_g3_i3.p1        52.94%    passed     97.70%
  17  JJ99|Cluster-36239.1__TRINITY_DN24196_c0_g1_i5.p1               50.25%    passed     99.97%
  18  DE566|Cluster-31037.0__TRINITY_DN10331_c0_g1_i1.p1               0.25%    passed    100.00%
  19  JJ74|Cluster-56433.0__TRINITY_DN9547_c0_g1_i1.p1                 0.25%    passed    100.00%
  20  JJ23|Cluster-27859.0__TRINITY_DN1221_c0_g2_i1.p1                 2.21%    passed    100.00%
  21  DE229|Cluster-94622.1__TRINITY_DN837_c0_g3_i1.p1                52.94%    passed     99.37%
  22  JJ131|Cluster-25224.2__TRINITY_DN10450_c0_g1_i2.p1               0.49%    passed     99.63%
  23  DE550|Cluster-9533.0__TRINITY_DN5926_c0_g1_i1.p1                 0.25%    passed    100.00%
  24  DE151|Cluster-30993.0__TRINITY_DN2924_c0_g1_i1.p1                0.25%    passed    100.00%
  25  DE189|Cluster-11181.0__TRINITY_DN38978_c0_g1_i2.p1               0.25%    passed    100.00%
  26  DE173|Cluster-6416.0__TRINITY_DN1738_c0_g1_i1.p1                 0.25%    passed    100.00%
  27  JJ109|Cluster-30671.0__TRINITY_DN2764_c1_g1_i2.p1                0.25%    passed    100.00%
  28  JJ130|Cluster-31579.1__TRINITY_DN5343_c0_g1_i4.p1                0.25%    passed    100.00%
  29  DE672|Cluster-23499.0__TRINITY_DN9757_c0_g1_i2.p1                0.25%    passed    100.00%
  30  DE476|Cluster-38442.0__TRINITY_DN61638_c0_g1_i1.p1               0.25%    passed    100.00%
  31  DE504|Cluster-58168.0__TRINITY_DN15452_c0_g1_i1.p1               0.25%    passed    100.00%
  32  DE764|Cluster-23234.0__TRINITY_DN1640_c0_g1_i2.p1                0.25%    passed    100.00%
  33  DE549|Cluster-27781.0__TRINITY_DN3539_c0_g1_i1.p1                0.25%    passed    100.00%
  34  DE736|Cluster-10779.1__TRINITY_DN8119_c0_g1_i4.p1                0.25%    passed    100.00%
  35  DE509|Cluster-11176.0__TRINITY_DN2737_c0_g1_i1.p1                0.25%    passed    100.00%
  36  DE737|Cluster-44051.0__TRINITY_DN495_c1_g1_i4.p1                 0.25%    passed    100.00%
  37  JJ89|Cluster-20948.0__TRINITY_DN44398_c0_g1_i1.p1                0.25%    passed    100.00%
  38  DE541|Cluster-21235.0__TRINITY_DN1676_c0_g1_i1.p1                0.25%    passed    100.00%
  39  DE671|Cluster-23322.0__TRINITY_DN2772_c0_g1_i1.p1                0.25%    passed    100.00%
  40  DE643|Cluster-84530.1__TRINITY_DN6031_c0_g1_i3.p1                0.25%    passed    100.00%
  41  DE88|Cluster-38513.0__TRINITY_DN8244_c0_g1_i2.p1                 0.25%    passed    100.00%
  42  DE181|Cluster-47359.0__TRINITY_DN94195_c0_g1_i1.p1               0.25%    passed    100.00%
  43  SRR3407086|Cluster-17613.0__TRINITY_DN96692_c0_g1_i1.p1          0.25%    passed    100.00%
  44  DE503|Cluster-9174.0__TRINITY_DN4369_c0_g1_i1.p1                 0.25%    passed    100.00%
  45  DE561|Cluster-49700.0__TRINITY_DN5528_c0_g2_i4.p1               52.94%    passed     98.54%
  46  SRR3407087|Cluster-16603.0__TRINITY_DN35990_c0_g1_i1.p1         52.94%    passed     99.51%
  47  DE510|Cluster-11999.0__TRINITY_DN47835_c0_g1_i1.p1               0.25%    passed    100.00%
  48  SRR3424066|Cluster-22644.0__TRINITY_DN19124_c1_g1_i1.p1          0.25%    passed    100.00%
  49  SRR3407088|Cluster-5929.0__TRINITY_DN19033_c0_g2_i1.p1           0.25%    passed    100.00%
  50  SRR3407093|Cluster-20642.0__TRINITY_DN5067_c0_g1_i1.p1          52.94%    passed     95.52%
  51  DE505|Cluster-33099.0__TRINITY_DN5446_c1_g1_i3.p1                0.25%    passed    100.00%
  52  DE523|Cluster-565.0__TRINITY_DN81922_c0_g1_i1.p1                 0.25%    passed    100.00%
  53  SRR3407094|Cluster-4394.0__TRINITY_DN38562_c0_g1_i1.p1           0.25%    passed    100.00%
  54  SRR3407092|Cluster-27563.0__TRINITY_DN12302_c0_g2_i2.p1          0.25%    passed    100.00%
  55  SRR3407096|Cluster-6125.0__TRINITY_DN31675_c0_g1_i1.p1           0.25%    passed    100.00%
  56  DE69|Cluster-44718.1__TRINITY_DN5119_c0_g1_i2.p1                 0.25%    passed    100.00%
  57  SRR3407095|Cluster-15530.0__TRINITY_DN5259_c0_g1_i1.p1           0.25%    passed    100.00%
  58  DE216|Cluster-53786.0__TRINITY_DN4327_c0_g1_i8.p1                0.25%    passed    100.00%
  59  JJ15|Cluster-55557.0__TRINITY_DN1678_c3_g1_i1.p1                 0.25%    passed     99.99%
  60  DE536|Cluster-12635.0__TRINITY_DN4958_c0_g2_i1.p1                0.25%    passed    100.00%
  61  JJ125|Cluster-8536.0__TRINITY_DN38339_c0_g1_i1.p1                0.25%    passed    100.00%
  62  DRR082660|Cluster-12471.0__TRINITY_DN34122_c0_g1_i1.p1           0.98%    passed    100.00%
  63  DE534|Cluster-18432.0__TRINITY_DN5247_c0_g1_i6.p1                0.25%    passed    100.00%
  64  DE519|Cluster-75761.0__TRINITY_DN155058_c0_g1_i1.p1              0.25%    passed    100.00%
  65  DE741|Cluster-22928.0__TRINITY_DN11950_c0_g1_i3.p1               0.25%    passed    100.00%
  66  DE696-dots|Cluster-51735.0__TRINITY_DN419_c0_g2_i1.p1            0.25%    passed    100.00%
  67  DE696-nodots|Cluster-30031.0__TRINITY_DN7275_c0_g1_i1.p1         0.25%    passed    100.00%
  68  JJ36|Cluster-26959.1__TRINITY_DN3336_c1_g1_i4.p1                 0.25%    passed    100.00%
  69  DE531|Cluster-46384.0__TRINITY_DN16756_c0_g1_i2.p1               0.25%    passed    100.00%
  70  DE164|Cluster-30387.998__TRINITY_DN129_c0_g1_i6.p1              25.98%    passed    100.00%
  71  DE668|Cluster-50972.0__TRINITY_DN15334_c0_g1_i2.p1               0.25%    passed    100.00%
  72  DE704-white|Cluster-56709.0__TRINITY_DN8115_c0_g1_i13.p1         0.25%    passed     99.93%
WARNING: 17 sequences contain more than 50% gaps/ambiguity
****  TOTAL                                                           13.05%  0 sequences failed composition chi2 test (p-value<5%; df=60)
Reading input tree file tmp.csubst.nwk ... rooted tree

NOTE: 59 MB RAM (0 GB) is required!
Measuring multi-threading efficiency up to 1 CPU cores
2 trees examined
Threads: 1 / Time: 3.341 sec / Speedup: 1.000 / Efficiency: 100% / LogL: -10939
BEST NUMBER OF THREADS: 1

Estimate model parameters (epsilon = 0.010)
1. Initial log-likelihood: -11693.277
2. Current log-likelihood: -7421.925
3. Current log-likelihood: -7421.898
4. Current log-likelihood: -7421.887
Optimal log-likelihood: -7421.878
Nonsynonymous/synonymous ratio (omega): 1.000
Transition/transversion ratio (kappa): 1.000
Site proportion and rates:  (0.565,0.471) (0.301,1.187) (0.119,2.575) (0.015,4.689)
Parameters optimization took 4 rounds (44.890 sec)
Wrote distance file to... 
BEST SCORE FOUND : -7421.878
Ancestral state probabilities printed to /mnt/data0/yue/2026-03-11-protein-convergence/results/OG_4857/csubst_w_s/csubst_input_alignment.fa.state
Empirical proportions for each category: 0.669 0.223 0.105 0.002
Site rates printed to /mnt/data0/yue/2026-03-11-protein-convergence/results/OG_4857/csubst_w_s/csubst_input_alignment.fa.rate
Total tree length: 2.423

Total number of iterations: 0
CPU time used for tree search: 0.000 sec (0h:0m:0s)
Wall-clock time used for tree search: 0.000 sec (0h:0m:0s)
Total CPU time used: 50.090 sec (0h:0m:50s)
Total wall-clock time used: 50.423 sec (0h:0m:50s)

Analysis results written to: 
  IQ-TREE report:                /mnt/data0/yue/2026-03-11-protein-convergence/results/OG_4857/csubst_w_s/csubst_input_alignment.fa.iqtree
  Maximum-likelihood tree:       /mnt/data0/yue/2026-03-11-protein-convergence/results/OG_4857/csubst_w_s/csubst_input_alignment.fa.treefile
  Site-specific rates:           /mnt/data0/yue/2026-03-11-protein-convergence/results/OG_4857/csubst_w_s/csubst_input_alignment.fa.rate
  Ancestral state:               /mnt/data0/yue/2026-03-11-protein-convergence/results/OG_4857/csubst_w_s/csubst_input_alignment.fa.state
  Screen log file:               /mnt/data0/yue/2026-03-11-protein-convergence/results/OG_4857/csubst_w_s/csubst_input_alignment.fa.log

Date and Time: Fri Mar 27 15:37:30 2026
