IQ-TREE multicore version 2.4.0 for Linux x86 64-bit built Feb 12 2025
Developed by Bui Quang Minh, Nguyen Lam Tung, Olga Chernomor, Heiko Schmidt,
Dominik Schrempf, Michael Woodhams, Ly Trong Nhan, Thomas Wong

Host:    brain (AVX2, FMA3, 2015 GB RAM)
Command: /home/yue/miniconda3/envs/py39/bin/iqtree -s /mnt/data0/yue/2026-03-11-protein-convergence/results/OG_11016/csubst_w_s/csubst_input_alignment.fa -te tmp.csubst.nwk -m ECMK07+F+R4 --seqtype CODON1 --threads-max 1 -T AUTO --ancestral --rate --redo
Seed:    824980 (Using SPRNG - Scalable Parallel Random Number Generator)
Time:    Thu Mar 26 21:43:19 2026
Kernel:  AVX+FMA - auto-detect threads (128 CPU cores detected)

Reading alignment file /mnt/data0/yue/2026-03-11-protein-convergence/results/OG_11016/csubst_w_s/csubst_input_alignment.fa ... Fasta format detected
Reading fasta file: done in 0.00102542 secs
Alignment most likely contains DNA/RNA sequences
Converting to codon sequences with genetic code 1 ...
WARNING: 1 sites contain only gaps or ambiguous characters.
Alignment has 65 sequences with 311 columns, 291 distinct patterns
154 parsimony-informative, 92 singleton sites, 65 constant sites
                                                                Gap/Ambiguity  Composition  p-value
Analyzing sequences: done in 4.78476e-05 secs using 98.23% CPU
   1  DRR082660|Cluster-15274.0__TRINITY_DN39628_c0_g1_i1.p1            0.64%    passed    100.00%
   2  DE181|Cluster-22291.2__TRINITY_DN17992_c2_g1_i1.p1                0.32%    passed    100.00%
   3  SRR3407086|Cluster-41470.0__TRINITY_DN4713_c0_g1_i1.p1            0.32%    passed    100.00%
   4  DE668|Cluster-2863.0__TRINITY_DN26942_c0_g1_i1.p1                 0.32%    passed    100.00%
   5  SRR3407096|Cluster-17168.0__TRINITY_DN26186_c0_g1_i1.p1           0.32%    passed    100.00%
   6  DE523|Cluster-20845.0__TRINITY_DN8281_c0_g1_i1.p1                 0.32%    passed    100.00%
   7  JJ125|Cluster-22016.0__TRINITY_DN8971_c0_g1_i1.p1                 0.32%    passed    100.00%
   8  DE536|Cluster-39138.0__TRINITY_DN14590_c0_g2_i2.p1                0.32%    passed    100.00%
   9  DE534|Cluster-61136.0__TRINITY_DN3934_c0_g1_i1.p1                 0.32%    passed    100.00%
  10  DE542|Cluster-36349.0__TRINITY_DN13302_c0_g1_i3.p1                0.32%    passed    100.00%
  11  DE216|Cluster-50483.0__TRINITY_DN8386_c0_g1_i1.p1                 0.32%    passed    100.00%
  12  JJ15|Cluster-36052.0__TRINITY_DN11471_c2_g4_i1.p1                 0.32%    passed    100.00%
  13  SRR3407093|Cluster-27016.0__TRINITY_DN7501_c0_g1_i1.p1            0.32%    passed    100.00%
  14  DE229|Cluster-89847.0__TRINITY_DN9973_c0_g1_i1.p1                 0.32%    passed    100.00%
  15  JJ109|Cluster-16183.2__TRINITY_DN29689_c1_g1_i2.p1                6.43%    passed    100.00%
  16  SRR11748982|Cluster-34928.0__TRINITY_DN4938_c0_g1_i1.p1           9.32%    failed      0.01%
  17  JJ130|Cluster-43609.1__TRINITY_DN12615_c0_g1_i2.p1               65.27%    failed      0.18%
  18  DE152|Cluster-45128.0__TRINITY_DN751_c0_g3_i1.p1                  0.32%    passed    100.00%
  19  JJ99|Cluster-5065.0__TRINITY_DN11994_c0_g1_i1.p1                  0.32%    passed    100.00%
  20  SRR3407092|Cluster-16900.0__TRINITY_DN5826_c0_g1_i1.p1            0.32%    passed    100.00%
  21  SRR3424066|Cluster-27313.0__TRINITY_DN7056_c0_g4_i1.p1            0.32%    passed    100.00%
  22  DE561|Cluster-37312.0__TRINITY_DN13001_c2_g1_i1.p1                0.32%    passed    100.00%
  23  DE503|Cluster-58885.0__TRINITY_DN4548_c0_g1_i1.p1                 0.32%    passed    100.00%
  24  DE510|Cluster-15269.0__TRINITY_DN9365_c0_g2_i1.p1                 0.32%    passed    100.00%
  25  SRR3407087|Cluster-33284.0__TRINITY_DN5364_c0_g1_i1.p1            0.32%    passed    100.00%
  26  DE505|Cluster-32249.1__TRINITY_DN8143_c0_g2_i3.p1                 0.32%    passed    100.00%
  27  SRR3407094|Cluster-20327.0__TRINITY_DN8965_c1_g1_i1.p1            0.32%    passed    100.00%
  28  SRR3407095|Cluster-24085.0__TRINITY_DN6814_c0_g1_i1.p1            0.32%    passed    100.00%
  29  DE69|Cluster-3993.1__TRINITY_DN12227_c1_g1_i3.p1                  0.32%    passed    100.00%
  30  JJ85|Cluster-27455.0__TRINITY_DN4739_c0_g1_i1.p1                  0.32%    passed    100.00%
  31  DE519|Cluster-22035.0__TRINITY_DN10016_c1_g1_i1.p1                0.32%    passed    100.00%
  32  DE737|Cluster-19258.0__TRINITY_DN14320_c1_g1_i1.p1                0.32%    passed    100.00%
  33  DE476|Cluster-35229.0__TRINITY_DN7739_c0_g2_i1.p1                10.61%    passed    100.00%
  34  DE127|Cluster-18354.0__TRINITY_DN437_c0_g1_i1.p1                  0.32%    passed    100.00%
  35  DE554|Cluster-57118.0__TRINITY_DN1343_c0_g1_i2.p1                 0.32%    passed    100.00%
  36  DE115|Cluster-31846.0__TRINITY_DN3233_c0_g3_i2.p1                 0.32%    passed    100.00%
  37  DE563|Cluster-52297.23__TRINITY_DN7116_c0_g1_i2.p1                0.32%    passed    100.00%
  38  DE507|Cluster-48017.0__TRINITY_DN4142_c0_g1_i3.p1                 0.32%    passed    100.00%
  39  DE704-white|Cluster-71398.0__TRINITY_DN12033_c1_g1_i2.p1          0.32%    passed    100.00%
  40  DE528|Cluster-24625.0__TRINITY_DN3812_c0_g1_i1.p1                 0.32%    passed    100.00%
  41  DE704-purple|Cluster-59660.0__TRINITY_DN21510_c0_g1_i2.p1         0.32%    passed    100.00%
  42  DE575|Cluster-29141.0__TRINITY_DN9582_c0_g1_i1.p1                 0.32%    passed    100.00%
  43  DE681|Cluster-34544.0__TRINITY_DN4359_c1_g1_i1.p1                 0.32%    passed    100.00%
  44  DE765|Cluster-53025.0__TRINITY_DN4711_c0_g1_i1.p1                 0.32%    passed    100.00%
  45  JJ86|Cluster-22323.0__TRINITY_DN10249_c0_g1_i1.p1                 0.32%    passed    100.00%
  46  DE126|Cluster-14654.0__TRINITY_DN24028_c0_g1_i1.p1                0.32%    passed    100.00%
  47  DE546_urceolata_l|Cluster-24638.0__TRINITY_DN66019_c0_g1_i1.p1    0.32%    passed    100.00%
  48  DE151|Cluster-9322.0__TRINITY_DN20379_c0_g1_i1.p1                 0.32%    passed    100.00%
  49  DE189|Cluster-31140.0__TRINITY_DN7983_c0_g1_i1.p1                 0.32%    passed    100.00%
  50  DE504|Cluster-23264.0__TRINITY_DN10869_c0_g1_i1.p1                0.32%    passed    100.00%
  51  DE509|Cluster-22998.0__TRINITY_DN53360_c0_g1_i1.p1                0.32%    passed    100.00%
  52  DE736|Cluster-11742.0__TRINITY_DN5630_c0_g1_i1.p1                 0.32%    passed    100.00%
  53  DE764|Cluster-3087.0__TRINITY_DN222_c0_g3_i1.p1                   0.32%    passed    100.00%
  54  DE549|Cluster-30615.0__TRINITY_DN4424_c0_g1_i1.p1                 0.32%    passed    100.00%
  55  DE541|Cluster-3277.0__TRINITY_DN8988_c0_g1_i1.p1                  0.32%    passed    100.00%
  56  DE550|Cluster-3823.0__TRINITY_DN11739_c0_g1_i1.p1                 0.32%    passed    100.00%
  57  JJ36|Cluster-38725.0__TRINITY_DN69_c3_g1_i2.p1                    0.32%    passed    100.00%
  58  DE696-nodots|Cluster-32221.0__TRINITY_DN6120_c0_g1_i1.p1          0.32%    passed    100.00%
  59  DE531|Cluster-43607.0__TRINITY_DN10446_c0_g1_i1.p1                0.32%    passed    100.00%
  60  DE696-dots|Cluster-58765.0__TRINITY_DN3012_c0_g2_i1.p1            0.32%    passed    100.00%
  61  DE164|Cluster-12165.0__TRINITY_DN7585_c3_g1_i1.p1                 0.32%    passed    100.00%
  62  DE643|Cluster-35605.0__TRINITY_DN3098_c0_g1_i1.p1                 0.64%    passed    100.00%
  63  DE671|Cluster-48606.0__TRINITY_DN3231_c0_g1_i1.p1                 0.64%    passed    100.00%
  64  DE566|Cluster-34513.0__TRINITY_DN11089_c0_g1_i1.p1                0.32%    passed    100.00%
  65  DRR234970|Cluster-12327.0__TRINITY_DN2046_c0_g3_i1.p1             0.64%    passed     80.30%
WARNING: 1 sequences contain more than 50% gaps/ambiguity
****  TOTAL                                                             1.73%  2 sequences failed composition chi2 test (p-value<5%; df=60)
Reading input tree file tmp.csubst.nwk ... rooted tree

NOTE: 43 MB RAM (0 GB) is required!
Measuring multi-threading efficiency up to 1 CPU cores
2 trees examined
Threads: 1 / Time: 2.322 sec / Speedup: 1.000 / Efficiency: 100% / LogL: -8846
BEST NUMBER OF THREADS: 1

Estimate model parameters (epsilon = 0.010)
1. Initial log-likelihood: -9307.452
2. Current log-likelihood: -6240.870
3. Current log-likelihood: -6240.746
4. Current log-likelihood: -6240.688
5. Current log-likelihood: -6240.657
6. Current log-likelihood: -6240.639
7. Current log-likelihood: -6240.628
Optimal log-likelihood: -6240.620
Nonsynonymous/synonymous ratio (omega): 1.000
Transition/transversion ratio (kappa): 1.000
Site proportion and rates:  (0.629,0.471) (0.226,1.175) (0.121,2.525) (0.024,5.488)
Parameters optimization took 7 rounds (50.208 sec)
Wrote distance file to... 
BEST SCORE FOUND : -6240.620
Ancestral state probabilities printed to /mnt/data0/yue/2026-03-11-protein-convergence/results/OG_11016/csubst_w_s/csubst_input_alignment.fa.state
Empirical proportions for each category: 0.723 0.154 0.100 0.023
Site rates printed to /mnt/data0/yue/2026-03-11-protein-convergence/results/OG_11016/csubst_w_s/csubst_input_alignment.fa.rate
Total tree length: 3.022

Total number of iterations: 0
CPU time used for tree search: 0.000 sec (0h:0m:0s)
Wall-clock time used for tree search: 0.000 sec (0h:0m:0s)
Total CPU time used: 54.004 sec (0h:0m:54s)
Total wall-clock time used: 54.082 sec (0h:0m:54s)

Analysis results written to: 
  IQ-TREE report:                /mnt/data0/yue/2026-03-11-protein-convergence/results/OG_11016/csubst_w_s/csubst_input_alignment.fa.iqtree
  Maximum-likelihood tree:       /mnt/data0/yue/2026-03-11-protein-convergence/results/OG_11016/csubst_w_s/csubst_input_alignment.fa.treefile
  Site-specific rates:           /mnt/data0/yue/2026-03-11-protein-convergence/results/OG_11016/csubst_w_s/csubst_input_alignment.fa.rate
  Ancestral state:               /mnt/data0/yue/2026-03-11-protein-convergence/results/OG_11016/csubst_w_s/csubst_input_alignment.fa.state
  Screen log file:               /mnt/data0/yue/2026-03-11-protein-convergence/results/OG_11016/csubst_w_s/csubst_input_alignment.fa.log

Date and Time: Thu Mar 26 21:44:13 2026
