IQ-TREE multicore version 2.4.0 for Linux x86 64-bit built Feb 12 2025
Developed by Bui Quang Minh, Nguyen Lam Tung, Olga Chernomor, Heiko Schmidt,
Dominik Schrempf, Michael Woodhams, Ly Trong Nhan, Thomas Wong

Host:    brain (AVX2, FMA3, 2015 GB RAM)
Command: /home/yue/miniconda3/envs/py39/bin/iqtree -s /mnt/data0/yue/2026-03-11-protein-convergence/results/OG_11002/csubst_w_s/csubst_input_alignment.fa -te tmp.csubst.nwk -m ECMK07+F+R4 --seqtype CODON1 --threads-max 1 -T AUTO --ancestral --rate --redo
Seed:    433496 (Using SPRNG - Scalable Parallel Random Number Generator)
Time:    Thu Mar 26 21:42:28 2026
Kernel:  AVX+FMA - auto-detect threads (128 CPU cores detected)

Reading alignment file /mnt/data0/yue/2026-03-11-protein-convergence/results/OG_11002/csubst_w_s/csubst_input_alignment.fa ... Fasta format detected
Reading fasta file: done in 0.000753894 secs using 38.07% CPU
Alignment most likely contains DNA/RNA sequences
Converting to codon sequences with genetic code 1 ...
Alignment has 62 sequences with 209 columns, 178 distinct patterns
90 parsimony-informative, 33 singleton sites, 86 constant sites
                                                               Gap/Ambiguity  Composition  p-value
Analyzing sequences: done in 3.09497e-05 secs using 96.93% CPU
   1  DE189|Cluster-45830.0__TRINITY_DN8524_c0_g2_i2.p1                0.48%    passed    100.00%
   2  DE672|Cluster-51351.0__TRINITY_DN3643_c0_g1_i2.p1                0.00%    passed    100.00%
   3  DE115|Cluster-40955.0__TRINITY_DN17879_c0_g2_i2.p1               0.00%    passed    100.00%
   4  DE152|Cluster-28458.0__TRINITY_DN6657_c0_g1_i2.p1               38.28%    passed    100.00%
   5  DE216|Cluster-24713.0__TRINITY_DN11407_c0_g1_i1.p1              38.28%    passed     99.84%
   6  DE542|Cluster-44425.0__TRINITY_DN12598_c0_g1_i1.p1              38.28%    passed    100.00%
   7  JJ85|Cluster-11789.0__TRINITY_DN14_c0_g1_i2.p1                  38.28%    passed    100.00%
   8  DE151|Cluster-40171.0__TRINITY_DN4584_c0_g1_i4.p1                3.35%    passed    100.00%
   9  DE88|Cluster-16765.0__TRINITY_DN9312_c0_g1_i2.p1                38.28%    passed     97.50%
  10  DE164|Cluster-52155.0__TRINITY_DN7057_c0_g1_i4.p1               38.28%    passed    100.00%
  11  JJ89|Cluster-11867.0__TRINITY_DN5682_c0_g2_i2.p1                38.28%    passed    100.00%
  12  DE173|Cluster-44288.0__TRINITY_DN6695_c0_g1_i2.p1                0.00%    passed     99.59%
  13  DE696-nodots|Cluster-31242.0__TRINITY_DN4281_c0_g1_i4.p1        38.28%    passed    100.00%
  14  DE696-dots|Cluster-37002.0__TRINITY_DN13100_c0_g1_i1.p1         38.28%    passed    100.00%
  15  JJ130|Cluster-34181.0__TRINITY_DN13296_c0_g1_i2.p1              38.28%    passed    100.00%
  16  DE69|Cluster-39375.1__TRINITY_DN2437_c0_g1_i1.p1                 0.00%    passed    100.00%
  17  SRR3407095|Cluster-28463.0__TRINITY_DN6417_c0_g1_i2.p1           1.44%    passed    100.00%
  18  JJ23|Cluster-33228.0__TRINITY_DN3460_c0_g1_i1.p1                 4.78%    passed    100.00%
  19  JJ125|Cluster-2915.0__TRINITY_DN4248_c0_g1_i2.p1                38.28%    passed     95.67%
  20  DE536|Cluster-5996.0__TRINITY_DN2891_c0_g1_i1.p1                 0.00%    passed     99.91%
  21  JJ131|Cluster-52307.0__TRINITY_DN18280_c0_g1_i5.p1               0.00%    passed     96.86%
  22  JJ109|Cluster-39329.0__TRINITY_DN2892_c0_g1_i19.p1               0.00%    passed    100.00%
  23  JJ36|Cluster-44541.0__TRINITY_DN9232_c0_g1_i1.p1                 0.00%    passed    100.00%
  24  DE550|Cluster-30985.0__TRINITY_DN3299_c0_g1_i2.p1               38.28%    passed    100.00%
  25  DE736|Cluster-36212.0__TRINITY_DN3841_c0_g1_i1.p1               38.28%    passed    100.00%
  26  DE549|Cluster-24262.0__TRINITY_DN2851_c0_g1_i6.p1               38.28%    passed    100.00%
  27  DE127|Cluster-2745.0__TRINITY_DN5131_c1_g1_i1.p1                 0.00%    passed    100.00%
  28  DE575|Cluster-21741.0__TRINITY_DN6219_c0_g1_i1.p1                5.26%    passed    100.00%
  29  DE666|Cluster-28126.1__TRINITY_DN5758_c0_g1_i3.p1                5.26%    passed    100.00%
  30  DE554|Cluster-56563.234__TRINITY_DN8422_c0_g1_i1.p1              0.00%    passed    100.00%
  31  DE681|Cluster-42373.0__TRINITY_DN7511_c0_g1_i1.p1                0.00%    passed    100.00%
  32  DE765|Cluster-15781.0__TRINITY_DN6034_c0_g1_i2.p1                0.00%    passed    100.00%
  33  DE162|Cluster-26222.0__TRINITY_DN3996_c0_g1_i6.p1                5.74%    passed    100.00%
  34  DE507|Cluster-49681.0__TRINITY_DN7603_c0_g1_i1.p1                0.00%    passed    100.00%
  35  DE704-white|Cluster-65376.0__TRINITY_DN20419_c0_g1_i1.p1         5.26%    passed    100.00%
  36  DE528|Cluster-59111.0__TRINITY_DN2357_c0_g1_i1.p1                0.00%    passed    100.00%
  37  DE704-purple|Cluster-37852.0__TRINITY_DN5487_c0_g1_i1.p1         0.00%    passed    100.00%
  38  DE523|Cluster-43656.0__TRINITY_DN596_c0_g2_i5.p1                38.28%    passed    100.00%
  39  SRR3407096|Cluster-24959.2__TRINITY_DN9177_c0_g1_i32.p1          0.48%    passed    100.00%
  40  DE671|Cluster-13886.0__TRINITY_DN7377_c0_g1_i2.p1               38.28%    passed    100.00%
  41  DE126|Cluster-8664.0__TRINITY_DN5143_c0_g1_i9.p1                 0.00%    passed    100.00%
  42  DE546_urceolata_l|Cluster-42977.0__TRINITY_DN2529_c0_g1_i1.p1    0.00%    passed    100.00%
  43  JJ86|Cluster-7022.0__TRINITY_DN60968_c0_g1_i1.p1                 0.00%    passed    100.00%
  44  DE563|Cluster-824.0__TRINITY_DN4189_c0_g1_i1.p1                  0.00%    passed    100.00%
  45  JJ99|Cluster-12077.0__TRINITY_DN3500_c0_g1_i1.p1                41.63%    passed     99.57%
  46  DE764|Cluster-957.0__TRINITY_DN3192_c0_g1_i1.p1                  0.00%    passed    100.00%
  47  DE509|Cluster-43632.0__TRINITY_DN258_c0_g2_i1.p1                 0.00%    passed    100.00%
  48  DE519|Cluster-12577.2__TRINITY_DN2728_c0_g1_i31.p1              41.63%    passed     96.01%
  49  DRR082660|Cluster-30080.0__TRINITY_DN15597_c0_g1_i1.p1           0.00%    passed     97.32%
  50  DE741|Cluster-52749.0__TRINITY_DN1592_c0_g1_i2.p1                0.00%    passed    100.00%
  51  DE643|Cluster-69212.0__TRINITY_DN12185_c0_g1_i1.p1               0.00%    passed    100.00%
  52  DE504|Cluster-44876.0__TRINITY_DN13850_c0_g1_i1.p1              41.63%    passed     99.71%
  53  DE541|Cluster-45053.0__TRINITY_DN1953_c0_g1_i2.p1                0.00%    passed    100.00%
  54  DE668|Cluster-39716.0__TRINITY_DN3657_c0_g1_i1.p1                0.00%    passed    100.00%
  55  SRR3407092|Cluster-24968.0__TRINITY_DN833_c0_g1_i1.p1            0.00%    passed    100.00%
  56  DE510|Cluster-39565.1__TRINITY_DN931_c0_g2_i5.p1                 0.00%    passed    100.00%
  57  SRR3424066|Cluster-36598.4__TRINITY_DN960_c0_g2_i11.p1           0.00%    passed    100.00%
  58  SRR3407094|Cluster-20471.0__TRINITY_DN2020_c1_g1_i1.p1           0.00%    passed    100.00%
  59  SRR3407087|Cluster-32972.0__TRINITY_DN5289_c1_g2_i7.p1           0.00%    passed    100.00%
  60  SRR3407093|Cluster-7246.1__TRINITY_DN1202_c0_g1_i2.p1            0.00%    passed    100.00%
  61  JJ74|Cluster-71945.1__TRINITY_DN78051_c0_g3_i6.p1               41.63%    passed     98.75%
  62  DE566|Cluster-54316.2__TRINITY_DN2638_c0_g1_i2.p1               41.63%    passed     96.21%
****  TOTAL                                                           13.75%  0 sequences failed composition chi2 test (p-value<5%; df=60)
WARNING: States(s) AGC rarely appear in alignment and may cause numerical problems
Reading input tree file tmp.csubst.nwk ... rooted tree

NOTE: 28 MB RAM (0 GB) is required!
Measuring multi-threading efficiency up to 1 CPU cores
2 trees examined
Threads: 1 / Time: 2.353 sec / Speedup: 1.000 / Efficiency: 100% / LogL: -4583
BEST NUMBER OF THREADS: 1

Estimate model parameters (epsilon = 0.010)
1. Initial log-likelihood: -5268.686
2. Current log-likelihood: -3676.604
3. Current log-likelihood: -3675.887
4. Current log-likelihood: -3675.656
5. Current log-likelihood: -3675.401
6. Current log-likelihood: -3675.076
7. Current log-likelihood: -3674.703
8. Current log-likelihood: -3674.382
9. Current log-likelihood: -3674.149
10. Current log-likelihood: -3673.969
11. Current log-likelihood: -3673.814
12. Current log-likelihood: -3673.686
13. Current log-likelihood: -3673.596
14. Current log-likelihood: -3673.544
15. Current log-likelihood: -3673.518
16. Current log-likelihood: -3673.507
Optimal log-likelihood: -3673.502
Nonsynonymous/synonymous ratio (omega): 1.000
Transition/transversion ratio (kappa): 1.000
Site proportion and rates:  (0.712,0.215) (0.152,0.968) (0.053,2.386) (0.083,6.904)
Parameters optimization took 16 rounds (78.068 sec)
Wrote distance file to... 
BEST SCORE FOUND : -3673.502
Ancestral state probabilities printed to /mnt/data0/yue/2026-03-11-protein-convergence/results/OG_11002/csubst_w_s/csubst_input_alignment.fa.state
Empirical proportions for each category: 0.742 0.129 0.048 0.081
Site rates printed to /mnt/data0/yue/2026-03-11-protein-convergence/results/OG_11002/csubst_w_s/csubst_input_alignment.fa.rate
Total tree length: 4.055

Total number of iterations: 0
CPU time used for tree search: 0.000 sec (0h:0m:0s)
Wall-clock time used for tree search: 0.000 sec (0h:0m:0s)
Total CPU time used: 81.378 sec (0h:1m:21s)
Total wall-clock time used: 81.455 sec (0h:1m:21s)

Analysis results written to: 
  IQ-TREE report:                /mnt/data0/yue/2026-03-11-protein-convergence/results/OG_11002/csubst_w_s/csubst_input_alignment.fa.iqtree
  Maximum-likelihood tree:       /mnt/data0/yue/2026-03-11-protein-convergence/results/OG_11002/csubst_w_s/csubst_input_alignment.fa.treefile
  Site-specific rates:           /mnt/data0/yue/2026-03-11-protein-convergence/results/OG_11002/csubst_w_s/csubst_input_alignment.fa.rate
  Ancestral state:               /mnt/data0/yue/2026-03-11-protein-convergence/results/OG_11002/csubst_w_s/csubst_input_alignment.fa.state
  Screen log file:               /mnt/data0/yue/2026-03-11-protein-convergence/results/OG_11002/csubst_w_s/csubst_input_alignment.fa.log

Date and Time: Thu Mar 26 21:43:49 2026
