IQ-TREE multicore version 2.4.0 for Linux x86 64-bit built Feb 12 2025
Developed by Bui Quang Minh, Nguyen Lam Tung, Olga Chernomor, Heiko Schmidt,
Dominik Schrempf, Michael Woodhams, Ly Trong Nhan, Thomas Wong

Host:    brain (AVX2, FMA3, 2015 GB RAM)
Command: /home/yue/miniconda3/envs/py39/bin/iqtree -s /mnt/data0/yue/2026-03-11-protein-convergence/results/OG_11333/csubst_w_s/csubst_input_alignment.fa -te tmp.csubst.nwk -m ECMK07+F+R4 --seqtype CODON1 --threads-max 1 -T AUTO --ancestral --rate --redo
Seed:    29518 (Using SPRNG - Scalable Parallel Random Number Generator)
Time:    Thu Mar 26 22:11:07 2026
Kernel:  AVX+FMA - auto-detect threads (128 CPU cores detected)

Reading alignment file /mnt/data0/yue/2026-03-11-protein-convergence/results/OG_11333/csubst_w_s/csubst_input_alignment.fa ... Fasta format detected
Reading fasta file: done in 0.00106359 secs using 33.28% CPU
Alignment most likely contains DNA/RNA sequences
Converting to codon sequences with genetic code 1 ...
WARNING: 1 sites contain only gaps or ambiguous characters.
Alignment has 63 sequences with 328 columns, 299 distinct patterns
166 parsimony-informative, 83 singleton sites, 79 constant sites
                                                              Gap/Ambiguity  Composition  p-value
Analyzing sequences: done in 4.65065e-05 secs
   1  DE741|Cluster-52730.0__TRINITY_DN667_c0_g1_i1.p1                3.66%    passed    100.00%
   2  DE534|Cluster-1931.0__TRINITY_DN4175_c0_g1_i1.p1                0.30%    passed    100.00%
   3  DE115|Cluster-30464.0__TRINITY_DN3833_c2_g1_i1.p1               0.30%    passed    100.00%
   4  JJ86|Cluster-7552.0__TRINITY_DN8311_c1_g1_i1.p1                 0.30%    passed    100.00%
   5  DE575|Cluster-30273.0__TRINITY_DN29662_c0_g1_i3.p1              0.30%    passed    100.00%
   6  DE681|Cluster-29185.0__TRINITY_DN3823_c0_g1_i1.p1               0.30%    passed    100.00%
   7  DE668|Cluster-23252.0__TRINITY_DN3782_c0_g1_i4.p1               0.30%    passed    100.00%
   8  DE623|Cluster-47378.0__TRINITY_DN1456_c0_g1_i2.p1               0.30%    passed    100.00%
   9  DE666|Cluster-34655.0__TRINITY_DN725_c0_g1_i1.p1                0.30%    passed    100.00%
  10  DE127|Cluster-39470.0__TRINITY_DN7224_c0_g2_i1.p1               0.30%    passed    100.00%
  11  DE162|Cluster-43490.0__TRINITY_DN8155_c0_g1_i1.p1               0.30%    passed    100.00%
  12  DE528|Cluster-52786.0__TRINITY_DN2934_c0_g1_i2.p1               0.30%    passed    100.00%
  13  DE704-purple|Cluster-20585.0__TRINITY_DN1514_c1_g1_i1.p1        0.30%    passed    100.00%
  14  DE704-white|Cluster-52934.0__TRINITY_DN3810_c0_g1_i1.p1         0.30%    passed    100.00%
  15  JJ23|Cluster-21305.0__TRINITY_DN7468_c0_g1_i1.p1                0.30%    passed    100.00%
  16  DE519|Cluster-64365.0__TRINITY_DN98406_c0_g1_i1.p1              0.30%    passed    100.00%
  17  DE151|Cluster-58704.2__TRINITY_DN12780_c0_g1_i3.p1              0.30%    passed    100.00%
  18  DE173|Cluster-58489.0__TRINITY_DN18280_c0_g1_i2.p1              0.30%    passed    100.00%
  19  JJ130|Cluster-29050.0__TRINITY_DN15929_c0_g1_i1.p1              0.30%    passed    100.00%
  20  DE189|Cluster-6950.0__TRINITY_DN4463_c0_g1_i1.p1                0.30%    passed    100.00%
  21  DE164|Cluster-60475.0__TRINITY_DN4226_c0_g2_i1.p1               0.30%    passed    100.00%
  22  DE672|Cluster-2892.0__TRINITY_DN5499_c0_g1_i1.p1                0.30%    passed    100.00%
  23  JJ89|Cluster-21239.0__TRINITY_DN3122_c0_g2_i1.p1                0.30%    passed    100.00%
  24  DE476|Cluster-61337.0__TRINITY_DN2858_c0_g1_i1.p1               0.30%    passed    100.00%
  25  DE696-dots|Cluster-17679.0__TRINITY_DN2806_c0_g1_i6.p1          0.30%    passed    100.00%
  26  DE696-nodots|Cluster-4931.309__TRINITY_DN2670_c1_g1_i5.p1       0.30%    passed    100.00%
  27  DE531|Cluster-37157.0__TRINITY_DN2191_c1_g1_i2.p1               0.30%    passed    100.00%
  28  JJ109|Cluster-3458.1__TRINITY_DN1280_c0_g2_i1.p2               67.38%    passed     20.87%
  29  DE737|Cluster-52387.0__TRINITY_DN9340_c0_g1_i1.p1               0.30%    passed    100.00%
  30  JJ36|Cluster-39163.0__TRINITY_DN4959_c0_g2_i1.p1                0.30%    passed    100.00%
  31  DE541|Cluster-31717.0__TRINITY_DN14327_c0_g1_i1.p1              0.30%    passed    100.00%
  32  DE764|Cluster-21984.0__TRINITY_DN4202_c0_g2_i1.p1               0.30%    passed    100.00%
  33  DE88|Cluster-14222.0__TRINITY_DN2018_c0_g1_i2.p1                0.30%    passed    100.00%
  34  DE549|Cluster-13833.0__TRINITY_DN5661_c0_g1_i1.p1               0.30%    passed    100.00%
  35  DE504|Cluster-30987.0__TRINITY_DN9906_c1_g1_i1.p1               0.30%    passed    100.00%
  36  DE736|Cluster-34522.0__TRINITY_DN4467_c0_g1_i1.p1               0.30%    passed    100.00%
  37  DE509|Cluster-6649.0__TRINITY_DN1209_c0_g1_i1.p1                0.30%    passed    100.00%
  38  DE550|Cluster-27256.0__TRINITY_DN6435_c0_g1_i2.p1               0.30%    passed    100.00%
  39  DE523|Cluster-33822.0__TRINITY_DN56101_c0_g1_i1.p1              0.30%    passed    100.00%
  40  SRR3407096|Cluster-20765.0__TRINITY_DN130_c0_g1_i1.p1           0.30%    passed    100.00%
  41  JJ74|Cluster-107108.0__TRINITY_DN95364_c0_g2_i1.p1              0.30%    passed    100.00%
  42  DE560|Cluster-48614.0__TRINITY_DN3759_c0_g1_i1.p1               0.30%    passed    100.00%
  43  SRR3424066|Cluster-26596.0__TRINITY_DN1664_c0_g1_i1.p1          0.30%    passed    100.00%
  44  DE561|Cluster-38833.0__TRINITY_DN8299_c0_g1_i1.p1               0.30%    passed    100.00%
  45  DE181|Cluster-44478.0__TRINITY_DN9121_c0_g1_i1.p1               0.30%    passed    100.00%
  46  SRR3407088|Cluster-13802.0__TRINITY_DN2184_c0_g1_i4.p1          0.30%    passed    100.00%
  47  SRR3407086|Cluster-7478.0__TRINITY_DN520_c0_g1_i1.p1            0.30%    passed    100.00%
  48  DE503|Cluster-51225.0__TRINITY_DN7064_c0_g1_i1.p1               0.30%    passed    100.00%
  49  SRR3407093|Cluster-25684.0__TRINITY_DN6189_c0_g1_i1.p1          0.30%    passed    100.00%
  50  SRR3407094|Cluster-21568.0__TRINITY_DN522_c0_g1_i1.p1           0.30%    passed    100.00%
  51  SRR3407087|Cluster-13419.0__TRINITY_DN3200_c0_g1_i1.p1          0.30%    passed    100.00%
  52  DE505|Cluster-29946.0__TRINITY_DN5167_c0_g1_i1.p1               0.30%    passed    100.00%
  53  SRR3407092|Cluster-2348.0__TRINITY_DN1917_c0_g1_i1.p1           0.30%    passed    100.00%
  54  SRR3407095|Cluster-25250.0__TRINITY_DN621_c0_g1_i1.p1           0.30%    passed    100.00%
  55  DE69|Cluster-7336.0__TRINITY_DN20330_c0_g1_i1.p1                0.30%    passed    100.00%
  56  DE643|Cluster-73045.1__TRINITY_DN30124_c0_g1_i4.p1              0.30%    passed    100.00%
  57  JJ85|Cluster-42850.0__TRINITY_DN4884_c0_g2_i1.p1                0.30%    passed    100.00%
  58  DE216|Cluster-7406.0__TRINITY_DN3829_c0_g2_i1.p1                0.30%    passed    100.00%
  59  JJ15|Cluster-39827.0__TRINITY_DN15505_c0_g1_i1.p1               0.30%    passed    100.00%
  60  DE542|Cluster-40034.0__TRINITY_DN8645_c0_g1_i1.p1               0.30%    passed    100.00%
  61  DE536|Cluster-37279.0__TRINITY_DN2166_c0_g1_i1.p1               0.30%    passed    100.00%
  62  JJ131|Cluster-42867.0__TRINITY_DN4757_c0_g1_i4.p1               0.30%    passed    100.00%
  63  DE546_urceolata_l|Cluster-33540.0__TRINITY_DN146_c0_g1_i2.p1   30.79%    passed     57.14%
WARNING: 1 sequences contain more than 50% gaps/ambiguity
****  TOTAL                                                           1.91%  0 sequences failed composition chi2 test (p-value<5%; df=60)
Reading input tree file tmp.csubst.nwk ... rooted tree

NOTE: 42 MB RAM (0 GB) is required!
Measuring multi-threading efficiency up to 1 CPU cores
2 trees examined
Threads: 1 / Time: 2.198 sec / Speedup: 1.000 / Efficiency: 100% / LogL: -11567
BEST NUMBER OF THREADS: 1

Estimate model parameters (epsilon = 0.010)
1. Initial log-likelihood: -10234.146
2. Current log-likelihood: -7502.930
3. Current log-likelihood: -7482.030
4. Current log-likelihood: -7478.698
5. Current log-likelihood: -7478.628
6. Current log-likelihood: -7478.575
7. Current log-likelihood: -7478.529
8. Current log-likelihood: -7478.490
9. Current log-likelihood: -7478.456
10. Current log-likelihood: -7478.427
11. Current log-likelihood: -7478.404
12. Current log-likelihood: -7478.386
13. Current log-likelihood: -7478.371
14. Current log-likelihood: -7478.359
Optimal log-likelihood: -7478.350
Nonsynonymous/synonymous ratio (omega): 1.000
Transition/transversion ratio (kappa): 1.000
Site proportion and rates:  (0.577,0.315) (0.156,0.884) (0.243,2.037) (0.024,7.648)
Parameters optimization took 14 rounds (95.419 sec)
Wrote distance file to... 
BEST SCORE FOUND : -7478.350
Ancestral state probabilities printed to /mnt/data0/yue/2026-03-11-protein-convergence/results/OG_11333/csubst_w_s/csubst_input_alignment.fa.state
Empirical proportions for each category: 0.677 0.052 0.247 0.024
Site rates printed to /mnt/data0/yue/2026-03-11-protein-convergence/results/OG_11333/csubst_w_s/csubst_input_alignment.fa.rate
Total tree length: 3.502

Total number of iterations: 0
CPU time used for tree search: 0.000 sec (0h:0m:0s)
Wall-clock time used for tree search: 0.000 sec (0h:0m:0s)
Total CPU time used: 98.753 sec (0h:1m:38s)
Total wall-clock time used: 99.048 sec (0h:1m:39s)

Analysis results written to: 
  IQ-TREE report:                /mnt/data0/yue/2026-03-11-protein-convergence/results/OG_11333/csubst_w_s/csubst_input_alignment.fa.iqtree
  Maximum-likelihood tree:       /mnt/data0/yue/2026-03-11-protein-convergence/results/OG_11333/csubst_w_s/csubst_input_alignment.fa.treefile
  Site-specific rates:           /mnt/data0/yue/2026-03-11-protein-convergence/results/OG_11333/csubst_w_s/csubst_input_alignment.fa.rate
  Ancestral state:               /mnt/data0/yue/2026-03-11-protein-convergence/results/OG_11333/csubst_w_s/csubst_input_alignment.fa.state
  Screen log file:               /mnt/data0/yue/2026-03-11-protein-convergence/results/OG_11333/csubst_w_s/csubst_input_alignment.fa.log

Date and Time: Thu Mar 26 22:12:46 2026
