IQ-TREE multicore version 2.4.0 for Linux x86 64-bit built Feb 12 2025
Developed by Bui Quang Minh, Nguyen Lam Tung, Olga Chernomor, Heiko Schmidt,
Dominik Schrempf, Michael Woodhams, Ly Trong Nhan, Thomas Wong

Host:    brain (AVX2, FMA3, 2015 GB RAM)
Command: /home/yue/miniconda3/envs/py39/bin/iqtree -s /mnt/data0/yue/2026-03-11-protein-convergence/results/OG_633/csubst_w_s/csubst_input_alignment.fa -te tmp.csubst.nwk -m ECMK07+F+R4 --seqtype CODON1 --threads-max 1 -T AUTO --ancestral --rate --redo
Seed:    44091 (Using SPRNG - Scalable Parallel Random Number Generator)
Time:    Fri Mar 27 21:08:29 2026
Kernel:  AVX+FMA - auto-detect threads (128 CPU cores detected)

Reading alignment file /mnt/data0/yue/2026-03-11-protein-convergence/results/OG_633/csubst_w_s/csubst_input_alignment.fa ... Fasta format detected
Reading fasta file: done in 0.00128646 secs using 49.98% CPU
Alignment most likely contains DNA/RNA sequences
Converting to codon sequences with genetic code 1 ...
WARNING: 1 sites contain only gaps or ambiguous characters.
Alignment has 129 sequences with 179 columns, 179 distinct patterns
147 parsimony-informative, 16 singleton sites, 16 constant sites
                                                               Gap/Ambiguity  Composition  p-value
Analyzing sequences: done in 8.37743e-05 secs using 50.13% CPU
   1  JJ74|Cluster-95858.0__TRINITY_DN81038_c0_g1_i3.p1                5.59%    passed     94.62%
   2  DE164|Cluster-51913.2__TRINITY_DN976_c0_g1_i2.p1                 0.56%    passed    100.00%
   3  DE504|Cluster-32917.0__TRINITY_DN12918_c0_g3_i2.p1              10.06%    passed     99.99%
   4  JJ125|Cluster-21486.0__TRINITY_DN13090_c0_g1_i2.p1               5.03%    passed     98.89%
   5  DE666|Cluster-12152.0__TRINITY_DN210_c1_g2_i1.p1                 0.56%    passed     99.99%
   6  DE546_urceolata_l|Cluster-38303.0__TRINITY_DN4482_c0_g1_i2.p1    1.68%    passed     99.37%
   7  DE510|Cluster-5282.0__TRINITY_DN12249_c1_g1_i2.p1                6.70%    passed     99.87%
   8  JJ86|Cluster-49964.0__TRINITY_DN2615_c1_g1_i1.p1                 0.56%    passed    100.00%
   9  DE680|Cluster-1699.0__TRINITY_DN1645_c0_g3_i1.p1                 0.56%    passed    100.00%
  10  DE115|Cluster-36499.1__TRINITY_DN4631_c2_g1_i2.p1                0.56%    passed     99.99%
  11  DE623|Cluster-60384.1__TRINITY_DN18_c0_g1_i2.p1                  0.56%    passed     99.99%
  12  DE126|Cluster-2733.0__TRINITY_DN8947_c0_g3_i1.p1                 0.56%    passed     98.28%
  13  DE162|Cluster-23071.0__TRINITY_DN900_c0_g2_i1.p1                 0.56%    passed     99.92%
  14  DE507|Cluster-31514.0__TRINITY_DN6709_c0_g1_i1.p1                0.56%    passed     86.45%
  15  DE528|Cluster-3401.0__TRINITY_DN2013_c0_g2_i1.p1                 0.56%    passed     99.92%
  16  DE704-purple|Cluster-17106.0__TRINITY_DN7461_c0_g2_i2.p1         0.56%    passed     99.73%
  17  DE704-white|Cluster-31932.0__TRINITY_DN372_c0_g1_i2.p1           0.56%    passed     99.92%
  18  DE546_urceolata_l|Cluster-22073.0__TRINITY_DN4482_c0_g2_i1.p1    0.56%    passed     99.95%
  19  DE127|Cluster-8075.0__TRINITY_DN40_c0_g2_i1.p1                   0.56%    passed     99.95%
  20  DE554|Cluster-7713.0__TRINITY_DN8500_c0_g2_i1.p1                 0.56%    passed     99.99%
  21  DE575|Cluster-4489.0__TRINITY_DN8303_c0_g1_i1.p1                 0.56%    passed     99.83%
  22  DE681|Cluster-26626.0__TRINITY_DN1312_c0_g1_i2.p1                0.56%    passed     99.95%
  23  DE765|Cluster-50766.0__TRINITY_DN5387_c0_g1_i1.p1                0.56%    passed     99.61%
  24  JJ86|Cluster-8131.0__TRINITY_DN903_c3_g1_i1.p1                   0.56%    passed     99.90%
  25  DE563|Cluster-39237.0__TRINITY_DN1421_c0_g1_i1.p1                0.56%    passed     99.93%
  26  DE152|Cluster-2277.0__TRINITY_DN6438_c1_g2_i1.p1                 0.56%    passed     99.97%
  27  JJ99|Cluster-31457.0__TRINITY_DN1430_c0_g1_i1.p1                 0.56%    passed     99.98%
  28  DE680|Cluster-45054.0__TRINITY_DN1645_c0_g1_i1.p1                0.56%    passed    100.00%
  29  DE531|Cluster-43059.0__TRINITY_DN1573_c0_g1_i2.p1                0.56%    passed     99.88%
  30  SRR3407095|Cluster-21634.0__TRINITY_DN2042_c0_g1_i1.p1           0.56%    passed     99.47%
  31  DE69|Cluster-38706.0__TRINITY_DN5036_c0_g2_i1.p1                 0.56%    passed     99.11%
  32  DE509|Cluster-1180.0__TRINITY_DN1017_c0_g1_i1.p1                 0.56%    passed     99.98%
  33  DE519|Cluster-8217.0__TRINITY_DN146_c0_g3_i1.p1                 10.06%    passed     99.93%
  34  DE696-dots|Cluster-33749.0__TRINITY_DN2873_c0_g1_i1.p1           0.56%    passed     99.85%
  35  DE696-nodots|Cluster-62731.0__TRINITY_DN3848_c0_g1_i1.p1         0.56%    passed     99.94%
  36  DE736|Cluster-58921.0__TRINITY_DN349_c0_g2_i1.p1                 0.56%    passed     99.99%
  37  DE764|Cluster-4042.0__TRINITY_DN853_c1_g1_i1.p1                  0.56%    passed     99.99%
  38  JJ109|Cluster-16117.0__TRINITY_DN2713_c0_g2_i1.p1                0.56%    passed     98.50%
  39  JJ36|Cluster-6325.0__TRINITY_DN1204_c0_g1_i1.p1                  0.56%    passed     99.90%
  40  DE523|Cluster-32541.0__TRINITY_DN3_c0_g2_i1.p1                   0.56%    passed     99.97%
  41  SRR3407096|Cluster-3796.0__TRINITY_DN99_c0_g3_i1.p1              0.56%    passed     99.99%
  42  JJ85|Cluster-25127.1__TRINITY_DN2454_c0_g1_i2.p1                 0.56%    passed     99.29%
  43  DE671|Cluster-21949.0__TRINITY_DN3526_c0_g2_i2.p1                0.56%    passed     99.99%
  44  DE737|Cluster-38171.0__TRINITY_DN262_c0_g3_i3.p1                 0.56%    passed     99.83%
  45  DE672|Cluster-25913.0__TRINITY_DN703_c0_g2_i1.p1                 0.56%    passed     99.88%
  46  JJ89|Cluster-29741.0__TRINITY_DN668_c0_g1_i1.p1                  0.56%    passed     99.88%
  47  DE549|Cluster-7009.0__TRINITY_DN5086_c0_g1_i2.p1                 0.56%    passed     98.93%
  48  JJ130|Cluster-32605.0__TRINITY_DN181_c0_g1_i5.p1                 0.56%    passed     99.98%
  49  DE542|Cluster-13410.0__TRINITY_DN11013_c0_g1_i1.p1               0.56%    passed    100.00%
  50  DRR082660|Cluster-38583.0__TRINITY_DN4424_c0_g1_i1.p1            2.79%    passed    100.00%
  51  DE643|Cluster-63201.0__TRINITY_DN1240_c0_g1_i7.p1                0.56%    passed     99.96%
  52  DE741|Cluster-54144.1__TRINITY_DN11979_c0_g1_i5.p1               0.56%    passed     99.54%
  53  JJ23|Cluster-12529.0__TRINITY_DN176_c0_g1_i1.p1                  0.56%    passed     99.99%
  54  DE229|Cluster-78632.0__TRINITY_DN2177_c0_g1_i1.p1                0.56%    passed    100.00%
  55  DE668|Cluster-18252.0__TRINITY_DN1642_c0_g1_i3.p1                0.56%    passed     99.40%
  56  DE503|Cluster-41975.0__TRINITY_DN16510_c0_g1_i2.p1               0.56%    passed     99.86%
  57  DE505|Cluster-40527.0__TRINITY_DN22_c0_g2_i1.p1                  0.56%    passed     99.94%
  58  SRR3407092|Cluster-13018.0__TRINITY_DN7467_c0_g2_i1.p1           0.56%    passed     99.02%
  59  SRR3407094|Cluster-37791.0__TRINITY_DN10527_c0_g2_i2.p1          0.56%    passed     99.69%
  60  DE510|Cluster-29495.0__TRINITY_DN12249_c1_g2_i2.p1               0.56%    passed     99.71%
  61  SRR3407093|Cluster-26972.0__TRINITY_DN2770_c0_g1_i1.p1           0.56%    passed     99.65%
  62  SRR3407086|Cluster-9668.0__TRINITY_DN96535_c0_g1_i1.p1           0.56%    passed     99.23%
  63  DE561|Cluster-30354.0__TRINITY_DN3497_c0_g2_i1.p1                0.56%    passed     99.80%
  64  SRR3407088|Cluster-34832.1__TRINITY_DN5894_c0_g2_i5.p1           0.56%    passed     99.83%
  65  SRR3424066|Cluster-41485.0__TRINITY_DN5515_c0_g2_i1.p1           0.56%    passed     99.80%
  66  JJ131|Cluster-61044.1__TRINITY_DN151_c0_g2_i2.p1                 0.56%    passed     99.21%
  67  DE126|Cluster-25509.0__TRINITY_DN8947_c0_g2_i2.p1                0.56%    passed     99.99%
  68  DE563|Cluster-16084.0__TRINITY_DN1421_c0_g2_i1.p1                1.12%    passed    100.00%
  69  DE507|Cluster-79066.0__TRINITY_DN1953_c0_g1_i1.p1                0.56%    passed    100.00%
  70  DE528|Cluster-23265.0__TRINITY_DN2013_c0_g1_i1.p1                0.56%    passed    100.00%
  71  DE704-purple|Cluster-43615.0__TRINITY_DN7461_c0_g1_i4.p1         0.56%    passed    100.00%
  72  DE704-white|Cluster-70121.0__TRINITY_DN372_c0_g3_i1.p1           0.56%    passed     99.99%
  73  DE151|Cluster-47015.1__TRINITY_DN1678_c0_g1_i7.p1                0.56%    passed    100.00%
  74  SRR3407088|Cluster-18284.0__TRINITY_DN1309_c1_g1_i1.p1           9.50%    passed     99.99%
  75  DE189|Cluster-37913.1__TRINITY_DN1256_c0_g3_i2.p1                0.56%    passed    100.00%
  76  DE549|Cluster-52305.1__TRINITY_DN4028_c0_g1_i4.p1                0.56%    passed    100.00%
  77  DE531|Cluster-21414.0__TRINITY_DN19579_c0_g1_i1.p1               0.56%    passed    100.00%
  78  DE181|Cluster-32934.2__TRINITY_DN34437_c0_g1_i7.p1               0.56%    passed    100.00%
  79  SRR3407086|Cluster-19859.0__TRINITY_DN6310_c0_g1_i1.p1           0.56%    passed    100.00%
  80  DE503|Cluster-15965.0__TRINITY_DN16510_c0_g2_i2.p1               0.56%    passed     99.99%
  81  DE505|Cluster-6789.0__TRINITY_DN22_c0_g1_i1.p1                   0.56%    passed    100.00%
  82  SRR3407092|Cluster-27379.0__TRINITY_DN7467_c0_g1_i1.p1           0.56%    passed     99.99%
  83  SRR3407093|Cluster-22039.0__TRINITY_DN2770_c0_g3_i1.p1           0.56%    passed     99.99%
  84  SRR3407094|Cluster-30574.0__TRINITY_DN10527_c0_g1_i1.p1          0.56%    passed    100.00%
  85  SRR3424066|Cluster-40011.0__TRINITY_DN5515_c0_g3_i1.p1           0.56%    passed     99.99%
  86  DE561|Cluster-2124.0__TRINITY_DN3497_c0_g1_i2.p1                 0.56%    passed     99.99%
  87  DE764|Cluster-34232.1__TRINITY_DN853_c0_g1_i3.p1                 0.56%    passed    100.00%
  88  DE509|Cluster-27428.0__TRINITY_DN22079_c0_g1_i1.p1               0.56%    passed     99.46%
  89  DE672|Cluster-53272.0__TRINITY_DN703_c0_g1_i1.p1                 0.56%    passed    100.00%
  90  DE152|Cluster-25956.0__TRINITY_DN6438_c1_g1_i2.p1                0.56%    passed    100.00%
  91  DE229|Cluster-17710.0__TRINITY_DN2177_c0_g2_i1.p1                0.56%    passed     99.99%
  92  JJ125|Cluster-6648.0__TRINITY_DN13090_c0_g2_i1.p1                0.56%    passed     99.99%
  93  DE523|Cluster-48382.0__TRINITY_DN3_c0_g1_i1.p1                   0.56%    passed    100.00%
  94  JJ85|Cluster-42250.1__TRINITY_DN17719_c0_g2_i1.p1                0.56%    passed    100.00%
  95  DE536|Cluster-49024.0__TRINITY_DN5872_c0_g1_i6.p1                0.56%    passed    100.00%
  96  DE69|Cluster-35246.0__TRINITY_DN5036_c0_g1_i2.p1                 0.56%    passed    100.00%
  97  SRR3407096|Cluster-9302.0__TRINITY_DN99_c0_g2_i1.p1              0.56%    passed    100.00%
  98  SRR3407095|Cluster-19936.0__TRINITY_DN2042_c0_g2_i1.p1           0.56%    passed    100.00%
  99  DE566|Cluster-59013.2__TRINITY_DN781_c0_g1_i1.p1                 0.56%    passed     13.46%
 100  DRR082660|Cluster-45445.0__TRINITY_DN198_c2_g1_i1.p1             0.56%    passed    100.00%
 101  DE560|Cluster-44445.0__TRINITY_DN89_c0_g1_i1.p1                  2.23%    passed    100.00%
 102  JJ89|Cluster-33836.1__TRINITY_DN2468_c0_g1_i1.p1                 0.56%    passed    100.00%
 103  DE765|Cluster-27610.0__TRINITY_DN4321_c0_g1_i1.p1                0.56%    passed     95.83%
 104  DE681|Cluster-27781.0__TRINITY_DN1312_c0_g1_i1.p1                0.56%    passed     99.88%
 105  JJ15|Cluster-69351.2__TRINITY_DN4965_c0_g1_i7.p1                 0.56%    passed    100.00%
 106  DE542|Cluster-4155.0__TRINITY_DN2860_c1_g1_i1.p1                 0.56%    passed    100.00%
 107  DE534|Cluster-69480.1__TRINITY_DN8121_c0_g2_i1.p1                0.56%    passed    100.00%
 108  JJ99|Cluster-56440.4__TRINITY_DN1430_c0_g2_i1.p1                 0.56%    passed     99.94%
 109  DE173|Cluster-46237.0__TRINITY_DN3021_c0_g1_i1.p1                0.56%    passed    100.00%
 110  DE476|Cluster-56371.1__TRINITY_DN2360_c0_g1_i1.p1                0.56%    passed    100.00%
 111  JJ130|Cluster-41084.1__TRINITY_DN181_c0_g1_i6.p1                 0.56%    passed    100.00%
 112  DE504|Cluster-32835.1__TRINITY_DN812_c0_g1_i2.p1                 0.56%    passed    100.00%
 113  DE550|Cluster-40812.2__TRINITY_DN2061_c0_g1_i4.p1                0.56%    passed     97.56%
 114  JJ36|Cluster-13883.0__TRINITY_DN1326_c0_g1_i2.p1                 0.56%    passed    100.00%
 115  DE696-nodots|Cluster-24629.0__TRINITY_DN1952_c0_g1_i3.p1         0.56%    passed    100.00%
 116  DE696-dots|Cluster-53992.1__TRINITY_DN842_c0_g1_i1.p1            0.56%    passed     99.96%
 117  JJ109|Cluster-41522.0__TRINITY_DN2713_c0_g1_i1.p1                0.56%    passed    100.00%
 118  DE737|Cluster-37523.0__TRINITY_DN262_c0_g1_i1.p1                 0.56%    passed    100.00%
 119  JJ131|Cluster-32016.3__TRINITY_DN151_c0_g1_i3.p1                 0.56%    passed    100.00%
 120  JJ23|Cluster-42359.0__TRINITY_DN176_c0_g2_i1.p1                  0.56%    passed     92.29%
 121  DE736|Cluster-35959.1__TRINITY_DN349_c0_g1_i6.p1                 0.56%    passed    100.00%
 122  DE519|Cluster-23932.0__TRINITY_DN146_c0_g1_i1.p1                 0.56%    passed     99.99%
 123  DE741|Cluster-24324.0__TRINITY_DN11979_c0_g1_i10.p1              0.56%    passed     99.01%
 124  DE541|Cluster-32095.2__TRINITY_DN938_c0_g1_i8.p1                 0.56%    passed    100.00%
 125  DE671|Cluster-54867.0__TRINITY_DN3526_c0_g1_i1.p2                0.56%    passed    100.00%
 126  DE668|Cluster-4362.0__TRINITY_DN1250_c1_g1_i1.p1                 0.56%    passed     90.56%
 127  SRR3407087|Cluster-17341.1__TRINITY_DN2756_c0_g1_i3.p1           0.56%    passed     99.95%
 128  DE88|Cluster-16884.2__TRINITY_DN3269_c0_g1_i3.p1                 0.56%    passed    100.00%
 129  SRR11748982|Cluster-22783.0__TRINITY_DN4373_c1_g1_i1.p1         26.82%    passed     35.63%
****  TOTAL                                                            1.14%  0 sequences failed composition chi2 test (p-value<5%; df=60)
Reading input tree file tmp.csubst.nwk ... rooted tree

NOTE: 58 MB RAM (0 GB) is required!
Measuring multi-threading efficiency up to 1 CPU cores
2 trees examined
Threads: 1 / Time: 3.690 sec / Speedup: 1.000 / Efficiency: 100% / LogL: -23945
BEST NUMBER OF THREADS: 1

Estimate model parameters (epsilon = 0.010)
1. Initial log-likelihood: -11029.696
2. Current log-likelihood: -8231.880
3. Current log-likelihood: -8217.066
4. Current log-likelihood: -8216.772
5. Current log-likelihood: -8216.359
6. Current log-likelihood: -8215.755
7. Current log-likelihood: -8215.325
8. Current log-likelihood: -8215.050
9. Current log-likelihood: -8214.880
10. Current log-likelihood: -8214.778
11. Current log-likelihood: -8214.718
12. Current log-likelihood: -8214.681
13. Current log-likelihood: -8214.658
14. Current log-likelihood: -8214.644
Optimal log-likelihood: -8214.635
Nonsynonymous/synonymous ratio (omega): 1.000
Transition/transversion ratio (kappa): 1.000
Site proportion and rates:  (0.586,0.428) (0.265,1.226) (0.102,2.115) (0.047,4.485)
Parameters optimization took 14 rounds (136.368 sec)
Wrote distance file to... 
BEST SCORE FOUND : -8214.635
Ancestral state probabilities printed to /mnt/data0/yue/2026-03-11-protein-convergence/results/OG_633/csubst_w_s/csubst_input_alignment.fa.state
Empirical proportions for each category: 0.598 0.268 0.089 0.045
Site rates printed to /mnt/data0/yue/2026-03-11-protein-convergence/results/OG_633/csubst_w_s/csubst_input_alignment.fa.rate
Total tree length: 9.942

Total number of iterations: 0
CPU time used for tree search: 0.000 sec (0h:0m:0s)
Wall-clock time used for tree search: 0.000 sec (0h:0m:0s)
Total CPU time used: 141.919 sec (0h:2m:21s)
Total wall-clock time used: 142.184 sec (0h:2m:22s)

Analysis results written to: 
  IQ-TREE report:                /mnt/data0/yue/2026-03-11-protein-convergence/results/OG_633/csubst_w_s/csubst_input_alignment.fa.iqtree
  Maximum-likelihood tree:       /mnt/data0/yue/2026-03-11-protein-convergence/results/OG_633/csubst_w_s/csubst_input_alignment.fa.treefile
  Site-specific rates:           /mnt/data0/yue/2026-03-11-protein-convergence/results/OG_633/csubst_w_s/csubst_input_alignment.fa.rate
  Ancestral state:               /mnt/data0/yue/2026-03-11-protein-convergence/results/OG_633/csubst_w_s/csubst_input_alignment.fa.state
  Screen log file:               /mnt/data0/yue/2026-03-11-protein-convergence/results/OG_633/csubst_w_s/csubst_input_alignment.fa.log

Date and Time: Fri Mar 27 21:10:51 2026
