IQ-TREE multicore version 2.4.0 for Linux x86 64-bit built Feb 12 2025
Developed by Bui Quang Minh, Nguyen Lam Tung, Olga Chernomor, Heiko Schmidt,
Dominik Schrempf, Michael Woodhams, Ly Trong Nhan, Thomas Wong

Host:    brain (AVX2, FMA3, 2015 GB RAM)
Command: /home/yue/miniconda3/envs/py39/bin/iqtree -s /mnt/data0/yue/2026-03-11-protein-convergence/results/OG_11901/csubst_w_s/csubst_input_alignment.fa -te tmp.csubst.nwk -m ECMK07+F+R4 --seqtype CODON1 --threads-max 1 -T AUTO --ancestral --rate --redo
Seed:    434716 (Using SPRNG - Scalable Parallel Random Number Generator)
Time:    Thu Mar 26 22:50:33 2026
Kernel:  AVX+FMA - auto-detect threads (128 CPU cores detected)

Reading alignment file /mnt/data0/yue/2026-03-11-protein-convergence/results/OG_11901/csubst_w_s/csubst_input_alignment.fa ... Fasta format detected
Reading fasta file: done in 0.000753433 secs using 74.19% CPU
Alignment most likely contains DNA/RNA sequences
Converting to codon sequences with genetic code 1 ...
Alignment has 57 sequences with 240 columns, 230 distinct patterns
129 parsimony-informative, 64 singleton sites, 47 constant sites
                                                                Gap/Ambiguity  Composition  p-value
Analyzing sequences: done in 3.4526e-05 secs using 98.48% CPU
   1  JJ23|Cluster-46314.0__TRINITY_DN1483_c1_g1_i1.p1                  0.00%    passed    100.00%
   2  SRR11748982|Cluster-12688.0__TRINITY_DN8693_c0_g2_i3.p1           0.00%    passed     97.30%
   3  SRR11748982|Cluster-21611.0__TRINITY_DN8693_c0_g1_i2.p1           1.67%    passed     75.58%
   4  SRR3407086|Cluster-24800.1__TRINITY_DN9_c0_g1_i1.p1               0.00%    passed    100.00%
   5  DE510|Cluster-30184.0__TRINITY_DN3894_c0_g1_i3.p1                 0.00%    passed    100.00%
   6  SRR3407087|Cluster-35033.0__TRINITY_DN3971_c0_g1_i1.p1            0.00%    passed    100.00%
   7  SRR3407093|Cluster-28070.0__TRINITY_DN1890_c0_g1_i1.p1            0.00%    passed    100.00%
   8  DE505|Cluster-50393.0__TRINITY_DN12820_c0_g1_i6.p1               26.25%    passed    100.00%
   9  SRR5150740|Cluster-64363.0__TRINITY_DN12072_c0_g1_i1.p1           0.00%    passed     99.99%
  10  SRR11934227|Cluster-167071.0__TRINITY_DN4410_c0_g1_i1.p1          0.00%    passed     13.13%
  11  DE115|Cluster-4808.0__TRINITY_DN247_c0_g1_i1.p1                   0.00%    passed    100.00%
  12  DE127|Cluster-44843.1__TRINITY_DN963_c0_g1_i7.p1                  0.00%    passed    100.00%
  13  DE563|Cluster-34504.0__TRINITY_DN14280_c0_g2_i7.p1                0.00%    passed    100.00%
  14  DE623|Cluster-30672.0__TRINITY_DN1076_c0_g2_i2.p1                 0.00%    passed    100.00%
  15  DE668|Cluster-56978.0__TRINITY_DN8396_c0_g1_i4.p1                 0.00%    passed    100.00%
  16  DE680|Cluster-10731.0__TRINITY_DN433_c0_g1_i1.p1                  0.00%    passed    100.00%
  17  DE152|Cluster-37355.0__TRINITY_DN13801_c0_g1_i2.p1                0.00%    passed    100.00%
  18  DE666|Cluster-29717.0__TRINITY_DN3124_c0_g1_i1.p1                 0.00%    passed    100.00%
  19  JJ99|Cluster-43579.0__TRINITY_DN1631_c0_g3_i1.p1                  0.00%    passed    100.00%
  20  DE643|Cluster-52022.0__TRINITY_DN10335_c0_g1_i1.p1                0.00%    passed    100.00%
  21  DE162|Cluster-38064.0__TRINITY_DN1277_c0_g2_i1.p1                 0.00%    passed    100.00%
  22  DE507|Cluster-5611.0__TRINITY_DN14493_c0_g1_i1.p1                 0.00%    passed    100.00%
  23  DE528|Cluster-21274.0__TRINITY_DN7301_c0_g2_i1.p1                 0.00%    passed    100.00%
  24  DE704-purple|Cluster-57346.0__TRINITY_DN912_c0_g1_i1.p1           0.00%    passed    100.00%
  25  DE704-white|Cluster-39649.0__TRINITY_DN4376_c0_g1_i4.p1           0.00%    passed    100.00%
  26  DE575|Cluster-8216.0__TRINITY_DN9867_c0_g2_i1.p1                  0.00%    passed    100.00%
  27  DE126|Cluster-7969.0__TRINITY_DN2255_c0_g1_i1.p1                  0.00%    passed    100.00%
  28  DE681|Cluster-60097.0__TRINITY_DN3121_c0_g1_i1.p1                 0.00%    passed    100.00%
  29  DE765|Cluster-7090.0__TRINITY_DN9801_c1_g1_i1.p1                  0.00%    passed    100.00%
  30  SRR3407095|Cluster-39089.0__TRINITY_DN14955_c0_g2_i1.p1           0.00%    passed    100.00%
  31  DE229|Cluster-40387.0__TRINITY_DN6797_c0_g1_i1.p1                 0.00%    passed    100.00%
  32  JJ86|Cluster-5274.0__TRINITY_DN243_c0_g1_i1.p1                    0.00%    passed    100.00%
  33  DE554|Cluster-62119.0__TRINITY_DN1408_c0_g1_i2.p1                 0.00%    passed    100.00%
  34  DE181|Cluster-41868.0__TRINITY_DN5661_c0_g1_i2.p1                 0.00%    passed    100.00%
  35  DE503|Cluster-28443.0__TRINITY_DN18670_c0_g1_i3.p1                0.00%    passed    100.00%
  36  DE523|Cluster-55046.0__TRINITY_DN742_c2_g1_i2.p1                  0.00%    passed    100.00%
  37  DE560|Cluster-12240.0__TRINITY_DN2918_c0_g1_i1.p1                 0.00%    passed    100.00%
  38  DE561|Cluster-10225.0__TRINITY_DN13162_c0_g1_i1.p1                0.00%    passed    100.00%
  39  SRR3424066|Cluster-41524.0__TRINITY_DN6062_c0_g1_i2.p1            0.00%    passed    100.00%
  40  SRR3407094|Cluster-23152.0__TRINITY_DN6497_c1_g2_i1.p1            0.00%    passed    100.00%
  41  JJ85|Cluster-18406.0__TRINITY_DN146_c0_g1_i1.p1                   0.00%    passed     99.30%
  42  SRR3407096|Cluster-5318.0__TRINITY_DN9242_c0_g1_i1.p1             0.00%    passed    100.00%
  43  SRR3407088|Cluster-24100.0__TRINITY_DN1092_c0_g1_i3.p1            0.00%    passed    100.00%
  44  DRR082660|Cluster-29297.0__TRINITY_DN41459_c0_g1_i1.p1            0.00%    passed    100.00%
  45  SRR3407092|Cluster-35553.0__TRINITY_DN3537_c1_g1_i2.p1            0.00%    passed    100.00%
  46  DE69|Cluster-30535.0__TRINITY_DN2893_c0_g2_i2.p1                  0.00%    passed    100.00%
  47  DE566|Cluster-16943.0__TRINITY_DN9838_c0_g1_i2.p1                 0.00%    passed     88.11%
  48  DE536|Cluster-53872.0__TRINITY_DN36392_c0_g1_i1.p1                0.00%    passed    100.00%
  49  JJ74|Cluster-112232.970__TRINITY_DN74318_c0_g1_i5.p1              0.00%    passed    100.00%
  50  DE216|Cluster-28162.0__TRINITY_DN1989_c0_g2_i1.p1                 0.00%    passed    100.00%
  51  JJ15|Cluster-8956.0__TRINITY_DN4605_c0_g3_i1.p1                   0.00%    passed    100.00%
  52  DE542|Cluster-49438.0__TRINITY_DN27251_c0_g1_i1.p1                0.00%    passed    100.00%
  53  DE534|Cluster-54700.0__TRINITY_DN2104_c0_g1_i3.p1                 0.00%    passed    100.00%
  54  JJ131|Cluster-55187.0__TRINITY_DN26835_c0_g1_i4.p1                0.00%    passed    100.00%
  55  DRR234970|Cluster-41731.0__TRINITY_DN41211_c0_g1_i1.p1            0.00%    passed    100.00%
  56  SRR104381|Cluster-19525.0__TRINITY_DN4802_c0_g1_i1.p1             0.00%    passed     99.91%
  57  DE546_urceolata_l|Cluster-13233.0__TRINITY_DN18780_c0_g1_i1.p1   20.42%    passed     96.72%
****  TOTAL                                                             0.85%  0 sequences failed composition chi2 test (p-value<5%; df=60)
Reading input tree file tmp.csubst.nwk ... rooted tree

NOTE: 31 MB RAM (0 GB) is required!
Measuring multi-threading efficiency up to 1 CPU cores
2 trees examined
Threads: 1 / Time: 1.643 sec / Speedup: 1.000 / Efficiency: 100% / LogL: -6171
BEST NUMBER OF THREADS: 1

Estimate model parameters (epsilon = 0.010)
1. Initial log-likelihood: -6169.643
2. Current log-likelihood: -4081.041
3. Current log-likelihood: -4078.386
4. Current log-likelihood: -4078.270
5. Current log-likelihood: -4078.214
6. Current log-likelihood: -4078.183
7. Current log-likelihood: -4078.164
8. Current log-likelihood: -4078.152
Optimal log-likelihood: -4078.144
Nonsynonymous/synonymous ratio (omega): 1.000
Transition/transversion ratio (kappa): 1.000
Site proportion and rates:  (0.561,0.428) (0.297,1.653) (0.137,1.885) (0.005,2.252)
Parameters optimization took 8 rounds (44.814 sec)
Wrote distance file to... 
BEST SCORE FOUND : -4078.144
Ancestral state probabilities printed to /mnt/data0/yue/2026-03-11-protein-convergence/results/OG_11901/csubst_w_s/csubst_input_alignment.fa.state
Empirical proportions for each category: 0.625 0.375 0.000 0.000
Site rates printed to /mnt/data0/yue/2026-03-11-protein-convergence/results/OG_11901/csubst_w_s/csubst_input_alignment.fa.rate
Total tree length: 2.676

Total number of iterations: 0
CPU time used for tree search: 0.000 sec (0h:0m:0s)
Wall-clock time used for tree search: 0.000 sec (0h:0m:0s)
Total CPU time used: 47.296 sec (0h:0m:47s)
Total wall-clock time used: 47.498 sec (0h:0m:47s)

Analysis results written to: 
  IQ-TREE report:                /mnt/data0/yue/2026-03-11-protein-convergence/results/OG_11901/csubst_w_s/csubst_input_alignment.fa.iqtree
  Maximum-likelihood tree:       /mnt/data0/yue/2026-03-11-protein-convergence/results/OG_11901/csubst_w_s/csubst_input_alignment.fa.treefile
  Site-specific rates:           /mnt/data0/yue/2026-03-11-protein-convergence/results/OG_11901/csubst_w_s/csubst_input_alignment.fa.rate
  Ancestral state:               /mnt/data0/yue/2026-03-11-protein-convergence/results/OG_11901/csubst_w_s/csubst_input_alignment.fa.state
  Screen log file:               /mnt/data0/yue/2026-03-11-protein-convergence/results/OG_11901/csubst_w_s/csubst_input_alignment.fa.log

Date and Time: Thu Mar 26 22:51:20 2026
