IQ-TREE multicore version 2.4.0 for Linux x86 64-bit built Feb 12 2025
Developed by Bui Quang Minh, Nguyen Lam Tung, Olga Chernomor, Heiko Schmidt,
Dominik Schrempf, Michael Woodhams, Ly Trong Nhan, Thomas Wong

Host:    brain (AVX2, FMA3, 2015 GB RAM)
Command: /home/yue/miniconda3/envs/py39/bin/iqtree -s /mnt/data0/yue/2026-03-11-protein-convergence/results/OG_10251/csubst_w_s/csubst_input_alignment.fa -te tmp.csubst.nwk -m ECMK07+F+R4 --seqtype CODON1 --threads-max 1 -T AUTO --ancestral --rate --redo
Seed:    360071 (Using SPRNG - Scalable Parallel Random Number Generator)
Time:    Thu Mar 26 20:32:57 2026
Kernel:  AVX+FMA - auto-detect threads (128 CPU cores detected)

Reading alignment file /mnt/data0/yue/2026-03-11-protein-convergence/results/OG_10251/csubst_w_s/csubst_input_alignment.fa ... Fasta format detected
Reading fasta file: done in 0.000958338 secs
Alignment most likely contains DNA/RNA sequences
Converting to codon sequences with genetic code 1 ...
WARNING: 1 sites contain only gaps or ambiguous characters.
Alignment has 69 sequences with 265 columns, 258 distinct patterns
124 parsimony-informative, 61 singleton sites, 80 constant sites
                                                                Gap/Ambiguity  Composition  p-value
Analyzing sequences: done in 4.34071e-05 secs
   1  JJ74|Cluster-107544.0__TRINITY_DN99937_c0_g1_i1.p1                0.38%    passed    100.00%
   2  DE115|Cluster-22567.0__TRINITY_DN561_c0_g1_i1.p1                  0.38%    passed    100.00%
   3  DE127|Cluster-2947.0__TRINITY_DN832_c0_g1_i1.p1                   0.38%    passed    100.00%
   4  DE554|Cluster-360.0__TRINITY_DN1277_c0_g1_i1.p1                   0.38%    passed    100.00%
   5  DE666|Cluster-23628.0__TRINITY_DN930_c0_g1_i1.p1                  0.38%    passed    100.00%
   6  DE164|Cluster-36680.1__TRINITY_DN13874_c0_g3_i3.p1                0.38%    passed    100.00%
   7  DE504|Cluster-9455.0__TRINITY_DN1419_c0_g1_i1.p1                  0.38%    passed    100.00%
   8  DE643|Cluster-43000.0__TRINITY_DN12779_c0_g1_i1.p1                0.38%    passed    100.00%
   9  DE671|Cluster-49629.0__TRINITY_DN9969_c0_g1_i1.p1                 0.38%    passed    100.00%
  10  DE696-nodots|Cluster-25140.0__TRINITY_DN8367_c2_g1_i2.p1          0.38%    passed    100.00%
  11  JJ36|Cluster-35555.1__TRINITY_DN23538_c0_g2_i3.p1                29.06%    passed    100.00%
  12  DE88|Cluster-20428.0__TRINITY_DN333_c0_g2_i1.p1                   0.38%    passed    100.00%
  13  DE737|Cluster-9848.0__TRINITY_DN2091_c0_g1_i1.p1                  0.38%    passed    100.00%
  14  DE541|Cluster-9541.0__TRINITY_DN315_c0_g1_i1.p1                   0.38%    passed    100.00%
  15  DE550|Cluster-19644.1__TRINITY_DN1871_c0_g1_i4.p1                 0.38%    passed    100.00%
  16  JJ89|Cluster-39003.0__TRINITY_DN2390_c1_g2_i1.p1                  0.38%    passed    100.00%
  17  DE476|Cluster-42308.0__TRINITY_DN19264_c0_g1_i1.p1                0.38%    passed     99.57%
  18  DE672|Cluster-27364.0__TRINITY_DN22515_c2_g1_i1.p1                0.38%    passed    100.00%
  19  DE519|Cluster-4744.0__TRINITY_DN1373_c6_g1_i1.p1                  0.38%    passed    100.00%
  20  DE741|Cluster-3500.0__TRINITY_DN3895_c0_g1_i1.p1                  0.38%    passed    100.00%
  21  DE162|Cluster-47223.0__TRINITY_DN590_c0_g1_i4.p1                  1.89%    passed    100.00%
  22  DE507|Cluster-10910.0__TRINITY_DN5112_c0_g1_i1.p1                 1.89%    passed    100.00%
  23  DE528|Cluster-31281.0__TRINITY_DN7587_c2_g1_i1.p1                 1.89%    passed    100.00%
  24  DE704-purple|Cluster-23915.0__TRINITY_DN15747_c0_g1_i1.p1         1.89%    passed    100.00%
  25  DE704-white|Cluster-42065.0__TRINITY_DN56665_c0_g1_i1.p1          1.89%    passed    100.00%
  26  JJ86|Cluster-15446.0__TRINITY_DN1090_c1_g1_i1.p1                  0.38%    passed    100.00%
  27  JJ131|Cluster-29323.0__TRINITY_DN184_c3_g1_i1.p1                  0.38%    passed      5.17%
  28  DE563|Cluster-30621.0__TRINITY_DN447_c0_g1_i1.p1                  0.38%    passed    100.00%
  29  DE765|Cluster-28531.0__TRINITY_DN5650_c0_g1_i1.p1                 0.38%    passed    100.00%
  30  DE575|Cluster-6492.0__TRINITY_DN2496_c0_g1_i1.p1                  0.38%    passed     96.83%
  31  DE668|Cluster-39396.0__TRINITY_DN34395_c0_g1_i1.p1                0.38%    passed    100.00%
  32  DE546_urceolata_l|Cluster-40579.0__TRINITY_DN34727_c1_g1_i1.p1    2.26%    passed    100.00%
  33  DE503|Cluster-49292.0__TRINITY_DN2255_c0_g2_i2.p1                 0.38%    passed    100.00%
  34  SRR3424066|Cluster-37384.0__TRINITY_DN43422_c0_g1_i1.p1           0.38%    passed    100.00%
  35  DE561|Cluster-5157.0__TRINITY_DN67750_c0_g1_i1.p1                 0.38%    passed    100.00%
  36  DE510|Cluster-32938.0__TRINITY_DN36703_c0_g1_i1.p1                0.38%    passed    100.00%
  37  SRR3407087|Cluster-19079.0__TRINITY_DN35910_c0_g1_i1.p1           0.38%    passed    100.00%
  38  SRR3407092|Cluster-28119.0__TRINITY_DN6602_c0_g1_i1.p1            0.38%    passed    100.00%
  39  SRR3407093|Cluster-4543.0__TRINITY_DN6306_c0_g1_i1.p1             0.38%    passed    100.00%
  40  SRR3407094|Cluster-36418.0__TRINITY_DN4808_c0_g1_i2.p1            0.38%    passed    100.00%
  41  SRR3407086|Cluster-9147.0__TRINITY_DN94080_c0_g1_i1.p1            0.38%    passed    100.00%
  42  SRR3407088|Cluster-30525.0__TRINITY_DN11315_c0_g1_i1.p1           0.38%    passed    100.00%
  43  DE505|Cluster-20693.0__TRINITY_DN5006_c0_g1_i1.p1                 0.38%    passed    100.00%
  44  DE536|Cluster-13303.0__TRINITY_DN1446_c0_g1_i1.p1                 1.51%    passed    100.00%
  45  DE151|Cluster-33620.0__TRINITY_DN106_c0_g1_i2.p1                  0.38%    passed    100.00%
  46  DE173|Cluster-20870.0__TRINITY_DN40012_c0_g2_i1.p1                0.38%    passed    100.00%
  47  JJ130|Cluster-33023.0__TRINITY_DN885_c2_g1_i1.p1                  0.38%    passed    100.00%
  48  JJ109|Cluster-21168.0__TRINITY_DN6384_c0_g2_i1.p1                 0.38%    passed    100.00%
  49  DE189|Cluster-11257.0__TRINITY_DN61_c0_g1_i16.p1                  0.38%    passed    100.00%
  50  JJ85|Cluster-5790.0__TRINITY_DN75_c0_g1_i1.p1                     0.38%    passed    100.00%
  51  DE736|Cluster-2637.0__TRINITY_DN1987_c0_g1_i1.p1                  0.38%    passed    100.00%
  52  DE509|Cluster-3217.0__TRINITY_DN1915_c0_g1_i1.p1                  0.38%    passed    100.00%
  53  DE764|Cluster-11240.0__TRINITY_DN1454_c0_g1_i2.p1                 0.38%    passed    100.00%
  54  DE152|Cluster-46279.0__TRINITY_DN48324_c0_g1_i1.p1                0.38%    passed    100.00%
  55  SRR3407095|Cluster-26036.0__TRINITY_DN349_c0_g1_i1.p1             0.38%    passed    100.00%
  56  DE69|Cluster-55323.0__TRINITY_DN13626_c0_g1_i2.p1                 0.38%    passed    100.00%
  57  DE216|Cluster-68264.1__TRINITY_DN26816_c1_g2_i5.p1                3.02%    passed    100.00%
  58  JJ15|Cluster-41618.1__TRINITY_DN4478_c0_g1_i1.p1                  3.02%    passed    100.00%
  59  DE534|Cluster-10068.0__TRINITY_DN4730_c0_g1_i1.p1                 3.02%    passed    100.00%
  60  DE542|Cluster-57711.0__TRINITY_DN4839_c0_g1_i2.p1                47.55%    passed     98.37%
  61  DE623|Cluster-21605.0__TRINITY_DN5299_c0_g1_i1.p1                 0.38%    passed    100.00%
  62  DE680|Cluster-55116.0__TRINITY_DN3103_c0_g1_i3.p1                13.58%    passed    100.00%
  63  JJ99|Cluster-23069.0__TRINITY_DN61809_c0_g1_i1.p1                 0.38%    passed    100.00%
  64  DRR234970|Cluster-55392.0__TRINITY_DN10585_c0_g3_i1.p1            6.42%    passed     99.36%
  65  DE531|Cluster-39615.0__TRINITY_DN1052_c0_g2_i3.p1                65.28%    passed     42.60%
  66  DE696-dots|Cluster-51423.0__TRINITY_DN1939_c0_g1_i2.p1           42.26%    passed     98.75%
  67  DE523|Cluster-54494.0__TRINITY_DN432_c0_g1_i4.p1                 13.96%    passed     99.97%
  68  DE181|Cluster-49491.0__TRINITY_DN3870_c0_g1_i2.p1                12.45%    passed    100.00%
  69  SRR5150740|Cluster-65448.0__TRINITY_DN399_c0_g1_i7.p1            13.58%    passed     99.01%
WARNING: 1 sequences contain more than 50% gaps/ambiguity
****  TOTAL                                                             4.13%  0 sequences failed composition chi2 test (p-value<5%; df=60)
WARNING: States(s) CGG rarely appear in alignment and may cause numerical problems
Reading input tree file tmp.csubst.nwk ... rooted tree

NOTE: 41 MB RAM (0 GB) is required!
Measuring multi-threading efficiency up to 1 CPU cores
2 trees examined
Threads: 1 / Time: 2.132 sec / Speedup: 1.000 / Efficiency: 100% / LogL: -7431
BEST NUMBER OF THREADS: 1

Estimate model parameters (epsilon = 0.010)
1. Initial log-likelihood: -7942.245
2. Current log-likelihood: -4868.854
3. Current log-likelihood: -4868.748
4. Current log-likelihood: -4868.687
5. Current log-likelihood: -4868.642
6. Current log-likelihood: -4868.610
7. Current log-likelihood: -4868.586
8. Current log-likelihood: -4868.568
9. Current log-likelihood: -4868.555
Optimal log-likelihood: -4868.545
Nonsynonymous/synonymous ratio (omega): 1.000
Transition/transversion ratio (kappa): 1.000
Site proportion and rates:  (0.560,0.433) (0.323,1.162) (0.089,3.000) (0.028,4.174)
Parameters optimization took 9 rounds (70.218 sec)
Wrote distance file to... 
BEST SCORE FOUND : -4868.545
Ancestral state probabilities printed to /mnt/data0/yue/2026-03-11-protein-convergence/results/OG_10251/csubst_w_s/csubst_input_alignment.fa.state
Empirical proportions for each category: 0.642 0.268 0.083 0.008
Site rates printed to /mnt/data0/yue/2026-03-11-protein-convergence/results/OG_10251/csubst_w_s/csubst_input_alignment.fa.rate
Total tree length: 2.470

Total number of iterations: 0
CPU time used for tree search: 0.000 sec (0h:0m:0s)
Wall-clock time used for tree search: 0.000 sec (0h:0m:0s)
Total CPU time used: 73.877 sec (0h:1m:13s)
Total wall-clock time used: 74.005 sec (0h:1m:14s)

Analysis results written to: 
  IQ-TREE report:                /mnt/data0/yue/2026-03-11-protein-convergence/results/OG_10251/csubst_w_s/csubst_input_alignment.fa.iqtree
  Maximum-likelihood tree:       /mnt/data0/yue/2026-03-11-protein-convergence/results/OG_10251/csubst_w_s/csubst_input_alignment.fa.treefile
  Site-specific rates:           /mnt/data0/yue/2026-03-11-protein-convergence/results/OG_10251/csubst_w_s/csubst_input_alignment.fa.rate
  Ancestral state:               /mnt/data0/yue/2026-03-11-protein-convergence/results/OG_10251/csubst_w_s/csubst_input_alignment.fa.state
  Screen log file:               /mnt/data0/yue/2026-03-11-protein-convergence/results/OG_10251/csubst_w_s/csubst_input_alignment.fa.log

Date and Time: Thu Mar 26 20:34:11 2026
