IQ-TREE multicore version 2.4.0 for Linux x86 64-bit built Feb 12 2025
Developed by Bui Quang Minh, Nguyen Lam Tung, Olga Chernomor, Heiko Schmidt,
Dominik Schrempf, Michael Woodhams, Ly Trong Nhan, Thomas Wong

Host:    brain (AVX2, FMA3, 2015 GB RAM)
Command: /home/yue/miniconda3/envs/py39/bin/iqtree -s /mnt/data0/yue/2026-03-11-protein-convergence/results/OG_153/csubst_w_s/csubst_input_alignment.fa -te tmp.csubst.nwk -m ECMK07+F+R4 --seqtype CODON1 --threads-max 1 -T AUTO --ancestral --rate --redo
Seed:    733875 (Using SPRNG - Scalable Parallel Random Number Generator)
Time:    Fri Mar 27 00:39:19 2026
Kernel:  AVX+FMA - auto-detect threads (128 CPU cores detected)

Reading alignment file /mnt/data0/yue/2026-03-11-protein-convergence/results/OG_153/csubst_w_s/csubst_input_alignment.fa ... Fasta format detected
Reading fasta file: done in 0.00201166 secs using 68.55% CPU
Alignment most likely contains DNA/RNA sequences
Converting to codon sequences with genetic code 1 ...
Alignment has 115 sequences with 342 columns, 342 distinct patterns
314 parsimony-informative, 22 singleton sites, 6 constant sites
                                                               Gap/Ambiguity  Composition  p-value
Analyzing sequences: done in 0.000100404 secs using 99.6% CPU
   1  DE671|Cluster-47785.2__TRINITY_DN1336_c0_g1_i5.p1                0.00%    passed    100.00%
   2  DE476|Cluster-55791.0__TRINITY_DN186_c0_g1_i4.p1                 0.00%    passed     99.85%
   3  DE737|Cluster-49255.1__TRINITY_DN158_c0_g1_i19.p1                0.00%    passed     99.73%
   4  DE563|Cluster-41629.1__TRINITY_DN398_c0_g1_i5.p1                 0.00%    passed     99.85%
   5  DE764|Cluster-11176.3__TRINITY_DN1562_c0_g2_i1.p1                0.29%    passed     99.98%
   6  DE541|Cluster-30870.1__TRINITY_DN21191_c0_g1_i1.p1               0.29%    passed     99.27%
   7  DE115|Cluster-744.0__TRINITY_DN317_c0_g1_i2.p1                   0.58%    passed     96.37%
   8  JJ86|Cluster-37478.0__TRINITY_DN4196_c0_g2_i1.p1                 0.58%    passed     99.16%
   9  DE546_urceolata_l|Cluster-46345.0__TRINITY_DN7851_c0_g2_i1.p1    0.58%    passed     99.99%
  10  DE668|Cluster-27845.0__TRINITY_DN7966_c0_g1_i1.p1                0.88%    passed     87.47%
  11  DE509|Cluster-41025.0__TRINITY_DN3197_c0_g1_i13.p1               0.29%    passed     99.77%
  12  DE127|Cluster-13544.0__TRINITY_DN678_c0_g2_i1.p1                 0.29%    passed     92.87%
  13  DE554|Cluster-53096.0__TRINITY_DN12_c0_g2_i1.p1                 16.96%    passed     94.54%
  14  DE162|Cluster-4887.0__TRINITY_DN473_c0_g1_i1.p1                  0.29%    passed     98.58%
  15  DE528|Cluster-41550.0__TRINITY_DN314_c0_g2_i2.p1                 0.29%    passed     98.34%
  16  DE507|Cluster-26967.0__TRINITY_DN216_c0_g2_i1.p1                 0.29%    passed     96.12%
  17  DE623|Cluster-19607.1__TRINITY_DN5055_c0_g1_i2.p1                0.58%    passed     98.54%
  18  DE680|Cluster-26180.0__TRINITY_DN1498_c0_g1_i2.p1                0.58%    passed     99.95%
  19  DE115|Cluster-15680.1__TRINITY_DN317_c0_g1_i4.p1                 0.00%    passed    100.00%
  20  DE680|Cluster-55921.1__TRINITY_DN1144_c0_g1_i6.p1                0.00%    passed     99.99%
  21  DE126|Cluster-37753.0__TRINITY_DN65391_c0_g1_i1.p1               0.29%    passed    100.00%
  22  DE546_urceolata_l|Cluster-35890.0__TRINITY_DN7851_c0_g1_i5.p1   16.67%    passed     99.90%
  23  JJ99|Cluster-51093.2__TRINITY_DN917_c0_g1_i3.p1                  0.00%    passed    100.00%
  24  DE668|Cluster-38791.1__TRINITY_DN23453_c0_g1_i4.p1               0.00%    passed     99.98%
  25  DE765|Cluster-37139.3__TRINITY_DN6288_c0_g1_i7.p1                0.00%    passed     99.79%
  26  JJ74|Cluster-130090.0__TRINITY_DN6558_c0_g1_i2.p1                0.00%    passed     99.87%
  27  DE536|Cluster-38927.0__TRINITY_DN20_c0_g1_i1.p1                 16.67%    passed     99.01%
  28  DE181|Cluster-32816.1__TRINITY_DN4552_c0_g1_i3.p1                0.00%    passed    100.00%
  29  SRR3407086|Cluster-26220.1__TRINITY_DN53604_c0_g1_i6.p1          0.00%    passed    100.00%
  30  SRR3407094|Cluster-39821.0__TRINITY_DN1627_c0_g1_i4.p1           0.00%    passed    100.00%
  31  DE503|Cluster-60940.2__TRINITY_DN258_c1_g1_i16.p1                0.00%    passed    100.00%
  32  DE510|Cluster-38529.2__TRINITY_DN3636_c0_g1_i6.p1                0.00%    passed    100.00%
  33  SRR3407093|Cluster-39052.1__TRINITY_DN169_c0_g1_i8.p1            0.00%    passed    100.00%
  34  SRR3407092|Cluster-24028.1__TRINITY_DN6372_c0_g1_i6.p1           0.00%    passed    100.00%
  35  DE523|Cluster-39169.2__TRINITY_DN1536_c0_g1_i2.p1                9.94%    passed     99.92%
  36  JJ85|Cluster-17095.0__TRINITY_DN3778_c1_g6_i1.p1                 2.05%    passed     99.96%
  37  SRR3407096|Cluster-21094.0__TRINITY_DN8035_c1_g1_i4.p1           9.94%    passed     99.90%
  38  DE560|Cluster-5013.0__TRINITY_DN753_c0_g2_i1.p1                  2.63%    passed    100.00%
  39  SRR3407095|Cluster-51711.1__TRINITY_DN10715_c0_g1_i9.p1          0.00%    passed     99.83%
  40  DE69|Cluster-44733.1__TRINITY_DN15600_c0_g1_i8.p1                7.02%    passed     97.41%
  41  DE507|Cluster-77711.0__TRINITY_DN216_c0_g1_i9.p1                 0.00%    passed    100.00%
  42  DE528|Cluster-50310.4__TRINITY_DN314_c0_g1_i5.p1                68.71%    passed     51.42%
  43  DE704-purple|Cluster-61059.1__TRINITY_DN2092_c0_g2_i7.p1         0.00%    passed    100.00%
  44  DE216|Cluster-25184.0__TRINITY_DN516_c0_g1_i1.p1                 0.00%    passed    100.00%
  45  JJ15|Cluster-72825.0__TRINITY_DN551_c0_g2_i3.p1                  0.00%    passed    100.00%
  46  DE534|Cluster-31535.2__TRINITY_DN1311_c0_g1_i3.p1                0.00%    passed    100.00%
  47  DE542|Cluster-41179.6__TRINITY_DN494_c0_g1_i10.p1                5.26%    passed    100.00%
  48  DRR082660|Cluster-17521.0__TRINITY_DN5583_c0_g1_i1.p1            0.00%    passed    100.00%
  49  DE741|Cluster-43544.0__TRINITY_DN1407_c0_g1_i1.p1                0.00%    passed    100.00%
  50  JJ23|Cluster-22906.1__TRINITY_DN4418_c0_g1_i9.p1                 0.00%    passed     99.72%
  51  JJ86|Cluster-37197.1__TRINITY_DN4196_c0_g1_i6.p1                 0.00%    passed     99.99%
  52  DE505|Cluster-25675.4__TRINITY_DN2842_c0_g1_i1.p1                0.00%    passed    100.00%
  53  SRR3407087|Cluster-32965.2__TRINITY_DN2539_c0_g1_i9.p1           0.00%    passed    100.00%
  54  DE561|Cluster-13784.1__TRINITY_DN1171_c0_g1_i4.p1                0.00%    passed    100.00%
  55  SRR3424066|Cluster-21350.1__TRINITY_DN325_c0_g1_i2.p1            0.00%    passed    100.00%
  56  SRR3407088|Cluster-38175.2__TRINITY_DN12883_c0_g1_i8.p1          0.00%    passed    100.00%
  57  DE151|Cluster-56758.5__TRINITY_DN3050_c0_g1_i6.p1                0.00%    passed    100.00%
  58  DE531|Cluster-43712.1__TRINITY_DN4151_c0_g1_i12.p1               0.00%    passed    100.00%
  59  DE173|Cluster-54479.2__TRINITY_DN1777_c0_g1_i17.p1               0.00%    passed    100.00%
  60  DE509|Cluster-23641.0__TRINITY_DN380_c0_g1_i34.p1                0.00%    passed    100.00%
  61  DE549|Cluster-35305.3__TRINITY_DN2519_c0_g1_i10.p1               0.00%    passed    100.00%
  62  JJ130|Cluster-44446.1__TRINITY_DN4863_c0_g1_i14.p1               0.00%    passed    100.00%
  63  DE736|Cluster-49730.2__TRINITY_DN858_c1_g1_i6.p1                 0.00%    passed    100.00%
  64  DE566|Cluster-12818.1__TRINITY_DN16300_c0_g1_i4.p1               0.00%    passed     99.97%
  65  DRR234970|Cluster-41331.0__TRINITY_DN32773_c0_g1_i1.p1           0.29%    passed     98.54%
  66  DE162|Cluster-35993.2__TRINITY_DN365_c1_g1_i13.p1                0.00%    passed    100.00%
  67  DE623|Cluster-23890.0__TRINITY_DN4933_c0_g1_i1.p1                0.00%    passed    100.00%
  68  DE681|Cluster-28276.1__TRINITY_DN106_c0_g1_i7.p1                 0.00%    passed     99.99%
  69  DE575|Cluster-42833.3__TRINITY_DN540_c0_g1_i5.p1                 0.00%    passed     99.96%
  70  DE164|Cluster-53341.4__TRINITY_DN109_c0_g1_i1.p1                 0.00%    passed     99.96%
  71  DE189|Cluster-42640.1__TRINITY_DN3452_c0_g1_i2.p1                0.00%    passed     99.99%
  72  DE672|Cluster-42571.7__TRINITY_DN1522_c0_g1_i6.p1                0.00%    passed    100.00%
  73  DE88|Cluster-33120.0__TRINITY_DN69_c0_g2_i1.p1                   0.00%    passed    100.00%
  74  JJ109|Cluster-22055.1__TRINITY_DN427_c0_g1_i8.p1                 0.00%    passed     99.69%
  75  DE550|Cluster-10984.2__TRINITY_DN535_c0_g1_i6.p1                 0.00%    passed     99.89%
  76  DE504|Cluster-52491.2__TRINITY_DN1108_c0_g1_i18.p1               0.00%    passed     99.80%
  77  DE643|Cluster-36782.1__TRINITY_DN10147_c0_g1_i7.p1               0.00%    passed     99.98%
  78  DE696-dots|Cluster-41011.2__TRINITY_DN3354_c0_g1_i14.p1          0.00%    passed     99.92%
  79  DE541|Cluster-42917.1__TRINITY_DN537_c0_g1_i3.p1                 0.00%    passed    100.00%
  80  JJ89|Cluster-29693.1__TRINITY_DN5030_c0_g1_i5.p1                 0.00%    passed     99.95%
  81  DE696-nodots|Cluster-38176.6__TRINITY_DN2229_c1_g1_i12.p1        0.00%    passed     99.99%
  82  JJ36|Cluster-23492.1__TRINITY_DN791_c0_g2_i8.p1                  0.00%    passed    100.00%
  83  DE127|Cluster-17699.2__TRINITY_DN678_c0_g1_i8.p1                 0.00%    passed     99.90%
  84  DE666|Cluster-32806.1__TRINITY_DN6044_c0_g1_i3.p1                0.00%    passed    100.00%
  85  DE229|Cluster-74775.24__TRINITY_DN3465_c0_g3_i4.p1               0.29%    passed     99.86%
  86  DE704-white|Cluster-7881.4__TRINITY_DN559_c0_g1_i6.p1            0.00%    passed     99.96%
  87  DE681|Cluster-50424.0__TRINITY_DN8637_c0_g2_i1.p1               12.57%    passed     51.64%
  88  DE554|Cluster-51917.5__TRINITY_DN12_c1_g1_i10.p1                 9.65%    passed     97.25%
  89  DE181|Cluster-24292.0__TRINITY_DN4552_c0_g3_i2.p1                6.14%    passed     93.71%
  90  SRR3407086|Cluster-22239.0__TRINITY_DN53604_c0_g1_i9.p1          0.29%    passed     93.46%
  91  DE503|Cluster-58230.2__TRINITY_DN258_c1_g2_i1.p1                 0.29%    passed     80.07%
  92  DE505|Cluster-45177.0__TRINITY_DN2842_c0_g3_i1.p1                0.29%    passed     85.66%
  93  SRR3424066|Cluster-14664.0__TRINITY_DN325_c0_g1_i5.p1            0.29%    passed     97.93%
  94  DE560|Cluster-31892.1__TRINITY_DN753_c0_g1_i17.p1                0.29%    passed     99.33%
  95  DE216|Cluster-23135.0__TRINITY_DN516_c0_g2_i1.p1                 0.58%    passed     99.91%
  96  JJ15|Cluster-11327.0__TRINITY_DN551_c0_g1_i1.p1                  0.58%    passed     99.86%
  97  DE536|Cluster-2880.0__TRINITY_DN20_c0_g1_i4.p1                   0.58%    passed    100.00%
  98  DE151|Cluster-51744.0__TRINITY_DN2898_c0_g1_i2.p1                6.73%    passed     99.98%
  99  DE189|Cluster-45690.0__TRINITY_DN1687_c0_g1_i1.p1                0.29%    passed     99.96%
 100  DE173|Cluster-52660.0__TRINITY_DN1777_c0_g2_i1.p1                0.29%    passed    100.00%
 101  JJ109|Cluster-42482.0__TRINITY_DN2032_c0_g1_i1.p1                0.29%    passed     99.99%
 102  JJ130|Cluster-7844.0__TRINITY_DN4863_c0_g3_i1.p1                 0.00%    passed     99.96%
 103  DE164|Cluster-47039.0__TRINITY_DN878_c0_g1_i1.p1                 7.02%    passed     99.84%
 104  DE672|Cluster-18764.0__TRINITY_DN115942_c0_g1_i1.p1              2.05%    passed     99.99%
 105  DE671|Cluster-41911.0__TRINITY_DN13033_c0_g1_i1.p1               1.17%    passed     99.54%
 106  DE88|Cluster-26546.0__TRINITY_DN6725_c0_g1_i1.p1                 1.17%    passed     99.40%
 107  JJ89|Cluster-10164.0__TRINITY_DN6548_c0_g1_i1.p1                 0.00%    passed     99.91%
 108  DE550|Cluster-41715.16__TRINITY_DN13734_c0_g1_i3.p1              7.02%    passed    100.00%
 109  DE531|Cluster-43358.0__TRINITY_DN1521_c0_g2_i1.p1                0.29%    passed    100.00%
 110  DE696-dots|Cluster-34438.0__TRINITY_DN1168_c0_g2_i1.p1          16.96%    passed     99.97%
 111  DE696-nodots|Cluster-8740.0__TRINITY_DN6294_c0_g1_i1.p1          0.29%    passed    100.00%
 112  JJ36|Cluster-6848.0__TRINITY_DN791_c0_g4_i3.p1                   0.29%    passed    100.00%
 113  DE737|Cluster-8395.0__TRINITY_DN11214_c0_g1_i1.p1                0.29%    passed     99.98%
 114  DE736|Cluster-24709.3__TRINITY_DN1747_c1_g1_i10.p1               0.29%    passed     99.58%
 115  DRR082660|Cluster-34930.0__TRINITY_DN5583_c0_g2_i1.p1            0.29%    passed    100.00%
WARNING: 1 sequences contain more than 50% gaps/ambiguity
****  TOTAL                                                            2.08%  0 sequences failed composition chi2 test (p-value<5%; df=60)
Reading input tree file tmp.csubst.nwk ... rooted tree

NOTE: 87 MB RAM (0 GB) is required!
Measuring multi-threading efficiency up to 1 CPU cores
2 trees examined
Threads: 1 / Time: 4.195 sec / Speedup: 1.000 / Efficiency: 100% / LogL: -42710
BEST NUMBER OF THREADS: 1

Estimate model parameters (epsilon = 0.010)
1. Initial log-likelihood: -25486.229
2. Current log-likelihood: -22210.391
3. Current log-likelihood: -21892.174
4. Current log-likelihood: -21891.803
5. Current log-likelihood: -21891.654
6. Current log-likelihood: -21891.543
7. Current log-likelihood: -21891.456
8. Current log-likelihood: -21891.388
9. Current log-likelihood: -21891.337
10. Current log-likelihood: -21891.299
11. Current log-likelihood: -21891.273
12. Current log-likelihood: -21891.254
13. Current log-likelihood: -21891.243
Optimal log-likelihood: -21891.236
Nonsynonymous/synonymous ratio (omega): 1.000
Transition/transversion ratio (kappa): 1.000
Site proportion and rates:  (0.403,0.354) (0.296,0.925) (0.277,1.743) (0.025,4.103)
Parameters optimization took 13 rounds (170.215 sec)
Wrote distance file to... 
BEST SCORE FOUND : -21891.236
Ancestral state probabilities printed to /mnt/data0/yue/2026-03-11-protein-convergence/results/OG_153/csubst_w_s/csubst_input_alignment.fa.state
Empirical proportions for each category: 0.421 0.281 0.275 0.023
Site rates printed to /mnt/data0/yue/2026-03-11-protein-convergence/results/OG_153/csubst_w_s/csubst_input_alignment.fa.rate
Total tree length: 12.252

Total number of iterations: 0
CPU time used for tree search: 0.000 sec (0h:0m:0s)
Wall-clock time used for tree search: 0.000 sec (0h:0m:0s)
Total CPU time used: 177.010 sec (0h:2m:57s)
Total wall-clock time used: 177.345 sec (0h:2m:57s)

Analysis results written to: 
  IQ-TREE report:                /mnt/data0/yue/2026-03-11-protein-convergence/results/OG_153/csubst_w_s/csubst_input_alignment.fa.iqtree
  Maximum-likelihood tree:       /mnt/data0/yue/2026-03-11-protein-convergence/results/OG_153/csubst_w_s/csubst_input_alignment.fa.treefile
  Site-specific rates:           /mnt/data0/yue/2026-03-11-protein-convergence/results/OG_153/csubst_w_s/csubst_input_alignment.fa.rate
  Ancestral state:               /mnt/data0/yue/2026-03-11-protein-convergence/results/OG_153/csubst_w_s/csubst_input_alignment.fa.state
  Screen log file:               /mnt/data0/yue/2026-03-11-protein-convergence/results/OG_153/csubst_w_s/csubst_input_alignment.fa.log

Date and Time: Fri Mar 27 00:42:17 2026
