IQ-TREE multicore version 2.4.0 for Linux x86 64-bit built Feb 12 2025
Developed by Bui Quang Minh, Nguyen Lam Tung, Olga Chernomor, Heiko Schmidt,
Dominik Schrempf, Michael Woodhams, Ly Trong Nhan, Thomas Wong

Host:    brain (AVX2, FMA3, 2015 GB RAM)
Command: /home/yue/miniconda3/envs/py39/bin/iqtree -s /mnt/data0/yue/2026-03-11-protein-convergence/results/OG_7032/csubst_w_s/csubst_input_alignment.fa -te tmp.csubst.nwk -m ECMK07+F+R4 --seqtype CODON1 --threads-max 1 -T AUTO --ancestral --rate --redo
Seed:    749031 (Using SPRNG - Scalable Parallel Random Number Generator)
Time:    Fri Mar 27 23:31:16 2026
Kernel:  AVX+FMA - auto-detect threads (128 CPU cores detected)

Reading alignment file /mnt/data0/yue/2026-03-11-protein-convergence/results/OG_7032/csubst_w_s/csubst_input_alignment.fa ... Fasta format detected
Reading fasta file: done in 0.0013888 secs using 24.91% CPU
Alignment most likely contains DNA/RNA sequences
Converting to codon sequences with genetic code 1 ...
Alignment has 75 sequences with 356 columns, 336 distinct patterns
224 parsimony-informative, 77 singleton sites, 54 constant sites
                                                               Gap/Ambiguity  Composition  p-value
Analyzing sequences: done in 7.58171e-05 secs using 97.6% CPU
   1  DRR234970|Cluster-26005.0__TRINITY_DN10549_c0_g2_i1.p1           6.74%    passed     99.75%
   2  DE536|Cluster-14222.0__TRINITY_DN7320_c0_g1_i4.p1               21.63%    passed    100.00%
   3  JJ99|Cluster-7467.0__TRINITY_DN23430_c0_g1_i2.p1                 0.00%    passed    100.00%
   4  DE680|Cluster-39742.0__TRINITY_DN3398_c0_g1_i1.p1                0.00%    passed    100.00%
   5  DE550|Cluster-40275.2__TRINITY_DN5829_c0_g1_i7.p1                0.00%    passed    100.00%
   6  DE671|Cluster-31522.0__TRINITY_DN3137_c0_g2_i1.p1                0.00%    passed    100.00%
   7  DE737|Cluster-14499.0__TRINITY_DN3429_c0_g2_i1.p1                0.00%    passed    100.00%
   8  DE764|Cluster-42717.0__TRINITY_DN4004_c0_g1_i1.p1                0.00%    passed    100.00%
   9  DE69|Cluster-48103.0__TRINITY_DN1621_c1_g1_i2.p1                 0.56%    passed    100.00%
  10  DE505|Cluster-56896.0__TRINITY_DN65_c0_g2_i1.p1                  0.00%    passed    100.00%
  11  DRR082660|Cluster-32078.0__TRINITY_DN21265_c0_g1_i1.p1           0.00%    passed    100.00%
  12  DE152|Cluster-5551.0__TRINITY_DN2317_c0_g1_i1.p1                 0.00%    passed    100.00%
  13  SRR104381|Cluster-23598.0__TRINITY_DN6161_c0_g1_i3.p1            7.30%    passed     11.26%
  14  SRR5150740|Cluster-29450.0__TRINITY_DN20345_c0_g1_i1.p1          0.00%    passed     79.85%
  15  DE507|Cluster-41200.0__TRINITY_DN8266_c0_g1_i3.p1                0.00%    passed    100.00%
  16  DE528|Cluster-1913.0__TRINITY_DN84968_c0_g1_i1.p1                0.00%    passed    100.00%
  17  SRR3407095|Cluster-17118.0__TRINITY_DN419_c0_g3_i1.p1            0.00%    passed    100.00%
  18  DE503|Cluster-42801.0__TRINITY_DN1841_c0_g1_i4.p1                0.56%    passed    100.00%
  19  DE510|Cluster-51941.0__TRINITY_DN4634_c0_g1_i37.p1               0.56%    passed    100.00%
  20  SRR3407087|Cluster-39946.0__TRINITY_DN816_c1_g1_i5.p1            0.00%    passed    100.00%
  21  DE162|Cluster-41123.0__TRINITY_DN14811_c0_g1_i3.p1               0.00%    passed    100.00%
  22  DE704-white|Cluster-58576.2__TRINITY_DN11179_c0_g1_i2.p1         0.00%    passed    100.00%
  23  DE151|Cluster-55171.0__TRINITY_DN2863_c1_g2_i2.p1                0.00%    passed    100.00%
  24  DE189|Cluster-26787.0__TRINITY_DN1578_c0_g3_i2.p1                0.00%    passed    100.00%
  25  DE173|Cluster-47993.0__TRINITY_DN3102_c0_g3_i1.p1                0.00%    passed    100.00%
  26  DE534|Cluster-56636.6__TRINITY_DN8529_c1_g1_i3.p1               21.63%    passed     99.95%
  27  DE542|Cluster-38263.0__TRINITY_DN3667_c1_g1_i2.p1               21.63%    passed    100.00%
  28  JJ74|Cluster-104520.0__TRINITY_DN1330_c0_g1_i2.p1                0.84%    passed    100.00%
  29  DE560|Cluster-15035.0__TRINITY_DN5278_c0_g1_i4.p1                0.00%    passed    100.00%
  30  DE164|Cluster-39698.0__TRINITY_DN2076_c0_g1_i2.p1                0.00%    passed    100.00%
  31  DE672|Cluster-24681.0__TRINITY_DN3422_c0_g1_i4.p1                0.00%    passed    100.00%
  32  DE88|Cluster-19596.0__TRINITY_DN3694_c0_g1_i1.p1                 0.00%    passed    100.00%
  33  DE509|Cluster-15470.5__TRINITY_DN3947_c0_g1_i25.p1               0.00%    passed    100.00%
  34  DE736|Cluster-15988.0__TRINITY_DN3931_c0_g1_i1.p1                0.00%    passed    100.00%
  35  DE229|Cluster-79768.0__TRINITY_DN2851_c0_g1_i1.p1                0.00%    passed    100.00%
  36  JJ131|Cluster-66137.0__TRINITY_DN8319_c0_g1_i1.p1                0.56%    passed    100.00%
  37  SRR3407096|Cluster-9284.0__TRINITY_DN1907_c0_g1_i1.p1            0.00%    passed    100.00%
  38  DE523|Cluster-14202.0__TRINITY_DN7437_c0_g2_i4.p1                0.56%    passed    100.00%
  39  DE115|Cluster-34141.0__TRINITY_DN3728_c0_g1_i2.p1                0.00%    passed    100.00%
  40  JJ86|Cluster-52688.0__TRINITY_DN2661_c0_g1_i1.p1                 0.00%    passed    100.00%
  41  DE126|Cluster-27672.0__TRINITY_DN2511_c0_g1_i10.p1               1.12%    passed    100.00%
  42  DE546_urceolata_l|Cluster-18211.0__TRINITY_DN6891_c0_g1_i8.p1    0.00%    passed    100.00%
  43  DE504|Cluster-39700.0__TRINITY_DN4331_c0_g1_i1.p1                0.00%    passed    100.00%
  44  DE476|Cluster-35915.3__TRINITY_DN327_c0_g1_i37.p1                0.00%    passed    100.00%
  45  DE549|Cluster-51482.5__TRINITY_DN1022_c0_g1_i5.p1                0.00%    passed    100.00%
  46  DE643|Cluster-68898.0__TRINITY_DN4754_c0_g1_i2.p1                0.00%    passed    100.00%
  47  JJ89|Cluster-38053.0__TRINITY_DN6514_c0_g3_i1.p1                 0.00%    passed    100.00%
  48  JJ109|Cluster-47998.0__TRINITY_DN456_c0_g1_i1.p1                 0.00%    passed    100.00%
  49  JJ130|Cluster-9006.0__TRINITY_DN5887_c0_g1_i1.p1                 0.00%    passed    100.00%
  50  DE531|Cluster-35624.0__TRINITY_DN2348_c0_g1_i1.p1                0.00%    passed    100.00%
  51  JJ36|Cluster-12981.0__TRINITY_DN9934_c0_g2_i2.p1                 0.00%    passed    100.00%
  52  DE696-dots|Cluster-22660.0__TRINITY_DN12804_c0_g1_i3.p1          0.00%    passed    100.00%
  53  DE696-nodots|Cluster-57502.0__TRINITY_DN3786_c4_g2_i1.p1         0.00%    passed    100.00%
  54  DE623|Cluster-18271.2__TRINITY_DN7937_c0_g1_i5.p1                0.00%    passed    100.00%
  55  DE563|Cluster-11817.0__TRINITY_DN4641_c0_g1_i1.p1                0.00%    passed    100.00%
  56  DE765|Cluster-18291.0__TRINITY_DN4662_c0_g1_i1.p1                0.00%    passed    100.00%
  57  DE681|Cluster-22278.0__TRINITY_DN5764_c0_g1_i3.p1                0.00%    passed    100.00%
  58  DE575|Cluster-51806.0__TRINITY_DN1923_c0_g3_i1.p1                0.00%    passed    100.00%
  59  DE216|Cluster-23984.0__TRINITY_DN13700_c0_g1_i12.p1              0.00%    passed    100.00%
  60  JJ15|Cluster-35325.9__TRINITY_DN49791_c0_g1_i4.p1               21.63%    passed     99.99%
  61  DE127|Cluster-38177.0__TRINITY_DN2065_c0_g2_i1.p1                0.00%    passed    100.00%
  62  DE554|Cluster-48035.0__TRINITY_DN22099_c0_g3_i2.p1               0.00%    passed    100.00%
  63  DE666|Cluster-21465.0__TRINITY_DN622_c5_g1_i1.p1                 0.00%    passed    100.00%
  64  DE668|Cluster-59969.1__TRINITY_DN3176_c0_g2_i7.p1                3.65%    passed     54.17%
  65  DE181|Cluster-35751.1__TRINITY_DN355_c0_g1_i10.p1                0.00%    passed    100.00%
  66  SRR3407088|Cluster-37939.2__TRINITY_DN6730_c0_g1_i21.p1          0.56%    passed     82.02%
  67  DE561|Cluster-43636.1__TRINITY_DN722_c0_g3_i1.p1                 0.00%    passed    100.00%
  68  SRR3424066|Cluster-526.0__TRINITY_DN476_c0_g1_i1.p1              0.00%    passed    100.00%
  69  SRR3407092|Cluster-26707.0__TRINITY_DN8916_c0_g3_i3.p1           0.00%    passed    100.00%
  70  DE519|Cluster-21834.0__TRINITY_DN4982_c0_g1_i1.p1                0.28%    passed    100.00%
  71  DE741|Cluster-61045.0__TRINITY_DN2705_c0_g1_i1.p1                0.00%    passed    100.00%
  72  DE566|Cluster-48027.0__TRINITY_DN5306_c0_g1_i1.p1                0.00%    passed    100.00%
  73  SRR3407094|Cluster-33683.0__TRINITY_DN335_c1_g2_i2.p1           21.63%    passed    100.00%
  74  SRR3407093|Cluster-690.0__TRINITY_DN146_c0_g2_i1.p1              0.00%    passed    100.00%
  75  DE704-purple|Cluster-46376.0__TRINITY_DN6608_c0_g2_i1.p1        19.10%    passed     99.99%
****  TOTAL                                                            2.01%  0 sequences failed composition chi2 test (p-value<5%; df=60)
WARNING: States(s) TGT rarely appear in alignment and may cause numerical problems
Reading input tree file tmp.csubst.nwk ... rooted tree

NOTE: 56 MB RAM (0 GB) is required!
Measuring multi-threading efficiency up to 1 CPU cores
2 trees examined
Threads: 1 / Time: 3.022 sec / Speedup: 1.000 / Efficiency: 100% / LogL: -13901
BEST NUMBER OF THREADS: 1

Estimate model parameters (epsilon = 0.010)
1. Initial log-likelihood: -12943.031
2. Current log-likelihood: -9800.196
3. Current log-likelihood: -9790.854
4. Current log-likelihood: -9790.830
Optimal log-likelihood: -9790.827
Nonsynonymous/synonymous ratio (omega): 1.000
Transition/transversion ratio (kappa): 1.000
Site proportion and rates:  (0.569,0.389) (0.301,1.234) (0.105,2.440) (0.025,6.005)
Parameters optimization took 4 rounds (37.100 sec)
Wrote distance file to... 
BEST SCORE FOUND : -9790.827
Ancestral state probabilities printed to /mnt/data0/yue/2026-03-11-protein-convergence/results/OG_7032/csubst_w_s/csubst_input_alignment.fa.state
Empirical proportions for each category: 0.612 0.284 0.081 0.022
Site rates printed to /mnt/data0/yue/2026-03-11-protein-convergence/results/OG_7032/csubst_w_s/csubst_input_alignment.fa.rate
Total tree length: 4.580

Total number of iterations: 0
CPU time used for tree search: 0.000 sec (0h:0m:0s)
Wall-clock time used for tree search: 0.000 sec (0h:0m:0s)
Total CPU time used: 41.322 sec (0h:0m:41s)
Total wall-clock time used: 41.775 sec (0h:0m:41s)

Analysis results written to: 
  IQ-TREE report:                /mnt/data0/yue/2026-03-11-protein-convergence/results/OG_7032/csubst_w_s/csubst_input_alignment.fa.iqtree
  Maximum-likelihood tree:       /mnt/data0/yue/2026-03-11-protein-convergence/results/OG_7032/csubst_w_s/csubst_input_alignment.fa.treefile
  Site-specific rates:           /mnt/data0/yue/2026-03-11-protein-convergence/results/OG_7032/csubst_w_s/csubst_input_alignment.fa.rate
  Ancestral state:               /mnt/data0/yue/2026-03-11-protein-convergence/results/OG_7032/csubst_w_s/csubst_input_alignment.fa.state
  Screen log file:               /mnt/data0/yue/2026-03-11-protein-convergence/results/OG_7032/csubst_w_s/csubst_input_alignment.fa.log

Date and Time: Fri Mar 27 23:31:58 2026
