IQ-TREE multicore version 2.4.0 for Linux x86 64-bit built Feb 12 2025
Developed by Bui Quang Minh, Nguyen Lam Tung, Olga Chernomor, Heiko Schmidt,
Dominik Schrempf, Michael Woodhams, Ly Trong Nhan, Thomas Wong

Host:    brain (AVX2, FMA3, 2015 GB RAM)
Command: /home/yue/miniconda3/envs/py39/bin/iqtree -s /mnt/data0/yue/2026-03-11-protein-convergence/results/OG_12086/csubst_w_s/csubst_input_alignment.fa -te tmp.csubst.nwk -m ECMK07+F+R4 --seqtype CODON1 --threads-max 1 -T AUTO --ancestral --rate --redo
Seed:    395322 (Using SPRNG - Scalable Parallel Random Number Generator)
Time:    Thu Mar 26 23:02:25 2026
Kernel:  AVX+FMA - auto-detect threads (128 CPU cores detected)

Reading alignment file /mnt/data0/yue/2026-03-11-protein-convergence/results/OG_12086/csubst_w_s/csubst_input_alignment.fa ... Fasta format detected
Reading fasta file: done in 0.000771537 secs
Alignment most likely contains DNA/RNA sequences
Converting to codon sequences with genetic code 1 ...
WARNING: 1 sites contain only gaps or ambiguous characters.
Alignment has 55 sequences with 267 columns, 218 distinct patterns
111 parsimony-informative, 47 singleton sites, 109 constant sites
                                                              Gap/Ambiguity  Composition  p-value
Analyzing sequences: done in 3.16203e-05 secs
   1  DE115|Cluster-3897.0__TRINITY_DN63556_c0_g1_i1.p1               0.37%    passed    100.00%
   2  DE126|Cluster-8855.0__TRINITY_DN20654_c0_g1_i2.p1               0.37%    passed    100.00%
   3  DE546_urceolata_l|Cluster-510.0__TRINITY_DN11281_c0_g1_i2.p1   30.71%    passed    100.00%
   4  DE680|Cluster-14996.0__TRINITY_DN14517_c0_g1_i1.p1              0.37%    passed    100.00%
   5  DE623|Cluster-33100.0__TRINITY_DN16297_c0_g1_i2.p1              0.37%    passed    100.00%
   6  JJ86|Cluster-32645.0__TRINITY_DN8814_c1_g1_i1.p1                0.37%    passed    100.00%
   7  DE162|Cluster-22894.0__TRINITY_DN16715_c0_g1_i4.p1              0.37%    passed    100.00%
   8  DE528|Cluster-5086.0__TRINITY_DN21046_c0_g1_i1.p1               0.37%    passed    100.00%
   9  DE507|Cluster-44937.0__TRINITY_DN159393_c0_g1_i1.p1             0.37%    passed    100.00%
  10  DE704-purple|Cluster-7576.0__TRINITY_DN88702_c0_g1_i1.p1        0.37%    passed    100.00%
  11  DE704-white|Cluster-32676.0__TRINITY_DN14347_c0_g1_i1.p1        0.37%    passed    100.00%
  12  DE765|Cluster-31046.0__TRINITY_DN17621_c0_g1_i3.p1              0.37%    passed    100.00%
  13  DE575|Cluster-59201.0__TRINITY_DN16083_c0_g1_i1.p1              0.37%    passed    100.00%
  14  DE681|Cluster-31832.0__TRINITY_DN35709_c0_g1_i3.p1              0.37%    passed    100.00%
  15  DE152|Cluster-62473.0__TRINITY_DN23125_c0_g1_i2.p1              0.37%    passed    100.00%
  16  DE229|Cluster-34031.0__TRINITY_DN14913_c0_g2_i1.p1              0.37%    passed    100.00%
  17  DE668|Cluster-23051.0__TRINITY_DN15927_c0_g1_i1.p1              0.37%    passed    100.00%
  18  JJ125|Cluster-1116.0__TRINITY_DN8455_c0_g1_i1.p1                0.37%    passed    100.00%
  19  DE534|Cluster-48244.0__TRINITY_DN23322_c0_g1_i1.p1              0.37%    passed    100.00%
  20  DE560|Cluster-18331.0__TRINITY_DN15489_c0_g1_i1.p1              0.37%    passed    100.00%
  21  DE151|Cluster-27954.0__TRINITY_DN15102_c2_g1_i1.p1              0.37%    passed    100.00%
  22  DE173|Cluster-46233.0__TRINITY_DN12567_c0_g1_i1.p1              0.37%    passed    100.00%
  23  DE189|Cluster-45217.0__TRINITY_DN17489_c0_g1_i1.p1              0.37%    passed    100.00%
  24  JJ89|Cluster-38304.0__TRINITY_DN8919_c0_g1_i3.p1                0.37%    passed    100.00%
  25  DE736|Cluster-11686.0__TRINITY_DN10771_c0_g1_i1.p1              0.37%    passed    100.00%
  26  DE764|Cluster-18986.0__TRINITY_DN13145_c0_g1_i2.p1              0.37%    passed    100.00%
  27  DE541|Cluster-43688.0__TRINITY_DN12522_c0_g1_i1.p1             30.34%    passed    100.00%
  28  JJ130|Cluster-48357.0__TRINITY_DN44079_c0_g1_i1.p1              0.37%    passed    100.00%
  29  DE504|Cluster-43929.0__TRINITY_DN21665_c0_g2_i3.p1              0.37%    passed    100.00%
  30  DE509|Cluster-39003.0__TRINITY_DN7330_c0_g2_i1.p1               0.37%    passed    100.00%
  31  DE531|Cluster-46342.0__TRINITY_DN20465_c0_g1_i2.p1              0.37%    passed    100.00%
  32  DE696-dots|Cluster-56794.0__TRINITY_DN7531_c3_g1_i1.p1          0.37%    passed    100.00%
  33  DE696-nodots|Cluster-49005.0__TRINITY_DN68462_c0_g1_i1.p1       0.37%    passed    100.00%
  34  JJ36|Cluster-37505.0__TRINITY_DN38919_c0_g1_i1.p1              30.71%    passed     99.99%
  35  DE550|Cluster-51576.0__TRINITY_DN21072_c0_g1_i3.p1              0.37%    passed     99.56%
  36  DE737|Cluster-55148.0__TRINITY_DN62981_c0_g1_i1.p1              0.37%    passed    100.00%
  37  DE671|Cluster-15211.0__TRINITY_DN12735_c0_g1_i1.p1              0.37%    passed    100.00%
  38  DE643|Cluster-68158.1__TRINITY_DN16806_c1_g1_i2.p1              0.37%    passed    100.00%
  39  DE69|Cluster-42998.0__TRINITY_DN71450_c0_g1_i1.p1               0.37%    passed    100.00%
  40  SRR3407095|Cluster-24487.0__TRINITY_DN31361_c0_g2_i1.p1         0.37%    passed    100.00%
  41  DE181|Cluster-36835.0__TRINITY_DN70638_c0_g1_i1.p1              0.37%    passed    100.00%
  42  SRR3407086|Cluster-32653.0__TRINITY_DN88636_c0_g1_i1.p1         0.37%    passed    100.00%
  43  SRR3424066|Cluster-16920.0__TRINITY_DN33361_c0_g1_i1.p1         0.37%    passed    100.00%
  44  DE561|Cluster-25498.0__TRINITY_DN47653_c0_g1_i1.p1              0.37%    passed    100.00%
  45  SRR3407088|Cluster-34327.0__TRINITY_DN41477_c0_g1_i1.p1         0.37%    passed    100.00%
  46  DE505|Cluster-6543.0__TRINITY_DN12658_c0_g1_i1.p1               0.37%    passed    100.00%
  47  SRR3407087|Cluster-23196.0__TRINITY_DN44452_c0_g1_i1.p1         0.37%    passed    100.00%
  48  DE510|Cluster-11781.0__TRINITY_DN12132_c0_g1_i1.p1              0.37%    passed    100.00%
  49  DE503|Cluster-52115.0__TRINITY_DN15358_c0_g1_i1.p1             30.71%    passed     99.92%
  50  SRR3407093|Cluster-22317.0__TRINITY_DN34470_c0_g1_i1.p1         0.37%    passed    100.00%
  51  SRR3407094|Cluster-16884.0__TRINITY_DN50727_c0_g1_i1.p1         0.37%    passed    100.00%
  52  SRR3407092|Cluster-38713.0__TRINITY_DN9095_c0_g1_i1.p1          0.37%    passed    100.00%
  53  JJ109|Cluster-37374.0__TRINITY_DN21638_c2_g1_i3.p1             49.44%    passed     99.98%
  54  DE549|Cluster-51633.0__TRINITY_DN77871_c0_g1_i1.p1             49.44%    passed     99.50%
  55  JJ131|Cluster-40259.3__TRINITY_DN14363_c0_g1_i8.p1              0.37%    passed    100.00%
****  TOTAL                                                           4.36%  0 sequences failed composition chi2 test (p-value<5%; df=60)
WARNING: States(s) CGG rarely appear in alignment and may cause numerical problems
Reading input tree file tmp.csubst.nwk ... rooted tree

NOTE: 29 MB RAM (0 GB) is required!
Measuring multi-threading efficiency up to 1 CPU cores
2 trees examined
Threads: 1 / Time: 1.434 sec / Speedup: 1.000 / Efficiency: 100% / LogL: -6837
BEST NUMBER OF THREADS: 1

Estimate model parameters (epsilon = 0.010)
1. Initial log-likelihood: -6558.021
2. Current log-likelihood: -3790.646
3. Current log-likelihood: -3790.230
4. Current log-likelihood: -3790.040
5. Current log-likelihood: -3789.910
6. Current log-likelihood: -3789.808
7. Current log-likelihood: -3789.725
8. Current log-likelihood: -3789.659
9. Current log-likelihood: -3789.607
10. Current log-likelihood: -3789.567
11. Current log-likelihood: -3789.537
12. Current log-likelihood: -3789.516
13. Current log-likelihood: -3789.502
14. Current log-likelihood: -3789.491
Optimal log-likelihood: -3789.484
Nonsynonymous/synonymous ratio (omega): 1.000
Transition/transversion ratio (kappa): 1.000
Site proportion and rates:  (0.605,0.372) (0.171,1.391) (0.182,2.375) (0.041,2.521)
Parameters optimization took 14 rounds (79.361 sec)
Wrote distance file to... 
BEST SCORE FOUND : -3789.484
Ancestral state probabilities printed to /mnt/data0/yue/2026-03-11-protein-convergence/results/OG_12086/csubst_w_s/csubst_input_alignment.fa.state
Empirical proportions for each category: 0.723 0.052 0.225 0.000
Site rates printed to /mnt/data0/yue/2026-03-11-protein-convergence/results/OG_12086/csubst_w_s/csubst_input_alignment.fa.rate
Total tree length: 1.581

Total number of iterations: 0
CPU time used for tree search: 0.000 sec (0h:0m:0s)
Wall-clock time used for tree search: 0.000 sec (0h:0m:0s)
Total CPU time used: 81.876 sec (0h:1m:21s)
Total wall-clock time used: 82.079 sec (0h:1m:22s)

Analysis results written to: 
  IQ-TREE report:                /mnt/data0/yue/2026-03-11-protein-convergence/results/OG_12086/csubst_w_s/csubst_input_alignment.fa.iqtree
  Maximum-likelihood tree:       /mnt/data0/yue/2026-03-11-protein-convergence/results/OG_12086/csubst_w_s/csubst_input_alignment.fa.treefile
  Site-specific rates:           /mnt/data0/yue/2026-03-11-protein-convergence/results/OG_12086/csubst_w_s/csubst_input_alignment.fa.rate
  Ancestral state:               /mnt/data0/yue/2026-03-11-protein-convergence/results/OG_12086/csubst_w_s/csubst_input_alignment.fa.state
  Screen log file:               /mnt/data0/yue/2026-03-11-protein-convergence/results/OG_12086/csubst_w_s/csubst_input_alignment.fa.log

Date and Time: Thu Mar 26 23:03:47 2026
