IQ-TREE multicore version 2.4.0 for Linux x86 64-bit built Feb 12 2025
Developed by Bui Quang Minh, Nguyen Lam Tung, Olga Chernomor, Heiko Schmidt,
Dominik Schrempf, Michael Woodhams, Ly Trong Nhan, Thomas Wong

Host:    brain (AVX2, FMA3, 2015 GB RAM)
Command: /home/yue/miniconda3/envs/py39/bin/iqtree -s /mnt/data0/yue/2026-03-11-protein-convergence/results/OG_6492/csubst_w_s/csubst_input_alignment.fa -te tmp.csubst.nwk -m ECMK07+F+R4 --seqtype CODON1 --threads-max 1 -T AUTO --ancestral --rate --redo
Seed:    408011 (Using SPRNG - Scalable Parallel Random Number Generator)
Time:    Fri Mar 27 21:43:05 2026
Kernel:  AVX+FMA - auto-detect threads (128 CPU cores detected)

Reading alignment file /mnt/data0/yue/2026-03-11-protein-convergence/results/OG_6492/csubst_w_s/csubst_input_alignment.fa ... Fasta format detected
Reading fasta file: done in 0.00292645 secs using 49.96% CPU
Alignment most likely contains DNA/RNA sequences
Converting to codon sequences with genetic code 1 ...
Alignment has 75 sequences with 346 columns, 315 distinct patterns
138 parsimony-informative, 93 singleton sites, 114 constant sites
                                                               Gap/Ambiguity  Composition  p-value
Analyzing sequences: done in 0.000128359 secs using 98.16% CPU
   1  DE736|Cluster-51907.0__TRINITY_DN8194_c0_g1_i2.p1               23.12%    passed     99.71%
   2  JJ99|Cluster-39285.0__TRINITY_DN14707_c0_g1_i1.p1               23.12%    passed     99.85%
   3  DE737|Cluster-39325.0__TRINITY_DN17369_c0_g1_i6.p1              23.12%    passed     99.94%
   4  SRR3407093|Cluster-40237.0__TRINITY_DN9338_c0_g1_i2.p1          23.70%    passed     99.62%
   5  DE507|Cluster-26303.0__TRINITY_DN4026_c0_g1_i1.p1               23.12%    passed     99.97%
   6  DE528|Cluster-39540.0__TRINITY_DN3914_c0_g1_i2.p1               23.12%    passed     99.98%
   7  DE704-purple|Cluster-15552.0__TRINITY_DN3210_c0_g1_i1.p1        23.12%    passed     99.97%
   8  DE704-white|Cluster-24259.0__TRINITY_DN5989_c0_g1_i5.p1         23.12%    passed     99.97%
   9  DE561|Cluster-38760.0__TRINITY_DN7271_c0_g1_i11.p1              23.70%    passed     99.45%
  10  JJ131|Cluster-57769.0__TRINITY_DN2582_c0_g1_i64.p1              24.57%    passed     99.49%
  11  DE741|Cluster-48528.0__TRINITY_DN25458_c0_g1_i5.p1              12.43%    passed    100.00%
  12  DE88|Cluster-37937.0__TRINITY_DN5801_c0_g1_i26.p1               21.97%    passed     99.93%
  13  DE115|Cluster-39935.0__TRINITY_DN4537_c0_g1_i3.p1               44.22%    passed    100.00%
  14  DE126|Cluster-35995.0__TRINITY_DN8485_c0_g1_i3.p1               44.22%    passed     99.99%
  15  DE189|Cluster-25779.0__TRINITY_DN1645_c0_g1_i3.p1               44.22%    passed    100.00%
  16  DE550|Cluster-50914.1__TRINITY_DN4561_c0_g1_i3.p1               44.22%    passed     99.98%
  17  DE575|Cluster-29174.0__TRINITY_DN5258_c0_g1_i1.p1               44.22%    passed    100.00%
  18  SRR3424066|Cluster-10814.0__TRINITY_DN6501_c0_g1_i1.p1           0.00%    passed    100.00%
  19  SRR3407088|Cluster-30482.0__TRINITY_DN1953_c0_g1_i1.p1           0.00%    passed    100.00%
  20  DE765|Cluster-56590.0__TRINITY_DN4055_c0_g1_i1.p1               44.22%    passed    100.00%
  21  JJ130|Cluster-33223.2__TRINITY_DN3293_c0_g1_i10.p1              44.22%    passed     99.99%
  22  SRR3407096|Cluster-31576.0__TRINITY_DN28108_c0_g1_i1.p1          0.00%    passed    100.00%
  23  DE509|Cluster-30071.0__TRINITY_DN10478_c0_g1_i5.p1              44.22%    passed     99.98%
  24  DE476|Cluster-21762.0__TRINITY_DN16790_c0_g1_i13.p1             44.22%    passed     99.98%
  25  DE554|Cluster-60671.0__TRINITY_DN4037_c0_g1_i3.p1               44.22%    passed     99.99%
  26  DE666|Cluster-43406.0__TRINITY_DN3761_c0_g1_i1.p1               44.22%    passed     99.85%
  27  DE563|Cluster-50534.0__TRINITY_DN1539_c0_g1_i8.p1               44.22%    passed     99.98%
  28  SRR3407092|Cluster-11418.0__TRINITY_DN41311_c0_g1_i1.p1          0.00%    passed    100.00%
  29  DE510|Cluster-24705.0__TRINITY_DN9906_c0_g1_i1.p1               44.22%    passed    100.00%
  30  SRR3407094|Cluster-28481.0__TRINITY_DN3203_c0_g1_i1.p1           0.00%    passed    100.00%
  31  DE534|Cluster-34619.0__TRINITY_DN2330_c1_g1_i2.p1               44.22%    passed     99.90%
  32  DE127|Cluster-20509.0__TRINITY_DN138_c1_g1_i1.p1                 0.00%    passed    100.00%
  33  DE162|Cluster-42110.0__TRINITY_DN449_c0_g1_i2.p1                44.22%    passed     99.88%
  34  DE623|Cluster-45439.0__TRINITY_DN5588_c0_g1_i12.p1              44.22%    passed     99.97%
  35  DE680|Cluster-48113.0__TRINITY_DN5679_c0_g1_i9.p1               44.22%    passed     99.97%
  36  DE546_urceolata_l|Cluster-35382.0__TRINITY_DN5454_c0_g1_i6.p1    0.58%    passed    100.00%
  37  DRR082660|Cluster-13842.0__TRINITY_DN10923_c0_g1_i3.p1           0.00%    passed    100.00%
  38  DE668|Cluster-13870.0__TRINITY_DN7438_c0_g1_i1.p1                4.62%    passed    100.00%
  39  JJ86|Cluster-50953.0__TRINITY_DN361_c0_g1_i3.p1                  0.00%    passed    100.00%
  40  DE181|Cluster-35983.0__TRINITY_DN7072_c0_g1_i2.p1                0.29%    passed    100.00%
  41  SRR3407086|Cluster-33763.0__TRINITY_DN5872_c0_g1_i1.p1           0.29%    passed    100.00%
  42  DE549|Cluster-31518.0__TRINITY_DN12290_c0_g1_i3.p1               0.29%    passed    100.00%
  43  DE151|Cluster-53048.0__TRINITY_DN6601_c0_g1_i3.p1                0.29%    passed    100.00%
  44  DE764|Cluster-39543.0__TRINITY_DN5948_c0_g1_i8.p1                0.29%    passed    100.00%
  45  JJ109|Cluster-37116.0__TRINITY_DN207_c0_g1_i7.p1                 0.29%    passed    100.00%
  46  DE173|Cluster-37843.0__TRINITY_DN9692_c0_g1_i5.p1                0.00%    passed    100.00%
  47  DE531|Cluster-18433.0__TRINITY_DN8989_c0_g1_i4.p1               44.51%    passed     99.99%
  48  JJ74|Cluster-111898.0__TRINITY_DN1291_c0_g1_i7.p1               44.51%    passed     99.82%
  49  JJ125|Cluster-22963.1__TRINITY_DN4543_c0_g1_i3.p1               44.51%    passed     99.99%
  50  DE536|Cluster-56578.0__TRINITY_DN3881_c0_g1_i4.p1               64.74%    passed     99.99%
  51  DE519|Cluster-60556.0__TRINITY_DN2162_c0_g1_i4.p1                0.29%    passed    100.00%
  52  JJ89|Cluster-42363.0__TRINITY_DN4710_c0_g1_i10.p1                0.29%    passed    100.00%
  53  DE523|Cluster-27582.0__TRINITY_DN10850_c0_g1_i3.p1               0.00%    passed    100.00%
  54  DE681|Cluster-41019.0__TRINITY_DN7005_c0_g1_i3.p1               44.51%    passed    100.00%
  55  DE164|Cluster-39380.0__TRINITY_DN9173_c0_g1_i4.p1                0.29%    passed    100.00%
  56  DE560|Cluster-20817.0__TRINITY_DN8485_c0_g1_i5.p1                0.29%    passed    100.00%
  57  JJ36|Cluster-42331.0__TRINITY_DN7792_c0_g1_i4.p1                 0.29%    passed    100.00%
  58  DE696-dots|Cluster-3748.0__TRINITY_DN5270_c0_g1_i4.p1            0.29%    passed    100.00%
  59  DE696-nodots|Cluster-45580.0__TRINITY_DN13801_c0_g1_i1.p1        0.29%    passed    100.00%
  60  DE672|Cluster-48847.0__TRINITY_DN14037_c0_g1_i3.p1               0.29%    passed    100.00%
  61  DE643|Cluster-78214.0__TRINITY_DN3173_c0_g1_i4.p1                0.29%    passed    100.00%
  62  DE671|Cluster-40319.0__TRINITY_DN12034_c0_g1_i4.p1               0.29%    passed    100.00%
  63  DE503|Cluster-54014.0__TRINITY_DN8116_c0_g1_i4.p1               44.51%    passed    100.00%
  64  DE505|Cluster-31277.0__TRINITY_DN4740_c0_g2_i3.p1                0.29%    passed    100.00%
  65  SRR3407087|Cluster-33571.0__TRINITY_DN4811_c0_g1_i1.p1           0.29%    passed    100.00%
  66  DE216|Cluster-60397.0__TRINITY_DN4561_c0_g1_i1.p1                0.29%    passed    100.00%
  67  JJ15|Cluster-14191.0__TRINITY_DN71659_c0_g1_i1.p1                0.00%    passed    100.00%
  68  DE542|Cluster-31258.0__TRINITY_DN5243_c0_g1_i1.p1                0.29%    passed    100.00%
  69  DE229|Cluster-100891.1__TRINITY_DN7471_c0_g1_i6.p1               0.29%    passed    100.00%
  70  JJ85|Cluster-38627.0__TRINITY_DN3168_c0_g1_i2.p1                 0.29%    passed    100.00%
  71  DE69|Cluster-54509.0__TRINITY_DN4471_c0_g1_i1.p1                 0.29%    passed    100.00%
  72  DE541|Cluster-28584.0__TRINITY_DN2658_c0_g1_i6.p1               44.51%    passed     99.97%
  73  DE504|Cluster-53655.0__TRINITY_DN16223_c0_g1_i6.p1              64.74%    passed     98.60%
  74  DRR234970|Cluster-18508.0__TRINITY_DN55807_c0_g1_i1.p1           0.00%    passed     99.95%
  75  SRR11934227|Cluster-168853.0__TRINITY_DN12449_c5_g1_i3.p1       23.41%    passed     86.14%
WARNING: 2 sequences contain more than 50% gaps/ambiguity
****  TOTAL                                                           19.36%  0 sequences failed composition chi2 test (p-value<5%; df=60)
Reading input tree file tmp.csubst.nwk ... rooted tree

NOTE: 53 MB RAM (0 GB) is required!
Measuring multi-threading efficiency up to 1 CPU cores
2 trees examined
Threads: 1 / Time: 2.747 sec / Speedup: 1.000 / Efficiency: 100% / LogL: -8598
BEST NUMBER OF THREADS: 1

Estimate model parameters (epsilon = 0.010)
1. Initial log-likelihood: -9053.161
2. Current log-likelihood: -5501.484
3. Current log-likelihood: -5500.301
4. Current log-likelihood: -5499.707
5. Current log-likelihood: -5473.364
6. Current log-likelihood: -5473.113
7. Current log-likelihood: -5473.013
8. Current log-likelihood: -5463.829
9. Current log-likelihood: -5463.720
10. Current log-likelihood: -5463.652
11. Current log-likelihood: -5463.596
12. Current log-likelihood: -5463.543
13. Current log-likelihood: -5463.489
14. Current log-likelihood: -5463.434
15. Current log-likelihood: -5463.378
16. Current log-likelihood: -5460.607
17. Current log-likelihood: -5460.520
18. Current log-likelihood: -5460.450
19. Current log-likelihood: -5460.384
20. Current log-likelihood: -5460.318
21. Current log-likelihood: -5460.251
22. Current log-likelihood: -5460.182
23. Current log-likelihood: -5460.113
24. Current log-likelihood: -5460.042
25. Current log-likelihood: -5459.970
26. Current log-likelihood: -5458.005
27. Current log-likelihood: -5457.921
28. Current log-likelihood: -5457.846
29. Current log-likelihood: -5457.773
30. Current log-likelihood: -5457.701
31. Current log-likelihood: -5457.628
32. Current log-likelihood: -5457.557
33. Current log-likelihood: -5457.487
34. Current log-likelihood: -5457.419
35. Current log-likelihood: -5455.917
36. Current log-likelihood: -5455.849
37. Current log-likelihood: -5455.786
38. Current log-likelihood: -5455.726
39. Current log-likelihood: -5455.670
40. Current log-likelihood: -5455.618
41. Current log-likelihood: -5455.571
42. Current log-likelihood: -5455.529
43. Current log-likelihood: -5454.484
44. Current log-likelihood: -5454.442
45. Current log-likelihood: -5454.406
46. Current log-likelihood: -5454.374
47. Current log-likelihood: -5454.347
48. Current log-likelihood: -5454.324
49. Current log-likelihood: -5454.305
50. Current log-likelihood: -5454.290
51. Current log-likelihood: -5452.163
52. Current log-likelihood: -5452.141
53. Current log-likelihood: -5452.123
54. Current log-likelihood: -5452.108
55. Current log-likelihood: -5452.095
56. Current log-likelihood: -5452.085
57. Current log-likelihood: -5451.342
58. Current log-likelihood: -5451.324
59. Current log-likelihood: -5451.309
60. Current log-likelihood: -5451.296
61. Current log-likelihood: -5451.285
Optimal log-likelihood: -5451.277
Nonsynonymous/synonymous ratio (omega): 1.000
Transition/transversion ratio (kappa): 1.000
Site proportion and rates:  (0.369,0.166) (0.517,1.013) (0.104,3.112) (0.010,9.411)
Parameters optimization took 61 rounds (518.695 sec)
Wrote distance file to... 
BEST SCORE FOUND : -5451.277
Ancestral state probabilities printed to /mnt/data0/yue/2026-03-11-protein-convergence/results/OG_6492/csubst_w_s/csubst_input_alignment.fa.state
Empirical proportions for each category: 0.387 0.526 0.081 0.006
Site rates printed to /mnt/data0/yue/2026-03-11-protein-convergence/results/OG_6492/csubst_w_s/csubst_input_alignment.fa.rate
Total tree length: 2.578

Total number of iterations: 0
CPU time used for tree search: 0.000 sec (0h:0m:0s)
Wall-clock time used for tree search: 0.000 sec (0h:0m:0s)
Total CPU time used: 522.825 sec (0h:8m:42s)
Total wall-clock time used: 523.198 sec (0h:8m:43s)

Analysis results written to: 
  IQ-TREE report:                /mnt/data0/yue/2026-03-11-protein-convergence/results/OG_6492/csubst_w_s/csubst_input_alignment.fa.iqtree
  Maximum-likelihood tree:       /mnt/data0/yue/2026-03-11-protein-convergence/results/OG_6492/csubst_w_s/csubst_input_alignment.fa.treefile
  Site-specific rates:           /mnt/data0/yue/2026-03-11-protein-convergence/results/OG_6492/csubst_w_s/csubst_input_alignment.fa.rate
  Ancestral state:               /mnt/data0/yue/2026-03-11-protein-convergence/results/OG_6492/csubst_w_s/csubst_input_alignment.fa.state
  Screen log file:               /mnt/data0/yue/2026-03-11-protein-convergence/results/OG_6492/csubst_w_s/csubst_input_alignment.fa.log

Date and Time: Fri Mar 27 21:51:48 2026
