IQ-TREE multicore version 2.4.0 for Linux x86 64-bit built Feb 12 2025
Developed by Bui Quang Minh, Nguyen Lam Tung, Olga Chernomor, Heiko Schmidt,
Dominik Schrempf, Michael Woodhams, Ly Trong Nhan, Thomas Wong

Host:    brain (AVX2, FMA3, 2015 GB RAM)
Command: /home/yue/miniconda3/envs/py39/bin/iqtree -s /mnt/data0/yue/2026-03-11-protein-convergence/results/OG_3070/csubst_w_s/csubst_input_alignment.fa -te tmp.csubst.nwk -m ECMK07+F+R4 --seqtype CODON1 --threads-max 1 -T AUTO --ancestral --rate --redo
Seed:    965927 (Using SPRNG - Scalable Parallel Random Number Generator)
Time:    Fri Mar 27 07:40:42 2026
Kernel:  AVX+FMA - auto-detect threads (128 CPU cores detected)

Reading alignment file /mnt/data0/yue/2026-03-11-protein-convergence/results/OG_3070/csubst_w_s/csubst_input_alignment.fa ... Fasta format detected
Reading fasta file: done in 0.00106651 secs
Alignment most likely contains DNA/RNA sequences
Converting to codon sequences with genetic code 1 ...
Alignment has 68 sequences with 302 columns, 288 distinct patterns
148 parsimony-informative, 85 singleton sites, 69 constant sites
                                                               Gap/Ambiguity  Composition  p-value
Analyzing sequences: done in 4.98295e-05 secs using 96.33% CPU
   1  DE643|Cluster-78279.0__TRINITY_DN4478_c0_g1_i9.p1               57.62%    passed     71.75%
   2  JJ130|Cluster-35278.1__TRINITY_DN9231_c0_g1_i5.p1               49.34%    passed     91.09%
   3  DE476|Cluster-26003.0__TRINITY_DN15838_c0_g1_i2.p1              17.55%    passed    100.00%
   4  DE696-nodots|Cluster-57286.0__TRINITY_DN1776_c0_g1_i2.p1        49.67%    passed     89.33%
   5  DE151|Cluster-16122.1__TRINITY_DN2546_c0_g1_i3.p1               17.88%    passed    100.00%
   6  DE173|Cluster-56163.0__TRINITY_DN940_c0_g1_i17.p1               17.88%    passed    100.00%
   7  DE549|Cluster-48261.0__TRINITY_DN13412_c0_g1_i5.p1              17.88%    passed    100.00%
   8  DE737|Cluster-21869.1__TRINITY_DN6550_c0_g1_i6.p1               17.88%    passed    100.00%
   9  DE115|Cluster-54832.0__TRINITY_DN3577_c1_g1_i2.p1               19.21%    passed     99.99%
  10  DE152|Cluster-48199.0__TRINITY_DN5091_c0_g1_i1.p1               22.85%    passed    100.00%
  11  DE546_urceolata_l|Cluster-37240.0__TRINITY_DN3492_c0_g1_i8.p1   18.54%    passed     99.95%
  12  DE566|Cluster-11460.2__TRINITY_DN11493_c0_g1_i1.p1              16.56%    passed     99.97%
  13  DE88|Cluster-18868.1__TRINITY_DN5864_c0_g2_i4.p1                 0.33%    passed    100.00%
  14  DE519|Cluster-59686.1__TRINITY_DN4833_c0_g1_i1.p1                0.99%    passed    100.00%
  15  DE741|Cluster-52360.0__TRINITY_DN247_c0_g1_i1.p1                54.97%    passed     97.40%
  16  DE507|Cluster-77088.2__TRINITY_DN2787_c0_g1_i28.p1              18.54%    passed     97.58%
  17  DE528|Cluster-34908.0__TRINITY_DN17203_c0_g1_i2.p1              19.87%    passed     99.57%
  18  JJ74|Cluster-125643.0__TRINITY_DN3418_c0_g1_i7.p1               54.30%    passed     87.56%
  19  DE671|Cluster-58770.0__TRINITY_DN11951_c0_g1_i2.p1              32.45%    passed     99.92%
  20  DE509|Cluster-41002.0__TRINITY_DN430_c0_g1_i8.p1                54.30%    passed     97.43%
  21  JJ89|Cluster-19157.0__TRINITY_DN8804_c0_g1_i3.p1                32.45%    passed     99.61%
  22  JJ86|Cluster-23964.0__TRINITY_DN5113_c0_g1_i1.p1                18.21%    passed    100.00%
  23  DE127|Cluster-29436.2__TRINITY_DN6370_c1_g1_i8.p1               24.17%    passed     97.00%
  24  DE229|Cluster-96850.0__TRINITY_DN5876_c1_g2_i8.p1                0.33%    passed    100.00%
  25  DE623|Cluster-39148.0__TRINITY_DN4037_c0_g2_i4.p1               25.83%    passed     99.99%
  26  DRR234970|Cluster-27683.0__TRINITY_DN42253_c0_g1_i1.p1           0.99%    passed    100.00%
  27  SRR5150740|Cluster-63561.2__TRINITY_DN14634_c0_g1_i2.p1         32.45%    passed     41.87%
  28  DE164|Cluster-53737.1__TRINITY_DN12113_c0_g1_i9.p1               0.33%    passed    100.00%
  29  DE672|Cluster-43157.0__TRINITY_DN1298_c0_g1_i4.p1                0.33%    passed    100.00%
  30  DE550|Cluster-49860.0__TRINITY_DN786_c0_g1_i31.p1                2.32%    passed    100.00%
  31  DE189|Cluster-50202.1__TRINITY_DN58_c0_g2_i2.p1                  0.33%    passed    100.00%
  32  DE531|Cluster-23332.70__TRINITY_DN1212_c0_g1_i10.p1              0.33%    passed    100.00%
  33  JJ36|Cluster-22254.1__TRINITY_DN1162_c0_g1_i8.p1                 0.33%    passed    100.00%
  34  DE696-dots|Cluster-48606.0__TRINITY_DN34074_c0_g1_i2.p1          0.33%    passed    100.00%
  35  DE504|Cluster-57112.0__TRINITY_DN3720_c1_g1_i6.p1                0.33%    passed    100.00%
  36  SRR3424066|Cluster-26537.0__TRINITY_DN7870_c0_g1_i1.p1          22.52%    passed    100.00%
  37  SRR3407092|Cluster-34130.0__TRINITY_DN9652_c0_g1_i1.p1           0.33%    passed    100.00%
  38  SRR3407093|Cluster-213.0__TRINITY_DN35119_c0_g1_i1.p1            0.33%    passed    100.00%
  39  SRR3407094|Cluster-20622.0__TRINITY_DN8451_c0_g1_i2.p1          22.52%    passed    100.00%
  40  DE510|Cluster-22856.0__TRINITY_DN5960_c0_g1_i1.p1               22.52%    passed    100.00%
  41  SRR3407087|Cluster-18685.0__TRINITY_DN7020_c0_g1_i1.p1           0.33%    passed    100.00%
  42  DE523|Cluster-41781.0__TRINITY_DN4145_c0_g1_i3.p1               22.52%    passed    100.00%
  43  DE126|Cluster-6854.0__TRINITY_DN2962_c0_g1_i3.p1                32.45%    passed     99.94%
  44  DE162|Cluster-9399.0__TRINITY_DN3916_c0_g1_i2.p1                 0.33%    passed    100.00%
  45  DE554|Cluster-46053.0__TRINITY_DN7830_c0_g1_i1.p1               54.30%    passed     98.58%
  46  DE216|Cluster-81524.0__TRINITY_DN8094_c0_g1_i3.p1               32.45%    passed     97.69%
  47  DE563|Cluster-34517.0__TRINITY_DN3675_c0_g1_i2.p1               32.45%    passed    100.00%
  48  DE681|Cluster-12484.1__TRINITY_DN11066_c0_g1_i4.p1              32.45%    passed     99.97%
  49  DE704-purple|Cluster-46039.1__TRINITY_DN6246_c0_g1_i8.p1         0.33%    passed    100.00%
  50  DE765|Cluster-8986.1__TRINITY_DN1086_c0_g2_i2.p1                 0.33%    passed    100.00%
  51  DE575|Cluster-45987.0__TRINITY_DN20048_c0_g1_i11.p1             54.30%    passed     98.69%
  52  DE704-white|Cluster-48369.0__TRINITY_DN1513_c0_g3_i1.p1          0.33%    passed    100.00%
  53  DE680|Cluster-28719.0__TRINITY_DN10814_c0_g2_i1.p1              54.30%    passed     97.55%
  54  JJ15|Cluster-29592.0__TRINITY_DN8691_c0_g1_i2.p1                 0.33%    passed    100.00%
  55  DE668|Cluster-34899.0__TRINITY_DN10038_c0_g1_i10.p1             32.45%    passed     99.12%
  56  DE560|Cluster-19177.0__TRINITY_DN27580_c0_g1_i2.p1              54.30%    passed     98.81%
  57  DE536|Cluster-42706.0__TRINITY_DN7029_c0_g2_i3.p1               54.30%    passed     98.71%
  58  JJ131|Cluster-41979.0__TRINITY_DN7161_c0_g1_i15.p1               0.33%    passed    100.00%
  59  SRR3407095|Cluster-6408.1__TRINITY_DN8493_c0_g1_i2.p1            0.99%    passed    100.00%
  60  SRR3407088|Cluster-30906.0__TRINITY_DN9109_c0_g1_i2.p1           0.33%    passed    100.00%
  61  SRR3407086|Cluster-26142.0__TRINITY_DN8283_c0_g1_i3.p1          32.45%    passed     99.96%
  62  JJ125|Cluster-25911.0__TRINITY_DN6739_c0_g1_i1.p1                0.33%    passed    100.00%
  63  JJ85|Cluster-11780.1__TRINITY_DN8146_c0_g1_i5.p1                 0.33%    passed     39.21%
  64  JJ23|Cluster-34133.0__TRINITY_DN3886_c0_g1_i3.p1                 1.66%    passed    100.00%
  65  DE534|Cluster-64974.0__TRINITY_DN3924_c0_g1_i6.p1               54.30%    passed     97.41%
  66  DE542|Cluster-48170.0__TRINITY_DN4103_c0_g2_i12.p1              54.30%    passed     93.91%
  67  DE541|Cluster-25846.1__TRINITY_DN4650_c0_g1_i9.p1               32.45%    passed     99.44%
  68  DE69|Cluster-47348.0__TRINITY_DN41278_c0_g1_i15.p1              46.36%    passed     15.04%
WARNING: 11 sequences contain more than 50% gaps/ambiguity
****  TOTAL                                                           21.29%  0 sequences failed composition chi2 test (p-value<5%; df=60)
WARNING: States(s) CGG rarely appear in alignment and may cause numerical problems
Reading input tree file tmp.csubst.nwk ... rooted tree

NOTE: 44 MB RAM (0 GB) is required!
Measuring multi-threading efficiency up to 1 CPU cores
2 trees examined
Threads: 1 / Time: 2.780 sec / Speedup: 1.000 / Efficiency: 100% / LogL: -8775
BEST NUMBER OF THREADS: 1

Estimate model parameters (epsilon = 0.010)
1. Initial log-likelihood: -8913.645
2. Current log-likelihood: -6865.911
3. Current log-likelihood: -6850.315
4. Current log-likelihood: -6849.771
5. Current log-likelihood: -6849.717
6. Current log-likelihood: -6849.705
Optimal log-likelihood: -6849.699
Nonsynonymous/synonymous ratio (omega): 1.000
Transition/transversion ratio (kappa): 1.000
Site proportion and rates:  (0.544,0.306) (0.205,0.799) (0.211,2.164) (0.039,5.446)
Parameters optimization took 6 rounds (45.166 sec)
Wrote distance file to... 
BEST SCORE FOUND : -6849.699
Ancestral state probabilities printed to /mnt/data0/yue/2026-03-11-protein-convergence/results/OG_3070/csubst_w_s/csubst_input_alignment.fa.state
Empirical proportions for each category: 0.629 0.132 0.202 0.036
Site rates printed to /mnt/data0/yue/2026-03-11-protein-convergence/results/OG_3070/csubst_w_s/csubst_input_alignment.fa.rate
Total tree length: 4.516

Total number of iterations: 0
CPU time used for tree search: 0.000 sec (0h:0m:0s)
Wall-clock time used for tree search: 0.000 sec (0h:0m:0s)
Total CPU time used: 49.294 sec (0h:0m:49s)
Total wall-clock time used: 49.381 sec (0h:0m:49s)

Analysis results written to: 
  IQ-TREE report:                /mnt/data0/yue/2026-03-11-protein-convergence/results/OG_3070/csubst_w_s/csubst_input_alignment.fa.iqtree
  Maximum-likelihood tree:       /mnt/data0/yue/2026-03-11-protein-convergence/results/OG_3070/csubst_w_s/csubst_input_alignment.fa.treefile
  Site-specific rates:           /mnt/data0/yue/2026-03-11-protein-convergence/results/OG_3070/csubst_w_s/csubst_input_alignment.fa.rate
  Ancestral state:               /mnt/data0/yue/2026-03-11-protein-convergence/results/OG_3070/csubst_w_s/csubst_input_alignment.fa.state
  Screen log file:               /mnt/data0/yue/2026-03-11-protein-convergence/results/OG_3070/csubst_w_s/csubst_input_alignment.fa.log

Date and Time: Fri Mar 27 07:41:32 2026
