IQ-TREE multicore version 2.4.0 for Linux x86 64-bit built Feb 12 2025
Developed by Bui Quang Minh, Nguyen Lam Tung, Olga Chernomor, Heiko Schmidt,
Dominik Schrempf, Michael Woodhams, Ly Trong Nhan, Thomas Wong

Host:    brain (AVX2, FMA3, 2015 GB RAM)
Command: /home/yue/miniconda3/envs/py39/bin/iqtree -s /mnt/data0/yue/2026-03-11-protein-convergence/results/OG_11719/csubst_w_s/csubst_input_alignment.fa -te tmp.csubst.nwk -m ECMK07+F+R4 --seqtype CODON1 --threads-max 1 -T AUTO --ancestral --rate --redo
Seed:    285900 (Using SPRNG - Scalable Parallel Random Number Generator)
Time:    Thu Mar 26 22:39:00 2026
Kernel:  AVX+FMA - auto-detect threads (128 CPU cores detected)

Reading alignment file /mnt/data0/yue/2026-03-11-protein-convergence/results/OG_11719/csubst_w_s/csubst_input_alignment.fa ... Fasta format detected
Reading fasta file: done in 0.000726357 secs using 86.87% CPU
Alignment most likely contains DNA/RNA sequences
Converting to codon sequences with genetic code 1 ...
Alignment has 59 sequences with 225 columns, 221 distinct patterns
125 parsimony-informative, 70 singleton sites, 30 constant sites
                                                          Gap/Ambiguity  Composition  p-value
Analyzing sequences: done in 3.44515e-05 secs using 98.69% CPU
   1  DE151|Cluster-50156.1__TRINITY_DN2950_c1_g1_i4.p1           0.00%    passed    100.00%
   2  DE681|Cluster-35034.0__TRINITY_DN13229_c0_g1_i3.p1         17.78%    passed    100.00%
   3  DE505|Cluster-46700.0__TRINITY_DN7581_c0_g1_i2.p1          30.67%    passed    100.00%
   4  SRR3407094|Cluster-9230.0__TRINITY_DN5119_c0_g1_i2.p1       4.00%    passed    100.00%
   5  DE531|Cluster-40272.0__TRINITY_DN4222_c0_g1_i2.p1           2.67%    passed    100.00%
   6  DE696-dots|Cluster-40009.0__TRINITY_DN11969_c0_g1_i1.p1     2.67%    passed    100.00%
   7  DE476|Cluster-51856.0__TRINITY_DN11707_c0_g1_i2.p1          2.67%    passed    100.00%
   8  DE115|Cluster-31663.0__TRINITY_DN13883_c1_g1_i2.p1          4.00%    passed    100.00%
   9  DE127|Cluster-855.0__TRINITY_DN5965_c0_g1_i1.p1             0.00%    passed    100.00%
  10  DE554|Cluster-20703.0__TRINITY_DN6124_c0_g1_i1.p1           0.00%    passed    100.00%
  11  DE563|Cluster-38874.0__TRINITY_DN9880_c0_g2_i1.p1           0.00%    passed    100.00%
  12  DE229|Cluster-89925.0__TRINITY_DN3842_c0_g1_i2.p1           0.00%    passed    100.00%
  13  DE503|Cluster-61415.0__TRINITY_DN5552_c1_g1_i6.p1           4.44%    passed    100.00%
  14  DE510|Cluster-8933.0__TRINITY_DN2515_c0_g1_i2.p1            0.00%    passed    100.00%
  15  DE561|Cluster-30606.0__TRINITY_DN14806_c0_g1_i3.p1         52.44%    passed     96.97%
  16  SRR3424066|Cluster-6156.0__TRINITY_DN6186_c0_g1_i1.p1       4.44%    passed    100.00%
  17  SRR3407088|Cluster-33235.0__TRINITY_DN24301_c0_g1_i1.p1     0.00%    passed    100.00%
  18  SRR3407092|Cluster-13654.0__TRINITY_DN38751_c0_g1_i1.p1     0.00%    passed    100.00%
  19  SRR3407093|Cluster-16600.0__TRINITY_DN45976_c0_g1_i1.p1     0.89%    passed    100.00%
  20  JJ85|Cluster-15344.0__TRINITY_DN9439_c0_g1_i1.p1            0.00%    passed    100.00%
  21  JJ15|Cluster-16841.0__TRINITY_DN7853_c0_g1_i3.p1            0.00%    passed    100.00%
  22  DE69|Cluster-37517.7__TRINITY_DN989_c0_g1_i2.p1             0.00%    passed    100.00%
  23  DE680|Cluster-42582.0__TRINITY_DN20461_c0_g2_i1.p1          0.00%    passed    100.00%
  24  DE162|Cluster-2305.0__TRINITY_DN11953_c1_g1_i1.p1           0.44%    passed    100.00%
  25  DE528|Cluster-39343.0__TRINITY_DN13428_c0_g1_i2.p1          0.44%    passed    100.00%
  26  DE704-purple|Cluster-38325.0__TRINITY_DN9490_c0_g1_i2.p1   31.11%    passed    100.00%
  27  DE704-white|Cluster-33789.0__TRINITY_DN9653_c0_g1_i1.p1    31.11%    passed    100.00%
  28  DE666|Cluster-13827.0__TRINITY_DN31881_c0_g1_i1.p1          0.00%    passed     99.99%
  29  JJ125|Cluster-17588.0__TRINITY_DN10839_c0_g1_i5.p1         36.89%    passed     99.53%
  30  DE696-nodots|Cluster-59222.1__TRINITY_DN3002_c1_g2_i1.p1    0.00%    passed    100.00%
  31  JJ36|Cluster-16548.0__TRINITY_DN5151_c1_g1_i1.p1            0.00%    passed    100.00%
  32  DE550|Cluster-1201.0__TRINITY_DN8860_c0_g1_i1.p1            0.00%    passed    100.00%
  33  DE541|Cluster-34444.1__TRINITY_DN5028_c1_g1_i3.p1           8.00%    passed    100.00%
  34  DE164|Cluster-31483.0__TRINITY_DN95565_c0_g1_i1.p1          0.00%    passed    100.00%
  35  DE549|Cluster-47222.1__TRINITY_DN8174_c0_g1_i2.p1           0.00%    passed    100.00%
  36  DE672|Cluster-45376.0__TRINITY_DN13334_c0_g1_i1.p1          0.00%    passed    100.00%
  37  DE504|Cluster-28856.0__TRINITY_DN11893_c0_g2_i3.p1          0.00%    passed    100.00%
  38  DE509|Cluster-46307.0__TRINITY_DN7527_c0_g1_i2.p1           0.00%    passed    100.00%
  39  DE764|Cluster-10688.0__TRINITY_DN6649_c0_g1_i1.p1           0.00%    passed    100.00%
  40  DE737|Cluster-53094.0__TRINITY_DN77_c1_g1_i1.p1             6.67%    passed    100.00%
  41  JJ89|Cluster-36954.0__TRINITY_DN4746_c0_g1_i1.p1            0.00%    passed    100.00%
  42  DE88|Cluster-8096.0__TRINITY_DN15781_c0_g1_i1.p1            0.00%    passed    100.00%
  43  DE765|Cluster-41709.0__TRINITY_DN19138_c0_g1_i1.p1         28.00%    passed     98.62%
  44  DE575|Cluster-31053.0__TRINITY_DN10547_c0_g1_i1.p1          0.00%    passed    100.00%
  45  JJ86|Cluster-25758.0__TRINITY_DN5208_c0_g1_i1.p1            0.00%    passed    100.00%
  46  DE152|Cluster-55063.1__TRINITY_DN18140_c0_g1_i1.p1          0.00%    passed    100.00%
  47  DE643|Cluster-25729.0__TRINITY_DN5788_c0_g1_i1.p1           0.00%    passed    100.00%
  48  DE671|Cluster-35441.0__TRINITY_DN9644_c0_g1_i1.p1           0.00%    passed    100.00%
  49  JJ74|Cluster-83196.0__TRINITY_DN1803_c0_g1_i1.p1            0.00%    passed    100.00%
  50  SRR3407096|Cluster-30179.0__TRINITY_DN17165_c0_g1_i3.p1    30.67%    passed     99.89%
  51  DE566|Cluster-47898.1__TRINITY_DN4399_c0_g1_i13.p1          0.00%    passed    100.00%
  52  JJ99|Cluster-53896.0__TRINITY_DN5869_c0_g1_i7.p1            0.00%    passed    100.00%
  53  DE668|Cluster-14957.0__TRINITY_DN28471_c0_g2_i1.p1          4.00%    passed    100.00%
  54  DE181|Cluster-37645.0__TRINITY_DN7351_c0_g1_i53.p1         21.78%    passed     99.97%
  55  SRR3407086|Cluster-27482.0__TRINITY_DN2972_c0_g1_i1.p1      0.00%    passed    100.00%
  56  DE741|Cluster-39739.1__TRINITY_DN11351_c0_g1_i3.p1          0.89%    passed    100.00%
  57  DE519|Cluster-21732.0__TRINITY_DN21969_c1_g2_i1.p1          0.89%    passed    100.00%
  58  JJ130|Cluster-45236.1__TRINITY_DN9609_c0_g1_i1.p1           0.00%    passed    100.00%
  59  SRR5150740|Cluster-50133.0__TRINITY_DN9557_c0_g1_i2.p1     13.33%    passed     66.06%
WARNING: 1 sequences contain more than 50% gaps/ambiguity
****  TOTAL                                                       5.78%  0 sequences failed composition chi2 test (p-value<5%; df=60)
Reading input tree file tmp.csubst.nwk ... rooted tree

NOTE: 31 MB RAM (0 GB) is required!
Measuring multi-threading efficiency up to 1 CPU cores
2 trees examined
Threads: 1 / Time: 1.559 sec / Speedup: 1.000 / Efficiency: 100% / LogL: -8193
BEST NUMBER OF THREADS: 1

Estimate model parameters (epsilon = 0.010)
1. Initial log-likelihood: -7173.687
2. Current log-likelihood: -5480.621
3. Current log-likelihood: -5480.577
4. Current log-likelihood: -5480.563
Optimal log-likelihood: -5480.558
Nonsynonymous/synonymous ratio (omega): 1.000
Transition/transversion ratio (kappa): 1.000
Site proportion and rates:  (0.542,0.518) (0.373,1.328) (0.083,2.627) (0.002,3.335)
Parameters optimization took 4 rounds (23.337 sec)
Wrote distance file to... 
BEST SCORE FOUND : -5480.558
Ancestral state probabilities printed to /mnt/data0/yue/2026-03-11-protein-convergence/results/OG_11719/csubst_w_s/csubst_input_alignment.fa.state
Empirical proportions for each category: 0.573 0.364 0.062 0.000
Site rates printed to /mnt/data0/yue/2026-03-11-protein-convergence/results/OG_11719/csubst_w_s/csubst_input_alignment.fa.rate
Total tree length: 3.586

Total number of iterations: 0
CPU time used for tree search: 0.000 sec (0h:0m:0s)
Wall-clock time used for tree search: 0.000 sec (0h:0m:0s)
Total CPU time used: 25.922 sec (0h:0m:25s)
Total wall-clock time used: 26.018 sec (0h:0m:26s)

Analysis results written to: 
  IQ-TREE report:                /mnt/data0/yue/2026-03-11-protein-convergence/results/OG_11719/csubst_w_s/csubst_input_alignment.fa.iqtree
  Maximum-likelihood tree:       /mnt/data0/yue/2026-03-11-protein-convergence/results/OG_11719/csubst_w_s/csubst_input_alignment.fa.treefile
  Site-specific rates:           /mnt/data0/yue/2026-03-11-protein-convergence/results/OG_11719/csubst_w_s/csubst_input_alignment.fa.rate
  Ancestral state:               /mnt/data0/yue/2026-03-11-protein-convergence/results/OG_11719/csubst_w_s/csubst_input_alignment.fa.state
  Screen log file:               /mnt/data0/yue/2026-03-11-protein-convergence/results/OG_11719/csubst_w_s/csubst_input_alignment.fa.log

Date and Time: Thu Mar 26 22:39:26 2026
