IQ-TREE multicore version 2.4.0 for Linux x86 64-bit built Feb 12 2025
Developed by Bui Quang Minh, Nguyen Lam Tung, Olga Chernomor, Heiko Schmidt,
Dominik Schrempf, Michael Woodhams, Ly Trong Nhan, Thomas Wong

Host:    brain (AVX2, FMA3, 2015 GB RAM)
Command: /home/yue/miniconda3/envs/py39/bin/iqtree -s /mnt/data0/yue/2026-03-11-protein-convergence/results/OG_8808/csubst_w_s/csubst_input_alignment.fa -te tmp.csubst.nwk -m ECMK07+F+R4 --seqtype CODON1 --threads-max 1 -T AUTO --ancestral --rate --redo
Seed:    873571 (Using SPRNG - Scalable Parallel Random Number Generator)
Time:    Sat Mar 28 04:24:26 2026
Kernel:  AVX+FMA - auto-detect threads (128 CPU cores detected)

Reading alignment file /mnt/data0/yue/2026-03-11-protein-convergence/results/OG_8808/csubst_w_s/csubst_input_alignment.fa ... Fasta format detected
Reading fasta file: done in 0.00154454 secs
Alignment most likely contains DNA/RNA sequences
Converting to codon sequences with genetic code 1 ...
Alignment has 74 sequences with 226 columns, 206 distinct patterns
99 parsimony-informative, 50 singleton sites, 77 constant sites
                                                           Gap/Ambiguity  Composition  p-value
Analyzing sequences: done in 3.89218e-05 secs using 97.63% CPU
   1  DE164|Cluster-3344.0__TRINITY_DN85025_c0_g1_i1.p1            0.00%    passed    100.00%
   2  DE115|Cluster-63300.0__TRINITY_DN324_c0_g1_i1.p1             0.00%    passed    100.00%
   3  DE126|Cluster-6758.0__TRINITY_DN2361_c0_g1_i1.p1             0.00%    passed     96.42%
   4  DE162|Cluster-46932.0__TRINITY_DN220_c1_g1_i4.p1             0.00%    passed    100.00%
   5  DE704-white|Cluster-33514.1__TRINITY_DN3025_c0_g1_i3.p1      0.00%    passed    100.00%
   6  DE507|Cluster-57062.1__TRINITY_DN5437_c0_g1_i1.p1            0.00%    passed    100.00%
   7  DE528|Cluster-38710.0__TRINITY_DN4076_c2_g1_i3.p1            0.00%    passed    100.00%
   8  DE704-purple|Cluster-57851.0__TRINITY_DN52643_c0_g2_i1.p1    0.00%    passed    100.00%
   9  DE127|Cluster-12194.0__TRINITY_DN2983_c0_g1_i1.p1            0.00%    passed    100.00%
  10  DE554|Cluster-37026.1__TRINITY_DN499_c0_g3_i1.p1             0.00%    passed    100.00%
  11  DE666|Cluster-13256.0__TRINITY_DN6389_c0_g2_i2.p1           23.45%    passed    100.00%
  12  DE563|Cluster-27255.0__TRINITY_DN4254_c1_g3_i1.p1            0.44%    passed    100.00%
  13  JJ86|Cluster-5230.0__TRINITY_DN1317_c0_g2_i1.p1              0.00%    passed    100.00%
  14  DE575|Cluster-19822.0__TRINITY_DN3924_c0_g4_i1.p1            0.00%    passed     99.96%
  15  DE681|Cluster-16366.0__TRINITY_DN638_c0_g2_i1.p1             0.00%    passed    100.00%
  16  DE765|Cluster-26765.0__TRINITY_DN1049_c0_g1_i3.p1            0.00%    passed    100.00%
  17  DE623|Cluster-29466.0__TRINITY_DN5591_c0_g1_i1.p1           12.83%    passed    100.00%
  18  DE680|Cluster-51862.2__TRINITY_DN12382_c0_g1_i5.p1           0.00%    passed    100.00%
  19  SRR3407092|Cluster-5293.0__TRINITY_DN1584_c0_g1_i1.p1        0.00%    passed    100.00%
  20  SRR3407087|Cluster-17670.0__TRINITY_DN318_c0_g1_i1.p1        0.00%    passed    100.00%
  21  DE505|Cluster-42926.0__TRINITY_DN35278_c0_g1_i1.p1           0.00%    passed    100.00%
  22  DE510|Cluster-23870.0__TRINITY_DN1420_c0_g1_i2.p1            0.00%    passed    100.00%
  23  DE503|Cluster-25081.0__TRINITY_DN11752_c0_g1_i1.p1          23.45%    passed    100.00%
  24  DE151|Cluster-15107.0__TRINITY_DN7480_c0_g1_i1.p1            0.00%    passed    100.00%
  25  DE189|Cluster-33945.0__TRINITY_DN2931_c0_g1_i3.p1            0.00%    passed    100.00%
  26  DE550|Cluster-46180.0__TRINITY_DN598_c0_g2_i1.p1             0.00%    passed    100.00%
  27  DE764|Cluster-46088.0__TRINITY_DN643_c1_g1_i6.p1             0.00%    passed    100.00%
  28  JJ109|Cluster-21800.0__TRINITY_DN11966_c0_g1_i1.p1           0.00%    passed    100.00%
  29  JJ130|Cluster-20005.0__TRINITY_DN11686_c0_g1_i1.p1           0.00%    passed    100.00%
  30  JJ89|Cluster-4039.0__TRINITY_DN10468_c0_g1_i3.p1            31.42%    passed    100.00%
  31  DE173|Cluster-4865.0__TRINITY_DN5265_c0_g1_i1.p1             0.00%    passed    100.00%
  32  DE476|Cluster-36683.0__TRINITY_DN16188_c0_g1_i1.p1           0.00%    passed    100.00%
  33  DE181|Cluster-29356.0__TRINITY_DN7937_c0_g2_i1.p1            0.00%    passed    100.00%
  34  SRR3407086|Cluster-24246.0__TRINITY_DN6687_c0_g1_i1.p1       0.00%    passed    100.00%
  35  JJ85|Cluster-43501.0__TRINITY_DN12641_c0_g1_i1.p1            0.00%    passed    100.00%
  36  DE737|Cluster-12933.0__TRINITY_DN81147_c0_g1_i1.p1           0.00%    passed    100.00%
  37  DE566|Cluster-40191.0__TRINITY_DN4674_c0_g1_i3.p1            0.00%    passed    100.00%
  38  DE561|Cluster-31208.0__TRINITY_DN54165_c0_g1_i1.p1           0.00%    passed    100.00%
  39  SRR3424066|Cluster-2354.0__TRINITY_DN9186_c0_g1_i1.p1        0.00%    passed    100.00%
  40  DE696-nodots|Cluster-2159.0__TRINITY_DN17733_c0_g1_i1.p1     0.00%    passed    100.00%
  41  DE696-dots|Cluster-4972.0__TRINITY_DN69623_c0_g1_i1.p1       0.00%    passed    100.00%
  42  DE536|Cluster-25320.0__TRINITY_DN697_c0_g5_i1.p1             0.00%    passed    100.00%
  43  JJ125|Cluster-15460.0__TRINITY_DN13802_c1_g1_i1.p1           0.00%    passed    100.00%
  44  DE541|Cluster-20970.0__TRINITY_DN2361_c1_g1_i1.p1            0.00%    passed    100.00%
  45  SRR3407088|Cluster-30079.0__TRINITY_DN44171_c0_g1_i1.p1      0.00%    passed    100.00%
  46  DE152|Cluster-23200.2__TRINITY_DN1686_c0_g1_i2.p1            0.00%    passed    100.00%
  47  DE509|Cluster-10654.0__TRINITY_DN11370_c0_g1_i1.p1           0.00%    passed     65.73%
  48  DE736|Cluster-59367.0__TRINITY_DN17590_c0_g1_i2.p1           0.00%    passed    100.00%
  49  SRR3407096|Cluster-22734.0__TRINITY_DN6094_c0_g2_i1.p1       0.00%    passed    100.00%
  50  JJ99|Cluster-54690.0__TRINITY_DN1121_c0_g3_i3.p1             0.00%    passed    100.00%
  51  DE229|Cluster-22465.0__TRINITY_DN7975_c2_g1_i1.p1            0.00%    passed    100.00%
  52  SRR3407093|Cluster-9006.0__TRINITY_DN3900_c0_g1_i1.p1        0.00%    passed    100.00%
  53  SRR3407094|Cluster-29230.0__TRINITY_DN41928_c0_g1_i1.p1      0.00%    passed    100.00%
  54  DE741|Cluster-26664.0__TRINITY_DN369_c1_g1_i1.p1             0.00%    passed    100.00%
  55  DE519|Cluster-66581.0__TRINITY_DN6583_c0_g1_i9.p1            0.44%    passed    100.00%
  56  DE531|Cluster-55693.0__TRINITY_DN2944_c0_g1_i2.p1            0.00%    passed    100.00%
  57  JJ23|Cluster-16145.0__TRINITY_DN2034_c0_g1_i4.p1            37.17%    passed     30.18%
  58  SRR3407095|Cluster-28857.0__TRINITY_DN1475_c0_g1_i1.p1       0.00%    passed    100.00%
  59  DE69|Cluster-51693.0__TRINITY_DN45_c1_g2_i4.p1               0.00%    passed    100.00%
  60  DE560|Cluster-7191.0__TRINITY_DN5439_c0_g1_i1.p1             0.00%    passed    100.00%
  61  JJ74|Cluster-100360.0__TRINITY_DN10620_c0_g1_i3.p1           0.00%    passed    100.00%
  62  DE88|Cluster-21036.0__TRINITY_DN8379_c0_g1_i1.p1             0.44%    passed    100.00%
  63  DE549|Cluster-12224.1__TRINITY_DN801_c3_g1_i1.p1             0.00%    passed     99.98%
  64  DE216|Cluster-41851.0__TRINITY_DN21195_c0_g1_i1.p1           0.00%    passed    100.00%
  65  JJ15|Cluster-7858.8__TRINITY_DN1941_c0_g1_i32.p1            16.37%    passed    100.00%
  66  DE534|Cluster-23534.0__TRINITY_DN271_c0_g1_i1.p1             0.00%    passed    100.00%
  67  DE542|Cluster-7575.0__TRINITY_DN3622_c0_g2_i1.p1             0.00%    passed    100.00%
  68  DE523|Cluster-31687.0__TRINITY_DN7251_c0_g1_i1.p1           23.45%    passed      9.49%
  69  DE672|Cluster-26486.0__TRINITY_DN5136_c0_g1_i1.p1            0.00%    passed    100.00%
  70  DE643|Cluster-63083.1__TRINITY_DN9161_c0_g1_i4.p1            0.00%    passed    100.00%
  71  DE671|Cluster-26927.0__TRINITY_DN3864_c0_g1_i4.p1            0.00%    passed    100.00%
  72  DRR082660|Cluster-18277.0__TRINITY_DN676_c2_g2_i1.p1         0.00%    passed    100.00%
  73  JJ131|Cluster-45230.0__TRINITY_DN1224_c0_g1_i2.p1            0.00%    passed     99.13%
  74  DE668|Cluster-49424.0__TRINITY_DN10333_c0_g1_i5.p1           0.00%    passed    100.00%
****  TOTAL                                                        2.29%  0 sequences failed composition chi2 test (p-value<5%; df=60)
WARNING: States(s) TGC, TGT rarely appear in alignment and may cause numerical problems
Reading input tree file tmp.csubst.nwk ... rooted tree

NOTE: 37 MB RAM (0 GB) is required!
Measuring multi-threading efficiency up to 1 CPU cores
2 trees examined
Threads: 1 / Time: 1.910 sec / Speedup: 1.000 / Efficiency: 100% / LogL: -6227
BEST NUMBER OF THREADS: 1

Estimate model parameters (epsilon = 0.010)
1. Initial log-likelihood: -6604.967
2. Current log-likelihood: -3662.708
3. Current log-likelihood: -3662.328
4. Current log-likelihood: -3662.084
5. Current log-likelihood: -3661.900
6. Current log-likelihood: -3661.757
7. Current log-likelihood: -3661.646
8. Current log-likelihood: -3661.560
9. Current log-likelihood: -3661.494
10. Current log-likelihood: -3661.446
11. Current log-likelihood: -3661.411
12. Current log-likelihood: -3661.385
13. Current log-likelihood: -3661.368
14. Current log-likelihood: -3661.356
Optimal log-likelihood: -3661.347
Nonsynonymous/synonymous ratio (omega): 1.000
Transition/transversion ratio (kappa): 1.000
Site proportion and rates:  (0.670,0.389) (0.139,1.628) (0.154,1.828) (0.037,6.196)
Parameters optimization took 14 rounds (93.761 sec)
Wrote distance file to... 
BEST SCORE FOUND : -3661.347
Ancestral state probabilities printed to /mnt/data0/yue/2026-03-11-protein-convergence/results/OG_8808/csubst_w_s/csubst_input_alignment.fa.state
Empirical proportions for each category: 0.761 0.004 0.195 0.040
Site rates printed to /mnt/data0/yue/2026-03-11-protein-convergence/results/OG_8808/csubst_w_s/csubst_input_alignment.fa.rate
Total tree length: 2.157

Total number of iterations: 0
CPU time used for tree search: 0.000 sec (0h:0m:0s)
Wall-clock time used for tree search: 0.000 sec (0h:0m:0s)
Total CPU time used: 96.970 sec (0h:1m:36s)
Total wall-clock time used: 97.153 sec (0h:1m:37s)

Analysis results written to: 
  IQ-TREE report:                /mnt/data0/yue/2026-03-11-protein-convergence/results/OG_8808/csubst_w_s/csubst_input_alignment.fa.iqtree
  Maximum-likelihood tree:       /mnt/data0/yue/2026-03-11-protein-convergence/results/OG_8808/csubst_w_s/csubst_input_alignment.fa.treefile
  Site-specific rates:           /mnt/data0/yue/2026-03-11-protein-convergence/results/OG_8808/csubst_w_s/csubst_input_alignment.fa.rate
  Ancestral state:               /mnt/data0/yue/2026-03-11-protein-convergence/results/OG_8808/csubst_w_s/csubst_input_alignment.fa.state
  Screen log file:               /mnt/data0/yue/2026-03-11-protein-convergence/results/OG_8808/csubst_w_s/csubst_input_alignment.fa.log

Date and Time: Sat Mar 28 04:26:04 2026
