IQ-TREE multicore version 2.4.0 for Linux x86 64-bit built Feb 12 2025
Developed by Bui Quang Minh, Nguyen Lam Tung, Olga Chernomor, Heiko Schmidt,
Dominik Schrempf, Michael Woodhams, Ly Trong Nhan, Thomas Wong

Host:    brain (AVX2, FMA3, 2015 GB RAM)
Command: /home/yue/miniconda3/envs/py39/bin/iqtree -s /mnt/data0/yue/2026-03-11-protein-convergence/results/OG_10775/csubst_w_s/csubst_input_alignment.fa -te tmp.csubst.nwk -m ECMK07+F+R4 --seqtype CODON1 --threads-max 1 -T AUTO --ancestral --rate --redo
Seed:    623732 (Using SPRNG - Scalable Parallel Random Number Generator)
Time:    Thu Mar 26 21:23:25 2026
Kernel:  AVX+FMA - auto-detect threads (128 CPU cores detected)

Reading alignment file /mnt/data0/yue/2026-03-11-protein-convergence/results/OG_10775/csubst_w_s/csubst_input_alignment.fa ... Fasta format detected
Reading fasta file: done in 0.00239044 secs using 48.82% CPU
Alignment most likely contains DNA/RNA sequences
Converting to codon sequences with genetic code 1 ...
WARNING: 1 sites contain only gaps or ambiguous characters.
Alignment has 63 sequences with 766 columns, 715 distinct patterns
326 parsimony-informative, 240 singleton sites, 200 constant sites
                                                          Gap/Ambiguity  Composition  p-value
Analyzing sequences: done in 0.000120535 secs using 98.73% CPU
   1  DE764|Cluster-38360.0__TRINITY_DN8315_c0_g1_i13.p1          4.70%    passed    100.00%
   2  DE523|Cluster-49435.2__TRINITY_DN6546_c0_g1_i6.p1           0.13%    passed    100.00%
   3  DE531|Cluster-18320.0__TRINITY_DN9702_c0_g1_i11.p1          4.57%    passed    100.00%
   4  DE181|Cluster-33953.1__TRINITY_DN8844_c0_g1_i5.p1          39.16%    passed    100.00%
   5  SRR3407086|Cluster-9325.0__TRINITY_DN13093_c0_g1_i1.p1     62.66%    passed     80.36%
   6  SRR3407088|Cluster-33689.0__TRINITY_DN43929_c0_g1_i1.p1     0.13%    passed    100.00%
   7  SRR3424066|Cluster-34498.0__TRINITY_DN16995_c0_g2_i1.p1    24.80%    passed    100.00%
   8  DE561|Cluster-33034.0__TRINITY_DN6453_c0_g1_i13.p1          7.83%    passed    100.00%
   9  DE503|Cluster-39810.1__TRINITY_DN7311_c0_g1_i9.p1           0.13%    passed    100.00%
  10  SRR3407094|Cluster-27026.0__TRINITY_DN21280_c0_g1_i1.p1     0.13%    passed    100.00%
  11  SRR3407092|Cluster-29406.0__TRINITY_DN10987_c0_g1_i1.p1     0.13%    passed    100.00%
  12  SRR3407093|Cluster-7838.0__TRINITY_DN21112_c0_g1_i1.p1      0.13%    passed    100.00%
  13  DE505|Cluster-44269.0__TRINITY_DN4237_c0_g1_i5.p1          39.16%    passed    100.00%
  14  DE510|Cluster-52032.0__TRINITY_DN9600_c0_g1_i8.p1          24.80%    passed    100.00%
  15  SRR3407087|Cluster-42142.0__TRINITY_DN16878_c0_g1_i3.p1     0.52%    passed    100.00%
  16  JJ130|Cluster-45083.23__TRINITY_DN9821_c0_g1_i8.p1          4.44%    passed    100.00%
  17  DE115|Cluster-67011.0__TRINITY_DN4063_c1_g1_i2.p1           0.13%    passed    100.00%
  18  JJ86|Cluster-26885.0__TRINITY_DN20251_c0_g1_i1.p1           0.13%    passed    100.00%
  19  DE229|Cluster-53958.0__TRINITY_DN3304_c0_g1_i6.p1          68.02%    passed     91.32%
  20  DE623|Cluster-47866.0__TRINITY_DN4257_c0_g1_i7.p1          39.16%    passed     99.62%
  21  DE680|Cluster-50382.0__TRINITY_DN26664_c0_g2_i2.p1          0.13%    passed    100.00%
  22  DE563|Cluster-44629.8__TRINITY_DN4860_c0_g1_i3.p1           0.13%    passed    100.00%
  23  DE575|Cluster-58764.0__TRINITY_DN6922_c0_g1_i4.p1          24.80%    passed    100.00%
  24  DE765|Cluster-35819.6__TRINITY_DN12745_c0_g1_i6.p1         39.16%    passed     99.32%
  25  DE126|Cluster-14794.0__TRINITY_DN6186_c0_g1_i1.p1           0.13%    passed    100.00%
  26  DE152|Cluster-52415.0__TRINITY_DN7205_c0_g1_i15.p1         24.80%    passed    100.00%
  27  DE668|Cluster-19813.0__TRINITY_DN50261_c0_g1_i1.p1          9.01%    passed    100.00%
  28  JJ74|Cluster-55509.0__TRINITY_DN21214_c0_g1_i2.p1          56.53%    passed     99.57%
  29  JJ125|Cluster-9043.0__TRINITY_DN6741_c0_g1_i2.p1           13.97%    passed    100.00%
  30  DE566|Cluster-42083.0__TRINITY_DN9015_c0_g1_i11.p1          9.01%    passed    100.00%
  31  DE560|Cluster-41372.0__TRINITY_DN4651_c0_g2_i2.p1           9.01%    passed    100.00%
  32  DRR082660|Cluster-40593.0__TRINITY_DN5327_c0_g1_i11.p1      9.01%    passed    100.00%
  33  DE536|Cluster-41740.3__TRINITY_DN12533_c0_g1_i9.p1         39.16%    passed    100.00%
  34  JJ99|Cluster-53801.0__TRINITY_DN8078_c0_g1_i1.p1           39.16%    passed     99.37%
  35  JJ23|Cluster-42509.0__TRINITY_DN811_c0_g3_i1.p1            24.80%    passed    100.00%
  36  DE519|Cluster-64448.0__TRINITY_DN10447_c0_g1_i3.p1          9.01%    passed    100.00%
  37  DE741|Cluster-5694.0__TRINITY_DN22821_c0_g1_i2.p1           9.01%    passed    100.00%
  38  JJ15|Cluster-49521.0__TRINITY_DN10057_c0_g2_i20.p1         39.16%    passed     99.84%
  39  DE534|Cluster-55106.0__TRINITY_DN2049_c1_g1_i39.p1          9.01%    passed    100.00%
  40  JJ131|Cluster-64831.0__TRINITY_DN6181_c0_g1_i7.p1          22.06%    passed    100.00%
  41  DE151|Cluster-48857.0__TRINITY_DN13988_c0_g1_i7.p1          7.83%    passed    100.00%
  42  DE173|Cluster-55940.0__TRINITY_DN8889_c0_g1_i3.p1          24.80%    passed    100.00%
  43  DE189|Cluster-30363.0__TRINITY_DN1910_c0_g2_i3.p1          24.80%    passed    100.00%
  44  JJ109|Cluster-24025.1__TRINITY_DN12472_c0_g1_i5.p1          0.13%    passed    100.00%
  45  JJ89|Cluster-29477.0__TRINITY_DN5011_c0_g1_i40.p1           0.13%    passed    100.00%
  46  DE672|Cluster-35340.0__TRINITY_DN7706_c0_g2_i4.p1           7.83%    passed    100.00%
  47  DE476|Cluster-61590.1__TRINITY_DN22536_c0_g3_i2.p1          0.13%    passed    100.00%
  48  DE549|Cluster-52823.0__TRINITY_DN10903_c0_g1_i7.p1         39.16%    passed     99.94%
  49  DE671|Cluster-56115.0__TRINITY_DN8418_c0_g1_i7.p1           7.83%    passed    100.00%
  50  DE550|Cluster-765.0__TRINITY_DN18367_c0_g1_i2.p1            0.13%    passed    100.00%
  51  DE164|Cluster-52802.1__TRINITY_DN29450_c0_g2_i3.p1          0.13%    passed    100.00%
  52  DE696-nodots|Cluster-6219.0__TRINITY_DN99207_c0_g1_i1.p1    0.13%    passed    100.00%
  53  JJ36|Cluster-40901.2__TRINITY_DN6284_c0_g1_i3.p1           24.80%    passed    100.00%
  54  DE504|Cluster-32611.0__TRINITY_DN6885_c1_g1_i1.p1          39.16%    passed     99.93%
  55  DE88|Cluster-25858.0__TRINITY_DN6276_c0_g1_i13.p1           0.13%    passed    100.00%
  56  SRR3407095|Cluster-54194.0__TRINITY_DN15332_c0_g1_i3.p1     0.13%    passed    100.00%
  57  DE736|Cluster-50370.0__TRINITY_DN15394_c0_g1_i2.p1         39.16%    passed     99.96%
  58  DE509|Cluster-21711.0__TRINITY_DN11810_c0_g1_i3.p1         39.16%    passed     99.98%
  59  SRR5150740|Cluster-61894.0__TRINITY_DN9422_c0_g1_i2.p1      0.52%    passed    100.00%
  60  DE162|Cluster-41433.4__TRINITY_DN1383_c1_g1_i5.p1           0.13%    passed    100.00%
  61  DE704-white|Cluster-7892.1__TRINITY_DN12254_c0_g1_i10.p1   22.45%    passed     99.98%
  62  DE542|Cluster-19837.0__TRINITY_DN21112_c0_g1_i8.p1          0.13%    passed    100.00%
  63  SRR11748982|Cluster-42064.0__TRINITY_DN1429_c0_g1_i5.p1     2.09%    passed     13.83%
WARNING: 3 sequences contain more than 50% gaps/ambiguity
****  TOTAL                                                      15.70%  0 sequences failed composition chi2 test (p-value<5%; df=60)
Reading input tree file tmp.csubst.nwk ... rooted tree

NOTE: 91 MB RAM (0 GB) is required!
Measuring multi-threading efficiency up to 1 CPU cores
2 trees examined
Threads: 1 / Time: 4.817 sec / Speedup: 1.000 / Efficiency: 100% / LogL: -18877
BEST NUMBER OF THREADS: 1

Estimate model parameters (epsilon = 0.010)
1. Initial log-likelihood: -20256.345
2. Current log-likelihood: -12874.112
3. Current log-likelihood: -12873.858
4. Current log-likelihood: -12873.683
5. Current log-likelihood: -12873.556
6. Current log-likelihood: -12873.460
7. Current log-likelihood: -12873.387
8. Current log-likelihood: -12873.330
9. Current log-likelihood: -12873.285
10. Current log-likelihood: -12873.248
11. Current log-likelihood: -12873.218
12. Current log-likelihood: -12873.193
13. Current log-likelihood: -12873.172
14. Current log-likelihood: -12873.154
15. Current log-likelihood: -12873.138
16. Current log-likelihood: -12873.125
17. Current log-likelihood: -12873.112
18. Current log-likelihood: -12873.102
Optimal log-likelihood: -12873.092
Nonsynonymous/synonymous ratio (omega): 1.000
Transition/transversion ratio (kappa): 1.000
Site proportion and rates:  (0.579,0.423) (0.293,1.280) (0.078,1.916) (0.051,4.578)
Parameters optimization took 18 rounds (284.385 sec)
Wrote distance file to... 
BEST SCORE FOUND : -12873.092
Ancestral state probabilities printed to /mnt/data0/yue/2026-03-11-protein-convergence/results/OG_10775/csubst_w_s/csubst_input_alignment.fa.state
Empirical proportions for each category: 0.668 0.281 0.003 0.048
Site rates printed to /mnt/data0/yue/2026-03-11-protein-convergence/results/OG_10775/csubst_w_s/csubst_input_alignment.fa.rate
Total tree length: 2.628

Total number of iterations: 0
CPU time used for tree search: 0.000 sec (0h:0m:0s)
Wall-clock time used for tree search: 0.000 sec (0h:0m:0s)
Total CPU time used: 292.166 sec (0h:4m:52s)
Total wall-clock time used: 292.532 sec (0h:4m:52s)

Analysis results written to: 
  IQ-TREE report:                /mnt/data0/yue/2026-03-11-protein-convergence/results/OG_10775/csubst_w_s/csubst_input_alignment.fa.iqtree
  Maximum-likelihood tree:       /mnt/data0/yue/2026-03-11-protein-convergence/results/OG_10775/csubst_w_s/csubst_input_alignment.fa.treefile
  Site-specific rates:           /mnt/data0/yue/2026-03-11-protein-convergence/results/OG_10775/csubst_w_s/csubst_input_alignment.fa.rate
  Ancestral state:               /mnt/data0/yue/2026-03-11-protein-convergence/results/OG_10775/csubst_w_s/csubst_input_alignment.fa.state
  Screen log file:               /mnt/data0/yue/2026-03-11-protein-convergence/results/OG_10775/csubst_w_s/csubst_input_alignment.fa.log

Date and Time: Thu Mar 26 21:28:18 2026
