IQ-TREE multicore version 2.4.0 for Linux x86 64-bit built Feb 12 2025
Developed by Bui Quang Minh, Nguyen Lam Tung, Olga Chernomor, Heiko Schmidt,
Dominik Schrempf, Michael Woodhams, Ly Trong Nhan, Thomas Wong

Host:    brain (AVX2, FMA3, 2015 GB RAM)
Command: /home/yue/miniconda3/envs/py39/bin/iqtree -s /mnt/data0/yue/2026-03-11-protein-convergence/results/OG_12853/csubst_w_s/csubst_input_alignment.fa -te tmp.csubst.nwk -m ECMK07+F+R4 --seqtype CODON1 --threads-max 1 -T AUTO --ancestral --rate --redo
Seed:    80938 (Using SPRNG - Scalable Parallel Random Number Generator)
Time:    Thu Mar 26 23:45:40 2026
Kernel:  AVX+FMA - auto-detect threads (128 CPU cores detected)

Reading alignment file /mnt/data0/yue/2026-03-11-protein-convergence/results/OG_12853/csubst_w_s/csubst_input_alignment.fa ... Fasta format detected
Reading fasta file: done in 0.000390947 secs
Alignment most likely contains DNA/RNA sequences
Converting to codon sequences with genetic code 1 ...
WARNING: 1 sites contain only gaps or ambiguous characters.
Alignment has 46 sequences with 142 columns, 138 distinct patterns
82 parsimony-informative, 20 singleton sites, 40 constant sites
                                                         Gap/Ambiguity  Composition  p-value
Analyzing sequences: done in 1.94311e-05 secs
   1  DE561|Cluster-39464.0__TRINITY_DN5177_c0_g1_i11.p1        14.79%    passed     82.56%
   2  SRR3424066|Cluster-15350.1__TRINITY_DN3417_c0_g1_i12.p1   19.72%    passed     55.55%
   3  DE216|Cluster-41692.0__TRINITY_DN1899_c0_g1_i3.p1          0.70%    passed    100.00%
   4  JJ15|Cluster-55261.0__TRINITY_DN14893_c0_g1_i3.p1          0.70%    passed    100.00%
   5  DE542|Cluster-54253.0__TRINITY_DN23115_c0_g1_i3.p1         0.70%    passed    100.00%
   6  DE151|Cluster-23434.0__TRINITY_DN71_c0_g3_i3.p1            0.70%    passed    100.00%
   7  DE173|Cluster-19799.0__TRINITY_DN4772_c0_g2_i1.p1          0.70%    passed    100.00%
   8  JJ109|Cluster-38405.1__TRINITY_DN560_c0_g1_i10.p1          0.70%    passed    100.00%
   9  JJ130|Cluster-30068.1__TRINITY_DN9052_c0_g1_i4.p1          0.70%    passed    100.00%
  10  DE164|Cluster-41243.1__TRINITY_DN2022_c0_g1_i9.p1          0.70%    passed    100.00%
  11  DE672|Cluster-26459.1__TRINITY_DN956_c0_g3_i3.p1           0.70%    passed     90.29%
  12  DE476|Cluster-38415.0__TRINITY_DN180_c0_g1_i9.p1           0.70%    passed    100.00%
  13  DE504|Cluster-25702.0__TRINITY_DN4546_c0_g1_i3.p1          0.70%    passed    100.00%
  14  DE764|Cluster-36531.0__TRINITY_DN983_c0_g1_i19.p1          0.70%    passed    100.00%
  15  DE736|Cluster-54881.1__TRINITY_DN116_c0_g1_i69.p1          0.70%    passed    100.00%
  16  DE550|Cluster-8223.1__TRINITY_DN4427_c0_g2_i10.p1          0.70%    passed    100.00%
  17  DE696-dots|Cluster-30490.0__TRINITY_DN2250_c0_g1_i2.p1     0.70%    passed    100.00%
  18  JJ36|Cluster-30717.0__TRINITY_DN5217_c1_g6_i1.p1           0.70%    passed    100.00%
  19  JJ125|Cluster-25257.0__TRINITY_DN2536_c0_g1_i3.p1          0.70%    passed    100.00%
  20  DE643|Cluster-57783.3__TRINITY_DN5113_c0_g2_i2.p1          0.70%    passed    100.00%
  21  DE671|Cluster-42010.1__TRINITY_DN1365_c0_g1_i8.p1          0.70%    passed    100.00%
  22  DRR082660|Cluster-20451.0__TRINITY_DN8635_c0_g1_i2.p1      0.70%    passed    100.00%
  23  JJ99|Cluster-18226.0__TRINITY_DN1641_c0_g2_i3.p1          35.92%    passed     95.80%
  24  DE560|Cluster-27561.0__TRINITY_DN3478_c0_g1_i1.p1          0.70%    passed    100.00%
  25  DE519|Cluster-62031.2__TRINITY_DN718_c0_g2_i5.p1           0.70%    passed    100.00%
  26  DE741|Cluster-23693.0__TRINITY_DN6608_c0_g3_i3.p1         33.10%    failed      0.27%
  27  DE566|Cluster-50795.0__TRINITY_DN326_c0_g2_i13.p1          0.70%    passed     99.96%
  28  DE536|Cluster-8655.0__TRINITY_DN109_c0_g1_i2.p1            0.70%    passed    100.00%
  29  JJ131|Cluster-11662.2__TRINITY_DN2976_c1_g1_i9.p1          0.70%    passed    100.00%
  30  SRR3407086|Cluster-20695.0__TRINITY_DN4579_c0_g2_i1.p1     0.70%    passed    100.00%
  31  DE181|Cluster-13487.0__TRINITY_DN3691_c1_g1_i2.p1          0.70%    passed    100.00%
  32  DE503|Cluster-61462.5__TRINITY_DN2458_c0_g1_i4.p1          0.70%    passed    100.00%
  33  DE505|Cluster-55328.1__TRINITY_DN1823_c1_g1_i7.p1          0.70%    passed    100.00%
  34  SRR3407092|Cluster-23112.0__TRINITY_DN5317_c0_g1_i2.p1     0.70%    passed    100.00%
  35  SRR3407093|Cluster-34973.0__TRINITY_DN2572_c0_g1_i1.p1     0.70%    passed    100.00%
  36  SRR3407087|Cluster-15784.0__TRINITY_DN2025_c0_g2_i1.p1     0.70%    passed    100.00%
  37  SRR3407094|Cluster-8956.0__TRINITY_DN1673_c0_g1_i1.p1      0.70%    passed    100.00%
  38  DE510|Cluster-27388.0__TRINITY_DN744_c0_g1_i2.p1           0.70%    passed    100.00%
  39  SRR3407088|Cluster-15029.0__TRINITY_DN1647_c0_g3_i2.p1     0.70%    passed    100.00%
  40  SRR3424066|Cluster-22958.0__TRINITY_DN3417_c0_g2_i4.p1     0.70%    passed    100.00%
  41  DE69|Cluster-51716.0__TRINITY_DN135_c0_g2_i1.p1            0.70%    passed    100.00%
  42  SRR3407095|Cluster-53129.1__TRINITY_DN2650_c0_g2_i2.p1     0.70%    passed    100.00%
  43  SRR3407096|Cluster-2837.0__TRINITY_DN8669_c2_g1_i2.p1      0.70%    passed    100.00%
  44  DE523|Cluster-38157.0__TRINITY_DN6733_c0_g1_i2.p1          0.70%    passed    100.00%
  45  JJ85|Cluster-15575.1__TRINITY_DN1858_c0_g1_i1.p1           0.70%    passed    100.00%
  46  DE152|Cluster-3937.0__TRINITY_DN6547_c0_g3_i1.p1           0.70%    passed    100.00%
****  TOTAL                                                      2.89%  1 sequences failed composition chi2 test (p-value<5%; df=60)
Reading input tree file tmp.csubst.nwk ... rooted tree

NOTE: 17 MB RAM (0 GB) is required!
Measuring multi-threading efficiency up to 1 CPU cores
3 trees examined
Threads: 1 / Time: 1.297 sec / Speedup: 1.000 / Efficiency: 100% / LogL: -4490
BEST NUMBER OF THREADS: 1

Estimate model parameters (epsilon = 0.010)
1. Initial log-likelihood: -3484.078
2. Current log-likelihood: -2505.210
3. Current log-likelihood: -2505.164
4. Current log-likelihood: -2505.142
5. Current log-likelihood: -2505.131
Optimal log-likelihood: -2505.125
Nonsynonymous/synonymous ratio (omega): 1.000
Transition/transversion ratio (kappa): 1.000
Site proportion and rates:  (0.554,0.387) (0.258,1.086) (0.160,2.236) (0.028,5.299)
Parameters optimization took 5 rounds (15.677 sec)
Wrote distance file to... 
BEST SCORE FOUND : -2505.125
Ancestral state probabilities printed to /mnt/data0/yue/2026-03-11-protein-convergence/results/OG_12853/csubst_w_s/csubst_input_alignment.fa.state
Empirical proportions for each category: 0.641 0.190 0.148 0.021
Site rates printed to /mnt/data0/yue/2026-03-11-protein-convergence/results/OG_12853/csubst_w_s/csubst_input_alignment.fa.rate
Total tree length: 2.776

Total number of iterations: 0
CPU time used for tree search: 0.000 sec (0h:0m:0s)
Wall-clock time used for tree search: 0.000 sec (0h:0m:0s)
Total CPU time used: 17.632 sec (0h:0m:17s)
Total wall-clock time used: 17.658 sec (0h:0m:17s)

Analysis results written to: 
  IQ-TREE report:                /mnt/data0/yue/2026-03-11-protein-convergence/results/OG_12853/csubst_w_s/csubst_input_alignment.fa.iqtree
  Maximum-likelihood tree:       /mnt/data0/yue/2026-03-11-protein-convergence/results/OG_12853/csubst_w_s/csubst_input_alignment.fa.treefile
  Site-specific rates:           /mnt/data0/yue/2026-03-11-protein-convergence/results/OG_12853/csubst_w_s/csubst_input_alignment.fa.rate
  Ancestral state:               /mnt/data0/yue/2026-03-11-protein-convergence/results/OG_12853/csubst_w_s/csubst_input_alignment.fa.state
  Screen log file:               /mnt/data0/yue/2026-03-11-protein-convergence/results/OG_12853/csubst_w_s/csubst_input_alignment.fa.log

Date and Time: Thu Mar 26 23:45:57 2026
