IQ-TREE multicore version 2.4.0 for Linux x86 64-bit built Feb 12 2025
Developed by Bui Quang Minh, Nguyen Lam Tung, Olga Chernomor, Heiko Schmidt,
Dominik Schrempf, Michael Woodhams, Ly Trong Nhan, Thomas Wong

Host:    brain (AVX2, FMA3, 2015 GB RAM)
Command: /home/yue/miniconda3/envs/py39/bin/iqtree -s /mnt/data0/yue/2026-03-11-protein-convergence/results/OG_9563/csubst_w_s/csubst_input_alignment.fa -te tmp.csubst.nwk -m ECMK07+F+R4 --seqtype CODON1 --threads-max 1 -T AUTO --ancestral --rate --redo
Seed:    465800 (Using SPRNG - Scalable Parallel Random Number Generator)
Time:    Sat Mar 28 05:59:25 2026
Kernel:  AVX+FMA - auto-detect threads (128 CPU cores detected)

Reading alignment file /mnt/data0/yue/2026-03-11-protein-convergence/results/OG_9563/csubst_w_s/csubst_input_alignment.fa ... Fasta format detected
Reading fasta file: done in 0.000849396 secs using 49.92% CPU
Alignment most likely contains DNA/RNA sequences
Converting to codon sequences with genetic code 1 ...
Alignment has 69 sequences with 236 columns, 219 distinct patterns
137 parsimony-informative, 55 singleton sites, 44 constant sites
                                                              Gap/Ambiguity  Composition  p-value
Analyzing sequences: done in 3.82364e-05 secs using 47.08% CPU
   1  DRR082660|Cluster-19260.0__TRINITY_DN2176_c0_g1_i1.p1           0.00%    passed    100.00%
   2  DE534|Cluster-39525.2__TRINITY_DN9900_c0_g2_i2.p1               0.00%    passed    100.00%
   3  DE542|Cluster-6696.0__TRINITY_DN981_c0_g3_i1.p1                 0.00%    passed    100.00%
   4  DE216|Cluster-25096.0__TRINITY_DN3254_c0_g1_i13.p1              0.00%    passed    100.00%
   5  DE69|Cluster-47475.1__TRINITY_DN2155_c0_g1_i2.p1                0.00%    passed    100.00%
   6  DE560|Cluster-32032.0__TRINITY_DN814_c0_g1_i2.p1                0.00%    passed    100.00%
   7  DE519|Cluster-18673.1__TRINITY_DN396_c1_g1_i2.p1                0.00%    passed    100.00%
   8  JJ130|Cluster-39803.0__TRINITY_DN379_c0_g1_i1.p1                0.00%    passed    100.00%
   9  DE476|Cluster-48989.19__TRINITY_DN389_c0_g1_i13.p1              0.00%    passed    100.00%
  10  JJ89|Cluster-9175.1__TRINITY_DN581_c0_g1_i2.p1                  0.00%    passed    100.00%
  11  DE509|Cluster-31740.1__TRINITY_DN557_c0_g1_i2.p1                0.00%    passed    100.00%
  12  DE550|Cluster-31616.0__TRINITY_DN269_c0_g1_i1.p1                0.00%    passed    100.00%
  13  JJ36|Cluster-25030.1__TRINITY_DN21527_c0_g1_i4.p1               0.00%    passed    100.00%
  14  DE531|Cluster-56161.1__TRINITY_DN9511_c0_g1_i2.p1               0.00%    passed    100.00%
  15  DE696-dots|Cluster-16466.0__TRINITY_DN13624_c0_g1_i1.p1         0.00%    passed    100.00%
  16  DE696-nodots|Cluster-23772.1__TRINITY_DN2101_c0_g1_i2.p1        0.00%    passed    100.00%
  17  DE541|Cluster-37621.12__TRINITY_DN289_c0_g2_i6.p1               0.00%    passed     99.85%
  18  SRR3407096|Cluster-33600.0__TRINITY_DN11540_c0_g1_i4.p1         1.27%    passed    100.00%
  19  DE126|Cluster-47860.0__TRINITY_DN22897_c0_g1_i1.p1              1.27%    passed    100.00%
  20  SRR5150740|Cluster-61593.0__TRINITY_DN11863_c0_g1_i2.p1         1.27%    passed     99.90%
  21  JJ131|Cluster-56717.0__TRINITY_DN3876_c0_g1_i4.p1               1.27%    passed    100.00%
  22  DE151|Cluster-59879.0__TRINITY_DN271_c0_g1_i1.p1                0.00%    passed    100.00%
  23  DE189|Cluster-26221.18__TRINITY_DN1097_c0_g1_i1.p1              0.00%    passed    100.00%
  24  DE115|Cluster-20493.0__TRINITY_DN1878_c0_g2_i3.p1               0.00%    passed    100.00%
  25  DE127|Cluster-19979.0__TRINITY_DN388_c0_g1_i1.p1                0.00%    passed    100.00%
  26  DE575|Cluster-49654.3__TRINITY_DN101_c0_g2_i1.p1                0.00%    passed    100.00%
  27  DE666|Cluster-45720.0__TRINITY_DN3831_c0_g3_i1.p1               0.00%    passed    100.00%
  28  JJ86|Cluster-25296.0__TRINITY_DN365_c0_g1_i1.p1                 0.00%    passed    100.00%
  29  DE554|Cluster-68072.0__TRINITY_DN11117_c0_g1_i8.p1              0.00%    passed    100.00%
  30  DE566|Cluster-20258.2__TRINITY_DN19800_c0_g1_i3.p1              0.00%    passed    100.00%
  31  DE681|Cluster-37318.0__TRINITY_DN1689_c0_g1_i1.p1               0.00%    passed    100.00%
  32  DE765|Cluster-56015.0__TRINITY_DN19065_c0_g1_i1.p1              0.00%    passed    100.00%
  33  DE181|Cluster-34164.0__TRINITY_DN79_c0_g2_i2.p1                 0.00%    passed    100.00%
  34  SRR3407095|Cluster-34585.0__TRINITY_DN7255_c0_g2_i3.p1          0.00%    passed    100.00%
  35  SRR3407086|Cluster-7911.0__TRINITY_DN1974_c0_g2_i1.p1           0.00%    passed    100.00%
  36  DE546_urceolata_l|Cluster-35449.0__TRINITY_DN258_c5_g1_i1.p1    0.00%    passed    100.00%
  37  DE680|Cluster-9550.0__TRINITY_DN2380_c0_g2_i1.p1                0.00%    passed    100.00%
  38  DE173|Cluster-33899.1__TRINITY_DN1877_c0_g1_i1.p1               0.00%    passed    100.00%
  39  DE737|Cluster-29512.1__TRINITY_DN555_c0_g2_i2.p1               30.51%    passed     99.42%
  40  JJ109|Cluster-30270.0__TRINITY_DN447_c0_g2_i1.p1                0.00%    passed    100.00%
  41  DE88|Cluster-38442.1__TRINITY_DN1815_c0_g3_i1.p1                0.00%    passed    100.00%
  42  DE736|Cluster-39915.0__TRINITY_DN283_c0_g1_i1.p1                0.00%    passed    100.00%
  43  DE764|Cluster-13425.0__TRINITY_DN15695_c0_g3_i1.p1              0.00%    passed    100.00%
  44  DE561|Cluster-43826.0__TRINITY_DN16_c0_g2_i1.p1                 0.00%    passed    100.00%
  45  SRR3407088|Cluster-26857.0__TRINITY_DN3858_c0_g1_i2.p1          0.00%    passed    100.00%
  46  SRR3424066|Cluster-34584.0__TRINITY_DN1267_c0_g1_i2.p1          0.00%    passed    100.00%
  47  DE162|Cluster-33827.0__TRINITY_DN4668_c0_g1_i3.p1               0.00%    passed    100.00%
  48  DE507|Cluster-72886.1__TRINITY_DN13930_c0_g3_i3.p1              0.00%    passed    100.00%
  49  DE704-white|Cluster-60505.0__TRINITY_DN25533_c0_g1_i2.p1       30.51%    passed     99.15%
  50  DE528|Cluster-22094.0__TRINITY_DN4417_c0_g3_i1.p1               0.00%    passed    100.00%
  51  DE668|Cluster-5351.0__TRINITY_DN1536_c0_g1_i1.p1                0.00%    passed    100.00%
  52  DE503|Cluster-48210.0__TRINITY_DN8935_c0_g1_i21.p1              0.00%    passed    100.00%
  53  DE505|Cluster-29014.1__TRINITY_DN23321_c0_g1_i11.p1             0.00%    passed    100.00%
  54  DE510|Cluster-15519.0__TRINITY_DN1901_c0_g1_i12.p1              0.00%    passed    100.00%
  55  SRR3407092|Cluster-9051.0__TRINITY_DN996_c0_g1_i1.p1            0.00%    passed    100.00%
  56  SRR3407087|Cluster-5805.0__TRINITY_DN8465_c0_g2_i1.p1           0.00%    passed    100.00%
  57  SRR3407093|Cluster-211.0__TRINITY_DN117_c0_g1_i2.p1             0.00%    passed    100.00%
  58  SRR3407094|Cluster-1223.0__TRINITY_DN3616_c0_g1_i1.p1           0.00%    passed    100.00%
  59  DE164|Cluster-60620.0__TRINITY_DN8546_c0_g3_i1.p1               0.00%    passed    100.00%
  60  DE671|Cluster-41844.0__TRINITY_DN3045_c1_g2_i1.p1               0.00%    passed    100.00%
  61  DE672|Cluster-11724.0__TRINITY_DN3428_c0_g5_i1.p1               0.00%    passed    100.00%
  62  DE643|Cluster-71465.0__TRINITY_DN2312_c0_g2_i2.p1               0.00%    passed    100.00%
  63  JJ85|Cluster-33344.0__TRINITY_DN907_c1_g1_i3.p1                 0.00%    passed    100.00%
  64  DE741|Cluster-14282.0__TRINITY_DN522_c0_g1_i4.p1                0.00%    passed    100.00%
  65  JJ125|Cluster-33121.0__TRINITY_DN2313_c1_g2_i3.p1               0.00%    passed    100.00%
  66  DE229|Cluster-26200.0__TRINITY_DN5610_c0_g2_i1.p1               0.00%    passed    100.00%
  67  JJ23|Cluster-9722.0__TRINITY_DN11723_c0_g2_i1.p1                0.00%    passed    100.00%
  68  SRR104381|Cluster-7373.0__TRINITY_DN2602_c0_g1_i1.p1            1.69%    passed     99.58%
  69  DE536|Cluster-52659.0__TRINITY_DN363_c0_g1_i8.p1               30.51%    passed     97.00%
****  TOTAL                                                           1.42%  0 sequences failed composition chi2 test (p-value<5%; df=60)
Reading input tree file tmp.csubst.nwk ... rooted tree

NOTE: 36 MB RAM (0 GB) is required!
Measuring multi-threading efficiency up to 1 CPU cores
2 trees examined
Threads: 1 / Time: 1.847 sec / Speedup: 1.000 / Efficiency: 100% / LogL: -9383
BEST NUMBER OF THREADS: 1

Estimate model parameters (epsilon = 0.010)
1. Initial log-likelihood: -6786.202
2. Current log-likelihood: -4539.213
3. Current log-likelihood: -4533.580
4. Current log-likelihood: -4533.535
5. Current log-likelihood: -4533.497
6. Current log-likelihood: -4533.465
7. Current log-likelihood: -4533.437
8. Current log-likelihood: -4533.413
9. Current log-likelihood: -4533.392
10. Current log-likelihood: -4533.373
11. Current log-likelihood: -4533.357
12. Current log-likelihood: -4533.342
13. Current log-likelihood: -4533.329
14. Current log-likelihood: -4533.318
15. Current log-likelihood: -4533.307
Optimal log-likelihood: -4533.298
Nonsynonymous/synonymous ratio (omega): 1.000
Transition/transversion ratio (kappa): 1.000
Site proportion and rates:  (0.625,0.455) (0.204,1.434) (0.162,2.085) (0.009,9.807)
Parameters optimization took 15 rounds (80.331 sec)
Wrote distance file to... 
BEST SCORE FOUND : -4533.298
Ancestral state probabilities printed to /mnt/data0/yue/2026-03-11-protein-convergence/results/OG_9563/csubst_w_s/csubst_input_alignment.fa.state
Empirical proportions for each category: 0.716 0.157 0.119 0.008
Site rates printed to /mnt/data0/yue/2026-03-11-protein-convergence/results/OG_9563/csubst_w_s/csubst_input_alignment.fa.rate
Total tree length: 2.835

Total number of iterations: 0
CPU time used for tree search: 0.000 sec (0h:0m:0s)
Wall-clock time used for tree search: 0.000 sec (0h:0m:0s)
Total CPU time used: 82.985 sec (0h:1m:22s)
Total wall-clock time used: 83.305 sec (0h:1m:23s)

Analysis results written to: 
  IQ-TREE report:                /mnt/data0/yue/2026-03-11-protein-convergence/results/OG_9563/csubst_w_s/csubst_input_alignment.fa.iqtree
  Maximum-likelihood tree:       /mnt/data0/yue/2026-03-11-protein-convergence/results/OG_9563/csubst_w_s/csubst_input_alignment.fa.treefile
  Site-specific rates:           /mnt/data0/yue/2026-03-11-protein-convergence/results/OG_9563/csubst_w_s/csubst_input_alignment.fa.rate
  Ancestral state:               /mnt/data0/yue/2026-03-11-protein-convergence/results/OG_9563/csubst_w_s/csubst_input_alignment.fa.state
  Screen log file:               /mnt/data0/yue/2026-03-11-protein-convergence/results/OG_9563/csubst_w_s/csubst_input_alignment.fa.log

Date and Time: Sat Mar 28 06:00:48 2026
