IQ-TREE multicore version 2.4.0 for Linux x86 64-bit built Feb 12 2025
Developed by Bui Quang Minh, Nguyen Lam Tung, Olga Chernomor, Heiko Schmidt,
Dominik Schrempf, Michael Woodhams, Ly Trong Nhan, Thomas Wong

Host:    brain (AVX2, FMA3, 2015 GB RAM)
Command: /home/yue/miniconda3/envs/py39/bin/iqtree -s /mnt/data0/yue/2026-03-11-protein-convergence/results/OG_2401/csubst_w_s/csubst_input_alignment.fa -te tmp.csubst.nwk -m ECMK07+F+R4 --seqtype CODON1 --threads-max 1 -T AUTO --ancestral --rate --redo
Seed:    528558 (Using SPRNG - Scalable Parallel Random Number Generator)
Time:    Fri Mar 27 04:24:03 2026
Kernel:  AVX+FMA - auto-detect threads (128 CPU cores detected)

Reading alignment file /mnt/data0/yue/2026-03-11-protein-convergence/results/OG_2401/csubst_w_s/csubst_input_alignment.fa ... Fasta format detected
Reading fasta file: done in 0.00205438 secs using 33.29% CPU
Alignment most likely contains DNA/RNA sequences
Converting to codon sequences with genetic code 1 ...
Alignment has 76 sequences with 310 columns, 305 distinct patterns
151 parsimony-informative, 95 singleton sites, 64 constant sites
                                                               Gap/Ambiguity  Composition  p-value
Analyzing sequences: done in 9.70811e-05 secs using 98.89% CPU
   1  SRR3407096|Cluster-29192.0__TRINITY_DN4249_c0_g1_i3.p1           0.00%    passed    100.00%
   2  DE680|Cluster-35907.0__TRINITY_DN2415_c0_g1_i2.p1                0.00%    passed    100.00%
   3  DE566|Cluster-49021.2__TRINITY_DN2346_c0_g1_i19.p1               0.00%    passed    100.00%
   4  DE643|Cluster-72243.0__TRINITY_DN1963_c0_g1_i65.p1               0.00%    passed    100.00%
   5  DE671|Cluster-55368.0__TRINITY_DN7180_c0_g1_i4.p1                0.32%    passed    100.00%
   6  DE164|Cluster-15972.0__TRINITY_DN9008_c0_g2_i5.p1               13.87%    passed    100.00%
   7  DE151|Cluster-60002.0__TRINITY_DN13737_c0_g2_i5.p1               0.32%    passed    100.00%
   8  DE509|Cluster-44433.0__TRINITY_DN13193_c0_g1_i14.p1             35.48%    passed     99.36%
   9  DE173|Cluster-22610.2__TRINITY_DN4610_c0_g1_i12.p1               0.00%    passed    100.00%
  10  SRR3407093|Cluster-26380.0__TRINITY_DN924_c0_g1_i6.p1            0.00%    passed    100.00%
  11  SRR3407095|Cluster-38280.0__TRINITY_DN6984_c0_g1_i2.p1           0.00%    passed    100.00%
  12  DE549|Cluster-48202.1__TRINITY_DN8229_c0_g1_i12.p1               0.00%    passed    100.00%
  13  DE550|Cluster-45747.0__TRINITY_DN10023_c0_g1_i3.p1               0.00%    passed    100.00%
  14  SRR3407086|Cluster-35319.0__TRINITY_DN2966_c0_g2_i2.p1           0.00%    passed    100.00%
  15  DE503|Cluster-45508.1__TRINITY_DN969_c0_g2_i2.p1                 0.00%    passed    100.00%
  16  DE505|Cluster-51085.0__TRINITY_DN25271_c0_g1_i3.p1               0.00%    passed    100.00%
  17  DE510|Cluster-53570.0__TRINITY_DN15404_c0_g1_i12.p1              0.00%    passed    100.00%
  18  SRR3407087|Cluster-15837.0__TRINITY_DN2657_c0_g1_i3.p1           0.00%    passed    100.00%
  19  SRR3407094|Cluster-29922.0__TRINITY_DN3579_c0_g1_i6.p1           0.00%    passed    100.00%
  20  SRR3407092|Cluster-32666.0__TRINITY_DN10420_c0_g1_i5.p1          0.00%    passed    100.00%
  21  DE88|Cluster-34375.0__TRINITY_DN2215_c0_g1_i21.p1                0.32%    passed    100.00%
  22  DE476|Cluster-56244.0__TRINITY_DN3309_c0_g1_i19.p1               0.32%    passed    100.00%
  23  SRR3424066|Cluster-21050.0__TRINITY_DN4830_c0_g1_i1.p1           0.00%    passed    100.00%
  24  SRR11934227|Cluster-59049.0__TRINITY_DN105773_c0_g1_i1.p1       56.45%    passed     84.85%
  25  SRR11748982|Cluster-38602.4__TRINITY_DN4538_c0_g1_i29.p1        12.90%    passed    100.00%
  26  DE115|Cluster-53262.1__TRINITY_DN3351_c0_g1_i12.p1              64.19%    passed     99.87%
  27  DRR082660|Cluster-26561.0__TRINITY_DN14522_c0_g1_i1.p1           0.00%    passed    100.00%
  28  JJ74|Cluster-115789.0__TRINITY_DN2796_c0_g1_i2.p1                0.32%    passed    100.00%
  29  DE126|Cluster-43601.0__TRINITY_DN16057_c0_g1_i1.p1               0.00%    passed    100.00%
  30  DE563|Cluster-45535.0__TRINITY_DN998_c0_g1_i2.p1                 0.00%    passed    100.00%
  31  DE666|Cluster-35749.1__TRINITY_DN5660_c0_g1_i15.p1              30.00%    passed     99.98%
  32  JJ89|Cluster-28136.0__TRINITY_DN6119_c1_g2_i9.p1                 0.32%    passed    100.00%
  33  DE69|Cluster-26625.0__TRINITY_DN3222_c0_g1_i4.p1                 0.00%    passed    100.00%
  34  DE764|Cluster-37525.0__TRINITY_DN4270_c0_g1_i20.p1               0.32%    passed    100.00%
  35  DE541|Cluster-17662.0__TRINITY_DN8393_c0_g1_i2.p1                0.32%    passed    100.00%
  36  DE523|Cluster-37666.0__TRINITY_DN2756_c0_g1_i9.p1                0.00%    passed    100.00%
  37  DE736|Cluster-62256.0__TRINITY_DN2842_c0_g1_i20.p1               0.32%    passed    100.00%
  38  JJ130|Cluster-44319.0__TRINITY_DN1738_c0_g1_i17.p1               0.32%    passed    100.00%
  39  DE672|Cluster-56000.0__TRINITY_DN4929_c2_g1_i8.p1                0.00%    passed    100.00%
  40  DE737|Cluster-41888.0__TRINITY_DN3833_c0_g1_i5.p1                0.32%    passed    100.00%
  41  DE531|Cluster-51339.0__TRINITY_DN11344_c0_g2_i3.p1              30.00%    passed    100.00%
  42  DE696-dots|Cluster-38556.0__TRINITY_DN12886_c0_g1_i35.p1         0.32%    passed    100.00%
  43  DE696-nodots|Cluster-34549.0__TRINITY_DN4040_c0_g1_i17.p1       30.00%    passed    100.00%
  44  JJ36|Cluster-17516.0__TRINITY_DN5892_c0_g1_i2.p1                 0.32%    passed    100.00%
  45  DE152|Cluster-58098.0__TRINITY_DN4409_c0_g1_i10.p1               0.00%    passed    100.00%
  46  DE575|Cluster-46633.0__TRINITY_DN5539_c0_g1_i50.p1              13.23%    passed    100.00%
  47  DE765|Cluster-42212.0__TRINITY_DN3214_c0_g2_i24.p1               0.00%    passed    100.00%
  48  DE681|Cluster-55957.0__TRINITY_DN6712_c0_g1_i2.p1                0.32%    passed    100.00%
  49  DE162|Cluster-48212.0__TRINITY_DN4370_c0_g1_i13.p1               0.00%    passed    100.00%
  50  DE528|Cluster-54266.0__TRINITY_DN2702_c0_g1_i23.p1               0.32%    passed    100.00%
  51  DE704-white|Cluster-63720.0__TRINITY_DN366_c0_g1_i35.p1         35.48%    passed     99.83%
  52  DE704-purple|Cluster-62482.0__TRINITY_DN2264_c0_g1_i67.p1        0.00%    passed    100.00%
  53  DE507|Cluster-87005.0__TRINITY_DN2636_c0_g1_i3.p1                0.00%    passed    100.00%
  54  DE504|Cluster-46186.0__TRINITY_DN3632_c0_g1_i39.p1              22.90%    passed    100.00%
  55  JJ86|Cluster-54912.0__TRINITY_DN2437_c0_g1_i6.p1                 0.32%    passed     99.99%
  56  DE623|Cluster-48189.0__TRINITY_DN6050_c0_g1_i2.p1                0.00%    passed    100.00%
  57  DE560|Cluster-45253.0__TRINITY_DN16553_c0_g1_i24.p1             32.58%    passed     99.83%
  58  DE741|Cluster-38348.0__TRINITY_DN6210_c0_g1_i12.p1               0.00%    passed    100.00%
  59  DE519|Cluster-25196.0__TRINITY_DN2710_c3_g1_i1.p1                0.00%    passed    100.00%
  60  DE216|Cluster-70224.0__TRINITY_DN1035_c3_g1_i7.p1                0.00%    passed    100.00%
  61  JJ15|Cluster-60826.0__TRINITY_DN8665_c0_g1_i2.p1                 0.00%    passed    100.00%
  62  DE542|Cluster-44212.0__TRINITY_DN30132_c0_g1_i1.p1               0.00%    passed    100.00%
  63  DE536|Cluster-52388.1__TRINITY_DN5723_c0_g1_i12.p1               0.00%    passed    100.00%
  64  JJ23|Cluster-3471.0__TRINITY_DN32694_c0_g1_i8.p1                33.87%    passed     99.87%
  65  DE546_urceolata_l|Cluster-14001.0__TRINITY_DN4288_c0_g1_i2.p1   40.65%    passed     98.11%
  66  JJ99|Cluster-43409.0__TRINITY_DN13600_c0_g1_i17.p1               0.00%    passed     95.96%
  67  DE181|Cluster-45752.1__TRINITY_DN1249_c0_g1_i19.p1               0.00%    passed    100.00%
  68  DE561|Cluster-46403.0__TRINITY_DN3647_c0_g1_i12.p1              35.16%    passed     99.99%
  69  SRR3407088|Cluster-27715.0__TRINITY_DN2308_c0_g1_i7.p1           0.00%    passed    100.00%
  70  DE189|Cluster-33803.0__TRINITY_DN8612_c0_g1_i9.p1               29.68%    passed    100.00%
  71  DE668|Cluster-50192.1__TRINITY_DN1747_c0_g1_i7.p1               35.16%    passed     89.26%
  72  JJ85|Cluster-24583.0__TRINITY_DN971_c0_g1_i6.p1                  0.00%    passed    100.00%
  73  DE229|Cluster-44215.4__TRINITY_DN5362_c0_g1_i18.p1              43.55%    passed     99.34%
  74  SRR5150740|Cluster-69366.2__TRINITY_DN9316_c0_g1_i7.p1           9.68%    passed    100.00%
  75  JJ131|Cluster-44799.2__TRINITY_DN3315_c0_g1_i8.p1                0.00%    passed    100.00%
  76  DRR082665|Cluster-55236.0__TRINITY_DN1789_c0_g2_i70.p1           7.10%    passed     84.89%
WARNING: 2 sequences contain more than 50% gaps/ambiguity
****  TOTAL                                                            8.12%  0 sequences failed composition chi2 test (p-value<5%; df=60)
Reading input tree file tmp.csubst.nwk ... rooted tree

NOTE: 52 MB RAM (0 GB) is required!
Measuring multi-threading efficiency up to 1 CPU cores
2 trees examined
Threads: 1 / Time: 2.782 sec / Speedup: 1.000 / Efficiency: 100% / LogL: -9134
BEST NUMBER OF THREADS: 1

Estimate model parameters (epsilon = 0.010)
1. Initial log-likelihood: -9774.619
2. Current log-likelihood: -6305.356
3. Current log-likelihood: -6305.075
4. Current log-likelihood: -6298.660
5. Current log-likelihood: -6298.488
6. Current log-likelihood: -6298.395
7. Current log-likelihood: -6298.337
8. Current log-likelihood: -6288.715
9. Current log-likelihood: -6288.605
10. Current log-likelihood: -6288.541
11. Current log-likelihood: -6288.502
12. Current log-likelihood: -6288.476
13. Current log-likelihood: -6288.459
14. Current log-likelihood: -6288.447
Optimal log-likelihood: -6288.423
Nonsynonymous/synonymous ratio (omega): 1.000
Transition/transversion ratio (kappa): 1.000
Site proportion and rates:  (0.572,0.401) (0.289,1.006) (0.126,3.004) (0.013,7.715)
Parameters optimization took 14 rounds (123.121 sec)
Wrote distance file to... 
BEST SCORE FOUND : -6288.423
Ancestral state probabilities printed to /mnt/data0/yue/2026-03-11-protein-convergence/results/OG_2401/csubst_w_s/csubst_input_alignment.fa.state
Empirical proportions for each category: 0.632 0.219 0.132 0.016
Site rates printed to /mnt/data0/yue/2026-03-11-protein-convergence/results/OG_2401/csubst_w_s/csubst_input_alignment.fa.rate
Total tree length: 2.967

Total number of iterations: 0
CPU time used for tree search: 0.000 sec (0h:0m:0s)
Wall-clock time used for tree search: 0.000 sec (0h:0m:0s)
Total CPU time used: 127.441 sec (0h:2m:7s)
Total wall-clock time used: 127.592 sec (0h:2m:7s)

Analysis results written to: 
  IQ-TREE report:                /mnt/data0/yue/2026-03-11-protein-convergence/results/OG_2401/csubst_w_s/csubst_input_alignment.fa.iqtree
  Maximum-likelihood tree:       /mnt/data0/yue/2026-03-11-protein-convergence/results/OG_2401/csubst_w_s/csubst_input_alignment.fa.treefile
  Site-specific rates:           /mnt/data0/yue/2026-03-11-protein-convergence/results/OG_2401/csubst_w_s/csubst_input_alignment.fa.rate
  Ancestral state:               /mnt/data0/yue/2026-03-11-protein-convergence/results/OG_2401/csubst_w_s/csubst_input_alignment.fa.state
  Screen log file:               /mnt/data0/yue/2026-03-11-protein-convergence/results/OG_2401/csubst_w_s/csubst_input_alignment.fa.log

Date and Time: Fri Mar 27 04:26:11 2026
