IQ-TREE multicore version 2.4.0 for Linux x86 64-bit built Feb 12 2025
Developed by Bui Quang Minh, Nguyen Lam Tung, Olga Chernomor, Heiko Schmidt,
Dominik Schrempf, Michael Woodhams, Ly Trong Nhan, Thomas Wong

Host:    brain (AVX2, FMA3, 2015 GB RAM)
Command: /home/yue/miniconda3/envs/py39/bin/iqtree -s /mnt/data0/yue/2026-03-11-protein-convergence/results/OG_663/csubst_w_s/csubst_input_alignment.fa -te tmp.csubst.nwk -m ECMK07+F+R4 --seqtype CODON1 --threads-max 1 -T AUTO --ancestral --rate --redo
Seed:    489228 (Using SPRNG - Scalable Parallel Random Number Generator)
Time:    Fri Mar 27 22:12:41 2026
Kernel:  AVX+FMA - auto-detect threads (128 CPU cores detected)

Reading alignment file /mnt/data0/yue/2026-03-11-protein-convergence/results/OG_663/csubst_w_s/csubst_input_alignment.fa ... Fasta format detected
Reading fasta file: done in 0.00273491 secs
Alignment most likely contains DNA/RNA sequences
Converting to codon sequences with genetic code 1 ...
WARNING: 1 sites contain only gaps or ambiguous characters.
Alignment has 79 sequences with 712 columns, 687 distinct patterns
413 parsimony-informative, 158 singleton sites, 141 constant sites
                                                              Gap/Ambiguity  Composition  p-value
Analyzing sequences: done in 0.000127017 secs using 99.2% CPU
   1  DE566|Cluster-21206.3__TRINITY_DN928_c0_g1_i1.p1                1.26%    passed    100.00%
   2  DE549|Cluster-9998.1__TRINITY_DN1429_c1_g1_i4.p1                2.53%    passed    100.00%
   3  DE531|Cluster-54616.6__TRINITY_DN137_c0_g1_i6.p1                2.95%    passed    100.00%
   4  DE519|Cluster-37700.0__TRINITY_DN3607_c0_g4_i2.p1               1.97%    passed    100.00%
   5  DE741|Cluster-47188.0__TRINITY_DN4316_c1_g2_i1.p1               1.97%    passed    100.00%
   6  JJ74|Cluster-118917.0__TRINITY_DN9909_c0_g2_i1.p1              33.29%    passed     98.97%
   7  JJ85|Cluster-14695.1__TRINITY_DN2488_c0_g1_i5.p1                1.12%    passed    100.00%
   8  DE88|Cluster-10956.1__TRINITY_DN373_c1_g1_i2.p1                 1.26%    passed    100.00%
   9  DE216|Cluster-49786.0__TRINITY_DN1409_c0_g3_i1.p1               0.98%    passed    100.00%
  10  JJ15|Cluster-51591.2__TRINITY_DN9406_c1_g1_i22.p1               0.98%    passed    100.00%
  11  DE534|Cluster-37655.2__TRINITY_DN4852_c0_g1_i10.p1              1.12%    passed    100.00%
  12  SRR3424066|Cluster-28971.0__TRINITY_DN14163_c0_g1_i3.p1        20.65%    passed    100.00%
  13  DE561|Cluster-39827.0__TRINITY_DN234_c1_g1_i3.p1               27.11%    passed     99.98%
  14  DE69|Cluster-41023.0__TRINITY_DN397_c0_g1_i4.p1                 1.83%    passed    100.00%
  15  DE560|Cluster-45755.0__TRINITY_DN185_c0_g1_i1.p1                2.53%    passed    100.00%
  16  SRR3407094|Cluster-16320.0__TRINITY_DN786_c1_g1_i1.p1          29.78%    passed     99.85%
  17  DE542|Cluster-59119.1__TRINITY_DN319_c0_g2_i2.p1                1.26%    passed    100.00%
  18  DRR234970|Cluster-48912.1__TRINITY_DN7745_c0_g1_i4.p1          39.04%    passed     97.49%
  19  JJ131|Cluster-62548.4__TRINITY_DN522_c0_g1_i1.p1                1.26%    passed    100.00%
  20  DE737|Cluster-56768.0__TRINITY_DN5125_c1_g1_i4.p1               1.54%    passed    100.00%
  21  DE550|Cluster-3083.0__TRINITY_DN4094_c0_g2_i3.p1                1.26%    passed    100.00%
  22  DE541|Cluster-44522.0__TRINITY_DN8700_c0_g1_i6.p1              38.90%    passed     85.64%
  23  SRR11934227|Cluster-36659.2__TRINITY_DN62352_c0_g1_i1.p1       27.67%    passed     73.29%
  24  DE623|Cluster-48662.0__TRINITY_DN4691_c1_g1_i3.p1              28.23%    passed    100.00%
  25  JJ23|Cluster-41668.77__TRINITY_DN3062_c0_g1_i3.p1               2.39%    passed     99.99%
  26  DE229|Cluster-67413.1__TRINITY_DN159_c0_g1_i2.p1                1.83%    passed    100.00%
  27  SRR3407088|Cluster-21675.0__TRINITY_DN5708_c1_g4_i1.p1         47.75%    passed     87.24%
  28  JJ36|Cluster-33805.1__TRINITY_DN4459_c0_g1_i11.p1               1.97%    passed    100.00%
  29  DE503|Cluster-43955.0__TRINITY_DN8347_c0_g2_i2.p1               1.12%    passed    100.00%
  30  DE162|Cluster-19445.0__TRINITY_DN3030_c1_g1_i10.p1              1.97%    passed    100.00%
  31  DE519|Cluster-43916.0__TRINITY_DN3607_c0_g3_i1.p1              34.13%    passed     69.80%
  32  DE741|Cluster-58200.0__TRINITY_DN4316_c1_g1_i3.p1               3.23%    passed     99.96%
  33  SRR3407095|Cluster-48480.1__TRINITY_DN1640_c0_g1_i2.p1         38.90%    passed     93.08%
  34  DE704-white|Cluster-60525.2__TRINITY_DN11386_c0_g1_i5.p1       48.03%    passed     89.62%
  35  DE666|Cluster-17808.1__TRINITY_DN1688_c0_g1_i2.p1               2.67%    passed    100.00%
  36  DE536|Cluster-37397.0__TRINITY_DN1824_c0_g1_i3.p1               1.69%    passed    100.00%
  37  DE736|Cluster-49805.1__TRINITY_DN828_c0_g1_i10.p1               2.53%    passed     99.98%
  38  JJ130|Cluster-46024.0__TRINITY_DN4428_c0_g1_i12.p1              2.11%    passed     99.97%
  39  JJ109|Cluster-36281.2__TRINITY_DN6869_c0_g1_i7.p1               2.11%    passed     99.96%
  40  JJ89|Cluster-40030.2__TRINITY_DN6302_c0_g1_i4.p1                2.39%    passed     99.99%
  41  DE671|Cluster-1405.0__TRINITY_DN6820_c0_g2_i1.p1                2.11%    passed     99.99%
  42  DE503|Cluster-41685.0__TRINITY_DN8347_c0_g1_i1.p1              25.70%    passed     97.49%
  43  DE510|Cluster-40847.0__TRINITY_DN672_c0_g1_i8.p1                1.97%    passed    100.00%
  44  SRR3407086|Cluster-27814.0__TRINITY_DN6800_c1_g2_i1.p1         30.76%    passed     90.02%
  45  DRR082660|Cluster-31837.0__TRINITY_DN2057_c0_g1_i3.p1           2.25%    passed    100.00%
  46  DE173|Cluster-50725.1__TRINITY_DN6286_c0_g1_i5.p1               1.26%    passed    100.00%
  47  DE672|Cluster-49288.0__TRINITY_DN7160_c0_g1_i14.p1              1.40%    passed    100.00%
  48  DE523|Cluster-38434.0__TRINITY_DN3320_c0_g1_i2.p1              40.73%    passed     97.37%
  49  DE509|Cluster-33066.1__TRINITY_DN1640_c2_g1_i3.p1               2.11%    passed    100.00%
  50  DE764|Cluster-22021.0__TRINITY_DN14882_c0_g2_i1.p1             36.10%    passed     98.52%
  51  DE505|Cluster-54874.0__TRINITY_DN587_c1_g1_i1.p1               31.88%    passed     99.48%
  52  DE510|Cluster-36113.0__TRINITY_DN672_c0_g1_i11.p1              43.68%    passed     91.76%
  53  DE523|Cluster-36128.0__TRINITY_DN3320_c0_g2_i2.p1              31.88%    passed     98.00%
  54  SRR3407096|Cluster-19272.1__TRINITY_DN2303_c0_g1_i4.p1          1.12%    passed    100.00%
  55  DE554|Cluster-21349.1__TRINITY_DN10033_c0_g1_i3.p1              1.26%    passed    100.00%
  56  DE127|Cluster-39762.0__TRINITY_DN5480_c1_g1_i1.p1               1.26%    passed    100.00%
  57  DE507|Cluster-51460.0__TRINITY_DN89_c1_g1_i1.p1                 1.26%    passed    100.00%
  58  JJ125|Cluster-14636.1__TRINITY_DN2155_c1_g1_i7.p1               0.98%    passed    100.00%
  59  DE151|Cluster-56658.0__TRINITY_DN3_c1_g1_i2.p1                  1.12%    passed    100.00%
  60  DE189|Cluster-11176.0__TRINITY_DN6955_c0_g1_i5.p1               1.12%    passed    100.00%
  61  DE504|Cluster-42715.0__TRINITY_DN2209_c5_g1_i8.p1               1.12%    passed    100.00%
  62  DE476|Cluster-37562.0__TRINITY_DN3146_c0_g1_i6.p1               1.12%    passed    100.00%
  63  DE164|Cluster-16443.0__TRINITY_DN404_c0_g2_i2.p1                1.26%    passed    100.00%
  64  DE643|Cluster-82170.0__TRINITY_DN2719_c0_g1_i1.p1               1.40%    passed    100.00%
  65  DE671|Cluster-49214.0__TRINITY_DN6820_c0_g1_i1.p1               1.26%    passed    100.00%
  66  DE696-dots|Cluster-43203.0__TRINITY_DN2777_c0_g2_i2.p1          1.69%    passed    100.00%
  67  DE696-nodots|Cluster-42472.0__TRINITY_DN5064_c0_g1_i5.p1        1.40%    passed    100.00%
  68  DE541|Cluster-54224.0__TRINITY_DN1034_c0_g1_i1.p1               2.39%    passed    100.00%
  69  DE152|Cluster-34612.1__TRINITY_DN4650_c0_g2_i1.p1              25.00%    passed    100.00%
  70  JJ99|Cluster-21272.0__TRINITY_DN111_c1_g1_i4.p1                 1.26%    passed    100.00%
  71  DE181|Cluster-6289.3__TRINITY_DN256_c1_g2_i3.p1                 1.12%    passed    100.00%
  72  SRR3407088|Cluster-4672.0__TRINITY_DN5708_c1_g1_i2.p1          29.63%    passed     99.89%
  73  SRR3407087|Cluster-37486.2__TRINITY_DN6858_c0_g1_i2.p1         33.29%    passed     98.33%
  74  DE115|Cluster-41709.1__TRINITY_DN1409_c0_g1_i1.p1               1.26%    passed    100.00%
  75  JJ86|Cluster-27643.1__TRINITY_DN3624_c0_g1_i10.p1               1.26%    passed    100.00%
  76  DE546_urceolata_l|Cluster-12064.0__TRINITY_DN858_c2_g1_i2.p1    1.26%    passed    100.00%
  77  DE575|Cluster-40384.1__TRINITY_DN894_c3_g1_i1.p1               45.51%    passed     90.85%
  78  DE765|Cluster-46264.1__TRINITY_DN2604_c1_g1_i8.p1               1.40%    passed    100.00%
  79  DE668|Cluster-54952.1__TRINITY_DN1045_c1_g1_i3.p1               1.40%    passed    100.00%
****  TOTAL                                                          11.13%  0 sequences failed composition chi2 test (p-value<5%; df=60)
Reading input tree file tmp.csubst.nwk ... rooted tree

NOTE: 111 MB RAM (0 GB) is required!
Measuring multi-threading efficiency up to 1 CPU cores
2 trees examined
Threads: 1 / Time: 5.282 sec / Speedup: 1.000 / Efficiency: 100% / LogL: -26681
BEST NUMBER OF THREADS: 1

Estimate model parameters (epsilon = 0.010)
1. Initial log-likelihood: -24098.770
2. Current log-likelihood: -17094.823
3. Current log-likelihood: -17064.073
4. Current log-likelihood: -17063.929
5. Current log-likelihood: -17063.407
6. Current log-likelihood: -17063.382
7. Current log-likelihood: -17063.363
8. Current log-likelihood: -17063.350
9. Current log-likelihood: -17063.339
Optimal log-likelihood: -17063.330
Nonsynonymous/synonymous ratio (omega): 1.000
Transition/transversion ratio (kappa): 1.000
Site proportion and rates:  (0.542,0.273) (0.255,1.147) (0.191,2.492) (0.012,6.719)
Parameters optimization took 9 rounds (153.646 sec)
Wrote distance file to... 
BEST SCORE FOUND : -17063.330
Ancestral state probabilities printed to /mnt/data0/yue/2026-03-11-protein-convergence/results/OG_663/csubst_w_s/csubst_input_alignment.fa.state
Empirical proportions for each category: 0.574 0.235 0.180 0.011
Site rates printed to /mnt/data0/yue/2026-03-11-protein-convergence/results/OG_663/csubst_w_s/csubst_input_alignment.fa.rate
Total tree length: 4.840

Total number of iterations: 0
CPU time used for tree search: 0.000 sec (0h:0m:0s)
Wall-clock time used for tree search: 0.000 sec (0h:0m:0s)
Total CPU time used: 161.471 sec (0h:2m:41s)
Total wall-clock time used: 162.100 sec (0h:2m:42s)

Analysis results written to: 
  IQ-TREE report:                /mnt/data0/yue/2026-03-11-protein-convergence/results/OG_663/csubst_w_s/csubst_input_alignment.fa.iqtree
  Maximum-likelihood tree:       /mnt/data0/yue/2026-03-11-protein-convergence/results/OG_663/csubst_w_s/csubst_input_alignment.fa.treefile
  Site-specific rates:           /mnt/data0/yue/2026-03-11-protein-convergence/results/OG_663/csubst_w_s/csubst_input_alignment.fa.rate
  Ancestral state:               /mnt/data0/yue/2026-03-11-protein-convergence/results/OG_663/csubst_w_s/csubst_input_alignment.fa.state
  Screen log file:               /mnt/data0/yue/2026-03-11-protein-convergence/results/OG_663/csubst_w_s/csubst_input_alignment.fa.log

Date and Time: Fri Mar 27 22:15:23 2026
