IQ-TREE multicore version 2.4.0 for Linux x86 64-bit built Feb 12 2025
Developed by Bui Quang Minh, Nguyen Lam Tung, Olga Chernomor, Heiko Schmidt,
Dominik Schrempf, Michael Woodhams, Ly Trong Nhan, Thomas Wong

Host:    brain (AVX2, FMA3, 2015 GB RAM)
Command: /home/yue/miniconda3/envs/py39/bin/iqtree -s /mnt/data0/yue/2026-03-11-protein-convergence/results/OG_10742/csubst_w_s/csubst_input_alignment.fa -te tmp.csubst.nwk -m ECMK07+F+R4 --seqtype CODON1 --threads-max 1 -T AUTO --ancestral --rate --redo
Seed:    837198 (Using SPRNG - Scalable Parallel Random Number Generator)
Time:    Thu Mar 26 21:21:02 2026
Kernel:  AVX+FMA - auto-detect threads (128 CPU cores detected)

Reading alignment file /mnt/data0/yue/2026-03-11-protein-convergence/results/OG_10742/csubst_w_s/csubst_input_alignment.fa ... Fasta format detected
Reading fasta file: done in 0.00181381 secs using 7.663% CPU
Alignment most likely contains DNA/RNA sequences
Converting to codon sequences with genetic code 1 ...
Alignment has 62 sequences with 505 columns, 480 distinct patterns
243 parsimony-informative, 140 singleton sites, 122 constant sites
                                                               Gap/Ambiguity  Composition  p-value
Analyzing sequences: done in 7.46101e-05 secs using 97.84% CPU
   1  SRR3407086|Cluster-41782.0__TRINITY_DN5741_c0_g1_i1.p1          37.23%    passed    100.00%
   2  DE741|Cluster-51762.0__TRINITY_DN3232_c0_g1_i3.p1               37.23%    passed    100.00%
   3  DE536|Cluster-49112.0__TRINITY_DN6248_c0_g1_i8.p1               36.83%    passed    100.00%
   4  DE152|Cluster-51167.0__TRINITY_DN23744_c1_g3_i3.p1              36.04%    passed    100.00%
   5  SRR3407095|Cluster-39458.0__TRINITY_DN10112_c0_g1_i1.p1         34.46%    passed    100.00%
   6  DE505|Cluster-53994.0__TRINITY_DN13566_c0_g1_i1.p1              56.63%    passed     99.99%
   7  DE566|Cluster-29135.0__TRINITY_DN25564_c0_g1_i4.p1              38.42%    passed    100.00%
   8  DE696-nodots|Cluster-46722.0__TRINITY_DN19224_c0_g1_i10.p1      37.03%    passed    100.00%
   9  DE764|Cluster-46709.0__TRINITY_DN7293_c0_g1_i5.p1               71.68%    passed     88.16%
  10  JJ85|Cluster-1749.0__TRINITY_DN8985_c0_g1_i1.p1                 40.00%    passed    100.00%
  11  DE550|Cluster-49918.0__TRINITY_DN6423_c0_g1_i3.p1               34.85%    passed    100.00%
  12  DE528|Cluster-27174.0__TRINITY_DN20066_c0_g1_i1.p1              33.66%    passed    100.00%
  13  DE546_urceolata_l|Cluster-11568.0__TRINITY_DN5181_c0_g1_i1.p1   36.04%    passed    100.00%
  14  DE229|Cluster-49042.0__TRINITY_DN3107_c0_g1_i11.p1              36.04%    passed    100.00%
  15  DE189|Cluster-15225.0__TRINITY_DN3291_c0_g1_i1.p1               34.65%    passed    100.00%
  16  DE560|Cluster-19161.0__TRINITY_DN4707_c0_g1_i1.p1               36.24%    passed    100.00%
  17  JJ125|Cluster-33438.0__TRINITY_DN12203_c1_g1_i4.p1              35.84%    passed    100.00%
  18  DE736|Cluster-40804.0__TRINITY_DN4752_c0_g1_i1.p1               37.43%    passed    100.00%
  19  DE531|Cluster-29897.0__TRINITY_DN6249_c0_g1_i6.p1               36.83%    passed    100.00%
  20  DE737|Cluster-10994.0__TRINITY_DN9270_c0_g1_i1.p1               36.04%    passed    100.00%
  21  JJ15|Cluster-31442.1__TRINITY_DN2993_c0_g1_i2.p1                37.03%    passed    100.00%
  22  JJ131|Cluster-26266.0__TRINITY_DN5585_c0_g1_i1.p1               72.08%    passed     70.60%
  23  DE503|Cluster-22782.0__TRINITY_DN20694_c0_g1_i2.p1              33.66%    passed    100.00%
  24  DE510|Cluster-40253.0__TRINITY_DN6773_c0_g1_i24.p1              42.57%    passed     99.99%
  25  SRR3407088|Cluster-28779.0__TRINITY_DN44106_c0_g1_i1.p1         33.66%    passed    100.00%
  26  DE575|Cluster-17732.0__TRINITY_DN20998_c0_g1_i2.p1              36.04%    passed    100.00%
  27  DE765|Cluster-34275.0__TRINITY_DN9418_c0_g1_i2.p1               36.04%    passed    100.00%
  28  DE509|Cluster-19435.0__TRINITY_DN5805_c0_g1_i1.p1                0.00%    passed    100.00%
  29  DE476|Cluster-46716.0__TRINITY_DN10670_c0_g1_i1.p1              37.43%    passed    100.00%
  30  DE88|Cluster-8671.0__TRINITY_DN6019_c0_g1_i4.p1                 35.84%    passed    100.00%
  31  DE534|Cluster-41340.2__TRINITY_DN7975_c1_g2_i14.p1              71.88%    passed     97.07%
  32  DE164|Cluster-40100.1__TRINITY_DN25338_c0_g1_i2.p1               0.00%    passed    100.00%
  33  JJ130|Cluster-30005.0__TRINITY_DN6180_c0_g2_i2.p1                0.00%    passed    100.00%
  34  DE541|Cluster-17083.0__TRINITY_DN17422_c0_g1_i1.p1               0.00%    passed    100.00%
  35  DE696-dots|Cluster-46913.0__TRINITY_DN13497_c1_g1_i1.p1         28.71%    passed    100.00%
  36  DE69|Cluster-9738.0__TRINITY_DN12648_c0_g1_i4.p1                42.97%    passed    100.00%
  37  DE643|Cluster-76216.0__TRINITY_DN3969_c0_g1_i6.p1               37.23%    passed    100.00%
  38  DE672|Cluster-57482.0__TRINITY_DN3318_c0_g1_i1.p1                0.00%    passed    100.00%
  39  JJ74|Cluster-66247.0__TRINITY_DN74381_c0_g1_i1.p1               48.71%    passed    100.00%
  40  DE671|Cluster-22037.0__TRINITY_DN23157_c0_g1_i1.p1               0.00%    passed    100.00%
  41  JJ109|Cluster-27224.0__TRINITY_DN8685_c0_g1_i7.p1               26.73%    passed    100.00%
  42  DE181|Cluster-52322.0__TRINITY_DN2722_c0_g1_i2.p1                0.00%    passed    100.00%
  43  JJ86|Cluster-14076.0__TRINITY_DN18617_c0_g1_i1.p1                0.00%    passed    100.00%
  44  DE668|Cluster-49216.0__TRINITY_DN2295_c3_g1_i2.p1                0.00%    passed    100.00%
  45  DE623|Cluster-18697.0__TRINITY_DN13370_c0_g1_i1.p1               0.00%    passed    100.00%
  46  DE554|Cluster-31055.0__TRINITY_DN10439_c0_g1_i2.p1               0.00%    passed    100.00%
  47  DE666|Cluster-27866.0__TRINITY_DN19772_c0_g1_i2.p1               0.00%    passed    100.00%
  48  JJ99|Cluster-23617.0__TRINITY_DN241_c1_g1_i1.p1                  0.00%    passed    100.00%
  49  JJ89|Cluster-24813.0__TRINITY_DN6240_c0_g1_i6.p1                19.80%    passed     99.21%
  50  SRR3407096|Cluster-3459.1__TRINITY_DN13540_c0_g1_i2.p1           0.00%    passed    100.00%
  51  DE561|Cluster-39061.0__TRINITY_DN5221_c0_g1_i7.p1                0.00%    passed    100.00%
  52  DRR234970|Cluster-14898.0__TRINITY_DN37598_c0_g1_i1.p1          19.80%    passed     97.76%
  53  SRR104381|Cluster-18054.0__TRINITY_DN11772_c0_g1_i1.p1          19.80%    passed     99.54%
  54  DE126|Cluster-48081.0__TRINITY_DN66230_c0_g1_i1.p1               0.00%    passed    100.00%
  55  DE681|Cluster-56671.0__TRINITY_DN7646_c0_g1_i3.p1               47.33%    passed     99.59%
  56  DE680|Cluster-8101.0__TRINITY_DN10600_c0_g1_i1.p1                0.00%    passed    100.00%
  57  DE162|Cluster-38549.0__TRINITY_DN10216_c0_g1_i2.p1               0.00%    passed    100.00%
  58  DE704-purple|Cluster-54205.0__TRINITY_DN15405_c0_g1_i1.p1        0.00%    passed    100.00%
  59  DE704-white|Cluster-69653.0__TRINITY_DN10167_c0_g1_i3.p1         0.00%    passed    100.00%
  60  DE127|Cluster-34296.0__TRINITY_DN7215_c0_g1_i4.p1               48.12%    passed    100.00%
  61  DE563|Cluster-48415.0__TRINITY_DN26797_c0_g1_i2.p1              48.12%    passed    100.00%
  62  DE216|Cluster-18746.0__TRINITY_DN8912_c0_g1_i13.p1               0.20%    passed    100.00%
WARNING: 4 sequences contain more than 50% gaps/ambiguity
****  TOTAL                                                           25.92%  0 sequences failed composition chi2 test (p-value<5%; df=60)
Reading input tree file tmp.csubst.nwk ... rooted tree

NOTE: 63 MB RAM (0 GB) is required!
Measuring multi-threading efficiency up to 1 CPU cores
2 trees examined
Threads: 1 / Time: 4.165 sec / Speedup: 1.000 / Efficiency: 100% / LogL: -13788
BEST NUMBER OF THREADS: 1

Estimate model parameters (epsilon = 0.010)
1. Initial log-likelihood: -13557.856
2. Current log-likelihood: -10813.065
3. Current log-likelihood: -10803.440
4. Current log-likelihood: -10754.786
5. Current log-likelihood: -10753.925
6. Current log-likelihood: -10747.903
7. Current log-likelihood: -10747.749
8. Current log-likelihood: -10747.732
Optimal log-likelihood: -10747.729
Nonsynonymous/synonymous ratio (omega): 1.000
Transition/transversion ratio (kappa): 1.000
Site proportion and rates:  (0.473,0.236) (0.390,0.803) (0.113,2.948) (0.024,10.226)
Parameters optimization took 8 rounds (83.560 sec)
Wrote distance file to... 
BEST SCORE FOUND : -10747.729
Ancestral state probabilities printed to /mnt/data0/yue/2026-03-11-protein-convergence/results/OG_10742/csubst_w_s/csubst_input_alignment.fa.state
Empirical proportions for each category: 0.505 0.370 0.101 0.024
Site rates printed to /mnt/data0/yue/2026-03-11-protein-convergence/results/OG_10742/csubst_w_s/csubst_input_alignment.fa.rate
Total tree length: 5.640

Total number of iterations: 0
CPU time used for tree search: 0.000 sec (0h:0m:0s)
Wall-clock time used for tree search: 0.000 sec (0h:0m:0s)
Total CPU time used: 89.279 sec (0h:1m:29s)
Total wall-clock time used: 89.470 sec (0h:1m:29s)

Analysis results written to: 
  IQ-TREE report:                /mnt/data0/yue/2026-03-11-protein-convergence/results/OG_10742/csubst_w_s/csubst_input_alignment.fa.iqtree
  Maximum-likelihood tree:       /mnt/data0/yue/2026-03-11-protein-convergence/results/OG_10742/csubst_w_s/csubst_input_alignment.fa.treefile
  Site-specific rates:           /mnt/data0/yue/2026-03-11-protein-convergence/results/OG_10742/csubst_w_s/csubst_input_alignment.fa.rate
  Ancestral state:               /mnt/data0/yue/2026-03-11-protein-convergence/results/OG_10742/csubst_w_s/csubst_input_alignment.fa.state
  Screen log file:               /mnt/data0/yue/2026-03-11-protein-convergence/results/OG_10742/csubst_w_s/csubst_input_alignment.fa.log

Date and Time: Thu Mar 26 21:22:32 2026
