IQ-TREE multicore version 2.4.0 for Linux x86 64-bit built Feb 12 2025
Developed by Bui Quang Minh, Nguyen Lam Tung, Olga Chernomor, Heiko Schmidt,
Dominik Schrempf, Michael Woodhams, Ly Trong Nhan, Thomas Wong

Host:    brain (AVX2, FMA3, 2015 GB RAM)
Command: /home/yue/miniconda3/envs/py39/bin/iqtree -s /mnt/data0/yue/2026-03-11-protein-convergence/results/OG_10989/csubst_w_s/csubst_input_alignment.fa -te tmp.csubst.nwk -m ECMK07+F+R4 --seqtype CODON1 --threads-max 1 -T AUTO --ancestral --rate --redo
Seed:    126042 (Using SPRNG - Scalable Parallel Random Number Generator)
Time:    Thu Mar 26 21:41:37 2026
Kernel:  AVX+FMA - auto-detect threads (128 CPU cores detected)

Reading alignment file /mnt/data0/yue/2026-03-11-protein-convergence/results/OG_10989/csubst_w_s/csubst_input_alignment.fa ... Fasta format detected
Reading fasta file: done in 0.00188172 secs using 33.27% CPU
Alignment most likely contains DNA/RNA sequences
Converting to codon sequences with genetic code 1 ...
WARNING: 1 sites contain only gaps or ambiguous characters.
Alignment has 63 sequences with 597 columns, 559 distinct patterns
362 parsimony-informative, 113 singleton sites, 121 constant sites
                                                               Gap/Ambiguity  Composition  p-value
Analyzing sequences: done in 8.61883e-05 secs
   1  DE575|Cluster-58416.0__TRINITY_DN8971_c0_g2_i2.p1               38.69%    passed     99.99%
   2  DE69|Cluster-50390.0__TRINITY_DN5694_c0_g1_i3.p1                37.35%    passed     99.96%
   3  DE741|Cluster-54114.0__TRINITY_DN427_c0_g1_i4.p1                46.57%    passed     97.52%
   4  SRR3407096|Cluster-3715.0__TRINITY_DN2566_c0_g2_i1.p1            0.17%    passed    100.00%
   5  SRR3407087|Cluster-39875.0__TRINITY_DN9413_c0_g1_i2.p1          29.15%    passed     75.89%
   6  SRR3407092|Cluster-22766.0__TRINITY_DN8275_c0_g1_i1.p1           0.17%    passed    100.00%
   7  SRR3407093|Cluster-7077.0__TRINITY_DN3395_c0_g1_i1.p1            0.17%    passed    100.00%
   8  DE563|Cluster-47321.0__TRINITY_DN106_c0_g5_i1.p1                 0.84%    passed    100.00%
   9  DE162|Cluster-32064.0__TRINITY_DN2506_c1_g1_i2.p1                1.01%    passed     98.98%
  10  DE507|Cluster-68714.0__TRINITY_DN2649_c0_g1_i1.p1               44.05%    failed      0.27%
  11  DE510|Cluster-15944.0__TRINITY_DN15794_c0_g1_i4.p1              38.36%    passed     99.90%
  12  DE560|Cluster-48150.1__TRINITY_DN8213_c0_g3_i4.p1               37.69%    passed     99.41%
  13  DRR082660|Cluster-36346.0__TRINITY_DN4110_c2_g1_i1.p1            1.01%    passed    100.00%
  14  DE88|Cluster-39693.2__TRINITY_DN7489_c0_g1_i34.p1               12.23%    passed     93.00%
  15  JJ130|Cluster-46874.0__TRINITY_DN7133_c0_g1_i4.p1                1.17%    passed     99.69%
  16  DE115|Cluster-57198.0__TRINITY_DN1184_c0_g1_i1.p1               39.70%    passed     99.97%
  17  DE546_urceolata_l|Cluster-15154.0__TRINITY_DN1655_c0_g2_i3.p1    0.84%    passed    100.00%
  18  JJ86|Cluster-48822.0__TRINITY_DN3024_c0_g1_i2.p1                39.20%    passed     99.96%
  19  DE126|Cluster-36822.0__TRINITY_DN4138_c0_g1_i5.p1                0.50%    passed    100.00%
  20  DE554|Cluster-8168.0__TRINITY_DN6985_c0_g1_i2.p1                39.03%    passed     99.32%
  21  DE528|Cluster-50039.0__TRINITY_DN4620_c0_g1_i10.p1              45.73%    passed     92.28%
  22  DE704-white|Cluster-59224.0__TRINITY_DN6071_c0_g1_i3.p1         38.86%    passed     99.99%
  23  DE623|Cluster-44894.17__TRINITY_DN2366_c0_g1_i6.p1              45.06%    passed     99.80%
  24  DE229|Cluster-52459.1__TRINITY_DN2982_c2_g2_i1.p1                0.17%    passed    100.00%
  25  JJ74|Cluster-96133.2__TRINITY_DN8379_c0_g1_i1.p1                39.53%    passed    100.00%
  26  DE519|Cluster-58635.0__TRINITY_DN37_c0_g3_i2.p1                 38.36%    passed     99.98%
  27  DE181|Cluster-30786.0__TRINITY_DN2078_c1_g1_i2.p1               50.42%    passed     99.93%
  28  SRR3407086|Cluster-25344.0__TRINITY_DN3427_c0_g1_i2.p1           0.17%    passed    100.00%
  29  SRR3424066|Cluster-32674.0__TRINITY_DN9690_c0_g1_i1.p1           0.17%    passed    100.00%
  30  SRR3407088|Cluster-1099.0__TRINITY_DN6797_c0_g1_i1.p1            0.17%    passed     99.98%
  31  DE561|Cluster-26645.0__TRINITY_DN18417_c1_g1_i2.p1              37.69%    passed     99.94%
  32  DE505|Cluster-38006.0__TRINITY_DN8472_c0_g1_i5.p1               38.36%    passed     99.95%
  33  DE523|Cluster-24317.0__TRINITY_DN2972_c0_g2_i3.p1               53.27%    passed     98.90%
  34  SRR3407095|Cluster-50523.116__TRINITY_DN879_c0_g1_i1.p1          0.17%    passed    100.00%
  35  JJ85|Cluster-43139.0__TRINITY_DN10424_c0_g1_i3.p1               38.69%    passed     99.46%
  36  DE216|Cluster-82588.0__TRINITY_DN3956_c0_g1_i1.p1                0.50%    passed    100.00%
  37  DE534|Cluster-11888.0__TRINITY_DN637_c0_g3_i1.p1                 0.67%    passed    100.00%
  38  JJ131|Cluster-18196.0__TRINITY_DN12646_c0_g1_i3.p1               3.35%    passed     64.98%
  39  JJ99|Cluster-51533.0__TRINITY_DN2024_c0_g1_i2.p1                 1.01%    passed    100.00%
  40  DE680|Cluster-53145.0__TRINITY_DN3979_c0_g1_i5.p1                0.34%    passed    100.00%
  41  DE681|Cluster-34644.0__TRINITY_DN2033_c0_g2_i1.p1                0.50%    passed    100.00%
  42  DE765|Cluster-43468.0__TRINITY_DN4771_c0_g2_i3.p1                0.50%    passed    100.00%
  43  JJ15|Cluster-62130.0__TRINITY_DN6904_c0_g2_i1.p1                 0.50%    passed     99.99%
  44  DE542|Cluster-27382.0__TRINITY_DN19550_c0_g1_i3.p1               0.50%    passed    100.00%
  45  DE127|Cluster-44380.0__TRINITY_DN4519_c0_g1_i1.p1                0.84%    passed    100.00%
  46  DE666|Cluster-24891.0__TRINITY_DN2431_c0_g1_i2.p1                0.84%    passed    100.00%
  47  DE151|Cluster-29813.1__TRINITY_DN2033_c0_g1_i7.p1               38.86%    passed    100.00%
  48  DE189|Cluster-43063.0__TRINITY_DN19383_c0_g1_i1.p1              38.86%    passed     99.97%
  49  DE173|Cluster-6641.0__TRINITY_DN69_c2_g1_i2.p1                   0.34%    passed     99.81%
  50  DE509|Cluster-37316.0__TRINITY_DN15256_c0_g3_i2.p1              46.73%    passed     98.75%
  51  DE736|Cluster-43286.0__TRINITY_DN2407_c0_g1_i2.p1               46.73%    passed     97.27%
  52  DE764|Cluster-30586.0__TRINITY_DN7755_c0_g3_i3.p1               38.86%    passed    100.00%
  53  DE549|Cluster-39888.0__TRINITY_DN2_c1_g1_i3.p1                  38.53%    passed     99.99%
  54  DE164|Cluster-53402.0__TRINITY_DN4737_c0_g1_i1.p1               38.86%    passed    100.00%
  55  DE643|Cluster-75666.1__TRINITY_DN3864_c0_g2_i1.p1               38.86%    passed     99.91%
  56  DE671|Cluster-52327.0__TRINITY_DN1466_c0_g1_i1.p1               46.73%    passed     99.30%
  57  DE737|Cluster-56067.0__TRINITY_DN6434_c0_g1_i2.p1               38.86%    passed     99.99%
  58  DE531|Cluster-21065.0__TRINITY_DN1278_c1_g1_i2.p1               39.03%    passed    100.00%
  59  DE696-dots|Cluster-57509.0__TRINITY_DN14826_c0_g1_i3.p1         39.03%    passed    100.00%
  60  DE696-nodots|Cluster-53192.0__TRINITY_DN99_c0_g2_i2.p1          39.03%    passed    100.00%
  61  JJ89|Cluster-30587.0__TRINITY_DN4271_c0_g2_i3.p1                 0.34%    passed    100.00%
  62  DE476|Cluster-50827.0__TRINITY_DN8365_c1_g1_i3.p1                0.67%    passed    100.00%
  63  DE541|Cluster-38852.0__TRINITY_DN41_c6_g1_i4.p1                  0.67%    passed    100.00%
WARNING: 2 sequences contain more than 50% gaps/ambiguity
****  TOTAL                                                           21.83%  1 sequences failed composition chi2 test (p-value<5%; df=60)
Reading input tree file tmp.csubst.nwk ... rooted tree

NOTE: 73 MB RAM (0 GB) is required!
Measuring multi-threading efficiency up to 1 CPU cores
2 trees examined
Threads: 1 / Time: 3.898 sec / Speedup: 1.000 / Efficiency: 100% / LogL: -23683
BEST NUMBER OF THREADS: 1

Estimate model parameters (epsilon = 0.010)
1. Initial log-likelihood: -19237.210
2. Current log-likelihood: -15098.368
3. Current log-likelihood: -15097.891
4. Current log-likelihood: -15097.811
5. Current log-likelihood: -15097.791
Optimal log-likelihood: -15097.785
Nonsynonymous/synonymous ratio (omega): 1.000
Transition/transversion ratio (kappa): 1.000
Site proportion and rates:  (0.597,0.412) (0.255,1.412) (0.130,2.363) (0.018,4.858)
Parameters optimization took 5 rounds (66.908 sec)
Wrote distance file to... 
BEST SCORE FOUND : -15097.785
Ancestral state probabilities printed to /mnt/data0/yue/2026-03-11-protein-convergence/results/OG_10989/csubst_w_s/csubst_input_alignment.fa.state
Empirical proportions for each category: 0.621 0.263 0.106 0.010
Site rates printed to /mnt/data0/yue/2026-03-11-protein-convergence/results/OG_10989/csubst_w_s/csubst_input_alignment.fa.rate
Total tree length: 5.043

Total number of iterations: 0
CPU time used for tree search: 0.000 sec (0h:0m:0s)
Wall-clock time used for tree search: 0.000 sec (0h:0m:0s)
Total CPU time used: 73.211 sec (0h:1m:13s)
Total wall-clock time used: 73.498 sec (0h:1m:13s)

Analysis results written to: 
  IQ-TREE report:                /mnt/data0/yue/2026-03-11-protein-convergence/results/OG_10989/csubst_w_s/csubst_input_alignment.fa.iqtree
  Maximum-likelihood tree:       /mnt/data0/yue/2026-03-11-protein-convergence/results/OG_10989/csubst_w_s/csubst_input_alignment.fa.treefile
  Site-specific rates:           /mnt/data0/yue/2026-03-11-protein-convergence/results/OG_10989/csubst_w_s/csubst_input_alignment.fa.rate
  Ancestral state:               /mnt/data0/yue/2026-03-11-protein-convergence/results/OG_10989/csubst_w_s/csubst_input_alignment.fa.state
  Screen log file:               /mnt/data0/yue/2026-03-11-protein-convergence/results/OG_10989/csubst_w_s/csubst_input_alignment.fa.log

Date and Time: Thu Mar 26 21:42:50 2026
