IQ-TREE multicore version 2.4.0 for Linux x86 64-bit built Feb 12 2025
Developed by Bui Quang Minh, Nguyen Lam Tung, Olga Chernomor, Heiko Schmidt,
Dominik Schrempf, Michael Woodhams, Ly Trong Nhan, Thomas Wong

Host:    brain (AVX2, FMA3, 2015 GB RAM)
Command: /home/yue/miniconda3/envs/py39/bin/iqtree -s /mnt/data0/yue/2026-03-11-protein-convergence/results/OG_11392/csubst_w_s/csubst_input_alignment.fa -te tmp.csubst.nwk -m ECMK07+F+R4 --seqtype CODON1 --threads-max 1 -T AUTO --ancestral --rate --redo
Seed:    688310 (Using SPRNG - Scalable Parallel Random Number Generator)
Time:    Thu Mar 26 22:15:27 2026
Kernel:  AVX+FMA - auto-detect threads (128 CPU cores detected)

Reading alignment file /mnt/data0/yue/2026-03-11-protein-convergence/results/OG_11392/csubst_w_s/csubst_input_alignment.fa ... Fasta format detected
Reading fasta file: done in 0.00125834 secs
Alignment most likely contains DNA/RNA sequences
Converting to codon sequences with genetic code 1 ...
Alignment has 59 sequences with 425 columns, 380 distinct patterns
171 parsimony-informative, 100 singleton sites, 154 constant sites
                                                               Gap/Ambiguity  Composition  p-value
Analyzing sequences: done in 5.46724e-05 secs using 98.77% CPU
   1  DE668|Cluster-30677.0__TRINITY_DN3446_c1_g1_i3.p1               14.59%    passed    100.00%
   2  DE476|Cluster-37399.0__TRINITY_DN4057_c0_g1_i18.p1               0.00%    passed    100.00%
   3  DE127|Cluster-33364.0__TRINITY_DN12477_c0_g1_i1.p1               0.00%    passed    100.00%
   4  DE216|Cluster-28678.0__TRINITY_DN413_c0_g1_i2.p1                 0.00%    passed    100.00%
   5  DE534|Cluster-61742.0__TRINITY_DN2529_c1_g1_i33.p1               0.00%    passed    100.00%
   6  JJ15|Cluster-67909.0__TRINITY_DN1761_c0_g1_i1.p1                 0.00%    passed    100.00%
   7  DE546_urceolata_l|Cluster-13955.0__TRINITY_DN2432_c0_g3_i3.p1    0.00%    passed    100.00%
   8  DE666|Cluster-38668.0__TRINITY_DN716_c0_g1_i2.p1                 0.00%    passed    100.00%
   9  DE765|Cluster-43087.0__TRINITY_DN1091_c0_g1_i2.p1                0.00%    passed    100.00%
  10  DE623|Cluster-33531.0__TRINITY_DN98_c1_g1_i2.p1                  0.00%    passed    100.00%
  11  DE681|Cluster-59191.0__TRINITY_DN3305_c0_g1_i2.p1               12.00%    passed    100.00%
  12  DE549|Cluster-51586.0__TRINITY_DN1775_c0_g1_i10.p1               0.00%    passed    100.00%
  13  DE164|Cluster-49029.0__TRINITY_DN4672_c1_g1_i5.p1               12.00%    passed    100.00%
  14  DE550|Cluster-37907.0__TRINITY_DN3646_c0_g1_i21.p1              12.00%    passed    100.00%
  15  DE764|Cluster-25978.0__TRINITY_DN205_c1_g1_i3.p1                12.00%    passed    100.00%
  16  JJ130|Cluster-13705.1__TRINITY_DN277_c0_g2_i1.p1                 0.00%    passed    100.00%
  17  DE509|Cluster-47302.0__TRINITY_DN4664_c0_g1_i3.p1               12.00%    passed    100.00%
  18  DE173|Cluster-47695.0__TRINITY_DN1193_c2_g1_i2.p1                0.00%    passed    100.00%
  19  DE696-dots|Cluster-46567.0__TRINITY_DN2488_c0_g1_i21.p1         59.06%    passed     98.39%
  20  JJ89|Cluster-32643.4__TRINITY_DN6179_c0_g1_i82.p1                0.24%    passed    100.00%
  21  DE189|Cluster-25431.0__TRINITY_DN1315_c0_g1_i6.p1               45.41%    passed     99.87%
  22  DRR082660|Cluster-21117.0__TRINITY_DN6635_c0_g1_i1.p1            0.00%    passed    100.00%
  23  DE536|Cluster-39798.0__TRINITY_DN3493_c0_g1_i7.p1               12.00%    passed    100.00%
  24  DE152|Cluster-30019.1__TRINITY_DN12208_c0_g1_i7.p1              56.71%    passed     99.03%
  25  DE162|Cluster-12648.0__TRINITY_DN3863_c0_g1_i5.p1                0.00%    passed    100.00%
  26  DE704-white|Cluster-4967.0__TRINITY_DN913_c0_g1_i3.p1            0.00%    passed    100.00%
  27  DE528|Cluster-27055.0__TRINITY_DN867_c0_g1_i2.p1                 0.00%    passed    100.00%
  28  JJ99|Cluster-47751.0__TRINITY_DN2938_c0_g1_i2.p1                 0.00%    passed    100.00%
  29  DE181|Cluster-49337.0__TRINITY_DN4996_c0_g1_i4.p1               16.24%    passed    100.00%
  30  DE503|Cluster-25362.0__TRINITY_DN1242_c0_g1_i2.p1               16.24%    passed    100.00%
  31  SRR3424066|Cluster-35755.0__TRINITY_DN5246_c0_g1_i1.p1           0.00%    passed    100.00%
  32  DE505|Cluster-49677.0__TRINITY_DN1058_c0_g1_i1.p1                0.00%    passed    100.00%
  33  DE561|Cluster-25046.0__TRINITY_DN1123_c0_g1_i1.p1                0.00%    passed    100.00%
  34  SRR3407086|Cluster-17487.0__TRINITY_DN3571_c0_g1_i1.p1           0.00%    passed    100.00%
  35  SRR3407087|Cluster-11837.0__TRINITY_DN1652_c1_g1_i1.p1           0.00%    passed    100.00%
  36  SRR3407092|Cluster-26791.0__TRINITY_DN3332_c0_g1_i1.p1           0.00%    passed    100.00%
  37  SRR3407093|Cluster-39371.0__TRINITY_DN4631_c0_g1_i1.p1           0.00%    passed    100.00%
  38  SRR3407094|Cluster-1148.0__TRINITY_DN9739_c0_g1_i1.p1            0.00%    passed    100.00%
  39  SRR3407096|Cluster-28837.0__TRINITY_DN4645_c0_g1_i1.p1           0.00%    passed    100.00%
  40  DE510|Cluster-45529.0__TRINITY_DN1619_c0_g1_i2.p1               41.65%    passed    100.00%
  41  DE69|Cluster-23096.0__TRINITY_DN3329_c1_g1_i5.p1                 0.00%    passed    100.00%
  42  SRR3407095|Cluster-47210.0__TRINITY_DN3149_c0_g1_i1.p1           0.00%    passed    100.00%
  43  DRR234970|Cluster-19831.0__TRINITY_DN50494_c0_g1_i1.p1           0.00%    passed    100.00%
  44  DE542|Cluster-47910.0__TRINITY_DN1199_c0_g1_i3.p1                0.00%    passed    100.00%
  45  JJ131|Cluster-41038.0__TRINITY_DN5535_c1_g1_i10.p1              28.00%    passed    100.00%
  46  JJ74|Cluster-123840.0__TRINITY_DN1835_c3_g1_i1.p1                0.00%    passed    100.00%
  47  JJ125|Cluster-33542.0__TRINITY_DN7742_c2_g1_i1.p1                0.00%    passed    100.00%
  48  DE741|Cluster-52633.0__TRINITY_DN1356_c0_g2_i1.p1                0.00%    passed    100.00%
  49  DE519|Cluster-70334.0__TRINITY_DN887_c5_g1_i1.p1                 0.00%    passed    100.00%
  50  DE531|Cluster-55272.0__TRINITY_DN312_c0_g1_i4.p1                 0.00%    passed    100.00%
  51  DE643|Cluster-83593.2__TRINITY_DN6991_c0_g1_i16.p1              28.00%    passed    100.00%
  52  DE671|Cluster-21309.163__TRINITY_DN2445_c0_g2_i4.p1             28.00%    passed    100.00%
  53  DE696-nodots|Cluster-32112.1__TRINITY_DN301_c1_g1_i3.p1          0.00%    passed    100.00%
  54  JJ36|Cluster-36020.4__TRINITY_DN1902_c0_g1_i9.p1                 0.00%    passed    100.00%
  55  DE541|Cluster-54141.1__TRINITY_DN1542_c0_g1_i1.p1                0.00%    passed    100.00%
  56  DE672|Cluster-26908.1__TRINITY_DN941_c1_g1_i1.p1                28.00%    passed    100.00%
  57  JJ85|Cluster-22377.0__TRINITY_DN1075_c0_g1_i1.p1                 0.00%    passed    100.00%
  58  DE229|Cluster-89454.0__TRINITY_DN11770_c0_g1_i16.p1             28.00%    passed    100.00%
  59  JJ109|Cluster-46820.0__TRINITY_DN1435_c1_g1_i4.p1               28.00%    passed    100.00%
WARNING: 2 sequences contain more than 50% gaps/ambiguity
****  TOTAL                                                            8.31%  0 sequences failed composition chi2 test (p-value<5%; df=60)
Reading input tree file tmp.csubst.nwk ... rooted tree

NOTE: 49 MB RAM (0 GB) is required!
Measuring multi-threading efficiency up to 1 CPU cores
2 trees examined
Threads: 1 / Time: 2.494 sec / Speedup: 1.000 / Efficiency: 100% / LogL: -8076
BEST NUMBER OF THREADS: 1

Estimate model parameters (epsilon = 0.010)
1. Initial log-likelihood: -9654.039
2. Current log-likelihood: -5792.438
3. Current log-likelihood: -5792.131
4. Current log-likelihood: -5791.788
5. Current log-likelihood: -5791.301
6. Current log-likelihood: -5781.343
7. Current log-likelihood: -5781.111
8. Current log-likelihood: -5780.776
9. Current log-likelihood: -5780.305
10. Current log-likelihood: -5774.941
11. Current log-likelihood: -5774.543
12. Current log-likelihood: -5774.052
13. Current log-likelihood: -5762.183
14. Current log-likelihood: -5761.670
15. Current log-likelihood: -5759.029
16. Current log-likelihood: -5758.666
17. Current log-likelihood: -5758.420
18. Current log-likelihood: -5758.230
19. Current log-likelihood: -5756.841
20. Current log-likelihood: -5756.649
21. Current log-likelihood: -5756.499
22. Current log-likelihood: -5756.381
23. Current log-likelihood: -5756.291
24. Current log-likelihood: -5756.223
25. Current log-likelihood: -5756.174
26. Current log-likelihood: -5756.140
27. Current log-likelihood: -5756.116
28. Current log-likelihood: -5756.098
29. Current log-likelihood: -5756.086
Optimal log-likelihood: -5756.078
Nonsynonymous/synonymous ratio (omega): 1.000
Transition/transversion ratio (kappa): 1.000
Site proportion and rates:  (0.360,0.237) (0.484,0.846) (0.146,2.890) (0.010,8.440)
Parameters optimization took 29 rounds (232.654 sec)
Wrote distance file to... 
BEST SCORE FOUND : -5756.078
Ancestral state probabilities printed to /mnt/data0/yue/2026-03-11-protein-convergence/results/OG_11392/csubst_w_s/csubst_input_alignment.fa.state
Empirical proportions for each category: 0.376 0.496 0.120 0.007
Site rates printed to /mnt/data0/yue/2026-03-11-protein-convergence/results/OG_11392/csubst_w_s/csubst_input_alignment.fa.rate
Total tree length: 1.843

Total number of iterations: 0
CPU time used for tree search: 0.000 sec (0h:0m:0s)
Wall-clock time used for tree search: 0.000 sec (0h:0m:0s)
Total CPU time used: 236.489 sec (0h:3m:56s)
Total wall-clock time used: 236.700 sec (0h:3m:56s)

Analysis results written to: 
  IQ-TREE report:                /mnt/data0/yue/2026-03-11-protein-convergence/results/OG_11392/csubst_w_s/csubst_input_alignment.fa.iqtree
  Maximum-likelihood tree:       /mnt/data0/yue/2026-03-11-protein-convergence/results/OG_11392/csubst_w_s/csubst_input_alignment.fa.treefile
  Site-specific rates:           /mnt/data0/yue/2026-03-11-protein-convergence/results/OG_11392/csubst_w_s/csubst_input_alignment.fa.rate
  Ancestral state:               /mnt/data0/yue/2026-03-11-protein-convergence/results/OG_11392/csubst_w_s/csubst_input_alignment.fa.state
  Screen log file:               /mnt/data0/yue/2026-03-11-protein-convergence/results/OG_11392/csubst_w_s/csubst_input_alignment.fa.log

Date and Time: Thu Mar 26 22:19:24 2026
