IQ-TREE multicore version 2.4.0 for Linux x86 64-bit built Feb 12 2025
Developed by Bui Quang Minh, Nguyen Lam Tung, Olga Chernomor, Heiko Schmidt,
Dominik Schrempf, Michael Woodhams, Ly Trong Nhan, Thomas Wong

Host:    brain (AVX2, FMA3, 2015 GB RAM)
Command: /home/yue/miniconda3/envs/py39/bin/iqtree -s /mnt/data0/yue/2026-03-11-protein-convergence/results/OG_8982/csubst_w_s/csubst_input_alignment.fa -te tmp.csubst.nwk -m ECMK07+F+R4 --seqtype CODON1 --threads-max 1 -T AUTO --ancestral --rate --redo
Seed:    978725 (Using SPRNG - Scalable Parallel Random Number Generator)
Time:    Sat Mar 28 04:48:54 2026
Kernel:  AVX+FMA - auto-detect threads (128 CPU cores detected)

Reading alignment file /mnt/data0/yue/2026-03-11-protein-convergence/results/OG_8982/csubst_w_s/csubst_input_alignment.fa ... Fasta format detected
Reading fasta file: done in 0.00570136 secs using 97.73% CPU
Alignment most likely contains DNA/RNA sequences
Converting to codon sequences with genetic code 1 ...
Alignment has 69 sequences with 761 columns, 718 distinct patterns
410 parsimony-informative, 184 singleton sites, 167 constant sites
                                                                Gap/Ambiguity  Composition  p-value
Analyzing sequences: done in 0.000262588 secs
   1  DE765|Cluster-33932.0__TRINITY_DN1279_c1_g1_i4.p1                11.17%    passed    100.00%
   2  DE681|Cluster-52141.0__TRINITY_DN6140_c0_g1_i1.p1                12.35%    passed    100.00%
   3  DE115|Cluster-34623.0__TRINITY_DN7761_c0_g1_i1.p1                26.41%    passed    100.00%
   4  DE546_urceolata_l|Cluster-39752.2__TRINITY_DN35783_c0_g1_i8.p1   26.41%    passed    100.00%
   5  JJ86|Cluster-39783.1__TRINITY_DN4841_c0_g1_i2.p1                  0.00%    passed    100.00%
   6  DE623|Cluster-55342.0__TRINITY_DN37625_c0_g1_i1.p1                0.00%    passed    100.00%
   7  DE162|Cluster-43438.0__TRINITY_DN270_c0_g1_i11.p1                 5.12%    passed    100.00%
   8  DE704-purple|Cluster-59864.0__TRINITY_DN1108_c0_g1_i19.p1        31.01%    passed    100.00%
   9  DE507|Cluster-82793.1__TRINITY_DN4425_c0_g1_i9.p1                 0.00%    passed    100.00%
  10  DE704-white|Cluster-61038.1__TRINITY_DN4451_c0_g1_i15.p1          0.00%    passed    100.00%
  11  DE528|Cluster-35538.3__TRINITY_DN774_c0_g2_i1.p1                  0.00%    passed    100.00%
  12  DE668|Cluster-58939.0__TRINITY_DN8198_c0_g1_i11.p1                0.00%    passed    100.00%
  13  DE151|Cluster-17077.0__TRINITY_DN12995_c0_g1_i2.p1               49.41%    passed     99.99%
  14  DE736|Cluster-21705.0__TRINITY_DN15809_c0_g1_i1.p1                0.00%    passed    100.00%
  15  DE764|Cluster-39203.0__TRINITY_DN17751_c0_g1_i2.p1                0.00%    passed    100.00%
  16  DE173|Cluster-43565.0__TRINITY_DN8564_c0_g1_i2.p1                 0.00%    passed    100.00%
  17  DE696-nodots|Cluster-53433.0__TRINITY_DN4207_c1_g1_i4.p1         26.41%    passed    100.00%
  18  DE189|Cluster-38580.0__TRINITY_DN10217_c0_g1_i9.p1                0.00%    passed    100.00%
  19  DE504|Cluster-21603.0__TRINITY_DN12482_c1_g1_i3.p1               12.09%    passed    100.00%
  20  DE549|Cluster-53722.0__TRINITY_DN10793_c0_g1_i1.p1                0.00%    passed    100.00%
  21  JJ109|Cluster-20058.0__TRINITY_DN19960_c0_g1_i4.p1               20.11%    passed    100.00%
  22  DE88|Cluster-9531.0__TRINITY_DN3098_c0_g1_i3.p1                  19.71%    passed    100.00%
  23  SRR3407095|Cluster-39484.0__TRINITY_DN14085_c0_g1_i1.p1           0.00%    passed    100.00%
  24  DE523|Cluster-51598.0__TRINITY_DN9058_c0_g1_i15.p1               11.56%    passed    100.00%
  25  DE560|Cluster-43432.0__TRINITY_DN9561_c0_g1_i11.p1               20.11%    passed    100.00%
  26  DE476|Cluster-58820.0__TRINITY_DN8090_c0_g2_i3.p1                 0.00%    passed    100.00%
  27  DRR082660|Cluster-43282.0__TRINITY_DN881_c0_g1_i10.p1            40.47%    passed    100.00%
  28  DE216|Cluster-44716.0__TRINITY_DN8454_c0_g1_i6.p1                 5.12%    passed    100.00%
  29  DE542|Cluster-17059.0__TRINITY_DN13344_c0_g1_i1.p1                0.00%    passed    100.00%
  30  JJ131|Cluster-34869.0__TRINITY_DN11706_c0_g1_i6.p1               28.38%    passed    100.00%
  31  DE561|Cluster-34045.0__TRINITY_DN2110_c1_g1_i4.p1                20.11%    passed    100.00%
  32  SRR3424066|Cluster-20323.0__TRINITY_DN3793_c4_g1_i2.p1            0.00%    passed    100.00%
  33  SRR3407096|Cluster-30694.0__TRINITY_DN9037_c0_g1_i3.p1           25.23%    passed    100.00%
  34  JJ125|Cluster-10806.1__TRINITY_DN2138_c0_g2_i8.p1                 0.00%    passed    100.00%
  35  DE575|Cluster-51533.0__TRINITY_DN12148_c0_g1_i8.p1                0.00%    passed    100.00%
  36  DE737|Cluster-42929.0__TRINITY_DN4164_c0_g1_i5.p1                 8.67%    passed    100.00%
  37  DE152|Cluster-51739.0__TRINITY_DN6642_c0_g1_i8.p1                27.73%    passed    100.00%
  38  JJ23|Cluster-8235.0__TRINITY_DN13189_c1_g2_i4.p1                 40.08%    passed     99.29%
  39  DE164|Cluster-59960.0__TRINITY_DN11709_c0_g1_i4.p1                3.02%    passed    100.00%
  40  DE643|Cluster-14068.1__TRINITY_DN11891_c0_g2_i3.p1               41.26%    passed    100.00%
  41  DE505|Cluster-54219.0__TRINITY_DN19561_c0_g1_i9.p1                7.75%    passed    100.00%
  42  DE510|Cluster-41646.0__TRINITY_DN6368_c0_g1_i1.p1                 7.75%    passed    100.00%
  43  SRR5150740|Cluster-33298.0__TRINITY_DN4072_c0_g2_i1.p1            0.00%    passed    100.00%
  44  DE126|Cluster-39462.0__TRINITY_DN38619_c0_g1_i1.p1                8.54%    passed    100.00%
  45  DE127|Cluster-30541.0__TRINITY_DN38361_c0_g1_i1.p1               33.51%    passed    100.00%
  46  DE554|Cluster-47382.0__TRINITY_DN14954_c0_g1_i1.p1                0.00%    passed    100.00%
  47  DE680|Cluster-34501.0__TRINITY_DN17326_c0_g1_i3.p1                0.00%    passed    100.00%
  48  JJ85|Cluster-15978.0__TRINITY_DN14235_c0_g1_i7.p1                16.16%    passed    100.00%
  49  DE181|Cluster-30639.0__TRINITY_DN10668_c0_g1_i3.p1                0.00%    passed    100.00%
  50  SRR3407086|Cluster-11376.0__TRINITY_DN3105_c0_g1_i1.p1            0.00%    passed    100.00%
  51  SRR3407094|Cluster-10588.0__TRINITY_DN42499_c0_g1_i1.p1          42.18%    passed     99.96%
  52  SRR3407093|Cluster-8713.0__TRINITY_DN15223_c0_g2_i1.p1           42.18%    passed    100.00%
  53  SRR3407088|Cluster-36915.0__TRINITY_DN10437_c0_g2_i1.p1          42.18%    passed    100.00%
  54  DE503|Cluster-49274.0__TRINITY_DN7844_c2_g1_i1.p1                 0.00%    passed    100.00%
  55  DE519|Cluster-70685.0__TRINITY_DN13233_c0_g1_i2.p1                0.00%    passed    100.00%
  56  DE741|Cluster-39658.0__TRINITY_DN7928_c0_g1_i10.p1               19.84%    passed    100.00%
  57  DE536|Cluster-56878.0__TRINITY_DN9965_c0_g1_i1.p1                 0.00%    passed    100.00%
  58  DE566|Cluster-24285.0__TRINITY_DN1948_c0_g1_i7.p1                 0.00%    passed    100.00%
  59  DE531|Cluster-50707.0__TRINITY_DN14774_c0_g1_i1.p1               16.16%    passed    100.00%
  60  DE696-dots|Cluster-45751.0__TRINITY_DN4540_c0_g1_i6.p1            0.00%    passed    100.00%
  61  JJ36|Cluster-14152.0__TRINITY_DN10245_c2_g1_i4.p1                23.00%    passed    100.00%
  62  DE550|Cluster-52758.0__TRINITY_DN2015_c1_g1_i5.p1                 0.00%    passed    100.00%
  63  DE671|Cluster-31316.0__TRINITY_DN8477_c0_g1_i10.p1                0.00%    passed    100.00%
  64  DE672|Cluster-26226.0__TRINITY_DN9177_c0_g1_i3.p1                 0.00%    passed    100.00%
  65  DE541|Cluster-45608.1__TRINITY_DN5034_c2_g1_i8.p1                 0.00%    passed    100.00%
  66  JJ130|Cluster-13970.0__TRINITY_DN61974_c0_g1_i1.p1               33.51%    passed    100.00%
  67  DE534|Cluster-58826.0__TRINITY_DN3740_c0_g1_i7.p1                23.00%    passed    100.00%
  68  JJ15|Cluster-31132.3__TRINITY_DN8247_c0_g2_i15.p1                 0.00%    passed    100.00%
  69  JJ89|Cluster-33198.4__TRINITY_DN14091_c0_g1_i3.p1                46.91%    passed    100.00%
****  TOTAL                                                            12.68%  0 sequences failed composition chi2 test (p-value<5%; df=60)
Reading input tree file tmp.csubst.nwk ... rooted tree

NOTE: 101 MB RAM (0 GB) is required!
Measuring multi-threading efficiency up to 1 CPU cores
2 trees examined
Threads: 1 / Time: 4.741 sec / Speedup: 1.000 / Efficiency: 100% / LogL: -22466
BEST NUMBER OF THREADS: 1

Estimate model parameters (epsilon = 0.010)
1. Initial log-likelihood: -22335.817
2. Current log-likelihood: -15593.847
3. Current log-likelihood: -15568.299
4. Current log-likelihood: -15568.034
5. Current log-likelihood: -15567.819
6. Current log-likelihood: -15567.637
7. Current log-likelihood: -15567.481
8. Current log-likelihood: -15567.350
9. Current log-likelihood: -15567.240
10. Current log-likelihood: -15567.152
11. Current log-likelihood: -15567.083
12. Current log-likelihood: -15567.032
13. Current log-likelihood: -15566.997
14. Current log-likelihood: -15566.973
15. Current log-likelihood: -15566.959
Optimal log-likelihood: -15566.951
Nonsynonymous/synonymous ratio (omega): 1.000
Transition/transversion ratio (kappa): 1.000
Site proportion and rates:  (0.608,0.441) (0.321,1.526) (0.064,3.381) (0.007,3.591)
Parameters optimization took 15 rounds (241.587 sec)
Wrote distance file to... 
BEST SCORE FOUND : -15566.951
Ancestral state probabilities printed to /mnt/data0/yue/2026-03-11-protein-convergence/results/OG_8982/csubst_w_s/csubst_input_alignment.fa.state
Empirical proportions for each category: 0.657 0.288 0.055 0.000
Site rates printed to /mnt/data0/yue/2026-03-11-protein-convergence/results/OG_8982/csubst_w_s/csubst_input_alignment.fa.rate
Total tree length: 3.341

Total number of iterations: 0
CPU time used for tree search: 0.000 sec (0h:0m:0s)
Wall-clock time used for tree search: 0.000 sec (0h:0m:0s)
Total CPU time used: 248.944 sec (0h:4m:8s)
Total wall-clock time used: 249.389 sec (0h:4m:9s)

Analysis results written to: 
  IQ-TREE report:                /mnt/data0/yue/2026-03-11-protein-convergence/results/OG_8982/csubst_w_s/csubst_input_alignment.fa.iqtree
  Maximum-likelihood tree:       /mnt/data0/yue/2026-03-11-protein-convergence/results/OG_8982/csubst_w_s/csubst_input_alignment.fa.treefile
  Site-specific rates:           /mnt/data0/yue/2026-03-11-protein-convergence/results/OG_8982/csubst_w_s/csubst_input_alignment.fa.rate
  Ancestral state:               /mnt/data0/yue/2026-03-11-protein-convergence/results/OG_8982/csubst_w_s/csubst_input_alignment.fa.state
  Screen log file:               /mnt/data0/yue/2026-03-11-protein-convergence/results/OG_8982/csubst_w_s/csubst_input_alignment.fa.log

Date and Time: Sat Mar 28 04:53:04 2026
