IQ-TREE multicore version 2.4.0 for Linux x86 64-bit built Feb 12 2025
Developed by Bui Quang Minh, Nguyen Lam Tung, Olga Chernomor, Heiko Schmidt,
Dominik Schrempf, Michael Woodhams, Ly Trong Nhan, Thomas Wong

Host:    brain (AVX2, FMA3, 2015 GB RAM)
Command: /home/yue/miniconda3/envs/py39/bin/iqtree -s /mnt/data0/yue/2026-03-11-protein-convergence/results/OG_9752/csubst_w_s/csubst_input_alignment.fa -te tmp.csubst.nwk -m ECMK07+F+R4 --seqtype CODON1 --threads-max 1 -T AUTO --ancestral --rate --redo
Seed:    274464 (Using SPRNG - Scalable Parallel Random Number Generator)
Time:    Sat Mar 28 06:20:29 2026
Kernel:  AVX+FMA - auto-detect threads (128 CPU cores detected)

Reading alignment file /mnt/data0/yue/2026-03-11-protein-convergence/results/OG_9752/csubst_w_s/csubst_input_alignment.fa ... Fasta format detected
Reading fasta file: done in 0.00265265 secs using 72.42% CPU
Alignment most likely contains DNA/RNA sequences
Converting to codon sequences with genetic code 1 ...
Alignment has 66 sequences with 472 columns, 442 distinct patterns
310 parsimony-informative, 87 singleton sites, 75 constant sites
                                                               Gap/Ambiguity  Composition  p-value
Analyzing sequences: done in 0.000123978 secs using 99.21% CPU
   1  DE554|Cluster-16357.0__TRINITY_DN8716_c0_g1_i1.p1               33.05%    passed     10.45%
   2  DE69|Cluster-12064.2__TRINITY_DN17869_c0_g2_i6.p1                0.21%    passed    100.00%
   3  JJ89|Cluster-18850.2__TRINITY_DN5789_c0_g1_i1.p1                 0.00%    passed     99.99%
   4  DE504|Cluster-15177.0__TRINITY_DN2639_c0_g1_i2.p1                0.00%    passed    100.00%
   5  DE88|Cluster-40697.0__TRINITY_DN78611_c0_g1_i3.p1                0.00%    passed     99.99%
   6  DE696-dots|Cluster-53143.0__TRINITY_DN1223_c1_g1_i1.p1           0.00%    passed    100.00%
   7  DE476|Cluster-38228.0__TRINITY_DN7358_c0_g1_i1.p1                0.00%    passed    100.00%
   8  DE531|Cluster-28683.0__TRINITY_DN13258_c0_g1_i1.p1               0.00%    passed     99.92%
   9  JJ36|Cluster-38994.0__TRINITY_DN10607_c0_g1_i1.p1                0.21%    passed     99.81%
  10  DE164|Cluster-44894.0__TRINITY_DN12970_c0_g1_i4.p1              67.16%    passed     87.82%
  11  DE671|Cluster-17899.0__TRINITY_DN5455_c0_g1_i4.p1                0.00%    passed    100.00%
  12  DE643|Cluster-63518.0__TRINITY_DN4487_c3_g1_i1.p1                0.00%    passed    100.00%
  13  DE696-nodots|Cluster-38020.0__TRINITY_DN5270_c0_g1_i4.p1         0.21%    passed     99.99%
  14  DE541|Cluster-29790.0__TRINITY_DN1719_c0_g1_i4.p1                0.00%    passed     98.70%
  15  DE672|Cluster-18979.0__TRINITY_DN14292_c0_g1_i1.p1               0.00%    passed    100.00%
  16  DE737|Cluster-7446.0__TRINITY_DN399_c1_g2_i1.p1                  0.00%    passed     99.99%
  17  DE550|Cluster-14906.0__TRINITY_DN2432_c0_g1_i1.p1                0.00%    passed    100.00%
  18  DE523|Cluster-52727.0__TRINITY_DN7191_c0_g2_i2.p1                0.21%    passed    100.00%
  19  SRR3407095|Cluster-26690.0__TRINITY_DN13529_c0_g1_i1.p1          0.00%    passed    100.00%
  20  DE181|Cluster-26403.0__TRINITY_DN137_c0_g1_i1.p1                 0.21%    passed    100.00%
  21  DE561|Cluster-30300.0__TRINITY_DN4861_c0_g1_i8.p1                0.00%    passed    100.00%
  22  SRR3407086|Cluster-17908.0__TRINITY_DN91297_c0_g1_i1.p1          0.00%    passed    100.00%
  23  SRR3424066|Cluster-24816.0__TRINITY_DN43638_c0_g1_i1.p1          0.00%    passed    100.00%
  24  SRR3407088|Cluster-10551.0__TRINITY_DN3562_c0_g1_i3.p1           0.00%    passed    100.00%
  25  DE510|Cluster-50399.0__TRINITY_DN6551_c0_g1_i5.p1                0.00%    passed    100.00%
  26  SRR3407087|Cluster-35941.0__TRINITY_DN44791_c0_g1_i2.p1          0.00%    passed    100.00%
  27  SRR3407093|Cluster-32666.0__TRINITY_DN36874_c0_g1_i1.p1          0.00%    passed    100.00%
  28  SRR3407092|Cluster-5234.0__TRINITY_DN28451_c0_g1_i1.p1           0.00%    passed    100.00%
  29  SRR3407094|Cluster-39906.0__TRINITY_DN50723_c0_g1_i2.p1          0.00%    passed    100.00%
  30  DE503|Cluster-37563.0__TRINITY_DN10543_c0_g1_i4.p1               0.21%    passed    100.00%
  31  DE505|Cluster-53324.0__TRINITY_DN6550_c0_g1_i5.p1                0.21%    passed    100.00%
  32  SRR3407096|Cluster-21409.0__TRINITY_DN13765_c0_g2_i3.p1          0.00%    passed    100.00%
  33  DE668|Cluster-19738.0__TRINITY_DN11705_c0_g1_i1.p1               0.00%    passed    100.00%
  34  DE546_urceolata_l|Cluster-41964.0__TRINITY_DN1870_c1_g1_i1.p1    0.00%    passed    100.00%
  35  DE560|Cluster-32160.0__TRINITY_DN398_c1_g1_i3.p1                 0.00%    passed    100.00%
  36  DE519|Cluster-65249.0__TRINITY_DN4454_c0_g1_i10.p1               0.00%    passed    100.00%
  37  DE741|Cluster-49217.0__TRINITY_DN4569_c0_g1_i4.p1                0.00%    passed    100.00%
  38  JJ125|Cluster-13972.0__TRINITY_DN32197_c0_g1_i1.p1               0.00%    passed    100.00%
  39  DE229|Cluster-28929.0__TRINITY_DN946_c2_g1_i2.p1                 0.00%    passed    100.00%
  40  JJ23|Cluster-34854.0__TRINITY_DN2708_c0_g1_i1.p1                 0.21%    passed    100.00%
  41  JJ131|Cluster-56924.2__TRINITY_DN5082_c0_g1_i3.p1                2.54%    passed     99.72%
  42  DE509|Cluster-4392.0__TRINITY_DN52892_c0_g1_i1.p1                0.00%    passed    100.00%
  43  DE764|Cluster-25816.0__TRINITY_DN3466_c0_g1_i2.p1                0.21%    passed    100.00%
  44  JJ109|Cluster-4724.0__TRINITY_DN1105_c2_g1_i2.p1                 0.21%    passed    100.00%
  45  DE575|Cluster-24550.0__TRINITY_DN16330_c0_g1_i1.p1               0.00%    passed     99.99%
  46  DE681|Cluster-19769.0__TRINITY_DN1968_c0_g1_i1.p1                0.00%    passed    100.00%
  47  DE765|Cluster-46359.0__TRINITY_DN2856_c0_g1_i2.p1                0.00%    passed    100.00%
  48  DE736|Cluster-60174.0__TRINITY_DN4166_c1_g1_i5.p1                0.21%    passed     99.99%
  49  DE152|Cluster-16217.0__TRINITY_DN218_c1_g2_i1.p1                 0.00%    passed    100.00%
  50  JJ99|Cluster-35667.0__TRINITY_DN206_c2_g1_i1.p1                  0.00%    passed    100.00%
  51  DRR082660|Cluster-15679.0__TRINITY_DN23742_c0_g1_i1.p1          67.16%    passed     22.92%
  52  DE115|Cluster-7451.0__TRINITY_DN44248_c0_g2_i1.p1                0.00%    passed    100.00%
  53  JJ86|Cluster-36372.0__TRINITY_DN14160_c1_g1_i3.p1                0.00%    passed    100.00%
  54  DE126|Cluster-31868.1__TRINITY_DN3825_c0_g4_i1.p1                0.00%    passed    100.00%
  55  DE162|Cluster-45187.0__TRINITY_DN15096_c0_g1_i2.p1               0.21%    passed     99.99%
  56  DE507|Cluster-85216.0__TRINITY_DN8525_c0_g1_i5.p1                0.00%    passed     99.99%
  57  DE528|Cluster-20313.0__TRINITY_DN7822_c0_g1_i1.p1                0.00%    passed     99.98%
  58  DE704-white|Cluster-57095.0__TRINITY_DN25878_c0_g1_i1.p1         0.00%    passed     99.99%
  59  DE623|Cluster-18846.0__TRINITY_DN582_c2_g1_i1.p1                 0.00%    passed    100.00%
  60  DE680|Cluster-35609.0__TRINITY_DN1466_c0_g1_i1.p1                0.00%    passed    100.00%
  61  DE563|Cluster-45126.0__TRINITY_DN4777_c1_g2_i5.p1                0.00%    passed    100.00%
  62  DE566|Cluster-56509.0__TRINITY_DN8500_c0_g1_i2.p1                0.00%    passed     99.78%
  63  DE151|Cluster-53627.0__TRINITY_DN7970_c0_g1_i2.p1                0.00%    passed    100.00%
  64  DE173|Cluster-45197.0__TRINITY_DN8142_c0_g1_i3.p1                0.21%    passed     99.99%
  65  DE189|Cluster-48698.0__TRINITY_DN2640_c0_g1_i2.p1                0.00%    passed    100.00%
  66  JJ130|Cluster-40566.0__TRINITY_DN8412_c0_g1_i2.p1                0.00%    passed    100.00%
WARNING: 2 sequences contain more than 50% gaps/ambiguity
****  TOTAL                                                            2.62%  0 sequences failed composition chi2 test (p-value<5%; df=60)
Reading input tree file tmp.csubst.nwk ... rooted tree

NOTE: 62 MB RAM (0 GB) is required!
Measuring multi-threading efficiency up to 1 CPU cores
2 trees examined
Threads: 1 / Time: 3.168 sec / Speedup: 1.000 / Efficiency: 100% / LogL: -22462
BEST NUMBER OF THREADS: 1

Estimate model parameters (epsilon = 0.010)
1. Initial log-likelihood: -18347.098
2. Current log-likelihood: -14090.676
3. Current log-likelihood: -14068.319
4. Current log-likelihood: -14067.979
5. Current log-likelihood: -14067.827
6. Current log-likelihood: -14067.748
7. Current log-likelihood: -14067.704
8. Current log-likelihood: -14067.677
9. Current log-likelihood: -14067.659
10. Current log-likelihood: -14067.647
Optimal log-likelihood: -14067.639
Nonsynonymous/synonymous ratio (omega): 1.000
Transition/transversion ratio (kappa): 1.000
Site proportion and rates:  (0.516,0.298) (0.285,1.036) (0.111,2.016) (0.088,3.721)
Parameters optimization took 10 rounds (117.502 sec)
Wrote distance file to... 
BEST SCORE FOUND : -14067.639
Ancestral state probabilities printed to /mnt/data0/yue/2026-03-11-protein-convergence/results/OG_9752/csubst_w_s/csubst_input_alignment.fa.state
Empirical proportions for each category: 0.536 0.286 0.089 0.089
Site rates printed to /mnt/data0/yue/2026-03-11-protein-convergence/results/OG_9752/csubst_w_s/csubst_input_alignment.fa.rate
Total tree length: 5.747

Total number of iterations: 0
CPU time used for tree search: 0.000 sec (0h:0m:0s)
Wall-clock time used for tree search: 0.000 sec (0h:0m:0s)
Total CPU time used: 122.779 sec (0h:2m:2s)
Total wall-clock time used: 123.029 sec (0h:2m:3s)

Analysis results written to: 
  IQ-TREE report:                /mnt/data0/yue/2026-03-11-protein-convergence/results/OG_9752/csubst_w_s/csubst_input_alignment.fa.iqtree
  Maximum-likelihood tree:       /mnt/data0/yue/2026-03-11-protein-convergence/results/OG_9752/csubst_w_s/csubst_input_alignment.fa.treefile
  Site-specific rates:           /mnt/data0/yue/2026-03-11-protein-convergence/results/OG_9752/csubst_w_s/csubst_input_alignment.fa.rate
  Ancestral state:               /mnt/data0/yue/2026-03-11-protein-convergence/results/OG_9752/csubst_w_s/csubst_input_alignment.fa.state
  Screen log file:               /mnt/data0/yue/2026-03-11-protein-convergence/results/OG_9752/csubst_w_s/csubst_input_alignment.fa.log

Date and Time: Sat Mar 28 06:22:32 2026
