IQ-TREE multicore version 2.4.0 for Linux x86 64-bit built Feb 12 2025
Developed by Bui Quang Minh, Nguyen Lam Tung, Olga Chernomor, Heiko Schmidt,
Dominik Schrempf, Michael Woodhams, Ly Trong Nhan, Thomas Wong

Host:    brain (AVX2, FMA3, 2015 GB RAM)
Command: /home/yue/miniconda3/envs/py39/bin/iqtree -s /mnt/data0/yue/2026-03-11-protein-convergence/results/OG_2337/csubst_w_s/csubst_input_alignment.fa -te tmp.csubst.nwk -m ECMK07+F+R4 --seqtype CODON1 --threads-max 1 -T AUTO --ancestral --rate --redo
Seed:    632992 (Using SPRNG - Scalable Parallel Random Number Generator)
Time:    Fri Mar 27 04:01:57 2026
Kernel:  AVX+FMA - auto-detect threads (128 CPU cores detected)

Reading alignment file /mnt/data0/yue/2026-03-11-protein-convergence/results/OG_2337/csubst_w_s/csubst_input_alignment.fa ... Fasta format detected
Reading fasta file: done in 0.000737876 secs
Alignment most likely contains DNA/RNA sequences
Converting to codon sequences with genetic code 1 ...
Alignment has 76 sequences with 170 columns, 168 distinct patterns
101 parsimony-informative, 36 singleton sites, 33 constant sites
                                                               Gap/Ambiguity  Composition  p-value
Analyzing sequences: done in 3.3319e-05 secs
   1  DE115|Cluster-49440.0__TRINITY_DN1688_c0_g1_i2.p1                1.76%    passed    100.00%
   2  JJ86|Cluster-54700.0__TRINITY_DN824_c0_g1_i3.p1                  0.59%    passed    100.00%
   3  DE151|Cluster-29303.0__TRINITY_DN12221_c0_g1_i17.p1              2.94%    passed    100.00%
   4  DE549|Cluster-41985.2__TRINITY_DN9413_c0_g1_i8.p1                0.00%    passed    100.00%
   5  DE643|Cluster-84930.0__TRINITY_DN5319_c0_g1_i10.p1               0.00%    passed    100.00%
   6  JJ131|Cluster-67109.0__TRINITY_DN5192_c0_g1_i8.p1               23.53%    passed     99.80%
   7  DE181|Cluster-43034.1__TRINITY_DN2619_c0_g1_i2.p1               25.29%    passed    100.00%
   8  DE561|Cluster-21184.0__TRINITY_DN4303_c0_g1_i3.p1               25.29%    passed    100.00%
   9  DE623|Cluster-29324.0__TRINITY_DN11926_c0_g1_i1.p1               0.00%    passed    100.00%
  10  DE575|Cluster-12180.0__TRINITY_DN7779_c0_g1_i1.p1                0.00%    passed    100.00%
  11  DE765|Cluster-43729.1__TRINITY_DN15837_c0_g1_i25.p1              1.76%    passed     93.29%
  12  DE523|Cluster-49846.3__TRINITY_DN12743_c0_g1_i9.p1              22.35%    passed    100.00%
  13  DE563|Cluster-17852.0__TRINITY_DN4628_c0_g2_i1.p1               22.35%    passed    100.00%
  14  DE681|Cluster-55463.1__TRINITY_DN20049_c0_g1_i12.p1             22.35%    passed    100.00%
  15  DE503|Cluster-59655.0__TRINITY_DN11018_c0_g1_i5.p1               0.00%    passed     10.61%
  16  DE505|Cluster-57349.1__TRINITY_DN14458_c0_g1_i4.p1               0.00%    passed    100.00%
  17  SRR3407087|Cluster-30167.0__TRINITY_DN11881_c0_g1_i1.p1          0.00%    passed    100.00%
  18  SRR3407096|Cluster-7802.0__TRINITY_DN9003_c0_g1_i1.p1            0.00%    passed    100.00%
  19  DE680|Cluster-32154.0__TRINITY_DN9356_c0_g1_i1.p1                0.00%    passed    100.00%
  20  JJ85|Cluster-28826.0__TRINITY_DN12677_c0_g1_i4.p1                0.00%    passed    100.00%
  21  DE737|Cluster-44868.0__TRINITY_DN8395_c0_g1_i3.p1                0.00%    passed    100.00%
  22  DE216|Cluster-64856.0__TRINITY_DN8520_c0_g1_i5.p1                0.00%    passed    100.00%
  23  JJ15|Cluster-48011.0__TRINITY_DN12224_c0_g1_i1.p1                0.00%    passed    100.00%
  24  DE542|Cluster-58510.0__TRINITY_DN6372_c0_g1_i8.p1                0.00%    passed    100.00%
  25  DE536|Cluster-41351.0__TRINITY_DN10920_c1_g1_i1.p1               0.00%    passed    100.00%
  26  DE173|Cluster-32443.0__TRINITY_DN11447_c0_g1_i2.p1               0.00%    passed    100.00%
  27  DE671|Cluster-60099.1__TRINITY_DN17629_c0_g1_i2.p1               0.00%    passed    100.00%
  28  DE696-nodots|Cluster-43455.0__TRINITY_DN10075_c1_g1_i2.p1        0.00%    passed    100.00%
  29  DE164|Cluster-48228.1__TRINITY_DN4538_c1_g1_i11.p1              23.53%    passed    100.00%
  30  DE550|Cluster-3329.0__TRINITY_DN1461_c0_g1_i2.p1                 0.00%    passed    100.00%
  31  DE476|Cluster-46771.0__TRINITY_DN5104_c0_g1_i1.p1                0.00%    passed    100.00%
  32  DE741|Cluster-55507.0__TRINITY_DN7849_c0_g1_i2.p1                0.00%    passed    100.00%
  33  DE519|Cluster-22190.0__TRINITY_DN8498_c0_g1_i7.p1                0.00%    passed    100.00%
  34  DE127|Cluster-28435.0__TRINITY_DN9816_c0_g1_i2.p1                0.00%    passed    100.00%
  35  DE554|Cluster-31834.1__TRINITY_DN9259_c0_g1_i2.p1                0.00%    passed    100.00%
  36  DE704-purple|Cluster-14972.0__TRINITY_DN16117_c0_g1_i3.p1        0.00%    passed    100.00%
  37  DE704-white|Cluster-24686.1__TRINITY_DN7717_c0_g3_i4.p1          0.00%    passed    100.00%
  38  DE152|Cluster-21622.0__TRINITY_DN3764_c0_g1_i4.p1                0.00%    passed    100.00%
  39  DE229|Cluster-54173.0__TRINITY_DN6808_c0_g1_i2.p1                0.00%    passed    100.00%
  40  JJ23|Cluster-34985.0__TRINITY_DN3975_c0_g1_i17.p1                0.00%    passed     42.22%
  41  JJ99|Cluster-40774.0__TRINITY_DN12981_c0_g1_i4.p1                0.00%    passed    100.00%
  42  DE88|Cluster-16625.0__TRINITY_DN5060_c0_g1_i1.p1                32.35%    passed     14.10%
  43  DE531|Cluster-27326.1__TRINITY_DN15184_c0_g2_i4.p1              32.35%    failed      4.63%
  44  DE509|Cluster-23491.0__TRINITY_DN6089_c0_g1_i1.p1                0.00%    passed    100.00%
  45  JJ74|Cluster-115567.0__TRINITY_DN9864_c0_g1_i2.p1                0.59%    passed     98.49%
  46  DE510|Cluster-46438.0__TRINITY_DN9032_c0_g2_i6.p1               25.29%    passed    100.00%
  47  SRR11748982|Cluster-30470.1__TRINITY_DN8395_c0_g1_i18.p1         0.00%    passed     89.84%
  48  SRR3407092|Cluster-35152.0__TRINITY_DN8552_c0_g1_i1.p1           5.88%    passed    100.00%
  49  DE696-dots|Cluster-55769.1__TRINITY_DN11043_c0_g1_i1.p1          0.59%    passed    100.00%
  50  JJ36|Cluster-19415.3__TRINITY_DN2649_c0_g1_i29.p1                0.00%    passed    100.00%
  51  DE736|Cluster-59958.0__TRINITY_DN7208_c0_g1_i19.p1              23.53%    passed     99.96%
  52  JJ130|Cluster-45675.0__TRINITY_DN3858_c0_g1_i11.p1               0.00%    passed    100.00%
  53  SRR5150740|Cluster-58631.0__TRINITY_DN9555_c0_g1_i3.p1           0.00%    passed     20.98%
  54  DRR082660|Cluster-4094.0__TRINITY_DN4871_c0_g1_i1.p1             0.00%    passed    100.00%
  55  JJ89|Cluster-23471.0__TRINITY_DN3187_c0_g1_i4.p1                56.47%    passed     94.04%
  56  DE189|Cluster-28210.0__TRINITY_DN10874_c0_g1_i15.p1             22.94%    passed    100.00%
  57  JJ109|Cluster-37395.0__TRINITY_DN670_c1_g1_i24.p1                0.59%    passed    100.00%
  58  DE541|Cluster-40758.1__TRINITY_DN2749_c1_g1_i3.p1                0.00%    passed    100.00%
  59  DE504|Cluster-42020.1__TRINITY_DN8680_c0_g1_i3.p1                0.00%    passed    100.00%
  60  SRR3407088|Cluster-37806.0__TRINITY_DN4830_c0_g1_i1.p1           0.00%    passed    100.00%
  61  SRR3424066|Cluster-20880.0__TRINITY_DN12927_c0_g1_i2.p1          0.00%    passed    100.00%
  62  SRR3407086|Cluster-19091.0__TRINITY_DN9564_c0_g1_i5.p1           0.00%    passed    100.00%
  63  SRR3407093|Cluster-20003.0__TRINITY_DN8589_c0_g1_i2.p1           0.00%    passed    100.00%
  64  SRR3407094|Cluster-15948.0__TRINITY_DN15033_c0_g1_i3.p1          0.00%    passed    100.00%
  65  DE546_urceolata_l|Cluster-43871.0__TRINITY_DN1798_c0_g1_i2.p1    0.00%    passed    100.00%
  66  DE566|Cluster-46847.2__TRINITY_DN10326_c0_g1_i11.p1              0.00%    passed    100.00%
  67  DE668|Cluster-35681.0__TRINITY_DN5932_c1_g1_i3.p1                0.00%    passed    100.00%
  68  DRR234970|Cluster-44462.0__TRINITY_DN34381_c0_g1_i1.p1          39.41%    passed     99.00%
  69  JJ125|Cluster-33239.0__TRINITY_DN3222_c0_g1_i8.p1               56.47%    passed     99.00%
  70  DE162|Cluster-39521.0__TRINITY_DN8456_c0_g1_i5.p1                0.00%    passed    100.00%
  71  DE528|Cluster-36477.0__TRINITY_DN8778_c0_g1_i3.p1               22.94%    passed    100.00%
  72  DE507|Cluster-73713.1__TRINITY_DN12285_c0_g1_i1.p1               0.00%    passed    100.00%
  73  DE560|Cluster-44591.0__TRINITY_DN4413_c0_g1_i5.p1               56.47%    passed     99.68%
  74  DE69|Cluster-8189.2__TRINITY_DN5955_c0_g1_i9.p1                 56.47%    passed     16.34%
  75  SRR3407095|Cluster-36130.0__TRINITY_DN24450_c0_g1_i1.p1          0.00%    passed    100.00%
  76  DRR082665|Cluster-48696.0__TRINITY_DN25220_c0_g1_i1.p1           0.00%    failed      0.00%
WARNING: 4 sequences contain more than 50% gaps/ambiguity
****  TOTAL                                                            7.95%  2 sequences failed composition chi2 test (p-value<5%; df=60)
WARNING: States(s) CGC, CGG, CGT rarely appear in alignment and may cause numerical problems
Reading input tree file tmp.csubst.nwk ... rooted tree

NOTE: 33 MB RAM (0 GB) is required!
Measuring multi-threading efficiency up to 1 CPU cores
2 trees examined
Threads: 1 / Time: 3.029 sec / Speedup: 1.000 / Efficiency: 100% / LogL: -6276
BEST NUMBER OF THREADS: 1

Estimate model parameters (epsilon = 0.010)
1. Initial log-likelihood: -6784.470
2. Current log-likelihood: -5378.155
3. Current log-likelihood: -5377.682
4. Current log-likelihood: -5377.520
5. Current log-likelihood: -5377.467
6. Current log-likelihood: -5377.452
Optimal log-likelihood: -5377.448
Nonsynonymous/synonymous ratio (omega): 1.000
Transition/transversion ratio (kappa): 1.000
Site proportion and rates:  (0.675,0.287) (0.181,0.960) (0.091,2.522) (0.053,7.583)
Parameters optimization took 6 rounds (40.018 sec)
Wrote distance file to... 
BEST SCORE FOUND : -5377.448
Ancestral state probabilities printed to /mnt/data0/yue/2026-03-11-protein-convergence/results/OG_2337/csubst_w_s/csubst_input_alignment.fa.state
Empirical proportions for each category: 0.700 0.159 0.088 0.053
Site rates printed to /mnt/data0/yue/2026-03-11-protein-convergence/results/OG_2337/csubst_w_s/csubst_input_alignment.fa.rate
Total tree length: 7.584

Total number of iterations: 0
CPU time used for tree search: 0.000 sec (0h:0m:0s)
Wall-clock time used for tree search: 0.000 sec (0h:0m:0s)
Total CPU time used: 44.407 sec (0h:0m:44s)
Total wall-clock time used: 44.595 sec (0h:0m:44s)

Analysis results written to: 
  IQ-TREE report:                /mnt/data0/yue/2026-03-11-protein-convergence/results/OG_2337/csubst_w_s/csubst_input_alignment.fa.iqtree
  Maximum-likelihood tree:       /mnt/data0/yue/2026-03-11-protein-convergence/results/OG_2337/csubst_w_s/csubst_input_alignment.fa.treefile
  Site-specific rates:           /mnt/data0/yue/2026-03-11-protein-convergence/results/OG_2337/csubst_w_s/csubst_input_alignment.fa.rate
  Ancestral state:               /mnt/data0/yue/2026-03-11-protein-convergence/results/OG_2337/csubst_w_s/csubst_input_alignment.fa.state
  Screen log file:               /mnt/data0/yue/2026-03-11-protein-convergence/results/OG_2337/csubst_w_s/csubst_input_alignment.fa.log

Date and Time: Fri Mar 27 04:02:42 2026
