IQ-TREE multicore version 2.4.0 for Linux x86 64-bit built Feb 12 2025
Developed by Bui Quang Minh, Nguyen Lam Tung, Olga Chernomor, Heiko Schmidt,
Dominik Schrempf, Michael Woodhams, Ly Trong Nhan, Thomas Wong

Host:    brain (AVX2, FMA3, 2015 GB RAM)
Command: /home/yue/miniconda3/envs/py39/bin/iqtree -s /mnt/data0/yue/2026-03-11-protein-convergence/results/OG_5997/csubst_w_s/csubst_input_alignment.fa -te tmp.csubst.nwk -m ECMK07+F+R4 --seqtype CODON1 --threads-max 1 -T AUTO --ancestral --rate --redo
Seed:    697445 (Using SPRNG - Scalable Parallel Random Number Generator)
Time:    Fri Mar 27 20:03:51 2026
Kernel:  AVX+FMA - auto-detect threads (128 CPU cores detected)

Reading alignment file /mnt/data0/yue/2026-03-11-protein-convergence/results/OG_5997/csubst_w_s/csubst_input_alignment.fa ... Fasta format detected
Reading fasta file: done in 0.00175734 secs
Alignment most likely contains DNA/RNA sequences
Converting to codon sequences with genetic code 1 ...
Alignment has 79 sequences with 440 columns, 421 distinct patterns
244 parsimony-informative, 118 singleton sites, 78 constant sites
                                                               Gap/Ambiguity  Composition  p-value
Analyzing sequences: done in 9.64403e-05 secs using 98.51% CPU
   1  DE704-purple|Cluster-59050.5__TRINITY_DN26651_c0_g1_i6.p1       32.73%    passed    100.00%
   2  DE704-white|Cluster-32110.0__TRINITY_DN17376_c0_g1_i2.p1        32.73%    passed    100.00%
   3  DE546_urceolata_l|Cluster-32179.0__TRINITY_DN3309_c1_g1_i1.p1   33.41%    passed    100.00%
   4  DE127|Cluster-42069.0__TRINITY_DN4391_c1_g1_i4.p1               20.68%    passed     99.97%
   5  JJ23|Cluster-5386.0__TRINITY_DN5187_c1_g1_i2.p1                  2.95%    passed    100.00%
   6  SRR3407096|Cluster-12458.0__TRINITY_DN2949_c0_g1_i1.p1           0.00%    passed    100.00%
   7  SRR11934227|Cluster-121704.2__TRINITY_DN39001_c0_g1_i5.p1        5.68%    failed      0.12%
   8  DE523|Cluster-18797.0__TRINITY_DN3803_c0_g1_i1.p1                0.00%    passed    100.00%
   9  DE115|Cluster-46112.0__TRINITY_DN597_c0_g3_i2.p1                 1.36%    passed    100.00%
  10  JJ86|Cluster-52322.0__TRINITY_DN4859_c0_g1_i1.p1                 0.00%    passed    100.00%
  11  DE554|Cluster-44998.0__TRINITY_DN17709_c0_g1_i1.p1               0.00%    passed    100.00%
  12  DE162|Cluster-45165.0__TRINITY_DN2396_c0_g1_i1.p1                0.00%    passed    100.00%
  13  DE528|Cluster-44436.0__TRINITY_DN3388_c1_g1_i3.p1                0.00%    passed    100.00%
  14  DE507|Cluster-56469.4__TRINITY_DN8905_c0_g2_i1.p1                0.00%    passed    100.00%
  15  DE623|Cluster-3438.0__TRINITY_DN999_c0_g1_i3.p1                  0.00%    passed    100.00%
  16  DE680|Cluster-40937.0__TRINITY_DN2141_c0_g1_i2.p1                0.00%    passed    100.00%
  17  DE563|Cluster-3597.0__TRINITY_DN5694_c0_g1_i1.p1                 0.00%    passed    100.00%
  18  DE666|Cluster-12284.0__TRINITY_DN4188_c0_g2_i1.p1                0.00%    passed    100.00%
  19  DE575|Cluster-58507.0__TRINITY_DN14485_c0_g1_i3.p1               0.00%    passed    100.00%
  20  DE765|Cluster-35954.7__TRINITY_DN9425_c0_g1_i6.p1                0.00%    passed    100.00%
  21  DE681|Cluster-59456.0__TRINITY_DN273_c1_g1_i3.p1                 0.00%    passed    100.00%
  22  DE643|Cluster-79091.0__TRINITY_DN14261_c0_g1_i2.p1               0.00%    passed    100.00%
  23  DE126|Cluster-33368.0__TRINITY_DN96_c3_g1_i5.p1                  0.00%    passed    100.00%
  24  DE151|Cluster-17195.0__TRINITY_DN12853_c0_g1_i1.p1               0.00%    passed    100.00%
  25  JJ130|Cluster-29105.0__TRINITY_DN3262_c0_g1_i3.p1               43.18%    passed     99.02%
  26  JJ109|Cluster-1532.0__TRINITY_DN1752_c0_g2_i1.p1                 0.00%    passed    100.00%
  27  DE173|Cluster-18849.0__TRINITY_DN6324_c0_g1_i1.p1                0.00%    passed    100.00%
  28  DE189|Cluster-20263.0__TRINITY_DN11136_c0_g2_i1.p1               0.00%    passed    100.00%
  29  DE509|Cluster-30582.0__TRINITY_DN4694_c0_g1_i1.p1                0.00%    passed    100.00%
  30  DE736|Cluster-21685.0__TRINITY_DN7906_c0_g1_i1.p1                0.00%    passed    100.00%
  31  DE764|Cluster-18320.0__TRINITY_DN5465_c0_g1_i1.p1                0.00%    passed    100.00%
  32  DE737|Cluster-46847.0__TRINITY_DN5366_c0_g1_i1.p1                0.00%    passed    100.00%
  33  DE549|Cluster-19025.0__TRINITY_DN1432_c0_g1_i1.p1                0.00%    passed    100.00%
  34  DE531|Cluster-37787.0__TRINITY_DN6439_c0_g1_i3.p1               43.18%    passed     97.71%
  35  DE696-dots|Cluster-57608.0__TRINITY_DN9521_c0_g1_i1.p1           0.00%    passed    100.00%
  36  JJ36|Cluster-23308.0__TRINITY_DN1031_c1_g1_i1.p1                43.18%    passed     97.78%
  37  DE696-nodots|Cluster-21137.0__TRINITY_DN4862_c0_g1_i2.p1         0.00%    passed    100.00%
  38  DE671|Cluster-16843.0__TRINITY_DN5267_c0_g1_i1.p1                0.00%    passed    100.00%
  39  DE164|Cluster-6038.0__TRINITY_DN3230_c2_g1_i1.p1                 0.00%    passed    100.00%
  40  DE550|Cluster-26974.0__TRINITY_DN15547_c0_g1_i1.p1               0.00%    passed    100.00%
  41  DE88|Cluster-26425.0__TRINITY_DN2414_c0_g1_i3.p1                 0.00%    passed    100.00%
  42  DE476|Cluster-17708.0__TRINITY_DN3731_c0_g1_i1.p1                0.00%    passed    100.00%
  43  DE541|Cluster-16427.0__TRINITY_DN4247_c0_g1_i1.p1                0.00%    passed    100.00%
  44  JJ89|Cluster-5792.0__TRINITY_DN11917_c0_g1_i1.p1                 0.00%    passed    100.00%
  45  DE672|Cluster-25921.0__TRINITY_DN121872_c0_g1_i1.p1              0.00%    passed    100.00%
  46  DE181|Cluster-25137.0__TRINITY_DN764_c5_g1_i1.p1                 0.00%    passed    100.00%
  47  SRR3407086|Cluster-24982.0__TRINITY_DN3766_c0_g1_i2.p1           0.00%    passed    100.00%
  48  DE561|Cluster-40538.0__TRINITY_DN10460_c0_g1_i1.p1               0.00%    passed    100.00%
  49  SRR3424066|Cluster-29156.0__TRINITY_DN11211_c0_g1_i1.p1          0.00%    passed    100.00%
  50  SRR3407088|Cluster-711.0__TRINITY_DN50971_c0_g1_i1.p1            0.00%    passed    100.00%
  51  DE503|Cluster-16342.0__TRINITY_DN2323_c1_g1_i2.p1                0.00%    passed    100.00%
  52  DE505|Cluster-14047.0__TRINITY_DN9431_c0_g1_i1.p1                0.00%    passed    100.00%
  53  SRR3407094|Cluster-6071.0__TRINITY_DN4215_c0_g2_i1.p1            0.00%    passed    100.00%
  54  SRR3407093|Cluster-594.0__TRINITY_DN7412_c0_g1_i1.p1             0.00%    passed    100.00%
  55  DE510|Cluster-44291.0__TRINITY_DN42460_c0_g1_i1.p1               0.00%    passed    100.00%
  56  SRR3407087|Cluster-16145.0__TRINITY_DN10551_c1_g1_i1.p1          0.00%    passed    100.00%
  57  SRR3407092|Cluster-2884.0__TRINITY_DN7034_c0_g1_i1.p1            0.00%    passed    100.00%
  58  SRR3407095|Cluster-53450.0__TRINITY_DN4896_c2_g1_i1.p1           0.00%    passed    100.00%
  59  DE69|Cluster-19877.0__TRINITY_DN10938_c0_g1_i1.p1                0.00%    passed    100.00%
  60  DE560|Cluster-48635.0__TRINITY_DN15590_c0_g1_i2.p1               0.00%    passed    100.00%
  61  JJ85|Cluster-16233.0__TRINITY_DN33644_c0_g1_i1.p1                0.00%    passed    100.00%
  62  DE504|Cluster-16357.0__TRINITY_DN5453_c0_g1_i1.p1                0.00%    passed    100.00%
  63  DE519|Cluster-17921.0__TRINITY_DN4296_c0_g1_i1.p1                0.00%    passed    100.00%
  64  DE741|Cluster-39294.1__TRINITY_DN5117_c0_g1_i1.p1                0.00%    passed    100.00%
  65  DRR082660|Cluster-30535.0__TRINITY_DN12010_c0_g1_i1.p1           0.00%    passed    100.00%
  66  DE216|Cluster-77044.0__TRINITY_DN582_c1_g1_i1.p1                34.77%    passed    100.00%
  67  DE542|Cluster-2303.0__TRINITY_DN7939_c0_g1_i1.p1                 0.00%    passed    100.00%
  68  DE534|Cluster-71102.0__TRINITY_DN1663_c0_g1_i8.p1                0.00%    passed    100.00%
  69  JJ15|Cluster-23803.0__TRINITY_DN156_c3_g1_i1.p1                  1.59%    passed    100.00%
  70  JJ125|Cluster-3626.0__TRINITY_DN37440_c0_g1_i1.p1                0.00%    passed    100.00%
  71  DE536|Cluster-32689.0__TRINITY_DN4902_c0_g1_i2.p1                1.14%    passed    100.00%
  72  JJ74|Cluster-60130.0__TRINITY_DN45402_c0_g1_i1.p1               43.41%    passed     99.99%
  73  DE668|Cluster-12392.0__TRINITY_DN5509_c0_g1_i1.p1                0.00%    passed    100.00%
  74  DE229|Cluster-97944.0__TRINITY_DN10410_c0_g1_i2.p1              46.36%    passed     99.15%
  75  DE152|Cluster-17479.0__TRINITY_DN10261_c0_g1_i1.p1               0.00%    passed    100.00%
  76  JJ99|Cluster-45063.0__TRINITY_DN5589_c1_g1_i12.p1                0.00%    passed    100.00%
  77  DE566|Cluster-50425.0__TRINITY_DN20888_c0_g1_i3.p1              43.41%    passed     99.98%
  78  JJ131|Cluster-31522.0__TRINITY_DN7562_c0_g1_i2.p1               43.41%    passed     99.84%
  79  SRR5150740|Cluster-14046.0__TRINITY_DN80272_c0_g1_i1.p1          0.23%    passed     99.50%
****  TOTAL                                                            5.99%  1 sequences failed composition chi2 test (p-value<5%; df=60)
Reading input tree file tmp.csubst.nwk ... rooted tree

NOTE: 72 MB RAM (0 GB) is required!
Measuring multi-threading efficiency up to 1 CPU cores
2 trees examined
Threads: 1 / Time: 3.869 sec / Speedup: 1.000 / Efficiency: 100% / LogL: -14125
BEST NUMBER OF THREADS: 1

Estimate model parameters (epsilon = 0.010)
1. Initial log-likelihood: -14496.264
2. Current log-likelihood: -9332.391
3. Current log-likelihood: -9331.783
4. Current log-likelihood: -9331.451
5. Current log-likelihood: -9331.247
6. Current log-likelihood: -9331.110
7. Current log-likelihood: -9331.012
8. Current log-likelihood: -9330.938
9. Current log-likelihood: -9330.879
10. Current log-likelihood: -9330.832
11. Current log-likelihood: -9330.793
12. Current log-likelihood: -9330.760
13. Current log-likelihood: -9330.731
14. Current log-likelihood: -9330.706
15. Current log-likelihood: -9330.683
16. Current log-likelihood: -9330.661
17. Current log-likelihood: -9330.641
18. Current log-likelihood: -9330.620
19. Current log-likelihood: -9330.600
20. Current log-likelihood: -9330.580
21. Current log-likelihood: -9330.562
22. Current log-likelihood: -9330.544
23. Current log-likelihood: -9330.530
24. Current log-likelihood: -9330.518
Optimal log-likelihood: -9330.509
Nonsynonymous/synonymous ratio (omega): 1.000
Transition/transversion ratio (kappa): 1.000
Site proportion and rates:  (0.604,0.432) (0.311,1.399) (0.019,1.638) (0.065,4.169)
Parameters optimization took 24 rounds (270.696 sec)
Wrote distance file to... 
BEST SCORE FOUND : -9330.509
Ancestral state probabilities printed to /mnt/data0/yue/2026-03-11-protein-convergence/results/OG_5997/csubst_w_s/csubst_input_alignment.fa.state
Empirical proportions for each category: 0.666 0.275 0.000 0.059
Site rates printed to /mnt/data0/yue/2026-03-11-protein-convergence/results/OG_5997/csubst_w_s/csubst_input_alignment.fa.rate
Total tree length: 3.639

Total number of iterations: 0
CPU time used for tree search: 0.000 sec (0h:0m:0s)
Wall-clock time used for tree search: 0.000 sec (0h:0m:0s)
Total CPU time used: 276.066 sec (0h:4m:36s)
Total wall-clock time used: 276.985 sec (0h:4m:36s)

Analysis results written to: 
  IQ-TREE report:                /mnt/data0/yue/2026-03-11-protein-convergence/results/OG_5997/csubst_w_s/csubst_input_alignment.fa.iqtree
  Maximum-likelihood tree:       /mnt/data0/yue/2026-03-11-protein-convergence/results/OG_5997/csubst_w_s/csubst_input_alignment.fa.treefile
  Site-specific rates:           /mnt/data0/yue/2026-03-11-protein-convergence/results/OG_5997/csubst_w_s/csubst_input_alignment.fa.rate
  Ancestral state:               /mnt/data0/yue/2026-03-11-protein-convergence/results/OG_5997/csubst_w_s/csubst_input_alignment.fa.state
  Screen log file:               /mnt/data0/yue/2026-03-11-protein-convergence/results/OG_5997/csubst_w_s/csubst_input_alignment.fa.log

Date and Time: Fri Mar 27 20:08:28 2026
