IQ-TREE multicore version 2.4.0 for Linux x86 64-bit built Feb 12 2025
Developed by Bui Quang Minh, Nguyen Lam Tung, Olga Chernomor, Heiko Schmidt,
Dominik Schrempf, Michael Woodhams, Ly Trong Nhan, Thomas Wong

Host:    brain (AVX2, FMA3, 2015 GB RAM)
Command: /home/yue/miniconda3/envs/py39/bin/iqtree -s /mnt/data0/yue/2026-03-11-protein-convergence/results/OG_11880/csubst_w_s/csubst_input_alignment.fa -te tmp.csubst.nwk -m ECMK07+F+R4 --seqtype CODON1 --threads-max 1 -T AUTO --ancestral --rate --redo
Seed:    76226 (Using SPRNG - Scalable Parallel Random Number Generator)
Time:    Thu Mar 26 22:49:24 2026
Kernel:  AVX+FMA - auto-detect threads (128 CPU cores detected)

Reading alignment file /mnt/data0/yue/2026-03-11-protein-convergence/results/OG_11880/csubst_w_s/csubst_input_alignment.fa ... Fasta format detected
Reading fasta file: done in 0.00182316 secs
Alignment most likely contains DNA/RNA sequences
Converting to codon sequences with genetic code 1 ...
Alignment has 46 sequences with 812 columns, 731 distinct patterns
367 parsimony-informative, 225 singleton sites, 220 constant sites
                                                           Gap/Ambiguity  Composition  p-value
Analyzing sequences: done in 9.19402e-05 secs
   1  DE509|Cluster-40390.1__TRINITY_DN11728_c0_g1_i8.p1           9.61%    passed    100.00%
   2  JJ130|Cluster-29936.0__TRINITY_DN6356_c0_g1_i5.p1           16.13%    passed     99.93%
   3  SRR3407095|Cluster-4542.0__TRINITY_DN10197_c0_g2_i1.p1      53.20%    passed     95.89%
   4  JJ85|Cluster-11290.0__TRINITY_DN11798_c0_g1_i2.p1            0.00%    passed    100.00%
   5  DE534|Cluster-58420.0__TRINITY_DN9326_c0_g1_i3.p1            0.49%    passed    100.00%
   6  SRR3407096|Cluster-26299.1__TRINITY_DN9347_c0_g1_i3.p1      48.52%    passed     81.52%
   7  DE519|Cluster-46603.0__TRINITY_DN32233_c0_g1_i6.p1           0.99%    passed    100.00%
   8  DE741|Cluster-56230.2__TRINITY_DN7860_c0_g1_i17.p1           9.24%    passed    100.00%
   9  JJ109|Cluster-19137.0__TRINITY_DN3092_c0_g1_i3.p1           50.25%    passed     91.49%
  10  DE173|Cluster-10989.0__TRINITY_DN5505_c0_g1_i1.p1            0.12%    passed    100.00%
  11  DE164|Cluster-53779.2__TRINITY_DN4686_c0_g1_i9.p1            1.11%    passed    100.00%
  12  DE541|Cluster-23723.1__TRINITY_DN1857_c1_g1_i3.p1            9.11%    passed    100.00%
  13  DE643|Cluster-45897.0__TRINITY_DN5228_c1_g3_i2.p1            9.48%    passed    100.00%
  14  DE531|Cluster-55898.6__TRINITY_DN3256_c0_g2_i1.p1            7.02%    passed    100.00%
  15  DE536|Cluster-54416.0__TRINITY_DN7343_c0_g1_i3.p1            6.03%    passed    100.00%
  16  DE542|Cluster-10334.0__TRINITY_DN28707_c0_g1_i3.p1           6.77%    passed    100.00%
  17  DE151|Cluster-41909.0__TRINITY_DN7856_c0_g2_i3.p1            0.12%    passed    100.00%
  18  DE476|Cluster-48682.1__TRINITY_DN10199_c0_g1_i6.p1           0.86%    passed    100.00%
  19  DE504|Cluster-53195.1__TRINITY_DN8122_c0_g1_i8.p1            0.12%    passed    100.00%
  20  DE549|Cluster-43562.1__TRINITY_DN9492_c0_g1_i4.p1            0.12%    passed    100.00%
  21  DE88|Cluster-6793.0__TRINITY_DN10680_c0_g1_i2.p1             0.12%    passed    100.00%
  22  DE671|Cluster-42273.0__TRINITY_DN2485_c3_g1_i1.p1            0.12%    passed    100.00%
  23  DE672|Cluster-34873.1__TRINITY_DN4520_c0_g1_i2.p1            0.12%    passed    100.00%
  24  DE737|Cluster-50222.0__TRINITY_DN3026_c0_g1_i10.p1           0.12%    passed    100.00%
  25  DE764|Cluster-35757.0__TRINITY_DN3212_c1_g1_i18.p1           0.12%    passed    100.00%
  26  DE736|Cluster-15386.0__TRINITY_DN7719_c0_g1_i4.p1            0.12%    passed    100.00%
  27  JJ36|Cluster-27347.0__TRINITY_DN1407_c0_g1_i2.p1             0.12%    passed    100.00%
  28  DE696-dots|Cluster-46062.0__TRINITY_DN5623_c0_g1_i14.p1     42.98%    passed     74.99%
  29  DE696-nodots|Cluster-62485.0__TRINITY_DN1957_c0_g1_i17.p1   42.98%    passed     66.50%
  30  JJ125|Cluster-38470.1__TRINITY_DN10596_c0_g1_i28.p1         42.24%    passed     98.52%
  31  DE189|Cluster-44718.1__TRINITY_DN24488_c0_g1_i4.p1          50.25%    passed     88.96%
  32  DE69|Cluster-37029.0__TRINITY_DN6045_c1_g2_i3.p1            53.20%    passed     89.63%
  33  DE181|Cluster-18811.0__TRINITY_DN11739_c0_g1_i1.p1           0.12%    passed    100.00%
  34  DE505|Cluster-22403.1__TRINITY_DN20727_c0_g1_i2.p1           0.12%    passed    100.00%
  35  DE510|Cluster-51706.0__TRINITY_DN7618_c0_g1_i4.p1            0.12%    passed    100.00%
  36  SRR3407087|Cluster-33332.0__TRINITY_DN16100_c0_g1_i1.p1     53.20%    passed     97.83%
  37  SRR3407092|Cluster-30252.0__TRINITY_DN17247_c0_g2_i1.p1     53.20%    passed     96.38%
  38  SRR3407093|Cluster-15025.0__TRINITY_DN11544_c0_g2_i1.p1     53.20%    passed     97.33%
  39  DE561|Cluster-48081.0__TRINITY_DN7731_c0_g1_i1.p1            0.12%    passed    100.00%
  40  DE523|Cluster-29530.0__TRINITY_DN1095_c1_g1_i2.p1            0.12%    passed    100.00%
  41  DE550|Cluster-29727.1__TRINITY_DN3957_c0_g1_i3.p1            0.12%    passed    100.00%
  42  JJ74|Cluster-83971.1__TRINITY_DN81216_c0_g1_i1.p1           50.37%    passed     92.12%
  43  DE216|Cluster-52932.0__TRINITY_DN49419_c0_g1_i2.p1          50.25%    passed     96.30%
  44  JJ15|Cluster-58959.0__TRINITY_DN22131_c0_g1_i1.p1            1.35%    passed    100.00%
  45  DE560|Cluster-33138.0__TRINITY_DN8383_c0_g1_i2.p1           28.69%    passed     99.95%
  46  JJ131|Cluster-31836.0__TRINITY_DN5742_c0_g1_i14.p1          50.25%    passed     68.83%
WARNING: 10 sequences contain more than 50% gaps/ambiguity
****  TOTAL                                                       17.46%  0 sequences failed composition chi2 test (p-value<5%; df=60)
Reading input tree file tmp.csubst.nwk ... rooted tree

NOTE: 68 MB RAM (0 GB) is required!
Measuring multi-threading efficiency up to 1 CPU cores
2 trees examined
Threads: 1 / Time: 3.510 sec / Speedup: 1.000 / Efficiency: 100% / LogL: -20811
BEST NUMBER OF THREADS: 1

Estimate model parameters (epsilon = 0.010)
1. Initial log-likelihood: -20644.111
2. Current log-likelihood: -16160.628
3. Current log-likelihood: -16159.179
4. Current log-likelihood: -16158.459
5. Current log-likelihood: -16158.103
6. Current log-likelihood: -16157.923
7. Current log-likelihood: -16157.824
8. Current log-likelihood: -16157.759
9. Current log-likelihood: -16157.711
10. Current log-likelihood: -16157.672
11. Current log-likelihood: -16157.637
12. Current log-likelihood: -16157.605
13. Current log-likelihood: -16157.576
14. Current log-likelihood: -16157.551
15. Current log-likelihood: -16157.526
16. Current log-likelihood: -16157.503
17. Current log-likelihood: -16157.482
18. Current log-likelihood: -16157.462
19. Current log-likelihood: -16157.443
20. Current log-likelihood: -16157.426
21. Current log-likelihood: -16157.410
22. Current log-likelihood: -16157.395
23. Current log-likelihood: -16157.381
24. Current log-likelihood: -16157.369
25. Current log-likelihood: -16157.357
26. Current log-likelihood: -16157.347
Optimal log-likelihood: -16157.337
Nonsynonymous/synonymous ratio (omega): 1.000
Transition/transversion ratio (kappa): 1.000
Site proportion and rates:  (0.655,0.379) (0.217,1.470) (0.101,2.957) (0.028,4.862)
Parameters optimization took 26 rounds (267.095 sec)
Wrote distance file to... 
BEST SCORE FOUND : -16157.337
Ancestral state probabilities printed to /mnt/data0/yue/2026-03-11-protein-convergence/results/OG_11880/csubst_w_s/csubst_input_alignment.fa.state
Empirical proportions for each category: 0.701 0.195 0.091 0.014
Site rates printed to /mnt/data0/yue/2026-03-11-protein-convergence/results/OG_11880/csubst_w_s/csubst_input_alignment.fa.rate
Total tree length: 3.462

Total number of iterations: 0
CPU time used for tree search: 0.000 sec (0h:0m:0s)
Wall-clock time used for tree search: 0.000 sec (0h:0m:0s)
Total CPU time used: 272.621 sec (0h:4m:32s)
Total wall-clock time used: 272.841 sec (0h:4m:32s)

Analysis results written to: 
  IQ-TREE report:                /mnt/data0/yue/2026-03-11-protein-convergence/results/OG_11880/csubst_w_s/csubst_input_alignment.fa.iqtree
  Maximum-likelihood tree:       /mnt/data0/yue/2026-03-11-protein-convergence/results/OG_11880/csubst_w_s/csubst_input_alignment.fa.treefile
  Site-specific rates:           /mnt/data0/yue/2026-03-11-protein-convergence/results/OG_11880/csubst_w_s/csubst_input_alignment.fa.rate
  Ancestral state:               /mnt/data0/yue/2026-03-11-protein-convergence/results/OG_11880/csubst_w_s/csubst_input_alignment.fa.state
  Screen log file:               /mnt/data0/yue/2026-03-11-protein-convergence/results/OG_11880/csubst_w_s/csubst_input_alignment.fa.log

Date and Time: Thu Mar 26 22:53:56 2026
