IQ-TREE multicore version 2.4.0 for Linux x86 64-bit built Feb 12 2025
Developed by Bui Quang Minh, Nguyen Lam Tung, Olga Chernomor, Heiko Schmidt,
Dominik Schrempf, Michael Woodhams, Ly Trong Nhan, Thomas Wong

Host:    brain (AVX2, FMA3, 2015 GB RAM)
Command: /home/yue/miniconda3/envs/py39/bin/iqtree -s /mnt/data0/yue/2026-03-11-protein-convergence/results/OG_4905/csubst_w_s/csubst_input_alignment.fa -te tmp.csubst.nwk -m ECMK07+F+R4 --seqtype CODON1 --threads-max 1 -T AUTO --ancestral --rate --redo
Seed:    800009 (Using SPRNG - Scalable Parallel Random Number Generator)
Time:    Fri Mar 27 15:48:27 2026
Kernel:  AVX+FMA - auto-detect threads (128 CPU cores detected)

Reading alignment file /mnt/data0/yue/2026-03-11-protein-convergence/results/OG_4905/csubst_w_s/csubst_input_alignment.fa ... Fasta format detected
Reading fasta file: done in 0.00321126 secs using 37.93% CPU
Alignment most likely contains DNA/RNA sequences
Converting to codon sequences with genetic code 1 ...
Alignment has 70 sequences with 404 columns, 378 distinct patterns
222 parsimony-informative, 103 singleton sites, 79 constant sites
                                                               Gap/Ambiguity  Composition  p-value
Analyzing sequences: done in 0.000158846 secs using 98.84% CPU
   1  DE115|Cluster-60405.0__TRINITY_DN9070_c0_g1_i11.p1               0.00%    passed    100.00%
   2  DE126|Cluster-34954.0__TRINITY_DN1769_c1_g1_i9.p1                0.00%    passed    100.00%
   3  JJ125|Cluster-36446.0__TRINITY_DN4277_c0_g1_i2.p1                0.74%    passed    100.00%
   4  SRR3407096|Cluster-19787.0__TRINITY_DN2321_c1_g2_i2.p1           0.00%    passed    100.00%
   5  SRR3407087|Cluster-35588.0__TRINITY_DN12786_c0_g1_i4.p1          0.00%    passed    100.00%
   6  DE189|Cluster-40460.0__TRINITY_DN5197_c0_g1_i2.p1                0.25%    passed    100.00%
   7  DE531|Cluster-36986.0__TRINITY_DN2657_c0_g1_i3.p1                4.46%    passed    100.00%
   8  DE534|Cluster-48450.0__TRINITY_DN2222_c0_g1_i7.p1                2.97%    passed    100.00%
   9  JJ85|Cluster-24416.0__TRINITY_DN3675_c0_g1_i1.p1                 0.00%    passed    100.00%
  10  DE668|Cluster-48348.1__TRINITY_DN4547_c0_g1_i11.p1               0.00%    passed    100.00%
  11  SRR5150740|Cluster-31896.0__TRINITY_DN4930_c0_g4_i1.p1           0.25%    passed    100.00%
  12  DE542|Cluster-53330.1__TRINITY_DN1348_c1_g1_i1.p1                0.00%    passed    100.00%
  13  DE546_urceolata_l|Cluster-36267.0__TRINITY_DN5331_c0_g1_i2.p1    0.00%    passed    100.00%
  14  JJ86|Cluster-32113.0__TRINITY_DN3729_c2_g2_i1.p1                 0.00%    passed    100.00%
  15  DE523|Cluster-37414.0__TRINITY_DN2598_c0_g1_i1.p1                0.00%    passed    100.00%
  16  DE561|Cluster-38858.1__TRINITY_DN4404_c1_g1_i4.p1                0.00%    passed    100.00%
  17  DE127|Cluster-36755.0__TRINITY_DN4400_c0_g1_i1.p1                0.00%    passed    100.00%
  18  DE554|Cluster-49134.0__TRINITY_DN37198_c0_g1_i12.p1              0.00%    passed    100.00%
  19  DE666|Cluster-28528.0__TRINITY_DN1634_c0_g2_i1.p1                0.00%    passed    100.00%
  20  DE623|Cluster-52696.0__TRINITY_DN6985_c0_g1_i5.p1                0.00%    passed    100.00%
  21  DE680|Cluster-10331.0__TRINITY_DN2343_c1_g1_i1.p1                0.00%    passed    100.00%
  22  DE162|Cluster-20065.0__TRINITY_DN9323_c0_g1_i3.p1                0.00%    passed    100.00%
  23  DE528|Cluster-39888.0__TRINITY_DN52517_c0_g1_i1.p1               0.00%    passed    100.00%
  24  DE507|Cluster-87286.0__TRINITY_DN4956_c0_g2_i3.p1                0.00%    passed    100.00%
  25  DE704-white|Cluster-68968.0__TRINITY_DN22754_c0_g1_i5.p1        36.63%    passed     99.93%
  26  DE704-purple|Cluster-52356.0__TRINITY_DN21398_c0_g1_i4.p1        0.00%    passed    100.00%
  27  DE563|Cluster-7528.0__TRINITY_DN12010_c0_g1_i2.p1                0.00%    passed    100.00%
  28  DE151|Cluster-38982.0__TRINITY_DN9365_c0_g1_i2.p1                0.25%    passed    100.00%
  29  DE173|Cluster-40823.0__TRINITY_DN2627_c0_g1_i3.p1                0.00%    passed    100.00%
  30  JJ109|Cluster-45605.0__TRINITY_DN8282_c0_g1_i1.p1                0.00%    passed    100.00%
  31  JJ130|Cluster-39744.0__TRINITY_DN9525_c0_g1_i2.p1                0.00%    passed    100.00%
  32  DE164|Cluster-37480.0__TRINITY_DN2938_c0_g1_i1.p1               35.15%    passed     99.99%
  33  DE737|Cluster-26745.0__TRINITY_DN2824_c0_g1_i2.p1                0.00%    passed    100.00%
  34  DE504|Cluster-51219.0__TRINITY_DN26876_c0_g1_i5.p1               0.00%    passed    100.00%
  35  DE509|Cluster-45601.0__TRINITY_DN4408_c0_g1_i3.p1                0.00%    passed    100.00%
  36  DE764|Cluster-27863.0__TRINITY_DN3795_c0_g1_i1.p1                0.00%    passed    100.00%
  37  DE541|Cluster-4391.0__TRINITY_DN1735_c0_g1_i1.p1                 0.00%    passed    100.00%
  38  DE550|Cluster-29501.0__TRINITY_DN10050_c0_g1_i2.p1               0.00%    passed    100.00%
  39  DE575|Cluster-4678.0__TRINITY_DN5334_c0_g1_i10.p1                1.98%    passed    100.00%
  40  DE681|Cluster-50201.0__TRINITY_DN7114_c0_g1_i1.p1                1.98%    passed    100.00%
  41  DE765|Cluster-56383.0__TRINITY_DN5859_c0_g1_i2.p1                1.98%    passed    100.00%
  42  JJ74|Cluster-116168.0__TRINITY_DN10635_c3_g1_i2.p1               0.50%    passed    100.00%
  43  DE152|Cluster-24148.0__TRINITY_DN7649_c0_g1_i1.p1                0.00%    passed    100.00%
  44  DE229|Cluster-82593.0__TRINITY_DN159_c4_g1_i4.p1                 0.00%    passed    100.00%
  45  JJ99|Cluster-56100.1__TRINITY_DN938_c2_g1_i1.p1                  0.00%    passed    100.00%
  46  JJ23|Cluster-28747.0__TRINITY_DN803_c4_g1_i1.p1                  0.00%    passed    100.00%
  47  DE536|Cluster-49640.0__TRINITY_DN7145_c0_g1_i2.p1                1.49%    passed    100.00%
  48  DE549|Cluster-38877.0__TRINITY_DN3454_c0_g1_i11.p1              49.50%    passed     92.74%
  49  DRR234970|Cluster-2325.0__TRINITY_DN5837_c0_g1_i1.p1             0.00%    passed    100.00%
  50  SRR104381|Cluster-32552.7__TRINITY_DN501_c0_g2_i1.p1             0.00%    passed     98.65%
  51  DE216|Cluster-68965.0__TRINITY_DN2644_c1_g1_i1.p1                0.00%    passed    100.00%
  52  JJ15|Cluster-63571.0__TRINITY_DN17649_c1_g1_i1.p1                0.00%    passed    100.00%
  53  DE736|Cluster-53846.0__TRINITY_DN3539_c0_g1_i5.p1                1.24%    passed    100.00%
  54  DE566|Cluster-28672.0__TRINITY_DN4520_c0_g1_i12.p1               0.00%    passed    100.00%
  55  DE696-nodots|Cluster-38091.0__TRINITY_DN5068_c0_g1_i2.p1         0.00%    passed    100.00%
  56  JJ36|Cluster-23066.0__TRINITY_DN3490_c0_g1_i1.p1                 0.00%    passed    100.00%
  57  JJ89|Cluster-37996.0__TRINITY_DN7147_c0_g1_i1.p1                 0.00%    passed    100.00%
  58  DE88|Cluster-6800.0__TRINITY_DN8245_c0_g1_i1.p1                  0.00%    passed    100.00%
  59  SRR3407086|Cluster-31968.0__TRINITY_DN2456_c0_g1_i1.p1           0.00%    passed    100.00%
  60  SRR3407092|Cluster-20026.0__TRINITY_DN15070_c1_g1_i1.p1          0.00%    passed    100.00%
  61  SRR3407093|Cluster-36992.0__TRINITY_DN3492_c1_g1_i2.p1           0.00%    passed    100.00%
  62  SRR3407088|Cluster-1495.0__TRINITY_DN1380_c1_g2_i3.p1            0.00%    passed    100.00%
  63  SRR3407094|Cluster-37765.0__TRINITY_DN1318_c1_g1_i1.p1           0.25%    passed    100.00%
  64  DRR082660|Cluster-6351.0__TRINITY_DN38846_c0_g1_i1.p1            0.00%    passed    100.00%
  65  DE560|Cluster-38508.0__TRINITY_DN5397_c0_g1_i1.p1                0.00%    passed    100.00%
  66  DE69|Cluster-6264.1__TRINITY_DN5607_c0_g1_i2.p1                  0.50%    passed    100.00%
  67  SRR3407095|Cluster-3411.0__TRINITY_DN4589_c0_g1_i1.p1            0.50%    passed    100.00%
  68  DE643|Cluster-75215.0__TRINITY_DN2301_c0_g1_i3.p1                0.00%    passed    100.00%
  69  DE672|Cluster-42136.0__TRINITY_DN9767_c0_g1_i2.p1                0.00%    passed    100.00%
  70  SRR11748982|Cluster-35885.0__TRINITY_DN3603_c0_g1_i11.p1        14.11%    passed     99.16%
****  TOTAL                                                            2.21%  0 sequences failed composition chi2 test (p-value<5%; df=60)
Reading input tree file tmp.csubst.nwk ... rooted tree

NOTE: 58 MB RAM (0 GB) is required!
Measuring multi-threading efficiency up to 1 CPU cores
2 trees examined
Threads: 1 / Time: 3.117 sec / Speedup: 1.000 / Efficiency: 100% / LogL: -15719
BEST NUMBER OF THREADS: 1

Estimate model parameters (epsilon = 0.010)
1. Initial log-likelihood: -13453.974
2. Current log-likelihood: -9095.474
3. Current log-likelihood: -9095.308
4. Current log-likelihood: -9095.234
5. Current log-likelihood: -9095.190
6. Current log-likelihood: -9095.161
7. Current log-likelihood: -9095.140
8. Current log-likelihood: -9095.126
9. Current log-likelihood: -9095.115
Optimal log-likelihood: -9095.107
Nonsynonymous/synonymous ratio (omega): 1.000
Transition/transversion ratio (kappa): 1.000
Site proportion and rates:  (0.635,0.479) (0.272,1.435) (0.086,3.196) (0.008,4.055)
Parameters optimization took 9 rounds (94.299 sec)
Wrote distance file to... 
BEST SCORE FOUND : -9095.107
Ancestral state probabilities printed to /mnt/data0/yue/2026-03-11-protein-convergence/results/OG_4905/csubst_w_s/csubst_input_alignment.fa.state
Empirical proportions for each category: 0.671 0.252 0.077 0.000
Site rates printed to /mnt/data0/yue/2026-03-11-protein-convergence/results/OG_4905/csubst_w_s/csubst_input_alignment.fa.rate
Total tree length: 3.281

Total number of iterations: 0
CPU time used for tree search: 0.000 sec (0h:0m:0s)
Wall-clock time used for tree search: 0.000 sec (0h:0m:0s)
Total CPU time used: 99.335 sec (0h:1m:39s)
Total wall-clock time used: 99.574 sec (0h:1m:39s)

Analysis results written to: 
  IQ-TREE report:                /mnt/data0/yue/2026-03-11-protein-convergence/results/OG_4905/csubst_w_s/csubst_input_alignment.fa.iqtree
  Maximum-likelihood tree:       /mnt/data0/yue/2026-03-11-protein-convergence/results/OG_4905/csubst_w_s/csubst_input_alignment.fa.treefile
  Site-specific rates:           /mnt/data0/yue/2026-03-11-protein-convergence/results/OG_4905/csubst_w_s/csubst_input_alignment.fa.rate
  Ancestral state:               /mnt/data0/yue/2026-03-11-protein-convergence/results/OG_4905/csubst_w_s/csubst_input_alignment.fa.state
  Screen log file:               /mnt/data0/yue/2026-03-11-protein-convergence/results/OG_4905/csubst_w_s/csubst_input_alignment.fa.log

Date and Time: Fri Mar 27 15:50:07 2026
