IQ-TREE multicore version 2.4.0 for Linux x86 64-bit built Feb 12 2025
Developed by Bui Quang Minh, Nguyen Lam Tung, Olga Chernomor, Heiko Schmidt,
Dominik Schrempf, Michael Woodhams, Ly Trong Nhan, Thomas Wong

Host:    brain (AVX2, FMA3, 2015 GB RAM)
Command: /home/yue/miniconda3/envs/py39/bin/iqtree -s /mnt/data0/yue/2026-03-11-protein-convergence/results/OG_10220/csubst_w_s/csubst_input_alignment.fa -te tmp.csubst.nwk -m ECMK07+F+R4 --seqtype CODON1 --threads-max 1 -T AUTO --ancestral --rate --redo
Seed:    976121 (Using SPRNG - Scalable Parallel Random Number Generator)
Time:    Thu Mar 26 20:29:32 2026
Kernel:  AVX+FMA - auto-detect threads (128 CPU cores detected)

Reading alignment file /mnt/data0/yue/2026-03-11-protein-convergence/results/OG_10220/csubst_w_s/csubst_input_alignment.fa ... Fasta format detected
Reading fasta file: done in 0.000662103 secs using 33.23% CPU
Alignment most likely contains DNA/RNA sequences
Converting to codon sequences with genetic code 1 ...
Alignment has 59 sequences with 203 columns, 195 distinct patterns
119 parsimony-informative, 45 singleton sites, 39 constant sites
                                                           Gap/Ambiguity  Composition  p-value
Analyzing sequences: done in 3.12924e-05 secs using 35.15% CPU
   1  DE549|Cluster-19842.1__TRINITY_DN236_c2_g1_i3.p1             0.00%    passed    100.00%
   2  JJ130|Cluster-45467.0__TRINITY_DN1480_c0_g1_i2.p1            0.00%    passed    100.00%
   3  DE151|Cluster-50013.0__TRINITY_DN1104_c0_g1_i8.p1            0.00%    passed    100.00%
   4  DE173|Cluster-43594.0__TRINITY_DN1369_c0_g1_i3.p1            0.00%    passed    100.00%
   5  DE189|Cluster-22896.0__TRINITY_DN2420_c0_g1_i10.p1           0.00%    passed    100.00%
   6  JJ109|Cluster-18854.0__TRINITY_DN1287_c0_g1_i2.p1            0.00%    passed    100.00%
   7  DE668|Cluster-56596.0__TRINITY_DN11714_c0_g1_i1.p1           1.48%    passed    100.00%
   8  DE541|Cluster-36630.0__TRINITY_DN2003_c1_g1_i1.p1            0.99%    passed    100.00%
   9  DE504|Cluster-52421.0__TRINITY_DN2702_c1_g1_i13.p1           0.49%    passed    100.00%
  10  SRR3407096|Cluster-31808.0__TRINITY_DN7511_c0_g1_i1.p1       0.49%    passed    100.00%
  11  DE505|Cluster-13815.0__TRINITY_DN2055_c1_g2_i2.p1            1.48%    passed    100.00%
  12  SRR3407092|Cluster-29096.0__TRINITY_DN13009_c0_g1_i1.p1      1.48%    passed    100.00%
  13  DE69|Cluster-31577.0__TRINITY_DN5060_c1_g1_i1.p1             0.00%    passed    100.00%
  14  SRR3407095|Cluster-32456.0__TRINITY_DN8672_c1_g1_i2.p1       0.00%    passed    100.00%
  15  DE519|Cluster-26852.0__TRINITY_DN6338_c0_g1_i2.p1            0.00%    passed    100.00%
  16  DE741|Cluster-53659.0__TRINITY_DN5783_c0_g1_i2.p1            0.00%    passed    100.00%
  17  DE680|Cluster-26713.0__TRINITY_DN12974_c0_g1_i1.p1           0.00%    passed     93.41%
  18  DE229|Cluster-93836.0__TRINITY_DN1747_c0_g1_i1.p1           42.86%    passed     98.08%
  19  JJ89|Cluster-40110.0__TRINITY_DN6394_c0_g2_i1.p1             0.00%    passed    100.00%
  20  JJ125|Cluster-27676.0__TRINITY_DN8089_c2_g4_i1.p1            0.00%    passed    100.00%
  21  DE534|Cluster-29452.0__TRINITY_DN1743_c0_g1_i3.p1            0.00%    passed    100.00%
  22  DE536|Cluster-45146.0__TRINITY_DN1655_c0_g1_i1.p1            0.00%    passed    100.00%
  23  SRR3407086|Cluster-28129.0__TRINITY_DN5142_c0_g1_i1.p1       0.00%    passed    100.00%
  24  DE560|Cluster-22508.2__TRINITY_DN685_c2_g1_i4.p1             0.00%    passed    100.00%
  25  DE503|Cluster-59596.0__TRINITY_DN4996_c0_g1_i2.p1            0.00%    passed    100.00%
  26  SRR3407094|Cluster-31580.0__TRINITY_DN2958_c0_g2_i2.p1       0.00%    passed    100.00%
  27  SRR3407088|Cluster-21168.0__TRINITY_DN5270_c0_g1_i2.p1       0.00%    passed    100.00%
  28  SRR3424066|Cluster-36199.0__TRINITY_DN7519_c0_g1_i2.p1       0.00%    passed    100.00%
  29  DE561|Cluster-3550.0__TRINITY_DN4009_c0_g2_i2.p1             0.00%    passed    100.00%
  30  DE216|Cluster-64757.0__TRINITY_DN4368_c0_g1_i3.p1            0.00%    passed    100.00%
  31  JJ15|Cluster-77021.0__TRINITY_DN2478_c0_g1_i2.p1            18.23%    passed     99.97%
  32  DE542|Cluster-60049.0__TRINITY_DN2171_c0_g1_i1.p1            0.00%    passed    100.00%
  33  DE623|Cluster-53647.0__TRINITY_DN3824_c0_g1_i6.p1            0.00%    passed     59.26%
  34  DE528|Cluster-25469.0__TRINITY_DN517_c1_g1_i4.p1             0.00%    passed    100.00%
  35  DE666|Cluster-39372.0__TRINITY_DN729_c3_g2_i1.p1             1.48%    passed    100.00%
  36  DE554|Cluster-44344.0__TRINITY_DN14648_c0_g1_i2.p1           0.00%    passed    100.00%
  37  DE162|Cluster-20567.0__TRINITY_DN9412_c1_g1_i2.p1            0.00%    passed    100.00%
  38  DE704-white|Cluster-54299.0__TRINITY_DN4265_c0_g1_i6.p1      0.00%    passed    100.00%
  39  DE575|Cluster-64193.0__TRINITY_DN10055_c0_g1_i2.p1           0.00%    passed    100.00%
  40  DE681|Cluster-33535.0__TRINITY_DN4355_c0_g1_i1.p1            0.00%    passed    100.00%
  41  DE765|Cluster-34777.0__TRINITY_DN1746_c1_g1_i2.p1            0.00%    passed    100.00%
  42  DE563|Cluster-56437.0__TRINITY_DN5311_c0_g1_i2.p1            0.00%    passed    100.00%
  43  DE566|Cluster-4187.2__TRINITY_DN2828_c0_g2_i3.p1             0.00%    passed    100.00%
  44  DE510|Cluster-11659.0__TRINITY_DN435_c3_g1_i2.p1            44.33%    passed     80.21%
  45  SRR3407087|Cluster-33676.0__TRINITY_DN11253_c0_g1_i2.p1      0.00%    passed    100.00%
  46  DE507|Cluster-75967.0__TRINITY_DN3268_c0_g1_i3.p1           42.86%    passed     99.04%
  47  DE115|Cluster-30447.0__TRINITY_DN3031_c1_g1_i2.p1            1.48%    passed    100.00%
  48  DE704-purple|Cluster-62908.0__TRINITY_DN17388_c0_g1_i2.p1    0.00%    passed    100.00%
  49  DE126|Cluster-20221.0__TRINITY_DN11255_c0_g1_i2.p1           0.00%    passed    100.00%
  50  SRR3407093|Cluster-11177.0__TRINITY_DN44997_c0_g1_i1.p1      0.00%    passed    100.00%
  51  DE152|Cluster-62449.0__TRINITY_DN3515_c1_g2_i13.p1           0.00%    passed    100.00%
  52  JJ74|Cluster-119223.7__TRINITY_DN2370_c0_g1_i2.p1            0.49%    passed    100.00%
  53  DRR082660|Cluster-32418.0__TRINITY_DN2610_c0_g1_i2.p1        0.49%    passed    100.00%
  54  DE164|Cluster-54614.0__TRINITY_DN1748_c3_g1_i3.p1           43.35%    passed     99.98%
  55  DE671|Cluster-3124.0__TRINITY_DN285_c3_g1_i1.p1             42.86%    passed     99.96%
  56  DE509|Cluster-13964.0__TRINITY_DN383_c1_g1_i1.p1             0.00%    passed    100.00%
  57  DE88|Cluster-16307.3__TRINITY_DN1804_c0_g1_i7.p1             0.00%    passed    100.00%
  58  JJ85|Cluster-35747.1__TRINITY_DN3062_c8_g1_i1.p1             5.42%    passed    100.00%
  59  DRR234970|Cluster-46091.0__TRINITY_DN40669_c0_g1_i1.p1       0.00%    passed    100.00%
****  TOTAL                                                        4.24%  0 sequences failed composition chi2 test (p-value<5%; df=60)
Reading input tree file tmp.csubst.nwk ... rooted tree

NOTE: 28 MB RAM (0 GB) is required!
Measuring multi-threading efficiency up to 1 CPU cores
2 trees examined
Threads: 1 / Time: 1.714 sec / Speedup: 1.000 / Efficiency: 100% / LogL: -6456
BEST NUMBER OF THREADS: 1

Estimate model parameters (epsilon = 0.010)
1. Initial log-likelihood: -6026.696
2. Current log-likelihood: -4574.006
3. Current log-likelihood: -4560.410
4. Current log-likelihood: -4558.844
5. Current log-likelihood: -4557.005
6. Current log-likelihood: -4550.688
7. Current log-likelihood: -4549.049
8. Current log-likelihood: -4546.235
9. Current log-likelihood: -4513.782
10. Current log-likelihood: -4505.580
11. Current log-likelihood: -4497.994
12. Current log-likelihood: -4496.410
13. Current log-likelihood: -4495.352
14. Current log-likelihood: -4495.173
15. Current log-likelihood: -4495.080
16. Current log-likelihood: -4495.023
17. Current log-likelihood: -4494.988
18. Current log-likelihood: -4494.966
19. Current log-likelihood: -4494.951
Optimal log-likelihood: -4494.942
Nonsynonymous/synonymous ratio (omega): 1.000
Transition/transversion ratio (kappa): 1.000
Site proportion and rates:  (0.417,0.154) (0.468,0.792) (0.099,3.583) (0.015,13.822)
Parameters optimization took 19 rounds (104.570 sec)
Wrote distance file to... 
BEST SCORE FOUND : -4494.942
Ancestral state probabilities printed to /mnt/data0/yue/2026-03-11-protein-convergence/results/OG_10220/csubst_w_s/csubst_input_alignment.fa.state
Empirical proportions for each category: 0.414 0.478 0.094 0.015
Site rates printed to /mnt/data0/yue/2026-03-11-protein-convergence/results/OG_10220/csubst_w_s/csubst_input_alignment.fa.rate
Total tree length: 5.229

Total number of iterations: 0
CPU time used for tree search: 0.000 sec (0h:0m:0s)
Wall-clock time used for tree search: 0.000 sec (0h:0m:0s)
Total CPU time used: 107.191 sec (0h:1m:47s)
Total wall-clock time used: 107.347 sec (0h:1m:47s)

Analysis results written to: 
  IQ-TREE report:                /mnt/data0/yue/2026-03-11-protein-convergence/results/OG_10220/csubst_w_s/csubst_input_alignment.fa.iqtree
  Maximum-likelihood tree:       /mnt/data0/yue/2026-03-11-protein-convergence/results/OG_10220/csubst_w_s/csubst_input_alignment.fa.treefile
  Site-specific rates:           /mnt/data0/yue/2026-03-11-protein-convergence/results/OG_10220/csubst_w_s/csubst_input_alignment.fa.rate
  Ancestral state:               /mnt/data0/yue/2026-03-11-protein-convergence/results/OG_10220/csubst_w_s/csubst_input_alignment.fa.state
  Screen log file:               /mnt/data0/yue/2026-03-11-protein-convergence/results/OG_10220/csubst_w_s/csubst_input_alignment.fa.log

Date and Time: Thu Mar 26 20:31:20 2026
