IQ-TREE multicore version 2.4.0 for Linux x86 64-bit built Feb 12 2025
Developed by Bui Quang Minh, Nguyen Lam Tung, Olga Chernomor, Heiko Schmidt,
Dominik Schrempf, Michael Woodhams, Ly Trong Nhan, Thomas Wong

Host:    brain (AVX2, FMA3, 2015 GB RAM)
Command: /home/yue/miniconda3/envs/py39/bin/iqtree -s /mnt/data0/yue/2026-03-11-protein-convergence/results/OG_3946/csubst_w_s/csubst_input_alignment.fa -te tmp.csubst.nwk -m ECMK07+F+R4 --seqtype CODON1 --threads-max 1 -T AUTO --ancestral --rate --redo
Seed:    55251 (Using SPRNG - Scalable Parallel Random Number Generator)
Time:    Fri Mar 27 11:45:29 2026
Kernel:  AVX+FMA - auto-detect threads (128 CPU cores detected)

Reading alignment file /mnt/data0/yue/2026-03-11-protein-convergence/results/OG_3946/csubst_w_s/csubst_input_alignment.fa ... Fasta format detected
Reading fasta file: done in 0.00158727 secs using 77.24% CPU
Alignment most likely contains DNA/RNA sequences
Converting to codon sequences with genetic code 1 ...
Alignment has 72 sequences with 429 columns, 422 distinct patterns
223 parsimony-informative, 134 singleton sites, 72 constant sites
                                                                Gap/Ambiguity  Composition  p-value
Analyzing sequences: done in 7.48485e-05 secs using 98.87% CPU
   1  JJ23|Cluster-33420.0__TRINITY_DN12247_c0_g1_i6.p1                45.69%    passed     99.09%
   2  JJ89|Cluster-41019.0__TRINITY_DN46_c0_g1_i1.p1                   17.95%    passed    100.00%
   3  DE115|Cluster-51488.0__TRINITY_DN3005_c0_g1_i8.p1                38.00%    passed     99.97%
   4  DE507|Cluster-54202.0__TRINITY_DN8338_c0_g2_i1.p1                 0.23%    passed    100.00%
   5  DE704-white|Cluster-59065.2__TRINITY_DN15847_c0_g1_i2.p1         32.63%    passed     99.98%
   6  DE528|Cluster-38741.0__TRINITY_DN2466_c1_g1_i2.p1                 0.23%    passed    100.00%
   7  DE566|Cluster-11164.1__TRINITY_DN12739_c0_g1_i3.p1                0.00%    passed    100.00%
   8  DE216|Cluster-67126.0__TRINITY_DN10580_c0_g1_i5.p1                0.00%    passed    100.00%
   9  JJ15|Cluster-55854.0__TRINITY_DN12362_c0_g1_i2.p1                 0.00%    passed    100.00%
  10  DE542|Cluster-31122.1__TRINITY_DN10056_c0_g1_i7.p1                0.00%    passed    100.00%
  11  DE534|Cluster-49557.0__TRINITY_DN23825_c0_g2_i2.p1                0.00%    passed    100.00%
  12  DE681|Cluster-48054.0__TRINITY_DN10713_c0_g1_i6.p1               37.53%    passed     99.96%
  13  JJ74|Cluster-107138.0__TRINITY_DN14330_c0_g1_i8.p1               49.65%    passed     99.15%
  14  DE563|Cluster-20240.1__TRINITY_DN5572_c0_g1_i1.p1                 0.00%    passed    100.00%
  15  JJ125|Cluster-40087.0__TRINITY_DN10858_c0_g1_i3.p1                0.00%    passed    100.00%
  16  JJ131|Cluster-36934.0__TRINITY_DN14884_c0_g1_i3.p1                0.00%    passed    100.00%
  17  DE476|Cluster-57387.0__TRINITY_DN29843_c0_g1_i2.p1                0.00%    passed    100.00%
  18  JJ109|Cluster-37895.0__TRINITY_DN5116_c0_g1_i12.p1                0.00%    passed    100.00%
  19  JJ130|Cluster-40191.0__TRINITY_DN7441_c0_g1_i1.p1                42.66%    passed    100.00%
  20  DE696-dots|Cluster-31321.0__TRINITY_DN6292_c0_g1_i16.p1          37.53%    passed    100.00%
  21  DE696-nodots|Cluster-60448.0__TRINITY_DN6398_c1_g1_i1.p1         37.53%    passed    100.00%
  22  JJ85|Cluster-34037.0__TRINITY_DN6094_c0_g2_i8.p1                  0.00%    passed    100.00%
  23  SRR3407096|Cluster-16378.0__TRINITY_DN8904_c0_g1_i5.p1           36.36%    passed    100.00%
  24  DE550|Cluster-26705.0__TRINITY_DN19060_c0_g1_i9.p1                2.56%    passed    100.00%
  25  DE126|Cluster-45167.0__TRINITY_DN7369_c0_g1_i7.p1                 0.00%    passed    100.00%
  26  DE668|Cluster-19749.0__TRINITY_DN18762_c0_g1_i2.p1                0.00%    passed    100.00%
  27  DE181|Cluster-3572.0__TRINITY_DN1905_c0_g1_i18.p1                 0.00%    passed    100.00%
  28  SRR3407086|Cluster-5076.0__TRINITY_DN7177_c1_g1_i1.p1             0.00%    passed    100.00%
  29  SRR3407092|Cluster-38371.0__TRINITY_DN8801_c0_g1_i3.p1           31.47%    passed    100.00%
  30  SRR3407087|Cluster-30104.0__TRINITY_DN10480_c0_g1_i3.p1           0.00%    passed    100.00%
  31  DE503|Cluster-58908.0__TRINITY_DN12702_c0_g1_i10.p1               0.00%    passed    100.00%
  32  DE505|Cluster-27372.0__TRINITY_DN8556_c1_g1_i7.p1                31.47%    passed     99.98%
  33  SRR3407094|Cluster-1605.0__TRINITY_DN24183_c0_g1_i1.p1            0.00%    passed    100.00%
  34  DRR082660|Cluster-6198.0__TRINITY_DN31590_c0_g1_i1.p1            36.36%    passed     99.66%
  35  DE561|Cluster-15135.0__TRINITY_DN19283_c0_g1_i3.p1                0.00%    passed    100.00%
  36  SRR3424066|Cluster-4553.0__TRINITY_DN27369_c0_g1_i1.p1            0.00%    passed    100.00%
  37  DE510|Cluster-46645.0__TRINITY_DN10161_c0_g1_i12.p1              12.12%    passed    100.00%
  38  SRR3407093|Cluster-1494.0__TRINITY_DN32545_c0_g1_i1.p1            0.00%    passed    100.00%
  39  SRR3407088|Cluster-34694.0__TRINITY_DN9270_c1_g1_i2.p1            0.00%    passed    100.00%
  40  DE69|Cluster-31653.0__TRINITY_DN44318_c0_g1_i2.p1                36.36%    passed     99.74%
  41  DE672|Cluster-38369.0__TRINITY_DN6913_c0_g3_i2.p1                 0.00%    passed    100.00%
  42  DE764|Cluster-35740.1__TRINITY_DN10922_c0_g1_i5.p1                8.39%    passed    100.00%
  43  DE541|Cluster-31276.0__TRINITY_DN8246_c0_g1_i5.p1                21.21%    passed    100.00%
  44  DE680|Cluster-41282.1__TRINITY_DN14978_c1_g1_i5.p1                0.00%    passed    100.00%
  45  JJ86|Cluster-42638.0__TRINITY_DN887_c3_g1_i5.p1                  21.91%    passed    100.00%
  46  DE560|Cluster-36387.0__TRINITY_DN7162_c0_g1_i2.p1                 0.00%    passed    100.00%
  47  DE546_urceolata_l|Cluster-14059.0__TRINITY_DN10941_c0_g1_i5.p1   21.91%    passed    100.00%
  48  DE554|Cluster-67054.0__TRINITY_DN12747_c0_g1_i2.p1                0.00%    passed    100.00%
  49  DE666|Cluster-45960.0__TRINITY_DN3280_c0_g1_i7.p1                 0.00%    passed    100.00%
  50  DE575|Cluster-66969.0__TRINITY_DN22221_c0_g1_i2.p1               12.12%    passed    100.00%
  51  DE765|Cluster-14363.1__TRINITY_DN11677_c0_g1_i11.p1              12.12%    passed    100.00%
  52  DE623|Cluster-45989.0__TRINITY_DN12297_c0_g1_i2.p1                0.00%    passed    100.00%
  53  DE127|Cluster-45893.0__TRINITY_DN6487_c1_g1_i1.p1                12.12%    passed    100.00%
  54  DE151|Cluster-49148.0__TRINITY_DN15323_c0_g1_i14.p1              21.91%    passed    100.00%
  55  DE173|Cluster-42061.1__TRINITY_DN7839_c0_g1_i7.p1                 0.23%    passed    100.00%
  56  DE88|Cluster-14744.0__TRINITY_DN9783_c0_g1_i3.p1                  0.00%    passed    100.00%
  57  DE164|Cluster-42659.1__TRINITY_DN9720_c0_g2_i4.p1                 0.00%    passed    100.00%
  58  DE737|Cluster-56617.1__TRINITY_DN2758_c1_g1_i11.p1                0.00%    passed    100.00%
  59  DE152|Cluster-61768.0__TRINITY_DN6190_c2_g2_i4.p1                36.36%    passed     99.87%
  60  DE509|Cluster-42471.2__TRINITY_DN8865_c0_g1_i4.p1                 8.39%    passed    100.00%
  61  SRR5150740|Cluster-42438.0__TRINITY_DN8211_c0_g1_i1.p1           26.34%    passed     99.79%
  62  DE549|Cluster-32033.0__TRINITY_DN8496_c0_g1_i5.p1                49.18%    passed     99.92%
  63  DE189|Cluster-42183.1__TRINITY_DN14578_c0_g1_i21.p1              49.18%    passed     97.21%
  64  DE504|Cluster-51160.0__TRINITY_DN6596_c0_g1_i13.p1               49.18%    passed     99.81%
  65  DE736|Cluster-54440.0__TRINITY_DN3344_c0_g1_i4.p1                49.18%    passed     95.35%
  66  DE519|Cluster-26037.29__TRINITY_DN248_c4_g1_i2.p1                 0.00%    passed    100.00%
  67  DE741|Cluster-51281.1__TRINITY_DN6554_c0_g1_i5.p1                49.18%    passed     99.55%
  68  DE531|Cluster-44828.0__TRINITY_DN6509_c0_g1_i6.p1                49.18%    passed     99.89%
  69  JJ36|Cluster-35512.0__TRINITY_DN2354_c1_g1_i6.p1                 49.18%    passed     98.94%
  70  DE536|Cluster-15297.2__TRINITY_DN5545_c0_g1_i16.p1                0.00%    passed    100.00%
  71  DE643|Cluster-28629.0__TRINITY_DN8629_c0_g1_i2.p1                49.18%    passed     97.46%
  72  DE671|Cluster-17476.0__TRINITY_DN0_c2_g1_i1.p1                    0.00%    passed    100.00%
****  TOTAL                                                            15.60%  0 sequences failed composition chi2 test (p-value<5%; df=60)
Reading input tree file tmp.csubst.nwk ... rooted tree

NOTE: 65 MB RAM (0 GB) is required!
Measuring multi-threading efficiency up to 1 CPU cores
2 trees examined
Threads: 1 / Time: 3.416 sec / Speedup: 1.000 / Efficiency: 100% / LogL: -12834
BEST NUMBER OF THREADS: 1

Estimate model parameters (epsilon = 0.010)
1. Initial log-likelihood: -12604.631
2. Current log-likelihood: -9247.923
3. Current log-likelihood: -9228.406
4. Current log-likelihood: -9228.264
5. Current log-likelihood: -9227.821
6. Current log-likelihood: -9227.702
7. Current log-likelihood: -9227.405
8. Current log-likelihood: -9227.177
9. Current log-likelihood: -9226.899
10. Current log-likelihood: -9226.678
11. Current log-likelihood: -9226.605
12. Current log-likelihood: -9226.586
13. Current log-likelihood: -9226.575
Optimal log-likelihood: -9226.568
Nonsynonymous/synonymous ratio (omega): 1.000
Transition/transversion ratio (kappa): 1.000
Site proportion and rates:  (0.537,0.402) (0.342,1.215) (0.119,2.885) (0.002,10.660)
Parameters optimization took 13 rounds (128.730 sec)
Wrote distance file to... 
BEST SCORE FOUND : -9226.568
Ancestral state probabilities printed to /mnt/data0/yue/2026-03-11-protein-convergence/results/OG_3946/csubst_w_s/csubst_input_alignment.fa.state
Empirical proportions for each category: 0.592 0.312 0.093 0.002
Site rates printed to /mnt/data0/yue/2026-03-11-protein-convergence/results/OG_3946/csubst_w_s/csubst_input_alignment.fa.rate
Total tree length: 3.614

Total number of iterations: 0
CPU time used for tree search: 0.000 sec (0h:0m:0s)
Wall-clock time used for tree search: 0.000 sec (0h:0m:0s)
Total CPU time used: 133.788 sec (0h:2m:13s)
Total wall-clock time used: 133.916 sec (0h:2m:13s)

Analysis results written to: 
  IQ-TREE report:                /mnt/data0/yue/2026-03-11-protein-convergence/results/OG_3946/csubst_w_s/csubst_input_alignment.fa.iqtree
  Maximum-likelihood tree:       /mnt/data0/yue/2026-03-11-protein-convergence/results/OG_3946/csubst_w_s/csubst_input_alignment.fa.treefile
  Site-specific rates:           /mnt/data0/yue/2026-03-11-protein-convergence/results/OG_3946/csubst_w_s/csubst_input_alignment.fa.rate
  Ancestral state:               /mnt/data0/yue/2026-03-11-protein-convergence/results/OG_3946/csubst_w_s/csubst_input_alignment.fa.state
  Screen log file:               /mnt/data0/yue/2026-03-11-protein-convergence/results/OG_3946/csubst_w_s/csubst_input_alignment.fa.log

Date and Time: Fri Mar 27 11:47:42 2026
