IQ-TREE multicore version 2.4.0 for Linux x86 64-bit built Feb 12 2025
Developed by Bui Quang Minh, Nguyen Lam Tung, Olga Chernomor, Heiko Schmidt,
Dominik Schrempf, Michael Woodhams, Ly Trong Nhan, Thomas Wong

Host:    brain (AVX2, FMA3, 2015 GB RAM)
Command: /home/yue/miniconda3/envs/py39/bin/iqtree -s /mnt/data0/yue/2026-03-11-protein-convergence/results/OG_11445/csubst_w_s/csubst_input_alignment.fa -te tmp.csubst.nwk -m ECMK07+F+R4 --seqtype CODON1 --threads-max 1 -T AUTO --ancestral --rate --redo
Seed:    631072 (Using SPRNG - Scalable Parallel Random Number Generator)
Time:    Thu Mar 26 22:19:01 2026
Kernel:  AVX+FMA - auto-detect threads (128 CPU cores detected)

Reading alignment file /mnt/data0/yue/2026-03-11-protein-convergence/results/OG_11445/csubst_w_s/csubst_input_alignment.fa ... Fasta format detected
Reading fasta file: done in 0.00105618 secs
Alignment most likely contains DNA/RNA sequences
Converting to codon sequences with genetic code 1 ...
Alignment has 59 sequences with 141 columns, 124 distinct patterns
67 parsimony-informative, 28 singleton sites, 46 constant sites
                                                          Gap/Ambiguity  Composition  p-value
Analyzing sequences: done in 4.79668e-05 secs
   1  DE151|Cluster-17220.0__TRINITY_DN4986_c0_g1_i1.p1           0.00%    passed    100.00%
   2  DE504|Cluster-30141.0__TRINITY_DN15406_c0_g1_i2.p1          7.09%    passed    100.00%
   3  DE173|Cluster-18222.0__TRINITY_DN6748_c0_g1_i1.p1           0.00%    passed    100.00%
   4  JJ130|Cluster-45735.0__TRINITY_DN68484_c0_g1_i1.p1          0.00%    passed    100.00%
   5  DE88|Cluster-38390.0__TRINITY_DN72039_c0_g1_i1.p1           0.00%    passed    100.00%
   6  DE541|Cluster-43832.0__TRINITY_DN55285_c1_g1_i1.p1          0.00%    passed    100.00%
   7  DE189|Cluster-20168.0__TRINITY_DN2041_c0_g1_i1.p1           0.00%    passed    100.00%
   8  DE550|Cluster-31124.0__TRINITY_DN6666_c0_g1_i1.p1           0.00%    passed    100.00%
   9  JJ109|Cluster-23779.0__TRINITY_DN3221_c0_g1_i1.p1           0.00%    passed    100.00%
  10  JJ89|Cluster-42818.0__TRINITY_DN4690_c0_g1_i1.p1            7.09%    passed     99.93%
  11  DE764|Cluster-27249.0__TRINITY_DN58221_c0_g1_i1.p1          0.00%    passed    100.00%
  12  SRR3407096|Cluster-9339.0__TRINITY_DN3291_c0_g1_i1.p1       0.00%    passed    100.00%
  13  DE216|Cluster-35482.5__TRINITY_DN4856_c0_g1_i6.p1           0.00%    passed    100.00%
  14  DE542|Cluster-62003.19__TRINITY_DN1135_c0_g2_i1.p1          0.00%    passed    100.00%
  15  JJ131|Cluster-28804.1__TRINITY_DN1599_c0_g1_i17.p1          0.00%    passed     97.37%
  16  DE534|Cluster-5429.0__TRINITY_DN9034_c0_g1_i7.p1            0.00%    passed    100.00%
  17  DRR082660|Cluster-36249.0__TRINITY_DN3946_c1_g1_i1.p1       0.00%    passed    100.00%
  18  DE164|Cluster-26218.0__TRINITY_DN350_c2_g1_i1.p1            0.00%    passed    100.00%
  19  DE531|Cluster-2324.0__TRINITY_DN62484_c0_g1_i1.p1           0.00%    passed    100.00%
  20  DE643|Cluster-40089.0__TRINITY_DN5855_c0_g4_i1.p1           0.00%    passed    100.00%
  21  DE671|Cluster-18594.0__TRINITY_DN21568_c1_g1_i1.p1          0.00%    passed    100.00%
  22  JJ36|Cluster-7402.0__TRINITY_DN6_c2_g1_i1.p1                0.00%    passed    100.00%
  23  DE696-dots|Cluster-39212.0__TRINITY_DN78422_c0_g1_i1.p1     0.00%    passed    100.00%
  24  DE696-nodots|Cluster-50122.0__TRINITY_DN3670_c0_g1_i1.p1    0.00%    passed    100.00%
  25  DE737|Cluster-18399.0__TRINITY_DN8113_c0_g1_i1.p1           0.00%    passed    100.00%
  26  DE672|Cluster-6435.0__TRINITY_DN14642_c0_g1_i1.p1           0.00%    passed    100.00%
  27  JJ15|Cluster-63306.1__TRINITY_DN2279_c0_g1_i13.p1           7.09%    passed    100.00%
  28  JJ125|Cluster-35135.0__TRINITY_DN37732_c1_g1_i1.p1          0.00%    passed    100.00%
  29  DE560|Cluster-38933.0__TRINITY_DN8017_c0_g1_i1.p1           0.00%    passed    100.00%
  30  DE741|Cluster-54322.0__TRINITY_DN4253_c0_g1_i1.p1           0.00%    passed    100.00%
  31  DE519|Cluster-29764.0__TRINITY_DN12865_c0_g1_i1.p1          0.00%    passed    100.00%
  32  SRR3407094|Cluster-22739.0__TRINITY_DN8162_c0_g2_i1.p1      0.00%    passed    100.00%
  33  SRR3407092|Cluster-3238.0__TRINITY_DN11049_c0_g2_i1.p1      0.00%    passed    100.00%
  34  DE503|Cluster-29363.0__TRINITY_DN72450_c0_g1_i1.p1          0.00%    passed    100.00%
  35  DE505|Cluster-40467.0__TRINITY_DN9025_c0_g1_i5.p1           0.00%    passed    100.00%
  36  DE510|Cluster-14619.0__TRINITY_DN650_c0_g2_i1.p1            0.00%    passed    100.00%
  37  SRR3407087|Cluster-9339.0__TRINITY_DN2315_c0_g1_i1.p1       0.00%    passed    100.00%
  38  SRR3407093|Cluster-9022.0__TRINITY_DN3688_c0_g1_i1.p1       0.00%    passed    100.00%
  39  SRR3407086|Cluster-17946.0__TRINITY_DN25493_c0_g1_i1.p1     0.00%    passed    100.00%
  40  DE561|Cluster-39072.0__TRINITY_DN7118_c0_g1_i1.p1           7.09%    passed    100.00%
  41  SRR3407088|Cluster-41699.0__TRINITY_DN3991_c0_g3_i1.p1      0.00%    passed    100.00%
  42  DE181|Cluster-21829.0__TRINITY_DN5404_c0_g1_i2.p1           0.71%    passed    100.00%
  43  DE152|Cluster-13028.0__TRINITY_DN62759_c0_g1_i1.p1          0.00%    passed    100.00%
  44  DE229|Cluster-64779.0__TRINITY_DN121978_c0_g1_i1.p1         0.00%    passed    100.00%
  45  JJ23|Cluster-3941.0__TRINITY_DN10791_c0_g4_i1.p1            0.00%    passed    100.00%
  46  JJ99|Cluster-13889.0__TRINITY_DN150_c1_g2_i1.p1             0.00%    passed    100.00%
  47  JJ74|Cluster-46495.0__TRINITY_DN149865_c0_g1_i1.p1          0.00%    failed      0.20%
  48  DE566|Cluster-18216.0__TRINITY_DN2048_c0_g1_i3.p1           0.00%    passed    100.00%
  49  DE162|Cluster-7745.0__TRINITY_DN43753_c0_g1_i1.p1           0.00%    passed    100.00%
  50  DE507|Cluster-59462.0__TRINITY_DN1787_c0_g1_i2.p1           0.00%    passed    100.00%
  51  DE528|Cluster-37881.0__TRINITY_DN2121_c0_g1_i1.p1           0.00%    passed    100.00%
  52  DE575|Cluster-67089.2__TRINITY_DN7673_c0_g1_i8.p1           0.00%    passed    100.00%
  53  DE623|Cluster-28410.0__TRINITY_DN11160_c0_g1_i1.p1          0.00%    passed    100.00%
  54  DE681|Cluster-53801.1__TRINITY_DN400_c0_g1_i19.p1           0.00%    passed    100.00%
  55  DE704-purple|Cluster-33260.0__TRINITY_DN3039_c0_g1_i1.p1    0.00%    passed    100.00%
  56  DE704-white|Cluster-18903.0__TRINITY_DN7164_c0_g1_i1.p1     0.00%    passed    100.00%
  57  DE765|Cluster-52784.0__TRINITY_DN465_c0_g1_i1.p1            0.00%    passed    100.00%
  58  DE563|Cluster-15883.0__TRINITY_DN78853_c0_g1_i1.p1          0.00%    passed    100.00%
  59  SRR3407095|Cluster-48924.0__TRINITY_DN49583_c0_g1_i1.p1     0.00%    passed     99.05%
****  TOTAL                                                       0.49%  1 sequences failed composition chi2 test (p-value<5%; df=60)
WARNING: States(s) TGT rarely appear in alignment and may cause numerical problems
Reading input tree file tmp.csubst.nwk ... rooted tree

NOTE: 20 MB RAM (0 GB) is required!
Measuring multi-threading efficiency up to 1 CPU cores
2 trees examined
Threads: 1 / Time: 1.034 sec / Speedup: 1.000 / Efficiency: 100% / LogL: -4492
BEST NUMBER OF THREADS: 1

Estimate model parameters (epsilon = 0.010)
1. Initial log-likelihood: -3626.214
2. Current log-likelihood: -2250.287
3. Current log-likelihood: -2243.549
4. Current log-likelihood: -2243.501
5. Current log-likelihood: -2243.477
6. Current log-likelihood: -2243.462
7. Current log-likelihood: -2243.450
Optimal log-likelihood: -2243.440
Nonsynonymous/synonymous ratio (omega): 1.000
Transition/transversion ratio (kappa): 1.000
Site proportion and rates:  (0.493,0.393) (0.297,0.605) (0.175,1.838) (0.035,8.717)
Parameters optimization took 7 rounds (27.152 sec)
Wrote distance file to... 
BEST SCORE FOUND : -2243.440
Ancestral state probabilities printed to /mnt/data0/yue/2026-03-11-protein-convergence/results/OG_11445/csubst_w_s/csubst_input_alignment.fa.state
Empirical proportions for each category: 0.766 0.057 0.142 0.035
Site rates printed to /mnt/data0/yue/2026-03-11-protein-convergence/results/OG_11445/csubst_w_s/csubst_input_alignment.fa.rate
Total tree length: 2.189

Total number of iterations: 0
CPU time used for tree search: 0.000 sec (0h:0m:0s)
Wall-clock time used for tree search: 0.000 sec (0h:0m:0s)
Total CPU time used: 28.942 sec (0h:0m:28s)
Total wall-clock time used: 29.008 sec (0h:0m:29s)

Analysis results written to: 
  IQ-TREE report:                /mnt/data0/yue/2026-03-11-protein-convergence/results/OG_11445/csubst_w_s/csubst_input_alignment.fa.iqtree
  Maximum-likelihood tree:       /mnt/data0/yue/2026-03-11-protein-convergence/results/OG_11445/csubst_w_s/csubst_input_alignment.fa.treefile
  Site-specific rates:           /mnt/data0/yue/2026-03-11-protein-convergence/results/OG_11445/csubst_w_s/csubst_input_alignment.fa.rate
  Ancestral state:               /mnt/data0/yue/2026-03-11-protein-convergence/results/OG_11445/csubst_w_s/csubst_input_alignment.fa.state
  Screen log file:               /mnt/data0/yue/2026-03-11-protein-convergence/results/OG_11445/csubst_w_s/csubst_input_alignment.fa.log

Date and Time: Thu Mar 26 22:19:30 2026
