IQ-TREE multicore version 2.4.0 for Linux x86 64-bit built Feb 12 2025
Developed by Bui Quang Minh, Nguyen Lam Tung, Olga Chernomor, Heiko Schmidt,
Dominik Schrempf, Michael Woodhams, Ly Trong Nhan, Thomas Wong

Host:    brain (AVX2, FMA3, 2015 GB RAM)
Command: /home/yue/miniconda3/envs/py39/bin/iqtree -s /mnt/data0/yue/2026-03-11-protein-convergence/results/OG_8792/csubst_w_s/csubst_input_alignment.fa -te tmp.csubst.nwk -m ECMK07+F+R4 --seqtype CODON1 --threads-max 1 -T AUTO --ancestral --rate --redo
Seed:    314251 (Using SPRNG - Scalable Parallel Random Number Generator)
Time:    Sat Mar 28 04:21:37 2026
Kernel:  AVX+FMA - auto-detect threads (128 CPU cores detected)

Reading alignment file /mnt/data0/yue/2026-03-11-protein-convergence/results/OG_8792/csubst_w_s/csubst_input_alignment.fa ... Fasta format detected
Reading fasta file: done in 0.00487216 secs using 45.13% CPU
Alignment most likely contains DNA/RNA sequences
Converting to codon sequences with genetic code 1 ...
WARNING: 1 sites contain only gaps or ambiguous characters.
Alignment has 68 sequences with 653 columns, 552 distinct patterns
313 parsimony-informative, 159 singleton sites, 181 constant sites
                                                               Gap/Ambiguity  Composition  p-value
Analyzing sequences: done in 0.000223726 secs using 99.23% CPU
   1  DE115|Cluster-27269.0__TRINITY_DN2537_c0_g1_i1.p1                0.15%    passed    100.00%
   2  DE476|Cluster-6874.0__TRINITY_DN3397_c1_g1_i1.p1                 0.15%    passed    100.00%
   3  DE164|Cluster-34564.0__TRINITY_DN134_c0_g3_i1.p1                 0.15%    passed    100.00%
   4  JJ85|Cluster-32289.0__TRINITY_DN1600_c0_g2_i1.p1                 0.15%    passed    100.00%
   5  DE523|Cluster-40448.0__TRINITY_DN226_c10_g1_i1.p1                0.15%    passed    100.00%
   6  JJ86|Cluster-25958.0__TRINITY_DN3847_c0_g1_i1.p1                 0.15%    passed    100.00%
   7  DE546_urceolata_l|Cluster-3423.0__TRINITY_DN73747_c0_g1_i1.p1    0.15%    passed    100.00%
   8  DE127|Cluster-44952.0__TRINITY_DN6804_c0_g1_i2.p1                0.15%    passed    100.00%
   9  DE554|Cluster-17492.0__TRINITY_DN6006_c0_g1_i1.p1                0.15%    passed    100.00%
  10  DE666|Cluster-30918.0__TRINITY_DN3072_c0_g1_i1.p1                0.15%    passed    100.00%
  11  DE152|Cluster-10661.0__TRINITY_DN6378_c2_g1_i2.p1                0.15%    passed    100.00%
  12  DE162|Cluster-41962.0__TRINITY_DN5067_c0_g1_i1.p1                0.15%    passed    100.00%
  13  DE507|Cluster-12457.0__TRINITY_DN5282_c0_g1_i1.p1                0.15%    passed    100.00%
  14  DE528|Cluster-25993.0__TRINITY_DN7899_c0_g1_i1.p1                0.15%    passed    100.00%
  15  DE704-purple|Cluster-25279.0__TRINITY_DN7106_c0_g1_i1.p1         0.15%    passed    100.00%
  16  DE704-white|Cluster-38204.0__TRINITY_DN5997_c0_g1_i2.p1          0.15%    passed    100.00%
  17  DE623|Cluster-45195.0__TRINITY_DN9178_c0_g2_i1.p1                0.15%    passed    100.00%
  18  DE680|Cluster-44871.0__TRINITY_DN27496_c0_g1_i2.p1               0.15%    passed    100.00%
  19  JJ23|Cluster-5787.0__TRINITY_DN6225_c0_g1_i1.p1                  0.15%    passed    100.00%
  20  DE681|Cluster-51368.1__TRINITY_DN375_c0_g2_i2.p1                 0.15%    passed    100.00%
  21  DE765|Cluster-51014.0__TRINITY_DN12475_c0_g2_i1.p1               0.15%    passed    100.00%
  22  DE668|Cluster-41677.0__TRINITY_DN6960_c0_g1_i1.p1                0.15%    passed    100.00%
  23  DE126|Cluster-220.0__TRINITY_DN7402_c0_g1_i1.p1                  0.15%    passed    100.00%
  24  DE229|Cluster-20818.0__TRINITY_DN106364_c0_g1_i1.p1              0.15%    passed    100.00%
  25  DE151|Cluster-57615.0__TRINITY_DN8800_c0_g1_i3.p1                0.15%    passed    100.00%
  26  JJ130|Cluster-39571.0__TRINITY_DN4246_c0_g2_i1.p1                0.15%    passed    100.00%
  27  DE173|Cluster-672.0__TRINITY_DN7406_c0_g1_i1.p1                  0.15%    passed    100.00%
  28  DE189|Cluster-23650.0__TRINITY_DN4935_c0_g1_i1.p1                0.15%    passed    100.00%
  29  JJ109|Cluster-870.0__TRINITY_DN16166_c0_g1_i3.p1                 0.15%    passed    100.00%
  30  DE737|Cluster-6306.0__TRINITY_DN9548_c1_g1_i1.p1                 0.15%    passed    100.00%
  31  DE504|Cluster-22467.0__TRINITY_DN753_c3_g1_i2.p1                 0.15%    passed    100.00%
  32  DE764|Cluster-19987.14__TRINITY_DN6677_c0_g1_i1.p1               0.15%    passed    100.00%
  33  DE88|Cluster-8303.1__TRINITY_DN14660_c0_g1_i2.p1                 0.15%    passed    100.00%
  34  DE549|Cluster-49824.0__TRINITY_DN5537_c0_g1_i2.p1                0.15%    passed    100.00%
  35  JJ89|Cluster-36385.0__TRINITY_DN2653_c0_g1_i1.p1                 0.15%    passed    100.00%
  36  DE531|Cluster-8329.0__TRINITY_DN4668_c0_g1_i1.p1                 0.15%    passed    100.00%
  37  DE696-dots|Cluster-47831.0__TRINITY_DN21557_c0_g2_i1.p1          0.15%    passed    100.00%
  38  DE696-nodots|Cluster-23516.0__TRINITY_DN109478_c0_g1_i2.p1       0.15%    passed    100.00%
  39  JJ36|Cluster-16872.0__TRINITY_DN217_c0_g2_i3.p1                  0.15%    passed    100.00%
  40  DE541|Cluster-25471.0__TRINITY_DN1284_c0_g1_i1.p1                0.15%    passed    100.00%
  41  DE643|Cluster-47414.0__TRINITY_DN6172_c1_g2_i3.p1                0.15%    passed    100.00%
  42  DE671|Cluster-57188.0__TRINITY_DN5992_c1_g1_i1.p1                0.15%    passed    100.00%
  43  DRR082660|Cluster-21055.0__TRINITY_DN2578_c0_g1_i1.p1            0.15%    passed    100.00%
  44  DE741|Cluster-5792.0__TRINITY_DN7852_c0_g1_i1.p1                 0.15%    passed    100.00%
  45  DE519|Cluster-69434.0__TRINITY_DN2619_c1_g1_i3.p1               13.94%    passed     99.90%
  46  JJ74|Cluster-54528.0__TRINITY_DN10961_c0_g1_i3.p1                0.15%    passed    100.00%
  47  DE560|Cluster-40545.0__TRINITY_DN17156_c1_g1_i1.p1               0.15%    passed    100.00%
  48  SRR3407088|Cluster-8663.0__TRINITY_DN50959_c0_g1_i1.p1           0.15%    passed    100.00%
  49  DE503|Cluster-42776.0__TRINITY_DN8073_c1_g1_i1.p1                0.15%    passed    100.00%
  50  DE505|Cluster-15250.0__TRINITY_DN18894_c1_g1_i1.p1               0.15%    passed    100.00%
  51  SRR3407087|Cluster-43161.0__TRINITY_DN5036_c0_g1_i1.p1           0.15%    passed    100.00%
  52  DE510|Cluster-47582.0__TRINITY_DN6686_c0_g1_i2.p1                0.15%    passed    100.00%
  53  SRR3407094|Cluster-30182.0__TRINITY_DN2424_c0_g1_i1.p1           0.15%    passed    100.00%
  54  SRR3407093|Cluster-1679.0__TRINITY_DN7900_c0_g1_i2.p1            0.15%    passed    100.00%
  55  SRR3424066|Cluster-29040.0__TRINITY_DN43133_c0_g1_i1.p1          0.15%    passed    100.00%
  56  DE561|Cluster-18842.0__TRINITY_DN54092_c0_g1_i1.p1               0.15%    passed    100.00%
  57  DE181|Cluster-37250.0__TRINITY_DN106244_c0_g1_i1.p1              0.15%    passed    100.00%
  58  SRR3407086|Cluster-27295.0__TRINITY_DN88607_c0_g1_i1.p1          0.15%    passed    100.00%
  59  DE536|Cluster-9847.0__TRINITY_DN5063_c0_g1_i1.p1                 2.91%    passed    100.00%
  60  DE216|Cluster-20654.0__TRINITY_DN5494_c0_g1_i1.p1                0.15%    passed    100.00%
  61  JJ15|Cluster-70169.0__TRINITY_DN14210_c1_g1_i1.p1                0.15%    passed    100.00%
  62  DE542|Cluster-22179.0__TRINITY_DN13830_c0_g1_i1.p1               0.15%    passed    100.00%
  63  DE534|Cluster-59380.0__TRINITY_DN67719_c0_g1_i1.p1               0.15%    passed    100.00%
  64  DE566|Cluster-37658.2__TRINITY_DN3600_c0_g1_i6.p1                0.15%    passed    100.00%
  65  DE69|Cluster-17225.0__TRINITY_DN4553_c0_g2_i1.p1                 0.15%    passed    100.00%
  66  DRR234970|Cluster-41210.0__TRINITY_DN31518_c0_g1_i1.p1           0.15%    passed     99.86%
  67  JJ131|Cluster-43029.2__TRINITY_DN2877_c0_g1_i4.p1                0.15%    passed    100.00%
  68  DE575|Cluster-24909.0__TRINITY_DN138_c0_g1_i3.p1                51.00%    failed      1.24%
WARNING: 1 sequences contain more than 50% gaps/ambiguity
****  TOTAL                                                            1.14%  1 sequences failed composition chi2 test (p-value<5%; df=60)
Reading input tree file tmp.csubst.nwk ... rooted tree

NOTE: 78 MB RAM (0 GB) is required!
Measuring multi-threading efficiency up to 1 CPU cores
2 trees examined
Threads: 1 / Time: 4.062 sec / Speedup: 1.000 / Efficiency: 100% / LogL: -17588
BEST NUMBER OF THREADS: 1

Estimate model parameters (epsilon = 0.010)
1. Initial log-likelihood: -19191.369
2. Current log-likelihood: -11322.176
3. Current log-likelihood: -11321.999
4. Current log-likelihood: -11321.907
5. Current log-likelihood: -11321.850
6. Current log-likelihood: -11321.815
7. Current log-likelihood: -11321.792
8. Current log-likelihood: -11321.777
Optimal log-likelihood: -11321.767
Nonsynonymous/synonymous ratio (omega): 1.000
Transition/transversion ratio (kappa): 1.000
Site proportion and rates:  (0.610,0.462) (0.255,1.295) (0.120,2.548) (0.016,5.252)
Parameters optimization took 8 rounds (109.812 sec)
Wrote distance file to... 
BEST SCORE FOUND : -11321.767
Ancestral state probabilities printed to /mnt/data0/yue/2026-03-11-protein-convergence/results/OG_8792/csubst_w_s/csubst_input_alignment.fa.state
Empirical proportions for each category: 0.701 0.199 0.089 0.011
Site rates printed to /mnt/data0/yue/2026-03-11-protein-convergence/results/OG_8792/csubst_w_s/csubst_input_alignment.fa.rate
Total tree length: 2.227

Total number of iterations: 0
CPU time used for tree search: 0.000 sec (0h:0m:0s)
Wall-clock time used for tree search: 0.000 sec (0h:0m:0s)
Total CPU time used: 116.475 sec (0h:1m:56s)
Total wall-clock time used: 116.837 sec (0h:1m:56s)

Analysis results written to: 
  IQ-TREE report:                /mnt/data0/yue/2026-03-11-protein-convergence/results/OG_8792/csubst_w_s/csubst_input_alignment.fa.iqtree
  Maximum-likelihood tree:       /mnt/data0/yue/2026-03-11-protein-convergence/results/OG_8792/csubst_w_s/csubst_input_alignment.fa.treefile
  Site-specific rates:           /mnt/data0/yue/2026-03-11-protein-convergence/results/OG_8792/csubst_w_s/csubst_input_alignment.fa.rate
  Ancestral state:               /mnt/data0/yue/2026-03-11-protein-convergence/results/OG_8792/csubst_w_s/csubst_input_alignment.fa.state
  Screen log file:               /mnt/data0/yue/2026-03-11-protein-convergence/results/OG_8792/csubst_w_s/csubst_input_alignment.fa.log

Date and Time: Sat Mar 28 04:23:34 2026
