IQ-TREE multicore version 2.4.0 for Linux x86 64-bit built Feb 12 2025
Developed by Bui Quang Minh, Nguyen Lam Tung, Olga Chernomor, Heiko Schmidt,
Dominik Schrempf, Michael Woodhams, Ly Trong Nhan, Thomas Wong

Host:    brain (AVX2, FMA3, 2015 GB RAM)
Command: /home/yue/miniconda3/envs/py39/bin/iqtree -s /mnt/data0/yue/2026-03-11-protein-convergence/results/OG_2880/csubst_w_s/csubst_input_alignment.fa -te tmp.csubst.nwk -m ECMK07+F+R4 --seqtype CODON1 --threads-max 1 -T AUTO --ancestral --rate --redo
Seed:    756098 (Using SPRNG - Scalable Parallel Random Number Generator)
Time:    Fri Mar 27 06:42:10 2026
Kernel:  AVX+FMA - auto-detect threads (128 CPU cores detected)

Reading alignment file /mnt/data0/yue/2026-03-11-protein-convergence/results/OG_2880/csubst_w_s/csubst_input_alignment.fa ... Fasta format detected
Reading fasta file: done in 0.00168277 secs
Alignment most likely contains DNA/RNA sequences
Converting to codon sequences with genetic code 1 ...
WARNING: 1 sites contain only gaps or ambiguous characters.
Alignment has 77 sequences with 427 columns, 411 distinct patterns
289 parsimony-informative, 80 singleton sites, 58 constant sites
                                                              Gap/Ambiguity  Composition  p-value
Analyzing sequences: done in 8.2016e-05 secs
   1  SRR5150740|Cluster-27230.1__TRINITY_DN1742_c0_g1_i4.p1          5.39%    failed      0.00%
   2  JJ131|Cluster-57647.0__TRINITY_DN4792_c0_g1_i4.p1               0.70%    passed    100.00%
   3  JJ99|Cluster-243.0__TRINITY_DN2866_c0_g1_i1.p1                  0.23%    passed    100.00%
   4  DE152|Cluster-7156.0__TRINITY_DN627_c0_g1_i1.p1                 0.23%    passed    100.00%
   5  DE229|Cluster-28563.0__TRINITY_DN7628_c0_g1_i1.p1               0.23%    passed    100.00%
   6  JJ23|Cluster-32902.0__TRINITY_DN5572_c0_g1_i1.p1                0.23%    passed    100.00%
   7  DE115|Cluster-42959.0__TRINITY_DN14749_c0_g1_i1.p1              0.23%    passed    100.00%
   8  DE126|Cluster-35742.0__TRINITY_DN607_c0_g1_i1.p1                0.23%    passed    100.00%
   9  DE575|Cluster-33115.0__TRINITY_DN15948_c0_g1_i2.p1              0.23%    passed    100.00%
  10  DE173|Cluster-49450.0__TRINITY_DN1453_c0_g1_i8.p1               1.41%    passed    100.00%
  11  JJ130|Cluster-10607.0__TRINITY_DN721_c1_g1_i2.p1                0.70%    passed    100.00%
  12  DE541|Cluster-27792.1__TRINITY_DN4669_c0_g1_i4.p1               0.23%    passed    100.00%
  13  DE560|Cluster-37332.0__TRINITY_DN3411_c0_g1_i1.p1               0.23%    passed    100.00%
  14  DRR082660|Cluster-12067.0__TRINITY_DN7539_c0_g1_i1.p1           0.23%    passed    100.00%
  15  JJ85|Cluster-23129.0__TRINITY_DN13476_c0_g1_i1.p1               0.23%    passed    100.00%
  16  DE666|Cluster-43439.0__TRINITY_DN7096_c0_g1_i3.p1               0.23%    passed    100.00%
  17  DE668|Cluster-35531.0__TRINITY_DN1194_c0_g1_i1.p1              51.29%    passed     78.43%
  18  DE127|Cluster-10738.0__TRINITY_DN1734_c0_g1_i1.p1               0.23%    passed    100.00%
  19  DE554|Cluster-49362.0__TRINITY_DN2398_c0_g1_i1.p1               0.23%    passed    100.00%
  20  DE216|Cluster-74523.0__TRINITY_DN165_c2_g1_i2.p1                0.23%    passed    100.00%
  21  DE536|Cluster-21090.0__TRINITY_DN4138_c3_g1_i1.p1               0.23%    passed    100.00%
  22  JJ15|Cluster-12919.0__TRINITY_DN5059_c0_g1_i1.p1                0.23%    passed    100.00%
  23  DE534|Cluster-7908.0__TRINITY_DN3466_c0_g1_i1.p1                0.23%    passed    100.00%
  24  DE542|Cluster-28256.57__TRINITY_DN2435_c0_g1_i1.p1              0.23%    passed    100.00%
  25  JJ125|Cluster-22255.0__TRINITY_DN8617_c3_g1_i1.p1               0.23%    passed    100.00%
  26  DE162|Cluster-46156.0__TRINITY_DN1049_c0_g2_i1.p1               0.23%    passed    100.00%
  27  DE507|Cluster-31791.0__TRINITY_DN10958_c0_g1_i3.p1              0.23%    passed    100.00%
  28  DE528|Cluster-28331.0__TRINITY_DN2043_c0_g1_i2.p1               0.23%    passed    100.00%
  29  DE704-purple|Cluster-49088.0__TRINITY_DN3481_c0_g1_i2.p1        0.23%    passed    100.00%
  30  DE704-white|Cluster-10642.1__TRINITY_DN2820_c0_g1_i1.p1         0.23%    passed    100.00%
  31  DE563|Cluster-38993.0__TRINITY_DN2906_c1_g1_i6.p1               0.23%    passed    100.00%
  32  JJ86|Cluster-48119.0__TRINITY_DN6999_c2_g1_i3.p1                0.23%    passed    100.00%
  33  DE546_urceolata_l|Cluster-4809.0__TRINITY_DN3084_c1_g1_i1.p1    0.23%    passed    100.00%
  34  DE623|Cluster-55833.0__TRINITY_DN2592_c0_g1_i5.p1               0.23%    passed    100.00%
  35  DE680|Cluster-32916.0__TRINITY_DN22_c0_g1_i3.p1                 0.23%    passed    100.00%
  36  DE765|Cluster-5545.0__TRINITY_DN6635_c0_g1_i1.p1                0.23%    passed    100.00%
  37  DE681|Cluster-8940.1__TRINITY_DN388_c0_g1_i2.p1                 0.23%    passed    100.00%
  38  DE164|Cluster-26403.0__TRINITY_DN1456_c0_g1_i1.p1              15.22%    passed    100.00%
  39  JJ109|Cluster-26226.0__TRINITY_DN1292_c1_g1_i1.p1               0.23%    passed    100.00%
  40  DE189|Cluster-47147.1__TRINITY_DN4609_c0_g1_i9.p1               0.23%    passed    100.00%
  41  DE550|Cluster-35702.1__TRINITY_DN979_c0_g2_i1.p1                0.23%    passed    100.00%
  42  DE737|Cluster-38919.1__TRINITY_DN22_c1_g1_i2.p1                 0.23%    passed    100.00%
  43  JJ89|Cluster-30761.1__TRINITY_DN167_c0_g1_i4.p1                 0.23%    passed    100.00%
  44  DE476|Cluster-47381.0__TRINITY_DN85_c1_g2_i1.p1                 0.23%    passed    100.00%
  45  DE88|Cluster-2845.0__TRINITY_DN48142_c0_g1_i1.p1                0.23%    passed    100.00%
  46  DE531|Cluster-53091.2__TRINITY_DN189_c1_g1_i3.p1                0.23%    passed    100.00%
  47  DE696-dots|Cluster-43425.1__TRINITY_DN6502_c0_g1_i4.p1          0.23%    passed    100.00%
  48  DE696-nodots|Cluster-27163.0__TRINITY_DN1036_c0_g1_i10.p1       0.23%    passed    100.00%
  49  JJ36|Cluster-32378.1__TRINITY_DN4346_c0_g1_i1.p1                0.23%    passed    100.00%
  50  DE764|Cluster-33342.0__TRINITY_DN7552_c0_g1_i2.p1               0.23%    passed    100.00%
  51  DE736|Cluster-58643.3__TRINITY_DN816_c4_g1_i4.p1                0.23%    passed    100.00%
  52  DE509|Cluster-14437.1__TRINITY_DN68_c0_g1_i3.p1                 0.23%    passed    100.00%
  53  DE504|Cluster-46983.1__TRINITY_DN11674_c0_g1_i1.p1              0.23%    passed    100.00%
  54  DE643|Cluster-81118.0__TRINITY_DN2354_c0_g1_i1.p1               0.23%    passed    100.00%
  55  DE671|Cluster-19491.0__TRINITY_DN3850_c0_g1_i1.p1               0.23%    passed    100.00%
  56  DE672|Cluster-46740.0__TRINITY_DN9608_c1_g1_i1.p1               0.23%    passed    100.00%
  57  DE181|Cluster-22418.0__TRINITY_DN14006_c0_g1_i1.p1              0.23%    passed    100.00%
  58  SRR3407086|Cluster-15813.0__TRINITY_DN254_c0_g1_i1.p1           0.23%    passed    100.00%
  59  SRR3424066|Cluster-37912.0__TRINITY_DN7854_c0_g1_i1.p1          0.23%    passed    100.00%
  60  DE561|Cluster-6924.0__TRINITY_DN1019_c1_g1_i1.p1                0.23%    passed    100.00%
  61  SRR3407088|Cluster-18147.0__TRINITY_DN9639_c0_g1_i1.p1          0.23%    passed    100.00%
  62  DE503|Cluster-30317.0__TRINITY_DN5933_c1_g1_i1.p1               0.23%    passed    100.00%
  63  DE505|Cluster-52929.0__TRINITY_DN1698_c0_g2_i1.p1               0.23%    passed    100.00%
  64  SRR3407094|Cluster-18891.0__TRINITY_DN9268_c0_g1_i1.p1          0.23%    passed    100.00%
  65  DE510|Cluster-14541.0__TRINITY_DN14050_c0_g1_i4.p1              0.23%    passed    100.00%
  66  SRR3407087|Cluster-40826.0__TRINITY_DN10271_c2_g1_i1.p1         0.23%    passed    100.00%
  67  SRR3407092|Cluster-16234.0__TRINITY_DN2398_c0_g1_i1.p1          0.23%    passed    100.00%
  68  SRR3407093|Cluster-8346.0__TRINITY_DN6615_c0_g1_i1.p1           0.23%    passed    100.00%
  69  SRR3407095|Cluster-36839.0__TRINITY_DN3218_c0_g1_i1.p1          0.23%    passed    100.00%
  70  DE69|Cluster-53138.0__TRINITY_DN2326_c0_g2_i1.p1                0.23%    passed    100.00%
  71  DE523|Cluster-54546.0__TRINITY_DN7318_c0_g1_i1.p1               0.23%    passed    100.00%
  72  SRR3407096|Cluster-19690.0__TRINITY_DN852_c1_g1_i1.p1           0.23%    passed    100.00%
  73  JJ74|Cluster-112232.872__TRINITY_DN72_c3_g1_i3.p1               0.23%    passed    100.00%
  74  DE519|Cluster-19303.0__TRINITY_DN13131_c0_g1_i2.p1              0.23%    passed    100.00%
  75  DE741|Cluster-51532.0__TRINITY_DN5727_c0_g2_i2.p1               0.23%    passed    100.00%
  76  DE549|Cluster-25398.2__TRINITY_DN653_c0_g1_i6.p1                0.23%    passed    100.00%
  77  DE566|Cluster-31372.0__TRINITY_DN5091_c0_g1_i3.p1               0.23%    passed    100.00%
WARNING: 1 sequences contain more than 50% gaps/ambiguity
****  TOTAL                                                           1.19%  1 sequences failed composition chi2 test (p-value<5%; df=60)
Reading input tree file tmp.csubst.nwk ... rooted tree

NOTE: 68 MB RAM (0 GB) is required!
Measuring multi-threading efficiency up to 1 CPU cores
2 trees examined
Threads: 1 / Time: 3.611 sec / Speedup: 1.000 / Efficiency: 100% / LogL: -17991
BEST NUMBER OF THREADS: 1

Estimate model parameters (epsilon = 0.010)
1. Initial log-likelihood: -16075.689
2. Current log-likelihood: -11851.237
3. Current log-likelihood: -11837.530
4. Current log-likelihood: -11837.491
5. Current log-likelihood: -11837.466
6. Current log-likelihood: -11837.448
7. Current log-likelihood: -11837.435
8. Current log-likelihood: -11837.425
Optimal log-likelihood: -11837.417
Nonsynonymous/synonymous ratio (omega): 1.000
Transition/transversion ratio (kappa): 1.000
Site proportion and rates:  (0.586,0.484) (0.315,1.378) (0.087,2.486) (0.012,5.573)
Parameters optimization took 8 rounds (87.353 sec)
Wrote distance file to... 
BEST SCORE FOUND : -11837.417
Ancestral state probabilities printed to /mnt/data0/yue/2026-03-11-protein-convergence/results/OG_2880/csubst_w_s/csubst_input_alignment.fa.state
Empirical proportions for each category: 0.635 0.290 0.066 0.009
Site rates printed to /mnt/data0/yue/2026-03-11-protein-convergence/results/OG_2880/csubst_w_s/csubst_input_alignment.fa.rate
Total tree length: 4.220

Total number of iterations: 0
CPU time used for tree search: 0.000 sec (0h:0m:0s)
Wall-clock time used for tree search: 0.000 sec (0h:0m:0s)
Total CPU time used: 92.847 sec (0h:1m:32s)
Total wall-clock time used: 93.652 sec (0h:1m:33s)

Analysis results written to: 
  IQ-TREE report:                /mnt/data0/yue/2026-03-11-protein-convergence/results/OG_2880/csubst_w_s/csubst_input_alignment.fa.iqtree
  Maximum-likelihood tree:       /mnt/data0/yue/2026-03-11-protein-convergence/results/OG_2880/csubst_w_s/csubst_input_alignment.fa.treefile
  Site-specific rates:           /mnt/data0/yue/2026-03-11-protein-convergence/results/OG_2880/csubst_w_s/csubst_input_alignment.fa.rate
  Ancestral state:               /mnt/data0/yue/2026-03-11-protein-convergence/results/OG_2880/csubst_w_s/csubst_input_alignment.fa.state
  Screen log file:               /mnt/data0/yue/2026-03-11-protein-convergence/results/OG_2880/csubst_w_s/csubst_input_alignment.fa.log

Date and Time: Fri Mar 27 06:43:44 2026
