IQ-TREE multicore version 2.4.0 for Linux x86 64-bit built Feb 12 2025
Developed by Bui Quang Minh, Nguyen Lam Tung, Olga Chernomor, Heiko Schmidt,
Dominik Schrempf, Michael Woodhams, Ly Trong Nhan, Thomas Wong

Host:    brain (AVX2, FMA3, 2015 GB RAM)
Command: /home/yue/miniconda3/envs/py39/bin/iqtree -s /mnt/data0/yue/2026-03-11-protein-convergence/results/OG_2435/csubst_w_s/csubst_input_alignment.fa -te tmp.csubst.nwk -m ECMK07+F+R4 --seqtype CODON1 --threads-max 1 -T AUTO --ancestral --rate --redo
Seed:    794202 (Using SPRNG - Scalable Parallel Random Number Generator)
Time:    Fri Mar 27 04:32:41 2026
Kernel:  AVX+FMA - auto-detect threads (128 CPU cores detected)

Reading alignment file /mnt/data0/yue/2026-03-11-protein-convergence/results/OG_2435/csubst_w_s/csubst_input_alignment.fa ... Fasta format detected
Reading fasta file: done in 0.0012098 secs using 64.8% CPU
Alignment most likely contains DNA/RNA sequences
Converting to codon sequences with genetic code 1 ...
Alignment has 39 sequences with 238 columns, 237 distinct patterns
129 parsimony-informative, 54 singleton sites, 55 constant sites
                                                         Gap/Ambiguity  Composition  p-value
Analyzing sequences: done in 6.49542e-05 secs using 96.99% CPU
   1  SRR3407094|Cluster-20938.1__TRINITY_DN3605_c0_g1_i10.p1   21.43%    passed    100.00%
   2  DE672|Cluster-10027.0__TRINITY_DN12161_c0_g1_i5.p1        61.76%    passed     99.62%
   3  SRR3407087|Cluster-16839.0__TRINITY_DN5112_c0_g1_i6.p1    21.43%    passed    100.00%
   4  DE510|Cluster-29632.1__TRINITY_DN3300_c0_g2_i3.p1         27.73%    passed     99.44%
   5  DE503|Cluster-35221.1__TRINITY_DN11160_c0_g2_i4.p1        16.81%    passed    100.00%
   6  DE127|Cluster-23626.1__TRINITY_DN18290_c1_g1_i8.p1        61.76%    passed     99.68%
   7  JJ99|Cluster-38886.1__TRINITY_DN18341_c0_g1_i4.p1         65.13%    passed    100.00%
   8  DE216|Cluster-80759.3__TRINITY_DN7722_c0_g1_i3.p1          7.56%    passed     99.99%
   9  DE575|Cluster-34299.2__TRINITY_DN13220_c1_g3_i6.p1        49.58%    passed     99.07%
  10  DE765|Cluster-47104.0__TRINITY_DN8536_c1_g1_i1.p1         64.29%    passed     95.92%
  11  DE189|Cluster-35320.0__TRINITY_DN9024_c0_g1_i2.p1         50.84%    passed    100.00%
  12  DE509|Cluster-25362.1__TRINITY_DN9723_c0_g2_i6.p1         20.59%    passed    100.00%
  13  DE88|Cluster-15729.1__TRINITY_DN11700_c0_g2_i7.p1         63.45%    passed     99.68%
  14  JJ109|Cluster-20154.0__TRINITY_DN16103_c0_g4_i3.p1        60.08%    passed     94.46%
  15  SRR3407094|Cluster-22633.0__TRINITY_DN20671_c0_g1_i1.p1   29.41%    passed     99.99%
  16  JJ23|Cluster-46647.0__TRINITY_DN6203_c0_g1_i5.p1          28.57%    passed     80.51%
  17  JJ130|Cluster-4819.3__TRINITY_DN24032_c0_g1_i7.p1         31.51%    passed     90.09%
  18  DE643|Cluster-7785.0__TRINITY_DN16921_c2_g1_i1.p1         71.01%    passed     90.21%
  19  DE534|Cluster-64628.1__TRINITY_DN18008_c0_g1_i3.p1         5.46%    passed     98.63%
  20  JJ15|Cluster-21974.1__TRINITY_DN8088_c0_g1_i7.p1           5.04%    passed     99.97%
  21  DE88|Cluster-30831.1__TRINITY_DN3403_c0_g3_i2.p1          14.71%    passed     99.69%
  22  DE504|Cluster-12004.0__TRINITY_DN12891_c1_g1_i2.p1        48.32%    passed    100.00%
  23  DE504|Cluster-25100.0__TRINITY_DN12891_c1_g1_i4.p1        57.98%    passed     97.33%
  24  DE541|Cluster-48728.5__TRINITY_DN24638_c0_g1_i2.p1        45.80%    passed     86.68%
  25  JJ131|Cluster-61841.0__TRINITY_DN13086_c0_g2_i2.p1        11.34%    passed     99.99%
  26  DE550|Cluster-45855.8__TRINITY_DN9784_c3_g1_i4.p1         56.72%    passed     96.56%
  27  DE736|Cluster-58340.3__TRINITY_DN10694_c0_g1_i15.p1       62.18%    passed     99.91%
  28  DE503|Cluster-45965.0__TRINITY_DN11160_c0_g3_i1.p1         2.52%    passed    100.00%
  29  SRR3407087|Cluster-12376.1__TRINITY_DN5112_c0_g2_i2.p1    25.21%    passed    100.00%
  30  DE505|Cluster-9585.0__TRINITY_DN32218_c0_g3_i1.p1         55.88%    passed     99.98%
  31  DE510|Cluster-17979.0__TRINITY_DN3300_c0_g1_i2.p1         67.65%    passed     99.71%
  32  SRR3407092|Cluster-12713.0__TRINITY_DN28070_c0_g1_i1.p1   55.88%    passed     99.92%
  33  SRR3407088|Cluster-10541.0__TRINITY_DN12793_c0_g1_i4.p1   44.12%    passed     99.98%
  34  SRR3407086|Cluster-13844.0__TRINITY_DN9700_c0_g2_i1.p1    41.18%    passed     99.99%
  35  DE69|Cluster-45547.0__TRINITY_DN11110_c0_g1_i1.p1         41.60%    passed    100.00%
  36  SRR3407096|Cluster-29728.1__TRINITY_DN2441_c0_g1_i5.p1     5.46%    passed     99.95%
  37  DE523|Cluster-48465.0__TRINITY_DN753_c0_g1_i2.p1           5.46%    passed     99.82%
  38  DE561|Cluster-24534.0__TRINITY_DN7559_c0_g1_i1.p1         32.35%    passed     99.99%
  39  SRR3424066|Cluster-33958.0__TRINITY_DN9630_c1_g1_i1.p1    19.33%    passed    100.00%
WARNING: 14 sequences contain more than 50% gaps/ambiguity
****  TOTAL                                                     37.36%  0 sequences failed composition chi2 test (p-value<5%; df=60)
Reading input tree file tmp.csubst.nwk ... rooted tree

NOTE: 22 MB RAM (0 GB) is required!
Measuring multi-threading efficiency up to 1 CPU cores
2 trees examined
Threads: 1 / Time: 1.114 sec / Speedup: 1.000 / Efficiency: 100% / LogL: -6890
BEST NUMBER OF THREADS: 1

Estimate model parameters (epsilon = 0.010)
1. Initial log-likelihood: -5659.547
2. Current log-likelihood: -4938.775
3. Current log-likelihood: -4938.670
4. Current log-likelihood: -4938.647
Optimal log-likelihood: -4938.638
Nonsynonymous/synonymous ratio (omega): 1.000
Transition/transversion ratio (kappa): 1.000
Site proportion and rates:  (0.513,0.369) (0.282,1.122) (0.175,2.306) (0.030,3.041)
Parameters optimization took 4 rounds (15.169 sec)
Wrote distance file to... 
BEST SCORE FOUND : -4938.638
Ancestral state probabilities printed to /mnt/data0/yue/2026-03-11-protein-convergence/results/OG_2435/csubst_w_s/csubst_input_alignment.fa.state
Empirical proportions for each category: 0.576 0.248 0.176 0.000
Site rates printed to /mnt/data0/yue/2026-03-11-protein-convergence/results/OG_2435/csubst_w_s/csubst_input_alignment.fa.rate
Total tree length: 5.790

Total number of iterations: 0
CPU time used for tree search: 0.000 sec (0h:0m:0s)
Wall-clock time used for tree search: 0.000 sec (0h:0m:0s)
Total CPU time used: 16.990 sec (0h:0m:16s)
Total wall-clock time used: 17.052 sec (0h:0m:17s)

Analysis results written to: 
  IQ-TREE report:                /mnt/data0/yue/2026-03-11-protein-convergence/results/OG_2435/csubst_w_s/csubst_input_alignment.fa.iqtree
  Maximum-likelihood tree:       /mnt/data0/yue/2026-03-11-protein-convergence/results/OG_2435/csubst_w_s/csubst_input_alignment.fa.treefile
  Site-specific rates:           /mnt/data0/yue/2026-03-11-protein-convergence/results/OG_2435/csubst_w_s/csubst_input_alignment.fa.rate
  Ancestral state:               /mnt/data0/yue/2026-03-11-protein-convergence/results/OG_2435/csubst_w_s/csubst_input_alignment.fa.state
  Screen log file:               /mnt/data0/yue/2026-03-11-protein-convergence/results/OG_2435/csubst_w_s/csubst_input_alignment.fa.log

Date and Time: Fri Mar 27 04:32:58 2026
