IQ-TREE multicore version 2.4.0 for Linux x86 64-bit built Feb 12 2025
Developed by Bui Quang Minh, Nguyen Lam Tung, Olga Chernomor, Heiko Schmidt,
Dominik Schrempf, Michael Woodhams, Ly Trong Nhan, Thomas Wong

Host:    brain (AVX2, FMA3, 2015 GB RAM)
Command: /home/yue/miniconda3/envs/py39/bin/iqtree -s /mnt/data0/yue/2026-03-11-protein-convergence/results/OG_9959/csubst_w_s/csubst_input_alignment.fa -te tmp.csubst.nwk -m ECMK07+F+R4 --seqtype CODON1 --threads-max 1 -T AUTO --ancestral --rate --redo
Seed:    87198 (Using SPRNG - Scalable Parallel Random Number Generator)
Time:    Sat Mar 28 06:40:27 2026
Kernel:  AVX+FMA - auto-detect threads (128 CPU cores detected)

Reading alignment file /mnt/data0/yue/2026-03-11-protein-convergence/results/OG_9959/csubst_w_s/csubst_input_alignment.fa ... Fasta format detected
Reading fasta file: done in 0.00359681 secs using 24.97% CPU
Alignment most likely contains DNA/RNA sequences
Converting to codon sequences with genetic code 1 ...
WARNING: 1 sites contain only gaps or ambiguous characters.
Alignment has 68 sequences with 484 columns, 440 distinct patterns
169 parsimony-informative, 130 singleton sites, 185 constant sites
                                                               Gap/Ambiguity  Composition  p-value
Analyzing sequences: done in 0.000184938 secs using 98.95% CPU
   1  DE115|Cluster-11867.0__TRINITY_DN13524_c3_g1_i1.p1              29.55%    passed    100.00%
   2  DE162|Cluster-23379.0__TRINITY_DN36752_c0_g1_i1.p1              16.94%    passed     99.66%
   3  DE507|Cluster-15965.0__TRINITY_DN32185_c0_g2_i1.p1               0.21%    passed    100.00%
   4  DE623|Cluster-48607.0__TRINITY_DN14228_c0_g1_i1.p1               0.21%    passed    100.00%
   5  DE523|Cluster-17339.0__TRINITY_DN33155_c0_g1_i1.p1               0.21%    passed    100.00%
   6  DE563|Cluster-17090.0__TRINITY_DN85940_c0_g1_i1.p1               0.21%    passed    100.00%
   7  SRR3407096|Cluster-30580.0__TRINITY_DN33940_c0_g1_i1.p1         29.55%    passed    100.00%
   8  DE704-white|Cluster-9515.0__TRINITY_DN82185_c0_g1_i1.p1          0.21%    passed    100.00%
   9  DE216|Cluster-65346.1__TRINITY_DN16971_c0_g1_i4.p1               0.21%    passed    100.00%
  10  JJ15|Cluster-74086.0__TRINITY_DN25252_c0_g1_i5.p1                0.21%    passed    100.00%
  11  DE534|Cluster-72728.1__TRINITY_DN6750_c0_g2_i4.p1                0.21%    passed    100.00%
  12  DE542|Cluster-17155.0__TRINITY_DN13259_c0_g1_i12.p1              0.21%    passed    100.00%
  13  DE536|Cluster-50731.0__TRINITY_DN12392_c0_g1_i2.p1               0.21%    passed    100.00%
  14  JJ130|Cluster-24579.0__TRINITY_DN7058_c1_g1_i1.p1                0.21%    passed    100.00%
  15  DE666|Cluster-46109.0__TRINITY_DN15678_c0_g1_i2.p1              55.37%    passed     99.44%
  16  DE164|Cluster-3059.0__TRINITY_DN7303_c0_g3_i1.p1                 0.21%    passed    100.00%
  17  DE229|Cluster-9901.0__TRINITY_DN203126_c0_g1_i1.p1               0.21%    passed    100.00%
  18  JJ23|Cluster-10034.0__TRINITY_DN50153_c0_g1_i1.p1                0.21%    passed    100.00%
  19  DE575|Cluster-20075.0__TRINITY_DN57856_c0_g1_i1.p1               0.21%    passed    100.00%
  20  DE681|Cluster-31785.0__TRINITY_DN36137_c0_g2_i1.p1               0.21%    passed    100.00%
  21  DE126|Cluster-15157.0__TRINITY_DN16167_c0_g1_i1.p1               0.21%    passed    100.00%
  22  JJ99|Cluster-45759.1__TRINITY_DN3797_c1_g1_i5.p1                 0.21%    passed    100.00%
  23  DE668|Cluster-15487.0__TRINITY_DN20780_c0_g1_i1.p1               0.21%    passed    100.00%
  24  DE151|Cluster-47753.0__TRINITY_DN33166_c0_g1_i2.p1               0.21%    passed    100.00%
  25  JJ109|Cluster-44625.0__TRINITY_DN38888_c0_g1_i1.p1               0.21%    passed    100.00%
  26  DE88|Cluster-37711.0__TRINITY_DN12396_c0_g2_i1.p1                0.21%    passed    100.00%
  27  DE173|Cluster-40015.0__TRINITY_DN31788_c0_g1_i1.p1               0.21%    passed    100.00%
  28  DE504|Cluster-56820.0__TRINITY_DN27900_c0_g1_i1.p1               0.21%    passed    100.00%
  29  DE672|Cluster-25948.0__TRINITY_DN22601_c0_g2_i2.p1               0.21%    passed    100.00%
  30  DE737|Cluster-10833.0__TRINITY_DN10933_c2_g1_i1.p1               0.21%    passed    100.00%
  31  DE531|Cluster-15620.0__TRINITY_DN7685_c0_g1_i2.p1                0.21%    passed    100.00%
  32  DE509|Cluster-38340.0__TRINITY_DN638_c0_g1_i17.p1                0.21%    passed    100.00%
  33  DE736|Cluster-21680.2__TRINITY_DN6182_c0_g1_i3.p1                0.21%    passed    100.00%
  34  DE764|Cluster-42638.0__TRINITY_DN1092_c1_g1_i13.p1               0.21%    passed    100.00%
  35  DE643|Cluster-71079.2__TRINITY_DN2881_c0_g1_i26.p1               0.21%    passed    100.00%
  36  DE519|Cluster-65623.0__TRINITY_DN54296_c0_g1_i1.p1               0.21%    passed    100.00%
  37  DE741|Cluster-55575.0__TRINITY_DN8620_c2_g1_i1.p1                0.21%    passed    100.00%
  38  DE560|Cluster-1014.0__TRINITY_DN57635_c0_g1_i1.p1                0.21%    passed    100.00%
  39  JJ74|Cluster-73073.0__TRINITY_DN45355_c0_g1_i1.p1               16.94%    passed    100.00%
  40  DE671|Cluster-60285.0__TRINITY_DN3208_c0_g1_i7.p1                0.21%    passed    100.00%
  41  JJ85|Cluster-21773.0__TRINITY_DN16328_c0_g2_i1.p1                0.21%    passed    100.00%
  42  DE546_urceolata_l|Cluster-4041.0__TRINITY_DN24526_c0_g1_i1.p1    0.21%    passed    100.00%
  43  DE152|Cluster-51877.0__TRINITY_DN211_c2_g1_i1.p1                29.55%    passed    100.00%
  44  JJ86|Cluster-54054.0__TRINITY_DN44007_c0_g1_i1.p1                0.21%    passed    100.00%
  45  SRR3424066|Cluster-13037.0__TRINITY_DN11304_c1_g1_i1.p1         70.25%    passed     51.62%
  46  DE181|Cluster-16292.0__TRINITY_DN9054_c0_g2_i1.p1                0.21%    passed    100.00%
  47  DE561|Cluster-43970.0__TRINITY_DN10390_c3_g1_i1.p1               0.21%    passed    100.00%
  48  SRR3407094|Cluster-11437.0__TRINITY_DN5975_c0_g2_i1.p1          37.81%    passed    100.00%
  49  SRR3407086|Cluster-69.0__TRINITY_DN14405_c0_g1_i1.p1            49.17%    passed     98.79%
  50  SRR3407087|Cluster-5783.0__TRINITY_DN24071_c0_g2_i1.p1          70.25%    passed     65.81%
  51  DE505|Cluster-10379.0__TRINITY_DN23475_c0_g1_i1.p1               0.21%    passed    100.00%
  52  SRR3407093|Cluster-27787.0__TRINITY_DN15228_c0_g1_i1.p1         70.25%    passed     65.81%
  53  DE503|Cluster-16179.0__TRINITY_DN48842_c0_g1_i1.p1               0.21%    passed    100.00%
  54  DE510|Cluster-32689.0__TRINITY_DN27618_c0_g4_i1.p1               0.21%    passed    100.00%
  55  SRR3407088|Cluster-33729.0__TRINITY_DN15282_c0_g2_i1.p1         73.14%    passed     67.61%
  56  SRR3407092|Cluster-8993.0__TRINITY_DN23385_c0_g2_i1.p1          37.81%    passed    100.00%
  57  DE566|Cluster-43909.2__TRINITY_DN15301_c0_g1_i5.p1               0.21%    passed    100.00%
  58  DE541|Cluster-26870.0__TRINITY_DN25885_c0_g1_i1.p1               0.21%    passed    100.00%
  59  DE476|Cluster-31913.0__TRINITY_DN18471_c0_g1_i4.p1               0.21%    passed    100.00%
  60  JJ89|Cluster-11212.0__TRINITY_DN9308_c0_g2_i1.p1                 0.21%    passed    100.00%
  61  DE550|Cluster-30805.0__TRINITY_DN13600_c1_g1_i1.p1               0.21%    passed    100.00%
  62  JJ36|Cluster-45373.0__TRINITY_DN2057_c0_g1_i27.p1                0.21%    passed    100.00%
  63  DE696-dots|Cluster-55886.1__TRINITY_DN23341_c0_g1_i12.p1         0.21%    passed    100.00%
  64  DE696-nodots|Cluster-34191.0__TRINITY_DN4425_c0_g1_i10.p1        0.21%    passed    100.00%
  65  JJ131|Cluster-68173.0__TRINITY_DN9853_c2_g1_i6.p1                0.21%    passed     99.87%
  66  DE127|Cluster-15495.0__TRINITY_DN60698_c0_g1_i1.p1              63.02%    passed     96.40%
  67  DE554|Cluster-127.0__TRINITY_DN115183_c0_g1_i1.p1               16.94%    passed    100.00%
  68  JJ125|Cluster-3031.0__TRINITY_DN27251_c0_g2_i1.p1               70.25%    passed     82.92%
WARNING: 7 sequences contain more than 50% gaps/ambiguity
****  TOTAL                                                           10.99%  0 sequences failed composition chi2 test (p-value<5%; df=60)
WARNING: States(s) CGC rarely appear in alignment and may cause numerical problems
Reading input tree file tmp.csubst.nwk ... rooted tree

NOTE: 64 MB RAM (0 GB) is required!
Measuring multi-threading efficiency up to 1 CPU cores
2 trees examined
Threads: 1 / Time: 3.231 sec / Speedup: 1.000 / Efficiency: 100% / LogL: -9669
BEST NUMBER OF THREADS: 1

Estimate model parameters (epsilon = 0.010)
1. Initial log-likelihood: -12099.078
2. Current log-likelihood: -6857.464
3. Current log-likelihood: -6856.874
4. Current log-likelihood: -6856.727
5. Current log-likelihood: -6856.627
6. Current log-likelihood: -6856.538
7. Current log-likelihood: -6856.453
8. Current log-likelihood: -6856.375
9. Current log-likelihood: -6856.304
10. Current log-likelihood: -6856.243
11. Current log-likelihood: -6856.191
12. Current log-likelihood: -6856.149
13. Current log-likelihood: -6856.116
14. Current log-likelihood: -6856.090
15. Current log-likelihood: -6856.070
16. Current log-likelihood: -6856.055
17. Current log-likelihood: -6856.043
Optimal log-likelihood: -6856.035
Nonsynonymous/synonymous ratio (omega): 1.000
Transition/transversion ratio (kappa): 1.000
Site proportion and rates:  (0.597,0.368) (0.235,1.066) (0.118,3.140) (0.050,3.188)
Parameters optimization took 17 rounds (174.996 sec)
Wrote distance file to... 
BEST SCORE FOUND : -6856.035
Ancestral state probabilities printed to /mnt/data0/yue/2026-03-11-protein-convergence/results/OG_9959/csubst_w_s/csubst_input_alignment.fa.state
Empirical proportions for each category: 0.709 0.149 0.143 0.000
Site rates printed to /mnt/data0/yue/2026-03-11-protein-convergence/results/OG_9959/csubst_w_s/csubst_input_alignment.fa.rate
Total tree length: 1.781

Total number of iterations: 0
CPU time used for tree search: 0.000 sec (0h:0m:0s)
Wall-clock time used for tree search: 0.000 sec (0h:0m:0s)
Total CPU time used: 179.992 sec (0h:2m:59s)
Total wall-clock time used: 180.398 sec (0h:3m:0s)

Analysis results written to: 
  IQ-TREE report:                /mnt/data0/yue/2026-03-11-protein-convergence/results/OG_9959/csubst_w_s/csubst_input_alignment.fa.iqtree
  Maximum-likelihood tree:       /mnt/data0/yue/2026-03-11-protein-convergence/results/OG_9959/csubst_w_s/csubst_input_alignment.fa.treefile
  Site-specific rates:           /mnt/data0/yue/2026-03-11-protein-convergence/results/OG_9959/csubst_w_s/csubst_input_alignment.fa.rate
  Ancestral state:               /mnt/data0/yue/2026-03-11-protein-convergence/results/OG_9959/csubst_w_s/csubst_input_alignment.fa.state
  Screen log file:               /mnt/data0/yue/2026-03-11-protein-convergence/results/OG_9959/csubst_w_s/csubst_input_alignment.fa.log

Date and Time: Sat Mar 28 06:43:27 2026
