IQ-TREE multicore version 2.4.0 for Linux x86 64-bit built Feb 12 2025
Developed by Bui Quang Minh, Nguyen Lam Tung, Olga Chernomor, Heiko Schmidt,
Dominik Schrempf, Michael Woodhams, Ly Trong Nhan, Thomas Wong

Host:    brain (AVX2, FMA3, 2015 GB RAM)
Command: /home/yue/miniconda3/envs/py39/bin/iqtree -s /mnt/data0/yue/2026-03-11-protein-convergence/results/OG_2309/csubst_w_s/csubst_input_alignment.fa -te tmp.csubst.nwk -m ECMK07+F+R4 --seqtype CODON1 --threads-max 1 -T AUTO --ancestral --rate --redo
Seed:    136858 (Using SPRNG - Scalable Parallel Random Number Generator)
Time:    Fri Mar 27 03:52:51 2026
Kernel:  AVX+FMA - auto-detect threads (128 CPU cores detected)

Reading alignment file /mnt/data0/yue/2026-03-11-protein-convergence/results/OG_2309/csubst_w_s/csubst_input_alignment.fa ... Fasta format detected
Reading fasta file: done in 0.00149268 secs
Alignment most likely contains DNA/RNA sequences
Converting to codon sequences with genetic code 1 ...
Alignment has 69 sequences with 432 columns, 427 distinct patterns
217 parsimony-informative, 139 singleton sites, 76 constant sites
                                                            Gap/Ambiguity  Composition  p-value
Analyzing sequences: done in 7.40141e-05 secs
   1  DE164|Cluster-30736.0__TRINITY_DN10355_c0_g2_i1.p1           39.58%    passed     99.92%
   2  DE671|Cluster-21640.0__TRINITY_DN4338_c0_g2_i15.p1           41.67%    passed    100.00%
   3  DE541|Cluster-16641.1__TRINITY_DN1900_c0_g2_i19.p1           21.53%    passed    100.00%
   4  DE519|Cluster-57330.2__TRINITY_DN2710_c2_g2_i4.p1            28.01%    passed    100.00%
   5  DE216|Cluster-49962.0__TRINITY_DN20504_c0_g1_i11.p1          50.46%    passed     99.70%
   6  JJ23|Cluster-13252.0__TRINITY_DN7302_c0_g1_i7.p1             13.89%    passed     89.38%
   7  DE566|Cluster-13371.2__TRINITY_DN2598_c2_g1_i14.p1           50.93%    passed     99.98%
   8  JJ99|Cluster-50135.0__TRINITY_DN5045_c0_g1_i12.p1             9.95%    passed    100.00%
   9  DE560|Cluster-38664.0__TRINITY_DN1511_c0_g1_i13.p1           13.89%    passed    100.00%
  10  DE554|Cluster-32497.0__TRINITY_DN3681_c0_g2_i1.p1             0.23%    passed    100.00%
  11  DE680|Cluster-53720.0__TRINITY_DN1508_c1_g1_i1.p1             0.00%    passed    100.00%
  12  DE536|Cluster-31905.0__TRINITY_DN192_c0_g2_i1.p1              0.00%    passed    100.00%
  13  DE152|Cluster-60327.0__TRINITY_DN11786_c0_g1_i3.p1            0.46%    passed    100.00%
  14  SRR104381|Cluster-21081.4__TRINITY_DN5467_c0_g1_i16.p1       33.10%    failed      1.79%
  15  DRR082665|Cluster-35343.0__TRINITY_DN1225_c1_g1_i2.p1         0.69%    passed     84.89%
  16  SRR11934227|Cluster-181354.3__TRINITY_DN103324_c0_g1_i9.p1    5.56%    failed      0.00%
  17  SRR3407095|Cluster-48219.0__TRINITY_DN6288_c0_g1_i1.p1       48.84%    passed     99.87%
  18  DE69|Cluster-52208.0__TRINITY_DN5097_c0_g2_i5.p1             51.62%    passed     99.97%
  19  DE510|Cluster-27146.0__TRINITY_DN1196_c0_g1_i10.p1           42.36%    passed    100.00%
  20  SRR3407087|Cluster-22295.0__TRINITY_DN4614_c0_g1_i2.p1       50.93%    passed     99.99%
  21  DE765|Cluster-20447.0__TRINITY_DN112_c4_g1_i2.p1              0.00%    passed    100.00%
  22  SRR3407092|Cluster-17028.0__TRINITY_DN4998_c0_g1_i2.p1        0.69%    passed    100.00%
  23  SRR3407094|Cluster-28890.0__TRINITY_DN4171_c0_g2_i1.p1        0.69%    passed    100.00%
  24  DE542|Cluster-35646.1__TRINITY_DN7337_c0_g2_i18.p1           17.82%    passed     99.93%
  25  JJ15|Cluster-60254.0__TRINITY_DN862_c3_g1_i3.p1              42.59%    passed     69.88%
  26  DE127|Cluster-46972.0__TRINITY_DN14676_c0_g1_i5.p1            0.00%    passed    100.00%
  27  DE505|Cluster-32664.1__TRINITY_DN667_c0_g1_i21.p1            14.35%    passed    100.00%
  28  DE189|Cluster-25138.0__TRINITY_DN3660_c0_g2_i1.p1            16.44%    passed    100.00%
  29  DE550|Cluster-26264.0__TRINITY_DN4815_c0_g2_i3.p1            13.66%    passed    100.00%
  30  DE476|Cluster-28661.0__TRINITY_DN6933_c1_g2_i2.p1            13.66%    passed    100.00%
  31  DE531|Cluster-55978.0__TRINITY_DN5189_c0_g1_i1.p1            15.74%    passed    100.00%
  32  DE534|Cluster-67417.0__TRINITY_DN2155_c0_g1_i11.p1           60.88%    passed     99.75%
  33  DE229|Cluster-55478.0__TRINITY_DN18977_c0_g2_i3.p1           39.81%    passed     99.97%
  34  DE623|Cluster-49055.0__TRINITY_DN2499_c1_g1_i2.p1            50.00%    passed     99.51%
  35  SRR3407093|Cluster-17156.0__TRINITY_DN5859_c0_g2_i2.p1       50.69%    passed    100.00%
  36  DE162|Cluster-19577.0__TRINITY_DN29850_c1_g1_i2.p1           34.26%    passed     75.63%
  37  DE704-white|Cluster-31979.1__TRINITY_DN8735_c0_g1_i30.p1     44.21%    passed     81.94%
  38  DE563|Cluster-6996.0__TRINITY_DN18807_c0_g1_i2.p1             0.00%    passed    100.00%
  39  JJ74|Cluster-129317.1__TRINITY_DN2227_c0_g1_i24.p1            0.23%    passed    100.00%
  40  DE668|Cluster-45128.0__TRINITY_DN31369_c0_g1_i3.p1            0.23%    passed     99.98%
  41  SRR3424066|Cluster-19044.0__TRINITY_DN3656_c0_g1_i1.p1       13.66%    passed    100.00%
  42  SRR3407088|Cluster-6884.1__TRINITY_DN5735_c0_g1_i6.p1        13.66%    passed    100.00%
  43  DE509|Cluster-25473.0__TRINITY_DN5821_c0_g1_i5.p1            46.76%    passed     99.31%
  44  DE115|Cluster-61395.0__TRINITY_DN21161_c0_g1_i4.p1           50.23%    passed     99.63%
  45  DE666|Cluster-36674.0__TRINITY_DN7441_c0_g1_i6.p1            50.23%    passed     99.99%
  46  DE173|Cluster-52075.0__TRINITY_DN351_c0_g1_i1.p1              0.00%    passed    100.00%
  47  DE549|Cluster-33929.0__TRINITY_DN19345_c0_g2_i5.p1           50.23%    passed    100.00%
  48  DE88|Cluster-31581.0__TRINITY_DN19510_c1_g2_i2.p1             0.00%    passed    100.00%
  49  DE696-dots|Cluster-53570.1__TRINITY_DN2896_c0_g1_i6.p1        0.00%    passed    100.00%
  50  DE696-nodots|Cluster-62866.0__TRINITY_DN2694_c0_g1_i6.p1     50.23%    passed    100.00%
  51  JJ36|Cluster-37667.0__TRINITY_DN17501_c0_g1_i9.p1             0.00%    passed    100.00%
  52  JJ130|Cluster-21381.0__TRINITY_DN18821_c0_g2_i2.p1            0.00%    passed    100.00%
  53  JJ89|Cluster-16846.0__TRINITY_DN1583_c0_g1_i2.p1              0.00%    passed    100.00%
  54  DRR234970|Cluster-20592.0__TRINITY_DN5388_c0_g1_i1.p1         0.00%    passed    100.00%
  55  DE504|Cluster-42697.0__TRINITY_DN8683_c0_g1_i43.p1           31.25%    passed    100.00%
  56  DE736|Cluster-61919.0__TRINITY_DN1206_c0_g1_i7.p1            50.69%    passed     99.99%
  57  DE741|Cluster-59149.0__TRINITY_DN6093_c0_g1_i5.p1            13.66%    passed    100.00%
  58  JJ85|Cluster-34510.0__TRINITY_DN3077_c0_g8_i3.p1             13.89%    passed    100.00%
  59  JJ125|Cluster-31275.0__TRINITY_DN13474_c0_g1_i27.p1          15.05%    passed    100.00%
  60  DE561|Cluster-42919.0__TRINITY_DN574_c0_g2_i2.p1              0.00%    passed    100.00%
  61  SRR3407086|Cluster-9939.0__TRINITY_DN1860_c0_g2_i1.p1         0.00%    passed    100.00%
  62  SRR3407096|Cluster-22272.0__TRINITY_DN2532_c0_g1_i1.p1        0.23%    passed    100.00%
  63  DE151|Cluster-59252.1__TRINITY_DN21603_c0_g1_i15.p1          44.21%    passed     84.48%
  64  DE643|Cluster-74132.0__TRINITY_DN1849_c0_g1_i1.p1             0.00%    passed    100.00%
  65  DE764|Cluster-37517.0__TRINITY_DN551_c3_g2_i1.p1             33.10%    passed     97.87%
  66  DE672|Cluster-49009.0__TRINITY_DN1172_c0_g2_i15.p1            0.00%    passed    100.00%
  67  DE737|Cluster-10467.0__TRINITY_DN900_c2_g1_i2.p1              0.00%    passed    100.00%
  68  DRR082660|Cluster-46270.0__TRINITY_DN803_c1_g1_i1.p1          0.23%    passed    100.00%
  69  JJ131|Cluster-21675.1__TRINITY_DN1917_c0_g1_i4.p1             2.08%    passed    100.00%
WARNING: 11 sequences contain more than 50% gaps/ambiguity
****  TOTAL                                                        20.28%  2 sequences failed composition chi2 test (p-value<5%; df=60)
WARNING: States(s) CGC rarely appear in alignment and may cause numerical problems
Reading input tree file tmp.csubst.nwk ... rooted tree

NOTE: 63 MB RAM (0 GB) is required!
Measuring multi-threading efficiency up to 1 CPU cores
2 trees examined
Threads: 1 / Time: 4.072 sec / Speedup: 1.000 / Efficiency: 100% / LogL: -11670
BEST NUMBER OF THREADS: 1

Estimate model parameters (epsilon = 0.010)
1. Initial log-likelihood: -12753.024
2. Current log-likelihood: -9359.816
3. Current log-likelihood: -9359.508
4. Current log-likelihood: -9359.377
5. Current log-likelihood: -9359.309
6. Current log-likelihood: -9359.266
7. Current log-likelihood: -9359.230
8. Current log-likelihood: -9359.195
9. Current log-likelihood: -9359.158
10. Current log-likelihood: -9359.114
11. Current log-likelihood: -9359.062
12. Current log-likelihood: -9359.000
13. Current log-likelihood: -9358.924
14. Current log-likelihood: -9358.836
15. Current log-likelihood: -9358.740
16. Current log-likelihood: -9358.644
17. Current log-likelihood: -9358.560
18. Current log-likelihood: -9358.492
19. Current log-likelihood: -9358.443
20. Current log-likelihood: -9358.409
21. Current log-likelihood: -9358.386
22. Current log-likelihood: -9358.371
Optimal log-likelihood: -9358.362
Nonsynonymous/synonymous ratio (omega): 1.000
Transition/transversion ratio (kappa): 1.000
Site proportion and rates:  (0.595,0.359) (0.313,1.156) (0.048,3.366) (0.044,5.963)
Parameters optimization took 22 rounds (200.038 sec)
Wrote distance file to... 
BEST SCORE FOUND : -9358.362
Ancestral state probabilities printed to /mnt/data0/yue/2026-03-11-protein-convergence/results/OG_2309/csubst_w_s/csubst_input_alignment.fa.state
Empirical proportions for each category: 0.648 0.273 0.032 0.046
Site rates printed to /mnt/data0/yue/2026-03-11-protein-convergence/results/OG_2309/csubst_w_s/csubst_input_alignment.fa.rate
Total tree length: 4.710

Total number of iterations: 0
CPU time used for tree search: 0.000 sec (0h:0m:0s)
Wall-clock time used for tree search: 0.000 sec (0h:0m:0s)
Total CPU time used: 205.873 sec (0h:3m:25s)
Total wall-clock time used: 206.063 sec (0h:3m:26s)

Analysis results written to: 
  IQ-TREE report:                /mnt/data0/yue/2026-03-11-protein-convergence/results/OG_2309/csubst_w_s/csubst_input_alignment.fa.iqtree
  Maximum-likelihood tree:       /mnt/data0/yue/2026-03-11-protein-convergence/results/OG_2309/csubst_w_s/csubst_input_alignment.fa.treefile
  Site-specific rates:           /mnt/data0/yue/2026-03-11-protein-convergence/results/OG_2309/csubst_w_s/csubst_input_alignment.fa.rate
  Ancestral state:               /mnt/data0/yue/2026-03-11-protein-convergence/results/OG_2309/csubst_w_s/csubst_input_alignment.fa.state
  Screen log file:               /mnt/data0/yue/2026-03-11-protein-convergence/results/OG_2309/csubst_w_s/csubst_input_alignment.fa.log

Date and Time: Fri Mar 27 03:56:17 2026
