IQ-TREE multicore version 2.4.0 for Linux x86 64-bit built Feb 12 2025
Developed by Bui Quang Minh, Nguyen Lam Tung, Olga Chernomor, Heiko Schmidt,
Dominik Schrempf, Michael Woodhams, Ly Trong Nhan, Thomas Wong

Host:    brain (AVX2, FMA3, 2015 GB RAM)
Command: /home/yue/miniconda3/envs/py39/bin/iqtree -s /mnt/data0/yue/2026-03-11-protein-convergence/results/OG_10308/csubst_w_s/csubst_input_alignment.fa -te tmp.csubst.nwk -m ECMK07+F+R4 --seqtype CODON1 --threads-max 1 -T AUTO --ancestral --rate --redo
Seed:    847432 (Using SPRNG - Scalable Parallel Random Number Generator)
Time:    Thu Mar 26 20:39:39 2026
Kernel:  AVX+FMA - auto-detect threads (128 CPU cores detected)

Reading alignment file /mnt/data0/yue/2026-03-11-protein-convergence/results/OG_10308/csubst_w_s/csubst_input_alignment.fa ... Fasta format detected
Reading fasta file: done in 0.00126648 secs
Alignment most likely contains DNA/RNA sequences
Converting to codon sequences with genetic code 1 ...
WARNING: 1 sites contain only gaps or ambiguous characters.
Alignment has 63 sequences with 393 columns, 381 distinct patterns
186 parsimony-informative, 137 singleton sites, 70 constant sites
                                                               Gap/Ambiguity  Composition  p-value
Analyzing sequences: done in 5.79804e-05 secs
   1  DE623|Cluster-38491.0__TRINITY_DN2746_c0_g1_i7.p1                9.41%    passed    100.00%
   2  DE476|Cluster-51877.0__TRINITY_DN62945_c0_g1_i1.p1               1.27%    passed    100.00%
   3  DE531|Cluster-50842.0__TRINITY_DN21358_c0_g1_i1.p1               0.25%    passed    100.00%
   4  DE696-nodots|Cluster-29707.0__TRINITY_DN16047_c0_g1_i1.p1        0.25%    passed    100.00%
   5  DE696-dots|Cluster-24617.0__TRINITY_DN44507_c0_g1_i1.p1          0.25%    passed    100.00%
   6  DE509|Cluster-34052.0__TRINITY_DN9339_c1_g1_i8.p1                4.33%    passed    100.00%
   7  DE88|Cluster-10662.0__TRINITY_DN13670_c0_g1_i1.p1                0.25%    passed    100.00%
   8  DE549|Cluster-50776.0__TRINITY_DN14021_c0_g1_i4.p1               0.25%    passed    100.00%
   9  DE643|Cluster-12684.0__TRINITY_DN100051_c0_g1_i1.p1              0.25%    passed    100.00%
  10  DE671|Cluster-40688.0__TRINITY_DN12224_c0_g1_i1.p1               0.25%    passed    100.00%
  11  DE737|Cluster-32921.0__TRINITY_DN8881_c0_g1_i1.p1                0.25%    passed    100.00%
  12  DE672|Cluster-23886.0__TRINITY_DN9927_c0_g1_i2.p1                0.25%    passed    100.00%
  13  DE504|Cluster-26547.0__TRINITY_DN6315_c0_g1_i1.p1               35.88%    passed     99.97%
  14  DE550|Cluster-39797.0__TRINITY_DN21969_c0_g1_i2.p1               0.25%    passed    100.00%
  15  JJ130|Cluster-31633.0__TRINITY_DN3862_c0_g1_i5.p1                0.25%    passed    100.00%
  16  JJ85|Cluster-33080.0__TRINITY_DN16706_c0_g1_i4.p1                9.41%    passed     99.87%
  17  JJ89|Cluster-37408.0__TRINITY_DN15216_c0_g1_i2.p1               35.88%    passed     99.99%
  18  DE127|Cluster-19426.0__TRINITY_DN16915_c2_g1_i4.p1              38.93%    passed     99.70%
  19  DE229|Cluster-73807.0__TRINITY_DN28551_c0_g1_i2.p1              41.73%    passed     99.97%
  20  DE704-white|Cluster-60843.0__TRINITY_DN10753_c0_g2_i1.p1         0.25%    passed    100.00%
  21  DE528|Cluster-62021.0__TRINITY_DN7397_c0_g1_i1.p1                0.25%    passed    100.00%
  22  JJ125|Cluster-7756.0__TRINITY_DN5613_c1_g2_i1.p1                38.93%    passed     99.97%
  23  DE563|Cluster-54449.0__TRINITY_DN5659_c0_g1_i2.p1                0.25%    passed    100.00%
  24  DE680|Cluster-21416.0__TRINITY_DN1975_c2_g1_i2.p1               50.13%    passed     98.34%
  25  DE216|Cluster-53337.0__TRINITY_DN8871_c0_g1_i3.p1               38.93%    passed     99.99%
  26  JJ15|Cluster-34662.0__TRINITY_DN9863_c0_g3_i1.p1                38.93%    passed    100.00%
  27  DE536|Cluster-14264.0__TRINITY_DN67060_c0_g1_i2.p1               0.25%    passed    100.00%
  28  DE560|Cluster-18371.0__TRINITY_DN9550_c0_g1_i1.p1                0.25%    passed    100.00%
  29  DE534|Cluster-60323.0__TRINITY_DN18463_c0_g1_i5.p1               0.25%    passed    100.00%
  30  DE542|Cluster-53112.0__TRINITY_DN90420_c0_g1_i1.p1               0.25%    passed    100.00%
  31  DE181|Cluster-47058.0__TRINITY_DN23504_c0_g2_i1.p1               0.25%    passed    100.00%
  32  SRR3407086|Cluster-7267.0__TRINITY_DN83972_c0_g1_i3.p1           0.25%    passed    100.00%
  33  DE510|Cluster-50533.0__TRINITY_DN8361_c0_g1_i1.p1                0.25%    passed    100.00%
  34  SRR3407087|Cluster-6792.0__TRINITY_DN9742_c0_g1_i1.p1            0.25%    passed    100.00%
  35  DE503|Cluster-38009.0__TRINITY_DN23267_c0_g1_i1.p1               0.25%    passed    100.00%
  36  DE505|Cluster-44333.0__TRINITY_DN7675_c0_g1_i3.p1               38.93%    passed     99.99%
  37  DE561|Cluster-3069.0__TRINITY_DN35083_c0_g1_i1.p1                0.25%    passed    100.00%
  38  SRR3407088|Cluster-18790.0__TRINITY_DN17245_c0_g1_i1.p1         38.93%    passed     99.94%
  39  SRR3407093|Cluster-26995.0__TRINITY_DN38682_c0_g1_i1.p1          0.51%    passed    100.00%
  40  SRR3407092|Cluster-19659.0__TRINITY_DN38360_c0_g1_i1.p1         38.93%    passed     99.97%
  41  SRR3424066|Cluster-12060.0__TRINITY_DN8570_c0_g1_i1.p1           0.25%    passed    100.00%
  42  DE519|Cluster-16532.0__TRINITY_DN21087_c0_g1_i1.p1              38.93%    passed     99.83%
  43  DE668|Cluster-56582.0__TRINITY_DN96357_c0_g1_i1.p1               0.25%    passed    100.00%
  44  JJ99|Cluster-16613.0__TRINITY_DN47159_c0_g1_i1.p1               38.93%    passed     99.99%
  45  DE151|Cluster-27020.1__TRINITY_DN1700_c0_g1_i5.p1               38.93%    passed     99.59%
  46  JJ109|Cluster-33105.0__TRINITY_DN16503_c0_g1_i2.p1               0.25%    passed    100.00%
  47  DE736|Cluster-24817.0__TRINITY_DN120566_c0_g1_i1.p1              0.25%    passed    100.00%
  48  DE764|Cluster-36404.0__TRINITY_DN23588_c0_g1_i2.p1               0.25%    passed    100.00%
  49  DRR082660|Cluster-35761.0__TRINITY_DN19110_c0_g1_i1.p1           0.25%    passed    100.00%
  50  JJ74|Cluster-104804.0__TRINITY_DN6487_c0_g1_i5.p1               47.84%    passed     90.58%
  51  SRR3407096|Cluster-5384.0__TRINITY_DN7421_c0_g2_i1.p1            0.25%    passed    100.00%
  52  DE69|Cluster-39054.0__TRINITY_DN12756_c0_g1_i4.p1                0.25%    passed    100.00%
  53  SRR3407095|Cluster-13560.0__TRINITY_DN54764_c0_g1_i1.p1          0.25%    passed    100.00%
  54  DE546_urceolata_l|Cluster-32220.0__TRINITY_DN3611_c0_g1_i1.p1    3.05%    passed    100.00%
  55  JJ86|Cluster-43346.0__TRINITY_DN3360_c0_g1_i2.p1                 0.25%    passed    100.00%
  56  DE554|Cluster-44685.0__TRINITY_DN14363_c0_g1_i1.p1               9.16%    passed    100.00%
  57  DE765|Cluster-37978.0__TRINITY_DN12728_c0_g1_i3.p1               0.25%    passed    100.00%
  58  DE575|Cluster-50028.0__TRINITY_DN9081_c0_g1_i3.p1                0.25%    passed    100.00%
  59  DE681|Cluster-52304.0__TRINITY_DN17246_c0_g1_i2.p1              47.84%    passed     99.78%
  60  DE666|Cluster-29629.0__TRINITY_DN8944_c0_g1_i3.p1                1.78%    passed    100.00%
  61  DE152|Cluster-56531.0__TRINITY_DN23374_c0_g1_i2.p1               0.51%    passed    100.00%
  62  SRR5150740|Cluster-5955.0__TRINITY_DN11619_c0_g1_i3.p1           7.89%    passed     97.25%
  63  SRR11748982|Cluster-23695.0__TRINITY_DN10359_c0_g2_i1.p1        15.52%    passed     83.87%
WARNING: 1 sequences contain more than 50% gaps/ambiguity
****  TOTAL                                                           11.44%  0 sequences failed composition chi2 test (p-value<5%; df=60)
Reading input tree file tmp.csubst.nwk ... rooted tree

NOTE: 52 MB RAM (0 GB) is required!
Measuring multi-threading efficiency up to 1 CPU cores
2 trees examined
Threads: 1 / Time: 2.737 sec / Speedup: 1.000 / Efficiency: 100% / LogL: -10424
BEST NUMBER OF THREADS: 1

Estimate model parameters (epsilon = 0.010)
1. Initial log-likelihood: -10869.781
2. Current log-likelihood: -7708.451
3. Current log-likelihood: -7695.084
4. Current log-likelihood: -7695.072
5. Current log-likelihood: -7695.061
Optimal log-likelihood: -7695.052
Nonsynonymous/synonymous ratio (omega): 1.000
Transition/transversion ratio (kappa): 1.000
Site proportion and rates:  (0.514,0.452) (0.326,1.152) (0.149,2.339) (0.011,4.083)
Parameters optimization took 5 rounds (43.403 sec)
Wrote distance file to... 
BEST SCORE FOUND : -7695.052
Ancestral state probabilities printed to /mnt/data0/yue/2026-03-11-protein-convergence/results/OG_10308/csubst_w_s/csubst_input_alignment.fa.state
Empirical proportions for each category: 0.575 0.303 0.117 0.005
Site rates printed to /mnt/data0/yue/2026-03-11-protein-convergence/results/OG_10308/csubst_w_s/csubst_input_alignment.fa.rate
Total tree length: 2.995

Total number of iterations: 0
CPU time used for tree search: 0.000 sec (0h:0m:0s)
Wall-clock time used for tree search: 0.000 sec (0h:0m:0s)
Total CPU time used: 47.534 sec (0h:0m:47s)
Total wall-clock time used: 47.752 sec (0h:0m:47s)

Analysis results written to: 
  IQ-TREE report:                /mnt/data0/yue/2026-03-11-protein-convergence/results/OG_10308/csubst_w_s/csubst_input_alignment.fa.iqtree
  Maximum-likelihood tree:       /mnt/data0/yue/2026-03-11-protein-convergence/results/OG_10308/csubst_w_s/csubst_input_alignment.fa.treefile
  Site-specific rates:           /mnt/data0/yue/2026-03-11-protein-convergence/results/OG_10308/csubst_w_s/csubst_input_alignment.fa.rate
  Ancestral state:               /mnt/data0/yue/2026-03-11-protein-convergence/results/OG_10308/csubst_w_s/csubst_input_alignment.fa.state
  Screen log file:               /mnt/data0/yue/2026-03-11-protein-convergence/results/OG_10308/csubst_w_s/csubst_input_alignment.fa.log

Date and Time: Thu Mar 26 20:40:27 2026
