IQ-TREE multicore version 2.4.0 for Linux x86 64-bit built Feb 12 2025
Developed by Bui Quang Minh, Nguyen Lam Tung, Olga Chernomor, Heiko Schmidt,
Dominik Schrempf, Michael Woodhams, Ly Trong Nhan, Thomas Wong

Host:    brain (AVX2, FMA3, 2015 GB RAM)
Command: /home/yue/miniconda3/envs/py39/bin/iqtree -s /mnt/data0/yue/2026-03-11-protein-convergence/results/OG_7570/csubst_w_s/csubst_input_alignment.fa -te tmp.csubst.nwk -m ECMK07+F+R4 --seqtype CODON1 --threads-max 1 -T AUTO --ancestral --rate --redo
Seed:    538072 (Using SPRNG - Scalable Parallel Random Number Generator)
Time:    Sat Mar 28 01:08:42 2026
Kernel:  AVX+FMA - auto-detect threads (128 CPU cores detected)

Reading alignment file /mnt/data0/yue/2026-03-11-protein-convergence/results/OG_7570/csubst_w_s/csubst_input_alignment.fa ... Fasta format detected
Reading fasta file: done in 0.00201534 secs using 75.77% CPU
Alignment most likely contains DNA/RNA sequences
Converting to codon sequences with genetic code 1 ...
WARNING: 1 sites contain only gaps or ambiguous characters.
Alignment has 59 sequences with 664 columns, 650 distinct patterns
352 parsimony-informative, 192 singleton sites, 120 constant sites
                                                               Gap/Ambiguity  Composition  p-value
Analyzing sequences: done in 9.94802e-05 secs using 99.52% CPU
   1  DE560|Cluster-48409.0__TRINITY_DN10723_c0_g1_i4.p1              40.51%    passed     85.77%
   2  DE115|Cluster-60817.0__TRINITY_DN4652_c0_g1_i30.p1              51.81%    passed     99.25%
   3  JJ131|Cluster-23092.0__TRINITY_DN3460_c0_g1_i4.p1               27.26%    passed    100.00%
   4  DE216|Cluster-81374.0__TRINITY_DN1133_c0_g1_i1.p1               27.71%    passed    100.00%
   5  DE542|Cluster-60183.0__TRINITY_DN1609_c0_g1_i4.p1                5.72%    passed    100.00%
   6  DE173|Cluster-54845.0__TRINITY_DN8613_c0_g1_i8.p1               43.37%    passed     96.10%
   7  DE127|Cluster-525.0__TRINITY_DN11641_c0_g1_i1.p1                 1.05%    passed    100.00%
   8  JJ15|Cluster-57405.1__TRINITY_DN2988_c0_g2_i2.p1                24.10%    passed     99.94%
   9  DE643|Cluster-64768.0__TRINITY_DN2804_c0_g1_i5.p1               51.05%    passed     92.08%
  10  DE737|Cluster-48479.0__TRINITY_DN14586_c0_g1_i1.p1              27.56%    passed    100.00%
  11  DE671|Cluster-31225.0__TRINITY_DN882_c0_g1_i4.p1                51.51%    passed     99.38%
  12  DE696-dots|Cluster-49163.0__TRINITY_DN6801_c0_g1_i3.p1          40.81%    passed     99.97%
  13  DE534|Cluster-66291.0__TRINITY_DN5244_c0_g2_i2.p1               27.26%    passed    100.00%
  14  DE151|Cluster-38259.0__TRINITY_DN5653_c0_g1_i2.p1               40.81%    passed     99.92%
  15  DE88|Cluster-26107.0__TRINITY_DN4601_c0_g1_i1.p1                 0.45%    passed    100.00%
  16  DE681|Cluster-44941.0__TRINITY_DN695_c0_g1_i7.p1                40.81%    passed     96.68%
  17  JJ86|Cluster-41984.0__TRINITY_DN10194_c0_g2_i3.p1               40.96%    passed     98.47%
  18  DE623|Cluster-42894.1__TRINITY_DN7004_c0_g1_i4.p1               13.86%    passed    100.00%
  19  DE680|Cluster-57828.0__TRINITY_DN7276_c0_g1_i1.p1               40.96%    passed     90.60%
  20  DE668|Cluster-58490.0__TRINITY_DN5835_c0_g1_i1.p1               15.36%    passed    100.00%
  21  DE519|Cluster-1129.0__TRINITY_DN29_c1_g1_i10.p1                  0.45%    passed    100.00%
  22  DE741|Cluster-5699.0__TRINITY_DN9320_c0_g1_i1.p1                49.70%    passed     98.86%
  23  DE162|Cluster-43189.0__TRINITY_DN3470_c0_g1_i2.p1               27.11%    passed    100.00%
  24  DE704-white|Cluster-67390.0__TRINITY_DN6876_c0_g1_i3.p1         27.11%    passed    100.00%
  25  DE507|Cluster-58190.0__TRINITY_DN24806_c0_g1_i4.p1              27.11%    passed    100.00%
  26  DE528|Cluster-33845.0__TRINITY_DN4943_c0_g1_i1.p1               27.11%    passed    100.00%
  27  DE704-purple|Cluster-62538.0__TRINITY_DN1591_c1_g1_i5.p1        27.11%    passed    100.00%
  28  DE546_urceolata_l|Cluster-31785.0__TRINITY_DN3644_c0_g1_i6.p1    0.45%    passed    100.00%
  29  DE566|Cluster-34139.0__TRINITY_DN28193_c0_g1_i2.p1               0.45%    passed    100.00%
  30  DE523|Cluster-29881.0__TRINITY_DN631_c0_g1_i2.p1                49.70%    passed     97.99%
  31  SRR3407086|Cluster-13045.0__TRINITY_DN93407_c0_g1_i1.p1         27.11%    passed    100.00%
  32  DE561|Cluster-934.0__TRINITY_DN12246_c0_g1_i1.p1                 0.45%    passed    100.00%
  33  SRR3424066|Cluster-14866.0__TRINITY_DN36391_c0_g1_i1.p1          0.45%    passed    100.00%
  34  DE69|Cluster-7137.0__TRINITY_DN19154_c0_g1_i1.p1                27.11%    passed    100.00%
  35  SRR3407095|Cluster-2544.0__TRINITY_DN24113_c0_g1_i1.p1           0.45%    passed    100.00%
  36  JJ99|Cluster-20773.0__TRINITY_DN22162_c0_g1_i4.p1                1.51%    passed    100.00%
  37  DE563|Cluster-28159.0__TRINITY_DN3952_c0_g1_i1.p1                7.08%    passed    100.00%
  38  SRR3407093|Cluster-19466.0__TRINITY_DN17419_c0_g1_i1.p1          0.45%    passed    100.00%
  39  DE505|Cluster-38546.0__TRINITY_DN12704_c0_g1_i5.p1              16.72%    passed    100.00%
  40  DE510|Cluster-49604.0__TRINITY_DN47565_c0_g1_i2.p1               0.45%    passed    100.00%
  41  DE476|Cluster-20219.0__TRINITY_DN6039_c0_g7_i1.p1                0.45%    passed    100.00%
  42  DE541|Cluster-1378.0__TRINITY_DN11192_c2_g1_i1.p1                0.45%    passed    100.00%
  43  DE504|Cluster-27304.0__TRINITY_DN649_c1_g1_i4.p1                27.56%    passed    100.00%
  44  DE549|Cluster-20319.0__TRINITY_DN7446_c0_g1_i8.p1                0.90%    passed    100.00%
  45  DE736|Cluster-57218.0__TRINITY_DN8581_c0_g1_i3.p1               27.11%    passed    100.00%
  46  DE764|Cluster-23508.0__TRINITY_DN8660_c1_g1_i4.p1               44.28%    passed     94.34%
  47  JJ89|Cluster-31485.0__TRINITY_DN6928_c1_g1_i3.p1                27.11%    passed    100.00%
  48  JJ109|Cluster-41834.0__TRINITY_DN10785_c0_g1_i3.p1              27.56%    passed     99.99%
  49  DE696-nodots|Cluster-63542.0__TRINITY_DN2436_c0_g1_i3.p1        42.92%    passed     99.25%
  50  JJ36|Cluster-29384.0__TRINITY_DN14719_c0_g1_i2.p1               42.92%    passed     99.23%
  51  DE550|Cluster-48187.0__TRINITY_DN11403_c0_g1_i4.p1              42.92%    passed     82.32%
  52  JJ85|Cluster-31611.0__TRINITY_DN2856_c0_g1_i6.p1                48.95%    passed     95.64%
  53  DE672|Cluster-57756.0__TRINITY_DN1003_c0_g1_i3.p1               40.96%    passed     99.93%
  54  DE181|Cluster-49017.0__TRINITY_DN3216_c0_g1_i2.p1               23.95%    passed     99.51%
  55  DRR082660|Cluster-6680.0__TRINITY_DN9746_c0_g1_i2.p1             0.75%    passed    100.00%
  56  JJ125|Cluster-15236.0__TRINITY_DN5348_c0_g1_i2.p1               23.80%    passed     99.98%
  57  SRR3407096|Cluster-11009.0__TRINITY_DN2709_c0_g2_i2.p1          23.49%    passed     99.96%
  58  JJ23|Cluster-35620.0__TRINITY_DN13385_c0_g1_i3.p1               23.19%    passed     99.90%
  59  SRR11748982|Cluster-45563.1__TRINITY_DN136_c0_g1_i11.p1         15.81%    failed      0.02%
WARNING: 3 sequences contain more than 50% gaps/ambiguity
****  TOTAL                                                           24.00%  1 sequences failed composition chi2 test (p-value<5%; df=60)
Reading input tree file tmp.csubst.nwk ... rooted tree

NOTE: 79 MB RAM (0 GB) is required!
Measuring multi-threading efficiency up to 1 CPU cores
2 trees examined
Threads: 1 / Time: 4.132 sec / Speedup: 1.000 / Efficiency: 100% / LogL: -19189
BEST NUMBER OF THREADS: 1

Estimate model parameters (epsilon = 0.010)
1. Initial log-likelihood: -17901.021
2. Current log-likelihood: -13607.465
3. Current log-likelihood: -13579.380
4. Current log-likelihood: -13579.315
5. Current log-likelihood: -13579.277
6. Current log-likelihood: -13579.247
7. Current log-likelihood: -13579.224
8. Current log-likelihood: -13579.204
9. Current log-likelihood: -13579.188
10. Current log-likelihood: -13579.173
11. Current log-likelihood: -13579.162
12. Current log-likelihood: -13579.151
Optimal log-likelihood: -13579.141
Nonsynonymous/synonymous ratio (omega): 1.000
Transition/transversion ratio (kappa): 1.000
Site proportion and rates:  (0.511,0.427) (0.378,1.264) (0.095,2.473) (0.016,4.292)
Parameters optimization took 12 rounds (144.327 sec)
Wrote distance file to... 
BEST SCORE FOUND : -13579.141
Ancestral state probabilities printed to /mnt/data0/yue/2026-03-11-protein-convergence/results/OG_7570/csubst_w_s/csubst_input_alignment.fa.state
Empirical proportions for each category: 0.541 0.389 0.062 0.009
Site rates printed to /mnt/data0/yue/2026-03-11-protein-convergence/results/OG_7570/csubst_w_s/csubst_input_alignment.fa.rate
Total tree length: 4.011

Total number of iterations: 0
CPU time used for tree search: 0.000 sec (0h:0m:0s)
Wall-clock time used for tree search: 0.000 sec (0h:0m:0s)
Total CPU time used: 150.585 sec (0h:2m:30s)
Total wall-clock time used: 150.946 sec (0h:2m:30s)

Analysis results written to: 
  IQ-TREE report:                /mnt/data0/yue/2026-03-11-protein-convergence/results/OG_7570/csubst_w_s/csubst_input_alignment.fa.iqtree
  Maximum-likelihood tree:       /mnt/data0/yue/2026-03-11-protein-convergence/results/OG_7570/csubst_w_s/csubst_input_alignment.fa.treefile
  Site-specific rates:           /mnt/data0/yue/2026-03-11-protein-convergence/results/OG_7570/csubst_w_s/csubst_input_alignment.fa.rate
  Ancestral state:               /mnt/data0/yue/2026-03-11-protein-convergence/results/OG_7570/csubst_w_s/csubst_input_alignment.fa.state
  Screen log file:               /mnt/data0/yue/2026-03-11-protein-convergence/results/OG_7570/csubst_w_s/csubst_input_alignment.fa.log

Date and Time: Sat Mar 28 01:11:13 2026
