IQ-TREE multicore version 2.4.0 for Linux x86 64-bit built Feb 12 2025
Developed by Bui Quang Minh, Nguyen Lam Tung, Olga Chernomor, Heiko Schmidt,
Dominik Schrempf, Michael Woodhams, Ly Trong Nhan, Thomas Wong

Host:    brain (AVX2, FMA3, 2015 GB RAM)
Command: /home/yue/miniconda3/envs/py39/bin/iqtree -s /mnt/data0/yue/2026-03-11-protein-convergence/results/OG_2404/csubst_w_s/csubst_input_alignment.fa -te tmp.csubst.nwk -m ECMK07+F+R4 --seqtype CODON1 --threads-max 1 -T AUTO --ancestral --rate --redo
Seed:    924349 (Using SPRNG - Scalable Parallel Random Number Generator)
Time:    Fri Mar 27 04:25:00 2026
Kernel:  AVX+FMA - auto-detect threads (128 CPU cores detected)

Reading alignment file /mnt/data0/yue/2026-03-11-protein-convergence/results/OG_2404/csubst_w_s/csubst_input_alignment.fa ... Fasta format detected
Reading fasta file: done in 0.00252609 secs using 33.29% CPU
Alignment most likely contains DNA/RNA sequences
Converting to codon sequences with genetic code 1 ...
Alignment has 79 sequences with 283 columns, 270 distinct patterns
170 parsimony-informative, 68 singleton sites, 45 constant sites
                                                                Gap/Ambiguity  Composition  p-value
Analyzing sequences: done in 0.000114188 secs using 98.96% CPU
   1  DRR234970|Cluster-36846.0__TRINITY_DN11306_c0_g1_i1.p1            0.35%    passed     98.73%
   2  SRR5150740|Cluster-69827.0__TRINITY_DN3115_c0_g1_i17.p1           0.35%    passed     99.16%
   3  DE765|Cluster-28737.1__TRINITY_DN4168_c0_g2_i1.p1                 0.35%    passed    100.00%
   4  DE151|Cluster-6383.0__TRINITY_DN182_c2_g3_i1.p1                   0.35%    passed    100.00%
   5  JJ109|Cluster-15562.0__TRINITY_DN7377_c0_g1_i1.p1                 0.35%    passed    100.00%
   6  JJ125|Cluster-26993.0__TRINITY_DN6892_c0_g1_i3.p1                 0.35%    passed    100.00%
   7  DE476|Cluster-36879.0__TRINITY_DN6290_c0_g1_i1.p1                 0.35%    passed    100.00%
   8  DE741|Cluster-50416.0__TRINITY_DN11418_c0_g1_i1.p1                0.35%    passed    100.00%
   9  JJ131|Cluster-65803.1__TRINITY_DN5394_c0_g1_i3.p1                 0.35%    passed    100.00%
  10  DE510|Cluster-11233.0__TRINITY_DN23823_c0_g1_i5.p1                0.35%    passed    100.00%
  11  SRR3407087|Cluster-26718.0__TRINITY_DN8838_c0_g7_i1.p1            0.35%    passed    100.00%
  12  DE216|Cluster-47949.0__TRINITY_DN10912_c0_g2_i2.p1                0.35%    passed    100.00%
  13  DE536|Cluster-49347.0__TRINITY_DN2440_c0_g1_i2.p1                 0.35%    passed    100.00%
  14  DE546_urceolata_l|Cluster-15814.0__TRINITY_DN17270_c0_g1_i1.p1    0.35%    passed    100.00%
  15  DE519|Cluster-43749.0__TRINITY_DN99543_c0_g1_i1.p1                0.35%    passed    100.00%
  16  DE534|Cluster-43600.0__TRINITY_DN9956_c0_g1_i1.p1                 0.71%    passed    100.00%
  17  DE542|Cluster-63543.0__TRINITY_DN9358_c0_g1_i3.p1                 0.35%    passed    100.00%
  18  JJ15|Cluster-57070.1__TRINITY_DN32624_c0_g1_i6.p1                 0.35%    passed    100.00%
  19  DE668|Cluster-18948.1__TRINITY_DN55163_c0_g2_i2.p1                0.35%    passed    100.00%
  20  DE115|Cluster-16992.0__TRINITY_DN37169_c0_g1_i1.p1                0.35%    passed    100.00%
  21  DE704-purple|Cluster-61181.0__TRINITY_DN14467_c0_g1_i2.p1        57.24%    passed     81.91%
  22  DE575|Cluster-10072.0__TRINITY_DN11804_c0_g1_i1.p1                0.35%    passed    100.00%
  23  DE681|Cluster-36828.0__TRINITY_DN10591_c0_g1_i6.p1                0.35%    passed    100.00%
  24  DE680|Cluster-27189.2__TRINITY_DN24202_c0_g1_i4.p1                0.35%    passed    100.00%
  25  DE541|Cluster-51946.0__TRINITY_DN5106_c0_g1_i4.p1                 0.35%    passed    100.00%
  26  DE126|Cluster-39428.0__TRINITY_DN7803_c0_g1_i2.p1                 0.35%    passed    100.00%
  27  DE554|Cluster-39263.2__TRINITY_DN5363_c0_g1_i6.p1                23.67%    passed    100.00%
  28  DE127|Cluster-40112.0__TRINITY_DN12406_c0_g1_i2.p1                0.35%    passed    100.00%
  29  DE563|Cluster-42903.0__TRINITY_DN11236_c0_g1_i4.p1                0.35%    passed    100.00%
  30  DE666|Cluster-13750.0__TRINITY_DN14619_c0_g1_i3.p1                0.35%    passed    100.00%
  31  DE173|Cluster-6879.0__TRINITY_DN5773_c0_g1_i2.p1                  0.35%    passed    100.00%
  32  DE189|Cluster-29769.0__TRINITY_DN9924_c0_g1_i2.p1                 0.35%    passed    100.00%
  33  JJ130|Cluster-15728.0__TRINITY_DN3677_c1_g1_i1.p1                 0.35%    passed    100.00%
  34  DE88|Cluster-9200.0__TRINITY_DN10306_c0_g1_i2.p1                  0.35%    passed    100.00%
  35  DE164|Cluster-32724.0__TRINITY_DN4693_c0_g3_i3.p1                 0.35%    passed    100.00%
  36  DE671|Cluster-43677.0__TRINITY_DN16907_c0_g1_i2.p1                0.35%    passed    100.00%
  37  DE643|Cluster-80863.1__TRINITY_DN25465_c0_g1_i5.p1                0.35%    passed    100.00%
  38  DE549|Cluster-45980.0__TRINITY_DN13839_c0_g1_i1.p1                0.35%    passed    100.00%
  39  DE550|Cluster-49734.0__TRINITY_DN19845_c0_g1_i2.p1                0.35%    passed    100.00%
  40  DE737|Cluster-57201.0__TRINITY_DN3969_c0_g1_i2.p1                 0.35%    passed    100.00%
  41  DE560|Cluster-39446.0__TRINITY_DN7026_c0_g1_i2.p1                 0.35%    passed    100.00%
  42  DE672|Cluster-27452.7__TRINITY_DN11594_c0_g1_i1.p1                0.35%    passed    100.00%
  43  DE504|Cluster-30917.0__TRINITY_DN7046_c1_g1_i1.p1                 0.35%    passed    100.00%
  44  DE736|Cluster-37264.0__TRINITY_DN7517_c0_g1_i4.p1                 0.35%    passed    100.00%
  45  DE509|Cluster-38894.0__TRINITY_DN12233_c0_g1_i1.p1                0.35%    passed    100.00%
  46  DE764|Cluster-36381.0__TRINITY_DN11947_c0_g1_i1.p1                0.35%    passed    100.00%
  47  DE531|Cluster-50539.0__TRINITY_DN10787_c0_g1_i2.p1                0.35%    passed    100.00%
  48  JJ36|Cluster-15224.0__TRINITY_DN3661_c1_g1_i2.p1                  0.35%    passed    100.00%
  49  DE696-dots|Cluster-16987.0__TRINITY_DN7259_c0_g1_i1.p1            0.35%    passed    100.00%
  50  DE696-nodots|Cluster-59622.0__TRINITY_DN3488_c2_g1_i1.p1          0.35%    passed    100.00%
  51  DE181|Cluster-52728.0__TRINITY_DN84892_c0_g1_i3.p1                0.35%    passed    100.00%
  52  SRR3407086|Cluster-18462.0__TRINITY_DN10110_c0_g1_i1.p1           0.35%    passed    100.00%
  53  SRR3407092|Cluster-14662.0__TRINITY_DN9153_c0_g1_i3.p1            0.35%    passed    100.00%
  54  DE505|Cluster-57514.0__TRINITY_DN1909_c0_g4_i1.p1                 0.35%    passed    100.00%
  55  DE503|Cluster-30583.0__TRINITY_DN9259_c0_g1_i2.p1                 0.35%    passed    100.00%
  56  SRR3407093|Cluster-5545.0__TRINITY_DN3821_c0_g1_i11.p1            0.35%    passed    100.00%
  57  DE523|Cluster-25722.0__TRINITY_DN10952_c0_g1_i1.p1                0.35%    passed    100.00%
  58  SRR3407096|Cluster-23420.0__TRINITY_DN9281_c0_g1_i1.p1            0.35%    passed    100.00%
  59  SRR3407094|Cluster-21467.0__TRINITY_DN5941_c0_g1_i23.p1          19.79%    passed    100.00%
  60  DE561|Cluster-23320.0__TRINITY_DN7916_c0_g1_i1.p1                 0.35%    passed    100.00%
  61  SRR3424066|Cluster-27364.0__TRINITY_DN43809_c0_g1_i1.p1           0.35%    passed    100.00%
  62  SRR3407088|Cluster-30154.0__TRINITY_DN6073_c0_g1_i2.p1            0.35%    passed    100.00%
  63  DE69|Cluster-36155.0__TRINITY_DN11151_c0_g1_i1.p1                 0.35%    passed    100.00%
  64  SRR3407095|Cluster-41578.0__TRINITY_DN11638_c0_g1_i1.p1           0.35%    passed    100.00%
  65  DE152|Cluster-63923.1__TRINITY_DN16711_c0_g1_i4.p1                0.35%    passed    100.00%
  66  JJ89|Cluster-6256.0__TRINITY_DN2642_c1_g1_i2.p1                   0.35%    passed    100.00%
  67  JJ86|Cluster-55029.1__TRINITY_DN9497_c0_g2_i6.p1                  0.35%    passed    100.00%
  68  DE566|Cluster-19914.0__TRINITY_DN18938_c0_g1_i3.p1                0.35%    passed    100.00%
  69  JJ74|Cluster-6212.0__TRINITY_DN52397_c4_g1_i1.p1                  0.35%    passed    100.00%
  70  DE623|Cluster-49720.1__TRINITY_DN8030_c0_g1_i4.p1                 0.35%    passed    100.00%
  71  DRR082660|Cluster-4857.0__TRINITY_DN5748_c0_g1_i1.p1              0.35%    passed    100.00%
  72  JJ85|Cluster-16777.0__TRINITY_DN23139_c0_g1_i1.p1                 0.35%    passed    100.00%
  73  DE229|Cluster-90624.0__TRINITY_DN6059_c0_g1_i1.p1                 0.35%    passed    100.00%
  74  JJ23|Cluster-49170.1__TRINITY_DN8390_c0_g1_i4.p1                  0.35%    passed    100.00%
  75  JJ99|Cluster-21869.0__TRINITY_DN23023_c0_g1_i4.p1                 0.35%    passed    100.00%
  76  DE507|Cluster-69980.0__TRINITY_DN12075_c0_g1_i3.p1                0.35%    passed    100.00%
  77  DE704-white|Cluster-71490.2__TRINITY_DN11329_c0_g1_i1.p1          0.35%    passed    100.00%
  78  DE528|Cluster-42408.3__TRINITY_DN33764_c0_g1_i8.p1                0.71%    passed    100.00%
  79  SRR11748982|Cluster-31731.1__TRINITY_DN4392_c0_g1_i2.p1          30.74%    passed     73.23%
WARNING: 1 sequences contain more than 50% gaps/ambiguity
****  TOTAL                                                             2.01%  0 sequences failed composition chi2 test (p-value<5%; df=60)
Reading input tree file tmp.csubst.nwk ... rooted tree

NOTE: 49 MB RAM (0 GB) is required!
Measuring multi-threading efficiency up to 1 CPU cores
2 trees examined
Threads: 1 / Time: 2.668 sec / Speedup: 1.000 / Efficiency: 100% / LogL: -10083
BEST NUMBER OF THREADS: 1

Estimate model parameters (epsilon = 0.010)
1. Initial log-likelihood: -9985.277
2. Current log-likelihood: -6723.228
3. Current log-likelihood: -6721.488
4. Current log-likelihood: -6720.439
5. Current log-likelihood: -6713.527
6. Current log-likelihood: -6712.874
7. Current log-likelihood: -6712.827
8. Current log-likelihood: -6712.807
9. Current log-likelihood: -6712.684
10. Current log-likelihood: -6712.674
Optimal log-likelihood: -6712.669
Nonsynonymous/synonymous ratio (omega): 1.000
Transition/transversion ratio (kappa): 1.000
Site proportion and rates:  (0.518,0.417) (0.398,1.204) (0.080,3.364) (0.004,8.615)
Parameters optimization took 10 rounds (92.924 sec)
Wrote distance file to... 
BEST SCORE FOUND : -6712.669
Ancestral state probabilities printed to /mnt/data0/yue/2026-03-11-protein-convergence/results/OG_2404/csubst_w_s/csubst_input_alignment.fa.state
Empirical proportions for each category: 0.555 0.367 0.074 0.004
Site rates printed to /mnt/data0/yue/2026-03-11-protein-convergence/results/OG_2404/csubst_w_s/csubst_input_alignment.fa.rate
Total tree length: 3.840

Total number of iterations: 0
CPU time used for tree search: 0.000 sec (0h:0m:0s)
Wall-clock time used for tree search: 0.000 sec (0h:0m:0s)
Total CPU time used: 97.068 sec (0h:1m:37s)
Total wall-clock time used: 97.405 sec (0h:1m:37s)

Analysis results written to: 
  IQ-TREE report:                /mnt/data0/yue/2026-03-11-protein-convergence/results/OG_2404/csubst_w_s/csubst_input_alignment.fa.iqtree
  Maximum-likelihood tree:       /mnt/data0/yue/2026-03-11-protein-convergence/results/OG_2404/csubst_w_s/csubst_input_alignment.fa.treefile
  Site-specific rates:           /mnt/data0/yue/2026-03-11-protein-convergence/results/OG_2404/csubst_w_s/csubst_input_alignment.fa.rate
  Ancestral state:               /mnt/data0/yue/2026-03-11-protein-convergence/results/OG_2404/csubst_w_s/csubst_input_alignment.fa.state
  Screen log file:               /mnt/data0/yue/2026-03-11-protein-convergence/results/OG_2404/csubst_w_s/csubst_input_alignment.fa.log

Date and Time: Fri Mar 27 04:26:38 2026
