IQ-TREE multicore version 2.4.0 for Linux x86 64-bit built Feb 12 2025
Developed by Bui Quang Minh, Nguyen Lam Tung, Olga Chernomor, Heiko Schmidt,
Dominik Schrempf, Michael Woodhams, Ly Trong Nhan, Thomas Wong

Host:    brain (AVX2, FMA3, 2015 GB RAM)
Command: /home/yue/miniconda3/envs/py39/bin/iqtree -s /mnt/data0/yue/2026-03-11-protein-convergence/results/OG_5452/csubst_w_s/csubst_input_alignment.fa -te tmp.csubst.nwk -m ECMK07+F+R4 --seqtype CODON1 --threads-max 1 -T AUTO --ancestral --rate --redo
Seed:    741955 (Using SPRNG - Scalable Parallel Random Number Generator)
Time:    Fri Mar 27 18:02:35 2026
Kernel:  AVX+FMA - auto-detect threads (128 CPU cores detected)

Reading alignment file /mnt/data0/yue/2026-03-11-protein-convergence/results/OG_5452/csubst_w_s/csubst_input_alignment.fa ... Fasta format detected
Reading fasta file: done in 0.00412032 secs using 52.81% CPU
Alignment most likely contains DNA/RNA sequences
Converting to codon sequences with genetic code 1 ...
WARNING: 1 sites contain only gaps or ambiguous characters.
Alignment has 77 sequences with 1131 columns, 1024 distinct patterns
532 parsimony-informative, 292 singleton sites, 307 constant sites
                                                               Gap/Ambiguity  Composition  p-value
Analyzing sequences: done in 0.000182942 secs using 24.6% CPU
   1  JJ131|Cluster-29524.0__TRINITY_DN793_c0_g1_i1.p1                 0.09%    passed    100.00%
   2  DE534|Cluster-33636.0__TRINITY_DN9457_c0_g2_i1.p1                0.27%    passed    100.00%
   3  JJ23|Cluster-22501.0__TRINITY_DN44602_c0_g1_i1.p1                1.06%    passed    100.00%
   4  DE164|Cluster-33492.0__TRINITY_DN9598_c0_g1_i1.p1                0.09%    passed    100.00%
   5  DE671|Cluster-29612.0__TRINITY_DN16728_c0_g1_i2.p1               0.09%    passed    100.00%
   6  DE643|Cluster-31983.0__TRINITY_DN1876_c1_g1_i3.p1                0.09%    passed    100.00%
   7  DE189|Cluster-30882.0__TRINITY_DN7988_c0_g1_i3.p1                0.09%    passed    100.00%
   8  DRR234970|Cluster-6314.0__TRINITY_DN5575_c1_g1_i1.p1             0.09%    passed    100.00%
   9  SRR104381|Cluster-15998.0__TRINITY_DN27619_c0_g1_i1.p1           0.09%    passed    100.00%
  10  DE764|Cluster-26993.2__TRINITY_DN1916_c1_g1_i1.p1               39.35%    passed     99.90%
  11  DE550|Cluster-7209.0__TRINITY_DN12435_c0_g1_i2.p1               37.84%    passed     99.36%
  12  DE151|Cluster-57749.0__TRINITY_DN7486_c0_g1_i17.p1              15.30%    passed     99.97%
  13  DE173|Cluster-57472.0__TRINITY_DN5093_c0_g1_i11.p1              46.95%    passed     92.25%
  14  DE88|Cluster-38738.0__TRINITY_DN4000_c1_g1_i1.p1                39.70%    passed     99.07%
  15  JJ109|Cluster-45421.0__TRINITY_DN292_c0_g1_i7.p1                25.20%    passed     99.17%
  16  SRR3407094|Cluster-35534.0__TRINITY_DN10174_c1_g1_i1.p1         19.36%    passed     99.97%
  17  DE69|Cluster-24422.0__TRINITY_DN344_c4_g1_i2.p1                  0.09%    passed    100.00%
  18  SRR3407095|Cluster-2727.0__TRINITY_DN7489_c0_g1_i1.p1            0.09%    passed    100.00%
  19  DE181|Cluster-45448.0__TRINITY_DN418_c0_g1_i2.p1                38.37%    passed     98.40%
  20  DE561|Cluster-25059.0__TRINITY_DN14679_c0_g1_i2.p1              45.62%    passed     96.79%
  21  DE536|Cluster-5912.0__TRINITY_DN55974_c0_g1_i1.p1                0.09%    passed    100.00%
  22  DE554|Cluster-7760.0__TRINITY_DN13368_c0_g1_i2.p1               44.56%    passed     96.93%
  23  JJ74|Cluster-77301.0__TRINITY_DN30836_c0_g1_i2.p1               46.33%    passed     96.28%
  24  DE115|Cluster-63603.0__TRINITY_DN7354_c0_g2_i3.p1                0.09%    passed    100.00%
  25  JJ86|Cluster-21328.0__TRINITY_DN77349_c0_g1_i1.p1                0.09%    passed    100.00%
  26  DE162|Cluster-46944.0__TRINITY_DN22422_c0_g1_i2.p1               0.09%    passed    100.00%
  27  DE528|Cluster-6111.0__TRINITY_DN85081_c0_g1_i1.p1                0.09%    passed    100.00%
  28  DE507|Cluster-21233.0__TRINITY_DN4081_c0_g1_i2.p1                0.09%    passed    100.00%
  29  DE704-purple|Cluster-60253.0__TRINITY_DN5159_c0_g1_i5.p1         0.09%    passed    100.00%
  30  DE704-white|Cluster-36357.0__TRINITY_DN5792_c0_g1_i1.p1          0.09%    passed    100.00%
  31  DE765|Cluster-18994.0__TRINITY_DN6742_c0_g1_i1.p1                0.09%    passed    100.00%
  32  DE575|Cluster-30661.2__TRINITY_DN1135_c0_g1_i7.p1               46.95%    passed     92.85%
  33  DE623|Cluster-37459.0__TRINITY_DN12047_c0_g1_i2.p1               0.09%    passed    100.00%
  34  DE680|Cluster-41708.0__TRINITY_DN6953_c0_g1_i2.p1                0.09%    passed    100.00%
  35  DE127|Cluster-43962.0__TRINITY_DN5922_c0_g1_i2.p1                0.09%    passed    100.00%
  36  DE666|Cluster-26815.0__TRINITY_DN37727_c0_g1_i1.p1               0.09%    passed    100.00%
  37  DE668|Cluster-32665.0__TRINITY_DN86530_c0_g1_i1.p1               0.09%    passed    100.00%
  38  DE126|Cluster-30778.0__TRINITY_DN119_c1_g1_i1.p1                 0.09%    passed    100.00%
  39  DE546_urceolata_l|Cluster-36235.0__TRINITY_DN2558_c0_g1_i1.p1    0.09%    passed    100.00%
  40  DE216|Cluster-59466.1__TRINITY_DN21571_c0_g1_i2.p1               0.18%    passed    100.00%
  41  JJ15|Cluster-57859.0__TRINITY_DN24376_c0_g1_i2.p1                0.18%    passed    100.00%
  42  DE542|Cluster-9416.0__TRINITY_DN7314_c2_g1_i1.p1                 0.09%    passed    100.00%
  43  DE152|Cluster-16795.0__TRINITY_DN3016_c0_g1_i5.p1               15.38%    passed    100.00%
  44  DE229|Cluster-31198.0__TRINITY_DN3980_c0_g1_i1.p1                0.09%    passed    100.00%
  45  JJ99|Cluster-20147.0__TRINITY_DN3957_c0_g2_i3.p1                 0.09%    passed    100.00%
  46  JJ130|Cluster-37139.0__TRINITY_DN264_c1_g1_i1.p1                 0.09%    passed    100.00%
  47  DE549|Cluster-18099.0__TRINITY_DN44307_c0_g1_i1.p1               0.09%    passed    100.00%
  48  DE736|Cluster-5031.0__TRINITY_DN4630_c0_g1_i1.p1                 0.09%    passed    100.00%
  49  DE531|Cluster-41479.0__TRINITY_DN48684_c0_g1_i1.p1               0.09%    passed    100.00%
  50  DE672|Cluster-40542.0__TRINITY_DN128504_c0_g1_i1.p1              0.09%    passed    100.00%
  51  DE696-nodots|Cluster-58897.1__TRINITY_DN12469_c1_g1_i8.p1        0.09%    passed    100.00%
  52  JJ36|Cluster-7555.0__TRINITY_DN15258_c0_g1_i1.p1                 0.09%    passed    100.00%
  53  DE696-dots|Cluster-12406.0__TRINITY_DN6233_c0_g1_i1.p1           0.09%    passed    100.00%
  54  DE541|Cluster-13669.0__TRINITY_DN40938_c0_g1_i1.p1               0.09%    passed    100.00%
  55  DE476|Cluster-14483.0__TRINITY_DN10480_c1_g1_i1.p1               0.09%    passed    100.00%
  56  JJ89|Cluster-16689.0__TRINITY_DN2501_c0_g1_i1.p1                 0.09%    passed    100.00%
  57  DE737|Cluster-54099.0__TRINITY_DN4098_c0_g1_i2.p1                0.09%    passed    100.00%
  58  DE504|Cluster-23781.0__TRINITY_DN4682_c0_g1_i1.p1                0.09%    passed    100.00%
  59  JJ85|Cluster-348.0__TRINITY_DN62283_c0_g1_i1.p1                  0.09%    passed    100.00%
  60  DE503|Cluster-41229.0__TRINITY_DN7551_c0_g1_i1.p1                0.09%    passed    100.00%
  61  DE510|Cluster-39239.0__TRINITY_DN4793_c0_g1_i1.p1                0.09%    passed    100.00%
  62  SRR3407087|Cluster-36982.0__TRINITY_DN14342_c0_g1_i1.p1          0.09%    passed    100.00%
  63  SRR3407092|Cluster-37268.1__TRINITY_DN7485_c1_g1_i5.p1           0.09%    passed    100.00%
  64  DE505|Cluster-34148.0__TRINITY_DN4627_c0_g2_i1.p1                0.09%    passed    100.00%
  65  SRR3407093|Cluster-29758.0__TRINITY_DN7662_c0_g1_i1.p1           0.09%    passed    100.00%
  66  SRR3407086|Cluster-9641.0__TRINITY_DN60845_c0_g1_i1.p1           0.09%    passed    100.00%
  67  SRR3424066|Cluster-16084.0__TRINITY_DN18307_c0_g1_i1.p1         15.38%    passed    100.00%
  68  SRR3407088|Cluster-5340.0__TRINITY_DN12662_c0_g2_i1.p1          15.38%    passed    100.00%
  69  SRR3407096|Cluster-13750.0__TRINITY_DN596_c1_g1_i1.p1            0.09%    passed    100.00%
  70  DE523|Cluster-48214.0__TRINITY_DN81905_c0_g1_i1.p1               0.09%    passed    100.00%
  71  DE741|Cluster-26838.0__TRINITY_DN4455_c0_g1_i1.p1                0.09%    passed    100.00%
  72  DE519|Cluster-2549.0__TRINITY_DN1383_c0_g1_i1.p1                 0.09%    passed    100.00%
  73  DE560|Cluster-48100.0__TRINITY_DN6132_c0_g1_i1.p1                0.09%    passed    100.00%
  74  DRR082660|Cluster-23882.0__TRINITY_DN18309_c0_g1_i2.p1          32.89%    passed     99.87%
  75  JJ125|Cluster-31170.1__TRINITY_DN1125_c0_g1_i19.p1               5.31%    passed    100.00%
  76  DE566|Cluster-52619.0__TRINITY_DN8383_c0_g1_i1.p1                0.09%    passed    100.00%
  77  DE509|Cluster-14904.0__TRINITY_DN38521_c0_g1_i1.p1               0.09%    passed    100.00%
****  TOTAL                                                            6.97%  0 sequences failed composition chi2 test (p-value<5%; df=60)
Reading input tree file tmp.csubst.nwk ... rooted tree

NOTE: 156 MB RAM (0 GB) is required!
Measuring multi-threading efficiency up to 1 CPU cores
2 trees examined
Threads: 1 / Time: 8.397 sec / Speedup: 1.000 / Efficiency: 100% / LogL: -30692
BEST NUMBER OF THREADS: 1

Estimate model parameters (epsilon = 0.010)
1. Initial log-likelihood: -34543.891
2. Current log-likelihood: -18773.905
3. Current log-likelihood: -18773.680
4. Current log-likelihood: -18773.525
5. Current log-likelihood: -18773.402
6. Current log-likelihood: -18773.301
7. Current log-likelihood: -18773.215
8. Current log-likelihood: -18773.142
9. Current log-likelihood: -18773.078
10. Current log-likelihood: -18773.022
11. Current log-likelihood: -18772.973
12. Current log-likelihood: -18772.929
13. Current log-likelihood: -18772.889
14. Current log-likelihood: -18772.854
15. Current log-likelihood: -18772.822
16. Current log-likelihood: -18772.792
17. Current log-likelihood: -18772.766
18. Current log-likelihood: -18772.742
19. Current log-likelihood: -18772.721
20. Current log-likelihood: -18772.701
21. Current log-likelihood: -18772.683
22. Current log-likelihood: -18772.667
23. Current log-likelihood: -18772.652
24. Current log-likelihood: -18772.638
25. Current log-likelihood: -18772.626
26. Current log-likelihood: -18772.615
27. Current log-likelihood: -18772.605
Optimal log-likelihood: -18772.596
Nonsynonymous/synonymous ratio (omega): 1.000
Transition/transversion ratio (kappa): 1.000
Site proportion and rates:  (0.570,0.467) (0.304,1.301) (0.076,1.868) (0.050,3.935)
Parameters optimization took 27 rounds (750.134 sec)
Wrote distance file to... 
BEST SCORE FOUND : -18772.596
Ancestral state probabilities printed to /mnt/data0/yue/2026-03-11-protein-convergence/results/OG_5452/csubst_w_s/csubst_input_alignment.fa.state
Empirical proportions for each category: 0.680 0.271 0.000 0.049
Site rates printed to /mnt/data0/yue/2026-03-11-protein-convergence/results/OG_5452/csubst_w_s/csubst_input_alignment.fa.rate
Total tree length: 2.202

Total number of iterations: 0
CPU time used for tree search: 0.000 sec (0h:0m:0s)
Wall-clock time used for tree search: 0.000 sec (0h:0m:0s)
Total CPU time used: 762.131 sec (0h:12m:42s)
Total wall-clock time used: 764.417 sec (0h:12m:44s)

Analysis results written to: 
  IQ-TREE report:                /mnt/data0/yue/2026-03-11-protein-convergence/results/OG_5452/csubst_w_s/csubst_input_alignment.fa.iqtree
  Maximum-likelihood tree:       /mnt/data0/yue/2026-03-11-protein-convergence/results/OG_5452/csubst_w_s/csubst_input_alignment.fa.treefile
  Site-specific rates:           /mnt/data0/yue/2026-03-11-protein-convergence/results/OG_5452/csubst_w_s/csubst_input_alignment.fa.rate
  Ancestral state:               /mnt/data0/yue/2026-03-11-protein-convergence/results/OG_5452/csubst_w_s/csubst_input_alignment.fa.state
  Screen log file:               /mnt/data0/yue/2026-03-11-protein-convergence/results/OG_5452/csubst_w_s/csubst_input_alignment.fa.log

Date and Time: Fri Mar 27 18:15:20 2026
