IQ-TREE multicore version 2.4.0 for Linux x86 64-bit built Feb 12 2025
Developed by Bui Quang Minh, Nguyen Lam Tung, Olga Chernomor, Heiko Schmidt,
Dominik Schrempf, Michael Woodhams, Ly Trong Nhan, Thomas Wong

Host:    brain (AVX2, FMA3, 2015 GB RAM)
Command: /home/yue/miniconda3/envs/py39/bin/iqtree -s /mnt/data0/yue/2026-03-11-protein-convergence/results/OG_8723/csubst_w_s/csubst_input_alignment.fa -te tmp.csubst.nwk -m ECMK07+F+R4 --seqtype CODON1 --threads-max 1 -T AUTO --ancestral --rate --redo
Seed:    88720 (Using SPRNG - Scalable Parallel Random Number Generator)
Time:    Sat Mar 28 04:12:15 2026
Kernel:  AVX+FMA - auto-detect threads (128 CPU cores detected)

Reading alignment file /mnt/data0/yue/2026-03-11-protein-convergence/results/OG_8723/csubst_w_s/csubst_input_alignment.fa ... Fasta format detected
Reading fasta file: done in 0.0034028 secs using 54.01% CPU
Alignment most likely contains DNA/RNA sequences
Converting to codon sequences with genetic code 1 ...
Alignment has 73 sequences with 415 columns, 393 distinct patterns
230 parsimony-informative, 93 singleton sites, 92 constant sites
                                                                Gap/Ambiguity  Composition  p-value
Analyzing sequences: done in 0.000158533 secs using 99.03% CPU
   1  SRR3407092|Cluster-2686.0__TRINITY_DN13361_c0_g2_i1.p1           16.63%    passed    100.00%
   2  DE115|Cluster-25878.0__TRINITY_DN11198_c0_g1_i1.p1               33.01%    passed    100.00%
   3  JJ86|Cluster-9734.0__TRINITY_DN889_c3_g1_i1.p1                    0.24%    passed    100.00%
   4  DE127|Cluster-10073.0__TRINITY_DN53357_c0_g1_i1.p1               33.01%    passed     99.99%
   5  DE554|Cluster-61090.0__TRINITY_DN12926_c0_g1_i1.p1                0.24%    passed    100.00%
   6  DE563|Cluster-42331.0__TRINITY_DN14068_c0_g1_i4.p1               33.01%    passed     99.99%
   7  DE666|Cluster-13229.0__TRINITY_DN12871_c0_g2_i1.p1                0.24%    passed    100.00%
   8  DE575|Cluster-30188.0__TRINITY_DN28541_c0_g1_i1.p1                0.24%    passed    100.00%
   9  DE765|Cluster-7636.0__TRINITY_DN64532_c0_g1_i1.p1                 0.24%    passed    100.00%
  10  DE681|Cluster-35326.0__TRINITY_DN26115_c0_g1_i1.p1                0.24%    passed    100.00%
  11  DE546_urceolata_l|Cluster-45622.0__TRINITY_DN38359_c0_g1_i1.p1    0.24%    passed    100.00%
  12  DE162|Cluster-10692.0__TRINITY_DN16582_c0_g1_i1.p1                0.24%    passed    100.00%
  13  DE528|Cluster-39794.0__TRINITY_DN14777_c0_g1_i2.p1               33.01%    passed     99.99%
  14  DE704-purple|Cluster-46908.0__TRINITY_DN10001_c0_g1_i1.p1        33.01%    passed     99.99%
  15  DE704-white|Cluster-39106.0__TRINITY_DN11518_c0_g1_i3.p1          0.24%    passed    100.00%
  16  DE507|Cluster-72856.0__TRINITY_DN15018_c0_g1_i1.p1                0.24%    passed    100.00%
  17  DE126|Cluster-22455.0__TRINITY_DN26385_c0_g1_i2.p1               33.01%    passed    100.00%
  18  JJ125|Cluster-19691.0__TRINITY_DN19059_c0_g1_i1.p1                1.20%    passed    100.00%
  19  DE741|Cluster-46656.0__TRINITY_DN814_c1_g1_i2.p1                  0.24%    passed    100.00%
  20  DE519|Cluster-67338.0__TRINITY_DN19745_c0_g1_i3.p1               16.63%    passed    100.00%
  21  DE216|Cluster-23420.0__TRINITY_DN13487_c0_g1_i1.p1               33.25%    passed    100.00%
  22  JJ15|Cluster-72105.0__TRINITY_DN15450_c0_g1_i2.p1                 0.24%    passed    100.00%
  23  DE534|Cluster-22938.0__TRINITY_DN7263_c0_g1_i2.p1                16.63%    passed    100.00%
  24  DE560|Cluster-33747.0__TRINITY_DN11268_c0_g1_i1.p1               16.63%    passed    100.00%
  25  DE542|Cluster-15181.0__TRINITY_DN7867_c0_g2_i1.p1                 0.48%    passed    100.00%
  26  JJ85|Cluster-16977.7__TRINITY_DN2219_c0_g1_i33.p1                 0.24%    passed    100.00%
  27  JJ74|Cluster-119805.0__TRINITY_DN5861_c0_g1_i2.p1                 0.24%    passed    100.00%
  28  JJ131|Cluster-36611.0__TRINITY_DN20821_c0_g1_i1.p1                0.24%    passed    100.00%
  29  DE229|Cluster-88252.1__TRINITY_DN27390_c0_g2_i4.p1               32.77%    passed    100.00%
  30  JJ23|Cluster-38502.0__TRINITY_DN45254_c0_g1_i1.p1                 0.00%    passed    100.00%
  31  DE566|Cluster-14099.0__TRINITY_DN25226_c0_g1_i1.p1                0.24%    passed    100.00%
  32  DE181|Cluster-23288.0__TRINITY_DN8626_c0_g1_i1.p1                 0.24%    passed    100.00%
  33  SRR3407086|Cluster-14281.0__TRINITY_DN8337_c2_g1_i1.p1            0.24%    passed    100.00%
  34  SRR3407088|Cluster-33050.0__TRINITY_DN5523_c0_g1_i1.p1            0.24%    passed    100.00%
  35  DE561|Cluster-29683.0__TRINITY_DN13896_c1_g1_i1.p1                0.24%    passed    100.00%
  36  SRR3424066|Cluster-8948.0__TRINITY_DN11502_c0_g1_i1.p1            0.24%    passed    100.00%
  37  SRR3407096|Cluster-1260.0__TRINITY_DN23732_c0_g1_i1.p1            0.24%    passed    100.00%
  38  DE523|Cluster-49326.0__TRINITY_DN22655_c0_g1_i1.p1                0.24%    passed    100.00%
  39  SRR3407095|Cluster-8186.0__TRINITY_DN52347_c0_g1_i1.p1            0.24%    passed    100.00%
  40  DE69|Cluster-39612.1__TRINITY_DN19088_c0_g3_i2.p1                 0.24%    passed    100.00%
  41  DE503|Cluster-49102.0__TRINITY_DN13879_c0_g1_i1.p1                0.24%    passed    100.00%
  42  DE505|Cluster-39534.0__TRINITY_DN39648_c0_g1_i3.p1                0.24%    passed    100.00%
  43  SRR3407087|Cluster-37537.1__TRINITY_DN2468_c0_g4_i1.p1            0.24%    passed    100.00%
  44  DE510|Cluster-45.0__TRINITY_DN6517_c0_g2_i1.p1                    0.24%    passed    100.00%
  45  SRR3407094|Cluster-4820.0__TRINITY_DN2133_c0_g1_i1.p1             0.24%    passed    100.00%
  46  SRR3407093|Cluster-32510.0__TRINITY_DN9805_c0_g1_i1.p1            0.24%    passed    100.00%
  47  DE623|Cluster-55240.0__TRINITY_DN19589_c0_g1_i1.p1                0.24%    passed    100.00%
  48  DE536|Cluster-38640.0__TRINITY_DN10830_c0_g1_i5.p1                0.24%    passed    100.00%
  49  DE152|Cluster-53650.0__TRINITY_DN23743_c0_g1_i3.p1                4.58%    passed    100.00%
  50  JJ99|Cluster-33319.1__TRINITY_DN25096_c0_g1_i5.p1                 0.24%    passed    100.00%
  51  DE504|Cluster-51588.0__TRINITY_DN33426_c0_g1_i1.p1                0.48%    passed    100.00%
  52  DE549|Cluster-42229.0__TRINITY_DN60024_c0_g1_i1.p1                0.24%    passed    100.00%
  53  DE541|Cluster-46119.0__TRINITY_DN29533_c0_g1_i3.p1                0.24%    passed    100.00%
  54  DE164|Cluster-24270.0__TRINITY_DN6229_c3_g1_i1.p1                 0.24%    passed    100.00%
  55  DE737|Cluster-20672.0__TRINITY_DN43576_c0_g2_i1.p1                0.24%    passed    100.00%
  56  DE476|Cluster-36717.0__TRINITY_DN17296_c0_g1_i2.p1                0.24%    passed    100.00%
  57  DE88|Cluster-28577.0__TRINITY_DN8115_c0_g1_i2.p1                  0.24%    passed    100.00%
  58  DE764|Cluster-12456.0__TRINITY_DN11211_c0_g1_i1.p1                0.24%    passed    100.00%
  59  DE509|Cluster-32121.0__TRINITY_DN75266_c0_g1_i2.p1                0.24%    passed    100.00%
  60  DE736|Cluster-31922.0__TRINITY_DN5993_c0_g1_i1.p1                 0.24%    passed    100.00%
  61  DE672|Cluster-37723.0__TRINITY_DN128027_c0_g1_i1.p1               0.24%    passed    100.00%
  62  DE643|Cluster-60240.0__TRINITY_DN8038_c0_g1_i3.p1                 0.24%    passed    100.00%
  63  DE550|Cluster-18978.0__TRINITY_DN8346_c0_g1_i1.p1                 0.24%    passed    100.00%
  64  DE151|Cluster-1268.0__TRINITY_DN13893_c1_g1_i1.p1                 0.48%    passed    100.00%
  65  DE173|Cluster-50628.0__TRINITY_DN15182_c0_g1_i2.p1                0.48%    passed    100.00%
  66  DE189|Cluster-28746.0__TRINITY_DN1554_c0_g4_i1.p1                 0.48%    passed    100.00%
  67  JJ109|Cluster-15775.0__TRINITY_DN7348_c0_g1_i1.p1                52.77%    passed     98.06%
  68  JJ130|Cluster-24435.0__TRINITY_DN7878_c0_g1_i3.p1                 0.48%    passed    100.00%
  69  DE531|Cluster-25211.0__TRINITY_DN19667_c0_g1_i2.p1                0.24%    passed    100.00%
  70  DE696-nodots|Cluster-55149.0__TRINITY_DN92448_c0_g1_i1.p1         0.24%    passed    100.00%
  71  JJ36|Cluster-43755.0__TRINITY_DN5972_c0_g1_i6.p1                  0.24%    passed    100.00%
  72  DE696-dots|Cluster-49220.0__TRINITY_DN16249_c0_g1_i3.p1          52.77%    passed     98.62%
  73  DE668|Cluster-33582.1__TRINITY_DN10305_c0_g1_i5.p1               52.77%    passed     94.75%
WARNING: 3 sequences contain more than 50% gaps/ambiguity
****  TOTAL                                                             6.98%  0 sequences failed composition chi2 test (p-value<5%; df=60)
Reading input tree file tmp.csubst.nwk ... rooted tree

NOTE: 62 MB RAM (0 GB) is required!
Measuring multi-threading efficiency up to 1 CPU cores
2 trees examined
Threads: 1 / Time: 3.275 sec / Speedup: 1.000 / Efficiency: 100% / LogL: -17120
BEST NUMBER OF THREADS: 1

Estimate model parameters (epsilon = 0.010)
1. Initial log-likelihood: -14161.508
2. Current log-likelihood: -9919.881
3. Current log-likelihood: -9919.137
4. Current log-likelihood: -9918.793
5. Current log-likelihood: -9918.590
6. Current log-likelihood: -9918.452
7. Current log-likelihood: -9918.350
8. Current log-likelihood: -9918.271
9. Current log-likelihood: -9918.208
10. Current log-likelihood: -9918.155
11. Current log-likelihood: -9918.108
12. Current log-likelihood: -9918.068
13. Current log-likelihood: -9918.032
14. Current log-likelihood: -9918.000
15. Current log-likelihood: -9917.972
16. Current log-likelihood: -9917.948
17. Current log-likelihood: -9917.928
18. Current log-likelihood: -9917.912
19. Current log-likelihood: -9917.898
20. Current log-likelihood: -9917.888
Optimal log-likelihood: -9917.881
Nonsynonymous/synonymous ratio (omega): 1.000
Transition/transversion ratio (kappa): 1.000
Site proportion and rates:  (0.667,0.484) (0.264,1.699) (0.025,1.953) (0.044,4.100)
Parameters optimization took 20 rounds (199.817 sec)
Wrote distance file to... 
BEST SCORE FOUND : -9917.881
Ancestral state probabilities printed to /mnt/data0/yue/2026-03-11-protein-convergence/results/OG_8723/csubst_w_s/csubst_input_alignment.fa.state
Empirical proportions for each category: 0.699 0.260 0.000 0.041
Site rates printed to /mnt/data0/yue/2026-03-11-protein-convergence/results/OG_8723/csubst_w_s/csubst_input_alignment.fa.rate
Total tree length: 3.417

Total number of iterations: 0
CPU time used for tree search: 0.000 sec (0h:0m:0s)
Wall-clock time used for tree search: 0.000 sec (0h:0m:0s)
Total CPU time used: 204.763 sec (0h:3m:24s)
Total wall-clock time used: 205.187 sec (0h:3m:25s)

Analysis results written to: 
  IQ-TREE report:                /mnt/data0/yue/2026-03-11-protein-convergence/results/OG_8723/csubst_w_s/csubst_input_alignment.fa.iqtree
  Maximum-likelihood tree:       /mnt/data0/yue/2026-03-11-protein-convergence/results/OG_8723/csubst_w_s/csubst_input_alignment.fa.treefile
  Site-specific rates:           /mnt/data0/yue/2026-03-11-protein-convergence/results/OG_8723/csubst_w_s/csubst_input_alignment.fa.rate
  Ancestral state:               /mnt/data0/yue/2026-03-11-protein-convergence/results/OG_8723/csubst_w_s/csubst_input_alignment.fa.state
  Screen log file:               /mnt/data0/yue/2026-03-11-protein-convergence/results/OG_8723/csubst_w_s/csubst_input_alignment.fa.log

Date and Time: Sat Mar 28 04:15:40 2026
