IQ-TREE multicore version 2.4.0 for Linux x86 64-bit built Feb 12 2025
Developed by Bui Quang Minh, Nguyen Lam Tung, Olga Chernomor, Heiko Schmidt,
Dominik Schrempf, Michael Woodhams, Ly Trong Nhan, Thomas Wong

Host:    brain (AVX2, FMA3, 2015 GB RAM)
Command: /home/yue/miniconda3/envs/py39/bin/iqtree -s /mnt/data0/yue/2026-03-11-protein-convergence/results/OG_9983/csubst_w_s/csubst_input_alignment.fa -te tmp.csubst.nwk -m ECMK07+F+R4 --seqtype CODON1 --threads-max 1 -T AUTO --ancestral --rate --redo
Seed:    866872 (Using SPRNG - Scalable Parallel Random Number Generator)
Time:    Sat Mar 28 06:43:31 2026
Kernel:  AVX+FMA - auto-detect threads (128 CPU cores detected)

Reading alignment file /mnt/data0/yue/2026-03-11-protein-convergence/results/OG_9983/csubst_w_s/csubst_input_alignment.fa ... Fasta format detected
Reading fasta file: done in 0.00101551 secs using 79.37% CPU
Alignment most likely contains DNA/RNA sequences
Converting to codon sequences with genetic code 1 ...
WARNING: 1 sites contain only gaps or ambiguous characters.
Alignment has 68 sequences with 148 columns, 137 distinct patterns
78 parsimony-informative, 25 singleton sites, 45 constant sites
                                                                Gap/Ambiguity  Composition  p-value
Analyzing sequences: done in 4.6432e-05 secs using 96.92% CPU
   1  JJ125|Cluster-10663.0__TRINITY_DN2971_c0_g1_i1.p1                 0.68%    passed    100.00%
   2  DE737|Cluster-30390.57__TRINITY_DN5930_c0_g1_i10.p1              10.81%    passed     99.99%
   3  DE549|Cluster-42809.2__TRINITY_DN2990_c0_g2_i12.p1               16.89%    passed    100.00%
   4  DE127|Cluster-32458.0__TRINITY_DN16110_c1_g1_i7.p1               14.86%    passed    100.00%
   5  DE696-nodots|Cluster-44951.1__TRINITY_DN18066_c2_g1_i2.p1        19.59%    passed    100.00%
   6  DE115|Cluster-31035.0__TRINITY_DN2073_c0_g1_i1.p1                 0.68%    passed    100.00%
   7  DE503|Cluster-44519.0__TRINITY_DN5734_c1_g1_i6.p1                30.41%    passed     99.99%
   8  JJ86|Cluster-39176.0__TRINITY_DN2408_c0_g1_i2.p1                  0.68%    passed    100.00%
   9  DE668|Cluster-8028.0__TRINITY_DN3636_c1_g1_i1.p1                  0.68%    passed    100.00%
  10  DE69|Cluster-52590.0__TRINITY_DN31886_c0_g1_i3.p1                 0.68%    passed    100.00%
  11  DE704-purple|Cluster-13132.0__TRINITY_DN3015_c0_g1_i2.p1          0.68%    passed    100.00%
  12  DE704-white|Cluster-51690.1__TRINITY_DN45650_c0_g1_i5.p1          0.68%    passed    100.00%
  13  DE126|Cluster-27627.0__TRINITY_DN4098_c0_g1_i4.p1                 0.68%    passed     15.44%
  14  DE151|Cluster-11843.0__TRINITY_DN13259_c0_g1_i1.p1                0.68%    passed    100.00%
  15  DE189|Cluster-47388.1__TRINITY_DN9390_c0_g1_i1.p1                 0.68%    passed    100.00%
  16  DE509|Cluster-36656.1__TRINITY_DN4643_c3_g1_i3.p1                 0.68%    passed    100.00%
  17  DE541|Cluster-28971.0__TRINITY_DN743_c1_g1_i2.p1                  0.68%    passed    100.00%
  18  DE736|Cluster-29786.0__TRINITY_DN10652_c0_g1_i7.p1                0.68%    passed    100.00%
  19  DE88|Cluster-36362.0__TRINITY_DN11682_c2_g1_i1.p1                 0.68%    passed    100.00%
  20  JJ130|Cluster-22784.0__TRINITY_DN11251_c0_g1_i1.p1                0.68%    passed    100.00%
  21  DE476|Cluster-47545.3__TRINITY_DN653_c1_g1_i2.p1                  0.68%    passed    100.00%
  22  SRR3424066|Cluster-10482.0__TRINITY_DN2414_c2_g1_i2.p1            0.68%    passed    100.00%
  23  SRR3407095|Cluster-48291.0__TRINITY_DN1141_c0_g1_i1.p1            0.68%    passed    100.00%
  24  SRR3407094|Cluster-15836.1__TRINITY_DN3180_c0_g1_i4.p1            0.68%    passed    100.00%
  25  JJ36|Cluster-16589.0__TRINITY_DN348_c2_g1_i1.p1                   0.68%    passed    100.00%
  26  DE523|Cluster-22851.1__TRINITY_DN6104_c2_g1_i3.p1                 9.46%    passed    100.00%
  27  SRR3407088|Cluster-20190.0__TRINITY_DN53594_c0_g1_i1.p1           0.68%    passed    100.00%
  28  JJ74|Cluster-84260.0__TRINITY_DN19726_c0_g1_i1.p1                 0.68%    passed    100.00%
  29  DE566|Cluster-53211.0__TRINITY_DN4074_c0_g1_i2.p1                 0.68%    passed    100.00%
  30  SRR3407093|Cluster-4596.0__TRINITY_DN6173_c0_g1_i1.p1             0.68%    passed    100.00%
  31  DE505|Cluster-10636.1__TRINITY_DN6190_c0_g1_i2.p1                 0.68%    passed    100.00%
  32  DE510|Cluster-22121.0__TRINITY_DN42992_c0_g1_i1.p1                0.68%    passed    100.00%
  33  SRR3407087|Cluster-30155.0__TRINITY_DN44757_c0_g1_i1.p1           0.68%    passed    100.00%
  34  SRR3407092|Cluster-10014.0__TRINITY_DN8567_c0_g1_i1.p1            0.68%    passed    100.00%
  35  DE152|Cluster-52327.1__TRINITY_DN6095_c0_g1_i1.p1                 0.68%    passed    100.00%
  36  JJ99|Cluster-9156.0__TRINITY_DN9663_c1_g1_i1.p1                   0.68%    passed    100.00%
  37  SRR3407096|Cluster-3130.0__TRINITY_DN25551_c0_g1_i1.p1            0.68%    passed    100.00%
  38  DE164|Cluster-55479.0__TRINITY_DN9009_c2_g1_i2.p1                 9.46%    passed    100.00%
  39  DE672|Cluster-43889.0__TRINITY_DN122154_c0_g1_i1.p1               0.68%    passed    100.00%
  40  DE671|Cluster-34737.1__TRINITY_DN7450_c0_g1_i1.p1                 0.68%    passed    100.00%
  41  DE216|Cluster-82127.1__TRINITY_DN14280_c0_g1_i8.p1                0.68%    passed    100.00%
  42  DE536|Cluster-53982.0__TRINITY_DN5043_c0_g1_i2.p1                 0.68%    passed    100.00%
  43  JJ15|Cluster-63961.0__TRINITY_DN18927_c0_g1_i1.p1                 0.68%    passed    100.00%
  44  DE534|Cluster-47865.0__TRINITY_DN29453_c0_g1_i1.p1                0.68%    passed    100.00%
  45  JJ85|Cluster-35832.0__TRINITY_DN39426_c0_g1_i1.p1                 0.68%    passed    100.00%
  46  DRR082660|Cluster-35631.0__TRINITY_DN3463_c1_g1_i2.p1             0.68%    passed    100.00%
  47  DE765|Cluster-38490.1__TRINITY_DN9598_c0_g1_i1.p1                 9.46%    passed     99.85%
  48  DE528|Cluster-27111.2__TRINITY_DN24952_c0_g1_i5.p1                9.46%    passed    100.00%
  49  DE563|Cluster-36483.1__TRINITY_DN77615_c0_g1_i1.p1                0.68%    passed    100.00%
  50  SRR5150740|Cluster-69949.1__TRINITY_DN1555_c1_g1_i2.p1            0.68%    passed     97.87%
  51  DRR234970|Cluster-34819.0__TRINITY_DN20709_c0_g1_i1.p1            0.68%    passed     97.20%
  52  DE542|Cluster-48819.2__TRINITY_DN61985_c0_g1_i1.p1                0.68%    passed    100.00%
  53  SRR104381|Cluster-28823.0__TRINITY_DN22_c0_g1_i7.p1               0.68%    passed     64.40%
  54  DE643|Cluster-76062.0__TRINITY_DN25678_c1_g1_i1.p1               20.95%    passed    100.00%
  55  DE173|Cluster-38509.0__TRINITY_DN3118_c0_g1_i4.p1                 8.78%    passed    100.00%
  56  DE504|Cluster-51915.0__TRINITY_DN8512_c0_g1_i3.p1                20.27%    passed     99.95%
  57  DE550|Cluster-48690.0__TRINITY_DN7372_c1_g1_i11.p1                8.78%    passed     68.29%
  58  JJ109|Cluster-46980.0__TRINITY_DN15503_c0_g1_i1.p1                8.78%    passed    100.00%
  59  DE507|Cluster-78320.0__TRINITY_DN38125_c0_g1_i4.p1               14.19%    passed     85.44%
  60  DE554|Cluster-54002.0__TRINITY_DN12984_c0_g1_i2.p1               16.22%    passed    100.00%
  61  DE623|Cluster-57264.0__TRINITY_DN2852_c0_g1_i7.p1                 8.78%    passed    100.00%
  62  DE229|Cluster-91062.0__TRINITY_DN2215_c0_g1_i1.p1                14.86%    passed    100.00%
  63  DE741|Cluster-57075.0__TRINITY_DN5499_c0_g1_i5.p1                 8.78%    passed    100.00%
  64  DE560|Cluster-35338.0__TRINITY_DN2217_c0_g1_i2.p1                 8.78%    passed    100.00%
  65  SRR3407086|Cluster-31574.0__TRINITY_DN11647_c0_g1_i2.p1          13.51%    passed    100.00%
  66  DE681|Cluster-43988.0__TRINITY_DN13188_c0_g1_i1.p1               12.16%    passed     93.82%
  67  DE575|Cluster-18606.0__TRINITY_DN10291_c0_g1_i4.p1               12.16%    passed     95.78%
  68  DE546_urceolata_l|Cluster-19602.0__TRINITY_DN8924_c0_g1_i20.p1    8.78%    passed    100.00%
****  TOTAL                                                             5.09%  0 sequences failed composition chi2 test (p-value<5%; df=60)
WARNING: States(s) TTA rarely appear in alignment and may cause numerical problems
Reading input tree file tmp.csubst.nwk ... rooted tree

NOTE: 26 MB RAM (0 GB) is required!
Measuring multi-threading efficiency up to 1 CPU cores
2 trees examined
Threads: 1 / Time: 1.771 sec / Speedup: 1.000 / Efficiency: 100% / LogL: -4953
BEST NUMBER OF THREADS: 1

Estimate model parameters (epsilon = 0.010)
1. Initial log-likelihood: -4284.704
2. Current log-likelihood: -3137.181
3. Current log-likelihood: -3136.865
4. Current log-likelihood: -3136.745
5. Current log-likelihood: -3136.698
6. Current log-likelihood: -3136.680
Optimal log-likelihood: -3136.673
Nonsynonymous/synonymous ratio (omega): 1.000
Transition/transversion ratio (kappa): 1.000
Site proportion and rates:  (0.679,0.334) (0.134,1.042) (0.129,2.223) (0.058,5.944)
Parameters optimization took 6 rounds (25.100 sec)
Wrote distance file to... 
BEST SCORE FOUND : -3136.673
Ancestral state probabilities printed to /mnt/data0/yue/2026-03-11-protein-convergence/results/OG_9983/csubst_w_s/csubst_input_alignment.fa.state
Empirical proportions for each category: 0.743 0.068 0.128 0.061
Site rates printed to /mnt/data0/yue/2026-03-11-protein-convergence/results/OG_9983/csubst_w_s/csubst_input_alignment.fa.rate
Total tree length: 3.976

Total number of iterations: 0
CPU time used for tree search: 0.000 sec (0h:0m:0s)
Wall-clock time used for tree search: 0.000 sec (0h:0m:0s)
Total CPU time used: 27.724 sec (0h:0m:27s)
Total wall-clock time used: 27.786 sec (0h:0m:27s)

Analysis results written to: 
  IQ-TREE report:                /mnt/data0/yue/2026-03-11-protein-convergence/results/OG_9983/csubst_w_s/csubst_input_alignment.fa.iqtree
  Maximum-likelihood tree:       /mnt/data0/yue/2026-03-11-protein-convergence/results/OG_9983/csubst_w_s/csubst_input_alignment.fa.treefile
  Site-specific rates:           /mnt/data0/yue/2026-03-11-protein-convergence/results/OG_9983/csubst_w_s/csubst_input_alignment.fa.rate
  Ancestral state:               /mnt/data0/yue/2026-03-11-protein-convergence/results/OG_9983/csubst_w_s/csubst_input_alignment.fa.state
  Screen log file:               /mnt/data0/yue/2026-03-11-protein-convergence/results/OG_9983/csubst_w_s/csubst_input_alignment.fa.log

Date and Time: Sat Mar 28 06:43:59 2026
