IQ-TREE multicore version 2.4.0 for Linux x86 64-bit built Feb 12 2025
Developed by Bui Quang Minh, Nguyen Lam Tung, Olga Chernomor, Heiko Schmidt,
Dominik Schrempf, Michael Woodhams, Ly Trong Nhan, Thomas Wong

Host:    brain (AVX2, FMA3, 2015 GB RAM)
Command: /home/yue/miniconda3/envs/py39/bin/iqtree -s /mnt/data0/yue/2026-03-11-protein-convergence/results/OG_720/csubst_w_s/csubst_input_alignment.fa -te tmp.csubst.nwk -m ECMK07+F+R4 --seqtype CODON1 --threads-max 1 -T AUTO --ancestral --rate --redo
Seed:    760062 (Using SPRNG - Scalable Parallel Random Number Generator)
Time:    Sat Mar 28 00:04:27 2026
Kernel:  AVX+FMA - auto-detect threads (128 CPU cores detected)

Reading alignment file /mnt/data0/yue/2026-03-11-protein-convergence/results/OG_720/csubst_w_s/csubst_input_alignment.fa ... Fasta format detected
Reading fasta file: done in 0.00480044 secs using 98.72% CPU
Alignment most likely contains DNA/RNA sequences
Converting to codon sequences with genetic code 1 ...
Alignment has 138 sequences with 693 columns, 691 distinct patterns
631 parsimony-informative, 39 singleton sites, 23 constant sites
                                                               Gap/Ambiguity  Composition  p-value
Analyzing sequences: done in 0.000229731 secs using 99.25% CPU
   1  DE563|Cluster-57104.0__TRINITY_DN252_c0_g1_i8.p1                 9.24%    passed    100.00%
   2  SRR11748982|Cluster-36430.1__TRINITY_DN1662_c0_g3_i11.p1        22.66%    passed     70.66%
   3  DE549|Cluster-24913.0__TRINITY_DN4341_c1_g1_i1.p1                5.63%    passed     98.75%
   4  SRR3407092|Cluster-31903.0__TRINITY_DN1106_c0_g1_i8.p1           4.33%    passed     89.85%
   5  DE152|Cluster-58852.0__TRINITY_DN140_c0_g2_i2.p1                13.13%    passed     99.14%
   6  DE164|Cluster-48577.0__TRINITY_DN4281_c1_g1_i4.p1               71.00%    passed      7.03%
   7  SRR5150740|Cluster-48665.2__TRINITY_DN38_c0_g1_i4.p1            16.59%    passed     99.06%
   8  DE666|Cluster-38261.0__TRINITY_DN303_c0_g2_i6.p1                 9.52%    passed     99.91%
   9  DE528|Cluster-62182.1__TRINITY_DN2084_c0_g1_i5.p1               13.71%    passed     89.70%
  10  DE507|Cluster-73701.0__TRINITY_DN1289_c0_g1_i3.p1               14.14%    passed     96.32%
  11  JJ74|Cluster-117115.0__TRINITY_DN1255_c0_g2_i4.p1                9.09%    passed     99.16%
  12  DE523|Cluster-50390.0__TRINITY_DN784_c0_g1_i7.p1                 4.91%    passed     82.92%
  13  DE542|Cluster-28741.0__TRINITY_DN9457_c0_g1_i10.p1              69.12%    passed      6.92%
  14  DE69|Cluster-50803.0__TRINITY_DN8693_c0_g1_i5.p1                 8.51%    passed     99.52%
  15  SRR3407095|Cluster-51108.0__TRINITY_DN4328_c0_g1_i13.p1          8.51%    passed     99.61%
  16  SRR3407094|Cluster-30899.0__TRINITY_DN3111_c0_g1_i1.p1           6.49%    passed     92.86%
  17  DE505|Cluster-26746.0__TRINITY_DN2742_c0_g1_i6.p1               12.27%    passed     85.33%
  18  SRR3407093|Cluster-31367.0__TRINITY_DN4388_c0_g1_i1.p1          10.25%    passed     91.46%
  19  SRR3407087|Cluster-8198.0__TRINITY_DN2914_c0_g1_i1.p1           10.25%    passed     95.70%
  20  DE510|Cluster-35620.0__TRINITY_DN2901_c0_g1_i5.p1                4.91%    passed     94.37%
  21  DE503|Cluster-45926.0__TRINITY_DN1709_c0_g2_i4.p1                4.76%    passed     83.20%
  22  DE534|Cluster-67256.0__TRINITY_DN222_c0_g1_i4.p1                11.11%    passed    100.00%
  23  DE216|Cluster-642.0__TRINITY_DN1667_c0_g1_i35.p1                10.68%    passed    100.00%
  24  JJ15|Cluster-66143.0__TRINITY_DN14_c0_g1_i5.p1                  10.68%    passed    100.00%
  25  DE536|Cluster-38907.0__TRINITY_DN57_c0_g2_i9.p1                 41.56%    passed     51.63%
  26  DE229|Cluster-71116.0__TRINITY_DN7067_c1_g1_i2.p1                8.08%    passed     99.39%
  27  DE741|Cluster-59828.0__TRINITY_DN159_c0_g2_i2.p1                 5.48%    passed     99.76%
  28  DE560|Cluster-45322.0__TRINITY_DN4405_c0_g1_i5.p1               10.10%    passed     98.22%
  29  DRR082660|Cluster-19309.0__TRINITY_DN5672_c0_g1_i2.p1           10.68%    passed     85.57%
  30  JJ125|Cluster-18716.32__TRINITY_DN71_c0_g6_i4.p1                10.53%    passed     96.47%
  31  SRR3407095|Cluster-42373.0__TRINITY_DN4328_c0_g2_i1.p1          10.97%    passed     92.96%
  32  DE69|Cluster-43339.0__TRINITY_DN26298_c0_g1_i4.p1               28.43%    passed     49.46%
  33  DE519|Cluster-57959.0__TRINITY_DN3781_c0_g1_i2.p1                5.19%    passed     99.93%
  34  DE181|Cluster-49882.0__TRINITY_DN142_c0_g2_i7.p1                 4.76%    passed     94.49%
  35  SRR3407086|Cluster-17424.0__TRINITY_DN6107_c0_g1_i2.p1          71.28%    passed     10.90%
  36  DE561|Cluster-46544.0__TRINITY_DN3900_c0_g2_i3.p1                4.76%    passed     89.27%
  37  SRR3424066|Cluster-20462.0__TRINITY_DN2243_c0_g2_i6.p1           4.76%    passed     96.48%
  38  SRR3407096|Cluster-8467.0__TRINITY_DN765_c0_g2_i2.p1             4.76%    passed     84.20%
  39  DE115|Cluster-68356.2__TRINITY_DN4718_c0_g1_i26.p1               5.77%    passed     99.85%
  40  DE680|Cluster-24235.0__TRINITY_DN4265_c0_g2_i2.p1                5.48%    passed     99.99%
  41  DE704-white|Cluster-69298.0__TRINITY_DN1288_c0_g2_i3.p1          7.65%    passed     94.10%
  42  DE704-purple|Cluster-63363.0__TRINITY_DN7730_c0_g1_i1.p1        39.83%    passed     22.09%
  43  DE528|Cluster-59556.0__TRINITY_DN3624_c0_g1_i8.p1               12.99%    passed     99.88%
  44  DE668|Cluster-38445.0__TRINITY_DN3878_c0_g1_i7.p1               10.39%    passed     82.29%
  45  DE681|Cluster-49374.0__TRINITY_DN1626_c0_g1_i11.p1              12.99%    passed     99.99%
  46  DE507|Cluster-88030.0__TRINITY_DN3216_c0_g1_i14.p1              26.12%    passed     35.41%
  47  JJ86|Cluster-46301.0__TRINITY_DN3372_c0_g1_i1.p1                11.26%    passed     99.92%
  48  DE126|Cluster-15095.0__TRINITY_DN4085_c1_g2_i1.p1               67.24%    passed     14.58%
  49  DE666|Cluster-28883.0__TRINITY_DN633_c2_g1_i2.p1                 5.77%    passed     96.88%
  50  DE127|Cluster-32654.0__TRINITY_DN4805_c0_g1_i4.p1               31.60%    passed     70.33%
  51  DE554|Cluster-60861.0__TRINITY_DN5065_c0_g1_i5.p1                5.77%    passed     99.85%
  52  DE563|Cluster-30410.0__TRINITY_DN4681_c0_g1_i3.p1                8.37%    passed     99.50%
  53  DE623|Cluster-55338.0__TRINITY_DN8189_c0_g1_i10.p1              29.29%    passed     84.46%
  54  DE546_urceolata_l|Cluster-20832.0__TRINITY_DN1999_c1_g1_i5.p1    9.09%    passed     99.82%
  55  DE575|Cluster-61695.0__TRINITY_DN278_c0_g2_i3.p1                12.99%    passed     99.77%
  56  DE765|Cluster-57544.0__TRINITY_DN4773_c0_g1_i17.p1              11.69%    passed     99.99%
  57  JJ99|Cluster-25488.0__TRINITY_DN2403_c0_g2_i4.p1                 9.24%    passed     99.92%
  58  DE510|Cluster-17392.0__TRINITY_DN1601_c0_g1_i2.p1                8.37%    passed     99.55%
  59  DE519|Cluster-54724.0__TRINITY_DN3497_c0_g1_i21.p1               9.67%    passed     99.50%
  60  DE741|Cluster-20978.1__TRINITY_DN159_c0_g1_i2.p1                 9.24%    passed     88.49%
  61  DE566|Cluster-50033.1__TRINITY_DN154_c0_g1_i42.p1                8.23%    passed     99.74%
  62  DE561|Cluster-36082.0__TRINITY_DN3900_c0_g1_i2.p1                9.24%    passed     99.98%
  63  SRR3407088|Cluster-10212.0__TRINITY_DN3520_c0_g1_i2.p1           9.24%    passed     99.93%
  64  SRR3407093|Cluster-32261.0__TRINITY_DN2336_c0_g1_i2.p1           9.24%    passed     99.65%
  65  DE127|Cluster-42542.1__TRINITY_DN13399_c0_g1_i4.p1               9.96%    passed     99.78%
  66  DE554|Cluster-65188.1__TRINITY_DN4148_c0_g1_i2.p1                9.52%    passed     99.90%
  67  DE152|Cluster-44276.0__TRINITY_DN1430_c0_g1_i3.p1                9.24%    passed     99.83%
  68  DE162|Cluster-39849.0__TRINITY_DN891_c0_g2_i1.p1                 9.67%    passed     99.95%
  69  DE704-purple|Cluster-53528.0__TRINITY_DN7730_c0_g2_i3.p1         9.67%    passed     99.98%
  70  DE704-white|Cluster-3179.0__TRINITY_DN1288_c0_g1_i49.p1          9.67%    passed     99.96%
  71  DE623|Cluster-53651.0__TRINITY_DN1233_c0_g2_i2.p1                9.24%    passed     99.97%
  72  DE680|Cluster-26239.1__TRINITY_DN4265_c0_g1_i15.p1               9.24%    passed     99.95%
  73  JJ86|Cluster-47588.0__TRINITY_DN3372_c0_g2_i1.p1                 9.24%    passed     99.85%
  74  DE575|Cluster-41711.0__TRINITY_DN278_c0_g1_i2.p1                 9.24%    passed     99.87%
  75  DE765|Cluster-53557.0__TRINITY_DN1457_c0_g1_i12.p1               9.24%    passed     99.96%
  76  DE151|Cluster-57453.0__TRINITY_DN236_c0_g1_i1.p1                 9.24%    passed     98.70%
  77  DE189|Cluster-49883.0__TRINITY_DN42_c0_g1_i1.p1                  9.24%    passed     97.15%
  78  JJ109|Cluster-36257.0__TRINITY_DN18_c0_g1_i1.p1                  9.24%    passed     97.89%
  79  DE173|Cluster-54944.0__TRINITY_DN1555_c0_g1_i15.p1               8.37%    passed     94.94%
  80  JJ130|Cluster-36700.0__TRINITY_DN1663_c1_g2_i1.p1                9.24%    passed     99.44%
  81  JJ89|Cluster-21422.0__TRINITY_DN16_c0_g2_i1.p1                   9.24%    passed     99.98%
  82  DE476|Cluster-58532.0__TRINITY_DN104_c1_g1_i4.p1                 9.24%    passed     99.62%
  83  DE736|Cluster-29609.0__TRINITY_DN530_c0_g1_i5.p1                 9.24%    passed     97.92%
  84  DE541|Cluster-45966.0__TRINITY_DN663_c0_g1_i11.p1                9.24%    passed     98.10%
  85  DE549|Cluster-47032.0__TRINITY_DN3714_c0_g1_i2.p1                9.24%    passed     88.05%
  86  DE531|Cluster-43261.1__TRINITY_DN6479_c0_g2_i2.p1                9.24%    passed     99.56%
  87  DE696-dots|Cluster-46820.0__TRINITY_DN254_c0_g1_i1.p1            9.24%    passed     99.25%
  88  DE696-nodots|Cluster-64280.0__TRINITY_DN2781_c0_g2_i4.p1         9.24%    passed     99.25%
  89  DE164|Cluster-49261.0__TRINITY_DN4281_c0_g1_i8.p1                9.24%    passed     96.77%
  90  DE737|Cluster-23129.0__TRINITY_DN7432_c0_g2_i4.p1                8.37%    passed     98.43%
  91  DE88|Cluster-33593.0__TRINITY_DN154_c0_g1_i2.p1                  9.24%    passed     76.70%
  92  DE764|Cluster-40460.0__TRINITY_DN2364_c0_g1_i7.p1                8.37%    passed     98.49%
  93  DE509|Cluster-32531.0__TRINITY_DN2029_c0_g1_i45.p1               9.24%    passed     97.42%
  94  DE643|Cluster-48959.0__TRINITY_DN4728_c0_g1_i11.p1               9.67%    passed     95.85%
  95  DE671|Cluster-50316.0__TRINITY_DN1512_c0_g1_i5.p1                9.67%    passed     98.37%
  96  DE672|Cluster-16327.0__TRINITY_DN201_c0_g1_i8.p1                 9.24%    passed     90.13%
  97  JJ125|Cluster-36841.0__TRINITY_DN71_c0_g2_i1.p1                  9.24%    passed     99.91%
  98  DE181|Cluster-45459.0__TRINITY_DN142_c0_g3_i4.p1                 9.24%    passed     99.75%
  99  SRR3407086|Cluster-42236.0__TRINITY_DN255_c1_g1_i2.p1            9.24%    passed     99.80%
 100  DE505|Cluster-54750.0__TRINITY_DN33230_c0_g1_i5.p1               9.24%    passed     99.80%
 101  SRR3407094|Cluster-36641.0__TRINITY_DN1427_c0_g2_i5.p1           9.24%    passed     99.79%
 102  SRR3407092|Cluster-36828.0__TRINITY_DN1088_c0_g1_i3.p1           9.24%    passed     99.93%
 103  SRR3424066|Cluster-33555.0__TRINITY_DN2243_c0_g1_i5.p1           8.37%    passed     99.92%
 104  SRR3407087|Cluster-43218.0__TRINITY_DN5589_c0_g2_i3.p1           8.37%    passed     99.47%
 105  DE523|Cluster-50701.0__TRINITY_DN784_c0_g2_i11.p1                8.37%    passed     99.56%
 106  SRR3407096|Cluster-14422.0__TRINITY_DN765_c0_g1_i3.p1            9.24%    passed     99.87%
 107  DRR082660|Cluster-27628.0__TRINITY_DN1316_c0_g1_i5.p1            9.24%    passed     99.92%
 108  DE560|Cluster-41239.0__TRINITY_DN241_c0_g2_i9.p1                 9.24%    passed     99.96%
 109  JJ85|Cluster-40703.0__TRINITY_DN3007_c0_g1_i26.p1                9.38%    passed     99.82%
 110  JJ131|Cluster-19634.9__TRINITY_DN597_c0_g1_i34.p1                8.37%    passed     98.78%
 111  DE566|Cluster-57988.0__TRINITY_DN8243_c0_g1_i17.p1               4.47%    passed     64.76%
 112  JJ89|Cluster-26699.0__TRINITY_DN2095_c0_g2_i3.p1                 5.19%    passed     99.43%
 113  DE541|Cluster-34184.0__TRINITY_DN8158_c1_g1_i5.p1                4.47%    passed     99.83%
 114  DE509|Cluster-24667.0__TRINITY_DN2029_c0_g2_i3.p1                4.76%    passed     98.84%
 115  DE736|Cluster-45423.0__TRINITY_DN3164_c0_g1_i7.p1               12.27%    passed     99.02%
 116  DE536|Cluster-45506.0__TRINITY_DN57_c0_g1_i6.p1                  8.51%    passed     89.52%
 117  JJ74|Cluster-109229.0__TRINITY_DN1255_c0_g1_i2.p1                8.95%    passed     95.41%
 118  JJ99|Cluster-41606.2__TRINITY_DN658_c1_g1_i2.p1                 10.10%    passed     99.99%
 119  DE216|Cluster-3615.0__TRINITY_DN1667_c0_g5_i1.p1                11.54%    passed     90.46%
 120  JJ15|Cluster-73915.0__TRINITY_DN4353_c0_g1_i4.p1                 6.20%    passed     88.22%
 121  DE534|Cluster-66972.0__TRINITY_DN222_c0_g2_i2.p1                 4.47%    passed     94.96%
 122  DE542|Cluster-12964.0__TRINITY_DN7563_c0_g1_i3.p1                4.47%    passed     97.98%
 123  DE151|Cluster-49616.0__TRINITY_DN2949_c0_g1_i7.p1               29.00%    passed     62.77%
 124  JJ109|Cluster-37671.0__TRINITY_DN8900_c0_g2_i1.p1                5.34%    passed     99.04%
 125  DE173|Cluster-55242.0__TRINITY_DN5948_c0_g1_i2.p1                4.76%    passed     98.35%
 126  DE189|Cluster-24232.0__TRINITY_DN3281_c0_g1_i3.p1               24.53%    passed     41.94%
 127  JJ130|Cluster-38454.0__TRINITY_DN7551_c0_g3_i4.p1                4.76%    passed     99.84%
 128  DE550|Cluster-52468.0__TRINITY_DN4470_c0_g1_i7.p1                4.76%    passed    100.00%
 129  DE476|Cluster-59699.0__TRINITY_DN4035_c1_g1_i1.p1                4.76%    passed     99.89%
 130  DE88|Cluster-17019.0__TRINITY_DN154_c1_g2_i1.p1                 65.95%    passed     11.14%
 131  JJ36|Cluster-20910.0__TRINITY_DN1430_c0_g2_i1.p1                71.28%    passed     10.86%
 132  DE696-dots|Cluster-46548.0__TRINITY_DN5831_c0_g1_i2.p1           5.19%    passed     98.96%
 133  DE696-nodots|Cluster-36384.0__TRINITY_DN22704_c0_g1_i5.p1        5.19%    passed     98.00%
 134  DE531|Cluster-43281.0__TRINITY_DN6234_c0_g1_i5.p1                4.76%    passed     99.89%
 135  DE764|Cluster-32731.0__TRINITY_DN10215_c0_g2_i15.p1             28.43%    passed     67.36%
 136  DE737|Cluster-33181.0__TRINITY_DN7432_c0_g4_i2.p1                4.91%    passed     97.60%
 137  DE504|Cluster-52034.1__TRINITY_DN4589_c1_g1_i24.p1              30.59%    passed     32.56%
 138  DE229|Cluster-64049.0__TRINITY_DN2737_c0_g1_i1.p1               24.10%    passed     82.86%
WARNING: 6 sequences contain more than 50% gaps/ambiguity
****  TOTAL                                                           13.01%  0 sequences failed composition chi2 test (p-value<5%; df=60)
Reading input tree file tmp.csubst.nwk ... rooted tree

NOTE: 195 MB RAM (0 GB) is required!
Measuring multi-threading efficiency up to 1 CPU cores
2 trees examined
Threads: 1 / Time: 9.499 sec / Speedup: 1.000 / Efficiency: 100% / LogL: -108045
BEST NUMBER OF THREADS: 1

Estimate model parameters (epsilon = 0.010)
1. Initial log-likelihood: -45765.990
2. Current log-likelihood: -34289.806
3. Current log-likelihood: -34252.719
4. Current log-likelihood: -34248.831
5. Current log-likelihood: -34248.033
6. Current log-likelihood: -34247.970
7. Current log-likelihood: -34247.902
8. Current log-likelihood: -34247.815
9. Current log-likelihood: -34247.703
10. Current log-likelihood: -34247.563
11. Current log-likelihood: -34247.396
12. Current log-likelihood: -34247.208
13. Current log-likelihood: -34247.002
14. Current log-likelihood: -34246.786
15. Current log-likelihood: -34246.563
16. Current log-likelihood: -34246.338
17. Current log-likelihood: -34246.113
18. Current log-likelihood: -34245.892
19. Current log-likelihood: -34245.681
20. Current log-likelihood: -34245.486
21. Current log-likelihood: -34245.312
22. Current log-likelihood: -34245.160
23. Current log-likelihood: -34245.029
24. Current log-likelihood: -34244.917
25. Current log-likelihood: -34244.822
26. Current log-likelihood: -34244.740
27. Current log-likelihood: -34244.670
28. Current log-likelihood: -34244.609
29. Current log-likelihood: -34244.558
30. Current log-likelihood: -34244.513
31. Current log-likelihood: -34244.473
32. Current log-likelihood: -34244.439
33. Current log-likelihood: -34244.408
34. Current log-likelihood: -34244.382
35. Current log-likelihood: -34244.359
36. Current log-likelihood: -34244.340
37. Current log-likelihood: -34244.322
38. Current log-likelihood: -34244.308
39. Current log-likelihood: -34244.295
40. Current log-likelihood: -34244.283
Optimal log-likelihood: -34244.273
Nonsynonymous/synonymous ratio (omega): 1.000
Transition/transversion ratio (kappa): 1.000
Site proportion and rates:  (0.513,0.474) (0.313,1.166) (0.131,1.839) (0.043,3.493)
Parameters optimization took 40 rounds (1308.369 sec)
Wrote distance file to... 
BEST SCORE FOUND : -34244.273
Ancestral state probabilities printed to /mnt/data0/yue/2026-03-11-protein-convergence/results/OG_720/csubst_w_s/csubst_input_alignment.fa.state
Empirical proportions for each category: 0.538 0.317 0.102 0.042
Site rates printed to /mnt/data0/yue/2026-03-11-protein-convergence/results/OG_720/csubst_w_s/csubst_input_alignment.fa.rate
Total tree length: 10.361

Total number of iterations: 0
CPU time used for tree search: 0.000 sec (0h:0m:0s)
Wall-clock time used for tree search: 0.000 sec (0h:0m:0s)
Total CPU time used: 1323.208 sec (0h:22m:3s)
Total wall-clock time used: 1324.492 sec (0h:22m:4s)

Analysis results written to: 
  IQ-TREE report:                /mnt/data0/yue/2026-03-11-protein-convergence/results/OG_720/csubst_w_s/csubst_input_alignment.fa.iqtree
  Maximum-likelihood tree:       /mnt/data0/yue/2026-03-11-protein-convergence/results/OG_720/csubst_w_s/csubst_input_alignment.fa.treefile
  Site-specific rates:           /mnt/data0/yue/2026-03-11-protein-convergence/results/OG_720/csubst_w_s/csubst_input_alignment.fa.rate
  Ancestral state:               /mnt/data0/yue/2026-03-11-protein-convergence/results/OG_720/csubst_w_s/csubst_input_alignment.fa.state
  Screen log file:               /mnt/data0/yue/2026-03-11-protein-convergence/results/OG_720/csubst_w_s/csubst_input_alignment.fa.log

Date and Time: Sat Mar 28 00:26:32 2026
