IQ-TREE multicore version 2.4.0 for Linux x86 64-bit built Feb 12 2025
Developed by Bui Quang Minh, Nguyen Lam Tung, Olga Chernomor, Heiko Schmidt,
Dominik Schrempf, Michael Woodhams, Ly Trong Nhan, Thomas Wong

Host:    brain (AVX2, FMA3, 2015 GB RAM)
Command: /home/yue/miniconda3/envs/py39/bin/iqtree -s /mnt/data0/yue/2026-03-11-protein-convergence/results/OG_7907/csubst_w_s/csubst_input_alignment.fa -te tmp.csubst.nwk -m ECMK07+F+R4 --seqtype CODON1 --threads-max 1 -T AUTO --ancestral --rate --redo
Seed:    15362 (Using SPRNG - Scalable Parallel Random Number Generator)
Time:    Sat Mar 28 02:04:03 2026
Kernel:  AVX+FMA - auto-detect threads (128 CPU cores detected)

Reading alignment file /mnt/data0/yue/2026-03-11-protein-convergence/results/OG_7907/csubst_w_s/csubst_input_alignment.fa ... Fasta format detected
Reading fasta file: done in 0.00150187 secs using 78.83% CPU
Alignment most likely contains DNA/RNA sequences
Converting to codon sequences with genetic code 1 ...
Alignment has 60 sequences with 479 columns, 443 distinct patterns
171 parsimony-informative, 145 singleton sites, 163 constant sites
                                                          Gap/Ambiguity  Composition  p-value
Analyzing sequences: done in 7.57426e-05 secs using 99.02% CPU
   1  DE531|Cluster-25419.1__TRINITY_DN8144_c0_g1_i6.p1          31.73%    passed    100.00%
   2  DE696-dots|Cluster-47245.0__TRINITY_DN2028_c0_g1_i5.p1     53.03%    passed     99.88%
   3  DE561|Cluster-50025.0__TRINITY_DN13485_c0_g1_i2.p1         30.27%    passed    100.00%
   4  JJ125|Cluster-25025.0__TRINITY_DN3382_c0_g1_i19.p1          0.21%    passed    100.00%
   5  DE126|Cluster-20342.0__TRINITY_DN13931_c0_g3_i3.p1         52.61%    passed     99.79%
   6  DE668|Cluster-39002.0__TRINITY_DN2644_c0_g1_i1.p1          27.97%    passed     99.97%
   7  DE737|Cluster-33544.0__TRINITY_DN3024_c0_g1_i4.p1          25.89%    passed    100.00%
   8  DE151|Cluster-49609.0__TRINITY_DN6628_c0_g1_i6.p1          52.19%    passed     99.52%
   9  JJ109|Cluster-40415.0__TRINITY_DN9488_c1_g1_i8.p1          26.30%    passed    100.00%
  10  DE509|Cluster-13800.0__TRINITY_DN16428_c0_g1_i5.p1         52.19%    passed     99.98%
  11  DE528|Cluster-23933.0__TRINITY_DN12210_c0_g1_i2.p1         52.19%    passed     99.65%
  12  DE704-purple|Cluster-4062.0__TRINITY_DN12369_c0_g1_i2.p1    6.68%    passed    100.00%
  13  JJ86|Cluster-46282.0__TRINITY_DN2899_c0_g1_i4.p1           52.19%    passed     98.23%
  14  DE189|Cluster-36802.1__TRINITY_DN4370_c1_g4_i2.p1          52.19%    passed     99.63%
  15  DE173|Cluster-50448.0__TRINITY_DN6057_c0_g1_i5.p1          27.77%    passed    100.00%
  16  DE88|Cluster-36542.0__TRINITY_DN8035_c0_g1_i24.p1          27.77%    passed    100.00%
  17  DE504|Cluster-40817.0__TRINITY_DN12031_c0_g1_i17.p1        27.14%    passed    100.00%
  18  DE696-nodots|Cluster-40037.0__TRINITY_DN3355_c0_g1_i1.p1   28.60%    passed    100.00%
  19  JJ36|Cluster-34735.0__TRINITY_DN3102_c1_g1_i2.p1           28.60%    passed    100.00%
  20  DE643|Cluster-79788.0__TRINITY_DN4171_c0_g1_i3.p1          27.77%    passed    100.00%
  21  DE671|Cluster-45543.0__TRINITY_DN3412_c0_g2_i1.p1          27.77%    passed    100.00%
  22  DE672|Cluster-40514.0__TRINITY_DN6135_c0_g1_i5.p1          27.77%    passed    100.00%
  23  DE164|Cluster-48101.0__TRINITY_DN5096_c0_g1_i11.p1         27.77%    passed    100.00%
  24  DE541|Cluster-32971.1__TRINITY_DN1924_c1_g2_i4.p1          52.19%    passed     99.85%
  25  DE115|Cluster-67567.0__TRINITY_DN11014_c0_g1_i5.p1         33.61%    passed     99.76%
  26  DE554|Cluster-60770.1__TRINITY_DN5200_c0_g1_i4.p1           0.21%    passed    100.00%
  27  DE563|Cluster-47359.0__TRINITY_DN1104_c0_g1_i7.p1          15.45%    passed    100.00%
  28  DE216|Cluster-61193.0__TRINITY_DN1952_c0_g2_i11.p1          0.21%    passed    100.00%
  29  JJ15|Cluster-75703.0__TRINITY_DN2379_c4_g1_i3.p1           33.61%    passed     96.80%
  30  DE534|Cluster-77241.4__TRINITY_DN3531_c0_g1_i11.p1         33.61%    passed     93.71%
  31  SRR3407095|Cluster-52423.0__TRINITY_DN3746_c0_g1_i3.p1     33.61%    passed     96.47%
  32  DE69|Cluster-53676.0__TRINITY_DN666_c2_g1_i1.p1             3.76%    passed    100.00%
  33  JJ130|Cluster-29653.1__TRINITY_DN4838_c1_g2_i1.p1           4.38%    passed    100.00%
  34  DE736|Cluster-60551.0__TRINITY_DN1221_c0_g1_i7.p1          33.61%    passed     99.56%
  35  JJ85|Cluster-36542.0__TRINITY_DN2218_c3_g1_i2.p1            0.21%    passed    100.00%
  36  SRR3424066|Cluster-42443.0__TRINITY_DN19292_c0_g1_i1.p1     0.21%    passed    100.00%
  37  SRR3407094|Cluster-16878.1__TRINITY_DN24883_c1_g2_i1.p1     0.21%    passed    100.00%
  38  SRR3407086|Cluster-35296.0__TRINITY_DN1975_c0_g1_i2.p1      0.21%    passed    100.00%
  39  SRR3407092|Cluster-33613.0__TRINITY_DN9601_c0_g1_i3.p1      0.21%    passed    100.00%
  40  SRR3407088|Cluster-34240.0__TRINITY_DN17379_c0_g3_i3.p1     0.21%    passed    100.00%
  41  SRR3407087|Cluster-33311.7__TRINITY_DN6553_c0_g1_i35.p1     0.21%    passed    100.00%
  42  DE503|Cluster-39555.0__TRINITY_DN18477_c0_g1_i1.p1         33.61%    passed     99.90%
  43  SRR3407093|Cluster-20008.0__TRINITY_DN5324_c0_g1_i1.p1     33.61%    passed     99.94%
  44  JJ131|Cluster-63103.0__TRINITY_DN6995_c0_g1_i25.p1         33.61%    passed     99.38%
  45  SRR3407096|Cluster-3930.0__TRINITY_DN15129_c0_g1_i2.p1      0.21%    passed    100.00%
  46  JJ74|Cluster-109029.0__TRINITY_DN7646_c1_g1_i6.p1          39.67%    passed     80.74%
  47  DE536|Cluster-28317.3__TRINITY_DN180_c0_g1_i4.p1            0.21%    passed    100.00%
  48  DE566|Cluster-44661.1__TRINITY_DN4931_c0_g1_i9.p1           0.21%    passed    100.00%
  49  DE229|Cluster-85152.0__TRINITY_DN12569_c0_g1_i7.p1          0.42%    passed    100.00%
  50  JJ23|Cluster-27207.0__TRINITY_DN629_c0_g3_i6.p1            33.82%    passed     98.48%
  51  DE741|Cluster-38808.0__TRINITY_DN7538_c1_g3_i1.p1           0.21%    passed    100.00%
  52  JJ99|Cluster-50811.0__TRINITY_DN11112_c0_g1_i2.p1           4.38%    passed    100.00%
  53  DE575|Cluster-54457.0__TRINITY_DN8959_c1_g1_i11.p1          0.21%    passed    100.00%
  54  DE765|Cluster-27611.0__TRINITY_DN7604_c0_g1_i1.p1          44.05%    passed     85.36%
  55  DE681|Cluster-56864.0__TRINITY_DN26822_c0_g1_i2.p1          0.21%    passed    100.00%
  56  DE542|Cluster-19578.2__TRINITY_DN7431_c0_g1_i9.p1          27.77%    passed     99.99%
  57  DE523|Cluster-49511.0__TRINITY_DN4134_c0_g1_i8.p1          67.22%    passed     40.57%
  58  DE127|Cluster-38553.0__TRINITY_DN9172_c0_g1_i2.p1          52.19%    passed     98.96%
  59  DE666|Cluster-28967.0__TRINITY_DN2081_c0_g1_i2.p1          52.19%    passed     99.44%
  60  DE623|Cluster-58662.0__TRINITY_DN966_c1_g1_i2.p1           52.19%    passed     99.73%
WARNING: 12 sequences contain more than 50% gaps/ambiguity
****  TOTAL                                                      24.81%  0 sequences failed composition chi2 test (p-value<5%; df=60)
Reading input tree file tmp.csubst.nwk ... rooted tree

NOTE: 57 MB RAM (0 GB) is required!
Measuring multi-threading efficiency up to 1 CPU cores
2 trees examined
Threads: 1 / Time: 2.853 sec / Speedup: 1.000 / Efficiency: 100% / LogL: -11228
BEST NUMBER OF THREADS: 1

Estimate model parameters (epsilon = 0.010)
1. Initial log-likelihood: -10699.342
2. Current log-likelihood: -7316.499
3. Current log-likelihood: -7315.892
4. Current log-likelihood: -7315.377
5. Current log-likelihood: -7314.905
6. Current log-likelihood: -7314.452
7. Current log-likelihood: -7297.774
8. Current log-likelihood: -7297.731
9. Current log-likelihood: -7297.694
10. Current log-likelihood: -7297.658
11. Current log-likelihood: -7297.617
12. Current log-likelihood: -7297.566
13. Current log-likelihood: -7297.499
14. Current log-likelihood: -7297.404
15. Current log-likelihood: -7297.265
16. Current log-likelihood: -7297.059
17. Current log-likelihood: -7296.763
18. Current log-likelihood: -7288.353
19. Current log-likelihood: -7288.118
20. Current log-likelihood: -7287.832
21. Current log-likelihood: -7287.517
22. Current log-likelihood: -7287.207
23. Current log-likelihood: -7283.934
24. Current log-likelihood: -7283.623
25. Current log-likelihood: -7283.323
26. Current log-likelihood: -7283.025
27. Current log-likelihood: -7282.724
28. Current log-likelihood: -7282.421
29. Current log-likelihood: -7282.120
30. Current log-likelihood: -7280.183
31. Current log-likelihood: -7279.895
32. Current log-likelihood: -7279.633
33. Current log-likelihood: -7279.415
34. Current log-likelihood: -7278.266
35. Current log-likelihood: -7278.090
36. Current log-likelihood: -7277.972
37. Current log-likelihood: -7270.673
38. Current log-likelihood: -7260.067
39. Current log-likelihood: -7259.999
40. Current log-likelihood: -7259.494
41. Current log-likelihood: -7259.452
42. Current log-likelihood: -7259.429
43. Current log-likelihood: -7259.415
Optimal log-likelihood: -7259.405
Nonsynonymous/synonymous ratio (omega): 1.000
Transition/transversion ratio (kappa): 1.000
Site proportion and rates:  (0.389,0.192) (0.507,1.043) (0.098,3.392) (0.006,10.890)
Parameters optimization took 43 rounds (349.651 sec)
Wrote distance file to... 
BEST SCORE FOUND : -7259.405
Ancestral state probabilities printed to /mnt/data0/yue/2026-03-11-protein-convergence/results/OG_7907/csubst_w_s/csubst_input_alignment.fa.state
Empirical proportions for each category: 0.399 0.518 0.077 0.006
Site rates printed to /mnt/data0/yue/2026-03-11-protein-convergence/results/OG_7907/csubst_w_s/csubst_input_alignment.fa.rate
Total tree length: 2.547

Total number of iterations: 0
CPU time used for tree search: 0.000 sec (0h:0m:0s)
Wall-clock time used for tree search: 0.000 sec (0h:0m:0s)
Total CPU time used: 353.817 sec (0h:5m:53s)
Total wall-clock time used: 354.063 sec (0h:5m:54s)

Analysis results written to: 
  IQ-TREE report:                /mnt/data0/yue/2026-03-11-protein-convergence/results/OG_7907/csubst_w_s/csubst_input_alignment.fa.iqtree
  Maximum-likelihood tree:       /mnt/data0/yue/2026-03-11-protein-convergence/results/OG_7907/csubst_w_s/csubst_input_alignment.fa.treefile
  Site-specific rates:           /mnt/data0/yue/2026-03-11-protein-convergence/results/OG_7907/csubst_w_s/csubst_input_alignment.fa.rate
  Ancestral state:               /mnt/data0/yue/2026-03-11-protein-convergence/results/OG_7907/csubst_w_s/csubst_input_alignment.fa.state
  Screen log file:               /mnt/data0/yue/2026-03-11-protein-convergence/results/OG_7907/csubst_w_s/csubst_input_alignment.fa.log

Date and Time: Sat Mar 28 02:09:57 2026
