IQ-TREE multicore version 2.4.0 for Linux x86 64-bit built Feb 12 2025
Developed by Bui Quang Minh, Nguyen Lam Tung, Olga Chernomor, Heiko Schmidt,
Dominik Schrempf, Michael Woodhams, Ly Trong Nhan, Thomas Wong

Host:    brain (AVX2, FMA3, 2015 GB RAM)
Command: /home/yue/miniconda3/envs/py39/bin/iqtree -s /mnt/data0/yue/2026-03-11-protein-convergence/results/OG_4486/csubst_w_s/csubst_input_alignment.fa -te tmp.csubst.nwk -m ECMK07+F+R4 --seqtype CODON1 --threads-max 1 -T AUTO --ancestral --rate --redo
Seed:    266918 (Using SPRNG - Scalable Parallel Random Number Generator)
Time:    Fri Mar 27 14:05:20 2026
Kernel:  AVX+FMA - auto-detect threads (128 CPU cores detected)

Reading alignment file /mnt/data0/yue/2026-03-11-protein-convergence/results/OG_4486/csubst_w_s/csubst_input_alignment.fa ... Fasta format detected
Reading fasta file: done in 0.00129122 secs using 49.95% CPU
Alignment most likely contains DNA/RNA sequences
Converting to codon sequences with genetic code 1 ...
WARNING: 1 sites contain only gaps or ambiguous characters.
Alignment has 78 sequences with 325 columns, 285 distinct patterns
164 parsimony-informative, 81 singleton sites, 80 constant sites
                                                               Gap/Ambiguity  Composition  p-value
Analyzing sequences: done in 5.41955e-05 secs using 97.79% CPU
   1  DE534|Cluster-29596.0__TRINITY_DN1233_c0_g1_i3.p1                0.92%    passed    100.00%
   2  DE542|Cluster-54918.0__TRINITY_DN2406_c0_g1_i4.p1               10.77%    passed    100.00%
   3  DE115|Cluster-23386.0__TRINITY_DN154_c0_g1_i1.p1                 0.31%    passed    100.00%
   4  DE563|Cluster-34812.0__TRINITY_DN102_c1_g1_i1.p1                 0.31%    passed    100.00%
   5  JJ74|Cluster-99376.0__TRINITY_DN4352_c0_g1_i1.p1                 0.31%    passed    100.00%
   6  DE162|Cluster-50019.1__TRINITY_DN8160_c0_g1_i1.p1               10.15%    passed    100.00%
   7  DE507|Cluster-37488.0__TRINITY_DN2176_c0_g1_i1.p1                0.31%    passed    100.00%
   8  DE528|Cluster-43175.0__TRINITY_DN5185_c0_g1_i1.p1                0.31%    passed    100.00%
   9  DE704-white|Cluster-62389.2__TRINITY_DN5218_c0_g1_i1.p1          0.31%    passed    100.00%
  10  DE704-purple|Cluster-8609.0__TRINITY_DN2107_c1_g1_i1.p1          0.31%    passed    100.00%
  11  DE546_urceolata_l|Cluster-35455.0__TRINITY_DN781_c1_g1_i10.p1    0.31%    passed    100.00%
  12  DE623|Cluster-25727.0__TRINITY_DN861_c0_g1_i2.p1                 0.31%    passed    100.00%
  13  DE680|Cluster-44686.0__TRINITY_DN742_c0_g1_i2.p1                 0.31%    passed    100.00%
  14  DE668|Cluster-15640.1__TRINITY_DN939_c1_g1_i1.p1                 0.31%    passed    100.00%
  15  JJ86|Cluster-24837.0__TRINITY_DN11157_c0_g3_i1.p1                0.31%    passed    100.00%
  16  DE126|Cluster-25013.1__TRINITY_DN1226_c1_g1_i1.p1                0.31%    passed    100.00%
  17  DE575|Cluster-38006.0__TRINITY_DN20113_c0_g1_i1.p1               0.31%    passed    100.00%
  18  DE566|Cluster-59272.0__TRINITY_DN2306_c0_g1_i15.p1               0.31%    passed    100.00%
  19  DE127|Cluster-10560.0__TRINITY_DN7489_c0_g1_i1.p1                0.31%    passed    100.00%
  20  DE554|Cluster-56110.0__TRINITY_DN382_c0_g1_i1.p1                 0.31%    passed    100.00%
  21  DE681|Cluster-38067.0__TRINITY_DN342_c1_g1_i2.p1                 4.00%    passed    100.00%
  22  DE765|Cluster-20880.0__TRINITY_DN6484_c0_g1_i1.p1                0.31%    passed    100.00%
  23  DE216|Cluster-76599.0__TRINITY_DN25402_c3_g1_i1.p1               0.92%    passed    100.00%
  24  JJ15|Cluster-17250.2__TRINITY_DN879_c1_g2_i1.p1                  0.92%    passed    100.00%
  25  DE152|Cluster-21742.0__TRINITY_DN1909_c0_g1_i1.p1                0.31%    passed    100.00%
  26  JJ99|Cluster-46609.0__TRINITY_DN1103_c2_g1_i2.p1                 4.00%    passed    100.00%
  27  DE229|Cluster-20628.0__TRINITY_DN1621_c5_g1_i1.p1                0.31%    passed    100.00%
  28  JJ23|Cluster-17153.0__TRINITY_DN235_c0_g1_i2.p1                  0.31%    passed    100.00%
  29  DE666|Cluster-15358.2__TRINITY_DN2661_c0_g2_i1.p1                0.31%    passed    100.00%
  30  DE643|Cluster-55840.0__TRINITY_DN1284_c0_g1_i1.p1                0.31%    passed     99.91%
  31  JJ85|Cluster-5386.1__TRINITY_DN542_c0_g1_i1.p1                   0.31%    passed    100.00%
  32  DE151|Cluster-14349.0__TRINITY_DN4284_c0_g1_i2.p1                0.31%    passed    100.00%
  33  DE173|Cluster-48378.0__TRINITY_DN14644_c0_g3_i1.p1               0.31%    passed    100.00%
  34  DE189|Cluster-19392.0__TRINITY_DN1755_c13_g1_i1.p1               0.31%    passed    100.00%
  35  JJ109|Cluster-2243.0__TRINITY_DN1937_c2_g1_i1.p1                 0.31%    passed    100.00%
  36  DE164|Cluster-32227.2__TRINITY_DN2138_c2_g1_i2.p1                0.31%    passed    100.00%
  37  JJ89|Cluster-37788.0__TRINITY_DN3718_c3_g1_i1.p1                 0.31%    passed    100.00%
  38  DE476|Cluster-17150.0__TRINITY_DN2103_c0_g2_i1.p1                0.31%    passed    100.00%
  39  DE504|Cluster-35193.0__TRINITY_DN1926_c1_g2_i1.p1                0.31%    passed    100.00%
  40  DE736|Cluster-6800.0__TRINITY_DN525_c0_g1_i1.p1                  0.31%    passed    100.00%
  41  DE696-dots|Cluster-41279.0__TRINITY_DN36204_c2_g1_i1.p1          0.31%    passed    100.00%
  42  DE696-nodots|Cluster-31317.0__TRINITY_DN4442_c0_g2_i1.p1         4.00%    passed    100.00%
  43  JJ36|Cluster-41243.0__TRINITY_DN4356_c0_g2_i2.p1                 4.00%    passed    100.00%
  44  DE531|Cluster-35849.0__TRINITY_DN1300_c0_g1_i2.p1                4.00%    passed    100.00%
  45  DE509|Cluster-41169.0__TRINITY_DN452_c1_g1_i1.p1                 0.31%    passed    100.00%
  46  DE764|Cluster-36414.71__TRINITY_DN1506_c0_g2_i1.p1               0.31%    passed    100.00%
  47  DE672|Cluster-49191.0__TRINITY_DN3440_c4_g1_i2.p1                0.31%    passed    100.00%
  48  DE88|Cluster-40699.1__TRINITY_DN9717_c0_g2_i1.p1                 0.31%    passed    100.00%
  49  DE541|Cluster-18249.0__TRINITY_DN1524_c2_g1_i1.p1                0.31%    passed    100.00%
  50  DE549|Cluster-19125.0__TRINITY_DN4949_c0_g2_i1.p1                0.31%    passed    100.00%
  51  SRR3407096|Cluster-26208.0__TRINITY_DN3193_c0_g1_i1.p1           0.31%    passed    100.00%
  52  DE181|Cluster-52398.0__TRINITY_DN1852_c1_g1_i1.p1                0.31%    passed    100.00%
  53  DE560|Cluster-16065.0__TRINITY_DN5637_c0_g1_i2.p1                4.00%    passed    100.00%
  54  DE523|Cluster-23505.1__TRINITY_DN409_c0_g1_i1.p1                 0.31%    passed    100.00%
  55  DE503|Cluster-14359.0__TRINITY_DN4603_c0_g1_i1.p1                0.31%    passed    100.00%
  56  DE505|Cluster-45707.0__TRINITY_DN4387_c0_g1_i2.p1                4.00%    passed    100.00%
  57  DE510|Cluster-50601.0__TRINITY_DN5653_c1_g1_i2.p1                0.31%    passed    100.00%
  58  SRR3407093|Cluster-15888.0__TRINITY_DN439_c0_g1_i1.p1            0.31%    passed    100.00%
  59  SRR3407092|Cluster-35037.0__TRINITY_DN15963_c0_g1_i2.p1          0.31%    passed    100.00%
  60  SRR3407087|Cluster-7848.0__TRINITY_DN7946_c0_g1_i1.p1            0.31%    passed    100.00%
  61  SRR3407094|Cluster-28988.0__TRINITY_DN46843_c0_g1_i1.p1          0.31%    passed    100.00%
  62  SRR3424066|Cluster-35264.3__TRINITY_DN7810_c1_g1_i3.p1           0.31%    passed    100.00%
  63  SRR3407088|Cluster-7379.0__TRINITY_DN2470_c0_g1_i1.p1            0.31%    passed    100.00%
  64  DE561|Cluster-40078.0__TRINITY_DN208_c0_g2_i1.p1                 0.31%    passed    100.00%
  65  SRR3407095|Cluster-22144.0__TRINITY_DN3216_c0_g1_i1.p1           0.31%    passed    100.00%
  66  DE69|Cluster-40113.1__TRINITY_DN272_c2_g6_i2.p1                  0.31%    passed    100.00%
  67  SRR3407086|Cluster-3117.0__TRINITY_DN972_c2_g1_i1.p1             0.31%    passed    100.00%
  68  DE519|Cluster-24074.0__TRINITY_DN11428_c0_g2_i1.p1               0.31%    passed    100.00%
  69  JJ125|Cluster-6159.0__TRINITY_DN51066_c0_g1_i1.p1                0.31%    passed    100.00%
  70  DE536|Cluster-577.0__TRINITY_DN1595_c0_g1_i1.p1                  0.31%    passed    100.00%
  71  JJ130|Cluster-52809.1__TRINITY_DN7174_c0_g1_i1.p1                0.31%    passed    100.00%
  72  DE671|Cluster-26986.0__TRINITY_DN199_c0_g1_i1.p1                 0.31%    passed     99.76%
  73  DE741|Cluster-448.0__TRINITY_DN4338_c0_g1_i1.p1                  0.31%    passed    100.00%
  74  DRR082660|Cluster-2846.0__TRINITY_DN189_c0_g1_i1.p1              0.31%    passed    100.00%
  75  DE550|Cluster-51818.3__TRINITY_DN2952_c1_g1_i1.p1                0.31%    passed    100.00%
  76  JJ131|Cluster-26609.3__TRINITY_DN1644_c0_g1_i9.p1                0.31%    passed    100.00%
  77  SRR104381|Cluster-23211.3__TRINITY_DN1569_c0_g1_i14.p1           0.62%    passed     90.85%
  78  SRR5150740|Cluster-48566.1__TRINITY_DN2916_c0_g2_i2.p1           0.62%    passed     16.48%
****  TOTAL                                                            0.93%  0 sequences failed composition chi2 test (p-value<5%; df=60)
Reading input tree file tmp.csubst.nwk ... rooted tree

NOTE: 51 MB RAM (0 GB) is required!
Measuring multi-threading efficiency up to 1 CPU cores
2 trees examined
Threads: 1 / Time: 2.616 sec / Speedup: 1.000 / Efficiency: 100% / LogL: -8982
BEST NUMBER OF THREADS: 1

Estimate model parameters (epsilon = 0.010)
1. Initial log-likelihood: -9603.641
2. Current log-likelihood: -5641.728
3. Current log-likelihood: -5641.646
4. Current log-likelihood: -5641.575
5. Current log-likelihood: -5641.461
6. Current log-likelihood: -5641.219
7. Current log-likelihood: -5630.500
8. Current log-likelihood: -5629.228
9. Current log-likelihood: -5625.256
10. Current log-likelihood: -5625.226
11. Current log-likelihood: -5625.214
Optimal log-likelihood: -5625.209
Nonsynonymous/synonymous ratio (omega): 1.000
Transition/transversion ratio (kappa): 1.000
Site proportion and rates:  (0.542,0.427) (0.331,1.106) (0.125,3.076) (0.002,8.131)
Parameters optimization took 11 rounds (97.690 sec)
Wrote distance file to... 
BEST SCORE FOUND : -5625.209
Ancestral state probabilities printed to /mnt/data0/yue/2026-03-11-protein-convergence/results/OG_4486/csubst_w_s/csubst_input_alignment.fa.state
Empirical proportions for each category: 0.625 0.271 0.102 0.003
Site rates printed to /mnt/data0/yue/2026-03-11-protein-convergence/results/OG_4486/csubst_w_s/csubst_input_alignment.fa.rate
Total tree length: 2.444

Total number of iterations: 0
CPU time used for tree search: 0.000 sec (0h:0m:0s)
Wall-clock time used for tree search: 0.000 sec (0h:0m:0s)
Total CPU time used: 101.768 sec (0h:1m:41s)
Total wall-clock time used: 102.201 sec (0h:1m:42s)

Analysis results written to: 
  IQ-TREE report:                /mnt/data0/yue/2026-03-11-protein-convergence/results/OG_4486/csubst_w_s/csubst_input_alignment.fa.iqtree
  Maximum-likelihood tree:       /mnt/data0/yue/2026-03-11-protein-convergence/results/OG_4486/csubst_w_s/csubst_input_alignment.fa.treefile
  Site-specific rates:           /mnt/data0/yue/2026-03-11-protein-convergence/results/OG_4486/csubst_w_s/csubst_input_alignment.fa.rate
  Ancestral state:               /mnt/data0/yue/2026-03-11-protein-convergence/results/OG_4486/csubst_w_s/csubst_input_alignment.fa.state
  Screen log file:               /mnt/data0/yue/2026-03-11-protein-convergence/results/OG_4486/csubst_w_s/csubst_input_alignment.fa.log

Date and Time: Fri Mar 27 14:07:02 2026
