IQ-TREE multicore version 2.4.0 for Linux x86 64-bit built Feb 12 2025
Developed by Bui Quang Minh, Nguyen Lam Tung, Olga Chernomor, Heiko Schmidt,
Dominik Schrempf, Michael Woodhams, Ly Trong Nhan, Thomas Wong

Host:    brain (AVX2, FMA3, 2015 GB RAM)
Command: /home/yue/miniconda3/envs/py39/bin/iqtree -s /mnt/data0/yue/2026-03-11-protein-convergence/results/OG_2353/csubst_w_s/csubst_input_alignment.fa -te tmp.csubst.nwk -m ECMK07+F+R4 --seqtype CODON1 --threads-max 1 -T AUTO --ancestral --rate --redo
Seed:    898069 (Using SPRNG - Scalable Parallel Random Number Generator)
Time:    Fri Mar 27 04:07:50 2026
Kernel:  AVX+FMA - auto-detect threads (128 CPU cores detected)

Reading alignment file /mnt/data0/yue/2026-03-11-protein-convergence/results/OG_2353/csubst_w_s/csubst_input_alignment.fa ... Fasta format detected
Reading fasta file: done in 0.00102977 secs
Alignment most likely contains DNA/RNA sequences
Converting to codon sequences with genetic code 1 ...
WARNING: 1 sites contain only gaps or ambiguous characters.
Alignment has 68 sequences with 278 columns, 251 distinct patterns
99 parsimony-informative, 77 singleton sites, 102 constant sites
                                                               Gap/Ambiguity  Composition  p-value
Analyzing sequences: done in 5.18411e-05 secs using 98.38% CPU
   1  DE566|Cluster-19096.2__TRINITY_DN6098_c0_g1_i10.p1               0.36%    passed    100.00%
   2  DE704-white|Cluster-40414.0__TRINITY_DN3832_c0_g1_i10.p1         9.35%    passed    100.00%
   3  SRR3407096|Cluster-23149.0__TRINITY_DN8443_c0_g1_i4.p1          24.82%    passed    100.00%
   4  DE523|Cluster-48039.2__TRINITY_DN6005_c0_g1_i6.p1               21.58%    passed    100.00%
   5  DE671|Cluster-48920.0__TRINITY_DN18926_c0_g1_i16.p1             23.74%    passed    100.00%
   6  JJ85|Cluster-34383.0__TRINITY_DN16247_c0_g1_i1.p1                0.36%    passed    100.00%
   7  DE164|Cluster-60859.0__TRINITY_DN6220_c0_g1_i1.p1                0.36%    passed    100.00%
   8  DE476|Cluster-33921.0__TRINITY_DN8415_c2_g1_i10.p1               5.04%    passed    100.00%
   9  DE541|Cluster-51357.2__TRINITY_DN6997_c1_g1_i6.p1                0.36%    passed    100.00%
  10  DE549|Cluster-39638.0__TRINITY_DN4388_c0_g1_i2.p1                0.36%    passed    100.00%
  11  DE696-nodots|Cluster-29129.0__TRINITY_DN9782_c0_g1_i8.p1         0.36%    passed    100.00%
  12  DE672|Cluster-56871.0__TRINITY_DN2926_c0_g1_i8.p1                0.36%    passed    100.00%
  13  DE531|Cluster-27673.2__TRINITY_DN1998_c0_g1_i2.p1                0.36%    passed    100.00%
  14  DE696-dots|Cluster-51595.1__TRINITY_DN1224_c0_g1_i34.p1          0.36%    passed    100.00%
  15  JJ36|Cluster-41687.2__TRINITY_DN4329_c0_g1_i42.p1                0.36%    passed    100.00%
  16  DE737|Cluster-45611.1__TRINITY_DN1661_c0_g1_i7.p1                0.36%    passed    100.00%
  17  DE550|Cluster-18384.0__TRINITY_DN2321_c0_g1_i1.p1                0.36%    passed    100.00%
  18  DE643|Cluster-68611.0__TRINITY_DN13272_c0_g1_i17.p1              0.36%    passed    100.00%
  19  JJ130|Cluster-37653.0__TRINITY_DN6504_c0_g1_i27.p1               0.36%    passed    100.00%
  20  DE509|Cluster-45625.0__TRINITY_DN218_c1_g1_i2.p1                 9.35%    passed    100.00%
  21  DE736|Cluster-30625.0__TRINITY_DN163_c2_g1_i4.p1                 0.36%    passed    100.00%
  22  DE173|Cluster-35620.9__TRINITY_DN853_c1_g2_i4.p1                 0.36%    passed    100.00%
  23  DE189|Cluster-38825.1__TRINITY_DN6813_c0_g1_i5.p1                0.36%    passed    100.00%
  24  DE560|Cluster-19848.0__TRINITY_DN4540_c0_g1_i1.p1                0.36%    passed    100.00%
  25  JJ74|Cluster-81359.0__TRINITY_DN1554_c1_g1_i1.p1                 0.36%    passed    100.00%
  26  JJ109|Cluster-43387.0__TRINITY_DN8204_c0_g1_i8.p1                0.36%    passed    100.00%
  27  SRR3407092|Cluster-20036.0__TRINITY_DN10457_c0_g1_i1.p1         11.87%    passed    100.00%
  28  DE216|Cluster-31513.0__TRINITY_DN12505_c1_g1_i4.p1               0.36%    passed    100.00%
  29  DE534|Cluster-51890.0__TRINITY_DN8111_c0_g1_i2.p1                0.36%    passed    100.00%
  30  DE542|Cluster-31842.1__TRINITY_DN6564_c0_g1_i5.p1                0.36%    passed    100.00%
  31  JJ15|Cluster-47602.0__TRINITY_DN1315_c1_g2_i10.p1                0.36%    passed    100.00%
  32  DE536|Cluster-29509.0__TRINITY_DN2172_c0_g2_i1.p1                0.36%    passed    100.00%
  33  DE229|Cluster-43001.0__TRINITY_DN1968_c0_g3_i6.p1                0.36%    passed    100.00%
  34  JJ23|Cluster-41749.0__TRINITY_DN6991_c0_g1_i1.p1                 0.36%    passed    100.00%
  35  DE519|Cluster-72936.0__TRINITY_DN3972_c0_g1_i10.p1              11.87%    passed    100.00%
  36  SRR3407095|Cluster-30649.0__TRINITY_DN10240_c0_g1_i6.p1          0.36%    passed    100.00%
  37  JJ99|Cluster-51953.0__TRINITY_DN7001_c0_g1_i2.p1                 0.36%    passed    100.00%
  38  DE575|Cluster-32965.1__TRINITY_DN5046_c1_g1_i4.p1                0.36%    passed    100.00%
  39  DE765|Cluster-43773.5__TRINITY_DN4524_c1_g1_i33.p1               0.36%    passed    100.00%
  40  DE704-purple|Cluster-44447.1__TRINITY_DN11433_c0_g1_i4.p1        1.44%    passed    100.00%
  41  DE528|Cluster-56560.0__TRINITY_DN3087_c0_g1_i21.p1               1.44%    passed    100.00%
  42  DE69|Cluster-53150.0__TRINITY_DN11391_c0_g1_i12.p1               0.36%    passed    100.00%
  43  DE741|Cluster-41119.0__TRINITY_DN6426_c1_g1_i2.p1               24.82%    passed    100.00%
  44  JJ125|Cluster-4816.1__TRINITY_DN11186_c0_g1_i5.p1               44.60%    passed     99.81%
  45  DE115|Cluster-54998.1__TRINITY_DN806_c0_g2_i8.p1                 0.36%    passed    100.00%
  46  DE162|Cluster-43076.8__TRINITY_DN3496_c0_g1_i4.p1                6.12%    passed    100.00%
  47  DE127|Cluster-5882.2__TRINITY_DN27842_c0_g1_i8.p1                0.36%    passed    100.00%
  48  DE554|Cluster-13528.5__TRINITY_DN641_c0_g1_i11.p1                0.36%    passed    100.00%
  49  DE666|Cluster-40409.0__TRINITY_DN4551_c0_g1_i1.p1                0.36%    passed    100.00%
  50  DE563|Cluster-55782.0__TRINITY_DN7851_c0_g1_i2.p1                0.36%    passed    100.00%
  51  JJ86|Cluster-36185.2__TRINITY_DN1875_c0_g1_i14.p1                0.36%    passed    100.00%
  52  SRR3407094|Cluster-13175.0__TRINITY_DN6294_c1_g1_i4.p1           0.36%    passed    100.00%
  53  JJ89|Cluster-27027.14__TRINITY_DN9089_c0_g1_i33.p1               0.36%    passed    100.00%
  54  DE151|Cluster-42678.1__TRINITY_DN676_c1_g1_i8.p1                 0.36%    passed    100.00%
  55  JJ131|Cluster-58466.0__TRINITY_DN12638_c0_g1_i59.p1              0.36%    passed    100.00%
  56  DE126|Cluster-10226.3__TRINITY_DN22679_c1_g2_i14.p1              0.36%    passed    100.00%
  57  DE680|Cluster-47181.5__TRINITY_DN3377_c0_g1_i18.p1              27.70%    passed     99.98%
  58  DE546_urceolata_l|Cluster-24231.0__TRINITY_DN2958_c0_g1_i2.p1    0.36%    passed    100.00%
  59  DE152|Cluster-63469.1__TRINITY_DN4416_c0_g1_i15.p1               9.35%    passed    100.00%
  60  DE181|Cluster-55915.0__TRINITY_DN9405_c0_g1_i30.p1              24.82%    passed    100.00%
  61  SRR3407086|Cluster-41766.0__TRINITY_DN10075_c0_g1_i3.p1          0.36%    passed    100.00%
  62  DE561|Cluster-29757.0__TRINITY_DN3776_c0_g1_i4.p1               24.82%    passed    100.00%
  63  SRR3424066|Cluster-32170.0__TRINITY_DN9258_c0_g1_i1.p1           0.36%    passed    100.00%
  64  DE503|Cluster-40776.0__TRINITY_DN2038_c1_g1_i7.p1               35.61%    passed     99.95%
  65  DE510|Cluster-46908.0__TRINITY_DN5230_c0_g1_i47.p1              35.61%    passed     99.95%
  66  SRR3407087|Cluster-41828.0__TRINITY_DN5741_c0_g1_i11.p1         19.78%    passed    100.00%
  67  SRR3407093|Cluster-23534.1__TRINITY_DN6235_c0_g1_i3.p1           0.36%    passed    100.00%
  68  SRR3407088|Cluster-19967.0__TRINITY_DN7625_c2_g1_i3.p1           0.36%    passed    100.00%
****  TOTAL                                                            5.75%  0 sequences failed composition chi2 test (p-value<5%; df=60)
Reading input tree file tmp.csubst.nwk ... rooted tree

NOTE: 40 MB RAM (0 GB) is required!
Measuring multi-threading efficiency up to 1 CPU cores
2 trees examined
Threads: 1 / Time: 2.117 sec / Speedup: 1.000 / Efficiency: 100% / LogL: -6789
BEST NUMBER OF THREADS: 1

Estimate model parameters (epsilon = 0.010)
1. Initial log-likelihood: -7462.056
2. Current log-likelihood: -4499.751
3. Current log-likelihood: -4499.012
4. Current log-likelihood: -4498.629
5. Current log-likelihood: -4498.442
6. Current log-likelihood: -4498.352
7. Current log-likelihood: -4498.305
8. Current log-likelihood: -4498.277
9. Current log-likelihood: -4498.257
10. Current log-likelihood: -4498.241
11. Current log-likelihood: -4498.227
12. Current log-likelihood: -4498.214
13. Current log-likelihood: -4498.203
14. Current log-likelihood: -4498.193
Optimal log-likelihood: -4498.183
Nonsynonymous/synonymous ratio (omega): 1.000
Transition/transversion ratio (kappa): 1.000
Site proportion and rates:  (0.613,0.357) (0.185,1.554) (0.146,1.879) (0.057,3.864)
Parameters optimization took 14 rounds (90.962 sec)
Wrote distance file to... 
BEST SCORE FOUND : -4498.183
Ancestral state probabilities printed to /mnt/data0/yue/2026-03-11-protein-convergence/results/OG_2353/csubst_w_s/csubst_input_alignment.fa.state
Empirical proportions for each category: 0.676 0.216 0.065 0.043
Site rates printed to /mnt/data0/yue/2026-03-11-protein-convergence/results/OG_2353/csubst_w_s/csubst_input_alignment.fa.rate
Total tree length: 2.104

Total number of iterations: 0
CPU time used for tree search: 0.000 sec (0h:0m:0s)
Wall-clock time used for tree search: 0.000 sec (0h:0m:0s)
Total CPU time used: 94.319 sec (0h:1m:34s)
Total wall-clock time used: 94.485 sec (0h:1m:34s)

Analysis results written to: 
  IQ-TREE report:                /mnt/data0/yue/2026-03-11-protein-convergence/results/OG_2353/csubst_w_s/csubst_input_alignment.fa.iqtree
  Maximum-likelihood tree:       /mnt/data0/yue/2026-03-11-protein-convergence/results/OG_2353/csubst_w_s/csubst_input_alignment.fa.treefile
  Site-specific rates:           /mnt/data0/yue/2026-03-11-protein-convergence/results/OG_2353/csubst_w_s/csubst_input_alignment.fa.rate
  Ancestral state:               /mnt/data0/yue/2026-03-11-protein-convergence/results/OG_2353/csubst_w_s/csubst_input_alignment.fa.state
  Screen log file:               /mnt/data0/yue/2026-03-11-protein-convergence/results/OG_2353/csubst_w_s/csubst_input_alignment.fa.log

Date and Time: Fri Mar 27 04:09:25 2026
