IQ-TREE multicore version 2.4.0 for Linux x86 64-bit built Feb 12 2025
Developed by Bui Quang Minh, Nguyen Lam Tung, Olga Chernomor, Heiko Schmidt,
Dominik Schrempf, Michael Woodhams, Ly Trong Nhan, Thomas Wong

Host:    brain (AVX2, FMA3, 2015 GB RAM)
Command: /home/yue/miniconda3/envs/py39/bin/iqtree -s /mnt/data0/yue/2026-03-11-protein-convergence/results/OG_6213/csubst_w_s/csubst_input_alignment.fa -te tmp.csubst.nwk -m ECMK07+F+R4 --seqtype CODON1 --threads-max 1 -T AUTO --ancestral --rate --redo
Seed:    853379 (Using SPRNG - Scalable Parallel Random Number Generator)
Time:    Fri Mar 27 20:45:31 2026
Kernel:  AVX+FMA - auto-detect threads (128 CPU cores detected)

Reading alignment file /mnt/data0/yue/2026-03-11-protein-convergence/results/OG_6213/csubst_w_s/csubst_input_alignment.fa ... Fasta format detected
Reading fasta file: done in 0.00257179 secs using 43.59% CPU
Alignment most likely contains DNA/RNA sequences
Converting to codon sequences with genetic code 1 ...
WARNING: 1 sites contain only gaps or ambiguous characters.
Alignment has 75 sequences with 697 columns, 651 distinct patterns
282 parsimony-informative, 243 singleton sites, 172 constant sites
                                                               Gap/Ambiguity  Composition  p-value
Analyzing sequences: done in 0.000115588 secs using 98.63% CPU
   1  DE476|Cluster-42827.0__TRINITY_DN16086_c0_g1_i1.p1               8.75%    passed    100.00%
   2  DE561|Cluster-25714.0__TRINITY_DN2158_c0_g1_i1.p1                0.86%    passed    100.00%
   3  SRR3424066|Cluster-21704.0__TRINITY_DN1339_c0_g1_i2.p1           0.86%    passed    100.00%
   4  DE765|Cluster-36957.1__TRINITY_DN2863_c0_g1_i5.p1                6.60%    passed    100.00%
   5  DE126|Cluster-41537.0__TRINITY_DN4216_c0_g1_i7.p1               46.63%    passed     96.85%
   6  JJ89|Cluster-18417.0__TRINITY_DN2964_c2_g1_i3.p1                 0.29%    passed    100.00%
   7  DRR082660|Cluster-34743.0__TRINITY_DN2136_c0_g1_i1.p1            0.43%    passed    100.00%
   8  SRR3407086|Cluster-12286.0__TRINITY_DN802_c0_g1_i3.p1            0.86%    passed    100.00%
   9  DE566|Cluster-60986.0__TRINITY_DN14161_c0_g1_i11.p1             12.77%    passed    100.00%
  10  DE542|Cluster-44450.0__TRINITY_DN323_c0_g2_i2.p1                 7.17%    passed    100.00%
  11  SRR104381|Cluster-26888.1__TRINITY_DN6253_c0_g1_i9.p1           18.94%    passed     99.85%
  12  SRR5150740|Cluster-38959.0__TRINITY_DN2328_c0_g1_i11.p1          9.47%    passed    100.00%
  13  DE575|Cluster-18856.0__TRINITY_DN1571_c0_g1_i7.p1                6.60%    passed    100.00%
  14  DE681|Cluster-60686.0__TRINITY_DN712_c0_g1_i1.p1                 6.60%    passed    100.00%
  15  DE115|Cluster-60698.0__TRINITY_DN2278_c0_g1_i7.p1                6.89%    passed    100.00%
  16  JJ86|Cluster-34980.0__TRINITY_DN6706_c0_g1_i4.p1                46.20%    passed     97.68%
  17  DE127|Cluster-47506.0__TRINITY_DN3988_c0_g2_i35.p1               0.14%    passed    100.00%
  18  DE554|Cluster-52811.0__TRINITY_DN1946_c0_g1_i2.p1                6.74%    passed    100.00%
  19  DE666|Cluster-13839.0__TRINITY_DN3414_c0_g1_i1.p1               12.20%    passed    100.00%
  20  DE162|Cluster-51297.0__TRINITY_DN6244_c0_g1_i6.p1                0.14%    passed    100.00%
  21  DE704-white|Cluster-53513.0__TRINITY_DN1789_c1_g1_i6.p1          0.14%    passed    100.00%
  22  DE507|Cluster-85326.0__TRINITY_DN3315_c1_g1_i20.p1               0.14%    passed    100.00%
  23  DE528|Cluster-19562.0__TRINITY_DN5969_c0_g1_i6.p1                0.14%    passed    100.00%
  24  DE623|Cluster-24343.0__TRINITY_DN5960_c0_g1_i5.p1                0.14%    passed    100.00%
  25  DE680|Cluster-54526.0__TRINITY_DN1164_c0_g1_i5.p1                0.14%    passed    100.00%
  26  DE546_urceolata_l|Cluster-37032.2__TRINITY_DN1154_c0_g2_i8.p1   23.67%    passed    100.00%
  27  DE563|Cluster-49905.0__TRINITY_DN564_c1_g1_i8.p1                 0.14%    passed    100.00%
  28  JJ74|Cluster-83879.0__TRINITY_DN2198_c0_g1_i10.p1                0.14%    passed    100.00%
  29  DE668|Cluster-4913.0__TRINITY_DN8105_c0_g1_i1.p1                 0.14%    passed    100.00%
  30  JJ131|Cluster-47797.0__TRINITY_DN1581_c0_g1_i1.p1               12.20%    passed    100.00%
  31  DE151|Cluster-40543.0__TRINITY_DN5545_c0_g1_i3.p1                0.14%    passed    100.00%
  32  DE173|Cluster-20852.0__TRINITY_DN5582_c0_g1_i1.p1               12.20%    passed    100.00%
  33  JJ109|Cluster-44179.0__TRINITY_DN2876_c0_g1_i3.p1                0.14%    passed    100.00%
  34  JJ130|Cluster-22755.0__TRINITY_DN1582_c0_g1_i2.p1                0.14%    passed    100.00%
  35  DE189|Cluster-47872.0__TRINITY_DN22685_c0_g2_i3.p1              12.20%    passed    100.00%
  36  DE88|Cluster-33394.0__TRINITY_DN7392_c0_g1_i6.p1                 0.14%    passed    100.00%
  37  DE737|Cluster-33070.1__TRINITY_DN43055_c0_g1_i4.p1               0.14%    passed    100.00%
  38  DE531|Cluster-16684.0__TRINITY_DN2603_c0_g1_i2.p1                0.14%    passed    100.00%
  39  JJ36|Cluster-12630.0__TRINITY_DN2069_c0_g1_i3.p1                 0.14%    passed    100.00%
  40  DE696-nodots|Cluster-46975.0__TRINITY_DN2078_c0_g1_i2.p1        33.72%    passed     99.64%
  41  DE696-dots|Cluster-53740.0__TRINITY_DN1823_c0_g1_i4.p1           0.14%    passed    100.00%
  42  DE550|Cluster-24267.0__TRINITY_DN5270_c0_g1_i3.p1                0.14%    passed    100.00%
  43  DE764|Cluster-22639.0__TRINITY_DN600_c0_g1_i2.p1                 0.14%    passed    100.00%
  44  DE509|Cluster-48100.0__TRINITY_DN1648_c0_g1_i2.p1                0.14%    passed    100.00%
  45  DE736|Cluster-63485.0__TRINITY_DN1131_c0_g1_i6.p1                0.14%    passed    100.00%
  46  DE504|Cluster-36553.1__TRINITY_DN6490_c0_g2_i1.p1                0.14%    passed    100.00%
  47  DE549|Cluster-51765.0__TRINITY_DN3448_c0_g1_i3.p1               45.77%    passed     94.01%
  48  DE164|Cluster-37020.0__TRINITY_DN1414_c0_g1_i2.p1                0.14%    passed    100.00%
  49  DE643|Cluster-77086.1__TRINITY_DN68_c0_g1_i2.p1                 23.39%    passed    100.00%
  50  DE672|Cluster-29899.0__TRINITY_DN997_c0_g1_i10.p1                0.14%    passed    100.00%
  51  DE541|Cluster-43511.0__TRINITY_DN5705_c0_g1_i2.p1                0.14%    passed    100.00%
  52  DE216|Cluster-57470.1__TRINITY_DN1159_c0_g1_i2.p1               47.78%    passed     94.39%
  53  DE534|Cluster-73734.1__TRINITY_DN745_c0_g1_i4.p1                 0.29%    passed    100.00%
  54  DE536|Cluster-44688.0__TRINITY_DN1913_c0_g3_i1.p1                0.43%    passed    100.00%
  55  DE519|Cluster-58043.0__TRINITY_DN3899_c0_g2_i2.p1                6.74%    passed    100.00%
  56  DE741|Cluster-40918.0__TRINITY_DN164_c2_g1_i3.p1                 0.14%    passed    100.00%
  57  JJ125|Cluster-32903.0__TRINITY_DN15526_c0_g1_i3.p1               0.14%    passed    100.00%
  58  DE229|Cluster-97804.0__TRINITY_DN4122_c0_g2_i2.p1                0.29%    passed    100.00%
  59  JJ23|Cluster-45167.0__TRINITY_DN1057_c0_g1_i42.p1                7.46%    passed    100.00%
  60  DE560|Cluster-39200.0__TRINITY_DN4265_c0_g1_i20.p1               6.74%    passed    100.00%
  61  DE152|Cluster-56649.0__TRINITY_DN1603_c0_g1_i18.p1               2.15%    passed    100.00%
  62  JJ99|Cluster-30029.0__TRINITY_DN2564_c0_g2_i3.p1                 2.73%    passed    100.00%
  63  DE181|Cluster-21297.0__TRINITY_DN2049_c0_g1_i12.p1               0.86%    passed    100.00%
  64  SRR3407088|Cluster-20300.0__TRINITY_DN2041_c0_g1_i10.p1          0.86%    passed    100.00%
  65  DE505|Cluster-37287.0__TRINITY_DN24971_c0_g1_i8.p1               0.86%    passed    100.00%
  66  DE510|Cluster-36566.0__TRINITY_DN478_c0_g1_i3.p1                 0.86%    passed    100.00%
  67  SRR3407087|Cluster-34679.0__TRINITY_DN3449_c0_g1_i1.p1           0.86%    passed    100.00%
  68  SRR3407094|Cluster-20206.0__TRINITY_DN2421_c0_g1_i3.p1           0.86%    passed    100.00%
  69  SRR3407093|Cluster-27440.0__TRINITY_DN3474_c0_g1_i2.p1           0.86%    passed    100.00%
  70  SRR3407092|Cluster-33503.0__TRINITY_DN5725_c0_g1_i10.p1         13.34%    passed    100.00%
  71  SRR3407095|Cluster-14186.0__TRINITY_DN2618_c0_g1_i2.p1           0.29%    passed    100.00%
  72  DE69|Cluster-42579.0__TRINITY_DN10577_c0_g1_i4.p1                0.29%    passed    100.00%
  73  DE523|Cluster-54293.0__TRINITY_DN2047_c0_g1_i7.p1                0.29%    passed    100.00%
  74  SRR3407096|Cluster-18836.0__TRINITY_DN2137_c0_g1_i1.p1           0.29%    passed    100.00%
  75  DE704-purple|Cluster-61674.0__TRINITY_DN4514_c0_g1_i5.p1        10.33%    passed     99.83%
****  TOTAL                                                            6.29%  0 sequences failed composition chi2 test (p-value<5%; df=60)
Reading input tree file tmp.csubst.nwk ... rooted tree

NOTE: 100 MB RAM (0 GB) is required!
Measuring multi-threading efficiency up to 1 CPU cores
2 trees examined
Threads: 1 / Time: 5.189 sec / Speedup: 1.000 / Efficiency: 100% / LogL: -19358
BEST NUMBER OF THREADS: 1

Estimate model parameters (epsilon = 0.010)
1. Initial log-likelihood: -21077.667
2. Current log-likelihood: -11649.930
3. Current log-likelihood: -11649.910
4. Current log-likelihood: -11649.891
5. Current log-likelihood: -11649.874
6. Current log-likelihood: -11649.857
7. Current log-likelihood: -11649.841
8. Current log-likelihood: -11649.825
9. Current log-likelihood: -11649.810
10. Current log-likelihood: -11649.795
11. Current log-likelihood: -11649.780
12. Current log-likelihood: -11649.766
13. Current log-likelihood: -11649.752
14. Current log-likelihood: -11649.739
15. Current log-likelihood: -11649.725
16. Current log-likelihood: -11649.712
17. Current log-likelihood: -11649.699
18. Current log-likelihood: -11649.687
19. Current log-likelihood: -11649.675
20. Current log-likelihood: -11649.663
21. Current log-likelihood: -11649.651
22. Current log-likelihood: -11649.639
23. Current log-likelihood: -11649.628
24. Current log-likelihood: -11649.616
25. Current log-likelihood: -11649.605
26. Current log-likelihood: -11649.594
27. Current log-likelihood: -11649.584
28. Current log-likelihood: -11649.573
29. Current log-likelihood: -11649.563
Optimal log-likelihood: -11649.553
Nonsynonymous/synonymous ratio (omega): 1.000
Transition/transversion ratio (kappa): 1.000
Site proportion and rates:  (0.590,0.464) (0.239,1.304) (0.141,1.959) (0.029,4.683)
Parameters optimization took 29 rounds (486.778 sec)
Wrote distance file to... 
BEST SCORE FOUND : -11649.553
Ancestral state probabilities printed to /mnt/data0/yue/2026-03-11-protein-convergence/results/OG_6213/csubst_w_s/csubst_input_alignment.fa.state
Empirical proportions for each category: 0.717 0.174 0.085 0.024
Site rates printed to /mnt/data0/yue/2026-03-11-protein-convergence/results/OG_6213/csubst_w_s/csubst_input_alignment.fa.rate
Total tree length: 2.151

Total number of iterations: 0
CPU time used for tree search: 0.000 sec (0h:0m:0s)
Wall-clock time used for tree search: 0.000 sec (0h:0m:0s)
Total CPU time used: 495.046 sec (0h:8m:15s)
Total wall-clock time used: 495.666 sec (0h:8m:15s)

Analysis results written to: 
  IQ-TREE report:                /mnt/data0/yue/2026-03-11-protein-convergence/results/OG_6213/csubst_w_s/csubst_input_alignment.fa.iqtree
  Maximum-likelihood tree:       /mnt/data0/yue/2026-03-11-protein-convergence/results/OG_6213/csubst_w_s/csubst_input_alignment.fa.treefile
  Site-specific rates:           /mnt/data0/yue/2026-03-11-protein-convergence/results/OG_6213/csubst_w_s/csubst_input_alignment.fa.rate
  Ancestral state:               /mnt/data0/yue/2026-03-11-protein-convergence/results/OG_6213/csubst_w_s/csubst_input_alignment.fa.state
  Screen log file:               /mnt/data0/yue/2026-03-11-protein-convergence/results/OG_6213/csubst_w_s/csubst_input_alignment.fa.log

Date and Time: Fri Mar 27 20:53:47 2026
