IQ-TREE multicore version 2.4.0 for Linux x86 64-bit built Feb 12 2025
Developed by Bui Quang Minh, Nguyen Lam Tung, Olga Chernomor, Heiko Schmidt,
Dominik Schrempf, Michael Woodhams, Ly Trong Nhan, Thomas Wong

Host:    brain (AVX2, FMA3, 2015 GB RAM)
Command: /home/yue/miniconda3/envs/py39/bin/iqtree -s /mnt/data0/yue/2026-03-11-protein-convergence/results/OG_9689/csubst_w_s/csubst_input_alignment.fa -te tmp.csubst.nwk -m ECMK07+F+R4 --seqtype CODON1 --threads-max 1 -T AUTO --ancestral --rate --redo
Seed:    242542 (Using SPRNG - Scalable Parallel Random Number Generator)
Time:    Sat Mar 28 06:12:35 2026
Kernel:  AVX+FMA - auto-detect threads (128 CPU cores detected)

Reading alignment file /mnt/data0/yue/2026-03-11-protein-convergence/results/OG_9689/csubst_w_s/csubst_input_alignment.fa ... Fasta format detected
Reading fasta file: done in 0.000854865 secs using 10.06% CPU
Alignment most likely contains DNA/RNA sequences
Converting to codon sequences with genetic code 1 ...
WARNING: 1 sites contain only gaps or ambiguous characters.
Alignment has 66 sequences with 120 columns, 112 distinct patterns
64 parsimony-informative, 27 singleton sites, 29 constant sites
                                                               Gap/Ambiguity  Composition  p-value
Analyzing sequences: done in 4.04269e-05 secs using 98.94% CPU
   1  DE546_urceolata_l|Cluster-13819.0__TRINITY_DN1501_c1_g2_i1.p2    0.83%    passed    100.00%
   2  DE680|Cluster-20757.0__TRINITY_DN1435_c0_g2_i1.p1                0.83%    passed     93.74%
   3  DE643|Cluster-7530.2__TRINITY_DN3140_c0_g1_i4.p1                 0.83%    passed    100.00%
   4  JJ74|Cluster-36560.0__TRINITY_DN33823_c0_g1_i1.p1                3.33%    passed    100.00%
   5  DE115|Cluster-63877.0__TRINITY_DN147876_c0_g1_i1.p1              0.83%    passed      6.47%
   6  DE127|Cluster-6820.0__TRINITY_DN9124_c0_g1_i3.p1                 0.83%    passed    100.00%
   7  DE229|Cluster-41668.0__TRINITY_DN3671_c0_g4_i1.p1                0.83%    passed    100.00%
   8  DE554|Cluster-67678.5__TRINITY_DN6595_c0_g1_i3.p1                0.83%    passed    100.00%
   9  DE563|Cluster-19370.0__TRINITY_DN6838_c0_g2_i1.p1                0.83%    passed    100.00%
  10  JJ23|Cluster-5759.0__TRINITY_DN41867_c0_g1_i1.p1                 0.83%    passed    100.00%
  11  JJ86|Cluster-15228.0__TRINITY_DN3856_c6_g1_i1.p1                 0.83%    passed    100.00%
  12  DE668|Cluster-12930.0__TRINITY_DN27265_c0_g1_i1.p1               0.83%    passed    100.00%
  13  DE126|Cluster-2528.0__TRINITY_DN61832_c0_g1_i1.p1                0.83%    passed     97.58%
  14  DE162|Cluster-28467.1__TRINITY_DN13392_c0_g2_i1.p1               0.83%    passed    100.00%
  15  DE507|Cluster-16925.0__TRINITY_DN12897_c0_g1_i1.p1               0.83%    passed    100.00%
  16  DE528|Cluster-60312.0__TRINITY_DN7389_c0_g1_i1.p1                0.83%    passed    100.00%
  17  DE704-purple|Cluster-55100.1__TRINITY_DN1620_c0_g1_i2.p1         0.83%    passed    100.00%
  18  DE704-white|Cluster-59238.0__TRINITY_DN21576_c0_g1_i1.p1         0.83%    passed    100.00%
  19  DE623|Cluster-14510.0__TRINITY_DN21795_c0_g1_i1.p1               0.83%    passed    100.00%
  20  DE666|Cluster-11743.0__TRINITY_DN2250_c0_g2_i1.p1                0.83%    passed    100.00%
  21  DE152|Cluster-54389.0__TRINITY_DN3648_c0_g2_i1.p1                0.83%    passed     17.97%
  22  DE575|Cluster-30049.0__TRINITY_DN3996_c0_g1_i1.p1                0.83%    passed    100.00%
  23  DE681|Cluster-33501.1__TRINITY_DN2981_c0_g1_i3.p1                0.83%    passed    100.00%
  24  DE765|Cluster-56446.0__TRINITY_DN16168_c0_g1_i1.p1               0.83%    passed      7.17%
  25  JJ99|Cluster-9011.0__TRINITY_DN1585_c2_g1_i1.p1                  0.83%    passed    100.00%
  26  DE566|Cluster-39916.0__TRINITY_DN6716_c0_g1_i1.p1                0.83%    passed     97.61%
  27  DE672|Cluster-36268.0__TRINITY_DN10095_c0_g1_i1.p1               0.83%    passed     99.85%
  28  DE737|Cluster-51792.0__TRINITY_DN2862_c0_g1_i1.p1                0.83%    passed    100.00%
  29  DE173|Cluster-46243.0__TRINITY_DN5933_c0_g2_i1.p1                0.83%    passed    100.00%
  30  DE189|Cluster-20619.0__TRINITY_DN18604_c0_g1_i1.p1               0.83%    passed    100.00%
  31  DE736|Cluster-3201.0__TRINITY_DN7824_c0_g1_i4.p1                 0.83%    passed    100.00%
  32  DE504|Cluster-45124.0__TRINITY_DN5940_c0_g1_i1.p1                0.83%    passed    100.00%
  33  DE509|Cluster-12991.0__TRINITY_DN80408_c0_g1_i2.p1               0.83%    passed    100.00%
  34  JJ109|Cluster-20348.0__TRINITY_DN9028_c1_g1_i1.p1                0.83%    passed    100.00%
  35  JJ130|Cluster-31966.0__TRINITY_DN10782_c0_g1_i1.p1               0.83%    passed     99.29%
  36  DE550|Cluster-12254.0__TRINITY_DN10095_c0_g1_i3.p1               0.83%    passed    100.00%
  37  DE764|Cluster-4552.0__TRINITY_DN8459_c1_g1_i1.p1                 2.50%    passed    100.00%
  38  JJ89|Cluster-33662.0__TRINITY_DN53548_c0_g1_i1.p1                0.83%    failed      2.15%
  39  JJ125|Cluster-30409.0__TRINITY_DN39518_c0_g1_i1.p1               0.83%    passed    100.00%
  40  DE741|Cluster-25221.0__TRINITY_DN3030_c0_g2_i1.p1                4.17%    passed    100.00%
  41  DE549|Cluster-23760.0__TRINITY_DN4688_c0_g1_i1.p1                0.83%    passed     61.31%
  42  DE531|Cluster-6017.0__TRINITY_DN7682_c0_g1_i1.p1                 2.50%    passed    100.00%
  43  DE519|Cluster-8520.0__TRINITY_DN80977_c0_g1_i1.p1                2.50%    passed      8.84%
  44  DE88|Cluster-37689.0__TRINITY_DN10298_c0_g1_i1.p1                0.83%    passed    100.00%
  45  DE536|Cluster-47462.0__TRINITY_DN41186_c0_g1_i1.p1               0.83%    passed    100.00%
  46  DE181|Cluster-2980.0__TRINITY_DN83903_c0_g1_i1.p1                0.83%    passed    100.00%
  47  SRR3407086|Cluster-26779.0__TRINITY_DN96606_c0_g1_i2.p1          0.83%    passed    100.00%
  48  DE523|Cluster-6491.0__TRINITY_DN8093_c0_g1_i1.p1                 0.83%    passed    100.00%
  49  SRR3407096|Cluster-610.0__TRINITY_DN2607_c0_g2_i1.p1             0.83%    passed    100.00%
  50  DE503|Cluster-3270.0__TRINITY_DN13206_c0_g2_i1.p1                0.83%    passed    100.00%
  51  DE510|Cluster-32291.0__TRINITY_DN13594_c1_g3_i1.p1               0.83%    passed    100.00%
  52  SRR3407087|Cluster-18040.0__TRINITY_DN12278_c0_g1_i1.p1          0.83%    passed    100.00%
  53  SRR3407093|Cluster-14061.0__TRINITY_DN13796_c0_g2_i2.p1          0.83%    passed    100.00%
  54  SRR3407094|Cluster-39860.1__TRINITY_DN18188_c1_g2_i2.p1          0.83%    passed    100.00%
  55  SRR3407092|Cluster-20374.0__TRINITY_DN14893_c0_g1_i2.p1          0.83%    passed    100.00%
  56  DE69|Cluster-38509.0__TRINITY_DN12577_c0_g2_i2.p1                0.83%    passed     99.97%
  57  SRR3407095|Cluster-17307.0__TRINITY_DN55229_c0_g1_i1.p1          0.83%    passed    100.00%
  58  SRR3407088|Cluster-33156.1__TRINITY_DN7935_c0_g2_i1.p1           0.83%    passed    100.00%
  59  SRR3424066|Cluster-8182.0__TRINITY_DN7130_c0_g1_i1.p1            0.83%    passed    100.00%
  60  DE561|Cluster-39900.0__TRINITY_DN13433_c0_g3_i1.p1               0.83%    passed    100.00%
  61  DE216|Cluster-64322.1__TRINITY_DN7535_c1_g1_i2.p1                0.83%    passed    100.00%
  62  JJ15|Cluster-37932.0__TRINITY_DN89208_c0_g1_i1.p1                0.83%    passed    100.00%
  63  DE534|Cluster-58999.1__TRINITY_DN24188_c0_g2_i4.p1               0.83%    passed    100.00%
  64  DE542|Cluster-25016.0__TRINITY_DN3521_c0_g1_i4.p1                0.83%    passed    100.00%
  65  DRR234970|Cluster-7639.1__TRINITY_DN8319_c0_g1_i2.p1             0.83%    passed    100.00%
  66  SRR5150740|Cluster-31622.0__TRINITY_DN7516_c0_g1_i1.p1           4.17%    failed      0.00%
****  TOTAL                                                            1.05%  2 sequences failed composition chi2 test (p-value<5%; df=60)
WARNING: States(s) AAA, AAG rarely appear in alignment and may cause numerical problems
Reading input tree file tmp.csubst.nwk ... rooted tree

NOTE: 21 MB RAM (0 GB) is required!
Measuring multi-threading efficiency up to 1 CPU cores
2 trees examined
Threads: 1 / Time: 1.259 sec / Speedup: 1.000 / Efficiency: 100% / LogL: -3885
BEST NUMBER OF THREADS: 1

Estimate model parameters (epsilon = 0.010)
1. Initial log-likelihood: -3577.199
2. Current log-likelihood: -2496.661
3. Current log-likelihood: -2495.967
4. Current log-likelihood: -2495.794
5. Current log-likelihood: -2495.749
6. Current log-likelihood: -2495.735
Optimal log-likelihood: -2495.730
Nonsynonymous/synonymous ratio (omega): 1.000
Transition/transversion ratio (kappa): 1.000
Site proportion and rates:  (0.705,0.451) (0.156,1.982) (0.131,2.665) (0.008,2.934)
Parameters optimization took 6 rounds (24.877 sec)
Wrote distance file to... 
BEST SCORE FOUND : -2495.730
Ancestral state probabilities printed to /mnt/data0/yue/2026-03-11-protein-convergence/results/OG_9689/csubst_w_s/csubst_input_alignment.fa.state
Empirical proportions for each category: 0.758 0.142 0.100 0.000
Site rates printed to /mnt/data0/yue/2026-03-11-protein-convergence/results/OG_9689/csubst_w_s/csubst_input_alignment.fa.rate
Total tree length: 3.306

Total number of iterations: 0
CPU time used for tree search: 0.000 sec (0h:0m:0s)
Wall-clock time used for tree search: 0.000 sec (0h:0m:0s)
Total CPU time used: 26.925 sec (0h:0m:26s)
Total wall-clock time used: 26.990 sec (0h:0m:26s)

Analysis results written to: 
  IQ-TREE report:                /mnt/data0/yue/2026-03-11-protein-convergence/results/OG_9689/csubst_w_s/csubst_input_alignment.fa.iqtree
  Maximum-likelihood tree:       /mnt/data0/yue/2026-03-11-protein-convergence/results/OG_9689/csubst_w_s/csubst_input_alignment.fa.treefile
  Site-specific rates:           /mnt/data0/yue/2026-03-11-protein-convergence/results/OG_9689/csubst_w_s/csubst_input_alignment.fa.rate
  Ancestral state:               /mnt/data0/yue/2026-03-11-protein-convergence/results/OG_9689/csubst_w_s/csubst_input_alignment.fa.state
  Screen log file:               /mnt/data0/yue/2026-03-11-protein-convergence/results/OG_9689/csubst_w_s/csubst_input_alignment.fa.log

Date and Time: Sat Mar 28 06:13:02 2026
