IQ-TREE multicore version 2.4.0 for Linux x86 64-bit built Feb 12 2025
Developed by Bui Quang Minh, Nguyen Lam Tung, Olga Chernomor, Heiko Schmidt,
Dominik Schrempf, Michael Woodhams, Ly Trong Nhan, Thomas Wong

Host:    brain (AVX2, FMA3, 2015 GB RAM)
Command: /home/yue/miniconda3/envs/py39/bin/iqtree -s /mnt/data0/yue/2026-03-11-protein-convergence/results/OG_10324/csubst_w_s/csubst_input_alignment.fa -te tmp.csubst.nwk -m ECMK07+F+R4 --seqtype CODON1 --threads-max 1 -T AUTO --ancestral --rate --redo
Seed:    830520 (Using SPRNG - Scalable Parallel Random Number Generator)
Time:    Thu Mar 26 20:41:03 2026
Kernel:  AVX+FMA - auto-detect threads (128 CPU cores detected)

Reading alignment file /mnt/data0/yue/2026-03-11-protein-convergence/results/OG_10324/csubst_w_s/csubst_input_alignment.fa ... Fasta format detected
Reading fasta file: done in 0.000632122 secs using 33.22% CPU
Alignment most likely contains DNA/RNA sequences
Converting to codon sequences with genetic code 1 ...
WARNING: 1 sites contain only gaps or ambiguous characters.
Alignment has 68 sequences with 164 columns, 157 distinct patterns
63 parsimony-informative, 57 singleton sites, 44 constant sites
                                                               Gap/Ambiguity  Composition  p-value
Analyzing sequences: done in 3.00407e-05 secs using 33.29% CPU
   1  DE523|Cluster-10866.0__TRINITY_DN1473_c0_g1_i1.p1                1.22%    passed    100.00%
   2  DE668|Cluster-48503.2__TRINITY_DN1327_c0_g1_i6.p1                0.61%    passed    100.00%
   3  DE671|Cluster-31725.2__TRINITY_DN798_c0_g1_i3.p1                 0.61%    passed    100.00%
   4  DE115|Cluster-59958.1__TRINITY_DN23486_c0_g1_i8.p1               0.61%    passed    100.00%
   5  DE546_urceolata_l|Cluster-31775.0__TRINITY_DN4904_c0_g1_i1.p1   29.27%    passed    100.00%
   6  JJ86|Cluster-29691.0__TRINITY_DN84740_c0_g1_i1.p1                0.61%    passed    100.00%
   7  DE127|Cluster-16115.0__TRINITY_DN6419_c1_g1_i1.p1                0.61%    passed    100.00%
   8  DE666|Cluster-40681.0__TRINITY_DN3454_c0_g1_i2.p1               12.20%    passed    100.00%
   9  JJ74|Cluster-54577.0__TRINITY_DN2033_c2_g1_i1.p1                 0.61%    passed    100.00%
  10  JJ125|Cluster-7999.0__TRINITY_DN2374_c0_g1_i1.p1                 0.61%    passed    100.00%
  11  DE519|Cluster-6253.0__TRINITY_DN76987_c0_g1_i1.p1                1.22%    passed    100.00%
  12  DE563|Cluster-8315.0__TRINITY_DN3698_c0_g4_i1.p1                 0.61%    passed    100.00%
  13  DE575|Cluster-35713.2__TRINITY_DN813_c1_g1_i6.p1                 0.61%    passed     98.08%
  14  JJ23|Cluster-31575.0__TRINITY_DN7748_c0_g1_i1.p1                 0.61%    passed    100.00%
  15  DE560|Cluster-4035.0__TRINITY_DN1650_c0_g2_i1.p1                 0.61%    passed    100.00%
  16  DE216|Cluster-46250.0__TRINITY_DN2880_c0_g1_i1.p1               12.20%    passed    100.00%
  17  DE229|Cluster-90082.0__TRINITY_DN751_c0_g1_i1.p1                 0.61%    passed    100.00%
  18  JJ15|Cluster-28532.0__TRINITY_DN10746_c0_g1_i1.p1               30.49%    passed    100.00%
  19  DE741|Cluster-53946.0__TRINITY_DN13956_c0_g1_i2.p1              29.27%    passed    100.00%
  20  DE623|Cluster-17507.0__TRINITY_DN1405_c1_g1_i2.p1                0.61%    passed    100.00%
  21  DE680|Cluster-46699.2__TRINITY_DN258_c0_g1_i5.p1                 0.61%    passed    100.00%
  22  DE151|Cluster-37106.0__TRINITY_DN391_c0_g1_i2.p1                 0.61%    passed    100.00%
  23  DE704-white|Cluster-50832.0__TRINITY_DN3423_c0_g1_i3.p1         12.20%    passed    100.00%
  24  DE173|Cluster-13514.0__TRINITY_DN124_c0_g1_i1.p1                 0.61%    passed    100.00%
  25  DE189|Cluster-17385.0__TRINITY_DN2586_c0_g4_i2.p1                0.61%    passed    100.00%
  26  DE550|Cluster-12984.0__TRINITY_DN839_c0_g1_i1.p1                 0.61%    passed    100.00%
  27  JJ130|Cluster-28758.2__TRINITY_DN2723_c0_g1_i6.p1                0.61%    passed    100.00%
  28  DE549|Cluster-12210.0__TRINITY_DN294_c0_g1_i3.p1                 0.61%    passed    100.00%
  29  JJ109|Cluster-9322.0__TRINITY_DN733_c0_g1_i1.p1                  0.61%    passed    100.00%
  30  DE164|Cluster-22142.0__TRINITY_DN1985_c0_g2_i2.p1                0.61%    passed    100.00%
  31  DE672|Cluster-16199.0__TRINITY_DN685_c0_g1_i1.p1                 0.61%    passed    100.00%
  32  DE88|Cluster-28140.0__TRINITY_DN1645_c0_g1_i2.p1                 0.61%    passed    100.00%
  33  DE737|Cluster-39842.2__TRINITY_DN163_c0_g1_i4.p1                 0.61%    passed    100.00%
  34  DE764|Cluster-9064.0__TRINITY_DN943_c0_g1_i1.p1                  0.61%    passed    100.00%
  35  DE507|Cluster-20794.0__TRINITY_DN8701_c0_g1_i1.p1                0.61%    passed    100.00%
  36  DE528|Cluster-56438.5__TRINITY_DN2715_c0_g1_i28.p1               0.61%    passed    100.00%
  37  DE704-purple|Cluster-53090.0__TRINITY_DN4874_c0_g1_i2.p1         0.61%    passed    100.00%
  38  DE509|Cluster-24628.0__TRINITY_DN742_c0_g2_i1.p1                 0.61%    passed    100.00%
  39  DE736|Cluster-11503.0__TRINITY_DN7905_c1_g2_i1.p1                0.61%    passed    100.00%
  40  SRR3424066|Cluster-30771.0__TRINITY_DN1603_c0_g2_i1.p1           0.61%    passed    100.00%
  41  DE503|Cluster-11468.0__TRINITY_DN23107_c0_g2_i1.p1               0.61%    passed    100.00%
  42  DE505|Cluster-17541.0__TRINITY_DN682_c0_g2_i1.p1                 0.61%    passed    100.00%
  43  SRR3407088|Cluster-8743.0__TRINITY_DN1914_c0_g1_i1.p1            0.61%    passed    100.00%
  44  DE510|Cluster-6638.0__TRINITY_DN1847_c0_g2_i1.p1                 0.61%    passed    100.00%
  45  SRR3407092|Cluster-27495.0__TRINITY_DN1340_c0_g1_i1.p1           0.61%    passed    100.00%
  46  SRR3407093|Cluster-66.0__TRINITY_DN2208_c0_g2_i1.p1              0.61%    passed    100.00%
  47  SRR3407094|Cluster-18424.0__TRINITY_DN2369_c0_g1_i2.p1           0.61%    passed    100.00%
  48  SRR3407096|Cluster-18987.1__TRINITY_DN522_c0_g1_i5.p1            0.61%    passed    100.00%
  49  DE561|Cluster-18347.0__TRINITY_DN3926_c0_g1_i1.p1                0.61%    passed    100.00%
  50  DE181|Cluster-21570.0__TRINITY_DN2333_c2_g5_i1.p1                0.61%    passed    100.00%
  51  SRR3407086|Cluster-34503.1__TRINITY_DN693_c0_g1_i2.p1            0.61%    passed    100.00%
  52  SRR3407087|Cluster-33330.1__TRINITY_DN6700_c0_g2_i1.p1           0.61%    passed    100.00%
  53  DE531|Cluster-53362.0__TRINITY_DN196_c0_g1_i6.p1                 0.61%    passed    100.00%
  54  DE696-dots|Cluster-57241.0__TRINITY_DN2352_c0_g1_i1.p1           0.61%    passed    100.00%
  55  DE696-nodots|Cluster-45981.0__TRINITY_DN4305_c0_g1_i4.p1         0.61%    passed    100.00%
  56  JJ36|Cluster-44232.1__TRINITY_DN844_c0_g5_i1.p1                  0.61%    passed    100.00%
  57  DE152|Cluster-5975.0__TRINITY_DN18135_c0_g1_i1.p1                0.61%    passed    100.00%
  58  DE476|Cluster-9651.0__TRINITY_DN3738_c0_g1_i1.p1                 1.83%    passed    100.00%
  59  DE566|Cluster-51803.0__TRINITY_DN2479_c0_g2_i1.p1                0.61%    passed    100.00%
  60  JJ85|Cluster-32924.1__TRINITY_DN1393_c0_g1_i7.p1                 0.61%    passed    100.00%
  61  JJ89|Cluster-15541.0__TRINITY_DN4424_c1_g2_i1.p1                 0.61%    passed    100.00%
  62  DRR082660|Cluster-22426.0__TRINITY_DN13312_c0_g1_i2.p1           0.61%    passed    100.00%
  63  DE541|Cluster-18109.0__TRINITY_DN3591_c0_g2_i2.p1                0.61%    passed    100.00%
  64  DE534|Cluster-62435.0__TRINITY_DN3727_c0_g1_i2.p1                0.61%    passed    100.00%
  65  DRR234970|Cluster-5195.0__TRINITY_DN36667_c0_g1_i1.p1            0.61%    failed      0.07%
  66  SRR3407095|Cluster-24874.0__TRINITY_DN54416_c0_g1_i1.p1          0.61%    passed    100.00%
  67  DE765|Cluster-7389.2__TRINITY_DN5167_c0_g1_i3.p1                 0.61%    passed     78.55%
  68  SRR5150740|Cluster-43150.2__TRINITY_DN277_c0_g1_i5.p1           37.80%    passed     54.36%
****  TOTAL                                                            2.99%  1 sequences failed composition chi2 test (p-value<5%; df=60)
WARNING: States(s) AGC, TTA rarely appear in alignment and may cause numerical problems
Reading input tree file tmp.csubst.nwk ... rooted tree

NOTE: 28 MB RAM (0 GB) is required!
Measuring multi-threading efficiency up to 1 CPU cores
2 trees examined
Threads: 1 / Time: 1.575 sec / Speedup: 1.000 / Efficiency: 100% / LogL: -3659
BEST NUMBER OF THREADS: 1

Estimate model parameters (epsilon = 0.010)
1. Initial log-likelihood: -4208.483
2. Current log-likelihood: -2700.388
3. Current log-likelihood: -2700.209
4. Current log-likelihood: -2700.103
5. Current log-likelihood: -2700.031
6. Current log-likelihood: -2699.980
7. Current log-likelihood: -2699.941
8. Current log-likelihood: -2699.912
9. Current log-likelihood: -2699.889
10. Current log-likelihood: -2699.871
11. Current log-likelihood: -2699.856
12. Current log-likelihood: -2699.845
Optimal log-likelihood: -2699.837
Nonsynonymous/synonymous ratio (omega): 1.000
Transition/transversion ratio (kappa): 1.000
Site proportion and rates:  (0.659,0.365) (0.145,1.158) (0.159,2.411) (0.037,5.591)
Parameters optimization took 12 rounds (48.591 sec)
Wrote distance file to... 
BEST SCORE FOUND : -2699.837
Ancestral state probabilities printed to /mnt/data0/yue/2026-03-11-protein-convergence/results/OG_10324/csubst_w_s/csubst_input_alignment.fa.state
Empirical proportions for each category: 0.768 0.043 0.159 0.030
Site rates printed to /mnt/data0/yue/2026-03-11-protein-convergence/results/OG_10324/csubst_w_s/csubst_input_alignment.fa.rate
Total tree length: 2.804

Total number of iterations: 0
CPU time used for tree search: 0.000 sec (0h:0m:0s)
Wall-clock time used for tree search: 0.000 sec (0h:0m:0s)
Total CPU time used: 50.901 sec (0h:0m:50s)
Total wall-clock time used: 51.029 sec (0h:0m:51s)

Analysis results written to: 
  IQ-TREE report:                /mnt/data0/yue/2026-03-11-protein-convergence/results/OG_10324/csubst_w_s/csubst_input_alignment.fa.iqtree
  Maximum-likelihood tree:       /mnt/data0/yue/2026-03-11-protein-convergence/results/OG_10324/csubst_w_s/csubst_input_alignment.fa.treefile
  Site-specific rates:           /mnt/data0/yue/2026-03-11-protein-convergence/results/OG_10324/csubst_w_s/csubst_input_alignment.fa.rate
  Ancestral state:               /mnt/data0/yue/2026-03-11-protein-convergence/results/OG_10324/csubst_w_s/csubst_input_alignment.fa.state
  Screen log file:               /mnt/data0/yue/2026-03-11-protein-convergence/results/OG_10324/csubst_w_s/csubst_input_alignment.fa.log

Date and Time: Thu Mar 26 20:41:54 2026
