IQ-TREE multicore version 2.4.0 for Linux x86 64-bit built Feb 12 2025
Developed by Bui Quang Minh, Nguyen Lam Tung, Olga Chernomor, Heiko Schmidt,
Dominik Schrempf, Michael Woodhams, Ly Trong Nhan, Thomas Wong

Host:    brain (AVX2, FMA3, 2015 GB RAM)
Command: /home/yue/miniconda3/envs/py39/bin/iqtree -s /mnt/data0/yue/2026-03-11-protein-convergence/results/OG_799/csubst_w_s/csubst_input_alignment.fa -te tmp.csubst.nwk -m ECMK07+F+R4 --seqtype CODON1 --threads-max 1 -T AUTO --ancestral --rate --redo
Seed:    34649 (Using SPRNG - Scalable Parallel Random Number Generator)
Time:    Sat Mar 28 02:15:30 2026
Kernel:  AVX+FMA - auto-detect threads (128 CPU cores detected)

Reading alignment file /mnt/data0/yue/2026-03-11-protein-convergence/results/OG_799/csubst_w_s/csubst_input_alignment.fa ... Fasta format detected
Reading fasta file: done in 0.00405583 secs using 97.93% CPU
Alignment most likely contains DNA/RNA sequences
Converting to codon sequences with genetic code 1 ...
Alignment has 132 sequences with 268 columns, 263 distinct patterns
198 parsimony-informative, 43 singleton sites, 27 constant sites
                                                               Gap/Ambiguity  Composition  p-value
Analyzing sequences: done in 0.000235468 secs using 98.95% CPU
   1  DE549|Cluster-23014.0__TRINITY_DN728_c0_g1_i1.p1                 0.00%    passed    100.00%
   2  SRR3407093|Cluster-24981.0__TRINITY_DN2222_c0_g1_i2.p1           0.00%    passed    100.00%
   3  DE696-nodots|Cluster-45668.0__TRINITY_DN9143_c0_g1_i7.p1        49.25%    passed    100.00%
   4  DE115|Cluster-54583.0__TRINITY_DN818_c0_g1_i12.p1                0.00%    passed    100.00%
   5  DE162|Cluster-49413.0__TRINITY_DN9371_c0_g1_i2.p1                0.00%    passed    100.00%
   6  DE507|Cluster-34205.0__TRINITY_DN4196_c0_g1_i2.p1                0.00%    passed    100.00%
   7  DE216|Cluster-74676.0__TRINITY_DN1539_c0_g1_i1.p1                0.00%    passed    100.00%
   8  DE69|Cluster-43046.0__TRINITY_DN18852_c0_g3_i2.p1                0.00%    passed    100.00%
   9  DE523|Cluster-18211.0__TRINITY_DN4467_c0_g1_i2.p1                0.00%    passed    100.00%
  10  JJ125|Cluster-16337.0__TRINITY_DN1228_c0_g1_i1.p1                0.00%    passed    100.00%
  11  DE560|Cluster-45550.1__TRINITY_DN4096_c0_g1_i12.p1               0.37%    passed    100.00%
  12  DE671|Cluster-59981.0__TRINITY_DN9521_c0_g1_i3.p1                0.00%    passed    100.00%
  13  DE737|Cluster-46840.0__TRINITY_DN582_c0_g2_i3.p1                 1.12%    passed    100.00%
  14  DE181|Cluster-48934.0__TRINITY_DN10157_c0_g1_i2.p1               0.00%    passed    100.00%
  15  DE503|Cluster-41232.3__TRINITY_DN482_c0_g1_i7.p1                 0.00%    passed    100.00%
  16  DE536|Cluster-48350.0__TRINITY_DN3931_c0_g1_i2.p1                0.00%    passed    100.00%
  17  DE476|Cluster-2622.0__TRINITY_DN1129_c0_g1_i3.p1                 0.00%    passed    100.00%
  18  JJ89|Cluster-5689.0__TRINITY_DN1938_c0_g3_i3.p1                  0.00%    passed    100.00%
  19  JJ15|Cluster-13855.0__TRINITY_DN25080_c0_g3_i1.p1                0.00%    passed    100.00%
  20  DE764|Cluster-19715.0__TRINITY_DN302_c0_g1_i9.p1                 7.84%    passed    100.00%
  21  DE542|Cluster-43597.0__TRINITY_DN4957_c0_g1_i11.p1              55.60%    passed     99.99%
  22  DE671|Cluster-31686.0__TRINITY_DN9521_c0_g2_i2.p1               55.60%    passed     99.99%
  23  SRR11748982|Cluster-30990.0__TRINITY_DN4897_c0_g1_i1.p1          0.00%    passed     99.99%
  24  DE173|Cluster-36443.1__TRINITY_DN6130_c0_g1_i2.p1                0.00%    passed    100.00%
  25  DE189|Cluster-21975.0__TRINITY_DN12122_c0_g3_i1.p1               0.00%    passed    100.00%
  26  DE88|Cluster-36042.0__TRINITY_DN3031_c0_g2_i10.p1                0.00%    passed    100.00%
  27  DE509|Cluster-38310.0__TRINITY_DN140_c0_g1_i5.p1                 0.00%    passed    100.00%
  28  DE736|Cluster-63760.0__TRINITY_DN80_c0_g1_i2.p1                  0.00%    passed    100.00%
  29  JJ23|Cluster-14238.0__TRINITY_DN4112_c0_g1_i2.p1                 0.00%    passed    100.00%
  30  DE531|Cluster-34995.0__TRINITY_DN2184_c0_g1_i2.p1                0.00%    passed    100.00%
  31  DE563|Cluster-38810.1__TRINITY_DN2101_c0_g1_i6.p1                0.00%    passed    100.00%
  32  DE115|Cluster-19773.0__TRINITY_DN818_c0_g1_i9.p1                 0.00%    passed    100.00%
  33  DE127|Cluster-32570.0__TRINITY_DN282_c0_g4_i1.p1                 0.00%    passed    100.00%
  34  DE554|Cluster-54458.0__TRINITY_DN626_c0_g4_i1.p1                 0.00%    passed    100.00%
  35  DE575|Cluster-55706.0__TRINITY_DN1479_c0_g2_i2.p1               44.03%    passed     99.99%
  36  SRR3407086|Cluster-36819.0__TRINITY_DN377_c0_g2_i1.p1           47.76%    passed     99.98%
  37  DE162|Cluster-25421.0__TRINITY_DN9371_c0_g3_i1.p1                0.00%    passed    100.00%
  38  DE704-white|Cluster-66908.0__TRINITY_DN1014_c0_g1_i2.p1          0.00%    passed    100.00%
  39  DE765|Cluster-34446.1__TRINITY_DN204_c0_g1_i2.p1                 0.00%    passed    100.00%
  40  DE563|Cluster-40708.0__TRINITY_DN2101_c0_g2_i2.p1                0.00%    passed    100.00%
  41  DE680|Cluster-57977.0__TRINITY_DN296_c0_g2_i3.p1                 0.00%    passed    100.00%
  42  DE189|Cluster-32365.0__TRINITY_DN6078_c0_g1_i10.p1               0.00%    passed    100.00%
  43  JJ109|Cluster-47974.0__TRINITY_DN1913_c0_g1_i3.p1                0.00%    passed    100.00%
  44  JJ130|Cluster-47514.0__TRINITY_DN27085_c0_g1_i2.p1               0.00%    passed    100.00%
  45  DE181|Cluster-9404.0__TRINITY_DN10157_c0_g1_i12.p1               0.00%    passed    100.00%
  46  SRR3407096|Cluster-22290.0__TRINITY_DN2374_c0_g4_i1.p1           0.00%    passed    100.00%
  47  DE523|Cluster-30499.0__TRINITY_DN4467_c0_g2_i1.p1                0.00%    passed    100.00%
  48  DE560|Cluster-14440.0__TRINITY_DN4096_c0_g1_i11.p1              47.76%    passed     99.99%
  49  DE476|Cluster-41386.0__TRINITY_DN1129_c0_g2_i1.p1                0.00%    passed    100.00%
  50  DE152|Cluster-31820.0__TRINITY_DN5353_c1_g2_i1.p1                0.00%    passed     99.99%
  51  DE566|Cluster-36277.0__TRINITY_DN19703_c0_g1_i2.p1              47.76%    passed     99.99%
  52  JJ23|Cluster-14772.0__TRINITY_DN4112_c0_g2_i2.p1                 0.00%    passed    100.00%
  53  DE164|Cluster-43566.0__TRINITY_DN9498_c1_g1_i5.p1                0.00%    passed    100.00%
  54  DE541|Cluster-48697.6__TRINITY_DN1838_c0_g1_i17.p1               1.49%    passed    100.00%
  55  DE550|Cluster-49306.0__TRINITY_DN367_c0_g1_i1.p1                 1.87%    passed    100.00%
  56  DE504|Cluster-32241.0__TRINITY_DN568_c0_g3_i2.p1                 0.00%    passed    100.00%
  57  JJ89|Cluster-19107.0__TRINITY_DN1938_c0_g2_i6.p1                 0.00%    passed    100.00%
  58  DE531|Cluster-21702.0__TRINITY_DN2184_c0_g4_i2.p1                0.00%    passed    100.00%
  59  JJ36|Cluster-39058.0__TRINITY_DN1674_c0_g2_i4.p1                 0.00%    passed    100.00%
  60  JJ125|Cluster-13229.0__TRINITY_DN1228_c0_g2_i1.p1                0.00%    passed    100.00%
  61  DE672|Cluster-47314.0__TRINITY_DN4172_c0_g1_i6.p1                0.00%    passed    100.00%
  62  DE696-dots|Cluster-29949.0__TRINITY_DN1546_c0_g1_i3.p1           0.00%    passed    100.00%
  63  DE736|Cluster-6886.0__TRINITY_DN80_c0_g2_i1.p1                   0.00%    passed    100.00%
  64  DE88|Cluster-23423.0__TRINITY_DN3031_c0_g3_i1.p1                 0.00%    passed    100.00%
  65  DE216|Cluster-41679.0__TRINITY_DN1539_c0_g2_i1.p1                0.00%    passed    100.00%
  66  DE505|Cluster-14919.2__TRINITY_DN1428_c0_g1_i5.p1               48.13%    passed     99.98%
  67  DE510|Cluster-38120.0__TRINITY_DN292_c0_g2_i1.p1                 0.37%    passed    100.00%
  68  DE741|Cluster-28399.0__TRINITY_DN6574_c1_g3_i1.p1                0.00%    passed    100.00%
  69  JJ131|Cluster-34979.2__TRINITY_DN7310_c0_g1_i7.p1                0.00%    passed    100.00%
  70  DRR082665|Cluster-44932.2__TRINITY_DN89_c0_g1_i20.p1             0.00%    passed     99.64%
  71  SRR11934227|Cluster-142286.0__TRINITY_DN1046_c1_g1_i2.p1         0.00%    passed     97.29%
  72  DE126|Cluster-35880.0__TRINITY_DN408_c0_g1_i10.p1                0.00%    passed    100.00%
  73  DE666|Cluster-368.0__TRINITY_DN352_c1_g1_i1.p1                  28.36%    passed     99.28%
  74  DE507|Cluster-67347.1__TRINITY_DN4196_c0_g2_i4.p1                0.00%    passed    100.00%
  75  JJ99|Cluster-8188.0__TRINITY_DN12226_c0_g1_i2.p1                 0.00%    passed    100.00%
  76  DE704-purple|Cluster-63420.0__TRINITY_DN3910_c0_g1_i1.p1         0.00%    passed    100.00%
  77  DRR234970|Cluster-27888.0__TRINITY_DN1875_c0_g1_i1.p1            0.00%    passed    100.00%
  78  DE668|Cluster-51229.0__TRINITY_DN10852_c0_g1_i3.p1               7.46%    passed    100.00%
  79  JJ99|Cluster-20536.0__TRINITY_DN4112_c0_g1_i7.p1                 7.46%    passed    100.00%
  80  JJ74|Cluster-93493.0__TRINITY_DN5322_c0_g1_i1.p1                17.91%    passed    100.00%
  81  DE127|Cluster-46023.0__TRINITY_DN282_c0_g2_i1.p1                 0.00%    passed    100.00%
  82  DE623|Cluster-21825.0__TRINITY_DN728_c0_g1_i1.p1                 0.00%    passed    100.00%
  83  DE680|Cluster-41336.0__TRINITY_DN296_c0_g1_i4.p1                 0.00%    passed    100.00%
  84  DE534|Cluster-25272.0__TRINITY_DN11012_c2_g2_i1.p1              44.03%    passed     99.87%
  85  DE554|Cluster-59353.0__TRINITY_DN626_c0_g3_i2.p1                44.03%    passed     99.52%
  86  DE575|Cluster-28359.0__TRINITY_DN1479_c0_g3_i1.p1               44.03%    passed     96.24%
  87  JJ86|Cluster-634.0__TRINITY_DN5530_c1_g2_i1.p1                   0.00%    passed    100.00%
  88  DE666|Cluster-6051.0__TRINITY_DN352_c1_g2_i1.p1                  0.00%    passed    100.00%
  89  DE546_urceolata_l|Cluster-29969.0__TRINITY_DN7713_c0_g2_i2.p1    0.00%    passed    100.00%
  90  DE681|Cluster-44651.1__TRINITY_DN86_c0_g1_i2.p1                  0.00%    passed    100.00%
  91  DE542|Cluster-35033.0__TRINITY_DN4957_c0_g2_i1.p1                0.00%    passed    100.00%
  92  DE151|Cluster-36514.0__TRINITY_DN1708_c0_g1_i1.p1                0.00%    passed    100.00%
  93  DE152|Cluster-47427.0__TRINITY_DN5353_c1_g1_i1.p1                0.00%    passed    100.00%
  94  DE528|Cluster-57091.1__TRINITY_DN4405_c0_g1_i5.p1                0.00%    passed    100.00%
  95  DE541|Cluster-31268.0__TRINITY_DN1838_c0_g2_i1.p1                0.00%    passed    100.00%
  96  SRR3407095|Cluster-33309.2__TRINITY_DN1628_c0_g2_i3.p1           0.00%    passed    100.00%
  97  DE704-purple|Cluster-1887.0__TRINITY_DN4049_c0_g1_i1.p1          0.00%    passed    100.00%
  98  DE704-white|Cluster-31974.0__TRINITY_DN1014_c0_g2_i1.p1          0.00%    passed    100.00%
  99  JJ109|Cluster-12912.0__TRINITY_DN1913_c0_g3_i1.p1                0.00%    passed    100.00%
 100  JJ130|Cluster-43604.0__TRINITY_DN27085_c0_g2_i1.p1               0.00%    passed    100.00%
 101  DE549|Cluster-21833.0__TRINITY_DN728_c0_g1_i4.p1                 0.00%    passed    100.00%
 102  DE164|Cluster-40943.1__TRINITY_DN9498_c1_g1_i9.p1                0.00%    passed    100.00%
 103  DE550|Cluster-42967.0__TRINITY_DN367_c0_g2_i1.p1                 0.00%    passed    100.00%
 104  DRR082660|Cluster-28057.0__TRINITY_DN13245_c0_g1_i1.p1           0.00%    passed    100.00%
 105  DE672|Cluster-17585.0__TRINITY_DN4172_c0_g1_i1.p1                0.00%    passed    100.00%
 106  SRR3407096|Cluster-3345.0__TRINITY_DN2374_c0_g1_i1.p1            0.00%    passed    100.00%
 107  SRR11748982|Cluster-32999.0__TRINITY_DN4897_c0_g2_i2.p1         28.36%    passed     99.99%
 108  DRR234970|Cluster-18159.0__TRINITY_DN1875_c0_g2_i1.p1            0.00%    passed    100.00%
 109  SRR3407086|Cluster-35095.0__TRINITY_DN377_c0_g1_i1.p1            0.00%    passed    100.00%
 110  DE510|Cluster-23992.0__TRINITY_DN292_c0_g4_i1.p1                 0.00%    passed    100.00%
 111  SRR3407088|Cluster-13725.0__TRINITY_DN1272_c0_g2_i1.p1           0.00%    passed    100.00%
 112  SRR3424066|Cluster-7605.0__TRINITY_DN529_c0_g2_i2.p1             0.00%    passed    100.00%
 113  SRR3407093|Cluster-39177.0__TRINITY_DN2222_c0_g1_i1.p1           0.00%    passed    100.00%
 114  SRR3407092|Cluster-33709.0__TRINITY_DN1335_c0_g2_i1.p1           0.00%    passed    100.00%
 115  DE561|Cluster-23613.0__TRINITY_DN248_c1_g4_i1.p1                 0.00%    passed    100.00%
 116  SRR3407087|Cluster-28856.0__TRINITY_DN533_c0_g2_i1.p1            0.00%    passed    100.00%
 117  SRR3407094|Cluster-6787.0__TRINITY_DN582_c0_g2_i1.p1             0.00%    passed    100.00%
 118  DE505|Cluster-24119.0__TRINITY_DN1428_c0_g2_i1.p1                8.21%    passed    100.00%
 119  DE504|Cluster-7250.2__TRINITY_DN568_c0_g4_i2.p1                  0.00%    passed    100.00%
 120  DE764|Cluster-41547.0__TRINITY_DN302_c0_g2_i1.p1                 0.00%    passed    100.00%
 121  DE566|Cluster-9202.0__TRINITY_DN2572_c0_g1_i2.p1                 0.00%    passed    100.00%
 122  JJ85|Cluster-39084.0__TRINITY_DN4715_c0_g4_i3.p1                 0.00%    passed    100.00%
 123  JJ36|Cluster-4613.0__TRINITY_DN1674_c0_g1_i1.p1                  0.00%    passed    100.00%
 124  DE696-dots|Cluster-34199.0__TRINITY_DN1546_c0_g2_i1.p1           0.00%    passed    100.00%
 125  DE696-nodots|Cluster-47833.0__TRINITY_DN9143_c0_g1_i9.p1         0.00%    passed    100.00%
 126  DE229|Cluster-93403.0__TRINITY_DN2941_c1_g1_i1.p1                0.00%    passed    100.00%
 127  SRR104381|Cluster-6842.3__TRINITY_DN656_c0_g2_i3.p1              0.00%    passed    100.00%
 128  DE741|Cluster-34319.0__TRINITY_DN6574_c1_g1_i9.p1               44.03%    passed     99.91%
 129  SRR5150740|Cluster-41597.0__TRINITY_DN2587_c0_g1_i8.p1           0.00%    passed    100.00%
 130  DE546_urceolata_l|Cluster-33538.0__TRINITY_DN7713_c0_g1_i4.p1    0.00%    passed     99.39%
 131  DRR082665|Cluster-44580.0__TRINITY_DN89_c0_g1_i1.p1              0.00%    passed     99.41%
 132  SRR5150740|Cluster-63856.0__TRINITY_DN2587_c0_g2_i1.p1           0.00%    passed    100.00%
WARNING: 2 sequences contain more than 50% gaps/ambiguity
****  TOTAL                                                            5.17%  0 sequences failed composition chi2 test (p-value<5%; df=60)
Reading input tree file tmp.csubst.nwk ... rooted tree

NOTE: 81 MB RAM (0 GB) is required!
Measuring multi-threading efficiency up to 1 CPU cores
2 trees examined
Threads: 1 / Time: 5.319 sec / Speedup: 1.000 / Efficiency: 100% / LogL: -18551
BEST NUMBER OF THREADS: 1

Estimate model parameters (epsilon = 0.010)
1. Initial log-likelihood: -12353.787
2. Current log-likelihood: -8138.825
3. Current log-likelihood: -8138.731
4. Current log-likelihood: -8138.720
Optimal log-likelihood: -8138.718
Nonsynonymous/synonymous ratio (omega): 1.000
Transition/transversion ratio (kappa): 1.000
Site proportion and rates:  (0.682,0.501) (0.247,1.468) (0.054,3.521) (0.017,6.134)
Parameters optimization took 4 rounds (54.805 sec)
Wrote distance file to... 
BEST SCORE FOUND : -8138.718
Ancestral state probabilities printed to /mnt/data0/yue/2026-03-11-protein-convergence/results/OG_799/csubst_w_s/csubst_input_alignment.fa.state
Empirical proportions for each category: 0.713 0.228 0.045 0.015
Site rates printed to /mnt/data0/yue/2026-03-11-protein-convergence/results/OG_799/csubst_w_s/csubst_input_alignment.fa.rate
Total tree length: 5.713

Total number of iterations: 0
CPU time used for tree search: 0.000 sec (0h:0m:0s)
Wall-clock time used for tree search: 0.000 sec (0h:0m:0s)
Total CPU time used: 62.618 sec (0h:1m:2s)
Total wall-clock time used: 62.803 sec (0h:1m:2s)

Analysis results written to: 
  IQ-TREE report:                /mnt/data0/yue/2026-03-11-protein-convergence/results/OG_799/csubst_w_s/csubst_input_alignment.fa.iqtree
  Maximum-likelihood tree:       /mnt/data0/yue/2026-03-11-protein-convergence/results/OG_799/csubst_w_s/csubst_input_alignment.fa.treefile
  Site-specific rates:           /mnt/data0/yue/2026-03-11-protein-convergence/results/OG_799/csubst_w_s/csubst_input_alignment.fa.rate
  Ancestral state:               /mnt/data0/yue/2026-03-11-protein-convergence/results/OG_799/csubst_w_s/csubst_input_alignment.fa.state
  Screen log file:               /mnt/data0/yue/2026-03-11-protein-convergence/results/OG_799/csubst_w_s/csubst_input_alignment.fa.log

Date and Time: Sat Mar 28 02:16:32 2026
