IQ-TREE multicore version 2.4.0 for Linux x86 64-bit built Feb 12 2025
Developed by Bui Quang Minh, Nguyen Lam Tung, Olga Chernomor, Heiko Schmidt,
Dominik Schrempf, Michael Woodhams, Ly Trong Nhan, Thomas Wong

Host:    brain (AVX2, FMA3, 2015 GB RAM)
Command: /home/yue/miniconda3/envs/py39/bin/iqtree -s /mnt/data0/yue/2026-03-11-protein-convergence/results/OG_6270/csubst_w_s/csubst_input_alignment.fa -te tmp.csubst.nwk -m ECMK07+F+R4 --seqtype CODON1 --threads-max 1 -T AUTO --ancestral --rate --redo
Seed:    68192 (Using SPRNG - Scalable Parallel Random Number Generator)
Time:    Fri Mar 27 20:56:38 2026
Kernel:  AVX+FMA - auto-detect threads (128 CPU cores detected)

Reading alignment file /mnt/data0/yue/2026-03-11-protein-convergence/results/OG_6270/csubst_w_s/csubst_input_alignment.fa ... Fasta format detected
Reading fasta file: done in 0.00545466 secs using 94.16% CPU
Alignment most likely contains DNA/RNA sequences
Converting to codon sequences with genetic code 1 ...
WARNING: 1 sites contain only gaps or ambiguous characters.
Alignment has 73 sequences with 665 columns, 659 distinct patterns
466 parsimony-informative, 143 singleton sites, 56 constant sites
                                                               Gap/Ambiguity  Composition  p-value
Analyzing sequences: done in 0.000272408 secs using 98.75% CPU
   1  JJ86|Cluster-33203.0__TRINITY_DN22350_c0_g1_i1.p1                0.30%    passed    100.00%
   2  DE623|Cluster-47874.0__TRINITY_DN7387_c0_g1_i2.p1                0.45%    passed    100.00%
   3  DE566|Cluster-32064.0__TRINITY_DN18927_c0_g1_i4.p1               1.95%    passed     99.83%
   4  DE541|Cluster-16373.0__TRINITY_DN10718_c0_g1_i4.p1              27.07%    passed     99.95%
   5  DE671|Cluster-53118.0__TRINITY_DN64113_c0_g1_i1.p1               0.15%    passed    100.00%
   6  DE531|Cluster-44615.0__TRINITY_DN10774_c0_g1_i1.p1              57.74%    passed     99.15%
   7  SRR11748982|Cluster-12150.0__TRINITY_DN10721_c0_g1_i5.p1        25.11%    passed     65.48%
   8  DE162|Cluster-39653.0__TRINITY_DN12619_c0_g1_i3.p1               0.15%    passed    100.00%
   9  DE528|Cluster-44956.0__TRINITY_DN39426_c0_g1_i2.p1               0.15%    passed    100.00%
  10  DE507|Cluster-21860.0__TRINITY_DN83341_c0_g1_i1.p1               0.15%    passed    100.00%
  11  DE704-purple|Cluster-58112.0__TRINITY_DN8466_c0_g2_i18.p1        0.15%    passed    100.00%
  12  DE704-white|Cluster-36925.0__TRINITY_DN1369_c1_g2_i1.p1          0.15%    passed    100.00%
  13  DE216|Cluster-76179.0__TRINITY_DN30091_c0_g1_i1.p1               2.71%    passed    100.00%
  14  JJ15|Cluster-33389.0__TRINITY_DN4083_c1_g1_i1.p1                 2.71%    passed    100.00%
  15  DE534|Cluster-25244.0__TRINITY_DN21554_c0_g1_i2.p1               2.71%    passed    100.00%
  16  DE542|Cluster-57009.0__TRINITY_DN20273_c0_g1_i7.p1               2.71%    passed    100.00%
  17  DE680|Cluster-33345.0__TRINITY_DN12769_c0_g1_i1.p1               0.45%    passed    100.00%
  18  DE181|Cluster-19527.0__TRINITY_DN71113_c0_g1_i1.p1               0.15%    passed    100.00%
  19  SRR3407086|Cluster-41345.0__TRINITY_DN93502_c0_g1_i1.p1          0.15%    passed    100.00%
  20  SRR3407092|Cluster-31864.0__TRINITY_DN26983_c0_g1_i1.p1          0.15%    passed    100.00%
  21  SRR3407093|Cluster-13179.0__TRINITY_DN26354_c0_g1_i5.p1          0.15%    passed    100.00%
  22  SRR3407087|Cluster-34921.0__TRINITY_DN44483_c0_g1_i1.p1         25.41%    passed     95.21%
  23  SRR3424066|Cluster-39621.0__TRINITY_DN33373_c0_g1_i1.p1          0.15%    passed    100.00%
  24  DE561|Cluster-18791.0__TRINITY_DN32086_c0_g1_i1.p1               0.15%    passed    100.00%
  25  SRR3407088|Cluster-41953.0__TRINITY_DN4678_c0_g1_i2.p1           0.15%    passed    100.00%
  26  SRR3407094|Cluster-22153.0__TRINITY_DN50849_c0_g1_i1.p1          0.15%    passed    100.00%
  27  DE503|Cluster-33105.0__TRINITY_DN22330_c0_g1_i4.p1              40.00%    passed     99.20%
  28  DE505|Cluster-16927.0__TRINITY_DN18696_c0_g1_i4.p1              44.21%    passed     94.62%
  29  DE510|Cluster-15980.0__TRINITY_DN18506_c0_g1_i2.p1              40.00%    passed     98.66%
  30  DE173|Cluster-660.0__TRINITY_DN14752_c0_g1_i4.p1                 0.15%    passed    100.00%
  31  JJ130|Cluster-30059.0__TRINITY_DN7358_c0_g1_i1.p1                0.15%    passed    100.00%
  32  DE151|Cluster-13033.0__TRINITY_DN17694_c0_g1_i1.p1               0.15%    passed    100.00%
  33  DE189|Cluster-43753.0__TRINITY_DN24828_c0_g1_i1.p1               0.15%    passed    100.00%
  34  JJ109|Cluster-42032.0__TRINITY_DN26462_c0_g1_i2.p1               0.15%    passed    100.00%
  35  DE736|Cluster-51109.0__TRINITY_DN25836_c0_g1_i1.p1               0.15%    passed    100.00%
  36  DE550|Cluster-37860.0__TRINITY_DN71061_c0_g1_i2.p1              25.41%    passed     96.54%
  37  DE764|Cluster-28910.0__TRINITY_DN29443_c0_g1_i2.p1               0.15%    passed    100.00%
  38  JJ89|Cluster-42960.0__TRINITY_DN18940_c0_g1_i1.p1               25.41%    passed     96.79%
  39  DE549|Cluster-35252.0__TRINITY_DN13817_c0_g1_i1.p1               0.15%    passed    100.00%
  40  DE88|Cluster-1485.0__TRINITY_DN18482_c0_g1_i1.p1                 0.15%    passed    100.00%
  41  DE737|Cluster-9556.0__TRINITY_DN24821_c0_g1_i1.p1                0.15%    passed    100.00%
  42  DE476|Cluster-57334.0__TRINITY_DN20024_c0_g1_i2.p1               0.15%    passed    100.00%
  43  DE115|Cluster-36973.0__TRINITY_DN8105_c0_g1_i5.p1                0.60%    passed    100.00%
  44  DE164|Cluster-27203.0__TRINITY_DN53033_c0_g1_i1.p1               0.30%    passed    100.00%
  45  DE643|Cluster-52101.1__TRINITY_DN33647_c0_g1_i4.p1               0.15%    passed    100.00%
  46  JJ131|Cluster-60667.0__TRINITY_DN17905_c1_g1_i2.p1               0.15%    passed    100.00%
  47  DE519|Cluster-47310.0__TRINITY_DN98749_c0_g1_i1.p1               0.90%    passed    100.00%
  48  DE672|Cluster-39223.0__TRINITY_DN20111_c0_g1_i1.p1               0.15%    passed    100.00%
  49  DE126|Cluster-32766.0__TRINITY_DN55616_c0_g1_i2.p1               0.15%    passed    100.00%
  50  DE681|Cluster-33113.0__TRINITY_DN79000_c0_g1_i1.p1               1.95%    passed    100.00%
  51  DE765|Cluster-18933.0__TRINITY_DN10322_c0_g1_i2.p1               2.71%    passed    100.00%
  52  DE563|Cluster-38946.0__TRINITY_DN9810_c0_g1_i1.p1                1.05%    passed    100.00%
  53  DE546_urceolata_l|Cluster-2752.0__TRINITY_DN19835_c0_g1_i3.p1    0.15%    passed    100.00%
  54  DE127|Cluster-4221.0__TRINITY_DN22141_c1_g1_i6.p1                0.45%    passed    100.00%
  55  DE554|Cluster-57452.0__TRINITY_DN8087_c0_g2_i1.p1                0.45%    passed    100.00%
  56  DE666|Cluster-31331.3__TRINITY_DN2565_c0_g1_i28.p1              24.66%    passed     99.99%
  57  DE668|Cluster-49236.0__TRINITY_DN13726_c0_g1_i1.p1               0.15%    passed    100.00%
  58  DE696-dots|Cluster-29917.0__TRINITY_DN19489_c0_g1_i1.p1          0.15%    passed    100.00%
  59  DE696-nodots|Cluster-168.0__TRINITY_DN100757_c0_g1_i1.p1         0.15%    passed    100.00%
  60  DE229|Cluster-72660.0__TRINITY_DN2979_c2_g1_i5.p1               25.41%    passed     98.76%
  61  JJ74|Cluster-108706.0__TRINITY_DN4113_c0_g1_i1.p1               25.41%    passed     99.67%
  62  JJ125|Cluster-21676.0__TRINITY_DN5287_c0_g1_i7.p1                0.15%    passed    100.00%
  63  SRR3407095|Cluster-33997.0__TRINITY_DN59481_c0_g1_i1.p1          0.15%    passed    100.00%
  64  DE69|Cluster-33943.0__TRINITY_DN18707_c0_g1_i4.p1                0.15%    passed    100.00%
  65  SRR3407096|Cluster-23472.0__TRINITY_DN29959_c0_g1_i1.p1          0.15%    passed    100.00%
  66  DE523|Cluster-25489.0__TRINITY_DN17360_c0_g1_i2.p1               0.15%    passed    100.00%
  67  JJ36|Cluster-44984.0__TRINITY_DN11152_c0_g1_i2.p1               46.92%    passed     93.65%
  68  DE504|Cluster-39044.0__TRINITY_DN25126_c0_g1_i3.p1              46.32%    passed     97.76%
  69  DE509|Cluster-35097.0__TRINITY_DN14777_c0_g1_i3.p1              46.32%    passed     97.64%
  70  DE152|Cluster-24772.0__TRINITY_DN69589_c0_g1_i1.p1               0.15%    passed    100.00%
  71  JJ99|Cluster-44449.2__TRINITY_DN1533_c0_g2_i1.p1                32.48%    passed     99.98%
  72  JJ23|Cluster-42834.0__TRINITY_DN7183_c0_g1_i2.p1                46.92%    passed     84.22%
  73  DE536|Cluster-12519.0__TRINITY_DN19604_c0_g1_i2.p1              47.97%    passed     94.10%
WARNING: 1 sequences contain more than 50% gaps/ambiguity
****  TOTAL                                                            9.33%  0 sequences failed composition chi2 test (p-value<5%; df=60)
Reading input tree file tmp.csubst.nwk ... rooted tree

NOTE: 98 MB RAM (0 GB) is required!
Measuring multi-threading efficiency up to 1 CPU cores
2 trees examined
Threads: 1 / Time: 5.165 sec / Speedup: 1.000 / Efficiency: 100% / LogL: -34025
BEST NUMBER OF THREADS: 1

Estimate model parameters (epsilon = 0.010)
1. Initial log-likelihood: -25698.005
2. Current log-likelihood: -18726.843
3. Current log-likelihood: -18716.787
Optimal log-likelihood: -18716.777
Nonsynonymous/synonymous ratio (omega): 1.000
Transition/transversion ratio (kappa): 1.000
Site proportion and rates:  (0.655,0.490) (0.241,1.591) (0.102,2.831) (0.001,3.888)
Parameters optimization took 3 rounds (67.671 sec)
Wrote distance file to... 
BEST SCORE FOUND : -18716.777
Ancestral state probabilities printed to /mnt/data0/yue/2026-03-11-protein-convergence/results/OG_6270/csubst_w_s/csubst_input_alignment.fa.state
Empirical proportions for each category: 0.690 0.223 0.087 0.000
Site rates printed to /mnt/data0/yue/2026-03-11-protein-convergence/results/OG_6270/csubst_w_s/csubst_input_alignment.fa.rate
Total tree length: 5.344

Total number of iterations: 0
CPU time used for tree search: 0.000 sec (0h:0m:0s)
Wall-clock time used for tree search: 0.000 sec (0h:0m:0s)
Total CPU time used: 76.270 sec (0h:1m:16s)
Total wall-clock time used: 76.487 sec (0h:1m:16s)

Analysis results written to: 
  IQ-TREE report:                /mnt/data0/yue/2026-03-11-protein-convergence/results/OG_6270/csubst_w_s/csubst_input_alignment.fa.iqtree
  Maximum-likelihood tree:       /mnt/data0/yue/2026-03-11-protein-convergence/results/OG_6270/csubst_w_s/csubst_input_alignment.fa.treefile
  Site-specific rates:           /mnt/data0/yue/2026-03-11-protein-convergence/results/OG_6270/csubst_w_s/csubst_input_alignment.fa.rate
  Ancestral state:               /mnt/data0/yue/2026-03-11-protein-convergence/results/OG_6270/csubst_w_s/csubst_input_alignment.fa.state
  Screen log file:               /mnt/data0/yue/2026-03-11-protein-convergence/results/OG_6270/csubst_w_s/csubst_input_alignment.fa.log

Date and Time: Fri Mar 27 20:57:54 2026
