IQ-TREE multicore version 2.4.0 for Linux x86 64-bit built Feb 12 2025
Developed by Bui Quang Minh, Nguyen Lam Tung, Olga Chernomor, Heiko Schmidt,
Dominik Schrempf, Michael Woodhams, Ly Trong Nhan, Thomas Wong

Host:    brain (AVX2, FMA3, 2015 GB RAM)
Command: /home/yue/miniconda3/envs/py39/bin/iqtree -s /mnt/data0/yue/2026-03-11-protein-convergence/results/OG_918/csubst_w_s/csubst_input_alignment.fa -te tmp.csubst.nwk -m ECMK07+F+R4 --seqtype CODON1 --threads-max 1 -T AUTO --ancestral --rate --redo
Seed:    821043 (Using SPRNG - Scalable Parallel Random Number Generator)
Time:    Sat Mar 28 05:12:39 2026
Kernel:  AVX+FMA - auto-detect threads (128 CPU cores detected)

Reading alignment file /mnt/data0/yue/2026-03-11-protein-convergence/results/OG_918/csubst_w_s/csubst_input_alignment.fa ... Fasta format detected
Reading fasta file: done in 0.00180906 secs using 33.33% CPU
Alignment most likely contains DNA/RNA sequences
Converting to codon sequences with genetic code 1 ...
WARNING: 1 sites contain only gaps or ambiguous characters.
Alignment has 73 sequences with 275 columns, 263 distinct patterns
161 parsimony-informative, 65 singleton sites, 49 constant sites
                                                               Gap/Ambiguity  Composition  p-value
Analyzing sequences: done in 8.28058e-05 secs using 99.03% CPU
   1  DE566|Cluster-22166.0__TRINITY_DN2161_c0_g1_i2.p1                0.36%    passed    100.00%
   2  DE88|Cluster-3260.1__TRINITY_DN96_c0_g1_i5.p1                    0.36%    passed    100.00%
   3  DE541|Cluster-52299.2__TRINITY_DN179_c0_g1_i11.p1                0.36%    passed    100.00%
   4  DE503|Cluster-44372.0__TRINITY_DN6721_c0_g1_i1.p1                0.73%    passed    100.00%
   5  DE510|Cluster-47591.0__TRINITY_DN24_c0_g1_i6.p1                 21.09%    passed     99.94%
   6  JJ36|Cluster-41378.2__TRINITY_DN621_c0_g1_i8.p1                  0.36%    passed    100.00%
   7  DE696-nodots|Cluster-39443.0__TRINITY_DN585_c0_g1_i4.p1          0.36%    passed    100.00%
   8  DE671|Cluster-50726.0__TRINITY_DN332_c0_g1_i9.p1                 0.36%    passed    100.00%
   9  DE504|Cluster-33082.2__TRINITY_DN6594_c1_g1_i5.p1                0.36%    passed    100.00%
  10  DE115|Cluster-45459.2__TRINITY_DN3875_c0_g1_i13.p1               0.36%    passed    100.00%
  11  SRR3407092|Cluster-30750.0__TRINITY_DN6983_c0_g1_i1.p1           0.36%    passed    100.00%
  12  JJ99|Cluster-36576.28__TRINITY_DN8320_c0_g1_i5.p1                0.36%    passed    100.00%
  13  DE737|Cluster-26304.1__TRINITY_DN1226_c0_g1_i14.p1               0.36%    passed    100.00%
  14  JJ89|Cluster-14737.4__TRINITY_DN5944_c0_g1_i1.p1                 0.36%    passed     99.87%
  15  DE666|Cluster-18400.4__TRINITY_DN93_c1_g1_i9.p1                  0.36%    passed     99.99%
  16  DE126|Cluster-40899.0__TRINITY_DN1501_c0_g1_i1.p1                1.09%    passed    100.00%
  17  DE127|Cluster-47292.4__TRINITY_DN1253_c0_g1_i10.p1               1.09%    passed    100.00%
  18  DE563|Cluster-39296.1__TRINITY_DN906_c0_g1_i4.p1                 1.09%    passed    100.00%
  19  DE507|Cluster-29992.1__TRINITY_DN3157_c0_g1_i4.p1                1.09%    passed    100.00%
  20  DE528|Cluster-41634.2__TRINITY_DN367_c0_g1_i3.p1                 1.09%    passed    100.00%
  21  DE668|Cluster-60630.6__TRINITY_DN974_c0_g1_i9.p1                 1.09%    passed     99.97%
  22  DE531|Cluster-54995.4__TRINITY_DN1779_c0_g2_i8.p1                0.36%    passed    100.00%
  23  DE560|Cluster-32840.0__TRINITY_DN2641_c0_g1_i16.p1               0.36%    passed    100.00%
  24  DE229|Cluster-51751.2__TRINITY_DN4671_c2_g1_i1.p1                0.36%    passed     99.84%
  25  JJ23|Cluster-48600.1__TRINITY_DN1559_c0_g2_i3.p1                 0.73%    passed    100.00%
  26  DE519|Cluster-31392.0__TRINITY_DN2864_c0_g2_i3.p1                0.36%    passed    100.00%
  27  DE536|Cluster-5283.1__TRINITY_DN5128_c0_g1_i5.p1                 0.36%    passed    100.00%
  28  DE542|Cluster-45093.0__TRINITY_DN7351_c0_g1_i6.p1                0.36%    passed    100.00%
  29  DE151|Cluster-49471.1__TRINITY_DN4673_c0_g1_i22.p1               0.36%    passed    100.00%
  30  DE173|Cluster-22011.1__TRINITY_DN408_c0_g1_i2.p1                22.55%    passed     99.98%
  31  DE643|Cluster-55975.2__TRINITY_DN447_c0_g1_i12.p1               22.55%    passed     99.99%
  32  DE216|Cluster-78356.1__TRINITY_DN471_c2_g1_i7.p1                 0.36%    passed    100.00%
  33  DE549|Cluster-49333.1__TRINITY_DN1685_c0_g1_i6.p1                0.36%    passed    100.00%
  34  DE764|Cluster-18526.2__TRINITY_DN8777_c0_g1_i1.p1                0.36%    passed    100.00%
  35  JJ86|Cluster-38372.1__TRINITY_DN2163_c0_g1_i3.p1                 0.36%    passed     99.99%
  36  DE505|Cluster-57539.2__TRINITY_DN2645_c1_g1_i8.p1                0.36%    passed     99.88%
  37  DE510|Cluster-843.0__TRINITY_DN24_c0_g1_i7.p1                    0.36%    passed    100.00%
  38  DE623|Cluster-38254.0__TRINITY_DN1349_c0_g1_i1.p1                0.36%    passed     84.23%
  39  DE554|Cluster-60160.2__TRINITY_DN1344_c0_g1_i3.p1                0.36%    passed    100.00%
  40  DE546_urceolata_l|Cluster-47706.1__TRINITY_DN5893_c0_g2_i7.p1    0.36%    passed    100.00%
  41  JJ15|Cluster-73562.2__TRINITY_DN1981_c0_g1_i6.p1                 0.36%    passed     24.44%
  42  JJ131|Cluster-57557.2__TRINITY_DN1155_c0_g1_i6.p1                0.36%    passed    100.00%
  43  DE680|Cluster-57344.1__TRINITY_DN899_c0_g1_i6.p1                 0.36%    passed    100.00%
  44  DE523|Cluster-41813.1__TRINITY_DN149_c0_g1_i6.p1                 1.82%    passed    100.00%
  45  DE696-dots|Cluster-35896.3__TRINITY_DN652_c0_g2_i9.p1           54.18%    failed      3.30%
  46  DE189|Cluster-49663.2__TRINITY_DN10898_c0_g1_i12.p1              0.36%    passed    100.00%
  47  JJ109|Cluster-18852.1__TRINITY_DN5904_c0_g1_i4.p1                0.36%    passed    100.00%
  48  DE476|Cluster-30078.0__TRINITY_DN4745_c0_g2_i1.p1                0.36%    passed    100.00%
  49  DE550|Cluster-37380.0__TRINITY_DN857_c0_g1_i1.p1                 0.36%    passed    100.00%
  50  DE509|Cluster-21483.2__TRINITY_DN375_c0_g1_i1.p1                 0.36%    passed    100.00%
  51  DE736|Cluster-62612.0__TRINITY_DN1298_c1_g2_i5.p1                0.36%    passed    100.00%
  52  DRR082660|Cluster-43876.0__TRINITY_DN443_c0_g1_i1.p1             1.09%    passed    100.00%
  53  DE152|Cluster-43250.1__TRINITY_DN6987_c0_g2_i1.p1                0.73%    passed    100.00%
  54  DE534|Cluster-25278.0__TRINITY_DN298_c0_g3_i10.p1                0.36%    passed    100.00%
  55  DE181|Cluster-40443.1__TRINITY_DN67_c0_g1_i4.p1                  0.36%    passed    100.00%
  56  DE561|Cluster-50616.1__TRINITY_DN6328_c0_g1_i3.p1                0.36%    passed    100.00%
  57  SRR3407088|Cluster-25626.1__TRINITY_DN5877_c0_g1_i4.p1           0.36%    passed    100.00%
  58  DE69|Cluster-49466.1__TRINITY_DN1577_c0_g1_i3.p1                 0.36%    passed    100.00%
  59  SRR3407095|Cluster-13820.2__TRINITY_DN11097_c0_g1_i6.p1          0.36%    passed    100.00%
  60  SRR3407094|Cluster-36128.2__TRINITY_DN3769_c0_g1_i5.p1           0.36%    passed    100.00%
  61  SRR3407096|Cluster-16332.0__TRINITY_DN198_c0_g1_i2.p1            0.36%    passed    100.00%
  62  SRR3407086|Cluster-24145.0__TRINITY_DN2001_c0_g1_i1.p1           0.36%    passed    100.00%
  63  SRR3424066|Cluster-34364.0__TRINITY_DN2423_c0_g1_i1.p1           0.36%    passed    100.00%
  64  SRR3407087|Cluster-35076.0__TRINITY_DN5247_c0_g1_i1.p1           0.36%    passed    100.00%
  65  SRR3407093|Cluster-9482.3__TRINITY_DN3747_c0_g1_i2.p1            0.36%    passed    100.00%
  66  JJ74|Cluster-40373.2__TRINITY_DN59898_c0_g1_i6.p1                1.09%    passed    100.00%
  67  DE741|Cluster-53577.1__TRINITY_DN7687_c0_g1_i15.p1               0.36%    passed    100.00%
  68  DE164|Cluster-59909.0__TRINITY_DN2817_c0_g1_i16.p1               0.36%    passed    100.00%
  69  JJ130|Cluster-34281.1__TRINITY_DN227_c0_g2_i3.p1                 0.36%    passed    100.00%
  70  DE704-purple|Cluster-29531.0__TRINITY_DN2504_c2_g1_i2.p1         1.45%    passed    100.00%
  71  DE704-white|Cluster-37785.3__TRINITY_DN2715_c0_g1_i12.p1         1.45%    passed    100.00%
  72  DE765|Cluster-31472.6__TRINITY_DN649_c0_g1_i16.p1                1.45%    passed    100.00%
  73  DE681|Cluster-34825.1__TRINITY_DN2066_c0_g1_i9.p1                0.36%    passed    100.00%
WARNING: 1 sequences contain more than 50% gaps/ambiguity
****  TOTAL                                                            2.15%  1 sequences failed composition chi2 test (p-value<5%; df=60)
Reading input tree file tmp.csubst.nwk ... rooted tree

NOTE: 44 MB RAM (0 GB) is required!
Measuring multi-threading efficiency up to 1 CPU cores
2 trees examined
Threads: 1 / Time: 2.356 sec / Speedup: 1.000 / Efficiency: 100% / LogL: -11948
BEST NUMBER OF THREADS: 1

Estimate model parameters (epsilon = 0.010)
1. Initial log-likelihood: -10272.930
2. Current log-likelihood: -7957.874
3. Current log-likelihood: -7944.893
Optimal log-likelihood: -7944.884
Nonsynonymous/synonymous ratio (omega): 1.000
Transition/transversion ratio (kappa): 1.000
Site proportion and rates:  (0.657,0.327) (0.169,1.186) (0.108,2.350) (0.066,4.991)
Parameters optimization took 3 rounds (25.140 sec)
Wrote distance file to... 
BEST SCORE FOUND : -7944.884
Ancestral state probabilities printed to /mnt/data0/yue/2026-03-11-protein-convergence/results/OG_918/csubst_w_s/csubst_input_alignment.fa.state
Empirical proportions for each category: 0.695 0.149 0.091 0.065
Site rates printed to /mnt/data0/yue/2026-03-11-protein-convergence/results/OG_918/csubst_w_s/csubst_input_alignment.fa.rate
Total tree length: 5.337

Total number of iterations: 0
CPU time used for tree search: 0.000 sec (0h:0m:0s)
Wall-clock time used for tree search: 0.000 sec (0h:0m:0s)
Total CPU time used: 28.858 sec (0h:0m:28s)
Total wall-clock time used: 28.946 sec (0h:0m:28s)

Analysis results written to: 
  IQ-TREE report:                /mnt/data0/yue/2026-03-11-protein-convergence/results/OG_918/csubst_w_s/csubst_input_alignment.fa.iqtree
  Maximum-likelihood tree:       /mnt/data0/yue/2026-03-11-protein-convergence/results/OG_918/csubst_w_s/csubst_input_alignment.fa.treefile
  Site-specific rates:           /mnt/data0/yue/2026-03-11-protein-convergence/results/OG_918/csubst_w_s/csubst_input_alignment.fa.rate
  Ancestral state:               /mnt/data0/yue/2026-03-11-protein-convergence/results/OG_918/csubst_w_s/csubst_input_alignment.fa.state
  Screen log file:               /mnt/data0/yue/2026-03-11-protein-convergence/results/OG_918/csubst_w_s/csubst_input_alignment.fa.log

Date and Time: Sat Mar 28 05:13:08 2026
