IQ-TREE multicore version 2.4.0 for Linux x86 64-bit built Feb 12 2025
Developed by Bui Quang Minh, Nguyen Lam Tung, Olga Chernomor, Heiko Schmidt,
Dominik Schrempf, Michael Woodhams, Ly Trong Nhan, Thomas Wong

Host:    brain (AVX2, FMA3, 2015 GB RAM)
Command: /home/yue/miniconda3/envs/py39/bin/iqtree -s /mnt/data0/yue/2026-03-11-protein-convergence/results/OG_8471/csubst_w_s/csubst_input_alignment.fa -te tmp.csubst.nwk -m ECMK07+F+R4 --seqtype CODON1 --threads-max 1 -T AUTO --ancestral --rate --redo
Seed:    201152 (Using SPRNG - Scalable Parallel Random Number Generator)
Time:    Sat Mar 28 03:38:28 2026
Kernel:  AVX+FMA - auto-detect threads (128 CPU cores detected)

Reading alignment file /mnt/data0/yue/2026-03-11-protein-convergence/results/OG_8471/csubst_w_s/csubst_input_alignment.fa ... Fasta format detected
Reading fasta file: done in 0.000598103 secs
Alignment most likely contains DNA/RNA sequences
Converting to codon sequences with genetic code 1 ...
Alignment has 65 sequences with 149 columns, 128 distinct patterns
70 parsimony-informative, 41 singleton sites, 38 constant sites
                                                              Gap/Ambiguity  Composition  p-value
Analyzing sequences: done in 2.72393e-05 secs
   1  DE523|Cluster-22868.0__TRINITY_DN8487_c1_g1_i1.p1               0.00%    passed    100.00%
   2  SRR3407096|Cluster-7068.0__TRINITY_DN6946_c0_g1_i1.p1           0.00%    passed     77.10%
   3  DE115|Cluster-65860.0__TRINITY_DN4995_c0_g1_i1.p1               0.00%    passed    100.00%
   4  DE575|Cluster-60049.0__TRINITY_DN18328_c0_g1_i1.p1              0.00%    passed    100.00%
   5  JJ23|Cluster-48203.0__TRINITY_DN2667_c0_g1_i1.p1                0.00%    passed    100.00%
   6  DE668|Cluster-45331.0__TRINITY_DN7491_c0_g1_i1.p1               0.00%    passed    100.00%
   7  JJ86|Cluster-35352.0__TRINITY_DN6316_c0_g1_i1.p1                0.00%    passed    100.00%
   8  DE681|Cluster-41305.0__TRINITY_DN24818_c0_g1_i1.p1              0.00%    passed     99.99%
   9  DE765|Cluster-45823.0__TRINITY_DN10254_c0_g3_i3.p1              0.00%    passed     99.70%
  10  DE162|Cluster-36082.0__TRINITY_DN16164_c0_g1_i1.p1              0.00%    passed    100.00%
  11  DE704-purple|Cluster-56007.0__TRINITY_DN5132_c1_g1_i2.p1        4.03%    passed    100.00%
  12  DE704-white|Cluster-70947.0__TRINITY_DN9481_c0_g1_i1.p1         0.00%    passed    100.00%
  13  DE507|Cluster-36727.0__TRINITY_DN9874_c0_g1_i1.p1               0.00%    passed    100.00%
  14  DE528|Cluster-4677.0__TRINITY_DN10050_c0_g1_i1.p1               0.00%    passed    100.00%
  15  DE229|Cluster-81933.0__TRINITY_DN8747_c0_g1_i1.p1               0.00%    passed    100.00%
  16  DE152|Cluster-39340.0__TRINITY_DN8620_c0_g1_i1.p1               0.00%    passed    100.00%
  17  JJ99|Cluster-35984.0__TRINITY_DN2902_c0_g1_i1.p1                0.00%    passed    100.00%
  18  DE623|Cluster-10282.0__TRINITY_DN12580_c0_g1_i2.p1              0.00%    passed    100.00%
  19  DE680|Cluster-23500.0__TRINITY_DN12971_c0_g1_i1.p1              0.00%    passed    100.00%
  20  DE546_urceolata_l|Cluster-1672.0__TRINITY_DN4179_c3_g1_i1.p1    0.67%    passed    100.00%
  21  DE563|Cluster-16831.0__TRINITY_DN16967_c0_g3_i1.p1              0.00%    passed    100.00%
  22  DE151|Cluster-46309.0__TRINITY_DN11929_c0_g1_i2.p1              0.00%    passed    100.00%
  23  JJ109|Cluster-8458.0__TRINITY_DN4961_c0_g1_i1.p1                0.00%    passed    100.00%
  24  JJ130|Cluster-15725.0__TRINITY_DN15094_c0_g1_i1.p1              0.00%    passed    100.00%
  25  DE189|Cluster-14901.0__TRINITY_DN6863_c1_g1_i2.p1               0.67%    passed    100.00%
  26  DE173|Cluster-42532.0__TRINITY_DN8316_c0_g1_i1.p1               0.00%    passed    100.00%
  27  DE164|Cluster-5932.0__TRINITY_DN5871_c0_g1_i1.p1                0.00%    passed    100.00%
  28  JJ89|Cluster-4536.0__TRINITY_DN5729_c0_g1_i2.p1                 0.00%    passed    100.00%
  29  DE541|Cluster-46775.0__TRINITY_DN13028_c0_g1_i1.p1              0.00%    passed    100.00%
  30  DE672|Cluster-42499.0__TRINITY_DN2283_c4_g1_i3.p1               0.00%    passed    100.00%
  31  DE643|Cluster-37839.0__TRINITY_DN7568_c0_g1_i2.p1               0.00%    passed    100.00%
  32  DE696-dots|Cluster-47208.0__TRINITY_DN5818_c0_g1_i1.p1          0.67%    passed    100.00%
  33  DE696-nodots|Cluster-60537.0__TRINITY_DN1303_c3_g1_i1.p1        0.67%    passed    100.00%
  34  JJ36|Cluster-10642.0__TRINITY_DN6139_c1_g1_i1.p1                0.00%    passed    100.00%
  35  DE737|Cluster-15439.0__TRINITY_DN8673_c1_g1_i1.p1               0.00%    passed    100.00%
  36  DE476|Cluster-10987.0__TRINITY_DN7376_c0_g1_i1.p1               0.00%    passed    100.00%
  37  DE504|Cluster-43708.2__TRINITY_DN9651_c0_g2_i2.p1               0.00%    passed    100.00%
  38  DE550|Cluster-33520.0__TRINITY_DN8229_c0_g1_i1.p1               0.00%    passed    100.00%
  39  DE764|Cluster-26420.0__TRINITY_DN7043_c1_g3_i1.p1               0.00%    passed    100.00%
  40  DE671|Cluster-55264.0__TRINITY_DN9346_c0_g1_i1.p1               0.00%    passed    100.00%
  41  DE531|Cluster-25695.0__TRINITY_DN15237_c5_g1_i1.p1              0.00%    passed    100.00%
  42  DE509|Cluster-8853.0__TRINITY_DN9137_c0_g1_i1.p1                0.00%    passed    100.00%
  43  DE88|Cluster-30037.3__TRINITY_DN11169_c0_g2_i3.p1               0.00%    passed    100.00%
  44  JJ85|Cluster-13917.0__TRINITY_DN8652_c0_g1_i1.p1                0.67%    passed     99.97%
  45  DE549|Cluster-41214.0__TRINITY_DN7632_c0_g1_i1.p1               0.00%    passed    100.00%
  46  JJ74|Cluster-75401.0__TRINITY_DN3061_c0_g1_i1.p1                0.00%    passed    100.00%
  47  DRR082660|Cluster-30696.0__TRINITY_DN456_c2_g1_i3.p1            0.67%    passed     71.52%
  48  DE566|Cluster-55123.3__TRINITY_DN6377_c0_g1_i8.p1               0.00%    passed    100.00%
  49  DE126|Cluster-25520.1__TRINITY_DN9326_c0_g2_i1.p1               0.00%    passed     99.98%
  50  DE181|Cluster-45019.2__TRINITY_DN10636_c0_g1_i9.p1              0.00%    passed    100.00%
  51  SRR3407086|Cluster-31250.1__TRINITY_DN4854_c0_g1_i4.p1          0.00%    passed    100.00%
  52  DE561|Cluster-29068.0__TRINITY_DN3394_c0_g1_i1.p1               0.00%    passed    100.00%
  53  SRR3424066|Cluster-39287.1__TRINITY_DN2834_c0_g1_i3.p1          0.00%    passed    100.00%
  54  SRR3407088|Cluster-36939.130__TRINITY_DN4348_c0_g1_i3.p1        0.00%    passed    100.00%
  55  SRR3407087|Cluster-28213.1__TRINITY_DN4735_c0_g1_i3.p1          0.00%    passed    100.00%
  56  DE503|Cluster-35890.1__TRINITY_DN7009_c0_g1_i2.p1               0.00%    passed    100.00%
  57  DE505|Cluster-28136.1__TRINITY_DN28780_c0_g1_i2.p1              0.00%    passed    100.00%
  58  SRR3407094|Cluster-19180.0__TRINITY_DN3957_c0_g1_i1.p1          0.00%    passed    100.00%
  59  SRR3407092|Cluster-6153.0__TRINITY_DN7420_c0_g1_i1.p1           0.00%    passed    100.00%
  60  DE510|Cluster-41967.1__TRINITY_DN5252_c0_g1_i3.p1               0.00%    passed    100.00%
  61  DE69|Cluster-47533.0__TRINITY_DN6584_c1_g2_i1.p1                0.00%    passed    100.00%
  62  SRR3407095|Cluster-28762.0__TRINITY_DN10216_c0_g2_i1.p1         0.00%    passed    100.00%
  63  DE127|Cluster-339.0__TRINITY_DN5095_c0_g1_i2.p1                 0.00%    passed    100.00%
  64  DE554|Cluster-33098.0__TRINITY_DN21966_c0_g1_i1.p1              0.00%    passed    100.00%
  65  JJ131|Cluster-47377.0__TRINITY_DN5570_c0_g1_i1.p1               0.00%    passed     99.98%
****  TOTAL                                                           0.12%  0 sequences failed composition chi2 test (p-value<5%; df=60)
WARNING: States(s) CGC, CGT, TGC, TGG, TGT rarely appear in alignment and may cause numerical problems
Reading input tree file tmp.csubst.nwk ... rooted tree

NOTE: 23 MB RAM (0 GB) is required!
Measuring multi-threading efficiency up to 1 CPU cores
2 trees examined
Threads: 1 / Time: 1.339 sec / Speedup: 1.000 / Efficiency: 100% / LogL: -4730
BEST NUMBER OF THREADS: 1

Estimate model parameters (epsilon = 0.010)
1. Initial log-likelihood: -4550.052
2. Current log-likelihood: -3242.232
3. Current log-likelihood: -3241.044
4. Current log-likelihood: -3240.627
5. Current log-likelihood: -3240.470
6. Current log-likelihood: -3240.380
7. Current log-likelihood: -3240.315
8. Current log-likelihood: -3240.266
9. Current log-likelihood: -3240.231
10. Current log-likelihood: -3240.207
11. Current log-likelihood: -3240.191
Optimal log-likelihood: -3240.181
Nonsynonymous/synonymous ratio (omega): 1.000
Transition/transversion ratio (kappa): 1.000
Site proportion and rates:  (0.749,0.400) (0.061,2.001) (0.105,2.213) (0.085,4.077)
Parameters optimization took 11 rounds (45.442 sec)
Wrote distance file to... 
BEST SCORE FOUND : -3240.181
Ancestral state probabilities printed to /mnt/data0/yue/2026-03-11-protein-convergence/results/OG_8471/csubst_w_s/csubst_input_alignment.fa.state
Empirical proportions for each category: 0.772 0.000 0.141 0.087
Site rates printed to /mnt/data0/yue/2026-03-11-protein-convergence/results/OG_8471/csubst_w_s/csubst_input_alignment.fa.rate
Total tree length: 3.415

Total number of iterations: 0
CPU time used for tree search: 0.000 sec (0h:0m:0s)
Wall-clock time used for tree search: 0.000 sec (0h:0m:0s)
Total CPU time used: 47.556 sec (0h:0m:47s)
Total wall-clock time used: 47.766 sec (0h:0m:47s)

Analysis results written to: 
  IQ-TREE report:                /mnt/data0/yue/2026-03-11-protein-convergence/results/OG_8471/csubst_w_s/csubst_input_alignment.fa.iqtree
  Maximum-likelihood tree:       /mnt/data0/yue/2026-03-11-protein-convergence/results/OG_8471/csubst_w_s/csubst_input_alignment.fa.treefile
  Site-specific rates:           /mnt/data0/yue/2026-03-11-protein-convergence/results/OG_8471/csubst_w_s/csubst_input_alignment.fa.rate
  Ancestral state:               /mnt/data0/yue/2026-03-11-protein-convergence/results/OG_8471/csubst_w_s/csubst_input_alignment.fa.state
  Screen log file:               /mnt/data0/yue/2026-03-11-protein-convergence/results/OG_8471/csubst_w_s/csubst_input_alignment.fa.log

Date and Time: Sat Mar 28 03:39:15 2026
