IQ-TREE multicore version 2.4.0 for Linux x86 64-bit built Feb 12 2025
Developed by Bui Quang Minh, Nguyen Lam Tung, Olga Chernomor, Heiko Schmidt,
Dominik Schrempf, Michael Woodhams, Ly Trong Nhan, Thomas Wong

Host:    brain (AVX2, FMA3, 2015 GB RAM)
Command: /home/yue/miniconda3/envs/py39/bin/iqtree -s /mnt/data0/yue/2026-03-11-protein-convergence/results/OG_5194/csubst_w_s/csubst_input_alignment.fa -te tmp.csubst.nwk -m ECMK07+F+R4 --seqtype CODON1 --threads-max 1 -T AUTO --ancestral --rate --redo
Seed:    421879 (Using SPRNG - Scalable Parallel Random Number Generator)
Time:    Fri Mar 27 16:59:22 2026
Kernel:  AVX+FMA - auto-detect threads (128 CPU cores detected)

Reading alignment file /mnt/data0/yue/2026-03-11-protein-convergence/results/OG_5194/csubst_w_s/csubst_input_alignment.fa ... Fasta format detected
Reading fasta file: done in 0.00129847 secs
Alignment most likely contains DNA/RNA sequences
Converting to codon sequences with genetic code 1 ...
WARNING: 1 sites contain only gaps or ambiguous characters.
Alignment has 78 sequences with 328 columns, 306 distinct patterns
150 parsimony-informative, 99 singleton sites, 79 constant sites
                                                               Gap/Ambiguity  Composition  p-value
Analyzing sequences: done in 5.88e-05 secs using 98.64% CPU
   1  DE115|Cluster-57623.0__TRINITY_DN1427_c0_g2_i1.p1                0.30%    passed    100.00%
   2  DE181|Cluster-314.0__TRINITY_DN8812_c0_g1_i12.p1                22.56%    passed    100.00%
   3  DE519|Cluster-37662.0__TRINITY_DN2153_c0_g1_i1.p1               22.56%    passed    100.00%
   4  DE528|Cluster-46072.1__TRINITY_DN3114_c0_g1_i12.p1              22.56%    passed    100.00%
   5  DE534|Cluster-55671.1__TRINITY_DN2831_c0_g1_i89.p1              22.56%    passed    100.00%
   6  DE162|Cluster-8056.1__TRINITY_DN8517_c0_g1_i4.p1                 0.30%    passed    100.00%
   7  DE563|Cluster-51945.0__TRINITY_DN539_c0_g1_i13.p1               22.56%    passed    100.00%
   8  DE575|Cluster-51371.0__TRINITY_DN21769_c0_g1_i3.p1               0.30%    passed    100.00%
   9  DE623|Cluster-32892.0__TRINITY_DN2104_c2_g1_i2.p1               10.67%    passed    100.00%
  10  DE126|Cluster-32855.8__TRINITY_DN26116_c0_g2_i4.p1               0.30%    passed    100.00%
  11  SRR3407087|Cluster-28389.0__TRINITY_DN6942_c0_g3_i1.p1           0.30%    passed    100.00%
  12  SRR3407086|Cluster-3511.0__TRINITY_DN13010_c0_g4_i1.p1           0.30%    passed    100.00%
  13  DE127|Cluster-36954.0__TRINITY_DN1142_c0_g2_i1.p1                0.30%    passed    100.00%
  14  DE151|Cluster-49569.0__TRINITY_DN440_c0_g4_i1.p1                 0.30%    passed    100.00%
  15  SRR3407094|Cluster-4415.0__TRINITY_DN3901_c0_g1_i1.p1            0.30%    passed    100.00%
  16  JJ86|Cluster-23683.0__TRINITY_DN2869_c2_g1_i5.p1                 0.30%    passed    100.00%
  17  JJ85|Cluster-28122.1__TRINITY_DN2212_c2_g3_i3.p1                10.67%    passed    100.00%
  18  JJ74|Cluster-128567.0__TRINITY_DN11789_c0_g1_i1.p1               0.30%    passed    100.00%
  19  DE164|Cluster-51372.0__TRINITY_DN117_c0_g1_i3.p1                 0.30%    passed    100.00%
  20  JJ23|Cluster-39520.0__TRINITY_DN3851_c0_g4_i2.p1                 0.30%    passed    100.00%
  21  DE173|Cluster-5435.0__TRINITY_DN9777_c0_g1_i9.p1                 0.30%    passed    100.00%
  22  DE189|Cluster-4229.0__TRINITY_DN415_c1_g1_i8.p1                  0.30%    passed    100.00%
  23  DE229|Cluster-36997.0__TRINITY_DN2428_c2_g1_i7.p1                0.30%    passed    100.00%
  24  DE476|Cluster-41991.0__TRINITY_DN1585_c0_g2_i1.p1                0.30%    passed    100.00%
  25  JJ109|Cluster-12846.0__TRINITY_DN666_c0_g2_i1.p1                 0.30%    passed    100.00%
  26  DE503|Cluster-28024.0__TRINITY_DN3034_c0_g2_i1.p1                0.30%    passed    100.00%
  27  DE504|Cluster-7876.0__TRINITY_DN492_c0_g1_i2.p1                  0.30%    passed    100.00%
  28  DE88|Cluster-35084.2__TRINITY_DN1038_c0_g1_i19.p1                0.30%    passed    100.00%
  29  DE765|Cluster-57455.0__TRINITY_DN4872_c0_g2_i2.p1                0.30%    passed    100.00%
  30  DE764|Cluster-34827.0__TRINITY_DN266_c0_g2_i2.p1                 8.54%    passed    100.00%
  31  DE741|Cluster-57412.0__TRINITY_DN2141_c0_g2_i1.p1               22.56%    passed    100.00%
  32  JJ99|Cluster-27453.0__TRINITY_DN18364_c1_g2_i1.p1                0.30%    passed    100.00%
  33  DE736|Cluster-5134.0__TRINITY_DN2923_c1_g4_i1.p1                 0.30%    passed    100.00%
  34  DE704-white|Cluster-60611.3__TRINITY_DN856_c0_g1_i28.p1         22.56%    passed    100.00%
  35  JJ89|Cluster-36566.0__TRINITY_DN4380_c1_g1_i1.p1                 0.30%    passed    100.00%
  36  DE696-nodots|Cluster-25763.0__TRINITY_DN12075_c0_g1_i1.p1        0.30%    passed    100.00%
  37  DE696-dots|Cluster-43647.0__TRINITY_DN6234_c0_g1_i29.p1          0.30%    passed    100.00%
  38  DE681|Cluster-36833.0__TRINITY_DN8635_c0_g2_i1.p1                0.30%    passed    100.00%
  39  DE680|Cluster-16839.0__TRINITY_DN1391_c1_g1_i7.p1                0.30%    passed    100.00%
  40  DE672|Cluster-59530.0__TRINITY_DN334_c0_g2_i2.p1                 0.30%    passed    100.00%
  41  DE671|Cluster-12113.0__TRINITY_DN2192_c0_g1_i1.p1                0.30%    passed    100.00%
  42  DE668|Cluster-18814.0__TRINITY_DN5069_c0_g1_i3.p1               22.56%    passed    100.00%
  43  DE666|Cluster-18832.0__TRINITY_DN574_c0_g2_i10.p1                0.30%    passed    100.00%
  44  DE643|Cluster-31341.0__TRINITY_DN1028_c0_g4_i1.p1                0.30%    passed    100.00%
  45  SRR3407088|Cluster-31202.0__TRINITY_DN10007_c0_g3_i1.p1          0.30%    passed    100.00%
  46  SRR3407092|Cluster-7129.0__TRINITY_DN5525_c0_g3_i1.p1            0.30%    passed    100.00%
  47  DE566|Cluster-25723.1__TRINITY_DN2690_c0_g1_i2.p1                0.30%    passed    100.00%
  48  SRR3407093|Cluster-32188.0__TRINITY_DN2617_c0_g2_i1.p1           0.30%    passed    100.00%
  49  DE561|Cluster-23443.0__TRINITY_DN9418_c0_g5_i2.p1                0.30%    passed    100.00%
  50  DE560|Cluster-1615.0__TRINITY_DN15429_c0_g2_i1.p1                0.30%    passed    100.00%
  51  DE554|Cluster-29184.1__TRINITY_DN10812_c0_g2_i1.p1               0.30%    passed    100.00%
  52  DE550|Cluster-723.0__TRINITY_DN6171_c0_g3_i1.p1                  0.30%    passed    100.00%
  53  DE549|Cluster-40343.0__TRINITY_DN3842_c0_g5_i1.p1                0.30%    passed    100.00%
  54  DE152|Cluster-51503.0__TRINITY_DN27677_c0_g1_i1.p1               0.30%    passed    100.00%
  55  DE542|Cluster-56014.0__TRINITY_DN13498_c0_g2_i1.p1               0.30%    passed    100.00%
  56  DE541|Cluster-17863.0__TRINITY_DN309_c0_g1_i1.p1                 0.30%    passed    100.00%
  57  SRR3407095|Cluster-47127.0__TRINITY_DN5005_c0_g1_i2.p1           0.30%    passed    100.00%
  58  DE531|Cluster-47129.0__TRINITY_DN266_c0_g1_i8.p1                 0.30%    passed    100.00%
  59  SRR3407096|Cluster-2597.0__TRINITY_DN8491_c0_g2_i1.p1            0.30%    passed    100.00%
  60  DE523|Cluster-1778.0__TRINITY_DN4367_c1_g1_i19.p1                0.30%    passed    100.00%
  61  SRR3424066|Cluster-19257.0__TRINITY_DN3324_c0_g1_i3.p1           0.30%    passed    100.00%
  62  DE510|Cluster-51321.0__TRINITY_DN4933_c1_g1_i5.p1                0.30%    passed    100.00%
  63  DE509|Cluster-18840.0__TRINITY_DN15669_c0_g3_i1.p1               0.30%    passed    100.00%
  64  JJ15|Cluster-10612.0__TRINITY_DN6062_c0_g2_i2.p1                 0.30%    passed    100.00%
  65  DE505|Cluster-16947.0__TRINITY_DN1340_c0_g1_i2.p1                0.30%    passed    100.00%
  66  DE737|Cluster-54874.0__TRINITY_DN8549_c0_g2_i3.p1                0.30%    passed    100.00%
  67  DE216|Cluster-43190.0__TRINITY_DN7278_c0_g2_i1.p1                0.30%    passed    100.00%
  68  DE546_urceolata_l|Cluster-13615.2__TRINITY_DN197_c3_g1_i16.p1   53.35%    passed     98.41%
  69  JJ125|Cluster-29754.0__TRINITY_DN8017_c1_g1_i1.p1               53.35%    passed     98.36%
  70  JJ36|Cluster-30679.0__TRINITY_DN9557_c0_g2_i3.p1                10.67%    passed    100.00%
  71  JJ130|Cluster-32690.0__TRINITY_DN15505_c0_g2_i2.p1              25.30%    passed    100.00%
  72  SRR104381|Cluster-14314.0__TRINITY_DN18632_c0_g2_i1.p1           0.30%    passed     99.96%
  73  SRR5150740|Cluster-62337.1__TRINITY_DN10127_c0_g1_i1.p1          0.30%    passed     99.99%
  74  DRR234970|Cluster-51656.0__TRINITY_DN10999_c3_g1_i2.p1           0.30%    passed    100.00%
  75  JJ131|Cluster-25928.2__TRINITY_DN6251_c0_g1_i10.p1               0.30%    passed    100.00%
  76  DRR082665|Cluster-24176.0__TRINITY_DN5042_c0_g1_i1.p1            0.30%    failed      2.63%
  77  DE704-purple|Cluster-62502.1__TRINITY_DN8517_c0_g1_i20.p1       32.62%    passed     99.98%
  78  DE507|Cluster-47887.0__TRINITY_DN3069_c0_g2_i1.p1               40.55%    passed     99.98%
WARNING: 2 sequences contain more than 50% gaps/ambiguity
****  TOTAL                                                            5.70%  1 sequences failed composition chi2 test (p-value<5%; df=60)
WARNING: States(s) TGT rarely appear in alignment and may cause numerical problems
Reading input tree file tmp.csubst.nwk ... rooted tree

NOTE: 54 MB RAM (0 GB) is required!
Measuring multi-threading efficiency up to 1 CPU cores
2 trees examined
Threads: 1 / Time: 2.900 sec / Speedup: 1.000 / Efficiency: 100% / LogL: -7075
BEST NUMBER OF THREADS: 1

Estimate model parameters (epsilon = 0.010)
1. Initial log-likelihood: -9148.779
2. Current log-likelihood: -5010.262
3. Current log-likelihood: -5010.017
4. Current log-likelihood: -5009.964
5. Current log-likelihood: -5009.950
Optimal log-likelihood: -5009.945
Nonsynonymous/synonymous ratio (omega): 1.000
Transition/transversion ratio (kappa): 1.000
Site proportion and rates:  (0.479,0.431) (0.319,0.830) (0.154,2.192) (0.048,4.011)
Parameters optimization took 5 rounds (47.208 sec)
Wrote distance file to... 
BEST SCORE FOUND : -5009.945
Ancestral state probabilities printed to /mnt/data0/yue/2026-03-11-protein-convergence/results/OG_5194/csubst_w_s/csubst_input_alignment.fa.state
Empirical proportions for each category: 0.619 0.198 0.159 0.024
Site rates printed to /mnt/data0/yue/2026-03-11-protein-convergence/results/OG_5194/csubst_w_s/csubst_input_alignment.fa.rate
Total tree length: 2.322

Total number of iterations: 0
CPU time used for tree search: 0.000 sec (0h:0m:0s)
Wall-clock time used for tree search: 0.000 sec (0h:0m:0s)
Total CPU time used: 51.768 sec (0h:0m:51s)
Total wall-clock time used: 51.918 sec (0h:0m:51s)

Analysis results written to: 
  IQ-TREE report:                /mnt/data0/yue/2026-03-11-protein-convergence/results/OG_5194/csubst_w_s/csubst_input_alignment.fa.iqtree
  Maximum-likelihood tree:       /mnt/data0/yue/2026-03-11-protein-convergence/results/OG_5194/csubst_w_s/csubst_input_alignment.fa.treefile
  Site-specific rates:           /mnt/data0/yue/2026-03-11-protein-convergence/results/OG_5194/csubst_w_s/csubst_input_alignment.fa.rate
  Ancestral state:               /mnt/data0/yue/2026-03-11-protein-convergence/results/OG_5194/csubst_w_s/csubst_input_alignment.fa.state
  Screen log file:               /mnt/data0/yue/2026-03-11-protein-convergence/results/OG_5194/csubst_w_s/csubst_input_alignment.fa.log

Date and Time: Fri Mar 27 17:00:14 2026
