IQ-TREE multicore version 2.4.0 for Linux x86 64-bit built Feb 12 2025
Developed by Bui Quang Minh, Nguyen Lam Tung, Olga Chernomor, Heiko Schmidt,
Dominik Schrempf, Michael Woodhams, Ly Trong Nhan, Thomas Wong

Host:    brain (AVX2, FMA3, 2015 GB RAM)
Command: /home/yue/miniconda3/envs/py39/bin/iqtree -s /mnt/data0/yue/2026-03-11-protein-convergence/results/OG_4416/csubst_w_s/csubst_input_alignment.fa -te tmp.csubst.nwk -m ECMK07+F+R4 --seqtype CODON1 --threads-max 1 -T AUTO --ancestral --rate --redo
Seed:    943208 (Using SPRNG - Scalable Parallel Random Number Generator)
Time:    Fri Mar 27 13:47:05 2026
Kernel:  AVX+FMA - auto-detect threads (128 CPU cores detected)

Reading alignment file /mnt/data0/yue/2026-03-11-protein-convergence/results/OG_4416/csubst_w_s/csubst_input_alignment.fa ... Fasta format detected
Reading fasta file: done in 0.00150225 secs using 89.2% CPU
Alignment most likely contains DNA/RNA sequences
Converting to codon sequences with genetic code 1 ...
WARNING: 1 sites contain only gaps or ambiguous characters.
Alignment has 66 sequences with 422 columns, 419 distinct patterns
226 parsimony-informative, 121 singleton sites, 75 constant sites
                                                           Gap/Ambiguity  Composition  p-value
Analyzing sequences: done in 9.08971e-05 secs using 97.91% CPU
   1  DE127|Cluster-5988.0__TRINITY_DN48764_c0_g1_i1.p1           66.59%    passed     86.08%
   2  DE554|Cluster-39864.0__TRINITY_DN3089_c0_g1_i6.p1            0.47%    passed    100.00%
   3  DE126|Cluster-35878.0__TRINITY_DN367_c0_g2_i1.p1             0.24%    passed    100.00%
   4  DE88|Cluster-25733.0__TRINITY_DN1364_c1_g1_i1.p1             1.42%    passed    100.00%
   5  DE549|Cluster-34294.0__TRINITY_DN12776_c0_g1_i10.p1         10.43%    passed    100.00%
   6  DE216|Cluster-37953.4__TRINITY_DN7503_c0_g3_i4.p1           44.31%    passed     99.03%
   7  DE542|Cluster-42666.0__TRINITY_DN6941_c0_g1_i1.p1           38.39%    passed     99.80%
   8  JJ15|Cluster-2604.0__TRINITY_DN1872_c2_g1_i1.p1             58.53%    passed     99.61%
   9  DE229|Cluster-40329.0__TRINITY_DN7250_c1_g2_i1.p1            2.61%    passed    100.00%
  10  JJ23|Cluster-31919.0__TRINITY_DN2713_c0_g2_i1.p1             2.61%    passed    100.00%
  11  DE666|Cluster-5176.0__TRINITY_DN6201_c2_g1_i2.p1             0.71%    passed    100.00%
  12  DE115|Cluster-27348.0__TRINITY_DN5260_c0_g4_i1.p1            0.24%    passed    100.00%
  13  DE668|Cluster-701.0__TRINITY_DN25533_c0_g1_i1.p1            36.97%    passed     99.95%
  14  DE563|Cluster-42932.0__TRINITY_DN9256_c0_g2_i1.p1            0.24%    passed    100.00%
  15  DE681|Cluster-59765.1__TRINITY_DN4535_c0_g1_i10.p1          36.97%    passed    100.00%
  16  DE765|Cluster-52016.0__TRINITY_DN13525_c0_g1_i7.p1           0.24%    passed    100.00%
  17  DE566|Cluster-18652.2__TRINITY_DN9102_c0_g1_i3.p1            0.24%    passed    100.00%
  18  DE503|Cluster-60588.0__TRINITY_DN19985_c0_g1_i8.p1          65.64%    passed     96.20%
  19  SRR3407086|Cluster-37503.0__TRINITY_DN5025_c0_g1_i1.p1      55.69%    passed    100.00%
  20  SRR3407093|Cluster-31317.1__TRINITY_DN17610_c0_g2_i3.p1      0.24%    passed    100.00%
  21  DE476|Cluster-10727.0__TRINITY_DN11989_c1_g1_i1.p1          36.97%    passed    100.00%
  22  DE541|Cluster-38807.0__TRINITY_DN2210_c1_g2_i3.p1           44.08%    passed     99.99%
  23  DE519|Cluster-59091.0__TRINITY_DN9109_c0_g2_i2.p1           20.38%    passed    100.00%
  24  DE741|Cluster-56750.0__TRINITY_DN8011_c0_g2_i3.p1            0.24%    passed    100.00%
  25  JJ125|Cluster-17226.0__TRINITY_DN7600_c1_g3_i1.p1           36.97%    passed    100.00%
  26  DE523|Cluster-37352.0__TRINITY_DN4583_c0_g2_i1.p1            1.66%    passed    100.00%
  27  SRR3407096|Cluster-2769.0__TRINITY_DN7603_c0_g2_i2.p1       44.08%    passed     99.90%
  28  DE69|Cluster-45052.2__TRINITY_DN5453_c0_g2_i9.p1             0.24%    passed    100.00%
  29  SRR3407095|Cluster-796.0__TRINITY_DN8786_c0_g1_i8.p1         0.24%    passed    100.00%
  30  DE152|Cluster-60060.1__TRINITY_DN10927_c0_g3_i1.p1           0.24%    passed    100.00%
  31  DE510|Cluster-1876.2__TRINITY_DN717_c0_g1_i11.p1             4.74%    passed    100.00%
  32  SRR3407094|Cluster-4362.1__TRINITY_DN5004_c1_g1_i18.p1      11.85%    passed    100.00%
  33  SRR3407088|Cluster-41754.0__TRINITY_DN691_c0_g1_i10.p1       0.24%    passed    100.00%
  34  DE561|Cluster-28325.0__TRINITY_DN16716_c0_g1_i1.p1           0.24%    passed    100.00%
  35  SRR3424066|Cluster-13555.0__TRINITY_DN7766_c0_g2_i2.p1      10.43%    passed    100.00%
  36  SRR3407092|Cluster-19639.4__TRINITY_DN2072_c0_g1_i6.p1       0.24%    passed    100.00%
  37  DE536|Cluster-46849.0__TRINITY_DN4341_c1_g4_i1.p1            0.24%    passed    100.00%
  38  DE162|Cluster-39758.0__TRINITY_DN9414_c0_g1_i10.p1          36.97%    passed    100.00%
  39  DE507|Cluster-72598.2__TRINITY_DN124_c0_g1_i8.p1             0.24%    passed    100.00%
  40  DE528|Cluster-16377.1__TRINITY_DN2804_c1_g1_i15.p1           0.24%    passed    100.00%
  41  DE164|Cluster-58179.1__TRINITY_DN9354_c0_g1_i5.p1           44.08%    passed     99.97%
  42  DE509|Cluster-11861.2__TRINITY_DN5381_c0_g1_i12.p1          36.97%    passed    100.00%
  43  DE764|Cluster-24940.1__TRINITY_DN6614_c0_g1_i9.p1            0.24%    passed    100.00%
  44  DE736|Cluster-22837.0__TRINITY_DN8100_c0_g1_i5.p1            0.24%    passed    100.00%
  45  JJ89|Cluster-1775.0__TRINITY_DN8290_c0_g3_i1.p1              0.24%    passed    100.00%
  46  DE173|Cluster-54447.0__TRINITY_DN2186_c1_g1_i3.p1           57.82%    passed     99.62%
  47  JJ109|Cluster-38664.0__TRINITY_DN3684_c0_g1_i3.p1            0.24%    passed    100.00%
  48  DE189|Cluster-45189.0__TRINITY_DN12750_c0_g2_i2.p1           0.24%    passed    100.00%
  49  JJ130|Cluster-14321.0__TRINITY_DN5635_c0_g2_i1.p1            0.24%    passed    100.00%
  50  DE504|Cluster-37890.1__TRINITY_DN8141_c0_g1_i5.p1           11.14%    passed    100.00%
  51  DE531|Cluster-22345.0__TRINITY_DN15405_c0_g3_i1.p1           0.24%    passed    100.00%
  52  JJ36|Cluster-41571.0__TRINITY_DN4145_c0_g2_i1.p1            10.43%    passed    100.00%
  53  DE696-dots|Cluster-13541.0__TRINITY_DN415_c0_g3_i1.p1        0.24%    passed    100.00%
  54  DE696-nodots|Cluster-24976.0__TRINITY_DN28252_c1_g1_i1.p1    0.24%    passed    100.00%
  55  DE550|Cluster-16419.0__TRINITY_DN360_c1_g2_i1.p1             0.24%    passed    100.00%
  56  DE672|Cluster-42501.0__TRINITY_DN2030_c0_g1_i1.p1           66.35%    passed     79.44%
  57  DE643|Cluster-67077.2__TRINITY_DN12078_c0_g2_i1.p1          20.38%    passed     96.66%
  58  DE737|Cluster-38070.0__TRINITY_DN1262_c1_g2_i4.p1           36.97%    passed     99.97%
  59  JJ131|Cluster-69193.0__TRINITY_DN10476_c0_g1_i1.p1           0.24%    passed    100.00%
  60  DE704-purple|Cluster-29027.5__TRINITY_DN476_c0_g2_i6.p1     13.98%    passed     98.60%
  61  DE575|Cluster-41314.2__TRINITY_DN7736_c0_g1_i3.p1           55.21%    passed     99.96%
  62  DE534|Cluster-75790.0__TRINITY_DN11042_c0_g2_i1.p1          36.97%    passed     97.06%
  63  DE623|Cluster-22315.0__TRINITY_DN18420_c0_g1_i12.p1         22.27%    passed    100.00%
  64  DE680|Cluster-31464.0__TRINITY_DN12687_c0_g1_i3.p1          10.43%    passed     98.78%
  65  DE704-white|Cluster-50851.3__TRINITY_DN1049_c0_g1_i4.p1     20.38%    passed    100.00%
  66  JJ99|Cluster-25962.0__TRINITY_DN1306_c1_g5_i6.p1            24.17%    passed     99.95%
WARNING: 7 sequences contain more than 50% gaps/ambiguity
****  TOTAL                                                       17.32%  0 sequences failed composition chi2 test (p-value<5%; df=60)
Reading input tree file tmp.csubst.nwk ... rooted tree

NOTE: 59 MB RAM (0 GB) is required!
Measuring multi-threading efficiency up to 1 CPU cores
2 trees examined
Threads: 1 / Time: 3.071 sec / Speedup: 1.000 / Efficiency: 100% / LogL: -13214
BEST NUMBER OF THREADS: 1

Estimate model parameters (epsilon = 0.010)
1. Initial log-likelihood: -13126.706
2. Current log-likelihood: -9087.218
3. Current log-likelihood: -9077.032
4. Current log-likelihood: -9076.988
5. Current log-likelihood: -9076.964
6. Current log-likelihood: -9076.951
Optimal log-likelihood: -9076.942
Nonsynonymous/synonymous ratio (omega): 1.000
Transition/transversion ratio (kappa): 1.000
Site proportion and rates:  (0.510,0.489) (0.367,1.064) (0.102,2.613) (0.022,4.355)
Parameters optimization took 6 rounds (76.368 sec)
Wrote distance file to... 
BEST SCORE FOUND : -9076.942
Ancestral state probabilities printed to /mnt/data0/yue/2026-03-11-protein-convergence/results/OG_4416/csubst_w_s/csubst_input_alignment.fa.state
Empirical proportions for each category: 0.585 0.308 0.095 0.012
Site rates printed to /mnt/data0/yue/2026-03-11-protein-convergence/results/OG_4416/csubst_w_s/csubst_input_alignment.fa.rate
Total tree length: 3.575

Total number of iterations: 0
CPU time used for tree search: 0.000 sec (0h:0m:0s)
Wall-clock time used for tree search: 0.000 sec (0h:0m:0s)
Total CPU time used: 81.597 sec (0h:1m:21s)
Total wall-clock time used: 81.870 sec (0h:1m:21s)

Analysis results written to: 
  IQ-TREE report:                /mnt/data0/yue/2026-03-11-protein-convergence/results/OG_4416/csubst_w_s/csubst_input_alignment.fa.iqtree
  Maximum-likelihood tree:       /mnt/data0/yue/2026-03-11-protein-convergence/results/OG_4416/csubst_w_s/csubst_input_alignment.fa.treefile
  Site-specific rates:           /mnt/data0/yue/2026-03-11-protein-convergence/results/OG_4416/csubst_w_s/csubst_input_alignment.fa.rate
  Ancestral state:               /mnt/data0/yue/2026-03-11-protein-convergence/results/OG_4416/csubst_w_s/csubst_input_alignment.fa.state
  Screen log file:               /mnt/data0/yue/2026-03-11-protein-convergence/results/OG_4416/csubst_w_s/csubst_input_alignment.fa.log

Date and Time: Fri Mar 27 13:48:27 2026
