IQ-TREE multicore version 2.4.0 for Linux x86 64-bit built Feb 12 2025
Developed by Bui Quang Minh, Nguyen Lam Tung, Olga Chernomor, Heiko Schmidt,
Dominik Schrempf, Michael Woodhams, Ly Trong Nhan, Thomas Wong

Host:    brain (AVX2, FMA3, 2015 GB RAM)
Command: /home/yue/miniconda3/envs/py39/bin/iqtree -s /mnt/data0/yue/2026-03-11-protein-convergence/results/OG_5097/csubst_w_s/csubst_input_alignment.fa -te tmp.csubst.nwk -m ECMK07+F+R4 --seqtype CODON1 --threads-max 1 -T AUTO --ancestral --rate --redo
Seed:    873542 (Using SPRNG - Scalable Parallel Random Number Generator)
Time:    Fri Mar 27 16:33:41 2026
Kernel:  AVX+FMA - auto-detect threads (128 CPU cores detected)

Reading alignment file /mnt/data0/yue/2026-03-11-protein-convergence/results/OG_5097/csubst_w_s/csubst_input_alignment.fa ... Fasta format detected
Reading fasta file: done in 0.00239998 secs using 20% CPU
Alignment most likely contains DNA/RNA sequences
Converting to codon sequences with genetic code 1 ...
Alignment has 69 sequences with 426 columns, 414 distinct patterns
228 parsimony-informative, 125 singleton sites, 73 constant sites
                                                                Gap/Ambiguity  Composition  p-value
Analyzing sequences: done in 0.000120446 secs using 97.97% CPU
   1  JJ85|Cluster-30518.0__TRINITY_DN8762_c0_g1_i11.p1                 0.23%    passed    100.00%
   2  DE115|Cluster-62022.0__TRINITY_DN6779_c1_g3_i2.p1                41.31%    passed     99.30%
   3  JJ99|Cluster-39566.0__TRINITY_DN10475_c0_g1_i5.p1                 3.05%    passed    100.00%
   4  DE181|Cluster-52817.0__TRINITY_DN11971_c0_g1_i11.p1              25.82%    passed     99.94%
   5  DE741|Cluster-51307.0__TRINITY_DN10948_c0_g1_i20.p1              41.55%    passed     99.65%
   6  DE541|Cluster-49875.0__TRINITY_DN2766_c0_g1_i7.p1                41.08%    passed     99.97%
   7  DE504|Cluster-44153.0__TRINITY_DN2365_c0_g1_i2.p1                41.31%    passed     99.97%
   8  DE643|Cluster-50362.0__TRINITY_DN9893_c0_g1_i2.p1                 0.23%    passed    100.00%
   9  DE69|Cluster-18894.0__TRINITY_DN4376_c0_g2_i4.p1                 41.31%    passed     99.99%
  10  JJ74|Cluster-22037.0__TRINITY_DN1162_c0_g2_i2.p1                 41.08%    passed     99.94%
  11  DE505|Cluster-42838.1__TRINITY_DN19953_c0_g1_i6.p1               26.06%    passed     99.93%
  12  SRR3407086|Cluster-20393.0__TRINITY_DN7744_c1_g1_i2.p1           28.40%    passed     99.96%
  13  DE189|Cluster-47211.0__TRINITY_DN3396_c0_g1_i4.p1                 0.23%    passed    100.00%
  14  JJ109|Cluster-46584.0__TRINITY_DN2350_c1_g1_i10.p1                0.23%    passed    100.00%
  15  DE523|Cluster-25734.0__TRINITY_DN16115_c0_g1_i1.p1                6.57%    passed    100.00%
  16  DE549|Cluster-40420.1__TRINITY_DN7080_c0_g1_i17.p1                0.23%    passed    100.00%
  17  DE696-dots|Cluster-16482.1__TRINITY_DN8116_c1_g1_i1.p1            0.23%    passed    100.00%
  18  DE696-nodots|Cluster-57477.0__TRINITY_DN17534_c0_g1_i3.p1         0.23%    passed    100.00%
  19  JJ36|Cluster-43130.0__TRINITY_DN1893_c0_g1_i4.p1                  0.23%    passed    100.00%
  20  DE554|Cluster-36504.0__TRINITY_DN4883_c0_g1_i4.p1                 0.00%    passed     98.57%
  21  DE623|Cluster-25442.0__TRINITY_DN12654_c0_g1_i4.p1                0.00%    passed    100.00%
  22  DE563|Cluster-50379.7__TRINITY_DN2025_c0_g1_i9.p1                 0.00%    passed    100.00%
  23  DE152|Cluster-39329.0__TRINITY_DN27276_c0_g2_i7.p1                0.00%    passed    100.00%
  24  DE546_urceolata_l|Cluster-39460.0__TRINITY_DN1728_c0_g1_i11.p1    0.47%    passed     95.54%
  25  DE126|Cluster-9954.0__TRINITY_DN8737_c2_g1_i2.p1                  0.47%    passed    100.00%
  26  DE162|Cluster-4308.1__TRINITY_DN6182_c0_g1_i7.p1                  0.00%    passed    100.00%
  27  DE507|Cluster-76691.0__TRINITY_DN14584_c0_g1_i1.p1                0.00%    passed    100.00%
  28  DE528|Cluster-46612.0__TRINITY_DN32134_c1_g1_i8.p1                0.00%    passed    100.00%
  29  DE704-white|Cluster-51741.0__TRINITY_DN9504_c1_g1_i10.p1          0.00%    passed    100.00%
  30  DE704-purple|Cluster-54535.0__TRINITY_DN12668_c0_g1_i1.p1         0.00%    passed    100.00%
  31  DE575|Cluster-50159.0__TRINITY_DN9400_c0_g1_i6.p1                 1.41%    passed    100.00%
  32  DE681|Cluster-56996.0__TRINITY_DN13623_c1_g1_i18.p1              27.46%    passed     99.91%
  33  DE666|Cluster-1860.0__TRINITY_DN4232_c1_g1_i5.p1                  3.99%    passed    100.00%
  34  JJ86|Cluster-14337.0__TRINITY_DN22887_c0_g1_i3.p1                 0.00%    passed    100.00%
  35  DE765|Cluster-54065.0__TRINITY_DN4492_c0_g1_i1.p1                42.72%    passed     99.99%
  36  DE668|Cluster-41932.0__TRINITY_DN6285_c0_g2_i2.p1                27.46%    passed     99.93%
  37  DE560|Cluster-23022.0__TRINITY_DN12413_c0_g1_i9.p1                0.00%    passed    100.00%
  38  SRR3407095|Cluster-17354.0__TRINITY_DN14096_c0_g1_i11.p1          0.00%    passed    100.00%
  39  JJ125|Cluster-17503.3__TRINITY_DN8638_c0_g1_i7.p1                 0.70%    passed    100.00%
  40  DE519|Cluster-70788.0__TRINITY_DN17747_c0_g2_i7.p1                0.94%    passed    100.00%
  41  DE566|Cluster-46303.0__TRINITY_DN18575_c0_g1_i8.p1                1.17%    passed    100.00%
  42  DE536|Cluster-48657.1__TRINITY_DN6905_c1_g1_i5.p1                 0.94%    passed    100.00%
  43  DE216|Cluster-82291.0__TRINITY_DN21106_c0_g1_i8.p1                0.00%    passed    100.00%
  44  JJ15|Cluster-62537.0__TRINITY_DN7102_c0_g1_i1.p1                 43.90%    passed     99.24%
  45  DE534|Cluster-73409.0__TRINITY_DN6023_c0_g1_i11.p1                0.00%    passed    100.00%
  46  DE542|Cluster-54467.0__TRINITY_DN6766_c0_g1_i10.p1               41.08%    passed     99.90%
  47  JJ131|Cluster-42590.2__TRINITY_DN6278_c0_g1_i19.p1                0.00%    passed    100.00%
  48  DE151|Cluster-53200.0__TRINITY_DN18562_c0_g1_i1.p1               41.08%    passed     99.95%
  49  DE173|Cluster-25742.0__TRINITY_DN9244_c0_g1_i1.p1                41.08%    passed     99.89%
  50  DE672|Cluster-57349.0__TRINITY_DN12367_c0_g1_i4.p1                0.00%    passed    100.00%
  51  DE531|Cluster-38939.1__TRINITY_DN29940_c0_g1_i17.p1              41.08%    passed     99.67%
  52  DE550|Cluster-37947.0__TRINITY_DN14084_c0_g1_i2.p1                0.00%    passed    100.00%
  53  DE164|Cluster-37087.2__TRINITY_DN1263_c0_g2_i3.p1                 0.00%    passed    100.00%
  54  DE671|Cluster-44508.0__TRINITY_DN3264_c0_g2_i1.p1                 0.00%    passed    100.00%
  55  JJ130|Cluster-19344.0__TRINITY_DN1876_c0_g1_i28.p1                0.00%    passed    100.00%
  56  DE476|Cluster-59098.0__TRINITY_DN2163_c0_g1_i3.p1                 0.00%    passed    100.00%
  57  DE509|Cluster-14687.0__TRINITY_DN16769_c0_g1_i2.p1                0.00%    passed    100.00%
  58  DE736|Cluster-32882.2__TRINITY_DN3941_c1_g1_i4.p1                 0.00%    passed    100.00%
  59  DE737|Cluster-24718.0__TRINITY_DN60951_c0_g1_i1.p1                0.00%    passed    100.00%
  60  JJ89|Cluster-7685.109__TRINITY_DN7771_c0_g1_i8.p1                 0.00%    passed     91.99%
  61  DE88|Cluster-35875.1__TRINITY_DN5974_c0_g1_i2.p1                 33.80%    passed     99.71%
  62  DE680|Cluster-47552.0__TRINITY_DN24873_c0_g1_i39.p1              27.23%    passed     99.90%
  63  DE229|Cluster-63934.2__TRINITY_DN3512_c0_g1_i5.p1                 4.46%    passed    100.00%
  64  JJ23|Cluster-43804.0__TRINITY_DN9576_c1_g1_i2.p1                 41.08%    passed     99.44%
  65  DE503|Cluster-32576.0__TRINITY_DN6278_c1_g1_i25.p1               41.31%    passed     98.72%
  66  DE510|Cluster-52051.0__TRINITY_DN6901_c0_g1_i1.p1                41.31%    passed     97.75%
  67  DE561|Cluster-30488.0__TRINITY_DN7100_c1_g1_i3.p1                41.31%    passed     99.54%
  68  SRR3424066|Cluster-34446.0__TRINITY_DN16917_c0_g1_i1.p1           0.23%    passed    100.00%
  69  SRR104381|Cluster-33631.0__TRINITY_DN8507_c0_g1_i2.p1            42.25%    passed     79.82%
****  TOTAL                                                            13.46%  0 sequences failed composition chi2 test (p-value<5%; df=60)
WARNING: States(s) CGC rarely appear in alignment and may cause numerical problems
Reading input tree file tmp.csubst.nwk ... rooted tree

NOTE: 62 MB RAM (0 GB) is required!
Measuring multi-threading efficiency up to 1 CPU cores
2 trees examined
Threads: 1 / Time: 4.309 sec / Speedup: 1.000 / Efficiency: 100% / LogL: -15787
BEST NUMBER OF THREADS: 1

Estimate model parameters (epsilon = 0.010)
1. Initial log-likelihood: -14012.172
2. Current log-likelihood: -10767.198
3. Current log-likelihood: -10753.025
4. Current log-likelihood: -10752.888
5. Current log-likelihood: -10752.767
6. Current log-likelihood: -10752.643
7. Current log-likelihood: -10752.511
8. Current log-likelihood: -10752.367
9. Current log-likelihood: -10752.208
10. Current log-likelihood: -10752.036
11. Current log-likelihood: -10751.853
12. Current log-likelihood: -10751.663
13. Current log-likelihood: -10751.476
14. Current log-likelihood: -10743.162
15. Current log-likelihood: -10743.061
16. Current log-likelihood: -10742.968
17. Current log-likelihood: -10742.878
18. Current log-likelihood: -10742.793
19. Current log-likelihood: -10742.716
20. Current log-likelihood: -10739.918
21. Current log-likelihood: -10739.860
22. Current log-likelihood: -10739.809
23. Current log-likelihood: -10739.763
24. Current log-likelihood: -10739.725
25. Current log-likelihood: -10739.693
26. Current log-likelihood: -10739.669
27. Current log-likelihood: -10738.323
28. Current log-likelihood: -10738.294
29. Current log-likelihood: -10738.270
30. Current log-likelihood: -10738.249
31. Current log-likelihood: -10738.231
32. Current log-likelihood: -10738.216
33. Current log-likelihood: -10738.204
34. Current log-likelihood: -10738.194
Optimal log-likelihood: -10738.186
Nonsynonymous/synonymous ratio (omega): 1.000
Transition/transversion ratio (kappa): 1.000
Site proportion and rates:  (0.451,0.249) (0.416,1.053) (0.123,3.059) (0.011,6.942)
Parameters optimization took 34 rounds (361.445 sec)
Wrote distance file to... 
BEST SCORE FOUND : -10738.186
Ancestral state probabilities printed to /mnt/data0/yue/2026-03-11-protein-convergence/results/OG_5097/csubst_w_s/csubst_input_alignment.fa.state
Empirical proportions for each category: 0.474 0.418 0.101 0.007
Site rates printed to /mnt/data0/yue/2026-03-11-protein-convergence/results/OG_5097/csubst_w_s/csubst_input_alignment.fa.rate
Total tree length: 4.683

Total number of iterations: 0
CPU time used for tree search: 0.000 sec (0h:0m:0s)
Wall-clock time used for tree search: 0.000 sec (0h:0m:0s)
Total CPU time used: 363.167 sec (0h:6m:3s)
Total wall-clock time used: 367.986 sec (0h:6m:7s)

Analysis results written to: 
  IQ-TREE report:                /mnt/data0/yue/2026-03-11-protein-convergence/results/OG_5097/csubst_w_s/csubst_input_alignment.fa.iqtree
  Maximum-likelihood tree:       /mnt/data0/yue/2026-03-11-protein-convergence/results/OG_5097/csubst_w_s/csubst_input_alignment.fa.treefile
  Site-specific rates:           /mnt/data0/yue/2026-03-11-protein-convergence/results/OG_5097/csubst_w_s/csubst_input_alignment.fa.rate
  Ancestral state:               /mnt/data0/yue/2026-03-11-protein-convergence/results/OG_5097/csubst_w_s/csubst_input_alignment.fa.state
  Screen log file:               /mnt/data0/yue/2026-03-11-protein-convergence/results/OG_5097/csubst_w_s/csubst_input_alignment.fa.log

Date and Time: Fri Mar 27 16:39:49 2026
