IQ-TREE multicore version 2.4.0 for Linux x86 64-bit built Feb 12 2025
Developed by Bui Quang Minh, Nguyen Lam Tung, Olga Chernomor, Heiko Schmidt,
Dominik Schrempf, Michael Woodhams, Ly Trong Nhan, Thomas Wong

Host:    brain (AVX2, FMA3, 2015 GB RAM)
Command: /home/yue/miniconda3/envs/py39/bin/iqtree -s /mnt/data0/yue/2026-03-11-protein-convergence/results/OG_7629/csubst_w_s/csubst_input_alignment.fa -te tmp.csubst.nwk -m ECMK07+F+R4 --seqtype CODON1 --threads-max 1 -T AUTO --ancestral --rate --redo
Seed:    96395 (Using SPRNG - Scalable Parallel Random Number Generator)
Time:    Sat Mar 28 01:20:14 2026
Kernel:  AVX+FMA - auto-detect threads (128 CPU cores detected)

Reading alignment file /mnt/data0/yue/2026-03-11-protein-convergence/results/OG_7629/csubst_w_s/csubst_input_alignment.fa ... Fasta format detected
Reading fasta file: done in 0.00208201 secs
Alignment most likely contains DNA/RNA sequences
Converting to codon sequences with genetic code 1 ...
Alignment has 72 sequences with 586 columns, 552 distinct patterns
311 parsimony-informative, 162 singleton sites, 113 constant sites
                                                               Gap/Ambiguity  Composition  p-value
Analyzing sequences: done in 0.000113964 secs
   1  DE623|Cluster-52529.0__TRINITY_DN7280_c0_g1_i12.p1              29.86%    passed    100.00%
   2  DE575|Cluster-27385.0__TRINITY_DN26768_c0_g2_i2.p1              29.86%    passed    100.00%
   3  DE765|Cluster-15896.0__TRINITY_DN349_c1_g1_i1.p1                29.86%    passed    100.00%
   4  DE560|Cluster-19031.0__TRINITY_DN2772_c0_g1_i6.p1               28.50%    passed    100.00%
   5  DE764|Cluster-31764.0__TRINITY_DN9968_c0_g1_i1.p1                0.17%    passed    100.00%
   6  SRR5150740|Cluster-54750.0__TRINITY_DN107689_c0_g1_i1.p1         5.80%    passed     81.07%
   7  DE127|Cluster-15099.0__TRINITY_DN22941_c0_g1_i6.p1              29.86%    passed    100.00%
   8  DE554|Cluster-54866.0__TRINITY_DN9256_c0_g1_i6.p1               29.86%    passed    100.00%
   9  DE181|Cluster-34501.0__TRINITY_DN8464_c0_g1_i4.p1               29.86%    passed    100.00%
  10  SRR3424066|Cluster-37116.0__TRINITY_DN9559_c0_g1_i2.p1          29.86%    passed    100.00%
  11  DE534|Cluster-71562.0__TRINITY_DN37308_c0_g2_i2.p1               2.56%    passed    100.00%
  12  DE542|Cluster-60000.0__TRINITY_DN20033_c1_g1_i6.p1               2.56%    passed    100.00%
  13  DE550|Cluster-41994.0__TRINITY_DN10152_c0_g1_i4.p1               0.85%    passed    100.00%
  14  DE476|Cluster-51179.0__TRINITY_DN7893_c0_g1_i1.p1               39.25%    passed     97.83%
  15  DE504|Cluster-24562.0__TRINITY_DN15955_c0_g2_i4.p1               0.00%    passed    100.00%
  16  DE115|Cluster-44201.0__TRINITY_DN6589_c0_g1_i2.p1                0.00%    passed    100.00%
  17  DE162|Cluster-51989.0__TRINITY_DN5954_c0_g1_i8.p1                0.00%    passed    100.00%
  18  DE528|Cluster-43964.0__TRINITY_DN15748_c0_g1_i6.p1               0.00%    passed    100.00%
  19  DE507|Cluster-60949.0__TRINITY_DN9013_c0_g1_i2.p1                0.00%    passed    100.00%
  20  DE704-purple|Cluster-50390.0__TRINITY_DN10982_c0_g1_i1.p1        0.00%    passed    100.00%
  21  DE704-white|Cluster-43280.0__TRINITY_DN9853_c0_g1_i3.p1          0.00%    passed    100.00%
  22  DE546_urceolata_l|Cluster-45459.0__TRINITY_DN5028_c0_g1_i7.p1    0.00%    passed    100.00%
  23  DE668|Cluster-41750.0__TRINITY_DN12664_c0_g1_i10.p1             35.15%    passed     89.85%
  24  DE563|Cluster-43180.0__TRINITY_DN15707_c0_g1_i1.p1               0.00%    passed    100.00%
  25  DE666|Cluster-37099.1__TRINITY_DN11834_c0_g1_i3.p1               0.00%    passed    100.00%
  26  DE680|Cluster-55874.0__TRINITY_DN10345_c0_g1_i1.p1               0.00%    passed    100.00%
  27  JJ86|Cluster-34078.0__TRINITY_DN4286_c0_g1_i3.p1                 0.00%    passed    100.00%
  28  DE126|Cluster-36518.0__TRINITY_DN5118_c0_g1_i1.p1                0.00%    passed    100.00%
  29  DE681|Cluster-60976.0__TRINITY_DN3742_c2_g1_i1.p1                0.00%    passed    100.00%
  30  DE152|Cluster-43414.0__TRINITY_DN5104_c0_g1_i2.p1               29.86%    passed    100.00%
  31  JJ99|Cluster-34680.0__TRINITY_DN5188_c0_g1_i11.p1               29.86%    passed    100.00%
  32  JJ23|Cluster-38145.0__TRINITY_DN2198_c0_g1_i17.p1               29.86%    passed    100.00%
  33  DE229|Cluster-80709.0__TRINITY_DN8876_c0_g1_i5.p1                0.00%    passed    100.00%
  34  DE519|Cluster-46767.1__TRINITY_DN14236_c2_g1_i6.p1               0.00%    passed    100.00%
  35  DE561|Cluster-48473.0__TRINITY_DN10251_c0_g1_i2.p1               0.00%    passed    100.00%
  36  SRR3407086|Cluster-18501.0__TRINITY_DN43934_c0_g1_i2.p1          0.00%    passed    100.00%
  37  DE505|Cluster-20132.0__TRINITY_DN963_c0_g1_i1.p1                 0.00%    passed    100.00%
  38  DE510|Cluster-1586.0__TRINITY_DN6352_c2_g1_i1.p1                 0.00%    passed    100.00%
  39  SRR3407087|Cluster-45042.0__TRINITY_DN13106_c0_g1_i1.p1          0.00%    passed    100.00%
  40  SRR3407093|Cluster-28066.0__TRINITY_DN14124_c0_g1_i1.p1          0.00%    passed    100.00%
  41  SRR3407088|Cluster-2818.0__TRINITY_DN14672_c0_g2_i1.p1           0.00%    passed    100.00%
  42  SRR3407092|Cluster-8383.0__TRINITY_DN14138_c0_g1_i2.p1           0.00%    passed    100.00%
  43  SRR3407094|Cluster-25739.0__TRINITY_DN38496_c0_g1_i1.p1          0.00%    passed    100.00%
  44  DE503|Cluster-12135.0__TRINITY_DN11001_c0_g1_i1.p1               0.00%    passed    100.00%
  45  DE523|Cluster-4048.1__TRINITY_DN12066_c0_g1_i3.p1                0.00%    passed    100.00%
  46  SRR3407095|Cluster-38046.0__TRINITY_DN15283_c0_g1_i1.p1          0.34%    passed    100.00%
  47  DE69|Cluster-37048.1__TRINITY_DN8293_c1_g1_i2.p1                30.20%    passed    100.00%
  48  JJ74|Cluster-113368.0__TRINITY_DN13379_c0_g1_i6.p1               0.00%    passed    100.00%
  49  DE216|Cluster-21272.1__TRINITY_DN21025_c0_g1_i3.p1               1.71%    passed    100.00%
  50  JJ15|Cluster-7096.0__TRINITY_DN22144_c0_g2_i1.p1                 1.71%    passed    100.00%
  51  DE536|Cluster-42683.1__TRINITY_DN8296_c0_g2_i4.p1                0.00%    passed    100.00%
  52  JJ131|Cluster-46947.1__TRINITY_DN6614_c0_g1_i20.p1               0.00%    passed    100.00%
  53  JJ85|Cluster-16570.0__TRINITY_DN1554_c0_g1_i2.p1                 2.56%    passed    100.00%
  54  DE672|Cluster-15681.0__TRINITY_DN7216_c1_g1_i5.p1               26.45%    passed    100.00%
  55  DE671|Cluster-23805.0__TRINITY_DN6039_c0_g1_i3.p1                0.00%    passed    100.00%
  56  DE643|Cluster-70205.0__TRINITY_DN6999_c0_g1_i5.p1               29.86%    passed    100.00%
  57  DE509|Cluster-40924.1__TRINITY_DN11875_c0_g2_i2.p1               0.00%    passed    100.00%
  58  DE736|Cluster-30645.0__TRINITY_DN541_c0_g1_i6.p1                 0.00%    passed    100.00%
  59  JJ89|Cluster-34565.0__TRINITY_DN4577_c1_g2_i2.p1                 0.00%    passed    100.00%
  60  DE531|Cluster-54988.0__TRINITY_DN8410_c0_g1_i14.p1               0.00%    passed    100.00%
  61  DE696-dots|Cluster-51896.0__TRINITY_DN3554_c0_g1_i9.p1          29.86%    passed    100.00%
  62  JJ36|Cluster-43497.0__TRINITY_DN7355_c0_g1_i10.p1               29.86%    passed    100.00%
  63  DE737|Cluster-44103.0__TRINITY_DN15494_c0_g1_i15.p1             29.86%    passed    100.00%
  64  DE151|Cluster-28345.0__TRINITY_DN12782_c1_g1_i4.p1               0.00%    passed    100.00%
  65  DE173|Cluster-54656.0__TRINITY_DN8881_c0_g1_i2.p1                0.00%    passed    100.00%
  66  JJ109|Cluster-31569.0__TRINITY_DN10188_c0_g1_i3.p1               0.00%    passed    100.00%
  67  JJ130|Cluster-35358.0__TRINITY_DN5390_c0_g1_i2.p1                0.00%    passed    100.00%
  68  DE189|Cluster-42410.0__TRINITY_DN21398_c0_g1_i11.p1             22.53%    passed    100.00%
  69  DE164|Cluster-40952.0__TRINITY_DN5110_c0_g2_i1.p1                0.00%    passed    100.00%
  70  DE88|Cluster-38492.0__TRINITY_DN18427_c0_g3_i4.p1               29.86%    passed    100.00%
  71  DE541|Cluster-24924.0__TRINITY_DN456_c0_g4_i1.p1                 0.00%    passed    100.00%
  72  DE549|Cluster-26019.0__TRINITY_DN10246_c0_g3_i1.p1              29.86%    passed    100.00%
****  TOTAL                                                            9.42%  0 sequences failed composition chi2 test (p-value<5%; df=60)
Reading input tree file tmp.csubst.nwk ... rooted tree

NOTE: 83 MB RAM (0 GB) is required!
Measuring multi-threading efficiency up to 1 CPU cores
2 trees examined
Threads: 1 / Time: 4.578 sec / Speedup: 1.000 / Efficiency: 100% / LogL: -20056
BEST NUMBER OF THREADS: 1

Estimate model parameters (epsilon = 0.010)
1. Initial log-likelihood: -17803.298
2. Current log-likelihood: -11487.611
3. Current log-likelihood: -11462.349
4. Current log-likelihood: -11461.262
5. Current log-likelihood: -11461.034
6. Current log-likelihood: -11460.844
7. Current log-likelihood: -11460.637
8. Current log-likelihood: -11460.413
9. Current log-likelihood: -11460.175
10. Current log-likelihood: -11459.928
11. Current log-likelihood: -11459.685
12. Current log-likelihood: -11459.463
13. Current log-likelihood: -11459.281
14. Current log-likelihood: -11459.150
15. Current log-likelihood: -11459.070
16. Current log-likelihood: -11459.028
17. Current log-likelihood: -11459.009
Optimal log-likelihood: -11459.001
Nonsynonymous/synonymous ratio (omega): 1.000
Transition/transversion ratio (kappa): 1.000
Site proportion and rates:  (0.562,0.444) (0.410,1.498) (0.027,3.797) (0.002,20.479)
Parameters optimization took 17 rounds (236.804 sec)
Wrote distance file to... 
BEST SCORE FOUND : -11459.001
Ancestral state probabilities printed to /mnt/data0/yue/2026-03-11-protein-convergence/results/OG_7629/csubst_w_s/csubst_input_alignment.fa.state
Empirical proportions for each category: 0.613 0.369 0.017 0.002
Site rates printed to /mnt/data0/yue/2026-03-11-protein-convergence/results/OG_7629/csubst_w_s/csubst_input_alignment.fa.rate
Total tree length: 2.945

Total number of iterations: 0
CPU time used for tree search: 0.000 sec (0h:0m:0s)
Wall-clock time used for tree search: 0.000 sec (0h:0m:0s)
Total CPU time used: 244.010 sec (0h:4m:4s)
Total wall-clock time used: 244.204 sec (0h:4m:4s)

Analysis results written to: 
  IQ-TREE report:                /mnt/data0/yue/2026-03-11-protein-convergence/results/OG_7629/csubst_w_s/csubst_input_alignment.fa.iqtree
  Maximum-likelihood tree:       /mnt/data0/yue/2026-03-11-protein-convergence/results/OG_7629/csubst_w_s/csubst_input_alignment.fa.treefile
  Site-specific rates:           /mnt/data0/yue/2026-03-11-protein-convergence/results/OG_7629/csubst_w_s/csubst_input_alignment.fa.rate
  Ancestral state:               /mnt/data0/yue/2026-03-11-protein-convergence/results/OG_7629/csubst_w_s/csubst_input_alignment.fa.state
  Screen log file:               /mnt/data0/yue/2026-03-11-protein-convergence/results/OG_7629/csubst_w_s/csubst_input_alignment.fa.log

Date and Time: Sat Mar 28 01:24:18 2026
