IQ-TREE multicore version 2.4.0 for Linux x86 64-bit built Feb 12 2025
Developed by Bui Quang Minh, Nguyen Lam Tung, Olga Chernomor, Heiko Schmidt,
Dominik Schrempf, Michael Woodhams, Ly Trong Nhan, Thomas Wong

Host:    brain (AVX2, FMA3, 2015 GB RAM)
Command: /home/yue/miniconda3/envs/py39/bin/iqtree -s /mnt/data0/yue/2026-03-11-protein-convergence/results/OG_8563/csubst_w_s/csubst_input_alignment.fa -te tmp.csubst.nwk -m ECMK07+F+R4 --seqtype CODON1 --threads-max 1 -T AUTO --ancestral --rate --redo
Seed:    71949 (Using SPRNG - Scalable Parallel Random Number Generator)
Time:    Sat Mar 28 03:53:02 2026
Kernel:  AVX+FMA - auto-detect threads (128 CPU cores detected)

Reading alignment file /mnt/data0/yue/2026-03-11-protein-convergence/results/OG_8563/csubst_w_s/csubst_input_alignment.fa ... Fasta format detected
Reading fasta file: done in 0.00262949 secs using 24.95% CPU
Alignment most likely contains DNA/RNA sequences
Converting to codon sequences with genetic code 1 ...
Alignment has 67 sequences with 341 columns, 324 distinct patterns
166 parsimony-informative, 96 singleton sites, 79 constant sites
                                                           Gap/Ambiguity  Composition  p-value
Analyzing sequences: done in 0.000135854 secs using 99.37% CPU
   1  DE536|Cluster-43562.0__TRINITY_DN10245_c0_g1_i2.p1           2.93%    passed    100.00%
   2  DE736|Cluster-49343.0__TRINITY_DN6808_c0_g1_i1.p1           25.81%    passed     99.98%
   3  SRR3407096|Cluster-15515.0__TRINITY_DN10341_c0_g1_i1.p1      0.00%    passed    100.00%
   4  DE523|Cluster-39275.0__TRINITY_DN4315_c0_g1_i3.p1           25.51%    passed     99.99%
   5  DE510|Cluster-53563.0__TRINITY_DN4198_c0_g1_i2.p1           29.33%    passed     83.12%
   6  DRR234970|Cluster-5405.0__TRINITY_DN32734_c0_g1_i1.p1        2.05%    passed     99.96%
   7  DE127|Cluster-17517.0__TRINITY_DN22305_c0_g2_i2.p1           2.35%    passed    100.00%
   8  DE554|Cluster-12824.19__TRINITY_DN45883_c0_g1_i2.p1          2.35%    passed    100.00%
   9  DE666|Cluster-21205.0__TRINITY_DN2119_c1_g3_i1.p1            2.35%    passed    100.00%
  10  DE229|Cluster-68437.0__TRINITY_DN4073_c0_g1_i1.p1            2.35%    passed    100.00%
  11  JJ23|Cluster-22710.0__TRINITY_DN9169_c0_g1_i1.p1             2.35%    passed    100.00%
  12  DE126|Cluster-29512.0__TRINITY_DN12022_c0_g1_i2.p1           2.64%    passed    100.00%
  13  DE162|Cluster-22476.0__TRINITY_DN7589_c0_g1_i1.p1            2.64%    passed    100.00%
  14  DE528|Cluster-36720.0__TRINITY_DN16058_c0_g1_i7.p1           2.64%    passed    100.00%
  15  DE507|Cluster-11791.0__TRINITY_DN11232_c0_g1_i4.p1           2.64%    passed    100.00%
  16  JJ86|Cluster-21991.0__TRINITY_DN9959_c0_g1_i1.p1             2.64%    passed    100.00%
  17  DE575|Cluster-62541.0__TRINITY_DN1251_c0_g3_i1.p1            0.29%    passed    100.00%
  18  DE681|Cluster-43171.2__TRINITY_DN6025_c0_g2_i6.p1           30.79%    passed     99.34%
  19  JJ74|Cluster-64074.0__TRINITY_DN4016_c0_g1_i2.p1             0.29%    passed    100.00%
  20  DE623|Cluster-51295.0__TRINITY_DN13188_c0_g1_i1.p1          27.57%    passed     97.43%
  21  DE680|Cluster-20839.7__TRINITY_DN1169_c0_g5_i1.p1            2.05%    passed    100.00%
  22  DE668|Cluster-17136.0__TRINITY_DN13204_c0_g1_i1.p1           2.05%    passed    100.00%
  23  JJ131|Cluster-27630.4__TRINITY_DN5702_c0_g1_i9.p1            0.29%    passed    100.00%
  24  DE765|Cluster-43791.2__TRINITY_DN2729_c0_g1_i12.p1          24.34%    passed    100.00%
  25  DE216|Cluster-82631.0__TRINITY_DN10078_c0_g1_i2.p1           0.29%    passed    100.00%
  26  JJ15|Cluster-37156.0__TRINITY_DN99346_c0_g1_i2.p1            0.29%    passed    100.00%
  27  DE534|Cluster-56953.0__TRINITY_DN20275_c0_g1_i3.p1           0.29%    passed    100.00%
  28  DE542|Cluster-60527.0__TRINITY_DN34364_c0_g1_i3.p1          26.98%    passed     99.54%
  29  DE151|Cluster-38828.0__TRINITY_DN50045_c0_g1_i1.p1           1.17%    passed    100.00%
  30  DE189|Cluster-48957.0__TRINITY_DN15476_c0_g1_i2.p1          26.69%    passed     94.41%
  31  JJ109|Cluster-36940.0__TRINITY_DN34310_c0_g1_i1.p1           1.17%    passed    100.00%
  32  DE173|Cluster-15752.0__TRINITY_DN70711_c0_g1_i1.p1           1.17%    passed    100.00%
  33  JJ130|Cluster-26525.2__TRINITY_DN34686_c0_g1_i4.p1           1.17%    passed    100.00%
  34  DE164|Cluster-30517.0__TRINITY_DN105943_c0_g1_i1.p1          0.29%    passed    100.00%
  35  DE737|Cluster-56046.0__TRINITY_DN7178_c0_g1_i1.p1           25.81%    passed     99.30%
  36  DE476|Cluster-24279.0__TRINITY_DN11590_c0_g1_i1.p1           0.29%    passed    100.00%
  37  DE509|Cluster-12655.0__TRINITY_DN54477_c0_g1_i1.p1           0.29%    passed    100.00%
  38  DE504|Cluster-35673.0__TRINITY_DN11346_c0_g1_i1.p1           0.29%    passed    100.00%
  39  DE531|Cluster-26057.0__TRINITY_DN9516_c0_g1_i3.p1            0.29%    passed    100.00%
  40  DE696-dots|Cluster-25128.0__TRINITY_DN17328_c2_g1_i1.p1      0.29%    passed    100.00%
  41  DE696-nodots|Cluster-35818.0__TRINITY_DN13111_c0_g1_i1.p1    0.29%    passed    100.00%
  42  DE764|Cluster-17368.0__TRINITY_DN19351_c0_g1_i1.p1           0.29%    passed    100.00%
  43  DE549|Cluster-16863.0__TRINITY_DN8621_c0_g3_i2.p1            0.29%    passed    100.00%
  44  DE550|Cluster-32662.0__TRINITY_DN72004_c0_g1_i2.p1           0.29%    passed    100.00%
  45  DE643|Cluster-53844.0__TRINITY_DN9274_c0_g1_i2.p1            0.59%    passed    100.00%
  46  DE671|Cluster-37267.0__TRINITY_DN17225_c0_g1_i2.p1          26.10%    passed     99.82%
  47  JJ125|Cluster-6030.0__TRINITY_DN9260_c0_g1_i3.p1             0.29%    passed    100.00%
  48  SRR3407095|Cluster-42148.0__TRINITY_DN5581_c0_g1_i1.p1       0.29%    passed    100.00%
  49  DE69|Cluster-40587.5__TRINITY_DN6330_c0_g1_i4.p1            25.81%    passed     99.98%
  50  DE503|Cluster-45584.0__TRINITY_DN7958_c0_g1_i4.p1           25.51%    passed     99.99%
  51  DE505|Cluster-18464.0__TRINITY_DN8789_c0_g1_i3.p1           25.51%    passed     99.99%
  52  SRR3407087|Cluster-3052.0__TRINITY_DN10953_c0_g1_i1.p1       0.00%    passed    100.00%
  53  SRR3407092|Cluster-17950.0__TRINITY_DN8642_c1_g1_i3.p1       0.00%    passed    100.00%
  54  SRR3407094|Cluster-23311.0__TRINITY_DN6364_c0_g1_i2.p1       2.35%    passed    100.00%
  55  SRR3407093|Cluster-25353.0__TRINITY_DN11251_c0_g1_i1.p1      0.00%    passed    100.00%
  56  JJ85|Cluster-43069.0__TRINITY_DN8374_c0_g1_i1.p1             0.88%    passed    100.00%
  57  DE519|Cluster-66751.0__TRINITY_DN8290_c0_g1_i1.p1            0.29%    passed    100.00%
  58  DE741|Cluster-29580.0__TRINITY_DN5306_c1_g1_i1.p1            0.29%    passed    100.00%
  59  DRR082660|Cluster-9037.0__TRINITY_DN34621_c0_g1_i1.p1        0.29%    passed    100.00%
  60  DE181|Cluster-21107.0__TRINITY_DN380_c3_g1_i4.p1            15.84%    passed    100.00%
  61  SRR3407086|Cluster-37682.0__TRINITY_DN16137_c0_g1_i1.p1      0.00%    passed    100.00%
  62  SRR3424066|Cluster-37521.0__TRINITY_DN9339_c0_g1_i2.p1      14.96%    passed    100.00%
  63  DE561|Cluster-41092.0__TRINITY_DN8117_c0_g1_i1.p1           14.96%    passed    100.00%
  64  SRR3407088|Cluster-9578.0__TRINITY_DN19554_c0_g1_i2.p1       0.00%    passed    100.00%
  65  DE566|Cluster-49732.3__TRINITY_DN3900_c0_g1_i13.p1           0.29%    passed    100.00%
  66  DE563|Cluster-37107.1__TRINITY_DN7609_c0_g1_i1.p1           29.33%    passed    100.00%
  67  SRR5150740|Cluster-6736.0__TRINITY_DN10755_c0_g1_i1.p1       1.47%    passed     99.93%
****  TOTAL                                                        7.03%  0 sequences failed composition chi2 test (p-value<5%; df=60)
Reading input tree file tmp.csubst.nwk ... rooted tree

NOTE: 48 MB RAM (0 GB) is required!
Measuring multi-threading efficiency up to 1 CPU cores
2 trees examined
Threads: 1 / Time: 2.470 sec / Speedup: 1.000 / Efficiency: 100% / LogL: -10519
BEST NUMBER OF THREADS: 1

Estimate model parameters (epsilon = 0.010)
1. Initial log-likelihood: -9939.819
2. Current log-likelihood: -6061.902
3. Current log-likelihood: -6061.890
Optimal log-likelihood: -6061.881
Nonsynonymous/synonymous ratio (omega): 1.000
Transition/transversion ratio (kappa): 1.000
Site proportion and rates:  (0.509,0.411) (0.321,1.074) (0.146,2.246) (0.023,4.993)
Parameters optimization took 3 rounds (28.707 sec)
Wrote distance file to... 
BEST SCORE FOUND : -6061.881
Ancestral state probabilities printed to /mnt/data0/yue/2026-03-11-protein-convergence/results/OG_8563/csubst_w_s/csubst_input_alignment.fa.state
Empirical proportions for each category: 0.613 0.252 0.123 0.012
Site rates printed to /mnt/data0/yue/2026-03-11-protein-convergence/results/OG_8563/csubst_w_s/csubst_input_alignment.fa.rate
Total tree length: 2.312

Total number of iterations: 0
CPU time used for tree search: 0.000 sec (0h:0m:0s)
Wall-clock time used for tree search: 0.000 sec (0h:0m:0s)
Total CPU time used: 32.962 sec (0h:0m:32s)
Total wall-clock time used: 33.040 sec (0h:0m:33s)

Analysis results written to: 
  IQ-TREE report:                /mnt/data0/yue/2026-03-11-protein-convergence/results/OG_8563/csubst_w_s/csubst_input_alignment.fa.iqtree
  Maximum-likelihood tree:       /mnt/data0/yue/2026-03-11-protein-convergence/results/OG_8563/csubst_w_s/csubst_input_alignment.fa.treefile
  Site-specific rates:           /mnt/data0/yue/2026-03-11-protein-convergence/results/OG_8563/csubst_w_s/csubst_input_alignment.fa.rate
  Ancestral state:               /mnt/data0/yue/2026-03-11-protein-convergence/results/OG_8563/csubst_w_s/csubst_input_alignment.fa.state
  Screen log file:               /mnt/data0/yue/2026-03-11-protein-convergence/results/OG_8563/csubst_w_s/csubst_input_alignment.fa.log

Date and Time: Sat Mar 28 03:53:35 2026
