IQ-TREE multicore version 2.4.0 for Linux x86 64-bit built Feb 12 2025
Developed by Bui Quang Minh, Nguyen Lam Tung, Olga Chernomor, Heiko Schmidt,
Dominik Schrempf, Michael Woodhams, Ly Trong Nhan, Thomas Wong

Host:    brain (AVX2, FMA3, 2015 GB RAM)
Command: /home/yue/miniconda3/envs/py39/bin/iqtree -s /mnt/data0/yue/2026-03-11-protein-convergence/results/OG_6190/csubst_w_s/csubst_input_alignment.fa -te tmp.csubst.nwk -m ECMK07+F+R4 --seqtype CODON1 --threads-max 1 -T AUTO --ancestral --rate --redo
Seed:    942738 (Using SPRNG - Scalable Parallel Random Number Generator)
Time:    Fri Mar 27 20:42:02 2026
Kernel:  AVX+FMA - auto-detect threads (128 CPU cores detected)

Reading alignment file /mnt/data0/yue/2026-03-11-protein-convergence/results/OG_6190/csubst_w_s/csubst_input_alignment.fa ... Fasta format detected
Reading fasta file: done in 0.00288555 secs using 40.89% CPU
Alignment most likely contains DNA/RNA sequences
Converting to codon sequences with genetic code 1 ...
WARNING: 1 sites contain only gaps or ambiguous characters.
Alignment has 72 sequences with 347 columns, 336 distinct patterns
189 parsimony-informative, 76 singleton sites, 82 constant sites
                                                               Gap/Ambiguity  Composition  p-value
Analyzing sequences: done in 0.000171646 secs using 99.04% CPU
   1  DE536|Cluster-40406.0__TRINITY_DN1564_c0_g2_i2.p1               10.95%    passed    100.00%
   2  JJ85|Cluster-4067.0__TRINITY_DN21999_c0_g3_i1.p1                10.95%    passed    100.00%
   3  DE546_urceolata_l|Cluster-34071.0__TRINITY_DN8781_c0_g1_i3.p1   10.95%    passed    100.00%
   4  DE566|Cluster-48220.1__TRINITY_DN6813_c0_g1_i3.p1                0.29%    passed    100.00%
   5  DRR082660|Cluster-27282.1__TRINITY_DN298_c0_g2_i4.p1             0.29%    passed    100.00%
   6  DE88|Cluster-14474.0__TRINITY_DN8624_c0_g2_i1.p1                 0.29%    passed    100.00%
   7  SRR104381|Cluster-23171.1__TRINITY_DN3564_c0_g1_i1.p1           37.46%    passed      7.16%
   8  DE519|Cluster-60068.0__TRINITY_DN24302_c0_g1_i3.p1              14.99%    passed    100.00%
   9  DE741|Cluster-13548.1__TRINITY_DN7791_c0_g1_i1.p1                0.29%    passed    100.00%
  10  DE229|Cluster-99188.0__TRINITY_DN3738_c0_g2_i1.p1               14.99%    passed    100.00%
  11  JJ74|Cluster-117792.0__TRINITY_DN2215_c0_g2_i2.p1                0.29%    passed    100.00%
  12  JJ131|Cluster-39460.1__TRINITY_DN705_c0_g1_i6.p1                 0.29%    passed    100.00%
  13  SRR3407095|Cluster-27732.1__TRINITY_DN7247_c0_g1_i4.p1           4.03%    passed     99.91%
  14  DE69|Cluster-45961.0__TRINITY_DN1255_c0_g1_i15.p1                0.29%    passed    100.00%
  15  DE216|Cluster-53956.1__TRINITY_DN10570_c0_g1_i3.p1               0.29%    passed    100.00%
  16  JJ15|Cluster-71764.1__TRINITY_DN3537_c0_g1_i5.p1                 0.29%    passed    100.00%
  17  DE534|Cluster-24811.0__TRINITY_DN176_c0_g1_i28.p1               52.45%    passed    100.00%
  18  DE542|Cluster-16865.0__TRINITY_DN7320_c0_g1_i5.p1               19.31%    passed    100.00%
  19  DE115|Cluster-43937.1__TRINITY_DN12508_c0_g3_i2.p1               0.29%    passed    100.00%
  20  DE127|Cluster-30472.0__TRINITY_DN2832_c0_g1_i2.p1                0.29%    passed    100.00%
  21  DE554|Cluster-12880.0__TRINITY_DN5472_c0_g1_i3.p1                0.29%    passed    100.00%
  22  JJ86|Cluster-27060.0__TRINITY_DN395_c3_g1_i1.p1                  0.29%    passed    100.00%
  23  DE575|Cluster-28649.0__TRINITY_DN974_c0_g1_i6.p1                 0.29%    passed    100.00%
  24  DE765|Cluster-54454.0__TRINITY_DN2189_c0_g1_i1.p1               12.39%    passed    100.00%
  25  DE681|Cluster-47021.2__TRINITY_DN1784_c0_g1_i9.p1                0.29%    passed    100.00%
  26  DE162|Cluster-13194.0__TRINITY_DN71131_c0_g1_i1.p1               0.29%    passed    100.00%
  27  DE528|Cluster-36762.0__TRINITY_DN2605_c0_g1_i3.p1                0.29%    passed    100.00%
  28  DE507|Cluster-24825.0__TRINITY_DN3907_c0_g1_i1.p1                0.29%    passed    100.00%
  29  DE704-white|Cluster-66150.0__TRINITY_DN6765_c0_g1_i2.p1          0.29%    passed    100.00%
  30  DE623|Cluster-47852.0__TRINITY_DN3796_c1_g1_i4.p1               47.26%    passed    100.00%
  31  DE126|Cluster-47315.0__TRINITY_DN4052_c1_g1_i1.p1                0.29%    passed    100.00%
  32  DE668|Cluster-5885.4__TRINITY_DN1786_c0_g1_i12.p1                0.29%    passed    100.00%
  33  JJ99|Cluster-52022.3__TRINITY_DN2370_c0_g1_i19.p1                0.29%    passed    100.00%
  34  DE563|Cluster-53095.0__TRINITY_DN3746_c0_g1_i7.p1               14.99%    passed    100.00%
  35  DRR234970|Cluster-20002.0__TRINITY_DN6421_c0_g3_i1.p1            0.29%    failed      0.00%
  36  DE541|Cluster-37803.2__TRINITY_DN756_c0_g1_i14.p1               14.99%    passed    100.00%
  37  DE152|Cluster-4376.0__TRINITY_DN8508_c1_g2_i3.p1                 0.29%    passed    100.00%
  38  JJ23|Cluster-34185.3__TRINITY_DN2369_c0_g1_i4.p1                46.97%    passed     99.73%
  39  DE523|Cluster-51132.0__TRINITY_DN903_c3_g1_i2.p1                 0.29%    passed    100.00%
  40  SRR3407096|Cluster-30438.0__TRINITY_DN12015_c2_g1_i1.p1          0.29%    passed    100.00%
  41  JJ125|Cluster-40842.0__TRINITY_DN7089_c0_g1_i2.p1                0.29%    passed    100.00%
  42  DE164|Cluster-60042.6__TRINITY_DN407_c0_g1_i2.p1                 0.58%    passed    100.00%
  43  DE173|Cluster-3055.0__TRINITY_DN32_c0_g3_i1.p1                   0.29%    passed    100.00%
  44  JJ109|Cluster-35401.0__TRINITY_DN5222_c0_g1_i10.p1               0.29%    passed    100.00%
  45  DE189|Cluster-3718.0__TRINITY_DN6318_c0_g1_i1.p1                46.97%    passed    100.00%
  46  DE550|Cluster-43489.0__TRINITY_DN4366_c0_g1_i1.p1               46.97%    passed     99.99%
  47  DE736|Cluster-43929.0__TRINITY_DN11103_c1_g1_i5.p1              46.97%    passed     99.89%
  48  DE476|Cluster-30377.4__TRINITY_DN9896_c0_g1_i20.p1              25.07%    passed    100.00%
  49  DE764|Cluster-26419.0__TRINITY_DN15388_c1_g1_i1.p1               0.29%    passed    100.00%
  50  DE549|Cluster-18719.0__TRINITY_DN4029_c0_g1_i1.p1                0.29%    passed    100.00%
  51  DE504|Cluster-47892.0__TRINITY_DN2270_c0_g1_i1.p1                0.29%    passed    100.00%
  52  DE531|Cluster-507.0__TRINITY_DN5573_c0_g2_i1.p1                  0.29%    passed    100.00%
  53  DE696-nodots|Cluster-40054.0__TRINITY_DN4472_c0_g2_i3.p1        12.39%    passed    100.00%
  54  JJ36|Cluster-36248.0__TRINITY_DN3931_c0_g1_i2.p1                 0.29%    passed    100.00%
  55  DE696-dots|Cluster-33939.0__TRINITY_DN4964_c0_g1_i11.p1         12.39%    passed    100.00%
  56  JJ89|Cluster-22212.0__TRINITY_DN11242_c0_g1_i2.p1                0.29%    passed    100.00%
  57  DE643|Cluster-46676.2__TRINITY_DN7889_c0_g2_i1.p1                0.29%    passed    100.00%
  58  SRR3407086|Cluster-7069.0__TRINITY_DN2128_c0_g2_i1.p1            0.29%    passed    100.00%
  59  SRR3407088|Cluster-12810.0__TRINITY_DN53422_c0_g1_i1.p1          0.29%    passed    100.00%
  60  SRR3424066|Cluster-29002.0__TRINITY_DN3791_c0_g1_i1.p1           0.29%    passed    100.00%
  61  DE561|Cluster-11497.0__TRINITY_DN2888_c0_g2_i1.p1                0.29%    passed    100.00%
  62  DE503|Cluster-7753.0__TRINITY_DN2301_c0_g1_i1.p1                 0.29%    passed    100.00%
  63  SRR3407092|Cluster-4100.0__TRINITY_DN2991_c0_g2_i1.p1            0.29%    passed    100.00%
  64  SRR3407093|Cluster-1763.0__TRINITY_DN5665_c0_g3_i1.p1            0.29%    passed    100.00%
  65  SRR3407094|Cluster-4894.0__TRINITY_DN11594_c0_g2_i1.p1           0.29%    passed    100.00%
  66  DE181|Cluster-57027.0__TRINITY_DN3360_c0_g2_i2.p1               35.45%    passed    100.00%
  67  DE505|Cluster-24464.0__TRINITY_DN3796_c0_g2_i2.p1               23.05%    passed    100.00%
  68  DE560|Cluster-24420.0__TRINITY_DN13922_c0_g2_i5.p1              44.38%    passed    100.00%
  69  JJ130|Cluster-30997.0__TRINITY_DN9383_c1_g1_i13.p1              10.09%    passed     72.09%
  70  DE737|Cluster-15326.0__TRINITY_DN2538_c0_g1_i2.p1               46.97%    passed    100.00%
  71  DE151|Cluster-62150.0__TRINITY_DN3033_c0_g1_i7.p1               33.72%    passed    100.00%
  72  DE672|Cluster-39620.4__TRINITY_DN6339_c0_g1_i35.p1              65.71%    failed      4.25%
WARNING: 2 sequences contain more than 50% gaps/ambiguity
****  TOTAL                                                           10.78%  2 sequences failed composition chi2 test (p-value<5%; df=60)
WARNING: States(s) CGA, CGG rarely appear in alignment and may cause numerical problems
Reading input tree file tmp.csubst.nwk ... rooted tree

NOTE: 53 MB RAM (0 GB) is required!
Measuring multi-threading efficiency up to 1 CPU cores
2 trees examined
Threads: 1 / Time: 3.043 sec / Speedup: 1.000 / Efficiency: 100% / LogL: -11483
BEST NUMBER OF THREADS: 1

Estimate model parameters (epsilon = 0.010)
1. Initial log-likelihood: -10807.407
2. Current log-likelihood: -7659.965
3. Current log-likelihood: -7650.016
4. Current log-likelihood: -7649.825
5. Current log-likelihood: -7649.769
6. Current log-likelihood: -7649.749
Optimal log-likelihood: -7649.741
Nonsynonymous/synonymous ratio (omega): 1.000
Transition/transversion ratio (kappa): 1.000
Site proportion and rates:  (0.544,0.407) (0.335,1.172) (0.103,2.969) (0.018,4.428)
Parameters optimization took 6 rounds (53.572 sec)
Wrote distance file to... 
BEST SCORE FOUND : -7649.741
Ancestral state probabilities printed to /mnt/data0/yue/2026-03-11-protein-convergence/results/OG_6190/csubst_w_s/csubst_input_alignment.fa.state
Empirical proportions for each category: 0.573 0.317 0.104 0.006
Site rates printed to /mnt/data0/yue/2026-03-11-protein-convergence/results/OG_6190/csubst_w_s/csubst_input_alignment.fa.rate
Total tree length: 4.181

Total number of iterations: 0
CPU time used for tree search: 0.000 sec (0h:0m:0s)
Wall-clock time used for tree search: 0.000 sec (0h:0m:0s)
Total CPU time used: 58.121 sec (0h:0m:58s)
Total wall-clock time used: 58.286 sec (0h:0m:58s)

Analysis results written to: 
  IQ-TREE report:                /mnt/data0/yue/2026-03-11-protein-convergence/results/OG_6190/csubst_w_s/csubst_input_alignment.fa.iqtree
  Maximum-likelihood tree:       /mnt/data0/yue/2026-03-11-protein-convergence/results/OG_6190/csubst_w_s/csubst_input_alignment.fa.treefile
  Site-specific rates:           /mnt/data0/yue/2026-03-11-protein-convergence/results/OG_6190/csubst_w_s/csubst_input_alignment.fa.rate
  Ancestral state:               /mnt/data0/yue/2026-03-11-protein-convergence/results/OG_6190/csubst_w_s/csubst_input_alignment.fa.state
  Screen log file:               /mnt/data0/yue/2026-03-11-protein-convergence/results/OG_6190/csubst_w_s/csubst_input_alignment.fa.log

Date and Time: Fri Mar 27 20:43:01 2026
