IQ-TREE multicore version 2.4.0 for Linux x86 64-bit built Feb 12 2025
Developed by Bui Quang Minh, Nguyen Lam Tung, Olga Chernomor, Heiko Schmidt,
Dominik Schrempf, Michael Woodhams, Ly Trong Nhan, Thomas Wong

Host:    brain (AVX2, FMA3, 2015 GB RAM)
Command: /home/yue/miniconda3/envs/py39/bin/iqtree -s /mnt/data0/yue/2026-03-11-protein-convergence/results/OG_10660/csubst_w_s/csubst_input_alignment.fa -te tmp.csubst.nwk -m ECMK07+F+R4 --seqtype CODON1 --threads-max 1 -T AUTO --ancestral --rate --redo
Seed:    436294 (Using SPRNG - Scalable Parallel Random Number Generator)
Time:    Thu Mar 26 21:13:36 2026
Kernel:  AVX+FMA - auto-detect threads (128 CPU cores detected)

Reading alignment file /mnt/data0/yue/2026-03-11-protein-convergence/results/OG_10660/csubst_w_s/csubst_input_alignment.fa ... Fasta format detected
Reading fasta file: done in 0.000881776 secs
Alignment most likely contains DNA/RNA sequences
Converting to codon sequences with genetic code 1 ...
WARNING: 1 sites contain only gaps or ambiguous characters.
Alignment has 62 sequences with 268 columns, 260 distinct patterns
148 parsimony-informative, 78 singleton sites, 42 constant sites
                                                           Gap/Ambiguity  Composition  p-value
Analyzing sequences: done in 4.36902e-05 secs using 98.42% CPU
   1  DE509|Cluster-44436.0__TRINITY_DN3434_c1_g1_i4.p1            0.37%    passed    100.00%
   2  JJ89|Cluster-7232.0__TRINITY_DN11668_c2_g1_i1.p1             0.37%    passed    100.00%
   3  DE115|Cluster-66025.0__TRINITY_DN3716_c0_g4_i1.p1            0.37%    passed    100.00%
   4  DE127|Cluster-20413.0__TRINITY_DN12417_c0_g1_i1.p1           0.37%    passed    100.00%
   5  DE554|Cluster-61239.0__TRINITY_DN20144_c0_g1_i1.p1           0.37%    passed    100.00%
   6  DE152|Cluster-62827.0__TRINITY_DN18643_c0_g2_i2.p1           0.37%    passed     99.99%
   7  JJ74|Cluster-96068.0__TRINITY_DN2899_c1_g1_i2.p1             0.37%    passed    100.00%
   8  DE623|Cluster-12109.0__TRINITY_DN23100_c0_g2_i1.p1           0.37%    passed    100.00%
   9  DE680|Cluster-44409.0__TRINITY_DN10008_c0_g1_i1.p1           0.37%    passed    100.00%
  10  DE162|Cluster-32981.1__TRINITY_DN22426_c0_g1_i3.p1           0.37%    passed    100.00%
  11  DE507|Cluster-19539.0__TRINITY_DN13094_c1_g1_i1.p1           0.37%    passed    100.00%
  12  DE528|Cluster-7410.0__TRINITY_DN23396_c0_g1_i1.p1            0.37%    passed    100.00%
  13  DE704-white|Cluster-20233.0__TRINITY_DN13789_c0_g1_i1.p1     0.37%    passed    100.00%
  14  JJ85|Cluster-42799.0__TRINITY_DN9199_c2_g1_i2.p1             0.37%    passed    100.00%
  15  DE666|Cluster-19022.1__TRINITY_DN19622_c0_g2_i4.p1           0.37%    passed    100.00%
  16  JJ23|Cluster-12729.0__TRINITY_DN8318_c0_g2_i1.p1             0.37%    passed    100.00%
  17  JJ99|Cluster-39124.0__TRINITY_DN5654_c0_g3_i1.p1             0.37%    passed    100.00%
  18  JJ131|Cluster-65108.0__TRINITY_DN10193_c0_g1_i21.p1          0.37%    passed    100.00%
  19  DE536|Cluster-34722.0__TRINITY_DN22716_c0_g1_i1.p1           0.37%    passed    100.00%
  20  DE216|Cluster-63471.0__TRINITY_DN43299_c0_g1_i1.p1           0.37%    passed    100.00%
  21  JJ15|Cluster-66356.0__TRINITY_DN4547_c0_g3_i1.p1             0.37%    passed    100.00%
  22  SRR3407094|Cluster-20754.0__TRINITY_DN5446_c0_g2_i1.p1       0.37%    passed    100.00%
  23  SRR3407093|Cluster-29048.0__TRINITY_DN15206_c0_g1_i2.p1      0.37%    passed    100.00%
  24  SRR3407087|Cluster-10997.0__TRINITY_DN13885_c1_g1_i1.p1      0.37%    passed    100.00%
  25  SRR3407088|Cluster-12336.0__TRINITY_DN11099_c0_g2_i1.p1      0.37%    passed    100.00%
  26  DE519|Cluster-24286.0__TRINITY_DN3516_c1_g2_i1.p1            0.37%    passed    100.00%
  27  DE741|Cluster-42796.0__TRINITY_DN1965_c0_g2_i1.p1            0.37%    passed    100.00%
  28  DE560|Cluster-22141.3__TRINITY_DN14556_c1_g1_i1.p1           0.37%    passed    100.00%
  29  JJ125|Cluster-15311.0__TRINITY_DN6730_c0_g1_i2.p1            0.37%    passed    100.00%
  30  DRR082660|Cluster-37235.0__TRINITY_DN10683_c0_g1_i1.p1       0.37%    passed    100.00%
  31  DE575|Cluster-32644.0__TRINITY_DN2467_c0_g1_i4.p1            0.37%    passed    100.00%
  32  DE765|Cluster-33376.0__TRINITY_DN11839_c0_g1_i7.p1           0.37%    passed    100.00%
  33  DE681|Cluster-35057.0__TRINITY_DN9218_c0_g1_i1.p1            0.37%    passed    100.00%
  34  DE566|Cluster-12081.2__TRINITY_DN10663_c0_g1_i2.p1           0.37%    passed    100.00%
  35  DE126|Cluster-27574.0__TRINITY_DN6306_c0_g1_i5.p1            0.37%    failed      0.69%
  36  DE534|Cluster-12940.0__TRINITY_DN14448_c0_g2_i1.p1           0.37%    passed    100.00%
  37  DE542|Cluster-6773.3__TRINITY_DN2646_c1_g1_i3.p1             0.37%    passed    100.00%
  38  DE151|Cluster-41731.0__TRINITY_DN823_c0_g2_i1.p1             0.37%    passed    100.00%
  39  DE189|Cluster-12847.0__TRINITY_DN5864_c0_g1_i1.p1            0.37%    passed    100.00%
  40  JJ109|Cluster-35740.0__TRINITY_DN4994_c0_g1_i2.p1            0.37%    passed    100.00%
  41  DE88|Cluster-40749.0__TRINITY_DN7632_c1_g1_i1.p1             0.37%    passed    100.00%
  42  DE164|Cluster-34277.0__TRINITY_DN1454_c1_g1_i1.p1            0.37%    passed    100.00%
  43  DE764|Cluster-17354.0__TRINITY_DN5873_c0_g3_i1.p1            0.37%    passed    100.00%
  44  JJ130|Cluster-22442.0__TRINITY_DN2703_c0_g2_i1.p1            4.85%    passed    100.00%
  45  DE504|Cluster-36996.0__TRINITY_DN11296_c0_g1_i1.p1           0.37%    passed    100.00%
  46  DE737|Cluster-47096.0__TRINITY_DN3572_c0_g1_i1.p1            0.37%    passed    100.00%
  47  DE550|Cluster-49808.0__TRINITY_DN1178_c1_g1_i1.p1            0.37%    passed    100.00%
  48  DE643|Cluster-34696.0__TRINITY_DN6306_c0_g2_i1.p1            0.37%    passed    100.00%
  49  DE671|Cluster-49820.0__TRINITY_DN5374_c0_g1_i2.p1            0.37%    passed    100.00%
  50  DE549|Cluster-37445.0__TRINITY_DN8638_c0_g1_i1.p1            0.37%    passed     99.94%
  51  DE736|Cluster-41945.0__TRINITY_DN5930_c0_g4_i1.p1            0.37%    passed    100.00%
  52  DE476|Cluster-11273.0__TRINITY_DN11703_c2_g1_i1.p1           0.37%    passed    100.00%
  53  DE531|Cluster-39866.1__TRINITY_DN8656_c1_g2_i2.p1            0.37%    passed    100.00%
  54  DE696-dots|Cluster-11288.0__TRINITY_DN10244_c0_g1_i1.p1      0.37%    passed    100.00%
  55  DE696-nodots|Cluster-30923.0__TRINITY_DN10280_c2_g1_i2.p1    0.37%    passed    100.00%
  56  JJ36|Cluster-22985.0__TRINITY_DN14865_c0_g2_i1.p1            0.37%    passed    100.00%
  57  SRR3407096|Cluster-19163.0__TRINITY_DN1450_c1_g1_i1.p1       0.37%    passed    100.00%
  58  DE505|Cluster-9481.1__TRINITY_DN34899_c0_g1_i5.p1           27.24%    passed     99.15%
  59  DRR234970|Cluster-19499.0__TRINITY_DN8537_c0_g1_i4.p1        0.37%    passed     99.99%
  60  SRR5150740|Cluster-44188.0__TRINITY_DN4594_c0_g2_i1.p1       0.37%    passed    100.00%
  61  SRR11748982|Cluster-44911.0__TRINITY_DN9494_c0_g1_i1.p1     14.18%    passed      8.93%
  62  DE563|Cluster-45915.0__TRINITY_DN3865_c2_g1_i4.p1           39.18%    passed     27.87%
****  TOTAL                                                        1.73%  1 sequences failed composition chi2 test (p-value<5%; df=60)
WARNING: States(s) CGA rarely appear in alignment and may cause numerical problems
Reading input tree file tmp.csubst.nwk ... rooted tree

NOTE: 37 MB RAM (0 GB) is required!
Measuring multi-threading efficiency up to 1 CPU cores
2 trees examined
Threads: 1 / Time: 1.976 sec / Speedup: 1.000 / Efficiency: 100% / LogL: -8397
BEST NUMBER OF THREADS: 1

Estimate model parameters (epsilon = 0.010)
1. Initial log-likelihood: -8012.695
2. Current log-likelihood: -5781.336
3. Current log-likelihood: -5781.216
4. Current log-likelihood: -5781.183
5. Current log-likelihood: -5781.167
6. Current log-likelihood: -5781.156
Optimal log-likelihood: -5781.149
Nonsynonymous/synonymous ratio (omega): 1.000
Transition/transversion ratio (kappa): 1.000
Site proportion and rates:  (0.630,0.495) (0.228,1.153) (0.132,2.872) (0.010,4.588)
Parameters optimization took 6 rounds (36.023 sec)
Wrote distance file to... 
BEST SCORE FOUND : -5781.149
Ancestral state probabilities printed to /mnt/data0/yue/2026-03-11-protein-convergence/results/OG_10660/csubst_w_s/csubst_input_alignment.fa.state
Empirical proportions for each category: 0.731 0.131 0.134 0.004
Site rates printed to /mnt/data0/yue/2026-03-11-protein-convergence/results/OG_10660/csubst_w_s/csubst_input_alignment.fa.rate
Total tree length: 3.876

Total number of iterations: 0
CPU time used for tree search: 0.000 sec (0h:0m:0s)
Wall-clock time used for tree search: 0.000 sec (0h:0m:0s)
Total CPU time used: 39.098 sec (0h:0m:39s)
Total wall-clock time used: 39.194 sec (0h:0m:39s)

Analysis results written to: 
  IQ-TREE report:                /mnt/data0/yue/2026-03-11-protein-convergence/results/OG_10660/csubst_w_s/csubst_input_alignment.fa.iqtree
  Maximum-likelihood tree:       /mnt/data0/yue/2026-03-11-protein-convergence/results/OG_10660/csubst_w_s/csubst_input_alignment.fa.treefile
  Site-specific rates:           /mnt/data0/yue/2026-03-11-protein-convergence/results/OG_10660/csubst_w_s/csubst_input_alignment.fa.rate
  Ancestral state:               /mnt/data0/yue/2026-03-11-protein-convergence/results/OG_10660/csubst_w_s/csubst_input_alignment.fa.state
  Screen log file:               /mnt/data0/yue/2026-03-11-protein-convergence/results/OG_10660/csubst_w_s/csubst_input_alignment.fa.log

Date and Time: Thu Mar 26 21:14:15 2026
