IQ-TREE multicore version 2.4.0 for Linux x86 64-bit built Feb 12 2025
Developed by Bui Quang Minh, Nguyen Lam Tung, Olga Chernomor, Heiko Schmidt,
Dominik Schrempf, Michael Woodhams, Ly Trong Nhan, Thomas Wong

Host:    brain (AVX2, FMA3, 2015 GB RAM)
Command: /home/yue/miniconda3/envs/py39/bin/iqtree -s /mnt/data0/yue/2026-03-11-protein-convergence/results/OG_8297/csubst_w_s/csubst_input_alignment.fa -te tmp.csubst.nwk -m ECMK07+F+R4 --seqtype CODON1 --threads-max 1 -T AUTO --ancestral --rate --redo
Seed:    562587 (Using SPRNG - Scalable Parallel Random Number Generator)
Time:    Sat Mar 28 03:08:16 2026
Kernel:  AVX+FMA - auto-detect threads (128 CPU cores detected)

Reading alignment file /mnt/data0/yue/2026-03-11-protein-convergence/results/OG_8297/csubst_w_s/csubst_input_alignment.fa ... Fasta format detected
Reading fasta file: done in 0.00189395 secs using 60.77% CPU
Alignment most likely contains DNA/RNA sequences
Converting to codon sequences with genetic code 1 ...
Alignment has 73 sequences with 292 columns, 283 distinct patterns
132 parsimony-informative, 87 singleton sites, 73 constant sites
                                                                Gap/Ambiguity  Composition  p-value
Analyzing sequences: done in 8.77231e-05 secs using 98.04% CPU
   1  JJ89|Cluster-38695.0__TRINITY_DN30633_c0_g1_i7.p1                12.33%    passed    100.00%
   2  DE668|Cluster-28096.0__TRINITY_DN19660_c0_g1_i5.p1                0.34%    passed    100.00%
   3  DE151|Cluster-43299.0__TRINITY_DN12156_c0_g1_i2.p1               12.33%    passed    100.00%
   4  DE764|Cluster-38173.0__TRINITY_DN9541_c0_g1_i1.p1                12.33%    passed    100.00%
   5  JJ85|Cluster-41700.0__TRINITY_DN5388_c0_g1_i2.p1                 29.79%    passed    100.00%
   6  DE115|Cluster-62112.0__TRINITY_DN9528_c0_g1_i2.p1                 0.34%    passed    100.00%
   7  DE623|Cluster-56732.1__TRINITY_DN7511_c0_g1_i1.p1                62.67%    passed     99.27%
   8  DE546_urceolata_l|Cluster-30090.0__TRINITY_DN17133_c0_g1_i2.p1    0.34%    passed    100.00%
   9  JJ86|Cluster-47673.0__TRINITY_DN2402_c0_g1_i9.p1                 29.79%    passed    100.00%
  10  DE127|Cluster-14267.0__TRINITY_DN4868_c0_g1_i4.p1                 0.34%    passed    100.00%
  11  DE162|Cluster-38615.0__TRINITY_DN14399_c0_g2_i4.p1               29.79%    passed     99.96%
  12  DE681|Cluster-25565.0__TRINITY_DN3327_c4_g1_i2.p1                29.79%    passed     99.99%
  13  DE666|Cluster-1794.0__TRINITY_DN14259_c1_g3_i1.p1                 0.34%    passed    100.00%
  14  DE554|Cluster-56471.0__TRINITY_DN9672_c0_g1_i5.p1                 0.34%    passed    100.00%
  15  DE507|Cluster-38042.1__TRINITY_DN12532_c0_g2_i1.p1               29.79%    passed     99.86%
  16  DE704-purple|Cluster-25843.0__TRINITY_DN30744_c0_g1_i7.p1         0.34%    passed    100.00%
  17  DE704-white|Cluster-46503.0__TRINITY_DN6891_c0_g1_i6.p1           0.34%    passed    100.00%
  18  DE528|Cluster-52380.0__TRINITY_DN22381_c0_g1_i2.p1                0.34%    passed    100.00%
  19  DE575|Cluster-33373.0__TRINITY_DN45700_c0_g1_i1.p1               29.79%    passed     99.95%
  20  DE765|Cluster-54983.0__TRINITY_DN5104_c0_g1_i2.p1                 0.34%    passed    100.00%
  21  DE680|Cluster-50954.0__TRINITY_DN11247_c0_g1_i2.p1                0.34%    passed    100.00%
  22  DE563|Cluster-50338.0__TRINITY_DN34266_c1_g1_i1.p1                0.34%    passed    100.00%
  23  DE126|Cluster-40273.1__TRINITY_DN7292_c2_g1_i1.p1                 0.34%    passed    100.00%
  24  JJ36|Cluster-12309.0__TRINITY_DN12376_c0_g1_i1.p1                62.67%    passed     98.90%
  25  JJ125|Cluster-5170.0__TRINITY_DN8260_c0_g1_i1.p1                 29.79%    passed    100.00%
  26  DE504|Cluster-42558.0__TRINITY_DN5145_c1_g1_i6.p1                 0.34%    passed    100.00%
  27  DE509|Cluster-45310.0__TRINITY_DN5092_c0_g1_i4.p1                 0.68%    passed    100.00%
  28  DE531|Cluster-36914.0__TRINITY_DN4739_c0_g1_i2.p1                 0.34%    passed    100.00%
  29  DE550|Cluster-28150.0__TRINITY_DN4161_c0_g1_i2.p1                 0.34%    passed    100.00%
  30  DE541|Cluster-44979.0__TRINITY_DN1604_c1_g1_i7.p1                 0.34%    passed    100.00%
  31  DE88|Cluster-16867.2__TRINITY_DN5650_c0_g1_i3.p1                  0.34%    passed    100.00%
  32  DE643|Cluster-61128.0__TRINITY_DN12753_c0_g1_i6.p1                0.34%    passed    100.00%
  33  DE671|Cluster-36184.1__TRINITY_DN10403_c0_g1_i8.p1                0.68%    passed    100.00%
  34  DE672|Cluster-39433.11__TRINITY_DN6050_c0_g1_i24.p1               0.34%    passed    100.00%
  35  DE737|Cluster-57492.1__TRINITY_DN2825_c0_g1_i2.p1                 0.34%    passed    100.00%
  36  DE560|Cluster-25316.0__TRINITY_DN6935_c0_g1_i2.p1                 0.34%    passed    100.00%
  37  DE229|Cluster-101625.1__TRINITY_DN826_c0_g1_i4.p1                 0.34%    passed    100.00%
  38  JJ99|Cluster-54585.0__TRINITY_DN6756_c0_g1_i7.p1                 29.79%    passed    100.00%
  39  SRR3424066|Cluster-39245.0__TRINITY_DN7601_c0_g1_i1.p1            0.34%    passed    100.00%
  40  DE561|Cluster-20937.0__TRINITY_DN6774_c1_g1_i1.p1                 0.34%    passed    100.00%
  41  DE181|Cluster-19110.0__TRINITY_DN6173_c0_g1_i4.p1                 0.34%    passed    100.00%
  42  SRR3407086|Cluster-28366.0__TRINITY_DN6814_c0_g1_i2.p1            0.34%    passed    100.00%
  43  DE503|Cluster-35389.1__TRINITY_DN19062_c0_g1_i7.p1                0.00%    passed    100.00%
  44  SRR3407093|Cluster-37418.0__TRINITY_DN8594_c0_g1_i4.p1           29.79%    passed    100.00%
  45  SRR3407088|Cluster-7835.0__TRINITY_DN7354_c0_g2_i1.p1             0.34%    passed    100.00%
  46  DE69|Cluster-4312.0__TRINITY_DN12454_c0_g1_i5.p1                 29.79%    passed    100.00%
  47  DE523|Cluster-7752.0__TRINITY_DN22545_c0_g1_i1.p1                 0.34%    passed    100.00%
  48  SRR3407096|Cluster-3837.0__TRINITY_DN15353_c0_g1_i1.p1           29.79%    passed    100.00%
  49  DE505|Cluster-6120.0__TRINITY_DN24001_c0_g1_i2.p1                29.79%    passed    100.00%
  50  SRR3407092|Cluster-1111.0__TRINITY_DN5924_c0_g1_i1.p1             0.00%    passed    100.00%
  51  SRR3407094|Cluster-1800.0__TRINITY_DN4168_c0_g1_i1.p1             0.34%    passed    100.00%
  52  SRR3407095|Cluster-21019.1__TRINITY_DN9067_c0_g1_i4.p1           30.14%    passed    100.00%
  53  DE566|Cluster-19923.0__TRINITY_DN12798_c0_g1_i3.p1                0.34%    passed    100.00%
  54  DRR082660|Cluster-44738.0__TRINITY_DN11109_c0_g1_i1.p1            0.34%    passed    100.00%
  55  SRR5150740|Cluster-27507.6__TRINITY_DN16496_c0_g1_i4.p1          34.59%    passed    100.00%
  56  DE152|Cluster-63018.0__TRINITY_DN5861_c0_g1_i5.p1                29.79%    passed    100.00%
  57  JJ74|Cluster-22307.0__TRINITY_DN13769_c0_g1_i1.p1                 0.34%    passed    100.00%
  58  DE536|Cluster-42795.1__TRINITY_DN11646_c0_g1_i4.p1                0.34%    passed    100.00%
  59  DE216|Cluster-9520.0__TRINITY_DN97590_c0_g1_i1.p1                 0.34%    passed    100.00%
  60  DE534|Cluster-65723.0__TRINITY_DN5925_c0_g1_i2.p1                25.68%    passed    100.00%
  61  DE542|Cluster-51434.0__TRINITY_DN13421_c2_g1_i3.p1                0.68%    passed    100.00%
  62  JJ131|Cluster-39757.0__TRINITY_DN16407_c0_g1_i1.p1                4.11%    passed    100.00%
  63  DE173|Cluster-46270.0__TRINITY_DN5466_c0_g1_i1.p1                52.05%    passed     97.30%
  64  DE189|Cluster-33724.0__TRINITY_DN5225_c0_g1_i1.p1                 0.34%    passed    100.00%
  65  JJ130|Cluster-49950.0__TRINITY_DN15623_c0_g1_i1.p1                0.34%    passed    100.00%
  66  DE476|Cluster-34135.0__TRINITY_DN23468_c0_g1_i1.p1               52.05%    passed     97.01%
  67  DE549|Cluster-45406.0__TRINITY_DN7563_c2_g1_i12.p1               52.05%    passed     93.36%
  68  JJ109|Cluster-16479.0__TRINITY_DN39312_c0_g1_i2.p1               52.05%    passed     98.57%
  69  DE510|Cluster-40202.0__TRINITY_DN7763_c0_g1_i4.p1                46.58%    passed     94.83%
  70  SRR3407087|Cluster-35452.0__TRINITY_DN25992_c0_g1_i2.p1           0.34%    passed    100.00%
  71  DE164|Cluster-46659.0__TRINITY_DN95608_c0_g1_i1.p1               61.30%    passed     94.52%
  72  JJ23|Cluster-49024.0__TRINITY_DN7139_c0_g1_i5.p1                 52.05%    passed     99.83%
  73  JJ15|Cluster-51537.0__TRINITY_DN10617_c0_g1_i3.p1                56.51%    passed     67.63%
WARNING: 9 sequences contain more than 50% gaps/ambiguity
****  TOTAL                                                            14.85%  0 sequences failed composition chi2 test (p-value<5%; df=60)
Reading input tree file tmp.csubst.nwk ... rooted tree

NOTE: 47 MB RAM (0 GB) is required!
Measuring multi-threading efficiency up to 1 CPU cores
2 trees examined
Threads: 1 / Time: 2.925 sec / Speedup: 1.000 / Efficiency: 100% / LogL: -8548
BEST NUMBER OF THREADS: 1

Estimate model parameters (epsilon = 0.010)
1. Initial log-likelihood: -8523.592
2. Current log-likelihood: -5833.188
3. Current log-likelihood: -5832.478
4. Current log-likelihood: -5832.175
5. Current log-likelihood: -5832.024
6. Current log-likelihood: -5831.940
7. Current log-likelihood: -5831.883
8. Current log-likelihood: -5831.837
9. Current log-likelihood: -5831.799
10. Current log-likelihood: -5831.765
11. Current log-likelihood: -5831.736
12. Current log-likelihood: -5831.709
13. Current log-likelihood: -5831.687
14. Current log-likelihood: -5831.668
15. Current log-likelihood: -5831.653
16. Current log-likelihood: -5831.641
Optimal log-likelihood: -5831.631
Nonsynonymous/synonymous ratio (omega): 1.000
Transition/transversion ratio (kappa): 1.000
Site proportion and rates:  (0.682,0.383) (0.220,1.466) (0.072,2.974) (0.025,7.932)
Parameters optimization took 16 rounds (119.685 sec)
Wrote distance file to... 
BEST SCORE FOUND : -5831.631
Ancestral state probabilities printed to /mnt/data0/yue/2026-03-11-protein-convergence/results/OG_8297/csubst_w_s/csubst_input_alignment.fa.state
Empirical proportions for each category: 0.719 0.209 0.048 0.024
Site rates printed to /mnt/data0/yue/2026-03-11-protein-convergence/results/OG_8297/csubst_w_s/csubst_input_alignment.fa.rate
Total tree length: 3.570

Total number of iterations: 0
CPU time used for tree search: 0.000 sec (0h:0m:0s)
Wall-clock time used for tree search: 0.000 sec (0h:0m:0s)
Total CPU time used: 124.026 sec (0h:2m:4s)
Total wall-clock time used: 124.202 sec (0h:2m:4s)

Analysis results written to: 
  IQ-TREE report:                /mnt/data0/yue/2026-03-11-protein-convergence/results/OG_8297/csubst_w_s/csubst_input_alignment.fa.iqtree
  Maximum-likelihood tree:       /mnt/data0/yue/2026-03-11-protein-convergence/results/OG_8297/csubst_w_s/csubst_input_alignment.fa.treefile
  Site-specific rates:           /mnt/data0/yue/2026-03-11-protein-convergence/results/OG_8297/csubst_w_s/csubst_input_alignment.fa.rate
  Ancestral state:               /mnt/data0/yue/2026-03-11-protein-convergence/results/OG_8297/csubst_w_s/csubst_input_alignment.fa.state
  Screen log file:               /mnt/data0/yue/2026-03-11-protein-convergence/results/OG_8297/csubst_w_s/csubst_input_alignment.fa.log

Date and Time: Sat Mar 28 03:10:20 2026
