IQ-TREE multicore version 2.4.0 for Linux x86 64-bit built Feb 12 2025
Developed by Bui Quang Minh, Nguyen Lam Tung, Olga Chernomor, Heiko Schmidt,
Dominik Schrempf, Michael Woodhams, Ly Trong Nhan, Thomas Wong

Host:    brain (AVX2, FMA3, 2015 GB RAM)
Command: /home/yue/miniconda3/envs/py39/bin/iqtree -s /mnt/data0/yue/2026-03-11-protein-convergence/results/OG_6825/csubst_w_s/csubst_input_alignment.fa -te tmp.csubst.nwk -m ECMK07+F+R4 --seqtype CODON1 --threads-max 1 -T AUTO --ancestral --rate --redo
Seed:    415894 (Using SPRNG - Scalable Parallel Random Number Generator)
Time:    Fri Mar 27 22:51:31 2026
Kernel:  AVX+FMA - auto-detect threads (128 CPU cores detected)

Reading alignment file /mnt/data0/yue/2026-03-11-protein-convergence/results/OG_6825/csubst_w_s/csubst_input_alignment.fa ... Fasta format detected
Reading fasta file: done in 0.00303966 secs using 49.94% CPU
Alignment most likely contains DNA/RNA sequences
Converting to codon sequences with genetic code 1 ...
WARNING: 1 sites contain only gaps or ambiguous characters.
Alignment has 72 sequences with 380 columns, 348 distinct patterns
176 parsimony-informative, 106 singleton sites, 98 constant sites
                                                          Gap/Ambiguity  Composition  p-value
Analyzing sequences: done in 0.000137687 secs using 98.77% CPU
   1  JJ23|Cluster-37009.0__TRINITY_DN6127_c0_g1_i2.p1            0.53%    passed    100.00%
   2  DE549|Cluster-25810.0__TRINITY_DN9308_c0_g1_i1.p1           0.53%    passed    100.00%
   3  DE115|Cluster-40323.0__TRINITY_DN8165_c0_g1_i1.p1           0.26%    passed    100.00%
   4  JJ86|Cluster-39873.0__TRINITY_DN3880_c0_g1_i1.p1            0.26%    passed    100.00%
   5  DE575|Cluster-50698.0__TRINITY_DN12721_c0_g1_i2.p1         48.95%    passed     16.25%
   6  DE162|Cluster-4336.0__TRINITY_DN6127_c0_g1_i1.p1            0.26%    passed    100.00%
   7  DE528|Cluster-37196.0__TRINITY_DN9670_c0_g4_i1.p1           0.26%    passed    100.00%
   8  DE563|Cluster-32293.0__TRINITY_DN5815_c0_g2_i2.p1           0.26%    passed    100.00%
   9  DE704-purple|Cluster-42961.0__TRINITY_DN8934_c0_g1_i1.p1    0.26%    passed    100.00%
  10  DE704-white|Cluster-63883.0__TRINITY_DN6967_c0_g1_i1.p1     0.26%    passed    100.00%
  11  DE507|Cluster-27014.0__TRINITY_DN29212_c0_g1_i1.p1          0.26%    passed    100.00%
  12  DE623|Cluster-17641.0__TRINITY_DN4998_c0_g2_i2.p1           0.26%    passed    100.00%
  13  DE680|Cluster-32107.0__TRINITY_DN2550_c0_g1_i18.p1          0.26%    passed    100.00%
  14  DE126|Cluster-8374.0__TRINITY_DN5540_c1_g1_i1.p1            0.26%    passed    100.00%
  15  DE127|Cluster-43417.14__TRINITY_DN4878_c0_g1_i1.p1          0.26%    passed    100.00%
  16  DE554|Cluster-41173.1__TRINITY_DN19198_c0_g2_i5.p1          0.26%    passed    100.00%
  17  DE765|Cluster-23154.0__TRINITY_DN15156_c0_g1_i1.p1          0.26%    passed    100.00%
  18  DE681|Cluster-47029.0__TRINITY_DN9624_c0_g1_i1.p1           0.79%    passed    100.00%
  19  DE668|Cluster-4438.0__TRINITY_DN24459_c0_g1_i3.p1           0.26%    passed    100.00%
  20  SRR3407096|Cluster-9498.0__TRINITY_DN2153_c0_g2_i1.p1       0.26%    passed    100.00%
  21  DE523|Cluster-53718.0__TRINITY_DN15679_c0_g1_i1.p1          0.26%    passed    100.00%
  22  SRR3407095|Cluster-2683.0__TRINITY_DN28952_c2_g1_i1.p1      0.26%    passed    100.00%
  23  DE69|Cluster-51697.1__TRINITY_DN18672_c1_g1_i2.p1           0.26%    passed    100.00%
  24  DRR082660|Cluster-27854.1__TRINITY_DN3038_c1_g1_i2.p1       0.26%    passed    100.00%
  25  JJ125|Cluster-18759.0__TRINITY_DN5594_c0_g4_i1.p1           0.26%    passed    100.00%
  26  DE534|Cluster-53011.0__TRINITY_DN9385_c0_g2_i1.p1          48.95%    passed     29.68%
  27  DE560|Cluster-39543.0__TRINITY_DN7925_c2_g1_i1.p1           0.26%    passed    100.00%
  28  JJ85|Cluster-20149.0__TRINITY_DN1828_c0_g1_i2.p1            0.26%    passed    100.00%
  29  DE216|Cluster-84203.0__TRINITY_DN20312_c0_g1_i1.p1          0.26%    passed    100.00%
  30  DE542|Cluster-12925.0__TRINITY_DN3286_c3_g1_i1.p1           0.26%    passed    100.00%
  31  JJ15|Cluster-43712.1__TRINITY_DN9237_c0_g1_i5.p1            0.26%    passed    100.00%
  32  DE666|Cluster-12643.0__TRINITY_DN5691_c2_g1_i1.p1           0.26%    passed    100.00%
  33  DE566|Cluster-54087.0__TRINITY_DN4734_c0_g1_i8.p1           0.26%    passed    100.00%
  34  JJ74|Cluster-131729.0__TRINITY_DN31590_c0_g1_i1.p1         13.95%    passed    100.00%
  35  DE181|Cluster-11676.0__TRINITY_DN9731_c0_g1_i1.p1           0.26%    passed    100.00%
  36  SRR3424066|Cluster-32370.0__TRINITY_DN16311_c0_g1_i1.p1     0.26%    passed    100.00%
  37  DE561|Cluster-25607.0__TRINITY_DN1383_c0_g1_i1.p1           0.26%    passed    100.00%
  38  SRR3407086|Cluster-22054.0__TRINITY_DN96382_c0_g1_i1.p1     0.26%    passed    100.00%
  39  SRR3407088|Cluster-11748.0__TRINITY_DN53566_c0_g1_i1.p1     0.26%    passed    100.00%
  40  SRR3407092|Cluster-4379.0__TRINITY_DN5388_c0_g1_i2.p1      27.37%    passed     99.29%
  41  DE503|Cluster-59514.0__TRINITY_DN8324_c0_g1_i1.p1           0.26%    passed    100.00%
  42  DE505|Cluster-19689.0__TRINITY_DN5613_c0_g2_i1.p1           0.26%    passed    100.00%
  43  DE510|Cluster-43378.0__TRINITY_DN1289_c0_g1_i1.p1           0.26%    passed    100.00%
  44  DE229|Cluster-101253.0__TRINITY_DN5446_c0_g1_i1.p1          1.05%    passed    100.00%
  45  DE519|Cluster-39029.0__TRINITY_DN6786_c0_g1_i1.p1           0.26%    passed    100.00%
  46  DE151|Cluster-37889.0__TRINITY_DN11810_c0_g3_i1.p1          0.26%    passed    100.00%
  47  DE189|Cluster-39371.0__TRINITY_DN10390_c0_g1_i3.p1          0.26%    passed    100.00%
  48  JJ109|Cluster-11370.0__TRINITY_DN5606_c0_g1_i1.p1           0.26%    passed    100.00%
  49  DE541|Cluster-18389.0__TRINITY_DN34111_c0_g5_i2.p1         37.11%    passed     54.95%
  50  DE164|Cluster-13534.0__TRINITY_DN5283_c1_g1_i1.p1           0.26%    passed    100.00%
  51  DE476|Cluster-30642.0__TRINITY_DN30339_c1_g1_i2.p1         48.95%    passed     21.11%
  52  DE672|Cluster-4184.0__TRINITY_DN6768_c2_g1_i1.p1            0.26%    passed    100.00%
  53  DE737|Cluster-4278.0__TRINITY_DN323_c0_g2_i1.p1             0.26%    passed    100.00%
  54  DE764|Cluster-23222.0__TRINITY_DN18351_c0_g1_i2.p1          0.26%    passed    100.00%
  55  DE88|Cluster-25852.0__TRINITY_DN12948_c0_g2_i1.p1           0.26%    passed    100.00%
  56  DE531|Cluster-34448.0__TRINITY_DN4786_c0_g1_i1.p1           0.26%    passed    100.00%
  57  DE696-dots|Cluster-23629.0__TRINITY_DN6345_c3_g1_i1.p1      0.26%    passed    100.00%
  58  JJ36|Cluster-19556.0__TRINITY_DN7679_c0_g2_i1.p1            0.26%    passed    100.00%
  59  DE643|Cluster-78711.1__TRINITY_DN25352_c0_g2_i3.p1          0.26%    passed    100.00%
  60  DE671|Cluster-19041.0__TRINITY_DN2421_c0_g2_i1.p1           0.26%    passed    100.00%
  61  DE550|Cluster-35328.0__TRINITY_DN11255_c0_g1_i1.p1          0.26%    passed    100.00%
  62  DE173|Cluster-23737.0__TRINITY_DN6638_c0_g1_i1.p1           0.26%    passed    100.00%
  63  JJ89|Cluster-25327.0__TRINITY_DN3641_c0_g2_i1.p1            0.26%    passed    100.00%
  64  DE509|Cluster-39929.0__TRINITY_DN2920_c0_g1_i1.p1           0.26%    passed    100.00%
  65  DE736|Cluster-56250.0__TRINITY_DN19121_c0_g1_i2.p1          0.26%    passed    100.00%
  66  DE696-nodots|Cluster-8264.0__TRINITY_DN7756_c1_g1_i1.p1     0.26%    passed    100.00%
  67  DE504|Cluster-54032.2__TRINITY_DN6584_c0_g2_i1.p1           0.26%    passed    100.00%
  68  JJ130|Cluster-36501.0__TRINITY_DN11169_c0_g1_i1.p1          0.26%    passed    100.00%
  69  DE536|Cluster-39281.4__TRINITY_DN1989_c0_g1_i8.p1           1.05%    passed    100.00%
  70  DE152|Cluster-46697.1__TRINITY_DN24156_c0_g2_i1.p1          0.26%    passed    100.00%
  71  DRR234970|Cluster-28399.0__TRINITY_DN5184_c0_g1_i1.p1       5.00%    passed     99.64%
  72  JJ131|Cluster-52125.161__TRINITY_DN7672_c0_g1_i3.p1         0.26%    passed    100.00%
****  TOTAL                                                       3.47%  0 sequences failed composition chi2 test (p-value<5%; df=60)
Reading input tree file tmp.csubst.nwk ... rooted tree

NOTE: 55 MB RAM (0 GB) is required!
Measuring multi-threading efficiency up to 1 CPU cores
2 trees examined
Threads: 1 / Time: 2.995 sec / Speedup: 1.000 / Efficiency: 100% / LogL: -10431
BEST NUMBER OF THREADS: 1

Estimate model parameters (epsilon = 0.010)
1. Initial log-likelihood: -11246.271
2. Current log-likelihood: -7304.757
3. Current log-likelihood: -7296.164
4. Current log-likelihood: -7296.030
5. Current log-likelihood: -7295.979
6. Current log-likelihood: -7295.959
Optimal log-likelihood: -7295.950
Nonsynonymous/synonymous ratio (omega): 1.000
Transition/transversion ratio (kappa): 1.000
Site proportion and rates:  (0.577,0.352) (0.231,1.272) (0.166,2.141) (0.026,5.611)
Parameters optimization took 6 rounds (53.743 sec)
Wrote distance file to... 
BEST SCORE FOUND : -7295.950
Ancestral state probabilities printed to /mnt/data0/yue/2026-03-11-protein-convergence/results/OG_6825/csubst_w_s/csubst_input_alignment.fa.state
Empirical proportions for each category: 0.653 0.182 0.145 0.021
Site rates printed to /mnt/data0/yue/2026-03-11-protein-convergence/results/OG_6825/csubst_w_s/csubst_input_alignment.fa.rate
Total tree length: 2.765

Total number of iterations: 0
CPU time used for tree search: 0.000 sec (0h:0m:0s)
Wall-clock time used for tree search: 0.000 sec (0h:0m:0s)
Total CPU time used: 58.349 sec (0h:0m:58s)
Total wall-clock time used: 58.502 sec (0h:0m:58s)

Analysis results written to: 
  IQ-TREE report:                /mnt/data0/yue/2026-03-11-protein-convergence/results/OG_6825/csubst_w_s/csubst_input_alignment.fa.iqtree
  Maximum-likelihood tree:       /mnt/data0/yue/2026-03-11-protein-convergence/results/OG_6825/csubst_w_s/csubst_input_alignment.fa.treefile
  Site-specific rates:           /mnt/data0/yue/2026-03-11-protein-convergence/results/OG_6825/csubst_w_s/csubst_input_alignment.fa.rate
  Ancestral state:               /mnt/data0/yue/2026-03-11-protein-convergence/results/OG_6825/csubst_w_s/csubst_input_alignment.fa.state
  Screen log file:               /mnt/data0/yue/2026-03-11-protein-convergence/results/OG_6825/csubst_w_s/csubst_input_alignment.fa.log

Date and Time: Fri Mar 27 22:52:29 2026
