IQ-TREE multicore version 2.4.0 for Linux x86 64-bit built Feb 12 2025
Developed by Bui Quang Minh, Nguyen Lam Tung, Olga Chernomor, Heiko Schmidt,
Dominik Schrempf, Michael Woodhams, Ly Trong Nhan, Thomas Wong

Host:    brain (AVX2, FMA3, 2015 GB RAM)
Command: /home/yue/miniconda3/envs/py39/bin/iqtree -s /mnt/data0/yue/2026-03-11-protein-convergence/results/OG_6333/csubst_w_s/csubst_input_alignment.fa -te tmp.csubst.nwk -m ECMK07+F+R4 --seqtype CODON1 --threads-max 1 -T AUTO --ancestral --rate --redo
Seed:    86637 (Using SPRNG - Scalable Parallel Random Number Generator)
Time:    Fri Mar 27 21:09:04 2026
Kernel:  AVX+FMA - auto-detect threads (128 CPU cores detected)

Reading alignment file /mnt/data0/yue/2026-03-11-protein-convergence/results/OG_6333/csubst_w_s/csubst_input_alignment.fa ... Fasta format detected
Reading fasta file: done in 0.00375284 secs using 40% CPU
Alignment most likely contains DNA/RNA sequences
Converting to codon sequences with genetic code 1 ...
WARNING: 1 sites contain only gaps or ambiguous characters.
Alignment has 73 sequences with 1051 columns, 940 distinct patterns
506 parsimony-informative, 238 singleton sites, 307 constant sites
                                                           Gap/Ambiguity  Composition  p-value
Analyzing sequences: done in 0.000183582 secs using 99.14% CPU
   1  DE536|Cluster-35270.0__TRINITY_DN571_c0_g1_i3.p1            27.50%    passed     99.97%
   2  JJ74|Cluster-133338.0__TRINITY_DN7261_c0_g1_i10.p1          19.51%    passed    100.00%
   3  DE563|Cluster-14340.0__TRINITY_DN13512_c0_g1_i3.p1          23.88%    passed    100.00%
   4  JJ85|Cluster-41994.0__TRINITY_DN2612_c1_g1_i2.p1             2.28%    passed    100.00%
   5  DE560|Cluster-43658.0__TRINITY_DN763_c0_g1_i2.p1             7.90%    passed    100.00%
   6  DE550|Cluster-32476.0__TRINITY_DN14582_c0_g1_i1.p1           8.94%    passed    100.00%
   7  DE504|Cluster-38941.0__TRINITY_DN3337_c0_g1_i3.p1            6.28%    passed    100.00%
   8  DE672|Cluster-20726.0__TRINITY_DN5874_c0_g2_i2.p1           22.36%    passed    100.00%
   9  DE671|Cluster-12046.0__TRINITY_DN13285_c0_g1_i2.p1          22.36%    passed    100.00%
  10  DE696-nodots|Cluster-56415.0__TRINITY_DN1884_c0_g1_i6.p1    22.36%    passed    100.00%
  11  DE531|Cluster-33310.0__TRINITY_DN1726_c0_g1_i11.p1           8.94%    passed    100.00%
  12  DE696-dots|Cluster-22372.0__TRINITY_DN1083_c0_g1_i4.p1       8.94%    passed    100.00%
  13  DE503|Cluster-56776.0__TRINITY_DN8605_c0_g1_i3.p1            7.80%    passed    100.00%
  14  DE505|Cluster-30981.0__TRINITY_DN12361_c0_g1_i1.p1           7.80%    passed    100.00%
  15  SRR3407087|Cluster-42425.0__TRINITY_DN8140_c0_g1_i1.p1       7.80%    passed    100.00%
  16  DE534|Cluster-61279.0__TRINITY_DN19609_c0_g2_i13.p1          8.09%    passed    100.00%
  17  DE542|Cluster-58122.1__TRINITY_DN4680_c0_g1_i2.p1            8.09%    passed    100.00%
  18  DE162|Cluster-17899.0__TRINITY_DN7118_c0_g1_i1.p1            0.67%    passed    100.00%
  19  DE528|Cluster-42145.0__TRINITY_DN2970_c0_g1_i3.p1            0.67%    passed    100.00%
  20  DE507|Cluster-32167.0__TRINITY_DN19671_c0_g1_i1.p1           0.67%    passed    100.00%
  21  DE704-purple|Cluster-59329.0__TRINITY_DN10509_c0_g1_i1.p1    0.67%    passed    100.00%
  22  DE704-white|Cluster-59138.0__TRINITY_DN7222_c0_g1_i1.p1      0.67%    passed    100.00%
  23  DE476|Cluster-16337.0__TRINITY_DN9956_c0_g1_i2.p1           22.36%    passed    100.00%
  24  DE764|Cluster-47373.0__TRINITY_DN8744_c0_g1_i2.p1           22.36%    passed    100.00%
  25  DE509|Cluster-28221.0__TRINITY_DN9201_c0_g1_i1.p1           22.36%    passed    100.00%
  26  DE115|Cluster-51739.0__TRINITY_DN12700_c0_g1_i1.p1           0.29%    passed    100.00%
  27  JJ86|Cluster-21510.0__TRINITY_DN1503_c0_g1_i2.p1             0.29%    passed    100.00%
  28  DE127|Cluster-20560.0__TRINITY_DN22477_c0_g1_i2.p1          66.98%    passed      8.53%
  29  DE554|Cluster-64797.0__TRINITY_DN9394_c0_g1_i1.p1            0.29%    passed    100.00%
  30  DE623|Cluster-57541.0__TRINITY_DN2052_c0_g1_i4.p1            0.29%    passed    100.00%
  31  DE668|Cluster-30412.0__TRINITY_DN20752_c0_g1_i1.p1           0.29%    passed    100.00%
  32  DE152|Cluster-43063.0__TRINITY_DN356_c0_g1_i11.p1            0.29%    passed    100.00%
  33  JJ99|Cluster-14347.0__TRINITY_DN41180_c0_g1_i1.p1            0.29%    passed    100.00%
  34  DE229|Cluster-27099.0__TRINITY_DN180989_c0_g1_i1.p1          0.57%    passed    100.00%
  35  DE680|Cluster-44823.0__TRINITY_DN9682_c0_g1_i2.p1           27.40%    passed    100.00%
  36  DE666|Cluster-43331.0__TRINITY_DN3511_c0_g1_i4.p1            7.99%    passed    100.00%
  37  DE575|Cluster-40543.0__TRINITY_DN1066_c0_g1_i1.p1            7.99%    passed    100.00%
  38  DE681|Cluster-22682.0__TRINITY_DN4805_c0_g1_i3.p1            7.99%    passed    100.00%
  39  DE765|Cluster-56501.0__TRINITY_DN4300_c0_g2_i1.p1            7.99%    passed    100.00%
  40  JJ125|Cluster-23138.0__TRINITY_DN12744_c0_g1_i1.p1           1.05%    passed    100.00%
  41  DE741|Cluster-52604.0__TRINITY_DN2101_c0_g1_i4.p1            1.62%    passed    100.00%
  42  DE519|Cluster-55070.0__TRINITY_DN1757_c0_g1_i3.p1           22.74%    passed    100.00%
  43  SRR3407088|Cluster-4660.0__TRINITY_DN1399_c0_g1_i3.p1        0.10%    passed    100.00%
  44  DE181|Cluster-23030.0__TRINITY_DN9136_c0_g1_i1.p1            0.10%    passed    100.00%
  45  SRR3407086|Cluster-40808.1__TRINITY_DN15704_c0_g2_i2.p1     21.22%    passed    100.00%
  46  DE510|Cluster-8040.0__TRINITY_DN4601_c0_g1_i2.p1             0.10%    passed    100.00%
  47  SRR3407092|Cluster-29377.0__TRINITY_DN9546_c0_g1_i1.p1       0.10%    passed    100.00%
  48  SRR3424066|Cluster-29827.0__TRINITY_DN15928_c0_g2_i2.p1     21.22%    passed    100.00%
  49  DE561|Cluster-21526.0__TRINITY_DN10105_c0_g1_i2.p1          21.22%    passed    100.00%
  50  SRR3407096|Cluster-19914.0__TRINITY_DN13438_c0_g1_i2.p1     21.22%    passed    100.00%
  51  SRR3407093|Cluster-29296.0__TRINITY_DN3527_c0_g1_i3.p1      21.79%    passed    100.00%
  52  DE523|Cluster-42051.0__TRINITY_DN4443_c0_g1_i4.p1            0.10%    passed    100.00%
  53  SRR3407095|Cluster-53244.0__TRINITY_DN33372_c0_g1_i1.p1      0.10%    passed    100.00%
  54  DE69|Cluster-26590.0__TRINITY_DN7706_c0_g1_i5.p1             0.29%    passed    100.00%
  55  SRR3407094|Cluster-16163.0__TRINITY_DN13959_c0_g4_i1.p1     16.65%    passed     99.99%
  56  DE216|Cluster-17541.0__TRINITY_DN1704_c0_g1_i1.p1           22.45%    passed    100.00%
  57  JJ15|Cluster-46321.0__TRINITY_DN6015_c0_g1_i8.p1             1.33%    passed    100.00%
  58  DE566|Cluster-60062.0__TRINITY_DN8162_c0_g1_i6.p1            1.43%    passed    100.00%
  59  DE151|Cluster-7097.0__TRINITY_DN3888_c0_g1_i2.p1             1.24%    passed    100.00%
  60  DE173|Cluster-24049.0__TRINITY_DN8817_c0_g1_i1.p1            1.24%    passed    100.00%
  61  DE189|Cluster-28002.1__TRINITY_DN11153_c0_g1_i1.p1           1.24%    passed    100.00%
  62  JJ109|Cluster-25594.0__TRINITY_DN17451_c0_g2_i2.p1           1.24%    passed    100.00%
  63  JJ130|Cluster-48558.0__TRINITY_DN1969_c1_g1_i2.p1            1.24%    passed    100.00%
  64  JJ89|Cluster-25410.0__TRINITY_DN43488_c0_g1_i1.p1            1.24%    passed    100.00%
  65  DE541|Cluster-19858.0__TRINITY_DN10288_c0_g1_i4.p1           1.24%    passed    100.00%
  66  DE164|Cluster-26213.0__TRINITY_DN10201_c0_g1_i2.p1           1.24%    passed    100.00%
  67  DE736|Cluster-16333.0__TRINITY_DN13568_c0_g1_i1.p1           1.24%    passed    100.00%
  68  DE88|Cluster-21640.0__TRINITY_DN3237_c1_g1_i1.p1             1.24%    passed    100.00%
  69  DE549|Cluster-15358.0__TRINITY_DN74021_c0_g1_i1.p1           1.24%    passed    100.00%
  70  DE737|Cluster-54885.0__TRINITY_DN60849_c0_g1_i1.p1           2.00%    passed    100.00%
  71  DE643|Cluster-39388.0__TRINITY_DN9808_c0_g1_i1.p1            0.29%    passed    100.00%
  72  JJ36|Cluster-43878.0__TRINITY_DN8617_c0_g1_i2.p1             1.24%    passed    100.00%
  73  JJ131|Cluster-36663.0__TRINITY_DN18705_c0_g1_i8.p1          53.95%    passed     52.73%
WARNING: 2 sequences contain more than 50% gaps/ambiguity
****  TOTAL                                                        9.12%  0 sequences failed composition chi2 test (p-value<5%; df=60)
Reading input tree file tmp.csubst.nwk ... rooted tree

NOTE: 137 MB RAM (0 GB) is required!
Measuring multi-threading efficiency up to 1 CPU cores
2 trees examined
Threads: 1 / Time: 7.120 sec / Speedup: 1.000 / Efficiency: 100% / LogL: -33174
BEST NUMBER OF THREADS: 1

Estimate model parameters (epsilon = 0.010)
1. Initial log-likelihood: -31573.667
2. Current log-likelihood: -19044.568
3. Current log-likelihood: -19042.248
4. Current log-likelihood: -19020.978
5. Current log-likelihood: -19020.052
6. Current log-likelihood: -19013.480
7. Current log-likelihood: -19012.534
8. Current log-likelihood: -19005.495
9. Current log-likelihood: -19004.454
10. Current log-likelihood: -19000.932
11. Current log-likelihood: -19000.004
12. Current log-likelihood: -18997.445
13. Current log-likelihood: -18996.719
14. Current log-likelihood: -18996.141
15. Current log-likelihood: -18994.930
16. Current log-likelihood: -18994.549
17. Current log-likelihood: -18994.287
18. Current log-likelihood: -18994.111
19. Current log-likelihood: -18993.998
20. Current log-likelihood: -18993.492
21. Current log-likelihood: -18993.423
22. Current log-likelihood: -18993.382
23. Current log-likelihood: -18993.358
24. Current log-likelihood: -18993.343
Optimal log-likelihood: -18993.335
Nonsynonymous/synonymous ratio (omega): 1.000
Transition/transversion ratio (kappa): 1.000
Site proportion and rates:  (0.441,0.278) (0.456,1.145) (0.100,3.157) (0.004,11.279)
Parameters optimization took 24 rounds (609.748 sec)
Wrote distance file to... 
BEST SCORE FOUND : -18993.335
Ancestral state probabilities printed to /mnt/data0/yue/2026-03-11-protein-convergence/results/OG_6333/csubst_w_s/csubst_input_alignment.fa.state
Empirical proportions for each category: 0.467 0.456 0.073 0.004
Site rates printed to /mnt/data0/yue/2026-03-11-protein-convergence/results/OG_6333/csubst_w_s/csubst_input_alignment.fa.rate
Total tree length: 2.463

Total number of iterations: 0
CPU time used for tree search: 0.000 sec (0h:0m:0s)
Wall-clock time used for tree search: 0.000 sec (0h:0m:0s)
Total CPU time used: 620.988 sec (0h:10m:20s)
Total wall-clock time used: 621.727 sec (0h:10m:21s)

Analysis results written to: 
  IQ-TREE report:                /mnt/data0/yue/2026-03-11-protein-convergence/results/OG_6333/csubst_w_s/csubst_input_alignment.fa.iqtree
  Maximum-likelihood tree:       /mnt/data0/yue/2026-03-11-protein-convergence/results/OG_6333/csubst_w_s/csubst_input_alignment.fa.treefile
  Site-specific rates:           /mnt/data0/yue/2026-03-11-protein-convergence/results/OG_6333/csubst_w_s/csubst_input_alignment.fa.rate
  Ancestral state:               /mnt/data0/yue/2026-03-11-protein-convergence/results/OG_6333/csubst_w_s/csubst_input_alignment.fa.state
  Screen log file:               /mnt/data0/yue/2026-03-11-protein-convergence/results/OG_6333/csubst_w_s/csubst_input_alignment.fa.log

Date and Time: Fri Mar 27 21:19:25 2026
