IQ-TREE multicore version 2.4.0 for Linux x86 64-bit built Feb 12 2025
Developed by Bui Quang Minh, Nguyen Lam Tung, Olga Chernomor, Heiko Schmidt,
Dominik Schrempf, Michael Woodhams, Ly Trong Nhan, Thomas Wong

Host:    brain (AVX2, FMA3, 2015 GB RAM)
Command: /home/yue/miniconda3/envs/py39/bin/iqtree -s /mnt/data0/yue/2026-03-11-protein-convergence/results/OG_7769/csubst_w_s/csubst_input_alignment.fa -te tmp.csubst.nwk -m ECMK07+F+R4 --seqtype CODON1 --threads-max 1 -T AUTO --ancestral --rate --redo
Seed:    941874 (Using SPRNG - Scalable Parallel Random Number Generator)
Time:    Sat Mar 28 01:43:03 2026
Kernel:  AVX+FMA - auto-detect threads (128 CPU cores detected)

Reading alignment file /mnt/data0/yue/2026-03-11-protein-convergence/results/OG_7769/csubst_w_s/csubst_input_alignment.fa ... Fasta format detected
Reading fasta file: done in 0.00440024 secs using 77.54% CPU
Alignment most likely contains DNA/RNA sequences
Converting to codon sequences with genetic code 1 ...
WARNING: 1 sites contain only gaps or ambiguous characters.
Alignment has 67 sequences with 597 columns, 581 distinct patterns
346 parsimony-informative, 157 singleton sites, 94 constant sites
                                                              Gap/Ambiguity  Composition  p-value
Analyzing sequences: done in 0.000212878 secs using 99.12% CPU
   1  DE541|Cluster-1874.0__TRINITY_DN10426_c0_g1_i36.p1             62.98%    passed     10.90%
   2  DE542|Cluster-59563.0__TRINITY_DN1678_c0_g2_i1.p1               0.50%    passed    100.00%
   3  JJ85|Cluster-41400.0__TRINITY_DN13615_c0_g2_i2.p1               0.17%    passed    100.00%
   4  DE563|Cluster-55898.0__TRINITY_DN1288_c0_g2_i2.p1              15.75%    passed    100.00%
   5  DE643|Cluster-53920.0__TRINITY_DN10501_c0_g1_i10.p1            25.96%    passed     99.98%
   6  JJ36|Cluster-12711.0__TRINITY_DN8925_c0_g1_i7.p1                0.17%    passed    100.00%
   7  DE509|Cluster-35085.0__TRINITY_DN2300_c0_g1_i8.p1               0.17%    passed    100.00%
   8  DE737|Cluster-16844.0__TRINITY_DN15_c0_g1_i6.p1                 0.17%    passed    100.00%
   9  DE764|Cluster-30324.0__TRINITY_DN78_c0_g2_i2.p1                 0.17%    passed    100.00%
  10  DE549|Cluster-48057.0__TRINITY_DN5487_c0_g1_i6.p1               0.17%    passed    100.00%
  11  DE164|Cluster-18088.0__TRINITY_DN5479_c0_g4_i1.p1               0.17%    passed    100.00%
  12  DE696-dots|Cluster-30271.1__TRINITY_DN3211_c0_g1_i1.p1         62.98%    passed     17.97%
  13  DE696-nodots|Cluster-32711.1__TRINITY_DN201_c2_g1_i1.p1        62.98%    passed     16.21%
  14  DE476|Cluster-58470.0__TRINITY_DN4241_c0_g1_i1.p1              62.98%    passed     21.62%
  15  DE566|Cluster-10948.1__TRINITY_DN728_c0_g1_i5.p1                2.85%    passed    100.00%
  16  DRR082660|Cluster-40384.0__TRINITY_DN2090_c0_g1_i1.p1           0.17%    passed    100.00%
  17  JJ74|Cluster-115313.0__TRINITY_DN487_c3_g1_i2.p1                1.01%    passed    100.00%
  18  DE534|Cluster-74184.0__TRINITY_DN835_c0_g4_i1.p1                0.17%    passed    100.00%
  19  DE741|Cluster-19471.1__TRINITY_DN455_c0_g2_i12.p1               0.17%    passed    100.00%
  20  DE504|Cluster-53408.0__TRINITY_DN3417_c0_g1_i2.p1               0.34%    passed    100.00%
  21  DE88|Cluster-38753.0__TRINITY_DN929_c1_g1_i14.p1                0.17%    passed    100.00%
  22  SRR3407096|Cluster-8089.0__TRINITY_DN847_c1_g1_i2.p1           16.58%    passed     99.99%
  23  SRR3424066|Cluster-29466.0__TRINITY_DN3121_c0_g2_i1.p1          0.17%    passed    100.00%
  24  DE561|Cluster-34808.0__TRINITY_DN717_c0_g2_i1.p1               15.75%    passed    100.00%
  25  DE531|Cluster-27127.0__TRINITY_DN1567_c0_g1_i3.p1              15.75%    passed    100.00%
  26  DE216|Cluster-68850.0__TRINITY_DN8739_c0_g1_i5.p1               0.17%    passed    100.00%
  27  DE523|Cluster-49463.2__TRINITY_DN5256_c0_g1_i14.p1             24.62%    passed     99.99%
  28  SRR3407095|Cluster-47349.0__TRINITY_DN320_c1_g1_i3.p1           0.34%    passed    100.00%
  29  DE69|Cluster-53363.0__TRINITY_DN2243_c0_g2_i1.p1               63.15%    passed     10.52%
  30  DE536|Cluster-30995.0__TRINITY_DN1077_c0_g1_i2.p1               0.17%    passed    100.00%
  31  JJ15|Cluster-51804.5__TRINITY_DN84_c1_g1_i18.p1                62.98%    passed     12.88%
  32  SRR3407086|Cluster-7865.0__TRINITY_DN2671_c0_g2_i1.p1           0.17%    passed    100.00%
  33  SRR3407088|Cluster-9806.0__TRINITY_DN4666_c0_g1_i1.p1          15.75%    passed    100.00%
  34  DE151|Cluster-38875.0__TRINITY_DN2563_c2_g1_i2.p1               0.17%    passed    100.00%
  35  DE173|Cluster-52074.0__TRINITY_DN2497_c0_g2_i4.p1               0.17%    passed    100.00%
  36  JJ130|Cluster-52126.0__TRINITY_DN837_c0_g1_i8.p1                0.17%    passed    100.00%
  37  DE672|Cluster-46937.0__TRINITY_DN960_c1_g1_i2.p1                0.17%    passed    100.00%
  38  JJ125|Cluster-29331.1__TRINITY_DN7922_c0_g1_i33.p1              0.17%    passed    100.00%
  39  JJ109|Cluster-35842.2__TRINITY_DN1339_c0_g2_i2.p1               0.17%    passed    100.00%
  40  DE560|Cluster-13298.5__TRINITY_DN300_c0_g1_i5.p1                2.18%    passed    100.00%
  41  DE519|Cluster-36968.0__TRINITY_DN754_c0_g1_i1.p1                0.17%    passed    100.00%
  42  DE189|Cluster-6761.0__TRINITY_DN892_c1_g1_i2.p1                15.75%    passed    100.00%
  43  JJ86|Cluster-32293.0__TRINITY_DN1555_c0_g2_i2.p1                0.17%    passed    100.00%
  44  DE126|Cluster-22332.0__TRINITY_DN4358_c0_g1_i4.p1               0.50%    passed    100.00%
  45  SRR3407092|Cluster-32289.0__TRINITY_DN4754_c1_g2_i1.p1          2.51%    passed    100.00%
  46  SRR3407094|Cluster-11124.0__TRINITY_DN5795_c0_g1_i3.p1          1.84%    passed    100.00%
  47  DE507|Cluster-70622.0__TRINITY_DN2353_c0_g1_i2.p1              15.75%    passed    100.00%
  48  DE229|Cluster-93215.0__TRINITY_DN6422_c0_g2_i4.p1              28.98%    passed     30.00%
  49  DE681|Cluster-19194.0__TRINITY_DN1127_c0_g2_i1.p1               0.17%    passed    100.00%
  50  DE704-purple|Cluster-47916.0__TRINITY_DN6989_c0_g1_i3.p1        0.17%    passed    100.00%
  51  DE704-white|Cluster-71659.0__TRINITY_DN6993_c0_g1_i4.p1         0.17%    passed    100.00%
  52  DE115|Cluster-8754.0__TRINITY_DN1121_c0_g1_i2.p1                0.34%    passed    100.00%
  53  SRR3407087|Cluster-33218.0__TRINITY_DN17259_c1_g2_i1.p1         2.18%    passed    100.00%
  54  DE503|Cluster-13167.0__TRINITY_DN21426_c0_g2_i1.p1              9.05%    passed     99.97%
  55  DE505|Cluster-57483.0__TRINITY_DN12089_c0_g1_i1.p1              9.05%    passed     99.97%
  56  DE510|Cluster-50348.0__TRINITY_DN402_c0_g1_i4.p1                9.05%    passed     99.97%
  57  SRR3407093|Cluster-25253.0__TRINITY_DN7821_c1_g1_i4.p1          0.17%    passed    100.00%
  58  DE127|Cluster-37983.0__TRINITY_DN5692_c0_g2_i4.p1               0.17%    passed    100.00%
  59  DE152|Cluster-42012.0__TRINITY_DN4260_c0_g2_i1.p1               0.17%    passed    100.00%
  60  DE546_urceolata_l|Cluster-21311.0__TRINITY_DN561_c0_g1_i7.p1   16.58%    passed    100.00%
  61  DE668|Cluster-58623.0__TRINITY_DN3617_c0_g1_i13.p1              0.17%    passed    100.00%
  62  DE765|Cluster-23094.0__TRINITY_DN3476_c0_g1_i5.p1              15.75%    passed    100.00%
  63  JJ23|Cluster-27067.0__TRINITY_DN4040_c0_g2_i2.p1               39.03%    passed      7.95%
  64  DRR234970|Cluster-40287.0__TRINITY_DN4906_c0_g1_i1.p1           4.86%    passed     99.99%
  65  SRR5150740|Cluster-29407.3__TRINITY_DN5933_c0_g1_i30.p1         5.36%    passed     98.12%
  66  SRR104381|Cluster-12173.0__TRINITY_DN3861_c0_g1_i1.p1          10.89%    passed     93.76%
  67  DRR082665|Cluster-28161.0__TRINITY_DN133_c0_g1_i13.p1          12.73%    passed     79.45%
WARNING: 6 sequences contain more than 50% gaps/ambiguity
****  TOTAL                                                          10.76%  0 sequences failed composition chi2 test (p-value<5%; df=60)
Reading input tree file tmp.csubst.nwk ... rooted tree

NOTE: 81 MB RAM (0 GB) is required!
Measuring multi-threading efficiency up to 1 CPU cores
2 trees examined
Threads: 1 / Time: 4.266 sec / Speedup: 1.000 / Efficiency: 100% / LogL: -18919
BEST NUMBER OF THREADS: 1

Estimate model parameters (epsilon = 0.010)
1. Initial log-likelihood: -18781.471
2. Current log-likelihood: -12469.274
3. Current log-likelihood: -12450.670
4. Current log-likelihood: -12450.443
5. Current log-likelihood: -12446.603
6. Current log-likelihood: -12446.442
7. Current log-likelihood: -12446.365
8. Current log-likelihood: -12446.327
9. Current log-likelihood: -12446.307
10. Current log-likelihood: -12446.296
Optimal log-likelihood: -12446.291
Nonsynonymous/synonymous ratio (omega): 1.000
Transition/transversion ratio (kappa): 1.000
Site proportion and rates:  (0.437,0.371) (0.386,0.919) (0.160,2.291) (0.017,6.800)
Parameters optimization took 10 rounds (157.429 sec)
Wrote distance file to... 
BEST SCORE FOUND : -12446.291
Ancestral state probabilities printed to /mnt/data0/yue/2026-03-11-protein-convergence/results/OG_7769/csubst_w_s/csubst_input_alignment.fa.state
Empirical proportions for each category: 0.472 0.382 0.134 0.012
Site rates printed to /mnt/data0/yue/2026-03-11-protein-convergence/results/OG_7769/csubst_w_s/csubst_input_alignment.fa.rate
Total tree length: 3.721

Total number of iterations: 0
CPU time used for tree search: 0.000 sec (0h:0m:0s)
Wall-clock time used for tree search: 0.000 sec (0h:0m:0s)
Total CPU time used: 164.460 sec (0h:2m:44s)
Total wall-clock time used: 164.769 sec (0h:2m:44s)

Analysis results written to: 
  IQ-TREE report:                /mnt/data0/yue/2026-03-11-protein-convergence/results/OG_7769/csubst_w_s/csubst_input_alignment.fa.iqtree
  Maximum-likelihood tree:       /mnt/data0/yue/2026-03-11-protein-convergence/results/OG_7769/csubst_w_s/csubst_input_alignment.fa.treefile
  Site-specific rates:           /mnt/data0/yue/2026-03-11-protein-convergence/results/OG_7769/csubst_w_s/csubst_input_alignment.fa.rate
  Ancestral state:               /mnt/data0/yue/2026-03-11-protein-convergence/results/OG_7769/csubst_w_s/csubst_input_alignment.fa.state
  Screen log file:               /mnt/data0/yue/2026-03-11-protein-convergence/results/OG_7769/csubst_w_s/csubst_input_alignment.fa.log

Date and Time: Sat Mar 28 01:45:48 2026
