IQ-TREE multicore version 2.4.0 for Linux x86 64-bit built Feb 12 2025
Developed by Bui Quang Minh, Nguyen Lam Tung, Olga Chernomor, Heiko Schmidt,
Dominik Schrempf, Michael Woodhams, Ly Trong Nhan, Thomas Wong

Host:    brain (AVX2, FMA3, 2015 GB RAM)
Command: /home/yue/miniconda3/envs/py39/bin/iqtree -s /mnt/data0/yue/2026-03-11-protein-convergence/results/OG_5691/csubst_w_s/csubst_input_alignment.fa -te tmp.csubst.nwk -m ECMK07+F+R4 --seqtype CODON1 --threads-max 1 -T AUTO --ancestral --rate --redo
Seed:    749196 (Using SPRNG - Scalable Parallel Random Number Generator)
Time:    Fri Mar 27 18:56:32 2026
Kernel:  AVX+FMA - auto-detect threads (128 CPU cores detected)

Reading alignment file /mnt/data0/yue/2026-03-11-protein-convergence/results/OG_5691/csubst_w_s/csubst_input_alignment.fa ... Fasta format detected
Reading fasta file: done in 0.00100693 secs
Alignment most likely contains DNA/RNA sequences
Converting to codon sequences with genetic code 1 ...
Alignment has 76 sequences with 250 columns, 243 distinct patterns
141 parsimony-informative, 68 singleton sites, 41 constant sites
                                                               Gap/Ambiguity  Composition  p-value
Analyzing sequences: done in 4.59552e-05 secs
   1  DE554|Cluster-6488.0__TRINITY_DN5034_c0_g1_i1.p1                 0.00%    passed    100.00%
   2  DE126|Cluster-1252.0__TRINITY_DN12228_c0_g1_i1.p1                0.00%    passed    100.00%
   3  DE505|Cluster-43246.0__TRINITY_DN4746_c0_g1_i2.p1                0.00%    passed    100.00%
   4  SRR3407096|Cluster-4093.0__TRINITY_DN31956_c0_g1_i1.p1           0.00%    passed    100.00%
   5  DE162|Cluster-51409.0__TRINITY_DN66403_c0_g1_i1.p1               0.00%    passed    100.00%
   6  DE507|Cluster-84509.0__TRINITY_DN6262_c1_g1_i1.p1                0.00%    passed    100.00%
   7  DE704-purple|Cluster-55878.1__TRINITY_DN9172_c0_g1_i4.p1         0.00%    passed    100.00%
   8  DE704-white|Cluster-66134.0__TRINITY_DN7642_c0_g1_i6.p1          0.00%    passed    100.00%
   9  DE528|Cluster-2050.0__TRINITY_DN12009_c0_g1_i1.p1                0.00%    passed    100.00%
  10  DE668|Cluster-55870.0__TRINITY_DN6709_c0_g1_i6.p1                0.00%    passed    100.00%
  11  JJ99|Cluster-25021.0__TRINITY_DN47683_c0_g1_i3.p1               65.20%    passed     85.19%
  12  DE127|Cluster-45391.0__TRINITY_DN6172_c1_g1_i5.p1                0.00%    passed    100.00%
  13  DE666|Cluster-26688.0__TRINITY_DN22919_c1_g1_i1.p1               0.00%    passed    100.00%
  14  DE546_urceolata_l|Cluster-46110.0__TRINITY_DN3112_c0_g1_i1.p1    0.00%    passed     99.23%
  15  DE476|Cluster-56473.0__TRINITY_DN8274_c0_g2_i1.p1                0.00%    passed    100.00%
  16  DE541|Cluster-32105.5__TRINITY_DN27036_c0_g2_i2.p1               0.00%    passed    100.00%
  17  DE560|Cluster-16871.0__TRINITY_DN7159_c0_g2_i1.p1                0.40%    passed    100.00%
  18  JJ74|Cluster-97532.0__TRINITY_DN74536_c0_g1_i1.p1                0.00%    passed    100.00%
  19  DE519|Cluster-19073.0__TRINITY_DN7880_c0_g1_i1.p1                0.00%    passed    100.00%
  20  DE741|Cluster-51058.0__TRINITY_DN10625_c0_g2_i2.p1               0.00%    passed    100.00%
  21  SRR3407095|Cluster-6291.0__TRINITY_DN19045_c1_g1_i1.p1           0.00%    passed    100.00%
  22  DE152|Cluster-59108.1__TRINITY_DN9228_c0_g3_i1.p1                0.80%    passed    100.00%
  23  JJ15|Cluster-41597.0__TRINITY_DN17455_c2_g1_i2.p1                0.00%    passed    100.00%
  24  DRR082660|Cluster-2005.0__TRINITY_DN9532_c0_g3_i1.p1             0.00%    passed    100.00%
  25  DE566|Cluster-26817.2__TRINITY_DN6383_c0_g1_i4.p1                0.00%    passed    100.00%
  26  JJ85|Cluster-9372.0__TRINITY_DN7826_c1_g2_i1.p1                  0.00%    passed    100.00%
  27  DRR082665|Cluster-14272.0__TRINITY_DN6737_c0_g2_i2.p1            6.40%    failed      0.00%
  28  DE561|Cluster-23268.0__TRINITY_DN11926_c0_g1_i1.p1               0.00%    passed    100.00%
  29  SRR3424066|Cluster-8820.0__TRINITY_DN4649_c0_g1_i1.p1            0.00%    passed    100.00%
  30  SRR3407088|Cluster-5510.0__TRINITY_DN5741_c0_g1_i1.p1            0.00%    passed    100.00%
  31  DE575|Cluster-60019.0__TRINITY_DN5947_c0_g1_i2.p1                0.00%    passed    100.00%
  32  DE681|Cluster-20993.0__TRINITY_DN12212_c0_g1_i1.p1               0.00%    passed    100.00%
  33  DE765|Cluster-47978.0__TRINITY_DN9090_c0_g2_i3.p1                0.00%    passed    100.00%
  34  DE216|Cluster-26338.0__TRINITY_DN6820_c1_g2_i1.p1                0.00%    passed    100.00%
  35  DE534|Cluster-13612.0__TRINITY_DN10122_c0_g1_i1.p1               0.00%    passed    100.00%
  36  DE542|Cluster-60814.4__TRINITY_DN2805_c1_g1_i26.p1              22.40%    passed     96.01%
  37  DE164|Cluster-8433.0__TRINITY_DN8620_c0_g1_i2.p1                 0.00%    passed    100.00%
  38  DE672|Cluster-57792.0__TRINITY_DN4469_c1_g1_i1.p1                0.00%    passed    100.00%
  39  DE643|Cluster-45833.0__TRINITY_DN18380_c0_g1_i4.p1               0.00%    passed    100.00%
  40  DE671|Cluster-7345.0__TRINITY_DN11864_c0_g2_i3.p1                0.00%    passed    100.00%
  41  DE115|Cluster-43543.0__TRINITY_DN7741_c0_g1_i1.p1                0.00%    passed    100.00%
  42  JJ86|Cluster-48115.0__TRINITY_DN8054_c0_g2_i1.p1                 0.00%    passed    100.00%
  43  DE69|Cluster-34681.0__TRINITY_DN4163_c1_g1_i4.p1                 0.00%    passed    100.00%
  44  DE229|Cluster-49829.0__TRINITY_DN79032_c0_g1_i1.p1               0.00%    passed    100.00%
  45  DE536|Cluster-34566.0__TRINITY_DN3224_c0_g1_i1.p1                0.00%    passed    100.00%
  46  DE181|Cluster-12670.0__TRINITY_DN6305_c0_g1_i1.p1                0.00%    passed    100.00%
  47  SRR3407086|Cluster-1992.0__TRINITY_DN4581_c0_g2_i1.p1            0.00%    passed    100.00%
  48  DE510|Cluster-49133.0__TRINITY_DN908_c0_g3_i1.p1                 0.00%    passed    100.00%
  49  SRR3407087|Cluster-34647.0__TRINITY_DN3836_c0_g1_i1.p1           0.00%    passed    100.00%
  50  SRR3407094|Cluster-19336.0__TRINITY_DN4154_c2_g1_i1.p1          34.40%    passed    100.00%
  51  SRR3407092|Cluster-6102.0__TRINITY_DN11881_c2_g1_i1.p1           0.00%    passed    100.00%
  52  DE503|Cluster-42450.0__TRINITY_DN8027_c0_g1_i4.p1                0.00%    passed    100.00%
  53  SRR3407093|Cluster-31415.0__TRINITY_DN2000_c0_g2_i1.p1           0.00%    passed    100.00%
  54  DE680|Cluster-38706.0__TRINITY_DN11063_c0_g1_i1.p1               0.00%    passed    100.00%
  55  DE623|Cluster-24197.0__TRINITY_DN10593_c0_g1_i1.p1               0.00%    passed    100.00%
  56  DE151|Cluster-18529.0__TRINITY_DN10613_c0_g2_i1.p1               0.00%    passed    100.00%
  57  DE173|Cluster-5399.0__TRINITY_DN6236_c0_g2_i1.p1                 0.00%    passed    100.00%
  58  DE189|Cluster-26221.131__TRINITY_DN9018_c0_g1_i1.p1              0.00%    passed    100.00%
  59  JJ130|Cluster-35755.0__TRINITY_DN5465_c0_g2_i1.p1                0.00%    passed    100.00%
  60  DE509|Cluster-42080.1__TRINITY_DN9255_c0_g2_i3.p1                0.00%    passed    100.00%
  61  DE736|Cluster-36692.0__TRINITY_DN20414_c0_g1_i1.p1               0.00%    passed    100.00%
  62  JJ109|Cluster-34034.1__TRINITY_DN8001_c0_g2_i1.p1                0.00%    passed    100.00%
  63  DE504|Cluster-36589.0__TRINITY_DN15529_c0_g2_i1.p1               0.00%    passed    100.00%
  64  DE531|Cluster-40464.0__TRINITY_DN5609_c0_g2_i1.p1                0.00%    passed    100.00%
  65  DE696-dots|Cluster-54782.0__TRINITY_DN1669_c0_g1_i2.p1           0.00%    passed    100.00%
  66  DE696-nodots|Cluster-50897.0__TRINITY_DN10733_c0_g1_i13.p1       0.00%    passed    100.00%
  67  JJ36|Cluster-35662.0__TRINITY_DN4955_c0_g1_i1.p1                 0.00%    passed    100.00%
  68  DE549|Cluster-16417.0__TRINITY_DN10457_c0_g1_i1.p1               0.00%    passed    100.00%
  69  DE550|Cluster-21956.0__TRINITY_DN5822_c0_g4_i1.p1                0.00%    passed    100.00%
  70  DE88|Cluster-26222.0__TRINITY_DN4731_c0_g2_i1.p1                 0.00%    passed    100.00%
  71  DE737|Cluster-32469.0__TRINITY_DN12514_c0_g1_i1.p1               0.00%    passed    100.00%
  72  DE764|Cluster-2481.0__TRINITY_DN18696_c0_g2_i1.p1                0.00%    passed    100.00%
  73  DE523|Cluster-31610.0__TRINITY_DN73299_c0_g1_i1.p1               0.00%    passed    100.00%
  74  JJ125|Cluster-36170.2__TRINITY_DN33138_c0_g1_i1.p1               0.00%    passed    100.00%
  75  JJ89|Cluster-31844.0__TRINITY_DN5258_c0_g1_i1.p1                 0.00%    passed    100.00%
  76  DE563|Cluster-16593.0__TRINITY_DN17878_c0_g2_i1.p1               0.00%    passed    100.00%
WARNING: 1 sequences contain more than 50% gaps/ambiguity
****  TOTAL                                                            1.71%  1 sequences failed composition chi2 test (p-value<5%; df=60)
Reading input tree file tmp.csubst.nwk ... rooted tree

NOTE: 43 MB RAM (0 GB) is required!
Measuring multi-threading efficiency up to 1 CPU cores
2 trees examined
Threads: 1 / Time: 3.676 sec / Speedup: 1.000 / Efficiency: 100% / LogL: -7764
BEST NUMBER OF THREADS: 1

Estimate model parameters (epsilon = 0.010)
1. Initial log-likelihood: -8337.396
2. Current log-likelihood: -6141.249
3. Current log-likelihood: -6131.956
4. Current log-likelihood: -6131.762
5. Current log-likelihood: -6131.650
6. Current log-likelihood: -6131.586
7. Current log-likelihood: -6131.550
8. Current log-likelihood: -6131.532
Optimal log-likelihood: -6131.522
Nonsynonymous/synonymous ratio (omega): 1.000
Transition/transversion ratio (kappa): 1.000
Site proportion and rates:  (0.643,0.354) (0.244,1.202) (0.069,3.211) (0.044,5.849)
Parameters optimization took 8 rounds (59.879 sec)
Wrote distance file to... 
BEST SCORE FOUND : -6131.522
Ancestral state probabilities printed to /mnt/data0/yue/2026-03-11-protein-convergence/results/OG_5691/csubst_w_s/csubst_input_alignment.fa.state
Empirical proportions for each category: 0.684 0.208 0.064 0.044
Site rates printed to /mnt/data0/yue/2026-03-11-protein-convergence/results/OG_5691/csubst_w_s/csubst_input_alignment.fa.rate
Total tree length: 5.184

Total number of iterations: 0
CPU time used for tree search: 0.000 sec (0h:0m:0s)
Wall-clock time used for tree search: 0.000 sec (0h:0m:0s)
Total CPU time used: 64.873 sec (0h:1m:4s)
Total wall-clock time used: 65.162 sec (0h:1m:5s)

Analysis results written to: 
  IQ-TREE report:                /mnt/data0/yue/2026-03-11-protein-convergence/results/OG_5691/csubst_w_s/csubst_input_alignment.fa.iqtree
  Maximum-likelihood tree:       /mnt/data0/yue/2026-03-11-protein-convergence/results/OG_5691/csubst_w_s/csubst_input_alignment.fa.treefile
  Site-specific rates:           /mnt/data0/yue/2026-03-11-protein-convergence/results/OG_5691/csubst_w_s/csubst_input_alignment.fa.rate
  Ancestral state:               /mnt/data0/yue/2026-03-11-protein-convergence/results/OG_5691/csubst_w_s/csubst_input_alignment.fa.state
  Screen log file:               /mnt/data0/yue/2026-03-11-protein-convergence/results/OG_5691/csubst_w_s/csubst_input_alignment.fa.log

Date and Time: Fri Mar 27 18:57:37 2026
