IQ-TREE multicore version 2.4.0 for Linux x86 64-bit built Feb 12 2025
Developed by Bui Quang Minh, Nguyen Lam Tung, Olga Chernomor, Heiko Schmidt,
Dominik Schrempf, Michael Woodhams, Ly Trong Nhan, Thomas Wong

Host:    brain (AVX2, FMA3, 2015 GB RAM)
Command: /home/yue/miniconda3/envs/py39/bin/iqtree -s /mnt/data0/yue/2026-03-11-protein-convergence/results/OG_4064/csubst_w_s/csubst_input_alignment.fa -te tmp.csubst.nwk -m ECMK07+F+R4 --seqtype CODON1 --threads-max 1 -T AUTO --ancestral --rate --redo
Seed:    869527 (Using SPRNG - Scalable Parallel Random Number Generator)
Time:    Fri Mar 27 12:11:58 2026
Kernel:  AVX+FMA - auto-detect threads (128 CPU cores detected)

Reading alignment file /mnt/data0/yue/2026-03-11-protein-convergence/results/OG_4064/csubst_w_s/csubst_input_alignment.fa ... Fasta format detected
Reading fasta file: done in 0.00336419 secs using 88.88% CPU
Alignment most likely contains DNA/RNA sequences
Converting to codon sequences with genetic code 1 ...
Alignment has 79 sequences with 364 columns, 344 distinct patterns
162 parsimony-informative, 102 singleton sites, 100 constant sites
                                                              Gap/Ambiguity  Composition  p-value
Analyzing sequences: done in 0.000178471 secs using 98.62% CPU
   1  DE115|Cluster-33151.1__TRINITY_DN5919_c0_g1_i10.p1              0.00%    passed    100.00%
   2  DE127|Cluster-39778.0__TRINITY_DN242_c2_g1_i2.p1                0.00%    passed    100.00%
   3  DE554|Cluster-61468.1__TRINITY_DN4943_c0_g1_i2.p1               0.00%    passed    100.00%
   4  DE666|Cluster-11529.1__TRINITY_DN210_c2_g1_i1.p1                0.00%    passed    100.00%
   5  JJ86|Cluster-18053.0__TRINITY_DN8586_c0_g1_i1.p1                0.00%    passed    100.00%
   6  DE126|Cluster-36684.0__TRINITY_DN5404_c0_g1_i2.p1               0.00%    passed    100.00%
   7  DE152|Cluster-52314.0__TRINITY_DN8040_c0_g1_i1.p1               0.00%    passed    100.00%
   8  DE563|Cluster-48037.0__TRINITY_DN1119_c0_g1_i2.p1               0.00%    passed    100.00%
   9  DE623|Cluster-38338.1__TRINITY_DN3150_c0_g1_i2.p1               0.00%    passed    100.00%
  10  DE680|Cluster-30970.0__TRINITY_DN3758_c5_g1_i1.p1               0.00%    passed    100.00%
  11  JJ99|Cluster-21336.0__TRINITY_DN1877_c4_g1_i1.p1                0.00%    passed    100.00%
  12  DE162|Cluster-43517.0__TRINITY_DN3880_c1_g1_i1.p1               0.00%    passed    100.00%
  13  DE507|Cluster-54360.0__TRINITY_DN3762_c0_g1_i1.p1               0.00%    passed    100.00%
  14  DE704-purple|Cluster-17845.0__TRINITY_DN13533_c0_g3_i1.p1       0.00%    passed    100.00%
  15  DE528|Cluster-14092.0__TRINITY_DN2841_c2_g1_i1.p1               0.00%    passed    100.00%
  16  DE704-white|Cluster-33850.0__TRINITY_DN1560_c1_g1_i1.p1         0.00%    passed    100.00%
  17  DE546_urceolata_l|Cluster-4904.0__TRINITY_DN7200_c1_g1_i1.p1    0.00%    passed    100.00%
  18  DE668|Cluster-30811.2__TRINITY_DN730_c1_g1_i8.p1               57.42%    passed     99.84%
  19  JJ23|Cluster-14261.0__TRINITY_DN2754_c0_g1_i1.p1                0.00%    passed    100.00%
  20  DE151|Cluster-38809.0__TRINITY_DN11333_c0_g1_i2.p1              0.00%    passed    100.00%
  21  DE173|Cluster-50505.0__TRINITY_DN2852_c0_g1_i3.p1               0.00%    passed    100.00%
  22  JJ109|Cluster-11102.0__TRINITY_DN1921_c1_g1_i1.p1               0.00%    passed    100.00%
  23  JJ130|Cluster-38613.0__TRINITY_DN4913_c0_g1_i1.p1               0.00%    passed    100.00%
  24  DE189|Cluster-35588.0__TRINITY_DN3622_c0_g1_i1.p1               0.00%    passed    100.00%
  25  DE509|Cluster-34734.0__TRINITY_DN1489_c0_g1_i3.p1               0.00%    passed    100.00%
  26  DE696-dots|Cluster-55862.0__TRINITY_DN2747_c2_g1_i1.p1         12.09%    passed    100.00%
  27  DE736|Cluster-33012.241__TRINITY_DN13480_c0_g1_i3.p1            0.00%    passed    100.00%
  28  DE672|Cluster-58285.0__TRINITY_DN598_c0_g2_i4.p1                0.00%    passed    100.00%
  29  DE549|Cluster-32437.0__TRINITY_DN31280_c0_g1_i1.p1             12.09%    passed    100.00%
  30  DE523|Cluster-47248.0__TRINITY_DN2609_c0_g1_i7.p1              12.09%    passed    100.00%
  31  DE643|Cluster-31478.0__TRINITY_DN2559_c0_g1_i1.p1               0.00%    passed    100.00%
  32  DE671|Cluster-43253.0__TRINITY_DN5809_c0_g1_i2.p1               0.00%    passed    100.00%
  33  DE681|Cluster-17002.0__TRINITY_DN5946_c0_g1_i1.p1              24.45%    passed    100.00%
  34  DE504|Cluster-32516.0__TRINITY_DN6885_c1_g2_i8.p1               0.00%    passed    100.00%
  35  DE550|Cluster-30852.0__TRINITY_DN5228_c0_g1_i5.p1               0.00%    passed    100.00%
  36  DE164|Cluster-43366.0__TRINITY_DN2444_c0_g2_i6.p1               0.00%    passed    100.00%
  37  JJ85|Cluster-22340.0__TRINITY_DN1537_c1_g1_i3.p1               49.18%    passed     99.97%
  38  DE566|Cluster-40097.0__TRINITY_DN1022_c0_g2_i2.p1               0.00%    passed    100.00%
  39  SRR3407095|Cluster-33003.0__TRINITY_DN1783_c0_g1_i1.p1          0.00%    passed    100.00%
  40  DE531|Cluster-28313.1__TRINITY_DN80_c0_g3_i1.p1                 0.00%    passed    100.00%
  41  DE696-nodots|Cluster-802.0__TRINITY_DN11523_c3_g1_i1.p1         0.00%    passed    100.00%
  42  DE69|Cluster-32981.4__TRINITY_DN316_c0_g1_i3.p1                 0.00%    passed    100.00%
  43  JJ36|Cluster-36922.0__TRINITY_DN1437_c0_g1_i1.p1               49.18%    passed     99.97%
  44  SRR3407096|Cluster-30001.77__TRINITY_DN569_c0_g1_i1.p1          0.00%    passed    100.00%
  45  JJ125|Cluster-38805.0__TRINITY_DN5255_c1_g1_i1.p1               0.00%    passed    100.00%
  46  DE764|Cluster-41907.0__TRINITY_DN7341_c1_g1_i1.p1               0.00%    passed    100.00%
  47  DE88|Cluster-13389.1__TRINITY_DN5057_c0_g1_i81.p1               0.00%    passed    100.00%
  48  DE737|Cluster-30239.0__TRINITY_DN5540_c0_g2_i1.p1               0.00%    passed    100.00%
  49  JJ89|Cluster-12690.1__TRINITY_DN2257_c0_g3_i1.p1                0.00%    passed    100.00%
  50  SRR3407088|Cluster-16553.0__TRINITY_DN397_c0_g1_i1.p1           0.00%    passed    100.00%
  51  DE561|Cluster-31654.0__TRINITY_DN1856_c1_g1_i1.p1               0.00%    passed    100.00%
  52  SRR3407086|Cluster-12861.0__TRINITY_DN548_c1_g1_i1.p1           0.00%    passed    100.00%
  53  SRR3424066|Cluster-13384.0__TRINITY_DN406_c0_g1_i1.p1           0.00%    passed    100.00%
  54  JJ74|Cluster-7642.0__TRINITY_DN104798_c0_g1_i1.p1               0.00%    passed    100.00%
  55  DE476|Cluster-56301.0__TRINITY_DN15739_c0_g1_i8.p1              0.00%    passed    100.00%
  56  DE519|Cluster-70829.0__TRINITY_DN32979_c0_g1_i1.p1              0.00%    passed    100.00%
  57  DE741|Cluster-56378.0__TRINITY_DN3331_c0_g1_i3.p1               0.00%    passed    100.00%
  58  DE181|Cluster-2347.0__TRINITY_DN6283_c1_g1_i2.p1                0.00%    passed    100.00%
  59  DE505|Cluster-57944.0__TRINITY_DN1100_c2_g1_i1.p1               0.00%    passed    100.00%
  60  SRR3407092|Cluster-5789.0__TRINITY_DN818_c0_g1_i1.p1            0.00%    passed    100.00%
  61  SRR3407094|Cluster-37587.0__TRINITY_DN33811_c1_g1_i1.p1         0.00%    passed    100.00%
  62  SRR3407093|Cluster-31730.0__TRINITY_DN6873_c0_g1_i7.p1          0.00%    passed    100.00%
  63  DE503|Cluster-35062.0__TRINITY_DN4504_c0_g1_i2.p1               0.00%    passed    100.00%
  64  DE510|Cluster-47930.0__TRINITY_DN3581_c0_g1_i1.p1               0.00%    passed    100.00%
  65  SRR3407087|Cluster-20820.0__TRINITY_DN5419_c0_g1_i1.p1          0.00%    passed    100.00%
  66  DE541|Cluster-52875.0__TRINITY_DN14619_c0_g1_i1.p1              0.00%    passed    100.00%
  67  DE575|Cluster-40521.1__TRINITY_DN8672_c1_g1_i1.p1               0.00%    passed    100.00%
  68  DE765|Cluster-32623.0__TRINITY_DN4047_c0_g1_i2.p1              24.45%    passed    100.00%
  69  DE560|Cluster-40826.0__TRINITY_DN4902_c0_g1_i10.p1              0.00%    passed    100.00%
  70  DE536|Cluster-42739.0__TRINITY_DN6963_c0_g1_i3.p1               0.00%    passed    100.00%
  71  SRR5150740|Cluster-32858.4__TRINITY_DN1990_c1_g1_i5.p1          0.00%    passed     43.87%
  72  DRR234970|Cluster-10580.0__TRINITY_DN3714_c1_g1_i1.p1           0.00%    passed     83.30%
  73  DE534|Cluster-6139.45__TRINITY_DN2_c2_g3_i10.p1                26.37%    passed     99.98%
  74  DRR082660|Cluster-35929.2__TRINITY_DN10335_c0_g1_i3.p1          0.27%    passed    100.00%
  75  JJ131|Cluster-49496.2__TRINITY_DN2567_c0_g1_i4.p1               0.00%    passed    100.00%
  76  DE216|Cluster-75353.0__TRINITY_DN6957_c0_g1_i4.p1              31.04%    passed    100.00%
  77  JJ15|Cluster-38947.0__TRINITY_DN10980_c0_g1_i4.p1              49.18%    passed      5.94%
  78  DE229|Cluster-53295.0__TRINITY_DN4840_c0_g1_i2.p1              49.18%    passed     99.99%
  79  DE542|Cluster-18461.1__TRINITY_DN2084_c0_g1_i6.p1              37.09%    passed    100.00%
WARNING: 1 sequences contain more than 50% gaps/ambiguity
****  TOTAL                                                           5.49%  0 sequences failed composition chi2 test (p-value<5%; df=60)
Reading input tree file tmp.csubst.nwk ... rooted tree

NOTE: 60 MB RAM (0 GB) is required!
Measuring multi-threading efficiency up to 1 CPU cores
2 trees examined
Threads: 1 / Time: 3.724 sec / Speedup: 1.000 / Efficiency: 100% / LogL: -8636
BEST NUMBER OF THREADS: 1

Estimate model parameters (epsilon = 0.010)
1. Initial log-likelihood: -10444.817
2. Current log-likelihood: -6033.817
3. Current log-likelihood: -6033.790
Optimal log-likelihood: -6033.783
Nonsynonymous/synonymous ratio (omega): 1.000
Transition/transversion ratio (kappa): 1.000
Site proportion and rates:  (0.558,0.436) (0.298,1.033) (0.115,2.548) (0.028,5.533)
Parameters optimization took 3 rounds (32.083 sec)
Wrote distance file to... 
BEST SCORE FOUND : -6033.783
Ancestral state probabilities printed to /mnt/data0/yue/2026-03-11-protein-convergence/results/OG_4064/csubst_w_s/csubst_input_alignment.fa.state
Empirical proportions for each category: 0.684 0.203 0.093 0.019
Site rates printed to /mnt/data0/yue/2026-03-11-protein-convergence/results/OG_4064/csubst_w_s/csubst_input_alignment.fa.rate
Total tree length: 2.215

Total number of iterations: 0
CPU time used for tree search: 0.000 sec (0h:0m:0s)
Wall-clock time used for tree search: 0.000 sec (0h:0m:0s)
Total CPU time used: 37.640 sec (0h:0m:37s)
Total wall-clock time used: 37.927 sec (0h:0m:37s)

Analysis results written to: 
  IQ-TREE report:                /mnt/data0/yue/2026-03-11-protein-convergence/results/OG_4064/csubst_w_s/csubst_input_alignment.fa.iqtree
  Maximum-likelihood tree:       /mnt/data0/yue/2026-03-11-protein-convergence/results/OG_4064/csubst_w_s/csubst_input_alignment.fa.treefile
  Site-specific rates:           /mnt/data0/yue/2026-03-11-protein-convergence/results/OG_4064/csubst_w_s/csubst_input_alignment.fa.rate
  Ancestral state:               /mnt/data0/yue/2026-03-11-protein-convergence/results/OG_4064/csubst_w_s/csubst_input_alignment.fa.state
  Screen log file:               /mnt/data0/yue/2026-03-11-protein-convergence/results/OG_4064/csubst_w_s/csubst_input_alignment.fa.log

Date and Time: Fri Mar 27 12:12:36 2026
