IQ-TREE multicore version 2.4.0 for Linux x86 64-bit built Feb 12 2025
Developed by Bui Quang Minh, Nguyen Lam Tung, Olga Chernomor, Heiko Schmidt,
Dominik Schrempf, Michael Woodhams, Ly Trong Nhan, Thomas Wong

Host:    brain (AVX2, FMA3, 2015 GB RAM)
Command: /home/yue/miniconda3/envs/py39/bin/iqtree -s /mnt/data0/yue/2026-03-11-protein-convergence/results/OG_2763/csubst_w_s/csubst_input_alignment.fa -te tmp.csubst.nwk -m ECMK07+F+R4 --seqtype CODON1 --threads-max 1 -T AUTO --ancestral --rate --redo
Seed:    678641 (Using SPRNG - Scalable Parallel Random Number Generator)
Time:    Fri Mar 27 06:11:56 2026
Kernel:  AVX+FMA - auto-detect threads (128 CPU cores detected)

Reading alignment file /mnt/data0/yue/2026-03-11-protein-convergence/results/OG_2763/csubst_w_s/csubst_input_alignment.fa ... Fasta format detected
Reading fasta file: done in 0.0108867 secs using 85.87% CPU
Alignment most likely contains DNA/RNA sequences
Converting to codon sequences with genetic code 1 ...
WARNING: 1 sites contain only gaps or ambiguous characters.
Alignment has 77 sequences with 2942 columns, 2424 distinct patterns
1163 parsimony-informative, 830 singleton sites, 949 constant sites
                                                                Gap/Ambiguity  Composition  p-value
Analyzing sequences: done in 0.000528783 secs using 55.22% CPU
   1  DE666|Cluster-31620.0__TRINITY_DN1627_c4_g1_i1.p1                 0.14%    passed    100.00%
   2  DE546_urceolata_l|Cluster-39303.0__TRINITY_DN12670_c0_g1_i4.p1    0.20%    passed    100.00%
   3  DE736|Cluster-57238.0__TRINITY_DN4863_c0_g1_i2.p1                 0.03%    passed    100.00%
   4  DE764|Cluster-6343.0__TRINITY_DN4265_c1_g1_i1.p1                  0.03%    passed    100.00%
   5  DE531|Cluster-46211.0__TRINITY_DN8519_c0_g1_i3.p1                20.53%    passed    100.00%
   6  DE216|Cluster-70061.0__TRINITY_DN1484_c2_g1_i15.p1                0.07%    passed    100.00%
   7  JJ125|Cluster-31699.0__TRINITY_DN2438_c0_g1_i12.p1               24.64%    passed    100.00%
   8  JJ74|Cluster-82112.0__TRINITY_DN9163_c0_g1_i2.p1                 23.62%    passed    100.00%
   9  JJ131|Cluster-35039.0__TRINITY_DN527_c0_g1_i1.p1                  0.10%    passed    100.00%
  10  DE681|Cluster-58171.0__TRINITY_DN2101_c0_g1_i7.p1                20.63%    passed    100.00%
  11  JJ23|Cluster-46458.0__TRINITY_DN124_c0_g5_i1.p1                   0.85%    passed    100.00%
  12  DE151|Cluster-55923.6__TRINITY_DN392_c0_g2_i1.p1                  0.07%    passed    100.00%
  13  DE173|Cluster-12473.0__TRINITY_DN13096_c1_g2_i1.p1                0.07%    passed    100.00%
  14  SRR3407095|Cluster-33167.0__TRINITY_DN14184_c0_g6_i2.p1          28.76%    passed    100.00%
  15  DE69|Cluster-35682.0__TRINITY_DN22929_c0_g1_i3.p1                 0.10%    passed    100.00%
  16  DE542|Cluster-40581.4__TRINITY_DN666_c0_g1_i2.p1                 23.59%    passed    100.00%
  17  JJ15|Cluster-23886.4__TRINITY_DN542_c0_g1_i18.p1                 49.29%    passed     99.78%
  18  DE523|Cluster-43674.1__TRINITY_DN7654_c0_g1_i3.p1                 0.07%    passed    100.00%
  19  SRR3407096|Cluster-8956.0__TRINITY_DN27576_c0_g1_i1.p1            0.82%    passed    100.00%
  20  JJ86|Cluster-43732.0__TRINITY_DN2141_c0_g1_i1.p1                  0.10%    passed    100.00%
  21  DE126|Cluster-41716.0__TRINITY_DN4548_c0_g1_i3.p1                 0.14%    passed    100.00%
  22  DE563|Cluster-45194.0__TRINITY_DN1790_c0_g1_i3.p1                 0.10%    passed    100.00%
  23  DE127|Cluster-41163.0__TRINITY_DN509_c0_g2_i5.p1                  0.10%    passed    100.00%
  24  DE554|Cluster-1485.0__TRINITY_DN10743_c0_g1_i1.p1                 0.10%    passed    100.00%
  25  DE528|Cluster-60079.0__TRINITY_DN2503_c0_g1_i1.p1                 0.10%    passed    100.00%
  26  DE704-purple|Cluster-40030.0__TRINITY_DN13623_c0_g1_i1.p1        20.16%    passed    100.00%
  27  DE704-white|Cluster-36317.0__TRINITY_DN8614_c1_g1_i4.p1           0.10%    passed    100.00%
  28  DE623|Cluster-50515.0__TRINITY_DN5542_c1_g1_i1.p1                 0.10%    passed    100.00%
  29  DE680|Cluster-30532.0__TRINITY_DN3193_c0_g1_i1.p1                 0.10%    passed    100.00%
  30  DE668|Cluster-23731.0__TRINITY_DN409_c0_g2_i1.p1                  0.10%    passed    100.00%
  31  DE566|Cluster-59255.1__TRINITY_DN3516_c0_g1_i1.p1                 0.03%    passed    100.00%
  32  DE189|Cluster-36120.1__TRINITY_DN3135_c0_g2_i2.p1                 0.03%    passed    100.00%
  33  JJ109|Cluster-7132.0__TRINITY_DN6466_c1_g1_i1.p1                  0.03%    passed    100.00%
  34  JJ130|Cluster-33223.3__TRINITY_DN3293_c0_g1_i5.p1                 0.03%    passed    100.00%
  35  JJ89|Cluster-42710.0__TRINITY_DN43424_c0_g1_i1.p1                 0.41%    passed    100.00%
  36  DE509|Cluster-13247.0__TRINITY_DN21575_c0_g1_i1.p1                0.03%    passed    100.00%
  37  DE737|Cluster-57633.0__TRINITY_DN10868_c0_g3_i1.p1                0.14%    passed    100.00%
  38  DE643|Cluster-72214.1__TRINITY_DN3159_c0_g1_i10.p1                0.14%    passed    100.00%
  39  DE671|Cluster-27233.0__TRINITY_DN2263_c0_g1_i1.p1                 0.14%    passed    100.00%
  40  DE672|Cluster-23986.0__TRINITY_DN3168_c0_g1_i2.p1                22.47%    passed     99.99%
  41  DE504|Cluster-48712.0__TRINITY_DN10243_c0_g1_i1.p1                0.71%    passed    100.00%
  42  DE549|Cluster-25589.0__TRINITY_DN2359_c0_g1_i2.p1                 0.03%    passed    100.00%
  43  DE88|Cluster-25411.0__TRINITY_DN6087_c0_g1_i1.p1                  0.03%    passed    100.00%
  44  DE476|Cluster-7702.0__TRINITY_DN3021_c0_g1_i2.p1                  0.71%    passed    100.00%
  45  DE550|Cluster-36058.0__TRINITY_DN3871_c0_g1_i1.p1                 0.07%    passed    100.00%
  46  DE541|Cluster-28520.0__TRINITY_DN4417_c0_g1_i8.p1                 0.88%    passed    100.00%
  47  DE696-dots|Cluster-21409.0__TRINITY_DN5106_c0_g1_i1.p1            0.03%    passed    100.00%
  48  JJ36|Cluster-31572.0__TRINITY_DN1867_c0_g1_i4.p1                  0.03%    passed    100.00%
  49  DE696-nodots|Cluster-18627.0__TRINITY_DN8455_c0_g1_i1.p1          0.03%    passed    100.00%
  50  DE503|Cluster-62112.0__TRINITY_DN5623_c0_g1_i1.p1                22.67%    passed    100.00%
  51  DE505|Cluster-42002.0__TRINITY_DN208_c0_g1_i1.p1                  0.03%    passed    100.00%
  52  DE510|Cluster-19135.0__TRINITY_DN12088_c0_g1_i1.p1                0.03%    passed    100.00%
  53  DE164|Cluster-48339.0__TRINITY_DN4060_c0_g1_i4.p1                28.52%    passed    100.00%
  54  SRR3407092|Cluster-21019.0__TRINITY_DN5323_c0_g1_i1.p1            6.02%    passed    100.00%
  55  SRR3407093|Cluster-28437.0__TRINITY_DN13287_c0_g1_i1.p1           7.55%    passed    100.00%
  56  SRR3407094|Cluster-21249.0__TRINITY_DN9394_c1_g1_i1.p1           45.85%    passed     99.94%
  57  DE181|Cluster-27498.0__TRINITY_DN9341_c0_g1_i2.p1                 0.03%    passed    100.00%
  58  SRR3407086|Cluster-27624.0__TRINITY_DN7763_c0_g2_i2.p1            8.23%    passed    100.00%
  59  DE561|Cluster-47393.0__TRINITY_DN1329_c2_g1_i1.p1                 0.03%    passed    100.00%
  60  SRR3424066|Cluster-7588.0__TRINITY_DN22026_c0_g2_i1.p1           35.32%    passed    100.00%
  61  DE534|Cluster-4593.2__TRINITY_DN5281_c0_g1_i20.p1                41.57%    passed    100.00%
  62  DE536|Cluster-27222.0__TRINITY_DN3174_c0_g1_i6.p1                 0.03%    passed    100.00%
  63  JJ85|Cluster-25297.0__TRINITY_DN1454_c3_g1_i1.p1                  0.03%    passed    100.00%
  64  DRR082660|Cluster-32588.0__TRINITY_DN3513_c1_g1_i10.p1            3.47%    passed    100.00%
  65  DE560|Cluster-28641.0__TRINITY_DN3831_c0_g1_i2.p1                22.67%    passed    100.00%
  66  DE519|Cluster-34339.0__TRINITY_DN2642_c0_g1_i2.p1                 0.10%    passed    100.00%
  67  DE741|Cluster-29301.0__TRINITY_DN3561_c0_g1_i1.p1                 0.10%    passed    100.00%
  68  DE575|Cluster-34603.1__TRINITY_DN2053_c0_g1_i3.p1                 0.14%    passed    100.00%
  69  DE765|Cluster-55894.0__TRINITY_DN5960_c1_g1_i1.p1                 0.14%    passed    100.00%
  70  DE152|Cluster-31578.0__TRINITY_DN3268_c0_g1_i1.p1                 0.07%    passed    100.00%
  71  JJ99|Cluster-34067.0__TRINITY_DN4389_c0_g1_i2.p1                 23.62%    passed     99.99%
  72  DE229|Cluster-67100.1__TRINITY_DN344_c2_g1_i1.p1                  0.10%    passed    100.00%
  73  DE162|Cluster-46394.0__TRINITY_DN12775_c0_g1_i3.p1               20.63%    passed    100.00%
  74  DE507|Cluster-42460.0__TRINITY_DN5908_c0_g1_i2.p1                32.63%    passed     99.23%
  75  DRR082665|Cluster-39749.2__TRINITY_DN380_c0_g3_i9.p1             26.65%    passed     55.62%
  76  SRR104381|Cluster-30843.0__TRINITY_DN3334_c0_g1_i3.p1             4.69%    passed    100.00%
  77  DRR234970|Cluster-44023.0__TRINITY_DN20531_c0_g1_i1.p1           35.59%    passed     99.79%
****  TOTAL                                                             7.89%  0 sequences failed composition chi2 test (p-value<5%; df=60)
Reading input tree file tmp.csubst.nwk ... rooted tree

NOTE: 358 MB RAM (0 GB) is required!
Measuring multi-threading efficiency up to 1 CPU cores
2 trees examined
Threads: 1 / Time: 19.992 sec / Speedup: 1.000 / Efficiency: 100% / LogL: -69255
BEST NUMBER OF THREADS: 1

Estimate model parameters (epsilon = 0.010)
1. Initial log-likelihood: -90248.432
2. Current log-likelihood: -44638.913
3. Current log-likelihood: -44637.155
4. Current log-likelihood: -44635.673
5. Current log-likelihood: -44634.303
6. Current log-likelihood: -44633.081
7. Current log-likelihood: -44632.059
8. Current log-likelihood: -44527.416
9. Current log-likelihood: -44526.551
10. Current log-likelihood: -44525.816
11. Current log-likelihood: -44525.188
12. Current log-likelihood: -44524.660
13. Current log-likelihood: -44524.228
14. Current log-likelihood: -44523.885
15. Current log-likelihood: -44523.613
16. Current log-likelihood: -44523.402
17. Current log-likelihood: -44494.258
18. Current log-likelihood: -44493.802
19. Current log-likelihood: -44493.453
20. Current log-likelihood: -44493.169
21. Current log-likelihood: -44492.930
22. Current log-likelihood: -44492.728
23. Current log-likelihood: -44492.553
24. Current log-likelihood: -44492.400
25. Current log-likelihood: -44492.267
26. Current log-likelihood: -44492.149
27. Current log-likelihood: -44492.044
28. Current log-likelihood: -44491.952
29. Current log-likelihood: -44491.869
30. Current log-likelihood: -44491.794
31. Current log-likelihood: -44491.727
32. Current log-likelihood: -44491.665
33. Current log-likelihood: -44491.609
34. Current log-likelihood: -44491.556
35. Current log-likelihood: -44491.509
36. Current log-likelihood: -44491.465
37. Current log-likelihood: -44491.422
38. Current log-likelihood: -44491.380
39. Current log-likelihood: -44491.342
40. Current log-likelihood: -44478.037
41. Current log-likelihood: -44477.874
42. Current log-likelihood: -44477.758
43. Current log-likelihood: -44477.666
44. Current log-likelihood: -44477.588
45. Current log-likelihood: -44477.520
46. Current log-likelihood: -44477.458
47. Current log-likelihood: -44477.403
48. Current log-likelihood: -44477.353
49. Current log-likelihood: -44477.308
50. Current log-likelihood: -44477.268
51. Current log-likelihood: -44477.232
52. Current log-likelihood: -44477.200
53. Current log-likelihood: -44477.171
54. Current log-likelihood: -44477.145
55. Current log-likelihood: -44477.124
56. Current log-likelihood: -44477.105
57. Current log-likelihood: -44477.088
58. Current log-likelihood: -44477.073
59. Current log-likelihood: -44477.059
60. Current log-likelihood: -44477.048
Optimal log-likelihood: -44477.039
Nonsynonymous/synonymous ratio (omega): 1.000
Transition/transversion ratio (kappa): 1.000
Site proportion and rates:  (0.446,0.329) (0.361,0.873) (0.183,2.516) (0.010,7.769)
Parameters optimization took 60 rounds (4182.145 sec)
Wrote distance file to... 
BEST SCORE FOUND : -44477.039
Ancestral state probabilities printed to /mnt/data0/yue/2026-03-11-protein-convergence/results/OG_2763/csubst_w_s/csubst_input_alignment.fa.state
Empirical proportions for each category: 0.520 0.316 0.157 0.007
Site rates printed to /mnt/data0/yue/2026-03-11-protein-convergence/results/OG_2763/csubst_w_s/csubst_input_alignment.fa.rate
Total tree length: 2.052

Total number of iterations: 0
CPU time used for tree search: 0.000 sec (0h:0m:0s)
Wall-clock time used for tree search: 0.000 sec (0h:0m:0s)
Total CPU time used: 4212.571 sec (1h:10m:12s)
Total wall-clock time used: 4217.686 sec (1h:10m:17s)

Analysis results written to: 
  IQ-TREE report:                /mnt/data0/yue/2026-03-11-protein-convergence/results/OG_2763/csubst_w_s/csubst_input_alignment.fa.iqtree
  Maximum-likelihood tree:       /mnt/data0/yue/2026-03-11-protein-convergence/results/OG_2763/csubst_w_s/csubst_input_alignment.fa.treefile
  Site-specific rates:           /mnt/data0/yue/2026-03-11-protein-convergence/results/OG_2763/csubst_w_s/csubst_input_alignment.fa.rate
  Ancestral state:               /mnt/data0/yue/2026-03-11-protein-convergence/results/OG_2763/csubst_w_s/csubst_input_alignment.fa.state
  Screen log file:               /mnt/data0/yue/2026-03-11-protein-convergence/results/OG_2763/csubst_w_s/csubst_input_alignment.fa.log

Date and Time: Fri Mar 27 07:22:14 2026
