IQ-TREE multicore version 2.4.0 for Linux x86 64-bit built Feb 12 2025
Developed by Bui Quang Minh, Nguyen Lam Tung, Olga Chernomor, Heiko Schmidt,
Dominik Schrempf, Michael Woodhams, Ly Trong Nhan, Thomas Wong

Host:    brain (AVX2, FMA3, 2015 GB RAM)
Command: /home/yue/miniconda3/envs/py39/bin/iqtree -s /mnt/data0/yue/2026-03-11-protein-convergence/results/OG_9573/csubst_w_s/csubst_input_alignment.fa -te tmp.csubst.nwk -m ECMK07+F+R4 --seqtype CODON1 --threads-max 1 -T AUTO --ancestral --rate --redo
Seed:    433989 (Using SPRNG - Scalable Parallel Random Number Generator)
Time:    Sat Mar 28 06:00:43 2026
Kernel:  AVX+FMA - auto-detect threads (128 CPU cores detected)

Reading alignment file /mnt/data0/yue/2026-03-11-protein-convergence/results/OG_9573/csubst_w_s/csubst_input_alignment.fa ... Fasta format detected
Reading fasta file: done in 0.000751346 secs
Alignment most likely contains DNA/RNA sequences
Converting to codon sequences with genetic code 1 ...
Alignment has 70 sequences with 191 columns, 176 distinct patterns
87 parsimony-informative, 48 singleton sites, 55 constant sites
                                                                Gap/Ambiguity  Composition  p-value
Analyzing sequences: done in 3.29465e-05 secs using 97.13% CPU
   1  SRR3407095|Cluster-52739.0__TRINITY_DN5809_c0_g1_i3.p1            1.05%    passed    100.00%
   2  DE680|Cluster-19910.0__TRINITY_DN1885_c0_g1_i1.p1                 3.66%    passed    100.00%
   3  DE764|Cluster-31027.0__TRINITY_DN5159_c0_g1_i3.p1                36.13%    passed    100.00%
   4  DE575|Cluster-5111.0__TRINITY_DN8144_c1_g1_i1.p1                  3.66%    passed    100.00%
   5  DE681|Cluster-33467.0__TRINITY_DN5845_c0_g1_i1.p1                 3.66%    passed    100.00%
   6  DE765|Cluster-9692.0__TRINITY_DN22997_c0_g1_i1.p1                 3.66%    passed    100.00%
   7  DE623|Cluster-25227.0__TRINITY_DN35246_c0_g1_i2.p1                3.66%    passed    100.00%
   8  DE115|Cluster-55739.0__TRINITY_DN51973_c0_g1_i3.p1               43.98%    passed    100.00%
   9  JJ99|Cluster-37187.0__TRINITY_DN7799_c1_g1_i1.p1                  0.52%    passed    100.00%
  10  DE536|Cluster-27128.0__TRINITY_DN13913_c0_g1_i1.p1               38.22%    passed    100.00%
  11  DE126|Cluster-13962.0__TRINITY_DN15019_c0_g1_i1.p1                0.52%    passed    100.00%
  12  DE549|Cluster-43651.0__TRINITY_DN9120_c0_g1_i2.p1                38.22%    passed    100.00%
  13  JJ89|Cluster-12127.0__TRINITY_DN8122_c0_g1_i1.p1                 38.22%    passed    100.00%
  14  SRR3407096|Cluster-24169.0__TRINITY_DN9431_c0_g1_i2.p1           38.22%    passed    100.00%
  15  DE127|Cluster-42839.0__TRINITY_DN36_c1_g1_i2.p1                   0.52%    passed    100.00%
  16  DE554|Cluster-57536.0__TRINITY_DN1118_c0_g2_i1.p1                 0.52%    passed    100.00%
  17  DE563|Cluster-19775.0__TRINITY_DN8611_c1_g2_i1.p1                 0.52%    passed    100.00%
  18  DE523|Cluster-40493.0__TRINITY_DN6296_c0_g1_i1.p1                 0.52%    passed    100.00%
  19  DE643|Cluster-43765.0__TRINITY_DN24861_c0_g1_i1.p1                0.52%    passed    100.00%
  20  JJ85|Cluster-30942.0__TRINITY_DN3242_c0_g1_i1.p1                  0.52%    passed    100.00%
  21  DE151|Cluster-16971.0__TRINITY_DN5088_c0_g1_i1.p1                 0.00%    passed    100.00%
  22  DE189|Cluster-21479.0__TRINITY_DN64166_c1_g1_i1.p1                0.52%    passed    100.00%
  23  JJ109|Cluster-34567.0__TRINITY_DN10454_c0_g1_i1.p1                0.52%    passed    100.00%
  24  JJ130|Cluster-19038.0__TRINITY_DN5738_c0_g1_i1.p1                 0.52%    passed    100.00%
  25  DE509|Cluster-11845.0__TRINITY_DN60590_c0_g1_i1.p1                0.52%    passed    100.00%
  26  DE550|Cluster-23087.0__TRINITY_DN2890_c0_g1_i1.p1                 0.52%    passed    100.00%
  27  DE671|Cluster-50697.1__TRINITY_DN3538_c0_g1_i3.p1                 0.52%    passed    100.00%
  28  DE736|Cluster-58322.0__TRINITY_DN6282_c0_g1_i1.p1                 0.52%    passed    100.00%
  29  DE737|Cluster-55116.0__TRINITY_DN3272_c0_g1_i1.p1                 0.52%    passed    100.00%
  30  DE531|Cluster-13709.1__TRINITY_DN9170_c3_g1_i1.p1                38.22%    passed    100.00%
  31  JJ36|Cluster-35892.0__TRINITY_DN3074_c0_g1_i1.p1                  0.52%    passed    100.00%
  32  DE672|Cluster-13580.0__TRINITY_DN4162_c0_g1_i1.p1                 0.52%    passed    100.00%
  33  DE476|Cluster-58246.0__TRINITY_DN13387_c0_g1_i1.p1                0.52%    passed    100.00%
  34  DE173|Cluster-57249.0__TRINITY_DN3501_c0_g1_i1.p1                 0.52%    passed    100.00%
  35  DE696-dots|Cluster-35379.0__TRINITY_DN15580_c0_g1_i1.p1           0.52%    passed    100.00%
  36  DE696-nodots|Cluster-17511.0__TRINITY_DN3132_c1_g1_i1.p1          0.52%    passed    100.00%
  37  DE88|Cluster-3501.0__TRINITY_DN66452_c0_g1_i1.p1                  0.52%    passed    100.00%
  38  JJ74|Cluster-8343.0__TRINITY_DN20502_c0_g1_i1.p1                  0.52%    passed    100.00%
  39  DE229|Cluster-69732.0__TRINITY_DN1957_c0_g2_i1.p1                 0.52%    passed    100.00%
  40  DE534|Cluster-48559.0__TRINITY_DN10167_c0_g2_i2.p1               38.22%    passed    100.00%
  41  DE542|Cluster-34127.0__TRINITY_DN27065_c0_g1_i2.p1               38.22%    passed    100.00%
  42  DRR234970|Cluster-40425.0__TRINITY_DN964_c0_g5_i1.p1              0.52%    passed    100.00%
  43  DE216|Cluster-73546.0__TRINITY_DN21836_c0_g1_i3.p1               38.22%    passed    100.00%
  44  DE541|Cluster-20628.0__TRINITY_DN11976_c0_g1_i1.p1                0.00%    failed      3.98%
  45  DE560|Cluster-33958.0__TRINITY_DN1267_c1_g1_i1.p1                 0.52%    passed    100.00%
  46  DE519|Cluster-75856.0__TRINITY_DN5241_c0_g1_i3.p1                38.22%    passed     99.99%
  47  DE741|Cluster-2912.0__TRINITY_DN7686_c0_g1_i1.p1                  0.52%    passed    100.00%
  48  DE668|Cluster-33443.0__TRINITY_DN2636_c0_g1_i7.p1                 0.52%    passed    100.00%
  49  DE69|Cluster-30671.0__TRINITY_DN4908_c0_g1_i1.p1                  0.52%    passed    100.00%
  50  DE181|Cluster-43585.0__TRINITY_DN6519_c0_g1_i5.p1                38.22%    passed    100.00%
  51  DE503|Cluster-43788.0__TRINITY_DN9446_c0_g3_i1.p1                38.22%    passed    100.00%
  52  DE505|Cluster-13567.0__TRINITY_DN6931_c0_g1_i2.p1                 0.52%    passed    100.00%
  53  SRR3424066|Cluster-8264.0__TRINITY_DN43435_c0_g1_i1.p1            0.52%    passed    100.00%
  54  SRR3407092|Cluster-32142.0__TRINITY_DN5136_c0_g1_i1.p1            0.52%    passed    100.00%
  55  SRR3407086|Cluster-38553.0__TRINITY_DN729_c0_g1_i3.p1             0.52%    passed    100.00%
  56  SRR3407088|Cluster-26471.0__TRINITY_DN11228_c0_g1_i1.p1           0.52%    passed    100.00%
  57  DE561|Cluster-22836.0__TRINITY_DN12014_c0_g1_i2.p1               38.22%    passed    100.00%
  58  SRR3407093|Cluster-9838.0__TRINITY_DN1790_c1_g1_i1.p1             0.52%    passed    100.00%
  59  DE510|Cluster-35959.0__TRINITY_DN5145_c0_g2_i1.p1                38.22%    passed    100.00%
  60  SRR3407087|Cluster-11842.0__TRINITY_DN12907_c0_g1_i1.p1           0.52%    passed    100.00%
  61  SRR3407094|Cluster-12003.0__TRINITY_DN40105_c0_g1_i1.p1           0.52%    passed    100.00%
  62  DE162|Cluster-43159.0__TRINITY_DN1262_c6_g1_i1.p1                 0.52%    passed    100.00%
  63  DE704-white|Cluster-48996.0__TRINITY_DN11820_c0_g1_i3.p1         38.22%    passed     99.98%
  64  DE704-purple|Cluster-46248.0__TRINITY_DN5379_c0_g1_i2.p1          0.52%    passed    100.00%
  65  DE528|Cluster-58957.0__TRINITY_DN810_c1_g1_i2.p1                  0.52%    passed    100.00%
  66  DE507|Cluster-43918.0__TRINITY_DN4756_c0_g1_i1.p1                 0.52%    passed    100.00%
  67  DE546_urceolata_l|Cluster-38690.0__TRINITY_DN55292_c0_g1_i1.p1    0.00%    passed    100.00%
  68  DE164|Cluster-53546.0__TRINITY_DN2670_c0_g1_i1.p1                 0.52%    passed    100.00%
  69  DRR082660|Cluster-9101.0__TRINITY_DN672_c0_g2_i1.p1               0.52%    passed    100.00%
  70  SRR104381|Cluster-21072.3__TRINITY_DN3793_c0_g1_i11.p1           38.22%    failed      0.00%
****  TOTAL                                                             9.94%  2 sequences failed composition chi2 test (p-value<5%; df=60)
WARNING: States(s) CGT, TAT rarely appear in alignment and may cause numerical problems
Reading input tree file tmp.csubst.nwk ... rooted tree

NOTE: 31 MB RAM (0 GB) is required!
Measuring multi-threading efficiency up to 1 CPU cores
2 trees examined
Threads: 1 / Time: 1.780 sec / Speedup: 1.000 / Efficiency: 100% / LogL: -5007
BEST NUMBER OF THREADS: 1

Estimate model parameters (epsilon = 0.010)
1. Initial log-likelihood: -4973.355
2. Current log-likelihood: -3344.590
3. Current log-likelihood: -3344.350
4. Current log-likelihood: -3344.175
5. Current log-likelihood: -3344.046
6. Current log-likelihood: -3343.952
7. Current log-likelihood: -3343.882
8. Current log-likelihood: -3343.828
9. Current log-likelihood: -3343.783
10. Current log-likelihood: -3343.746
11. Current log-likelihood: -3343.716
12. Current log-likelihood: -3343.692
13. Current log-likelihood: -3343.673
14. Current log-likelihood: -3343.659
15. Current log-likelihood: -3343.648
Optimal log-likelihood: -3343.641
Nonsynonymous/synonymous ratio (omega): 1.000
Transition/transversion ratio (kappa): 1.000
Site proportion and rates:  (0.658,0.418) (0.196,1.524) (0.078,1.764) (0.068,4.253)
Parameters optimization took 15 rounds (70.283 sec)
Wrote distance file to... 
BEST SCORE FOUND : -3343.641
Ancestral state probabilities printed to /mnt/data0/yue/2026-03-11-protein-convergence/results/OG_9573/csubst_w_s/csubst_input_alignment.fa.state
Empirical proportions for each category: 0.728 0.209 0.000 0.063
Site rates printed to /mnt/data0/yue/2026-03-11-protein-convergence/results/OG_9573/csubst_w_s/csubst_input_alignment.fa.rate
Total tree length: 2.533

Total number of iterations: 0
CPU time used for tree search: 0.000 sec (0h:0m:0s)
Wall-clock time used for tree search: 0.000 sec (0h:0m:0s)
Total CPU time used: 72.973 sec (0h:1m:12s)
Total wall-clock time used: 73.073 sec (0h:1m:13s)

Analysis results written to: 
  IQ-TREE report:                /mnt/data0/yue/2026-03-11-protein-convergence/results/OG_9573/csubst_w_s/csubst_input_alignment.fa.iqtree
  Maximum-likelihood tree:       /mnt/data0/yue/2026-03-11-protein-convergence/results/OG_9573/csubst_w_s/csubst_input_alignment.fa.treefile
  Site-specific rates:           /mnt/data0/yue/2026-03-11-protein-convergence/results/OG_9573/csubst_w_s/csubst_input_alignment.fa.rate
  Ancestral state:               /mnt/data0/yue/2026-03-11-protein-convergence/results/OG_9573/csubst_w_s/csubst_input_alignment.fa.state
  Screen log file:               /mnt/data0/yue/2026-03-11-protein-convergence/results/OG_9573/csubst_w_s/csubst_input_alignment.fa.log

Date and Time: Sat Mar 28 06:01:56 2026
