IQ-TREE multicore version 2.4.0 for Linux x86 64-bit built Feb 12 2025
Developed by Bui Quang Minh, Nguyen Lam Tung, Olga Chernomor, Heiko Schmidt,
Dominik Schrempf, Michael Woodhams, Ly Trong Nhan, Thomas Wong

Host:    brain (AVX2, FMA3, 2015 GB RAM)
Command: /home/yue/miniconda3/envs/py39/bin/iqtree -s /mnt/data0/yue/2026-03-11-protein-convergence/results/OG_3907/csubst_w_s/csubst_input_alignment.fa -te tmp.csubst.nwk -m ECMK07+F+R4 --seqtype CODON1 --threads-max 1 -T AUTO --ancestral --rate --redo
Seed:    818849 (Using SPRNG - Scalable Parallel Random Number Generator)
Time:    Fri Mar 27 11:32:30 2026
Kernel:  AVX+FMA - auto-detect threads (128 CPU cores detected)

Reading alignment file /mnt/data0/yue/2026-03-11-protein-convergence/results/OG_3907/csubst_w_s/csubst_input_alignment.fa ... Fasta format detected
Reading fasta file: done in 0.00207092 secs
Alignment most likely contains DNA/RNA sequences
Converting to codon sequences with genetic code 1 ...
WARNING: 1 sites contain only gaps or ambiguous characters.
Alignment has 77 sequences with 228 columns, 218 distinct patterns
81 parsimony-informative, 76 singleton sites, 71 constant sites
                                                                Gap/Ambiguity  Composition  p-value
Analyzing sequences: done in 0.00010255 secs using 97.51% CPU
   1  JJ23|Cluster-44913.0__TRINITY_DN6982_c0_g1_i1.p1                 25.88%    passed    100.00%
   2  DE541|Cluster-11500.0__TRINITY_DN25384_c0_g1_i1.p1               26.75%    passed    100.00%
   3  DE536|Cluster-30144.0__TRINITY_DN8767_c0_g1_i1.p1                 5.26%    passed    100.00%
   4  SRR5150740|Cluster-48547.0__TRINITY_DN13452_c0_g1_i2.p1          35.96%    passed     99.91%
   5  DE542|Cluster-39598.0__TRINITY_DN9328_c0_g1_i1.p1                20.61%    passed     91.13%
   6  DE115|Cluster-3609.0__TRINITY_DN9034_c0_g2_i1.p1                  0.44%    passed    100.00%
   7  DE736|Cluster-33468.0__TRINITY_DN9530_c0_g1_i1.p1                28.95%    passed    100.00%
   8  DE152|Cluster-55828.0__TRINITY_DN72413_c0_g1_i1.p1                0.44%    passed    100.00%
   9  SRR3424066|Cluster-12173.0__TRINITY_DN43138_c0_g1_i1.p1           0.44%    passed    100.00%
  10  DE164|Cluster-58869.0__TRINITY_DN13137_c0_g1_i1.p1                0.44%    passed    100.00%
  11  SRR3407095|Cluster-15028.0__TRINITY_DN59555_c0_g1_i1.p1           0.44%    passed    100.00%
  12  DE181|Cluster-48258.0__TRINITY_DN10297_c0_g1_i2.p1                0.44%    passed    100.00%
  13  DE229|Cluster-29051.0__TRINITY_DN17825_c0_g1_i1.p1                0.44%    passed    100.00%
  14  DE476|Cluster-2483.0__TRINITY_DN1004_c0_g1_i5.p1                  0.44%    passed    100.00%
  15  SRR3407088|Cluster-20305.0__TRINITY_DN6215_c0_g1_i2.p1            0.44%    passed    100.00%
  16  DE504|Cluster-24943.0__TRINITY_DN19464_c0_g4_i1.p1                0.44%    passed    100.00%
  17  SRR3407086|Cluster-27929.0__TRINITY_DN71405_c0_g1_i1.p1           0.44%    passed    100.00%
  18  JJ99|Cluster-20781.0__TRINITY_DN57874_c0_g1_i1.p1                 0.44%    passed    100.00%
  19  DE534|Cluster-18374.0__TRINITY_DN22316_c0_g1_i1.p1                0.44%    passed    100.00%
  20  JJ86|Cluster-34289.0__TRINITY_DN51287_c0_g1_i1.p1                 0.44%    passed    100.00%
  21  JJ85|Cluster-32717.0__TRINITY_DN26379_c0_g1_i2.p1                 0.44%    passed    100.00%
  22  DE546_urceolata_l|Cluster-29652.0__TRINITY_DN22554_c0_g1_i1.p1    0.44%    passed    100.00%
  23  DE549|Cluster-30323.0__TRINITY_DN4470_c0_g1_i1.p1                 0.44%    passed    100.00%
  24  DE554|Cluster-52576.0__TRINITY_DN116262_c0_g1_i1.p1               0.44%    passed    100.00%
  25  DE560|Cluster-47955.0__TRINITY_DN9502_c0_g1_i1.p1                 0.44%    passed    100.00%
  26  DE561|Cluster-35342.0__TRINITY_DN22513_c0_g1_i1.p1                0.44%    passed    100.00%
  27  JJ130|Cluster-42167.0__TRINITY_DN12754_c0_g1_i1.p1                0.44%    passed    100.00%
  28  JJ125|Cluster-5426.0__TRINITY_DN42991_c0_g1_i1.p1                 0.44%    passed    100.00%
  29  JJ109|Cluster-25914.0__TRINITY_DN19922_c0_g1_i1.p1                0.44%    passed    100.00%
  30  DE563|Cluster-20726.0__TRINITY_DN86331_c0_g1_i2.p1                0.44%    passed    100.00%
  31  DE575|Cluster-61436.0__TRINITY_DN14570_c0_g1_i1.p1                0.44%    passed    100.00%
  32  DE88|Cluster-6966.0__TRINITY_DN48533_c0_g1_i1.p1                  0.44%    passed    100.00%
  33  DE765|Cluster-16392.0__TRINITY_DN50276_c0_g1_i1.p1                0.44%    passed    100.00%
  34  DE764|Cluster-10763.0__TRINITY_DN37680_c0_g1_i1.p1                0.44%    passed    100.00%
  35  DE741|Cluster-58347.0__TRINITY_DN6700_c0_g1_i1.p1                 0.44%    passed    100.00%
  36  DE737|Cluster-52099.0__TRINITY_DN13643_c0_g1_i2.p1                0.44%    passed    100.00%
  37  DE623|Cluster-8441.0__TRINITY_DN9246_c0_g1_i1.p1                  0.44%    passed    100.00%
  38  DE671|Cluster-2583.0__TRINITY_DN25273_c0_g1_i1.p1                 0.44%    passed    100.00%
  39  DE672|Cluster-214.0__TRINITY_DN4061_c0_g3_i1.p1                   0.44%    passed    100.00%
  40  DE69|Cluster-31234.0__TRINITY_DN4267_c1_g1_i1.p1                  0.44%    passed    100.00%
  41  DE680|Cluster-53655.0__TRINITY_DN15346_c0_g1_i2.p1                0.44%    passed    100.00%
  42  DE126|Cluster-47879.0__TRINITY_DN10038_c0_g1_i1.p1               32.02%    passed    100.00%
  43  DRR082660|Cluster-18843.0__TRINITY_DN11327_c0_g1_i1.p1           43.42%    passed     96.54%
  44  DE666|Cluster-29160.0__TRINITY_DN15926_c0_g2_i2.p1               43.42%    passed     99.71%
  45  SRR3407096|Cluster-6773.0__TRINITY_DN25777_c0_g1_i1.p1            0.44%    passed    100.00%
  46  DE523|Cluster-51589.0__TRINITY_DN19315_c0_g1_i1.p1                0.44%    passed    100.00%
  47  DE127|Cluster-43712.0__TRINITY_DN11618_c0_g1_i2.p1                0.44%    passed    100.00%
  48  DE519|Cluster-33567.0__TRINITY_DN19299_c0_g1_i2.p1                0.44%    passed    100.00%
  49  DE151|Cluster-31652.0__TRINITY_DN640_c1_g1_i1.p1                  0.44%    passed    100.00%
  50  DE173|Cluster-43122.0__TRINITY_DN7002_c0_g1_i1.p1                 0.44%    passed    100.00%
  51  DE189|Cluster-21052.0__TRINITY_DN10078_c0_g1_i1.p1                0.44%    passed    100.00%
  52  DE509|Cluster-17747.0__TRINITY_DN39174_c0_g1_i1.p1                0.44%    passed    100.00%
  53  DE162|Cluster-23552.0__TRINITY_DN48346_c0_g1_i1.p1                0.44%    passed      8.79%
  54  DE507|Cluster-11504.0__TRINITY_DN145105_c0_g1_i1.p1               0.44%    passed    100.00%
  55  DE668|Cluster-43963.0__TRINITY_DN14145_c0_g1_i3.p1                0.44%    passed    100.00%
  56  DE704-purple|Cluster-21633.0__TRINITY_DN8647_c0_g1_i1.p1          0.44%    passed    100.00%
  57  DE528|Cluster-11395.0__TRINITY_DN67291_c0_g1_i1.p1                0.44%    passed    100.00%
  58  DE704-white|Cluster-46004.0__TRINITY_DN7623_c0_g1_i1.p1           0.44%    passed    100.00%
  59  DE216|Cluster-24246.0__TRINITY_DN13402_c0_g1_i1.p1                0.44%    passed    100.00%
  60  JJ15|Cluster-75602.0__TRINITY_DN8153_c0_g3_i1.p1                  0.44%    passed    100.00%
  61  JJ74|Cluster-132882.0__TRINITY_DN149870_c0_g1_i1.p1               0.44%    passed    100.00%
  62  DE643|Cluster-43481.0__TRINITY_DN8379_c0_g1_i9.p1                 0.44%    passed    100.00%
  63  SRR3407094|Cluster-5762.0__TRINITY_DN46230_c0_g1_i1.p1            0.44%    passed    100.00%
  64  SRR3407093|Cluster-3397.0__TRINITY_DN29557_c0_g1_i2.p1            0.44%    passed    100.00%
  65  SRR3407092|Cluster-24729.0__TRINITY_DN40769_c0_g1_i1.p1           0.44%    passed    100.00%
  66  SRR3407087|Cluster-13889.0__TRINITY_DN44233_c0_g1_i1.p1           0.44%    passed    100.00%
  67  DE503|Cluster-56286.0__TRINITY_DN4969_c0_g1_i1.p1                 0.44%    passed    100.00%
  68  DE505|Cluster-58298.0__TRINITY_DN7018_c0_g1_i1.p1                 0.44%    passed    100.00%
  69  DE510|Cluster-33964.0__TRINITY_DN4892_c0_g1_i1.p1                 0.44%    passed    100.00%
  70  DE550|Cluster-12479.0__TRINITY_DN12134_c0_g1_i2.p1               10.96%    passed    100.00%
  71  JJ36|Cluster-25751.2__TRINITY_DN2776_c0_g1_i15.p1                 0.44%    passed    100.00%
  72  JJ89|Cluster-40213.1__TRINITY_DN9_c0_g6_i1.p1                     0.44%    passed    100.00%
  73  JJ131|Cluster-47796.1__TRINITY_DN3197_c0_g1_i2.p1                 0.44%    passed    100.00%
  74  DE681|Cluster-48561.1__TRINITY_DN8441_c0_g1_i4.p1                 0.44%    passed    100.00%
  75  DRR234970|Cluster-27756.0__TRINITY_DN22743_c0_g1_i1.p1            7.46%    passed    100.00%
  76  DE566|Cluster-43076.1__TRINITY_DN9651_c0_g1_i1.p1                 0.44%    passed    100.00%
  77  DE696-nodots|Cluster-40315.5__TRINITY_DN1734_c0_g1_i15.p1        53.51%    passed     78.27%
WARNING: 1 sequences contain more than 50% gaps/ambiguity
****  TOTAL                                                             4.71%  0 sequences failed composition chi2 test (p-value<5%; df=60)
WARNING: States(s) CGA, CGC, CGG, CGT rarely appear in alignment and may cause numerical problems
Reading input tree file tmp.csubst.nwk ... rooted tree

NOTE: 40 MB RAM (0 GB) is required!
Measuring multi-threading efficiency up to 1 CPU cores
2 trees examined
Threads: 1 / Time: 2.595 sec / Speedup: 1.000 / Efficiency: 100% / LogL: -4767
BEST NUMBER OF THREADS: 1

Estimate model parameters (epsilon = 0.010)
1. Initial log-likelihood: -5870.426
2. Current log-likelihood: -3430.874
3. Current log-likelihood: -3430.732
4. Current log-likelihood: -3430.646
5. Current log-likelihood: -3430.589
6. Current log-likelihood: -3430.552
7. Current log-likelihood: -3430.527
8. Current log-likelihood: -3430.511
9. Current log-likelihood: -3430.499
Optimal log-likelihood: -3430.491
Nonsynonymous/synonymous ratio (omega): 1.000
Transition/transversion ratio (kappa): 1.000
Site proportion and rates:  (0.613,0.423) (0.236,1.241) (0.134,2.537) (0.018,6.158)
Parameters optimization took 9 rounds (55.612 sec)
Wrote distance file to... 
BEST SCORE FOUND : -3430.491
Ancestral state probabilities printed to /mnt/data0/yue/2026-03-11-protein-convergence/results/OG_3907/csubst_w_s/csubst_input_alignment.fa.state
Empirical proportions for each category: 0.719 0.167 0.101 0.013
Site rates printed to /mnt/data0/yue/2026-03-11-protein-convergence/results/OG_3907/csubst_w_s/csubst_input_alignment.fa.rate
Total tree length: 2.210

Total number of iterations: 0
CPU time used for tree search: 0.000 sec (0h:0m:0s)
Wall-clock time used for tree search: 0.000 sec (0h:0m:0s)
Total CPU time used: 59.439 sec (0h:0m:59s)
Total wall-clock time used: 59.535 sec (0h:0m:59s)

Analysis results written to: 
  IQ-TREE report:                /mnt/data0/yue/2026-03-11-protein-convergence/results/OG_3907/csubst_w_s/csubst_input_alignment.fa.iqtree
  Maximum-likelihood tree:       /mnt/data0/yue/2026-03-11-protein-convergence/results/OG_3907/csubst_w_s/csubst_input_alignment.fa.treefile
  Site-specific rates:           /mnt/data0/yue/2026-03-11-protein-convergence/results/OG_3907/csubst_w_s/csubst_input_alignment.fa.rate
  Ancestral state:               /mnt/data0/yue/2026-03-11-protein-convergence/results/OG_3907/csubst_w_s/csubst_input_alignment.fa.state
  Screen log file:               /mnt/data0/yue/2026-03-11-protein-convergence/results/OG_3907/csubst_w_s/csubst_input_alignment.fa.log

Date and Time: Fri Mar 27 11:33:30 2026
