IQ-TREE multicore version 2.4.0 for Linux x86 64-bit built Feb 12 2025
Developed by Bui Quang Minh, Nguyen Lam Tung, Olga Chernomor, Heiko Schmidt,
Dominik Schrempf, Michael Woodhams, Ly Trong Nhan, Thomas Wong

Host:    brain (AVX2, FMA3, 2015 GB RAM)
Command: /home/yue/miniconda3/envs/py39/bin/iqtree -s /mnt/data0/yue/2026-03-11-protein-convergence/results/OG_6899/csubst_w_s/csubst_input_alignment.fa -te tmp.csubst.nwk -m ECMK07+F+R4 --seqtype CODON1 --threads-max 1 -T AUTO --ancestral --rate --redo
Seed:    959577 (Using SPRNG - Scalable Parallel Random Number Generator)
Time:    Fri Mar 27 23:04:07 2026
Kernel:  AVX+FMA - auto-detect threads (128 CPU cores detected)

Reading alignment file /mnt/data0/yue/2026-03-11-protein-convergence/results/OG_6899/csubst_w_s/csubst_input_alignment.fa ... Fasta format detected
Reading fasta file: done in 0.00169626 secs using 49.82% CPU
Alignment most likely contains DNA/RNA sequences
Converting to codon sequences with genetic code 1 ...
Alignment has 69 sequences with 205 columns, 199 distinct patterns
126 parsimony-informative, 51 singleton sites, 28 constant sites
                                                               Gap/Ambiguity  Composition  p-value
Analyzing sequences: done in 7.95424e-05 secs using 98.06% CPU
   1  DE680|Cluster-41277.0__TRINITY_DN3380_c0_g1_i19.p1               0.00%    passed    100.00%
   2  DE127|Cluster-42728.0__TRINITY_DN4235_c0_g1_i14.p1               0.98%    passed    100.00%
   3  DE554|Cluster-56539.0__TRINITY_DN5222_c0_g1_i13.p1               0.98%    passed    100.00%
   4  DE162|Cluster-40547.0__TRINITY_DN3872_c0_g1_i15.p1               0.00%    passed    100.00%
   5  DE507|Cluster-85929.0__TRINITY_DN2223_c0_g1_i6.p1                8.29%    passed    100.00%
   6  DE528|Cluster-48745.0__TRINITY_DN18008_c0_g1_i10.p1              0.00%    passed    100.00%
   7  DE643|Cluster-80294.0__TRINITY_DN5272_c1_g1_i19.p1               8.29%    passed    100.00%
   8  DE671|Cluster-22129.0__TRINITY_DN5873_c0_g1_i6.p1                0.00%    passed    100.00%
   9  DE741|Cluster-50736.1__TRINITY_DN4629_c0_g1_i9.p1                0.00%    passed    100.00%
  10  DE519|Cluster-54797.0__TRINITY_DN3546_c0_g1_i3.p1                8.29%    passed    100.00%
  11  DE216|Cluster-65610.1__TRINITY_DN1401_c0_g1_i6.p1                5.37%    passed    100.00%
  12  JJ15|Cluster-72217.0__TRINITY_DN11_c0_g1_i35.p1                  5.37%    passed    100.00%
  13  DE542|Cluster-38350.0__TRINITY_DN5445_c0_g1_i17.p1               5.37%    passed    100.00%
  14  DE69|Cluster-45943.0__TRINITY_DN4564_c0_g2_i2.p1                 0.00%    passed    100.00%
  15  SRR3407095|Cluster-39779.0__TRINITY_DN10540_c1_g1_i5.p1          0.00%    passed    100.00%
  16  DE510|Cluster-18479.0__TRINITY_DN2655_c0_g1_i4.p1                0.00%    passed    100.00%
  17  DE523|Cluster-53879.0__TRINITY_DN7023_c0_g1_i9.p1                8.29%    passed    100.00%
  18  SRR3407096|Cluster-27829.0__TRINITY_DN4817_c0_g1_i3.p1           0.00%    passed    100.00%
  19  DE764|Cluster-42458.0__TRINITY_DN15902_c0_g1_i13.p1              0.00%    passed    100.00%
  20  DE560|Cluster-20387.2__TRINITY_DN2522_c0_g2_i9.p1                0.00%    passed    100.00%
  21  DE534|Cluster-54461.0__TRINITY_DN14425_c0_g1_i10.p1             61.95%    passed     97.36%
  22  DE476|Cluster-53780.0__TRINITY_DN6224_c0_g1_i2.p1               61.95%    passed     98.54%
  23  DE541|Cluster-50340.0__TRINITY_DN3598_c0_g1_i6.p1                0.00%    passed    100.00%
  24  DE737|Cluster-56591.0__TRINITY_DN4617_c0_g1_i1.p1                0.00%    passed    100.00%
  25  DE672|Cluster-30331.0__TRINITY_DN2033_c0_g1_i7.p1                0.00%    passed    100.00%
  26  JJ36|Cluster-38502.0__TRINITY_DN14515_c0_g1_i16.p1               0.00%    passed    100.00%
  27  JJ89|Cluster-34470.0__TRINITY_DN5146_c0_g1_i6.p1                 0.00%    passed    100.00%
  28  DE88|Cluster-38584.0__TRINITY_DN13020_c0_g1_i4.p1                0.00%    passed    100.00%
  29  DE696-dots|Cluster-58939.0__TRINITY_DN8371_c0_g1_i4.p1           0.00%    passed    100.00%
  30  DE509|Cluster-45263.1__TRINITY_DN890_c0_g1_i19.p1                0.00%    passed    100.00%
  31  DE736|Cluster-38454.1__TRINITY_DN11818_c0_g1_i7.p1               0.00%    passed    100.00%
  32  DE561|Cluster-11107.0__TRINITY_DN4981_c0_g1_i2.p1                0.00%    passed    100.00%
  33  DRR082660|Cluster-21623.0__TRINITY_DN4178_c0_g1_i1.p1            0.00%    passed    100.00%
  34  DE696-nodots|Cluster-64198.0__TRINITY_DN1356_c0_g1_i18.p1        6.83%    passed    100.00%
  35  DE668|Cluster-52686.0__TRINITY_DN3696_c0_g1_i3.p1                0.00%    passed    100.00%
  36  DE151|Cluster-36201.0__TRINITY_DN4351_c0_g1_i15.p1               2.44%    passed    100.00%
  37  DE704-purple|Cluster-60018.0__TRINITY_DN13364_c0_g1_i40.p1       0.00%    passed    100.00%
  38  DE704-white|Cluster-67604.0__TRINITY_DN6704_c0_g1_i2.p1          0.00%    passed    100.00%
  39  SRR5150740|Cluster-25568.0__TRINITY_DN14457_c0_g1_i2.p1          8.78%    passed     99.90%
  40  DE115|Cluster-67341.0__TRINITY_DN13764_c0_g1_i20.p1              9.27%    passed    100.00%
  41  DE681|Cluster-55136.0__TRINITY_DN4446_c0_g1_i10.p1               0.00%    passed    100.00%
  42  DE563|Cluster-18108.19__TRINITY_DN8478_c0_g2_i4.p1               0.00%    passed    100.00%
  43  JJ86|Cluster-50330.0__TRINITY_DN3539_c1_g1_i6.p1                 0.00%    passed    100.00%
  44  DE575|Cluster-56303.0__TRINITY_DN2972_c0_g2_i12.p1               8.29%    passed    100.00%
  45  DE765|Cluster-51883.0__TRINITY_DN16659_c0_g1_i12.p1              0.00%    passed    100.00%
  46  DE666|Cluster-44410.0__TRINITY_DN3245_c0_g1_i7.p1                0.00%    passed    100.00%
  47  DE546_urceolata_l|Cluster-20873.0__TRINITY_DN1602_c0_g1_i4.p1    0.00%    passed    100.00%
  48  DE229|Cluster-53335.0__TRINITY_DN3301_c2_g1_i1.p1                8.29%    passed    100.00%
  49  DE152|Cluster-46716.0__TRINITY_DN2491_c0_g1_i4.p1                0.00%    passed    100.00%
  50  JJ99|Cluster-30122.0__TRINITY_DN33094_c0_g1_i7.p1                0.00%    passed    100.00%
  51  DE126|Cluster-46538.0__TRINITY_DN1055_c0_g1_i23.p1               6.34%    passed    100.00%
  52  DE536|Cluster-56807.0__TRINITY_DN5313_c0_g1_i7.p1                8.29%    failed      3.55%
  53  DE189|Cluster-40343.0__TRINITY_DN84_c0_g3_i5.p1                  2.44%    passed    100.00%
  54  JJ130|Cluster-53364.0__TRINITY_DN7884_c0_g1_i1.p1                2.44%    passed    100.00%
  55  DE164|Cluster-29300.0__TRINITY_DN3279_c0_g1_i5.p1                0.00%    passed    100.00%
  56  DE504|Cluster-56086.0__TRINITY_DN1995_c0_g1_i7.p1                0.00%    passed    100.00%
  57  DE173|Cluster-35969.0__TRINITY_DN1173_c0_g1_i4.p1                2.44%    passed     99.80%
  58  DE623|Cluster-50985.0__TRINITY_DN1391_c0_g1_i14.p1               0.00%    passed    100.00%
  59  JJ131|Cluster-53902.0__TRINITY_DN811_c0_g1_i36.p1                8.29%    passed    100.00%
  60  JJ125|Cluster-32788.0__TRINITY_DN8011_c0_g1_i1.p1                0.00%    passed    100.00%
  61  SRR3407088|Cluster-38671.1__TRINITY_DN4690_c0_g1_i5.p1           0.00%    passed    100.00%
  62  SRR3407087|Cluster-23540.0__TRINITY_DN7564_c0_g1_i5.p1           0.00%    passed    100.00%
  63  SRR3407092|Cluster-3546.0__TRINITY_DN10497_c0_g1_i1.p1           0.00%    passed    100.00%
  64  SRR3424066|Cluster-38078.0__TRINITY_DN6913_c0_g2_i3.p1           0.00%    passed    100.00%
  65  SRR3407086|Cluster-32441.0__TRINITY_DN8729_c0_g1_i1.p1           0.00%    passed    100.00%
  66  SRR3407094|Cluster-28502.0__TRINITY_DN9347_c0_g1_i4.p1           0.98%    passed    100.00%
  67  SRR3407093|Cluster-40204.0__TRINITY_DN10402_c0_g1_i10.p1         0.00%    passed      7.55%
  68  JJ85|Cluster-14847.0__TRINITY_DN4181_c0_g1_i1.p1                 1.46%    passed    100.00%
  69  DRR082665|Cluster-38137.0__TRINITY_DN19997_c0_g1_i2.p1          33.66%    failed      3.23%
WARNING: 2 sequences contain more than 50% gaps/ambiguity
****  TOTAL                                                            4.14%  2 sequences failed composition chi2 test (p-value<5%; df=60)
WARNING: States(s) CAC, TAT rarely appear in alignment and may cause numerical problems
Reading input tree file tmp.csubst.nwk ... rooted tree

NOTE: 34 MB RAM (0 GB) is required!
Measuring multi-threading efficiency up to 1 CPU cores
2 trees examined
Threads: 1 / Time: 1.830 sec / Speedup: 1.000 / Efficiency: 100% / LogL: -6940
BEST NUMBER OF THREADS: 1

Estimate model parameters (epsilon = 0.010)
1. Initial log-likelihood: -6408.631
2. Current log-likelihood: -4497.111
3. Current log-likelihood: -4497.001
4. Current log-likelihood: -4496.952
5. Current log-likelihood: -4496.929
6. Current log-likelihood: -4496.918
Optimal log-likelihood: -4496.913
Nonsynonymous/synonymous ratio (omega): 1.000
Transition/transversion ratio (kappa): 1.000
Site proportion and rates:  (0.524,0.542) (0.398,1.215) (0.072,2.907) (0.005,4.030)
Parameters optimization took 6 rounds (34.349 sec)
Wrote distance file to... 
BEST SCORE FOUND : -4496.913
Ancestral state probabilities printed to /mnt/data0/yue/2026-03-11-protein-convergence/results/OG_6899/csubst_w_s/csubst_input_alignment.fa.state
Empirical proportions for each category: 0.590 0.351 0.059 0.000
Site rates printed to /mnt/data0/yue/2026-03-11-protein-convergence/results/OG_6899/csubst_w_s/csubst_input_alignment.fa.rate
Total tree length: 3.373

Total number of iterations: 0
CPU time used for tree search: 0.000 sec (0h:0m:0s)
Wall-clock time used for tree search: 0.000 sec (0h:0m:0s)
Total CPU time used: 37.303 sec (0h:0m:37s)
Total wall-clock time used: 37.389 sec (0h:0m:37s)

Analysis results written to: 
  IQ-TREE report:                /mnt/data0/yue/2026-03-11-protein-convergence/results/OG_6899/csubst_w_s/csubst_input_alignment.fa.iqtree
  Maximum-likelihood tree:       /mnt/data0/yue/2026-03-11-protein-convergence/results/OG_6899/csubst_w_s/csubst_input_alignment.fa.treefile
  Site-specific rates:           /mnt/data0/yue/2026-03-11-protein-convergence/results/OG_6899/csubst_w_s/csubst_input_alignment.fa.rate
  Ancestral state:               /mnt/data0/yue/2026-03-11-protein-convergence/results/OG_6899/csubst_w_s/csubst_input_alignment.fa.state
  Screen log file:               /mnt/data0/yue/2026-03-11-protein-convergence/results/OG_6899/csubst_w_s/csubst_input_alignment.fa.log

Date and Time: Fri Mar 27 23:04:45 2026
