IQ-TREE multicore version 2.4.0 for Linux x86 64-bit built Feb 12 2025
Developed by Bui Quang Minh, Nguyen Lam Tung, Olga Chernomor, Heiko Schmidt,
Dominik Schrempf, Michael Woodhams, Ly Trong Nhan, Thomas Wong

Host:    brain (AVX2, FMA3, 2015 GB RAM)
Command: /home/yue/miniconda3/envs/py39/bin/iqtree -s /mnt/data0/yue/2026-03-11-protein-convergence/results/OG_5065/csubst_w_s/csubst_input_alignment.fa -te tmp.csubst.nwk -m ECMK07+F+R4 --seqtype CODON1 --threads-max 1 -T AUTO --ancestral --rate --redo
Seed:    985063 (Using SPRNG - Scalable Parallel Random Number Generator)
Time:    Fri Mar 27 16:23:40 2026
Kernel:  AVX+FMA - auto-detect threads (128 CPU cores detected)

Reading alignment file /mnt/data0/yue/2026-03-11-protein-convergence/results/OG_5065/csubst_w_s/csubst_input_alignment.fa ... Fasta format detected
Reading fasta file: done in 0.00279342 secs using 44.64% CPU
Alignment most likely contains DNA/RNA sequences
Converting to codon sequences with genetic code 1 ...
WARNING: 1 sites contain only gaps or ambiguous characters.
Alignment has 67 sequences with 368 columns, 355 distinct patterns
174 parsimony-informative, 100 singleton sites, 94 constant sites
                                                               Gap/Ambiguity  Composition  p-value
Analyzing sequences: done in 0.000132605 secs using 98.79% CPU
   1  JJ23|Cluster-26419.0__TRINITY_DN1519_c1_g1_i1.p1                 0.27%    passed     99.98%
   2  SRR3407093|Cluster-30361.0__TRINITY_DN12824_c0_g1_i1.p1         47.01%    passed    100.00%
   3  DE505|Cluster-53020.0__TRINITY_DN186_c0_g3_i2.p1                47.01%    passed    100.00%
   4  DE510|Cluster-19954.0__TRINITY_DN376_c1_g2_i2.p1                47.01%    passed    100.00%
   5  DE523|Cluster-50436.0__TRINITY_DN6003_c0_g1_i5.p1               47.01%    passed    100.00%
   6  DE561|Cluster-19951.0__TRINITY_DN10452_c0_g1_i2.p1              47.01%    passed    100.00%
   7  DE503|Cluster-45086.0__TRINITY_DN15290_c0_g1_i11.p1             27.45%    passed    100.00%
   8  DE115|Cluster-66752.0__TRINITY_DN3486_c0_g1_i7.p1               17.93%    passed    100.00%
   9  DE151|Cluster-60683.0__TRINITY_DN7539_c0_g1_i1.p1               32.07%    passed    100.00%
  10  DE736|Cluster-43017.2__TRINITY_DN1969_c0_g1_i17.p1              32.07%    passed    100.00%
  11  JJ89|Cluster-35415.0__TRINITY_DN1744_c0_g1_i5.p1                51.09%    passed    100.00%
  12  DE164|Cluster-26514.0__TRINITY_DN828_c2_g1_i1.p1                 0.27%    passed    100.00%
  13  DE181|Cluster-37455.2__TRINITY_DN2835_c0_g1_i8.p1               32.07%    passed    100.00%
  14  SRR3407094|Cluster-27722.0__TRINITY_DN634_c0_g1_i1.p1            0.27%    passed    100.00%
  15  DE189|Cluster-18060.5__TRINITY_DN3853_c0_g1_i14.p1               0.27%    passed    100.00%
  16  DE509|Cluster-30946.3__TRINITY_DN1197_c0_g1_i21.p1              32.07%    passed    100.00%
  17  SRR3407088|Cluster-40791.2__TRINITY_DN6984_c0_g1_i2.p1           0.27%    passed    100.00%
  18  SRR3407087|Cluster-37387.0__TRINITY_DN1281_c1_g2_i1.p1           0.27%    passed    100.00%
  19  SRR3407086|Cluster-9950.0__TRINITY_DN3890_c0_g4_i1.p1            0.27%    passed    100.00%
  20  DE531|Cluster-51827.0__TRINITY_DN4873_c0_g2_i8.p1               32.07%    passed    100.00%
  21  DE541|Cluster-25340.3__TRINITY_DN5861_c0_g1_i9.p1               32.07%    passed    100.00%
  22  DE546_urceolata_l|Cluster-41263.0__TRINITY_DN3874_c1_g1_i9.p1   32.07%    passed    100.00%
  23  DE549|Cluster-42056.0__TRINITY_DN8011_c0_g1_i3.p1               32.07%    passed    100.00%
  24  DE550|Cluster-52287.0__TRINITY_DN28312_c1_g1_i10.p1             32.07%    passed    100.00%
  25  DE566|Cluster-50400.0__TRINITY_DN9718_c0_g1_i3.p1               32.07%    passed     99.98%
  26  DE643|Cluster-66880.0__TRINITY_DN8674_c0_g1_i2.p1                0.27%    passed    100.00%
  27  DE671|Cluster-55638.0__TRINITY_DN21947_c0_g1_i1.p1               0.27%    passed    100.00%
  28  DE672|Cluster-35359.1__TRINITY_DN4021_c0_g1_i5.p1                0.27%    passed    100.00%
  29  SRR3424066|Cluster-32678.0__TRINITY_DN13419_c1_g1_i2.p1          0.27%    passed    100.00%
  30  DE88|Cluster-34446.0__TRINITY_DN5150_c0_g1_i2.p1                32.07%    passed     99.99%
  31  SRR3407092|Cluster-18063.0__TRINITY_DN6680_c0_g1_i6.p1           5.43%    passed    100.00%
  32  SRR3407096|Cluster-26634.0__TRINITY_DN4406_c0_g1_i14.p1          0.27%    passed    100.00%
  33  JJ85|Cluster-4480.0__TRINITY_DN4568_c0_g1_i17.p1                 0.27%    passed    100.00%
  34  JJ109|Cluster-33737.10__TRINITY_DN7755_c0_g2_i9.p1              44.57%    passed    100.00%
  35  DE737|Cluster-57180.0__TRINITY_DN4276_c0_g1_i1.p1               32.07%    passed    100.00%
  36  DE519|Cluster-74462.0__TRINITY_DN170_c0_g1_i1.p1                32.07%    passed    100.00%
  37  DE741|Cluster-55326.0__TRINITY_DN6890_c0_g1_i3.p1               32.07%    passed    100.00%
  38  DE504|Cluster-29892.1__TRINITY_DN1724_c1_g1_i7.p1                0.27%    passed    100.00%
  39  JJ125|Cluster-40537.0__TRINITY_DN7622_c0_g1_i13.p1              32.07%    passed    100.00%
  40  DE704-purple|Cluster-40595.3__TRINITY_DN2547_c0_g1_i22.p1        0.27%    passed     89.90%
  41  DE704-white|Cluster-69788.1__TRINITY_DN1276_c0_g1_i1.p1          0.27%    passed    100.00%
  42  DE536|Cluster-10791.0__TRINITY_DN1947_c0_g1_i5.p1                0.27%    passed    100.00%
  43  DE534|Cluster-46577.0__TRINITY_DN1844_c0_g1_i2.p1                0.27%    passed    100.00%
  44  JJ15|Cluster-60997.1__TRINITY_DN729_c0_g1_i1.p1                 41.85%    passed    100.00%
  45  DE542|Cluster-50224.6__TRINITY_DN3125_c0_g1_i12.p1               0.54%    passed    100.00%
  46  DRR234970|Cluster-13422.0__TRINITY_DN11899_c0_g1_i1.p1           0.27%    passed     99.64%
  47  DE127|Cluster-17765.1__TRINITY_DN6975_c0_g1_i5.p1                0.27%    passed    100.00%
  48  DE554|Cluster-50869.0__TRINITY_DN3625_c0_g1_i16.p1               0.27%    passed    100.00%
  49  JJ74|Cluster-117658.0__TRINITY_DN1009_c0_g1_i6.p1               38.59%    passed     99.70%
  50  DE560|Cluster-35367.0__TRINITY_DN5930_c0_g1_i2.p1               38.59%    passed     99.98%
  51  JJ130|Cluster-40476.1__TRINITY_DN7072_c0_g1_i13.p1              33.70%    passed     99.98%
  52  DE507|Cluster-83838.1__TRINITY_DN1355_c0_g1_i1.p1                0.27%    passed    100.00%
  53  DE666|Cluster-42659.0__TRINITY_DN9689_c0_g1_i4.p1                0.27%    passed    100.00%
  54  DRR082660|Cluster-17839.0__TRINITY_DN14317_c1_g1_i1.p1           0.27%    passed    100.00%
  55  DE563|Cluster-16811.1__TRINITY_DN7237_c0_g1_i5.p1                0.27%    passed    100.00%
  56  DE229|Cluster-24997.0__TRINITY_DN6641_c0_g1_i10.p1               0.27%    passed    100.00%
  57  DE680|Cluster-54019.1__TRINITY_DN943_c0_g2_i1.p1                 0.27%    passed    100.00%
  58  DE162|Cluster-45819.2__TRINITY_DN668_c0_g1_i16.p1                0.27%    passed    100.00%
  59  JJ99|Cluster-34383.37__TRINITY_DN2538_c0_g1_i18.p1              11.96%    passed    100.00%
  60  DE528|Cluster-50175.3__TRINITY_DN5352_c0_g1_i1.p1                0.27%    passed    100.00%
  61  DE152|Cluster-46544.6__TRINITY_DN206_c0_g1_i13.p1                0.27%    passed    100.00%
  62  DE765|Cluster-44151.0__TRINITY_DN1234_c0_g1_i6.p1                0.27%    passed    100.00%
  63  DE575|Cluster-64515.1__TRINITY_DN372_c0_g1_i3.p1                 0.27%    passed    100.00%
  64  DE681|Cluster-18257.0__TRINITY_DN180_c0_g1_i5.p1                 0.27%    passed    100.00%
  65  SRR3407095|Cluster-52835.0__TRINITY_DN8566_c0_g1_i18.p1         38.59%    passed     99.25%
  66  DE69|Cluster-23580.1__TRINITY_DN9613_c0_g1_i2.p1                38.59%    passed     99.25%
  67  DRR082665|Cluster-15164.0__TRINITY_DN3067_c0_g1_i2.p1            3.26%    passed     18.09%
WARNING: 1 sequences contain more than 50% gaps/ambiguity
****  TOTAL                                                           16.67%  0 sequences failed composition chi2 test (p-value<5%; df=60)
Reading input tree file tmp.csubst.nwk ... rooted tree

NOTE: 52 MB RAM (0 GB) is required!
Measuring multi-threading efficiency up to 1 CPU cores
2 trees examined
Threads: 1 / Time: 2.687 sec / Speedup: 1.000 / Efficiency: 100% / LogL: -8428
BEST NUMBER OF THREADS: 1

Estimate model parameters (epsilon = 0.010)
1. Initial log-likelihood: -9088.536
2. Current log-likelihood: -5793.630
3. Current log-likelihood: -5786.684
4. Current log-likelihood: -5786.625
5. Current log-likelihood: -5786.603
Optimal log-likelihood: -5786.594
Nonsynonymous/synonymous ratio (omega): 1.000
Transition/transversion ratio (kappa): 1.000
Site proportion and rates:  (0.455,0.446) (0.335,0.894) (0.174,2.103) (0.036,3.697)
Parameters optimization took 5 rounds (51.598 sec)
Wrote distance file to... 
BEST SCORE FOUND : -5786.594
Ancestral state probabilities printed to /mnt/data0/yue/2026-03-11-protein-convergence/results/OG_5065/csubst_w_s/csubst_input_alignment.fa.state
Empirical proportions for each category: 0.590 0.236 0.160 0.014
Site rates printed to /mnt/data0/yue/2026-03-11-protein-convergence/results/OG_5065/csubst_w_s/csubst_input_alignment.fa.rate
Total tree length: 2.244

Total number of iterations: 0
CPU time used for tree search: 0.000 sec (0h:0m:0s)
Wall-clock time used for tree search: 0.000 sec (0h:0m:0s)
Total CPU time used: 55.558 sec (0h:0m:55s)
Total wall-clock time used: 55.859 sec (0h:0m:55s)

Analysis results written to: 
  IQ-TREE report:                /mnt/data0/yue/2026-03-11-protein-convergence/results/OG_5065/csubst_w_s/csubst_input_alignment.fa.iqtree
  Maximum-likelihood tree:       /mnt/data0/yue/2026-03-11-protein-convergence/results/OG_5065/csubst_w_s/csubst_input_alignment.fa.treefile
  Site-specific rates:           /mnt/data0/yue/2026-03-11-protein-convergence/results/OG_5065/csubst_w_s/csubst_input_alignment.fa.rate
  Ancestral state:               /mnt/data0/yue/2026-03-11-protein-convergence/results/OG_5065/csubst_w_s/csubst_input_alignment.fa.state
  Screen log file:               /mnt/data0/yue/2026-03-11-protein-convergence/results/OG_5065/csubst_w_s/csubst_input_alignment.fa.log

Date and Time: Fri Mar 27 16:24:36 2026
