IQ-TREE multicore version 2.4.0 for Linux x86 64-bit built Feb 12 2025
Developed by Bui Quang Minh, Nguyen Lam Tung, Olga Chernomor, Heiko Schmidt,
Dominik Schrempf, Michael Woodhams, Ly Trong Nhan, Thomas Wong

Host:    brain (AVX2, FMA3, 2015 GB RAM)
Command: /home/yue/miniconda3/envs/py39/bin/iqtree -s /mnt/data0/yue/2026-03-11-protein-convergence/results/OG_8258/csubst_w_s/csubst_input_alignment.fa -te tmp.csubst.nwk -m ECMK07+F+R4 --seqtype CODON1 --threads-max 1 -T AUTO --ancestral --rate --redo
Seed:    748690 (Using SPRNG - Scalable Parallel Random Number Generator)
Time:    Sat Mar 28 03:01:46 2026
Kernel:  AVX+FMA - auto-detect threads (128 CPU cores detected)

Reading alignment file /mnt/data0/yue/2026-03-11-protein-convergence/results/OG_8258/csubst_w_s/csubst_input_alignment.fa ... Fasta format detected
Reading fasta file: done in 0.000903144 secs
Alignment most likely contains DNA/RNA sequences
Converting to codon sequences with genetic code 1 ...
WARNING: 1 sites contain only gaps or ambiguous characters.
Alignment has 72 sequences with 234 columns, 231 distinct patterns
153 parsimony-informative, 47 singleton sites, 34 constant sites
                                                          Gap/Ambiguity  Composition  p-value
Analyzing sequences: done in 4.07845e-05 secs
   1  DE115|Cluster-52234.1__TRINITY_DN3566_c0_g1_i2.p1           0.43%    passed    100.00%
   2  DE126|Cluster-9154.0__TRINITY_DN16321_c1_g1_i1.p1           0.43%    passed    100.00%
   3  DE152|Cluster-63648.0__TRINITY_DN46762_c0_g1_i1.p1         54.70%    passed     57.94%
   4  DE173|Cluster-22880.0__TRINITY_DN22609_c0_g2_i1.p1         54.70%    passed     99.09%
   5  DE643|Cluster-17266.0__TRINITY_DN115301_c0_g1_i1.p1        54.70%    passed     97.06%
   6  DE554|Cluster-32393.0__TRINITY_DN18309_c0_g1_i1.p1         18.80%    passed    100.00%
   7  DE672|Cluster-37575.0__TRINITY_DN17546_c0_g1_i4.p1          0.43%    passed    100.00%
   8  DE671|Cluster-32860.0__TRINITY_DN7815_c0_g1_i1.p1          11.97%    passed    100.00%
   9  DE151|Cluster-44711.0__TRINITY_DN14780_c0_g1_i1.p1          0.43%    passed    100.00%
  10  DE162|Cluster-42763.0__TRINITY_DN42968_c0_g1_i1.p1          0.43%    passed    100.00%
  11  DE476|Cluster-49159.0__TRINITY_DN46123_c0_g1_i1.p1         11.11%    passed    100.00%
  12  DE549|Cluster-51791.1__TRINITY_DN5858_c0_g1_i2.p1           0.43%    passed    100.00%
  13  DE737|Cluster-117.0__TRINITY_DN14892_c0_g1_i1.p1            0.43%    passed    100.00%
  14  DE164|Cluster-22110.0__TRINITY_DN20152_c1_g1_i1.p1          0.43%    passed    100.00%
  15  DE509|Cluster-11085.0__TRINITY_DN28117_c0_g1_i1.p1          0.43%    passed    100.00%
  16  DE504|Cluster-31689.0__TRINITY_DN68001_c0_g1_i2.p1          0.43%    passed    100.00%
  17  DE736|Cluster-11009.0__TRINITY_DN123225_c0_g1_i1.p1        11.11%    passed    100.00%
  18  DE764|Cluster-21963.0__TRINITY_DN48662_c0_g1_i1.p1          0.43%    passed    100.00%
  19  DE541|Cluster-25565.0__TRINITY_DN67668_c0_g1_i1.p1          0.43%    passed    100.00%
  20  DE550|Cluster-10185.0__TRINITY_DN71538_c0_g1_i1.p1          0.43%    passed    100.00%
  21  DE680|Cluster-50041.0__TRINITY_DN14360_c0_g1_i1.p1         18.80%    passed    100.00%
  22  JJ89|Cluster-22489.0__TRINITY_DN7026_c0_g1_i1.p1            0.43%    passed    100.00%
  23  JJ130|Cluster-12258.0__TRINITY_DN50633_c0_g1_i1.p1          0.43%    passed    100.00%
  24  JJ85|Cluster-19454.0__TRINITY_DN28525_c0_g1_i1.p1           0.43%    passed    100.00%
  25  DE69|Cluster-44110.0__TRINITY_DN30920_c0_g1_i1.p1           0.43%    passed    100.00%
  26  SRR3407095|Cluster-20538.0__TRINITY_DN49764_c0_g1_i1.p1     0.43%    passed    100.00%
  27  JJ36|Cluster-7234.0__TRINITY_DN23320_c0_g1_i1.p1            0.43%    passed    100.00%
  28  DE531|Cluster-6755.0__TRINITY_DN56457_c0_g1_i1.p1           0.43%    passed    100.00%
  29  DE696-dots|Cluster-37553.0__TRINITY_DN71600_c0_g1_i1.p1     0.43%    passed    100.00%
  30  DE696-nodots|Cluster-4501.0__TRINITY_DN70608_c0_g1_i1.p1    0.43%    passed    100.00%
  31  DE507|Cluster-16688.0__TRINITY_DN58000_c0_g1_i2.p1          0.43%    passed    100.00%
  32  DE528|Cluster-36106.0__TRINITY_DN24116_c0_g1_i1.p1          0.43%    passed    100.00%
  33  DE704-purple|Cluster-4389.0__TRINITY_DN81677_c0_g1_i1.p1    0.43%    passed    100.00%
  34  DE704-white|Cluster-2866.0__TRINITY_DN108134_c0_g1_i1.p1    0.43%    passed    100.00%
  35  DE216|Cluster-39708.0__TRINITY_DN111372_c0_g1_i1.p1         0.43%    passed    100.00%
  36  JJ15|Cluster-11934.0__TRINITY_DN84082_c0_g1_i1.p1           0.43%    passed    100.00%
  37  DE534|Cluster-3962.0__TRINITY_DN75164_c0_g1_i1.p1           0.43%    passed    100.00%
  38  DE575|Cluster-68499.0__TRINITY_DN24777_c0_g1_i2.p1          0.43%    passed    100.00%
  39  DE765|Cluster-17699.0__TRINITY_DN82914_c0_g1_i3.p1          8.55%    passed     99.90%
  40  DE681|Cluster-25943.0__TRINITY_DN24239_c0_g1_i2.p1          0.43%    passed    100.00%
  41  DE536|Cluster-18309.0__TRINITY_DN39198_c0_g1_i1.p1          0.43%    passed    100.00%
  42  DE523|Cluster-25771.0__TRINITY_DN18794_c0_g1_i1.p1          0.43%    passed    100.00%
  43  SRR3407096|Cluster-4316.0__TRINITY_DN17064_c0_g1_i1.p1      0.43%    passed    100.00%
  44  DE181|Cluster-18649.1__TRINITY_DN3610_c0_g1_i3.p1           0.43%    passed    100.00%
  45  SRR3407088|Cluster-31726.0__TRINITY_DN7304_c0_g1_i1.p1      0.43%    passed    100.00%
  46  SRR3407086|Cluster-24696.0__TRINITY_DN84591_c0_g1_i1.p1    11.11%    passed    100.00%
  47  SRR3424066|Cluster-26927.0__TRINITY_DN43379_c0_g1_i1.p1    14.53%    passed    100.00%
  48  DE561|Cluster-1501.0__TRINITY_DN6113_c2_g1_i1.p1            0.43%    passed    100.00%
  49  SRR3407093|Cluster-11518.0__TRINITY_DN6156_c0_g1_i1.p1      0.43%    passed    100.00%
  50  DE503|Cluster-38537.0__TRINITY_DN18108_c0_g1_i1.p1          0.43%    passed    100.00%
  51  DE505|Cluster-55716.0__TRINITY_DN46064_c0_g1_i1.p1          0.43%    passed    100.00%
  52  SRR3407092|Cluster-16726.0__TRINITY_DN30831_c0_g1_i1.p1     0.43%    passed    100.00%
  53  DE510|Cluster-33614.0__TRINITY_DN36756_c0_g1_i1.p1          0.43%    passed    100.00%
  54  SRR3407087|Cluster-31380.0__TRINITY_DN25590_c0_g1_i1.p1     0.43%    passed    100.00%
  55  SRR3407094|Cluster-15551.0__TRINITY_DN46190_c0_g1_i1.p1     0.43%    passed     99.02%
  56  DE623|Cluster-25726.0__TRINITY_DN27099_c0_g1_i2.p1          0.43%    passed    100.00%
  57  DE668|Cluster-30595.1__TRINITY_DN6627_c0_g1_i1.p1           0.43%    passed    100.00%
  58  DE666|Cluster-40953.0__TRINITY_DN10940_c0_g1_i1.p1         18.80%    passed     99.99%
  59  DE88|Cluster-35540.0__TRINITY_DN49680_c0_g1_i1.p1           0.43%    passed    100.00%
  60  DE563|Cluster-23342.0__TRINITY_DN59539_c0_g1_i4.p1          0.43%    passed    100.00%
  61  DE643|Cluster-18430.0__TRINITY_DN33513_c0_g1_i1.p1          0.43%    passed    100.00%
  62  JJ125|Cluster-8505.0__TRINITY_DN42426_c0_g1_i1.p1           0.43%    passed    100.00%
  63  DE229|Cluster-80616.0__TRINITY_DN8056_c0_g1_i2.p1           0.43%    passed     99.99%
  64  JJ23|Cluster-230.0__TRINITY_DN50498_c0_g1_i1.p1             0.43%    passed     99.98%
  65  DE566|Cluster-47782.1__TRINITY_DN14109_c0_g1_i2.p1          0.43%    passed    100.00%
  66  DE542|Cluster-9216.0__TRINITY_DN2202_c0_g1_i1.p1           18.80%    passed     99.67%
  67  JJ86|Cluster-15509.0__TRINITY_DN3455_c0_g1_i1.p1            0.43%    passed    100.00%
  68  JJ74|Cluster-7222.0__TRINITY_DN70449_c0_g1_i1.p1           11.11%    passed     99.94%
  69  DE560|Cluster-12760.0__TRINITY_DN64517_c0_g1_i1.p1          0.43%    passed     99.95%
  70  DE127|Cluster-14336.0__TRINITY_DN20671_c0_g1_i3.p1          0.43%    passed    100.00%
  71  JJ109|Cluster-28860.0__TRINITY_DN14521_c0_g1_i1.p1         28.63%    passed     99.94%
  72  SRR11748982|Cluster-26520.1__TRINITY_DN508_c0_g3_i1.p1      0.85%    failed      1.26%
WARNING: 3 sequences contain more than 50% gaps/ambiguity
****  TOTAL                                                       5.17%  1 sequences failed composition chi2 test (p-value<5%; df=60)
Reading input tree file tmp.csubst.nwk ... rooted tree

NOTE: 39 MB RAM (0 GB) is required!
Measuring multi-threading efficiency up to 1 CPU cores
2 trees examined
Threads: 1 / Time: 2.350 sec / Speedup: 1.000 / Efficiency: 100% / LogL: -9149
BEST NUMBER OF THREADS: 1

Estimate model parameters (epsilon = 0.010)
1. Initial log-likelihood: -8312.104
2. Current log-likelihood: -6471.761
3. Current log-likelihood: -6458.824
4. Current log-likelihood: -6457.271
5. Current log-likelihood: -6456.223
6. Current log-likelihood: -6455.535
7. Current log-likelihood: -6455.115
8. Current log-likelihood: -6454.875
9. Current log-likelihood: -6454.738
10. Current log-likelihood: -6454.727
11. Current log-likelihood: -6454.643
Optimal log-likelihood: -6454.640
Nonsynonymous/synonymous ratio (omega): 1.000
Transition/transversion ratio (kappa): 1.000
Site proportion and rates:  (0.509,0.309) (0.362,1.204) (0.126,3.054) (0.003,6.796)
Parameters optimization took 11 rounds (77.527 sec)
Wrote distance file to... 
BEST SCORE FOUND : -6454.640
Ancestral state probabilities printed to /mnt/data0/yue/2026-03-11-protein-convergence/results/OG_8258/csubst_w_s/csubst_input_alignment.fa.state
Empirical proportions for each category: 0.547 0.333 0.115 0.004
Site rates printed to /mnt/data0/yue/2026-03-11-protein-convergence/results/OG_8258/csubst_w_s/csubst_input_alignment.fa.rate
Total tree length: 5.317

Total number of iterations: 0
CPU time used for tree search: 0.000 sec (0h:0m:0s)
Wall-clock time used for tree search: 0.000 sec (0h:0m:0s)
Total CPU time used: 81.148 sec (0h:1m:21s)
Total wall-clock time used: 81.241 sec (0h:1m:21s)

Analysis results written to: 
  IQ-TREE report:                /mnt/data0/yue/2026-03-11-protein-convergence/results/OG_8258/csubst_w_s/csubst_input_alignment.fa.iqtree
  Maximum-likelihood tree:       /mnt/data0/yue/2026-03-11-protein-convergence/results/OG_8258/csubst_w_s/csubst_input_alignment.fa.treefile
  Site-specific rates:           /mnt/data0/yue/2026-03-11-protein-convergence/results/OG_8258/csubst_w_s/csubst_input_alignment.fa.rate
  Ancestral state:               /mnt/data0/yue/2026-03-11-protein-convergence/results/OG_8258/csubst_w_s/csubst_input_alignment.fa.state
  Screen log file:               /mnt/data0/yue/2026-03-11-protein-convergence/results/OG_8258/csubst_w_s/csubst_input_alignment.fa.log

Date and Time: Sat Mar 28 03:03:07 2026
