IQ-TREE multicore version 2.4.0 for Linux x86 64-bit built Feb 12 2025
Developed by Bui Quang Minh, Nguyen Lam Tung, Olga Chernomor, Heiko Schmidt,
Dominik Schrempf, Michael Woodhams, Ly Trong Nhan, Thomas Wong

Host:    brain (AVX2, FMA3, 2015 GB RAM)
Command: /home/yue/miniconda3/envs/py39/bin/iqtree -s /mnt/data0/yue/2026-03-11-protein-convergence/results/OG_10372/csubst_w_s/csubst_input_alignment.fa -te tmp.csubst.nwk -m ECMK07+F+R4 --seqtype CODON1 --threads-max 1 -T AUTO --ancestral --rate --redo
Seed:    115618 (Using SPRNG - Scalable Parallel Random Number Generator)
Time:    Thu Mar 26 20:45:18 2026
Kernel:  AVX+FMA - auto-detect threads (128 CPU cores detected)

Reading alignment file /mnt/data0/yue/2026-03-11-protein-convergence/results/OG_10372/csubst_w_s/csubst_input_alignment.fa ... Fasta format detected
Reading fasta file: done in 0.00119677 secs
Alignment most likely contains DNA/RNA sequences
Converting to codon sequences with genetic code 1 ...
WARNING: 1 sites contain only gaps or ambiguous characters.
Alignment has 59 sequences with 399 columns, 373 distinct patterns
256 parsimony-informative, 72 singleton sites, 71 constant sites
                                                        Gap/Ambiguity  Composition  p-value
Analyzing sequences: done in 5.35846e-05 secs
   1  JJ85|Cluster-42851.0__TRINITY_DN4236_c0_g1_i2.p1          0.50%    passed     99.95%
   2  DE561|Cluster-25347.126__TRINITY_DN21516_c0_g2_i1.p1      0.25%    passed    100.00%
   3  SRR3424066|Cluster-15222.0__TRINITY_DN8585_c1_g1_i6.p1    0.25%    passed    100.00%
   4  DE173|Cluster-43286.0__TRINITY_DN962_c1_g1_i1.p1          0.25%    passed    100.00%
   5  DE189|Cluster-6882.0__TRINITY_DN10604_c0_g4_i1.p1         0.25%    passed    100.00%
   6  DE115|Cluster-7558.0__TRINITY_DN6380_c0_g1_i1.p1          0.25%    passed     99.99%
   7  DE126|Cluster-37294.5__TRINITY_DN613_c0_g1_i11.p1         0.25%    passed    100.00%
   8  JJ86|Cluster-48519.2__TRINITY_DN1870_c0_g1_i7.p1          0.25%    passed    100.00%
   9  DE741|Cluster-4631.1__TRINITY_DN5001_c0_g2_i1.p1          0.25%    passed    100.00%
  10  DE536|Cluster-52244.0__TRINITY_DN353_c0_g1_i1.p1          0.25%    passed    100.00%
  11  JJ74|Cluster-114242.0__TRINITY_DN62536_c0_g1_i1.p1        0.25%    passed     99.97%
  12  JJ131|Cluster-652.0__TRINITY_DN10494_c0_g2_i1.p1          0.25%    passed     87.83%
  13  JJ109|Cluster-391.0__TRINITY_DN415_c0_g1_i1.p1            1.50%    passed    100.00%
  14  JJ130|Cluster-40960.0__TRINITY_DN3987_c1_g2_i1.p1         0.25%    passed    100.00%
  15  DE164|Cluster-48021.0__TRINITY_DN8005_c0_g2_i1.p1         0.25%    passed    100.00%
  16  DE69|Cluster-27658.0__TRINITY_DN355_c0_g2_i3.p1           0.25%    passed    100.00%
  17  DE519|Cluster-74780.1__TRINITY_DN1311_c0_g1_i7.p1        49.12%    passed     33.82%
  18  DE534|Cluster-72100.0__TRINITY_DN969_c0_g1_i1.p1          3.01%    passed      5.88%
  19  DE668|Cluster-7278.0__TRINITY_DN11704_c0_g1_i1.p1         3.51%    failed      4.13%
  20  DE765|Cluster-25066.2__TRINITY_DN740_c0_g1_i3.p1          0.50%    passed     71.09%
  21  DE643|Cluster-76758.1__TRINITY_DN12743_c0_g1_i7.p1        0.25%    passed    100.00%
  22  DE672|Cluster-46846.0__TRINITY_DN9372_c0_g3_i2.p1         0.25%    passed    100.00%
  23  DE507|Cluster-74442.0__TRINITY_DN5139_c0_g1_i1.p1         0.25%    passed     50.80%
  24  DE704-white|Cluster-33389.0__TRINITY_DN61_c0_g1_i3.p1    42.36%    failed      0.01%
  25  DE575|Cluster-58508.0__TRINITY_DN68_c0_g1_i14.p1          0.25%    passed     99.99%
  26  DE681|Cluster-61674.0__TRINITY_DN100_c1_g1_i1.p1          0.25%    passed    100.00%
  27  DE765|Cluster-55408.0__TRINITY_DN5587_c0_g1_i1.p1        56.89%    failed      0.00%
  28  DE523|Cluster-38541.1__TRINITY_DN1088_c1_g2_i3.p1         0.25%    passed    100.00%
  29  SRR3407096|Cluster-30476.1__TRINITY_DN399_c1_g1_i2.p1     1.00%    passed    100.00%
  30  DE162|Cluster-35929.1__TRINITY_DN6201_c0_g1_i3.p1         0.25%    passed     96.85%
  31  DE216|Cluster-25949.2__TRINITY_DN9086_c1_g3_i1.p1         0.25%    passed    100.00%
  32  DE542|Cluster-48200.0__TRINITY_DN4815_c0_g1_i1.p1         0.25%    passed    100.00%
  33  DE534|Cluster-66894.0__TRINITY_DN969_c0_g2_i1.p1          0.25%    passed    100.00%
  34  JJ15|Cluster-38398.1__TRINITY_DN12711_c1_g1_i5.p1         0.25%    passed    100.00%
  35  DE151|Cluster-42399.0__TRINITY_DN2453_c0_g1_i3.p1         0.25%    passed    100.00%
  36  DE88|Cluster-6572.0__TRINITY_DN292_c0_g2_i1.p1            0.25%    passed    100.00%
  37  DE737|Cluster-37251.0__TRINITY_DN1235_c1_g1_i2.p1         0.25%    passed    100.00%
  38  DE550|Cluster-1017.0__TRINITY_DN990_c0_g1_i1.p1           0.25%    passed    100.00%
  39  DE509|Cluster-14787.0__TRINITY_DN17642_c0_g1_i1.p1        0.25%    passed    100.00%
  40  DE764|Cluster-45351.0__TRINITY_DN12729_c0_g1_i2.p1        0.25%    passed    100.00%
  41  DE531|Cluster-31150.0__TRINITY_DN2448_c0_g1_i1.p1         0.25%    passed    100.00%
  42  DE696-dots|Cluster-49226.0__TRINITY_DN448_c0_g2_i4.p1     0.25%    passed    100.00%
  43  JJ36|Cluster-40462.0__TRINITY_DN7693_c0_g2_i1.p1          0.25%    passed    100.00%
  44  DE476|Cluster-61387.1__TRINITY_DN1221_c0_g3_i2.p1         0.25%    passed    100.00%
  45  DE736|Cluster-12798.2__TRINITY_DN333_c0_g1_i5.p1          0.25%    passed    100.00%
  46  DE549|Cluster-47242.6__TRINITY_DN675_c0_g1_i13.p1        21.55%    passed    100.00%
  47  DE504|Cluster-25363.2__TRINITY_DN1081_c0_g1_i7.p1         0.25%    passed    100.00%
  48  DE181|Cluster-19365.0__TRINITY_DN13496_c1_g1_i1.p1        0.25%    passed    100.00%
  49  SRR3407086|Cluster-9485.0__TRINITY_DN2990_c0_g1_i1.p1     0.25%    passed    100.00%
  50  SRR3407088|Cluster-33850.0__TRINITY_DN3805_c0_g2_i1.p1    0.25%    passed    100.00%
  51  DE503|Cluster-15855.0__TRINITY_DN3500_c1_g1_i1.p1         0.25%    passed    100.00%
  52  SRR3407087|Cluster-7063.0__TRINITY_DN2468_c0_g2_i2.p1     0.25%    passed    100.00%
  53  DE505|Cluster-38661.0__TRINITY_DN7442_c0_g2_i2.p1        42.36%    passed     10.27%
  54  SRR3407093|Cluster-24393.0__TRINITY_DN964_c0_g1_i2.p1     0.25%    passed    100.00%
  55  SRR3407094|Cluster-28279.1__TRINITY_DN9353_c0_g1_i6.p1    0.25%    passed    100.00%
  56  SRR3407095|Cluster-12691.0__TRINITY_DN9830_c0_g1_i1.p1    0.25%    passed    100.00%
  57  DE566|Cluster-31756.0__TRINITY_DN3784_c0_g1_i8.p1         0.25%    passed     99.93%
  58  SRR3407092|Cluster-14425.0__TRINITY_DN9873_c0_g2_i1.p1    0.75%    passed    100.00%
  59  DE563|Cluster-34031.0__TRINITY_DN1534_c0_g1_i1.p1         0.75%    passed     99.91%
WARNING: 1 sequences contain more than 50% gaps/ambiguity
****  TOTAL                                                     3.99%  3 sequences failed composition chi2 test (p-value<5%; df=60)
Reading input tree file tmp.csubst.nwk ... rooted tree

NOTE: 48 MB RAM (0 GB) is required!
Measuring multi-threading efficiency up to 1 CPU cores
2 trees examined
Threads: 1 / Time: 2.459 sec / Speedup: 1.000 / Efficiency: 100% / LogL: -15403
BEST NUMBER OF THREADS: 1

Estimate model parameters (epsilon = 0.010)
1. Initial log-likelihood: -12983.922
2. Current log-likelihood: -9653.250
3. Current log-likelihood: -9638.785
4. Current log-likelihood: -9637.312
5. Current log-likelihood: -9637.218
6. Current log-likelihood: -9637.138
7. Current log-likelihood: -9635.934
8. Current log-likelihood: -9635.854
9. Current log-likelihood: -9635.789
10. Current log-likelihood: -9634.703
11. Current log-likelihood: -9634.644
12. Current log-likelihood: -9634.599
13. Current log-likelihood: -9633.980
14. Current log-likelihood: -9633.940
15. Current log-likelihood: -9633.912
16. Current log-likelihood: -9633.892
17. Current log-likelihood: -9633.263
18. Current log-likelihood: -9633.244
19. Current log-likelihood: -9633.231
Optimal log-likelihood: -9633.210
Nonsynonymous/synonymous ratio (omega): 1.000
Transition/transversion ratio (kappa): 1.000
Site proportion and rates:  (0.441,0.322) (0.452,1.205) (0.102,2.766) (0.005,6.196)
Parameters optimization took 19 rounds (167.632 sec)
Wrote distance file to... 
BEST SCORE FOUND : -9633.210
Ancestral state probabilities printed to /mnt/data0/yue/2026-03-11-protein-convergence/results/OG_10372/csubst_w_s/csubst_input_alignment.fa.state
Empirical proportions for each category: 0.454 0.461 0.080 0.005
Site rates printed to /mnt/data0/yue/2026-03-11-protein-convergence/results/OG_10372/csubst_w_s/csubst_input_alignment.fa.rate
Total tree length: 3.614

Total number of iterations: 0
CPU time used for tree search: 0.000 sec (0h:0m:0s)
Wall-clock time used for tree search: 0.000 sec (0h:0m:0s)
Total CPU time used: 171.720 sec (0h:2m:51s)
Total wall-clock time used: 171.883 sec (0h:2m:51s)

Analysis results written to: 
  IQ-TREE report:                /mnt/data0/yue/2026-03-11-protein-convergence/results/OG_10372/csubst_w_s/csubst_input_alignment.fa.iqtree
  Maximum-likelihood tree:       /mnt/data0/yue/2026-03-11-protein-convergence/results/OG_10372/csubst_w_s/csubst_input_alignment.fa.treefile
  Site-specific rates:           /mnt/data0/yue/2026-03-11-protein-convergence/results/OG_10372/csubst_w_s/csubst_input_alignment.fa.rate
  Ancestral state:               /mnt/data0/yue/2026-03-11-protein-convergence/results/OG_10372/csubst_w_s/csubst_input_alignment.fa.state
  Screen log file:               /mnt/data0/yue/2026-03-11-protein-convergence/results/OG_10372/csubst_w_s/csubst_input_alignment.fa.log

Date and Time: Thu Mar 26 20:48:10 2026
