IQ-TREE multicore version 2.4.0 for Linux x86 64-bit built Feb 12 2025
Developed by Bui Quang Minh, Nguyen Lam Tung, Olga Chernomor, Heiko Schmidt,
Dominik Schrempf, Michael Woodhams, Ly Trong Nhan, Thomas Wong

Host:    brain (AVX2, FMA3, 2015 GB RAM)
Command: /home/yue/miniconda3/envs/py39/bin/iqtree -s /mnt/data0/yue/2026-03-11-protein-convergence/results/OG_2655/csubst_w_s/csubst_input_alignment.fa -te tmp.csubst.nwk -m ECMK07+F+R4 --seqtype CODON1 --threads-max 1 -T AUTO --ancestral --rate --redo
Seed:    147605 (Using SPRNG - Scalable Parallel Random Number Generator)
Time:    Fri Mar 27 05:38:27 2026
Kernel:  AVX+FMA - auto-detect threads (128 CPU cores detected)

Reading alignment file /mnt/data0/yue/2026-03-11-protein-convergence/results/OG_2655/csubst_w_s/csubst_input_alignment.fa ... Fasta format detected
Reading fasta file: done in 0.00131194 secs using 83.01% CPU
Alignment most likely contains DNA/RNA sequences
Converting to codon sequences with genetic code 1 ...
Alignment has 77 sequences with 330 columns, 319 distinct patterns
190 parsimony-informative, 68 singleton sites, 72 constant sites
                                                               Gap/Ambiguity  Composition  p-value
Analyzing sequences: done in 6.22869e-05 secs using 97.93% CPU
   1  DE507|Cluster-88690.0__TRINITY_DN3941_c0_g1_i7.p1                0.00%    passed    100.00%
   2  DE126|Cluster-28046.0__TRINITY_DN13720_c1_g1_i1.p1               0.00%    passed    100.00%
   3  DE162|Cluster-47283.0__TRINITY_DN1282_c0_g1_i8.p1                3.64%    passed    100.00%
   4  DE528|Cluster-13458.3__TRINITY_DN3190_c0_g1_i35.p1               0.00%    passed    100.00%
   5  DE704-purple|Cluster-57928.0__TRINITY_DN5967_c0_g1_i9.p1         3.64%    passed    100.00%
   6  DE704-white|Cluster-45498.0__TRINITY_DN4024_c0_g2_i2.p1          0.00%    passed    100.00%
   7  DE680|Cluster-49742.0__TRINITY_DN8333_c0_g1_i7.p1               10.91%    passed    100.00%
   8  DE668|Cluster-51738.2__TRINITY_DN2105_c0_g1_i8.p1                0.30%    passed    100.00%
   9  DE152|Cluster-41887.0__TRINITY_DN4210_c0_g1_i1.p1                0.30%    passed    100.00%
  10  JJ99|Cluster-42427.0__TRINITY_DN2350_c0_g1_i1.p1                 0.30%    passed    100.00%
  11  JJ74|Cluster-131351.0__TRINITY_DN3202_c0_g1_i11.p1              29.70%    passed     99.83%
  12  DE542|Cluster-32635.0__TRINITY_DN6344_c2_g1_i9.p1               29.70%    passed    100.00%
  13  DE561|Cluster-38284.0__TRINITY_DN7137_c0_g1_i1.p1               29.70%    passed     99.91%
  14  DE115|Cluster-64464.0__TRINITY_DN10148_c0_g1_i1.p1              29.70%    passed     99.81%
  15  DE666|Cluster-42411.0__TRINITY_DN16897_c0_g1_i8.p1              29.70%    passed     99.75%
  16  DE151|Cluster-28842.1__TRINITY_DN1819_c0_g1_i2.p1               58.18%    passed     72.39%
  17  DE173|Cluster-25522.0__TRINITY_DN22557_c1_g1_i1.p1               0.00%    passed    100.00%
  18  JJ109|Cluster-44123.0__TRINITY_DN10956_c0_g1_i1.p1              23.64%    passed    100.00%
  19  JJ130|Cluster-6996.3__TRINITY_DN500_c1_g1_i2.p1                  0.00%    passed    100.00%
  20  DE164|Cluster-36054.0__TRINITY_DN3687_c0_g1_i10.p1               0.00%    passed    100.00%
  21  DE672|Cluster-17486.0__TRINITY_DN1346_c0_g2_i1.p1                0.00%    passed    100.00%
  22  JJ89|Cluster-35304.0__TRINITY_DN4885_c2_g1_i4.p1                32.12%    passed    100.00%
  23  DE643|Cluster-33032.2__TRINITY_DN18537_c0_g2_i3.p1              23.64%    passed    100.00%
  24  DE519|Cluster-74201.2__TRINITY_DN1507_c0_g1_i6.p1                0.00%    passed    100.00%
  25  DE741|Cluster-26526.0__TRINITY_DN2852_c0_g1_i1.p1                0.00%    passed    100.00%
  26  DRR082660|Cluster-24550.0__TRINITY_DN9011_c0_g1_i1.p1           23.64%    passed    100.00%
  27  JJ85|Cluster-36348.0__TRINITY_DN11804_c0_g1_i4.p1                0.00%    passed    100.00%
  28  DE127|Cluster-32603.0__TRINITY_DN5518_c0_g1_i8.p1                0.00%    passed    100.00%
  29  DE554|Cluster-17272.0__TRINITY_DN19178_c2_g1_i2.p1               0.00%    passed    100.00%
  30  DE546_urceolata_l|Cluster-23655.0__TRINITY_DN1396_c0_g2_i2.p1    0.00%    passed    100.00%
  31  JJ86|Cluster-50549.0__TRINITY_DN22629_c0_g3_i1.p1                0.00%    passed     99.99%
  32  DE563|Cluster-22924.36__TRINITY_DN5784_c1_g2_i10.p1              0.00%    passed    100.00%
  33  DE575|Cluster-30339.3__TRINITY_DN6525_c0_g1_i11.p1               0.00%    passed    100.00%
  34  DE681|Cluster-52460.0__TRINITY_DN3261_c0_g1_i1.p1                0.00%    passed    100.00%
  35  DE765|Cluster-6020.0__TRINITY_DN14668_c0_g1_i4.p1                0.00%    passed    100.00%
  36  DE534|Cluster-67029.0__TRINITY_DN16224_c0_g2_i3.p1              30.61%    passed     99.96%
  37  DE536|Cluster-51084.0__TRINITY_DN555_c0_g1_i4.p1                 0.00%    passed    100.00%
  38  DE69|Cluster-28045.0__TRINITY_DN4849_c0_g1_i4.p1                 0.00%    passed    100.00%
  39  SRR3407095|Cluster-33568.0__TRINITY_DN12079_c1_g1_i1.p1         33.03%    passed    100.00%
  40  DE181|Cluster-44930.0__TRINITY_DN2910_c0_g1_i1.p1                0.00%    passed    100.00%
  41  SRR3407086|Cluster-19690.1__TRINITY_DN3058_c0_g2_i1.p1           0.00%    passed    100.00%
  42  SRR3424066|Cluster-26438.0__TRINITY_DN462_c0_g1_i1.p1            0.30%    passed    100.00%
  43  DE503|Cluster-34347.0__TRINITY_DN7148_c0_g4_i1.p1                0.00%    passed    100.00%
  44  DE505|Cluster-39590.0__TRINITY_DN7977_c0_g1_i3.p1                0.00%    passed    100.00%
  45  DE510|Cluster-36160.0__TRINITY_DN12724_c0_g1_i1.p1               0.00%    passed    100.00%
  46  SRR3407087|Cluster-22735.0__TRINITY_DN4342_c0_g1_i6.p1           0.00%    passed    100.00%
  47  SRR3407094|Cluster-13938.0__TRINITY_DN11482_c1_g1_i2.p1          0.00%    passed    100.00%
  48  SRR3407093|Cluster-26648.1__TRINITY_DN10245_c0_g1_i2.p1          0.00%    passed    100.00%
  49  SRR3407092|Cluster-31517.0__TRINITY_DN3459_c0_g1_i2.p1           0.00%    passed    100.00%
  50  SRR3407088|Cluster-37282.0__TRINITY_DN9456_c0_g1_i2.p1           0.00%    passed    100.00%
  51  DE523|Cluster-40528.0__TRINITY_DN7496_c1_g2_i2.p1               10.30%    passed    100.00%
  52  SRR3407096|Cluster-26894.0__TRINITY_DN12551_c0_g1_i1.p1          0.00%    passed    100.00%
  53  DE189|Cluster-42247.0__TRINITY_DN19644_c0_g3_i1.p1               0.00%    passed    100.00%
  54  DE509|Cluster-39408.1__TRINITY_DN571_c0_g1_i4.p1                 0.00%    passed    100.00%
  55  DE764|Cluster-44330.0__TRINITY_DN680_c0_g1_i6.p1                 0.00%    passed    100.00%
  56  DE736|Cluster-30559.0__TRINITY_DN4647_c0_g2_i4.p1                0.00%    passed    100.00%
  57  DE549|Cluster-51340.0__TRINITY_DN1603_c0_g1_i2.p1                0.00%    passed    100.00%
  58  DE531|Cluster-46650.0__TRINITY_DN2743_c0_g1_i3.p1                0.00%    passed    100.00%
  59  DE696-dots|Cluster-35204.0__TRINITY_DN2915_c0_g1_i1.p1           0.00%    passed    100.00%
  60  DE696-nodots|Cluster-63510.0__TRINITY_DN4957_c0_g1_i2.p1         0.00%    passed    100.00%
  61  JJ36|Cluster-41997.0__TRINITY_DN16743_c0_g1_i1.p1                0.00%    passed    100.00%
  62  DE550|Cluster-52365.0__TRINITY_DN452_c0_g1_i1.p1                 0.00%    passed    100.00%
  63  DE88|Cluster-10900.0__TRINITY_DN1956_c0_g1_i5.p1                 0.00%    passed    100.00%
  64  DE541|Cluster-30193.0__TRINITY_DN4371_c0_g1_i3.p1                0.00%    passed    100.00%
  65  DE216|Cluster-45698.0__TRINITY_DN6253_c1_g2_i3.p1               47.88%    passed     98.79%
  66  JJ15|Cluster-56487.0__TRINITY_DN2431_c0_g1_i3.p1                 0.00%    passed    100.00%
  67  DE560|Cluster-25800.0__TRINITY_DN6210_c0_g1_i2.p1                0.00%    passed    100.00%
  68  DE504|Cluster-26212.0__TRINITY_DN420_c0_g1_i1.p1                 0.00%    passed    100.00%
  69  DE671|Cluster-37356.0__TRINITY_DN6390_c0_g1_i5.p1                0.00%    passed    100.00%
  70  DE476|Cluster-60268.0__TRINITY_DN2985_c0_g1_i2.p1               22.42%    passed    100.00%
  71  JJ125|Cluster-25211.1__TRINITY_DN3161_c1_g1_i2.p1               26.36%    passed    100.00%
  72  DE566|Cluster-48322.0__TRINITY_DN6627_c0_g1_i22.p1              22.42%    passed     99.98%
  73  DE229|Cluster-51894.0__TRINITY_DN12403_c1_g1_i1.p1               0.00%    passed    100.00%
  74  JJ23|Cluster-35622.0__TRINITY_DN2512_c0_g1_i2.p1                 0.00%    passed    100.00%
  75  JJ131|Cluster-45136.0__TRINITY_DN8118_c0_g1_i2.p1                0.00%    passed    100.00%
  76  SRR5150740|Cluster-38677.0__TRINITY_DN5230_c0_g1_i2.p1           0.00%    passed     91.81%
  77  DRR234970|Cluster-987.0__TRINITY_DN40864_c0_g1_i1.p1             0.00%    passed     98.35%
WARNING: 1 sequences contain more than 50% gaps/ambiguity
****  TOTAL                                                            6.78%  0 sequences failed composition chi2 test (p-value<5%; df=60)
Reading input tree file tmp.csubst.nwk ... rooted tree

NOTE: 55 MB RAM (0 GB) is required!
Measuring multi-threading efficiency up to 1 CPU cores
2 trees examined
Threads: 1 / Time: 2.847 sec / Speedup: 1.000 / Efficiency: 100% / LogL: -12363
BEST NUMBER OF THREADS: 1

Estimate model parameters (epsilon = 0.010)
1. Initial log-likelihood: -10901.402
2. Current log-likelihood: -7200.686
3. Current log-likelihood: -7198.653
4. Current log-likelihood: -7187.150
5. Current log-likelihood: -7170.230
6. Current log-likelihood: -7169.999
7. Current log-likelihood: -7169.811
8. Current log-likelihood: -7169.642
9. Current log-likelihood: -7169.488
10. Current log-likelihood: -7169.346
11. Current log-likelihood: -7169.213
12. Current log-likelihood: -7169.089
13. Current log-likelihood: -7168.972
14. Current log-likelihood: -7168.862
15. Current log-likelihood: -7168.758
16. Current log-likelihood: -7168.660
17. Current log-likelihood: -7168.566
18. Current log-likelihood: -7168.477
19. Current log-likelihood: -7168.393
20. Current log-likelihood: -7168.312
21. Current log-likelihood: -7168.236
Optimal log-likelihood: -7168.227
Nonsynonymous/synonymous ratio (omega): 1.000
Transition/transversion ratio (kappa): 1.000
Site proportion and rates:  (0.365,0.265) (0.455,0.847) (0.177,2.701) (0.003,12.706)
Parameters optimization took 21 rounds (198.942 sec)
Wrote distance file to... 
BEST SCORE FOUND : -7168.227
Ancestral state probabilities printed to /mnt/data0/yue/2026-03-11-protein-convergence/results/OG_2655/csubst_w_s/csubst_input_alignment.fa.state
Empirical proportions for each category: 0.370 0.448 0.179 0.003
Site rates printed to /mnt/data0/yue/2026-03-11-protein-convergence/results/OG_2655/csubst_w_s/csubst_input_alignment.fa.rate
Total tree length: 3.243

Total number of iterations: 0
CPU time used for tree search: 0.000 sec (0h:0m:0s)
Wall-clock time used for tree search: 0.000 sec (0h:0m:0s)
Total CPU time used: 203.488 sec (0h:3m:23s)
Total wall-clock time used: 203.668 sec (0h:3m:23s)

Analysis results written to: 
  IQ-TREE report:                /mnt/data0/yue/2026-03-11-protein-convergence/results/OG_2655/csubst_w_s/csubst_input_alignment.fa.iqtree
  Maximum-likelihood tree:       /mnt/data0/yue/2026-03-11-protein-convergence/results/OG_2655/csubst_w_s/csubst_input_alignment.fa.treefile
  Site-specific rates:           /mnt/data0/yue/2026-03-11-protein-convergence/results/OG_2655/csubst_w_s/csubst_input_alignment.fa.rate
  Ancestral state:               /mnt/data0/yue/2026-03-11-protein-convergence/results/OG_2655/csubst_w_s/csubst_input_alignment.fa.state
  Screen log file:               /mnt/data0/yue/2026-03-11-protein-convergence/results/OG_2655/csubst_w_s/csubst_input_alignment.fa.log

Date and Time: Fri Mar 27 05:41:50 2026
