IQ-TREE multicore version 2.4.0 for Linux x86 64-bit built Feb 12 2025
Developed by Bui Quang Minh, Nguyen Lam Tung, Olga Chernomor, Heiko Schmidt,
Dominik Schrempf, Michael Woodhams, Ly Trong Nhan, Thomas Wong

Host:    brain (AVX2, FMA3, 2015 GB RAM)
Command: /home/yue/miniconda3/envs/py39/bin/iqtree -s /mnt/data0/yue/2026-03-11-protein-convergence/results/OG_8233/csubst_w_s/csubst_input_alignment.fa -te tmp.csubst.nwk -m ECMK07+F+R4 --seqtype CODON1 --threads-max 1 -T AUTO --ancestral --rate --redo
Seed:    330452 (Using SPRNG - Scalable Parallel Random Number Generator)
Time:    Sat Mar 28 02:56:04 2026
Kernel:  AVX+FMA - auto-detect threads (128 CPU cores detected)

Reading alignment file /mnt/data0/yue/2026-03-11-protein-convergence/results/OG_8233/csubst_w_s/csubst_input_alignment.fa ... Fasta format detected
Reading fasta file: done in 0.00161837 secs
Alignment most likely contains DNA/RNA sequences
Converting to codon sequences with genetic code 1 ...
WARNING: 1 sites contain only gaps or ambiguous characters.
Alignment has 73 sequences with 441 columns, 384 distinct patterns
181 parsimony-informative, 128 singleton sites, 132 constant sites
                                                             Gap/Ambiguity  Composition  p-value
Analyzing sequences: done in 7.17044e-05 secs using 99.02% CPU
   1  DE704-purple|Cluster-51169.0__TRINITY_DN6411_c0_g1_i2.p1       0.23%    passed    100.00%
   2  DE126|Cluster-31724.0__TRINITY_DN28_c0_g1_i1.p1               18.37%    passed     93.03%
   3  DE115|Cluster-22043.0__TRINITY_DN1568_c0_g1_i1.p1              0.23%    passed    100.00%
   4  JJ86|Cluster-32271.0__TRINITY_DN3671_c0_g1_i1.p1               0.23%    passed    100.00%
   5  DE575|Cluster-34622.0__TRINITY_DN5056_c0_g1_i1.p1              0.23%    passed    100.00%
   6  DE681|Cluster-11413.0__TRINITY_DN6847_c0_g1_i1.p1              0.23%    passed    100.00%
   7  DE765|Cluster-45749.0__TRINITY_DN6550_c0_g1_i1.p1              0.23%    passed    100.00%
   8  DE668|Cluster-23620.0__TRINITY_DN5026_c0_g1_i3.p1              0.23%    passed    100.00%
   9  DE127|Cluster-8923.0__TRINITY_DN2090_c1_g1_i1.p1               0.23%    passed     99.62%
  10  DE554|Cluster-23160.0__TRINITY_DN4148_c0_g2_i1.p1              0.23%    passed    100.00%
  11  DE666|Cluster-11144.0__TRINITY_DN1246_c1_g1_i1.p1              3.17%    passed    100.00%
  12  DE151|Cluster-25631.0__TRINITY_DN15143_c0_g1_i2.p1            28.34%    passed    100.00%
  13  DE173|Cluster-49453.0__TRINITY_DN7358_c2_g1_i2.p1             28.34%    passed    100.00%
  14  JJ109|Cluster-47598.0__TRINITY_DN3722_c0_g1_i4.p1             28.34%    passed    100.00%
  15  JJ130|Cluster-41789.0__TRINITY_DN582_c0_g1_i3.p1              28.34%    passed    100.00%
  16  DE189|Cluster-27334.0__TRINITY_DN18371_c0_g1_i3.p1            28.34%    passed    100.00%
  17  JJ89|Cluster-29166.0__TRINITY_DN6222_c0_g1_i1.p1              28.34%    passed    100.00%
  18  DE504|Cluster-39152.0__TRINITY_DN4472_c0_g1_i1.p1              0.23%    passed    100.00%
  19  DE764|Cluster-26707.1__TRINITY_DN3062_c0_g1_i3.p1             28.34%    passed    100.00%
  20  DE509|Cluster-39352.0__TRINITY_DN6340_c0_g1_i3.p1             28.34%    passed    100.00%
  21  DE549|Cluster-8331.0__TRINITY_DN16201_c0_g1_i1.p1              0.23%    passed    100.00%
  22  DE736|Cluster-23714.1__TRINITY_DN3844_c1_g1_i1.p1              0.23%    passed    100.00%
  23  DE88|Cluster-38986.0__TRINITY_DN5527_c0_g1_i5.p1              28.34%    passed    100.00%
  24  DE737|Cluster-51903.0__TRINITY_DN11341_c0_g1_i1.p1            28.34%    passed    100.00%
  25  DE531|Cluster-12379.0__TRINITY_DN8435_c5_g1_i1.p1              0.23%    passed    100.00%
  26  JJ36|Cluster-43081.0__TRINITY_DN5278_c0_g1_i1.p1              28.34%    passed    100.00%
  27  DE696-dots|Cluster-54972.2__TRINITY_DN3906_c0_g1_i23.p1       28.34%    passed    100.00%
  28  DE696-nodots|Cluster-33189.1__TRINITY_DN3571_c1_g1_i1.p1       0.23%    passed    100.00%
  29  DE541|Cluster-4675.0__TRINITY_DN147_c0_g3_i1.p1                0.23%    passed    100.00%
  30  DE550|Cluster-49598.0__TRINITY_DN7491_c0_g1_i6.p1             28.34%    passed    100.00%
  31  SRR3424066|Cluster-20155.0__TRINITY_DN16508_c0_g1_i1.p1       28.34%    passed    100.00%
  32  DE561|Cluster-34573.0__TRINITY_DN823_c0_g1_i2.p1              28.34%    passed    100.00%
  33  SRR3407088|Cluster-22434.0__TRINITY_DN1129_c1_g1_i1.p1         0.23%    passed    100.00%
  34  SRR3407087|Cluster-39973.0__TRINITY_DN3031_c0_g1_i2.p1         0.23%    passed    100.00%
  35  DE505|Cluster-46031.0__TRINITY_DN13607_c0_g1_i2.p1            28.34%    passed    100.00%
  36  DE510|Cluster-41598.0__TRINITY_DN31181_c0_g1_i2.p1            28.34%    passed    100.00%
  37  SRR3407092|Cluster-25569.1__TRINITY_DN3629_c0_g1_i3.p1         0.23%    passed    100.00%
  38  DE229|Cluster-97606.0__TRINITY_DN5522_c1_g1_i3.p1             28.34%    passed    100.00%
  39  JJ85|Cluster-43356.0__TRINITY_DN5425_c0_g1_i1.p1              28.34%    passed    100.00%
  40  DE503|Cluster-52205.1__TRINITY_DN10650_c1_g1_i2.p1            28.34%    passed    100.00%
  41  DRR082660|Cluster-29084.0__TRINITY_DN9953_c0_g1_i1.p1          0.23%    passed    100.00%
  42  SRR3407096|Cluster-18329.0__TRINITY_DN8847_c0_g2_i2.p1        28.34%    passed    100.00%
  43  DE523|Cluster-35340.1__TRINITY_DN9062_c1_g1_i5.p1             28.34%    passed    100.00%
  44  JJ125|Cluster-34998.0__TRINITY_DN6647_c0_g1_i2.p1              0.23%    passed    100.00%
  45  DE560|Cluster-19263.0__TRINITY_DN4675_c0_g1_i3.p1             28.34%    passed    100.00%
  46  JJ131|Cluster-56157.2__TRINITY_DN3294_c0_g1_i6.p1              0.23%    passed    100.00%
  47  DE181|Cluster-41178.0__TRINITY_DN598_c1_g1_i2.p1              28.57%    passed    100.00%
  48  SRR3407086|Cluster-39966.0__TRINITY_DN593_c0_g1_i1.p1          0.45%    passed    100.00%
  49  JJ23|Cluster-32934.0__TRINITY_DN5658_c0_g1_i1.p1              28.34%    passed    100.00%
  50  DE69|Cluster-45983.0__TRINITY_DN2538_c0_g1_i3.p1              28.34%    passed    100.00%
  51  SRR3407095|Cluster-20222.0__TRINITY_DN1976_c0_g1_i1.p1         0.23%    passed    100.00%
  52  DE519|Cluster-26577.0__TRINITY_DN5618_c0_g1_i2.p1             28.34%    passed    100.00%
  53  DE741|Cluster-46530.0__TRINITY_DN2006_c1_g1_i2.p1             28.34%    passed    100.00%
  54  SRR3407093|Cluster-24918.0__TRINITY_DN11329_c0_g1_i1.p1       28.34%    passed    100.00%
  55  DE476|Cluster-46621.0__TRINITY_DN7286_c0_g1_i2.p1             28.34%    passed    100.00%
  56  DE534|Cluster-27902.0__TRINITY_DN1220_c2_g1_i1.p1              0.23%    passed    100.00%
  57  DE542|Cluster-18177.0__TRINITY_DN2095_c0_g1_i1.p1              0.23%    passed    100.00%
  58  SRR3407094|Cluster-3708.0__TRINITY_DN1107_c0_g2_i1.p1          0.23%    passed    100.00%
  59  DE152|Cluster-50167.0__TRINITY_DN11171_c0_g1_i2.p1            28.34%    passed    100.00%
  60  JJ74|Cluster-104540.0__TRINITY_DN45617_c0_g1_i2.p1             0.23%    passed    100.00%
  61  DE164|Cluster-48388.0__TRINITY_DN3372_c0_g1_i2.p1             28.34%    passed     99.92%
  62  DE643|Cluster-72134.1__TRINITY_DN5712_c0_g1_i2.p1             28.34%    passed     99.97%
  63  DE671|Cluster-29241.0__TRINITY_DN4263_c0_g1_i1.p1             28.34%    passed     99.95%
  64  DE672|Cluster-40109.0__TRINITY_DN121503_c0_g1_i1.p1            0.23%    passed    100.00%
  65  DE623|Cluster-23937.0__TRINITY_DN13504_c0_g1_i1.p1             0.23%    passed    100.00%
  66  DE680|Cluster-38024.0__TRINITY_DN3493_c2_g1_i1.p1              0.23%    passed    100.00%
  67  DE162|Cluster-19274.0__TRINITY_DN3354_c0_g1_i4.p1             28.34%    passed    100.00%
  68  DE528|Cluster-48599.0__TRINITY_DN3321_c1_g1_i6.p1             28.34%    passed    100.00%
  69  DE704-white|Cluster-60646.0__TRINITY_DN3285_c1_g1_i1.p1        0.23%    passed    100.00%
  70  DE507|Cluster-57764.2__TRINITY_DN1128_c0_g1_i21.p1            28.34%    passed    100.00%
  71  JJ99|Cluster-31090.0__TRINITY_DN13197_c1_g1_i1.p1             28.57%    passed    100.00%
  72  DE566|Cluster-56796.1__TRINITY_DN1374_c0_g1_i6.p1              0.23%    passed     95.54%
  73  DE546_urceolata_l|Cluster-1505.0__TRINITY_DN881_c0_g1_i1.p1    0.23%    passed     98.58%
****  TOTAL                                                         15.16%  0 sequences failed composition chi2 test (p-value<5%; df=60)
Reading input tree file tmp.csubst.nwk ... rooted tree

NOTE: 61 MB RAM (0 GB) is required!
Measuring multi-threading efficiency up to 1 CPU cores
2 trees examined
Threads: 1 / Time: 3.184 sec / Speedup: 1.000 / Efficiency: 100% / LogL: -11486
BEST NUMBER OF THREADS: 1

Estimate model parameters (epsilon = 0.010)
1. Initial log-likelihood: -11973.557
2. Current log-likelihood: -7772.941
3. Current log-likelihood: -7772.420
4. Current log-likelihood: -7772.032
5. Current log-likelihood: -7771.729
6. Current log-likelihood: -7771.495
7. Current log-likelihood: -7771.314
8. Current log-likelihood: -7771.178
9. Current log-likelihood: -7771.075
10. Current log-likelihood: -7770.999
11. Current log-likelihood: -7770.945
12. Current log-likelihood: -7770.905
13. Current log-likelihood: -7770.877
14. Current log-likelihood: -7770.858
15. Current log-likelihood: -7770.844
Optimal log-likelihood: -7770.834
Nonsynonymous/synonymous ratio (omega): 1.000
Transition/transversion ratio (kappa): 1.000
Site proportion and rates:  (0.644,0.443) (0.223,1.471) (0.067,1.660) (0.066,4.167)
Parameters optimization took 15 rounds (133.760 sec)
Wrote distance file to... 
BEST SCORE FOUND : -7770.834
Ancestral state probabilities printed to /mnt/data0/yue/2026-03-11-protein-convergence/results/OG_8233/csubst_w_s/csubst_input_alignment.fa.state
Empirical proportions for each category: 0.732 0.206 0.000 0.061
Site rates printed to /mnt/data0/yue/2026-03-11-protein-convergence/results/OG_8233/csubst_w_s/csubst_input_alignment.fa.rate
Total tree length: 2.438

Total number of iterations: 0
CPU time used for tree search: 0.000 sec (0h:0m:0s)
Wall-clock time used for tree search: 0.000 sec (0h:0m:0s)
Total CPU time used: 138.629 sec (0h:2m:18s)
Total wall-clock time used: 138.858 sec (0h:2m:18s)

Analysis results written to: 
  IQ-TREE report:                /mnt/data0/yue/2026-03-11-protein-convergence/results/OG_8233/csubst_w_s/csubst_input_alignment.fa.iqtree
  Maximum-likelihood tree:       /mnt/data0/yue/2026-03-11-protein-convergence/results/OG_8233/csubst_w_s/csubst_input_alignment.fa.treefile
  Site-specific rates:           /mnt/data0/yue/2026-03-11-protein-convergence/results/OG_8233/csubst_w_s/csubst_input_alignment.fa.rate
  Ancestral state:               /mnt/data0/yue/2026-03-11-protein-convergence/results/OG_8233/csubst_w_s/csubst_input_alignment.fa.state
  Screen log file:               /mnt/data0/yue/2026-03-11-protein-convergence/results/OG_8233/csubst_w_s/csubst_input_alignment.fa.log

Date and Time: Sat Mar 28 02:58:23 2026
