IQ-TREE multicore version 2.4.0 for Linux x86 64-bit built Feb 12 2025
Developed by Bui Quang Minh, Nguyen Lam Tung, Olga Chernomor, Heiko Schmidt,
Dominik Schrempf, Michael Woodhams, Ly Trong Nhan, Thomas Wong

Host:    brain (AVX2, FMA3, 2015 GB RAM)
Command: /home/yue/miniconda3/envs/py39/bin/iqtree -s /mnt/data0/yue/2026-03-11-protein-convergence/results/OG_3160/csubst_w_s/csubst_input_alignment.fa -te tmp.csubst.nwk -m ECMK07+F+R4 --seqtype CODON1 --threads-max 1 -T AUTO --ancestral --rate --redo
Seed:    863329 (Using SPRNG - Scalable Parallel Random Number Generator)
Time:    Fri Mar 27 08:06:06 2026
Kernel:  AVX+FMA - auto-detect threads (128 CPU cores detected)

Reading alignment file /mnt/data0/yue/2026-03-11-protein-convergence/results/OG_3160/csubst_w_s/csubst_input_alignment.fa ... Fasta format detected
Reading fasta file: done in 0.00123785 secs using 70.44% CPU
Alignment most likely contains DNA/RNA sequences
Converting to codon sequences with genetic code 1 ...
Alignment has 74 sequences with 309 columns, 304 distinct patterns
176 parsimony-informative, 74 singleton sites, 59 constant sites
                                                               Gap/Ambiguity  Composition  p-value
Analyzing sequences: done in 6.61612e-05 secs using 98.24% CPU
   1  DE546_urceolata_l|Cluster-43333.0__TRINITY_DN1913_c0_g1_i2.p1   32.04%    passed    100.00%
   2  DE181|Cluster-50823.0__TRINITY_DN5060_c1_g1_i9.p1               38.19%    passed     99.64%
   3  JJ74|Cluster-34919.0__TRINITY_DN3438_c0_g2_i1.p1                33.33%    passed     99.99%
   4  JJ130|Cluster-46461.0__TRINITY_DN372_c0_g1_i33.p1               47.57%    passed     95.37%
   5  DE476|Cluster-42323.1__TRINITY_DN819_c0_g1_i46.p1               33.33%    passed    100.00%
   6  JJ109|Cluster-32152.0__TRINITY_DN6562_c0_g1_i3.p1               33.33%    passed    100.00%
   7  DE216|Cluster-33193.0__TRINITY_DN28923_c0_g1_i2.p1              33.33%    passed     99.98%
   8  DE536|Cluster-34625.0__TRINITY_DN3456_c1_g1_i1.p1               33.33%    passed    100.00%
   9  SRR3407088|Cluster-21110.0__TRINITY_DN16313_c0_g1_i1.p1         38.19%    passed     99.58%
  10  DE563|Cluster-44770.0__TRINITY_DN5733_c0_g1_i4.p1               38.19%    passed     98.24%
  11  DE115|Cluster-42076.0__TRINITY_DN1342_c0_g1_i4.p1               17.80%    passed    100.00%
  12  DE127|Cluster-2309.0__TRINITY_DN2254_c7_g1_i1.p1                 0.00%    passed    100.00%
  13  DE554|Cluster-36531.0__TRINITY_DN344_c0_g2_i10.p1               17.80%    passed    100.00%
  14  DE575|Cluster-36164.3__TRINITY_DN6057_c0_g1_i3.p1                0.00%    passed    100.00%
  15  DE680|Cluster-31955.0__TRINITY_DN7441_c0_g1_i1.p1                0.00%    passed    100.00%
  16  JJ86|Cluster-54435.0__TRINITY_DN94_c1_g1_i1.p1                   0.00%    passed    100.00%
  17  DE566|Cluster-34763.2__TRINITY_DN3255_c0_g1_i2.p1               23.95%    passed    100.00%
  18  DE152|Cluster-27351.0__TRINITY_DN768_c0_g1_i3.p1                 0.00%    passed    100.00%
  19  DE531|Cluster-53437.0__TRINITY_DN3503_c0_g1_i14.p1              23.95%    passed    100.00%
  20  DE560|Cluster-12857.0__TRINITY_DN1104_c0_g2_i6.p1               23.95%    passed    100.00%
  21  DE623|Cluster-40389.0__TRINITY_DN7431_c0_g1_i2.p1                0.00%    passed    100.00%
  22  SRR104381|Cluster-13760.1__TRINITY_DN4510_c0_g1_i3.p1           38.51%    passed     82.13%
  23  DE519|Cluster-72463.1__TRINITY_DN12360_c0_g1_i13.p1             33.33%    passed     95.28%
  24  SRR5150740|Cluster-24930.163__TRINITY_DN4557_c0_g1_i11.p1        0.00%    passed    100.00%
  25  DRR234970|Cluster-55031.0__TRINITY_DN31646_c0_g1_i1.p1           0.00%    passed    100.00%
  26  DE151|Cluster-26868.0__TRINITY_DN2008_c1_g2_i1.p1                0.00%    passed    100.00%
  27  DE505|Cluster-52401.0__TRINITY_DN7202_c0_g1_i13.p1              43.37%    passed     99.99%
  28  DE173|Cluster-30754.0__TRINITY_DN5322_c1_g1_i18.p1               0.00%    passed    100.00%
  29  SRR3407096|Cluster-9811.0__TRINITY_DN3996_c0_g1_i24.p1          43.37%    passed    100.00%
  30  DE523|Cluster-24338.0__TRINITY_DN1438_c5_g2_i1.p1               43.37%    passed     99.99%
  31  DE671|Cluster-39785.0__TRINITY_DN5836_c0_g1_i1.p1               22.98%    passed    100.00%
  32  SRR3407095|Cluster-51093.1__TRINITY_DN996_c0_g1_i1.p1            0.00%    passed    100.00%
  33  SRR3424066|Cluster-38626.0__TRINITY_DN2288_c1_g3_i1.p1           0.00%    passed    100.00%
  34  SRR3407094|Cluster-24516.0__TRINITY_DN8346_c0_g2_i1.p1           0.00%    passed    100.00%
  35  DE534|Cluster-27068.0__TRINITY_DN5018_c0_g1_i6.p1                0.00%    passed    100.00%
  36  SRR3407086|Cluster-16099.0__TRINITY_DN3009_c0_g3_i1.p1           0.00%    passed    100.00%
  37  DE542|Cluster-15142.0__TRINITY_DN1968_c1_g1_i2.p1                0.00%    passed    100.00%
  38  DE561|Cluster-40918.0__TRINITY_DN1890_c0_g1_i3.p1                0.00%    passed    100.00%
  39  SRR3407093|Cluster-4636.0__TRINITY_DN5201_c0_g4_i1.p1            0.00%    passed    100.00%
  40  DE696-nodots|Cluster-60177.0__TRINITY_DN3125_c0_g1_i10.p1       22.98%    passed    100.00%
  41  DE69|Cluster-47764.0__TRINITY_DN16809_c0_g1_i9.p1                0.00%    passed    100.00%
  42  DE164|Cluster-23068.1__TRINITY_DN1207_c0_g1_i35.p1               0.00%    passed    100.00%
  43  JJ15|Cluster-14007.0__TRINITY_DN6378_c0_g3_i1.p1                 0.00%    passed    100.00%
  44  DE189|Cluster-19882.0__TRINITY_DN276_c0_g2_i3.p1                33.01%    passed    100.00%
  45  DE504|Cluster-33987.3__TRINITY_DN5878_c0_g3_i1.p1                0.00%    passed    100.00%
  46  DE643|Cluster-36544.0__TRINITY_DN110_c0_g1_i11.p1                0.00%    passed    100.00%
  47  DE741|Cluster-50480.0__TRINITY_DN1185_c0_g2_i4.p1               43.37%    passed     99.99%
  48  DE503|Cluster-26101.2__TRINITY_DN3262_c0_g1_i24.p1              22.98%    passed    100.00%
  49  DE764|Cluster-12728.0__TRINITY_DN1700_c0_g1_i10.p1              33.01%    passed    100.00%
  50  DE510|Cluster-38220.1__TRINITY_DN7942_c0_g1_i9.p1                0.00%    passed    100.00%
  51  SRR3407087|Cluster-40839.2__TRINITY_DN8015_c1_g2_i8.p1           0.00%    passed    100.00%
  52  DE88|Cluster-32538.0__TRINITY_DN12731_c0_g1_i1.p1                0.00%    passed    100.00%
  53  SRR3407092|Cluster-15824.0__TRINITY_DN508_c1_g1_i8.p1           22.98%    passed    100.00%
  54  JJ125|Cluster-22564.9__TRINITY_DN5341_c2_g1_i1.p1                0.00%    passed    100.00%
  55  DRR082660|Cluster-39438.0__TRINITY_DN4358_c0_g1_i1.p1            0.00%    passed    100.00%
  56  JJ85|Cluster-17818.0__TRINITY_DN381_c0_g3_i1.p1                  0.00%    passed    100.00%
  57  DE541|Cluster-51761.1__TRINITY_DN5064_c0_g1_i2.p1                0.00%    passed    100.00%
  58  DE681|Cluster-22287.0__TRINITY_DN2083_c0_g3_i1.p1                0.00%    passed    100.00%
  59  DE229|Cluster-81834.2__TRINITY_DN506_c0_g1_i9.p1                 0.00%    passed    100.00%
  60  JJ99|Cluster-29241.0__TRINITY_DN5087_c0_g2_i1.p1                22.98%    passed    100.00%
  61  JJ23|Cluster-44355.0__TRINITY_DN5643_c0_g1_i6.p1                43.37%    passed     99.91%
  62  DE737|Cluster-52558.0__TRINITY_DN532_c0_g1_i14.p1               21.36%    passed    100.00%
  63  JJ131|Cluster-48572.1__TRINITY_DN6959_c0_g1_i3.p1                0.00%    passed    100.00%
  64  DE507|Cluster-65470.2__TRINITY_DN7701_c0_g1_i3.p1                0.00%    passed    100.00%
  65  DE528|Cluster-59676.0__TRINITY_DN1140_c0_g1_i2.p1               33.66%    passed    100.00%
  66  DE704-purple|Cluster-24018.0__TRINITY_DN3916_c0_g2_i1.p1         0.00%    passed    100.00%
  67  DE704-white|Cluster-61275.0__TRINITY_DN17554_c0_g1_i20.p1        0.00%    passed    100.00%
  68  DE672|Cluster-55524.0__TRINITY_DN315_c0_g1_i3.p1                19.09%    passed    100.00%
  69  DE668|Cluster-3954.0__TRINITY_DN11974_c0_g1_i3.p1                0.00%    passed    100.00%
  70  DE550|Cluster-8553.6__TRINITY_DN2469_c0_g1_i72.p1                3.88%    passed     98.63%
  71  DE549|Cluster-39428.1__TRINITY_DN837_c0_g1_i30.p1                3.88%    passed     95.31%
  72  DE666|Cluster-29519.1__TRINITY_DN4010_c0_g1_i6.p1                3.88%    passed     98.52%
  73  SRR11748982|Cluster-47954.3__TRINITY_DN2309_c0_g1_i6.p1         33.01%    passed     98.73%
  74  DRR082665|Cluster-49362.0__TRINITY_DN25598_c0_g1_i3.p1           0.00%    passed     15.53%
****  TOTAL                                                           14.28%  0 sequences failed composition chi2 test (p-value<5%; df=60)
Reading input tree file tmp.csubst.nwk ... rooted tree

NOTE: 51 MB RAM (0 GB) is required!
Measuring multi-threading efficiency up to 1 CPU cores
2 trees examined
Threads: 1 / Time: 3.907 sec / Speedup: 1.000 / Efficiency: 100% / LogL: -8485
BEST NUMBER OF THREADS: 1

Estimate model parameters (epsilon = 0.010)
1. Initial log-likelihood: -9182.986
2. Current log-likelihood: -6562.983
3. Current log-likelihood: -6549.782
4. Current log-likelihood: -6548.693
5. Current log-likelihood: -6548.479
6. Current log-likelihood: -6547.553
7. Current log-likelihood: -6547.446
8. Current log-likelihood: -6546.886
9. Current log-likelihood: -6546.833
10. Current log-likelihood: -6546.466
11. Current log-likelihood: -6546.435
12. Current log-likelihood: -6546.425
13. Current log-likelihood: -6546.139
14. Current log-likelihood: -6546.125
Optimal log-likelihood: -6546.121
Nonsynonymous/synonymous ratio (omega): 1.000
Transition/transversion ratio (kappa): 1.000
Site proportion and rates:  (0.456,0.316) (0.421,1.067) (0.112,2.945) (0.011,7.064)
Parameters optimization took 14 rounds (133.448 sec)
Wrote distance file to... 
BEST SCORE FOUND : -6546.121
Ancestral state probabilities printed to /mnt/data0/yue/2026-03-11-protein-convergence/results/OG_3160/csubst_w_s/csubst_input_alignment.fa.state
Empirical proportions for each category: 0.485 0.408 0.097 0.010
Site rates printed to /mnt/data0/yue/2026-03-11-protein-convergence/results/OG_3160/csubst_w_s/csubst_input_alignment.fa.rate
Total tree length: 4.026

Total number of iterations: 0
CPU time used for tree search: 0.000 sec (0h:0m:0s)
Wall-clock time used for tree search: 0.000 sec (0h:0m:0s)
Total CPU time used: 138.898 sec (0h:2m:18s)
Total wall-clock time used: 139.517 sec (0h:2m:19s)

Analysis results written to: 
  IQ-TREE report:                /mnt/data0/yue/2026-03-11-protein-convergence/results/OG_3160/csubst_w_s/csubst_input_alignment.fa.iqtree
  Maximum-likelihood tree:       /mnt/data0/yue/2026-03-11-protein-convergence/results/OG_3160/csubst_w_s/csubst_input_alignment.fa.treefile
  Site-specific rates:           /mnt/data0/yue/2026-03-11-protein-convergence/results/OG_3160/csubst_w_s/csubst_input_alignment.fa.rate
  Ancestral state:               /mnt/data0/yue/2026-03-11-protein-convergence/results/OG_3160/csubst_w_s/csubst_input_alignment.fa.state
  Screen log file:               /mnt/data0/yue/2026-03-11-protein-convergence/results/OG_3160/csubst_w_s/csubst_input_alignment.fa.log

Date and Time: Fri Mar 27 08:08:26 2026
