IQ-TREE multicore version 2.4.0 for Linux x86 64-bit built Feb 12 2025
Developed by Bui Quang Minh, Nguyen Lam Tung, Olga Chernomor, Heiko Schmidt,
Dominik Schrempf, Michael Woodhams, Ly Trong Nhan, Thomas Wong

Host:    brain (AVX2, FMA3, 2015 GB RAM)
Command: /home/yue/miniconda3/envs/py39/bin/iqtree -s /mnt/data0/yue/2026-03-11-protein-convergence/results/OG_8136/csubst_w_s/csubst_input_alignment.fa -te tmp.csubst.nwk -m ECMK07+F+R4 --seqtype CODON1 --threads-max 1 -T AUTO --ancestral --rate --redo
Seed:    581229 (Using SPRNG - Scalable Parallel Random Number Generator)
Time:    Sat Mar 28 02:40:39 2026
Kernel:  AVX+FMA - auto-detect threads (128 CPU cores detected)

Reading alignment file /mnt/data0/yue/2026-03-11-protein-convergence/results/OG_8136/csubst_w_s/csubst_input_alignment.fa ... Fasta format detected
Reading fasta file: done in 0.00130455 secs
Alignment most likely contains DNA/RNA sequences
Converting to codon sequences with genetic code 1 ...
WARNING: 1 sites contain only gaps or ambiguous characters.
Alignment has 67 sequences with 381 columns, 376 distinct patterns
213 parsimony-informative, 107 singleton sites, 61 constant sites
                                                                Gap/Ambiguity  Composition  p-value
Analyzing sequences: done in 6.32703e-05 secs using 97.99% CPU
   1  DE542|Cluster-61685.0__TRINITY_DN7616_c0_g1_i8.p1                51.44%    passed     91.63%
   2  JJ86|Cluster-20205.0__TRINITY_DN5269_c0_g1_i3.p1                 46.98%    passed     99.91%
   3  DE741|Cluster-16503.0__TRINITY_DN11322_c0_g1_i1.p1                3.94%    passed    100.00%
   4  JJ15|Cluster-48293.0__TRINITY_DN18566_c0_g1_i1.p1                57.74%    passed     84.05%
   5  DE162|Cluster-22807.0__TRINITY_DN41800_c0_g1_i1.p1                1.05%    passed    100.00%
   6  DE507|Cluster-88985.0__TRINITY_DN13928_c0_g1_i14.p1               1.05%    passed    100.00%
   7  DE528|Cluster-61687.0__TRINITY_DN36799_c0_g1_i1.p1                1.05%    passed    100.00%
   8  DE704-purple|Cluster-60335.0__TRINITY_DN10659_c0_g1_i5.p1        57.74%    passed     99.69%
   9  DE704-white|Cluster-32339.0__TRINITY_DN11981_c0_g1_i1.p1          1.05%    passed    100.00%
  10  DE115|Cluster-50110.1__TRINITY_DN8683_c0_g1_i6.p1                34.65%    passed     99.56%
  11  DE126|Cluster-34300.0__TRINITY_DN3731_c0_g2_i1.p1                 0.52%    passed    100.00%
  12  DE152|Cluster-17013.0__TRINITY_DN43291_c0_g1_i3.p1                0.26%    passed    100.00%
  13  JJ99|Cluster-20779.0__TRINITY_DN32170_c0_g1_i1.p1                 0.26%    passed    100.00%
  14  DE216|Cluster-31819.0__TRINITY_DN11638_c0_g1_i1.p1                0.26%    passed    100.00%
  15  DE534|Cluster-59647.0__TRINITY_DN11297_c0_g1_i6.p1               57.74%    passed     75.30%
  16  DE536|Cluster-43355.0__TRINITY_DN11998_c0_g1_i3.p1               57.74%    passed     98.48%
  17  DE560|Cluster-30270.1__TRINITY_DN11330_c0_g1_i2.p1                0.26%    passed    100.00%
  18  DE668|Cluster-18169.1__TRINITY_DN12791_c0_g1_i2.p1                0.26%    passed    100.00%
  19  DE546_urceolata_l|Cluster-32817.0__TRINITY_DN18676_c0_g1_i1.p1    0.26%    passed    100.00%
  20  JJ125|Cluster-5347.0__TRINITY_DN1242_c1_g1_i2.p1                  0.26%    passed    100.00%
  21  DRR082660|Cluster-8455.0__TRINITY_DN10229_c0_g1_i1.p1             0.52%    passed     99.99%
  22  JJ85|Cluster-35684.0__TRINITY_DN17532_c0_g1_i2.p1                 4.20%    passed    100.00%
  23  DE575|Cluster-51980.0__TRINITY_DN15474_c0_g1_i3.p1                0.26%    passed    100.00%
  24  DE765|Cluster-2541.0__TRINITY_DN69803_c0_g1_i1.p1                 0.26%    passed    100.00%
  25  DE681|Cluster-40683.1__TRINITY_DN15300_c0_g1_i4.p1                0.26%    passed    100.00%
  26  DE151|Cluster-8052.0__TRINITY_DN9040_c0_g1_i2.p1                  7.35%    passed    100.00%
  27  DE189|Cluster-26109.1__TRINITY_DN20261_c1_g1_i4.p1                7.35%    passed    100.00%
  28  DE550|Cluster-43591.0__TRINITY_DN8223_c0_g1_i2.p1                57.74%    passed     95.81%
  29  DE476|Cluster-45912.0__TRINITY_DN11545_c0_g1_i1.p1                4.20%    passed    100.00%
  30  DE541|Cluster-39166.0__TRINITY_DN17280_c0_g1_i1.p1                4.20%    passed    100.00%
  31  JJ130|Cluster-52471.0__TRINITY_DN14021_c1_g1_i2.p1                7.35%    passed    100.00%
  32  DE737|Cluster-18300.0__TRINITY_DN10241_c0_g1_i2.p1               57.74%    passed     93.92%
  33  JJ109|Cluster-47362.0__TRINITY_DN2672_c0_g2_i6.p1                 7.35%    passed    100.00%
  34  DE164|Cluster-30188.3__TRINITY_DN17765_c0_g3_i3.p1                4.20%    passed    100.00%
  35  DE509|Cluster-42182.0__TRINITY_DN7540_c0_g1_i3.p1                 4.20%    passed    100.00%
  36  DE736|Cluster-41820.0__TRINITY_DN16893_c0_g1_i2.p1                4.20%    passed    100.00%
  37  DE672|Cluster-52647.0__TRINITY_DN11858_c0_g2_i3.p1                4.46%    passed    100.00%
  38  DE173|Cluster-49981.0__TRINITY_DN10465_c0_g1_i2.p1                7.35%    passed    100.00%
  39  DE88|Cluster-38812.0__TRINITY_DN3252_c0_g1_i2.p1                 41.73%    passed     93.33%
  40  DE531|Cluster-19205.1__TRINITY_DN19837_c0_g1_i1.p1               38.58%    passed     99.49%
  41  DE696-dots|Cluster-20083.0__TRINITY_DN25598_c0_g1_i2.p1           4.20%    passed    100.00%
  42  DE696-nodots|Cluster-61489.0__TRINITY_DN19441_c0_g1_i5.p1         4.20%    passed    100.00%
  43  JJ36|Cluster-37976.0__TRINITY_DN24892_c0_g1_i4.p1                 4.20%    passed    100.00%
  44  DE764|Cluster-19759.0__TRINITY_DN16148_c0_g1_i1.p1                4.20%    passed    100.00%
  45  DE643|Cluster-79144.1__TRINITY_DN24887_c0_g1_i3.p1               40.16%    passed     97.00%
  46  DE671|Cluster-31982.0__TRINITY_DN64617_c0_g1_i1.p1                4.20%    passed    100.00%
  47  JJ89|Cluster-34328.1__TRINITY_DN10043_c0_g1_i7.p1                 4.20%    passed    100.00%
  48  DE549|Cluster-31355.2__TRINITY_DN9152_c0_g1_i2.p1                 4.20%    passed    100.00%
  49  DE519|Cluster-46049.0__TRINITY_DN10241_c0_g1_i6.p1                0.26%    passed    100.00%
  50  SRR3407095|Cluster-43161.0__TRINITY_DN17944_c0_g1_i1.p1           2.89%    passed    100.00%
  51  DE69|Cluster-17301.0__TRINITY_DN14617_c0_g1_i1.p1                 2.89%    passed    100.00%
  52  DE181|Cluster-14144.0__TRINITY_DN16829_c0_g1_i4.p1               48.03%    passed     99.54%
  53  SRR3407086|Cluster-36163.0__TRINITY_DN84338_c0_g1_i1.p1           0.26%    passed    100.00%
  54  SRR3407096|Cluster-14316.0__TRINITY_DN13186_c0_g1_i1.p1          55.64%    passed     98.22%
  55  SRR3407093|Cluster-15941.0__TRINITY_DN1899_c0_g2_i1.p1            0.26%    passed    100.00%
  56  DE503|Cluster-41872.0__TRINITY_DN8114_c2_g1_i1.p1                34.65%    passed     96.03%
  57  DE510|Cluster-362.0__TRINITY_DN2611_c0_g2_i1.p1                   0.26%    passed    100.00%
  58  SRR3407087|Cluster-17982.0__TRINITY_DN1636_c0_g2_i1.p1            0.26%    passed    100.00%
  59  SRR3407092|Cluster-5251.0__TRINITY_DN6065_c1_g3_i1.p1             0.26%    passed    100.00%
  60  SRR3407094|Cluster-32530.0__TRINITY_DN16855_c0_g2_i1.p1           0.26%    passed    100.00%
  61  DE505|Cluster-29158.0__TRINITY_DN2697_c0_g1_i2.p1                 0.26%    passed    100.00%
  62  DE561|Cluster-44483.0__TRINITY_DN5359_c0_g2_i2.p1                 0.26%    passed    100.00%
  63  SRR3424066|Cluster-38402.0__TRINITY_DN5534_c0_g2_i2.p1            0.26%    passed    100.00%
  64  JJ131|Cluster-37126.1__TRINITY_DN4727_c0_g1_i9.p1                 3.94%    passed     79.89%
  65  SRR5150740|Cluster-3728.0__TRINITY_DN12936_c0_g2_i1.p1           22.83%    failed      0.72%
  66  DE566|Cluster-49931.1__TRINITY_DN9072_c0_g1_i6.p1                19.69%    passed     99.00%
  67  SRR11934227|Cluster-42365.1__TRINITY_DN102896_c0_g1_i2.p1        33.86%    failed      0.03%
WARNING: 8 sequences contain more than 50% gaps/ambiguity
****  TOTAL                                                            13.95%  2 sequences failed composition chi2 test (p-value<5%; df=60)
Reading input tree file tmp.csubst.nwk ... rooted tree

NOTE: 55 MB RAM (0 GB) is required!
Measuring multi-threading efficiency up to 1 CPU cores
2 trees examined
Threads: 1 / Time: 2.911 sec / Speedup: 1.000 / Efficiency: 100% / LogL: -13457
BEST NUMBER OF THREADS: 1

Estimate model parameters (epsilon = 0.010)
1. Initial log-likelihood: -11712.590
2. Current log-likelihood: -8439.570
3. Current log-likelihood: -8424.545
4. Current log-likelihood: -8424.492
5. Current log-likelihood: -8424.467
6. Current log-likelihood: -8424.451
7. Current log-likelihood: -8424.440
8. Current log-likelihood: -8424.429
Optimal log-likelihood: -8424.420
Nonsynonymous/synonymous ratio (omega): 1.000
Transition/transversion ratio (kappa): 1.000
Site proportion and rates:  (0.525,0.376) (0.265,1.287) (0.199,2.066) (0.011,4.570)
Parameters optimization took 8 rounds (71.557 sec)
Wrote distance file to... 
BEST SCORE FOUND : -8424.420
Ancestral state probabilities printed to /mnt/data0/yue/2026-03-11-protein-convergence/results/OG_8136/csubst_w_s/csubst_input_alignment.fa.state
Empirical proportions for each category: 0.577 0.236 0.181 0.005
Site rates printed to /mnt/data0/yue/2026-03-11-protein-convergence/results/OG_8136/csubst_w_s/csubst_input_alignment.fa.rate
Total tree length: 4.043

Total number of iterations: 0
CPU time used for tree search: 0.000 sec (0h:0m:0s)
Wall-clock time used for tree search: 0.000 sec (0h:0m:0s)
Total CPU time used: 76.045 sec (0h:1m:16s)
Total wall-clock time used: 76.193 sec (0h:1m:16s)

Analysis results written to: 
  IQ-TREE report:                /mnt/data0/yue/2026-03-11-protein-convergence/results/OG_8136/csubst_w_s/csubst_input_alignment.fa.iqtree
  Maximum-likelihood tree:       /mnt/data0/yue/2026-03-11-protein-convergence/results/OG_8136/csubst_w_s/csubst_input_alignment.fa.treefile
  Site-specific rates:           /mnt/data0/yue/2026-03-11-protein-convergence/results/OG_8136/csubst_w_s/csubst_input_alignment.fa.rate
  Ancestral state:               /mnt/data0/yue/2026-03-11-protein-convergence/results/OG_8136/csubst_w_s/csubst_input_alignment.fa.state
  Screen log file:               /mnt/data0/yue/2026-03-11-protein-convergence/results/OG_8136/csubst_w_s/csubst_input_alignment.fa.log

Date and Time: Sat Mar 28 02:41:55 2026
