IQ-TREE multicore version 2.4.0 for Linux x86 64-bit built Feb 12 2025
Developed by Bui Quang Minh, Nguyen Lam Tung, Olga Chernomor, Heiko Schmidt,
Dominik Schrempf, Michael Woodhams, Ly Trong Nhan, Thomas Wong

Host:    brain (AVX2, FMA3, 2015 GB RAM)
Command: /home/yue/miniconda3/envs/py39/bin/iqtree -s /mnt/data0/yue/2026-03-11-protein-convergence/results/OG_8178/csubst_w_s/csubst_input_alignment.fa -te tmp.csubst.nwk -m ECMK07+F+R4 --seqtype CODON1 --threads-max 1 -T AUTO --ancestral --rate --redo
Seed:    881988 (Using SPRNG - Scalable Parallel Random Number Generator)
Time:    Sat Mar 28 02:48:24 2026
Kernel:  AVX+FMA - auto-detect threads (128 CPU cores detected)

Reading alignment file /mnt/data0/yue/2026-03-11-protein-convergence/results/OG_8178/csubst_w_s/csubst_input_alignment.fa ... Fasta format detected
Reading fasta file: done in 0.00123787 secs
Alignment most likely contains DNA/RNA sequences
Converting to codon sequences with genetic code 1 ...
Alignment has 66 sequences with 363 columns, 349 distinct patterns
146 parsimony-informative, 115 singleton sites, 102 constant sites
                                                           Gap/Ambiguity  Composition  p-value
Analyzing sequences: done in 5.91129e-05 secs using 98.12% CPU
   1  DE507|Cluster-73550.0__TRINITY_DN18628_c0_g1_i17.p1         43.80%    passed     99.88%
   2  DE162|Cluster-15932.2__TRINITY_DN11672_c0_g2_i2.p1          20.94%    passed    100.00%
   3  DE704-purple|Cluster-3993.0__TRINITY_DN68268_c0_g1_i1.p1     0.00%    passed    100.00%
   4  DE704-white|Cluster-6585.0__TRINITY_DN35132_c0_g1_i3.p1      0.00%    passed    100.00%
   5  DE528|Cluster-19389.0__TRINITY_DN57925_c0_g1_i2.p1           0.00%    passed    100.00%
   6  DE115|Cluster-15610.0__TRINITY_DN3825_c1_g2_i2.p1           16.53%    passed    100.00%
   7  SRR3407093|Cluster-33089.0__TRINITY_DN11171_c0_g1_i4.p1      1.93%    passed    100.00%
   8  DE550|Cluster-15961.0__TRINITY_DN1627_c1_g1_i7.p1           25.07%    passed    100.00%
   9  DE542|Cluster-31293.0__TRINITY_DN12313_c0_g1_i23.p1          4.41%    passed    100.00%
  10  JJ131|Cluster-54507.0__TRINITY_DN7325_c0_g2_i1.p1            5.51%    passed    100.00%
  11  JJ74|Cluster-119843.0__TRINITY_DN42414_c0_g1_i2.p1           0.28%    passed    100.00%
  12  JJ23|Cluster-42035.0__TRINITY_DN11946_c0_g1_i2.p1           45.45%    passed     94.80%
  13  SRR3407094|Cluster-23434.0__TRINITY_DN4267_c0_g2_i1.p1      20.39%    passed    100.00%
  14  DE668|Cluster-14129.0__TRINITY_DN87129_c0_g1_i1.p1          19.56%    passed    100.00%
  15  JJ125|Cluster-35418.0__TRINITY_DN7039_c0_g1_i3.p1           13.77%    passed    100.00%
  16  DE575|Cluster-18657.1__TRINITY_DN7597_c0_g1_i11.p1          55.37%    passed     99.95%
  17  DE765|Cluster-52611.1__TRINITY_DN11508_c0_g3_i4.p1          55.37%    passed     99.16%
  18  DE152|Cluster-11455.0__TRINITY_DN228_c0_g1_i2.p1             0.55%    passed    100.00%
  19  DE229|Cluster-63883.0__TRINITY_DN12086_c0_g1_i2.p1           0.55%    passed    100.00%
  20  JJ99|Cluster-9608.0__TRINITY_DN19815_c0_g1_i7.p1             1.10%    passed     99.77%
  21  DE541|Cluster-44552.0__TRINITY_DN14927_c0_g1_i2.p1           1.65%    passed    100.00%
  22  DE189|Cluster-46369.0__TRINITY_DN14058_c0_g1_i1.p1          45.45%    passed     99.75%
  23  DE88|Cluster-5021.0__TRINITY_DN14215_c1_g1_i3.p1             0.00%    passed    100.00%
  24  DE666|Cluster-35763.1__TRINITY_DN13572_c0_g1_i16.p1         39.12%    passed     99.96%
  25  DE563|Cluster-36859.0__TRINITY_DN14570_c3_g1_i4.p1          47.38%    passed     99.92%
  26  DE523|Cluster-34646.0__TRINITY_DN13807_c0_g1_i4.p1           0.55%    passed    100.00%
  27  DE510|Cluster-47998.5__TRINITY_DN9113_c0_g1_i19.p1          30.30%    passed    100.00%
  28  SRR3407087|Cluster-44480.0__TRINITY_DN6499_c2_g1_i2.p1      39.94%    passed    100.00%
  29  SRR3407092|Cluster-29470.5__TRINITY_DN6665_c0_g1_i1.p1       0.28%    passed    100.00%
  30  DE151|Cluster-50268.0__TRINITY_DN36114_c0_g1_i3.p1           0.00%    passed    100.00%
  31  DE503|Cluster-58644.0__TRINITY_DN1627_c1_g1_i1.p1           67.22%    passed     99.79%
  32  DE173|Cluster-6453.0__TRINITY_DN18408_c0_g1_i1.p1            0.00%    passed    100.00%
  33  DE764|Cluster-29872.0__TRINITY_DN7672_c0_g1_i1.p1           15.98%    passed    100.00%
  34  JJ130|Cluster-51309.0__TRINITY_DN29271_c0_g2_i1.p1          15.70%    passed    100.00%
  35  DE164|Cluster-58807.0__TRINITY_DN18705_c0_g1_i3.p1           0.28%    passed    100.00%
  36  DE696-dots|Cluster-43011.0__TRINITY_DN1333_c2_g2_i1.p1      39.39%    passed     99.99%
  37  DE531|Cluster-51530.0__TRINITY_DN5197_c1_g1_i5.p1            0.28%    passed    100.00%
  38  DE696-nodots|Cluster-50061.0__TRINITY_DN19442_c0_g1_i4.p1   15.98%    passed    100.00%
  39  JJ36|Cluster-14835.0__TRINITY_DN11107_c3_g2_i2.p1           15.98%    passed    100.00%
  40  JJ89|Cluster-20921.36__TRINITY_DN11889_c0_g1_i2.p1           0.00%    passed    100.00%
  41  DE643|Cluster-79720.0__TRINITY_DN9357_c0_g1_i30.p1          47.66%    passed     99.96%
  42  DE671|Cluster-48465.0__TRINITY_DN11472_c0_g1_i4.p1          15.98%    passed    100.00%
  43  DE672|Cluster-49738.2__TRINITY_DN9193_c0_g1_i2.p1           20.94%    passed    100.00%
  44  DE476|Cluster-48912.0__TRINITY_DN13349_c0_g1_i2.p1           0.55%    passed    100.00%
  45  DE549|Cluster-52997.0__TRINITY_DN21153_c0_g1_i10.p1         24.79%    passed    100.00%
  46  DE504|Cluster-49078.0__TRINITY_DN3261_c1_g1_i3.p1           24.79%    passed     99.93%
  47  JJ109|Cluster-4203.0__TRINITY_DN13508_c0_g1_i2.p1            0.00%    passed    100.00%
  48  SRR3424066|Cluster-11979.0__TRINITY_DN14997_c0_g2_i1.p1      0.28%    passed    100.00%
  49  SRR3407088|Cluster-33295.0__TRINITY_DN48677_c0_g1_i1.p1      0.28%    passed    100.00%
  50  DE561|Cluster-44205.0__TRINITY_DN10745_c0_g1_i2.p1          25.07%    passed    100.00%
  51  SRR3407086|Cluster-18287.0__TRINITY_DN91496_c0_g1_i1.p1      0.28%    passed    100.00%
  52  DE519|Cluster-43763.0__TRINITY_DN3693_c0_g2_i1.p1            0.00%    passed    100.00%
  53  DE741|Cluster-46082.0__TRINITY_DN28992_c0_g3_i3.p1           0.00%    passed    100.00%
  54  DE560|Cluster-20417.0__TRINITY_DN13890_c0_g1_i1.p1           0.00%    passed    100.00%
  55  DE181|Cluster-38283.2__TRINITY_DN6310_c0_g1_i4.p1           19.83%    passed    100.00%
  56  DE216|Cluster-75311.1__TRINITY_DN16146_c3_g1_i3.p1          26.45%    passed    100.00%
  57  DE534|Cluster-57040.0__TRINITY_DN23494_c0_g1_i2.p1           3.31%    passed    100.00%
  58  JJ15|Cluster-74730.0__TRINITY_DN13268_c0_g1_i5.p1           26.45%    passed    100.00%
  59  DE536|Cluster-44911.0__TRINITY_DN12523_c0_g1_i2.p1          26.45%    passed    100.00%
  60  JJ85|Cluster-18146.0__TRINITY_DN51991_c0_g1_i2.p1            0.55%    passed    100.00%
  61  DE69|Cluster-40064.0__TRINITY_DN13014_c0_g1_i1.p1            0.28%    passed    100.00%
  62  DE566|Cluster-57416.0__TRINITY_DN7304_c0_g1_i9.p1           16.25%    passed    100.00%
  63  DE126|Cluster-16549.2__TRINITY_DN4696_c0_g2_i9.p1            0.00%    passed    100.00%
  64  JJ86|Cluster-13244.5__TRINITY_DN15040_c0_g1_i1.p1            1.38%    passed    100.00%
  65  DE127|Cluster-26460.1__TRINITY_DN10961_c0_g1_i4.p1           0.55%    passed    100.00%
  66  DE554|Cluster-45862.3__TRINITY_DN7181_c0_g1_i2.p1           44.08%    passed     92.79%
WARNING: 3 sequences contain more than 50% gaps/ambiguity
****  TOTAL                                                       15.64%  0 sequences failed composition chi2 test (p-value<5%; df=60)
Reading input tree file tmp.csubst.nwk ... rooted tree

NOTE: 51 MB RAM (0 GB) is required!
Measuring multi-threading efficiency up to 1 CPU cores
2 trees examined
Threads: 1 / Time: 2.659 sec / Speedup: 1.000 / Efficiency: 100% / LogL: -9096
BEST NUMBER OF THREADS: 1

Estimate model parameters (epsilon = 0.010)
1. Initial log-likelihood: -9506.203
2. Current log-likelihood: -5876.796
3. Current log-likelihood: -5876.759
4. Current log-likelihood: -5876.733
5. Current log-likelihood: -5876.713
6. Current log-likelihood: -5876.699
7. Current log-likelihood: -5876.688
Optimal log-likelihood: -5876.680
Nonsynonymous/synonymous ratio (omega): 1.000
Transition/transversion ratio (kappa): 1.000
Site proportion and rates:  (0.503,0.383) (0.288,1.096) (0.176,1.935) (0.033,4.619)
Parameters optimization took 7 rounds (62.735 sec)
Wrote distance file to... 
BEST SCORE FOUND : -5876.680
Ancestral state probabilities printed to /mnt/data0/yue/2026-03-11-protein-convergence/results/OG_8178/csubst_w_s/csubst_input_alignment.fa.state
Empirical proportions for each category: 0.614 0.248 0.118 0.019
Site rates printed to /mnt/data0/yue/2026-03-11-protein-convergence/results/OG_8178/csubst_w_s/csubst_input_alignment.fa.rate
Total tree length: 2.252

Total number of iterations: 0
CPU time used for tree search: 0.000 sec (0h:0m:0s)
Wall-clock time used for tree search: 0.000 sec (0h:0m:0s)
Total CPU time used: 67.052 sec (0h:1m:7s)
Total wall-clock time used: 67.385 sec (0h:1m:7s)

Analysis results written to: 
  IQ-TREE report:                /mnt/data0/yue/2026-03-11-protein-convergence/results/OG_8178/csubst_w_s/csubst_input_alignment.fa.iqtree
  Maximum-likelihood tree:       /mnt/data0/yue/2026-03-11-protein-convergence/results/OG_8178/csubst_w_s/csubst_input_alignment.fa.treefile
  Site-specific rates:           /mnt/data0/yue/2026-03-11-protein-convergence/results/OG_8178/csubst_w_s/csubst_input_alignment.fa.rate
  Ancestral state:               /mnt/data0/yue/2026-03-11-protein-convergence/results/OG_8178/csubst_w_s/csubst_input_alignment.fa.state
  Screen log file:               /mnt/data0/yue/2026-03-11-protein-convergence/results/OG_8178/csubst_w_s/csubst_input_alignment.fa.log

Date and Time: Sat Mar 28 02:49:32 2026
