IQ-TREE multicore version 2.4.0 for Linux x86 64-bit built Feb 12 2025
Developed by Bui Quang Minh, Nguyen Lam Tung, Olga Chernomor, Heiko Schmidt,
Dominik Schrempf, Michael Woodhams, Ly Trong Nhan, Thomas Wong

Host:    brain (AVX2, FMA3, 2015 GB RAM)
Command: /home/yue/miniconda3/envs/py39/bin/iqtree -s /mnt/data0/yue/2026-03-11-protein-convergence/results/OG_8404/csubst_w_s/csubst_input_alignment.fa -te tmp.csubst.nwk -m ECMK07+F+R4 --seqtype CODON1 --threads-max 1 -T AUTO --ancestral --rate --redo
Seed:    662604 (Using SPRNG - Scalable Parallel Random Number Generator)
Time:    Sat Mar 28 03:26:08 2026
Kernel:  AVX+FMA - auto-detect threads (128 CPU cores detected)

Reading alignment file /mnt/data0/yue/2026-03-11-protein-convergence/results/OG_8404/csubst_w_s/csubst_input_alignment.fa ... Fasta format detected
Reading fasta file: done in 0.000827 secs
Alignment most likely contains DNA/RNA sequences
Converting to codon sequences with genetic code 1 ...
WARNING: 1 sites contain only gaps or ambiguous characters.
Alignment has 72 sequences with 207 columns, 194 distinct patterns
137 parsimony-informative, 38 singleton sites, 32 constant sites
                                                               Gap/Ambiguity  Composition  p-value
Analyzing sequences: done in 4.05312e-05 secs using 96.22% CPU
   1  DE507|Cluster-49352.0__TRINITY_DN1568_c0_g1_i1.p1                1.45%    passed    100.00%
   2  DE704-white|Cluster-29312.0__TRINITY_DN11239_c0_g1_i5.p1         2.90%    passed     97.32%
   3  DE764|Cluster-42580.0__TRINITY_DN11225_c0_g1_i1.p1               6.76%    passed    100.00%
   4  DE671|Cluster-12951.0__TRINITY_DN4805_c0_g1_i1.p1                0.48%    passed    100.00%
   5  DE672|Cluster-11296.0__TRINITY_DN212_c1_g3_i1.p1                 6.76%    passed     99.17%
   6  DRR082660|Cluster-25321.0__TRINITY_DN11683_c0_g2_i1.p1           1.93%    passed    100.00%
   7  DE536|Cluster-56968.0__TRINITY_DN25_c0_g1_i2.p1                  8.21%    passed    100.00%
   8  SRR3407095|Cluster-52334.0__TRINITY_DN29477_c0_g2_i2.p1          0.97%    passed    100.00%
   9  DE69|Cluster-53045.2__TRINITY_DN5368_c0_g1_i4.p1                 0.97%    passed    100.00%
  10  DE575|Cluster-23831.0__TRINITY_DN20962_c0_g1_i1.p1               1.45%    passed    100.00%
  11  DE681|Cluster-45300.0__TRINITY_DN3654_c0_g1_i1.p1                1.45%    passed    100.00%
  12  DE765|Cluster-14456.3__TRINITY_DN5955_c0_g1_i2.p1                1.45%    passed    100.00%
  13  SRR3407096|Cluster-14385.0__TRINITY_DN3021_c0_g3_i1.p1           0.48%    passed    100.00%
  14  DE523|Cluster-41737.0__TRINITY_DN397_c1_g4_i1.p1                 0.48%    passed    100.00%
  15  DE623|Cluster-8283.0__TRINITY_DN1384_c0_g3_i1.p1                 0.48%    passed    100.00%
  16  DE680|Cluster-17941.0__TRINITY_DN6034_c0_g2_i1.p1                0.48%    passed    100.00%
  17  DE127|Cluster-4291.0__TRINITY_DN18_c1_g1_i1.p1                   1.93%    passed    100.00%
  18  DE554|Cluster-15272.0__TRINITY_DN1790_c0_g1_i1.p1                1.93%    passed    100.00%
  19  DE666|Cluster-17528.0__TRINITY_DN17331_c0_g1_i1.p1               0.48%    passed    100.00%
  20  JJ89|Cluster-24106.0__TRINITY_DN31500_c0_g1_i1.p1                0.48%    passed    100.00%
  21  DE151|Cluster-25147.0__TRINITY_DN8626_c0_g1_i2.p1                0.48%    passed    100.00%
  22  DE173|Cluster-24392.0__TRINITY_DN54330_c0_g1_i1.p1               0.48%    passed    100.00%
  23  DE189|Cluster-34238.0__TRINITY_DN63755_c0_g1_i1.p1               0.48%    passed    100.00%
  24  JJ109|Cluster-31888.0__TRINITY_DN43953_c0_g1_i1.p1               0.48%    passed    100.00%
  25  JJ130|Cluster-12359.0__TRINITY_DN6399_c0_g4_i1.p1                0.48%    passed     99.99%
  26  DE476|Cluster-57337.0__TRINITY_DN1973_c1_g1_i1.p1                0.48%    passed    100.00%
  27  DE504|Cluster-26098.0__TRINITY_DN11611_c4_g1_i1.p1               5.31%    passed    100.00%
  28  DE737|Cluster-10043.0__TRINITY_DN68958_c0_g1_i1.p1               5.31%    passed    100.00%
  29  DE509|Cluster-42104.4__TRINITY_DN11757_c0_g1_i9.p1               0.48%    passed    100.00%
  30  DE736|Cluster-3335.0__TRINITY_DN3528_c0_g2_i1.p1                 0.48%    passed    100.00%
  31  DE88|Cluster-4470.0__TRINITY_DN55071_c0_g1_i1.p1                 0.48%    passed    100.00%
  32  DE164|Cluster-28334.0__TRINITY_DN458_c0_g1_i1.p1                 0.48%    passed    100.00%
  33  DE531|Cluster-36998.0__TRINITY_DN961_c0_g2_i1.p1                 0.48%    passed    100.00%
  34  DE696-dots|Cluster-45336.0__TRINITY_DN6674_c0_g3_i1.p1           0.48%    passed    100.00%
  35  DE696-nodots|Cluster-4786.0__TRINITY_DN3081_c0_g1_i1.p1          0.48%    passed    100.00%
  36  JJ36|Cluster-33551.0__TRINITY_DN10833_c1_g1_i1.p1                0.48%    passed    100.00%
  37  DE115|Cluster-13924.0__TRINITY_DN2191_c0_g1_i1.p1                0.48%    passed    100.00%
  38  DE546_urceolata_l|Cluster-35131.0__TRINITY_DN2331_c1_g1_i1.p1    0.48%    passed    100.00%
  39  DE563|Cluster-29703.0__TRINITY_DN5351_c0_g3_i1.p1                2.42%    passed     99.99%
  40  DE126|Cluster-27919.0__TRINITY_DN9050_c0_g1_i1.p1                0.48%    passed    100.00%
  41  DE162|Cluster-7695.0__TRINITY_DN6373_c0_g2_i2.p1                 0.48%    passed     99.99%
  42  DE528|Cluster-52217.2__TRINITY_DN12341_c0_g1_i2.p1               0.48%    passed     99.97%
  43  JJ86|Cluster-35078.0__TRINITY_DN2947_c0_g1_i1.p1                 3.86%    passed     99.94%
  44  DE704-purple|Cluster-45059.4__TRINITY_DN11604_c0_g1_i9.p1        1.93%    passed     97.85%
  45  DE181|Cluster-49615.0__TRINITY_DN1087_c0_g1_i1.p1                0.48%    passed    100.00%
  46  SRR3407086|Cluster-30581.0__TRINITY_DN1118_c0_g1_i1.p1           0.48%    passed    100.00%
  47  DE503|Cluster-4008.0__TRINITY_DN1614_c0_g1_i1.p1                 0.48%    passed    100.00%
  48  DE505|Cluster-11965.0__TRINITY_DN4271_c0_g1_i1.p1                0.48%    passed    100.00%
  49  SRR3407088|Cluster-10165.0__TRINITY_DN1549_c0_g1_i1.p1           0.48%    passed    100.00%
  50  SRR3407092|Cluster-27222.0__TRINITY_DN2937_c1_g1_i1.p1           0.48%    passed    100.00%
  51  DE510|Cluster-3335.0__TRINITY_DN5329_c0_g2_i1.p1                 0.48%    passed    100.00%
  52  SRR3407087|Cluster-23132.0__TRINITY_DN635_c0_g1_i1.p1            0.48%    passed    100.00%
  53  SRR3424066|Cluster-40548.0__TRINITY_DN31179_c0_g1_i1.p1          0.48%    passed    100.00%
  54  DE561|Cluster-46336.0__TRINITY_DN789_c0_g1_i1.p1                 0.48%    passed    100.00%
  55  SRR3407094|Cluster-30597.0__TRINITY_DN396_c0_g1_i1.p1            0.48%    passed    100.00%
  56  SRR3407093|Cluster-1260.0__TRINITY_DN3290_c0_g1_i1.p1            0.48%    passed    100.00%
  57  JJ85|Cluster-38727.124__TRINITY_DN9393_c0_g2_i1.p1               0.48%    passed    100.00%
  58  DE741|Cluster-21310.0__TRINITY_DN2316_c3_g1_i1.p1                0.48%    passed     98.05%
  59  DE519|Cluster-2716.0__TRINITY_DN5402_c0_g1_i1.p1                 0.48%    passed    100.00%
  60  DE560|Cluster-16723.1__TRINITY_DN944_c1_g1_i1.p1                 0.48%    passed    100.00%
  61  JJ125|Cluster-21700.0__TRINITY_DN762_c0_g2_i1.p1                 0.48%    passed    100.00%
  62  JJ74|Cluster-66308.0__TRINITY_DN22404_c0_g1_i1.p1                9.18%    passed    100.00%
  63  DE216|Cluster-29100.0__TRINITY_DN4836_c0_g1_i1.p1                2.90%    passed    100.00%
  64  JJ15|Cluster-67570.0__TRINITY_DN18962_c1_g1_i4.p1                2.90%    passed    100.00%
  65  DE534|Cluster-25451.0__TRINITY_DN1598_c0_g1_i2.p1                2.90%    passed    100.00%
  66  DE542|Cluster-11349.0__TRINITY_DN2206_c3_g5_i1.p1                2.90%    passed    100.00%
  67  JJ131|Cluster-64405.1__TRINITY_DN5356_c0_g1_i13.p1               8.21%    passed    100.00%
  68  JJ23|Cluster-3087.0__TRINITY_DN371_c1_g2_i1.p1                   0.48%    passed     97.47%
  69  DE152|Cluster-53371.0__TRINITY_DN1492_c0_g1_i1.p1                0.48%    passed    100.00%
  70  JJ99|Cluster-9105.0__TRINITY_DN16_c0_g4_i1.p1                    0.48%    passed    100.00%
  71  DE229|Cluster-73832.0__TRINITY_DN8229_c1_g1_i1.p1                0.48%    passed    100.00%
  72  DE566|Cluster-21983.1__TRINITY_DN1258_c0_g2_i1.p1                0.48%    passed     99.99%
****  TOTAL                                                            1.52%  0 sequences failed composition chi2 test (p-value<5%; df=60)
Reading input tree file tmp.csubst.nwk ... rooted tree

NOTE: 35 MB RAM (0 GB) is required!
Measuring multi-threading efficiency up to 1 CPU cores
2 trees examined
Threads: 1 / Time: 1.773 sec / Speedup: 1.000 / Efficiency: 100% / LogL: -10964
BEST NUMBER OF THREADS: 1

Estimate model parameters (epsilon = 0.010)
1. Initial log-likelihood: -8040.457
2. Current log-likelihood: -5913.197
3. Current log-likelihood: -5912.946
4. Current log-likelihood: -5912.829
5. Current log-likelihood: -5912.752
6. Current log-likelihood: -5912.697
7. Current log-likelihood: -5912.656
8. Current log-likelihood: -5912.624
9. Current log-likelihood: -5912.598
10. Current log-likelihood: -5912.576
11. Current log-likelihood: -5912.558
12. Current log-likelihood: -5912.542
13. Current log-likelihood: -5912.528
14. Current log-likelihood: -5912.515
15. Current log-likelihood: -5912.503
16. Current log-likelihood: -5912.492
17. Current log-likelihood: -5912.482
Optimal log-likelihood: -5912.473
Nonsynonymous/synonymous ratio (omega): 1.000
Transition/transversion ratio (kappa): 1.000
Site proportion and rates:  (0.623,0.463) (0.312,1.659) (0.030,2.134) (0.034,3.761)
Parameters optimization took 17 rounds (107.369 sec)
Wrote distance file to... 
BEST SCORE FOUND : -5912.473
Ancestral state probabilities printed to /mnt/data0/yue/2026-03-11-protein-convergence/results/OG_8404/csubst_w_s/csubst_input_alignment.fa.state
Empirical proportions for each category: 0.623 0.353 0.000 0.024
Site rates printed to /mnt/data0/yue/2026-03-11-protein-convergence/results/OG_8404/csubst_w_s/csubst_input_alignment.fa.rate
Total tree length: 4.471

Total number of iterations: 0
CPU time used for tree search: 0.000 sec (0h:0m:0s)
Wall-clock time used for tree search: 0.000 sec (0h:0m:0s)
Total CPU time used: 110.391 sec (0h:1m:50s)
Total wall-clock time used: 110.552 sec (0h:1m:50s)

Analysis results written to: 
  IQ-TREE report:                /mnt/data0/yue/2026-03-11-protein-convergence/results/OG_8404/csubst_w_s/csubst_input_alignment.fa.iqtree
  Maximum-likelihood tree:       /mnt/data0/yue/2026-03-11-protein-convergence/results/OG_8404/csubst_w_s/csubst_input_alignment.fa.treefile
  Site-specific rates:           /mnt/data0/yue/2026-03-11-protein-convergence/results/OG_8404/csubst_w_s/csubst_input_alignment.fa.rate
  Ancestral state:               /mnt/data0/yue/2026-03-11-protein-convergence/results/OG_8404/csubst_w_s/csubst_input_alignment.fa.state
  Screen log file:               /mnt/data0/yue/2026-03-11-protein-convergence/results/OG_8404/csubst_w_s/csubst_input_alignment.fa.log

Date and Time: Sat Mar 28 03:27:59 2026
