IQ-TREE multicore version 2.4.0 for Linux x86 64-bit built Feb 12 2025
Developed by Bui Quang Minh, Nguyen Lam Tung, Olga Chernomor, Heiko Schmidt,
Dominik Schrempf, Michael Woodhams, Ly Trong Nhan, Thomas Wong

Host:    brain (AVX2, FMA3, 2015 GB RAM)
Command: /home/yue/miniconda3/envs/py39/bin/iqtree -s /mnt/data0/yue/2026-03-11-protein-convergence/results/OG_3973/csubst_w_s/csubst_input_alignment.fa -te tmp.csubst.nwk -m ECMK07+F+R4 --seqtype CODON1 --threads-max 1 -T AUTO --ancestral --rate --redo
Seed:    53582 (Using SPRNG - Scalable Parallel Random Number Generator)
Time:    Fri Mar 27 11:50:28 2026
Kernel:  AVX+FMA - auto-detect threads (128 CPU cores detected)

Reading alignment file /mnt/data0/yue/2026-03-11-protein-convergence/results/OG_3973/csubst_w_s/csubst_input_alignment.fa ... Fasta format detected
Reading fasta file: done in 0.00139172 secs
Alignment most likely contains DNA/RNA sequences
Converting to codon sequences with genetic code 1 ...
Alignment has 67 sequences with 395 columns, 376 distinct patterns
194 parsimony-informative, 118 singleton sites, 83 constant sites
                                                            Gap/Ambiguity  Composition  p-value
Analyzing sequences: done in 7.83056e-05 secs using 98.33% CPU
   1  DE741|Cluster-61599.2__TRINITY_DN5003_c0_g1_i2.p1            21.77%    passed    100.00%
   2  DE671|Cluster-47676.0__TRINITY_DN12600_c0_g1_i2.p1           21.77%    passed    100.00%
   3  DE736|Cluster-50584.0__TRINITY_DN2734_c0_g1_i6.p1            17.22%    passed    100.00%
   4  DE643|Cluster-55393.0__TRINITY_DN1424_c1_g1_i8.p1            22.53%    passed    100.00%
   5  DE563|Cluster-47414.0__TRINITY_DN17914_c0_g1_i6.p1           22.03%    passed    100.00%
   6  SRR3407087|Cluster-37993.0__TRINITY_DN8748_c0_g1_i12.p1      17.97%    passed    100.00%
   7  SRR3407093|Cluster-32661.0__TRINITY_DN6718_c0_g1_i2.p1        7.85%    passed    100.00%
   8  DE519|Cluster-47231.0__TRINITY_DN3361_c0_g1_i2.p1            22.03%    passed    100.00%
   9  DE216|Cluster-44234.0__TRINITY_DN19708_c0_g1_i4.p1           15.95%    passed    100.00%
  10  DE542|Cluster-53360.0__TRINITY_DN8906_c0_g1_i2.p1             4.81%    passed    100.00%
  11  DE536|Cluster-43187.0__TRINITY_DN3509_c0_g1_i2.p1             6.58%    passed    100.00%
  12  JJ15|Cluster-69123.0__TRINITY_DN12733_c0_g1_i2.p1             4.81%    passed    100.00%
  13  DE115|Cluster-38238.0__TRINITY_DN4314_c0_g2_i2.p1             0.00%    passed    100.00%
  14  DE126|Cluster-42755.0__TRINITY_DN7070_c0_g1_i2.p1             0.00%    passed    100.00%
  15  DE666|Cluster-36273.2__TRINITY_DN7940_c0_g2_i11.p1           48.86%    passed     99.98%
  16  JJ86|Cluster-39381.1__TRINITY_DN10_c2_g1_i4.p1               21.52%    passed    100.00%
  17  DE680|Cluster-33379.0__TRINITY_DN3067_c0_g1_i8.p1             0.00%    passed    100.00%
  18  DE229|Cluster-56018.1__TRINITY_DN150_c0_g1_i6.p1             20.25%    passed    100.00%
  19  DE668|Cluster-40242.0__TRINITY_DN5817_c0_g1_i11.p1            0.00%    passed    100.00%
  20  DE181|Cluster-42792.0__TRINITY_DN105966_c0_g1_i1.p1          27.59%    passed    100.00%
  21  SRR3407086|Cluster-11053.0__TRINITY_DN15910_c0_g1_i1.p1       0.00%    passed    100.00%
  22  DE503|Cluster-54366.0__TRINITY_DN6627_c0_g1_i17.p1           17.72%    passed    100.00%
  23  DE510|Cluster-40993.0__TRINITY_DN7837_c0_g1_i12.p1           15.95%    passed    100.00%
  24  DE561|Cluster-44592.0__TRINITY_DN3702_c0_g1_i11.p1           15.95%    passed    100.00%
  25  SRR3407088|Cluster-32258.0__TRINITY_DN8464_c0_g1_i2.p1        0.00%    passed    100.00%
  26  SRR3424066|Cluster-38670.0__TRINITY_DN5494_c0_g1_i3.p1       45.82%    passed     68.96%
  27  DE681|Cluster-43155.1__TRINITY_DN4334_c0_g1_i3.p1             0.00%    passed    100.00%
  28  DE575|Cluster-63297.0__TRINITY_DN8950_c0_g1_i8.p1            21.01%    passed    100.00%
  29  JJ23|Cluster-35344.1__TRINITY_DN3817_c0_g2_i8.p1             27.59%    passed    100.00%
  30  SRR3407095|Cluster-44395.0__TRINITY_DN4636_c0_g1_i1.p1       19.49%    passed    100.00%
  31  DE69|Cluster-53414.0__TRINITY_DN18869_c0_g1_i6.p1             0.00%    passed    100.00%
  32  DE151|Cluster-50291.0__TRINITY_DN6757_c0_g1_i4.p1            25.57%    passed    100.00%
  33  DE189|Cluster-48938.0__TRINITY_DN3773_c0_g1_i39.p1           23.54%    passed    100.00%
  34  DE541|Cluster-50890.1__TRINITY_DN169_c0_g1_i10.p1            46.84%    passed     96.75%
  35  DE550|Cluster-37569.0__TRINITY_DN120_c0_g1_i87.p1            15.95%    passed    100.00%
  36  DE531|Cluster-45336.0__TRINITY_DN2208_c0_g1_i4.p1            25.57%    passed     94.01%
  37  DE696-dots|Cluster-53913.1__TRINITY_DN2614_c0_g1_i21.p1       0.00%    passed    100.00%
  38  DE696-nodots|Cluster-59251.2__TRINITY_DN2761_c0_g1_i7.p1     26.84%    passed     86.84%
  39  DE476|Cluster-60797.0__TRINITY_DN9353_c1_g1_i3.p1            25.57%    passed    100.00%
  40  DE164|Cluster-48523.0__TRINITY_DN3561_c1_g1_i2.p1             0.00%    passed    100.00%
  41  DE764|Cluster-25299.1__TRINITY_DN2346_c0_g1_i54.p1           51.14%    failed      2.25%
  42  DE88|Cluster-20038.0__TRINITY_DN4554_c0_g1_i1.p1             25.57%    passed    100.00%
  43  DE127|Cluster-43836.0__TRINITY_DN7878_c0_g1_i8.p1            48.61%    passed     94.14%
  44  SRR3407092|Cluster-38641.0__TRINITY_DN12000_c0_g1_i3.p1       0.00%    passed    100.00%
  45  DE554|Cluster-49298.0__TRINITY_DN15800_c0_g1_i12.p1          48.61%    passed     89.92%
  46  SRR3407096|Cluster-31546.0__TRINITY_DN10938_c0_g1_i8.p1       0.00%    passed    100.00%
  47  DE162|Cluster-43826.0__TRINITY_DN4610_c0_g1_i2.p1             0.00%    passed    100.00%
  48  DE528|Cluster-46540.0__TRINITY_DN11325_c0_g1_i6.p1           48.61%    passed     98.22%
  49  DE765|Cluster-55228.0__TRINITY_DN44988_c0_g1_i2.p1           48.61%    passed     95.83%
  50  DE507|Cluster-51679.0__TRINITY_DN9987_c0_g1_i4.p1             0.00%    passed    100.00%
  51  DE704-purple|Cluster-49023.0__TRINITY_DN74794_c0_g1_i1.p1     0.00%    passed    100.00%
  52  JJ99|Cluster-46144.0__TRINITY_DN17429_c0_g1_i7.p1            48.61%    passed     83.23%
  53  DE704-white|Cluster-30529.0__TRINITY_DN6244_c0_g1_i3.p1      48.61%    passed     97.51%
  54  JJ130|Cluster-19032.0__TRINITY_DN6439_c0_g1_i2.p1             0.00%    passed    100.00%
  55  DE504|Cluster-50609.0__TRINITY_DN2197_c0_g1_i33.p1           48.61%    passed     92.83%
  56  DE549|Cluster-41034.0__TRINITY_DN6226_c1_g1_i3.p1            48.61%    passed     94.21%
  57  JJ89|Cluster-41380.0__TRINITY_DN6018_c0_g1_i50.p1             0.00%    passed    100.00%
  58  DE737|Cluster-55930.1__TRINITY_DN11680_c0_g1_i7.p1           25.57%    passed    100.00%
  59  DE152|Cluster-51887.0__TRINITY_DN8122_c0_g1_i4.p1             0.00%    passed    100.00%
  60  JJ125|Cluster-37834.0__TRINITY_DN2579_c0_g1_i6.p1            48.61%    passed     91.26%
  61  JJ36|Cluster-42172.0__TRINITY_DN4924_c2_g1_i4.p1             48.61%    passed     98.80%
  62  DE672|Cluster-38566.0__TRINITY_DN67914_c0_g2_i1.p1            0.00%    passed    100.00%
  63  JJ74|Cluster-115667.0__TRINITY_DN33155_c0_g1_i5.p1           48.61%    passed     69.40%
  64  JJ131|Cluster-32360.1__TRINITY_DN16218_c0_g2_i6.p1           52.41%    passed     85.25%
  65  SRR5150740|Cluster-41992.0__TRINITY_DN11716_c0_g1_i2.p1       0.25%    passed     95.17%
  66  DE566|Cluster-42529.0__TRINITY_DN5678_c0_g1_i7.p1            76.20%    passed     99.90%
  67  SRR11934227|Cluster-167808.1__TRINITY_DN102786_c0_g1_i1.p1    3.80%    failed      0.81%
WARNING: 3 sequences contain more than 50% gaps/ambiguity
****  TOTAL                                                        21.29%  2 sequences failed composition chi2 test (p-value<5%; df=60)
WARNING: States(s) TGC rarely appear in alignment and may cause numerical problems
Reading input tree file tmp.csubst.nwk ... rooted tree

NOTE: 55 MB RAM (0 GB) is required!
Measuring multi-threading efficiency up to 1 CPU cores
2 trees examined
Threads: 1 / Time: 3.074 sec / Speedup: 1.000 / Efficiency: 100% / LogL: -10450
BEST NUMBER OF THREADS: 1

Estimate model parameters (epsilon = 0.010)
1. Initial log-likelihood: -10570.946
2. Current log-likelihood: -8019.087
3. Current log-likelihood: -8018.668
4. Current log-likelihood: -8018.411
5. Current log-likelihood: -8018.208
6. Current log-likelihood: -8018.004
7. Current log-likelihood: -8017.760
8. Current log-likelihood: -8010.841
9. Current log-likelihood: -8010.588
10. Current log-likelihood: -8010.392
11. Current log-likelihood: -8010.204
12. Current log-likelihood: -8009.987
13. Current log-likelihood: -7998.898
14. Current log-likelihood: -7998.666
15. Current log-likelihood: -7994.144
16. Current log-likelihood: -7991.320
17. Current log-likelihood: -7989.972
18. Current log-likelihood: -7989.620
19. Current log-likelihood: -7989.583
20. Current log-likelihood: -7989.563
21. Current log-likelihood: -7989.550
22. Current log-likelihood: -7989.433
23. Current log-likelihood: -7989.419
Optimal log-likelihood: -7989.410
Nonsynonymous/synonymous ratio (omega): 1.000
Transition/transversion ratio (kappa): 1.000
Site proportion and rates:  (0.506,0.309) (0.360,1.107) (0.129,3.102) (0.005,8.690)
Parameters optimization took 23 rounds (174.984 sec)
Wrote distance file to... 
BEST SCORE FOUND : -7989.410
Ancestral state probabilities printed to /mnt/data0/yue/2026-03-11-protein-convergence/results/OG_3973/csubst_w_s/csubst_input_alignment.fa.state
Empirical proportions for each category: 0.554 0.324 0.116 0.005
Site rates printed to /mnt/data0/yue/2026-03-11-protein-convergence/results/OG_3973/csubst_w_s/csubst_input_alignment.fa.rate
Total tree length: 3.711

Total number of iterations: 0
CPU time used for tree search: 0.000 sec (0h:0m:0s)
Wall-clock time used for tree search: 0.000 sec (0h:0m:0s)
Total CPU time used: 179.327 sec (0h:2m:59s)
Total wall-clock time used: 179.529 sec (0h:2m:59s)

Analysis results written to: 
  IQ-TREE report:                /mnt/data0/yue/2026-03-11-protein-convergence/results/OG_3973/csubst_w_s/csubst_input_alignment.fa.iqtree
  Maximum-likelihood tree:       /mnt/data0/yue/2026-03-11-protein-convergence/results/OG_3973/csubst_w_s/csubst_input_alignment.fa.treefile
  Site-specific rates:           /mnt/data0/yue/2026-03-11-protein-convergence/results/OG_3973/csubst_w_s/csubst_input_alignment.fa.rate
  Ancestral state:               /mnt/data0/yue/2026-03-11-protein-convergence/results/OG_3973/csubst_w_s/csubst_input_alignment.fa.state
  Screen log file:               /mnt/data0/yue/2026-03-11-protein-convergence/results/OG_3973/csubst_w_s/csubst_input_alignment.fa.log

Date and Time: Fri Mar 27 11:53:27 2026
