IQ-TREE multicore version 2.4.0 for Linux x86 64-bit built Feb 12 2025
Developed by Bui Quang Minh, Nguyen Lam Tung, Olga Chernomor, Heiko Schmidt,
Dominik Schrempf, Michael Woodhams, Ly Trong Nhan, Thomas Wong

Host:    brain (AVX2, FMA3, 2015 GB RAM)
Command: /home/yue/miniconda3/envs/py39/bin/iqtree -s /mnt/data0/yue/2026-03-11-protein-convergence/results/OG_7533/csubst_w_s/csubst_input_alignment.fa -te tmp.csubst.nwk -m ECMK07+F+R4 --seqtype CODON1 --threads-max 1 -T AUTO --ancestral --rate --redo
Seed:    431691 (Using SPRNG - Scalable Parallel Random Number Generator)
Time:    Sat Mar 28 01:03:45 2026
Kernel:  AVX+FMA - auto-detect threads (128 CPU cores detected)

Reading alignment file /mnt/data0/yue/2026-03-11-protein-convergence/results/OG_7533/csubst_w_s/csubst_input_alignment.fa ... Fasta format detected
Reading fasta file: done in 0.00164077 secs
Alignment most likely contains DNA/RNA sequences
Converting to codon sequences with genetic code 1 ...
WARNING: 1 sites contain only gaps or ambiguous characters.
Alignment has 76 sequences with 432 columns, 415 distinct patterns
251 parsimony-informative, 95 singleton sites, 86 constant sites
                                                                Gap/Ambiguity  Composition  p-value
Analyzing sequences: done in 7.86334e-05 secs using 99.19% CPU
   1  SRR11748982|Cluster-37372.0__TRINITY_DN2877_c0_g1_i1.p1           4.86%    failed      2.27%
   2  DE561|Cluster-43535.0__TRINITY_DN11446_c0_g1_i2.p1               44.21%    passed     99.84%
   3  DE534|Cluster-67160.1__TRINITY_DN1592_c0_g1_i4.p1                46.53%    passed     99.56%
   4  SRR3424066|Cluster-31521.0__TRINITY_DN9267_c0_g1_i1.p1           44.91%    passed     98.74%
   5  DE115|Cluster-68157.0__TRINITY_DN33459_c0_g1_i4.p1               34.49%    passed     99.07%
   6  DE566|Cluster-46248.0__TRINITY_DN8498_c0_g1_i9.p1                 0.46%    passed    100.00%
   7  DE126|Cluster-27511.0__TRINITY_DN3292_c0_g1_i2.p1                 1.16%    passed    100.00%
   8  DE127|Cluster-41820.0__TRINITY_DN1375_c0_g1_i1.p1                 0.23%    passed    100.00%
   9  DE554|Cluster-49095.0__TRINITY_DN1805_c0_g1_i1.p1                 0.23%    passed    100.00%
  10  DE164|Cluster-40082.0__TRINITY_DN1176_c0_g2_i2.p1                 0.23%    passed    100.00%
  11  JJ74|Cluster-93504.0__TRINITY_DN33220_c0_g1_i2.p1                 0.23%    passed    100.00%
  12  DE643|Cluster-27227.0__TRINITY_DN6647_c0_g1_i2.p1                 0.23%    passed    100.00%
  13  DE173|Cluster-35315.0__TRINITY_DN7392_c1_g1_i3.p1                 0.23%    passed    100.00%
  14  DE696-dots|Cluster-38494.0__TRINITY_DN2162_c2_g1_i1.p1            0.23%    passed    100.00%
  15  DE696-nodots|Cluster-53667.0__TRINITY_DN3646_c1_g1_i1.p1          0.23%    passed    100.00%
  16  DE88|Cluster-17328.0__TRINITY_DN3660_c0_g1_i1.p1                  0.23%    passed    100.00%
  17  JJ36|Cluster-29484.0__TRINITY_DN2461_c0_g5_i1.p1                  0.23%    passed    100.00%
  18  DE531|Cluster-9263.0__TRINITY_DN7475_c0_g1_i1.p1                  0.23%    passed    100.00%
  19  DE764|Cluster-32683.0__TRINITY_DN2397_c5_g1_i1.p1                 0.23%    passed    100.00%
  20  DE509|Cluster-5067.0__TRINITY_DN1439_c0_g1_i10.p1                 0.23%    passed    100.00%
  21  DE541|Cluster-52633.1__TRINITY_DN10377_c0_g1_i12.p1               0.23%    passed    100.00%
  22  DE523|Cluster-4294.0__TRINITY_DN47519_c0_g1_i1.p1                 0.23%    passed    100.00%
  23  JJ130|Cluster-5115.0__TRINITY_DN9131_c0_g1_i1.p1                  0.23%    passed    100.00%
  24  SRR3407095|Cluster-43506.0__TRINITY_DN1344_c0_g1_i1.p1            0.23%    passed    100.00%
  25  DE476|Cluster-24093.0__TRINITY_DN323_c1_g1_i1.p1                  0.23%    passed    100.00%
  26  JJ89|Cluster-8419.0__TRINITY_DN30929_c0_g1_i1.p1                  0.23%    passed    100.00%
  27  DE741|Cluster-35969.1__TRINITY_DN92798_c0_g1_i1.p1                0.23%    passed    100.00%
  28  DE536|Cluster-55855.1__TRINITY_DN662_c1_g3_i1.p1                  0.23%    passed    100.00%
  29  DE671|Cluster-30422.0__TRINITY_DN1127_c0_g1_i1.p1                 0.23%    passed    100.00%
  30  DE672|Cluster-26703.0__TRINITY_DN4947_c6_g1_i1.p1                 0.23%    passed    100.00%
  31  DE505|Cluster-51804.0__TRINITY_DN4798_c0_g1_i1.p1                 0.23%    passed    100.00%
  32  SRR3407087|Cluster-14741.0__TRINITY_DN38673_c0_g1_i1.p1           0.23%    passed    100.00%
  33  SRR3407092|Cluster-11203.0__TRINITY_DN35571_c0_g1_i1.p1           0.23%    passed    100.00%
  34  SRR3407094|Cluster-25824.0__TRINITY_DN48440_c0_g1_i1.p1           0.23%    passed    100.00%
  35  SRR3407093|Cluster-36192.0__TRINITY_DN34312_c0_g1_i1.p1           0.23%    passed    100.00%
  36  DE510|Cluster-27715.0__TRINITY_DN1806_c1_g1_i1.p1                 0.46%    passed    100.00%
  37  SRR3407086|Cluster-23065.0__TRINITY_DN5602_c0_g1_i1.p1            0.23%    passed    100.00%
  38  SRR3407088|Cluster-24243.0__TRINITY_DN2514_c0_g1_i2.p1            0.23%    passed    100.00%
  39  SRR3407096|Cluster-16706.0__TRINITY_DN31636_c0_g1_i1.p1           0.23%    passed    100.00%
  40  DE737|Cluster-55784.0__TRINITY_DN1816_c0_g1_i4.p1                 0.23%    passed    100.00%
  41  JJ125|Cluster-23130.0__TRINITY_DN17073_c0_g1_i1.p1               46.53%    passed     99.95%
  42  JJ85|Cluster-40033.0__TRINITY_DN2788_c0_g1_i1.p1                  0.23%    passed    100.00%
  43  DE549|Cluster-33158.0__TRINITY_DN6096_c0_g1_i1.p1                 0.23%    passed    100.00%
  44  DE519|Cluster-50971.0__TRINITY_DN152287_c0_g1_i1.p1               0.23%    passed    100.00%
  45  DE189|Cluster-36382.0__TRINITY_DN5161_c0_g1_i2.p1                46.76%    passed     99.91%
  46  DE162|Cluster-12565.0__TRINITY_DN48633_c0_g1_i1.p1                0.23%    passed    100.00%
  47  DE563|Cluster-12267.0__TRINITY_DN2977_c0_g1_i1.p1                 0.23%    passed    100.00%
  48  DE575|Cluster-16405.0__TRINITY_DN57935_c0_g1_i1.p1                0.23%    passed    100.00%
  49  DE666|Cluster-28187.0__TRINITY_DN36959_c0_g1_i1.p1                0.23%    passed    100.00%
  50  JJ86|Cluster-19121.1__TRINITY_DN5712_c0_g1_i1.p1                  0.23%    passed    100.00%
  51  DE546_urceolata_l|Cluster-47619.0__TRINITY_DN72072_c0_g1_i1.p1    0.23%    passed    100.00%
  52  JJ99|Cluster-17657.0__TRINITY_DN46675_c0_g1_i1.p1                 0.23%    passed    100.00%
  53  DE507|Cluster-24041.0__TRINITY_DN2860_c0_g1_i1.p1                 0.23%    passed    100.00%
  54  DE704-white|Cluster-32852.1__TRINITY_DN2817_c0_g2_i2.p1           0.23%    passed    100.00%
  55  DE528|Cluster-25334.0__TRINITY_DN1894_c0_g1_i2.p1                 0.23%    passed    100.00%
  56  DE623|Cluster-60414.0__TRINITY_DN13135_c0_g1_i2.p1                0.23%    passed    100.00%
  57  DE680|Cluster-6283.0__TRINITY_DN4100_c0_g1_i1.p1                  0.23%    passed    100.00%
  58  DE765|Cluster-45078.0__TRINITY_DN17617_c0_g1_i1.p1                4.63%    passed    100.00%
  59  DE704-purple|Cluster-45327.0__TRINITY_DN1895_c0_g1_i3.p1          4.63%    passed    100.00%
  60  DE681|Cluster-38262.0__TRINITY_DN1736_c0_g1_i2.p1                16.44%    passed    100.00%
  61  DE152|Cluster-63985.0__TRINITY_DN14444_c0_g1_i1.p1                0.23%    passed    100.00%
  62  DE229|Cluster-98794.0__TRINITY_DN6587_c0_g1_i2.p1                 0.23%    passed    100.00%
  63  JJ23|Cluster-41148.0__TRINITY_DN4547_c0_g1_i1.p1                  0.23%    passed    100.00%
  64  DE504|Cluster-50116.0__TRINITY_DN8693_c0_g1_i24.p1               43.52%    passed     88.27%
  65  DE560|Cluster-24301.1__TRINITY_DN2987_c0_g1_i3.p1                 0.23%    passed    100.00%
  66  JJ131|Cluster-41117.1__TRINITY_DN203_c0_g1_i12.p1                 0.23%    passed    100.00%
  67  DE550|Cluster-10495.0__TRINITY_DN152_c1_g2_i1.p1                  0.23%    passed    100.00%
  68  DRR082660|Cluster-39785.0__TRINITY_DN2160_c0_g1_i7.p1             2.31%    passed    100.00%
  69  DE181|Cluster-19625.0__TRINITY_DN19892_c0_g1_i1.p1               46.53%    passed     99.62%
  70  DE216|Cluster-21349.0__TRINITY_DN90355_c0_g1_i1.p1                0.23%    passed    100.00%
  71  JJ15|Cluster-43600.0__TRINITY_DN4970_c0_g1_i2.p1                 46.53%    passed     99.02%
  72  DE503|Cluster-5450.0__TRINITY_DN3001_c0_g1_i2.p1                 44.91%    passed     97.12%
  73  DE668|Cluster-53325.4__TRINITY_DN2629_c0_g1_i2.p1                 0.23%    passed    100.00%
  74  DRR234970|Cluster-29307.0__TRINITY_DN55607_c0_g1_i1.p1            0.23%    passed     99.90%
  75  SRR5150740|Cluster-54579.0__TRINITY_DN2817_c0_g1_i1.p1           50.23%    passed     95.94%
  76  SRR11934227|Cluster-149066.0__TRINITY_DN80363_c0_g1_i1.p1         6.25%    passed     99.17%
WARNING: 1 sequences contain more than 50% gaps/ambiguity
****  TOTAL                                                             7.23%  1 sequences failed composition chi2 test (p-value<5%; df=60)
Reading input tree file tmp.csubst.nwk ... rooted tree

NOTE: 68 MB RAM (0 GB) is required!
Measuring multi-threading efficiency up to 1 CPU cores
2 trees examined
Threads: 1 / Time: 3.833 sec / Speedup: 1.000 / Efficiency: 100% / LogL: -12889
BEST NUMBER OF THREADS: 1

Estimate model parameters (epsilon = 0.010)
1. Initial log-likelihood: -13899.463
2. Current log-likelihood: -9537.310
3. Current log-likelihood: -9535.785
4. Current log-likelihood: -9535.132
5. Current log-likelihood: -9534.852
6. Current log-likelihood: -9534.725
7. Current log-likelihood: -9534.663
8. Current log-likelihood: -9534.631
9. Current log-likelihood: -9534.614
Optimal log-likelihood: -9534.605
Nonsynonymous/synonymous ratio (omega): 1.000
Transition/transversion ratio (kappa): 1.000
Site proportion and rates:  (0.636,0.442) (0.257,1.561) (0.063,1.648) (0.044,4.851)
Parameters optimization took 9 rounds (96.907 sec)
Wrote distance file to... 
BEST SCORE FOUND : -9534.605
Ancestral state probabilities printed to /mnt/data0/yue/2026-03-11-protein-convergence/results/OG_7533/csubst_w_s/csubst_input_alignment.fa.state
Empirical proportions for each category: 0.699 0.259 0.000 0.042
Site rates printed to /mnt/data0/yue/2026-03-11-protein-convergence/results/OG_7533/csubst_w_s/csubst_input_alignment.fa.rate
Total tree length: 3.753

Total number of iterations: 0
CPU time used for tree search: 0.000 sec (0h:0m:0s)
Wall-clock time used for tree search: 0.000 sec (0h:0m:0s)
Total CPU time used: 102.692 sec (0h:1m:42s)
Total wall-clock time used: 102.927 sec (0h:1m:42s)

Analysis results written to: 
  IQ-TREE report:                /mnt/data0/yue/2026-03-11-protein-convergence/results/OG_7533/csubst_w_s/csubst_input_alignment.fa.iqtree
  Maximum-likelihood tree:       /mnt/data0/yue/2026-03-11-protein-convergence/results/OG_7533/csubst_w_s/csubst_input_alignment.fa.treefile
  Site-specific rates:           /mnt/data0/yue/2026-03-11-protein-convergence/results/OG_7533/csubst_w_s/csubst_input_alignment.fa.rate
  Ancestral state:               /mnt/data0/yue/2026-03-11-protein-convergence/results/OG_7533/csubst_w_s/csubst_input_alignment.fa.state
  Screen log file:               /mnt/data0/yue/2026-03-11-protein-convergence/results/OG_7533/csubst_w_s/csubst_input_alignment.fa.log

Date and Time: Sat Mar 28 01:05:28 2026
