IQ-TREE multicore version 2.4.0 for Linux x86 64-bit built Feb 12 2025
Developed by Bui Quang Minh, Nguyen Lam Tung, Olga Chernomor, Heiko Schmidt,
Dominik Schrempf, Michael Woodhams, Ly Trong Nhan, Thomas Wong

Host:    brain (AVX2, FMA3, 2015 GB RAM)
Command: /home/yue/miniconda3/envs/py39/bin/iqtree -s /mnt/data0/yue/2026-03-11-protein-convergence/results/OG_6342/csubst_w_s/csubst_input_alignment.fa -te tmp.csubst.nwk -m ECMK07+F+R4 --seqtype CODON1 --threads-max 1 -T AUTO --ancestral --rate --redo
Seed:    998891 (Using SPRNG - Scalable Parallel Random Number Generator)
Time:    Fri Mar 27 21:10:51 2026
Kernel:  AVX+FMA - auto-detect threads (128 CPU cores detected)

Reading alignment file /mnt/data0/yue/2026-03-11-protein-convergence/results/OG_6342/csubst_w_s/csubst_input_alignment.fa ... Fasta format detected
Reading fasta file: done in 0.00177293 secs using 95.94% CPU
Alignment most likely contains DNA/RNA sequences
Converting to codon sequences with genetic code 1 ...
Alignment has 67 sequences with 513 columns, 495 distinct patterns
253 parsimony-informative, 147 singleton sites, 113 constant sites
                                                               Gap/Ambiguity  Composition  p-value
Analyzing sequences: done in 8.24779e-05 secs using 98.21% CPU
   1  DE536|Cluster-6104.0__TRINITY_DN24522_c0_g1_i1.p1                0.19%    passed    100.00%
   2  DE563|Cluster-25888.0__TRINITY_DN20539_c0_g1_i2.p1              32.36%    passed     99.99%
   3  DE162|Cluster-31339.0__TRINITY_DN3797_c1_g1_i1.p1                4.48%    passed    100.00%
   4  DE704-white|Cluster-60690.0__TRINITY_DN96849_c0_g1_i1.p1         4.48%    passed    100.00%
   5  DE554|Cluster-34804.0__TRINITY_DN59598_c0_g1_i1.p1               5.46%    passed    100.00%
   6  DE152|Cluster-38969.1__TRINITY_DN9365_c0_g1_i7.p1               33.14%    passed     99.99%
   7  DE623|Cluster-46878.0__TRINITY_DN21060_c0_g1_i3.p1               4.48%    passed    100.00%
   8  DE680|Cluster-19847.0__TRINITY_DN49967_c0_g1_i1.p1               4.48%    passed    100.00%
   9  DE546_urceolata_l|Cluster-2557.0__TRINITY_DN35776_c0_g1_i1.p1   39.57%    passed     99.98%
  10  DE666|Cluster-17436.0__TRINITY_DN13058_c0_g1_i2.p1              42.30%    passed    100.00%
  11  DE115|Cluster-21830.0__TRINITY_DN13420_c0_g1_i3.p1               1.36%    passed    100.00%
  12  SRR11748982|Cluster-35524.0__TRINITY_DN7257_c0_g1_i14.p1        46.20%    passed     94.77%
  13  SRR11934227|Cluster-147465.0__TRINITY_DN103545_c0_g1_i1.p1      46.59%    passed      8.15%
  14  DE507|Cluster-5331.0__TRINITY_DN159873_c0_g1_i1.p1               4.48%    passed    100.00%
  15  DE126|Cluster-21620.0__TRINITY_DN13296_c0_g1_i2.p1               0.19%    passed    100.00%
  16  DE151|Cluster-5446.0__TRINITY_DN40261_c0_g1_i1.p1                0.19%    passed    100.00%
  17  JJ109|Cluster-48100.0__TRINITY_DN39846_c0_g1_i1.p1               1.36%    passed    100.00%
  18  DE173|Cluster-4107.0__TRINITY_DN41274_c0_g1_i1.p1                0.19%    passed    100.00%
  19  DE189|Cluster-31751.0__TRINITY_DN16292_c0_g1_i2.p1               0.19%    passed    100.00%
  20  JJ89|Cluster-35891.0__TRINITY_DN8728_c0_g1_i6.p1                51.07%    passed     99.80%
  21  DE164|Cluster-22618.0__TRINITY_DN17859_c0_g1_i1.p1               0.19%    passed    100.00%
  22  DE643|Cluster-14685.0__TRINITY_DN50633_c0_g1_i2.p1              38.40%    passed    100.00%
  23  DE476|Cluster-30380.0__TRINITY_DN21564_c0_g2_i1.p1              38.40%    passed    100.00%
  24  DE509|Cluster-39686.0__TRINITY_DN11968_c0_g1_i2.p1               0.19%    passed    100.00%
  25  DE764|Cluster-5018.0__TRINITY_DN16468_c0_g1_i1.p1                0.19%    passed    100.00%
  26  DE672|Cluster-4335.0__TRINITY_DN20645_c0_g1_i1.p1               38.60%    passed    100.00%
  27  DE549|Cluster-13939.0__TRINITY_DN24382_c0_g1_i2.p1               0.19%    passed    100.00%
  28  DE88|Cluster-7718.0__TRINITY_DN25710_c0_g1_i1.p1                38.40%    passed     99.99%
  29  DE550|Cluster-28252.0__TRINITY_DN14797_c0_g1_i2.p1               0.19%    passed    100.00%
  30  DE531|Cluster-654.0__TRINITY_DN19003_c0_g1_i1.p1                 1.56%    passed    100.00%
  31  DE696-dots|Cluster-58612.0__TRINITY_DN16699_c0_g1_i1.p1          0.19%    passed    100.00%
  32  DE696-nodots|Cluster-57272.0__TRINITY_DN55428_c0_g1_i1.p1        0.19%    passed    100.00%
  33  JJ36|Cluster-43479.0__TRINITY_DN13019_c0_g1_i1.p1                0.19%    passed    100.00%
  34  DE737|Cluster-49736.0__TRINITY_DN16636_c0_g1_i3.p1               0.19%    passed    100.00%
  35  DE504|Cluster-57857.0__TRINITY_DN15902_c0_g1_i3.p1               0.19%    passed    100.00%
  36  DE736|Cluster-59201.0__TRINITY_DN142886_c0_g1_i1.p1              0.19%    passed    100.00%
  37  JJ130|Cluster-10078.0__TRINITY_DN57581_c0_g1_i1.p1               0.19%    passed    100.00%
  38  JJ85|Cluster-28170.0__TRINITY_DN45703_c0_g1_i1.p1                0.19%    passed    100.00%
  39  DE541|Cluster-23104.0__TRINITY_DN16514_c0_g1_i3.p1              38.40%    passed    100.00%
  40  DE181|Cluster-26365.0__TRINITY_DN13042_c0_g1_i5.p1              31.38%    passed    100.00%
  41  SRR3407086|Cluster-24321.0__TRINITY_DN37130_c0_g1_i1.p1          1.36%    passed    100.00%
  42  SRR3424066|Cluster-9653.0__TRINITY_DN34026_c0_g1_i1.p1          19.30%    passed    100.00%
  43  DE561|Cluster-30034.0__TRINITY_DN1937_c1_g1_i2.p1               31.38%    passed    100.00%
  44  DE503|Cluster-43808.0__TRINITY_DN50236_c0_g1_i1.p1               1.36%    passed    100.00%
  45  SRR3407092|Cluster-37684.0__TRINITY_DN12786_c0_g1_i1.p1          1.36%    passed    100.00%
  46  DE505|Cluster-8859.0__TRINITY_DN12935_c0_g1_i3.p1               31.38%    passed    100.00%
  47  DE510|Cluster-27654.0__TRINITY_DN48339_c0_g1_i1.p1               1.36%    passed    100.00%
  48  SRR3407087|Cluster-22569.0__TRINITY_DN44933_c0_g1_i2.p1          1.36%    passed    100.00%
  49  SRR3407093|Cluster-7380.0__TRINITY_DN18492_c0_g2_i1.p1          31.38%    passed    100.00%
  50  SRR3407094|Cluster-3024.0__TRINITY_DN13645_c0_g1_i1.p1          39.57%    passed    100.00%
  51  DE523|Cluster-12292.0__TRINITY_DN39582_c0_g1_i1.p1               1.95%    passed    100.00%
  52  SRR3407096|Cluster-10571.0__TRINITY_DN32274_c0_g1_i1.p1          1.75%    passed    100.00%
  53  DE560|Cluster-7068.0__TRINITY_DN45433_c0_g1_i1.p1               38.40%    passed    100.00%
  54  DE519|Cluster-20130.0__TRINITY_DN153043_c0_g1_i1.p1             38.40%    passed     99.96%
  55  DE216|Cluster-47650.0__TRINITY_DN13523_c1_g2_i2.p1              38.40%    passed     99.97%
  56  JJ15|Cluster-54741.0__TRINITY_DN37434_c0_g1_i1.p1                0.19%    passed    100.00%
  57  DE542|Cluster-39510.0__TRINITY_DN22148_c0_g1_i1.p1               0.19%    passed    100.00%
  58  DE534|Cluster-72486.0__TRINITY_DN41582_c0_g1_i2.p1              38.40%    passed    100.00%
  59  JJ131|Cluster-48894.0__TRINITY_DN2668_c0_g1_i10.p1              54.78%    passed     98.63%
  60  DE229|Cluster-77314.0__TRINITY_DN178759_c0_g1_i2.p1              0.39%    passed    100.00%
  61  JJ23|Cluster-24521.0__TRINITY_DN3992_c0_g1_i9.p1                 0.39%    passed    100.00%
  62  DE741|Cluster-44094.0__TRINITY_DN7495_c0_g1_i4.p1               44.64%    passed     99.84%
  63  DE566|Cluster-45006.1__TRINITY_DN14022_c0_g1_i3.p1               0.39%    passed    100.00%
  64  DE575|Cluster-30220.0__TRINITY_DN17698_c0_g1_i3.p1               0.39%    passed    100.00%
  65  DE681|Cluster-31742.0__TRINITY_DN93763_c0_g1_i1.p1              38.60%    passed     99.99%
  66  DE765|Cluster-16393.0__TRINITY_DN23946_c0_g1_i1.p1              38.60%    passed     99.99%
  67  DRR082665|Cluster-2988.0__TRINITY_DN8201_c0_g2_i1.p1            49.51%    passed     34.86%
WARNING: 2 sequences contain more than 50% gaps/ambiguity
****  TOTAL                                                           16.35%  0 sequences failed composition chi2 test (p-value<5%; df=60)
Reading input tree file tmp.csubst.nwk ... rooted tree

NOTE: 70 MB RAM (0 GB) is required!
Measuring multi-threading efficiency up to 1 CPU cores
2 trees examined
Threads: 1 / Time: 3.729 sec / Speedup: 1.000 / Efficiency: 100% / LogL: -15983
BEST NUMBER OF THREADS: 1

Estimate model parameters (epsilon = 0.010)
1. Initial log-likelihood: -15288.006
2. Current log-likelihood: -10211.305
3. Current log-likelihood: -10211.212
4. Current log-likelihood: -10211.159
5. Current log-likelihood: -10211.123
6. Current log-likelihood: -10211.097
7. Current log-likelihood: -10211.076
8. Current log-likelihood: -10211.059
9. Current log-likelihood: -10211.045
10. Current log-likelihood: -10211.032
11. Current log-likelihood: -10211.022
12. Current log-likelihood: -10211.011
Optimal log-likelihood: -10211.002
Nonsynonymous/synonymous ratio (omega): 1.000
Transition/transversion ratio (kappa): 1.000
Site proportion and rates:  (0.590,0.436) (0.238,1.114) (0.138,2.224) (0.034,5.006)
Parameters optimization took 12 rounds (142.264 sec)
Wrote distance file to... 
BEST SCORE FOUND : -10211.002
Ancestral state probabilities printed to /mnt/data0/yue/2026-03-11-protein-convergence/results/OG_6342/csubst_w_s/csubst_input_alignment.fa.state
Empirical proportions for each category: 0.708 0.129 0.138 0.025
Site rates printed to /mnt/data0/yue/2026-03-11-protein-convergence/results/OG_6342/csubst_w_s/csubst_input_alignment.fa.rate
Total tree length: 3.990

Total number of iterations: 0
CPU time used for tree search: 0.000 sec (0h:0m:0s)
Wall-clock time used for tree search: 0.000 sec (0h:0m:0s)
Total CPU time used: 148.169 sec (0h:2m:28s)
Total wall-clock time used: 148.462 sec (0h:2m:28s)

Analysis results written to: 
  IQ-TREE report:                /mnt/data0/yue/2026-03-11-protein-convergence/results/OG_6342/csubst_w_s/csubst_input_alignment.fa.iqtree
  Maximum-likelihood tree:       /mnt/data0/yue/2026-03-11-protein-convergence/results/OG_6342/csubst_w_s/csubst_input_alignment.fa.treefile
  Site-specific rates:           /mnt/data0/yue/2026-03-11-protein-convergence/results/OG_6342/csubst_w_s/csubst_input_alignment.fa.rate
  Ancestral state:               /mnt/data0/yue/2026-03-11-protein-convergence/results/OG_6342/csubst_w_s/csubst_input_alignment.fa.state
  Screen log file:               /mnt/data0/yue/2026-03-11-protein-convergence/results/OG_6342/csubst_w_s/csubst_input_alignment.fa.log

Date and Time: Fri Mar 27 21:13:20 2026
