IQ-TREE multicore version 2.4.0 for Linux x86 64-bit built Feb 12 2025
Developed by Bui Quang Minh, Nguyen Lam Tung, Olga Chernomor, Heiko Schmidt,
Dominik Schrempf, Michael Woodhams, Ly Trong Nhan, Thomas Wong

Host:    brain (AVX2, FMA3, 2015 GB RAM)
Command: /home/yue/miniconda3/envs/py39/bin/iqtree -s /mnt/data0/yue/2026-03-11-protein-convergence/results/OG_5081/csubst_w_s/csubst_input_alignment.fa -te tmp.csubst.nwk -m ECMK07+F+R4 --seqtype CODON1 --threads-max 1 -T AUTO --ancestral --rate --redo
Seed:    135369 (Using SPRNG - Scalable Parallel Random Number Generator)
Time:    Fri Mar 27 16:27:29 2026
Kernel:  AVX+FMA - auto-detect threads (128 CPU cores detected)

Reading alignment file /mnt/data0/yue/2026-03-11-protein-convergence/results/OG_5081/csubst_w_s/csubst_input_alignment.fa ... Fasta format detected
Reading fasta file: done in 0.00166905 secs using 24.98% CPU
Alignment most likely contains DNA/RNA sequences
Converting to codon sequences with genetic code 1 ...
Alignment has 76 sequences with 269 columns, 256 distinct patterns
128 parsimony-informative, 70 singleton sites, 71 constant sites
                                                                Gap/Ambiguity  Composition  p-value
Analyzing sequences: done in 8.81255e-05 secs using 24.96% CPU
   1  JJ99|Cluster-15262.0__TRINITY_DN17094_c0_g2_i1.p1                 0.00%    passed    100.00%
   2  DE519|Cluster-19260.0__TRINITY_DN4722_c0_g1_i1.p1                 0.00%    passed     99.99%
   3  SRR3424066|Cluster-3004.0__TRINITY_DN6245_c0_g1_i2.p1             0.00%    passed    100.00%
   4  DE561|Cluster-41852.0__TRINITY_DN4260_c0_g1_i6.p1                 0.00%    passed    100.00%
   5  DE216|Cluster-44342.0__TRINITY_DN5541_c0_g1_i2.p1                 0.00%    passed    100.00%
   6  DRR082660|Cluster-33247.0__TRINITY_DN987_c0_g1_i3.p1              0.00%    passed    100.00%
   7  SRR3407095|Cluster-41893.0__TRINITY_DN3047_c0_g1_i6.p1            0.37%    passed    100.00%
   8  DE69|Cluster-52139.1__TRINITY_DN3769_c0_g1_i6.p1                  0.00%    passed     99.99%
   9  JJ23|Cluster-20916.0__TRINITY_DN1884_c0_g1_i3.p1                  7.81%    passed    100.00%
  10  DE181|Cluster-57640.0__TRINITY_DN3637_c0_g1_i5.p1                 0.00%    passed    100.00%
  11  SRR3407086|Cluster-1278.0__TRINITY_DN7861_c0_g1_i1.p1             0.00%    passed    100.00%
  12  DE503|Cluster-55821.0__TRINITY_DN8468_c0_g1_i2.p1                 0.00%    passed    100.00%
  13  DE505|Cluster-56749.0__TRINITY_DN5327_c0_g1_i3.p1                 0.00%    passed    100.00%
  14  SRR3407093|Cluster-29562.0__TRINITY_DN4881_c0_g1_i1.p1            0.00%    passed    100.00%
  15  DE510|Cluster-39861.0__TRINITY_DN4351_c0_g1_i3.p1                 0.00%    passed    100.00%
  16  SRR3407094|Cluster-9970.0__TRINITY_DN7233_c0_g1_i2.p1             0.00%    passed    100.00%
  17  SRR3407092|Cluster-26666.0__TRINITY_DN5804_c1_g3_i5.p1            0.00%    passed    100.00%
  18  SRR3407087|Cluster-23948.0__TRINITY_DN6471_c0_g1_i2.p1            0.00%    passed    100.00%
  19  SRR3407088|Cluster-25910.0__TRINITY_DN153_c0_g1_i2.p1             0.00%    passed    100.00%
  20  JJ85|Cluster-13232.0__TRINITY_DN1047_c3_g1_i1.p1                  0.00%    passed    100.00%
  21  DE542|Cluster-50733.0__TRINITY_DN5955_c0_g1_i2.p1                 0.00%    passed    100.00%
  22  DE560|Cluster-43556.0__TRINITY_DN10841_c0_g1_i1.p1                0.00%    passed    100.00%
  23  DE566|Cluster-49984.3__TRINITY_DN8418_c0_g1_i6.p1                 0.00%    passed    100.00%
  24  DE152|Cluster-41459.0__TRINITY_DN1518_c0_g1_i5.p1                 0.00%    passed    100.00%
  25  DE741|Cluster-23716.0__TRINITY_DN3746_c0_g1_i1.p1                 0.00%    passed    100.00%
  26  JJ131|Cluster-29220.1__TRINITY_DN33164_c0_g1_i2.p1               14.87%    passed    100.00%
  27  JJ125|Cluster-3593.0__TRINITY_DN10082_c0_g1_i2.p1                 0.00%    passed    100.00%
  28  DE229|Cluster-79114.0__TRINITY_DN25417_c0_g1_i4.p1               19.33%    passed    100.00%
  29  SRR11748982|Cluster-12511.0__TRINITY_DN18091_c0_g1_i2.p1          0.00%    passed     65.96%
  30  DE507|Cluster-87435.3__TRINITY_DN4227_c0_g1_i2.p1                 0.00%    passed    100.00%
  31  JJ15|Cluster-39445.3__TRINITY_DN46_c0_g2_i11.p1                   0.00%    passed    100.00%
  32  DE536|Cluster-2782.0__TRINITY_DN5401_c0_g1_i1.p1                  0.00%    passed    100.00%
  33  DE115|Cluster-40584.2__TRINITY_DN4987_c0_g1_i22.p1                0.00%    passed     99.97%
  34  DE680|Cluster-51065.0__TRINITY_DN12104_c0_g1_i6.p1                0.00%    passed    100.00%
  35  JJ130|Cluster-48206.0__TRINITY_DN599_c3_g1_i3.p1                  0.00%    passed    100.00%
  36  JJ109|Cluster-29069.0__TRINITY_DN4552_c0_g2_i1.p1                 0.00%    passed    100.00%
  37  DE643|Cluster-76370.2__TRINITY_DN22344_c1_g1_i4.p1                0.00%    passed    100.00%
  38  DE189|Cluster-16002.0__TRINITY_DN7082_c1_g1_i1.p1                 0.00%    passed    100.00%
  39  DE504|Cluster-29313.0__TRINITY_DN811_c0_g1_i1.p1                  0.00%    passed    100.00%
  40  JJ89|Cluster-19159.0__TRINITY_DN17370_c1_g1_i2.p1                 0.00%    passed    100.00%
  41  DE523|Cluster-41028.0__TRINITY_DN477_c1_g1_i5.p1                  0.00%    passed    100.00%
  42  DE151|Cluster-30013.0__TRINITY_DN1084_c0_g1_i1.p1                 0.00%    passed    100.00%
  43  DE173|Cluster-29308.0__TRINITY_DN3561_c0_g1_i2.p1                41.64%    passed     97.90%
  44  DE531|Cluster-51468.0__TRINITY_DN1271_c1_g1_i3.p1                 0.00%    passed    100.00%
  45  DE696-dots|Cluster-15961.0__TRINITY_DN1628_c0_g1_i1.p1            0.00%    passed    100.00%
  46  DE696-nodots|Cluster-27355.0__TRINITY_DN2876_c1_g1_i1.p1          0.00%    passed    100.00%
  47  DE127|Cluster-36517.1__TRINITY_DN12239_c0_g1_i6.p1                0.00%    passed    100.00%
  48  DE554|Cluster-63259.0__TRINITY_DN7134_c0_g1_i1.p1                 0.00%    passed    100.00%
  49  DE623|Cluster-7400.0__TRINITY_DN1172_c1_g3_i1.p1                  0.00%    passed    100.00%
  50  DE563|Cluster-39009.0__TRINITY_DN10117_c0_g1_i3.p1                0.00%    passed    100.00%
  51  DE546_urceolata_l|Cluster-38212.0__TRINITY_DN1219_c1_g1_i17.p1    0.00%    passed    100.00%
  52  DE666|Cluster-17785.2__TRINITY_DN524_c0_g1_i5.p1                  0.00%    passed    100.00%
  53  JJ86|Cluster-35450.0__TRINITY_DN16852_c1_g2_i1.p1                 0.00%    passed    100.00%
  54  DE668|Cluster-29010.0__TRINITY_DN31930_c1_g1_i1.p1                0.00%    passed    100.00%
  55  DE164|Cluster-55531.0__TRINITY_DN23840_c1_g1_i4.p1                0.00%    passed    100.00%
  56  DE672|Cluster-56475.0__TRINITY_DN3352_c0_g1_i2.p1                 0.00%    passed    100.00%
  57  DE671|Cluster-32772.0__TRINITY_DN19918_c0_g1_i3.p1                0.00%    passed    100.00%
  58  DE88|Cluster-32932.0__TRINITY_DN8125_c0_g1_i8.p1                  0.00%    passed    100.00%
  59  DE509|Cluster-21448.0__TRINITY_DN878_c0_g1_i4.p1                  0.00%    passed    100.00%
  60  DE736|Cluster-41467.0__TRINITY_DN1538_c0_g1_i2.p1                 0.00%    passed    100.00%
  61  DE764|Cluster-18515.0__TRINITY_DN1195_c0_g1_i2.p1                 0.00%    passed    100.00%
  62  DE737|Cluster-39894.0__TRINITY_DN2999_c0_g1_i3.p1                 0.00%    passed    100.00%
  63  DE549|Cluster-20231.0__TRINITY_DN4356_c0_g1_i3.p1                 0.00%    passed    100.00%
  64  DE550|Cluster-52132.0__TRINITY_DN566_c0_g1_i2.p1                  0.00%    passed    100.00%
  65  DE476|Cluster-38760.0__TRINITY_DN1627_c0_g1_i2.p1                 0.00%    passed    100.00%
  66  DE541|Cluster-37377.0__TRINITY_DN7332_c0_g1_i4.p1                 0.00%    passed    100.00%
  67  JJ36|Cluster-39089.0__TRINITY_DN3445_c1_g1_i2.p1                  0.00%    passed    100.00%
  68  SRR3407096|Cluster-22748.0__TRINITY_DN5277_c0_g1_i1.p1            0.00%    passed    100.00%
  69  DE162|Cluster-22631.2__TRINITY_DN8752_c0_g1_i13.p1                0.00%    passed    100.00%
  70  DE704-purple|Cluster-31385.0__TRINITY_DN7646_c0_g1_i12.p1        63.20%    passed     60.90%
  71  DE704-white|Cluster-58681.0__TRINITY_DN8553_c1_g1_i3.p1           0.00%    passed    100.00%
  72  DE528|Cluster-28209.1__TRINITY_DN3205_c0_g1_i9.p1                 0.00%    passed    100.00%
  73  DE575|Cluster-57295.0__TRINITY_DN8539_c0_g1_i1.p1                 0.00%    passed    100.00%
  74  DE681|Cluster-3163.0__TRINITY_DN8258_c0_g1_i1.p1                  0.00%    passed    100.00%
  75  DE765|Cluster-28450.0__TRINITY_DN7244_c0_g1_i5.p1                 0.00%    passed    100.00%
  76  SRR104381|Cluster-28270.2__TRINITY_DN752_c2_g1_i2.p1              2.97%    passed     99.38%
WARNING: 1 sequences contain more than 50% gaps/ambiguity
****  TOTAL                                                             1.98%  0 sequences failed composition chi2 test (p-value<5%; df=60)
Reading input tree file tmp.csubst.nwk ... rooted tree

NOTE: 45 MB RAM (0 GB) is required!
Measuring multi-threading efficiency up to 1 CPU cores
2 trees examined
Threads: 1 / Time: 2.798 sec / Speedup: 1.000 / Efficiency: 100% / LogL: -9505
BEST NUMBER OF THREADS: 1

Estimate model parameters (epsilon = 0.010)
1. Initial log-likelihood: -8718.114
2. Current log-likelihood: -5185.534
3. Current log-likelihood: -5184.907
4. Current log-likelihood: -5184.578
5. Current log-likelihood: -5184.397
6. Current log-likelihood: -5184.291
7. Current log-likelihood: -5184.224
8. Current log-likelihood: -5184.181
9. Current log-likelihood: -5184.151
10. Current log-likelihood: -5184.130
11. Current log-likelihood: -5184.115
12. Current log-likelihood: -5184.104
Optimal log-likelihood: -5184.095
Nonsynonymous/synonymous ratio (omega): 1.000
Transition/transversion ratio (kappa): 1.000
Site proportion and rates:  (0.688,0.422) (0.168,1.555) (0.086,1.971) (0.059,4.772)
Parameters optimization took 12 rounds (116.420 sec)
Wrote distance file to... 
BEST SCORE FOUND : -5184.095
Ancestral state probabilities printed to /mnt/data0/yue/2026-03-11-protein-convergence/results/OG_5081/csubst_w_s/csubst_input_alignment.fa.state
Empirical proportions for each category: 0.758 0.167 0.015 0.059
Site rates printed to /mnt/data0/yue/2026-03-11-protein-convergence/results/OG_5081/csubst_w_s/csubst_input_alignment.fa.rate
Total tree length: 2.937

Total number of iterations: 0
CPU time used for tree search: 0.000 sec (0h:0m:0s)
Wall-clock time used for tree search: 0.000 sec (0h:0m:0s)
Total CPU time used: 115.358 sec (0h:1m:55s)
Total wall-clock time used: 120.908 sec (0h:2m:0s)

Analysis results written to: 
  IQ-TREE report:                /mnt/data0/yue/2026-03-11-protein-convergence/results/OG_5081/csubst_w_s/csubst_input_alignment.fa.iqtree
  Maximum-likelihood tree:       /mnt/data0/yue/2026-03-11-protein-convergence/results/OG_5081/csubst_w_s/csubst_input_alignment.fa.treefile
  Site-specific rates:           /mnt/data0/yue/2026-03-11-protein-convergence/results/OG_5081/csubst_w_s/csubst_input_alignment.fa.rate
  Ancestral state:               /mnt/data0/yue/2026-03-11-protein-convergence/results/OG_5081/csubst_w_s/csubst_input_alignment.fa.state
  Screen log file:               /mnt/data0/yue/2026-03-11-protein-convergence/results/OG_5081/csubst_w_s/csubst_input_alignment.fa.log

Date and Time: Fri Mar 27 16:29:30 2026
