IQ-TREE multicore version 2.4.0 for Linux x86 64-bit built Feb 12 2025
Developed by Bui Quang Minh, Nguyen Lam Tung, Olga Chernomor, Heiko Schmidt,
Dominik Schrempf, Michael Woodhams, Ly Trong Nhan, Thomas Wong

Host:    brain (AVX2, FMA3, 2015 GB RAM)
Command: /home/yue/miniconda3/envs/py39/bin/iqtree -s /mnt/data0/yue/2026-03-11-protein-convergence/results/OG_3736/csubst_w_s/csubst_input_alignment.fa -te tmp.csubst.nwk -m ECMK07+F+R4 --seqtype CODON1 --threads-max 1 -T AUTO --ancestral --rate --redo
Seed:    205647 (Using SPRNG - Scalable Parallel Random Number Generator)
Time:    Fri Mar 27 10:44:03 2026
Kernel:  AVX+FMA - auto-detect threads (128 CPU cores detected)

Reading alignment file /mnt/data0/yue/2026-03-11-protein-convergence/results/OG_3736/csubst_w_s/csubst_input_alignment.fa ... Fasta format detected
Reading fasta file: done in 0.00602145 secs using 55.44% CPU
Alignment most likely contains DNA/RNA sequences
Converting to codon sequences with genetic code 1 ...
Alignment has 82 sequences with 674 columns, 642 distinct patterns
349 parsimony-informative, 195 singleton sites, 130 constant sites
                                                                Gap/Ambiguity  Composition  p-value
Analyzing sequences: done in 0.000280976 secs using 99.3% CPU
   1  DE523|Cluster-27145.0__TRINITY_DN81601_c0_g1_i1.p1                0.30%    passed    100.00%
   2  DE88|Cluster-39865.0__TRINITY_DN14676_c0_g1_i2.p1                 9.94%    passed    100.00%
   3  DRR234970|Cluster-36463.0__TRINITY_DN41229_c0_g1_i1.p1            1.78%    passed    100.00%
   4  SRR5150740|Cluster-42851.0__TRINITY_DN2468_c0_g1_i1.p1            2.08%    passed    100.00%
   5  SRR104381|Cluster-34195.2__TRINITY_DN3611_c0_g1_i3.p1             7.42%    passed     99.93%
   6  DE509|Cluster-31848.0__TRINITY_DN7717_c0_g1_i1.p1                 3.71%    passed    100.00%
   7  DE736|Cluster-23373.0__TRINITY_DN10589_c0_g1_i2.p1                0.15%    passed    100.00%
   8  DE115|Cluster-31034.0__TRINITY_DN16336_c0_g1_i1.p1               13.95%    passed    100.00%
   9  DE127|Cluster-40685.0__TRINITY_DN22514_c0_g1_i3.p1               43.62%    passed     96.74%
  10  DE554|Cluster-48660.0__TRINITY_DN9025_c0_g2_i1.p1                 0.15%    passed    100.00%
  11  JJ86|Cluster-38836.0__TRINITY_DN36482_c0_g1_i1.p1                13.95%    passed    100.00%
  12  DE668|Cluster-53779.0__TRINITY_DN11089_c0_g1_i2.p1               14.09%    passed    100.00%
  13  DE704-purple|Cluster-58594.0__TRINITY_DN24134_c0_g1_i1.p1         0.15%    passed    100.00%
  14  DE162|Cluster-51179.3__TRINITY_DN3998_c0_g2_i2.p1                 0.15%    passed    100.00%
  15  DE528|Cluster-3744.0__TRINITY_DN19981_c0_g1_i1.p1                 0.15%    passed    100.00%
  16  DE704-white|Cluster-67228.0__TRINITY_DN42428_c0_g1_i4.p1         27.74%    passed    100.00%
  17  DE507|Cluster-31204.0__TRINITY_DN12278_c0_g1_i2.p1                0.15%    passed    100.00%
  18  DE546_urceolata_l|Cluster-33308.0__TRINITY_DN25047_c0_g1_i1.p1    0.15%    passed    100.00%
  19  DE563|Cluster-18285.0__TRINITY_DN2747_c3_g1_i1.p1                 0.15%    passed    100.00%
  20  DE126|Cluster-32074.0__TRINITY_DN4670_c0_g1_i3.p1                 0.30%    passed    100.00%
  21  DE216|Cluster-24739.0__TRINITY_DN10510_c0_g1_i1.p1                0.15%    passed    100.00%
  22  DE542|Cluster-46761.0__TRINITY_DN5050_c0_g1_i9.p1                 0.15%    passed    100.00%
  23  JJ15|Cluster-17881.0__TRINITY_DN5156_c0_g1_i2.p1                  0.15%    passed    100.00%
  24  DE534|Cluster-56127.0__TRINITY_DN6077_c0_g1_i3.p1                13.95%    passed    100.00%
  25  DE536|Cluster-3962.0__TRINITY_DN5176_c0_g1_i1.p1                 29.97%    passed    100.00%
  26  DRR082660|Cluster-44771.0__TRINITY_DN31559_c0_g1_i1.p1            0.15%    passed    100.00%
  27  JJ74|Cluster-85334.0__TRINITY_DN69121_c0_g1_i2.p1                 0.15%    passed    100.00%
  28  DE519|Cluster-11361.0__TRINITY_DN20718_c1_g1_i1.p1                0.15%    passed    100.00%
  29  DE741|Cluster-50674.0__TRINITY_DN5395_c0_g1_i2.p1                 0.15%    passed    100.00%
  30  DE560|Cluster-40371.0__TRINITY_DN9354_c0_g1_i1.p1                13.95%    passed    100.00%
  31  JJ125|Cluster-28761.0__TRINITY_DN2442_c1_g5_i1.p1                 0.00%    passed    100.00%
  32  JJ23|Cluster-690.0__TRINITY_DN5207_c0_g2_i1.p1                    0.15%    passed    100.00%
  33  DE229|Cluster-29263.0__TRINITY_DN14536_c0_g1_i1.p1                0.15%    passed    100.00%
  34  DE623|Cluster-4265.114__TRINITY_DN5170_c0_g2_i1.p1                0.45%    passed    100.00%
  35  DE680|Cluster-37374.0__TRINITY_DN3488_c0_g1_i1.p1                 0.45%    passed    100.00%
  36  DE541|Cluster-45364.0__TRINITY_DN399_c1_g1_i1.p1                  1.04%    passed    100.00%
  37  DE531|Cluster-50315.0__TRINITY_DN12864_c0_g1_i2.p1                0.30%    passed    100.00%
  38  DE696-dots|Cluster-36925.0__TRINITY_DN12997_c1_g1_i2.p1           0.30%    passed    100.00%
  39  JJ36|Cluster-23826.0__TRINITY_DN518_c1_g1_i2.p1                   0.30%    passed    100.00%
  40  DE696-nodots|Cluster-46663.0__TRINITY_DN8062_c0_g2_i4.p1          2.37%    passed    100.00%
  41  DE476|Cluster-38470.0__TRINITY_DN6651_c1_g1_i1.p1                13.95%    passed    100.00%
  42  DE151|Cluster-17539.0__TRINITY_DN7221_c0_g1_i1.p1                 0.15%    passed    100.00%
  43  DE173|Cluster-26444.0__TRINITY_DN3393_c0_g1_i1.p1                 0.15%    passed    100.00%
  44  JJ109|Cluster-44874.0__TRINITY_DN39003_c0_g1_i1.p1                0.15%    passed    100.00%
  45  JJ130|Cluster-39632.0__TRINITY_DN4123_c1_g1_i1.p1                 0.30%    passed    100.00%
  46  DE189|Cluster-21480.0__TRINITY_DN13178_c0_g1_i2.p1                0.15%    passed    100.00%
  47  DE164|Cluster-2853.0__TRINITY_DN1453_c2_g1_i1.p1                  0.15%    passed    100.00%
  48  DE672|Cluster-41892.0__TRINITY_DN21161_c0_g1_i1.p1                0.15%    passed    100.00%
  49  DE737|Cluster-19821.0__TRINITY_DN13100_c0_g1_i2.p1                0.15%    passed    100.00%
  50  DE550|Cluster-40009.0__TRINITY_DN5702_c0_g1_i1.p1                 4.15%    passed    100.00%
  51  DE643|Cluster-56674.0__TRINITY_DN3257_c0_g1_i10.p1                0.15%    passed    100.00%
  52  DE671|Cluster-46218.0__TRINITY_DN7137_c0_g1_i1.p1                 0.15%    passed    100.00%
  53  JJ89|Cluster-708.0__TRINITY_DN6648_c0_g2_i1.p1                    0.15%    passed    100.00%
  54  DE764|Cluster-36770.0__TRINITY_DN4672_c0_g1_i2.p1                 0.15%    passed    100.00%
  55  DE549|Cluster-15403.0__TRINITY_DN13921_c0_g1_i1.p1               27.74%    passed     99.78%
  56  SRR3424066|Cluster-22673.0__TRINITY_DN41106_c0_g1_i1.p1           0.15%    passed    100.00%
  57  DE561|Cluster-41867.0__TRINITY_DN4884_c0_g1_i10.p1               13.95%    passed    100.00%
  58  SRR3407088|Cluster-261.0__TRINITY_DN48609_c0_g1_i1.p1             0.15%    passed    100.00%
  59  DE503|Cluster-34171.0__TRINITY_DN17567_c0_g1_i2.p1                0.15%    passed    100.00%
  60  DE505|Cluster-51553.0__TRINITY_DN7021_c0_g1_i2.p1                13.95%    passed    100.00%
  61  SRR3407094|Cluster-7740.0__TRINITY_DN4159_c0_g1_i2.p1             0.15%    passed    100.00%
  62  SRR3407093|Cluster-39112.0__TRINITY_DN43215_c0_g1_i2.p1           0.15%    passed    100.00%
  63  SRR3407092|Cluster-10753.0__TRINITY_DN3589_c0_g1_i2.p1            0.15%    passed    100.00%
  64  DE510|Cluster-42396.0__TRINITY_DN1177_c2_g1_i1.p1                 0.15%    passed    100.00%
  65  SRR3407087|Cluster-24412.0__TRINITY_DN11148_c0_g1_i1.p1           0.15%    passed    100.00%
  66  SRR3407096|Cluster-22454.0__TRINITY_DN5271_c0_g4_i1.p1            0.15%    passed    100.00%
  67  SRR3407086|Cluster-21454.0__TRINITY_DN84441_c0_g1_i1.p1           0.15%    passed    100.00%
  68  SRR3407095|Cluster-51896.0__TRINITY_DN9409_c0_g1_i1.p1            0.15%    passed    100.00%
  69  DE69|Cluster-37048.0__TRINITY_DN19315_c0_g1_i1.p1                 0.15%    passed    100.00%
  70  JJ85|Cluster-16147.0__TRINITY_DN15337_c0_g1_i1.p1                 0.15%    passed    100.00%
  71  DE181|Cluster-43181.0__TRINITY_DN17369_c0_g1_i1.p1                9.94%    passed    100.00%
  72  DE566|Cluster-35146.0__TRINITY_DN4028_c0_g1_i2.p1                 1.04%    passed    100.00%
  73  DE504|Cluster-34287.1__TRINITY_DN7460_c0_g2_i1.p1                 4.60%    passed    100.00%
  74  DE152|Cluster-63360.0__TRINITY_DN32037_c0_g1_i1.p1                0.45%    passed    100.00%
  75  DE575|Cluster-50896.0__TRINITY_DN10582_c0_g1_i1.p1                0.15%    passed    100.00%
  76  DE681|Cluster-35091.0__TRINITY_DN316_c0_g1_i3.p1                 40.21%    passed     99.70%
  77  DE765|Cluster-45058.0__TRINITY_DN1219_c0_g2_i5.p1                 0.15%    passed    100.00%
  78  DE666|Cluster-45427.0__TRINITY_DN5538_c1_g2_i3.p1                13.06%    passed    100.00%
  79  JJ99|Cluster-34196.0__TRINITY_DN10342_c0_g1_i2.p1                13.06%    passed     99.99%
  80  JJ131|Cluster-52858.0__TRINITY_DN7185_c0_g1_i6.p1                36.50%    passed     91.76%
  81  SRR11748982|Cluster-14221.0__TRINITY_DN12800_c0_g1_i1.p1          7.42%    passed     91.39%
  82  DRR082665|Cluster-27992.0__TRINITY_DN9475_c0_g1_i6.p1            12.17%    passed     97.82%
****  TOTAL                                                             5.13%  0 sequences failed composition chi2 test (p-value<5%; df=60)
Reading input tree file tmp.csubst.nwk ... rooted tree

NOTE: 108 MB RAM (0 GB) is required!
Measuring multi-threading efficiency up to 1 CPU cores
2 trees examined
Threads: 1 / Time: 6.019 sec / Speedup: 1.000 / Efficiency: 100% / LogL: -21351
BEST NUMBER OF THREADS: 1

Estimate model parameters (epsilon = 0.010)
1. Initial log-likelihood: -23877.293
2. Current log-likelihood: -13858.582
3. Current log-likelihood: -13858.369
4. Current log-likelihood: -13858.278
5. Current log-likelihood: -13848.942
6. Current log-likelihood: -13848.812
7. Current log-likelihood: -13848.712
8. Current log-likelihood: -13848.631
9. Current log-likelihood: -13848.565
10. Current log-likelihood: -13848.513
11. Current log-likelihood: -13848.473
12. Current log-likelihood: -13848.442
13. Current log-likelihood: -13848.419
14. Current log-likelihood: -13843.060
15. Current log-likelihood: -13842.958
16. Current log-likelihood: -13842.890
17. Current log-likelihood: -13842.843
18. Current log-likelihood: -13842.809
19. Current log-likelihood: -13842.785
20. Current log-likelihood: -13842.769
21. Current log-likelihood: -13842.758
Optimal log-likelihood: -13842.751
Nonsynonymous/synonymous ratio (omega): 1.000
Transition/transversion ratio (kappa): 1.000
Site proportion and rates:  (0.493,0.371) (0.379,1.124) (0.119,2.833) (0.010,5.758)
Parameters optimization took 21 rounds (436.622 sec)
Wrote distance file to... 
BEST SCORE FOUND : -13842.751
Ancestral state probabilities printed to /mnt/data0/yue/2026-03-11-protein-convergence/results/OG_3736/csubst_w_s/csubst_input_alignment.fa.state
Empirical proportions for each category: 0.531 0.365 0.098 0.006
Site rates printed to /mnt/data0/yue/2026-03-11-protein-convergence/results/OG_3736/csubst_w_s/csubst_input_alignment.fa.rate
Total tree length: 3.157

Total number of iterations: 0
CPU time used for tree search: 0.000 sec (0h:0m:0s)
Wall-clock time used for tree search: 0.000 sec (0h:0m:0s)
Total CPU time used: 446.035 sec (0h:7m:26s)
Total wall-clock time used: 446.921 sec (0h:7m:26s)

Analysis results written to: 
  IQ-TREE report:                /mnt/data0/yue/2026-03-11-protein-convergence/results/OG_3736/csubst_w_s/csubst_input_alignment.fa.iqtree
  Maximum-likelihood tree:       /mnt/data0/yue/2026-03-11-protein-convergence/results/OG_3736/csubst_w_s/csubst_input_alignment.fa.treefile
  Site-specific rates:           /mnt/data0/yue/2026-03-11-protein-convergence/results/OG_3736/csubst_w_s/csubst_input_alignment.fa.rate
  Ancestral state:               /mnt/data0/yue/2026-03-11-protein-convergence/results/OG_3736/csubst_w_s/csubst_input_alignment.fa.state
  Screen log file:               /mnt/data0/yue/2026-03-11-protein-convergence/results/OG_3736/csubst_w_s/csubst_input_alignment.fa.log

Date and Time: Fri Mar 27 10:51:30 2026
