IQ-TREE multicore version 2.4.0 for Linux x86 64-bit built Feb 12 2025
Developed by Bui Quang Minh, Nguyen Lam Tung, Olga Chernomor, Heiko Schmidt,
Dominik Schrempf, Michael Woodhams, Ly Trong Nhan, Thomas Wong

Host:    brain (AVX2, FMA3, 2015 GB RAM)
Command: /home/yue/miniconda3/envs/py39/bin/iqtree -s /mnt/data0/yue/2026-03-11-protein-convergence/results/OG_1012/csubst_w_s/csubst_input_alignment.fa -te tmp.csubst.nwk -m ECMK07+F+R4 --seqtype CODON1 --threads-max 1 -T AUTO --ancestral --rate --redo
Seed:    299149 (Using SPRNG - Scalable Parallel Random Number Generator)
Time:    Thu Mar 26 20:19:25 2026
Kernel:  AVX+FMA - auto-detect threads (128 CPU cores detected)

Reading alignment file /mnt/data0/yue/2026-03-11-protein-convergence/results/OG_1012/csubst_w_s/csubst_input_alignment.fa ... Fasta format detected
Reading fasta file: done in 0.0033942 secs using 34.47% CPU
Alignment most likely contains DNA/RNA sequences
Converting to codon sequences with genetic code 1 ...
Alignment has 123 sequences with 560 columns, 559 distinct patterns
442 parsimony-informative, 81 singleton sites, 37 constant sites
                                                               Gap/Ambiguity  Composition  p-value
Analyzing sequences: done in 0.00019218 secs using 99.39% CPU
   1  DE69|Cluster-19639.0__TRINITY_DN1562_c0_g1_i4.p1                23.39%    passed     99.82%
   2  DE696-dots|Cluster-30263.0__TRINITY_DN6199_c0_g1_i1.p1           0.18%    passed    100.00%
   3  JJ89|Cluster-13635.0__TRINITY_DN63470_c0_g1_i1.p1                0.18%    passed    100.00%
   4  DE550|Cluster-45331.0__TRINITY_DN2980_c0_g1_i3.p1                0.18%    passed    100.00%
   5  DE523|Cluster-15052.1__TRINITY_DN877_c1_g1_i5.p1                 3.04%    passed    100.00%
   6  DE680|Cluster-37507.0__TRINITY_DN1078_c0_g1_i1.p1                2.50%    passed    100.00%
   7  DE737|Cluster-39743.0__TRINITY_DN1994_c0_g2_i1.p1                3.04%    passed    100.00%
   8  JJ125|Cluster-26102.0__TRINITY_DN13622_c1_g1_i1.p1               0.18%    passed    100.00%
   9  DRR082660|Cluster-3273.0__TRINITY_DN712_c0_g1_i1.p1              0.18%    passed    100.00%
  10  DE696-nodots|Cluster-31439.0__TRINITY_DN4764_c0_g1_i2.p1         3.04%    passed    100.00%
  11  JJ36|Cluster-33079.0__TRINITY_DN4484_c0_g1_i1.p1                 3.04%    passed    100.00%
  12  DE531|Cluster-38593.0__TRINITY_DN3499_c0_g1_i1.p1               24.46%    passed     99.95%
  13  DE509|Cluster-16311.0__TRINITY_DN2798_c0_g2_i1.p1                0.18%    passed    100.00%
  14  DE549|Cluster-41547.0__TRINITY_DN1456_c0_g1_i5.p1                9.64%    passed    100.00%
  15  DE189|Cluster-31638.0__TRINITY_DN5607_c0_g2_i1.p1                0.18%    passed    100.00%
  16  JJ109|Cluster-17675.0__TRINITY_DN11124_c0_g1_i5.p1               0.89%    passed    100.00%
  17  JJ130|Cluster-35678.0__TRINITY_DN2219_c0_g1_i15.p1               0.18%    passed    100.00%
  18  DE88|Cluster-36468.1__TRINITY_DN5282_c0_g1_i3.p1                 0.18%    passed    100.00%
  19  DE115|Cluster-39249.0__TRINITY_DN2334_c1_g1_i1.p1                0.18%    passed    100.00%
  20  JJ86|Cluster-22164.0__TRINITY_DN10690_c0_g1_i1.p1                0.18%    passed    100.00%
  21  DE162|Cluster-17972.1__TRINITY_DN560_c1_g2_i1.p1                 0.18%    passed    100.00%
  22  DE507|Cluster-27706.0__TRINITY_DN179_c0_g2_i1.p1                 0.18%    passed    100.00%
  23  DE528|Cluster-27824.1__TRINITY_DN55_c0_g2_i1.p1                  0.18%    passed    100.00%
  24  DE704-purple|Cluster-20730.0__TRINITY_DN13488_c0_g1_i4.p1        0.18%    passed    100.00%
  25  DE704-white|Cluster-23940.0__TRINITY_DN1073_c0_g1_i7.p1          0.18%    passed    100.00%
  26  DE668|Cluster-21447.56__TRINITY_DN1553_c0_g1_i11.p1              0.18%    passed    100.00%
  27  DE229|Cluster-42051.0__TRINITY_DN16900_c1_g1_i1.p1               0.18%    passed    100.00%
  28  JJ23|Cluster-14920.2__TRINITY_DN234_c4_g2_i1.p1                  0.18%    passed    100.00%
  29  DE181|Cluster-29450.0__TRINITY_DN10313_c0_g2_i3.p1               9.64%    passed    100.00%
  30  DE503|Cluster-25001.0__TRINITY_DN1400_c0_g2_i1.p1                0.18%    passed    100.00%
  31  SRR3407087|Cluster-16468.0__TRINITY_DN1150_c0_g1_i2.p1           0.18%    passed    100.00%
  32  SRR3407092|Cluster-4092.0__TRINITY_DN608_c0_g1_i1.p1             0.18%    passed    100.00%
  33  SRR3407093|Cluster-36695.0__TRINITY_DN2143_c0_g1_i2.p1           0.18%    passed    100.00%
  34  SRR3407086|Cluster-24579.0__TRINITY_DN5102_c0_g2_i1.p1           0.18%    passed    100.00%
  35  DE510|Cluster-47567.0__TRINITY_DN758_c0_g1_i3.p1                36.25%    passed     99.98%
  36  JJ85|Cluster-4856.0__TRINITY_DN4904_c0_g3_i1.p1                  0.18%    passed    100.00%
  37  DE505|Cluster-46158.0__TRINITY_DN13904_c0_g1_i9.p1              13.93%    passed     99.97%
  38  DE561|Cluster-46571.1__TRINITY_DN7587_c0_g1_i4.p1                0.18%    passed    100.00%
  39  SRR3424066|Cluster-41284.0__TRINITY_DN1102_c0_g1_i2.p1           0.18%    passed    100.00%
  40  SRR3407088|Cluster-37834.0__TRINITY_DN8194_c0_g1_i2.p1           0.18%    passed    100.00%
  41  DE542|Cluster-23282.0__TRINITY_DN279_c0_g3_i1.p1                 0.18%    passed    100.00%
  42  JJ74|Cluster-73278.0__TRINITY_DN3638_c0_g1_i3.p1                 0.18%    passed    100.00%
  43  DE560|Cluster-41018.1__TRINITY_DN5193_c0_g1_i3.p1                9.64%    passed    100.00%
  44  DE534|Cluster-46539.3__TRINITY_DN429_c0_g1_i8.p1                 0.18%    passed    100.00%
  45  DE519|Cluster-62806.0__TRINITY_DN5969_c0_g2_i2.p1                0.18%    passed    100.00%
  46  DE566|Cluster-54057.0__TRINITY_DN1102_c0_g1_i4.p1                0.18%    passed    100.00%
  47  DE216|Cluster-56532.0__TRINITY_DN7186_c0_g1_i1.p1                0.18%    passed    100.00%
  48  JJ15|Cluster-21110.0__TRINITY_DN16979_c0_g3_i2.p1                0.18%    passed    100.00%
  49  DE546_urceolata_l|Cluster-26808.0__TRINITY_DN9170_c0_g2_i1.p1    0.18%    passed    100.00%
  50  SRR3407095|Cluster-31768.0__TRINITY_DN607_c0_g2_i1.p1            0.18%    passed    100.00%
  51  DE672|Cluster-21113.0__TRINITY_DN2900_c0_g1_i1.p1                0.18%    passed    100.00%
  52  DE671|Cluster-8477.1__TRINITY_DN2243_c0_g1_i14.p1                0.18%    passed    100.00%
  53  DE643|Cluster-25085.1__TRINITY_DN1752_c0_g1_i12.p1               0.18%    passed    100.00%
  54  DE164|Cluster-30762.1__TRINITY_DN1688_c1_g1_i2.p1                0.18%    passed    100.00%
  55  DE541|Cluster-7078.0__TRINITY_DN73155_c0_g1_i1.p1                0.18%    passed    100.00%
  56  DE152|Cluster-13633.0__TRINITY_DN2349_c0_g2_i1.p1                0.18%    passed    100.00%
  57  JJ99|Cluster-43548.38__TRINITY_DN5_c0_g2_i5.p1                   0.18%    passed    100.00%
  58  DE575|Cluster-11620.4__TRINITY_DN2584_c0_g2_i6.p1                0.18%    passed    100.00%
  59  DE681|Cluster-48197.0__TRINITY_DN5757_c1_g1_i3.p1                0.18%    passed    100.00%
  60  DE765|Cluster-32227.0__TRINITY_DN2236_c0_g1_i5.p1               33.75%    passed    100.00%
  61  DE563|Cluster-33754.0__TRINITY_DN1504_c1_g1_i1.p1                0.18%    passed    100.00%
  62  DE623|Cluster-38000.1__TRINITY_DN2258_c1_g1_i2.p1               18.93%    passed    100.00%
  63  SRR104381|Cluster-30359.2__TRINITY_DN168_c0_g1_i5.p1             0.18%    passed     99.72%
  64  DRR234970|Cluster-13504.0__TRINITY_DN211_c0_g2_i1.p1             0.18%    passed     99.94%
  65  DE126|Cluster-36703.1__TRINITY_DN1313_c0_g3_i2.p1                0.18%    passed    100.00%
  66  DE563|Cluster-46365.0__TRINITY_DN15552_c0_g1_i1.p1               0.18%    passed    100.00%
  67  JJ125|Cluster-23545.0__TRINITY_DN1107_c2_g1_i4.p1               28.39%    passed     99.91%
  68  JJ74|Cluster-57992.1__TRINITY_DN1833_c0_g1_i2.p1                 0.18%    passed    100.00%
  69  DE181|Cluster-43304.0__TRINITY_DN10313_c0_g3_i1.p1              36.25%    passed     99.18%
  70  DE505|Cluster-41351.0__TRINITY_DN13904_c0_g2_i4.p1               0.18%    passed    100.00%
  71  DE536|Cluster-50190.0__TRINITY_DN1620_c0_g1_i1.p1                0.18%    passed    100.00%
  72  DE550|Cluster-36122.0__TRINITY_DN2980_c0_g2_i1.p1                0.18%    passed    100.00%
  73  DE503|Cluster-54528.0__TRINITY_DN6964_c1_g1_i2.p1                0.18%    passed    100.00%
  74  DE672|Cluster-34409.0__TRINITY_DN17893_c0_g1_i4.p1               0.18%    passed    100.00%
  75  SRR3407086|Cluster-18736.0__TRINITY_DN5102_c0_g3_i2.p1           0.18%    passed    100.00%
  76  JJ85|Cluster-41530.0__TRINITY_DN4904_c0_g2_i4.p1                 0.18%    passed    100.00%
  77  DE741|Cluster-61246.4__TRINITY_DN3417_c1_g1_i6.p1                0.18%    passed    100.00%
  78  DE504|Cluster-28143.0__TRINITY_DN528_c0_g1_i1.p1                 0.18%    passed    100.00%
  79  DE542|Cluster-10612.0__TRINITY_DN26330_c1_g1_i3.p1               0.18%    passed    100.00%
  80  DE549|Cluster-16607.0__TRINITY_DN18332_c0_g1_i1.p1               0.18%    passed    100.00%
  81  DE69|Cluster-55521.0__TRINITY_DN1327_c0_g1_i1.p1                 0.18%    passed    100.00%
  82  SRR3407095|Cluster-5515.0__TRINITY_DN607_c0_g1_i1.p1             0.18%    passed    100.00%
  83  SRR3407092|Cluster-35289.0__TRINITY_DN608_c0_g2_i3.p1            0.18%    passed    100.00%
  84  SRR3407094|Cluster-24558.2__TRINITY_DN580_c0_g5_i1.p1            0.18%    passed    100.00%
  85  DE127|Cluster-27445.0__TRINITY_DN516_c1_g1_i1.p1                 0.18%    passed    100.00%
  86  DE554|Cluster-31146.0__TRINITY_DN4614_c0_g1_i1.p1                0.18%    passed    100.00%
  87  DE666|Cluster-12412.1__TRINITY_DN33_c0_g1_i1.p1                  0.18%    passed    100.00%
  88  DE575|Cluster-56852.0__TRINITY_DN3588_c0_g1_i3.p1                0.18%    passed    100.00%
  89  DE681|Cluster-8397.0__TRINITY_DN3778_c0_g1_i2.p1                 0.18%    passed    100.00%
  90  DE765|Cluster-53580.0__TRINITY_DN2236_c0_g2_i1.p1                0.00%    passed    100.00%
  91  DE668|Cluster-44760.0__TRINITY_DN20298_c0_g2_i2.p1               0.18%    passed    100.00%
  92  DE151|Cluster-59176.0__TRINITY_DN16227_c0_g1_i10.p1              0.18%    passed    100.00%
  93  DE162|Cluster-16483.0__TRINITY_DN922_c0_g1_i1.p1                 0.18%    passed    100.00%
  94  DE189|Cluster-47464.0__TRINITY_DN5607_c0_g1_i3.p1                0.18%    passed    100.00%
  95  JJ109|Cluster-5357.0__TRINITY_DN11124_c0_g2_i1.p1                0.18%    passed    100.00%
  96  DE507|Cluster-56194.0__TRINITY_DN179_c0_g1_i2.p1                 0.18%    passed    100.00%
  97  DE528|Cluster-36761.0__TRINITY_DN55_c0_g1_i1.p1                  0.18%    passed    100.00%
  98  JJ130|Cluster-49246.0__TRINITY_DN2219_c0_g4_i1.p1                0.18%    passed    100.00%
  99  DE704-white|Cluster-42409.0__TRINITY_DN1073_c0_g2_i1.p1          0.18%    passed    100.00%
 100  DE680|Cluster-2176.0__TRINITY_DN1078_c0_g2_i1.p1                 0.18%    passed    100.00%
 101  DE737|Cluster-56935.0__TRINITY_DN1994_c0_g2_i2.p1                0.18%    passed    100.00%
 102  DE523|Cluster-29574.0__TRINITY_DN877_c1_g3_i1.p1                 0.18%    passed    100.00%
 103  DE173|Cluster-7846.3__TRINITY_DN4916_c0_g1_i5.p1                 0.18%    passed    100.00%
 104  JJ23|Cluster-5110.0__TRINITY_DN477_c0_g1_i1.p1                   0.18%    passed    100.00%
 105  DE216|Cluster-6929.0__TRINITY_DN7186_c0_g1_i2.p1                 0.18%    passed    100.00%
 106  DE534|Cluster-47902.2__TRINITY_DN1365_c0_g1_i3.p1               36.96%    passed     99.53%
 107  JJ15|Cluster-32824.0__TRINITY_DN16979_c0_g1_i3.p1                0.18%    passed    100.00%
 108  SRR3407088|Cluster-18677.0__TRINITY_DN13306_c0_g1_i1.p1          0.00%    passed    100.00%
 109  JJ99|Cluster-26669.0__TRINITY_DN5_c0_g2_i6.p1                    0.18%    passed    100.00%
 110  DRR234970|Cluster-45385.0__TRINITY_DN211_c0_g1_i2.p1             0.18%    passed     99.99%
 111  SRR5150740|Cluster-63629.0__TRINITY_DN2808_c0_g1_i1.p1           0.18%    passed     99.97%
 112  JJ131|Cluster-47175.2__TRINITY_DN1132_c0_g1_i6.p1                0.18%    passed    100.00%
 113  DE476|Cluster-52409.5__TRINITY_DN3877_c0_g1_i7.p1               19.82%    passed     99.99%
 114  SRR3424066|Cluster-11425.0__TRINITY_DN5773_c0_g1_i1.p1           0.18%    passed    100.00%
 115  DE561|Cluster-1364.0__TRINITY_DN6046_c0_g1_i2.p1                 0.18%    passed    100.00%
 116  DE152|Cluster-58094.0__TRINITY_DN1762_c0_g1_i6.p1               18.93%    passed     99.98%
 117  DE229|Cluster-77069.0__TRINITY_DN16900_c0_g1_i6.p1              36.25%    passed     99.99%
 118  DE696-dots|Cluster-16588.1__TRINITY_DN8638_c0_g1_i5.p1          49.46%    passed     96.29%
 119  DE696-nodots|Cluster-44772.0__TRINITY_DN6801_c0_g1_i3.p1        49.46%    passed     98.60%
 120  SRR11934227|Cluster-171428.0__TRINITY_DN14208_c0_g1_i2.p1        0.18%    passed     52.43%
 121  DE531|Cluster-37326.0__TRINITY_DN4304_c0_g1_i6.p1               63.93%    passed     54.13%
 122  DE127|Cluster-47558.2__TRINITY_DN1258_c0_g1_i14.p1              66.25%    passed     90.68%
 123  DE554|Cluster-41110.1__TRINITY_DN601_c0_g1_i3.p1                11.79%    passed     55.37%
WARNING: 2 sequences contain more than 50% gaps/ambiguity
****  TOTAL                                                            5.12%  0 sequences failed composition chi2 test (p-value<5%; df=60)
Reading input tree file tmp.csubst.nwk ... rooted tree

NOTE: 143 MB RAM (0 GB) is required!
Measuring multi-threading efficiency up to 1 CPU cores
2 trees examined
Threads: 1 / Time: 6.930 sec / Speedup: 1.000 / Efficiency: 100% / LogL: -46674
BEST NUMBER OF THREADS: 1

Estimate model parameters (epsilon = 0.010)
1. Initial log-likelihood: -27677.710
2. Current log-likelihood: -17486.240
3. Current log-likelihood: -17470.117
4. Current log-likelihood: -17470.050
5. Current log-likelihood: -17469.991
6. Current log-likelihood: -17469.933
7. Current log-likelihood: -17469.876
8. Current log-likelihood: -17469.820
9. Current log-likelihood: -17469.768
10. Current log-likelihood: -17469.719
11. Current log-likelihood: -17469.674
12. Current log-likelihood: -17469.633
13. Current log-likelihood: -17469.596
14. Current log-likelihood: -17469.564
15. Current log-likelihood: -17469.535
16. Current log-likelihood: -17469.509
17. Current log-likelihood: -17469.487
18. Current log-likelihood: -17469.468
19. Current log-likelihood: -17469.451
20. Current log-likelihood: -17469.436
21. Current log-likelihood: -17469.423
22. Current log-likelihood: -17469.411
Optimal log-likelihood: -17469.402
Nonsynonymous/synonymous ratio (omega): 1.000
Transition/transversion ratio (kappa): 1.000
Site proportion and rates:  (0.637,0.553) (0.266,1.401) (0.082,2.500) (0.015,4.655)
Parameters optimization took 22 rounds (516.305 sec)
Wrote distance file to... 
BEST SCORE FOUND : -17469.402
Ancestral state probabilities printed to /mnt/data0/yue/2026-03-11-protein-convergence/results/OG_1012/csubst_w_s/csubst_input_alignment.fa.state
Empirical proportions for each category: 0.677 0.250 0.061 0.013
Site rates printed to /mnt/data0/yue/2026-03-11-protein-convergence/results/OG_1012/csubst_w_s/csubst_input_alignment.fa.rate
Total tree length: 5.497

Total number of iterations: 0
CPU time used for tree search: 0.000 sec (0h:0m:0s)
Wall-clock time used for tree search: 0.000 sec (0h:0m:0s)
Total CPU time used: 527.335 sec (0h:8m:47s)
Total wall-clock time used: 528.115 sec (0h:8m:48s)

Analysis results written to: 
  IQ-TREE report:                /mnt/data0/yue/2026-03-11-protein-convergence/results/OG_1012/csubst_w_s/csubst_input_alignment.fa.iqtree
  Maximum-likelihood tree:       /mnt/data0/yue/2026-03-11-protein-convergence/results/OG_1012/csubst_w_s/csubst_input_alignment.fa.treefile
  Site-specific rates:           /mnt/data0/yue/2026-03-11-protein-convergence/results/OG_1012/csubst_w_s/csubst_input_alignment.fa.rate
  Ancestral state:               /mnt/data0/yue/2026-03-11-protein-convergence/results/OG_1012/csubst_w_s/csubst_input_alignment.fa.state
  Screen log file:               /mnt/data0/yue/2026-03-11-protein-convergence/results/OG_1012/csubst_w_s/csubst_input_alignment.fa.log

Date and Time: Thu Mar 26 20:28:13 2026
