IQ-TREE multicore version 2.4.0 for Linux x86 64-bit built Feb 12 2025
Developed by Bui Quang Minh, Nguyen Lam Tung, Olga Chernomor, Heiko Schmidt,
Dominik Schrempf, Michael Woodhams, Ly Trong Nhan, Thomas Wong

Host:    brain (AVX2, FMA3, 2015 GB RAM)
Command: /home/yue/miniconda3/envs/py39/bin/iqtree -s /mnt/data0/yue/2026-03-11-protein-convergence/results/OG_12159/csubst_w_s/csubst_input_alignment.fa -te tmp.csubst.nwk -m ECMK07+F+R4 --seqtype CODON1 --threads-max 1 -T AUTO --ancestral --rate --redo
Seed:    947430 (Using SPRNG - Scalable Parallel Random Number Generator)
Time:    Thu Mar 26 23:08:15 2026
Kernel:  AVX+FMA - auto-detect threads (128 CPU cores detected)

Reading alignment file /mnt/data0/yue/2026-03-11-protein-convergence/results/OG_12159/csubst_w_s/csubst_input_alignment.fa ... Fasta format detected
Reading fasta file: done in 0.000484571 secs
Alignment most likely contains DNA/RNA sequences
Converting to codon sequences with genetic code 1 ...
WARNING: 1 sites contain only gaps or ambiguous characters.
Alignment has 54 sequences with 155 columns, 143 distinct patterns
66 parsimony-informative, 38 singleton sites, 51 constant sites
                                                               Gap/Ambiguity  Composition  p-value
Analyzing sequences: done in 2.20686e-05 secs
   1  DE534|Cluster-54520.0__TRINITY_DN29608_c0_g1_i1.p1               0.65%    passed     28.53%
   2  DE737|Cluster-1421.0__TRINITY_DN10043_c2_g1_i1.p1                0.65%    passed    100.00%
   3  SRR3407095|Cluster-20114.0__TRINITY_DN4206_c0_g3_i1.p1           0.65%    passed     99.05%
   4  JJ131|Cluster-13639.0__TRINITY_DN12294_c1_g1_i1.p1               0.65%    passed    100.00%
   5  DE181|Cluster-12290.0__TRINITY_DN7030_c2_g1_i2.p1                1.29%    passed    100.00%
   6  DE505|Cluster-2596.0__TRINITY_DN8276_c0_g2_i1.p1                 1.29%    passed    100.00%
   7  SRR3407093|Cluster-20863.0__TRINITY_DN1098_c2_g2_i1.p1           1.29%    passed    100.00%
   8  SRR3407087|Cluster-29079.0__TRINITY_DN13063_c2_g1_i1.p1          1.29%    passed    100.00%
   9  SRR3424066|Cluster-31632.0__TRINITY_DN7816_c0_g2_i1.p1           1.29%    passed    100.00%
  10  DE561|Cluster-18273.0__TRINITY_DN55142_c0_g1_i1.p1               1.29%    passed    100.00%
  11  DE741|Cluster-321.0__TRINITY_DN46732_c0_g4_i1.p1                 0.65%    passed    100.00%
  12  DE519|Cluster-58733.0__TRINITY_DN8651_c1_g1_i1.p1                0.65%    passed    100.00%
  13  DE523|Cluster-13502.0__TRINITY_DN7141_c3_g1_i2.p1                0.65%    passed    100.00%
  14  DE560|Cluster-1121.0__TRINITY_DN11855_c0_g1_i1.p1                2.58%    passed    100.00%
  15  DE164|Cluster-52957.0__TRINITY_DN4436_c0_g5_i1.p1               36.13%    passed     99.97%
  16  DE504|Cluster-10871.0__TRINITY_DN25031_c0_g1_i1.p1               0.65%    passed    100.00%
  17  JJ109|Cluster-13297.0__TRINITY_DN1907_c3_g2_i6.p1                0.65%    passed    100.00%
  18  DE509|Cluster-42290.0__TRINITY_DN15329_c0_g1_i1.p1              36.13%    passed      7.49%
  19  JJ36|Cluster-431.0__TRINITY_DN6822_c0_g2_i2.p1                   0.65%    passed    100.00%
  20  DE696-dots|Cluster-35183.0__TRINITY_DN3531_c3_g1_i5.p1           0.65%    passed    100.00%
  21  DE696-nodots|Cluster-103.0__TRINITY_DN3232_c1_g4_i1.p1           0.65%    passed    100.00%
  22  DE173|Cluster-720.0__TRINITY_DN11674_c0_g6_i1.p1                 0.65%    passed    100.00%
  23  DE531|Cluster-19398.0__TRINITY_DN1915_c1_g1_i3.p1               39.35%    passed     99.95%
  24  DE189|Cluster-41859.0__TRINITY_DN1015_c5_g1_i1.p1                0.65%    passed    100.00%
  25  DE643|Cluster-22645.0__TRINITY_DN20669_c2_g1_i1.p1               0.65%    passed    100.00%
  26  DE671|Cluster-13132.0__TRINITY_DN6236_c2_g1_i1.p1                0.65%    passed    100.00%
  27  DE672|Cluster-2079.0__TRINITY_DN740_c1_g1_i1.p1                  0.65%    passed    100.00%
  28  JJ130|Cluster-20512.0__TRINITY_DN3545_c1_g1_i1.p1                0.65%    passed     99.72%
  29  JJ89|Cluster-4628.0__TRINITY_DN4271_c1_g4_i3.p1                  0.65%    passed    100.00%
  30  DE541|Cluster-26236.0__TRINITY_DN50266_c0_g1_i2.p1               0.65%    passed     99.98%
  31  DE549|Cluster-29937.1__TRINITY_DN6110_c0_g2_i2.p1                0.65%    passed    100.00%
  32  DE736|Cluster-63023.1__TRINITY_DN3153_c0_g3_i2.p1               32.26%    failed      2.34%
  33  DE115|Cluster-60264.0__TRINITY_DN3447_c0_g7_i1.p1                0.65%    passed     99.63%
  34  JJ86|Cluster-21288.0__TRINITY_DN7307_c3_g1_i1.p1                 0.65%    passed    100.00%
  35  DE668|Cluster-10342.7__TRINITY_DN6288_c0_g2_i1.p1                0.65%    passed     93.15%
  36  DE127|Cluster-30685.0__TRINITY_DN10260_c0_g2_i1.p1              36.13%    passed     99.99%
  37  DE563|Cluster-37275.0__TRINITY_DN19103_c1_g2_i1.p1              36.13%    passed     99.98%
  38  DE575|Cluster-50148.0__TRINITY_DN27889_c0_g1_i1.p1              36.13%    passed     99.99%
  39  DE681|Cluster-43359.0__TRINITY_DN31773_c0_g3_i1.p1               0.65%    passed    100.00%
  40  DE765|Cluster-41164.0__TRINITY_DN12621_c0_g3_i1.p1               0.65%    passed    100.00%
  41  DE666|Cluster-4128.0__TRINITY_DN15470_c1_g1_i1.p1               36.13%    passed     99.99%
  42  DE162|Cluster-19076.0__TRINITY_DN6629_c0_g2_i1.p1                0.65%    passed    100.00%
  43  DE507|Cluster-76046.0__TRINITY_DN96455_c0_g1_i1.p1               0.65%    passed    100.00%
  44  DE528|Cluster-46912.0__TRINITY_DN7991_c0_g1_i1.p1                0.65%    passed    100.00%
  45  DE704-purple|Cluster-33866.0__TRINITY_DN1073_c0_g1_i1.p1         0.65%    passed    100.00%
  46  DE704-white|Cluster-38595.2__TRINITY_DN9697_c0_g1_i6.p1          0.65%    passed    100.00%
  47  DE152|Cluster-32147.0__TRINITY_DN21811_c0_g1_i1.p1               0.65%    passed    100.00%
  48  JJ99|Cluster-26499.0__TRINITY_DN434_c2_g1_i1.p1                  0.65%    passed    100.00%
  49  JJ74|Cluster-24102.0__TRINITY_DN957_c5_g1_i1.p1                 36.13%    passed     99.97%
  50  DE229|Cluster-70143.0__TRINITY_DN762_c0_g1_i1.p1                 0.65%    passed     99.76%
  51  JJ23|Cluster-719.0__TRINITY_DN7178_c1_g2_i1.p1                   0.65%    passed    100.00%
  52  DE566|Cluster-27267.1__TRINITY_DN14507_c0_g2_i2.p1               0.65%    passed     38.49%
  53  DE546_urceolata_l|Cluster-22342.0__TRINITY_DN3057_c0_g4_i1.p1    0.65%    passed    100.00%
  54  DE536|Cluster-4332.0__TRINITY_DN6417_c0_g6_i1.p1                36.13%    passed     99.91%
****  TOTAL                                                            7.31%  1 sequences failed composition chi2 test (p-value<5%; df=60)
Reading input tree file tmp.csubst.nwk ... rooted tree

NOTE: 21 MB RAM (0 GB) is required!
Measuring multi-threading efficiency up to 1 CPU cores
2 trees examined
Threads: 1 / Time: 1.157 sec / Speedup: 1.000 / Efficiency: 100% / LogL: -4155
BEST NUMBER OF THREADS: 1

Estimate model parameters (epsilon = 0.010)
1. Initial log-likelihood: -3723.955
2. Current log-likelihood: -2695.542
3. Current log-likelihood: -2686.615
4. Current log-likelihood: -2685.011
5. Current log-likelihood: -2684.950
6. Current log-likelihood: -2684.926
7. Current log-likelihood: -2684.912
8. Current log-likelihood: -2684.901
Optimal log-likelihood: -2684.891
Nonsynonymous/synonymous ratio (omega): 1.000
Transition/transversion ratio (kappa): 1.000
Site proportion and rates:  (0.599,0.300) (0.203,1.382) (0.185,2.257) (0.013,9.513)
Parameters optimization took 8 rounds (28.757 sec)
Wrote distance file to... 
BEST SCORE FOUND : -2684.891
Ancestral state probabilities printed to /mnt/data0/yue/2026-03-11-protein-convergence/results/OG_12159/csubst_w_s/csubst_input_alignment.fa.state
Empirical proportions for each category: 0.677 0.155 0.155 0.013
Site rates printed to /mnt/data0/yue/2026-03-11-protein-convergence/results/OG_12159/csubst_w_s/csubst_input_alignment.fa.rate
Total tree length: 2.897

Total number of iterations: 0
CPU time used for tree search: 0.000 sec (0h:0m:0s)
Wall-clock time used for tree search: 0.000 sec (0h:0m:0s)
Total CPU time used: 30.389 sec (0h:0m:30s)
Total wall-clock time used: 30.583 sec (0h:0m:30s)

Analysis results written to: 
  IQ-TREE report:                /mnt/data0/yue/2026-03-11-protein-convergence/results/OG_12159/csubst_w_s/csubst_input_alignment.fa.iqtree
  Maximum-likelihood tree:       /mnt/data0/yue/2026-03-11-protein-convergence/results/OG_12159/csubst_w_s/csubst_input_alignment.fa.treefile
  Site-specific rates:           /mnt/data0/yue/2026-03-11-protein-convergence/results/OG_12159/csubst_w_s/csubst_input_alignment.fa.rate
  Ancestral state:               /mnt/data0/yue/2026-03-11-protein-convergence/results/OG_12159/csubst_w_s/csubst_input_alignment.fa.state
  Screen log file:               /mnt/data0/yue/2026-03-11-protein-convergence/results/OG_12159/csubst_w_s/csubst_input_alignment.fa.log

Date and Time: Thu Mar 26 23:08:46 2026
