IQ-TREE multicore version 2.4.0 for Linux x86 64-bit built Feb 12 2025
Developed by Bui Quang Minh, Nguyen Lam Tung, Olga Chernomor, Heiko Schmidt,
Dominik Schrempf, Michael Woodhams, Ly Trong Nhan, Thomas Wong

Host:    brain (AVX2, FMA3, 2015 GB RAM)
Command: /home/yue/miniconda3/envs/py39/bin/iqtree -s /mnt/data0/yue/2026-03-11-protein-convergence/results/OG_6350/csubst_w_s/csubst_input_alignment.fa -te tmp.csubst.nwk -m ECMK07+F+R4 --seqtype CODON1 --threads-max 1 -T AUTO --ancestral --rate --redo
Seed:    264709 (Using SPRNG - Scalable Parallel Random Number Generator)
Time:    Fri Mar 27 21:11:57 2026
Kernel:  AVX+FMA - auto-detect threads (128 CPU cores detected)

Reading alignment file /mnt/data0/yue/2026-03-11-protein-convergence/results/OG_6350/csubst_w_s/csubst_input_alignment.fa ... Fasta format detected
Reading fasta file: done in 0.00173621 secs
Alignment most likely contains DNA/RNA sequences
Converting to codon sequences with genetic code 1 ...
Alignment has 75 sequences with 470 columns, 462 distinct patterns
294 parsimony-informative, 114 singleton sites, 62 constant sites
                                                               Gap/Ambiguity  Composition  p-value
Analyzing sequences: done in 8.55476e-05 secs using 98.19% CPU
   1  DE623|Cluster-57153.0__TRINITY_DN8404_c0_g1_i1.p1                0.00%    passed    100.00%
   2  DE563|Cluster-24675.0__TRINITY_DN8379_c0_g1_i2.p1                0.00%    passed    100.00%
   3  DE126|Cluster-21999.119__TRINITY_DN7500_c1_g1_i1.p1              0.00%    passed    100.00%
   4  DE127|Cluster-38630.0__TRINITY_DN22765_c0_g2_i1.p1               2.55%    passed    100.00%
   5  DE668|Cluster-61221.0__TRINITY_DN28598_c0_g1_i1.p1               0.21%    passed    100.00%
   6  JJ131|Cluster-61012.0__TRINITY_DN17844_c0_g1_i14.p1              0.00%    passed    100.00%
   7  DE151|Cluster-11171.0__TRINITY_DN8583_c0_g1_i1.p1                0.64%    passed    100.00%
   8  DE173|Cluster-48731.0__TRINITY_DN9077_c1_g1_i2.p1                0.00%    passed    100.00%
   9  DE189|Cluster-11748.0__TRINITY_DN23895_c1_g1_i1.p1               0.00%    passed    100.00%
  10  JJ130|Cluster-48575.0__TRINITY_DN50196_c0_g1_i2.p1               0.00%    passed    100.00%
  11  JJ109|Cluster-33767.0__TRINITY_DN8669_c0_g1_i1.p1                0.00%    passed    100.00%
  12  JJ89|Cluster-41534.0__TRINITY_DN4147_c0_g1_i1.p1                 2.13%    passed    100.00%
  13  DE736|Cluster-16385.0__TRINITY_DN130710_c0_g1_i1.p1              0.00%    passed    100.00%
  14  DE549|Cluster-27347.0__TRINITY_DN5815_c0_g1_i7.p1                0.64%    passed    100.00%
  15  DE737|Cluster-55064.0__TRINITY_DN7625_c0_g1_i1.p1                0.21%    passed    100.00%
  16  DE534|Cluster-46552.0__TRINITY_DN1402_c1_g1_i1.p1                0.00%    passed    100.00%
  17  DE181|Cluster-31324.0__TRINITY_DN59780_c0_g1_i1.p1               0.00%    passed    100.00%
  18  SRR3407086|Cluster-2727.0__TRINITY_DN86859_c0_g1_i1.p1           0.00%    passed    100.00%
  19  DE523|Cluster-23132.0__TRINITY_DN1935_c1_g1_i1.p1                0.85%    passed    100.00%
  20  DE741|Cluster-50542.0__TRINITY_DN4365_c1_g1_i2.p1                0.00%    passed    100.00%
  21  JJ85|Cluster-39650.0__TRINITY_DN3504_c0_g1_i2.p1                 0.00%    passed    100.00%
  22  DE566|Cluster-56689.1__TRINITY_DN17619_c0_g1_i5.p1               0.43%    passed    100.00%
  23  DE216|Cluster-78121.0__TRINITY_DN22636_c1_g1_i1.p1              34.68%    passed     99.99%
  24  JJ15|Cluster-67562.0__TRINITY_DN7080_c0_g1_i4.p1                 0.00%    passed    100.00%
  25  DE542|Cluster-64353.0__TRINITY_DN8397_c0_g1_i1.p1                0.00%    passed    100.00%
  26  SRR3407095|Cluster-30816.0__TRINITY_DN9278_c0_g1_i1.p1           0.21%    passed    100.00%
  27  DE69|Cluster-32654.0__TRINITY_DN7329_c1_g1_i1.p1                 0.00%    passed    100.00%
  28  DE164|Cluster-36903.0__TRINITY_DN11437_c1_g1_i1.p1              51.49%    passed     99.85%
  29  DE476|Cluster-43806.1__TRINITY_DN5070_c1_g1_i2.p1                0.00%    passed    100.00%
  30  DE541|Cluster-2079.0__TRINITY_DN37118_c0_g1_i1.p1                0.00%    passed    100.00%
  31  DE531|Cluster-34860.0__TRINITY_DN1462_c2_g1_i1.p1                0.00%    passed    100.00%
  32  DE696-dots|Cluster-8765.0__TRINITY_DN86057_c0_g1_i1.p1           0.00%    passed    100.00%
  33  DE696-nodots|Cluster-10855.0__TRINITY_DN7657_c0_g1_i1.p1         0.00%    passed    100.00%
  34  JJ36|Cluster-10715.0__TRINITY_DN18277_c0_g1_i2.p1                0.00%    passed    100.00%
  35  DE550|Cluster-17736.0__TRINITY_DN2649_c2_g1_i1.p1                0.00%    passed    100.00%
  36  DE509|Cluster-16745.0__TRINITY_DN789_c1_g2_i1.p1                35.11%    passed    100.00%
  37  DE764|Cluster-11527.0__TRINITY_DN4881_c2_g1_i1.p1                0.00%    passed    100.00%
  38  DE672|Cluster-19683.0__TRINITY_DN12951_c0_g1_i1.p1               0.00%    passed    100.00%
  39  DE643|Cluster-59812.1__TRINITY_DN12196_c0_g1_i1.p1               0.00%    passed    100.00%
  40  DE671|Cluster-44722.1__TRINITY_DN833_c1_g1_i6.p1                 0.00%    passed    100.00%
  41  JJ74|Cluster-52767.0__TRINITY_DN131968_c0_g1_i1.p1               0.00%    passed    100.00%
  42  DE536|Cluster-34961.0__TRINITY_DN8034_c1_g1_i2.p1                0.00%    passed    100.00%
  43  JJ125|Cluster-39665.0__TRINITY_DN21461_c0_g1_i1.p1               0.43%    passed    100.00%
  44  DE560|Cluster-45577.0__TRINITY_DN1498_c0_g1_i2.p1                0.00%    passed    100.00%
  45  DE519|Cluster-72430.0__TRINITY_DN12269_c0_g1_i7.p1              34.68%    passed    100.00%
  46  DE504|Cluster-54888.0__TRINITY_DN9412_c0_g1_i1.p1               37.87%    passed    100.00%
  47  DE88|Cluster-21796.0__TRINITY_DN741_c0_g1_i6.p1                 51.28%    passed     99.78%
  48  DE115|Cluster-58758.0__TRINITY_DN14171_c0_g1_i3.p1               0.00%    passed    100.00%
  49  JJ86|Cluster-22911.0__TRINITY_DN10471_c0_g2_i1.p1                0.00%    passed    100.00%
  50  DE546_urceolata_l|Cluster-26000.0__TRINITY_DN5915_c0_g1_i3.p1    0.00%    passed    100.00%
  51  DE162|Cluster-44764.0__TRINITY_DN4589_c0_g1_i2.p1                0.21%    passed    100.00%
  52  DE528|Cluster-19388.0__TRINITY_DN12940_c0_g1_i2.p1               0.00%    passed    100.00%
  53  DE507|Cluster-14038.0__TRINITY_DN6497_c0_g1_i5.p1                0.00%    passed    100.00%
  54  DE704-purple|Cluster-48148.0__TRINITY_DN7621_c0_g1_i6.p1         0.00%    passed    100.00%
  55  DE704-white|Cluster-52606.0__TRINITY_DN8151_c0_g1_i10.p1         0.21%    passed    100.00%
  56  DE575|Cluster-25965.0__TRINITY_DN10071_c0_g1_i6.p1               0.00%    passed    100.00%
  57  DE681|Cluster-47841.0__TRINITY_DN8297_c0_g1_i2.p1                0.00%    passed    100.00%
  58  DE765|Cluster-57857.0__TRINITY_DN11944_c0_g1_i2.p1               0.00%    passed    100.00%
  59  DE680|Cluster-30796.0__TRINITY_DN3459_c1_g1_i3.p1                0.00%    passed    100.00%
  60  DE554|Cluster-30797.0__TRINITY_DN12172_c0_g1_i2.p1              37.45%    passed     99.99%
  61  DE666|Cluster-372.0__TRINITY_DN9187_c0_g1_i3.p1                  0.00%    passed    100.00%
  62  DE503|Cluster-23476.0__TRINITY_DN6060_c0_g1_i2.p1                0.00%    passed    100.00%
  63  DE505|Cluster-25767.0__TRINITY_DN6800_c0_g1_i7.p1                0.00%    passed    100.00%
  64  DE510|Cluster-31775.0__TRINITY_DN20138_c0_g1_i1.p1               0.21%    passed    100.00%
  65  SRR3407087|Cluster-4268.0__TRINITY_DN19598_c0_g1_i1.p1           0.00%    passed    100.00%
  66  SRR3407092|Cluster-13022.0__TRINITY_DN3221_c1_g1_i1.p1           0.00%    passed    100.00%
  67  SRR3407094|Cluster-6105.0__TRINITY_DN38205_c0_g1_i2.p1           0.00%    passed    100.00%
  68  SRR3407093|Cluster-10233.0__TRINITY_DN45107_c0_g1_i1.p1          0.00%    passed    100.00%
  69  DE561|Cluster-31224.0__TRINITY_DN1171_c1_g1_i2.p1                0.00%    passed    100.00%
  70  SRR3424066|Cluster-24739.0__TRINITY_DN993_c1_g1_i1.p1            0.00%    passed    100.00%
  71  SRR3407088|Cluster-17918.0__TRINITY_DN11411_c0_g1_i1.p1          0.00%    passed    100.00%
  72  DE152|Cluster-43628.0__TRINITY_DN16098_c0_g1_i1.p1               0.43%    passed    100.00%
  73  JJ23|Cluster-22910.1__TRINITY_DN12846_c0_g2_i5.p1                0.00%    passed    100.00%
  74  DE229|Cluster-24731.0__TRINITY_DN8345_c0_g1_i1.p1                0.00%    passed    100.00%
  75  JJ99|Cluster-15839.0__TRINITY_DN12531_c0_g1_i2.p1                2.34%    passed    100.00%
WARNING: 2 sequences contain more than 50% gaps/ambiguity
****  TOTAL                                                            3.92%  0 sequences failed composition chi2 test (p-value<5%; df=60)
Reading input tree file tmp.csubst.nwk ... rooted tree

NOTE: 74 MB RAM (0 GB) is required!
Measuring multi-threading efficiency up to 1 CPU cores
2 trees examined
Threads: 1 / Time: 3.869 sec / Speedup: 1.000 / Efficiency: 100% / LogL: -19238
BEST NUMBER OF THREADS: 1

Estimate model parameters (epsilon = 0.010)
1. Initial log-likelihood: -17447.053
2. Current log-likelihood: -12371.771
3. Current log-likelihood: -12354.124
4. Current log-likelihood: -12353.443
5. Current log-likelihood: -12353.232
6. Current log-likelihood: -12353.053
7. Current log-likelihood: -12352.893
8. Current log-likelihood: -12352.747
9. Current log-likelihood: -12352.609
10. Current log-likelihood: -12352.481
11. Current log-likelihood: -12352.435
12. Current log-likelihood: -12352.316
13. Current log-likelihood: -12352.208
14. Current log-likelihood: -12352.172
15. Current log-likelihood: -12352.075
16. Current log-likelihood: -12352.047
17. Current log-likelihood: -12352.026
18. Current log-likelihood: -12351.943
19. Current log-likelihood: -12351.926
20. Current log-likelihood: -12351.913
Optimal log-likelihood: -12351.903
Nonsynonymous/synonymous ratio (omega): 1.000
Transition/transversion ratio (kappa): 1.000
Site proportion and rates:  (0.472,0.402) (0.308,1.053) (0.218,2.150) (0.002,7.848)
Parameters optimization took 20 rounds (253.763 sec)
Wrote distance file to... 
BEST SCORE FOUND : -12351.903
Ancestral state probabilities printed to /mnt/data0/yue/2026-03-11-protein-convergence/results/OG_6350/csubst_w_s/csubst_input_alignment.fa.state
Empirical proportions for each category: 0.517 0.283 0.198 0.002
Site rates printed to /mnt/data0/yue/2026-03-11-protein-convergence/results/OG_6350/csubst_w_s/csubst_input_alignment.fa.rate
Total tree length: 3.753

Total number of iterations: 0
CPU time used for tree search: 0.000 sec (0h:0m:0s)
Wall-clock time used for tree search: 0.000 sec (0h:0m:0s)
Total CPU time used: 259.924 sec (0h:4m:19s)
Total wall-clock time used: 260.181 sec (0h:4m:20s)

Analysis results written to: 
  IQ-TREE report:                /mnt/data0/yue/2026-03-11-protein-convergence/results/OG_6350/csubst_w_s/csubst_input_alignment.fa.iqtree
  Maximum-likelihood tree:       /mnt/data0/yue/2026-03-11-protein-convergence/results/OG_6350/csubst_w_s/csubst_input_alignment.fa.treefile
  Site-specific rates:           /mnt/data0/yue/2026-03-11-protein-convergence/results/OG_6350/csubst_w_s/csubst_input_alignment.fa.rate
  Ancestral state:               /mnt/data0/yue/2026-03-11-protein-convergence/results/OG_6350/csubst_w_s/csubst_input_alignment.fa.state
  Screen log file:               /mnt/data0/yue/2026-03-11-protein-convergence/results/OG_6350/csubst_w_s/csubst_input_alignment.fa.log

Date and Time: Fri Mar 27 21:16:17 2026
