IQ-TREE multicore version 2.4.0 for Linux x86 64-bit built Feb 12 2025
Developed by Bui Quang Minh, Nguyen Lam Tung, Olga Chernomor, Heiko Schmidt,
Dominik Schrempf, Michael Woodhams, Ly Trong Nhan, Thomas Wong

Host:    brain (AVX2, FMA3, 2015 GB RAM)
Command: /home/yue/miniconda3/envs/py39/bin/iqtree -s /mnt/data0/yue/2026-03-11-protein-convergence/results/OG_10561/csubst_w_s/csubst_input_alignment.fa -te tmp.csubst.nwk -m ECMK07+F+R4 --seqtype CODON1 --threads-max 1 -T AUTO --ancestral --rate --redo
Seed:    271732 (Using SPRNG - Scalable Parallel Random Number Generator)
Time:    Thu Mar 26 21:03:49 2026
Kernel:  AVX+FMA - auto-detect threads (128 CPU cores detected)

Reading alignment file /mnt/data0/yue/2026-03-11-protein-convergence/results/OG_10561/csubst_w_s/csubst_input_alignment.fa ... Fasta format detected
Reading fasta file: done in 0.00294001 secs using 52.82% CPU
Alignment most likely contains DNA/RNA sequences
Converting to codon sequences with genetic code 1 ...
WARNING: 1 sites contain only gaps or ambiguous characters.
Alignment has 37 sequences with 728 columns, 631 distinct patterns
138 parsimony-informative, 192 singleton sites, 397 constant sites
                                                          Gap/Ambiguity  Composition  p-value
Analyzing sequences: done in 0.000133023 secs using 98.48% CPU
   1  DE181|Cluster-44711.0__TRINITY_DN247_c0_g3_i4.p1            0.27%    passed    100.00%
   2  DE765|Cluster-54085.0__TRINITY_DN50048_c0_g1_i2.p1          0.27%    passed    100.00%
   3  DE505|Cluster-46188.0__TRINITY_DN728_c1_g1_i24.p1          40.93%    passed     99.94%
   4  JJ86|Cluster-16150.0__TRINITY_DN52809_c0_g1_i1.p1          54.53%    passed     99.98%
   5  DE126|Cluster-39966.0__TRINITY_DN24486_c0_g2_i2.p1         25.69%    passed    100.00%
   6  DE164|Cluster-31432.0__TRINITY_DN13853_c2_g1_i4.p1         51.24%    passed     99.99%
   7  DE741|Cluster-28237.0__TRINITY_DN2612_c0_g2_i1.p1           0.27%    passed    100.00%
   8  DE672|Cluster-57860.0__TRINITY_DN12673_c0_g1_i3.p1         20.19%    passed    100.00%
   9  DE151|Cluster-9540.1__TRINITY_DN16806_c0_g1_i52.p1         20.19%    passed    100.00%
  10  DE189|Cluster-49266.4__TRINITY_DN606_c1_g1_i74.p1          42.03%    passed    100.00%
  11  JJ15|Cluster-68334.0__TRINITY_DN12275_c0_g1_i3.p1           0.27%    passed    100.00%
  12  JJ130|Cluster-46135.2__TRINITY_DN5931_c0_g1_i11.p1         46.98%    passed    100.00%
  13  DE162|Cluster-12034.0__TRINITY_DN522_c3_g1_i2.p1           50.00%    passed    100.00%
  14  DE528|Cluster-40138.0__TRINITY_DN20042_c0_g1_i4.p1          0.27%    passed    100.00%
  15  DE507|Cluster-88078.1__TRINITY_DN13305_c0_g1_i10.p1         0.27%    passed    100.00%
  16  DE541|Cluster-14619.0__TRINITY_DN10757_c0_g1_i6.p1         20.19%    passed    100.00%
  17  DE534|Cluster-64925.1__TRINITY_DN11922_c0_g1_i30.p1         0.27%    passed    100.00%
  18  DE623|Cluster-36797.0__TRINITY_DN13429_c0_g1_i2.p1          0.27%    passed    100.00%
  19  JJ125|Cluster-33552.0__TRINITY_DN8353_c0_g1_i5.p1          12.50%    passed    100.00%
  20  DE550|Cluster-31972.2__TRINITY_DN13987_c1_g1_i9.p1          0.27%    passed    100.00%
  21  DE681|Cluster-27041.0__TRINITY_DN17000_c0_g1_i4.p1          9.34%    passed    100.00%
  22  DE736|Cluster-44314.0__TRINITY_DN17244_c0_g1_i6.p1          0.27%    passed    100.00%
  23  DE229|Cluster-74079.0__TRINITY_DN8760_c0_g1_i6.p1           2.20%    passed    100.00%
  24  DE668|Cluster-55936.0__TRINITY_DN27165_c1_g1_i4.p1          0.27%    passed    100.00%
  25  JJ74|Cluster-109325.0__TRINITY_DN4495_c0_g1_i2.p1          53.02%    passed    100.00%
  26  JJ85|Cluster-31318.0__TRINITY_DN13236_c0_g1_i1.p1          34.20%    passed    100.00%
  27  DE566|Cluster-27315.0__TRINITY_DN24788_c0_g1_i9.p1          0.27%    passed    100.00%
  28  DE127|Cluster-31245.0__TRINITY_DN20347_c1_g1_i1.p1         20.19%    passed    100.00%
  29  DE554|Cluster-63355.0__TRINITY_DN1646_c0_g1_i8.p1           0.27%    passed    100.00%
  30  SRR3407086|Cluster-39800.0__TRINITY_DN5803_c0_g1_i3.p1      0.27%    passed    100.00%
  31  DE561|Cluster-37787.0__TRINITY_DN54302_c0_g1_i3.p1          0.27%    passed    100.00%
  32  SRR5150740|Cluster-59064.0__TRINITY_DN22113_c0_g1_i3.p1    46.98%    passed     99.76%
  33  SRR3407094|Cluster-36757.0__TRINITY_DN18340_c0_g1_i17.p1   55.49%    passed     98.36%
  34  DE560|Cluster-44104.0__TRINITY_DN5264_c0_g2_i4.p1           9.62%    passed    100.00%
  35  DE575|Cluster-68166.0__TRINITY_DN25044_c0_g1_i1.p1         32.42%    passed    100.00%
  36  DE152|Cluster-52201.0__TRINITY_DN20664_c0_g1_i1.p1         21.29%    passed    100.00%
  37  JJ99|Cluster-17712.1__TRINITY_DN12678_c0_g1_i15.p1         32.28%    passed     99.98%
WARNING: 4 sequences contain more than 50% gaps/ambiguity
****  TOTAL                                                      19.07%  0 sequences failed composition chi2 test (p-value<5%; df=60)
Reading input tree file tmp.csubst.nwk ... rooted tree

NOTE: 48 MB RAM (0 GB) is required!
Measuring multi-threading efficiency up to 1 CPU cores
2 trees examined
Threads: 1 / Time: 2.263 sec / Speedup: 1.000 / Efficiency: 100% / LogL: -8084
BEST NUMBER OF THREADS: 1

Estimate model parameters (epsilon = 0.010)
1. Initial log-likelihood: -11298.643
2. Current log-likelihood: -6759.744
3. Current log-likelihood: -6759.628
4. Current log-likelihood: -6759.545
5. Current log-likelihood: -6759.472
6. Current log-likelihood: -6759.399
7. Current log-likelihood: -6759.324
8. Current log-likelihood: -6759.244
9. Current log-likelihood: -6759.158
10. Current log-likelihood: -6759.065
11. Current log-likelihood: -6758.964
12. Current log-likelihood: -6758.854
13. Current log-likelihood: -6758.732
14. Current log-likelihood: -6758.597
15. Current log-likelihood: -6758.446
16. Current log-likelihood: -6758.274
17. Current log-likelihood: -6758.076
18. Current log-likelihood: -6757.846
19. Current log-likelihood: -6757.573
20. Current log-likelihood: -6757.245
21. Current log-likelihood: -6756.843
22. Current log-likelihood: -6661.160
23. Current log-likelihood: -6660.894
24. Current log-likelihood: -6660.578
25. Current log-likelihood: -6660.197
26. Current log-likelihood: -6659.730
27. Current log-likelihood: -6659.158
28. Current log-likelihood: -6634.149
29. Current log-likelihood: -6633.719
30. Current log-likelihood: -6633.368
31. Current log-likelihood: -6633.072
32. Current log-likelihood: -6618.008
33. Current log-likelihood: -6617.746
34. Current log-likelihood: -6617.575
35. Current log-likelihood: -6617.442
36. Current log-likelihood: -6617.329
37. Current log-likelihood: -6617.229
38. Current log-likelihood: -6617.135
39. Current log-likelihood: -6617.048
40. Current log-likelihood: -6616.965
41. Current log-likelihood: -6616.891
42. Current log-likelihood: -6616.823
43. Current log-likelihood: -6616.758
44. Current log-likelihood: -6616.698
45. Current log-likelihood: -6616.641
46. Current log-likelihood: -6616.591
47. Current log-likelihood: -6616.545
48. Current log-likelihood: -6616.505
49. Current log-likelihood: -6608.127
50. Current log-likelihood: -6607.546
51. Current log-likelihood: -6607.302
52. Current log-likelihood: -6607.184
53. Current log-likelihood: -6607.116
54. Current log-likelihood: -6607.073
55. Current log-likelihood: -6607.045
56. Current log-likelihood: -6607.026
57. Current log-likelihood: -6607.013
Optimal log-likelihood: -6607.005
Nonsynonymous/synonymous ratio (omega): 1.000
Transition/transversion ratio (kappa): 1.000
Site proportion and rates:  (0.133,0.099) (0.115,0.143) (0.684,1.017) (0.068,4.024)
Parameters optimization took 57 rounds (449.360 sec)
Wrote distance file to... 
BEST SCORE FOUND : -6607.005
Ancestral state probabilities printed to /mnt/data0/yue/2026-03-11-protein-convergence/results/OG_10561/csubst_w_s/csubst_input_alignment.fa.state
Empirical proportions for each category: 0.000 0.000 0.970 0.030
Site rates printed to /mnt/data0/yue/2026-03-11-protein-convergence/results/OG_10561/csubst_w_s/csubst_input_alignment.fa.rate
Total tree length: 0.977

Total number of iterations: 0
CPU time used for tree search: 0.000 sec (0h:0m:0s)
Wall-clock time used for tree search: 0.000 sec (0h:0m:0s)
Total CPU time used: 453.084 sec (0h:7m:33s)
Total wall-clock time used: 453.255 sec (0h:7m:33s)

Analysis results written to: 
  IQ-TREE report:                /mnt/data0/yue/2026-03-11-protein-convergence/results/OG_10561/csubst_w_s/csubst_input_alignment.fa.iqtree
  Maximum-likelihood tree:       /mnt/data0/yue/2026-03-11-protein-convergence/results/OG_10561/csubst_w_s/csubst_input_alignment.fa.treefile
  Site-specific rates:           /mnt/data0/yue/2026-03-11-protein-convergence/results/OG_10561/csubst_w_s/csubst_input_alignment.fa.rate
  Ancestral state:               /mnt/data0/yue/2026-03-11-protein-convergence/results/OG_10561/csubst_w_s/csubst_input_alignment.fa.state
  Screen log file:               /mnt/data0/yue/2026-03-11-protein-convergence/results/OG_10561/csubst_w_s/csubst_input_alignment.fa.log

Date and Time: Thu Mar 26 21:11:22 2026
