IQ-TREE multicore version 2.4.0 for Linux x86 64-bit built Feb 12 2025
Developed by Bui Quang Minh, Nguyen Lam Tung, Olga Chernomor, Heiko Schmidt,
Dominik Schrempf, Michael Woodhams, Ly Trong Nhan, Thomas Wong

Host:    brain (AVX2, FMA3, 2015 GB RAM)
Command: /home/yue/miniconda3/envs/py39/bin/iqtree -s /mnt/data0/yue/2026-03-11-protein-convergence/results/OG_11869/csubst_w_s/csubst_input_alignment.fa -te tmp.csubst.nwk -m ECMK07+F+R4 --seqtype CODON1 --threads-max 1 -T AUTO --ancestral --rate --redo
Seed:    680826 (Using SPRNG - Scalable Parallel Random Number Generator)
Time:    Thu Mar 26 22:48:58 2026
Kernel:  AVX+FMA - auto-detect threads (128 CPU cores detected)

Reading alignment file /mnt/data0/yue/2026-03-11-protein-convergence/results/OG_11869/csubst_w_s/csubst_input_alignment.fa ... Fasta format detected
Reading fasta file: done in 0.000486478 secs
Alignment most likely contains DNA/RNA sequences
Converting to codon sequences with genetic code 1 ...
WARNING: 1 sites contain only gaps or ambiguous characters.
Alignment has 51 sequences with 161 columns, 158 distinct patterns
100 parsimony-informative, 34 singleton sites, 27 constant sites
                                                              Gap/Ambiguity  Composition  p-value
Analyzing sequences: done in 2.29627e-05 secs
   1  DE681|Cluster-52965.1__TRINITY_DN590_c1_g1_i2.p1                8.07%    passed    100.00%
   2  DE152|Cluster-18615.0__TRINITY_DN4174_c0_g1_i1.p1               1.86%    passed    100.00%
   3  DE696-nodots|Cluster-35394.3__TRINITY_DN2070_c0_g2_i8.p1        6.83%    passed    100.00%
   4  JJ36|Cluster-45516.0__TRINITY_DN15449_c0_g1_i2.p1               0.62%    passed    100.00%
   5  DE115|Cluster-26988.0__TRINITY_DN6942_c0_g4_i1.p1               0.62%    passed    100.00%
   6  JJ23|Cluster-23235.0__TRINITY_DN264_c0_g2_i1.p1                 0.62%    passed     99.96%
   7  DE554|Cluster-57876.5__TRINITY_DN1879_c0_g2_i2.p1               0.62%    passed    100.00%
   8  DE704-purple|Cluster-16932.0__TRINITY_DN24088_c0_g1_i1.p1       0.62%    passed    100.00%
   9  JJ74|Cluster-13427.0__TRINITY_DN2492_c0_g1_i7.p1                0.62%    passed    100.00%
  10  DE672|Cluster-34189.0__TRINITY_DN665_c0_g2_i1.p1                0.62%    passed    100.00%
  11  JJ125|Cluster-27627.0__TRINITY_DN7616_c0_g1_i5.p1               0.62%    passed    100.00%
  12  DE666|Cluster-19425.0__TRINITY_DN10492_c0_g2_i1.p1              0.62%    passed    100.00%
  13  DE563|Cluster-44604.0__TRINITY_DN1292_c3_g1_i1.p1               0.62%    passed    100.00%
  14  SRR3407095|Cluster-49849.0__TRINITY_DN2424_c0_g1_i1.p1          0.62%    passed    100.00%
  15  DE546_urceolata_l|Cluster-29916.0__TRINITY_DN856_c0_g2_i1.p1    8.07%    passed    100.00%
  16  DE643|Cluster-50231.0__TRINITY_DN15940_c0_g1_i1.p1              8.07%    passed    100.00%
  17  DE623|Cluster-51689.0__TRINITY_DN1883_c1_g1_i1.p1               0.62%    passed     99.72%
  18  DE680|Cluster-46034.0__TRINITY_DN18812_c0_g1_i1.p1              0.62%    passed    100.00%
  19  DE181|Cluster-56585.0__TRINITY_DN831_c0_g1_i2.p1                0.62%    passed    100.00%
  20  SRR3407092|Cluster-8035.0__TRINITY_DN20757_c0_g1_i1.p1          0.62%    passed    100.00%
  21  SRR3407086|Cluster-26006.2__TRINITY_DN11952_c0_g1_i8.p1         0.62%    passed    100.00%
  22  DE505|Cluster-48873.2__TRINITY_DN471_c0_g1_i4.p1                0.62%    passed    100.00%
  23  DE510|Cluster-17768.0__TRINITY_DN456_c0_g2_i2.p1                0.62%    passed    100.00%
  24  SRR3407087|Cluster-11097.0__TRINITY_DN3263_c0_g1_i1.p1          0.62%    passed    100.00%
  25  SRR3407093|Cluster-7583.0__TRINITY_DN9686_c0_g1_i1.p1           0.62%    passed    100.00%
  26  SRR3407094|Cluster-680.0__TRINITY_DN9158_c0_g1_i1.p1            0.62%    passed    100.00%
  27  SRR3407088|Cluster-14346.0__TRINITY_DN11367_c0_g1_i1.p1         0.62%    passed     99.98%
  28  DE764|Cluster-796.0__TRINITY_DN30958_c0_g1_i1.p1                7.45%    passed    100.00%
  29  DE736|Cluster-11949.0__TRINITY_DN661_c0_g3_i1.p1                8.07%    passed    100.00%
  30  DE476|Cluster-27512.0__TRINITY_DN4099_c0_g1_i1.p1               0.62%    passed    100.00%
  31  JJ89|Cluster-36941.0__TRINITY_DN1042_c0_g1_i1.p1                0.62%    passed    100.00%
  32  DE560|Cluster-42422.1__TRINITY_DN204_c0_g1_i4.p1                0.62%    passed    100.00%
  33  DE151|Cluster-56657.1__TRINITY_DN1947_c0_g1_i9.p1               0.62%    passed    100.00%
  34  DE88|Cluster-9264.0__TRINITY_DN9402_c1_g1_i1.p2                 0.62%    passed    100.00%
  35  JJ130|Cluster-42399.0__TRINITY_DN3217_c1_g2_i1.p1               0.62%    passed    100.00%
  36  DE173|Cluster-36829.4__TRINITY_DN1338_c0_g1_i5.p1               0.62%    passed    100.00%
  37  DE189|Cluster-8090.0__TRINITY_DN940_c0_g1_i8.p1                 0.62%    passed    100.00%
  38  DE164|Cluster-44270.1__TRINITY_DN1085_c0_g2_i1.p1               0.62%    passed    100.00%
  39  DE504|Cluster-57155.0__TRINITY_DN17915_c0_g1_i1.p1              1.86%    passed    100.00%
  40  DE549|Cluster-23987.0__TRINITY_DN6373_c0_g1_i1.p1               0.62%    passed    100.00%
  41  DE737|Cluster-55473.0__TRINITY_DN1497_c0_g2_i1.p1               8.07%    passed    100.00%
  42  DE741|Cluster-3841.0__TRINITY_DN6773_c0_g1_i1.p1                0.62%    passed    100.00%
  43  DE519|Cluster-1701.0__TRINITY_DN132403_c0_g1_i1.p1              0.62%    passed    100.00%
  44  DE126|Cluster-28783.1__TRINITY_DN2375_c0_g2_i2.p1               0.62%    passed    100.00%
  45  DE668|Cluster-8486.0__TRINITY_DN5083_c1_g1_i1.p1               13.04%    passed     99.77%
  46  DE69|Cluster-36829.0__TRINITY_DN1854_c1_g1_i3.p1               28.57%    passed     99.99%
  47  DE534|Cluster-76.0__TRINITY_DN1757_c0_g2_i2.p1                  0.62%    passed     99.97%
  48  DE542|Cluster-56647.2__TRINITY_DN13_c2_g1_i1.p1                 0.62%    passed     99.92%
  49  DE531|Cluster-33997.0__TRINITY_DN987_c0_g1_i2.p1                8.70%    passed     99.88%
  50  DE503|Cluster-46134.3__TRINITY_DN12008_c0_g1_i6.p1              0.62%    passed     99.20%
  51  SRR5150740|Cluster-58883.0__TRINITY_DN80727_c0_g1_i1.p1        22.36%    passed     99.98%
****  TOTAL                                                           3.03%  0 sequences failed composition chi2 test (p-value<5%; df=60)
Reading input tree file tmp.csubst.nwk ... rooted tree

NOTE: 21 MB RAM (0 GB) is required!
Measuring multi-threading efficiency up to 1 CPU cores
2 trees examined
Threads: 1 / Time: 1.094 sec / Speedup: 1.000 / Efficiency: 100% / LogL: -6358
BEST NUMBER OF THREADS: 1

Estimate model parameters (epsilon = 0.010)
1. Initial log-likelihood: -5406.230
2. Current log-likelihood: -4510.518
3. Current log-likelihood: -4510.210
4. Current log-likelihood: -4510.070
5. Current log-likelihood: -4509.992
6. Current log-likelihood: -4509.947
7. Current log-likelihood: -4509.920
8. Current log-likelihood: -4509.905
Optimal log-likelihood: -4509.897
Nonsynonymous/synonymous ratio (omega): 1.000
Transition/transversion ratio (kappa): 1.000
Site proportion and rates:  (0.657,0.394) (0.217,1.440) (0.100,3.352) (0.025,3.658)
Parameters optimization took 8 rounds (27.798 sec)
Wrote distance file to... 
BEST SCORE FOUND : -4509.897
Ancestral state probabilities printed to /mnt/data0/yue/2026-03-11-protein-convergence/results/OG_11869/csubst_w_s/csubst_input_alignment.fa.state
Empirical proportions for each category: 0.683 0.211 0.106 0.000
Site rates printed to /mnt/data0/yue/2026-03-11-protein-convergence/results/OG_11869/csubst_w_s/csubst_input_alignment.fa.rate
Total tree length: 5.677

Total number of iterations: 0
CPU time used for tree search: 0.000 sec (0h:0m:0s)
Wall-clock time used for tree search: 0.000 sec (0h:0m:0s)
Total CPU time used: 29.555 sec (0h:0m:29s)
Total wall-clock time used: 29.623 sec (0h:0m:29s)

Analysis results written to: 
  IQ-TREE report:                /mnt/data0/yue/2026-03-11-protein-convergence/results/OG_11869/csubst_w_s/csubst_input_alignment.fa.iqtree
  Maximum-likelihood tree:       /mnt/data0/yue/2026-03-11-protein-convergence/results/OG_11869/csubst_w_s/csubst_input_alignment.fa.treefile
  Site-specific rates:           /mnt/data0/yue/2026-03-11-protein-convergence/results/OG_11869/csubst_w_s/csubst_input_alignment.fa.rate
  Ancestral state:               /mnt/data0/yue/2026-03-11-protein-convergence/results/OG_11869/csubst_w_s/csubst_input_alignment.fa.state
  Screen log file:               /mnt/data0/yue/2026-03-11-protein-convergence/results/OG_11869/csubst_w_s/csubst_input_alignment.fa.log

Date and Time: Thu Mar 26 22:49:28 2026
