IQ-TREE multicore version 2.4.0 for Linux x86 64-bit built Feb 12 2025
Developed by Bui Quang Minh, Nguyen Lam Tung, Olga Chernomor, Heiko Schmidt,
Dominik Schrempf, Michael Woodhams, Ly Trong Nhan, Thomas Wong

Host:    brain (AVX2, FMA3, 2015 GB RAM)
Command: /home/yue/miniconda3/envs/py39/bin/iqtree -s /mnt/data0/yue/2026-03-11-protein-convergence/results/OG_202/csubst_w_s/csubst_input_alignment.fa -te tmp.csubst.nwk -m ECMK07+F+R4 --seqtype CODON1 --threads-max 1 -T AUTO --ancestral --rate --redo
Seed:    952444 (Using SPRNG - Scalable Parallel Random Number Generator)
Time:    Fri Mar 27 02:28:02 2026
Kernel:  AVX+FMA - auto-detect threads (128 CPU cores detected)

Reading alignment file /mnt/data0/yue/2026-03-11-protein-convergence/results/OG_202/csubst_w_s/csubst_input_alignment.fa ... Fasta format detected
Reading fasta file: done in 0.00136223 secs using 33.25% CPU
Alignment most likely contains DNA/RNA sequences
Converting to codon sequences with genetic code 1 ...
Alignment has 97 sequences with 272 columns, 269 distinct patterns
230 parsimony-informative, 24 singleton sites, 18 constant sites
                                                                Gap/Ambiguity  Composition  p-value
Analyzing sequences: done in 7.21663e-05 secs using 31.87% CPU
   1  DE549|Cluster-3603.0__TRINITY_DN4239_c0_g2_i3.p1                  1.47%    passed    100.00%
   2  DE476|Cluster-27377.2__TRINITY_DN16443_c0_g2_i1.p1                0.37%    passed    100.00%
   3  JJ89|Cluster-28514.2__TRINITY_DN5253_c0_g1_i3.p1                  0.37%    passed    100.00%
   4  DE561|Cluster-25407.0__TRINITY_DN40_c0_g1_i4.p1                   0.37%    passed    100.00%
   5  DE519|Cluster-58505.0__TRINITY_DN16995_c0_g1_i2.p1               48.16%    passed     21.03%
   6  SRR3407087|Cluster-33980.0__TRINITY_DN3629_c0_g1_i7.p1            1.84%    passed    100.00%
   7  DE510|Cluster-20561.3__TRINITY_DN4679_c0_g1_i6.p1                 0.37%    passed    100.00%
   8  SRR3407095|Cluster-23829.2__TRINITY_DN1699_c0_g2_i10.p1           0.37%    passed    100.00%
   9  DE523|Cluster-19299.0__TRINITY_DN1706_c0_g1_i1.p1                 0.74%    passed    100.00%
  10  DE503|Cluster-57648.2__TRINITY_DN956_c0_g2_i3.p1                  0.37%    passed    100.00%
  11  SRR3407092|Cluster-28529.0__TRINITY_DN6058_c0_g1_i3.p1            0.37%    passed    100.00%
  12  SRR3407094|Cluster-9716.0__TRINITY_DN6465_c0_g1_i1.p1             0.37%    passed    100.00%
  13  SRR3407093|Cluster-34483.1__TRINITY_DN494_c0_g1_i3.p1             0.37%    passed    100.00%
  14  DE216|Cluster-68951.0__TRINITY_DN14327_c0_g1_i1.p1                2.21%    passed    100.00%
  15  DE671|Cluster-27657.2__TRINITY_DN13740_c0_g1_i10.p1               0.37%    passed    100.00%
  16  DE88|Cluster-19764.4__TRINITY_DN546_c0_g1_i2.p1                   0.37%    passed    100.00%
  17  SRR3407086|Cluster-39044.0__TRINITY_DN5451_c0_g1_i11.p1           0.37%    passed    100.00%
  18  DE764|Cluster-7948.1__TRINITY_DN2349_c0_g1_i2.p1                  0.37%    passed    100.00%
  19  DE115|Cluster-49871.1__TRINITY_DN169_c0_g1_i5.p1                  0.37%    passed    100.00%
  20  DE126|Cluster-43867.0__TRINITY_DN13121_c0_g1_i1.p1                0.37%    passed    100.00%
  21  DE566|Cluster-31432.3__TRINITY_DN15206_c0_g1_i7.p1                1.10%    passed    100.00%
  22  DE704-purple|Cluster-57833.4__TRINITY_DN1351_c0_g1_i8.p1          0.37%    passed     99.98%
  23  DE668|Cluster-52662.0__TRINITY_DN2595_c0_g1_i1.p1                 0.37%    passed    100.00%
  24  DE560|Cluster-15837.0__TRINITY_DN1269_c1_g1_i1.p1                 0.37%    passed    100.00%
  25  DE542|Cluster-59124.0__TRINITY_DN575_c0_g1_i7.p1                  0.37%    passed    100.00%
  26  DE534|Cluster-74649.4__TRINITY_DN1208_c0_g1_i9.p1                 0.37%    passed    100.00%
  27  DE115|Cluster-33360.0__TRINITY_DN169_c0_g2_i2.p1                 46.32%    passed     56.53%
  28  DE765|Cluster-48651.2__TRINITY_DN79_c0_g1_i4.p1                   0.37%    passed     74.20%
  29  DE681|Cluster-30642.1__TRINITY_DN14004_c0_g1_i4.p1                1.47%    passed     96.84%
  30  JJ130|Cluster-23619.1__TRINITY_DN355_c1_g3_i1.p1                  1.10%    passed     99.23%
  31  DE680|Cluster-13813.1__TRINITY_DN2996_c0_g1_i4.p1                 0.37%    passed     99.95%
  32  DE152|Cluster-59861.5__TRINITY_DN442_c0_g2_i1.p1                  0.37%    passed    100.00%
  33  DE507|Cluster-43695.0__TRINITY_DN18045_c0_g1_i2.p1                1.10%    passed    100.00%
  34  DE704-white|Cluster-26221.0__TRINITY_DN855_c0_g1_i1.p1            0.37%    passed    100.00%
  35  DE173|Cluster-28194.3__TRINITY_DN4966_c5_g1_i1.p1                 0.37%    passed    100.00%
  36  DE550|Cluster-8428.0__TRINITY_DN2857_c0_g1_i1.p1                  0.37%    passed    100.00%
  37  DE736|Cluster-54489.3__TRINITY_DN426_c0_g1_i5.p1                  0.37%    passed    100.00%
  38  SRR3407088|Cluster-41410.0__TRINITY_DN5568_c0_g1_i10.p1           4.78%    passed    100.00%
  39  SRR3424066|Cluster-3848.0__TRINITY_DN845_c0_g4_i1.p1              0.74%    passed    100.00%
  40  JJ85|Cluster-15483.0__TRINITY_DN341_c0_g3_i1.p1                   0.74%    passed     99.99%
  41  DE666|Cluster-34291.1__TRINITY_DN5533_c0_g1_i7.p1                 0.37%    passed    100.00%
  42  DE505|Cluster-50548.0__TRINITY_DN62_c0_g1_i1.p1                   0.37%    passed    100.00%
  43  JJ130|Cluster-38053.1__TRINITY_DN10225_c0_g1_i4.p1               55.88%    passed     22.66%
  44  DE127|Cluster-12939.0__TRINITY_DN14152_c0_g1_i6.p1                0.37%    passed    100.00%
  45  DE554|Cluster-46957.0__TRINITY_DN1523_c0_g1_i7.p1                 0.37%    passed    100.00%
  46  DE162|Cluster-19964.0__TRINITY_DN12172_c0_g1_i1.p1                0.74%    passed     99.91%
  47  DE126|Cluster-3050.0__TRINITY_DN13121_c0_g2_i1.p1                 0.37%    passed     99.43%
  48  DE623|Cluster-23220.1__TRINITY_DN8101_c0_g1_i5.p1                 0.37%    passed     99.91%
  49  DE575|Cluster-68634.1__TRINITY_DN35_c0_g2_i3.p1                   1.47%    passed     97.75%
  50  DE643|Cluster-66048.2__TRINITY_DN8257_c0_g2_i3.p1                 0.37%    passed    100.00%
  51  DE505|Cluster-13943.0__TRINITY_DN62_c0_g1_i2.p1                   0.74%    passed     94.68%
  52  JJ86|Cluster-50487.3__TRINITY_DN1085_c0_g1_i11.p1                 0.74%    passed    100.00%
  53  DE737|Cluster-40.0__TRINITY_DN54_c0_g1_i3.p1                     47.79%    passed     28.40%
  54  DE531|Cluster-54719.4__TRINITY_DN1550_c0_g2_i9.p1                 0.37%    passed     99.95%
  55  DE162|Cluster-14307.1__TRINITY_DN12172_c0_g2_i6.p1                0.37%    passed    100.00%
  56  DE528|Cluster-17068.1__TRINITY_DN1646_c0_g1_i8.p1                 0.37%    passed    100.00%
  57  DE173|Cluster-52367.2__TRINITY_DN2551_c0_g1_i23.p1                0.37%    passed     99.93%
  58  DE216|Cluster-69394.4__TRINITY_DN6069_c0_g1_i23.p1                0.37%    passed    100.00%
  59  DE536|Cluster-55286.1__TRINITY_DN3745_c0_g1_i3.p1                 0.37%    passed    100.00%
  60  DE560|Cluster-18034.9__TRINITY_DN6315_c0_g1_i3.p1                 0.37%    passed    100.00%
  61  JJ85|Cluster-2871.0__TRINITY_DN341_c0_g2_i1.p1                    0.37%    passed    100.00%
  62  DE69|Cluster-19898.0__TRINITY_DN6406_c0_g1_i3.p1                  0.37%    passed    100.00%
  63  DE229|Cluster-98863.1__TRINITY_DN9632_c0_g1_i7.p1                 0.37%    passed    100.00%
  64  DE546_urceolata_l|Cluster-20759.2__TRINITY_DN1158_c0_g1_i11.p1    0.37%    passed    100.00%
  65  DE509|Cluster-45984.0__TRINITY_DN10605_c0_g1_i3.p1                0.37%    passed    100.00%
  66  DE550|Cluster-35157.0__TRINITY_DN2857_c0_g2_i1.p1                 0.37%    passed    100.00%
  67  DE737|Cluster-41506.0__TRINITY_DN54_c0_g1_i6.p1                   0.37%    passed    100.00%
  68  JJ109|Cluster-47800.1__TRINITY_DN8643_c0_g1_i4.p1                 0.37%    passed    100.00%
  69  JJ36|Cluster-24753.0__TRINITY_DN4674_c0_g2_i1.p1                  0.37%    passed    100.00%
  70  JJ125|Cluster-28158.1__TRINITY_DN848_c2_g4_i6.p1                  0.37%    passed    100.00%
  71  JJ131|Cluster-46989.2__TRINITY_DN6620_c0_g1_i3.p1                 0.37%    passed     99.98%
  72  DE504|Cluster-14413.0__TRINITY_DN982_c0_g1_i5.p1                  0.37%    passed    100.00%
  73  DE672|Cluster-14717.0__TRINITY_DN55_c0_g1_i1.p1                  48.53%    passed     51.53%
  74  DE696-nodots|Cluster-54845.1__TRINITY_DN234_c0_g1_i6.p1           0.37%    passed    100.00%
  75  SRR3407087|Cluster-44971.0__TRINITY_DN3629_c0_g1_i1.p1            0.37%    passed    100.00%
  76  SRR3407094|Cluster-30043.0__TRINITY_DN6465_c0_g2_i2.p1            0.37%    passed    100.00%
  77  SRR3407092|Cluster-8111.0__TRINITY_DN6058_c0_g1_i2.p1             0.37%    passed    100.00%
  78  SRR3407088|Cluster-10364.0__TRINITY_DN5568_c0_g1_i5.p1            0.37%    passed    100.00%
  79  DE561|Cluster-8259.1__TRINITY_DN40_c0_g1_i6.p1                    0.37%    passed    100.00%
  80  SRR3424066|Cluster-8376.1__TRINITY_DN845_c0_g5_i1.p1              0.37%    passed    100.00%
  81  SRR3407096|Cluster-32953.2__TRINITY_DN6805_c1_g1_i3.p1            0.37%    passed    100.00%
  82  DRR082660|Cluster-27419.3__TRINITY_DN808_c0_g1_i10.p1             0.37%    passed    100.00%
  83  JJ15|Cluster-57749.2__TRINITY_DN883_c0_g1_i29.p1                  0.37%    passed    100.00%
  84  DE542|Cluster-52185.1__TRINITY_DN575_c0_g1_i8.p1                  0.37%    passed    100.00%
  85  DE563|Cluster-15608.2__TRINITY_DN117_c0_g1_i22.p1                 0.37%    passed    100.00%
  86  DRR234970|Cluster-34607.0__TRINITY_DN10791_c0_g1_i2.p1            0.37%    passed     99.98%
  87  SRR5150740|Cluster-16643.0__TRINITY_DN9161_c0_g1_i4.p1            4.78%    passed     98.98%
  88  DE151|Cluster-58838.1__TRINITY_DN153_c0_g1_i18.p1                 0.37%    passed    100.00%
  89  JJ109|Cluster-15435.1__TRINITY_DN2107_c16_g1_i1.p1                0.37%    passed    100.00%
  90  DE189|Cluster-43724.0__TRINITY_DN6665_c1_g1_i8.p1                 0.37%    passed    100.00%
  91  DE541|Cluster-38988.1__TRINITY_DN69_c0_g2_i3.p1                   0.37%    passed    100.00%
  92  DE504|Cluster-44322.0__TRINITY_DN982_c0_g1_i10.p1                 0.37%    passed    100.00%
  93  DE696-dots|Cluster-47968.0__TRINITY_DN1696_c0_g4_i1.p1            0.37%    passed    100.00%
  94  JJ36|Cluster-44759.0__TRINITY_DN4674_c0_g1_i3.p1                  0.37%    passed    100.00%
  95  DE737|Cluster-9166.0__TRINITY_DN54_c0_g1_i11.p1                   0.37%    passed    100.00%
  96  DE181|Cluster-27814.2__TRINITY_DN270_c2_g1_i1.p1                  0.37%    passed    100.00%
  97  JJ99|Cluster-54354.0__TRINITY_DN1327_c0_g1_i7.p1                  0.37%    passed    100.00%
WARNING: 1 sequences contain more than 50% gaps/ambiguity
****  TOTAL                                                             3.10%  0 sequences failed composition chi2 test (p-value<5%; df=60)
Reading input tree file tmp.csubst.nwk ... rooted tree

NOTE: 61 MB RAM (0 GB) is required!
Measuring multi-threading efficiency up to 1 CPU cores
2 trees examined
Threads: 1 / Time: 3.556 sec / Speedup: 1.000 / Efficiency: 100% / LogL: -24822
BEST NUMBER OF THREADS: 1

Estimate model parameters (epsilon = 0.010)
1. Initial log-likelihood: -16562.775
2. Current log-likelihood: -14575.561
3. Current log-likelihood: -14526.690
4. Current log-likelihood: -14523.399
5. Current log-likelihood: -14523.302
6. Current log-likelihood: -14523.290
Optimal log-likelihood: -14523.288
Nonsynonymous/synonymous ratio (omega): 1.000
Transition/transversion ratio (kappa): 1.000
Site proportion and rates:  (0.302,0.218) (0.496,0.943) (0.192,2.192) (0.010,4.530)
Parameters optimization took 6 rounds (71.320 sec)
Wrote distance file to... 
BEST SCORE FOUND : -14523.288
Ancestral state probabilities printed to /mnt/data0/yue/2026-03-11-protein-convergence/results/OG_202/csubst_w_s/csubst_input_alignment.fa.state
Empirical proportions for each category: 0.305 0.504 0.184 0.007
Site rates printed to /mnt/data0/yue/2026-03-11-protein-convergence/results/OG_202/csubst_w_s/csubst_input_alignment.fa.rate
Total tree length: 11.084

Total number of iterations: 0
CPU time used for tree search: 0.000 sec (0h:0m:0s)
Wall-clock time used for tree search: 0.000 sec (0h:0m:0s)
Total CPU time used: 76.620 sec (0h:1m:16s)
Total wall-clock time used: 76.828 sec (0h:1m:16s)

Analysis results written to: 
  IQ-TREE report:                /mnt/data0/yue/2026-03-11-protein-convergence/results/OG_202/csubst_w_s/csubst_input_alignment.fa.iqtree
  Maximum-likelihood tree:       /mnt/data0/yue/2026-03-11-protein-convergence/results/OG_202/csubst_w_s/csubst_input_alignment.fa.treefile
  Site-specific rates:           /mnt/data0/yue/2026-03-11-protein-convergence/results/OG_202/csubst_w_s/csubst_input_alignment.fa.rate
  Ancestral state:               /mnt/data0/yue/2026-03-11-protein-convergence/results/OG_202/csubst_w_s/csubst_input_alignment.fa.state
  Screen log file:               /mnt/data0/yue/2026-03-11-protein-convergence/results/OG_202/csubst_w_s/csubst_input_alignment.fa.log

Date and Time: Fri Mar 27 02:29:19 2026
