IQ-TREE multicore version 2.4.0 for Linux x86 64-bit built Feb 12 2025
Developed by Bui Quang Minh, Nguyen Lam Tung, Olga Chernomor, Heiko Schmidt,
Dominik Schrempf, Michael Woodhams, Ly Trong Nhan, Thomas Wong

Host:    brain (AVX2, FMA3, 2015 GB RAM)
Command: /home/yue/miniconda3/envs/py39/bin/iqtree -s /mnt/data0/yue/2026-03-11-protein-convergence/results/OG_1439/csubst_w_s/csubst_input_alignment.fa -te tmp.csubst.nwk -m ECMK07+F+R4 --seqtype CODON1 --threads-max 1 -T AUTO --ancestral --rate --redo
Seed:    464371 (Using SPRNG - Scalable Parallel Random Number Generator)
Time:    Fri Mar 27 00:20:25 2026
Kernel:  AVX+FMA - auto-detect threads (128 CPU cores detected)

Reading alignment file /mnt/data0/yue/2026-03-11-protein-convergence/results/OG_1439/csubst_w_s/csubst_input_alignment.fa ... Fasta format detected
Reading fasta file: done in 0.0011991 secs using 24.94% CPU
Alignment most likely contains DNA/RNA sequences
Converting to codon sequences with genetic code 1 ...
Alignment has 77 sequences with 303 columns, 294 distinct patterns
204 parsimony-informative, 53 singleton sites, 46 constant sites
                                                               Gap/Ambiguity  Composition  p-value
Analyzing sequences: done in 5.79953e-05 secs using 98.28% CPU
   1  DE575|Cluster-51935.0__TRINITY_DN4427_c0_g1_i3.p1                1.65%    passed     99.69%
   2  JJ130|Cluster-41336.0__TRINITY_DN29709_c0_g1_i1.p1               1.98%    passed    100.00%
   3  DE173|Cluster-52529.0__TRINITY_DN5057_c0_g1_i13.p1              11.88%    passed     76.00%
   4  JJ109|Cluster-40846.2__TRINITY_DN573_c0_g1_i5.p1                 9.57%    passed     64.96%
   5  DE666|Cluster-27767.0__TRINITY_DN6792_c1_g1_i5.p1                1.65%    passed    100.00%
   6  DE560|Cluster-47454.1__TRINITY_DN10670_c0_g1_i13.p1              1.98%    passed    100.00%
   7  DE519|Cluster-66214.1__TRINITY_DN2136_c0_g1_i9.p1                1.98%    passed     99.99%
   8  JJ125|Cluster-41254.0__TRINITY_DN1799_c0_g1_i15.p1               1.32%    passed    100.00%
   9  DE741|Cluster-51066.0__TRINITY_DN14834_c0_g1_i1.p1               1.65%    passed    100.00%
  10  DRR082660|Cluster-22961.0__TRINITY_DN31517_c0_g1_i1.p1           1.65%    passed    100.00%
  11  DE554|Cluster-51631.1__TRINITY_DN1888_c0_g1_i6.p1               16.83%    passed     66.28%
  12  JJ23|Cluster-8603.4__TRINITY_DN48_c0_g1_i27.p1                  13.86%    passed     86.22%
  13  DE126|Cluster-40869.0__TRINITY_DN14781_c0_g1_i19.p1             65.35%    passed      5.79%
  14  DE554|Cluster-34964.0__TRINITY_DN1888_c0_g2_i1.p1               68.98%    failed      0.31%
  15  DE69|Cluster-43525.4__TRINITY_DN5838_c0_g2_i9.p1                 8.91%    failed      0.01%
  16  DE623|Cluster-14134.1__TRINITY_DN11883_c0_g1_i7.p1              14.19%    passed     98.90%
  17  DE704-purple|Cluster-44429.0__TRINITY_DN1629_c0_g1_i20.p1       12.54%    passed     99.85%
  18  JJ86|Cluster-49020.1__TRINITY_DN2813_c0_g1_i15.p1                1.98%    passed     99.82%
  19  DE126|Cluster-37571.0__TRINITY_DN14781_c0_g1_i40.p1              1.65%    passed    100.00%
  20  DE546_urceolata_l|Cluster-45297.0__TRINITY_DN4775_c0_g1_i1.p1    1.65%    passed    100.00%
  21  DE563|Cluster-31999.0__TRINITY_DN23963_c0_g1_i8.p1               1.32%    passed    100.00%
  22  DE162|Cluster-24236.0__TRINITY_DN2914_c0_g1_i3.p1                1.65%    passed    100.00%
  23  DE507|Cluster-79159.2__TRINITY_DN55_c0_g1_i14.p1                 1.65%    passed    100.00%
  24  DE528|Cluster-62214.1__TRINITY_DN7719_c0_g1_i14.p1               1.65%    passed    100.00%
  25  DE680|Cluster-55093.0__TRINITY_DN1259_c0_g1_i10.p1               1.65%    passed    100.00%
  26  DE151|Cluster-57322.0__TRINITY_DN11998_c0_g1_i59.p1              1.98%    passed    100.00%
  27  DE737|Cluster-37252.0__TRINITY_DN6823_c0_g2_i7.p1                1.98%    passed    100.00%
  28  DE672|Cluster-40168.0__TRINITY_DN8312_c0_g1_i30.p1               1.98%    passed    100.00%
  29  JJ89|Cluster-35742.0__TRINITY_DN5999_c0_g1_i7.p1                 1.98%    passed    100.00%
  30  DE216|Cluster-81903.0__TRINITY_DN4412_c0_g1_i6.p1                3.63%    passed    100.00%
  31  DE542|Cluster-54186.0__TRINITY_DN7706_c0_g1_i2.p1                1.65%    passed    100.00%
  32  JJ131|Cluster-54750.0__TRINITY_DN2575_c0_g1_i10.p1               1.65%    passed    100.00%
  33  DE181|Cluster-20173.0__TRINITY_DN6765_c0_g1_i8.p1                1.65%    passed    100.00%
  34  SRR3407093|Cluster-22229.0__TRINITY_DN9863_c1_g2_i1.p1           1.65%    passed    100.00%
  35  DE88|Cluster-37773.0__TRINITY_DN1750_c0_g1_i3.p1                 1.65%    passed    100.00%
  36  DE504|Cluster-18459.3__TRINITY_DN323_c0_g2_i16.p1                1.65%    passed    100.00%
  37  DE189|Cluster-45627.0__TRINITY_DN20916_c0_g2_i8.p1               1.98%    passed    100.00%
  38  SRR5150740|Cluster-62060.0__TRINITY_DN8277_c1_g1_i1.p1           4.62%    passed     99.92%
  39  DRR234970|Cluster-53694.0__TRINITY_DN24925_c0_g1_i2.p1           4.95%    passed     99.97%
  40  DE704-purple|Cluster-38883.3__TRINITY_DN1629_c0_g1_i18.p1        1.65%    passed    100.00%
  41  DE704-white|Cluster-54916.1__TRINITY_DN8473_c0_g1_i13.p1         1.65%    passed    100.00%
  42  DE127|Cluster-45873.1__TRINITY_DN3254_c0_g1_i15.p1               1.65%    passed    100.00%
  43  SRR3407086|Cluster-21951.1__TRINITY_DN3142_c0_g2_i2.p1           1.65%    passed    100.00%
  44  SRR3407088|Cluster-20304.0__TRINITY_DN13768_c0_g1_i1.p1          1.65%    passed    100.00%
  45  DE561|Cluster-40461.0__TRINITY_DN4636_c0_g1_i2.p1                1.65%    passed    100.00%
  46  SRR3424066|Cluster-17221.0__TRINITY_DN20416_c0_g1_i1.p1          1.65%    passed    100.00%
  47  DE503|Cluster-59925.0__TRINITY_DN6142_c0_g1_i3.p1                1.65%    passed    100.00%
  48  DE510|Cluster-48910.0__TRINITY_DN10178_c0_g1_i1.p1               1.65%    passed    100.00%
  49  SRR3407092|Cluster-36229.1__TRINITY_DN7984_c0_g2_i7.p1           1.65%    passed    100.00%
  50  DE505|Cluster-29387.0__TRINITY_DN3083_c0_g1_i3.p1                1.65%    passed    100.00%
  51  SRR3407094|Cluster-16546.0__TRINITY_DN46445_c0_g1_i1.p1          1.65%    passed    100.00%
  52  SRR3407087|Cluster-38822.0__TRINITY_DN2524_c0_g2_i1.p1           1.65%    passed    100.00%
  53  DE681|Cluster-42703.0__TRINITY_DN5333_c0_g1_i20.p1               1.65%    passed     99.44%
  54  SRR3407096|Cluster-16231.0__TRINITY_DN4391_c0_g1_i2.p1           1.65%    passed    100.00%
  55  DE115|Cluster-61551.0__TRINITY_DN1786_c0_g1_i2.p1                1.65%    passed    100.00%
  56  DE164|Cluster-49385.0__TRINITY_DN5350_c0_g1_i4.p1                1.98%    passed    100.00%
  57  DE550|Cluster-40200.0__TRINITY_DN1253_c0_g1_i16.p1               1.98%    passed    100.00%
  58  DE229|Cluster-94625.0__TRINITY_DN1030_c0_g2_i3.p1                1.65%    passed    100.00%
  59  DE566|Cluster-39960.1__TRINITY_DN10217_c0_g1_i4.p1               1.65%    passed    100.00%
  60  DE476|Cluster-43176.0__TRINITY_DN6545_c0_g1_i55.p1               1.98%    passed    100.00%
  61  DE509|Cluster-35644.0__TRINITY_DN6845_c1_g1_i3.p1                1.98%    passed    100.00%
  62  DE549|Cluster-26405.0__TRINITY_DN6_c0_g1_i7.p1                   1.98%    passed    100.00%
  63  DE541|Cluster-52023.0__TRINITY_DN4275_c0_g1_i19.p1               1.98%    passed    100.00%
  64  DE736|Cluster-37584.0__TRINITY_DN6179_c1_g2_i2.p1                1.98%    passed    100.00%
  65  DE643|Cluster-67886.0__TRINITY_DN8605_c1_g1_i27.p1               1.98%    passed    100.00%
  66  DE671|Cluster-29981.0__TRINITY_DN5901_c0_g1_i5.p1                1.98%    passed    100.00%
  67  DE764|Cluster-43932.0__TRINITY_DN8746_c0_g1_i3.p1                1.98%    passed    100.00%
  68  DE531|Cluster-36793.0__TRINITY_DN1099_c0_g1_i6.p1                6.27%    passed    100.00%
  69  DE696-dots|Cluster-51564.0__TRINITY_DN17640_c0_g1_i13.p1         1.98%    passed    100.00%
  70  DE696-nodots|Cluster-51106.1__TRINITY_DN2299_c0_g2_i6.p1         1.98%    passed    100.00%
  71  JJ36|Cluster-41696.0__TRINITY_DN2362_c0_g1_i15.p1                1.98%    passed    100.00%
  72  JJ15|Cluster-54998.0__TRINITY_DN10118_c0_g2_i1.p1                1.65%    passed    100.00%
  73  DE534|Cluster-43048.0__TRINITY_DN38574_c0_g1_i7.p1               1.65%    passed    100.00%
  74  DE536|Cluster-37906.2__TRINITY_DN5149_c1_g1_i10.p1              23.43%    passed    100.00%
  75  JJ74|Cluster-109336.0__TRINITY_DN2505_c0_g3_i6.p1                1.32%    passed    100.00%
  76  JJ85|Cluster-36684.2__TRINITY_DN11732_c0_g1_i8.p1               17.16%    passed    100.00%
  77  DE668|Cluster-40809.0__TRINITY_DN2309_c0_g2_i8.p1               30.03%    passed     99.94%
WARNING: 2 sequences contain more than 50% gaps/ambiguity
****  TOTAL                                                            5.44%  2 sequences failed composition chi2 test (p-value<5%; df=60)
WARNING: States(s) CGG rarely appear in alignment and may cause numerical problems
Reading input tree file tmp.csubst.nwk ... rooted tree

NOTE: 51 MB RAM (0 GB) is required!
Measuring multi-threading efficiency up to 1 CPU cores
2 trees examined
Threads: 1 / Time: 2.851 sec / Speedup: 1.000 / Efficiency: 100% / LogL: -14996
BEST NUMBER OF THREADS: 1

Estimate model parameters (epsilon = 0.010)
1. Initial log-likelihood: -11558.354
2. Current log-likelihood: -8156.245
3. Current log-likelihood: -8155.145
4. Current log-likelihood: -8154.497
5. Current log-likelihood: -8154.169
6. Current log-likelihood: -8154.035
7. Current log-likelihood: -8153.986
8. Current log-likelihood: -8153.968
Optimal log-likelihood: -8153.962
Nonsynonymous/synonymous ratio (omega): 1.000
Transition/transversion ratio (kappa): 1.000
Site proportion and rates:  (0.589,0.420) (0.298,1.493) (0.061,1.533) (0.052,4.121)
Parameters optimization took 8 rounds (75.616 sec)
Wrote distance file to... 
BEST SCORE FOUND : -8153.962
Ancestral state probabilities printed to /mnt/data0/yue/2026-03-11-protein-convergence/results/OG_1439/csubst_w_s/csubst_input_alignment.fa.state
Empirical proportions for each category: 0.614 0.340 0.000 0.046
Site rates printed to /mnt/data0/yue/2026-03-11-protein-convergence/results/OG_1439/csubst_w_s/csubst_input_alignment.fa.rate
Total tree length: 4.984

Total number of iterations: 0
CPU time used for tree search: 0.000 sec (0h:0m:0s)
Wall-clock time used for tree search: 0.000 sec (0h:0m:0s)
Total CPU time used: 80.155 sec (0h:1m:20s)
Total wall-clock time used: 80.439 sec (0h:1m:20s)

Analysis results written to: 
  IQ-TREE report:                /mnt/data0/yue/2026-03-11-protein-convergence/results/OG_1439/csubst_w_s/csubst_input_alignment.fa.iqtree
  Maximum-likelihood tree:       /mnt/data0/yue/2026-03-11-protein-convergence/results/OG_1439/csubst_w_s/csubst_input_alignment.fa.treefile
  Site-specific rates:           /mnt/data0/yue/2026-03-11-protein-convergence/results/OG_1439/csubst_w_s/csubst_input_alignment.fa.rate
  Ancestral state:               /mnt/data0/yue/2026-03-11-protein-convergence/results/OG_1439/csubst_w_s/csubst_input_alignment.fa.state
  Screen log file:               /mnt/data0/yue/2026-03-11-protein-convergence/results/OG_1439/csubst_w_s/csubst_input_alignment.fa.log

Date and Time: Fri Mar 27 00:21:45 2026
