IQ-TREE multicore version 2.4.0 for Linux x86 64-bit built Feb 12 2025
Developed by Bui Quang Minh, Nguyen Lam Tung, Olga Chernomor, Heiko Schmidt,
Dominik Schrempf, Michael Woodhams, Ly Trong Nhan, Thomas Wong

Host:    brain (AVX2, FMA3, 2015 GB RAM)
Command: /home/yue/miniconda3/envs/py39/bin/iqtree -s /mnt/data0/yue/2026-03-11-protein-convergence/results/OG_10701/csubst_w_s/csubst_input_alignment.fa -te tmp.csubst.nwk -m ECMK07+F+R4 --seqtype CODON1 --threads-max 1 -T AUTO --ancestral --rate --redo
Seed:    494249 (Using SPRNG - Scalable Parallel Random Number Generator)
Time:    Thu Mar 26 21:17:26 2026
Kernel:  AVX+FMA - auto-detect threads (128 CPU cores detected)

Reading alignment file /mnt/data0/yue/2026-03-11-protein-convergence/results/OG_10701/csubst_w_s/csubst_input_alignment.fa ... Fasta format detected
Reading fasta file: done in 0.0004915 secs using 66.53% CPU
Alignment most likely contains DNA/RNA sequences
Converting to codon sequences with genetic code 1 ...
Alignment has 61 sequences with 130 columns, 117 distinct patterns
51 parsimony-informative, 42 singleton sites, 37 constant sites
                                                           Gap/Ambiguity  Composition  p-value
Analyzing sequences: done in 2.29627e-05 secs using 65.32% CPU
   1  SRR11748982|Cluster-35052.4__TRINITY_DN7086_c0_g3_i1.p1      0.00%    failed      0.17%
   2  DE115|Cluster-25299.1__TRINITY_DN8076_c0_g1_i4.p1            0.00%    passed    100.00%
   3  DE561|Cluster-30562.0__TRINITY_DN7433_c0_g1_i1.p1           31.54%    passed    100.00%
   4  DE741|Cluster-37507.0__TRINITY_DN12102_c0_g1_i1.p1           0.00%    passed    100.00%
   5  DE127|Cluster-34569.0__TRINITY_DN14184_c0_g1_i2.p1           0.00%    passed    100.00%
   6  SRR3407096|Cluster-12071.0__TRINITY_DN30237_c0_g1_i1.p1      0.00%    passed    100.00%
   7  SRR3407095|Cluster-21595.0__TRINITY_DN5080_c0_g1_i1.p1       0.00%    passed    100.00%
   8  SRR3407094|Cluster-29197.0__TRINITY_DN1322_c0_g1_i2.p1       0.00%    passed    100.00%
   9  SRR3407093|Cluster-39925.0__TRINITY_DN4316_c0_g1_i2.p1       0.00%    passed    100.00%
  10  SRR3407092|Cluster-25570.0__TRINITY_DN1519_c0_g1_i3.p1       0.00%    passed    100.00%
  11  SRR3407088|Cluster-11918.0__TRINITY_DN2594_c0_g1_i1.p1       0.00%    passed    100.00%
  12  SRR3407087|Cluster-22614.2__TRINITY_DN29692_c0_g1_i13.p1     0.00%    passed    100.00%
  13  SRR3407086|Cluster-33429.0__TRINITY_DN6540_c0_g1_i1.p1       0.00%    passed    100.00%
  14  DE162|Cluster-43801.0__TRINITY_DN6508_c0_g1_i1.p1            0.00%    passed    100.00%
  15  DE229|Cluster-50830.1__TRINITY_DN3167_c0_g1_i1.p1            0.00%    passed    100.00%
  16  DE503|Cluster-14261.0__TRINITY_DN3569_c0_g1_i1.p1            0.00%    passed    100.00%
  17  JJ99|Cluster-19370.0__TRINITY_DN56777_c0_g1_i1.p1            0.00%    passed    100.00%
  18  DE507|Cluster-29076.0__TRINITY_DN5550_c0_g1_i5.p1            0.00%    passed     27.47%
  19  JJ86|Cluster-30283.1__TRINITY_DN4958_c0_g2_i2.p1             0.00%    passed    100.00%
  20  JJ85|Cluster-397.0__TRINITY_DN4794_c0_g1_i1.p1               0.00%    passed    100.00%
  21  JJ74|Cluster-100555.0__TRINITY_DN84388_c0_g1_i1.p1           0.00%    passed    100.00%
  22  JJ36|Cluster-22285.0__TRINITY_DN6686_c3_g1_i2.p1            16.92%    passed    100.00%
  23  JJ23|Cluster-608.0__TRINITY_DN44638_c0_g1_i1.p1              0.00%    passed    100.00%
  24  DE509|Cluster-30008.0__TRINITY_DN12132_c0_g1_i2.p1           0.00%    passed    100.00%
  25  JJ131|Cluster-66869.0__TRINITY_DN30685_c0_g1_i1.p1          31.54%    passed     99.92%
  26  DE519|Cluster-48670.0__TRINITY_DN7425_c0_g1_i1.p1            0.00%    passed    100.00%
  27  JJ125|Cluster-2259.0__TRINITY_DN11666_c0_g1_i1.p1            0.00%    passed     99.99%
  28  DE523|Cluster-49908.0__TRINITY_DN12444_c0_g1_i2.p1           0.00%    passed    100.00%
  29  DRR234970|Cluster-14531.0__TRINITY_DN42288_c0_g1_i1.p1       0.00%    passed    100.00%
  30  DE528|Cluster-44511.0__TRINITY_DN4627_c0_g1_i1.p1            0.00%    passed    100.00%
  31  DRR082660|Cluster-21552.0__TRINITY_DN8902_c0_g1_i1.p1        0.00%    passed    100.00%
  32  DE554|Cluster-58997.0__TRINITY_DN111818_c0_g1_i1.p1          0.00%    passed    100.00%
  33  DE765|Cluster-18114.0__TRINITY_DN3695_c0_g1_i1.p1            0.00%    passed    100.00%
  34  SRR3424066|Cluster-36896.0__TRINITY_DN9667_c0_g1_i1.p1       0.00%    passed    100.00%
  35  DE736|Cluster-62139.1__TRINITY_DN6578_c0_g1_i1.p1            0.00%    passed    100.00%
  36  DE704-white|Cluster-55216.0__TRINITY_DN7258_c0_g1_i1.p1      0.00%    passed    100.00%
  37  DE704-purple|Cluster-12416.1__TRINITY_DN17012_c0_g1_i3.p1    0.00%    passed    100.00%
  38  SRR5150740|Cluster-56082.1__TRINITY_DN1684_c0_g1_i1.p1       0.00%    passed     98.55%
  39  DE563|Cluster-12858.0__TRINITY_DN12994_c1_g1_i3.p1           0.00%    passed    100.00%
  40  DE681|Cluster-18348.0__TRINITY_DN7064_c0_g1_i1.p1            0.00%    passed    100.00%
  41  DE566|Cluster-59035.1__TRINITY_DN945_c0_g1_i4.p1             0.00%    passed    100.00%
  42  DE575|Cluster-60687.1__TRINITY_DN4764_c0_g1_i2.p1            0.00%    passed    100.00%
  43  DE668|Cluster-53604.1__TRINITY_DN3308_c0_g1_i2.p1            0.00%    passed     99.99%
  44  DE152|Cluster-59391.0__TRINITY_DN7164_c1_g2_i1.p1            0.00%    passed    100.00%
  45  DE88|Cluster-9539.0__TRINITY_DN9725_c0_g1_i1.p1              0.00%    passed    100.00%
  46  SRR104381|Cluster-9269.0__TRINITY_DN7312_c0_g1_i3.p1         0.00%    passed    100.00%
  47  JJ15|Cluster-60841.0__TRINITY_DN815_c0_g2_i2.p1              0.00%    passed    100.00%
  48  DE542|Cluster-64799.0__TRINITY_DN6900_c1_g1_i1.p1            0.00%    passed    100.00%
  49  DE666|Cluster-44721.0__TRINITY_DN11838_c0_g1_i2.p1          14.62%    passed    100.00%
  50  DE126|Cluster-42861.0__TRINITY_DN389_c0_g1_i5.p1             0.00%    passed    100.00%
  51  DE541|Cluster-35532.0__TRINITY_DN9967_c0_g1_i2.p1            0.00%    passed    100.00%
  52  DE672|Cluster-47240.11__TRINITY_DN12059_c0_g1_i1.p1          0.00%    passed    100.00%
  53  DE671|Cluster-14127.0__TRINITY_DN10029_c0_g1_i1.p1           0.00%    passed    100.00%
  54  DE560|Cluster-30251.0__TRINITY_DN5575_c0_g1_i2.p1            0.00%    passed    100.00%
  55  DE216|Cluster-61800.0__TRINITY_DN17835_c1_g1_i1.p1           0.00%    passed    100.00%
  56  JJ89|Cluster-42769.0__TRINITY_DN5206_c0_g1_i1.p1            14.62%    passed     94.49%
  57  DRR082665|Cluster-34834.0__TRINITY_DN2067_c0_g1_i2.p1        0.00%    failed      0.00%
  58  DE173|Cluster-40605.0__TRINITY_DN14780_c0_g1_i2.p1           0.00%    passed    100.00%
  59  DE696-nodots|Cluster-4789.1__TRINITY_DN78227_c0_g1_i1.p1     0.00%    passed    100.00%
  60  DE696-dots|Cluster-25207.0__TRINITY_DN5679_c0_g1_i2.p1       0.00%    passed    100.00%
  61  SRR11934227|Cluster-49782.1__TRINITY_DN645_c1_g1_i1.p1       0.00%    failed      0.00%
****  TOTAL                                                        1.79%  3 sequences failed composition chi2 test (p-value<5%; df=60)
WARNING: States(s) AGC, AGT, TGC, TGT rarely appear in alignment and may cause numerical problems
Reading input tree file tmp.csubst.nwk ... rooted tree

NOTE: 21 MB RAM (0 GB) is required!
Measuring multi-threading efficiency up to 1 CPU cores
2 trees examined
Threads: 1 / Time: 1.534 sec / Speedup: 1.000 / Efficiency: 100% / LogL: -2165
BEST NUMBER OF THREADS: 1

Estimate model parameters (epsilon = 0.010)
1. Initial log-likelihood: -2838.760
2. Current log-likelihood: -1654.815
3. Current log-likelihood: -1654.520
4. Current log-likelihood: -1654.371
5. Current log-likelihood: -1654.286
6. Current log-likelihood: -1654.234
7. Current log-likelihood: -1654.198
8. Current log-likelihood: -1654.171
9. Current log-likelihood: -1654.148
10. Current log-likelihood: -1654.130
11. Current log-likelihood: -1654.114
12. Current log-likelihood: -1654.101
13. Current log-likelihood: -1654.091
Optimal log-likelihood: -1654.083
Nonsynonymous/synonymous ratio (omega): 1.000
Transition/transversion ratio (kappa): 1.000
Site proportion and rates:  (0.431,0.661) (0.413,0.664) (0.129,1.952) (0.027,6.969)
Parameters optimization took 13 rounds (48.037 sec)
Wrote distance file to... 
BEST SCORE FOUND : -1654.083
Ancestral state probabilities printed to /mnt/data0/yue/2026-03-11-protein-convergence/results/OG_10701/csubst_w_s/csubst_input_alignment.fa.state
Empirical proportions for each category: 0.877 0.000 0.100 0.023
Site rates printed to /mnt/data0/yue/2026-03-11-protein-convergence/results/OG_10701/csubst_w_s/csubst_input_alignment.fa.rate
Total tree length: 1.717

Total number of iterations: 0
CPU time used for tree search: 0.000 sec (0h:0m:0s)
Wall-clock time used for tree search: 0.000 sec (0h:0m:0s)
Total CPU time used: 50.373 sec (0h:0m:50s)
Total wall-clock time used: 50.419 sec (0h:0m:50s)

Analysis results written to: 
  IQ-TREE report:                /mnt/data0/yue/2026-03-11-protein-convergence/results/OG_10701/csubst_w_s/csubst_input_alignment.fa.iqtree
  Maximum-likelihood tree:       /mnt/data0/yue/2026-03-11-protein-convergence/results/OG_10701/csubst_w_s/csubst_input_alignment.fa.treefile
  Site-specific rates:           /mnt/data0/yue/2026-03-11-protein-convergence/results/OG_10701/csubst_w_s/csubst_input_alignment.fa.rate
  Ancestral state:               /mnt/data0/yue/2026-03-11-protein-convergence/results/OG_10701/csubst_w_s/csubst_input_alignment.fa.state
  Screen log file:               /mnt/data0/yue/2026-03-11-protein-convergence/results/OG_10701/csubst_w_s/csubst_input_alignment.fa.log

Date and Time: Thu Mar 26 21:18:16 2026
