IQ-TREE multicore version 2.4.0 for Linux x86 64-bit built Feb 12 2025
Developed by Bui Quang Minh, Nguyen Lam Tung, Olga Chernomor, Heiko Schmidt,
Dominik Schrempf, Michael Woodhams, Ly Trong Nhan, Thomas Wong

Host:    brain (AVX2, FMA3, 2015 GB RAM)
Command: /home/yue/miniconda3/envs/py39/bin/iqtree -s /mnt/data0/yue/2026-03-11-protein-convergence/results/OG_9126/csubst_w_s/csubst_input_alignment.fa -te tmp.csubst.nwk -m ECMK07+F+R4 --seqtype CODON1 --threads-max 1 -T AUTO --ancestral --rate --redo
Seed:    346986 (Using SPRNG - Scalable Parallel Random Number Generator)
Time:    Sat Mar 28 05:06:37 2026
Kernel:  AVX+FMA - auto-detect threads (128 CPU cores detected)

Reading alignment file /mnt/data0/yue/2026-03-11-protein-convergence/results/OG_9126/csubst_w_s/csubst_input_alignment.fa ... Fasta format detected
Reading fasta file: done in 0.00090228 secs
Alignment most likely contains DNA/RNA sequences
Converting to codon sequences with genetic code 1 ...
WARNING: 1 sites contain only gaps or ambiguous characters.
Alignment has 68 sequences with 248 columns, 244 distinct patterns
160 parsimony-informative, 54 singleton sites, 34 constant sites
                                                               Gap/Ambiguity  Composition  p-value
Analyzing sequences: done in 4.35263e-05 secs using 98.79% CPU
   1  JJ23|Cluster-34290.1__TRINITY_DN7714_c1_g1_i6.p1                 0.40%    passed    100.00%
   2  DE737|Cluster-55492.0__TRINITY_DN22522_c0_g1_i1.p1               0.40%    passed    100.00%
   3  DE115|Cluster-15952.0__TRINITY_DN18749_c0_g1_i1.p1               0.40%    passed    100.00%
   4  DE126|Cluster-31458.0__TRINITY_DN40758_c0_g1_i1.p1               0.40%    passed    100.00%
   5  DE575|Cluster-6558.0__TRINITY_DN72603_c0_g1_i1.p1                0.81%    passed     99.85%
   6  DE681|Cluster-51694.0__TRINITY_DN13661_c0_g1_i1.p1               0.40%    passed    100.00%
   7  DE127|Cluster-13613.0__TRINITY_DN58033_c0_g1_i1.p1               0.40%    passed    100.00%
   8  DE554|Cluster-34255.0__TRINITY_DN27183_c0_g2_i1.p1               0.40%    passed     99.97%
   9  DE666|Cluster-5001.0__TRINITY_DN32013_c0_g1_i1.p1                0.40%    passed    100.00%
  10  JJ86|Cluster-27557.2__TRINITY_DN68662_c0_g1_i1.p1                0.40%    passed    100.00%
  11  DE162|Cluster-9857.0__TRINITY_DN54568_c0_g1_i1.p1                0.40%    passed    100.00%
  12  DE528|Cluster-940.0__TRINITY_DN84969_c0_g1_i1.p1                 0.40%    passed    100.00%
  13  DE704-purple|Cluster-5180.0__TRINITY_DN62340_c0_g1_i1.p1        53.23%    passed     70.89%
  14  DE704-white|Cluster-58616.0__TRINITY_DN90336_c0_g1_i1.p1         0.40%    passed    100.00%
  15  DE507|Cluster-83594.0__TRINITY_DN25862_c1_g1_i2.p1               0.40%    passed    100.00%
  16  DE546_urceolata_l|Cluster-26703.0__TRINITY_DN7960_c0_g1_i1.p1    0.40%    passed    100.00%
  17  DE623|Cluster-8229.1__TRINITY_DN32379_c0_g2_i2.p1                0.40%    passed    100.00%
  18  DE680|Cluster-19029.0__TRINITY_DN26647_c0_g1_i3.p1               0.40%    passed    100.00%
  19  DE668|Cluster-59745.2__TRINITY_DN11777_c0_g1_i8.p1               0.40%    passed    100.00%
  20  DE563|Cluster-26623.0__TRINITY_DN59520_c0_g1_i1.p1               0.40%    passed    100.00%
  21  JJ99|Cluster-28143.1__TRINITY_DN8285_c1_g1_i1.p1                 0.40%    passed    100.00%
  22  DE216|Cluster-68683.11__TRINITY_DN8011_c1_g1_i4.p1               0.40%    passed     99.83%
  23  JJ15|Cluster-59143.1__TRINITY_DN12011_c0_g1_i3.p1                0.40%    passed     99.87%
  24  DE534|Cluster-58160.0__TRINITY_DN14955_c0_g1_i2.p1               0.40%    passed     99.89%
  25  DE560|Cluster-27617.3__TRINITY_DN15939_c0_g1_i1.p1               0.40%    passed    100.00%
  26  DE741|Cluster-36477.1__TRINITY_DN8962_c0_g4_i1.p1                0.40%    passed    100.00%
  27  DE181|Cluster-51552.0__TRINITY_DN22096_c0_g2_i1.p1               0.81%    passed    100.00%
  28  SRR3407086|Cluster-30662.0__TRINITY_DN86355_c0_g1_i1.p1          0.81%    passed    100.00%
  29  SRR3424066|Cluster-7192.0__TRINITY_DN31058_c0_g1_i1.p1           0.40%    passed    100.00%
  30  DE561|Cluster-11128.0__TRINITY_DN12040_c0_g2_i1.p1               0.40%    passed    100.00%
  31  DE503|Cluster-32082.0__TRINITY_DN7753_c2_g1_i2.p1                0.40%    passed    100.00%
  32  DE505|Cluster-11046.0__TRINITY_DN18409_c0_g1_i2.p1               0.40%    passed    100.00%
  33  DE510|Cluster-11494.0__TRINITY_DN37318_c0_g1_i1.p1               0.40%    passed    100.00%
  34  SRR3407087|Cluster-40145.0__TRINITY_DN15587_c0_g1_i1.p1          0.40%    passed    100.00%
  35  SRR3407093|Cluster-20571.0__TRINITY_DN5991_c1_g1_i1.p1           0.40%    passed    100.00%
  36  SRR3407094|Cluster-4862.0__TRINITY_DN10254_c2_g1_i1.p1           0.40%    passed    100.00%
  37  SRR3407092|Cluster-27253.0__TRINITY_DN18292_c0_g1_i1.p1          0.40%    passed    100.00%
  38  SRR3407088|Cluster-3716.0__TRINITY_DN7440_c0_g2_i1.p1            0.40%    passed    100.00%
  39  SRR3407096|Cluster-26487.0__TRINITY_DN10698_c0_g2_i2.p1          0.40%    passed    100.00%
  40  DE523|Cluster-38114.0__TRINITY_DN16257_c0_g1_i6.p1               0.40%    passed    100.00%
  41  DE536|Cluster-7928.0__TRINITY_DN11786_c0_g2_i1.p1                0.40%    passed    100.00%
  42  DE69|Cluster-7879.0__TRINITY_DN19264_c0_g1_i1.p1                 0.40%    passed    100.00%
  43  SRR3407095|Cluster-20365.0__TRINITY_DN8974_c0_g2_i1.p1           0.40%    passed    100.00%
  44  DE736|Cluster-49761.0__TRINITY_DN50279_c0_g2_i1.p1               0.40%    passed    100.00%
  45  DE151|Cluster-8805.0__TRINITY_DN12413_c1_g1_i1.p1                0.40%    passed    100.00%
  46  DE173|Cluster-33476.0__TRINITY_DN11234_c0_g4_i1.p1               0.40%    passed    100.00%
  47  DE189|Cluster-15909.0__TRINITY_DN64197_c0_g1_i1.p1               0.40%    passed    100.00%
  48  JJ130|Cluster-39291.0__TRINITY_DN9216_c0_g1_i1.p1                0.40%    passed    100.00%
  49  JJ109|Cluster-26810.0__TRINITY_DN11242_c1_g2_i1.p1               0.40%    passed    100.00%
  50  DE643|Cluster-19274.0__TRINITY_DN15848_c0_g1_i4.p1               0.40%    passed    100.00%
  51  DE671|Cluster-21332.0__TRINITY_DN40276_c0_g1_i1.p1               0.40%    passed    100.00%
  52  DE672|Cluster-54735.0__TRINITY_DN2968_c0_g1_i2.p1                0.40%    passed    100.00%
  53  DE764|Cluster-29909.1__TRINITY_DN15133_c1_g1_i3.p1               0.40%    passed    100.00%
  54  DE476|Cluster-48439.0__TRINITY_DN18442_c0_g1_i3.p1               0.40%    passed    100.00%
  55  DE531|Cluster-23682.1__TRINITY_DN24436_c0_g1_i3.p1               0.40%    passed    100.00%
  56  DE696-dots|Cluster-8364.0__TRINITY_DN12864_c0_g2_i1.p1           0.40%    passed    100.00%
  57  JJ36|Cluster-35216.0__TRINITY_DN17150_c0_g1_i2.p1                0.40%    passed    100.00%
  58  DE696-nodots|Cluster-12244.0__TRINITY_DN14347_c2_g1_i1.p1        0.40%    passed    100.00%
  59  DE550|Cluster-1419.0__TRINITY_DN53020_c0_g1_i1.p1                0.40%    passed    100.00%
  60  DE549|Cluster-52613.0__TRINITY_DN24428_c0_g1_i2.p1               0.40%    passed    100.00%
  61  DE504|Cluster-11562.0__TRINITY_DN11182_c0_g1_i3.p1               0.40%    passed     99.91%
  62  DE88|Cluster-27435.0__TRINITY_DN3040_c0_g2_i2.p1                 0.40%    passed    100.00%
  63  JJ85|Cluster-8490.0__TRINITY_DN5428_c0_g3_i1.p1                  0.40%    passed    100.00%
  64  JJ89|Cluster-30107.2__TRINITY_DN13981_c3_g1_i1.p1                0.40%    passed    100.00%
  65  DRR082660|Cluster-12111.0__TRINITY_DN8374_c0_g2_i1.p1            0.40%    passed    100.00%
  66  JJ125|Cluster-9697.1__TRINITY_DN27857_c0_g1_i2.p1                0.40%    passed    100.00%
  67  JJ74|Cluster-92161.0__TRINITY_DN1931_c2_g1_i1.p1                 0.81%    passed    100.00%
  68  SRR5150740|Cluster-30825.0__TRINITY_DN21798_c0_g1_i2.p1         27.42%    failed      1.42%
WARNING: 1 sequences contain more than 50% gaps/ambiguity
****  TOTAL                                                            1.60%  1 sequences failed composition chi2 test (p-value<5%; df=60)
Reading input tree file tmp.csubst.nwk ... rooted tree

NOTE: 39 MB RAM (0 GB) is required!
Measuring multi-threading efficiency up to 1 CPU cores
2 trees examined
Threads: 1 / Time: 2.061 sec / Speedup: 1.000 / Efficiency: 100% / LogL: -10727
BEST NUMBER OF THREADS: 1

Estimate model parameters (epsilon = 0.010)
1. Initial log-likelihood: -8949.277
2. Current log-likelihood: -6409.734
3. Current log-likelihood: -6409.682
4. Current log-likelihood: -6409.671
Optimal log-likelihood: -6409.666
Nonsynonymous/synonymous ratio (omega): 1.000
Transition/transversion ratio (kappa): 1.000
Site proportion and rates:  (0.653,0.474) (0.230,1.318) (0.108,3.193) (0.009,4.659)
Parameters optimization took 4 rounds (31.200 sec)
Wrote distance file to... 
BEST SCORE FOUND : -6409.666
Ancestral state probabilities printed to /mnt/data0/yue/2026-03-11-protein-convergence/results/OG_9126/csubst_w_s/csubst_input_alignment.fa.state
Empirical proportions for each category: 0.702 0.190 0.109 0.000
Site rates printed to /mnt/data0/yue/2026-03-11-protein-convergence/results/OG_9126/csubst_w_s/csubst_input_alignment.fa.rate
Total tree length: 4.621

Total number of iterations: 0
CPU time used for tree search: 0.000 sec (0h:0m:0s)
Wall-clock time used for tree search: 0.000 sec (0h:0m:0s)
Total CPU time used: 34.641 sec (0h:0m:34s)
Total wall-clock time used: 34.786 sec (0h:0m:34s)

Analysis results written to: 
  IQ-TREE report:                /mnt/data0/yue/2026-03-11-protein-convergence/results/OG_9126/csubst_w_s/csubst_input_alignment.fa.iqtree
  Maximum-likelihood tree:       /mnt/data0/yue/2026-03-11-protein-convergence/results/OG_9126/csubst_w_s/csubst_input_alignment.fa.treefile
  Site-specific rates:           /mnt/data0/yue/2026-03-11-protein-convergence/results/OG_9126/csubst_w_s/csubst_input_alignment.fa.rate
  Ancestral state:               /mnt/data0/yue/2026-03-11-protein-convergence/results/OG_9126/csubst_w_s/csubst_input_alignment.fa.state
  Screen log file:               /mnt/data0/yue/2026-03-11-protein-convergence/results/OG_9126/csubst_w_s/csubst_input_alignment.fa.log

Date and Time: Sat Mar 28 05:07:12 2026
