IQ-TREE multicore version 2.4.0 for Linux x86 64-bit built Feb 12 2025
Developed by Bui Quang Minh, Nguyen Lam Tung, Olga Chernomor, Heiko Schmidt,
Dominik Schrempf, Michael Woodhams, Ly Trong Nhan, Thomas Wong

Host:    brain (AVX2, FMA3, 2015 GB RAM)
Command: /home/yue/miniconda3/envs/py39/bin/iqtree -s /mnt/data0/yue/2026-03-11-protein-convergence/results/OG_8865/csubst_w_s/csubst_input_alignment.fa -te tmp.csubst.nwk -m ECMK07+F+R4 --seqtype CODON1 --threads-max 1 -T AUTO --ancestral --rate --redo
Seed:    663293 (Using SPRNG - Scalable Parallel Random Number Generator)
Time:    Sat Mar 28 04:32:51 2026
Kernel:  AVX+FMA - auto-detect threads (128 CPU cores detected)

Reading alignment file /mnt/data0/yue/2026-03-11-protein-convergence/results/OG_8865/csubst_w_s/csubst_input_alignment.fa ... Fasta format detected
Reading fasta file: done in 0.00212447 secs using 83.74% CPU
Alignment most likely contains DNA/RNA sequences
Converting to codon sequences with genetic code 1 ...
WARNING: 1 sites contain only gaps or ambiguous characters.
Alignment has 72 sequences with 605 columns, 586 distinct patterns
342 parsimony-informative, 170 singleton sites, 93 constant sites
                                                               Gap/Ambiguity  Composition  p-value
Analyzing sequences: done in 0.000136286 secs using 98.32% CPU
   1  DE672|Cluster-46653.0__TRINITY_DN31540_c1_g1_i4.p1              27.44%    passed     85.82%
   2  JJ74|Cluster-73469.0__TRINITY_DN5653_c1_g1_i1.p1                20.83%    passed     99.96%
   3  DE127|Cluster-8528.0__TRINITY_DN4515_c0_g1_i3.p1                 0.17%    passed    100.00%
   4  DE554|Cluster-61788.0__TRINITY_DN3358_c0_g1_i1.p1                0.17%    passed    100.00%
   5  DE666|Cluster-8884.0__TRINITY_DN9777_c0_g1_i1.p1                 0.17%    passed    100.00%
   6  DE115|Cluster-66186.0__TRINITY_DN6419_c1_g2_i1.p1                0.17%    passed    100.00%
   7  JJ86|Cluster-23654.0__TRINITY_DN4012_c0_g1_i3.p1                 0.17%    passed    100.00%
   8  DE546_urceolata_l|Cluster-29834.0__TRINITY_DN6436_c3_g1_i2.p1    0.17%    passed    100.00%
   9  DE623|Cluster-3076.0__TRINITY_DN7477_c0_g1_i1.p1                 0.17%    passed    100.00%
  10  DE680|Cluster-35578.0__TRINITY_DN2133_c0_g1_i8.p1                0.17%    passed    100.00%
  11  DE563|Cluster-6969.0__TRINITY_DN1778_c0_g2_i1.p1                 0.17%    passed    100.00%
  12  DE162|Cluster-1238.0__TRINITY_DN12788_c0_g1_i1.p1                0.17%    passed    100.00%
  13  DE528|Cluster-31802.0__TRINITY_DN5233_c0_g1_i1.p1                0.17%    passed    100.00%
  14  DE704-purple|Cluster-41229.0__TRINITY_DN817_c0_g1_i3.p1          0.17%    passed    100.00%
  15  DE507|Cluster-3293.0__TRINITY_DN2703_c0_g1_i1.p1                 0.17%    passed    100.00%
  16  DE704-white|Cluster-70501.1__TRINITY_DN1147_c0_g1_i5.p1         44.63%    passed     99.36%
  17  DE575|Cluster-53743.0__TRINITY_DN3151_c0_g1_i1.p1                0.17%    passed    100.00%
  18  DE681|Cluster-30823.0__TRINITY_DN3721_c0_g1_i1.p1                0.17%    passed    100.00%
  19  DE765|Cluster-26916.0__TRINITY_DN4657_c1_g2_i3.p1                0.17%    passed    100.00%
  20  DE504|Cluster-31978.0__TRINITY_DN18727_c0_g1_i2.p1               6.28%    passed    100.00%
  21  DE216|Cluster-80716.0__TRINITY_DN10426_c0_g1_i12.p1             24.13%    passed     99.13%
  22  DE534|Cluster-77244.0__TRINITY_DN4165_c0_g1_i6.p1               44.96%    passed     70.18%
  23  JJ15|Cluster-56164.0__TRINITY_DN3235_c0_g1_i1.p1                53.22%    passed     37.60%
  24  DE542|Cluster-38037.0__TRINITY_DN5254_c0_g1_i3.p1               44.96%    passed     69.85%
  25  DE550|Cluster-26402.0__TRINITY_DN2737_c0_g1_i2.p1               52.89%    passed     61.08%
  26  DRR082660|Cluster-3350.0__TRINITY_DN3727_c0_g1_i1.p1             0.17%    passed    100.00%
  27  DE69|Cluster-6809.0__TRINITY_DN1698_c1_g1_i1.p1                  0.17%    passed    100.00%
  28  SRR3407095|Cluster-39248.0__TRINITY_DN7082_c0_g2_i3.p1           0.33%    passed    100.00%
  29  JJ85|Cluster-39362.0__TRINITY_DN1713_c0_g1_i1.p1                 0.17%    passed    100.00%
  30  DE152|Cluster-27116.0__TRINITY_DN2_c1_g2_i1.p1                   0.17%    passed    100.00%
  31  DE229|Cluster-20307.0__TRINITY_DN31145_c0_g1_i2.p1              44.63%    passed     82.26%
  32  DE519|Cluster-12710.0__TRINITY_DN1430_c0_g1_i1.p1                1.16%    passed    100.00%
  33  DE560|Cluster-43781.0__TRINITY_DN176_c0_g1_i2.p1                44.63%    passed     50.88%
  34  DE741|Cluster-47001.0__TRINITY_DN1307_c0_g1_i1.p1                1.16%    passed    100.00%
  35  DE536|Cluster-3081.0__TRINITY_DN3107_c0_g1_i1.p1                 0.17%    passed    100.00%
  36  DE181|Cluster-39028.0__TRINITY_DN1750_c0_g1_i1.p1               44.63%    passed     82.23%
  37  SRR3407086|Cluster-23256.0__TRINITY_DN6498_c0_g1_i1.p1           0.17%    passed    100.00%
  38  SRR3407088|Cluster-35470.0__TRINITY_DN2247_c0_g1_i2.p1           0.17%    passed    100.00%
  39  SRR3424066|Cluster-36582.0__TRINITY_DN1655_c0_g1_i1.p1           0.17%    passed    100.00%
  40  DE561|Cluster-4728.0__TRINITY_DN10434_c1_g1_i1.p1                0.17%    passed    100.00%
  41  DE503|Cluster-11361.0__TRINITY_DN2443_c0_g1_i1.p1                0.17%    passed    100.00%
  42  DE505|Cluster-33773.0__TRINITY_DN2611_c0_g1_i3.p1                0.17%    passed    100.00%
  43  DE510|Cluster-33137.0__TRINITY_DN2646_c0_g1_i1.p1                0.17%    passed    100.00%
  44  SRR3407087|Cluster-21828.0__TRINITY_DN2105_c0_g1_i1.p1           0.17%    passed    100.00%
  45  SRR3407093|Cluster-28910.0__TRINITY_DN10029_c1_g1_i1.p1          0.17%    passed    100.00%
  46  SRR3407094|Cluster-19680.0__TRINITY_DN4521_c0_g2_i1.p1          44.63%    passed     79.24%
  47  DE668|Cluster-37442.0__TRINITY_DN2098_c0_g1_i1.p1               44.63%    passed     95.66%
  48  DE126|Cluster-36888.33__TRINITY_DN1224_c0_g1_i21.p1              1.32%    passed    100.00%
  49  DE151|Cluster-37738.4__TRINITY_DN377_c0_g1_i3.p1                 0.17%    passed    100.00%
  50  DE189|Cluster-4808.0__TRINITY_DN15072_c0_g2_i1.p1                0.17%    passed    100.00%
  51  DE509|Cluster-11303.0__TRINITY_DN11719_c0_g2_i2.p1               0.17%    passed    100.00%
  52  DE737|Cluster-54300.0__TRINITY_DN540_c0_g1_i2.p1                44.63%    passed     83.02%
  53  DE549|Cluster-31759.0__TRINITY_DN6_c1_g1_i3.p1                  44.63%    passed     88.37%
  54  JJ130|Cluster-26953.0__TRINITY_DN5_c1_g1_i1.p1                   0.17%    passed    100.00%
  55  DE764|Cluster-27490.0__TRINITY_DN7135_c0_g1_i1.p1                0.17%    passed    100.00%
  56  DE736|Cluster-19724.0__TRINITY_DN5146_c0_g1_i1.p1                0.17%    passed    100.00%
  57  DE531|Cluster-53360.0__TRINITY_DN2802_c2_g1_i1.p1                0.17%    passed    100.00%
  58  DE696-nodots|Cluster-61121.3__TRINITY_DN1321_c0_g2_i3.p1         0.17%    passed    100.00%
  59  JJ36|Cluster-20685.0__TRINITY_DN1781_c1_g1_i4.p1                 0.17%    passed    100.00%
  60  DE476|Cluster-17165.1__TRINITY_DN7521_c1_g3_i1.p1                0.66%    passed    100.00%
  61  JJ89|Cluster-30494.0__TRINITY_DN894_c3_g1_i1.p1                  0.17%    passed    100.00%
  62  DE164|Cluster-345.1__TRINITY_DN2383_c0_g1_i4.p1                  0.33%    passed    100.00%
  63  DE671|Cluster-32899.0__TRINITY_DN877_c0_g1_i1.p1                 0.17%    passed    100.00%
  64  DE643|Cluster-45714.0__TRINITY_DN14580_c0_g1_i6.p1               0.17%    passed    100.00%
  65  JJ109|Cluster-47711.1__TRINITY_DN584_c0_g1_i1.p1                 6.94%    passed    100.00%
  66  DE88|Cluster-14472.0__TRINITY_DN5394_c0_g2_i1.p1                 0.17%    passed    100.00%
  67  JJ125|Cluster-33776.3__TRINITY_DN937_c0_g3_i1.p1                 0.17%    passed    100.00%
  68  SRR3407096|Cluster-28402.0__TRINITY_DN8141_c0_g4_i2.p1           3.14%    passed    100.00%
  69  JJ99|Cluster-15473.0__TRINITY_DN16131_c1_g1_i1.p1                0.17%    passed    100.00%
  70  DE566|Cluster-54186.0__TRINITY_DN15856_c0_g1_i5.p1               0.17%    passed    100.00%
  71  SRR3407092|Cluster-518.0__TRINITY_DN4093_c0_g1_i1.p1            25.79%    passed     35.78%
  72  SRR11748982|Cluster-25032.0__TRINITY_DN8067_c0_g1_i1.p1         11.40%    failed      0.05%
WARNING: 2 sequences contain more than 50% gaps/ambiguity
****  TOTAL                                                            9.61%  1 sequences failed composition chi2 test (p-value<5%; df=60)
Reading input tree file tmp.csubst.nwk ... rooted tree

NOTE: 87 MB RAM (0 GB) is required!
Measuring multi-threading efficiency up to 1 CPU cores
2 trees examined
Threads: 1 / Time: 4.538 sec / Speedup: 1.000 / Efficiency: 100% / LogL: -20429
BEST NUMBER OF THREADS: 1

Estimate model parameters (epsilon = 0.010)
1. Initial log-likelihood: -20057.078
2. Current log-likelihood: -13968.880
3. Current log-likelihood: -13947.798
4. Current log-likelihood: -13947.622
5. Current log-likelihood: -13946.428
6. Current log-likelihood: -13946.303
7. Current log-likelihood: -13946.244
8. Current log-likelihood: -13945.570
9. Current log-likelihood: -13945.531
10. Current log-likelihood: -13945.516
Optimal log-likelihood: -13945.510
Nonsynonymous/synonymous ratio (omega): 1.000
Transition/transversion ratio (kappa): 1.000
Site proportion and rates:  (0.516,0.423) (0.392,1.244) (0.087,3.021) (0.005,6.891)
Parameters optimization took 10 rounds (148.447 sec)
Wrote distance file to... 
BEST SCORE FOUND : -13945.510
Ancestral state probabilities printed to /mnt/data0/yue/2026-03-11-protein-convergence/results/OG_8865/csubst_w_s/csubst_input_alignment.fa.state
Empirical proportions for each category: 0.560 0.370 0.066 0.003
Site rates printed to /mnt/data0/yue/2026-03-11-protein-convergence/results/OG_8865/csubst_w_s/csubst_input_alignment.fa.rate
Total tree length: 3.978

Total number of iterations: 0
CPU time used for tree search: 0.000 sec (0h:0m:0s)
Wall-clock time used for tree search: 0.000 sec (0h:0m:0s)
Total CPU time used: 155.447 sec (0h:2m:35s)
Total wall-clock time used: 155.829 sec (0h:2m:35s)

Analysis results written to: 
  IQ-TREE report:                /mnt/data0/yue/2026-03-11-protein-convergence/results/OG_8865/csubst_w_s/csubst_input_alignment.fa.iqtree
  Maximum-likelihood tree:       /mnt/data0/yue/2026-03-11-protein-convergence/results/OG_8865/csubst_w_s/csubst_input_alignment.fa.treefile
  Site-specific rates:           /mnt/data0/yue/2026-03-11-protein-convergence/results/OG_8865/csubst_w_s/csubst_input_alignment.fa.rate
  Ancestral state:               /mnt/data0/yue/2026-03-11-protein-convergence/results/OG_8865/csubst_w_s/csubst_input_alignment.fa.state
  Screen log file:               /mnt/data0/yue/2026-03-11-protein-convergence/results/OG_8865/csubst_w_s/csubst_input_alignment.fa.log

Date and Time: Sat Mar 28 04:35:27 2026
