IQ-TREE multicore version 2.4.0 for Linux x86 64-bit built Feb 12 2025
Developed by Bui Quang Minh, Nguyen Lam Tung, Olga Chernomor, Heiko Schmidt,
Dominik Schrempf, Michael Woodhams, Ly Trong Nhan, Thomas Wong

Host:    brain (AVX2, FMA3, 2015 GB RAM)
Command: /home/yue/miniconda3/envs/py39/bin/iqtree -s /mnt/data0/yue/2026-03-11-protein-convergence/results/OG_8545/csubst_w_s/csubst_input_alignment.fa -te tmp.csubst.nwk -m ECMK07+F+R4 --seqtype CODON1 --threads-max 1 -T AUTO --ancestral --rate --redo
Seed:    502194 (Using SPRNG - Scalable Parallel Random Number Generator)
Time:    Sat Mar 28 03:50:02 2026
Kernel:  AVX+FMA - auto-detect threads (128 CPU cores detected)

Reading alignment file /mnt/data0/yue/2026-03-11-protein-convergence/results/OG_8545/csubst_w_s/csubst_input_alignment.fa ... Fasta format detected
Reading fasta file: done in 0.0049486 secs using 82.45% CPU
Alignment most likely contains DNA/RNA sequences
Converting to codon sequences with genetic code 1 ...
Alignment has 74 sequences with 1022 columns, 914 distinct patterns
543 parsimony-informative, 238 singleton sites, 241 constant sites
                                                               Gap/Ambiguity  Composition  p-value
Analyzing sequences: done in 0.000242978 secs using 99.19% CPU
   1  DE173|Cluster-50286.0__TRINITY_DN12551_c0_g1_i2.p1               8.81%    passed    100.00%
   2  DE764|Cluster-35155.0__TRINITY_DN31398_c0_g1_i6.p1              12.13%    passed    100.00%
   3  DE509|Cluster-29449.0__TRINITY_DN7491_c0_g1_i9.p1               11.06%    passed    100.00%
   4  DE151|Cluster-37800.0__TRINITY_DN1938_c2_g1_i2.p1                0.00%    passed    100.00%
   5  DE189|Cluster-45609.0__TRINITY_DN2469_c5_g1_i1.p1                0.29%    passed    100.00%
   6  JJ109|Cluster-16139.0__TRINITY_DN5640_c0_g1_i1.p1                0.10%    passed    100.00%
   7  JJ130|Cluster-30797.1__TRINITY_DN4423_c0_g1_i5.p1                0.29%    passed    100.00%
   8  JJ89|Cluster-22104.0__TRINITY_DN12523_c0_g1_i1.p1                0.00%    passed    100.00%
   9  DE736|Cluster-38437.0__TRINITY_DN3181_c1_g1_i1.p1                0.29%    passed    100.00%
  10  DE546_urceolata_l|Cluster-36820.0__TRINITY_DN4279_c0_g1_i3.p1   10.96%    passed    100.00%
  11  DE152|Cluster-59921.0__TRINITY_DN4051_c0_g1_i2.p1               11.45%    passed    100.00%
  12  SRR3407096|Cluster-17673.0__TRINITY_DN12343_c0_g1_i2.p1         10.18%    passed    100.00%
  13  DE704-white|Cluster-49299.1__TRINITY_DN9345_c1_g1_i34.p1        15.56%    passed    100.00%
  14  JJ125|Cluster-29370.2__TRINITY_DN10504_c1_g1_i6.p1               0.98%    passed    100.00%
  15  DE523|Cluster-50578.0__TRINITY_DN11625_c0_g1_i1.p1               0.98%    passed    100.00%
  16  DE507|Cluster-77786.0__TRINITY_DN5416_c0_g1_i2.p1               29.35%    passed     99.41%
  17  DE528|Cluster-51992.0__TRINITY_DN3566_c0_g1_i18.p1              10.57%    passed    100.00%
  18  DE162|Cluster-42225.1__TRINITY_DN3431_c0_g1_i28.p1              31.02%    passed     99.85%
  19  JJ86|Cluster-50141.0__TRINITY_DN3635_c0_g1_i7.p1                12.13%    passed    100.00%
  20  JJ74|Cluster-127502.0__TRINITY_DN11125_c0_g1_i2.p1               9.00%    passed    100.00%
  21  SRR3407086|Cluster-30331.1__TRINITY_DN24302_c0_g1_i3.p1         89.43%    passed     22.84%
  22  SRR3407087|Cluster-24243.1__TRINITY_DN7823_c0_g1_i3.p1          89.43%    passed     11.29%
  23  DE503|Cluster-29312.0__TRINITY_DN1527_c0_g2_i3.p1               11.94%    passed    100.00%
  24  DE505|Cluster-45364.0__TRINITY_DN4444_c1_g1_i4.p1               11.94%    passed    100.00%
  25  DE510|Cluster-33605.0__TRINITY_DN21441_c0_g1_i8.p1              11.94%    passed    100.00%
  26  SRR3407094|Cluster-39940.1__TRINITY_DN12301_c0_g1_i4.p1         89.43%    passed     11.29%
  27  DE563|Cluster-46516.0__TRINITY_DN6789_c0_g2_i3.p1                0.10%    passed    100.00%
  28  DE765|Cluster-10566.8__TRINITY_DN9873_c0_g1_i11.p1              10.67%    passed    100.00%
  29  DE69|Cluster-35278.2__TRINITY_DN3789_c0_g1_i26.p1               33.27%    passed     97.97%
  30  DE566|Cluster-33328.0__TRINITY_DN18202_c0_g1_i3.p1              10.86%    passed    100.00%
  31  JJ99|Cluster-34275.1__TRINITY_DN7127_c0_g1_i6.p1                 0.00%    passed    100.00%
  32  DE115|Cluster-56923.0__TRINITY_DN9073_c0_g1_i7.p1               22.60%    passed     99.13%
  33  DE554|Cluster-19899.0__TRINITY_DN4927_c0_g1_i4.p1                0.00%    passed    100.00%
  34  DE666|Cluster-42458.0__TRINITY_DN194_c1_g1_i6.p1                 0.29%    passed    100.00%
  35  DE126|Cluster-20562.0__TRINITY_DN10206_c0_g2_i2.p1               0.39%    passed    100.00%
  36  DE704-purple|Cluster-22154.1__TRINITY_DN5857_c1_g1_i5.p1         0.29%    passed    100.00%
  37  DE575|Cluster-45315.0__TRINITY_DN8731_c0_g1_i3.p1                0.39%    passed    100.00%
  38  DE681|Cluster-54860.0__TRINITY_DN6546_c0_g1_i6.p1                0.00%    passed    100.00%
  39  DE623|Cluster-24344.0__TRINITY_DN10838_c0_g1_i6.p1               0.00%    passed    100.00%
  40  DE680|Cluster-53906.1__TRINITY_DN5817_c0_g2_i1.p1                0.10%    passed    100.00%
  41  DE181|Cluster-54880.0__TRINITY_DN6769_c0_g1_i2.p1                1.37%    passed    100.00%
  42  SRR3424066|Cluster-32498.0__TRINITY_DN9330_c0_g1_i1.p1           1.37%    passed    100.00%
  43  SRR3407088|Cluster-13562.0__TRINITY_DN14320_c0_g1_i1.p1         31.51%    passed     94.69%
  44  DE561|Cluster-44235.77__TRINITY_DN17817_c0_g2_i5.p1             22.60%    passed     98.13%
  45  DE560|Cluster-43569.0__TRINITY_DN1103_c0_g1_i9.p1                0.29%    passed    100.00%
  46  JJ85|Cluster-23572.0__TRINITY_DN9719_c0_g1_i2.p1                 0.00%    passed    100.00%
  47  DE519|Cluster-75176.0__TRINITY_DN8063_c1_g1_i2.p1                0.00%    passed    100.00%
  48  DE741|Cluster-48639.0__TRINITY_DN12436_c0_g2_i6.p1               0.00%    passed    100.00%
  49  DRR082660|Cluster-6912.0__TRINITY_DN1561_c0_g1_i1.p1             0.00%    passed    100.00%
  50  DE229|Cluster-80362.0__TRINITY_DN5324_c0_g1_i8.p1               25.83%    passed     91.29%
  51  JJ23|Cluster-44541.0__TRINITY_DN3548_c0_g2_i7.p1                 0.00%    passed    100.00%
  52  DE668|Cluster-79.0__TRINITY_DN1462_c0_g2_i1.p1                   0.00%    passed    100.00%
  53  SRR3407095|Cluster-16000.0__TRINITY_DN95_c4_g1_i1.p1             2.64%    passed    100.00%
  54  DE534|Cluster-61926.0__TRINITY_DN10203_c0_g1_i2.p1              10.18%    passed    100.00%
  55  DE536|Cluster-3360.0__TRINITY_DN320_c0_g2_i2.p1                 10.27%    passed    100.00%
  56  JJ131|Cluster-69421.0__TRINITY_DN5756_c0_g1_i1.p1               11.84%    passed    100.00%
  57  DE216|Cluster-63762.0__TRINITY_DN10402_c0_g1_i2.p1              12.43%    passed    100.00%
  58  JJ15|Cluster-16596.0__TRINITY_DN5293_c0_g1_i4.p1                 9.59%    passed    100.00%
  59  DE542|Cluster-49434.0__TRINITY_DN1137_c0_g1_i6.p1                9.59%    passed    100.00%
  60  DE550|Cluster-37456.0__TRINITY_DN1406_c0_g1_i2.p1                0.78%    passed    100.00%
  61  DE737|Cluster-26597.0__TRINITY_DN7004_c0_g2_i7.p1                0.98%    passed    100.00%
  62  DE643|Cluster-67316.0__TRINITY_DN11010_c0_g1_i1.p1              10.96%    passed    100.00%
  63  DE672|Cluster-52808.0__TRINITY_DN1403_c0_g1_i1.p1               11.45%    passed    100.00%
  64  DE696-dots|Cluster-44017.0__TRINITY_DN3491_c0_g1_i4.p1          10.67%    passed    100.00%
  65  JJ36|Cluster-34055.0__TRINITY_DN9005_c0_g1_i3.p1                10.67%    passed    100.00%
  66  DE696-nodots|Cluster-53062.0__TRINITY_DN147_c0_g1_i2.p1         10.67%    passed    100.00%
  67  DE671|Cluster-9094.1__TRINITY_DN6560_c0_g1_i10.p1                0.39%    passed    100.00%
  68  DE504|Cluster-20994.0__TRINITY_DN1354_c1_g1_i2.p1                0.39%    passed    100.00%
  69  DE88|Cluster-10915.0__TRINITY_DN73_c2_g1_i1.p1                   0.29%    passed    100.00%
  70  DE549|Cluster-16360.0__TRINITY_DN7980_c1_g1_i3.p1                0.00%    passed    100.00%
  71  DE164|Cluster-41277.0__TRINITY_DN20268_c0_g2_i2.p1               0.00%    passed    100.00%
  72  DE531|Cluster-20168.0__TRINITY_DN4965_c0_g3_i1.p1                0.00%    passed    100.00%
  73  DE476|Cluster-43043.0__TRINITY_DN12673_c1_g2_i2.p1               0.00%    passed    100.00%
  74  DE541|Cluster-50174.0__TRINITY_DN5122_c0_g1_i13.p1               0.00%    passed    100.00%
WARNING: 3 sequences contain more than 50% gaps/ambiguity
****  TOTAL                                                           10.34%  0 sequences failed composition chi2 test (p-value<5%; df=60)
Reading input tree file tmp.csubst.nwk ... rooted tree

NOTE: 135 MB RAM (0 GB) is required!
Measuring multi-threading efficiency up to 1 CPU cores
2 trees examined
Threads: 1 / Time: 7.372 sec / Speedup: 1.000 / Efficiency: 100% / LogL: -39491
BEST NUMBER OF THREADS: 1

Estimate model parameters (epsilon = 0.010)
1. Initial log-likelihood: -35259.358
2. Current log-likelihood: -25825.098
3. Current log-likelihood: -25820.594
4. Current log-likelihood: -25818.848
5. Current log-likelihood: -25778.376
6. Current log-likelihood: -25776.163
7. Current log-likelihood: -25774.912
8. Current log-likelihood: -25773.923
9. Current log-likelihood: -25773.035
10. Current log-likelihood: -25772.217
11. Current log-likelihood: -25771.461
12. Current log-likelihood: -25770.761
13. Current log-likelihood: -25749.511
14. Current log-likelihood: -25748.971
15. Current log-likelihood: -25748.641
16. Current log-likelihood: -25748.348
17. Current log-likelihood: -25748.059
18. Current log-likelihood: -25747.763
19. Current log-likelihood: -25747.453
20. Current log-likelihood: -25747.130
21. Current log-likelihood: -25746.791
22. Current log-likelihood: -25746.445
23. Current log-likelihood: -25746.107
24. Current log-likelihood: -25745.798
25. Current log-likelihood: -25745.535
26. Current log-likelihood: -25745.327
27. Current log-likelihood: -25745.171
28. Current log-likelihood: -25733.971
29. Current log-likelihood: -25733.599
30. Current log-likelihood: -25733.231
31. Current log-likelihood: -25732.865
32. Current log-likelihood: -25732.521
33. Current log-likelihood: -25732.221
34. Current log-likelihood: -25731.979
35. Current log-likelihood: -25731.797
36. Current log-likelihood: -25731.666
37. Current log-likelihood: -25731.576
38. Current log-likelihood: -25731.516
39. Current log-likelihood: -25731.477
40. Current log-likelihood: -25731.452
41. Current log-likelihood: -25731.437
Optimal log-likelihood: -25731.429
Nonsynonymous/synonymous ratio (omega): 1.000
Transition/transversion ratio (kappa): 1.000
Site proportion and rates:  (0.582,0.258) (0.304,1.266) (0.099,3.333) (0.016,8.696)
Parameters optimization took 41 rounds (826.013 sec)
Wrote distance file to... 
BEST SCORE FOUND : -25731.429
Ancestral state probabilities printed to /mnt/data0/yue/2026-03-11-protein-convergence/results/OG_8545/csubst_w_s/csubst_input_alignment.fa.state
Empirical proportions for each category: 0.613 0.290 0.083 0.015
Site rates printed to /mnt/data0/yue/2026-03-11-protein-convergence/results/OG_8545/csubst_w_s/csubst_input_alignment.fa.rate
Total tree length: 4.180

Total number of iterations: 0
CPU time used for tree search: 0.000 sec (0h:0m:0s)
Wall-clock time used for tree search: 0.000 sec (0h:0m:0s)
Total CPU time used: 836.645 sec (0h:13m:56s)
Total wall-clock time used: 837.370 sec (0h:13m:57s)

Analysis results written to: 
  IQ-TREE report:                /mnt/data0/yue/2026-03-11-protein-convergence/results/OG_8545/csubst_w_s/csubst_input_alignment.fa.iqtree
  Maximum-likelihood tree:       /mnt/data0/yue/2026-03-11-protein-convergence/results/OG_8545/csubst_w_s/csubst_input_alignment.fa.treefile
  Site-specific rates:           /mnt/data0/yue/2026-03-11-protein-convergence/results/OG_8545/csubst_w_s/csubst_input_alignment.fa.rate
  Ancestral state:               /mnt/data0/yue/2026-03-11-protein-convergence/results/OG_8545/csubst_w_s/csubst_input_alignment.fa.state
  Screen log file:               /mnt/data0/yue/2026-03-11-protein-convergence/results/OG_8545/csubst_w_s/csubst_input_alignment.fa.log

Date and Time: Sat Mar 28 04:03:59 2026
