IQ-TREE multicore version 2.4.0 for Linux x86 64-bit built Feb 12 2025
Developed by Bui Quang Minh, Nguyen Lam Tung, Olga Chernomor, Heiko Schmidt,
Dominik Schrempf, Michael Woodhams, Ly Trong Nhan, Thomas Wong

Host:    brain (AVX2, FMA3, 2015 GB RAM)
Command: /home/yue/miniconda3/envs/py39/bin/iqtree -s /mnt/data0/yue/2026-03-11-protein-convergence/results/OG_9593/csubst_w_s/csubst_input_alignment.fa -te tmp.csubst.nwk -m ECMK07+F+R4 --seqtype CODON1 --threads-max 1 -T AUTO --ancestral --rate --redo
Seed:    905557 (Using SPRNG - Scalable Parallel Random Number Generator)
Time:    Sat Mar 28 06:02:31 2026
Kernel:  AVX+FMA - auto-detect threads (128 CPU cores detected)

Reading alignment file /mnt/data0/yue/2026-03-11-protein-convergence/results/OG_9593/csubst_w_s/csubst_input_alignment.fa ... Fasta format detected
Reading fasta file: done in 0.00151886 secs
Alignment most likely contains DNA/RNA sequences
Converting to codon sequences with genetic code 1 ...
Alignment has 64 sequences with 483 columns, 461 distinct patterns
280 parsimony-informative, 106 singleton sites, 97 constant sites
                                                           Gap/Ambiguity  Composition  p-value
Analyzing sequences: done in 7.2822e-05 secs using 98.87% CPU
   1  JJ85|Cluster-43341.0__TRINITY_DN6470_c0_g1_i1.p1             0.21%    passed    100.00%
   2  SRR3407096|Cluster-3709.0__TRINITY_DN27986_c0_g1_i1.p1       0.21%    passed    100.00%
   3  JJ74|Cluster-101923.0__TRINITY_DN82533_c1_g1_i1.p1           4.35%    passed    100.00%
   4  JJ131|Cluster-44451.1__TRINITY_DN9354_c0_g1_i6.p1            1.45%    passed    100.00%
   5  DE741|Cluster-59740.0__TRINITY_DN15824_c1_g2_i2.p1           0.00%    passed    100.00%
   6  DE164|Cluster-11769.0__TRINITY_DN95263_c0_g1_i1.p1           0.21%    passed    100.00%
   7  DE737|Cluster-26411.0__TRINITY_DN5410_c3_g1_i1.p1            0.21%    passed    100.00%
   8  DE541|Cluster-43641.0__TRINITY_DN40785_c0_g1_i1.p1           0.21%    passed    100.00%
   9  DE523|Cluster-3951.0__TRINITY_DN56095_c0_g1_i1.p1            0.21%    passed    100.00%
  10  DE542|Cluster-7200.0__TRINITY_DN14122_c1_g1_i1.p1            0.21%    passed    100.00%
  11  DE216|Cluster-71421.0__TRINITY_DN15421_c0_g1_i2.p1           0.21%    passed    100.00%
  12  JJ15|Cluster-44193.0__TRINITY_DN7131_c0_g1_i3.p1             0.21%    passed    100.00%
  13  DE534|Cluster-15295.0__TRINITY_DN19896_c0_g1_i1.p1           1.86%    passed    100.00%
  14  DE519|Cluster-41364.0__TRINITY_DN519_c2_g1_i1.p1             0.00%    passed    100.00%
  15  SRR3407095|Cluster-403.0__TRINITY_DN3148_c0_g1_i1.p1         0.21%    passed    100.00%
  16  DRR082660|Cluster-45830.0__TRINITY_DN2594_c0_g1_i1.p1        2.48%    passed    100.00%
  17  DE671|Cluster-28199.0__TRINITY_DN11675_c2_g1_i1.p1           1.86%    passed    100.00%
  18  JJ89|Cluster-9668.1__TRINITY_DN13641_c0_g1_i3.p1             0.21%    passed    100.00%
  19  DE88|Cluster-9250.0__TRINITY_DN59875_c0_g1_i2.p1             0.21%    passed    100.00%
  20  DE764|Cluster-3590.0__TRINITY_DN10695_c0_g1_i1.p1            0.21%    passed    100.00%
  21  DE736|Cluster-9395.0__TRINITY_DN7840_c0_g1_i1.p1             0.21%    passed    100.00%
  22  DE696-dots|Cluster-59557.0__TRINITY_DN668_c20_g1_i1.p1       0.21%    passed    100.00%
  23  DE696-nodots|Cluster-3286.0__TRINITY_DN5824_c0_g1_i1.p1      0.21%    passed    100.00%
  24  JJ36|Cluster-27796.30__TRINITY_DN24393_c0_g1_i1.p1           2.07%    passed    100.00%
  25  DE476|Cluster-29442.0__TRINITY_DN12933_c0_g1_i2.p1           0.21%    passed    100.00%
  26  DE550|Cluster-18075.0__TRINITY_DN11546_c0_g1_i5.p1           0.21%    passed    100.00%
  27  DE536|Cluster-20704.0__TRINITY_DN2489_c0_g1_i1.p1            0.21%    passed    100.00%
  28  DE126|Cluster-36371.0__TRINITY_DN6181_c0_g1_i1.p1            0.21%    passed    100.00%
  29  DE704-white|Cluster-33636.0__TRINITY_DN7730_c0_g1_i1.p1      0.21%    passed    100.00%
  30  DE549|Cluster-45025.0__TRINITY_DN11146_c0_g1_i3.p1          12.01%    passed    100.00%
  31  JJ109|Cluster-33809.1__TRINITY_DN17585_c0_g1_i12.p1         12.63%    passed    100.00%
  32  DE127|Cluster-21024.0__TRINITY_DN10285_c0_g1_i3.p1           0.41%    passed    100.00%
  33  DE554|Cluster-56887.0__TRINITY_DN112658_c0_g1_i2.p1          0.41%    passed    100.00%
  34  DE162|Cluster-46642.0__TRINITY_DN18005_c0_g1_i4.p1           0.41%    passed    100.00%
  35  DE507|Cluster-73965.0__TRINITY_DN11706_c0_g3_i1.p1           0.41%    passed    100.00%
  36  DE528|Cluster-59075.0__TRINITY_DN9711_c0_g1_i3.p1            0.41%    passed    100.00%
  37  DE666|Cluster-37806.0__TRINITY_DN9555_c0_g1_i1.p1            0.21%    passed    100.00%
  38  DE563|Cluster-10792.0__TRINITY_DN13274_c2_g1_i2.p1           0.62%    passed    100.00%
  39  DE560|Cluster-29695.0__TRINITY_DN16386_c0_g1_i1.p1          50.31%    passed     65.03%
  40  SRR3407088|Cluster-27983.0__TRINITY_DN8413_c0_g1_i1.p1       0.41%    passed    100.00%
  41  DE704-purple|Cluster-62606.0__TRINITY_DN19485_c0_g1_i1.p1   50.31%    passed     69.59%
  42  DE115|Cluster-44642.0__TRINITY_DN148916_c0_g1_i1.p1          0.21%    passed    100.00%
  43  DE575|Cluster-68348.0__TRINITY_DN87335_c0_g1_i1.p1           0.00%    passed    100.00%
  44  DE681|Cluster-48347.0__TRINITY_DN12654_c0_g1_i1.p1          20.91%    passed     99.67%
  45  DE765|Cluster-1282.0__TRINITY_DN11382_c0_g1_i1.p1            0.00%    passed    100.00%
  46  DE623|Cluster-15404.0__TRINITY_DN4439_c0_g1_i1.p1            0.21%    passed    100.00%
  47  DE680|Cluster-39841.0__TRINITY_DN770_c2_g1_i1.p1             0.21%    passed    100.00%
  48  DE181|Cluster-29563.0__TRINITY_DN82868_c0_g1_i1.p1           0.21%    passed    100.00%
  49  SRR3407086|Cluster-1031.0__TRINITY_DN12368_c0_g2_i1.p1      52.59%    passed     88.87%
  50  SRR3424066|Cluster-7291.0__TRINITY_DN30911_c0_g1_i1.p1       0.21%    passed    100.00%
  51  DE561|Cluster-48390.0__TRINITY_DN22138_c0_g1_i1.p1           0.21%    passed    100.00%
  52  DE503|Cluster-29590.0__TRINITY_DN13173_c0_g1_i1.p1           0.00%    passed    100.00%
  53  DE505|Cluster-40833.0__TRINITY_DN16368_c0_g1_i1.p1          52.38%    passed     99.12%
  54  DE510|Cluster-29313.0__TRINITY_DN1229_c0_g1_i1.p1            0.00%    passed    100.00%
  55  SRR3407087|Cluster-28750.0__TRINITY_DN21833_c0_g1_i1.p1      0.00%    passed    100.00%
  56  SRR3407092|Cluster-31149.0__TRINITY_DN30980_c0_g1_i1.p1      0.00%    passed    100.00%
  57  SRR3407094|Cluster-7778.0__TRINITY_DN15023_c0_g2_i1.p1      20.91%    passed    100.00%
  58  SRR3407093|Cluster-21945.0__TRINITY_DN15076_c0_g1_i1.p1      0.21%    passed    100.00%
  59  DE566|Cluster-50500.0__TRINITY_DN11332_c0_g1_i8.p1          27.54%    passed     98.34%
  60  DE151|Cluster-58873.0__TRINITY_DN240_c2_g1_i4.p1             0.00%    passed    100.00%
  61  DE189|Cluster-32777.0__TRINITY_DN7078_c0_g1_i1.p1            0.21%    passed    100.00%
  62  JJ130|Cluster-23885.0__TRINITY_DN466_c16_g1_i3.p1           27.12%    passed    100.00%
  63  DE173|Cluster-27110.0__TRINITY_DN12758_c0_g1_i1.p1           0.21%    passed    100.00%
  64  DE504|Cluster-33934.3__TRINITY_DN7560_c0_g1_i6.p1           27.33%    passed    100.00%
WARNING: 4 sequences contain more than 50% gaps/ambiguity
****  TOTAL                                                        5.90%  0 sequences failed composition chi2 test (p-value<5%; df=60)
Reading input tree file tmp.csubst.nwk ... rooted tree

NOTE: 63 MB RAM (0 GB) is required!
Measuring multi-threading efficiency up to 1 CPU cores
2 trees examined
Threads: 1 / Time: 3.245 sec / Speedup: 1.000 / Efficiency: 100% / LogL: -19650
BEST NUMBER OF THREADS: 1

Estimate model parameters (epsilon = 0.010)
1. Initial log-likelihood: -16295.026
2. Current log-likelihood: -12083.135
3. Current log-likelihood: -12061.688
4. Current log-likelihood: -12058.493
5. Current log-likelihood: -12056.886
6. Current log-likelihood: -12055.806
7. Current log-likelihood: -12055.692
8. Current log-likelihood: -12054.847
9. Current log-likelihood: -12054.757
10. Current log-likelihood: -12054.687
11. Current log-likelihood: -12054.633
12. Current log-likelihood: -12054.592
13. Current log-likelihood: -12054.010
14. Current log-likelihood: -12053.976
15. Current log-likelihood: -12053.952
16. Current log-likelihood: -12053.935
17. Current log-likelihood: -12053.923
Optimal log-likelihood: -12053.916
Nonsynonymous/synonymous ratio (omega): 1.000
Transition/transversion ratio (kappa): 1.000
Site proportion and rates:  (0.487,0.309) (0.382,1.249) (0.125,2.583) (0.006,7.704)
Parameters optimization took 17 rounds (189.490 sec)
Wrote distance file to... 
BEST SCORE FOUND : -12053.916
Ancestral state probabilities printed to /mnt/data0/yue/2026-03-11-protein-convergence/results/OG_9593/csubst_w_s/csubst_input_alignment.fa.state
Empirical proportions for each category: 0.522 0.377 0.095 0.006
Site rates printed to /mnt/data0/yue/2026-03-11-protein-convergence/results/OG_9593/csubst_w_s/csubst_input_alignment.fa.rate
Total tree length: 3.783

Total number of iterations: 0
CPU time used for tree search: 0.000 sec (0h:0m:0s)
Wall-clock time used for tree search: 0.000 sec (0h:0m:0s)
Total CPU time used: 194.696 sec (0h:3m:14s)
Total wall-clock time used: 194.912 sec (0h:3m:14s)

Analysis results written to: 
  IQ-TREE report:                /mnt/data0/yue/2026-03-11-protein-convergence/results/OG_9593/csubst_w_s/csubst_input_alignment.fa.iqtree
  Maximum-likelihood tree:       /mnt/data0/yue/2026-03-11-protein-convergence/results/OG_9593/csubst_w_s/csubst_input_alignment.fa.treefile
  Site-specific rates:           /mnt/data0/yue/2026-03-11-protein-convergence/results/OG_9593/csubst_w_s/csubst_input_alignment.fa.rate
  Ancestral state:               /mnt/data0/yue/2026-03-11-protein-convergence/results/OG_9593/csubst_w_s/csubst_input_alignment.fa.state
  Screen log file:               /mnt/data0/yue/2026-03-11-protein-convergence/results/OG_9593/csubst_w_s/csubst_input_alignment.fa.log

Date and Time: Sat Mar 28 06:05:46 2026
