IQ-TREE multicore version 2.4.0 for Linux x86 64-bit built Feb 12 2025
Developed by Bui Quang Minh, Nguyen Lam Tung, Olga Chernomor, Heiko Schmidt,
Dominik Schrempf, Michael Woodhams, Ly Trong Nhan, Thomas Wong

Host:    brain (AVX2, FMA3, 2015 GB RAM)
Command: /home/yue/miniconda3/envs/py39/bin/iqtree -s /mnt/data0/yue/2026-03-11-protein-convergence/results/OG_431/csubst_w_s/csubst_input_alignment.fa -te tmp.csubst.nwk -m ECMK07+F+R4 --seqtype CODON1 --threads-max 1 -T AUTO --ancestral --rate --redo
Seed:    836990 (Using SPRNG - Scalable Parallel Random Number Generator)
Time:    Fri Mar 27 13:21:31 2026
Kernel:  AVX+FMA - auto-detect threads (128 CPU cores detected)

Reading alignment file /mnt/data0/yue/2026-03-11-protein-convergence/results/OG_431/csubst_w_s/csubst_input_alignment.fa ... Fasta format detected
Reading fasta file: done in 0.00276336 secs using 25.01% CPU
Alignment most likely contains DNA/RNA sequences
Converting to codon sequences with genetic code 1 ...
Alignment has 140 sequences with 396 columns, 394 distinct patterns
337 parsimony-informative, 28 singleton sites, 31 constant sites
                                                                Gap/Ambiguity  Composition  p-value
Analyzing sequences: done in 0.000145316 secs using 99.78% CPU
   1  DE671|Cluster-42402.0__TRINITY_DN5340_c0_g1_i2.p1                40.40%    passed     94.74%
   2  DE668|Cluster-61272.0__TRINITY_DN22091_c0_g1_i4.p1                1.26%    passed     99.95%
   3  DE549|Cluster-6701.0__TRINITY_DN13974_c0_g2_i1.p1                 0.00%    passed    100.00%
   4  JJ23|Cluster-8190.0__TRINITY_DN5600_c0_g1_i16.p1                  5.81%    passed    100.00%
   5  JJ86|Cluster-32031.0__TRINITY_DN10138_c0_g1_i2.p1                23.99%    passed     99.46%
   6  DE764|Cluster-38187.0__TRINITY_DN11518_c0_g1_i4.p1               32.83%    passed     99.45%
   7  JJ99|Cluster-49622.0__TRINITY_DN7103_c0_g1_i2.p1                 50.00%    passed     93.29%
   8  DE115|Cluster-29464.0__TRINITY_DN8156_c0_g1_i4.p1                46.97%    passed     97.56%
   9  DE126|Cluster-46128.4__TRINITY_DN10537_c0_g1_i11.p1              39.39%    passed     98.12%
  10  DE127|Cluster-12203.0__TRINITY_DN3031_c1_g1_i2.p1                 0.00%    passed     99.98%
  11  DE554|Cluster-30575.10__TRINITY_DN5013_c0_g1_i24.p1               0.00%    passed    100.00%
  12  JJ74|Cluster-4308.0__TRINITY_DN60029_c0_g1_i1.p1                  0.00%    passed    100.00%
  13  DE507|Cluster-88686.0__TRINITY_DN11068_c1_g2_i1.p1               40.66%    passed     98.85%
  14  DE550|Cluster-27972.0__TRINITY_DN1916_c0_g3_i1.p1                 0.00%    passed    100.00%
  15  JJ89|Cluster-18746.0__TRINITY_DN8705_c0_g1_i1.p1                  0.00%    passed    100.00%
  16  DE528|Cluster-35602.0__TRINITY_DN4722_c0_g2_i3.p1                39.39%    passed     99.52%
  17  DE623|Cluster-42395.0__TRINITY_DN12458_c0_g1_i2.p1                0.00%    passed    100.00%
  18  DE680|Cluster-30078.0__TRINITY_DN978_c1_g1_i1.p1                  0.00%    passed    100.00%
  19  JJ125|Cluster-41103.0__TRINITY_DN5687_c0_g1_i1.p1                 4.55%    passed     99.99%
  20  DE541|Cluster-42526.0__TRINITY_DN7335_c0_g1_i1.p1                 0.00%    passed    100.00%
  21  DE88|Cluster-26251.0__TRINITY_DN4787_c0_g1_i2.p1                  0.00%    passed    100.00%
  22  DE164|Cluster-46587.0__TRINITY_DN3183_c1_g1_i5.p1                 0.00%    passed    100.00%
  23  DE504|Cluster-24123.0__TRINITY_DN881_c0_g1_i2.p1                  0.00%    passed    100.00%
  24  DE531|Cluster-40660.0__TRINITY_DN2389_c0_g2_i1.p1                 0.00%    passed    100.00%
  25  DE696-dots|Cluster-34738.0__TRINITY_DN1471_c0_g1_i1.p1            0.00%    passed    100.00%
  26  DE696-nodots|Cluster-58459.0__TRINITY_DN1556_c0_g1_i1.p1          0.00%    passed    100.00%
  27  JJ36|Cluster-23043.0__TRINITY_DN1352_c0_g3_i1.p1                  0.00%    passed    100.00%
  28  DE737|Cluster-41537.0__TRINITY_DN6995_c0_g1_i4.p1                 0.00%    passed    100.00%
  29  DE519|Cluster-8162.0__TRINITY_DN1827_c1_g2_i1.p1                  0.00%    passed    100.00%
  30  JJ85|Cluster-38323.0__TRINITY_DN1042_c0_g1_i1.p1                  0.00%    passed    100.00%
  31  DE560|Cluster-44457.0__TRINITY_DN5125_c0_g1_i2.p1                45.71%    passed     99.99%
  32  DE741|Cluster-26117.0__TRINITY_DN2300_c0_g1_i1.p1                 0.00%    passed    100.00%
  33  DE509|Cluster-9529.0__TRINITY_DN1217_c1_g1_i4.p1                  0.00%    passed    100.00%
  34  DE523|Cluster-49644.0__TRINITY_DN1983_c0_g1_i3.p1                45.71%    passed     99.89%
  35  SRR3407096|Cluster-26140.0__TRINITY_DN7024_c0_g2_i1.p1            0.00%    passed    100.00%
  36  DE173|Cluster-28882.0__TRINITY_DN2631_c0_g4_i1.p1                 0.00%    passed    100.00%
  37  DE736|Cluster-25478.0__TRINITY_DN9055_c0_g2_i1.p1                34.85%    passed     97.03%
  38  DE189|Cluster-43630.1__TRINITY_DN17590_c0_g1_i2.p1                0.00%    passed    100.00%
  39  JJ109|Cluster-31764.0__TRINITY_DN473_c2_g2_i1.p1                  0.00%    passed    100.00%
  40  JJ130|Cluster-23696.0__TRINITY_DN3356_c0_g3_i1.p1                 0.00%    passed    100.00%
  41  DE181|Cluster-47608.0__TRINITY_DN13799_c0_g1_i1.p1                0.00%    passed    100.00%
  42  DE505|Cluster-55409.0__TRINITY_DN7875_c1_g1_i1.p1                 0.00%    passed    100.00%
  43  DE510|Cluster-2969.0__TRINITY_DN984_c0_g2_i1.p1                   0.00%    passed    100.00%
  44  SRR3424066|Cluster-29624.0__TRINITY_DN2620_c0_g1_i2.p1            0.00%    passed    100.00%
  45  SRR3407087|Cluster-10436.0__TRINITY_DN5723_c0_g2_i1.p1            0.00%    passed    100.00%
  46  SRR3407095|Cluster-50523.154__TRINITY_DN22358_c1_g1_i2.p1         0.00%    passed    100.00%
  47  SRR3407093|Cluster-33099.0__TRINITY_DN2926_c0_g2_i2.p1            0.00%    passed    100.00%
  48  DE69|Cluster-46677.0__TRINITY_DN6388_c0_g5_i1.p1                  0.00%    passed    100.00%
  49  DE503|Cluster-43173.0__TRINITY_DN11899_c1_g1_i2.p1                0.00%    passed    100.00%
  50  SRR3407088|Cluster-11291.0__TRINITY_DN12524_c0_g2_i1.p1           0.00%    passed    100.00%
  51  SRR3407094|Cluster-33711.0__TRINITY_DN1919_c1_g3_i1.p1            0.00%    passed    100.00%
  52  DE561|Cluster-22455.0__TRINITY_DN2828_c0_g1_i1.p1                33.84%    passed     99.66%
  53  DE563|Cluster-34966.0__TRINITY_DN11985_c1_g1_i1.p1               32.83%    passed     96.31%
  54  DRR082660|Cluster-18693.0__TRINITY_DN9350_c0_g1_i2.p1             0.76%    passed     99.95%
  55  DE668|Cluster-7587.0__TRINITY_DN35771_c0_g1_i3.p1                 0.00%    passed     99.90%
  56  JJ15|Cluster-59156.2__TRINITY_DN9051_c0_g1_i15.p1                 0.00%    passed    100.00%
  57  DE216|Cluster-52012.1__TRINITY_DN5030_c0_g1_i1.p1                 0.00%    passed    100.00%
  58  DE534|Cluster-10194.4__TRINITY_DN548_c4_g1_i1.p1                  0.00%    passed    100.00%
  59  DE542|Cluster-54340.2__TRINITY_DN1969_c2_g1_i16.p1                0.00%    passed    100.00%
  60  DE536|Cluster-26751.0__TRINITY_DN6946_c0_g1_i1.p1                45.71%    passed     99.94%
  61  DRR234970|Cluster-46729.0__TRINITY_DN4483_c0_g1_i1.p1             0.00%    passed     99.83%
  62  SRR5150740|Cluster-38253.0__TRINITY_DN2659_c0_g1_i3.p1            0.00%    passed     96.55%
  63  DE704-purple|Cluster-13529.49__TRINITY_DN10972_c0_g1_i5.p1        0.00%    passed     99.75%
  64  DE704-white|Cluster-56741.2__TRINITY_DN11338_c0_g1_i2.p1          0.00%    passed     99.98%
  65  DE229|Cluster-94446.0__TRINITY_DN5374_c1_g3_i2.p1                45.45%    passed     97.42%
  66  DE546_urceolata_l|Cluster-43182.1__TRINITY_DN1468_c0_g2_i3.p1    45.71%    passed     96.09%
  67  DE126|Cluster-40422.0__TRINITY_DN25250_c0_g1_i2.p1                0.25%    passed     99.98%
  68  DE531|Cluster-18703.0__TRINITY_DN2389_c0_g1_i2.p1                44.44%    passed     99.15%
  69  DE563|Cluster-53840.0__TRINITY_DN6957_c0_g2_i2.p1                45.71%    passed     99.78%
  70  JJ99|Cluster-34253.0__TRINITY_DN603_c1_g1_i1.p1                   2.78%    passed     99.98%
  71  DE541|Cluster-4223.0__TRINITY_DN3826_c0_g1_i1.p1                  0.25%    passed    100.00%
  72  DE88|Cluster-25039.0__TRINITY_DN10057_c0_g1_i1.p1                34.85%    passed     99.62%
  73  DE680|Cluster-33840.0__TRINITY_DN11010_c0_g1_i1.p1                0.25%    passed     99.95%
  74  DE623|Cluster-43538.0__TRINITY_DN12458_c1_g1_i1.p1               26.52%    passed     98.90%
  75  DE162|Cluster-48666.0__TRINITY_DN3625_c1_g1_i1.p1                 0.25%    passed     99.92%
  76  DE528|Cluster-36169.0__TRINITY_DN2731_c0_g1_i9.p1                 0.25%    passed     99.96%
  77  DE507|Cluster-60741.0__TRINITY_DN28699_c0_g1_i2.p1                0.25%    passed     99.91%
  78  DE704-white|Cluster-46837.0__TRINITY_DN11511_c1_g1_i2.p1         43.43%    passed     66.16%
  79  DE229|Cluster-35051.0__TRINITY_DN1138_c0_g1_i1.p1                 0.25%    passed    100.00%
  80  JJ23|Cluster-15844.0__TRINITY_DN1315_c2_g1_i1.p1                  3.03%    passed    100.00%
  81  DE152|Cluster-24150.0__TRINITY_DN8022_c2_g1_i1.p1                45.96%    passed     94.62%
  82  DE115|Cluster-38082.1__TRINITY_DN713_c0_g1_i23.p1                51.01%    passed     99.96%
  83  DE666|Cluster-40727.0__TRINITY_DN10745_c1_g2_i1.p1                0.25%    passed    100.00%
  84  JJ86|Cluster-55275.0__TRINITY_DN8119_c0_g1_i17.p1                 8.84%    passed     99.96%
  85  DE127|Cluster-29028.0__TRINITY_DN5458_c1_g1_i3.p1                 0.25%    passed    100.00%
  86  DE554|Cluster-781.0__TRINITY_DN1021_c0_g3_i1.p1                   0.25%    passed    100.00%
  87  DE546_urceolata_l|Cluster-20339.12__TRINITY_DN1468_c0_g2_i6.p1    0.25%    passed    100.00%
  88  JJ74|Cluster-90080.0__TRINITY_DN3668_c0_g2_i1.p1                  0.25%    passed    100.00%
  89  DE566|Cluster-49018.1__TRINITY_DN2791_c0_g1_i6.p1                 0.25%    passed    100.00%
  90  DRR234970|Cluster-33925.0__TRINITY_DN1389_c0_g1_i1.p1             0.25%    passed    100.00%
  91  DE504|Cluster-31438.0__TRINITY_DN881_c0_g2_i1.p1                  0.51%    passed    100.00%
  92  DE151|Cluster-52624.0__TRINITY_DN5858_c0_g2_i2.p1                 0.25%    passed    100.00%
  93  DE173|Cluster-7597.0__TRINITY_DN487_c0_g1_i1.p1                   0.25%    passed    100.00%
  94  DE189|Cluster-32032.0__TRINITY_DN17590_c0_g4_i1.p1                2.53%    passed    100.00%
  95  JJ109|Cluster-4622.0__TRINITY_DN3372_c0_g3_i1.p1                  0.25%    passed    100.00%
  96  JJ130|Cluster-28448.0__TRINITY_DN3356_c0_g1_i1.p1                 0.25%    passed    100.00%
  97  DE476|Cluster-50226.0__TRINITY_DN15826_c1_g1_i1.p1                0.25%    passed    100.00%
  98  JJ89|Cluster-17834.0__TRINITY_DN8705_c0_g3_i1.p1                  0.25%    passed    100.00%
  99  DE764|Cluster-17976.0__TRINITY_DN1866_c1_g1_i5.p1                 0.25%    passed    100.00%
 100  DE549|Cluster-50777.0__TRINITY_DN3868_c1_g2_i3.p1                 0.25%    passed    100.00%
 101  DE164|Cluster-46351.0__TRINITY_DN3711_c0_g2_i1.p1                 0.51%    passed    100.00%
 102  DE671|Cluster-21838.0__TRINITY_DN5340_c0_g2_i1.p1                 0.51%    passed    100.00%
 103  DE643|Cluster-81454.0__TRINITY_DN8031_c1_g1_i6.p1                26.52%    passed     99.98%
 104  DE737|Cluster-47402.0__TRINITY_DN1765_c1_g3_i1.p1                 0.51%    passed    100.00%
 105  DE736|Cluster-38421.0__TRINITY_DN9055_c0_g6_i1.p1                 0.25%    passed    100.00%
 106  DE509|Cluster-7905.0__TRINITY_DN1217_c1_g1_i1.p1                  0.25%    passed    100.00%
 107  JJ36|Cluster-40319.0__TRINITY_DN1352_c0_g4_i1.p1                  0.76%    passed    100.00%
 108  DE696-dots|Cluster-15464.0__TRINITY_DN1471_c0_g2_i1.p1            0.76%    passed    100.00%
 109  DE696-nodots|Cluster-9269.0__TRINITY_DN1556_c0_g2_i1.p1           0.76%    passed    100.00%
 110  DRR082660|Cluster-28681.0__TRINITY_DN3401_c0_g1_i1.p1             0.25%    passed    100.00%
 111  DE534|Cluster-32113.0__TRINITY_DN25028_c0_g1_i4.p1               34.85%    passed     99.86%
 112  DE542|Cluster-21027.1__TRINITY_DN1969_c2_g2_i1.p1                 0.25%    passed    100.00%
 113  DE560|Cluster-23972.0__TRINITY_DN2304_c0_g1_i3.p1                 0.25%    passed    100.00%
 114  DE741|Cluster-52437.0__TRINITY_DN6402_c0_g2_i3.p1                 0.25%    passed     99.99%
 115  DE550|Cluster-52280.0__TRINITY_DN1653_c0_g1_i2.p1                26.26%    passed     99.85%
 116  DE519|Cluster-16600.0__TRINITY_DN14339_c2_g1_i1.p1                0.25%    passed    100.00%
 117  DE523|Cluster-42833.0__TRINITY_DN607_c0_g1_i1.p1                  0.25%    passed    100.00%
 118  SRR3407096|Cluster-267.0__TRINITY_DN7024_c0_g1_i1.p1              0.25%    passed    100.00%
 119  DE69|Cluster-16174.0__TRINITY_DN1936_c0_g1_i2.p1                 34.85%    passed     99.97%
 120  SRR3407095|Cluster-31459.0__TRINITY_DN22358_c1_g2_i1.p1           0.25%    passed    100.00%
 121  JJ125|Cluster-12924.0__TRINITY_DN2387_c0_g1_i1.p1                 0.25%    passed    100.00%
 122  DE216|Cluster-67264.0__TRINITY_DN5030_c0_g2_i2.p1                45.96%    passed     95.49%
 123  JJ15|Cluster-4553.0__TRINITY_DN29_c3_g1_i1.p1                     0.25%    passed    100.00%
 124  DE536|Cluster-32997.0__TRINITY_DN6946_c0_g2_i1.p1                 0.25%    passed    100.00%
 125  JJ131|Cluster-69663.0__TRINITY_DN1049_c0_g1_i15.p1                0.25%    passed     99.80%
 126  JJ85|Cluster-35092.1__TRINITY_DN869_c0_g4_i1.p1                   0.25%    passed    100.00%
 127  DE181|Cluster-40867.0__TRINITY_DN2031_c2_g4_i1.p1                 0.25%    passed    100.00%
 128  SRR3407086|Cluster-18779.1__TRINITY_DN15195_c0_g2_i1.p1           0.25%    passed    100.00%
 129  SRR3407088|Cluster-26341.0__TRINITY_DN12524_c0_g1_i2.p1           0.25%    passed    100.00%
 130  SRR3424066|Cluster-20003.0__TRINITY_DN5162_c0_g1_i2.p1            0.25%    passed    100.00%
 131  DE561|Cluster-30205.0__TRINITY_DN2088_c0_g2_i1.p1                 0.25%    passed    100.00%
 132  DE503|Cluster-58800.0__TRINITY_DN11899_c1_g2_i1.p1                0.25%    passed     99.99%
 133  SRR3407094|Cluster-7657.0__TRINITY_DN1919_c1_g2_i1.p1             0.25%    passed    100.00%
 134  DE510|Cluster-30800.0__TRINITY_DN984_c0_g1_i1.p1                  0.25%    passed    100.00%
 135  SRR3407087|Cluster-23622.0__TRINITY_DN5723_c0_g1_i1.p1            0.25%    passed    100.00%
 136  SRR3407092|Cluster-19530.0__TRINITY_DN4562_c0_g2_i1.p1            0.25%    passed    100.00%
 137  DE505|Cluster-30963.0__TRINITY_DN6412_c0_g1_i1.p1                 0.25%    passed     99.99%
 138  SRR3407093|Cluster-11268.0__TRINITY_DN2926_c0_g1_i1.p1            0.25%    passed    100.00%
 139  DE765|Cluster-27522.0__TRINITY_DN320_c1_g1_i1.p1                  1.52%    passed     99.94%
 140  SRR5150740|Cluster-66285.0__TRINITY_DN2567_c0_g1_i7.p1            0.25%    passed     99.99%
WARNING: 1 sequences contain more than 50% gaps/ambiguity
****  TOTAL                                                             8.23%  0 sequences failed composition chi2 test (p-value<5%; df=60)
Reading input tree file tmp.csubst.nwk ... rooted tree

NOTE: 120 MB RAM (0 GB) is required!
Measuring multi-threading efficiency up to 1 CPU cores
2 trees examined
Threads: 1 / Time: 6.015 sec / Speedup: 1.000 / Efficiency: 100% / LogL: -46179
BEST NUMBER OF THREADS: 1

Estimate model parameters (epsilon = 0.010)
1. Initial log-likelihood: -23060.313
2. Current log-likelihood: -15392.024
3. Current log-likelihood: -15371.887
4. Current log-likelihood: -15369.919
5. Current log-likelihood: -15368.462
6. Current log-likelihood: -15366.982
7. Current log-likelihood: -15366.678
8. Current log-likelihood: -15366.460
9. Current log-likelihood: -15366.300
10. Current log-likelihood: -15366.183
11. Current log-likelihood: -15366.098
12. Current log-likelihood: -15366.036
13. Current log-likelihood: -15365.992
14. Current log-likelihood: -15365.960
15. Current log-likelihood: -15365.938
16. Current log-likelihood: -15365.922
17. Current log-likelihood: -15365.911
Optimal log-likelihood: -15365.904
Nonsynonymous/synonymous ratio (omega): 1.000
Transition/transversion ratio (kappa): 1.000
Site proportion and rates:  (0.498,0.436) (0.300,1.107) (0.192,2.128) (0.010,4.217)
Parameters optimization took 17 rounds (354.783 sec)
Wrote distance file to... 
BEST SCORE FOUND : -15365.904
Ancestral state probabilities printed to /mnt/data0/yue/2026-03-11-protein-convergence/results/OG_431/csubst_w_s/csubst_input_alignment.fa.state
Empirical proportions for each category: 0.530 0.273 0.189 0.008
Site rates printed to /mnt/data0/yue/2026-03-11-protein-convergence/results/OG_431/csubst_w_s/csubst_input_alignment.fa.rate
Total tree length: 7.149

Total number of iterations: 0
CPU time used for tree search: 0.000 sec (0h:0m:0s)
Wall-clock time used for tree search: 0.000 sec (0h:0m:0s)
Total CPU time used: 364.339 sec (0h:6m:4s)
Total wall-clock time used: 364.975 sec (0h:6m:4s)

Analysis results written to: 
  IQ-TREE report:                /mnt/data0/yue/2026-03-11-protein-convergence/results/OG_431/csubst_w_s/csubst_input_alignment.fa.iqtree
  Maximum-likelihood tree:       /mnt/data0/yue/2026-03-11-protein-convergence/results/OG_431/csubst_w_s/csubst_input_alignment.fa.treefile
  Site-specific rates:           /mnt/data0/yue/2026-03-11-protein-convergence/results/OG_431/csubst_w_s/csubst_input_alignment.fa.rate
  Ancestral state:               /mnt/data0/yue/2026-03-11-protein-convergence/results/OG_431/csubst_w_s/csubst_input_alignment.fa.state
  Screen log file:               /mnt/data0/yue/2026-03-11-protein-convergence/results/OG_431/csubst_w_s/csubst_input_alignment.fa.log

Date and Time: Fri Mar 27 13:27:36 2026
