IQ-TREE multicore version 2.4.0 for Linux x86 64-bit built Feb 12 2025
Developed by Bui Quang Minh, Nguyen Lam Tung, Olga Chernomor, Heiko Schmidt,
Dominik Schrempf, Michael Woodhams, Ly Trong Nhan, Thomas Wong

Host:    brain (AVX2, FMA3, 2015 GB RAM)
Command: /home/yue/miniconda3/envs/py39/bin/iqtree -s /mnt/data0/yue/2026-03-11-protein-convergence/results/OG_6180/csubst_w_s/csubst_input_alignment.fa -te tmp.csubst.nwk -m ECMK07+F+R4 --seqtype CODON1 --threads-max 1 -T AUTO --ancestral --rate --redo
Seed:    751437 (Using SPRNG - Scalable Parallel Random Number Generator)
Time:    Fri Mar 27 20:40:04 2026
Kernel:  AVX+FMA - auto-detect threads (128 CPU cores detected)

Reading alignment file /mnt/data0/yue/2026-03-11-protein-convergence/results/OG_6180/csubst_w_s/csubst_input_alignment.fa ... Fasta format detected
Reading fasta file: done in 0.00450769 secs using 66.58% CPU
Alignment most likely contains DNA/RNA sequences
Converting to codon sequences with genetic code 1 ...
WARNING: 1 sites contain only gaps or ambiguous characters.
Alignment has 75 sequences with 550 columns, 525 distinct patterns
272 parsimony-informative, 153 singleton sites, 125 constant sites
                                                               Gap/Ambiguity  Composition  p-value
Analyzing sequences: done in 0.000212803 secs using 99.15% CPU
   1  DE765|Cluster-9552.0__TRINITY_DN2089_c0_g2_i1.p1                16.73%    passed    100.00%
   2  DE566|Cluster-55740.0__TRINITY_DN13546_c0_g1_i3.p1               0.18%    passed    100.00%
   3  DE88|Cluster-34288.0__TRINITY_DN9749_c0_g1_i9.p1                16.18%    passed    100.00%
   4  DE541|Cluster-12337.0__TRINITY_DN923_c1_g1_i1.p1                22.73%    passed    100.00%
   5  DE737|Cluster-33905.0__TRINITY_DN2932_c1_g1_i6.p1               19.64%    passed    100.00%
   6  JJ130|Cluster-25785.0__TRINITY_DN9717_c0_g1_i1.p1               48.36%    passed     99.49%
   7  DE504|Cluster-52995.0__TRINITY_DN2586_c0_g1_i2.p1               22.00%    passed    100.00%
   8  DE672|Cluster-36286.0__TRINITY_DN19157_c0_g1_i1.p1              19.64%    passed    100.00%
   9  DRR082660|Cluster-35081.0__TRINITY_DN36857_c0_g1_i2.p1           0.18%    passed    100.00%
  10  DE741|Cluster-52570.0__TRINITY_DN5848_c1_g1_i3.p1               22.73%    passed    100.00%
  11  DE534|Cluster-65174.1__TRINITY_DN9435_c0_g1_i25.p1              17.82%    passed    100.00%
  12  DE542|Cluster-17215.2__TRINITY_DN9991_c0_g1_i4.p1               16.18%    passed    100.00%
  13  DE536|Cluster-30131.1__TRINITY_DN223_c1_g1_i18.p1               16.18%    passed    100.00%
  14  DE115|Cluster-45557.0__TRINITY_DN11725_c0_g1_i1.p1              16.73%    passed    100.00%
  15  JJ86|Cluster-43984.0__TRINITY_DN12142_c0_g1_i2.p1               16.73%    passed    100.00%
  16  DE546_urceolata_l|Cluster-36506.0__TRINITY_DN7394_c0_g1_i1.p1   16.73%    passed    100.00%
  17  DE668|Cluster-19549.0__TRINITY_DN7711_c2_g1_i1.p1                0.73%    passed    100.00%
  18  DE127|Cluster-41481.0__TRINITY_DN5032_c0_g1_i2.p1                4.36%    passed    100.00%
  19  DE554|Cluster-67332.1__TRINITY_DN796_c0_g1_i4.p1                16.73%    passed    100.00%
  20  DE151|Cluster-59023.0__TRINITY_DN7935_c0_g1_i2.p1                0.18%    passed    100.00%
  21  DE189|Cluster-36059.0__TRINITY_DN5475_c0_g1_i8.p1               16.73%    passed    100.00%
  22  JJ109|Cluster-29797.0__TRINITY_DN6113_c1_g1_i2.p1                0.18%    passed    100.00%
  23  DE173|Cluster-37715.0__TRINITY_DN355_c2_g1_i1.p1                 0.18%    passed    100.00%
  24  DE164|Cluster-43081.2__TRINITY_DN5784_c0_g1_i4.p1               37.82%    passed    100.00%
  25  DE550|Cluster-47132.0__TRINITY_DN5308_c0_g1_i15.p1              37.82%    passed     99.98%
  26  DE643|Cluster-63470.0__TRINITY_DN26029_c0_g1_i1.p1               0.18%    passed    100.00%
  27  DE671|Cluster-11646.0__TRINITY_DN16044_c1_g2_i1.p1               0.18%    passed    100.00%
  28  DE531|Cluster-44072.0__TRINITY_DN11608_c1_g1_i6.p1              37.82%    passed     99.87%
  29  DE696-dots|Cluster-56458.0__TRINITY_DN4049_c1_g1_i3.p1          37.82%    passed     99.87%
  30  JJ36|Cluster-38054.0__TRINITY_DN5825_c0_g1_i4.p1                37.82%    passed     99.74%
  31  DE696-nodots|Cluster-61570.0__TRINITY_DN8361_c0_g1_i4.p1         0.18%    passed    100.00%
  32  DE560|Cluster-37194.0__TRINITY_DN17284_c0_g1_i2.p1              32.73%    passed    100.00%
  33  JJ74|Cluster-118465.1__TRINITY_DN661_c0_g2_i4.p1                 0.18%    passed    100.00%
  34  DE69|Cluster-27499.0__TRINITY_DN8912_c0_g1_i1.p1                16.18%    passed    100.00%
  35  DE519|Cluster-75379.0__TRINITY_DN25175_c0_g1_i1.p1              22.00%    passed    100.00%
  36  JJ85|Cluster-23069.0__TRINITY_DN11767_c0_g1_i1.p1               16.18%    passed    100.00%
  37  DE126|Cluster-27943.0__TRINITY_DN6182_c0_g1_i1.p1                0.73%    passed    100.00%
  38  DE152|Cluster-57600.0__TRINITY_DN9987_c0_g1_i3.p1               19.64%    passed    100.00%
  39  JJ125|Cluster-24307.203__TRINITY_DN873_c0_g2_i1.p1               0.36%    passed    100.00%
  40  DE162|Cluster-40384.0__TRINITY_DN4116_c0_g1_i3.p1                9.27%    passed    100.00%
  41  DE507|Cluster-44800.0__TRINITY_DN3044_c0_g1_i4.p1                0.73%    passed    100.00%
  42  DE528|Cluster-25853.0__TRINITY_DN2560_c0_g1_i1.p1                0.73%    passed    100.00%
  43  DE704-white|Cluster-66711.0__TRINITY_DN8808_c0_g1_i12.p1        48.36%    passed     82.09%
  44  DE704-purple|Cluster-62309.0__TRINITY_DN68306_c0_g1_i1.p1        0.73%    passed    100.00%
  45  DE575|Cluster-36983.0__TRINITY_DN6451_c0_g1_i3.p1                0.73%    passed    100.00%
  46  DE681|Cluster-28909.0__TRINITY_DN2552_c0_g1_i3.p1               23.27%    passed    100.00%
  47  DE680|Cluster-20920.0__TRINITY_DN582_c3_g1_i1.p1                 0.73%    passed    100.00%
  48  DE623|Cluster-47326.0__TRINITY_DN25395_c0_g1_i2.p1               0.73%    passed    100.00%
  49  DE666|Cluster-42211.0__TRINITY_DN2108_c0_g1_i3.p1               20.18%    passed    100.00%
  50  DE563|Cluster-45488.0__TRINITY_DN11529_c0_g1_i1.p1               0.73%    passed    100.00%
  51  DE229|Cluster-83215.0__TRINITY_DN2583_c0_g1_i5.p1                0.73%    passed    100.00%
  52  DE476|Cluster-9959.0__TRINITY_DN10826_c0_g1_i1.p1                0.18%    passed    100.00%
  53  DE549|Cluster-37316.0__TRINITY_DN5480_c0_g1_i9.p1               22.73%    passed    100.00%
  54  JJ89|Cluster-26229.0__TRINITY_DN486_c0_g1_i3.p1                  0.18%    passed    100.00%
  55  DE509|Cluster-42824.0__TRINITY_DN8619_c0_g1_i1.p1                0.18%    passed    100.00%
  56  DE764|Cluster-26514.0__TRINITY_DN15294_c0_g1_i4.p1              48.36%    passed     93.63%
  57  DE736|Cluster-54711.0__TRINITY_DN7562_c1_g1_i2.p1               20.55%    passed    100.00%
  58  JJ99|Cluster-15541.0__TRINITY_DN10420_c0_g1_i1.p1                0.18%    passed    100.00%
  59  DE181|Cluster-56816.0__TRINITY_DN2028_c0_g1_i7.p1               14.00%    passed    100.00%
  60  SRR3407086|Cluster-23232.0__TRINITY_DN3041_c0_g5_i1.p1           0.18%    passed    100.00%
  61  DE503|Cluster-53339.0__TRINITY_DN14335_c0_g1_i12.p1             14.00%    passed    100.00%
  62  DE505|Cluster-18161.0__TRINITY_DN3483_c0_g1_i7.p1               14.00%    passed    100.00%
  63  DE510|Cluster-34171.0__TRINITY_DN4539_c0_g1_i7.p1               14.00%    passed    100.00%
  64  SRR3407087|Cluster-21652.0__TRINITY_DN3804_c1_g1_i1.p1           0.18%    passed    100.00%
  65  SRR3407093|Cluster-11090.0__TRINITY_DN1546_c0_g3_i1.p1           0.18%    passed    100.00%
  66  DE561|Cluster-11095.0__TRINITY_DN276_c0_g2_i1.p1                 0.18%    passed    100.00%
  67  SRR3424066|Cluster-33514.0__TRINITY_DN5385_c0_g2_i1.p1           0.18%    passed    100.00%
  68  SRR3407094|Cluster-28681.0__TRINITY_DN14498_c0_g2_i2.p1          0.18%    passed    100.00%
  69  SRR3407092|Cluster-7303.0__TRINITY_DN18093_c0_g1_i2.p1           0.18%    passed    100.00%
  70  DE523|Cluster-39529.0__TRINITY_DN1079_c0_g2_i4.p1               22.73%    passed    100.00%
  71  SRR3407096|Cluster-21260.0__TRINITY_DN5815_c0_g4_i1.p1           0.18%    passed    100.00%
  72  SRR3407095|Cluster-42563.0__TRINITY_DN10871_c0_g1_i1.p1          0.18%    passed    100.00%
  73  JJ131|Cluster-53008.2__TRINITY_DN5201_c0_g1_i7.p1                0.18%    passed    100.00%
  74  SRR5150740|Cluster-43313.0__TRINITY_DN17549_c0_g1_i1.p1          5.27%    passed     99.98%
  75  SRR104381|Cluster-30679.0__TRINITY_DN7759_c0_g1_i4.p1            8.00%    passed     99.94%
****  TOTAL                                                           12.25%  0 sequences failed composition chi2 test (p-value<5%; df=60)
Reading input tree file tmp.csubst.nwk ... rooted tree

NOTE: 83 MB RAM (0 GB) is required!
Measuring multi-threading efficiency up to 1 CPU cores
2 trees examined
Threads: 1 / Time: 4.384 sec / Speedup: 1.000 / Efficiency: 100% / LogL: -15699
BEST NUMBER OF THREADS: 1

Estimate model parameters (epsilon = 0.010)
1. Initial log-likelihood: -16974.066
2. Current log-likelihood: -11251.504
3. Current log-likelihood: -11251.065
4. Current log-likelihood: -11250.836
5. Current log-likelihood: -11250.712
6. Current log-likelihood: -11250.643
7. Current log-likelihood: -11250.604
8. Current log-likelihood: -11250.581
9. Current log-likelihood: -11250.568
Optimal log-likelihood: -11250.560
Nonsynonymous/synonymous ratio (omega): 1.000
Transition/transversion ratio (kappa): 1.000
Site proportion and rates:  (0.630,0.427) (0.236,1.294) (0.087,2.172) (0.047,5.062)
Parameters optimization took 9 rounds (116.955 sec)
Wrote distance file to... 
BEST SCORE FOUND : -11250.560
Ancestral state probabilities printed to /mnt/data0/yue/2026-03-11-protein-convergence/results/OG_6180/csubst_w_s/csubst_input_alignment.fa.state
Empirical proportions for each category: 0.691 0.216 0.049 0.044
Site rates printed to /mnt/data0/yue/2026-03-11-protein-convergence/results/OG_6180/csubst_w_s/csubst_input_alignment.fa.rate
Total tree length: 3.216

Total number of iterations: 0
CPU time used for tree search: 0.000 sec (0h:0m:0s)
Wall-clock time used for tree search: 0.000 sec (0h:0m:0s)
Total CPU time used: 123.675 sec (0h:2m:3s)
Total wall-clock time used: 123.912 sec (0h:2m:3s)

Analysis results written to: 
  IQ-TREE report:                /mnt/data0/yue/2026-03-11-protein-convergence/results/OG_6180/csubst_w_s/csubst_input_alignment.fa.iqtree
  Maximum-likelihood tree:       /mnt/data0/yue/2026-03-11-protein-convergence/results/OG_6180/csubst_w_s/csubst_input_alignment.fa.treefile
  Site-specific rates:           /mnt/data0/yue/2026-03-11-protein-convergence/results/OG_6180/csubst_w_s/csubst_input_alignment.fa.rate
  Ancestral state:               /mnt/data0/yue/2026-03-11-protein-convergence/results/OG_6180/csubst_w_s/csubst_input_alignment.fa.state
  Screen log file:               /mnt/data0/yue/2026-03-11-protein-convergence/results/OG_6180/csubst_w_s/csubst_input_alignment.fa.log

Date and Time: Fri Mar 27 20:42:08 2026
