IQ-TREE multicore version 2.4.0 for Linux x86 64-bit built Feb 12 2025
Developed by Bui Quang Minh, Nguyen Lam Tung, Olga Chernomor, Heiko Schmidt,
Dominik Schrempf, Michael Woodhams, Ly Trong Nhan, Thomas Wong

Host:    brain (AVX2, FMA3, 2015 GB RAM)
Command: /home/yue/miniconda3/envs/py39/bin/iqtree -s /mnt/data0/yue/2026-03-11-protein-convergence/results/OG_1595/csubst_w_s/csubst_input_alignment.fa -te tmp.csubst.nwk -m ECMK07+F+R4 --seqtype CODON1 --threads-max 1 -T AUTO --ancestral --rate --redo
Seed:    999002 (Using SPRNG - Scalable Parallel Random Number Generator)
Time:    Fri Mar 27 00:50:06 2026
Kernel:  AVX+FMA - auto-detect threads (128 CPU cores detected)

Reading alignment file /mnt/data0/yue/2026-03-11-protein-convergence/results/OG_1595/csubst_w_s/csubst_input_alignment.fa ... Fasta format detected
Reading fasta file: done in 0.00746441 secs using 73.4% CPU
Alignment most likely contains DNA/RNA sequences
Converting to codon sequences with genetic code 1 ...
Alignment has 59 sequences with 1504 columns, 1266 distinct patterns
386 parsimony-informative, 431 singleton sites, 687 constant sites
                                                           Gap/Ambiguity  Composition  p-value
Analyzing sequences: done in 0.000302091 secs using 99.64% CPU
   1  DE741|Cluster-41240.0__TRINITY_DN22556_c0_g1_i3.p1          51.46%    passed    100.00%
   2  DE560|Cluster-31482.0__TRINITY_DN18123_c0_g1_i12.p1         17.55%    passed    100.00%
   3  DE737|Cluster-54867.0__TRINITY_DN6986_c0_g2_i11.p1          33.84%    passed     99.98%
   4  DE504|Cluster-27083.0__TRINITY_DN34895_c0_g1_i11.p1         33.84%    passed     99.94%
   5  DE563|Cluster-28604.0__TRINITY_DN14395_c0_g1_i7.p1          25.33%    passed    100.00%
   6  DE575|Cluster-47397.1__TRINITY_DN19901_c0_g1_i5.p1          61.77%    passed     98.82%
   7  JJ109|Cluster-45238.0__TRINITY_DN8144_c0_g1_i9.p1           46.08%    passed     88.79%
   8  DE152|Cluster-54884.0__TRINITY_DN14643_c0_g1_i10.p1          0.13%    passed    100.00%
   9  JJ99|Cluster-51393.0__TRINITY_DN11443_c0_g1_i1.p1            0.07%    passed    100.00%
  10  DRR082665|Cluster-20428.0__TRINITY_DN23150_c0_g2_i2.p1      37.70%    passed     64.78%
  11  DE126|Cluster-462.0__TRINITY_DN8324_c0_g1_i4.p1              0.07%    passed    100.00%
  12  DE507|Cluster-17057.1__TRINITY_DN33607_c0_g1_i3.p1          44.95%    passed     99.51%
  13  DE623|Cluster-51214.0__TRINITY_DN10089_c0_g1_i5.p1           0.07%    passed    100.00%
  14  DE127|Cluster-39866.0__TRINITY_DN4234_c0_g2_i8.p1           36.90%    passed    100.00%
  15  DE666|Cluster-24154.0__TRINITY_DN32356_c0_g1_i1.p1           7.31%    passed    100.00%
  16  DE681|Cluster-43367.0__TRINITY_DN93577_c0_g1_i2.p1           7.31%    passed    100.00%
  17  DE765|Cluster-33013.0__TRINITY_DN33746_c0_g1_i1.p1           7.31%    passed    100.00%
  18  DE668|Cluster-60298.2__TRINITY_DN13698_c0_g1_i4.p1          22.47%    passed    100.00%
  19  DE561|Cluster-34640.0__TRINITY_DN522_c1_g1_i22.p1            0.07%    passed    100.00%
  20  DE181|Cluster-15709.0__TRINITY_DN16093_c0_g1_i2.p1           0.07%    passed    100.00%
  21  DE503|Cluster-30631.0__TRINITY_DN27029_c0_g2_i1.p1           0.07%    passed    100.00%
  22  DE505|Cluster-36851.0__TRINITY_DN2062_c1_g1_i2.p1            0.07%    passed    100.00%
  23  DE510|Cluster-31363.1__TRINITY_DN16537_c0_g1_i8.p1           0.07%    passed    100.00%
  24  DE151|Cluster-25026.0__TRINITY_DN19353_c0_g1_i7.p1          26.06%    passed    100.00%
  25  DE189|Cluster-6795.0__TRINITY_DN20728_c0_g1_i1.p1           22.27%    passed    100.00%
  26  DE550|Cluster-38534.0__TRINITY_DN7009_c0_g3_i1.p1           36.90%    passed     99.98%
  27  DE88|Cluster-28159.0__TRINITY_DN14436_c0_g1_i3.p1            0.07%    passed    100.00%
  28  JJ130|Cluster-34602.0__TRINITY_DN7908_c0_g1_i9.p1            0.07%    passed    100.00%
  29  JJ36|Cluster-27760.0__TRINITY_DN8249_c0_g4_i1.p1             0.20%    passed    100.00%
  30  DE531|Cluster-12444.0__TRINITY_DN17973_c0_g2_i2.p1           0.07%    passed    100.00%
  31  DE643|Cluster-64762.1__TRINITY_DN19267_c0_g1_i5.p1          28.92%    passed    100.00%
  32  DE164|Cluster-42556.0__TRINITY_DN10390_c0_g1_i3.p1           0.07%    passed    100.00%
  33  DE671|Cluster-33409.0__TRINITY_DN495_c1_g1_i3.p1            36.90%    passed    100.00%
  34  DE736|Cluster-64064.3__TRINITY_DN1061_c0_g1_i11.p1           0.13%    passed    100.00%
  35  DE764|Cluster-38476.0__TRINITY_DN1961_c1_g1_i5.p1            0.13%    passed    100.00%
  36  DE672|Cluster-5620.0__TRINITY_DN41663_c0_g2_i1.p1           15.56%    passed    100.00%
  37  DE476|Cluster-34115.2__TRINITY_DN11487_c1_g1_i9.p1           0.07%    passed    100.00%
  38  JJ85|Cluster-22015.0__TRINITY_DN17250_c1_g1_i1.p1           13.43%    passed    100.00%
  39  DE523|Cluster-30211.0__TRINITY_DN10916_c0_g1_i2.p1          22.47%    passed    100.00%
  40  SRR3407096|Cluster-15086.0__TRINITY_DN19275_c0_g1_i1.p1     26.06%    passed    100.00%
  41  DE519|Cluster-9888.18__TRINITY_DN887_c1_g1_i27.p1           48.60%    passed     98.32%
  42  DE536|Cluster-33560.0__TRINITY_DN22305_c0_g1_i12.p1          0.07%    passed    100.00%
  43  DE542|Cluster-49874.1__TRINITY_DN8746_c0_g1_i177.p1          7.31%    passed    100.00%
  44  JJ74|Cluster-119232.0__TRINITY_DN9831_c0_g1_i27.p1           0.13%    passed    100.00%
  45  JJ23|Cluster-40052.0__TRINITY_DN22082_c0_g1_i2.p1            0.07%    passed    100.00%
  46  DE229|Cluster-86635.0__TRINITY_DN2712_c0_g3_i1.p1            0.07%    passed    100.00%
  47  JJ89|Cluster-13719.2__TRINITY_DN11414_c0_g1_i4.p1            3.86%    passed    100.00%
  48  DE554|Cluster-41998.0__TRINITY_DN12555_c0_g1_i3.p1          51.93%    passed     99.70%
  49  DE696-dots|Cluster-46638.0__TRINITY_DN17104_c0_g1_i4.p1     33.84%    passed     99.96%
  50  DE696-nodots|Cluster-37327.0__TRINITY_DN12537_c0_g2_i9.p1   33.84%    passed     99.96%
  51  DE162|Cluster-45764.0__TRINITY_DN16431_c0_g1_i3.p1          48.20%    passed     99.94%
  52  DE528|Cluster-10381.0__TRINITY_DN14781_c0_g1_i2.p1           0.07%    passed    100.00%
  53  DE704-white|Cluster-33742.0__TRINITY_DN17082_c0_g1_i1.p1    10.17%    passed    100.00%
  54  JJ86|Cluster-45301.0__TRINITY_DN14426_c0_g1_i3.p1           51.80%    passed     99.97%
  55  DE680|Cluster-24513.0__TRINITY_DN19824_c0_g1_i1.p1           0.07%    passed    100.00%
  56  JJ131|Cluster-37143.0__TRINITY_DN19645_c0_g1_i33.p1         31.05%    passed     99.92%
  57  DE216|Cluster-69943.0__TRINITY_DN5581_c1_g1_i16.p1           0.07%    passed    100.00%
  58  DE534|Cluster-74465.0__TRINITY_DN2031_c3_g1_i20.p1          18.48%    passed    100.00%
  59  JJ125|Cluster-12352.0__TRINITY_DN15323_c0_g1_i2.p1          48.40%    passed    100.00%
WARNING: 4 sequences contain more than 50% gaps/ambiguity
****  TOTAL                                                       17.83%  0 sequences failed composition chi2 test (p-value<5%; df=60)
Reading input tree file tmp.csubst.nwk ... rooted tree

NOTE: 147 MB RAM (0 GB) is required!
Measuring multi-threading efficiency up to 1 CPU cores
2 trees examined
Threads: 1 / Time: 7.678 sec / Speedup: 1.000 / Efficiency: 100% / LogL: -21979
BEST NUMBER OF THREADS: 1

Estimate model parameters (epsilon = 0.010)
1. Initial log-likelihood: -31577.749
2. Current log-likelihood: -15756.233
3. Current log-likelihood: -15755.337
4. Current log-likelihood: -15755.103
5. Current log-likelihood: -15755.021
6. Current log-likelihood: -15754.979
7. Current log-likelihood: -15754.953
8. Current log-likelihood: -15754.934
9. Current log-likelihood: -15754.920
10. Current log-likelihood: -15754.908
11. Current log-likelihood: -15754.898
Optimal log-likelihood: -15754.889
Nonsynonymous/synonymous ratio (omega): 1.000
Transition/transversion ratio (kappa): 1.000
Site proportion and rates:  (0.351,0.383) (0.338,0.867) (0.244,1.293) (0.066,3.868)
Parameters optimization took 11 rounds (282.799 sec)
Wrote distance file to... 
BEST SCORE FOUND : -15754.889
Ancestral state probabilities printed to /mnt/data0/yue/2026-03-11-protein-convergence/results/OG_1595/csubst_w_s/csubst_input_alignment.fa.state
Empirical proportions for each category: 0.489 0.322 0.136 0.052
Site rates printed to /mnt/data0/yue/2026-03-11-protein-convergence/results/OG_1595/csubst_w_s/csubst_input_alignment.fa.rate
Total tree length: 1.318

Total number of iterations: 0
CPU time used for tree search: 0.000 sec (0h:0m:0s)
Wall-clock time used for tree search: 0.000 sec (0h:0m:0s)
Total CPU time used: 295.182 sec (0h:4m:55s)
Total wall-clock time used: 296.049 sec (0h:4m:56s)

Analysis results written to: 
  IQ-TREE report:                /mnt/data0/yue/2026-03-11-protein-convergence/results/OG_1595/csubst_w_s/csubst_input_alignment.fa.iqtree
  Maximum-likelihood tree:       /mnt/data0/yue/2026-03-11-protein-convergence/results/OG_1595/csubst_w_s/csubst_input_alignment.fa.treefile
  Site-specific rates:           /mnt/data0/yue/2026-03-11-protein-convergence/results/OG_1595/csubst_w_s/csubst_input_alignment.fa.rate
  Ancestral state:               /mnt/data0/yue/2026-03-11-protein-convergence/results/OG_1595/csubst_w_s/csubst_input_alignment.fa.state
  Screen log file:               /mnt/data0/yue/2026-03-11-protein-convergence/results/OG_1595/csubst_w_s/csubst_input_alignment.fa.log

Date and Time: Fri Mar 27 00:55:03 2026
