IQ-TREE multicore version 2.4.0 for Linux x86 64-bit built Feb 12 2025
Developed by Bui Quang Minh, Nguyen Lam Tung, Olga Chernomor, Heiko Schmidt,
Dominik Schrempf, Michael Woodhams, Ly Trong Nhan, Thomas Wong

Host:    brain (AVX2, FMA3, 2015 GB RAM)
Command: /home/yue/miniconda3/envs/py39/bin/iqtree -s /mnt/data0/yue/2026-03-11-protein-convergence/results/OG_4942/csubst_w_s/csubst_input_alignment.fa -te tmp.csubst.nwk -m ECMK07+F+R4 --seqtype CODON1 --threads-max 1 -T AUTO --ancestral --rate --redo
Seed:    468325 (Using SPRNG - Scalable Parallel Random Number Generator)
Time:    Fri Mar 27 15:57:25 2026
Kernel:  AVX+FMA - auto-detect threads (128 CPU cores detected)

Reading alignment file /mnt/data0/yue/2026-03-11-protein-convergence/results/OG_4942/csubst_w_s/csubst_input_alignment.fa ... Fasta format detected
Reading fasta file: done in 0.00138363 secs using 25.01% CPU
Alignment most likely contains DNA/RNA sequences
Converting to codon sequences with genetic code 1 ...
WARNING: 1 sites contain only gaps or ambiguous characters.
Alignment has 79 sequences with 340 columns, 316 distinct patterns
207 parsimony-informative, 65 singleton sites, 68 constant sites
                                                               Gap/Ambiguity  Composition  p-value
Analyzing sequences: done in 6.8143e-05 secs using 24.95% CPU
   1  JJ125|Cluster-8481.0__TRINITY_DN130_c1_g1_i2.p1                  0.29%    passed    100.00%
   2  SRR11748982|Cluster-33079.0__TRINITY_DN3170_c0_g3_i1.p1          0.29%    passed     21.44%
   3  DE115|Cluster-20952.0__TRINITY_DN14528_c0_g1_i1.p1               0.29%    passed    100.00%
   4  DE127|Cluster-11627.2__TRINITY_DN345_c3_g1_i1.p1                 0.29%    passed    100.00%
   5  DE554|Cluster-40581.0__TRINITY_DN1177_c0_g1_i1.p1                0.29%    passed    100.00%
   6  DE546_urceolata_l|Cluster-45722.1__TRINITY_DN2743_c0_g2_i1.p1    0.29%    passed    100.00%
   7  DE666|Cluster-9813.0__TRINITY_DN12124_c0_g1_i1.p1                0.29%    passed    100.00%
   8  DE681|Cluster-63450.0__TRINITY_DN8697_c2_g2_i1.p1                0.29%    passed    100.00%
   9  JJ86|Cluster-29746.0__TRINITY_DN1261_c1_g1_i1.p1                 0.29%    passed    100.00%
  10  DE765|Cluster-395.0__TRINITY_DN4855_c0_g1_i1.p1                  0.29%    passed    100.00%
  11  DE623|Cluster-2393.0__TRINITY_DN3285_c0_g1_i1.p1                 0.29%    passed    100.00%
  12  DE680|Cluster-46025.0__TRINITY_DN2218_c0_g1_i1.p1                0.29%    passed    100.00%
  13  DE563|Cluster-23974.28__TRINITY_DN2578_c0_g1_i6.p1               0.29%    passed    100.00%
  14  DE151|Cluster-778.0__TRINITY_DN623_c1_g1_i1.p1                   0.29%    passed    100.00%
  15  DE164|Cluster-20345.0__TRINITY_DN13757_c0_g1_i1.p1               0.29%    passed    100.00%
  16  DE476|Cluster-37306.0__TRINITY_DN585_c2_g1_i1.p1                 0.29%    passed    100.00%
  17  DE504|Cluster-39967.0__TRINITY_DN3538_c0_g2_i1.p1                0.29%    passed    100.00%
  18  DE509|Cluster-45344.0__TRINITY_DN14806_c1_g1_i1.p1               0.29%    passed    100.00%
  19  DE536|Cluster-38022.0__TRINITY_DN617_c2_g2_i1.p1                 0.29%    passed    100.00%
  20  DE643|Cluster-59546.0__TRINITY_DN7390_c0_g1_i9.p1                0.29%    passed    100.00%
  21  DE671|Cluster-31149.0__TRINITY_DN7018_c0_g1_i2.p1                0.29%    passed    100.00%
  22  DE736|Cluster-32619.0__TRINITY_DN2349_c1_g2_i1.p1                0.29%    passed    100.00%
  23  DE741|Cluster-3473.0__TRINITY_DN5642_c3_g1_i1.p1                 0.29%    passed    100.00%
  24  DE764|Cluster-42621.0__TRINITY_DN1237_c0_g1_i2.p1                0.29%    passed    100.00%
  25  DE88|Cluster-24525.0__TRINITY_DN1281_c0_g1_i2.p1                 0.29%    passed    100.00%
  26  JJ85|Cluster-1754.0__TRINITY_DN116_c1_g1_i2.p1                   0.29%    passed    100.00%
  27  DE531|Cluster-44293.0__TRINITY_DN7904_c0_g1_i2.p1               25.00%    passed    100.00%
  28  DE672|Cluster-51161.0__TRINITY_DN3808_c0_g1_i4.p1               25.00%    passed    100.00%
  29  DE173|Cluster-10157.0__TRINITY_DN1936_c1_g1_i2.p1                0.29%    passed    100.00%
  30  DE189|Cluster-29591.0__TRINITY_DN3385_c0_g3_i1.p1                0.29%    passed    100.00%
  31  JJ109|Cluster-36987.0__TRINITY_DN1207_c0_g2_i1.p1                0.29%    passed    100.00%
  32  JJ130|Cluster-25012.0__TRINITY_DN1746_c0_g2_i1.p1                0.29%    passed    100.00%
  33  SRR3407096|Cluster-19598.0__TRINITY_DN1109_c1_g2_i1.p1           0.29%    passed    100.00%
  34  DE523|Cluster-51803.7__TRINITY_DN3064_c1_g1_i3.p1                0.29%    passed    100.00%
  35  DE696-dots|Cluster-38076.2__TRINITY_DN348_c0_g1_i2.p1            0.29%    passed    100.00%
  36  DE696-nodots|Cluster-7650.0__TRINITY_DN199_c0_g1_i1.p1           0.29%    passed    100.00%
  37  JJ36|Cluster-4477.64__TRINITY_DN578_c3_g1_i1.p1                  0.29%    passed    100.00%
  38  DE541|Cluster-41236.0__TRINITY_DN555_c0_g1_i2.p1                 0.29%    passed    100.00%
  39  DE737|Cluster-38323.0__TRINITY_DN3028_c1_g1_i1.p1                0.29%    passed    100.00%
  40  JJ89|Cluster-18601.0__TRINITY_DN10577_c0_g5_i1.p1                0.29%    passed    100.00%
  41  DE549|Cluster-16915.0__TRINITY_DN6159_c0_g2_i1.p1                0.29%    passed    100.00%
  42  DE216|Cluster-76156.0__TRINITY_DN7350_c1_g2_i2.p1                0.29%    passed    100.00%
  43  JJ15|Cluster-7705.0__TRINITY_DN13616_c0_g4_i1.p1                 0.29%    passed    100.00%
  44  DE534|Cluster-36820.0__TRINITY_DN5483_c2_g1_i1.p1                0.29%    passed    100.00%
  45  DE542|Cluster-22105.0__TRINITY_DN12898_c0_g1_i1.p1               0.29%    passed    100.00%
  46  DRR082660|Cluster-5186.0__TRINITY_DN34871_c0_g1_i2.p1            0.29%    passed    100.00%
  47  SRR3407095|Cluster-25649.0__TRINITY_DN13576_c0_g1_i1.p1          0.29%    passed    100.00%
  48  DE69|Cluster-50066.0__TRINITY_DN6537_c0_g1_i2.p1                 0.29%    passed    100.00%
  49  DE560|Cluster-27577.0__TRINITY_DN1134_c2_g1_i1.p1                0.29%    passed    100.00%
  50  SRR3424066|Cluster-20149.0__TRINITY_DN5603_c1_g1_i1.p1           0.29%    passed    100.00%
  51  DE561|Cluster-4360.0__TRINITY_DN1263_c2_g1_i1.p1                 0.29%    passed    100.00%
  52  DE503|Cluster-17341.7__TRINITY_DN243_c2_g2_i1.p1                46.47%    passed     99.12%
  53  DE505|Cluster-42362.0__TRINITY_DN16060_c1_g1_i2.p1               0.29%    passed    100.00%
  54  SRR3407093|Cluster-25958.6__TRINITY_DN1776_c1_g1_i1.p1           0.29%    passed    100.00%
  55  SRR3407092|Cluster-7104.0__TRINITY_DN89_c2_g1_i1.p1              0.29%    passed    100.00%
  56  SRR3407088|Cluster-4670.0__TRINITY_DN7681_c1_g3_i1.p1            0.29%    passed    100.00%
  57  SRR3407087|Cluster-21460.0__TRINITY_DN1101_c0_g2_i1.p1           0.29%    passed    100.00%
  58  DE566|Cluster-58439.1__TRINITY_DN3095_c0_g2_i1.p1                0.29%    passed    100.00%
  59  JJ131|Cluster-66325.0__TRINITY_DN6302_c0_g1_i5.p1                0.29%    passed    100.00%
  60  DE519|Cluster-19438.0__TRINITY_DN95832_c0_g1_i1.p1               0.29%    passed    100.00%
  61  DE126|Cluster-15311.0__TRINITY_DN1197_c0_g1_i1.p1                0.29%    passed    100.00%
  62  DE704-purple|Cluster-34437.0__TRINITY_DN5113_c0_g1_i2.p1         0.29%    passed    100.00%
  63  DE704-white|Cluster-66060.0__TRINITY_DN5253_c0_g3_i1.p1          0.29%    passed    100.00%
  64  DE528|Cluster-57406.0__TRINITY_DN8270_c0_g1_i1.p1                0.29%    passed    100.00%
  65  DE162|Cluster-6251.0__TRINITY_DN4013_c0_g1_i1.p1                 0.29%    passed    100.00%
  66  SRR3407094|Cluster-21115.7__TRINITY_DN3981_c0_g1_i1.p1           0.29%    passed    100.00%
  67  DE668|Cluster-13993.0__TRINITY_DN5626_c0_g1_i7.p1                0.29%    passed    100.00%
  68  DE152|Cluster-20533.0__TRINITY_DN1988_c1_g1_i1.p1                0.29%    passed    100.00%
  69  JJ99|Cluster-33663.0__TRINITY_DN16632_c0_g1_i3.p1                0.29%    passed    100.00%
  70  DE229|Cluster-14978.0__TRINITY_DN5986_c0_g1_i1.p1                0.29%    passed    100.00%
  71  JJ23|Cluster-22893.0__TRINITY_DN5380_c0_g1_i1.p1                 0.29%    passed    100.00%
  72  DE181|Cluster-15014.0__TRINITY_DN1765_c2_g2_i1.p1                0.29%    passed    100.00%
  73  SRR3407086|Cluster-9290.0__TRINITY_DN608_c0_g2_i4.p1             0.29%    passed    100.00%
  74  SRR5150740|Cluster-34890.2__TRINITY_DN8438_c0_g1_i4.p1           0.29%    passed     97.74%
  75  DE507|Cluster-66932.0__TRINITY_DN701_c0_g1_i2.p1                10.88%    passed    100.00%
  76  DRR234970|Cluster-27660.0__TRINITY_DN6055_c0_g1_i1.p1            0.29%    passed    100.00%
  77  SRR104381|Cluster-30839.1__TRINITY_DN8247_c1_g1_i5.p1           25.00%    passed     97.74%
  78  SRR11934227|Cluster-140960.2__TRINITY_DN68609_c0_g1_i7.p1        0.29%    passed     97.31%
  79  DRR082665|Cluster-11625.1__TRINITY_DN3458_c0_g1_i9.p1            0.29%    failed      4.36%
****  TOTAL                                                            1.95%  1 sequences failed composition chi2 test (p-value<5%; df=60)
Reading input tree file tmp.csubst.nwk ... rooted tree

NOTE: 56 MB RAM (0 GB) is required!
Measuring multi-threading efficiency up to 1 CPU cores
2 trees examined
Threads: 1 / Time: 3.090 sec / Speedup: 1.000 / Efficiency: 100% / LogL: -9350
BEST NUMBER OF THREADS: 1

Estimate model parameters (epsilon = 0.010)
1. Initial log-likelihood: -10650.410
2. Current log-likelihood: -6575.405
3. Current log-likelihood: -6566.582
4. Current log-likelihood: -6566.085
5. Current log-likelihood: -6566.033
6. Current log-likelihood: -6565.712
7. Current log-likelihood: -6565.677
8. Current log-likelihood: -6565.662
Optimal log-likelihood: -6565.651
Nonsynonymous/synonymous ratio (omega): 1.000
Transition/transversion ratio (kappa): 1.000
Site proportion and rates:  (0.500,0.403) (0.335,1.068) (0.155,2.434) (0.010,6.299)
Parameters optimization took 8 rounds (77.127 sec)
Wrote distance file to... 
BEST SCORE FOUND : -6565.651
Ancestral state probabilities printed to /mnt/data0/yue/2026-03-11-protein-convergence/results/OG_4942/csubst_w_s/csubst_input_alignment.fa.state
Empirical proportions for each category: 0.559 0.294 0.138 0.009
Site rates printed to /mnt/data0/yue/2026-03-11-protein-convergence/results/OG_4942/csubst_w_s/csubst_input_alignment.fa.rate
Total tree length: 3.071

Total number of iterations: 0
CPU time used for tree search: 0.000 sec (0h:0m:0s)
Wall-clock time used for tree search: 0.000 sec (0h:0m:0s)
Total CPU time used: 81.109 sec (0h:1m:21s)
Total wall-clock time used: 82.061 sec (0h:1m:22s)

Analysis results written to: 
  IQ-TREE report:                /mnt/data0/yue/2026-03-11-protein-convergence/results/OG_4942/csubst_w_s/csubst_input_alignment.fa.iqtree
  Maximum-likelihood tree:       /mnt/data0/yue/2026-03-11-protein-convergence/results/OG_4942/csubst_w_s/csubst_input_alignment.fa.treefile
  Site-specific rates:           /mnt/data0/yue/2026-03-11-protein-convergence/results/OG_4942/csubst_w_s/csubst_input_alignment.fa.rate
  Ancestral state:               /mnt/data0/yue/2026-03-11-protein-convergence/results/OG_4942/csubst_w_s/csubst_input_alignment.fa.state
  Screen log file:               /mnt/data0/yue/2026-03-11-protein-convergence/results/OG_4942/csubst_w_s/csubst_input_alignment.fa.log

Date and Time: Fri Mar 27 15:58:47 2026
