IQ-TREE multicore version 2.4.0 for Linux x86 64-bit built Feb 12 2025
Developed by Bui Quang Minh, Nguyen Lam Tung, Olga Chernomor, Heiko Schmidt,
Dominik Schrempf, Michael Woodhams, Ly Trong Nhan, Thomas Wong

Host:    brain (AVX2, FMA3, 2015 GB RAM)
Command: /home/yue/miniconda3/envs/py39/bin/iqtree -s /mnt/data0/yue/2026-03-11-protein-convergence/results/OG_3275/csubst_w_s/csubst_input_alignment.fa -te tmp.csubst.nwk -m ECMK07+F+R4 --seqtype CODON1 --threads-max 1 -T AUTO --ancestral --rate --redo
Seed:    471643 (Using SPRNG - Scalable Parallel Random Number Generator)
Time:    Fri Mar 27 08:36:59 2026
Kernel:  AVX+FMA - auto-detect threads (128 CPU cores detected)

Reading alignment file /mnt/data0/yue/2026-03-11-protein-convergence/results/OG_3275/csubst_w_s/csubst_input_alignment.fa ... Fasta format detected
Reading fasta file: done in 0.00752467 secs using 73.12% CPU
Alignment most likely contains DNA/RNA sequences
Converting to codon sequences with genetic code 1 ...
WARNING: 1 sites contain only gaps or ambiguous characters.
Alignment has 72 sequences with 954 columns, 908 distinct patterns
468 parsimony-informative, 280 singleton sites, 206 constant sites
                                                                 Gap/Ambiguity  Composition  p-value
Analyzing sequences: done in 0.000354722 secs using 54.97% CPU
   1  JJ85|Cluster-43807.0__TRINITY_DN663_c0_g1_i2.p1                   12.58%    passed    100.00%
   2  DE546_urceolata_l|Cluster-34122.0__TRINITY_DN15618_c0_g1_i4.p1    35.95%    passed     81.47%
   3  JJ109|Cluster-36136.1__TRINITY_DN7293_c1_g1_i8.p1                 25.58%    passed    100.00%
   4  DE88|Cluster-14660.0__TRINITY_DN8112_c1_g1_i2.p1                   0.10%    passed    100.00%
   5  JJ23|Cluster-44089.0__TRINITY_DN10782_c1_g1_i4.p1                 27.99%    passed    100.00%
   6  JJ125|Cluster-40809.0__TRINITY_DN4413_c1_g1_i13.p1                52.52%    passed     93.21%
   7  DE69|Cluster-54661.1__TRINITY_DN13713_c0_g1_i1.p1                  1.99%    passed    100.00%
   8  SRR3407095|Cluster-2370.0__TRINITY_DN12758_c0_g1_i2.p1             1.99%    passed    100.00%
   9  DE542|Cluster-51569.0__TRINITY_DN20033_c0_g1_i2.p1                25.89%    passed    100.00%
  10  DE736|Cluster-30057.0__TRINITY_DN9323_c0_g1_i7.p1                 25.58%    passed    100.00%
  11  DE509|Cluster-42553.0__TRINITY_DN11404_c0_g3_i2.p1                43.50%    passed     99.71%
  12  DE476|Cluster-58915.0__TRINITY_DN7994_c0_g3_i1.p1                 25.58%    passed    100.00%
  13  DE151|Cluster-48319.0__TRINITY_DN8874_c0_g2_i3.p1                 43.50%    passed     99.97%
  14  DE173|Cluster-47301.2__TRINITY_DN8558_c0_g1_i18.p1                 0.10%    passed    100.00%
  15  DE189|Cluster-4878.0__TRINITY_DN12314_c0_g1_i23.p1                46.44%    passed     99.96%
  16  JJ130|Cluster-25232.0__TRINITY_DN9841_c0_g2_i3.p1                  0.31%    passed    100.00%
  17  DE164|Cluster-55939.0__TRINITY_DN450_c0_g1_i2.p1                  43.50%    passed     98.07%
  18  DE737|Cluster-29957.0__TRINITY_DN11153_c0_g2_i2.p1                46.54%    passed     99.15%
  19  DE672|Cluster-56720.0__TRINITY_DN2488_c1_g1_i3.p1                 11.11%    passed    100.00%
  20  JJ89|Cluster-32847.0__TRINITY_DN1271_c1_g1_i2.p1                  46.54%    passed     99.91%
  21  DE504|Cluster-35036.0__TRINITY_DN8051_c0_g1_i5.p1                 11.11%    passed    100.00%
  22  DE764|Cluster-42700.0__TRINITY_DN5731_c0_g1_i17.p1                43.50%    passed     99.92%
  23  DE531|Cluster-39844.0__TRINITY_DN2947_c0_g1_i7.p1                  2.94%    passed    100.00%
  24  DE696-dots|Cluster-53305.0__TRINITY_DN116_c0_g1_i21.p1             2.83%    passed    100.00%
  25  JJ36|Cluster-33821.0__TRINITY_DN6110_c0_g1_i2.p1                  11.11%    passed    100.00%
  26  DE696-nodots|Cluster-38564.0__TRINITY_DN9974_c0_g1_i9.p1           2.83%    passed    100.00%
  27  DE550|Cluster-28886.0__TRINITY_DN11370_c0_g3_i1.p1                 0.10%    passed    100.00%
  28  DE541|Cluster-27961.0__TRINITY_DN4933_c2_g1_i2.p1                  0.10%    passed    100.00%
  29  DE643|Cluster-73122.0__TRINITY_DN22902_c0_g1_i10.p1               27.88%    passed    100.00%
  30  DE671|Cluster-55262.0__TRINITY_DN1088_c2_g1_i23.p1                 0.10%    passed    100.00%
  31  DE549|Cluster-46412.0__TRINITY_DN2460_c0_g2_i7.p1                 43.50%    passed     99.81%
  32  SRR3407096|Cluster-31249.0__TRINITY_DN3056_c0_g2_i3.p1            42.87%    passed     99.97%
  33  DE162|Cluster-22504.0__TRINITY_DN2530_c0_g1_i24.p1                35.85%    passed     97.92%
  34  DE528|Cluster-60703.4__TRINITY_DN1579_c0_g1_i6.p1                  0.10%    passed    100.00%
  35  DE507|Cluster-62337.3__TRINITY_DN3162_c0_g1_i5.p1                 29.14%    passed     99.87%
  36  DE704-purple|Cluster-26137.5__TRINITY_DN3487_c0_g1_i4.p1          35.12%    passed     93.67%
  37  DE563|Cluster-26236.0__TRINITY_DN8413_c0_g2_i4.p1                  0.10%    passed    100.00%
  38  DE668|Cluster-29642.0__TRINITY_DN9300_c0_g2_i2.p1                  0.21%    passed    100.00%
  39  DE566|Cluster-54201.0__TRINITY_DN12816_c0_g1_i7.p1                 1.57%    passed    100.00%
  40  DE152|Cluster-49140.0__TRINITY_DN18921_c0_g1_i11.p1                1.36%    passed    100.00%
  41  DE229|Cluster-47997.0__TRINITY_DN7399_c2_g2_i2.p1                  1.36%    passed    100.00%
  42  DE519|Cluster-75076.0__TRINITY_DN11883_c0_g1_i5.p1                 0.10%    passed    100.00%
  43  JJ99|Cluster-45529.0__TRINITY_DN1916_c0_g1_i11.p1                  0.21%    passed    100.00%
  44  DRR082660|Cluster-45272.0__TRINITY_DN7903_c1_g2_i2.p1              0.10%    passed    100.00%
  45  SRR3407086|Cluster-37324.0__TRINITY_DN7555_c0_g3_i1.p1             1.47%    passed    100.00%
  46  SRR3424066|Cluster-24384.0__TRINITY_DN5738_c0_g3_i2.p1            16.25%    passed    100.00%
  47  SRR3407088|Cluster-16999.0__TRINITY_DN6093_c0_g2_i1.p1             1.47%    passed    100.00%
  48  DE503|Cluster-61929.0__TRINITY_DN5257_c0_g1_i10.p1                 1.47%    passed    100.00%
  49  DE505|Cluster-54163.0__TRINITY_DN11378_c0_g1_i2.p1                 1.47%    passed    100.00%
  50  DE510|Cluster-41548.0__TRINITY_DN8165_c0_g1_i2.p1                  2.94%    passed    100.00%
  51  SRR3407094|Cluster-36872.0__TRINITY_DN5895_c0_g1_i3.p1            40.15%    passed     99.47%
  52  SRR3407092|Cluster-34283.3__TRINITY_DN9553_c0_g1_i6.p1             1.47%    passed    100.00%
  53  SRR3407093|Cluster-20763.0__TRINITY_DN3826_c0_g2_i1.p1             2.94%    passed    100.00%
  54  DE560|Cluster-41136.0__TRINITY_DN2151_c0_g1_i7.p1                  0.10%    passed    100.00%
  55  DE523|Cluster-39224.0__TRINITY_DN5387_c0_g1_i1.p1                 12.47%    passed    100.00%
  56  DE561|Cluster-39630.0__TRINITY_DN18908_c0_g1_i47.p1               13.94%    passed    100.00%
  57  DE216|Cluster-18320.1__TRINITY_DN6628_c0_g1_i3.p1                 11.43%    passed    100.00%
  58  JJ15|Cluster-76425.1__TRINITY_DN11802_c0_g1_i4.p1                 13.42%    passed    100.00%
  59  DE536|Cluster-50629.0__TRINITY_DN3325_c0_g2_i4.p1                 11.11%    passed    100.00%
  60  JJ74|Cluster-127441.0__TRINITY_DN1865_c0_g3_i4.p1                  0.52%    passed    100.00%
  61  JJ131|Cluster-60437.1__TRINITY_DN6088_c0_g1_i5.p1                  0.10%    passed    100.00%
  62  DE126|Cluster-31234.0__TRINITY_DN2166_c0_g1_i6.p1                 33.65%    passed    100.00%
  63  DE546_urceolata_l|Cluster-34758.3__TRINITY_DN1129_c0_g1_i165.p1   44.03%    passed     97.88%
  64  DE127|Cluster-45283.20__TRINITY_DN12278_c1_g1_i13.p1               0.21%    passed    100.00%
  65  DE554|Cluster-62940.0__TRINITY_DN4421_c1_g1_i2.p1                 46.54%    passed     99.40%
  66  DE666|Cluster-40131.0__TRINITY_DN8294_c0_g2_i16.p1                34.07%    passed    100.00%
  67  DE623|Cluster-57511.0__TRINITY_DN7763_c0_g1_i14.p1                11.11%    passed    100.00%
  68  DE680|Cluster-15837.0__TRINITY_DN22927_c0_g3_i4.p1                 0.73%    passed    100.00%
  69  DE575|Cluster-33437.0__TRINITY_DN6962_c0_g3_i4.p1                  0.31%    passed    100.00%
  70  DE681|Cluster-40770.0__TRINITY_DN11731_c0_g2_i1.p1                34.17%    passed    100.00%
  71  DE765|Cluster-37490.0__TRINITY_DN11066_c0_g1_i4.p1                46.65%    passed     99.39%
  72  SRR104381|Cluster-21377.0__TRINITY_DN10598_c0_g2_i3.p1            16.04%    passed     89.89%
WARNING: 1 sequences contain more than 50% gaps/ambiguity
****  TOTAL                                                             16.83%  0 sequences failed composition chi2 test (p-value<5%; df=60)
Reading input tree file tmp.csubst.nwk ... rooted tree

NOTE: 130 MB RAM (0 GB) is required!
Measuring multi-threading efficiency up to 1 CPU cores
2 trees examined
Threads: 1 / Time: 7.513 sec / Speedup: 1.000 / Efficiency: 100% / LogL: -29470
BEST NUMBER OF THREADS: 1

Estimate model parameters (epsilon = 0.010)
1. Initial log-likelihood: -29757.871
2. Current log-likelihood: -20485.166
3. Current log-likelihood: -20482.387
4. Current log-likelihood: -20481.462
5. Current log-likelihood: -20481.116
6. Current log-likelihood: -20480.963
7. Current log-likelihood: -20480.886
8. Current log-likelihood: -20480.843
9. Current log-likelihood: -20480.819
10. Current log-likelihood: -20480.803
Optimal log-likelihood: -20480.794
Nonsynonymous/synonymous ratio (omega): 1.000
Transition/transversion ratio (kappa): 1.000
Site proportion and rates:  (0.720,0.470) (0.157,1.721) (0.095,2.563) (0.028,5.314)
Parameters optimization took 10 rounds (205.364 sec)
Wrote distance file to... 
BEST SCORE FOUND : -20480.794
Ancestral state probabilities printed to /mnt/data0/yue/2026-03-11-protein-convergence/results/OG_3275/csubst_w_s/csubst_input_alignment.fa.state
Empirical proportions for each category: 0.759 0.150 0.069 0.022
Site rates printed to /mnt/data0/yue/2026-03-11-protein-convergence/results/OG_3275/csubst_w_s/csubst_input_alignment.fa.rate
Total tree length: 3.915

Total number of iterations: 0
CPU time used for tree search: 0.000 sec (0h:0m:0s)
Wall-clock time used for tree search: 0.000 sec (0h:0m:0s)
Total CPU time used: 216.131 sec (0h:3m:36s)
Total wall-clock time used: 216.981 sec (0h:3m:36s)

Analysis results written to: 
  IQ-TREE report:                /mnt/data0/yue/2026-03-11-protein-convergence/results/OG_3275/csubst_w_s/csubst_input_alignment.fa.iqtree
  Maximum-likelihood tree:       /mnt/data0/yue/2026-03-11-protein-convergence/results/OG_3275/csubst_w_s/csubst_input_alignment.fa.treefile
  Site-specific rates:           /mnt/data0/yue/2026-03-11-protein-convergence/results/OG_3275/csubst_w_s/csubst_input_alignment.fa.rate
  Ancestral state:               /mnt/data0/yue/2026-03-11-protein-convergence/results/OG_3275/csubst_w_s/csubst_input_alignment.fa.state
  Screen log file:               /mnt/data0/yue/2026-03-11-protein-convergence/results/OG_3275/csubst_w_s/csubst_input_alignment.fa.log

Date and Time: Fri Mar 27 08:40:36 2026
