IQ-TREE multicore version 2.4.0 for Linux x86 64-bit built Feb 12 2025
Developed by Bui Quang Minh, Nguyen Lam Tung, Olga Chernomor, Heiko Schmidt,
Dominik Schrempf, Michael Woodhams, Ly Trong Nhan, Thomas Wong

Host:    brain (AVX2, FMA3, 2015 GB RAM)
Command: /home/yue/miniconda3/envs/py39/bin/iqtree -s /mnt/data0/yue/2026-03-11-protein-convergence/results/OG_11160/csubst_w_s/csubst_input_alignment.fa -te tmp.csubst.nwk -m ECMK07+F+R4 --seqtype CODON1 --threads-max 1 -T AUTO --ancestral --rate --redo
Seed:    614130 (Using SPRNG - Scalable Parallel Random Number Generator)
Time:    Thu Mar 26 21:56:52 2026
Kernel:  AVX+FMA - auto-detect threads (128 CPU cores detected)

Reading alignment file /mnt/data0/yue/2026-03-11-protein-convergence/results/OG_11160/csubst_w_s/csubst_input_alignment.fa ... Fasta format detected
Reading fasta file: done in 0.00147539 secs using 24.87% CPU
Alignment most likely contains DNA/RNA sequences
Converting to codon sequences with genetic code 1 ...
Alignment has 60 sequences with 205 columns, 184 distinct patterns
97 parsimony-informative, 56 singleton sites, 52 constant sites
                                                               Gap/Ambiguity  Composition  p-value
Analyzing sequences: done in 6.80685e-05 secs using 24.97% CPU
   1  DE623|Cluster-10217.0__TRINITY_DN9501_c0_g2_i1.p1                0.49%    passed    100.00%
   2  DE680|Cluster-21623.0__TRINITY_DN9648_c0_g1_i4.p1                0.49%    passed    100.00%
   3  DE115|Cluster-3246.0__TRINITY_DN3428_c0_g1_i1.p1                 0.49%    passed    100.00%
   4  DE546_urceolata_l|Cluster-38474.0__TRINITY_DN3158_c0_g2_i1.p1    0.49%    passed    100.00%
   5  JJ86|Cluster-14370.0__TRINITY_DN1211_c0_g1_i2.p1                 0.49%    passed    100.00%
   6  DE126|Cluster-35644.0__TRINITY_DN777_c0_g1_i2.p1                 0.49%    passed    100.00%
   7  JJ23|Cluster-44850.0__TRINITY_DN3423_c0_g1_i1.p1                16.59%    failed      0.97%
   8  JJ99|Cluster-35416.2__TRINITY_DN1164_c0_g1_i9.p1                 0.49%    passed    100.00%
   9  DE162|Cluster-49550.0__TRINITY_DN1025_c0_g2_i1.p1                0.49%    passed    100.00%
  10  DE507|Cluster-60239.0__TRINITY_DN66_c0_g1_i3.p1                  0.98%    passed    100.00%
  11  JJ131|Cluster-45460.0__TRINITY_DN3615_c0_g1_i1.p1                0.49%    passed    100.00%
  12  DE151|Cluster-54724.0__TRINITY_DN3937_c0_g1_i10.p1               0.49%    passed     99.99%
  13  DE173|Cluster-4849.0__TRINITY_DN1085_c0_g1_i2.p1                 0.49%    passed    100.00%
  14  DE671|Cluster-3762.0__TRINITY_DN137_c0_g1_i1.p1                  0.49%    passed    100.00%
  15  DE672|Cluster-52386.0__TRINITY_DN4362_c0_g2_i1.p1                0.49%    passed    100.00%
  16  DE504|Cluster-37082.1__TRINITY_DN303_c0_g1_i8.p1                10.24%    passed    100.00%
  17  DE696-nodots|Cluster-37434.0__TRINITY_DN9319_c0_g1_i22.p1        0.49%    passed    100.00%
  18  DE88|Cluster-29631.3__TRINITY_DN74_c0_g1_i7.p1                   0.49%    passed    100.00%
  19  DE736|Cluster-42952.1__TRINITY_DN1156_c0_g1_i4.p1                0.49%    passed    100.00%
  20  JJ89|Cluster-43165.0__TRINITY_DN614_c0_g1_i4.p1                  0.49%    passed    100.00%
  21  DRR082660|Cluster-16208.0__TRINITY_DN20504_c1_g1_i1.p1           0.49%    passed    100.00%
  22  DE519|Cluster-55928.0__TRINITY_DN8162_c0_g1_i20.p1               0.49%    passed    100.00%
  23  DE536|Cluster-10461.0__TRINITY_DN1105_c0_g1_i1.p1                0.49%    passed    100.00%
  24  SRR3407086|Cluster-5853.0__TRINITY_DN2353_c0_g2_i1.p1            0.49%    passed    100.00%
  25  DE510|Cluster-51276.0__TRINITY_DN12654_c0_g1_i1.p1               0.49%    passed    100.00%
  26  DE528|Cluster-58864.0__TRINITY_DN14283_c1_g1_i1.p1               0.49%    passed    100.00%
  27  DE704-white|Cluster-26000.0__TRINITY_DN878_c0_g1_i2.p1           0.49%    passed    100.00%
  28  JJ130|Cluster-24335.2__TRINITY_DN1042_c0_g1_i26.p1               0.49%    passed    100.00%
  29  DE127|Cluster-4769.0__TRINITY_DN298_c0_g1_i2.p1                  0.49%    passed     97.03%
  30  DE666|Cluster-26986.0__TRINITY_DN815_c0_g2_i1.p1                 0.49%    passed     99.49%
  31  DE563|Cluster-19942.0__TRINITY_DN14322_c1_g2_i1.p1               0.49%    passed    100.00%
  32  DE668|Cluster-40156.1__TRINITY_DN1063_c0_g1_i2.p1                0.49%    passed    100.00%
  33  JJ74|Cluster-73929.0__TRINITY_DN384_c1_g2_i6.p1                  0.49%    passed    100.00%
  34  DE566|Cluster-37151.1__TRINITY_DN2293_c0_g1_i4.p1                0.98%    passed     99.99%
  35  JJ131|Cluster-59330.0__TRINITY_DN3615_c0_g2_i4.p1                1.46%    failed      2.40%
  36  DE164|Cluster-30135.1__TRINITY_DN35778_c0_g2_i2.p1               0.49%    passed    100.00%
  37  DE737|Cluster-40006.0__TRINITY_DN13927_c0_g2_i2.p1               0.49%    passed    100.00%
  38  DE643|Cluster-46183.1__TRINITY_DN1181_c0_g1_i15.p1               0.49%    passed    100.00%
  39  DE549|Cluster-39956.0__TRINITY_DN2500_c0_g1_i5.p1                0.49%    passed    100.00%
  40  DE550|Cluster-33833.0__TRINITY_DN970_c0_g1_i3.p1                 0.49%    passed    100.00%
  41  DE531|Cluster-37212.0__TRINITY_DN1298_c0_g1_i1.p1                0.49%    passed    100.00%
  42  DE696-dots|Cluster-29475.0__TRINITY_DN30962_c0_g1_i5.p1          0.49%    passed    100.00%
  43  JJ36|Cluster-6996.0__TRINITY_DN994_c0_g2_i3.p1                   0.49%    passed    100.00%
  44  DE509|Cluster-13568.0__TRINITY_DN220_c0_g1_i4.p1                 0.49%    passed    100.00%
  45  DE764|Cluster-38695.0__TRINITY_DN2818_c0_g2_i3.p1                0.49%    passed    100.00%
  46  DE741|Cluster-31360.0__TRINITY_DN9679_c0_g1_i15.p1               0.49%    passed    100.00%
  47  DE523|Cluster-52863.0__TRINITY_DN244_c0_g1_i2.p1                 0.49%    passed    100.00%
  48  SRR3407096|Cluster-16452.4__TRINITY_DN3195_c0_g1_i6.p1           0.49%    passed     99.99%
  49  DE560|Cluster-9074.0__TRINITY_DN135_c0_g1_i3.p1                  0.49%    passed    100.00%
  50  DE216|Cluster-74320.41__TRINITY_DN467_c0_g3_i1.p1                0.49%    passed    100.00%
  51  DE534|Cluster-63606.2__TRINITY_DN1957_c0_g1_i6.p1                0.49%    passed     40.69%
  52  DE542|Cluster-29112.2__TRINITY_DN2597_c0_g1_i11.p1               0.49%    passed    100.00%
  53  SRR3407093|Cluster-32397.0__TRINITY_DN6227_c0_g3_i1.p1           0.49%    passed    100.00%
  54  SRR3407092|Cluster-26489.0__TRINITY_DN2211_c0_g1_i3.p1           0.49%    passed    100.00%
  55  SRR3407094|Cluster-18306.0__TRINITY_DN2811_c0_g1_i1.p1           0.49%    passed    100.00%
  56  SRR3407088|Cluster-12859.0__TRINITY_DN912_c0_g2_i1.p1            0.49%    passed    100.00%
  57  DE561|Cluster-42064.0__TRINITY_DN709_c0_g1_i2.p1                 0.49%    passed    100.00%
  58  SRR3424066|Cluster-33359.0__TRINITY_DN1337_c0_g1_i1.p1           0.49%    passed    100.00%
  59  SRR5150740|Cluster-49595.0__TRINITY_DN729_c0_g1_i12.p1           0.00%    failed      0.00%
  60  DRR234970|Cluster-35464.0__TRINITY_DN16680_c0_g1_i4.p1           0.49%    passed     12.27%
****  TOTAL                                                            0.94%  3 sequences failed composition chi2 test (p-value<5%; df=60)
WARNING: States(s) TGC, TGT rarely appear in alignment and may cause numerical problems
Reading input tree file tmp.csubst.nwk ... rooted tree

NOTE: 27 MB RAM (0 GB) is required!
Measuring multi-threading efficiency up to 1 CPU cores
2 trees examined
Threads: 1 / Time: 1.367 sec / Speedup: 1.000 / Efficiency: 100% / LogL: -6266
BEST NUMBER OF THREADS: 1

Estimate model parameters (epsilon = 0.010)
1. Initial log-likelihood: -6038.063
2. Current log-likelihood: -3807.816
3. Current log-likelihood: -3807.618
4. Current log-likelihood: -3807.475
5. Current log-likelihood: -3807.364
6. Current log-likelihood: -3807.276
7. Current log-likelihood: -3807.204
8. Current log-likelihood: -3807.143
9. Current log-likelihood: -3807.090
10. Current log-likelihood: -3807.042
11. Current log-likelihood: -3806.997
12. Current log-likelihood: -3806.951
13. Current log-likelihood: -3806.905
14. Current log-likelihood: -3806.859
15. Current log-likelihood: -3806.820
16. Current log-likelihood: -3806.792
17. Current log-likelihood: -3806.775
Optimal log-likelihood: -3806.765
Nonsynonymous/synonymous ratio (omega): 1.000
Transition/transversion ratio (kappa): 1.000
Site proportion and rates:  (0.540,0.390) (0.332,1.191) (0.034,1.350) (0.094,3.700)
Parameters optimization took 17 rounds (86.484 sec)
Wrote distance file to... 
BEST SCORE FOUND : -3806.765
Ancestral state probabilities printed to /mnt/data0/yue/2026-03-11-protein-convergence/results/OG_11160/csubst_w_s/csubst_input_alignment.fa.state
Empirical proportions for each category: 0.585 0.322 0.000 0.093
Site rates printed to /mnt/data0/yue/2026-03-11-protein-convergence/results/OG_11160/csubst_w_s/csubst_input_alignment.fa.rate
Total tree length: 2.484

Total number of iterations: 0
CPU time used for tree search: 0.000 sec (0h:0m:0s)
Wall-clock time used for tree search: 0.000 sec (0h:0m:0s)
Total CPU time used: 88.849 sec (0h:1m:28s)
Total wall-clock time used: 89.035 sec (0h:1m:29s)

Analysis results written to: 
  IQ-TREE report:                /mnt/data0/yue/2026-03-11-protein-convergence/results/OG_11160/csubst_w_s/csubst_input_alignment.fa.iqtree
  Maximum-likelihood tree:       /mnt/data0/yue/2026-03-11-protein-convergence/results/OG_11160/csubst_w_s/csubst_input_alignment.fa.treefile
  Site-specific rates:           /mnt/data0/yue/2026-03-11-protein-convergence/results/OG_11160/csubst_w_s/csubst_input_alignment.fa.rate
  Ancestral state:               /mnt/data0/yue/2026-03-11-protein-convergence/results/OG_11160/csubst_w_s/csubst_input_alignment.fa.state
  Screen log file:               /mnt/data0/yue/2026-03-11-protein-convergence/results/OG_11160/csubst_w_s/csubst_input_alignment.fa.log

Date and Time: Thu Mar 26 21:58:21 2026
