IQ-TREE multicore version 2.4.0 for Linux x86 64-bit built Feb 12 2025
Developed by Bui Quang Minh, Nguyen Lam Tung, Olga Chernomor, Heiko Schmidt,
Dominik Schrempf, Michael Woodhams, Ly Trong Nhan, Thomas Wong

Host:    brain (AVX2, FMA3, 2015 GB RAM)
Command: /home/yue/miniconda3/envs/py39/bin/iqtree -s /mnt/data0/yue/2026-03-11-protein-convergence/results/OG_11022/csubst_w_s/csubst_input_alignment.fa -te tmp.csubst.nwk -m ECMK07+F+R4 --seqtype CODON1 --threads-max 1 -T AUTO --ancestral --rate --redo
Seed:    961742 (Using SPRNG - Scalable Parallel Random Number Generator)
Time:    Thu Mar 26 21:44:15 2026
Kernel:  AVX+FMA - auto-detect threads (128 CPU cores detected)

Reading alignment file /mnt/data0/yue/2026-03-11-protein-convergence/results/OG_11022/csubst_w_s/csubst_input_alignment.fa ... Fasta format detected
Reading fasta file: done in 0.00162011 secs using 98.02% CPU
Alignment most likely contains DNA/RNA sequences
Converting to codon sequences with genetic code 1 ...
Alignment has 63 sequences with 520 columns, 478 distinct patterns
253 parsimony-informative, 166 singleton sites, 101 constant sites
                                                           Gap/Ambiguity  Composition  p-value
Analyzing sequences: done in 7.60704e-05 secs using 98.59% CPU
   1  DE554|Cluster-44769.0__TRINITY_DN9893_c0_g1_i2.p1           20.58%    passed     99.99%
   2  DE115|Cluster-58907.0__TRINITY_DN4219_c0_g2_i1.p1            0.19%    passed    100.00%
   3  DE162|Cluster-44983.0__TRINITY_DN6347_c1_g2_i2.p1            0.00%    passed    100.00%
   4  DE507|Cluster-7978.0__TRINITY_DN5345_c1_g1_i1.p1             0.00%    passed    100.00%
   5  DE704-purple|Cluster-40610.0__TRINITY_DN28710_c0_g1_i2.p1    0.00%    passed    100.00%
   6  DE704-white|Cluster-19043.0__TRINITY_DN15066_c0_g2_i1.p1     0.00%    passed    100.00%
   7  DE528|Cluster-36212.0__TRINITY_DN7553_c0_g1_i2.p1            0.00%    passed    100.00%
   8  DE623|Cluster-5585.0__TRINITY_DN8626_c0_g1_i1.p1             0.00%    passed    100.00%
   9  DE765|Cluster-37626.0__TRINITY_DN7125_c0_g1_i1.p1            0.00%    passed    100.00%
  10  DE680|Cluster-31354.0__TRINITY_DN7049_c0_g1_i1.p1            0.00%    passed    100.00%
  11  DE563|Cluster-34350.0__TRINITY_DN87384_c0_g1_i1.p1           0.00%    passed    100.00%
  12  DE668|Cluster-55220.0__TRINITY_DN33358_c0_g1_i1.p1           0.00%    passed    100.00%
  13  DE229|Cluster-96435.0__TRINITY_DN2909_c0_g2_i3.p1            0.19%    passed    100.00%
  14  JJ23|Cluster-13241.0__TRINITY_DN298_c4_g1_i1.p1              0.00%    passed    100.00%
  15  JJ99|Cluster-18406.0__TRINITY_DN46714_c0_g1_i1.p1            0.00%    passed    100.00%
  16  DE127|Cluster-44404.0__TRINITY_DN7569_c0_g1_i2.p1            0.19%    passed    100.00%
  17  JJ74|Cluster-854.0__TRINITY_DN172825_c0_g1_i1.p1             0.00%    passed    100.00%
  18  DE151|Cluster-10538.0__TRINITY_DN24052_c1_g1_i2.p1           0.00%    passed    100.00%
  19  DE189|Cluster-27075.0__TRINITY_DN5384_c0_g1_i15.p1           0.00%    passed    100.00%
  20  DE88|Cluster-40407.0__TRINITY_DN13862_c0_g2_i1.p1            0.00%    passed    100.00%
  21  DE549|Cluster-52929.0__TRINITY_DN38604_c0_g1_i1.p1           0.00%    passed    100.00%
  22  DE671|Cluster-17982.0__TRINITY_DN10138_c0_g1_i5.p1           0.00%    passed    100.00%
  23  DE737|Cluster-53.0__TRINITY_DN11645_c0_g1_i1.p1              0.00%    passed    100.00%
  24  DE672|Cluster-5659.0__TRINITY_DN98501_c0_g1_i1.p1            0.00%    passed    100.00%
  25  JJ109|Cluster-39270.0__TRINITY_DN9653_c0_g1_i4.p1            0.00%    passed    100.00%
  26  DE476|Cluster-43528.0__TRINITY_DN6293_c0_g1_i1.p1            0.00%    passed    100.00%
  27  DE531|Cluster-8100.0__TRINITY_DN40640_c0_g1_i1.p1            0.00%    passed    100.00%
  28  JJ36|Cluster-34085.0__TRINITY_DN18715_c1_g1_i1.p1            0.00%    passed    100.00%
  29  DE541|Cluster-30225.0__TRINITY_DN6705_c0_g1_i2.p1            0.00%    passed    100.00%
  30  DE504|Cluster-15466.0__TRINITY_DN2254_c1_g1_i2.p1           12.69%    passed    100.00%
  31  JJ89|Cluster-43177.0__TRINITY_DN4053_c0_g2_i2.p1             0.00%    passed    100.00%
  32  DE216|Cluster-516.0__TRINITY_DN29025_c0_g1_i1.p1             0.00%    passed    100.00%
  33  JJ15|Cluster-37525.0__TRINITY_DN3825_c2_g1_i1.p1             0.00%    passed    100.00%
  34  DE542|Cluster-4565.0__TRINITY_DN14846_c1_g1_i1.p1            0.00%    passed    100.00%
  35  DE534|Cluster-75369.0__TRINITY_DN14007_c1_g2_i1.p1           0.00%    passed    100.00%
  36  DE503|Cluster-33767.0__TRINITY_DN18317_c0_g1_i1.p1           0.00%    passed    100.00%
  37  SRR3407094|Cluster-38403.0__TRINITY_DN22415_c0_g2_i1.p1      0.00%    passed    100.00%
  38  SRR3407093|Cluster-18313.0__TRINITY_DN40748_c0_g1_i1.p1      0.00%    passed    100.00%
  39  SRR3407092|Cluster-18148.0__TRINITY_DN40750_c0_g1_i1.p1      0.00%    passed    100.00%
  40  DE505|Cluster-55650.0__TRINITY_DN11588_c0_g1_i1.p1           0.00%    passed    100.00%
  41  DE510|Cluster-12710.0__TRINITY_DN9039_c0_g1_i5.p1            0.00%    passed    100.00%
  42  SRR3407087|Cluster-32492.0__TRINITY_DN15996_c0_g2_i1.p1      9.62%    passed    100.00%
  43  SRR3424066|Cluster-36899.0__TRINITY_DN10861_c0_g1_i3.p1      0.00%    passed    100.00%
  44  SRR3407088|Cluster-14736.0__TRINITY_DN21097_c1_g1_i1.p1      0.00%    passed    100.00%
  45  DE561|Cluster-13316.0__TRINITY_DN10175_c0_g1_i6.p1           0.00%    passed    100.00%
  46  SRR3407086|Cluster-16219.0__TRINITY_DN20071_c0_g1_i2.p1      0.00%    passed    100.00%
  47  SRR3407095|Cluster-9130.0__TRINITY_DN7338_c0_g1_i1.p1        0.00%    passed    100.00%
  48  DE523|Cluster-20289.0__TRINITY_DN11818_c3_g1_i1.p1           0.00%    passed    100.00%
  49  SRR3407096|Cluster-4022.0__TRINITY_DN13951_c0_g1_i2.p1       0.00%    passed    100.00%
  50  DE519|Cluster-62779.0__TRINITY_DN113817_c0_g1_i1.p1          0.00%    passed    100.00%
  51  DE741|Cluster-18256.0__TRINITY_DN12184_c1_g1_i1.p1           0.00%    passed    100.00%
  52  DE509|Cluster-7942.0__TRINITY_DN12095_c0_g1_i1.p1            0.00%    passed    100.00%
  53  DE736|Cluster-57270.0__TRINITY_DN13449_c0_g1_i1.p1           1.15%    passed    100.00%
  54  DE536|Cluster-52867.0__TRINITY_DN2080_c0_g1_i1.p1           22.31%    passed    100.00%
  55  DRR082660|Cluster-38612.0__TRINITY_DN27555_c0_g2_i1.p1       0.00%    passed    100.00%
  56  DE560|Cluster-18469.0__TRINITY_DN4752_c0_g2_i1.p1            0.38%    passed    100.00%
  57  JJ85|Cluster-33070.0__TRINITY_DN8773_c0_g1_i1.p1             0.00%    passed    100.00%
  58  DE173|Cluster-26873.0__TRINITY_DN20561_c0_g2_i4.p1          20.58%    passed    100.00%
  59  JJ130|Cluster-32149.0__TRINITY_DN4547_c0_g1_i14.p1          20.58%    passed    100.00%
  60  DE643|Cluster-73203.0__TRINITY_DN21783_c0_g1_i14.p1          0.00%    passed    100.00%
  61  JJ125|Cluster-22012.0__TRINITY_DN7518_c0_g3_i1.p1            0.00%    passed    100.00%
  62  SRR104381|Cluster-31700.0__TRINITY_DN25839_c0_g1_i1.p1      15.96%    passed     99.69%
  63  SRR11934227|Cluster-187948.0__TRINITY_DN98564_c0_g1_i6.p1    4.81%    failed      2.90%
****  TOTAL                                                        2.05%  1 sequences failed composition chi2 test (p-value<5%; df=60)
Reading input tree file tmp.csubst.nwk ... rooted tree

NOTE: 64 MB RAM (0 GB) is required!
Measuring multi-threading efficiency up to 1 CPU cores
2 trees examined
Threads: 1 / Time: 3.291 sec / Speedup: 1.000 / Efficiency: 100% / LogL: -14083
BEST NUMBER OF THREADS: 1

Estimate model parameters (epsilon = 0.010)
1. Initial log-likelihood: -14743.783
2. Current log-likelihood: -9449.439
3. Current log-likelihood: -9448.480
4. Current log-likelihood: -9447.956
5. Current log-likelihood: -9447.662
6. Current log-likelihood: -9447.487
7. Current log-likelihood: -9447.378
8. Current log-likelihood: -9447.306
9. Current log-likelihood: -9447.255
10. Current log-likelihood: -9447.219
11. Current log-likelihood: -9447.193
12. Current log-likelihood: -9447.174
13. Current log-likelihood: -9447.160
14. Current log-likelihood: -9447.149
Optimal log-likelihood: -9447.141
Nonsynonymous/synonymous ratio (omega): 1.000
Transition/transversion ratio (kappa): 1.000
Site proportion and rates:  (0.666,0.475) (0.208,1.840) (0.110,2.025) (0.016,4.853)
Parameters optimization took 14 rounds (144.237 sec)
Wrote distance file to... 
BEST SCORE FOUND : -9447.141
Ancestral state probabilities printed to /mnt/data0/yue/2026-03-11-protein-convergence/results/OG_11022/csubst_w_s/csubst_input_alignment.fa.state
Empirical proportions for each category: 0.721 0.265 0.000 0.013
Site rates printed to /mnt/data0/yue/2026-03-11-protein-convergence/results/OG_11022/csubst_w_s/csubst_input_alignment.fa.rate
Total tree length: 2.887

Total number of iterations: 0
CPU time used for tree search: 0.000 sec (0h:0m:0s)
Wall-clock time used for tree search: 0.000 sec (0h:0m:0s)
Total CPU time used: 149.148 sec (0h:2m:29s)
Total wall-clock time used: 149.714 sec (0h:2m:29s)

Analysis results written to: 
  IQ-TREE report:                /mnt/data0/yue/2026-03-11-protein-convergence/results/OG_11022/csubst_w_s/csubst_input_alignment.fa.iqtree
  Maximum-likelihood tree:       /mnt/data0/yue/2026-03-11-protein-convergence/results/OG_11022/csubst_w_s/csubst_input_alignment.fa.treefile
  Site-specific rates:           /mnt/data0/yue/2026-03-11-protein-convergence/results/OG_11022/csubst_w_s/csubst_input_alignment.fa.rate
  Ancestral state:               /mnt/data0/yue/2026-03-11-protein-convergence/results/OG_11022/csubst_w_s/csubst_input_alignment.fa.state
  Screen log file:               /mnt/data0/yue/2026-03-11-protein-convergence/results/OG_11022/csubst_w_s/csubst_input_alignment.fa.log

Date and Time: Thu Mar 26 21:46:45 2026
