IQ-TREE multicore version 2.4.0 for Linux x86 64-bit built Feb 12 2025
Developed by Bui Quang Minh, Nguyen Lam Tung, Olga Chernomor, Heiko Schmidt,
Dominik Schrempf, Michael Woodhams, Ly Trong Nhan, Thomas Wong

Host:    brain (AVX2, FMA3, 2015 GB RAM)
Command: /home/yue/miniconda3/envs/py39/bin/iqtree -s /mnt/data0/yue/2026-03-11-protein-convergence/results/OG_1512/csubst_w_s/csubst_input_alignment.fa -te tmp.csubst.nwk -m ECMK07+F+R4 --seqtype CODON1 --threads-max 1 -T AUTO --ancestral --rate --redo
Seed:    626366 (Using SPRNG - Scalable Parallel Random Number Generator)
Time:    Fri Mar 27 00:34:54 2026
Kernel:  AVX+FMA - auto-detect threads (128 CPU cores detected)

Reading alignment file /mnt/data0/yue/2026-03-11-protein-convergence/results/OG_1512/csubst_w_s/csubst_input_alignment.fa ... Fasta format detected
Reading fasta file: done in 0.0012565 secs using 84.84% CPU
Alignment most likely contains DNA/RNA sequences
Converting to codon sequences with genetic code 1 ...
WARNING: 1 sites contain only gaps or ambiguous characters.
Alignment has 83 sequences with 288 columns, 282 distinct patterns
147 parsimony-informative, 82 singleton sites, 59 constant sites
                                                               Gap/Ambiguity  Composition  p-value
Analyzing sequences: done in 5.78016e-05 secs using 98.61% CPU
   1  DE764|Cluster-24415.0__TRINITY_DN1713_c0_g1_i1.p1               28.82%    passed     99.99%
   2  DE69|Cluster-41330.0__TRINITY_DN5901_c0_g1_i5.p1                 0.35%    passed    100.00%
   3  SRR3407096|Cluster-16647.0__TRINITY_DN14583_c1_g2_i3.p1         10.07%    passed    100.00%
   4  DE536|Cluster-54869.1__TRINITY_DN1569_c0_g1_i5.p1                0.35%    passed    100.00%
   5  DE560|Cluster-12810.3__TRINITY_DN426_c0_g1_i6.p1                23.61%    passed    100.00%
   6  DRR082660|Cluster-18260.0__TRINITY_DN8799_c0_g1_i1.p1            0.35%    passed    100.00%
   7  DE560|Cluster-30749.1__TRINITY_DN13943_c0_g2_i1.p1               2.08%    passed    100.00%
   8  DE561|Cluster-32970.1__TRINITY_DN8495_c0_g1_i10.p1              10.07%    passed     97.20%
   9  DE216|Cluster-46900.0__TRINITY_DN3236_c1_g1_i5.p1                0.35%    passed    100.00%
  10  SRR11934227|Cluster-168563.0__TRINITY_DN63787_c0_g1_i4.p1       11.11%    passed     98.54%
  11  SRR11748982|Cluster-44457.0__TRINITY_DN2621_c0_g1_i4.p1         29.17%    passed     45.88%
  12  SRR3407088|Cluster-30018.2__TRINITY_DN6225_c0_g1_i3.p1           0.35%    passed    100.00%
  13  DE510|Cluster-51252.1__TRINITY_DN13546_c0_g1_i17.p1              0.35%    passed    100.00%
  14  DE503|Cluster-61093.2__TRINITY_DN9082_c0_g1_i8.p1                2.08%    passed    100.00%
  15  DE181|Cluster-25838.1__TRINITY_DN9710_c0_g1_i2.p1               28.82%    passed    100.00%
  16  SRR3407086|Cluster-37816.2__TRINITY_DN9078_c1_g1_i14.p1         32.99%    passed    100.00%
  17  SRR3424066|Cluster-22531.1__TRINITY_DN4383_c0_g1_i15.p1          4.86%    passed    100.00%
  18  DE534|Cluster-69262.1__TRINITY_DN1513_c1_g1_i16.p1               0.35%    passed    100.00%
  19  DE542|Cluster-36375.0__TRINITY_DN29571_c0_g1_i1.p1               0.35%    passed    100.00%
  20  JJ15|Cluster-72660.0__TRINITY_DN16151_c0_g2_i1.p1                0.35%    passed    100.00%
  21  JJ131|Cluster-51784.0__TRINITY_DN4781_c0_g1_i12.p1               8.33%    passed    100.00%
  22  SRR3407095|Cluster-34577.1__TRINITY_DN18671_c0_g1_i9.p1          6.94%    passed    100.00%
  23  DRR234970|Cluster-25584.1__TRINITY_DN7259_c0_g1_i6.p1            4.51%    passed     99.99%
  24  SRR5150740|Cluster-60887.0__TRINITY_DN5080_c0_g1_i1.p1           4.51%    passed    100.00%
  25  SRR104381|Cluster-20327.0__TRINITY_DN6595_c1_g2_i1.p1            5.21%    passed     97.20%
  26  SRR3407093|Cluster-30725.0__TRINITY_DN4203_c0_g2_i1.p1           0.35%    passed    100.00%
  27  SRR3407094|Cluster-30199.0__TRINITY_DN10476_c0_g1_i1.p1          0.35%    passed    100.00%
  28  DE505|Cluster-48571.0__TRINITY_DN4040_c0_g1_i6.p1               11.46%    passed    100.00%
  29  SRR3407087|Cluster-36422.1__TRINITY_DN1321_c0_g1_i13.p1          0.35%    passed    100.00%
  30  DE523|Cluster-27471.0__TRINITY_DN11463_c0_g1_i20.p1              0.35%    passed    100.00%
  31  SRR3407092|Cluster-26402.0__TRINITY_DN13015_c0_g1_i6.p1         30.90%    passed    100.00%
  32  DE151|Cluster-1869.0__TRINITY_DN8230_c0_g1_i1.p1                 0.35%    passed    100.00%
  33  DE173|Cluster-27097.0__TRINITY_DN4565_c0_g1_i1.p1                0.35%    passed    100.00%
  34  DE189|Cluster-7620.0__TRINITY_DN5180_c0_g2_i1.p1                 0.35%    passed    100.00%
  35  JJ89|Cluster-390.0__TRINITY_DN3839_c1_g4_i1.p1                   0.35%    passed    100.00%
  36  DE88|Cluster-26850.0__TRINITY_DN6461_c0_g1_i2.p1                 0.35%    passed    100.00%
  37  JJ130|Cluster-742.0__TRINITY_DN2228_c2_g1_i1.p1                  0.35%    passed    100.00%
  38  DE504|Cluster-34081.0__TRINITY_DN9833_c0_g3_i3.p1               32.29%    passed    100.00%
  39  DE509|Cluster-32612.0__TRINITY_DN3688_c0_g1_i1.p1                0.35%    passed    100.00%
  40  DE531|Cluster-18089.0__TRINITY_DN11269_c4_g1_i2.p1               0.35%    passed    100.00%
  41  DE550|Cluster-15529.0__TRINITY_DN7577_c0_g1_i1.p1                0.35%    passed    100.00%
  42  JJ36|Cluster-14391.0__TRINITY_DN4025_c0_g1_i1.p1                 0.35%    passed    100.00%
  43  JJ109|Cluster-47690.0__TRINITY_DN620_c0_g1_i1.p1                 0.35%    passed    100.00%
  44  DE696-dots|Cluster-28876.0__TRINITY_DN4319_c1_g1_i1.p1           0.35%    passed    100.00%
  45  DE696-nodots|Cluster-37842.0__TRINITY_DN4262_c0_g1_i1.p1         0.35%    passed    100.00%
  46  DE736|Cluster-26989.0__TRINITY_DN4312_c3_g1_i1.p1                0.35%    passed    100.00%
  47  DE549|Cluster-31126.0__TRINITY_DN4372_c0_g1_i1.p1                0.35%    passed    100.00%
  48  JJ85|Cluster-14861.0__TRINITY_DN3174_c0_g2_i2.p1                 0.35%    passed    100.00%
  49  DE671|Cluster-48880.0__TRINITY_DN6107_c0_g1_i6.p1               50.35%    passed     99.94%
  50  DE519|Cluster-36531.2__TRINITY_DN783_c0_g1_i1.p1                 0.35%    passed    100.00%
  51  DE737|Cluster-44317.0__TRINITY_DN5311_c1_g1_i4.p1                0.35%    passed    100.00%
  52  DE643|Cluster-80057.0__TRINITY_DN1412_c0_g2_i1.p1                0.35%    passed    100.00%
  53  DE741|Cluster-28126.0__TRINITY_DN112090_c0_g1_i1.p1              0.35%    passed    100.00%
  54  DE164|Cluster-19412.0__TRINITY_DN6607_c0_g2_i3.p1                0.35%    passed    100.00%
  55  DE672|Cluster-33501.0__TRINITY_DN8507_c0_g1_i1.p1                0.35%    passed    100.00%
  56  JJ125|Cluster-40429.1__TRINITY_DN8842_c0_g1_i6.p1                0.35%    passed    100.00%
  57  DE704-white|Cluster-54257.6__TRINITY_DN7172_c0_g1_i1.p1          0.35%    passed    100.00%
  58  DE704-purple|Cluster-43362.1__TRINITY_DN8039_c3_g1_i4.p1         0.35%    passed    100.00%
  59  DE162|Cluster-24938.0__TRINITY_DN3137_c1_g2_i7.p1                0.35%    passed    100.00%
  60  DE507|Cluster-33755.2__TRINITY_DN4326_c0_g3_i1.p1                0.35%    passed    100.00%
  61  DE541|Cluster-47382.4__TRINITY_DN440_c0_g1_i7.p1                 0.35%    passed    100.00%
  62  DE476|Cluster-17197.0__TRINITY_DN607_c2_g1_i2.p1                46.88%    passed     98.25%
  63  DE115|Cluster-38174.0__TRINITY_DN1833_c0_g1_i1.p1                0.35%    passed    100.00%
  64  DE126|Cluster-19217.0__TRINITY_DN393_c0_g1_i2.p1                 0.35%    passed    100.00%
  65  DE152|Cluster-60259.0__TRINITY_DN7497_c0_g1_i1.p1                0.35%    passed    100.00%
  66  DE575|Cluster-54890.0__TRINITY_DN131_c0_g1_i3.p1                 0.35%    passed    100.00%
  67  DE666|Cluster-31411.0__TRINITY_DN37062_c0_g1_i1.p1               0.35%    passed    100.00%
  68  DE681|Cluster-31936.24__TRINITY_DN5989_c0_g1_i19.p1              0.35%    passed    100.00%
  69  DE765|Cluster-9663.2__TRINITY_DN1504_c0_g1_i16.p1                0.35%    passed    100.00%
  70  JJ23|Cluster-9483.0__TRINITY_DN3685_c0_g1_i1.p1                 25.35%    passed    100.00%
  71  JJ99|Cluster-22825.0__TRINITY_DN3364_c0_g1_i1.p1                 0.35%    passed    100.00%
  72  JJ74|Cluster-127699.0__TRINITY_DN73118_c0_g1_i2.p1               0.35%    passed    100.00%
  73  JJ86|Cluster-13209.0__TRINITY_DN8587_c0_g1_i1.p1                 0.35%    passed    100.00%
  74  DE127|Cluster-26247.0__TRINITY_DN2836_c0_g1_i1.p1                0.35%    passed    100.00%
  75  DE554|Cluster-40372.0__TRINITY_DN3146_c0_g1_i2.p1                0.35%    passed    100.00%
  76  DE623|Cluster-12487.0__TRINITY_DN5092_c0_g1_i2.p1                0.35%    passed    100.00%
  77  DE668|Cluster-47034.0__TRINITY_DN6414_c0_g1_i4.p1                0.35%    passed    100.00%
  78  DE680|Cluster-945.0__TRINITY_DN62124_c0_g1_i1.p1                 0.35%    passed    100.00%
  79  DE229|Cluster-13192.13__TRINITY_DN10605_c0_g1_i1.p1             11.46%    passed    100.00%
  80  DE546_urceolata_l|Cluster-26305.0__TRINITY_DN6947_c0_g1_i2.p1    0.35%    passed    100.00%
  81  DE566|Cluster-53766.9__TRINITY_DN1815_c0_g1_i3.p1                0.35%    passed    100.00%
  82  DE563|Cluster-25861.0__TRINITY_DN10156_c0_g1_i2.p1               0.35%    passed    100.00%
  83  DE528|Cluster-51485.0__TRINITY_DN414_c1_g2_i2.p1                46.53%    passed     90.06%
WARNING: 1 sequences contain more than 50% gaps/ambiguity
****  TOTAL                                                            5.89%  0 sequences failed composition chi2 test (p-value<5%; df=60)
Reading input tree file tmp.csubst.nwk ... rooted tree

NOTE: 54 MB RAM (0 GB) is required!
Measuring multi-threading efficiency up to 1 CPU cores
2 trees examined
Threads: 1 / Time: 2.931 sec / Speedup: 1.000 / Efficiency: 100% / LogL: -9019
BEST NUMBER OF THREADS: 1

Estimate model parameters (epsilon = 0.010)
1. Initial log-likelihood: -9623.204
2. Current log-likelihood: -6353.122
3. Current log-likelihood: -6352.856
4. Current log-likelihood: -6352.782
5. Current log-likelihood: -6352.751
6. Current log-likelihood: -6352.736
Optimal log-likelihood: -6352.726
Nonsynonymous/synonymous ratio (omega): 1.000
Transition/transversion ratio (kappa): 1.000
Site proportion and rates:  (0.680,0.494) (0.209,1.453) (0.105,3.217) (0.006,3.726)
Parameters optimization took 6 rounds (55.574 sec)
Wrote distance file to... 
BEST SCORE FOUND : -6352.726
Ancestral state probabilities printed to /mnt/data0/yue/2026-03-11-protein-convergence/results/OG_1512/csubst_w_s/csubst_input_alignment.fa.state
Empirical proportions for each category: 0.743 0.167 0.090 0.000
Site rates printed to /mnt/data0/yue/2026-03-11-protein-convergence/results/OG_1512/csubst_w_s/csubst_input_alignment.fa.rate
Total tree length: 3.510

Total number of iterations: 0
CPU time used for tree search: 0.000 sec (0h:0m:0s)
Wall-clock time used for tree search: 0.000 sec (0h:0m:0s)
Total CPU time used: 60.028 sec (0h:1m:0s)
Total wall-clock time used: 60.337 sec (0h:1m:0s)

Analysis results written to: 
  IQ-TREE report:                /mnt/data0/yue/2026-03-11-protein-convergence/results/OG_1512/csubst_w_s/csubst_input_alignment.fa.iqtree
  Maximum-likelihood tree:       /mnt/data0/yue/2026-03-11-protein-convergence/results/OG_1512/csubst_w_s/csubst_input_alignment.fa.treefile
  Site-specific rates:           /mnt/data0/yue/2026-03-11-protein-convergence/results/OG_1512/csubst_w_s/csubst_input_alignment.fa.rate
  Ancestral state:               /mnt/data0/yue/2026-03-11-protein-convergence/results/OG_1512/csubst_w_s/csubst_input_alignment.fa.state
  Screen log file:               /mnt/data0/yue/2026-03-11-protein-convergence/results/OG_1512/csubst_w_s/csubst_input_alignment.fa.log

Date and Time: Fri Mar 27 00:35:54 2026
