IQ-TREE multicore version 2.4.0 for Linux x86 64-bit built Feb 12 2025
Developed by Bui Quang Minh, Nguyen Lam Tung, Olga Chernomor, Heiko Schmidt,
Dominik Schrempf, Michael Woodhams, Ly Trong Nhan, Thomas Wong

Host:    brain (AVX2, FMA3, 2015 GB RAM)
Command: /home/yue/miniconda3/envs/py39/bin/iqtree -s /mnt/data0/yue/2026-03-11-protein-convergence/results/OG_4225/csubst_w_s/csubst_input_alignment.fa -te tmp.csubst.nwk -m ECMK07+F+R4 --seqtype CODON1 --threads-max 1 -T AUTO --ancestral --rate --redo
Seed:    923239 (Using SPRNG - Scalable Parallel Random Number Generator)
Time:    Fri Mar 27 12:57:41 2026
Kernel:  AVX+FMA - auto-detect threads (128 CPU cores detected)

Reading alignment file /mnt/data0/yue/2026-03-11-protein-convergence/results/OG_4225/csubst_w_s/csubst_input_alignment.fa ... Fasta format detected
Reading fasta file: done in 0.00142607 secs using 97.47% CPU
Alignment most likely contains DNA/RNA sequences
Converting to codon sequences with genetic code 1 ...
Alignment has 69 sequences with 232 columns, 228 distinct patterns
116 parsimony-informative, 76 singleton sites, 40 constant sites
                                                          Gap/Ambiguity  Composition  p-value
Analyzing sequences: done in 4.80413e-05 secs using 95.75% CPU
   1  DE672|Cluster-46626.0__TRINITY_DN8274_c1_g1_i7.p1          25.43%    passed    100.00%
   2  DE115|Cluster-47108.0__TRINITY_DN2961_c0_g1_i5.p1           0.00%    passed    100.00%
   3  JJ86|Cluster-40333.0__TRINITY_DN8387_c0_g1_i2.p1            5.17%    passed     99.88%
   4  DE127|Cluster-40368.0__TRINITY_DN6298_c0_g1_i2.p1           3.45%    passed    100.00%
   5  DE566|Cluster-51725.0__TRINITY_DN10105_c0_g1_i3.p1          0.00%    passed    100.00%
   6  DE152|Cluster-35283.0__TRINITY_DN4293_c1_g1_i4.p1           0.00%    passed    100.00%
   7  DE741|Cluster-47226.0__TRINITY_DN1233_c0_g1_i12.p1         53.02%    passed     99.43%
   8  SRR3407096|Cluster-25774.0__TRINITY_DN4747_c0_g1_i1.p1      4.74%    passed    100.00%
   9  JJ109|Cluster-43729.0__TRINITY_DN2291_c0_g1_i6.p1          31.90%    passed     90.01%
  10  DE736|Cluster-50756.0__TRINITY_DN2449_c0_g1_i5.p1          31.90%    passed     92.84%
  11  JJ23|Cluster-38910.0__TRINITY_DN550_c0_g1_i9.p1             6.90%    passed    100.00%
  12  DE505|Cluster-15012.0__TRINITY_DN9172_c0_g1_i4.p1           0.86%    passed    100.00%
  13  DE534|Cluster-68949.0__TRINITY_DN4236_c0_g1_i12.p1          0.00%    passed    100.00%
  14  DE554|Cluster-43952.3__TRINITY_DN3882_c0_g1_i10.p1          0.43%    passed    100.00%
  15  DE666|Cluster-28677.0__TRINITY_DN5998_c0_g1_i3.p1           0.00%    passed    100.00%
  16  DE216|Cluster-76477.0__TRINITY_DN2994_c1_g1_i61.p1          0.00%    passed    100.00%
  17  DE542|Cluster-55779.0__TRINITY_DN11096_c0_g1_i5.p1          0.00%    passed    100.00%
  18  DE229|Cluster-56779.2__TRINITY_DN2396_c0_g1_i3.p1          53.02%    passed     93.27%
  19  DE69|Cluster-53769.0__TRINITY_DN1191_c0_g1_i1.p1            0.00%    passed    100.00%
  20  DE541|Cluster-37351.0__TRINITY_DN1575_c0_g1_i8.p1           0.00%    passed    100.00%
  21  DE531|Cluster-48023.0__TRINITY_DN27900_c0_g1_i9.p1          1.29%    passed     99.24%
  22  DE696-dots|Cluster-56199.0__TRINITY_DN9177_c0_g1_i12.p1     1.29%    passed    100.00%
  23  DE126|Cluster-11117.0__TRINITY_DN16378_c2_g1_i4.p1         53.02%    passed     92.44%
  24  DE668|Cluster-48377.0__TRINITY_DN8470_c0_g2_i3.p1          53.02%    passed     98.38%
  25  DE162|Cluster-33686.0__TRINITY_DN2544_c0_g1_i7.p1           0.00%    passed    100.00%
  26  DE704-purple|Cluster-14874.0__TRINITY_DN3917_c1_g5_i1.p1    0.00%    passed    100.00%
  27  DE704-white|Cluster-49618.0__TRINITY_DN3506_c0_g2_i6.p1     0.00%    passed    100.00%
  28  DE507|Cluster-83643.0__TRINITY_DN7443_c0_g1_i5.p1           0.00%    passed    100.00%
  29  DE528|Cluster-18151.0__TRINITY_DN13255_c0_g2_i5.p1         53.02%    passed     96.33%
  30  DE623|Cluster-52668.0__TRINITY_DN1260_c0_g1_i38.p1          0.00%    passed    100.00%
  31  DE575|Cluster-46754.1__TRINITY_DN4286_c0_g1_i19.p1         53.02%    passed     95.75%
  32  DE681|Cluster-61445.0__TRINITY_DN7956_c0_g1_i11.p1          0.00%    passed    100.00%
  33  DE765|Cluster-57475.0__TRINITY_DN2263_c0_g1_i9.p1          53.02%    passed     92.94%
  34  DE560|Cluster-42097.0__TRINITY_DN5003_c0_g1_i27.p1         25.86%    passed     99.99%
  35  JJ125|Cluster-23723.0__TRINITY_DN1246_c0_g2_i1.p1           0.00%    passed    100.00%
  36  JJ85|Cluster-13934.0__TRINITY_DN6195_c0_g1_i4.p1            0.43%    passed    100.00%
  37  DE151|Cluster-22505.0__TRINITY_DN6930_c0_g1_i1.p1           0.00%    passed    100.00%
  38  DE173|Cluster-27954.0__TRINITY_DN1323_c0_g1_i6.p1           0.00%    passed    100.00%
  39  DE476|Cluster-53698.0__TRINITY_DN3396_c0_g1_i9.p1           0.00%    passed    100.00%
  40  DE764|Cluster-34644.0__TRINITY_DN1830_c0_g1_i4.p1           0.00%    passed    100.00%
  41  DE509|Cluster-35608.0__TRINITY_DN7408_c0_g1_i3.p1           0.43%    passed    100.00%
  42  DE696-nodots|Cluster-37302.0__TRINITY_DN3204_c0_g1_i3.p1    0.00%    passed    100.00%
  43  JJ36|Cluster-39993.0__TRINITY_DN2582_c0_g1_i11.p1           0.00%    passed    100.00%
  44  JJ89|Cluster-37641.0__TRINITY_DN2025_c0_g1_i1.p1            0.43%    passed    100.00%
  45  JJ130|Cluster-43200.0__TRINITY_DN194_c2_g1_i13.p1          24.14%    passed    100.00%
  46  DE550|Cluster-43059.0__TRINITY_DN7271_c0_g1_i16.p1          0.43%    passed    100.00%
  47  DE181|Cluster-51452.0__TRINITY_DN6772_c0_g1_i5.p1           0.00%    passed    100.00%
  48  SRR3407086|Cluster-11680.0__TRINITY_DN8586_c0_g1_i2.p1      0.00%    passed    100.00%
  49  DE561|Cluster-43771.0__TRINITY_DN6626_c0_g1_i9.p1          31.90%    passed     99.95%
  50  SRR3424066|Cluster-14528.0__TRINITY_DN9418_c0_g1_i2.p1      0.00%    passed    100.00%
  51  SRR3407088|Cluster-37972.0__TRINITY_DN5513_c0_g1_i3.p1      0.00%    passed    100.00%
  52  DE503|Cluster-11808.1__TRINITY_DN27282_c0_g1_i5.p1          0.00%    passed    100.00%
  53  DE510|Cluster-4739.0__TRINITY_DN35790_c0_g1_i1.p1           0.00%    passed    100.00%
  54  SRR3407087|Cluster-18165.0__TRINITY_DN30453_c0_g1_i1.p1     0.00%    passed    100.00%
  55  SRR3407092|Cluster-30236.0__TRINITY_DN22225_c0_g1_i2.p1     0.00%    passed    100.00%
  56  SRR3407093|Cluster-27963.1__TRINITY_DN6762_c0_g1_i2.p1      0.00%    passed    100.00%
  57  SRR3407094|Cluster-25922.0__TRINITY_DN5563_c0_g1_i4.p1      0.00%    passed    100.00%
  58  DE536|Cluster-39552.0__TRINITY_DN35010_c0_g1_i9.p1         31.90%    passed     91.26%
  59  DE523|Cluster-7076.1__TRINITY_DN11927_c1_g1_i8.p1           0.00%    passed    100.00%
  60  SRR3407095|Cluster-14072.0__TRINITY_DN14022_c0_g1_i1.p1     0.00%    passed    100.00%
  61  DE643|Cluster-84771.0__TRINITY_DN2320_c0_g1_i4.p1           0.00%    passed    100.00%
  62  DE671|Cluster-55025.0__TRINITY_DN1657_c0_g1_i21.p1         31.90%    passed     94.05%
  63  DE164|Cluster-59239.1__TRINITY_DN19761_c0_g1_i5.p1          0.00%    passed    100.00%
  64  DE189|Cluster-31708.1__TRINITY_DN3952_c0_g1_i2.p1           0.00%    passed    100.00%
  65  DE88|Cluster-40698.0__TRINITY_DN3795_c0_g1_i2.p1           60.78%    passed     93.40%
  66  DE504|Cluster-50207.0__TRINITY_DN3313_c0_g1_i40.p1          0.00%    passed    100.00%
  67  JJ15|Cluster-43341.0__TRINITY_DN11338_c0_g1_i8.p1           0.00%    passed    100.00%
  68  DE680|Cluster-50369.1__TRINITY_DN11655_c0_g1_i6.p1          0.00%    passed    100.00%
  69  SRR5150740|Cluster-69879.0__TRINITY_DN5110_c0_g1_i10.p1    43.10%    failed      1.43%
WARNING: 8 sequences contain more than 50% gaps/ambiguity
****  TOTAL                                                      10.66%  1 sequences failed composition chi2 test (p-value<5%; df=60)
Reading input tree file tmp.csubst.nwk ... rooted tree

NOTE: 37 MB RAM (0 GB) is required!
Measuring multi-threading efficiency up to 1 CPU cores
2 trees examined
Threads: 1 / Time: 3.272 sec / Speedup: 1.000 / Efficiency: 100% / LogL: -8200
BEST NUMBER OF THREADS: 1

Estimate model parameters (epsilon = 0.010)
1. Initial log-likelihood: -7474.510
2. Current log-likelihood: -5735.963
3. Current log-likelihood: -5714.342
4. Current log-likelihood: -5707.353
5. Current log-likelihood: -5703.254
6. Current log-likelihood: -5687.406
7. Current log-likelihood: -5687.073
8. Current log-likelihood: -5686.882
9. Current log-likelihood: -5686.745
10. Current log-likelihood: -5686.645
11. Current log-likelihood: -5686.573
12. Current log-likelihood: -5686.524
13. Current log-likelihood: -5686.491
14. Current log-likelihood: -5686.469
15. Current log-likelihood: -5685.706
16. Current log-likelihood: -5685.650
17. Current log-likelihood: -5685.615
18. Current log-likelihood: -5685.593
19. Current log-likelihood: -5685.579
Optimal log-likelihood: -5685.571
Nonsynonymous/synonymous ratio (omega): 1.000
Transition/transversion ratio (kappa): 1.000
Site proportion and rates:  (0.567,0.262) (0.334,1.058) (0.086,3.507) (0.013,15.086)
Parameters optimization took 19 rounds (138.074 sec)
Wrote distance file to... 
BEST SCORE FOUND : -5685.571
Ancestral state probabilities printed to /mnt/data0/yue/2026-03-11-protein-convergence/results/OG_4225/csubst_w_s/csubst_input_alignment.fa.state
Empirical proportions for each category: 0.603 0.310 0.073 0.013
Site rates printed to /mnt/data0/yue/2026-03-11-protein-convergence/results/OG_4225/csubst_w_s/csubst_input_alignment.fa.rate
Total tree length: 4.889

Total number of iterations: 0
CPU time used for tree search: 0.000 sec (0h:0m:0s)
Wall-clock time used for tree search: 0.000 sec (0h:0m:0s)
Total CPU time used: 134.549 sec (0h:2m:14s)
Total wall-clock time used: 142.475 sec (0h:2m:22s)

Analysis results written to: 
  IQ-TREE report:                /mnt/data0/yue/2026-03-11-protein-convergence/results/OG_4225/csubst_w_s/csubst_input_alignment.fa.iqtree
  Maximum-likelihood tree:       /mnt/data0/yue/2026-03-11-protein-convergence/results/OG_4225/csubst_w_s/csubst_input_alignment.fa.treefile
  Site-specific rates:           /mnt/data0/yue/2026-03-11-protein-convergence/results/OG_4225/csubst_w_s/csubst_input_alignment.fa.rate
  Ancestral state:               /mnt/data0/yue/2026-03-11-protein-convergence/results/OG_4225/csubst_w_s/csubst_input_alignment.fa.state
  Screen log file:               /mnt/data0/yue/2026-03-11-protein-convergence/results/OG_4225/csubst_w_s/csubst_input_alignment.fa.log

Date and Time: Fri Mar 27 13:00:04 2026
