IQ-TREE multicore version 2.4.0 for Linux x86 64-bit built Feb 12 2025
Developed by Bui Quang Minh, Nguyen Lam Tung, Olga Chernomor, Heiko Schmidt,
Dominik Schrempf, Michael Woodhams, Ly Trong Nhan, Thomas Wong

Host:    brain (AVX2, FMA3, 2015 GB RAM)
Command: /home/yue/miniconda3/envs/py39/bin/iqtree -s /mnt/data0/yue/2026-03-11-protein-convergence/results/OG_3453/csubst_w_s/csubst_input_alignment.fa -te tmp.csubst.nwk -m ECMK07+F+R4 --seqtype CODON1 --threads-max 1 -T AUTO --ancestral --rate --redo
Seed:    434194 (Using SPRNG - Scalable Parallel Random Number Generator)
Time:    Fri Mar 27 09:25:22 2026
Kernel:  AVX+FMA - auto-detect threads (128 CPU cores detected)

Reading alignment file /mnt/data0/yue/2026-03-11-protein-convergence/results/OG_3453/csubst_w_s/csubst_input_alignment.fa ... Fasta format detected
Reading fasta file: done in 0.00218871 secs using 10.92% CPU
Alignment most likely contains DNA/RNA sequences
Converting to codon sequences with genetic code 1 ...
Alignment has 81 sequences with 542 columns, 527 distinct patterns
278 parsimony-informative, 142 singleton sites, 122 constant sites
                                                               Gap/Ambiguity  Composition  p-value
Analyzing sequences: done in 0.000101313 secs using 98.7% CPU
   1  DE189|Cluster-36240.0__TRINITY_DN4273_c0_g1_i4.p1               18.63%    passed    100.00%
   2  DE542|Cluster-57982.0__TRINITY_DN1707_c1_g1_i13.p1              18.63%    passed    100.00%
   3  JJ131|Cluster-69938.2__TRINITY_DN666_c0_g1_i9.p1                 0.00%    passed    100.00%
   4  SRR5150740|Cluster-22347.0__TRINITY_DN6595_c0_g1_i10.p1          3.32%    passed     99.92%
   5  SRR11748982|Cluster-27474.798__TRINITY_DN4095_c0_g1_i26.p1       8.67%    passed     81.06%
   6  DE216|Cluster-64019.0__TRINITY_DN4230_c0_g1_i5.p1               18.63%    passed    100.00%
   7  DE534|Cluster-30711.0__TRINITY_DN715_c1_g1_i9.p1                40.77%    passed    100.00%
   8  DE476|Cluster-50703.137__TRINITY_DN13269_c0_g1_i7.p1             9.59%    passed    100.00%
   9  DE764|Cluster-40754.0__TRINITY_DN6655_c0_g1_i10.p1               9.59%    passed    100.00%
  10  DE151|Cluster-61160.0__TRINITY_DN5098_c0_g1_i6.p1               33.21%    passed    100.00%
  11  DE173|Cluster-52187.0__TRINITY_DN1942_c0_g1_i13.p1              44.65%    passed    100.00%
  12  DE509|Cluster-34836.0__TRINITY_DN4194_c1_g1_i7.p1               33.21%    passed    100.00%
  13  DE736|Cluster-39199.0__TRINITY_DN18720_c0_g1_i6.p1               0.37%    passed    100.00%
  14  DE643|Cluster-58850.0__TRINITY_DN23765_c0_g1_i3.p1               0.00%    passed    100.00%
  15  DE737|Cluster-50797.0__TRINITY_DN6747_c0_g1_i18.p1              39.48%    passed    100.00%
  16  DE550|Cluster-24952.0__TRINITY_DN4845_c0_g1_i14.p1              39.48%    passed    100.00%
  17  JJ125|Cluster-37857.0__TRINITY_DN3940_c0_g1_i4.p1               39.48%    passed    100.00%
  18  DE672|Cluster-28167.0__TRINITY_DN16816_c0_g2_i5.p1              39.48%    passed    100.00%
  19  DE696-nodots|Cluster-24780.0__TRINITY_DN15591_c0_g1_i10.p1      44.65%    passed    100.00%
  20  DE115|Cluster-58342.0__TRINITY_DN6623_c0_g1_i7.p1               21.40%    passed    100.00%
  21  DE127|Cluster-39064.0__TRINITY_DN8545_c0_g1_i3.p1               35.06%    passed    100.00%
  22  DE554|Cluster-64036.0__TRINITY_DN13731_c0_g1_i2.p1              18.63%    passed    100.00%
  23  DE681|Cluster-64308.0__TRINITY_DN3150_c0_g1_i6.p1               18.63%    passed    100.00%
  24  DE546_urceolata_l|Cluster-35270.0__TRINITY_DN3553_c0_g1_i3.p1   18.63%    passed    100.00%
  25  DE666|Cluster-39420.0__TRINITY_DN4814_c0_g1_i9.p1               19.37%    passed    100.00%
  26  DE162|Cluster-49695.0__TRINITY_DN5162_c0_g1_i1.p1               18.63%    passed    100.00%
  27  DE507|Cluster-66702.0__TRINITY_DN4231_c0_g1_i6.p1               18.63%    passed    100.00%
  28  DE704-white|Cluster-34171.0__TRINITY_DN2282_c0_g1_i11.p1        18.63%    passed    100.00%
  29  JJ74|Cluster-123970.0__TRINITY_DN3515_c0_g1_i22.p1              18.82%    passed    100.00%
  30  DE528|Cluster-40604.0__TRINITY_DN3403_c0_g1_i2.p1                0.00%    passed    100.00%
  31  DE704-purple|Cluster-60297.0__TRINITY_DN3832_c0_g1_i4.p1         0.00%    passed    100.00%
  32  DE152|Cluster-60024.0__TRINITY_DN7068_c0_g1_i3.p1                0.00%    passed    100.00%
  33  DE563|Cluster-55953.0__TRINITY_DN163_c0_g1_i3.p1                 0.37%    passed    100.00%
  34  JJ86|Cluster-51291.0__TRINITY_DN3213_c0_g1_i1.p1                 0.00%    passed    100.00%
  35  DE575|Cluster-25490.0__TRINITY_DN4343_c0_g1_i6.p1                0.00%    passed    100.00%
  36  DE765|Cluster-20322.0__TRINITY_DN5874_c0_g1_i9.p1                4.80%    passed    100.00%
  37  DE680|Cluster-33605.0__TRINITY_DN3288_c0_g1_i1.p1                0.00%    passed    100.00%
  38  DE229|Cluster-91179.0__TRINITY_DN5806_c0_g1_i17.p1               0.00%    passed    100.00%
  39  JJ23|Cluster-46168.0__TRINITY_DN3401_c0_g1_i3.p1                 0.00%    passed    100.00%
  40  DE623|Cluster-17055.0__TRINITY_DN20982_c0_g1_i3.p1              44.65%    passed    100.00%
  41  JJ99|Cluster-19375.0__TRINITY_DN22189_c0_g1_i6.p1                0.00%    passed    100.00%
  42  DE566|Cluster-56209.1__TRINITY_DN3559_c0_g1_i7.p1                0.00%    passed    100.00%
  43  DE668|Cluster-60051.0__TRINITY_DN6002_c0_g1_i2.p1                0.00%    passed    100.00%
  44  JJ109|Cluster-30822.0__TRINITY_DN2134_c0_g1_i3.p1               18.63%    passed    100.00%
  45  JJ130|Cluster-52236.0__TRINITY_DN1077_c0_g1_i4.p1               18.63%    passed    100.00%
  46  DE164|Cluster-45198.0__TRINITY_DN2721_c0_g1_i4.p1               18.63%    passed    100.00%
  47  DE671|Cluster-58366.0__TRINITY_DN10393_c1_g1_i1.p1              18.63%    passed    100.00%
  48  DE531|Cluster-42821.0__TRINITY_DN12804_c0_g2_i4.p1              18.63%    passed    100.00%
  49  DE741|Cluster-27828.0__TRINITY_DN2200_c0_g1_i46.p1              18.63%    passed    100.00%
  50  DE88|Cluster-31227.0__TRINITY_DN4800_c0_g1_i1.p1                18.63%    passed    100.00%
  51  JJ89|Cluster-22874.0__TRINITY_DN5680_c0_g1_i4.p1                18.63%    passed    100.00%
  52  DE549|Cluster-26022.0__TRINITY_DN2981_c0_g1_i1.p1               19.37%    passed    100.00%
  53  DE504|Cluster-53279.0__TRINITY_DN5983_c0_g1_i1.p1               18.63%    passed    100.00%
  54  DE541|Cluster-55019.0__TRINITY_DN5086_c0_g1_i9.p1               18.63%    passed    100.00%
  55  DE181|Cluster-46375.0__TRINITY_DN7248_c0_g2_i6.p1                1.29%    passed    100.00%
  56  SRR3407093|Cluster-38056.0__TRINITY_DN1873_c0_g1_i3.p1           0.00%    passed    100.00%
  57  SRR3424066|Cluster-26458.0__TRINITY_DN5774_c1_g1_i4.p1          17.71%    passed    100.00%
  58  DE510|Cluster-38385.0__TRINITY_DN4194_c0_g1_i5.p1                0.18%    passed    100.00%
  59  DE503|Cluster-60286.0__TRINITY_DN3418_c0_g1_i2.p1                0.00%    passed    100.00%
  60  SRR3407086|Cluster-41103.0__TRINITY_DN2008_c0_g1_i4.p1           1.29%    passed    100.00%
  61  DE561|Cluster-33051.0__TRINITY_DN14050_c0_g1_i24.p1             17.71%    passed    100.00%
  62  SRR3407088|Cluster-37899.0__TRINITY_DN1110_c0_g1_i2.p1           5.17%    passed    100.00%
  63  SRR3407087|Cluster-26137.0__TRINITY_DN2197_c0_g1_i1.p1           0.00%    passed    100.00%
  64  DE505|Cluster-57937.1__TRINITY_DN3853_c0_g1_i16.p1               0.00%    passed    100.00%
  65  SRR3407092|Cluster-34971.0__TRINITY_DN4454_c0_g1_i9.p1           0.00%    passed    100.00%
  66  DE696-dots|Cluster-11850.0__TRINITY_DN2135_c0_g1_i56.p1         65.31%    passed     89.52%
  67  DE519|Cluster-27142.0__TRINITY_DN2004_c0_g1_i41.p1              18.63%    passed    100.00%
  68  JJ85|Cluster-17758.0__TRINITY_DN2141_c0_g1_i3.p1                 0.00%    passed    100.00%
  69  SRR3407094|Cluster-30848.0__TRINITY_DN8625_c0_g1_i1.p1          18.63%    passed    100.00%
  70  DRR082660|Cluster-17531.0__TRINITY_DN3412_c0_g1_i3.p1            0.18%    passed    100.00%
  71  SRR3407095|Cluster-53527.0__TRINITY_DN1833_c0_g1_i5.p1           0.00%    passed    100.00%
  72  DE69|Cluster-52767.0__TRINITY_DN2793_c0_g1_i8.p1                44.65%    passed    100.00%
  73  DRR234970|Cluster-53385.0__TRINITY_DN6447_c0_g2_i1.p1            0.18%    passed    100.00%
  74  DE560|Cluster-40631.0__TRINITY_DN11120_c0_g1_i12.p1             16.42%    passed    100.00%
  75  DE523|Cluster-35200.0__TRINITY_DN3549_c0_g1_i12.p1              23.99%    passed    100.00%
  76  SRR3407096|Cluster-34512.0__TRINITY_DN1782_c0_g1_i2.p1           0.00%    passed    100.00%
  77  DE536|Cluster-49795.0__TRINITY_DN113_c1_g1_i5.p1                16.42%    passed    100.00%
  78  JJ15|Cluster-38361.0__TRINITY_DN46_c0_g1_i1.p1                  16.42%    passed    100.00%
  79  SRR104381|Cluster-24712.0__TRINITY_DN10416_c0_g1_i2.p1           0.00%    passed    100.00%
  80  SRR11934227|Cluster-78691.0__TRINITY_DN47895_c0_g1_i6.p1         9.41%    passed     14.74%
  81  DRR082665|Cluster-29074.0__TRINITY_DN341_c0_g1_i1.p1            16.42%    passed     87.39%
WARNING: 1 sequences contain more than 50% gaps/ambiguity
****  TOTAL                                                           14.74%  0 sequences failed composition chi2 test (p-value<5%; df=60)
Reading input tree file tmp.csubst.nwk ... rooted tree

NOTE: 89 MB RAM (0 GB) is required!
Measuring multi-threading efficiency up to 1 CPU cores
2 trees examined
Threads: 1 / Time: 6.409 sec / Speedup: 1.000 / Efficiency: 100% / LogL: -15038
BEST NUMBER OF THREADS: 1

Estimate model parameters (epsilon = 0.010)
1. Initial log-likelihood: -16822.437
2. Current log-likelihood: -11227.585
3. Current log-likelihood: -11204.394
4. Current log-likelihood: -11201.846
5. Current log-likelihood: -11200.811
6. Current log-likelihood: -11200.457
7. Current log-likelihood: -11193.137
8. Current log-likelihood: -11192.652
9. Current log-likelihood: -11192.555
10. Current log-likelihood: -11192.537
Optimal log-likelihood: -11192.533
Nonsynonymous/synonymous ratio (omega): 1.000
Transition/transversion ratio (kappa): 1.000
Site proportion and rates:  (0.574,0.278) (0.314,0.844) (0.080,3.327) (0.032,9.631)
Parameters optimization took 10 rounds (161.692 sec)
Wrote distance file to... 
BEST SCORE FOUND : -11192.533
Ancestral state probabilities printed to /mnt/data0/yue/2026-03-11-protein-convergence/results/OG_3453/csubst_w_s/csubst_input_alignment.fa.state
Empirical proportions for each category: 0.638 0.253 0.079 0.030
Site rates printed to /mnt/data0/yue/2026-03-11-protein-convergence/results/OG_3453/csubst_w_s/csubst_input_alignment.fa.rate
Total tree length: 4.320

Total number of iterations: 0
CPU time used for tree search: 0.000 sec (0h:0m:0s)
Wall-clock time used for tree search: 0.000 sec (0h:0m:0s)
Total CPU time used: 170.853 sec (0h:2m:50s)
Total wall-clock time used: 171.079 sec (0h:2m:51s)

Analysis results written to: 
  IQ-TREE report:                /mnt/data0/yue/2026-03-11-protein-convergence/results/OG_3453/csubst_w_s/csubst_input_alignment.fa.iqtree
  Maximum-likelihood tree:       /mnt/data0/yue/2026-03-11-protein-convergence/results/OG_3453/csubst_w_s/csubst_input_alignment.fa.treefile
  Site-specific rates:           /mnt/data0/yue/2026-03-11-protein-convergence/results/OG_3453/csubst_w_s/csubst_input_alignment.fa.rate
  Ancestral state:               /mnt/data0/yue/2026-03-11-protein-convergence/results/OG_3453/csubst_w_s/csubst_input_alignment.fa.state
  Screen log file:               /mnt/data0/yue/2026-03-11-protein-convergence/results/OG_3453/csubst_w_s/csubst_input_alignment.fa.log

Date and Time: Fri Mar 27 09:28:13 2026
