IQ-TREE multicore version 2.4.0 for Linux x86 64-bit built Feb 12 2025
Developed by Bui Quang Minh, Nguyen Lam Tung, Olga Chernomor, Heiko Schmidt,
Dominik Schrempf, Michael Woodhams, Ly Trong Nhan, Thomas Wong

Host:    brain (AVX2, FMA3, 2015 GB RAM)
Command: /home/yue/miniconda3/envs/py39/bin/iqtree -s /mnt/data0/yue/2026-03-11-protein-convergence/results/OG_13177/csubst_w_s/csubst_input_alignment.fa -te tmp.csubst.nwk -m ECMK07+F+R4 --seqtype CODON1 --threads-max 1 -T AUTO --ancestral --rate --redo
Seed:    176714 (Using SPRNG - Scalable Parallel Random Number Generator)
Time:    Fri Mar 27 00:04:20 2026
Kernel:  AVX+FMA - auto-detect threads (128 CPU cores detected)

Reading alignment file /mnt/data0/yue/2026-03-11-protein-convergence/results/OG_13177/csubst_w_s/csubst_input_alignment.fa ... Fasta format detected
Reading fasta file: done in 0.00115241 secs
Alignment most likely contains DNA/RNA sequences
Converting to codon sequences with genetic code 1 ...
WARNING: 1 sites contain only gaps or ambiguous characters.
Alignment has 44 sequences with 218 columns, 203 distinct patterns
74 parsimony-informative, 66 singleton sites, 78 constant sites
                                                          Gap/Ambiguity  Composition  p-value
Analyzing sequences: done in 5.6088e-05 secs using 96.28% CPU
   1  DE737|Cluster-28147.0__TRINITY_DN13589_c0_g1_i4.p1          2.29%    passed    100.00%
   2  SRR104381|Cluster-11656.1__TRINITY_DN11129_c0_g1_i2.p1     12.39%    passed     71.39%
   3  DE115|Cluster-6870.0__TRINITY_DN56053_c0_g1_i1.p1           0.46%    passed    100.00%
   4  JJ23|Cluster-10069.0__TRINITY_DN24611_c0_g1_i1.p1          47.71%    passed    100.00%
   5  DE534|Cluster-14416.3__TRINITY_DN4189_c2_g2_i2.p1           0.46%    passed    100.00%
   6  DE536|Cluster-39783.0__TRINITY_DN16300_c0_g1_i7.p1          0.46%    passed    100.00%
   7  DE542|Cluster-53814.0__TRINITY_DN32562_c2_g2_i9.p1          4.13%    passed    100.00%
   8  JJ99|Cluster-12624.0__TRINITY_DN41911_c0_g1_i1.p1           0.46%    passed    100.00%
   9  DE563|Cluster-37166.0__TRINITY_DN59408_c0_g1_i1.p1          0.46%    passed    100.00%
  10  JJ74|Cluster-134328.0__TRINITY_DN70471_c1_g1_i5.p1         28.90%    passed    100.00%
  11  DE668|Cluster-53526.1__TRINITY_DN12575_c0_g1_i4.p1         47.71%    passed     40.04%
  12  DE162|Cluster-5651.0__TRINITY_DN29728_c0_g1_i4.p1           0.46%    passed    100.00%
  13  DE681|Cluster-42227.0__TRINITY_DN4377_c0_g1_i6.p1           0.46%    passed    100.00%
  14  DE704-white|Cluster-68883.1__TRINITY_DN17120_c0_g1_i2.p1    0.46%    passed    100.00%
  15  DE181|Cluster-50369.1__TRINITY_DN11880_c0_g2_i3.p1          0.46%    passed    100.00%
  16  SRR3407086|Cluster-20657.0__TRINITY_DN40271_c0_g1_i2.p1     0.46%    passed    100.00%
  17  DE505|Cluster-28485.0__TRINITY_DN26833_c0_g1_i2.p1          0.46%    passed    100.00%
  18  DE510|Cluster-22292.0__TRINITY_DN36605_c0_g1_i1.p1          0.46%    passed    100.00%
  19  DE69|Cluster-22394.13__TRINITY_DN7486_c0_g1_i6.p1           5.05%    passed    100.00%
  20  SRR3407096|Cluster-20349.0__TRINITY_DN22491_c0_g1_i1.p1     0.46%    passed    100.00%
  21  SRR3407093|Cluster-35040.0__TRINITY_DN17636_c0_g1_i4.p1     0.46%    passed    100.00%
  22  SRR3407087|Cluster-29510.0__TRINITY_DN16973_c0_g1_i1.p1     0.46%    passed    100.00%
  23  SRR3407094|Cluster-28818.1__TRINITY_DN15458_c0_g1_i2.p1    24.31%    passed    100.00%
  24  SRR3424066|Cluster-11039.0__TRINITY_DN10666_c0_g1_i1.p1     0.46%    passed    100.00%
  25  SRR3407088|Cluster-10742.0__TRINITY_DN53649_c0_g1_i1.p1     0.46%    passed    100.00%
  26  SRR3407095|Cluster-32954.0__TRINITY_DN59685_c0_g1_i1.p1     0.46%    passed    100.00%
  27  JJ85|Cluster-42566.1__TRINITY_DN1092_c0_g1_i2.p1            0.46%    passed    100.00%
  28  JJ86|Cluster-38092.0__TRINITY_DN21768_c1_g1_i3.p1           0.46%    passed    100.00%
  29  JJ131|Cluster-28909.0__TRINITY_DN137445_c0_g1_i1.p1        15.60%    passed    100.00%
  30  DE151|Cluster-41851.1__TRINITY_DN11947_c0_g1_i3.p1          0.46%    passed    100.00%
  31  DE164|Cluster-24428.0__TRINITY_DN8339_c0_g1_i3.p1           5.05%    passed    100.00%
  32  DE173|Cluster-28596.0__TRINITY_DN1318_c0_g2_i1.p1           0.46%    passed    100.00%
  33  DE88|Cluster-20158.0__TRINITY_DN3277_c0_g1_i2.p1            0.46%    passed    100.00%
  34  DE643|Cluster-56441.0__TRINITY_DN15792_c0_g1_i3.p1          0.46%    passed    100.00%
  35  JJ130|Cluster-10934.0__TRINITY_DN18967_c0_g2_i1.p1          1.38%    passed    100.00%
  36  DE696-dots|Cluster-36816.1__TRINITY_DN22195_c0_g2_i2.p1     0.92%    passed    100.00%
  37  JJ36|Cluster-35844.0__TRINITY_DN3474_c1_g5_i1.p1            0.92%    passed    100.00%
  38  DE764|Cluster-38175.0__TRINITY_DN8534_c0_g1_i14.p1          0.46%    passed    100.00%
  39  DE509|Cluster-9974.0__TRINITY_DN11477_c0_g1_i3.p1           0.46%    passed    100.00%
  40  DE736|Cluster-11657.0__TRINITY_DN13890_c0_g1_i7.p1          0.46%    passed     89.47%
  41  DE549|Cluster-53284.0__TRINITY_DN953_c2_g1_i1.p1            0.46%    passed    100.00%
  42  DE476|Cluster-19060.0__TRINITY_DN4340_c0_g1_i4.p1           0.46%    passed    100.00%
  43  DE560|Cluster-30087.0__TRINITY_DN14983_c0_g1_i3.p1          5.05%    passed    100.00%
  44  DE216|Cluster-20188.0__TRINITY_DN32772_c0_g1_i1.p1         46.33%    passed     90.92%
****  TOTAL                                                       5.93%  0 sequences failed composition chi2 test (p-value<5%; df=60)
Reading input tree file tmp.csubst.nwk ... rooted tree

NOTE: 22 MB RAM (0 GB) is required!
Measuring multi-threading efficiency up to 1 CPU cores
2 trees examined
Threads: 1 / Time: 1.074 sec / Speedup: 1.000 / Efficiency: 100% / LogL: -4413
BEST NUMBER OF THREADS: 1

Estimate model parameters (epsilon = 0.010)
1. Initial log-likelihood: -4493.647
2. Current log-likelihood: -3063.222
3. Current log-likelihood: -3062.409
4. Current log-likelihood: -3062.071
5. Current log-likelihood: -3054.654
6. Current log-likelihood: -3054.576
7. Current log-likelihood: -3054.548
8. Current log-likelihood: -3054.536
Optimal log-likelihood: -3054.531
Nonsynonymous/synonymous ratio (omega): 1.000
Transition/transversion ratio (kappa): 1.000
Site proportion and rates:  (0.491,0.298) (0.283,1.439) (0.207,1.522) (0.020,6.750)
Parameters optimization took 8 rounds (30.660 sec)
Wrote distance file to... 
BEST SCORE FOUND : -3054.531
Ancestral state probabilities printed to /mnt/data0/yue/2026-03-11-protein-convergence/results/OG_13177/csubst_w_s/csubst_input_alignment.fa.state
Empirical proportions for each category: 0.587 0.394 0.000 0.018
Site rates printed to /mnt/data0/yue/2026-03-11-protein-convergence/results/OG_13177/csubst_w_s/csubst_input_alignment.fa.rate
Total tree length: 2.037

Total number of iterations: 0
CPU time used for tree search: 0.000 sec (0h:0m:0s)
Wall-clock time used for tree search: 0.000 sec (0h:0m:0s)
Total CPU time used: 32.430 sec (0h:0m:32s)
Total wall-clock time used: 32.466 sec (0h:0m:32s)

Analysis results written to: 
  IQ-TREE report:                /mnt/data0/yue/2026-03-11-protein-convergence/results/OG_13177/csubst_w_s/csubst_input_alignment.fa.iqtree
  Maximum-likelihood tree:       /mnt/data0/yue/2026-03-11-protein-convergence/results/OG_13177/csubst_w_s/csubst_input_alignment.fa.treefile
  Site-specific rates:           /mnt/data0/yue/2026-03-11-protein-convergence/results/OG_13177/csubst_w_s/csubst_input_alignment.fa.rate
  Ancestral state:               /mnt/data0/yue/2026-03-11-protein-convergence/results/OG_13177/csubst_w_s/csubst_input_alignment.fa.state
  Screen log file:               /mnt/data0/yue/2026-03-11-protein-convergence/results/OG_13177/csubst_w_s/csubst_input_alignment.fa.log

Date and Time: Fri Mar 27 00:04:52 2026
