IQ-TREE multicore version 2.4.0 for Linux x86 64-bit built Feb 12 2025
Developed by Bui Quang Minh, Nguyen Lam Tung, Olga Chernomor, Heiko Schmidt,
Dominik Schrempf, Michael Woodhams, Ly Trong Nhan, Thomas Wong

Host:    brain (AVX2, FMA3, 2015 GB RAM)
Command: /home/yue/miniconda3/envs/py39/bin/iqtree -s /mnt/data0/yue/2026-03-11-protein-convergence/results/OG_7470/csubst_w_s/csubst_input_alignment.fa -te tmp.csubst.nwk -m ECMK07+F+R4 --seqtype CODON1 --threads-max 1 -T AUTO --ancestral --rate --redo
Seed:    34847 (Using SPRNG - Scalable Parallel Random Number Generator)
Time:    Sat Mar 28 00:51:53 2026
Kernel:  AVX+FMA - auto-detect threads (128 CPU cores detected)

Reading alignment file /mnt/data0/yue/2026-03-11-protein-convergence/results/OG_7470/csubst_w_s/csubst_input_alignment.fa ... Fasta format detected
Reading fasta file: done in 0.00159125 secs using 47.95% CPU
Alignment most likely contains DNA/RNA sequences
Converting to codon sequences with genetic code 1 ...
WARNING: 1 sites contain only gaps or ambiguous characters.
Alignment has 74 sequences with 409 columns, 383 distinct patterns
158 parsimony-informative, 117 singleton sites, 134 constant sites
                                                               Gap/Ambiguity  Composition  p-value
Analyzing sequences: done in 7.27326e-05 secs using 98.99% CPU
   1  SRR3407095|Cluster-40387.0__TRINITY_DN216_c0_g1_i3.p1            0.49%    passed    100.00%
   2  DE69|Cluster-46171.0__TRINITY_DN1467_c0_g1_i8.p1                54.77%    passed     99.99%
   3  SRR3407093|Cluster-23030.0__TRINITY_DN470_c0_g1_i1.p1            0.49%    passed    100.00%
   4  SRR3407096|Cluster-15023.0__TRINITY_DN314_c0_g2_i2.p1            0.49%    passed    100.00%
   5  DE503|Cluster-23929.0__TRINITY_DN5031_c0_g1_i1.p1                0.49%    passed    100.00%
   6  DE561|Cluster-50200.0__TRINITY_DN4278_c0_g3_i1.p1                0.49%    passed    100.00%
   7  SRR3407086|Cluster-37292.0__TRINITY_DN560_c0_g2_i1.p1            0.49%    passed    100.00%
   8  SRR3424066|Cluster-4610.0__TRINITY_DN1392_c0_g1_i1.p1            0.49%    passed    100.00%
   9  SRR3407094|Cluster-38817.0__TRINITY_DN334_c0_g1_i1.p1            0.49%    passed    100.00%
  10  DE523|Cluster-14985.0__TRINITY_DN460_c0_g1_i1.p1                54.77%    passed    100.00%
  11  DE510|Cluster-2428.0__TRINITY_DN102_c0_g1_i2.p1                  0.49%    passed    100.00%
  12  SRR3407092|Cluster-37847.0__TRINITY_DN989_c0_g1_i2.p1            0.49%    passed    100.00%
  13  SRR3407088|Cluster-4052.0__TRINITY_DN172_c2_g1_i1.p1             0.49%    passed    100.00%
  14  DE115|Cluster-64355.1__TRINITY_DN1844_c0_g4_i1.p1                0.24%    passed    100.00%
  15  DE126|Cluster-22114.0__TRINITY_DN165_c1_g2_i1.p1                 0.24%    passed    100.00%
  16  DE563|Cluster-11610.0__TRINITY_DN2931_c0_g1_i1.p1                0.24%    passed    100.00%
  17  DE623|Cluster-20417.0__TRINITY_DN3195_c0_g1_i1.p1                0.24%    passed    100.00%
  18  DE680|Cluster-21972.0__TRINITY_DN194_c8_g1_i1.p1                 0.24%    passed    100.00%
  19  DE575|Cluster-36824.1__TRINITY_DN346_c0_g3_i2.p1                 0.24%    passed    100.00%
  20  DE681|Cluster-60184.0__TRINITY_DN7596_c0_g1_i2.p1                0.24%    passed    100.00%
  21  DE765|Cluster-39727.0__TRINITY_DN777_c2_g1_i1.p1                 0.24%    passed    100.00%
  22  DE162|Cluster-48100.0__TRINITY_DN7243_c1_g2_i1.p1                0.24%    passed    100.00%
  23  DE507|Cluster-2980.0__TRINITY_DN9717_c0_g2_i1.p1                 0.24%    passed    100.00%
  24  DE528|Cluster-23989.0__TRINITY_DN11_c0_g1_i6.p1                  0.24%    passed    100.00%
  25  DE704-purple|Cluster-26263.0__TRINITY_DN13636_c0_g1_i1.p1        0.24%    passed    100.00%
  26  DE704-white|Cluster-55619.0__TRINITY_DN12065_c1_g1_i1.p1         0.24%    passed    100.00%
  27  DE127|Cluster-29657.1__TRINITY_DN1222_c0_g5_i1.p1                0.24%    passed    100.00%
  28  DE554|Cluster-58570.0__TRINITY_DN14163_c0_g1_i1.p1               0.24%    passed    100.00%
  29  DE666|Cluster-2045.0__TRINITY_DN9958_c1_g2_i1.p1                 0.24%    passed    100.00%
  30  DE668|Cluster-54446.0__TRINITY_DN10244_c0_g1_i1.p1               0.24%    passed    100.00%
  31  DE152|Cluster-10793.0__TRINITY_DN6439_c1_g2_i1.p1                0.49%    passed    100.00%
  32  JJ99|Cluster-793.0__TRINITY_DN3029_c2_g1_i1.p1                   0.49%    passed    100.00%
  33  DE229|Cluster-6882.0__TRINITY_DN463_c0_g1_i1.p1                  0.49%    passed     99.99%
  34  DE164|Cluster-25131.0__TRINITY_DN2245_c0_g1_i2.p1               40.10%    passed    100.00%
  35  DE476|Cluster-33042.0__TRINITY_DN966_c0_g2_i1.p1                 0.24%    passed    100.00%
  36  DE549|Cluster-30337.0__TRINITY_DN601_c1_g3_i1.p1                 0.24%    passed    100.00%
  37  DE672|Cluster-3251.0__TRINITY_DN1122_c0_g3_i1.p1                 0.24%    passed    100.00%
  38  DE737|Cluster-5752.0__TRINITY_DN2482_c0_g1_i1.p1                 0.24%    passed    100.00%
  39  DE550|Cluster-24557.0__TRINITY_DN759_c0_g1_i1.p1                 0.24%    passed    100.00%
  40  DE88|Cluster-39663.210__TRINITY_DN3715_c0_g1_i16.p1              0.24%    passed    100.00%
  41  JJ89|Cluster-35040.0__TRINITY_DN116_c0_g1_i1.p1                  0.24%    passed    100.00%
  42  DE504|Cluster-23357.0__TRINITY_DN4844_c0_g1_i7.p1               26.89%    passed    100.00%
  43  JJ125|Cluster-17839.0__TRINITY_DN8340_c0_g4_i1.p1                0.24%    passed    100.00%
  44  DRR082660|Cluster-11404.0__TRINITY_DN3082_c0_g1_i1.p1            0.24%    passed    100.00%
  45  DE216|Cluster-84324.0__TRINITY_DN32155_c0_g2_i1.p1               0.24%    passed    100.00%
  46  DE534|Cluster-48455.0__TRINITY_DN2191_c1_g1_i1.p1                0.24%    passed    100.00%
  47  JJ15|Cluster-54593.0__TRINITY_DN1988_c3_g3_i1.p1                 0.24%    passed    100.00%
  48  DE542|Cluster-57819.0__TRINITY_DN7529_c2_g2_i3.p1                0.24%    passed    100.00%
  49  DE536|Cluster-18261.1__TRINITY_DN7233_c0_g1_i6.p1                0.24%    passed    100.00%
  50  JJ74|Cluster-111639.0__TRINITY_DN4510_c0_g3_i2.p1                0.24%    passed    100.00%
  51  DE151|Cluster-56186.2__TRINITY_DN801_c0_g3_i1.p1                 0.24%    passed    100.00%
  52  DE764|Cluster-32026.0__TRINITY_DN915_c0_g1_i1.p1                55.01%    passed     99.97%
  53  DE173|Cluster-26368.0__TRINITY_DN4747_c0_g2_i1.p1                0.24%    passed    100.00%
  54  DE736|Cluster-59092.0__TRINITY_DN7628_c0_g3_i4.p1                0.24%    passed    100.00%
  55  JJ109|Cluster-44047.0__TRINITY_DN449_c0_g2_i1.p1                 0.24%    passed    100.00%
  56  JJ130|Cluster-16412.0__TRINITY_DN168_c1_g2_i1.p1                 0.24%    passed    100.00%
  57  DE189|Cluster-10267.0__TRINITY_DN10921_c0_g2_i4.p1              21.03%    passed    100.00%
  58  DE671|Cluster-53044.0__TRINITY_DN16653_c0_g1_i1.p1               0.24%    passed    100.00%
  59  DE531|Cluster-12843.0__TRINITY_DN2695_c3_g3_i2.p1               54.52%    passed     99.94%
  60  DE696-nodots|Cluster-10441.0__TRINITY_DN5302_c0_g7_i1.p1        54.52%    passed     99.80%
  61  DE696-dots|Cluster-42416.0__TRINITY_DN214_c1_g1_i1.p1            0.24%    passed    100.00%
  62  JJ36|Cluster-3967.0__TRINITY_DN1687_c0_g7_i1.p1                  0.24%    passed    100.00%
  63  DE541|Cluster-40976.0__TRINITY_DN297_c0_g1_i1.p1                 0.24%    passed    100.00%
  64  JJ85|Cluster-32497.0__TRINITY_DN1097_c0_g1_i2.p1                 0.24%    passed    100.00%
  65  DE519|Cluster-20142.0__TRINITY_DN20223_c0_g1_i1.p1               0.24%    passed    100.00%
  66  DE741|Cluster-906.0__TRINITY_DN704_c0_g1_i1.p1                   0.24%    passed    100.00%
  67  DE546_urceolata_l|Cluster-32646.0__TRINITY_DN1949_c1_g2_i3.p1    0.24%    passed    100.00%
  68  DE643|Cluster-63452.0__TRINITY_DN45036_c0_g1_i1.p1              42.05%    passed    100.00%
  69  DE560|Cluster-27185.0__TRINITY_DN662_c0_g1_i4.p1                42.05%    passed    100.00%
  70  DE566|Cluster-60707.0__TRINITY_DN244_c1_g1_i3.p1                54.52%    passed     99.73%
  71  DRR234970|Cluster-8939.0__TRINITY_DN1761_c0_g1_i2.p1             0.24%    passed    100.00%
  72  JJ86|Cluster-40106.2__TRINITY_DN9444_c2_g1_i8.p1                49.63%    passed     99.82%
  73  JJ23|Cluster-23918.0__TRINITY_DN3095_c0_g5_i2.p1                18.34%    passed     96.50%
  74  JJ131|Cluster-64487.1__TRINITY_DN2468_c0_g1_i3.p1                4.89%    passed    100.00%
WARNING: 6 sequences contain more than 50% gaps/ambiguity
****  TOTAL                                                            7.99%  0 sequences failed composition chi2 test (p-value<5%; df=60)
Reading input tree file tmp.csubst.nwk ... rooted tree

NOTE: 62 MB RAM (0 GB) is required!
Measuring multi-threading efficiency up to 1 CPU cores
2 trees examined
Threads: 1 / Time: 3.710 sec / Speedup: 1.000 / Efficiency: 100% / LogL: -9261
BEST NUMBER OF THREADS: 1

Estimate model parameters (epsilon = 0.010)
1. Initial log-likelihood: -10557.759
2. Current log-likelihood: -6490.541
3. Current log-likelihood: -6490.165
4. Current log-likelihood: -6489.997
5. Current log-likelihood: -6489.855
6. Current log-likelihood: -6489.727
7. Current log-likelihood: -6489.612
8. Current log-likelihood: -6489.511
9. Current log-likelihood: -6489.423
10. Current log-likelihood: -6489.349
11. Current log-likelihood: -6489.288
12. Current log-likelihood: -6489.237
13. Current log-likelihood: -6489.196
14. Current log-likelihood: -6489.162
15. Current log-likelihood: -6489.133
16. Current log-likelihood: -6489.109
17. Current log-likelihood: -6489.089
18. Current log-likelihood: -6489.070
19. Current log-likelihood: -6489.054
20. Current log-likelihood: -6489.039
21. Current log-likelihood: -6489.026
22. Current log-likelihood: -6489.013
23. Current log-likelihood: -6489.000
24. Current log-likelihood: -6488.989
25. Current log-likelihood: -6488.977
26. Current log-likelihood: -6488.966
27. Current log-likelihood: -6488.955
28. Current log-likelihood: -6488.943
29. Current log-likelihood: -6488.932
30. Current log-likelihood: -6488.920
31. Current log-likelihood: -6488.908
32. Current log-likelihood: -6488.896
33. Current log-likelihood: -6488.885
34. Current log-likelihood: -6488.873
35. Current log-likelihood: -6488.863
Optimal log-likelihood: -6488.853
Nonsynonymous/synonymous ratio (omega): 1.000
Transition/transversion ratio (kappa): 1.000
Site proportion and rates:  (0.718,0.419) (0.167,1.515) (0.047,3.573) (0.068,4.066)
Parameters optimization took 35 rounds (285.032 sec)
Wrote distance file to... 
BEST SCORE FOUND : -6488.853
Ancestral state probabilities printed to /mnt/data0/yue/2026-03-11-protein-convergence/results/OG_7470/csubst_w_s/csubst_input_alignment.fa.state
Empirical proportions for each category: 0.785 0.132 0.000 0.083
Site rates printed to /mnt/data0/yue/2026-03-11-protein-convergence/results/OG_7470/csubst_w_s/csubst_input_alignment.fa.rate
Total tree length: 2.422

Total number of iterations: 0
CPU time used for tree search: 0.000 sec (0h:0m:0s)
Wall-clock time used for tree search: 0.000 sec (0h:0m:0s)
Total CPU time used: 290.197 sec (0h:4m:50s)
Total wall-clock time used: 290.430 sec (0h:4m:50s)

Analysis results written to: 
  IQ-TREE report:                /mnt/data0/yue/2026-03-11-protein-convergence/results/OG_7470/csubst_w_s/csubst_input_alignment.fa.iqtree
  Maximum-likelihood tree:       /mnt/data0/yue/2026-03-11-protein-convergence/results/OG_7470/csubst_w_s/csubst_input_alignment.fa.treefile
  Site-specific rates:           /mnt/data0/yue/2026-03-11-protein-convergence/results/OG_7470/csubst_w_s/csubst_input_alignment.fa.rate
  Ancestral state:               /mnt/data0/yue/2026-03-11-protein-convergence/results/OG_7470/csubst_w_s/csubst_input_alignment.fa.state
  Screen log file:               /mnt/data0/yue/2026-03-11-protein-convergence/results/OG_7470/csubst_w_s/csubst_input_alignment.fa.log

Date and Time: Sat Mar 28 00:56:43 2026
