IQ-TREE multicore version 2.4.0 for Linux x86 64-bit built Feb 12 2025
Developed by Bui Quang Minh, Nguyen Lam Tung, Olga Chernomor, Heiko Schmidt,
Dominik Schrempf, Michael Woodhams, Ly Trong Nhan, Thomas Wong

Host:    brain (AVX2, FMA3, 2015 GB RAM)
Command: /home/yue/miniconda3/envs/py39/bin/iqtree -s /mnt/data0/yue/2026-03-11-protein-convergence/results/OG_10889/csubst_w_s/csubst_input_alignment.fa -te tmp.csubst.nwk -m ECMK07+F+R4 --seqtype CODON1 --threads-max 1 -T AUTO --ancestral --rate --redo
Seed:    412920 (Using SPRNG - Scalable Parallel Random Number Generator)
Time:    Thu Mar 26 21:33:25 2026
Kernel:  AVX+FMA - auto-detect threads (128 CPU cores detected)

Reading alignment file /mnt/data0/yue/2026-03-11-protein-convergence/results/OG_10889/csubst_w_s/csubst_input_alignment.fa ... Fasta format detected
Reading fasta file: done in 0.00170331 secs
Alignment most likely contains DNA/RNA sequences
Converting to codon sequences with genetic code 1 ...
WARNING: 1 sites contain only gaps or ambiguous characters.
Alignment has 62 sequences with 233 columns, 217 distinct patterns
82 parsimony-informative, 80 singleton sites, 71 constant sites
                                                          Gap/Ambiguity  Composition  p-value
Analyzing sequences: done in 8.88854e-05 secs
   1  DE126|Cluster-47238.1__TRINITY_DN13936_c0_g1_i3.p1          0.43%    passed     40.38%
   2  DE507|Cluster-39851.0__TRINITY_DN8082_c0_g1_i2.p1          54.94%    passed     99.98%
   3  DE704-purple|Cluster-62820.0__TRINITY_DN2396_c0_g2_i6.p1   54.94%    passed     99.97%
   4  JJ86|Cluster-47808.0__TRINITY_DN1153_c1_g1_i7.p2           54.94%    passed    100.00%
   5  DE704-white|Cluster-45072.0__TRINITY_DN18588_c0_g1_i5.p1   54.94%    passed    100.00%
   6  DE162|Cluster-32878.3__TRINITY_DN21822_c0_g2_i3.p1          0.43%    passed    100.00%
   7  DE528|Cluster-52123.0__TRINITY_DN1156_c1_g1_i10.p1          0.43%    passed    100.00%
   8  DE127|Cluster-20715.0__TRINITY_DN135_c0_g3_i1.p1            0.43%    passed    100.00%
   9  DE681|Cluster-52294.0__TRINITY_DN6107_c0_g1_i1.p1           0.43%    passed    100.00%
  10  DE554|Cluster-10870.0__TRINITY_DN120_c1_g1_i1.p1            0.43%    passed    100.00%
  11  DE575|Cluster-7525.0__TRINITY_DN11856_c0_g1_i1.p1           0.43%    passed    100.00%
  12  DE765|Cluster-55858.0__TRINITY_DN4948_c2_g1_i1.p1           0.43%    passed    100.00%
  13  DE623|Cluster-27433.0__TRINITY_DN787_c2_g1_i1.p1            0.43%    passed    100.00%
  14  DE668|Cluster-42689.0__TRINITY_DN3549_c2_g1_i1.p1           0.43%    passed    100.00%
  15  DE534|Cluster-54737.1__TRINITY_DN7592_c0_g1_i3.p1           0.43%    passed    100.00%
  16  DE666|Cluster-24943.0__TRINITY_DN5143_c3_g1_i1.p1           0.43%    passed    100.00%
  17  JJ74|Cluster-51765.1__TRINITY_DN28970_c0_g1_i2.p1           0.43%    passed    100.00%
  18  DE566|Cluster-54236.0__TRINITY_DN7254_c0_g1_i7.p1           0.43%    passed    100.00%
  19  DE151|Cluster-6999.14__TRINITY_DN755_c10_g1_i1.p1           0.43%    passed    100.00%
  20  DE189|Cluster-24397.0__TRINITY_DN3036_c0_g1_i2.p1           0.43%    passed    100.00%
  21  DE173|Cluster-19087.0__TRINITY_DN5479_c0_g2_i1.p1          24.89%    passed    100.00%
  22  JJ109|Cluster-40028.0__TRINITY_DN7214_c0_g1_i4.p1          54.94%    passed     99.98%
  23  DE509|Cluster-33646.0__TRINITY_DN5947_c0_g1_i1.p1          54.94%    passed     99.99%
  24  DE736|Cluster-63119.0__TRINITY_DN2833_c0_g1_i13.p1          0.43%    passed    100.00%
  25  DE764|Cluster-16537.0__TRINITY_DN293_c0_g2_i1.p1            0.43%    passed    100.00%
  26  JJ130|Cluster-28702.0__TRINITY_DN3896_c0_g3_i2.p1           0.43%    passed    100.00%
  27  DE164|Cluster-52854.2__TRINITY_DN21791_c0_g1_i5.p1          0.43%    passed    100.00%
  28  DE737|Cluster-49109.0__TRINITY_DN9504_c0_g1_i1.p1          54.94%    passed     99.97%
  29  DE476|Cluster-60476.0__TRINITY_DN4346_c0_g2_i3.p1           0.43%    passed    100.00%
  30  DE504|Cluster-15731.0__TRINITY_DN5687_c0_g1_i1.p1           0.43%    passed    100.00%
  31  SRR3407092|Cluster-33472.3__TRINITY_DN2597_c0_g2_i16.p1     0.43%    passed    100.00%
  32  DE531|Cluster-3785.0__TRINITY_DN973_c5_g1_i1.p1             0.43%    passed     99.99%
  33  DE696-dots|Cluster-5405.0__TRINITY_DN3460_c0_g1_i1.p1       0.43%    passed    100.00%
  34  DE696-nodots|Cluster-57930.0__TRINITY_DN2898_c0_g1_i2.p1    0.43%    passed    100.00%
  35  JJ36|Cluster-6802.0__TRINITY_DN50037_c0_g1_i1.p1            0.43%    passed    100.00%
  36  JJ89|Cluster-7662.0__TRINITY_DN3358_c0_g3_i1.p1             0.43%    passed    100.00%
  37  DE672|Cluster-44148.0__TRINITY_DN16912_c0_g1_i5.p1          0.43%    passed    100.00%
  38  DE549|Cluster-52372.0__TRINITY_DN3613_c1_g1_i1.p1           0.43%    passed    100.00%
  39  SRR3407096|Cluster-12175.0__TRINITY_DN4556_c0_g1_i2.p1      0.43%    passed    100.00%
  40  DE523|Cluster-53694.0__TRINITY_DN7067_c0_g1_i1.p1           0.43%    passed    100.00%
  41  SRR3407095|Cluster-23723.0__TRINITY_DN1442_c1_g2_i1.p1      0.43%    passed    100.00%
  42  DE69|Cluster-54912.1__TRINITY_DN2202_c1_g1_i3.p1            0.43%    passed    100.00%
  43  DE541|Cluster-42971.0__TRINITY_DN7153_c0_g1_i2.p1           0.43%    passed    100.00%
  44  JJ85|Cluster-44009.0__TRINITY_DN7009_c0_g3_i1.p1            0.43%    passed    100.00%
  45  DE503|Cluster-54990.0__TRINITY_DN1727_c0_g1_i5.p1           0.43%    passed    100.00%
  46  DE505|Cluster-36372.0__TRINITY_DN362_c1_g1_i12.p1           0.43%    passed    100.00%
  47  SRR3407087|Cluster-43202.0__TRINITY_DN4106_c0_g1_i1.p1      0.43%    passed    100.00%
  48  DE510|Cluster-39322.0__TRINITY_DN3752_c0_g2_i2.p1           0.43%    passed    100.00%
  49  DE561|Cluster-38454.0__TRINITY_DN4317_c0_g1_i3.p1           0.43%    passed    100.00%
  50  SRR3407094|Cluster-5214.0__TRINITY_DN4098_c0_g1_i4.p1       0.43%    passed    100.00%
  51  JJ125|Cluster-17817.0__TRINITY_DN1345_c0_g2_i1.p1           0.43%    passed    100.00%
  52  SRR3407088|Cluster-40461.0__TRINITY_DN5806_c0_g1_i1.p1      0.43%    passed    100.00%
  53  SRR3407093|Cluster-18697.0__TRINITY_DN15087_c0_g1_i2.p1     0.43%    passed    100.00%
  54  DE560|Cluster-16772.3__TRINITY_DN9776_c0_g2_i2.p1           0.43%    passed    100.00%
  55  DE643|Cluster-64404.0__TRINITY_DN31563_c1_g1_i5.p1          0.43%    passed    100.00%
  56  DE519|Cluster-76069.0__TRINITY_DN26487_c0_g1_i1.p1          0.43%    passed    100.00%
  57  DE229|Cluster-55054.1__TRINITY_DN2070_c0_g1_i8.p1          21.46%    passed    100.00%
  58  DE542|Cluster-17584.1__TRINITY_DN14818_c0_g1_i1.p1         54.94%    passed     99.89%
  59  JJ99|Cluster-44167.0__TRINITY_DN6392_c0_g1_i10.p1           0.43%    passed    100.00%
  60  DE88|Cluster-28224.0__TRINITY_DN7959_c0_g1_i1.p1            0.43%    passed    100.00%
  61  DE671|Cluster-11319.0__TRINITY_DN1613_c1_g1_i1.p1           0.43%    passed    100.00%
  62  SRR11748982|Cluster-23248.1__TRINITY_DN625_c5_g1_i5.p1      3.43%    failed      2.70%
WARNING: 8 sequences contain more than 50% gaps/ambiguity
****  TOTAL                                                       8.24%  1 sequences failed composition chi2 test (p-value<5%; df=60)
WARNING: States(s) CGA, CGG, TCC rarely appear in alignment and may cause numerical problems
Reading input tree file tmp.csubst.nwk ... rooted tree

NOTE: 33 MB RAM (0 GB) is required!
Measuring multi-threading efficiency up to 1 CPU cores
2 trees examined
Threads: 1 / Time: 1.783 sec / Speedup: 1.000 / Efficiency: 100% / LogL: -4999
BEST NUMBER OF THREADS: 1

Estimate model parameters (epsilon = 0.010)
1. Initial log-likelihood: -5543.890
2. Current log-likelihood: -3367.590
3. Current log-likelihood: -3367.391
4. Current log-likelihood: -3367.310
5. Current log-likelihood: -3367.277
6. Current log-likelihood: -3367.260
7. Current log-likelihood: -3367.248
Optimal log-likelihood: -3367.239
Nonsynonymous/synonymous ratio (omega): 1.000
Transition/transversion ratio (kappa): 1.000
Site proportion and rates:  (0.519,0.357) (0.251,0.944) (0.200,1.998) (0.030,5.914)
Parameters optimization took 7 rounds (35.871 sec)
Wrote distance file to... 
BEST SCORE FOUND : -3367.239
Ancestral state probabilities printed to /mnt/data0/yue/2026-03-11-protein-convergence/results/OG_10889/csubst_w_s/csubst_input_alignment.fa.state
Empirical proportions for each category: 0.631 0.163 0.185 0.021
Site rates printed to /mnt/data0/yue/2026-03-11-protein-convergence/results/OG_10889/csubst_w_s/csubst_input_alignment.fa.rate
Total tree length: 2.108

Total number of iterations: 0
CPU time used for tree search: 0.000 sec (0h:0m:0s)
Wall-clock time used for tree search: 0.000 sec (0h:0m:0s)
Total CPU time used: 38.654 sec (0h:0m:38s)
Total wall-clock time used: 38.746 sec (0h:0m:38s)

Analysis results written to: 
  IQ-TREE report:                /mnt/data0/yue/2026-03-11-protein-convergence/results/OG_10889/csubst_w_s/csubst_input_alignment.fa.iqtree
  Maximum-likelihood tree:       /mnt/data0/yue/2026-03-11-protein-convergence/results/OG_10889/csubst_w_s/csubst_input_alignment.fa.treefile
  Site-specific rates:           /mnt/data0/yue/2026-03-11-protein-convergence/results/OG_10889/csubst_w_s/csubst_input_alignment.fa.rate
  Ancestral state:               /mnt/data0/yue/2026-03-11-protein-convergence/results/OG_10889/csubst_w_s/csubst_input_alignment.fa.state
  Screen log file:               /mnt/data0/yue/2026-03-11-protein-convergence/results/OG_10889/csubst_w_s/csubst_input_alignment.fa.log

Date and Time: Thu Mar 26 21:34:04 2026
