IQ-TREE multicore version 2.4.0 for Linux x86 64-bit built Feb 12 2025
Developed by Bui Quang Minh, Nguyen Lam Tung, Olga Chernomor, Heiko Schmidt,
Dominik Schrempf, Michael Woodhams, Ly Trong Nhan, Thomas Wong

Host:    brain (AVX2, FMA3, 2015 GB RAM)
Command: /home/yue/miniconda3/envs/py39/bin/iqtree -s /mnt/data0/yue/2026-03-11-protein-convergence/results/OG_9165/csubst_w_s/csubst_input_alignment.fa -te tmp.csubst.nwk -m ECMK07+F+R4 --seqtype CODON1 --threads-max 1 -T AUTO --ancestral --rate --redo
Seed:    861033 (Using SPRNG - Scalable Parallel Random Number Generator)
Time:    Sat Mar 28 05:11:20 2026
Kernel:  AVX+FMA - auto-detect threads (128 CPU cores detected)

Reading alignment file /mnt/data0/yue/2026-03-11-protein-convergence/results/OG_9165/csubst_w_s/csubst_input_alignment.fa ... Fasta format detected
Reading fasta file: done in 0.00100282 secs using 33.21% CPU
Alignment most likely contains DNA/RNA sequences
Converting to codon sequences with genetic code 1 ...
WARNING: 1 sites contain only gaps or ambiguous characters.
Alignment has 71 sequences with 267 columns, 251 distinct patterns
135 parsimony-informative, 67 singleton sites, 65 constant sites
                                                               Gap/Ambiguity  Composition  p-value
Analyzing sequences: done in 4.55678e-05 secs using 32.92% CPU
   1  DE115|Cluster-9400.0__TRINITY_DN4149_c0_g2_i1.p1                 0.37%    passed    100.00%
   2  DE126|Cluster-37471.0__TRINITY_DN2505_c0_g3_i1.p1                0.37%    passed    100.00%
   3  DE162|Cluster-40348.0__TRINITY_DN2801_c0_g1_i2.p1                0.37%    passed    100.00%
   4  DE507|Cluster-86567.0__TRINITY_DN8824_c0_g1_i1.p1                0.37%    passed    100.00%
   5  JJ23|Cluster-47057.0__TRINITY_DN15806_c0_g1_i1.p1                0.37%    passed    100.00%
   6  DE704-purple|Cluster-22099.0__TRINITY_DN9887_c0_g1_i1.p1         0.37%    passed    100.00%
   7  DE704-white|Cluster-57449.0__TRINITY_DN106_c0_g1_i11.p1          0.37%    passed    100.00%
   8  JJ86|Cluster-17276.0__TRINITY_DN1800_c2_g1_i1.p1                 0.37%    passed    100.00%
   9  DE229|Cluster-56366.0__TRINITY_DN7082_c0_g2_i4.p1                0.37%    passed    100.00%
  10  DE563|Cluster-45075.0__TRINITY_DN14925_c1_g1_i1.p1               0.37%    passed    100.00%
  11  DE575|Cluster-37440.0__TRINITY_DN4386_c0_g1_i1.p1                0.37%    passed    100.00%
  12  DE681|Cluster-45269.0__TRINITY_DN5347_c0_g1_i3.p1                0.37%    passed    100.00%
  13  DE765|Cluster-32798.0__TRINITY_DN3184_c0_g3_i1.p1                0.37%    passed    100.00%
  14  JJ125|Cluster-35729.0__TRINITY_DN2052_c0_g1_i4.p1                7.87%    passed    100.00%
  15  DE152|Cluster-40330.0__TRINITY_DN2072_c0_g1_i2.p1                0.37%    passed    100.00%
  16  DE181|Cluster-35954.0__TRINITY_DN2523_c0_g1_i1.p1                0.37%    passed    100.00%
  17  SRR3407086|Cluster-10276.0__TRINITY_DN7277_c0_g1_i1.p1           0.37%    passed    100.00%
  18  DE503|Cluster-53781.0__TRINITY_DN28470_c0_g1_i3.p1               0.37%    passed    100.00%
  19  SRR3407087|Cluster-335.0__TRINITY_DN2512_c0_g1_i1.p1             0.37%    passed    100.00%
  20  SRR3424066|Cluster-40046.0__TRINITY_DN1305_c0_g1_i3.p1           0.37%    passed    100.00%
  21  DE560|Cluster-12614.0__TRINITY_DN10754_c0_g1_i3.p1               0.37%    passed    100.00%
  22  SRR3407095|Cluster-21896.0__TRINITY_DN1892_c0_g1_i1.p1           0.37%    passed    100.00%
  23  DE69|Cluster-35358.0__TRINITY_DN2438_c1_g1_i2.p1                 0.37%    passed    100.00%
  24  DE561|Cluster-34347.0__TRINITY_DN14574_c0_g2_i1.p1               0.37%    passed     11.23%
  25  DE523|Cluster-43387.0__TRINITY_DN2592_c0_g1_i1.p1                0.37%    passed    100.00%
  26  SRR3407088|Cluster-35146.0__TRINITY_DN2329_c0_g1_i3.p1           0.37%    passed    100.00%
  27  SRR3407093|Cluster-1560.0__TRINITY_DN1087_c1_g3_i1.p1            0.37%    passed    100.00%
  28  SRR3407092|Cluster-7854.0__TRINITY_DN7776_c0_g3_i2.p1            0.37%    passed    100.00%
  29  SRR3407094|Cluster-2518.0__TRINITY_DN871_c0_g2_i1.p1             0.37%    passed    100.00%
  30  DE510|Cluster-33122.0__TRINITY_DN1025_c0_g2_i4.p1                6.37%    passed    100.00%
  31  DE519|Cluster-40747.0__TRINITY_DN9697_c0_g1_i1.p1                0.37%    passed    100.00%
  32  DE528|Cluster-35980.0__TRINITY_DN5819_c0_g1_i2.p1                0.37%    passed    100.00%
  33  DE127|Cluster-17146.35__TRINITY_DN4647_c0_g1_i1.p1               0.37%    passed    100.00%
  34  DE554|Cluster-39355.0__TRINITY_DN8984_c0_g1_i1.p1                0.37%    passed    100.00%
  35  DE546_urceolata_l|Cluster-7791.0__TRINITY_DN57024_c0_g1_i1.p1   37.45%    passed     99.93%
  36  DE666|Cluster-35654.0__TRINITY_DN1642_c1_g1_i4.p1                0.37%    passed    100.00%
  37  DE623|Cluster-2177.0__TRINITY_DN5629_c0_g1_i1.p1                 0.37%    passed    100.00%
  38  DE680|Cluster-32944.0__TRINITY_DN2433_c1_g1_i4.p1                0.37%    passed    100.00%
  39  DE668|Cluster-58780.0__TRINITY_DN11665_c0_g1_i10.p1              0.37%    passed    100.00%
  40  JJ99|Cluster-22865.0__TRINITY_DN1532_c0_g3_i2.p1                 0.37%    passed    100.00%
  41  DE536|Cluster-7660.0__TRINITY_DN2545_c0_g4_i1.p1                 0.37%    passed    100.00%
  42  DE534|Cluster-39939.0__TRINITY_DN15210_c0_g7_i1.p1               0.37%    passed    100.00%
  43  DE542|Cluster-22092.0__TRINITY_DN9900_c0_g4_i1.p1                0.37%    passed    100.00%
  44  JJ74|Cluster-92713.0__TRINITY_DN2438_c0_g1_i1.p1                 0.75%    passed    100.00%
  45  DRR082660|Cluster-16840.0__TRINITY_DN5394_c0_g3_i1.p1            0.37%    passed    100.00%
  46  JJ85|Cluster-25161.0__TRINITY_DN8351_c1_g2_i1.p1                 0.37%    passed    100.00%
  47  SRR3407096|Cluster-10971.0__TRINITY_DN3968_c0_g2_i1.p1           0.37%    passed    100.00%
  48  DE566|Cluster-36568.0__TRINITY_DN160_c0_g1_i3.p1                 2.62%    passed    100.00%
  49  DE151|Cluster-47180.0__TRINITY_DN2452_c0_g1_i8.p1                0.37%    passed    100.00%
  50  DE173|Cluster-3222.0__TRINITY_DN1919_c0_g1_i1.p1                 0.37%    passed    100.00%
  51  DE189|Cluster-36625.0__TRINITY_DN876_c0_g3_i1.p1                 0.37%    passed    100.00%
  52  JJ109|Cluster-8288.0__TRINITY_DN939_c0_g1_i1.p1                  0.37%    passed    100.00%
  53  DE541|Cluster-37105.0__TRINITY_DN103_c0_g1_i2.p1                 0.37%    passed    100.00%
  54  JJ89|Cluster-3950.0__TRINITY_DN13011_c0_g4_i1.p1                 0.37%    passed    100.00%
  55  DE88|Cluster-23588.0__TRINITY_DN316_c0_g2_i2.p1                  0.37%    passed    100.00%
  56  JJ130|Cluster-33128.0__TRINITY_DN3086_c0_g1_i1.p1                0.37%    passed    100.00%
  57  DE476|Cluster-48554.0__TRINITY_DN20145_c0_g1_i1.p1               1.50%    passed    100.00%
  58  DE509|Cluster-34758.1__TRINITY_DN9466_c1_g1_i4.p1                0.37%    passed    100.00%
  59  DE764|Cluster-12329.0__TRINITY_DN178_c0_g3_i1.p1                 0.37%    passed    100.00%
  60  DE549|Cluster-37419.0__TRINITY_DN3196_c0_g1_i1.p1                0.37%    passed    100.00%
  61  DE164|Cluster-40207.0__TRINITY_DN46076_c0_g1_i9.p1               0.37%    passed    100.00%
  62  DE643|Cluster-37490.1__TRINITY_DN1748_c0_g2_i3.p1                0.37%    passed    100.00%
  63  DE671|Cluster-46932.0__TRINITY_DN13474_c0_g1_i2.p1               0.37%    passed    100.00%
  64  DE672|Cluster-11190.9__TRINITY_DN2350_c1_g1_i2.p1                1.12%    passed    100.00%
  65  DE737|Cluster-18031.0__TRINITY_DN1667_c0_g1_i1.p1                0.37%    passed    100.00%
  66  DE550|Cluster-25249.0__TRINITY_DN8141_c0_g1_i2.p1                0.37%    passed    100.00%
  67  DE531|Cluster-29810.0__TRINITY_DN4809_c0_g3_i2.p1                0.37%    passed    100.00%
  68  DE696-nodots|Cluster-29233.0__TRINITY_DN4265_c0_g1_i2.p1         0.37%    passed    100.00%
  69  DE696-dots|Cluster-55510.0__TRINITY_DN4478_c2_g4_i1.p1           0.37%    passed    100.00%
  70  JJ36|Cluster-31300.0__TRINITY_DN10716_c0_g3_i2.p1                0.37%    passed    100.00%
  71  JJ131|Cluster-57379.2__TRINITY_DN5290_c0_g1_i13.p1               1.50%    passed    100.00%
****  TOTAL                                                            1.17%  0 sequences failed composition chi2 test (p-value<5%; df=60)
WARNING: States(s) CGC rarely appear in alignment and may cause numerical problems
Reading input tree file tmp.csubst.nwk ... rooted tree

NOTE: 42 MB RAM (0 GB) is required!
Measuring multi-threading efficiency up to 1 CPU cores
2 trees examined
Threads: 1 / Time: 2.267 sec / Speedup: 1.000 / Efficiency: 100% / LogL: -7689
BEST NUMBER OF THREADS: 1

Estimate model parameters (epsilon = 0.010)
1. Initial log-likelihood: -7872.895
2. Current log-likelihood: -5421.999
3. Current log-likelihood: -5421.775
4. Current log-likelihood: -5421.591
5. Current log-likelihood: -5421.375
6. Current log-likelihood: -5421.049
7. Current log-likelihood: -5420.483
8. Current log-likelihood: -5414.320
9. Current log-likelihood: -5413.836
10. Current log-likelihood: -5413.096
11. Current log-likelihood: -5407.398
12. Current log-likelihood: -5406.766
13. Current log-likelihood: -5404.811
14. Current log-likelihood: -5404.667
15. Current log-likelihood: -5404.171
16. Current log-likelihood: -5404.130
17. Current log-likelihood: -5404.116
Optimal log-likelihood: -5404.112
Nonsynonymous/synonymous ratio (omega): 1.000
Transition/transversion ratio (kappa): 1.000
Site proportion and rates:  (0.459,0.279) (0.445,1.076) (0.090,3.695) (0.006,10.381)
Parameters optimization took 17 rounds (109.894 sec)
Wrote distance file to... 
BEST SCORE FOUND : -5404.112
Ancestral state probabilities printed to /mnt/data0/yue/2026-03-11-protein-convergence/results/OG_9165/csubst_w_s/csubst_input_alignment.fa.state
Empirical proportions for each category: 0.483 0.442 0.071 0.004
Site rates printed to /mnt/data0/yue/2026-03-11-protein-convergence/results/OG_9165/csubst_w_s/csubst_input_alignment.fa.rate
Total tree length: 3.057

Total number of iterations: 0
CPU time used for tree search: 0.000 sec (0h:0m:0s)
Wall-clock time used for tree search: 0.000 sec (0h:0m:0s)
Total CPU time used: 113.288 sec (0h:1m:53s)
Total wall-clock time used: 113.409 sec (0h:1m:53s)

Analysis results written to: 
  IQ-TREE report:                /mnt/data0/yue/2026-03-11-protein-convergence/results/OG_9165/csubst_w_s/csubst_input_alignment.fa.iqtree
  Maximum-likelihood tree:       /mnt/data0/yue/2026-03-11-protein-convergence/results/OG_9165/csubst_w_s/csubst_input_alignment.fa.treefile
  Site-specific rates:           /mnt/data0/yue/2026-03-11-protein-convergence/results/OG_9165/csubst_w_s/csubst_input_alignment.fa.rate
  Ancestral state:               /mnt/data0/yue/2026-03-11-protein-convergence/results/OG_9165/csubst_w_s/csubst_input_alignment.fa.state
  Screen log file:               /mnt/data0/yue/2026-03-11-protein-convergence/results/OG_9165/csubst_w_s/csubst_input_alignment.fa.log

Date and Time: Sat Mar 28 05:13:14 2026
