IQ-TREE multicore version 2.4.0 for Linux x86 64-bit built Feb 12 2025
Developed by Bui Quang Minh, Nguyen Lam Tung, Olga Chernomor, Heiko Schmidt,
Dominik Schrempf, Michael Woodhams, Ly Trong Nhan, Thomas Wong

Host:    brain (AVX2, FMA3, 2015 GB RAM)
Command: /home/yue/miniconda3/envs/py39/bin/iqtree -s /mnt/data0/yue/2026-03-11-protein-convergence/results/OG_1657/csubst_w_s/csubst_input_alignment.fa -te tmp.csubst.nwk -m ECMK07+F+R4 --seqtype CODON1 --threads-max 1 -T AUTO --ancestral --rate --redo
Seed:    812212 (Using SPRNG - Scalable Parallel Random Number Generator)
Time:    Fri Mar 27 01:02:40 2026
Kernel:  AVX+FMA - auto-detect threads (128 CPU cores detected)

Reading alignment file /mnt/data0/yue/2026-03-11-protein-convergence/results/OG_1657/csubst_w_s/csubst_input_alignment.fa ... Fasta format detected
Reading fasta file: done in 0.00221695 secs using 33.33% CPU
Alignment most likely contains DNA/RNA sequences
Converting to codon sequences with genetic code 1 ...
WARNING: 1 sites contain only gaps or ambiguous characters.
Alignment has 94 sequences with 473 columns, 462 distinct patterns
350 parsimony-informative, 61 singleton sites, 62 constant sites
                                                               Gap/Ambiguity  Composition  p-value
Analyzing sequences: done in 0.000114545 secs using 98.65% CPU
   1  DE115|Cluster-66960.1__TRINITY_DN5520_c0_g1_i1.p1                0.42%    passed    100.00%
   2  JJ86|Cluster-31623.0__TRINITY_DN12961_c2_g1_i3.p1               52.01%    failed      1.93%
   3  DE162|Cluster-50320.0__TRINITY_DN21826_c1_g1_i4.p1              32.77%    failed      0.07%
   4  DE528|Cluster-19259.13__TRINITY_DN20204_c0_g4_i1.p1              3.38%    passed     23.12%
   5  DE507|Cluster-46848.0__TRINITY_DN14303_c3_g1_i1.p1              21.35%    failed      3.77%
   6  DE563|Cluster-11502.0__TRINITY_DN5637_c1_g1_i3.p1                0.21%    passed    100.00%
   7  DE503|Cluster-26713.0__TRINITY_DN3500_c3_g1_i1.p1                0.21%    passed    100.00%
   8  DE505|Cluster-14154.1__TRINITY_DN6698_c0_g1_i1.p1                0.21%    passed    100.00%
   9  DE510|Cluster-52063.0__TRINITY_DN3269_c0_g2_i1.p1                0.21%    passed    100.00%
  10  SRR3407093|Cluster-31010.0__TRINITY_DN2141_c0_g1_i1.p1           0.21%    passed    100.00%
  11  SRR3407094|Cluster-33014.0__TRINITY_DN4758_c1_g2_i1.p1           0.21%    passed    100.00%
  12  SRR3407087|Cluster-19809.0__TRINITY_DN7620_c0_g1_i1.p1           0.21%    passed    100.00%
  13  SRR3407095|Cluster-53189.0__TRINITY_DN423_c0_g1_i1.p1            0.21%    passed    100.00%
  14  DE519|Cluster-39982.0__TRINITY_DN2126_c0_g2_i10.p1               0.21%    passed    100.00%
  15  DE534|Cluster-29249.0__TRINITY_DN5368_c0_g2_i1.p1                0.21%    passed    100.00%
  16  DE69|Cluster-25750.76__TRINITY_DN1643_c0_g1_i7.p1                0.21%    passed    100.00%
  17  SRR3407092|Cluster-24453.1__TRINITY_DN3587_c0_g1_i12.p1          0.21%    passed    100.00%
  18  JJ15|Cluster-41103.0__TRINITY_DN1766_c0_g3_i2.p1                 0.21%    passed    100.00%
  19  JJ74|Cluster-97973.0__TRINITY_DN19203_c0_g2_i2.p1                0.21%    passed    100.00%
  20  DE152|Cluster-23423.1__TRINITY_DN306_c1_g1_i1.p1                 0.21%    passed    100.00%
  21  DE542|Cluster-63318.0__TRINITY_DN31_c0_g2_i3.p1                  0.21%    passed    100.00%
  22  DE566|Cluster-44424.0__TRINITY_DN14935_c0_g1_i1.p1               0.21%    passed    100.00%
  23  DE741|Cluster-38175.0__TRINITY_DN266_c0_g1_i3.p1                 0.21%    passed    100.00%
  24  DE126|Cluster-16494.0__TRINITY_DN431_c1_g1_i1.p1                 0.21%    passed    100.00%
  25  JJ23|Cluster-49039.0__TRINITY_DN44652_c3_g1_i1.p1                0.21%    passed    100.00%
  26  DE127|Cluster-22279.1__TRINITY_DN4044_c1_g1_i2.p1                0.21%    passed    100.00%
  27  DE666|Cluster-41274.0__TRINITY_DN2492_c0_g1_i3.p1               32.77%    passed     71.64%
  28  DE554|Cluster-19105.0__TRINITY_DN424_c1_g1_i1.p1                 0.21%    passed    100.00%
  29  DE546_urceolata_l|Cluster-26786.0__TRINITY_DN7545_c0_g1_i2.p1    0.21%    passed    100.00%
  30  JJ131|Cluster-34819.3__TRINITY_DN2440_c0_g1_i4.p1                0.21%    passed    100.00%
  31  SRR3424066|Cluster-17931.0__TRINITY_DN11002_c1_g1_i1.p1          0.21%    passed    100.00%
  32  SRR3407088|Cluster-1391.0__TRINITY_DN4011_c0_g1_i1.p1            0.21%    passed    100.00%
  33  DE561|Cluster-29023.0__TRINITY_DN9489_c0_g2_i2.p1                0.21%    passed    100.00%
  34  DE181|Cluster-31567.1__TRINITY_DN124_c1_g3_i1.p1                 0.21%    passed    100.00%
  35  SRR3407086|Cluster-15429.0__TRINITY_DN8790_c0_g1_i1.p1           0.21%    passed    100.00%
  36  DE229|Cluster-94467.0__TRINITY_DN1051_c0_g1_i1.p1                0.21%    passed    100.00%
  37  DRR082660|Cluster-31292.0__TRINITY_DN4851_c1_g1_i1.p1            0.21%    passed    100.00%
  38  DE560|Cluster-12778.0__TRINITY_DN3924_c0_g1_i1.p1                0.21%    passed    100.00%
  39  SRR3407096|Cluster-22987.0__TRINITY_DN1663_c0_g2_i1.p1           0.21%    passed    100.00%
  40  DE523|Cluster-26076.0__TRINITY_DN1481_c0_g1_i1.p1                0.21%    passed    100.00%
  41  JJ85|Cluster-31577.0__TRINITY_DN2755_c2_g1_i1.p1                 0.21%    passed    100.00%
  42  JJ99|Cluster-2550.1__TRINITY_DN3118_c1_g1_i1.p1                  0.21%    passed    100.00%
  43  DE536|Cluster-30506.3__TRINITY_DN4554_c2_g1_i7.p1                3.81%    passed     62.77%
  44  DRR234970|Cluster-45568.0__TRINITY_DN3911_c0_g1_i1.p1            0.21%    passed     99.95%
  45  SRR5150740|Cluster-64680.1__TRINITY_DN407_c0_g1_i4.p1            0.21%    passed     99.98%
  46  DE476|Cluster-46057.0__TRINITY_DN2533_c1_g1_i1.p1                0.21%    passed    100.00%
  47  DE509|Cluster-30704.0__TRINITY_DN18626_c0_g1_i1.p1              20.51%    passed     99.97%
  48  DE736|Cluster-25586.1__TRINITY_DN2526_c0_g2_i3.p1                0.21%    passed    100.00%
  49  DE737|Cluster-44181.0__TRINITY_DN850_c1_g1_i2.p1                 0.21%    passed    100.00%
  50  DE504|Cluster-35358.0__TRINITY_DN13759_c0_g1_i2.p1               0.21%    passed    100.00%
  51  DE550|Cluster-11423.0__TRINITY_DN38138_c0_g1_i1.p1               0.21%    passed    100.00%
  52  DE764|Cluster-27638.0__TRINITY_DN1725_c3_g1_i1.p1                0.21%    passed    100.00%
  53  DE541|Cluster-14087.0__TRINITY_DN1915_c0_g2_i1.p1                0.21%    passed    100.00%
  54  JJ89|Cluster-28551.2__TRINITY_DN7011_c2_g1_i1.p1                 0.21%    passed    100.00%
  55  DE162|Cluster-43585.3__TRINITY_DN4623_c0_g1_i1.p1                0.42%    passed    100.00%
  56  DE528|Cluster-25166.0__TRINITY_DN20204_c0_g2_i1.p1               0.42%    passed    100.00%
  57  DE507|Cluster-81863.0__TRINITY_DN2645_c0_g1_i2.p1                0.42%    passed    100.00%
  58  DE704-purple|Cluster-48039.0__TRINITY_DN2044_c0_g1_i1.p1         0.42%    passed    100.00%
  59  JJ125|Cluster-7745.0__TRINITY_DN32143_c0_g1_i1.p1                0.21%    passed    100.00%
  60  DE531|Cluster-23564.0__TRINITY_DN14849_c0_g1_i2.p1              32.77%    passed     35.01%
  61  JJ36|Cluster-37770.0__TRINITY_DN556_c2_g1_i2.p1                  0.21%    passed    100.00%
  62  DE696-dots|Cluster-54403.0__TRINITY_DN8350_c3_g1_i2.p1           0.21%    passed    100.00%
  63  DE696-nodots|Cluster-33936.0__TRINITY_DN5204_c0_g1_i1.p1         0.21%    passed    100.00%
  64  DE151|Cluster-58138.0__TRINITY_DN3221_c0_g1_i2.p1                0.21%    passed    100.00%
  65  JJ109|Cluster-47212.0__TRINITY_DN9101_c1_g2_i1.p1                0.21%    passed    100.00%
  66  DE173|Cluster-4592.4__TRINITY_DN4310_c0_g1_i3.p1                 0.21%    passed    100.00%
  67  DE189|Cluster-16227.1__TRINITY_DN608_c2_g1_i1.p1                 0.21%    passed    100.00%
  68  JJ130|Cluster-19805.0__TRINITY_DN6716_c3_g1_i1.p1                0.21%    passed    100.00%
  69  DE88|Cluster-36291.0__TRINITY_DN2052_c0_g1_i3.p1                 0.21%    passed    100.00%
  70  DE164|Cluster-56508.1__TRINITY_DN8708_c0_g1_i1.p1                0.21%    passed    100.00%
  71  DE643|Cluster-73063.1__TRINITY_DN459_c0_g2_i1.p1                 0.21%    passed    100.00%
  72  DE671|Cluster-23628.0__TRINITY_DN1539_c1_g2_i1.p1                0.21%    passed    100.00%
  73  DE672|Cluster-22887.0__TRINITY_DN8337_c0_g1_i2.p1                0.21%    passed    100.00%
  74  DE549|Cluster-40823.0__TRINITY_DN9901_c0_g1_i6.p1               15.64%    passed     99.97%
  75  DE668|Cluster-23418.0__TRINITY_DN21662_c0_g1_i1.p1              24.31%    passed     89.80%
  76  DE575|Cluster-56388.0__TRINITY_DN3265_c0_g1_i1.p1                0.42%    passed    100.00%
  77  DE681|Cluster-46409.0__TRINITY_DN10718_c0_g1_i2.p1               0.42%    passed    100.00%
  78  DE765|Cluster-2579.0__TRINITY_DN6321_c0_g1_i1.p1                 0.42%    passed    100.00%
  79  DE680|Cluster-22031.0__TRINITY_DN3171_c1_g1_i1.p1                0.21%    passed    100.00%
  80  DE623|Cluster-11083.0__TRINITY_DN22924_c0_g1_i1.p1               0.21%    passed    100.00%
  81  DE216|Cluster-29873.1__TRINITY_DN26871_c0_g1_i3.p1               3.17%    passed     27.31%
  82  JJ15|Cluster-18149.0__TRINITY_DN1766_c0_g1_i1.p1                 3.17%    passed     14.28%
  83  DE542|Cluster-3936.0__TRINITY_DN31_c0_g2_i1.p1                   2.75%    passed     36.84%
  84  DE534|Cluster-47913.0__TRINITY_DN5368_c0_g1_i1.p1                6.13%    passed     68.92%
  85  DE536|Cluster-15280.0__TRINITY_DN25160_c0_g2_i2.p1              56.24%    failed      0.07%
  86  DE680|Cluster-44414.0__TRINITY_DN12526_c0_g1_i2.p1               6.55%    passed     72.07%
  87  DE623|Cluster-26638.0__TRINITY_DN22924_c1_g4_i1.p1              20.51%    passed      8.72%
  88  JJ86|Cluster-53256.0__TRINITY_DN10087_c0_g1_i6.p1               60.47%    failed      0.37%
  89  DE575|Cluster-59045.0__TRINITY_DN65080_c0_g1_i1.p1              58.99%    failed      1.69%
  90  DE563|Cluster-5871.0__TRINITY_DN12738_c0_g2_i1.p1               32.77%    failed      0.00%
  91  DE546_urceolata_l|Cluster-4805.0__TRINITY_DN12450_c0_g1_i1.p1   43.76%    failed      0.66%
  92  DE643|Cluster-62616.0__TRINITY_DN15533_c0_g3_i1.p1              67.02%    failed      0.03%
  93  DE681|Cluster-33658.0__TRINITY_DN65849_c0_g1_i1.p1              56.24%    failed      0.29%
  94  DE741|Cluster-30880.0__TRINITY_DN37260_c0_g1_i2.p1              52.01%    failed      0.00%
WARNING: 7 sequences contain more than 50% gaps/ambiguity
****  TOTAL                                                            7.72%  11 sequences failed composition chi2 test (p-value<5%; df=60)
Reading input tree file tmp.csubst.nwk ... rooted tree

NOTE: 92 MB RAM (0 GB) is required!
Measuring multi-threading efficiency up to 1 CPU cores
2 trees examined
Threads: 1 / Time: 5.169 sec / Speedup: 1.000 / Efficiency: 100% / LogL: -23925
BEST NUMBER OF THREADS: 1

Estimate model parameters (epsilon = 0.010)
1. Initial log-likelihood: -19122.684
2. Current log-likelihood: -12412.112
3. Current log-likelihood: -12411.693
4. Current log-likelihood: -12411.527
5. Current log-likelihood: -12411.469
6. Current log-likelihood: -12411.449
Optimal log-likelihood: -12411.443
Nonsynonymous/synonymous ratio (omega): 1.000
Transition/transversion ratio (kappa): 1.000
Site proportion and rates:  (0.657,0.532) (0.293,1.556) (0.047,3.847) (0.003,4.147)
Parameters optimization took 6 rounds (101.618 sec)
Wrote distance file to... 
BEST SCORE FOUND : -12411.443
Ancestral state probabilities printed to /mnt/data0/yue/2026-03-11-protein-convergence/results/OG_1657/csubst_w_s/csubst_input_alignment.fa.state
Empirical proportions for each category: 0.693 0.264 0.042 0.000
Site rates printed to /mnt/data0/yue/2026-03-11-protein-convergence/results/OG_1657/csubst_w_s/csubst_input_alignment.fa.rate
Total tree length: 4.501

Total number of iterations: 0
CPU time used for tree search: 0.000 sec (0h:0m:0s)
Wall-clock time used for tree search: 0.000 sec (0h:0m:0s)
Total CPU time used: 109.828 sec (0h:1m:49s)
Total wall-clock time used: 110.118 sec (0h:1m:50s)

Analysis results written to: 
  IQ-TREE report:                /mnt/data0/yue/2026-03-11-protein-convergence/results/OG_1657/csubst_w_s/csubst_input_alignment.fa.iqtree
  Maximum-likelihood tree:       /mnt/data0/yue/2026-03-11-protein-convergence/results/OG_1657/csubst_w_s/csubst_input_alignment.fa.treefile
  Site-specific rates:           /mnt/data0/yue/2026-03-11-protein-convergence/results/OG_1657/csubst_w_s/csubst_input_alignment.fa.rate
  Ancestral state:               /mnt/data0/yue/2026-03-11-protein-convergence/results/OG_1657/csubst_w_s/csubst_input_alignment.fa.state
  Screen log file:               /mnt/data0/yue/2026-03-11-protein-convergence/results/OG_1657/csubst_w_s/csubst_input_alignment.fa.log

Date and Time: Fri Mar 27 01:04:30 2026
