IQ-TREE multicore version 2.4.0 for Linux x86 64-bit built Feb 12 2025
Developed by Bui Quang Minh, Nguyen Lam Tung, Olga Chernomor, Heiko Schmidt,
Dominik Schrempf, Michael Woodhams, Ly Trong Nhan, Thomas Wong

Host:    brain (AVX2, FMA3, 2015 GB RAM)
Command: /home/yue/miniconda3/envs/py39/bin/iqtree -s /mnt/data0/yue/2026-03-11-protein-convergence/results/OG_12800/csubst_w_s/csubst_input_alignment.fa -te tmp.csubst.nwk -m ECMK07+F+R4 --seqtype CODON1 --threads-max 1 -T AUTO --ancestral --rate --redo
Seed:    803194 (Using SPRNG - Scalable Parallel Random Number Generator)
Time:    Thu Mar 26 23:43:23 2026
Kernel:  AVX+FMA - auto-detect threads (128 CPU cores detected)

Reading alignment file /mnt/data0/yue/2026-03-11-protein-convergence/results/OG_12800/csubst_w_s/csubst_input_alignment.fa ... Fasta format detected
Reading fasta file: done in 0.00199232 secs
Alignment most likely contains DNA/RNA sequences
Converting to codon sequences with genetic code 1 ...
Alignment has 52 sequences with 441 columns, 415 distinct patterns
144 parsimony-informative, 150 singleton sites, 147 constant sites
                                                               Gap/Ambiguity  Composition  p-value
Analyzing sequences: done in 9.34899e-05 secs
   1  SRR3407086|Cluster-33162.0__TRINITY_DN4125_c0_g1_i1.p1           0.00%    passed    100.00%
   2  DE523|Cluster-34934.0__TRINITY_DN7057_c0_g1_i9.p1               17.46%    passed    100.00%
   3  DE563|Cluster-57131.0__TRINITY_DN5717_c0_g1_i2.p1               14.06%    passed    100.00%
   4  DE666|Cluster-20719.0__TRINITY_DN3350_c0_g1_i6.p1               27.21%    passed    100.00%
   5  SRR3407093|Cluster-37823.1__TRINITY_DN16518_c0_g1_i1.p1         15.42%    passed    100.00%
   6  DE503|Cluster-27634.0__TRINITY_DN11987_c0_g1_i5.p1               0.45%    passed    100.00%
   7  SRR3407092|Cluster-22496.0__TRINITY_DN7552_c0_g1_i2.p1           0.23%    passed    100.00%
   8  DE575|Cluster-52060.0__TRINITY_DN8696_c0_g1_i11.p1              33.56%    passed    100.00%
   9  DE681|Cluster-49532.0__TRINITY_DN8317_c0_g1_i4.p1                0.00%    passed    100.00%
  10  DE765|Cluster-27800.0__TRINITY_DN1139_c0_g1_i12.p1               0.00%    passed    100.00%
  11  DE505|Cluster-24670.0__TRINITY_DN1168_c0_g1_i4.p1                0.23%    passed    100.00%
  12  DE510|Cluster-21150.0__TRINITY_DN10464_c0_g1_i2.p1              19.27%    passed    100.00%
  13  SRR3407087|Cluster-21290.0__TRINITY_DN7671_c0_g1_i2.p1           0.23%    passed    100.00%
  14  SRR3407088|Cluster-18563.0__TRINITY_DN8937_c0_g1_i1.p1           0.45%    passed    100.00%
  15  SRR3407094|Cluster-27389.0__TRINITY_DN10350_c0_g1_i1.p1          0.00%    passed    100.00%
  16  DE680|Cluster-55876.1__TRINITY_DN7186_c0_g1_i4.p1                0.00%    passed    100.00%
  17  DE623|Cluster-57048.0__TRINITY_DN4776_c1_g1_i13.p1              29.25%    passed    100.00%
  18  DE115|Cluster-65254.0__TRINITY_DN6279_c0_g1_i8.p1               16.10%    passed    100.00%
  19  DE668|Cluster-38571.0__TRINITY_DN7766_c0_g1_i5.p1                0.00%    passed    100.00%
  20  DE536|Cluster-54626.0__TRINITY_DN2399_c1_g1_i1.p1                8.16%    passed    100.00%
  21  JJ99|Cluster-44286.2__TRINITY_DN7326_c0_g1_i4.p1                37.64%    passed    100.00%
  22  JJ15|Cluster-45159.0__TRINITY_DN57664_c0_g1_i2.p1               51.93%    passed     99.88%
  23  DE216|Cluster-5429.0__TRINITY_DN7012_c0_g1_i2.p1                 5.44%    passed    100.00%
  24  SRR3407096|Cluster-3591.0__TRINITY_DN6235_c0_g1_i1.p1            0.00%    passed    100.00%
  25  DE476|Cluster-55169.0__TRINITY_DN1705_c0_g2_i3.p1               74.15%    passed     68.60%
  26  DE162|Cluster-37274.0__TRINITY_DN1793_c0_g1_i24.p1               0.00%    passed    100.00%
  27  DE546_urceolata_l|Cluster-41465.0__TRINITY_DN7470_c0_g1_i7.p1    0.23%    passed    100.00%
  28  DE528|Cluster-48830.0__TRINITY_DN7539_c0_g1_i2.p1                6.58%    passed    100.00%
  29  DE704-purple|Cluster-60420.0__TRINITY_DN11033_c0_g1_i6.p1        0.00%    passed    100.00%
  30  DE704-white|Cluster-67767.0__TRINITY_DN7260_c0_g1_i20.p1         4.54%    passed    100.00%
  31  DE127|Cluster-37192.0__TRINITY_DN5756_c0_g1_i2.p1                0.00%    passed    100.00%
  32  DE554|Cluster-43385.0__TRINITY_DN13021_c2_g1_i1.p1               0.00%    passed    100.00%
  33  DE126|Cluster-43396.1__TRINITY_DN6270_c0_g1_i24.p1              28.80%    passed    100.00%
  34  DE507|Cluster-83366.0__TRINITY_DN10056_c0_g1_i18.p1             28.80%    passed    100.00%
  35  SRR5150740|Cluster-61433.0__TRINITY_DN8807_c0_g1_i5.p1          28.57%    passed    100.00%
  36  DE152|Cluster-51247.1__TRINITY_DN4752_c0_g1_i15.p1               0.00%    passed    100.00%
  37  DE741|Cluster-61589.0__TRINITY_DN1833_c0_g1_i21.p1              15.65%    passed    100.00%
  38  SRR3407095|Cluster-15680.0__TRINITY_DN52448_c0_g1_i1.p1          0.23%    passed    100.00%
  39  DE164|Cluster-7399.0__TRINITY_DN2016_c0_g1_i9.p1                19.05%    passed    100.00%
  40  DE671|Cluster-31446.0__TRINITY_DN4114_c0_g1_i4.p1               39.46%    passed    100.00%
  41  DE643|Cluster-71288.0__TRINITY_DN26843_c0_g1_i1.p1               6.80%    passed    100.00%
  42  DE672|Cluster-45945.1__TRINITY_DN13677_c1_g1_i4.p1               0.91%    passed    100.00%
  43  DE504|Cluster-48482.0__TRINITY_DN3101_c0_g1_i9.p1                6.58%    passed    100.00%
  44  JJ89|Cluster-9179.0__TRINITY_DN1546_c0_g1_i4.p1                  6.58%    passed    100.00%
  45  DE88|Cluster-2774.0__TRINITY_DN15999_c0_g1_i3.p1                 0.23%    passed    100.00%
  46  DE509|Cluster-29060.0__TRINITY_DN226_c1_g1_i8.p1                 6.58%    passed    100.00%
  47  DE531|Cluster-51223.0__TRINITY_DN9142_c0_g1_i38.p1              44.22%    passed     99.98%
  48  DE566|Cluster-59344.0__TRINITY_DN23998_c0_g1_i6.p1              51.47%    passed    100.00%
  49  DE542|Cluster-51308.1__TRINITY_DN5869_c0_g1_i34.p1              54.65%    passed    100.00%
  50  DE229|Cluster-90467.0__TRINITY_DN13053_c0_g2_i6.p1              29.02%    passed    100.00%
  51  JJ23|Cluster-42057.0__TRINITY_DN2262_c0_g1_i2.p1                28.80%    passed    100.00%
  52  JJ85|Cluster-41500.0__TRINITY_DN6949_c1_g3_i4.p1                56.46%    passed     99.05%
WARNING: 5 sequences contain more than 50% gaps/ambiguity
****  TOTAL                                                           15.68%  0 sequences failed composition chi2 test (p-value<5%; df=60)
Reading input tree file tmp.csubst.nwk ... rooted tree

NOTE: 46 MB RAM (0 GB) is required!
Measuring multi-threading efficiency up to 1 CPU cores
2 trees examined
Threads: 1 / Time: 2.409 sec / Speedup: 1.000 / Efficiency: 100% / LogL: -8977
BEST NUMBER OF THREADS: 1

Estimate model parameters (epsilon = 0.010)
1. Initial log-likelihood: -9454.438
2. Current log-likelihood: -6515.694
3. Current log-likelihood: -6515.539
4. Current log-likelihood: -6515.492
5. Current log-likelihood: -6515.451
6. Current log-likelihood: -6515.413
7. Current log-likelihood: -6515.376
8. Current log-likelihood: -6515.340
9. Current log-likelihood: -6515.305
10. Current log-likelihood: -6515.271
11. Current log-likelihood: -6515.237
12. Current log-likelihood: -6515.203
13. Current log-likelihood: -6515.169
14. Current log-likelihood: -6515.132
15. Current log-likelihood: -6515.094
16. Current log-likelihood: -6515.053
17. Current log-likelihood: -6515.006
18. Current log-likelihood: -6514.951
19. Current log-likelihood: -6514.885
20. Current log-likelihood: -6514.802
21. Current log-likelihood: -6497.077
22. Current log-likelihood: -6496.992
23. Current log-likelihood: -6496.919
24. Current log-likelihood: -6496.844
25. Current log-likelihood: -6496.763
26. Current log-likelihood: -6496.674
27. Current log-likelihood: -6496.572
28. Current log-likelihood: -6496.449
29. Current log-likelihood: -6496.290
30. Current log-likelihood: -6488.619
31. Current log-likelihood: -6488.444
32. Current log-likelihood: -6488.234
33. Current log-likelihood: -6470.904
34. Current log-likelihood: -6470.651
35. Current log-likelihood: -6470.364
36. Current log-likelihood: -6464.584
37. Current log-likelihood: -6464.303
38. Current log-likelihood: -6460.101
39. Current log-likelihood: -6459.000
40. Current log-likelihood: -6458.241
41. Current log-likelihood: -6457.920
42. Current log-likelihood: -6457.801
43. Current log-likelihood: -6457.721
44. Current log-likelihood: -6457.669
45. Current log-likelihood: -6457.636
46. Current log-likelihood: -6457.616
47. Current log-likelihood: -6457.603
Optimal log-likelihood: -6457.596
Nonsynonymous/synonymous ratio (omega): 1.000
Transition/transversion ratio (kappa): 1.000
Site proportion and rates:  (0.358,0.248) (0.437,0.815) (0.202,2.624) (0.003,9.120)
Parameters optimization took 47 rounds (318.675 sec)
Wrote distance file to... 
BEST SCORE FOUND : -6457.596
Ancestral state probabilities printed to /mnt/data0/yue/2026-03-11-protein-convergence/results/OG_12800/csubst_w_s/csubst_input_alignment.fa.state
Empirical proportions for each category: 0.383 0.438 0.177 0.002
Site rates printed to /mnt/data0/yue/2026-03-11-protein-convergence/results/OG_12800/csubst_w_s/csubst_input_alignment.fa.rate
Total tree length: 2.302

Total number of iterations: 0
CPU time used for tree search: 0.000 sec (0h:0m:0s)
Wall-clock time used for tree search: 0.000 sec (0h:0m:0s)
Total CPU time used: 322.020 sec (0h:5m:22s)
Total wall-clock time used: 322.406 sec (0h:5m:22s)

Analysis results written to: 
  IQ-TREE report:                /mnt/data0/yue/2026-03-11-protein-convergence/results/OG_12800/csubst_w_s/csubst_input_alignment.fa.iqtree
  Maximum-likelihood tree:       /mnt/data0/yue/2026-03-11-protein-convergence/results/OG_12800/csubst_w_s/csubst_input_alignment.fa.treefile
  Site-specific rates:           /mnt/data0/yue/2026-03-11-protein-convergence/results/OG_12800/csubst_w_s/csubst_input_alignment.fa.rate
  Ancestral state:               /mnt/data0/yue/2026-03-11-protein-convergence/results/OG_12800/csubst_w_s/csubst_input_alignment.fa.state
  Screen log file:               /mnt/data0/yue/2026-03-11-protein-convergence/results/OG_12800/csubst_w_s/csubst_input_alignment.fa.log

Date and Time: Thu Mar 26 23:48:46 2026
