IQ-TREE multicore version 2.4.0 for Linux x86 64-bit built Feb 12 2025
Developed by Bui Quang Minh, Nguyen Lam Tung, Olga Chernomor, Heiko Schmidt,
Dominik Schrempf, Michael Woodhams, Ly Trong Nhan, Thomas Wong

Host:    brain (AVX2, FMA3, 2015 GB RAM)
Command: /home/yue/miniconda3/envs/py39/bin/iqtree -s /mnt/data0/yue/2026-03-11-protein-convergence/results/OG_7045/csubst_w_s/csubst_input_alignment.fa -te tmp.csubst.nwk -m ECMK07+F+R4 --seqtype CODON1 --threads-max 1 -T AUTO --ancestral --rate --redo
Seed:    135258 (Using SPRNG - Scalable Parallel Random Number Generator)
Time:    Fri Mar 27 23:34:31 2026
Kernel:  AVX+FMA - auto-detect threads (128 CPU cores detected)

Reading alignment file /mnt/data0/yue/2026-03-11-protein-convergence/results/OG_7045/csubst_w_s/csubst_input_alignment.fa ... Fasta format detected
Reading fasta file: done in 0.00504674 secs using 52.96% CPU
Alignment most likely contains DNA/RNA sequences
Converting to codon sequences with genetic code 1 ...
WARNING: 1 sites contain only gaps or ambiguous characters.
Alignment has 74 sequences with 637 columns, 600 distinct patterns
329 parsimony-informative, 192 singleton sites, 116 constant sites
                                                               Gap/Ambiguity  Composition  p-value
Analyzing sequences: done in 0.000243932 secs using 99.21% CPU
   1  DE563|Cluster-32832.0__TRINITY_DN3207_c0_g1_i9.p1                4.24%    passed    100.00%
   2  DE509|Cluster-12002.0__TRINITY_DN3307_c0_g1_i2.p1                4.24%    passed    100.00%
   3  DE550|Cluster-22329.0__TRINITY_DN3667_c1_g1_i4.p1                3.45%    passed    100.00%
   4  DE504|Cluster-57041.0__TRINITY_DN2663_c0_g1_i1.p1               45.53%    failed      1.04%
   5  SRR11748982|Cluster-22008.1__TRINITY_DN1617_c0_g1_i3.p1          4.55%    passed     43.94%
   6  DE181|Cluster-56650.0__TRINITY_DN3330_c0_g1_i2.p1               24.18%    passed     79.35%
   7  SRR3407086|Cluster-8187.0__TRINITY_DN10032_c0_g2_i1.p1           0.16%    passed    100.00%
   8  DE549|Cluster-39419.0__TRINITY_DN8937_c0_g1_i3.p1               27.79%    passed     70.26%
   9  DE764|Cluster-13151.0__TRINITY_DN1865_c0_g1_i2.p1                4.24%    passed    100.00%
  10  JJ15|Cluster-41578.0__TRINITY_DN912_c1_g2_i1.p1                  0.31%    passed    100.00%
  11  DE737|Cluster-23320.0__TRINITY_DN2054_c1_g1_i1.p1               46.47%    passed     10.88%
  12  DE503|Cluster-57717.0__TRINITY_DN2741_c0_g2_i2.p1                3.14%    passed    100.00%
  13  SRR3407093|Cluster-21800.0__TRINITY_DN13147_c0_g1_i5.p1          3.14%    passed    100.00%
  14  DE523|Cluster-49976.0__TRINITY_DN5575_c1_g1_i2.p1                3.14%    passed    100.00%
  15  JJ131|Cluster-62154.1__TRINITY_DN7685_c0_g2_i6.p1                1.73%    passed    100.00%
  16  DE189|Cluster-18537.0__TRINITY_DN71_c1_g1_i2.p1                  1.88%    passed    100.00%
  17  JJ109|Cluster-43014.0__TRINITY_DN4450_c0_g1_i5.p1                4.55%    passed    100.00%
  18  DE531|Cluster-31161.0__TRINITY_DN3081_c1_g1_i6.p1                4.08%    passed    100.00%
  19  DE696-dots|Cluster-58659.0__TRINITY_DN1150_c1_g1_i7.p1           4.08%    passed    100.00%
  20  DE696-nodots|Cluster-54538.0__TRINITY_DN2039_c2_g1_i3.p1         4.08%    passed    100.00%
  21  DE152|Cluster-47054.0__TRINITY_DN6110_c0_g1_i32.p1               0.16%    passed    100.00%
  22  SRR3407095|Cluster-38073.2__TRINITY_DN10538_c0_g1_i1.p1         50.08%    failed      0.00%
  23  DE575|Cluster-52777.0__TRINITY_DN8381_c0_g1_i1.p1                0.16%    passed    100.00%
  24  DE151|Cluster-51293.0__TRINITY_DN6008_c0_g1_i22.p1              27.79%    passed     58.82%
  25  JJ130|Cluster-21051.4__TRINITY_DN3623_c0_g1_i2.p1                4.08%    passed    100.00%
  26  JJ89|Cluster-11884.0__TRINITY_DN26368_c0_g1_i3.p1                4.08%    passed    100.00%
  27  DE541|Cluster-11324.0__TRINITY_DN7936_c0_g1_i3.p1                4.08%    passed    100.00%
  28  DE88|Cluster-14756.0__TRINITY_DN2171_c0_g2_i4.p1                 4.24%    passed    100.00%
  29  DE561|Cluster-32906.0__TRINITY_DN2838_c1_g2_i1.p1                4.55%    passed    100.00%
  30  SRR3424066|Cluster-7485.0__TRINITY_DN13124_c0_g2_i1.p1           0.16%    passed    100.00%
  31  DE643|Cluster-40618.0__TRINITY_DN6862_c0_g1_i2.p1               20.57%    passed     99.36%
  32  DE736|Cluster-37880.0__TRINITY_DN2581_c2_g1_i4.p1                0.16%    passed    100.00%
  33  DE671|Cluster-26447.0__TRINITY_DN32987_c0_g1_i20.p1             47.25%    failed      0.00%
  34  DE115|Cluster-68607.0__TRINITY_DN4141_c0_g1_i2.p1                0.16%    passed    100.00%
  35  DE127|Cluster-3467.1__TRINITY_DN6702_c0_g1_i3.p1                 0.16%    passed    100.00%
  36  DE554|Cluster-62261.0__TRINITY_DN10420_c0_g1_i6.p1               0.16%    passed    100.00%
  37  DE666|Cluster-45906.0__TRINITY_DN4010_c1_g1_i1.p1               42.39%    failed      2.32%
  38  JJ86|Cluster-36040.0__TRINITY_DN7666_c0_g1_i1.p1                 0.16%    passed    100.00%
  39  DE126|Cluster-20371.0__TRINITY_DN8095_c0_g1_i1.p1                0.16%    passed    100.00%
  40  DE546_urceolata_l|Cluster-20546.0__TRINITY_DN1664_c3_g2_i1.p1    0.16%    passed    100.00%
  41  DE560|Cluster-17691.1__TRINITY_DN6709_c0_g1_i4.p1                0.16%    passed    100.00%
  42  JJ74|Cluster-96292.0__TRINITY_DN24185_c0_g1_i1.p1               42.39%    failed      3.55%
  43  DE519|Cluster-58886.0__TRINITY_DN669_c0_g4_i5.p1                42.39%    failed      2.37%
  44  DE741|Cluster-14596.0__TRINITY_DN10850_c0_g1_i1.p1              42.39%    failed      3.54%
  45  DE216|Cluster-33410.0__TRINITY_DN6283_c0_g2_i1.p1                0.16%    passed    100.00%
  46  DE534|Cluster-29240.0__TRINITY_DN621_c0_g1_i9.p1                42.39%    passed      5.88%
  47  DE542|Cluster-42559.0__TRINITY_DN7563_c2_g1_i1.p1                0.16%    passed    100.00%
  48  DE164|Cluster-21897.0__TRINITY_DN18435_c0_g1_i2.p1               0.16%    passed    100.00%
  49  DE476|Cluster-56068.34__TRINITY_DN8188_c2_g1_i1.p1               3.61%    passed    100.00%
  50  DE672|Cluster-58436.0__TRINITY_DN13743_c0_g1_i5.p1              42.39%    passed     16.16%
  51  JJ36|Cluster-33217.0__TRINITY_DN2015_c0_g1_i2.p1                42.39%    passed      5.50%
  52  DE162|Cluster-25207.0__TRINITY_DN1376_c1_g1_i1.p1               46.78%    passed     11.21%
  53  DE528|Cluster-48815.0__TRINITY_DN7751_c0_g1_i2.p1               42.39%    failed      2.60%
  54  DE680|Cluster-34241.0__TRINITY_DN175_c0_g1_i2.p1                 0.16%    passed    100.00%
  55  DE623|Cluster-42740.0__TRINITY_DN7420_c0_g1_i5.p1               42.39%    failed      1.97%
  56  DE668|Cluster-56456.0__TRINITY_DN10172_c0_g1_i9.p1               0.16%    passed    100.00%
  57  SRR3407096|Cluster-15404.0__TRINITY_DN7735_c0_g1_i3.p1           0.16%    passed    100.00%
  58  DE566|Cluster-56278.0__TRINITY_DN10124_c0_g1_i1.p1              62.64%    failed      3.24%
  59  DE69|Cluster-13442.1__TRINITY_DN26893_c0_g1_i3.p1                0.16%    passed    100.00%
  60  DE505|Cluster-56261.0__TRINITY_DN4357_c0_g1_i2.p1                0.16%    passed    100.00%
  61  SRR3407087|Cluster-44366.0__TRINITY_DN8947_c0_g1_i1.p1          42.39%    failed      2.61%
  62  SRR3407094|Cluster-7965.0__TRINITY_DN3143_c0_g1_i5.p1           42.39%    failed      1.74%
  63  DE510|Cluster-40977.0__TRINITY_DN6749_c0_g1_i2.p1                0.16%    passed    100.00%
  64  SRR3407092|Cluster-3978.0__TRINITY_DN4904_c0_g1_i1.p1            0.16%    passed    100.00%
  65  SRR3407088|Cluster-31885.0__TRINITY_DN13074_c0_g1_i2.p1         42.39%    failed      2.63%
  66  DE536|Cluster-48520.0__TRINITY_DN5438_c0_g1_i3.p1               24.02%    passed     99.16%
  67  JJ99|Cluster-39201.0__TRINITY_DN4776_c0_g1_i3.p1                 0.16%    passed    100.00%
  68  DE229|Cluster-44306.0__TRINITY_DN7068_c0_g1_i2.p1                0.16%    passed    100.00%
  69  JJ23|Cluster-48879.0__TRINITY_DN10305_c0_g1_i1.p1                0.16%    passed    100.00%
  70  DE681|Cluster-47819.0__TRINITY_DN3974_c0_g1_i4.p1               27.79%    passed     90.63%
  71  JJ125|Cluster-32547.0__TRINITY_DN6070_c0_g1_i6.p1                4.55%    passed    100.00%
  72  DE507|Cluster-69597.0__TRINITY_DN6920_c0_g1_i32.p1              28.41%    passed     67.81%
  73  DRR234970|Cluster-53903.0__TRINITY_DN4786_c0_g2_i1.p1            3.14%    passed    100.00%
  74  DE704-purple|Cluster-37023.0__TRINITY_DN332_c0_g1_i1.p1         49.61%    failed      0.02%
WARNING: 2 sequences contain more than 50% gaps/ambiguity
****  TOTAL                                                           15.20%  14 sequences failed composition chi2 test (p-value<5%; df=60)
Reading input tree file tmp.csubst.nwk ... rooted tree

NOTE: 91 MB RAM (0 GB) is required!
Measuring multi-threading efficiency up to 1 CPU cores
2 trees examined
Threads: 1 / Time: 4.708 sec / Speedup: 1.000 / Efficiency: 100% / LogL: -20553
BEST NUMBER OF THREADS: 1

Estimate model parameters (epsilon = 0.010)
1. Initial log-likelihood: -20645.730
2. Current log-likelihood: -13986.689
3. Current log-likelihood: -13986.202
4. Current log-likelihood: -13986.014
5. Current log-likelihood: -13985.930
6. Current log-likelihood: -13985.888
7. Current log-likelihood: -13985.864
8. Current log-likelihood: -13985.849
9. Current log-likelihood: -13985.839
Optimal log-likelihood: -13985.831
Nonsynonymous/synonymous ratio (omega): 1.000
Transition/transversion ratio (kappa): 1.000
Site proportion and rates:  (0.628,0.439) (0.249,1.420) (0.102,2.526) (0.022,5.237)
Parameters optimization took 9 rounds (142.169 sec)
Wrote distance file to... 
BEST SCORE FOUND : -13985.831
Ancestral state probabilities printed to /mnt/data0/yue/2026-03-11-protein-convergence/results/OG_7045/csubst_w_s/csubst_input_alignment.fa.state
Empirical proportions for each category: 0.683 0.224 0.074 0.019
Site rates printed to /mnt/data0/yue/2026-03-11-protein-convergence/results/OG_7045/csubst_w_s/csubst_input_alignment.fa.rate
Total tree length: 3.766

Total number of iterations: 0
CPU time used for tree search: 0.000 sec (0h:0m:0s)
Wall-clock time used for tree search: 0.000 sec (0h:0m:0s)
Total CPU time used: 149.607 sec (0h:2m:29s)
Total wall-clock time used: 150.149 sec (0h:2m:30s)

Analysis results written to: 
  IQ-TREE report:                /mnt/data0/yue/2026-03-11-protein-convergence/results/OG_7045/csubst_w_s/csubst_input_alignment.fa.iqtree
  Maximum-likelihood tree:       /mnt/data0/yue/2026-03-11-protein-convergence/results/OG_7045/csubst_w_s/csubst_input_alignment.fa.treefile
  Site-specific rates:           /mnt/data0/yue/2026-03-11-protein-convergence/results/OG_7045/csubst_w_s/csubst_input_alignment.fa.rate
  Ancestral state:               /mnt/data0/yue/2026-03-11-protein-convergence/results/OG_7045/csubst_w_s/csubst_input_alignment.fa.state
  Screen log file:               /mnt/data0/yue/2026-03-11-protein-convergence/results/OG_7045/csubst_w_s/csubst_input_alignment.fa.log

Date and Time: Fri Mar 27 23:37:01 2026
