IQ-TREE multicore version 2.4.0 for Linux x86 64-bit built Feb 12 2025
Developed by Bui Quang Minh, Nguyen Lam Tung, Olga Chernomor, Heiko Schmidt,
Dominik Schrempf, Michael Woodhams, Ly Trong Nhan, Thomas Wong

Host:    brain (AVX2, FMA3, 2015 GB RAM)
Command: /home/yue/miniconda3/envs/py39/bin/iqtree -s /mnt/data0/yue/2026-03-11-protein-convergence/results/OG_9035/csubst_w_s/csubst_input_alignment.fa -te tmp.csubst.nwk -m ECMK07+F+R4 --seqtype CODON1 --threads-max 1 -T AUTO --ancestral --rate --redo
Seed:    141526 (Using SPRNG - Scalable Parallel Random Number Generator)
Time:    Sat Mar 28 04:55:13 2026
Kernel:  AVX+FMA - auto-detect threads (128 CPU cores detected)

Reading alignment file /mnt/data0/yue/2026-03-11-protein-convergence/results/OG_9035/csubst_w_s/csubst_input_alignment.fa ... Fasta format detected
Reading fasta file: done in 0.00128964 secs using 33.27% CPU
Alignment most likely contains DNA/RNA sequences
Converting to codon sequences with genetic code 1 ...
Alignment has 69 sequences with 372 columns, 355 distinct patterns
181 parsimony-informative, 116 singleton sites, 75 constant sites
                                                                Gap/Ambiguity  Composition  p-value
Analyzing sequences: done in 7.17342e-05 secs using 96.19% CPU
   1  DE668|Cluster-14686.0__TRINITY_DN22022_c0_g1_i1.p1                0.81%    passed    100.00%
   2  JJ109|Cluster-45031.1__TRINITY_DN20916_c0_g1_i5.p1                0.54%    passed    100.00%
   3  DE115|Cluster-36368.0__TRINITY_DN62836_c0_g1_i2.p1                0.27%    passed     99.85%
   4  JJ86|Cluster-42967.0__TRINITY_DN3686_c1_g2_i4.p1                  0.27%    passed    100.00%
   5  DE546_urceolata_l|Cluster-37095.0__TRINITY_DN13239_c0_g1_i2.p1   11.29%    passed    100.00%
   6  DE623|Cluster-13328.0__TRINITY_DN10289_c0_g1_i2.p1                0.27%    passed    100.00%
   7  DE680|Cluster-20586.0__TRINITY_DN7503_c0_g1_i7.p1                 0.27%    passed    100.00%
   8  DE554|Cluster-61895.1__TRINITY_DN20478_c0_g1_i7.p1                0.27%    passed    100.00%
   9  DE666|Cluster-25958.3__TRINITY_DN3360_c0_g1_i24.p1                0.27%    passed    100.00%
  10  DE162|Cluster-21910.2__TRINITY_DN7072_c0_g1_i3.p1                 0.27%    passed    100.00%
  11  DE704-purple|Cluster-55900.0__TRINITY_DN9305_c0_g2_i1.p1          0.27%    passed    100.00%
  12  DE704-white|Cluster-62262.0__TRINITY_DN10399_c0_g2_i3.p1         13.71%    passed    100.00%
  13  DE507|Cluster-36263.0__TRINITY_DN4319_c0_g2_i1.p1                 0.27%    passed    100.00%
  14  DE575|Cluster-37411.0__TRINITY_DN7194_c1_g1_i2.p1                13.71%    passed    100.00%
  15  DE681|Cluster-53671.0__TRINITY_DN20402_c0_g2_i2.p1                1.34%    passed    100.00%
  16  DE126|Cluster-31066.0__TRINITY_DN20520_c1_g3_i1.p1                0.27%    passed    100.00%
  17  DE736|Cluster-48746.0__TRINITY_DN7375_c0_g1_i1.p1                 4.57%    passed    100.00%
  18  DE164|Cluster-28214.0__TRINITY_DN14258_c1_g1_i4.p1               11.29%    passed    100.00%
  19  DE550|Cluster-44956.0__TRINITY_DN19905_c0_g1_i1.p1                0.27%    passed    100.00%
  20  DE672|Cluster-25829.0__TRINITY_DN3688_c0_g1_i1.p1                 0.27%    passed    100.00%
  21  DE531|Cluster-28197.0__TRINITY_DN1480_c1_g3_i1.p1                 0.27%    passed    100.00%
  22  DE696-dots|Cluster-41328.0__TRINITY_DN431_c3_g1_i1.p1             0.27%    passed    100.00%
  23  DE696-nodots|Cluster-21731.0__TRINITY_DN5160_c0_g1_i5.p1         13.71%    passed    100.00%
  24  JJ89|Cluster-32101.0__TRINITY_DN7015_c0_g2_i2.p1                  3.23%    passed    100.00%
  25  DE643|Cluster-15947.0__TRINITY_DN587_c1_g1_i3.p1                  0.27%    passed    100.00%
  26  DE173|Cluster-46708.0__TRINITY_DN13238_c0_g1_i2.p1                1.34%    passed    100.00%
  27  DE189|Cluster-24359.0__TRINITY_DN8181_c0_g1_i2.p1                 0.27%    passed    100.00%
  28  JJ130|Cluster-28645.0__TRINITY_DN34319_c0_g1_i1.p1               13.71%    passed    100.00%
  29  DE88|Cluster-38776.0__TRINITY_DN8403_c0_g1_i2.p1                  0.27%    passed    100.00%
  30  DE737|Cluster-52959.0__TRINITY_DN16429_c0_g1_i1.p1               13.71%    passed    100.00%
  31  DE476|Cluster-31395.0__TRINITY_DN11333_c1_g2_i3.p1                0.27%    passed    100.00%
  32  DE541|Cluster-33320.130__TRINITY_DN4286_c0_g2_i2.p1              13.71%    passed    100.00%
  33  DE504|Cluster-49238.0__TRINITY_DN28050_c0_g1_i1.p1                0.27%    passed    100.00%
  34  DE509|Cluster-44245.0__TRINITY_DN2594_c0_g1_i2.p1                 4.57%    passed    100.00%
  35  DE764|Cluster-45340.0__TRINITY_DN13862_c1_g1_i2.p1               13.71%    passed    100.00%
  36  DE519|Cluster-65706.0__TRINITY_DN7227_c1_g1_i19.p1               14.78%    passed    100.00%
  37  DE741|Cluster-10430.1__TRINITY_DN8473_c0_g2_i8.p1                13.71%    passed    100.00%
  38  DE536|Cluster-32048.0__TRINITY_DN6063_c0_g1_i4.p1                 0.27%    passed    100.00%
  39  DE181|Cluster-17168.0__TRINITY_DN2244_c1_g2_i1.p1                 0.27%    passed    100.00%
  40  SRR3407086|Cluster-22291.5__TRINITY_DN486_c0_g1_i10.p1           26.34%    passed     99.99%
  41  SRR3407088|Cluster-11908.0__TRINITY_DN5444_c0_g2_i1.p1            0.27%    passed    100.00%
  42  DE523|Cluster-30349.0__TRINITY_DN11260_c0_g1_i2.p1                0.27%    passed    100.00%
  43  SRR3407096|Cluster-26991.0__TRINITY_DN863_c1_g1_i1.p1             0.27%    passed    100.00%
  44  SRR3407093|Cluster-16062.3__TRINITY_DN7684_c0_g2_i2.p1            0.27%    passed    100.00%
  45  DE503|Cluster-59120.3__TRINITY_DN1404_c0_g1_i42.p1               47.31%    passed     99.49%
  46  DE510|Cluster-49358.0__TRINITY_DN2798_c0_g1_i1.p1                 0.27%    passed    100.00%
  47  SRR3407087|Cluster-3785.0__TRINITY_DN2693_c0_g1_i1.p1             0.27%    passed    100.00%
  48  SRR3407094|Cluster-20854.0__TRINITY_DN2472_c0_g1_i1.p1            0.27%    passed    100.00%
  49  DE505|Cluster-9440.0__TRINITY_DN875_c0_g1_i9.p1                   0.27%    passed    100.00%
  50  SRR3407092|Cluster-1535.0__TRINITY_DN2309_c0_g2_i1.p1             0.27%    passed    100.00%
  51  DE69|Cluster-33224.0__TRINITY_DN9777_c1_g1_i1.p1                  0.27%    passed    100.00%
  52  SRR3407095|Cluster-51244.0__TRINITY_DN7023_c0_g1_i2.p1            0.27%    passed    100.00%
  53  DE561|Cluster-11526.0__TRINITY_DN159_c0_g1_i21.p1                47.31%    passed     99.93%
  54  SRR3424066|Cluster-38839.2__TRINITY_DN685_c0_g1_i9.p1             0.27%    passed    100.00%
  55  DE216|Cluster-24688.0__TRINITY_DN34129_c0_g1_i2.p1                0.27%    passed    100.00%
  56  DE534|Cluster-20817.0__TRINITY_DN1758_c2_g1_i1.p1                11.29%    passed    100.00%
  57  JJ15|Cluster-24944.1__TRINITY_DN18094_c0_g1_i17.p1               11.29%    passed    100.00%
  58  DE542|Cluster-64644.0__TRINITY_DN19832_c0_g1_i3.p1                0.27%    passed    100.00%
  59  DE560|Cluster-41183.2__TRINITY_DN339_c0_g1_i32.p1                 0.00%    passed    100.00%
  60  JJ125|Cluster-12668.0__TRINITY_DN8935_c0_g1_i14.p1                0.27%    passed    100.00%
  61  JJ74|Cluster-125585.1__TRINITY_DN1168_c1_g1_i4.p1                 1.08%    passed    100.00%
  62  JJ131|Cluster-50308.0__TRINITY_DN17195_c0_g1_i3.p1                0.00%    passed    100.00%
  63  JJ85|Cluster-39366.0__TRINITY_DN3393_c1_g1_i2.p1                 11.29%    passed    100.00%
  64  DRR082660|Cluster-41138.0__TRINITY_DN13640_c0_g2_i1.p1           47.31%    passed     99.91%
  65  DE549|Cluster-13762.0__TRINITY_DN9280_c0_g1_i2.p1                14.25%    passed    100.00%
  66  DE152|Cluster-11984.0__TRINITY_DN3392_c0_g2_i1.p1                 0.00%    passed    100.00%
  67  JJ99|Cluster-52327.0__TRINITY_DN18109_c0_g1_i1.p1                 0.27%    passed    100.00%
  68  DE566|Cluster-23364.0__TRINITY_DN8978_c0_g1_i15.p1                0.54%    passed    100.00%
  69  SRR104381|Cluster-2968.0__TRINITY_DN21690_c0_g1_i1.p1            14.52%    passed     44.69%
****  TOTAL                                                             5.88%  0 sequences failed composition chi2 test (p-value<5%; df=60)
Reading input tree file tmp.csubst.nwk ... rooted tree

NOTE: 54 MB RAM (0 GB) is required!
Measuring multi-threading efficiency up to 1 CPU cores
2 trees examined
Threads: 1 / Time: 2.759 sec / Speedup: 1.000 / Efficiency: 100% / LogL: -11439
BEST NUMBER OF THREADS: 1

Estimate model parameters (epsilon = 0.010)
1. Initial log-likelihood: -11145.166
2. Current log-likelihood: -7328.813
3. Current log-likelihood: -7319.626
4. Current log-likelihood: -7319.600
5. Current log-likelihood: -7319.580
6. Current log-likelihood: -7319.562
7. Current log-likelihood: -7319.547
8. Current log-likelihood: -7319.534
9. Current log-likelihood: -7319.523
Optimal log-likelihood: -7319.513
Nonsynonymous/synonymous ratio (omega): 1.000
Transition/transversion ratio (kappa): 1.000
Site proportion and rates:  (0.561,0.412) (0.247,1.147) (0.172,2.263) (0.020,4.726)
Parameters optimization took 9 rounds (79.737 sec)
Wrote distance file to... 
BEST SCORE FOUND : -7319.513
Ancestral state probabilities printed to /mnt/data0/yue/2026-03-11-protein-convergence/results/OG_9035/csubst_w_s/csubst_input_alignment.fa.state
Empirical proportions for each category: 0.659 0.175 0.153 0.013
Site rates printed to /mnt/data0/yue/2026-03-11-protein-convergence/results/OG_9035/csubst_w_s/csubst_input_alignment.fa.rate
Total tree length: 2.894

Total number of iterations: 0
CPU time used for tree search: 0.000 sec (0h:0m:0s)
Wall-clock time used for tree search: 0.000 sec (0h:0m:0s)
Total CPU time used: 84.110 sec (0h:1m:24s)
Total wall-clock time used: 84.278 sec (0h:1m:24s)

Analysis results written to: 
  IQ-TREE report:                /mnt/data0/yue/2026-03-11-protein-convergence/results/OG_9035/csubst_w_s/csubst_input_alignment.fa.iqtree
  Maximum-likelihood tree:       /mnt/data0/yue/2026-03-11-protein-convergence/results/OG_9035/csubst_w_s/csubst_input_alignment.fa.treefile
  Site-specific rates:           /mnt/data0/yue/2026-03-11-protein-convergence/results/OG_9035/csubst_w_s/csubst_input_alignment.fa.rate
  Ancestral state:               /mnt/data0/yue/2026-03-11-protein-convergence/results/OG_9035/csubst_w_s/csubst_input_alignment.fa.state
  Screen log file:               /mnt/data0/yue/2026-03-11-protein-convergence/results/OG_9035/csubst_w_s/csubst_input_alignment.fa.log

Date and Time: Sat Mar 28 04:56:37 2026
