IQ-TREE multicore version 2.4.0 for Linux x86 64-bit built Feb 12 2025
Developed by Bui Quang Minh, Nguyen Lam Tung, Olga Chernomor, Heiko Schmidt,
Dominik Schrempf, Michael Woodhams, Ly Trong Nhan, Thomas Wong

Host:    brain (AVX2, FMA3, 2015 GB RAM)
Command: /home/yue/miniconda3/envs/py39/bin/iqtree -s /mnt/data0/yue/2026-03-11-protein-convergence/results/OG_3368/csubst_w_s/csubst_input_alignment.fa -te tmp.csubst.nwk -m ECMK07+F+R4 --seqtype CODON1 --threads-max 1 -T AUTO --ancestral --rate --redo
Seed:    687881 (Using SPRNG - Scalable Parallel Random Number Generator)
Time:    Fri Mar 27 09:04:30 2026
Kernel:  AVX+FMA - auto-detect threads (128 CPU cores detected)

Reading alignment file /mnt/data0/yue/2026-03-11-protein-convergence/results/OG_3368/csubst_w_s/csubst_input_alignment.fa ... Fasta format detected
Reading fasta file: done in 0.00359181 secs using 62.95% CPU
Alignment most likely contains DNA/RNA sequences
Converting to codon sequences with genetic code 1 ...
Alignment has 80 sequences with 398 columns, 386 distinct patterns
185 parsimony-informative, 119 singleton sites, 94 constant sites
                                                               Gap/Ambiguity  Composition  p-value
Analyzing sequences: done in 0.000175118 secs using 98.79% CPU
   1  DE737|Cluster-44433.0__TRINITY_DN4732_c0_g1_i5.p1               19.60%    passed    100.00%
   2  DE504|Cluster-52211.0__TRINITY_DN5535_c0_g3_i1.p1               19.60%    passed    100.00%
   3  JJ130|Cluster-42112.0__TRINITY_DN5996_c0_g1_i1.p1               31.16%    passed     99.98%
   4  DE764|Cluster-17904.0__TRINITY_DN6877_c0_g1_i3.p1               48.74%    passed     90.37%
   5  DE519|Cluster-73954.0__TRINITY_DN11817_c0_g1_i2.p1              48.74%    passed     97.51%
   6  DE668|Cluster-37717.0__TRINITY_DN7983_c0_g1_i1.p1               29.15%    passed     98.54%
   7  JJ74|Cluster-128262.0__TRINITY_DN5687_c0_g1_i1.p1               30.15%    passed     99.99%
   8  SRR3407096|Cluster-23009.0__TRINITY_DN13213_c0_g1_i3.p1          0.25%    passed    100.00%
   9  DE523|Cluster-27874.0__TRINITY_DN7396_c0_g1_i4.p1               34.67%    passed     98.97%
  10  JJ125|Cluster-34105.5__TRINITY_DN6426_c1_g1_i3.p1               73.62%    passed     60.59%
  11  DE546_urceolata_l|Cluster-3421.0__TRINITY_DN13369_c0_g1_i1.p1    0.25%    passed    100.00%
  12  DE216|Cluster-64698.0__TRINITY_DN6591_c1_g1_i2.p1                0.25%    passed    100.00%
  13  JJ15|Cluster-33157.7__TRINITY_DN6787_c0_g1_i2.p1                34.67%    passed    100.00%
  14  DE666|Cluster-35521.0__TRINITY_DN2838_c0_g1_i2.p1                0.25%    passed    100.00%
  15  JJ86|Cluster-51835.0__TRINITY_DN3145_c0_g2_i1.p1                 0.25%    passed    100.00%
  16  DE765|Cluster-47855.1__TRINITY_DN13816_c0_g1_i1.p1               0.25%    passed    100.00%
  17  DE528|Cluster-44856.0__TRINITY_DN5445_c0_g1_i1.p1                0.25%    passed    100.00%
  18  DE563|Cluster-28745.0__TRINITY_DN9683_c0_g1_i2.p1                0.25%    passed    100.00%
  19  JJ23|Cluster-3775.0__TRINITY_DN13977_c1_g1_i1.p1                 0.25%    passed    100.00%
  20  DE181|Cluster-46411.3__TRINITY_DN6390_c0_g1_i3.p1               44.97%    passed     97.17%
  21  SRR3407086|Cluster-41892.0__TRINITY_DN5569_c0_g1_i1.p1          44.97%    passed     97.17%
  22  DE503|Cluster-20520.0__TRINITY_DN9503_c0_g1_i1.p1               34.67%    passed     99.97%
  23  DE505|Cluster-39562.0__TRINITY_DN12893_c0_g1_i1.p1              34.67%    passed     99.98%
  24  DE510|Cluster-17035.0__TRINITY_DN9948_c0_g1_i2.p1                0.25%    passed    100.00%
  25  SRR3407087|Cluster-20352.0__TRINITY_DN925_c0_g1_i1.p1            0.25%    passed    100.00%
  26  SRR3407092|Cluster-28362.0__TRINITY_DN5991_c0_g1_i2.p1           0.25%    passed    100.00%
  27  SRR3407093|Cluster-27061.0__TRINITY_DN5383_c1_g3_i1.p1           0.25%    passed    100.00%
  28  SRR3407088|Cluster-4267.0__TRINITY_DN532_c0_g2_i2.p1             0.25%    passed    100.00%
  29  DE561|Cluster-39917.0__TRINITY_DN9231_c0_g1_i1.p1                0.25%    passed    100.00%
  30  SRR3407094|Cluster-13254.0__TRINITY_DN3889_c0_g1_i2.p1           0.25%    passed    100.00%
  31  SRR3424066|Cluster-28504.0__TRINITY_DN1152_c0_g1_i2.p1           0.25%    passed    100.00%
  32  DE554|Cluster-61512.1__TRINITY_DN869_c0_g1_i2.p1                 0.25%    passed    100.00%
  33  DE115|Cluster-59398.0__TRINITY_DN245_c0_g2_i3.p1                28.14%    passed     99.89%
  34  JJ89|Cluster-25751.0__TRINITY_DN12722_c0_g1_i1.p1               31.16%    passed     99.25%
  35  DE536|Cluster-23794.0__TRINITY_DN1213_c0_g1_i4.p1               51.01%    passed     69.91%
  36  DE566|Cluster-47429.0__TRINITY_DN7957_c0_g1_i1.p1                0.25%    passed    100.00%
  37  JJ99|Cluster-35649.1195__TRINITY_DN14424_c0_g1_i5.p1             0.25%    passed    100.00%
  38  DE575|Cluster-32259.0__TRINITY_DN8748_c0_g2_i2.p1               41.21%    passed     99.75%
  39  DE151|Cluster-58916.5__TRINITY_DN552_c0_g2_i2.p1                 0.25%    passed    100.00%
  40  DE560|Cluster-14896.3__TRINITY_DN10229_c0_g1_i3.p1              44.22%    passed     99.69%
  41  DE189|Cluster-26221.728__TRINITY_DN33152_c0_g1_i4.p1            26.88%    passed     99.99%
  42  DE88|Cluster-38687.0__TRINITY_DN4723_c0_g1_i1.p1                26.88%    passed    100.00%
  43  DE531|Cluster-5201.71__TRINITY_DN8037_c0_g1_i3.p1               26.88%    passed    100.00%
  44  DE696-nodots|Cluster-43907.20__TRINITY_DN6065_c0_g1_i1.p1       34.67%    passed     99.95%
  45  DE741|Cluster-31686.0__TRINITY_DN13316_c0_g1_i2.p1               0.25%    passed    100.00%
  46  DE476|Cluster-38053.0__TRINITY_DN16264_c0_g2_i1.p1               0.25%    passed    100.00%
  47  DE672|Cluster-16513.0__TRINITY_DN2198_c0_g2_i3.p1               44.97%    passed     98.43%
  48  DE541|Cluster-36734.0__TRINITY_DN4838_c0_g1_i1.p1                0.25%    passed    100.00%
  49  DE643|Cluster-34970.2__TRINITY_DN3937_c1_g1_i7.p1               18.34%    passed    100.00%
  50  JJ131|Cluster-57861.1__TRINITY_DN5094_c0_g1_i8.p1                0.25%    passed    100.00%
  51  DE549|Cluster-38305.0__TRINITY_DN14695_c0_g1_i1.p1              40.20%    passed     87.59%
  52  DE69|Cluster-52014.0__TRINITY_DN6039_c0_g1_i3.p1                32.91%    passed     99.98%
  53  SRR3407095|Cluster-45050.0__TRINITY_DN8108_c0_g2_i2.p1          48.99%    passed     88.71%
  54  DE126|Cluster-29372.0__TRINITY_DN4501_c1_g1_i3.p1               48.74%    passed     90.84%
  55  DE680|Cluster-38714.0__TRINITY_DN502_c0_g1_i2.p1                48.74%    passed     81.03%
  56  DE681|Cluster-59582.0__TRINITY_DN7266_c0_g1_i4.p1               48.74%    passed     90.68%
  57  DE509|Cluster-28141.1__TRINITY_DN6513_c0_g1_i1.p1               48.74%    passed     90.70%
  58  DE550|Cluster-27005.0__TRINITY_DN7514_c0_g1_i1.p1               48.74%    passed     82.40%
  59  DE696-dots|Cluster-35841.0__TRINITY_DN7732_c0_g1_i2.p1          48.74%    passed     82.09%
  60  DE164|Cluster-30387.238__TRINITY_DN5179_c0_g1_i5.p1             48.74%    passed     67.19%
  61  DE671|Cluster-28840.0__TRINITY_DN2015_c0_g3_i1.p1               48.74%    passed     64.78%
  62  DE127|Cluster-45411.0__TRINITY_DN3012_c0_g1_i21.p1              45.23%    passed     62.14%
  63  DE173|Cluster-43548.0__TRINITY_DN11919_c0_g1_i2.p1              44.97%    passed     94.65%
  64  JJ109|Cluster-27178.0__TRINITY_DN4008_c0_g1_i4.p1               44.97%    passed     97.66%
  65  JJ36|Cluster-33369.0__TRINITY_DN7912_c1_g1_i2.p1                44.97%    passed     96.04%
  66  DE162|Cluster-46056.0__TRINITY_DN6856_c0_g1_i1.p1               44.97%    passed     95.19%
  67  DE736|Cluster-32425.0__TRINITY_DN8464_c0_g1_i1.p1               77.39%    passed     39.53%
  68  DE507|Cluster-82677.0__TRINITY_DN1746_c0_g2_i1.p1               44.97%    passed     92.90%
  69  DE704-purple|Cluster-30033.0__TRINITY_DN5488_c0_g1_i2.p1        44.97%    passed     95.26%
  70  DE704-white|Cluster-65902.0__TRINITY_DN10495_c0_g1_i3.p1        44.97%    passed     95.26%
  71  DE534|Cluster-44050.0__TRINITY_DN6490_c0_g1_i10.p1              44.97%    passed     97.63%
  72  DE542|Cluster-42433.0__TRINITY_DN5214_c2_g1_i2.p1               44.97%    passed     96.90%
  73  JJ85|Cluster-38650.0__TRINITY_DN300_c0_g3_i1.p1                 44.97%    passed     94.49%
  74  DE623|Cluster-42259.0__TRINITY_DN336_c0_g1_i1.p1                44.97%    passed     90.07%
  75  DE152|Cluster-48482.0__TRINITY_DN5601_c0_g1_i1.p1                0.25%    passed    100.00%
  76  DRR082660|Cluster-37634.0__TRINITY_DN31513_c0_g1_i1.p1           0.25%    passed    100.00%
  77  SRR5150740|Cluster-43563.1__TRINITY_DN1714_c0_g1_i11.p1         10.55%    passed    100.00%
  78  DRR234970|Cluster-3381.0__TRINITY_DN203_c1_g1_i1.p1              0.25%    passed    100.00%
  79  SRR104381|Cluster-23434.0__TRINITY_DN16531_c0_g1_i1.p1           7.29%    passed    100.00%
  80  DE229|Cluster-57577.0__TRINITY_DN6829_c0_g1_i2.p1                1.51%    passed    100.00%
WARNING: 3 sequences contain more than 50% gaps/ambiguity
****  TOTAL                                                           25.74%  0 sequences failed composition chi2 test (p-value<5%; df=60)
Reading input tree file tmp.csubst.nwk ... rooted tree

NOTE: 67 MB RAM (0 GB) is required!
Measuring multi-threading efficiency up to 1 CPU cores
2 trees examined
Threads: 1 / Time: 4.098 sec / Speedup: 1.000 / Efficiency: 100% / LogL: -11714
BEST NUMBER OF THREADS: 1

Estimate model parameters (epsilon = 0.010)
1. Initial log-likelihood: -11064.961
2. Current log-likelihood: -7887.088
3. Current log-likelihood: -7872.522
4. Current log-likelihood: -7871.940
5. Current log-likelihood: -7871.503
6. Current log-likelihood: -7871.169
7. Current log-likelihood: -7870.863
8. Current log-likelihood: -7870.476
9. Current log-likelihood: -7867.029
10. Current log-likelihood: -7866.438
11. Current log-likelihood: -7865.615
12. Current log-likelihood: -7862.835
13. Current log-likelihood: -7861.895
14. Current log-likelihood: -7861.660
15. Current log-likelihood: -7861.648
Optimal log-likelihood: -7861.643
Nonsynonymous/synonymous ratio (omega): 1.000
Transition/transversion ratio (kappa): 1.000
Site proportion and rates:  (0.544,0.308) (0.325,1.057) (0.125,3.483) (0.006,8.918)
Parameters optimization took 15 rounds (170.405 sec)
Wrote distance file to... 
BEST SCORE FOUND : -7861.643
Ancestral state probabilities printed to /mnt/data0/yue/2026-03-11-protein-convergence/results/OG_3368/csubst_w_s/csubst_input_alignment.fa.state
Empirical proportions for each category: 0.601 0.279 0.116 0.005
Site rates printed to /mnt/data0/yue/2026-03-11-protein-convergence/results/OG_3368/csubst_w_s/csubst_input_alignment.fa.rate
Total tree length: 3.681

Total number of iterations: 0
CPU time used for tree search: 0.000 sec (0h:0m:0s)
Wall-clock time used for tree search: 0.000 sec (0h:0m:0s)
Total CPU time used: 176.474 sec (0h:2m:56s)
Total wall-clock time used: 176.685 sec (0h:2m:56s)

Analysis results written to: 
  IQ-TREE report:                /mnt/data0/yue/2026-03-11-protein-convergence/results/OG_3368/csubst_w_s/csubst_input_alignment.fa.iqtree
  Maximum-likelihood tree:       /mnt/data0/yue/2026-03-11-protein-convergence/results/OG_3368/csubst_w_s/csubst_input_alignment.fa.treefile
  Site-specific rates:           /mnt/data0/yue/2026-03-11-protein-convergence/results/OG_3368/csubst_w_s/csubst_input_alignment.fa.rate
  Ancestral state:               /mnt/data0/yue/2026-03-11-protein-convergence/results/OG_3368/csubst_w_s/csubst_input_alignment.fa.state
  Screen log file:               /mnt/data0/yue/2026-03-11-protein-convergence/results/OG_3368/csubst_w_s/csubst_input_alignment.fa.log

Date and Time: Fri Mar 27 09:07:27 2026
