IQ-TREE multicore version 2.4.0 for Linux x86 64-bit built Feb 12 2025
Developed by Bui Quang Minh, Nguyen Lam Tung, Olga Chernomor, Heiko Schmidt,
Dominik Schrempf, Michael Woodhams, Ly Trong Nhan, Thomas Wong

Host:    brain (AVX2, FMA3, 2015 GB RAM)
Command: /home/yue/miniconda3/envs/py39/bin/iqtree -s /mnt/data0/yue/2026-03-11-protein-convergence/results/OG_6636/csubst_w_s/csubst_input_alignment.fa -te tmp.csubst.nwk -m ECMK07+F+R4 --seqtype CODON1 --threads-max 1 -T AUTO --ancestral --rate --redo
Seed:    844191 (Using SPRNG - Scalable Parallel Random Number Generator)
Time:    Fri Mar 27 22:13:30 2026
Kernel:  AVX+FMA - auto-detect threads (128 CPU cores detected)

Reading alignment file /mnt/data0/yue/2026-03-11-protein-convergence/results/OG_6636/csubst_w_s/csubst_input_alignment.fa ... Fasta format detected
Reading fasta file: done in 0.00197758 secs using 66.55% CPU
Alignment most likely contains DNA/RNA sequences
Converting to codon sequences with genetic code 1 ...
Alignment has 56 sequences with 314 columns, 289 distinct patterns
123 parsimony-informative, 95 singleton sites, 96 constant sites
                                                               Gap/Ambiguity  Composition  p-value
Analyzing sequences: done in 9.29534e-05 secs
   1  DE546_urceolata_l|Cluster-33829.0__TRINITY_DN5401_c0_g1_i2.p1    0.00%    passed    100.00%
   2  DE561|Cluster-46694.0__TRINITY_DN11591_c0_g1_i2.p1               0.32%    passed    100.00%
   3  JJ36|Cluster-15229.0__TRINITY_DN9084_c0_g1_i1.p1                12.74%    passed    100.00%
   4  DE476|Cluster-31422.0__TRINITY_DN4269_c0_g1_i10.p1               1.27%    passed    100.00%
   5  DE541|Cluster-54853.0__TRINITY_DN9588_c0_g1_i2.p1                0.96%    passed    100.00%
   6  DE666|Cluster-19087.1__TRINITY_DN6377_c0_g1_i3.p1                0.00%    passed    100.00%
   7  SRR3407087|Cluster-43632.0__TRINITY_DN2718_c0_g1_i18.p1         15.61%    passed    100.00%
   8  DE151|Cluster-60034.0__TRINITY_DN10007_c0_g1_i16.p1              0.00%    passed    100.00%
   9  DE542|Cluster-54241.0__TRINITY_DN3219_c0_g1_i5.p1               16.88%    passed    100.00%
  10  DE509|Cluster-44331.0__TRINITY_DN901_c0_g1_i21.p1               15.92%    passed    100.00%
  11  DE672|Cluster-6402.0__TRINITY_DN9277_c0_g1_i3.p1                 0.00%    passed    100.00%
  12  DRR234970|Cluster-14749.0__TRINITY_DN45364_c0_g1_i1.p1           0.00%    passed     97.90%
  13  DE173|Cluster-54511.0__TRINITY_DN5155_c0_g1_i3.p1                0.00%    passed    100.00%
  14  DE189|Cluster-37075.0__TRINITY_DN4245_c0_g1_i18.p1              26.75%    passed    100.00%
  15  DE181|Cluster-36489.0__TRINITY_DN7774_c1_g1_i8.p1                0.00%    passed    100.00%
  16  SRR3407088|Cluster-17725.0__TRINITY_DN5153_c0_g1_i1.p1           0.00%    passed    100.00%
  17  JJ89|Cluster-34964.0__TRINITY_DN5588_c0_g1_i7.p1                12.74%    passed    100.00%
  18  DE550|Cluster-37981.0__TRINITY_DN4715_c0_g1_i15.p1              26.75%    passed    100.00%
  19  JJ23|Cluster-40357.0__TRINITY_DN5119_c0_g2_i6.p1                16.88%    passed    100.00%
  20  JJ125|Cluster-40659.0__TRINITY_DN2237_c0_g1_i20.p1               0.00%    passed    100.00%
  21  DE216|Cluster-52828.0__TRINITY_DN8457_c0_g1_i8.p1                0.32%    passed    100.00%
  22  SRR3407096|Cluster-33566.0__TRINITY_DN2196_c0_g1_i10.p1          0.00%    passed    100.00%
  23  SRR3407095|Cluster-53979.0__TRINITY_DN4655_c0_g1_i2.p1           0.00%    passed    100.00%
  24  DE503|Cluster-55199.0__TRINITY_DN7515_c0_g2_i5.p1                0.96%    passed    100.00%
  25  DE505|Cluster-50184.0__TRINITY_DN3426_c0_g1_i9.p1                0.00%    passed    100.00%
  26  SRR3407093|Cluster-11148.0__TRINITY_DN5575_c0_g1_i3.p1           0.00%    passed    100.00%
  27  SRR3407092|Cluster-12901.0__TRINITY_DN4790_c0_g1_i1.p1           0.00%    passed    100.00%
  28  DE164|Cluster-60730.1__TRINITY_DN29439_c0_g1_i28.p1              0.00%    passed    100.00%
  29  DE549|Cluster-40763.0__TRINITY_DN5206_c0_g1_i7.p1                0.00%    passed    100.00%
  30  DE88|Cluster-41209.0__TRINITY_DN1371_c0_g1_i5.p1                26.75%    passed    100.00%
  31  DE671|Cluster-41749.1__TRINITY_DN1526_c0_g1_i19.p1               0.00%    passed    100.00%
  32  JJ86|Cluster-305.0__TRINITY_DN5880_c0_g1_i2.p1                  42.04%    passed     99.69%
  33  DE115|Cluster-58376.0__TRINITY_DN9200_c0_g1_i2.p1                0.00%    passed     16.64%
  34  DE554|Cluster-55357.0__TRINITY_DN11018_c0_g1_i1.p1              42.99%    passed     99.98%
  35  DE575|Cluster-56408.0__TRINITY_DN5502_c0_g1_i2.p1               42.99%    passed     99.41%
  36  DE765|Cluster-42687.0__TRINITY_DN27516_c0_g1_i1.p1               0.00%    passed    100.00%
  37  DE623|Cluster-29953.0__TRINITY_DN5273_c0_g1_i3.p1                0.00%    passed    100.00%
  38  DE680|Cluster-33002.0__TRINITY_DN6809_c0_g1_i5.p1               26.75%    passed    100.00%
  39  JJ131|Cluster-69009.0__TRINITY_DN5512_c0_g2_i5.p1                0.00%    passed    100.00%
  40  DE507|Cluster-80140.0__TRINITY_DN1555_c0_g1_i5.p1                0.00%    passed    100.00%
  41  DE704-purple|Cluster-31091.0__TRINITY_DN2147_c0_g1_i9.p1        26.75%    passed    100.00%
  42  DE126|Cluster-9197.0__TRINITY_DN5698_c0_g1_i7.p1                 0.00%    passed    100.00%
  43  DRR082660|Cluster-29919.0__TRINITY_DN11702_c0_g1_i1.p1           0.00%    passed    100.00%
  44  JJ74|Cluster-80964.0__TRINITY_DN46642_c0_g1_i3.p1                0.00%    passed    100.00%
  45  JJ99|Cluster-26434.0__TRINITY_DN15965_c0_g1_i3.p1                0.00%    passed    100.00%
  46  DE563|Cluster-18443.0__TRINITY_DN12240_c0_g1_i2.p1               0.00%    passed    100.00%
  47  DE519|Cluster-39844.0__TRINITY_DN9699_c0_g1_i4.p1                0.00%    passed    100.00%
  48  DE741|Cluster-55221.1__TRINITY_DN1502_c0_g3_i2.p1                0.00%    passed    100.00%
  49  SRR3424066|Cluster-37144.0__TRINITY_DN8410_c0_g1_i1.p1           0.00%    passed    100.00%
  50  SRR3407086|Cluster-37090.0__TRINITY_DN11503_c0_g1_i1.p1          0.00%    passed    100.00%
  51  JJ109|Cluster-38625.0__TRINITY_DN14936_c0_g1_i2.p1               0.00%    passed    100.00%
  52  JJ130|Cluster-35937.0__TRINITY_DN23082_c0_g1_i3.p1               0.00%    passed    100.00%
  53  DE643|Cluster-50433.0__TRINITY_DN17856_c0_g1_i12.p1              0.00%    passed    100.00%
  54  SRR3407094|Cluster-32201.0__TRINITY_DN3362_c0_g1_i1.p1           0.00%    passed    100.00%
  55  DE566|Cluster-41283.0__TRINITY_DN10136_c0_g1_i1.p1               0.32%    passed    100.00%
  56  DE528|Cluster-16232.0__TRINITY_DN2660_c0_g1_i1.p1                0.00%    passed    100.00%
****  TOTAL                                                            6.37%  0 sequences failed composition chi2 test (p-value<5%; df=60)
WARNING: States(s) CGG rarely appear in alignment and may cause numerical problems
Reading input tree file tmp.csubst.nwk ... rooted tree

NOTE: 37 MB RAM (0 GB) is required!
Measuring multi-threading efficiency up to 1 CPU cores
2 trees examined
Threads: 1 / Time: 2.879 sec / Speedup: 1.000 / Efficiency: 100% / LogL: -8056
BEST NUMBER OF THREADS: 1

Estimate model parameters (epsilon = 0.010)
1. Initial log-likelihood: -8982.086
2. Current log-likelihood: -7036.497
3. Current log-likelihood: -7036.199
4. Current log-likelihood: -7036.095
5. Current log-likelihood: -7036.051
6. Current log-likelihood: -7036.032
7. Current log-likelihood: -7036.021
Optimal log-likelihood: -7036.014
Nonsynonymous/synonymous ratio (omega): 1.000
Transition/transversion ratio (kappa): 1.000
Site proportion and rates:  (0.569,0.180) (0.262,0.810) (0.110,2.296) (0.059,7.295)
Parameters optimization took 7 rounds (42.570 sec)
Wrote distance file to... 
BEST SCORE FOUND : -7036.014
Ancestral state probabilities printed to /mnt/data0/yue/2026-03-11-protein-convergence/results/OG_6636/csubst_w_s/csubst_input_alignment.fa.state
Empirical proportions for each category: 0.608 0.229 0.102 0.061
Site rates printed to /mnt/data0/yue/2026-03-11-protein-convergence/results/OG_6636/csubst_w_s/csubst_input_alignment.fa.rate
Total tree length: 4.638

Total number of iterations: 0
CPU time used for tree search: 0.000 sec (0h:0m:0s)
Wall-clock time used for tree search: 0.000 sec (0h:0m:0s)
Total CPU time used: 46.535 sec (0h:0m:46s)
Total wall-clock time used: 46.744 sec (0h:0m:46s)

Analysis results written to: 
  IQ-TREE report:                /mnt/data0/yue/2026-03-11-protein-convergence/results/OG_6636/csubst_w_s/csubst_input_alignment.fa.iqtree
  Maximum-likelihood tree:       /mnt/data0/yue/2026-03-11-protein-convergence/results/OG_6636/csubst_w_s/csubst_input_alignment.fa.treefile
  Site-specific rates:           /mnt/data0/yue/2026-03-11-protein-convergence/results/OG_6636/csubst_w_s/csubst_input_alignment.fa.rate
  Ancestral state:               /mnt/data0/yue/2026-03-11-protein-convergence/results/OG_6636/csubst_w_s/csubst_input_alignment.fa.state
  Screen log file:               /mnt/data0/yue/2026-03-11-protein-convergence/results/OG_6636/csubst_w_s/csubst_input_alignment.fa.log

Date and Time: Fri Mar 27 22:14:17 2026
