IQ-TREE multicore version 2.4.0 for Linux x86 64-bit built Feb 12 2025
Developed by Bui Quang Minh, Nguyen Lam Tung, Olga Chernomor, Heiko Schmidt,
Dominik Schrempf, Michael Woodhams, Ly Trong Nhan, Thomas Wong

Host:    brain (AVX2, FMA3, 2015 GB RAM)
Command: /home/yue/miniconda3/envs/py39/bin/iqtree -s /mnt/data0/yue/2026-03-11-protein-convergence/results/OG_3366/csubst_w_s/csubst_input_alignment.fa -te tmp.csubst.nwk -m ECMK07+F+R4 --seqtype CODON1 --threads-max 1 -T AUTO --ancestral --rate --redo
Seed:    39539 (Using SPRNG - Scalable Parallel Random Number Generator)
Time:    Fri Mar 27 09:03:38 2026
Kernel:  AVX+FMA - auto-detect threads (128 CPU cores detected)

Reading alignment file /mnt/data0/yue/2026-03-11-protein-convergence/results/OG_3366/csubst_w_s/csubst_input_alignment.fa ... Fasta format detected
Reading fasta file: done in 0.00193375 secs using 66.5% CPU
Alignment most likely contains DNA/RNA sequences
Converting to codon sequences with genetic code 1 ...
WARNING: 1 sites contain only gaps or ambiguous characters.
Alignment has 78 sequences with 507 columns, 491 distinct patterns
255 parsimony-informative, 138 singleton sites, 114 constant sites
                                                              Gap/Ambiguity  Composition  p-value
Analyzing sequences: done in 9.87202e-05 secs using 98.26% CPU
   1  DE115|Cluster-12387.0__TRINITY_DN2424_c0_g1_i1.p1              39.25%    passed     99.38%
   2  DE152|Cluster-24467.0__TRINITY_DN21812_c0_g2_i3.p1              0.20%    passed    100.00%
   3  JJ99|Cluster-56058.0__TRINITY_DN19767_c0_g3_i1.p1               0.20%    passed    100.00%
   4  JJ23|Cluster-28375.0__TRINITY_DN25022_c0_g1_i10.p1              0.20%    passed    100.00%
   5  DE126|Cluster-29567.0__TRINITY_DN2100_c1_g1_i2.p1               0.20%    passed    100.00%
   6  DE546_urceolata_l|Cluster-47212.0__TRINITY_DN805_c0_g2_i5.p1    0.20%    passed    100.00%
   7  JJ86|Cluster-40167.0__TRINITY_DN5137_c0_g1_i1.p1                0.20%    passed    100.00%
   8  DE162|Cluster-31914.0__TRINITY_DN1161_c0_g1_i1.p1               0.20%    passed    100.00%
   9  DE507|Cluster-38660.0__TRINITY_DN2208_c0_g6_i1.p1               0.20%    passed    100.00%
  10  DE704-purple|Cluster-56391.0__TRINITY_DN6142_c0_g2_i1.p1        0.20%    passed    100.00%
  11  DE704-white|Cluster-1625.0__TRINITY_DN915_c0_g2_i1.p1           0.20%    passed    100.00%
  12  DE528|Cluster-52296.0__TRINITY_DN1385_c0_g2_i1.p1               0.20%    passed    100.00%
  13  DE575|Cluster-2622.0__TRINITY_DN1080_c0_g2_i1.p1                0.20%    passed    100.00%
  14  DE681|Cluster-31430.0__TRINITY_DN2558_c1_g1_i3.p1               0.20%    passed    100.00%
  15  DE765|Cluster-30167.0__TRINITY_DN1222_c0_g1_i1.p1               0.20%    passed    100.00%
  16  DE151|Cluster-4233.0__TRINITY_DN7151_c0_g1_i11.p1               0.20%    passed    100.00%
  17  DE173|Cluster-38309.0__TRINITY_DN9655_c0_g1_i2.p1               0.20%    passed    100.00%
  18  SRR3407095|Cluster-32241.0__TRINITY_DN2297_c0_g1_i1.p1          0.20%    passed    100.00%
  19  DE476|Cluster-4190.0__TRINITY_DN2724_c0_g2_i1.p1                0.20%    passed    100.00%
  20  DE164|Cluster-49914.0__TRINITY_DN1748_c0_g2_i3.p1              27.22%    passed     99.80%
  21  DE643|Cluster-19315.0__TRINITY_DN731_c0_g1_i8.p1                0.20%    passed    100.00%
  22  DE504|Cluster-31350.0__TRINITY_DN7239_c0_g1_i1.p1               0.20%    passed    100.00%
  23  DE737|Cluster-25425.0__TRINITY_DN2458_c0_g4_i1.p1               0.20%    passed    100.00%
  24  DE541|Cluster-33158.0__TRINITY_DN4164_c0_g1_i2.p1               0.20%    passed    100.00%
  25  DE671|Cluster-59213.0__TRINITY_DN5162_c0_g1_i19.p1             27.22%    passed     99.96%
  26  JJ89|Cluster-28877.0__TRINITY_DN2708_c1_g1_i1.p1               37.87%    passed     98.46%
  27  DE736|Cluster-59838.0__TRINITY_DN3542_c0_g1_i3.p1              22.29%    passed    100.00%
  28  DE549|Cluster-34272.0__TRINITY_DN1138_c0_g2_i2.p1               0.20%    passed    100.00%
  29  DE672|Cluster-1736.0__TRINITY_DN5449_c0_g3_i4.p1                0.20%    passed    100.00%
  30  DE764|Cluster-2018.0__TRINITY_DN10393_c1_g3_i1.p1               0.20%    passed    100.00%
  31  DE88|Cluster-7961.0__TRINITY_DN1988_c0_g1_i1.p1                 0.20%    passed    100.00%
  32  DE509|Cluster-36466.0__TRINITY_DN4158_c2_g1_i1.p1               0.20%    passed    100.00%
  33  DE531|Cluster-6917.0__TRINITY_DN30_c1_g2_i1.p1                  0.20%    passed    100.00%
  34  DE696-dots|Cluster-5937.0__TRINITY_DN277_c4_g1_i1.p1            0.20%    passed    100.00%
  35  DE696-nodots|Cluster-36308.0__TRINITY_DN3823_c0_g3_i1.p1        0.20%    passed    100.00%
  36  JJ36|Cluster-20959.0__TRINITY_DN1553_c0_g2_i2.p1                0.20%    passed    100.00%
  37  DE741|Cluster-6259.0__TRINITY_DN17245_c0_g1_i1.p1               0.20%    passed    100.00%
  38  JJ85|Cluster-33718.0__TRINITY_DN1936_c0_g1_i27.p1               0.20%    passed    100.00%
  39  DE536|Cluster-40784.0__TRINITY_DN2135_c0_g2_i1.p1               0.39%    passed    100.00%
  40  DE181|Cluster-42915.0__TRINITY_DN2715_c0_g1_i2.p1               0.20%    passed    100.00%
  41  SRR3407086|Cluster-36050.0__TRINITY_DN8156_c0_g3_i1.p1          0.20%    passed    100.00%
  42  DE503|Cluster-15323.0__TRINITY_DN891_c0_g5_i1.p1               50.30%    passed     95.52%
  43  DE505|Cluster-5036.0__TRINITY_DN11099_c0_g3_i1.p1               0.20%    passed    100.00%
  44  DE510|Cluster-43979.0__TRINITY_DN14057_c0_g3_i1.p1              0.20%    passed    100.00%
  45  SRR3407094|Cluster-29648.0__TRINITY_DN6266_c0_g3_i1.p1          0.20%    passed    100.00%
  46  SRR3407087|Cluster-4660.0__TRINITY_DN3806_c0_g1_i1.p1           0.20%    passed    100.00%
  47  SRR3407088|Cluster-26012.1__TRINITY_DN14348_c0_g1_i1.p1         0.20%    passed    100.00%
  48  SRR3407092|Cluster-21493.0__TRINITY_DN2866_c1_g3_i1.p1         50.30%    passed     90.19%
  49  SRR3424066|Cluster-36983.0__TRINITY_DN7441_c0_g1_i1.p1          0.20%    passed    100.00%
  50  SRR3407093|Cluster-31540.0__TRINITY_DN11967_c0_g2_i1.p1         0.20%    passed    100.00%
  51  DE561|Cluster-2331.0__TRINITY_DN1432_c1_g2_i1.p1                0.20%    passed    100.00%
  52  DE523|Cluster-28356.0__TRINITY_DN2836_c2_g1_i1.p1               0.20%    passed    100.00%
  53  SRR3407096|Cluster-20357.0__TRINITY_DN4134_c0_g2_i1.p1          0.20%    passed    100.00%
  54  JJ125|Cluster-35967.0__TRINITY_DN1717_c0_g3_i1.p1               0.20%    passed    100.00%
  55  DE550|Cluster-31135.0__TRINITY_DN386_c0_g2_i1.p1                0.39%    passed    100.00%
  56  DE623|Cluster-53023.0__TRINITY_DN4131_c0_g1_i5.p1               0.20%    passed    100.00%
  57  DE563|Cluster-39910.0__TRINITY_DN525_c0_g4_i1.p1               37.87%    passed     91.95%
  58  DE680|Cluster-48456.1__TRINITY_DN6291_c0_g1_i3.p1               0.20%    passed    100.00%
  59  DRR082660|Cluster-19707.1__TRINITY_DN20563_c0_g2_i2.p1          0.39%    passed    100.00%
  60  JJ130|Cluster-17713.0__TRINITY_DN308_c1_g1_i2.p1                0.20%    passed    100.00%
  61  DE216|Cluster-36643.0__TRINITY_DN1955_c0_g2_i3.p1               0.20%    passed    100.00%
  62  DE534|Cluster-16024.0__TRINITY_DN3021_c0_g1_i1.p1               0.20%    passed    100.00%
  63  DE542|Cluster-29997.0__TRINITY_DN384_c0_g2_i1.p1                0.20%    passed    100.00%
  64  JJ15|Cluster-14796.0__TRINITY_DN13619_c0_g2_i3.p1              39.25%    passed     99.60%
  65  DE519|Cluster-35644.0__TRINITY_DN3229_c0_g1_i1.p1               0.20%    passed    100.00%
  66  DE560|Cluster-34985.0__TRINITY_DN1033_c0_g2_i1.p1              39.25%    passed     97.30%
  67  DE229|Cluster-70139.0__TRINITY_DN1827_c0_g1_i2.p1               2.56%    passed    100.00%
  68  DE668|Cluster-48559.0__TRINITY_DN9614_c0_g2_i1.p1               0.20%    passed    100.00%
  69  JJ131|Cluster-36130.1__TRINITY_DN4425_c2_g1_i3.p1               1.58%    passed    100.00%
  70  DE127|Cluster-47364.0__TRINITY_DN3041_c0_g2_i1.p1               0.20%    passed    100.00%
  71  DE666|Cluster-37354.0__TRINITY_DN6215_c0_g1_i1.p1              39.25%    passed     99.73%
  72  DE554|Cluster-63175.0__TRINITY_DN6685_c0_g1_i1.p1               0.20%    passed    100.00%
  73  JJ74|Cluster-81974.1__TRINITY_DN1713_c0_g2_i6.p1                5.13%    passed    100.00%
  74  DE566|Cluster-35116.2__TRINITY_DN4676_c0_g2_i6.p1               0.20%    passed    100.00%
  75  DE69|Cluster-53115.1__TRINITY_DN22042_c0_g1_i2.p1              18.54%    passed     99.48%
  76  DRR234970|Cluster-52129.0__TRINITY_DN24480_c0_g1_i2.p1         27.42%    passed     91.94%
  77  SRR5150740|Cluster-10780.2__TRINITY_DN6896_c0_g1_i8.p1         36.09%    passed     97.13%
  78  SRR11934227|Cluster-182646.1__TRINITY_DN65709_c0_g1_i2.p1      45.56%    passed     27.35%
WARNING: 2 sequences contain more than 50% gaps/ambiguity
****  TOTAL                                                           7.17%  0 sequences failed composition chi2 test (p-value<5%; df=60)
Reading input tree file tmp.csubst.nwk ... rooted tree

NOTE: 81 MB RAM (0 GB) is required!
Measuring multi-threading efficiency up to 1 CPU cores
2 trees examined
Threads: 1 / Time: 4.296 sec / Speedup: 1.000 / Efficiency: 100% / LogL: -13223
BEST NUMBER OF THREADS: 1

Estimate model parameters (epsilon = 0.010)
1. Initial log-likelihood: -15482.517
2. Current log-likelihood: -9154.742
3. Current log-likelihood: -9154.480
4. Current log-likelihood: -9154.356
5. Current log-likelihood: -9154.282
6. Current log-likelihood: -9154.236
7. Current log-likelihood: -9154.204
8. Current log-likelihood: -9154.182
9. Current log-likelihood: -9154.164
10. Current log-likelihood: -9154.149
11. Current log-likelihood: -9154.136
12. Current log-likelihood: -9154.125
13. Current log-likelihood: -9154.115
Optimal log-likelihood: -9154.106
Nonsynonymous/synonymous ratio (omega): 1.000
Transition/transversion ratio (kappa): 1.000
Site proportion and rates:  (0.643,0.469) (0.250,1.439) (0.087,2.859) (0.020,4.406)
Parameters optimization took 13 rounds (161.638 sec)
Wrote distance file to... 
BEST SCORE FOUND : -9154.106
Ancestral state probabilities printed to /mnt/data0/yue/2026-03-11-protein-convergence/results/OG_3366/csubst_w_s/csubst_input_alignment.fa.state
Empirical proportions for each category: 0.708 0.211 0.073 0.008
Site rates printed to /mnt/data0/yue/2026-03-11-protein-convergence/results/OG_3366/csubst_w_s/csubst_input_alignment.fa.rate
Total tree length: 3.217

Total number of iterations: 0
CPU time used for tree search: 0.000 sec (0h:0m:0s)
Wall-clock time used for tree search: 0.000 sec (0h:0m:0s)
Total CPU time used: 168.315 sec (0h:2m:48s)
Total wall-clock time used: 168.567 sec (0h:2m:48s)

Analysis results written to: 
  IQ-TREE report:                /mnt/data0/yue/2026-03-11-protein-convergence/results/OG_3366/csubst_w_s/csubst_input_alignment.fa.iqtree
  Maximum-likelihood tree:       /mnt/data0/yue/2026-03-11-protein-convergence/results/OG_3366/csubst_w_s/csubst_input_alignment.fa.treefile
  Site-specific rates:           /mnt/data0/yue/2026-03-11-protein-convergence/results/OG_3366/csubst_w_s/csubst_input_alignment.fa.rate
  Ancestral state:               /mnt/data0/yue/2026-03-11-protein-convergence/results/OG_3366/csubst_w_s/csubst_input_alignment.fa.state
  Screen log file:               /mnt/data0/yue/2026-03-11-protein-convergence/results/OG_3366/csubst_w_s/csubst_input_alignment.fa.log

Date and Time: Fri Mar 27 09:06:26 2026
