IQ-TREE multicore version 2.4.0 for Linux x86 64-bit built Feb 12 2025
Developed by Bui Quang Minh, Nguyen Lam Tung, Olga Chernomor, Heiko Schmidt,
Dominik Schrempf, Michael Woodhams, Ly Trong Nhan, Thomas Wong

Host:    brain (AVX2, FMA3, 2015 GB RAM)
Command: /home/yue/miniconda3/envs/py39/bin/iqtree -s /mnt/data0/yue/2026-03-11-protein-convergence/results/OG_4958/csubst_w_s/csubst_input_alignment.fa -te tmp.csubst.nwk -m ECMK07+F+R4 --seqtype CODON1 --threads-max 1 -T AUTO --ancestral --rate --redo
Seed:    724527 (Using SPRNG - Scalable Parallel Random Number Generator)
Time:    Fri Mar 27 16:00:38 2026
Kernel:  AVX+FMA - auto-detect threads (128 CPU cores detected)

Reading alignment file /mnt/data0/yue/2026-03-11-protein-convergence/results/OG_4958/csubst_w_s/csubst_input_alignment.fa ... Fasta format detected
Reading fasta file: done in 0.00139439 secs using 33.28% CPU
Alignment most likely contains DNA/RNA sequences
Converting to codon sequences with genetic code 1 ...
Alignment has 78 sequences with 349 columns, 318 distinct patterns
143 parsimony-informative, 93 singleton sites, 113 constant sites
                                                               Gap/Ambiguity  Composition  p-value
Analyzing sequences: done in 6.27339e-05 secs using 31.88% CPU
   1  DE523|Cluster-29322.0__TRINITY_DN16631_c0_g1_i7.p1               5.16%    passed    100.00%
   2  DE127|Cluster-33207.1__TRINITY_DN31002_c0_g1_i14.p1              0.00%    passed    100.00%
   3  DE173|Cluster-18948.0__TRINITY_DN20788_c0_g1_i3.p1              30.66%    passed    100.00%
   4  DRR234970|Cluster-10536.0__TRINITY_DN37202_c0_g1_i1.p1           0.00%    passed    100.00%
   5  DE115|Cluster-65042.0__TRINITY_DN7453_c0_g1_i2.p1                0.29%    passed    100.00%
   6  JJ86|Cluster-41617.0__TRINITY_DN4656_c0_g1_i4.p1                 0.57%    passed    100.00%
   7  DE126|Cluster-26580.0__TRINITY_DN7224_c0_g1_i57.p1               0.00%    passed    100.00%
   8  DE554|Cluster-53902.0__TRINITY_DN14845_c0_g1_i4.p1               0.29%    passed    100.00%
   9  DE666|Cluster-44900.0__TRINITY_DN3666_c0_g1_i8.p1                0.29%    passed    100.00%
  10  DE546_urceolata_l|Cluster-35616.0__TRINITY_DN3548_c0_g1_i7.p1    0.29%    passed    100.00%
  11  DE151|Cluster-48041.0__TRINITY_DN5511_c0_g1_i5.p1                0.29%    passed    100.00%
  12  DE88|Cluster-29517.0__TRINITY_DN3825_c0_g1_i1.p1                 0.29%    passed    100.00%
  13  JJ109|Cluster-32331.0__TRINITY_DN5286_c0_g1_i3.p1                0.29%    passed    100.00%
  14  JJ130|Cluster-45651.0__TRINITY_DN8299_c0_g1_i3.p1                0.29%    passed    100.00%
  15  DE189|Cluster-19003.0__TRINITY_DN25028_c0_g2_i6.p1              30.37%    passed    100.00%
  16  DE476|Cluster-54302.0__TRINITY_DN17065_c0_g1_i3.p1               0.29%    passed    100.00%
  17  DE509|Cluster-42737.0__TRINITY_DN5029_c0_g1_i1.p1                0.29%    passed    100.00%
  18  DE764|Cluster-32001.4__TRINITY_DN4181_c0_g3_i4.p1                0.29%    passed    100.00%
  19  DE504|Cluster-49966.0__TRINITY_DN5283_c0_g1_i6.p1                0.29%    passed    100.00%
  20  DE541|Cluster-38294.0__TRINITY_DN4913_c0_g1_i4.p1                0.29%    passed     93.29%
  21  DE531|Cluster-38349.0__TRINITY_DN8130_c0_g1_i7.p1                1.15%    passed    100.00%
  22  DE696-nodots|Cluster-61608.0__TRINITY_DN5958_c0_g1_i41.p1        1.15%    passed    100.00%
  23  JJ36|Cluster-44946.0__TRINITY_DN4003_c0_g2_i8.p1                 1.15%    passed    100.00%
  24  DE696-dots|Cluster-56383.0__TRINITY_DN5907_c0_g2_i2.p1           1.15%    passed    100.00%
  25  DE643|Cluster-63235.8__TRINITY_DN6770_c0_g1_i20.p1               0.00%    passed    100.00%
  26  DE671|Cluster-19020.0__TRINITY_DN11436_c0_g1_i3.p1               0.29%    passed    100.00%
  27  DE737|Cluster-28477.1__TRINITY_DN3366_c0_g1_i13.p1               0.29%    passed    100.00%
  28  DE672|Cluster-42737.1__TRINITY_DN1813_c0_g1_i21.p1               0.00%    passed    100.00%
  29  DE736|Cluster-56021.0__TRINITY_DN3680_c0_g1_i6.p1                5.16%    passed    100.00%
  30  DE164|Cluster-25429.0__TRINITY_DN8907_c0_g1_i3.p1                0.29%    passed    100.00%
  31  DE152|Cluster-39463.0__TRINITY_DN8668_c0_g1_i1.p1                1.43%    passed    100.00%
  32  JJ23|Cluster-13155.0__TRINITY_DN4331_c0_g1_i27.p1                0.29%    passed    100.00%
  33  DE162|Cluster-41846.1__TRINITY_DN5560_c0_g1_i7.p1                3.15%    passed    100.00%
  34  DE528|Cluster-34206.0__TRINITY_DN10098_c0_g1_i5.p1               0.29%    passed    100.00%
  35  JJ74|Cluster-88096.0__TRINITY_DN4109_c0_g1_i4.p1                37.82%    passed     99.99%
  36  DE534|Cluster-33761.0__TRINITY_DN4396_c0_g1_i2.p1                0.29%    passed    100.00%
  37  DE536|Cluster-25386.0__TRINITY_DN5456_c0_g1_i5.p1                0.29%    passed    100.00%
  38  DE216|Cluster-83327.0__TRINITY_DN7449_c0_g1_i1.p1                0.29%    passed    100.00%
  39  JJ15|Cluster-38136.0__TRINITY_DN1957_c0_g1_i4.p1                 0.29%    passed    100.00%
  40  DE507|Cluster-61911.0__TRINITY_DN7175_c0_g1_i1.p1                0.29%    passed    100.00%
  41  DE563|Cluster-49238.0__TRINITY_DN2201_c0_g1_i3.p1                0.29%    passed    100.00%
  42  DE503|Cluster-52710.0__TRINITY_DN8202_c0_g1_i2.p1                0.29%    passed    100.00%
  43  SRR3407092|Cluster-3601.0__TRINITY_DN6819_c0_g1_i1.p1            0.29%    passed    100.00%
  44  SRR3407093|Cluster-17627.0__TRINITY_DN8251_c0_g1_i2.p1           0.29%    passed    100.00%
  45  DE510|Cluster-16730.0__TRINITY_DN8880_c0_g1_i4.p1                0.29%    passed    100.00%
  46  SRR3407087|Cluster-34599.0__TRINITY_DN19298_c0_g1_i4.p1          0.29%    passed    100.00%
  47  SRR3407086|Cluster-25600.1__TRINITY_DN3883_c0_g1_i1.p1           0.29%    passed    100.00%
  48  DE561|Cluster-30976.0__TRINITY_DN8219_c0_g1_i2.p1                0.29%    passed    100.00%
  49  SRR3424066|Cluster-24231.0__TRINITY_DN5800_c0_g1_i1.p1           0.29%    passed    100.00%
  50  JJ125|Cluster-38649.1__TRINITY_DN2590_c0_g1_i27.p1               0.29%    passed    100.00%
  51  JJ85|Cluster-40602.0__TRINITY_DN5817_c0_g2_i2.p1                 0.29%    passed    100.00%
  52  DE519|Cluster-66660.2__TRINITY_DN8317_c0_g1_i4.p1                0.29%    passed    100.00%
  53  DE741|Cluster-58691.0__TRINITY_DN6498_c0_g1_i3.p1                0.29%    passed    100.00%
  54  DE623|Cluster-39013.0__TRINITY_DN1134_c0_g2_i1.p1                1.15%    passed    100.00%
  55  DE680|Cluster-54996.0__TRINITY_DN8991_c0_g1_i16.p1               1.15%    passed    100.00%
  56  DE681|Cluster-21819.0__TRINITY_DN7499_c0_g2_i8.p1                0.29%    passed    100.00%
  57  DE229|Cluster-72854.0__TRINITY_DN31660_c0_g1_i3.p1              30.37%    failed      4.21%
  58  DE668|Cluster-44624.0__TRINITY_DN9560_c0_g1_i3.p1                0.29%    passed    100.00%
  59  DE566|Cluster-50382.0__TRINITY_DN7753_c0_g1_i33.p1               0.00%    passed    100.00%
  60  JJ89|Cluster-23638.0__TRINITY_DN5539_c0_g1_i5.p1                30.09%    passed    100.00%
  61  DE181|Cluster-54003.0__TRINITY_DN1321_c0_g1_i13.p1              30.09%    passed    100.00%
  62  SRR3407088|Cluster-34812.0__TRINITY_DN5195_c0_g1_i2.p1           0.00%    passed    100.00%
  63  DE505|Cluster-46400.0__TRINITY_DN7455_c0_g1_i3.p1               30.09%    passed    100.00%
  64  SRR3407094|Cluster-20653.0__TRINITY_DN9787_c0_g1_i3.p1           0.00%    passed    100.00%
  65  SRR3407096|Cluster-10373.3__TRINITY_DN2894_c0_g1_i5.p1           0.00%    passed    100.00%
  66  DRR082660|Cluster-20524.0__TRINITY_DN6719_c0_g1_i5.p1            0.00%    passed    100.00%
  67  DE549|Cluster-41656.0__TRINITY_DN10463_c0_g1_i5.p1              30.09%    passed    100.00%
  68  DE550|Cluster-20711.0__TRINITY_DN20324_c0_g1_i3.p1              30.09%    passed    100.00%
  69  DE704-purple|Cluster-36555.0__TRINITY_DN5626_c0_g1_i7.p1        30.09%    passed    100.00%
  70  DE704-white|Cluster-3822.0__TRINITY_DN8551_c0_g1_i2.p1          30.09%    passed    100.00%
  71  DE560|Cluster-28023.0__TRINITY_DN5224_c0_g1_i67.p1              30.09%    passed    100.00%
  72  DE765|Cluster-35911.0__TRINITY_DN5915_c0_g2_i1.p1                0.00%    passed    100.00%
  73  DE575|Cluster-6175.1__TRINITY_DN3483_c0_g2_i4.p1                30.09%    passed    100.00%
  74  DE69|Cluster-21873.1__TRINITY_DN15302_c0_g1_i3.p1                0.86%    passed    100.00%
  75  SRR3407095|Cluster-14838.0__TRINITY_DN20060_c0_g1_i5.p1          0.86%    passed    100.00%
  76  JJ131|Cluster-69391.1__TRINITY_DN7054_c0_g1_i25.p1              17.48%    passed    100.00%
  77  SRR5150740|Cluster-37529.1__TRINITY_DN5103_c0_g1_i25.p1         13.75%    passed     99.77%
  78  SRR104381|Cluster-18411.0__TRINITY_DN24564_c0_g1_i2.p1           6.88%    passed    100.00%
****  TOTAL                                                            6.06%  1 sequences failed composition chi2 test (p-value<5%; df=60)
WARNING: States(s) CGG rarely appear in alignment and may cause numerical problems
Reading input tree file tmp.csubst.nwk ... rooted tree

NOTE: 56 MB RAM (0 GB) is required!
Measuring multi-threading efficiency up to 1 CPU cores
2 trees examined
Threads: 1 / Time: 4.947 sec / Speedup: 1.000 / Efficiency: 100% / LogL: -9321
BEST NUMBER OF THREADS: 1

Estimate model parameters (epsilon = 0.010)
1. Initial log-likelihood: -11058.674
2. Current log-likelihood: -7283.348
3. Current log-likelihood: -7263.797
4. Current log-likelihood: -7259.778
5. Current log-likelihood: -7240.019
6. Current log-likelihood: -7238.183
7. Current log-likelihood: -7237.760
8. Current log-likelihood: -7237.639
9. Current log-likelihood: -7237.593
10. Current log-likelihood: -7237.575
Optimal log-likelihood: -7237.568
Nonsynonymous/synonymous ratio (omega): 1.000
Transition/transversion ratio (kappa): 1.000
Site proportion and rates:  (0.530,0.205) (0.326,0.788) (0.109,2.879) (0.035,9.204)
Parameters optimization took 10 rounds (126.106 sec)
Wrote distance file to... 
BEST SCORE FOUND : -7237.568
Ancestral state probabilities printed to /mnt/data0/yue/2026-03-11-protein-convergence/results/OG_4958/csubst_w_s/csubst_input_alignment.fa.state
Empirical proportions for each category: 0.587 0.281 0.097 0.034
Site rates printed to /mnt/data0/yue/2026-03-11-protein-convergence/results/OG_4958/csubst_w_s/csubst_input_alignment.fa.rate
Total tree length: 3.437

Total number of iterations: 0
CPU time used for tree search: 0.000 sec (0h:0m:0s)
Wall-clock time used for tree search: 0.000 sec (0h:0m:0s)
Total CPU time used: 133.276 sec (0h:2m:13s)
Total wall-clock time used: 133.626 sec (0h:2m:13s)

Analysis results written to: 
  IQ-TREE report:                /mnt/data0/yue/2026-03-11-protein-convergence/results/OG_4958/csubst_w_s/csubst_input_alignment.fa.iqtree
  Maximum-likelihood tree:       /mnt/data0/yue/2026-03-11-protein-convergence/results/OG_4958/csubst_w_s/csubst_input_alignment.fa.treefile
  Site-specific rates:           /mnt/data0/yue/2026-03-11-protein-convergence/results/OG_4958/csubst_w_s/csubst_input_alignment.fa.rate
  Ancestral state:               /mnt/data0/yue/2026-03-11-protein-convergence/results/OG_4958/csubst_w_s/csubst_input_alignment.fa.state
  Screen log file:               /mnt/data0/yue/2026-03-11-protein-convergence/results/OG_4958/csubst_w_s/csubst_input_alignment.fa.log

Date and Time: Fri Mar 27 16:02:52 2026
