IQ-TREE multicore version 2.4.0 for Linux x86 64-bit built Feb 12 2025
Developed by Bui Quang Minh, Nguyen Lam Tung, Olga Chernomor, Heiko Schmidt,
Dominik Schrempf, Michael Woodhams, Ly Trong Nhan, Thomas Wong

Host:    brain (AVX2, FMA3, 2015 GB RAM)
Command: /home/yue/miniconda3/envs/py39/bin/iqtree -s /mnt/data0/yue/2026-03-11-protein-convergence/results/OG_9440/csubst_w_s/csubst_input_alignment.fa -te tmp.csubst.nwk -m ECMK07+F+R4 --seqtype CODON1 --threads-max 1 -T AUTO --ancestral --rate --redo
Seed:    194257 (Using SPRNG - Scalable Parallel Random Number Generator)
Time:    Sat Mar 28 05:44:57 2026
Kernel:  AVX+FMA - auto-detect threads (128 CPU cores detected)

Reading alignment file /mnt/data0/yue/2026-03-11-protein-convergence/results/OG_9440/csubst_w_s/csubst_input_alignment.fa ... Fasta format detected
Reading fasta file: done in 0.00102559 secs using 33.25% CPU
Alignment most likely contains DNA/RNA sequences
Converting to codon sequences with genetic code 1 ...
WARNING: 1 sites contain only gaps or ambiguous characters.
Alignment has 65 sequences with 304 columns, 294 distinct patterns
113 parsimony-informative, 96 singleton sites, 95 constant sites
                                                              Gap/Ambiguity  Composition  p-value
Analyzing sequences: done in 4.94421e-05 secs using 99.11% CPU
   1  DE696-nodots|Cluster-57370.0__TRINITY_DN7149_c0_g1_i6.p1       31.25%    passed    100.00%
   2  DE151|Cluster-46900.0__TRINITY_DN9991_c0_g1_i3.p1              35.53%    passed    100.00%
   3  DE523|Cluster-36303.0__TRINITY_DN6673_c0_g1_i1.p1              43.75%    passed    100.00%
   4  DE509|Cluster-33861.0__TRINITY_DN10184_c0_g1_i5.p1             35.53%    passed    100.00%
   5  DE534|Cluster-42945.0__TRINITY_DN9048_c0_g1_i1.p1               4.93%    passed    100.00%
   6  DE536|Cluster-14540.0__TRINITY_DN12008_c0_g1_i2.p1             35.53%    passed    100.00%
   7  DE736|Cluster-61479.0__TRINITY_DN7209_c0_g1_i12.p1             35.53%    passed    100.00%
   8  JJ109|Cluster-31900.0__TRINITY_DN11266_c0_g1_i5.p1             36.51%    passed    100.00%
   9  DE115|Cluster-55567.0__TRINITY_DN32675_c0_g1_i1.p1              0.33%    passed    100.00%
  10  DE546_urceolata_l|Cluster-29784.0__TRINITY_DN811_c3_g1_i2.p1   41.78%    passed    100.00%
  11  DE126|Cluster-36217.0__TRINITY_DN2963_c0_g1_i11.p1             33.55%    passed    100.00%
  12  SRR3407096|Cluster-13961.0__TRINITY_DN10762_c0_g1_i1.p1         0.33%    passed    100.00%
  13  DE507|Cluster-69321.2__TRINITY_DN4376_c0_g1_i6.p1              35.53%    passed     99.98%
  14  DE643|Cluster-67667.0__TRINITY_DN5526_c0_g1_i1.p1               0.33%    passed    100.00%
  15  DE563|Cluster-16960.0__TRINITY_DN3904_c1_g1_i9.p1              21.05%    passed    100.00%
  16  DE672|Cluster-43170.0__TRINITY_DN5192_c0_g1_i3.p1              36.51%    passed    100.00%
  17  DE737|Cluster-26102.0__TRINITY_DN6088_c0_g1_i2.p1              42.76%    passed    100.00%
  18  DE531|Cluster-35093.0__TRINITY_DN6375_c0_g1_i7.p1              41.78%    passed    100.00%
  19  DE542|Cluster-974.0__TRINITY_DN11670_c0_g1_i1.p1                2.30%    passed    100.00%
  20  DE623|Cluster-55415.0__TRINITY_DN7786_c0_g1_i9.p1              41.78%    passed    100.00%
  21  DE216|Cluster-74364.0__TRINITY_DN11517_c0_g1_i1.p1              0.33%    passed    100.00%
  22  DE764|Cluster-38412.0__TRINITY_DN3135_c1_g1_i1.p1              35.53%    passed    100.00%
  23  DE476|Cluster-45292.0__TRINITY_DN4385_c0_g1_i3.p1              41.78%    passed    100.00%
  24  JJ130|Cluster-44717.0__TRINITY_DN7290_c0_g1_i3.p1               0.33%    passed    100.00%
  25  DE560|Cluster-39829.0__TRINITY_DN6178_c0_g1_i2.p1               0.33%    passed    100.00%
  26  DRR082660|Cluster-37525.0__TRINITY_DN1735_c0_g1_i2.p1          35.53%    passed    100.00%
  27  DE666|Cluster-5210.0__TRINITY_DN2329_c0_g2_i1.p1               41.78%    passed     99.99%
  28  DE69|Cluster-46199.0__TRINITY_DN19233_c0_g1_i1.p1               0.33%    passed    100.00%
  29  SRR3407095|Cluster-47370.0__TRINITY_DN18759_c0_g1_i3.p1         0.33%    passed    100.00%
  30  JJ23|Cluster-8490.0__TRINITY_DN17394_c0_g1_i1.p1                0.33%    passed    100.00%
  31  DE561|Cluster-35929.0__TRINITY_DN5944_c0_g1_i6.p1              37.50%    passed    100.00%
  32  DE503|Cluster-61602.40__TRINITY_DN5065_c0_g1_i4.p1             35.53%    passed    100.00%
  33  DE510|Cluster-50532.0__TRINITY_DN4080_c0_g1_i8.p1              35.53%    passed    100.00%
  34  DE505|Cluster-53937.0__TRINITY_DN2687_c1_g1_i27.p1             35.53%    passed    100.00%
  35  SRR3407087|Cluster-31267.0__TRINITY_DN9162_c0_g1_i2.p1          0.33%    passed    100.00%
  36  SRR3407088|Cluster-32766.0__TRINITY_DN10207_c0_g1_i1.p1         0.33%    passed    100.00%
  37  SRR3407093|Cluster-30027.1__TRINITY_DN11708_c0_g1_i4.p1         0.33%    passed    100.00%
  38  DE668|Cluster-50603.0__TRINITY_DN41992_c0_g1_i4.p1              0.33%    passed    100.00%
  39  JJ99|Cluster-8171.0__TRINITY_DN6745_c0_g1_i1.p1                35.53%    passed    100.00%
  40  SRR11748982|Cluster-34668.0__TRINITY_DN7107_c0_g1_i5.p1        50.33%    passed     27.09%
  41  JJ15|Cluster-58268.0__TRINITY_DN97731_c0_g1_i2.p1              24.34%    passed     99.99%
  42  DE127|Cluster-10998.0__TRINITY_DN48032_c0_g1_i1.p1              0.33%    passed    100.00%
  43  DE680|Cluster-39053.0__TRINITY_DN12239_c0_g1_i1.p1              7.89%    passed    100.00%
  44  DE162|Cluster-49886.0__TRINITY_DN6101_c0_g1_i7.p1              26.32%    passed    100.00%
  45  DE704-purple|Cluster-33456.1__TRINITY_DN3549_c1_g1_i2.p1       44.74%    passed     96.16%
  46  DE704-white|Cluster-65850.0__TRINITY_DN4974_c0_g1_i2.p1        44.74%    passed     93.34%
  47  DE528|Cluster-57747.0__TRINITY_DN3546_c0_g1_i1.p1              44.74%    passed     82.61%
  48  DE575|Cluster-56047.0__TRINITY_DN8608_c0_g1_i5.p1              47.04%    passed     97.87%
  49  DE765|Cluster-46818.0__TRINITY_DN20152_c0_g1_i1.p1             44.74%    passed     99.43%
  50  DE164|Cluster-49959.0__TRINITY_DN8295_c0_g1_i2.p1               1.32%    passed    100.00%
  51  DE189|Cluster-45503.0__TRINITY_DN12352_c0_g1_i12.p1            18.75%    passed    100.00%
  52  DE541|Cluster-53236.1__TRINITY_DN5677_c0_g1_i3.p1               0.33%    passed    100.00%
  53  DE88|Cluster-40066.0__TRINITY_DN9942_c0_g1_i2.p1                0.33%    passed    100.00%
  54  DE549|Cluster-34672.0__TRINITY_DN8302_c0_g1_i4.p1               2.30%    passed    100.00%
  55  JJ89|Cluster-34536.0__TRINITY_DN18986_c0_g1_i2.p1               0.33%    passed    100.00%
  56  DE550|Cluster-51967.0__TRINITY_DN6820_c0_g1_i3.p1               0.33%    passed    100.00%
  57  DE671|Cluster-36043.0__TRINITY_DN6324_c0_g1_i1.p1               7.57%    passed    100.00%
  58  JJ36|Cluster-37341.0__TRINITY_DN4996_c0_g1_i1.p1               26.32%    passed    100.00%
  59  DE566|Cluster-59189.2__TRINITY_DN5183_c0_g1_i16.p1              7.89%    passed    100.00%
  60  JJ86|Cluster-26897.0__TRINITY_DN1465_c1_g1_i3.p1               26.32%    passed     98.44%
  61  DE741|Cluster-56833.0__TRINITY_DN2390_c0_g1_i5.p1              44.74%    passed     99.94%
  62  SRR3407094|Cluster-27470.0__TRINITY_DN10172_c0_g1_i5.p1        44.74%    passed     92.48%
  63  SRR3407092|Cluster-31910.0__TRINITY_DN10768_c0_g1_i2.p1         0.33%    passed    100.00%
  64  SRR3424066|Cluster-27813.0__TRINITY_DN17964_c0_g1_i1.p1         2.30%    passed    100.00%
  65  SRR3407086|Cluster-39907.0__TRINITY_DN93380_c0_g1_i1.p1         0.33%    passed    100.00%
WARNING: 1 sequences contain more than 50% gaps/ambiguity
****  TOTAL                                                          21.75%  0 sequences failed composition chi2 test (p-value<5%; df=60)
Reading input tree file tmp.csubst.nwk ... rooted tree

NOTE: 43 MB RAM (0 GB) is required!
Measuring multi-threading efficiency up to 1 CPU cores
2 trees examined
Threads: 1 / Time: 2.383 sec / Speedup: 1.000 / Efficiency: 100% / LogL: -5862
BEST NUMBER OF THREADS: 1

Estimate model parameters (epsilon = 0.010)
1. Initial log-likelihood: -6731.851
2. Current log-likelihood: -4452.151
3. Current log-likelihood: -4451.882
4. Current log-likelihood: -4451.665
5. Current log-likelihood: -4451.485
6. Current log-likelihood: -4451.339
7. Current log-likelihood: -4451.229
8. Current log-likelihood: -4451.149
9. Current log-likelihood: -4451.094
10. Current log-likelihood: -4451.056
11. Current log-likelihood: -4451.031
12. Current log-likelihood: -4451.014
13. Current log-likelihood: -4451.003
Optimal log-likelihood: -4450.995
Nonsynonymous/synonymous ratio (omega): 1.000
Transition/transversion ratio (kappa): 1.000
Site proportion and rates:  (0.408,0.342) (0.349,0.893) (0.124,1.027) (0.119,3.528)
Parameters optimization took 13 rounds (75.986 sec)
Wrote distance file to... 
BEST SCORE FOUND : -4450.995
Ancestral state probabilities printed to /mnt/data0/yue/2026-03-11-protein-convergence/results/OG_9440/csubst_w_s/csubst_input_alignment.fa.state
Empirical proportions for each category: 0.510 0.378 0.000 0.112
Site rates printed to /mnt/data0/yue/2026-03-11-protein-convergence/results/OG_9440/csubst_w_s/csubst_input_alignment.fa.rate
Total tree length: 2.548

Total number of iterations: 0
CPU time used for tree search: 0.000 sec (0h:0m:0s)
Wall-clock time used for tree search: 0.000 sec (0h:0m:0s)
Total CPU time used: 79.389 sec (0h:1m:19s)
Total wall-clock time used: 79.567 sec (0h:1m:19s)

Analysis results written to: 
  IQ-TREE report:                /mnt/data0/yue/2026-03-11-protein-convergence/results/OG_9440/csubst_w_s/csubst_input_alignment.fa.iqtree
  Maximum-likelihood tree:       /mnt/data0/yue/2026-03-11-protein-convergence/results/OG_9440/csubst_w_s/csubst_input_alignment.fa.treefile
  Site-specific rates:           /mnt/data0/yue/2026-03-11-protein-convergence/results/OG_9440/csubst_w_s/csubst_input_alignment.fa.rate
  Ancestral state:               /mnt/data0/yue/2026-03-11-protein-convergence/results/OG_9440/csubst_w_s/csubst_input_alignment.fa.state
  Screen log file:               /mnt/data0/yue/2026-03-11-protein-convergence/results/OG_9440/csubst_w_s/csubst_input_alignment.fa.log

Date and Time: Sat Mar 28 05:46:16 2026
