IQ-TREE multicore version 2.4.0 for Linux x86 64-bit built Feb 12 2025
Developed by Bui Quang Minh, Nguyen Lam Tung, Olga Chernomor, Heiko Schmidt,
Dominik Schrempf, Michael Woodhams, Ly Trong Nhan, Thomas Wong

Host:    brain (AVX2, FMA3, 2015 GB RAM)
Command: /home/yue/miniconda3/envs/py39/bin/iqtree -s /mnt/data0/yue/2026-03-11-protein-convergence/results/OG_2219/csubst_w_s/csubst_input_alignment.fa -te tmp.csubst.nwk -m ECMK07+F+R4 --seqtype CODON1 --threads-max 1 -T AUTO --ancestral --rate --redo
Seed:    67563 (Using SPRNG - Scalable Parallel Random Number Generator)
Time:    Fri Mar 27 03:24:43 2026
Kernel:  AVX+FMA - auto-detect threads (128 CPU cores detected)

Reading alignment file /mnt/data0/yue/2026-03-11-protein-convergence/results/OG_2219/csubst_w_s/csubst_input_alignment.fa ... Fasta format detected
Reading fasta file: done in 0.00374644 secs using 98.15% CPU
Alignment most likely contains DNA/RNA sequences
Converting to codon sequences with genetic code 1 ...
WARNING: 1 sites contain only gaps or ambiguous characters.
Alignment has 56 sequences with 1324 columns, 1225 distinct patterns
549 parsimony-informative, 323 singleton sites, 452 constant sites
                                                               Gap/Ambiguity  Composition  p-value
Analyzing sequences: done in 0.00019452 secs using 99.22% CPU
   1  JJ99|Cluster-50738.35__TRINITY_DN2690_c0_g1_i6.p1               44.94%    passed     97.30%
   2  DRR234970|Cluster-49712.0__TRINITY_DN13325_c3_g1_i1.p1           0.45%    passed    100.00%
   3  DE216|Cluster-44104.3__TRINITY_DN10282_c0_g1_i33.p1             33.46%    passed    100.00%
   4  DE115|Cluster-55611.1__TRINITY_DN218_c0_g1_i12.p1               16.92%    passed    100.00%
   5  DE680|Cluster-17080.0__TRINITY_DN6570_c0_g1_i1.p1               16.92%    passed    100.00%
   6  DE69|Cluster-55197.0__TRINITY_DN4992_c0_g1_i7.p1                31.72%    passed     99.77%
   7  DE509|Cluster-40925.1__TRINITY_DN4416_c0_g1_i20.p1              47.13%    passed     99.78%
   8  DE672|Cluster-48578.5__TRINITY_DN13896_c0_g1_i3.p1              35.20%    passed     99.29%
   9  DE534|Cluster-43278.0__TRINITY_DN14868_c0_g1_i3.p1              52.79%    passed     67.08%
  10  DE765|Cluster-49634.0__TRINITY_DN12723_c0_g1_i4.p1              22.58%    passed     99.99%
  11  DE126|Cluster-33365.0__TRINITY_DN14556_c1_g2_i1.p1              42.15%    passed    100.00%
  12  DE151|Cluster-58810.0__TRINITY_DN12334_c0_g1_i2.p1               0.30%    passed    100.00%
  13  DE696-dots|Cluster-53650.0__TRINITY_DN407_c1_g1_i7.p1           20.39%    passed    100.00%
  14  JJ36|Cluster-27365.0__TRINITY_DN29918_c3_g1_i3.p1               34.89%    passed    100.00%
  15  DE736|Cluster-63769.1__TRINITY_DN17367_c0_g1_i1.p1               0.30%    passed    100.00%
  16  DE696-nodots|Cluster-52216.0__TRINITY_DN7740_c0_g3_i1.p1         0.30%    passed    100.00%
  17  DE550|Cluster-29795.1__TRINITY_DN8160_c1_g1_i6.p1               20.39%    passed    100.00%
  18  DE671|Cluster-17017.0__TRINITY_DN77332_c0_g1_i1.p1              46.00%    passed    100.00%
  19  DE504|Cluster-18535.0__TRINITY_DN8477_c0_g1_i5.p1               28.47%    passed    100.00%
  20  DE764|Cluster-9234.0__TRINITY_DN22270_c0_g1_i2.p1                4.53%    passed    100.00%
  21  DE476|Cluster-61165.0__TRINITY_DN10119_c0_g1_i1.p1               0.30%    passed    100.00%
  22  DE643|Cluster-73135.1__TRINITY_DN25228_c0_g1_i9.p1              33.08%    passed    100.00%
  23  DE88|Cluster-41060.0__TRINITY_DN12349_c0_g2_i5.p1               44.03%    passed     99.97%
  24  DE189|Cluster-22057.0__TRINITY_DN36537_c0_g1_i1.p1              39.65%    passed     99.99%
  25  DE541|Cluster-34135.0__TRINITY_DN13568_c1_g1_i1.p1              39.65%    passed     99.99%
  26  JJ89|Cluster-28393.0__TRINITY_DN3799_c0_g1_i1.p1                 0.15%    passed    100.00%
  27  DE549|Cluster-33418.0__TRINITY_DN34914_c0_g1_i2.p1              44.03%    passed    100.00%
  28  SRR3424066|Cluster-32160.0__TRINITY_DN3733_c0_g2_i1.p1          46.00%    passed     99.96%
  29  DE561|Cluster-35492.0__TRINITY_DN14735_c3_g1_i11.p1              0.30%    passed    100.00%
  30  DE164|Cluster-51354.0__TRINITY_DN20581_c0_g1_i1.p1               0.30%    passed    100.00%
  31  SRR3407095|Cluster-44325.0__TRINITY_DN9844_c0_g1_i1.p1          17.07%    passed    100.00%
  32  DE566|Cluster-13651.0__TRINITY_DN5000_c1_g1_i1.p1                0.30%    passed    100.00%
  33  DE554|Cluster-16430.1__TRINITY_DN8910_c0_g1_i6.p1                0.30%    passed    100.00%
  34  DE668|Cluster-44796.0__TRINITY_DN4264_c1_g1_i2.p1                0.23%    passed    100.00%
  35  DE623|Cluster-51009.1__TRINITY_DN36662_c0_g1_i9.p1               0.30%    passed    100.00%
  36  DE546_urceolata_l|Cluster-32152.0__TRINITY_DN4375_c0_g2_i8.p1   37.08%    passed    100.00%
  37  DE575|Cluster-64361.1__TRINITY_DN4754_c0_g1_i3.p1                0.30%    passed    100.00%
  38  DE681|Cluster-18141.1__TRINITY_DN3552_c0_g1_i3.p1               12.61%    passed    100.00%
  39  DE162|Cluster-47056.0__TRINITY_DN1547_c0_g1_i2.p1               24.17%    passed    100.00%
  40  DE528|Cluster-44200.1__TRINITY_DN2089_c0_g1_i11.p1              31.34%    passed     99.99%
  41  DE507|Cluster-43872.0__TRINITY_DN4311_c0_g1_i1.p1                0.30%    passed    100.00%
  42  DE704-white|Cluster-29900.0__TRINITY_DN2459_c0_g1_i1.p1          0.30%    passed    100.00%
  43  DE704-purple|Cluster-58154.0__TRINITY_DN4153_c0_g1_i2.p1         0.30%    passed    100.00%
  44  DE152|Cluster-62468.0__TRINITY_DN6700_c0_g1_i2.p1               18.73%    passed    100.00%
  45  DE229|Cluster-84935.0__TRINITY_DN6876_c0_g1_i7.p1               42.98%    passed    100.00%
  46  DRR082660|Cluster-46392.1__TRINITY_DN2223_c0_g1_i6.p1           32.93%    passed     99.41%
  47  DE181|Cluster-53329.0__TRINITY_DN7341_c0_g1_i3.p1                0.30%    passed    100.00%
  48  DE503|Cluster-10569.0__TRINITY_DN21775_c0_g1_i1.p1               0.30%    passed    100.00%
  49  DE505|Cluster-13589.0__TRINITY_DN23256_c0_g1_i1.p1              51.89%    passed    100.00%
  50  DE510|Cluster-38957.0__TRINITY_DN20246_c0_g1_i3.p1               0.30%    passed    100.00%
  51  SRR3407092|Cluster-17238.0__TRINITY_DN20435_c0_g1_i1.p1          0.30%    passed    100.00%
  52  SRR3407093|Cluster-12127.0__TRINITY_DN11627_c0_g1_i1.p1         62.61%    passed    100.00%
  53  DE519|Cluster-60453.0__TRINITY_DN6822_c0_g1_i1.p1                0.30%    passed    100.00%
  54  DE741|Cluster-26873.0__TRINITY_DN17787_c0_g1_i1.p1               4.53%    passed    100.00%
  55  DE737|Cluster-25806.0__TRINITY_DN8412_c0_g1_i9.p1               39.35%    passed    100.00%
  56  DE531|Cluster-47861.0__TRINITY_DN6555_c0_g2_i4.p1               17.37%    passed    100.00%
WARNING: 3 sequences contain more than 50% gaps/ambiguity
****  TOTAL                                                           20.43%  0 sequences failed composition chi2 test (p-value<5%; df=60)
Reading input tree file tmp.csubst.nwk ... rooted tree

NOTE: 135 MB RAM (0 GB) is required!
Measuring multi-threading efficiency up to 1 CPU cores
2 trees examined
Threads: 1 / Time: 7.108 sec / Speedup: 1.000 / Efficiency: 100% / LogL: -27514
BEST NUMBER OF THREADS: 1

Estimate model parameters (epsilon = 0.010)
1. Initial log-likelihood: -30112.042
2. Current log-likelihood: -19039.841
3. Current log-likelihood: -19003.648
4. Current log-likelihood: -19003.153
5. Current log-likelihood: -19002.855
6. Current log-likelihood: -19002.686
7. Current log-likelihood: -19002.598
8. Current log-likelihood: -19002.556
9. Current log-likelihood: -19002.537
Optimal log-likelihood: -19002.529
Nonsynonymous/synonymous ratio (omega): 1.000
Transition/transversion ratio (kappa): 1.000
Site proportion and rates:  (0.446,0.330) (0.300,0.918) (0.220,1.834) (0.035,5.015)
Parameters optimization took 9 rounds (209.765 sec)
Wrote distance file to... 
BEST SCORE FOUND : -19002.529
Ancestral state probabilities printed to /mnt/data0/yue/2026-03-11-protein-convergence/results/OG_2219/csubst_w_s/csubst_input_alignment.fa.state
Empirical proportions for each category: 0.584 0.197 0.193 0.026
Site rates printed to /mnt/data0/yue/2026-03-11-protein-convergence/results/OG_2219/csubst_w_s/csubst_input_alignment.fa.rate
Total tree length: 2.088

Total number of iterations: 0
CPU time used for tree search: 0.000 sec (0h:0m:0s)
Wall-clock time used for tree search: 0.000 sec (0h:0m:0s)
Total CPU time used: 220.580 sec (0h:3m:40s)
Total wall-clock time used: 221.352 sec (0h:3m:41s)

Analysis results written to: 
  IQ-TREE report:                /mnt/data0/yue/2026-03-11-protein-convergence/results/OG_2219/csubst_w_s/csubst_input_alignment.fa.iqtree
  Maximum-likelihood tree:       /mnt/data0/yue/2026-03-11-protein-convergence/results/OG_2219/csubst_w_s/csubst_input_alignment.fa.treefile
  Site-specific rates:           /mnt/data0/yue/2026-03-11-protein-convergence/results/OG_2219/csubst_w_s/csubst_input_alignment.fa.rate
  Ancestral state:               /mnt/data0/yue/2026-03-11-protein-convergence/results/OG_2219/csubst_w_s/csubst_input_alignment.fa.state
  Screen log file:               /mnt/data0/yue/2026-03-11-protein-convergence/results/OG_2219/csubst_w_s/csubst_input_alignment.fa.log

Date and Time: Fri Mar 27 03:28:24 2026
