IQ-TREE multicore version 2.4.0 for Linux x86 64-bit built Feb 12 2025
Developed by Bui Quang Minh, Nguyen Lam Tung, Olga Chernomor, Heiko Schmidt,
Dominik Schrempf, Michael Woodhams, Ly Trong Nhan, Thomas Wong

Host:    brain (AVX2, FMA3, 2015 GB RAM)
Command: /home/yue/miniconda3/envs/py39/bin/iqtree -s /mnt/data0/yue/2026-03-11-protein-convergence/results/OG_5970/csubst_w_s/csubst_input_alignment.fa -te tmp.csubst.nwk -m ECMK07+F+R4 --seqtype CODON1 --threads-max 1 -T AUTO --ancestral --rate --redo
Seed:    74534 (Using SPRNG - Scalable Parallel Random Number Generator)
Time:    Fri Mar 27 19:59:07 2026
Kernel:  AVX+FMA - auto-detect threads (128 CPU cores detected)

Reading alignment file /mnt/data0/yue/2026-03-11-protein-convergence/results/OG_5970/csubst_w_s/csubst_input_alignment.fa ... Fasta format detected
Reading fasta file: done in 0.00272056 secs
Alignment most likely contains DNA/RNA sequences
Converting to codon sequences with genetic code 1 ...
WARNING: 1 sites contain only gaps or ambiguous characters.
Alignment has 73 sequences with 324 columns, 320 distinct patterns
156 parsimony-informative, 105 singleton sites, 63 constant sites
                                                               Gap/Ambiguity  Composition  p-value
Analyzing sequences: done in 0.000127599 secs using 98.75% CPU
   1  DE575|Cluster-49688.1__TRINITY_DN2385_c1_g1_i4.p1                8.95%    passed    100.00%
   2  DRR082660|Cluster-7459.0__TRINITY_DN14146_c0_g1_i1.p1           39.81%    passed     99.98%
   3  JJ23|Cluster-18452.2__TRINITY_DN11974_c0_g1_i4.p1               16.67%    passed    100.00%
   4  DE115|Cluster-50731.0__TRINITY_DN5175_c0_g1_i2.p1                0.31%    passed    100.00%
   5  JJ86|Cluster-50827.48__TRINITY_DN5342_c0_g1_i2.p1               40.43%    passed    100.00%
   6  DE666|Cluster-35083.0__TRINITY_DN11501_c0_g1_i3.p1               3.40%    passed     99.79%
   7  DE127|Cluster-29047.1__TRINITY_DN14260_c0_g2_i3.p1               3.40%    passed    100.00%
   8  DE554|Cluster-60789.2__TRINITY_DN17331_c1_g1_i2.p1               3.40%    passed    100.00%
   9  DE680|Cluster-41501.2__TRINITY_DN3372_c0_g1_i17.p1               0.93%    passed    100.00%
  10  DE668|Cluster-43870.0__TRINITY_DN6231_c0_g1_i3.p1                3.70%    passed     99.96%
  11  DE681|Cluster-49126.0__TRINITY_DN585_c1_g1_i1.p1                 0.93%    passed    100.00%
  12  DE765|Cluster-45389.0__TRINITY_DN5158_c0_g1_i10.p1               0.93%    passed    100.00%
  13  DE126|Cluster-44314.0__TRINITY_DN689_c3_g1_i6.p1                40.43%    passed     99.97%
  14  DE671|Cluster-49623.0__TRINITY_DN5848_c0_g1_i5.p1                0.31%    passed    100.00%
  15  DE151|Cluster-34509.1__TRINITY_DN10416_c0_g1_i7.p1              20.68%    passed    100.00%
  16  JJ130|Cluster-8883.0__TRINITY_DN2933_c0_g1_i1.p1                20.68%    passed    100.00%
  17  DE173|Cluster-40609.0__TRINITY_DN8658_c0_g1_i2.p1               20.68%    passed    100.00%
  18  DE189|Cluster-25941.0__TRINITY_DN3749_c0_g1_i3.p1               20.68%    passed    100.00%
  19  JJ89|Cluster-34858.3__TRINITY_DN6463_c0_g1_i3.p1                43.21%    passed     99.98%
  20  DE549|Cluster-53457.4__TRINITY_DN392_c0_g1_i2.p1                 0.31%    passed    100.00%
  21  DE643|Cluster-48410.0__TRINITY_DN4210_c1_g1_i5.p1               43.21%    passed     99.97%
  22  DE88|Cluster-4663.0__TRINITY_DN4538_c0_g1_i2.p1                  0.31%    passed    100.00%
  23  JJ109|Cluster-38150.0__TRINITY_DN5089_c0_g1_i3.p1               20.68%    passed    100.00%
  24  DE164|Cluster-30387.636__TRINITY_DN18315_c0_g2_i5.p1             0.31%    passed    100.00%
  25  DE476|Cluster-30215.0__TRINITY_DN8831_c0_g1_i1.p1                0.31%    passed    100.00%
  26  DE764|Cluster-22711.2__TRINITY_DN3244_c0_g1_i34.p1               0.31%    passed    100.00%
  27  DE736|Cluster-34114.0__TRINITY_DN5166_c0_g1_i6.p1                5.86%    passed    100.00%
  28  DE737|Cluster-18533.0__TRINITY_DN10053_c1_g1_i4.p1               0.31%    passed    100.00%
  29  DE672|Cluster-40276.0__TRINITY_DN1260_c0_g1_i3.p1               43.21%    passed     99.86%
  30  DE550|Cluster-39771.0__TRINITY_DN4460_c0_g1_i3.p1               44.44%    passed     99.99%
  31  DE541|Cluster-21320.0__TRINITY_DN4073_c0_g1_i7.p1               43.21%    passed     99.74%
  32  DE216|Cluster-21100.0__TRINITY_DN8645_c0_g2_i1.p1                0.93%    passed    100.00%
  33  JJ15|Cluster-30439.1__TRINITY_DN8986_c0_g1_i1.p1                 0.93%    passed    100.00%
  34  DE542|Cluster-63972.0__TRINITY_DN8629_c0_g1_i1.p1                0.31%    passed    100.00%
  35  DE536|Cluster-55723.0__TRINITY_DN5820_c0_g1_i3.p1                0.31%    passed    100.00%
  36  JJ36|Cluster-40555.1__TRINITY_DN7436_c0_g2_i6.p1                43.21%    passed     99.92%
  37  DE504|Cluster-5978.0__TRINITY_DN9757_c0_g1_i7.p1                 0.31%    passed    100.00%
  38  JJ85|Cluster-43159.0__TRINITY_DN4457_c0_g1_i9.p1                 0.31%    passed    100.00%
  39  DE566|Cluster-46921.1__TRINITY_DN11489_c0_g1_i11.p1              3.09%    passed     99.33%
  40  DE696-dots|Cluster-12580.0__TRINITY_DN6309_c0_g1_i8.p1          43.21%    passed     99.87%
  41  DE696-nodots|Cluster-56041.0__TRINITY_DN3269_c0_g1_i2.p1        43.21%    passed     99.77%
  42  DE560|Cluster-12137.19__TRINITY_DN3432_c0_g1_i14.p1             43.21%    passed     99.98%
  43  DE519|Cluster-72606.0__TRINITY_DN2209_c0_g1_i6.p1                0.62%    passed    100.00%
  44  DE741|Cluster-60793.0__TRINITY_DN3266_c0_g1_i10.p1               0.62%    passed    100.00%
  45  DE162|Cluster-18613.0__TRINITY_DN7089_c0_g1_i4.p1                0.31%    passed    100.00%
  46  DE528|Cluster-34630.0__TRINITY_DN6695_c0_g1_i2.p1                0.31%    passed    100.00%
  47  DE507|Cluster-87178.0__TRINITY_DN5597_c0_g1_i7.p1               40.43%    passed     99.94%
  48  DE704-purple|Cluster-54941.0__TRINITY_DN4318_c0_g1_i3.p1         1.23%    passed    100.00%
  49  DE704-white|Cluster-64123.1__TRINITY_DN3946_c0_g1_i5.p1          1.23%    passed    100.00%
  50  DE152|Cluster-32102.15__TRINITY_DN6110_c0_g1_i7.p1               0.31%    passed    100.00%
  51  DE229|Cluster-94740.0__TRINITY_DN1640_c1_g2_i2.p1               43.21%    passed     99.99%
  52  DE69|Cluster-11820.0__TRINITY_DN13616_c0_g1_i1.p1               43.21%    passed     99.91%
  53  SRR3407095|Cluster-36672.0__TRINITY_DN12102_c0_g1_i1.p1          0.31%    passed    100.00%
  54  DE546_urceolata_l|Cluster-45384.0__TRINITY_DN3654_c0_g1_i1.p1    3.40%    passed    100.00%
  55  DE181|Cluster-49562.0__TRINITY_DN2982_c0_g1_i1.p1                0.31%    passed    100.00%
  56  SRR3407086|Cluster-40165.0__TRINITY_DN45682_c0_g1_i1.p1          0.31%    passed    100.00%
  57  SRR3407088|Cluster-35548.0__TRINITY_DN9563_c0_g1_i2.p1           0.31%    passed    100.00%
  58  SRR3407093|Cluster-19176.1__TRINITY_DN10119_c0_g1_i3.p1         38.89%    passed     94.14%
  59  SRR3424066|Cluster-40165.0__TRINITY_DN5500_c0_g1_i8.p1          38.58%    passed     81.17%
  60  SRR3407096|Cluster-26797.0__TRINITY_DN8240_c0_g1_i1.p1           0.31%    passed    100.00%
  61  DE523|Cluster-53436.1__TRINITY_DN9351_c0_g1_i15.p1               0.31%    passed    100.00%
  62  DE561|Cluster-47733.1__TRINITY_DN4054_c0_g1_i13.p1              12.96%    passed    100.00%
  63  DE503|Cluster-18552.1__TRINITY_DN10635_c0_g3_i3.p1               0.31%    passed    100.00%
  64  DE505|Cluster-55789.0__TRINITY_DN1866_c0_g1_i4.p1               43.21%    passed     97.00%
  65  DE510|Cluster-52371.0__TRINITY_DN9744_c0_g1_i7.p1                0.31%    passed    100.00%
  66  SRR3407087|Cluster-35574.0__TRINITY_DN24825_c0_g1_i2.p1          0.31%    passed    100.00%
  67  SRR3407092|Cluster-16912.0__TRINITY_DN7403_c0_g1_i2.p1          43.21%    passed     96.52%
  68  SRR3407094|Cluster-14766.0__TRINITY_DN13916_c0_g1_i1.p1          0.31%    passed    100.00%
  69  DE509|Cluster-17300.1__TRINITY_DN4151_c0_g1_i9.p1               61.11%    passed     90.55%
  70  DRR234970|Cluster-7515.0__TRINITY_DN12947_c0_g1_i1.p1           47.53%    passed     93.59%
  71  DE534|Cluster-41242.5__TRINITY_DN11703_c0_g1_i10.p1             38.58%    passed     79.87%
  72  JJ74|Cluster-128688.0__TRINITY_DN5253_c0_g1_i3.p1               38.58%    passed     98.38%
  73  JJ131|Cluster-69507.1__TRINITY_DN26677_c0_g1_i14.p1             42.28%    passed     87.65%
WARNING: 1 sequences contain more than 50% gaps/ambiguity
****  TOTAL                                                           16.63%  0 sequences failed composition chi2 test (p-value<5%; df=60)
WARNING: States(s) CGC rarely appear in alignment and may cause numerical problems
Reading input tree file tmp.csubst.nwk ... rooted tree

NOTE: 52 MB RAM (0 GB) is required!
Measuring multi-threading efficiency up to 1 CPU cores
2 trees examined
Threads: 1 / Time: 2.716 sec / Speedup: 1.000 / Efficiency: 100% / LogL: -10826
BEST NUMBER OF THREADS: 1

Estimate model parameters (epsilon = 0.010)
1. Initial log-likelihood: -10215.835
2. Current log-likelihood: -6809.983
3. Current log-likelihood: -6809.699
4. Current log-likelihood: -6809.557
5. Current log-likelihood: -6809.479
6. Current log-likelihood: -6809.434
7. Current log-likelihood: -6809.408
8. Current log-likelihood: -6809.391
9. Current log-likelihood: -6809.381
Optimal log-likelihood: -6809.374
Nonsynonymous/synonymous ratio (omega): 1.000
Transition/transversion ratio (kappa): 1.000
Site proportion and rates:  (0.586,0.479) (0.302,1.574) (0.100,1.724) (0.012,6.081)
Parameters optimization took 9 rounds (84.717 sec)
Wrote distance file to... 
BEST SCORE FOUND : -6809.374
Ancestral state probabilities printed to /mnt/data0/yue/2026-03-11-protein-convergence/results/OG_5970/csubst_w_s/csubst_input_alignment.fa.state
Empirical proportions for each category: 0.670 0.321 0.000 0.009
Site rates printed to /mnt/data0/yue/2026-03-11-protein-convergence/results/OG_5970/csubst_w_s/csubst_input_alignment.fa.rate
Total tree length: 3.305

Total number of iterations: 0
CPU time used for tree search: 0.000 sec (0h:0m:0s)
Wall-clock time used for tree search: 0.000 sec (0h:0m:0s)
Total CPU time used: 88.665 sec (0h:1m:28s)
Total wall-clock time used: 89.354 sec (0h:1m:29s)

Analysis results written to: 
  IQ-TREE report:                /mnt/data0/yue/2026-03-11-protein-convergence/results/OG_5970/csubst_w_s/csubst_input_alignment.fa.iqtree
  Maximum-likelihood tree:       /mnt/data0/yue/2026-03-11-protein-convergence/results/OG_5970/csubst_w_s/csubst_input_alignment.fa.treefile
  Site-specific rates:           /mnt/data0/yue/2026-03-11-protein-convergence/results/OG_5970/csubst_w_s/csubst_input_alignment.fa.rate
  Ancestral state:               /mnt/data0/yue/2026-03-11-protein-convergence/results/OG_5970/csubst_w_s/csubst_input_alignment.fa.state
  Screen log file:               /mnt/data0/yue/2026-03-11-protein-convergence/results/OG_5970/csubst_w_s/csubst_input_alignment.fa.log

Date and Time: Fri Mar 27 20:00:36 2026
