IQ-TREE multicore version 2.4.0 for Linux x86 64-bit built Feb 12 2025
Developed by Bui Quang Minh, Nguyen Lam Tung, Olga Chernomor, Heiko Schmidt,
Dominik Schrempf, Michael Woodhams, Ly Trong Nhan, Thomas Wong

Host:    brain (AVX2, FMA3, 2015 GB RAM)
Command: /home/yue/miniconda3/envs/py39/bin/iqtree -s /mnt/data0/yue/2026-03-11-protein-convergence/results/OG_10648/csubst_w_s/csubst_input_alignment.fa -te tmp.csubst.nwk -m ECMK07+F+R4 --seqtype CODON1 --threads-max 1 -T AUTO --ancestral --rate --redo
Seed:    689788 (Using SPRNG - Scalable Parallel Random Number Generator)
Time:    Thu Mar 26 21:12:35 2026
Kernel:  AVX+FMA - auto-detect threads (128 CPU cores detected)

Reading alignment file /mnt/data0/yue/2026-03-11-protein-convergence/results/OG_10648/csubst_w_s/csubst_input_alignment.fa ... Fasta format detected
Reading fasta file: done in 0.0010009 secs using 33.27% CPU
Alignment most likely contains DNA/RNA sequences
Converting to codon sequences with genetic code 1 ...
WARNING: 1 sites contain only gaps or ambiguous characters.
Alignment has 62 sequences with 310 columns, 292 distinct patterns
131 parsimony-informative, 93 singleton sites, 86 constant sites
                                                               Gap/Ambiguity  Composition  p-value
Analyzing sequences: done in 4.63724e-05 secs using 34.5% CPU
   1  DE126|Cluster-29192.0__TRINITY_DN7614_c0_g1_i2.p1                1.94%    passed    100.00%
   2  DE554|Cluster-63563.0__TRINITY_DN6598_c0_g1_i1.p1               44.84%    passed     34.72%
   3  DE115|Cluster-49152.0__TRINITY_DN2760_c0_g1_i2.p1               50.32%    passed    100.00%
   4  DE162|Cluster-44179.1__TRINITY_DN7156_c0_g1_i18.p1              15.81%    passed    100.00%
   5  JJ86|Cluster-26102.0__TRINITY_DN25637_c0_g2_i3.p1               50.32%    passed     99.99%
   6  DE704-purple|Cluster-35455.0__TRINITY_DN3198_c1_g1_i2.p1         1.94%    passed    100.00%
   7  DE704-white|Cluster-46011.1__TRINITY_DN4540_c0_g2_i17.p1         1.94%    passed     99.98%
   8  DE127|Cluster-15021.0__TRINITY_DN14173_c0_g1_i1.p1              50.32%    passed     99.99%
   9  DE666|Cluster-6324.1__TRINITY_DN9475_c0_g1_i16.p1               32.58%    passed    100.00%
  10  DE563|Cluster-32406.0__TRINITY_DN17611_c0_g2_i1.p1               1.94%    passed    100.00%
  11  DE152|Cluster-56213.0__TRINITY_DN1485_c0_g1_i2.p1               50.65%    passed    100.00%
  12  JJ99|Cluster-31506.0__TRINITY_DN1010_c14_g1_i1.p1                1.94%    passed     88.00%
  13  DE566|Cluster-58728.0__TRINITY_DN26785_c0_g1_i2.p1              50.32%    passed    100.00%
  14  JJ74|Cluster-133195.0__TRINITY_DN4574_c0_g1_i1.p1               50.32%    passed     89.68%
  15  SRR3407093|Cluster-21710.0__TRINITY_DN45751_c0_g1_i1.p1          1.29%    passed    100.00%
  16  DE510|Cluster-13037.0__TRINITY_DN47481_c0_g1_i1.p1               1.29%    passed    100.00%
  17  SRR3407087|Cluster-31056.0__TRINITY_DN6411_c0_g1_i2.p1           1.29%    passed    100.00%
  18  SRR3407094|Cluster-38963.0__TRINITY_DN40621_c0_g1_i1.p1          1.29%    passed    100.00%
  19  DE523|Cluster-38665.0__TRINITY_DN2084_c0_g4_i11.p1              48.71%    passed     99.81%
  20  SRR3424066|Cluster-4860.0__TRINITY_DN19123_c0_g2_i1.p1           0.32%    passed    100.00%
  21  SRR3407086|Cluster-36713.0__TRINITY_DN7201_c0_g2_i2.p1          48.71%    passed     99.95%
  22  DE561|Cluster-2292.64__TRINITY_DN8288_c0_g1_i2.p1               48.71%    passed     99.92%
  23  SRR3407088|Cluster-10272.0__TRINITY_DN9536_c0_g2_i1.p1          48.71%    passed     99.88%
  24  SRR3407092|Cluster-36599.0__TRINITY_DN4428_c0_g1_i1.p1           0.32%    passed    100.00%
  25  JJ85|Cluster-38727.103__TRINITY_DN5289_c1_g1_i2.p1              48.71%    passed     99.75%
  26  DE164|Cluster-27493.0__TRINITY_DN84929_c0_g1_i1.p1               0.32%    passed    100.00%
  27  DE672|Cluster-5166.0__TRINITY_DN9952_c0_g1_i2.p1                48.71%    passed     99.98%
  28  DE643|Cluster-15122.1__TRINITY_DN162_c0_g2_i10.p1                0.32%    passed    100.00%
  29  DE671|Cluster-11429.0__TRINITY_DN1806_c1_g1_i6.p1                0.32%    passed    100.00%
  30  DE173|Cluster-42449.1__TRINITY_DN9684_c0_g1_i1.p1               48.71%    passed     99.98%
  31  DE189|Cluster-46788.0__TRINITY_DN10370_c0_g1_i1.p1              48.71%    passed     99.93%
  32  DE549|Cluster-37838.0__TRINITY_DN4906_c0_g1_i2.p1               48.71%    passed     99.99%
  33  DE736|Cluster-28962.0__TRINITY_DN13775_c0_g1_i2.p1               0.32%    passed    100.00%
  34  DE764|Cluster-8335.0__TRINITY_DN810_c0_g3_i1.p1                  0.32%    passed    100.00%
  35  DE696-dots|Cluster-33476.0__TRINITY_DN16298_c0_g1_i2.p1          0.32%    passed    100.00%
  36  DE696-nodots|Cluster-57048.0__TRINITY_DN15176_c0_g1_i3.p1       48.71%    passed     99.88%
  37  DE519|Cluster-50833.0__TRINITY_DN3543_c0_g1_i2.p1               48.71%    passed    100.00%
  38  DE741|Cluster-56643.0__TRINITY_DN1452_c0_g1_i25.p1              48.71%    passed     99.99%
  39  DE737|Cluster-15428.0__TRINITY_DN424_c0_g1_i8.p1                 0.32%    passed    100.00%
  40  JJ89|Cluster-5213.0__TRINITY_DN9971_c0_g1_i3.p1                  0.32%    passed    100.00%
  41  DE88|Cluster-12870.0__TRINITY_DN66712_c0_g1_i1.p1                0.32%    passed    100.00%
  42  JJ109|Cluster-44918.1__TRINITY_DN1231_c9_g1_i1.p1                0.32%    passed    100.00%
  43  DE550|Cluster-46506.0__TRINITY_DN4907_c0_g1_i3.p1               48.71%    passed     99.76%
  44  JJ130|Cluster-38784.1__TRINITY_DN74195_c0_g1_i1.p1               0.32%    passed    100.00%
  45  DE476|Cluster-29868.0__TRINITY_DN3663_c0_g1_i2.p1                0.32%    passed    100.00%
  46  DE534|Cluster-25560.1__TRINITY_DN6618_c0_g2_i2.p1               50.32%    passed    100.00%
  47  DE542|Cluster-55272.0__TRINITY_DN537_c0_g2_i2.p1                50.32%    passed    100.00%
  48  JJ15|Cluster-62829.0__TRINITY_DN2274_c0_g2_i2.p1                 1.94%    passed    100.00%
  49  DRR082660|Cluster-9639.0__TRINITY_DN1912_c0_g1_i2.p1            48.71%    passed    100.00%
  50  DE560|Cluster-20541.0__TRINITY_DN488_c0_g1_i1.p1                48.71%    passed     99.99%
  51  SRR3407095|Cluster-41023.0__TRINITY_DN4268_c0_g1_i2.p1          48.71%    passed     99.98%
  52  DE69|Cluster-34049.0__TRINITY_DN227_c0_g3_i2.p1                 48.71%    passed     99.98%
  53  DRR234970|Cluster-27211.0__TRINITY_DN21512_c0_g1_i2.p1          13.55%    passed     99.98%
  54  SRR104381|Cluster-33223.0__TRINITY_DN4480_c0_g1_i1.p1           21.29%    passed     99.38%
  55  JJ131|Cluster-57843.0__TRINITY_DN97529_c0_g1_i1.p1               1.61%    passed     96.62%
  56  DE575|Cluster-64774.0__TRINITY_DN2370_c0_g1_i10.p1              44.84%    passed     30.97%
  57  DE216|Cluster-5768.0__TRINITY_DN2973_c0_g3_i6.p1                44.84%    passed     65.26%
  58  JJ125|Cluster-38370.0__TRINITY_DN10882_c0_g1_i10.p1             44.84%    passed     75.31%
  59  DE541|Cluster-28790.0__TRINITY_DN67287_c0_g1_i1.p1               0.32%    passed    100.00%
  60  JJ36|Cluster-43521.1__TRINITY_DN3021_c0_g1_i2.p1                 0.32%    passed    100.00%
  61  DE765|Cluster-57374.0__TRINITY_DN3532_c1_g1_i1.p1               44.52%    passed     98.74%
  62  DE546_urceolata_l|Cluster-22515.0__TRINITY_DN2579_c0_g1_i3.p1   30.97%    passed     88.09%
WARNING: 8 sequences contain more than 50% gaps/ambiguity
****  TOTAL                                                           25.69%  0 sequences failed composition chi2 test (p-value<5%; df=60)
Reading input tree file tmp.csubst.nwk ... rooted tree

NOTE: 41 MB RAM (0 GB) is required!
Measuring multi-threading efficiency up to 1 CPU cores
2 trees examined
Threads: 1 / Time: 2.144 sec / Speedup: 1.000 / Efficiency: 100% / LogL: -7121
BEST NUMBER OF THREADS: 1

Estimate model parameters (epsilon = 0.010)
1. Initial log-likelihood: -6972.122
2. Current log-likelihood: -4487.667
3. Current log-likelihood: -4487.382
4. Current log-likelihood: -4487.177
5. Current log-likelihood: -4486.997
6. Current log-likelihood: -4479.119
7. Current log-likelihood: -4478.996
8. Current log-likelihood: -4478.890
9. Current log-likelihood: -4478.803
10. Current log-likelihood: -4478.735
11. Current log-likelihood: -4475.952
12. Current log-likelihood: -4475.898
13. Current log-likelihood: -4475.856
14. Current log-likelihood: -4475.826
15. Current log-likelihood: -4475.803
16. Current log-likelihood: -4475.788
17. Current log-likelihood: -4475.776
Optimal log-likelihood: -4472.293
Nonsynonymous/synonymous ratio (omega): 1.000
Transition/transversion ratio (kappa): 1.000
Site proportion and rates:  (0.400,0.587) (0.355,0.631) (0.229,1.905) (0.016,6.622)
Parameters optimization took 17 rounds (118.706 sec)
Wrote distance file to... 
BEST SCORE FOUND : -4472.293
Ancestral state probabilities printed to /mnt/data0/yue/2026-03-11-protein-convergence/results/OG_10648/csubst_w_s/csubst_input_alignment.fa.state
Empirical proportions for each category: 0.748 0.000 0.239 0.013
Site rates printed to /mnt/data0/yue/2026-03-11-protein-convergence/results/OG_10648/csubst_w_s/csubst_input_alignment.fa.rate
Total tree length: 1.989

Total number of iterations: 0
CPU time used for tree search: 0.000 sec (0h:0m:0s)
Wall-clock time used for tree search: 0.000 sec (0h:0m:0s)
Total CPU time used: 120.785 sec (0h:2m:0s)
Total wall-clock time used: 122.245 sec (0h:2m:2s)

Analysis results written to: 
  IQ-TREE report:                /mnt/data0/yue/2026-03-11-protein-convergence/results/OG_10648/csubst_w_s/csubst_input_alignment.fa.iqtree
  Maximum-likelihood tree:       /mnt/data0/yue/2026-03-11-protein-convergence/results/OG_10648/csubst_w_s/csubst_input_alignment.fa.treefile
  Site-specific rates:           /mnt/data0/yue/2026-03-11-protein-convergence/results/OG_10648/csubst_w_s/csubst_input_alignment.fa.rate
  Ancestral state:               /mnt/data0/yue/2026-03-11-protein-convergence/results/OG_10648/csubst_w_s/csubst_input_alignment.fa.state
  Screen log file:               /mnt/data0/yue/2026-03-11-protein-convergence/results/OG_10648/csubst_w_s/csubst_input_alignment.fa.log

Date and Time: Thu Mar 26 21:14:37 2026
