IQ-TREE multicore version 2.4.0 for Linux x86 64-bit built Feb 12 2025
Developed by Bui Quang Minh, Nguyen Lam Tung, Olga Chernomor, Heiko Schmidt,
Dominik Schrempf, Michael Woodhams, Ly Trong Nhan, Thomas Wong

Host:    brain (AVX2, FMA3, 2015 GB RAM)
Command: /home/yue/miniconda3/envs/py39/bin/iqtree -s /mnt/data0/yue/2026-03-11-protein-convergence/results/OG_217/csubst_w_s/csubst_input_alignment.fa -te tmp.csubst.nwk -m ECMK07+F+R4 --seqtype CODON1 --threads-max 1 -T AUTO --ancestral --rate --redo
Seed:    902714 (Using SPRNG - Scalable Parallel Random Number Generator)
Time:    Fri Mar 27 03:07:04 2026
Kernel:  AVX+FMA - auto-detect threads (128 CPU cores detected)

Reading alignment file /mnt/data0/yue/2026-03-11-protein-convergence/results/OG_217/csubst_w_s/csubst_input_alignment.fa ... Fasta format detected
Reading fasta file: done in 0.00222802 secs using 92.91% CPU
Alignment most likely contains DNA/RNA sequences
Converting to codon sequences with genetic code 1 ...
WARNING: 1 sites contain only gaps or ambiguous characters.
Alignment has 100 sequences with 439 columns, 432 distinct patterns
393 parsimony-informative, 21 singleton sites, 25 constant sites
                                                          Gap/Ambiguity  Composition  p-value
Analyzing sequences: done in 0.000142798 secs using 98.74% CPU
   1  DE575|Cluster-22339.3__TRINITY_DN78_c0_g1_i2.p1             0.23%    passed     99.99%
   2  DE765|Cluster-32963.5__TRINITY_DN64_c0_g1_i3.p1             0.23%    passed    100.00%
   3  DE681|Cluster-22517.0__TRINITY_DN4527_c0_g1_i6.p1           0.23%    passed     99.99%
   4  DE696-dots|Cluster-49825.0__TRINITY_DN14280_c0_g1_i3.p1    36.90%    passed     99.74%
   5  JJ23|Cluster-34524.0__TRINITY_DN3145_c0_g2_i1.p1            0.23%    passed     82.80%
   6  DE668|Cluster-15122.6__TRINITY_DN500_c0_g1_i3.p1            0.23%    passed     99.95%
   7  JJ86|Cluster-32414.7__TRINITY_DN917_c0_g1_i1.p1             0.23%    passed     99.99%
   8  DE115|Cluster-7602.2__TRINITY_DN3405_c3_g1_i1.p1           15.03%    passed     92.32%
   9  DE126|Cluster-43014.1__TRINITY_DN9383_c0_g1_i2.p1           0.23%    passed     99.99%
  10  DE127|Cluster-36043.1__TRINITY_DN2304_c0_g3_i1.p1           0.23%    passed     99.89%
  11  DE554|Cluster-47456.2__TRINITY_DN605_c0_g2_i1.p1            0.23%    passed     99.90%
  12  DE666|Cluster-33354.1__TRINITY_DN2281_c0_g1_i1.p1           0.23%    passed     99.94%
  13  DE507|Cluster-78290.7__TRINITY_DN3718_c0_g1_i8.p1           2.05%    passed     99.45%
  14  DE704-white|Cluster-51519.3__TRINITY_DN1177_c0_g1_i2.p1     0.46%    passed     99.63%
  15  JJ131|Cluster-33947.0__TRINITY_DN3905_c1_g1_i1.p1           0.23%    passed     89.00%
  16  DE741|Cluster-56529.1__TRINITY_DN680_c4_g2_i1.p1            0.23%    passed     93.68%
  17  JJ74|Cluster-69906.4__TRINITY_DN2159_c0_g2_i1.p1            0.23%    passed     99.71%
  18  JJ85|Cluster-43795.0__TRINITY_DN1453_c8_g2_i1.p1           37.59%    passed     35.34%
  19  DE542|Cluster-65127.0__TRINITY_DN1594_c0_g1_i2.p1           3.64%    passed     12.96%
  20  JJ15|Cluster-34981.0__TRINITY_DN1162_c5_g2_i1.p1            0.91%    failed      3.62%
  21  DE88|Cluster-14079.0__TRINITY_DN1481_c0_g4_i1.p1            1.82%    passed     25.50%
  22  DE680|Cluster-56191.0__TRINITY_DN421_c0_g1_i6.p1            4.10%    passed     92.24%
  23  DE560|Cluster-28733.4__TRINITY_DN647_c0_g1_i6.p1            7.29%    passed     29.64%
  24  DE737|Cluster-30751.2__TRINITY_DN883_c1_g3_i7.p1            3.19%    passed     98.55%
  25  DE189|Cluster-36310.0__TRINITY_DN6892_c0_g1_i2.p1           2.96%    passed     91.79%
  26  DE229|Cluster-76681.0__TRINITY_DN98_c0_g2_i5.p1             2.73%    passed     97.29%
  27  DE680|Cluster-2150.7__TRINITY_DN421_c0_g1_i4.p1             7.29%    passed     96.11%
  28  DE505|Cluster-30454.0__TRINITY_DN317_c0_g2_i2.p1            5.92%    passed     76.71%
  29  SRR3407087|Cluster-44008.2__TRINITY_DN887_c0_g1_i9.p1       5.92%    passed     85.25%
  30  DE563|Cluster-42989.1__TRINITY_DN1499_c1_g1_i2.p1          15.49%    passed     99.22%
  31  DE666|Cluster-26481.0__TRINITY_DN2281_c0_g1_i4.p1           2.05%    passed     96.83%
  32  DE643|Cluster-32425.8__TRINITY_DN9188_c0_g1_i1.p1          39.18%    passed     98.56%
  33  DE151|Cluster-52583.4__TRINITY_DN772_c0_g2_i13.p1           2.96%    passed     95.08%
  34  JJ130|Cluster-4688.0__TRINITY_DN38839_c0_g1_i2.p1           2.96%    passed     97.90%
  35  JJ109|Cluster-27268.0__TRINITY_DN5252_c0_g1_i1.p1           2.96%    passed     99.86%
  36  SRR3407088|Cluster-29229.0__TRINITY_DN940_c0_g2_i3.p1       0.23%    passed     99.96%
  37  DE505|Cluster-47622.3__TRINITY_DN317_c0_g1_i4.p1           17.31%    passed     96.57%
  38  SRR3407092|Cluster-21507.0__TRINITY_DN7_c0_g1_i1.p1         0.23%    passed     98.08%
  39  DE510|Cluster-53296.21__TRINITY_DN3034_c0_g2_i3.p1          0.23%    passed     99.31%
  40  DE69|Cluster-55616.1__TRINITY_DN1040_c0_g1_i1.p1            0.23%    passed     98.16%
  41  SRR3407095|Cluster-4211.10__TRINITY_DN267_c0_g1_i23.p1      0.23%    passed     99.40%
  42  DE229|Cluster-87549.2__TRINITY_DN98_c0_g2_i6.p1             0.91%    passed     96.20%
  43  JJ99|Cluster-12729.16__TRINITY_DN319_c1_g2_i5.p1            0.23%    passed     99.57%
  44  DE152|Cluster-50181.4__TRINITY_DN1438_c0_g3_i4.p1           4.10%    passed     99.97%
  45  DE229|Cluster-60724.0__TRINITY_DN33735_c0_g1_i1.p1         49.66%    passed     95.44%
  46  DE504|Cluster-53971.0__TRINITY_DN8564_c0_g1_i1.p1          39.18%    passed     95.01%
  47  DE549|Cluster-16681.4__TRINITY_DN24092_c0_g1_i3.p1         49.66%    passed     88.77%
  48  DE566|Cluster-17127.0__TRINITY_DN199_c0_g1_i2.p1            1.59%    passed     37.12%
  49  DE736|Cluster-33012.21__TRINITY_DN2312_c0_g1_i4.p1          0.23%    passed    100.00%
  50  DE69|Cluster-51877.1__TRINITY_DN20061_c0_g1_i1.p1          39.18%    passed     89.03%
  51  DE164|Cluster-29149.3__TRINITY_DN880_c0_g1_i4.p1            0.23%    passed     99.84%
  52  DE737|Cluster-52486.0__TRINITY_DN12756_c0_g2_i3.p1          0.23%    passed     98.27%
  53  DE173|Cluster-37672.0__TRINITY_DN8212_c0_g1_i1.p1           0.23%    passed     98.41%
  54  JJ109|Cluster-42106.2__TRINITY_DN2204_c0_g2_i1.p1           0.23%    passed     98.91%
  55  DE189|Cluster-21427.0__TRINITY_DN449_c1_g1_i1.p1            0.23%    passed     99.94%
  56  JJ130|Cluster-21606.1__TRINITY_DN3754_c0_g4_i1.p1           0.23%    passed     99.65%
  57  DE88|Cluster-10738.0__TRINITY_DN1481_c0_g2_i1.p1            0.23%    passed     98.43%
  58  DE541|Cluster-52570.0__TRINITY_DN24458_c0_g1_i1.p1          0.23%    passed    100.00%
  59  DE536|Cluster-42715.1__TRINITY_DN3845_c0_g2_i1.p1           0.23%    passed     98.40%
  60  DE566|Cluster-59052.1__TRINITY_DN199_c0_g1_i11.p1           0.23%    passed     83.49%
  61  JJ125|Cluster-36216.28__TRINITY_DN94_c0_g1_i5.p1            0.23%    passed     97.36%
  62  DE476|Cluster-48603.29__TRINITY_DN1596_c0_g2_i3.p1          0.23%    passed     88.08%
  63  DE509|Cluster-43605.0__TRINITY_DN3275_c0_g8_i1.p1           0.23%    passed     64.34%
  64  DE550|Cluster-23191.0__TRINITY_DN21309_c0_g1_i1.p1          0.23%    passed     64.24%
  65  DE531|Cluster-51241.1__TRINITY_DN1285_c1_g5_i1.p1           0.23%    passed     67.95%
  66  JJ36|Cluster-18454.0__TRINITY_DN11908_c1_g1_i1.p1           0.23%    passed     60.48%
  67  DE519|Cluster-54002.2__TRINITY_DN5328_c0_g2_i1.p1           0.23%    passed     17.69%
  68  JJ89|Cluster-10798.0__TRINITY_DN1300_c0_g1_i1.p1            0.23%    passed     50.92%
  69  DE671|Cluster-36493.0__TRINITY_DN3836_c0_g2_i1.p1          49.66%    passed     94.56%
  70  DE672|Cluster-27372.0__TRINITY_DN1448_c2_g1_i1.p1           1.59%    passed     96.47%
  71  DE696-dots|Cluster-36669.3__TRINITY_DN5143_c0_g2_i1.p1      0.23%    passed     99.90%
  72  DE696-nodots|Cluster-1647.0__TRINITY_DN21405_c0_g3_i1.p1    0.23%    passed     99.72%
  73  DE541|Cluster-28101.0__TRINITY_DN5953_c0_g1_i1.p1           0.23%    passed     29.98%
  74  DE550|Cluster-6903.0__TRINITY_DN3791_c1_g1_i7.p1            0.23%    passed     80.45%
  75  DE741|Cluster-35841.0__TRINITY_DN2004_c2_g1_i11.p1          3.64%    passed     40.51%
  76  JJ85|Cluster-8990.0__TRINITY_DN1453_c2_g1_i1.p1             0.23%    passed     97.47%
  77  DE523|Cluster-49547.3__TRINITY_DN1497_c0_g3_i1.p1           0.23%    passed     99.94%
  78  DE69|Cluster-44221.2__TRINITY_DN1040_c0_g3_i5.p1            0.23%    passed     99.78%
  79  DE173|Cluster-55693.1__TRINITY_DN3095_c0_g1_i2.p1           4.56%    passed     99.89%
  80  DE216|Cluster-62004.3__TRINITY_DN796_c0_g2_i2.p1            4.10%    passed     26.84%
  81  JJ15|Cluster-75080.29__TRINITY_DN1162_c5_g1_i2.p1           0.23%    passed     60.59%
  82  DE534|Cluster-45854.0__TRINITY_DN9370_c0_g1_i2.p1           0.23%    passed     74.63%
  83  DE536|Cluster-37136.0__TRINITY_DN3845_c0_g1_i1.p1           0.23%    passed     91.51%
  84  DE181|Cluster-28390.1__TRINITY_DN277_c2_g3_i2.p1            4.10%    passed     99.98%
  85  SRR3424066|Cluster-41923.0__TRINITY_DN26_c0_g1_i12.p1       0.23%    passed     99.99%
  86  SRR3407086|Cluster-15219.2__TRINITY_DN845_c0_g1_i4.p1       0.23%    passed     99.99%
  87  SRR3407093|Cluster-35892.2__TRINITY_DN340_c0_g2_i3.p1       0.23%    passed    100.00%
  88  DE503|Cluster-38775.5__TRINITY_DN376_c1_g1_i2.p1            0.23%    passed    100.00%
  89  SRR3407094|Cluster-25677.3__TRINITY_DN488_c0_g1_i6.p1       0.23%    passed     99.86%
  90  SRR3407092|Cluster-28183.0__TRINITY_DN7_c0_g2_i1.p1         0.23%    passed     98.54%
  91  DE671|Cluster-29923.0__TRINITY_DN142_c0_g1_i9.p1            2.96%    passed     66.36%
  92  DE623|Cluster-59656.0__TRINITY_DN2023_c3_g1_i7.p1           3.64%    passed     99.11%
  93  DE764|Cluster-42591.9__TRINITY_DN245_c0_g3_i1.p1            1.59%    passed     98.26%
  94  DE561|Cluster-9986.11__TRINITY_DN83_c0_g1_i8.p1             0.23%    passed    100.00%
  95  SRR3407096|Cluster-29449.1__TRINITY_DN692_c0_g1_i4.p1       0.23%    passed     99.88%
  96  DE127|Cluster-17729.1__TRINITY_DN2304_c0_g1_i1.p1          39.18%    passed     84.77%
  97  DE554|Cluster-47406.1__TRINITY_DN605_c1_g1_i1.p1           39.18%    passed     61.51%
  98  DE563|Cluster-48180.259__TRINITY_DN1499_c1_g1_i11.p1        1.14%    passed     99.96%
  99  DE643|Cluster-71432.1__TRINITY_DN870_c0_g4_i1.p1            0.23%    passed    100.00%
 100  DE504|Cluster-58014.3__TRINITY_DN320_c0_g1_i1.p1            0.23%    passed    100.00%
****  TOTAL                                                       5.74%  1 sequences failed composition chi2 test (p-value<5%; df=60)
Reading input tree file tmp.csubst.nwk ... rooted tree

NOTE: 92 MB RAM (0 GB) is required!
Measuring multi-threading efficiency up to 1 CPU cores
2 trees examined
Threads: 1 / Time: 4.714 sec / Speedup: 1.000 / Efficiency: 100% / LogL: -51835
BEST NUMBER OF THREADS: 1

Estimate model parameters (epsilon = 0.010)
1. Initial log-likelihood: -32032.490
2. Current log-likelihood: -28057.375
3. Current log-likelihood: -27962.752
4. Current log-likelihood: -27937.945
5. Current log-likelihood: -27922.940
6. Current log-likelihood: -27912.916
7. Current log-likelihood: -27910.884
8. Current log-likelihood: -27909.897
9. Current log-likelihood: -27909.425
10. Current log-likelihood: -27909.204
11. Current log-likelihood: -27909.101
12. Current log-likelihood: -27909.054
13. Current log-likelihood: -27909.034
Optimal log-likelihood: -27909.027
Nonsynonymous/synonymous ratio (omega): 1.000
Transition/transversion ratio (kappa): 1.000
Site proportion and rates:  (0.179,0.143) (0.395,0.681) (0.387,1.506) (0.039,3.125)
Parameters optimization took 13 rounds (238.863 sec)
Wrote distance file to... 
BEST SCORE FOUND : -27909.027
Ancestral state probabilities printed to /mnt/data0/yue/2026-03-11-protein-convergence/results/OG_217/csubst_w_s/csubst_input_alignment.fa.state
Empirical proportions for each category: 0.187 0.392 0.390 0.032
Site rates printed to /mnt/data0/yue/2026-03-11-protein-convergence/results/OG_217/csubst_w_s/csubst_input_alignment.fa.rate
Total tree length: 13.691

Total number of iterations: 0
CPU time used for tree search: 0.000 sec (0h:0m:0s)
Wall-clock time used for tree search: 0.000 sec (0h:0m:0s)
Total CPU time used: 246.479 sec (0h:4m:6s)
Total wall-clock time used: 246.855 sec (0h:4m:6s)

Analysis results written to: 
  IQ-TREE report:                /mnt/data0/yue/2026-03-11-protein-convergence/results/OG_217/csubst_w_s/csubst_input_alignment.fa.iqtree
  Maximum-likelihood tree:       /mnt/data0/yue/2026-03-11-protein-convergence/results/OG_217/csubst_w_s/csubst_input_alignment.fa.treefile
  Site-specific rates:           /mnt/data0/yue/2026-03-11-protein-convergence/results/OG_217/csubst_w_s/csubst_input_alignment.fa.rate
  Ancestral state:               /mnt/data0/yue/2026-03-11-protein-convergence/results/OG_217/csubst_w_s/csubst_input_alignment.fa.state
  Screen log file:               /mnt/data0/yue/2026-03-11-protein-convergence/results/OG_217/csubst_w_s/csubst_input_alignment.fa.log

Date and Time: Fri Mar 27 03:11:11 2026
