IQ-TREE multicore version 2.4.0 for Linux x86 64-bit built Feb 12 2025
Developed by Bui Quang Minh, Nguyen Lam Tung, Olga Chernomor, Heiko Schmidt,
Dominik Schrempf, Michael Woodhams, Ly Trong Nhan, Thomas Wong

Host:    brain (AVX2, FMA3, 2015 GB RAM)
Command: /home/yue/miniconda3/envs/py39/bin/iqtree -s /mnt/data0/yue/2026-03-11-protein-convergence/results/OG_9802/csubst_w_s/csubst_input_alignment.fa -te tmp.csubst.nwk -m ECMK07+F+R4 --seqtype CODON1 --threads-max 1 -T AUTO --ancestral --rate --redo
Seed:    346292 (Using SPRNG - Scalable Parallel Random Number Generator)
Time:    Sat Mar 28 06:25:56 2026
Kernel:  AVX+FMA - auto-detect threads (128 CPU cores detected)

Reading alignment file /mnt/data0/yue/2026-03-11-protein-convergence/results/OG_9802/csubst_w_s/csubst_input_alignment.fa ... Fasta format detected
Reading fasta file: done in 0.00155061 secs
Alignment most likely contains DNA/RNA sequences
Converting to codon sequences with genetic code 1 ...
WARNING: 1 sites contain only gaps or ambiguous characters.
Alignment has 64 sequences with 490 columns, 405 distinct patterns
187 parsimony-informative, 141 singleton sites, 162 constant sites
                                                           Gap/Ambiguity  Composition  p-value
Analyzing sequences: done in 6.86795e-05 secs using 99.01% CPU
   1  DE668|Cluster-59409.0__TRINITY_DN8499_c0_g1_i3.p1            0.82%    passed    100.00%
   2  DE476|Cluster-36685.0__TRINITY_DN1169_c1_g1_i1.p1            0.20%    passed    100.00%
   3  DE523|Cluster-36705.0__TRINITY_DN372_c2_g1_i2.p1            43.47%    passed     90.60%
   4  DE151|Cluster-35674.0__TRINITY_DN3302_c0_g1_i1.p1            0.20%    passed    100.00%
   5  JJ109|Cluster-37268.0__TRINITY_DN8912_c0_g1_i1.p1           43.47%    passed     89.87%
   6  DE173|Cluster-12979.0__TRINITY_DN5262_c0_g1_i1.p1            0.20%    passed    100.00%
   7  DE189|Cluster-41829.1__TRINITY_DN110_c0_g1_i4.p1             0.20%    passed    100.00%
   8  DE509|Cluster-42282.0__TRINITY_DN4402_c0_g1_i1.p1           43.47%    passed     96.21%
   9  DE550|Cluster-32950.0__TRINITY_DN7559_c1_g1_i2.p1            0.20%    passed    100.00%
  10  DE736|Cluster-31051.0__TRINITY_DN716_c0_g1_i2.p1             0.20%    passed    100.00%
  11  DE549|Cluster-34169.0__TRINITY_DN2758_c0_g1_i1.p1            0.20%    passed    100.00%
  12  DE126|Cluster-31707.0__TRINITY_DN2713_c0_g1_i3.p1           43.47%    passed     98.61%
  13  DE88|Cluster-39663.33__TRINITY_DN2025_c0_g4_i1.p1            0.20%    passed    100.00%
  14  DE531|Cluster-52756.0__TRINITY_DN6856_c2_g2_i1.p1            0.20%    passed    100.00%
  15  JJ36|Cluster-9207.8__TRINITY_DN1317_c3_g1_i2.p1             43.47%    passed     94.63%
  16  DE696-dots|Cluster-52388.0__TRINITY_DN3193_c2_g1_i2.p1      43.47%    passed     94.63%
  17  DE696-nodots|Cluster-63685.0__TRINITY_DN18896_c0_g1_i2.p1   43.47%    passed     94.63%
  18  DE643|Cluster-61395.0__TRINITY_DN6033_c0_g1_i2.p1            0.20%    passed    100.00%
  19  DE671|Cluster-17257.0__TRINITY_DN168_c2_g1_i1.p1            43.47%    passed     92.54%
  20  SRR3407088|Cluster-24603.0__TRINITY_DN3870_c0_g1_i2.p1      43.47%    passed     95.61%
  21  DE181|Cluster-25192.0__TRINITY_DN702_c3_g1_i2.p1            43.47%    passed     98.01%
  22  SRR3407086|Cluster-39820.0__TRINITY_DN91079_c0_g1_i1.p1      0.20%    passed    100.00%
  23  DE503|Cluster-35498.0__TRINITY_DN15688_c0_g1_i1.p1           0.20%    passed    100.00%
  24  DE505|Cluster-40334.0__TRINITY_DN1576_c1_g1_i2.p1            0.20%    passed    100.00%
  25  DE510|Cluster-34796.0__TRINITY_DN11451_c0_g1_i3.p1           0.20%    passed    100.00%
  26  SRR3407087|Cluster-30057.0__TRINITY_DN2720_c0_g2_i1.p1       0.20%    passed    100.00%
  27  SRR3407092|Cluster-23114.0__TRINITY_DN2733_c0_g1_i1.p1       0.20%    passed    100.00%
  28  SRR3407094|Cluster-29829.0__TRINITY_DN3273_c0_g1_i2.p1       0.20%    passed    100.00%
  29  SRR3407093|Cluster-26486.0__TRINITY_DN1249_c0_g1_i2.p1       0.20%    passed    100.00%
  30  DE560|Cluster-43224.0__TRINITY_DN5384_c1_g2_i1.p1           43.47%    passed     97.92%
  31  DE681|Cluster-25876.6__TRINITY_DN2443_c0_g1_i10.p1           0.20%    passed    100.00%
  32  DE765|Cluster-20059.0__TRINITY_DN7138_c1_g4_i1.p1            0.20%    passed    100.00%
  33  DE575|Cluster-46257.0__TRINITY_DN786_c0_g1_i1.p1             0.20%    passed    100.00%
  34  DE115|Cluster-14126.0__TRINITY_DN8540_c0_g2_i2.p1            0.20%    passed    100.00%
  35  JJ86|Cluster-50859.0__TRINITY_DN1537_c1_g1_i10.p1           46.94%    passed     70.83%
  36  DE127|Cluster-42473.1__TRINITY_DN6120_c1_g2_i1.p1            0.20%    passed    100.00%
  37  DE554|Cluster-56605.0__TRINITY_DN4383_c1_g1_i2.p1            0.20%    passed    100.00%
  38  DE504|Cluster-41705.0__TRINITY_DN7222_c0_g1_i1.p1           46.94%    passed     42.70%
  39  DE666|Cluster-34029.0__TRINITY_DN203_c2_g1_i1.p1            46.94%    passed     53.78%
  40  DE563|Cluster-7116.0__TRINITY_DN2823_c1_g1_i1.p1             0.20%    passed    100.00%
  41  JJ89|Cluster-33586.0__TRINITY_DN10241_c0_g1_i3.p1           46.94%    passed     75.15%
  42  SRR3424066|Cluster-32936.1__TRINITY_DN6467_c0_g1_i1.p1       0.20%    passed    100.00%
  43  DE561|Cluster-33781.0__TRINITY_DN2096_c0_g3_i1.p1            0.20%    passed    100.00%
  44  DE536|Cluster-44247.1__TRINITY_DN1332_c0_g3_i3.p1           46.94%    passed     62.45%
  45  SRR3407095|Cluster-54006.0__TRINITY_DN6650_c0_g1_i1.p1       0.20%    passed    100.00%
  46  DE69|Cluster-27510.1__TRINITY_DN3190_c1_g1_i7.p1             0.20%    passed    100.00%
  47  JJ85|Cluster-41232.0__TRINITY_DN2557_c1_g1_i4.p1            46.94%    passed     62.33%
  48  DE764|Cluster-41220.0__TRINITY_DN15999_c0_g1_i8.p1          46.94%    passed     45.86%
  49  DE741|Cluster-36210.0__TRINITY_DN1827_c3_g1_i5.p1           46.94%    passed     84.18%
  50  DE541|Cluster-3822.0__TRINITY_DN4806_c0_g1_i2.p1             0.20%    passed    100.00%
  51  DE162|Cluster-22009.0__TRINITY_DN13496_c1_g1_i1.p1           0.20%    passed    100.00%
  52  DE507|Cluster-35584.0__TRINITY_DN16783_c0_g1_i3.p1          46.94%    passed     72.38%
  53  DE528|Cluster-4943.0__TRINITY_DN2828_c0_g1_i1.p1             0.20%    passed    100.00%
  54  DE704-purple|Cluster-48170.0__TRINITY_DN4736_c0_g1_i2.p1     0.20%    passed    100.00%
  55  DE704-white|Cluster-24370.0__TRINITY_DN7408_c0_g1_i1.p1      0.20%    passed    100.00%
  56  DE623|Cluster-9607.0__TRINITY_DN338_c2_g1_i2.p1              0.20%    passed    100.00%
  57  DE680|Cluster-16774.0__TRINITY_DN2565_c0_g2_i1.p1            0.20%    passed    100.00%
  58  JJ23|Cluster-35205.0__TRINITY_DN2282_c0_g2_i1.p1            47.14%    passed     62.57%
  59  DE534|Cluster-56092.0__TRINITY_DN4951_c1_g1_i3.p1           46.94%    passed     35.54%
  60  JJ131|Cluster-43766.0__TRINITY_DN5163_c0_g1_i5.p1            0.20%    passed    100.00%
  61  DE566|Cluster-53457.2__TRINITY_DN3782_c0_g1_i9.p1            0.20%    passed     21.42%
  62  DE542|Cluster-60909.0__TRINITY_DN13104_c0_g1_i1.p1          43.47%    passed     97.43%
  63  JJ74|Cluster-88583.1__TRINITY_DN3956_c0_g2_i1.p1             0.20%    passed    100.00%
  64  SRR5150740|Cluster-24930.297__TRINITY_DN2191_c0_g1_i13.p1    1.43%    passed    100.00%
****  TOTAL                                                       16.38%  0 sequences failed composition chi2 test (p-value<5%; df=60)
WARNING: States(s) TGT rarely appear in alignment and may cause numerical problems
Reading input tree file tmp.csubst.nwk ... rooted tree

NOTE: 56 MB RAM (0 GB) is required!
Measuring multi-threading efficiency up to 1 CPU cores
2 trees examined
Threads: 1 / Time: 3.085 sec / Speedup: 1.000 / Efficiency: 100% / LogL: -11124
BEST NUMBER OF THREADS: 1

Estimate model parameters (epsilon = 0.010)
1. Initial log-likelihood: -12062.075
2. Current log-likelihood: -7477.902
3. Current log-likelihood: -7477.749
4. Current log-likelihood: -7477.696
5. Current log-likelihood: -7477.670
6. Current log-likelihood: -7477.657
Optimal log-likelihood: -7477.651
Nonsynonymous/synonymous ratio (omega): 1.000
Transition/transversion ratio (kappa): 1.000
Site proportion and rates:  (0.527,0.369) (0.284,0.691) (0.135,2.285) (0.054,5.528)
Parameters optimization took 6 rounds (55.100 sec)
Wrote distance file to... 
BEST SCORE FOUND : -7477.651
Ancestral state probabilities printed to /mnt/data0/yue/2026-03-11-protein-convergence/results/OG_9802/csubst_w_s/csubst_input_alignment.fa.state
Empirical proportions for each category: 0.694 0.137 0.112 0.057
Site rates printed to /mnt/data0/yue/2026-03-11-protein-convergence/results/OG_9802/csubst_w_s/csubst_input_alignment.fa.rate
Total tree length: 2.479

Total number of iterations: 0
CPU time used for tree search: 0.000 sec (0h:0m:0s)
Wall-clock time used for tree search: 0.000 sec (0h:0m:0s)
Total CPU time used: 59.931 sec (0h:0m:59s)
Total wall-clock time used: 60.067 sec (0h:1m:0s)

Analysis results written to: 
  IQ-TREE report:                /mnt/data0/yue/2026-03-11-protein-convergence/results/OG_9802/csubst_w_s/csubst_input_alignment.fa.iqtree
  Maximum-likelihood tree:       /mnt/data0/yue/2026-03-11-protein-convergence/results/OG_9802/csubst_w_s/csubst_input_alignment.fa.treefile
  Site-specific rates:           /mnt/data0/yue/2026-03-11-protein-convergence/results/OG_9802/csubst_w_s/csubst_input_alignment.fa.rate
  Ancestral state:               /mnt/data0/yue/2026-03-11-protein-convergence/results/OG_9802/csubst_w_s/csubst_input_alignment.fa.state
  Screen log file:               /mnt/data0/yue/2026-03-11-protein-convergence/results/OG_9802/csubst_w_s/csubst_input_alignment.fa.log

Date and Time: Sat Mar 28 06:26:56 2026
