IQ-TREE multicore version 2.4.0 for Linux x86 64-bit built Feb 12 2025
Developed by Bui Quang Minh, Nguyen Lam Tung, Olga Chernomor, Heiko Schmidt,
Dominik Schrempf, Michael Woodhams, Ly Trong Nhan, Thomas Wong

Host:    brain (AVX2, FMA3, 2015 GB RAM)
Command: /home/yue/miniconda3/envs/py39/bin/iqtree -s /mnt/data0/yue/2026-03-11-protein-convergence/results/OG_11504/csubst_w_s/csubst_input_alignment.fa -te tmp.csubst.nwk -m ECMK07+F+R4 --seqtype CODON1 --threads-max 1 -T AUTO --ancestral --rate --redo
Seed:    361421 (Using SPRNG - Scalable Parallel Random Number Generator)
Time:    Thu Mar 26 22:22:52 2026
Kernel:  AVX+FMA - auto-detect threads (128 CPU cores detected)

Reading alignment file /mnt/data0/yue/2026-03-11-protein-convergence/results/OG_11504/csubst_w_s/csubst_input_alignment.fa ... Fasta format detected
Reading fasta file: done in 0.000959545 secs using 90.15% CPU
Alignment most likely contains DNA/RNA sequences
Converting to codon sequences with genetic code 1 ...
WARNING: 1 sites contain only gaps or ambiguous characters.
Alignment has 56 sequences with 324 columns, 304 distinct patterns
120 parsimony-informative, 110 singleton sites, 94 constant sites
                                                                Gap/Ambiguity  Composition  p-value
Analyzing sequences: done in 4.48376e-05 secs using 98.13% CPU
   1  DE88|Cluster-25444.0__TRINITY_DN7814_c0_g1_i2.p1                 44.14%    passed    100.00%
   2  DE509|Cluster-21857.0__TRINITY_DN3412_c0_g1_i9.p1                58.95%    passed     99.02%
   3  DE531|Cluster-48504.3__TRINITY_DN3508_c0_g1_i25.p1               40.43%    passed     94.73%
   4  DE115|Cluster-37678.0__TRINITY_DN8444_c0_g1_i1.p1                28.40%    passed    100.00%
   5  DE680|Cluster-41785.0__TRINITY_DN497_c0_g1_i14.p1                 0.31%    passed    100.00%
   6  DE546_urceolata_l|Cluster-18129.0__TRINITY_DN73224_c0_g1_i1.p1    0.31%    passed    100.00%
   7  DE575|Cluster-66107.0__TRINITY_DN1772_c2_g1_i49.p1               65.43%    passed     94.71%
   8  JJ86|Cluster-54565.0__TRINITY_DN4679_c0_g1_i1.p1                  0.31%    passed    100.00%
   9  DE765|Cluster-49497.0__TRINITY_DN15152_c1_g1_i4.p1               32.72%    passed    100.00%
  10  DE563|Cluster-57121.0__TRINITY_DN2509_c0_g1_i2.p1                26.23%    passed    100.00%
  11  DE741|Cluster-59665.0__TRINITY_DN3176_c0_g1_i3.p1                58.95%    passed     98.65%
  12  DE534|Cluster-72446.0__TRINITY_DN4593_c0_g1_i3.p1                58.95%    passed     98.17%
  13  DE151|Cluster-48296.0__TRINITY_DN5555_c0_g1_i6.p1                 0.31%    passed    100.00%
  14  DE504|Cluster-47557.0__TRINITY_DN11284_c0_g1_i8.p1               50.93%    passed    100.00%
  15  DE476|Cluster-56344.0__TRINITY_DN3698_c0_g1_i9.p1                44.14%    passed    100.00%
  16  DE541|Cluster-53639.47__TRINITY_DN2153_c1_g1_i2.p1                0.31%    passed    100.00%
  17  DE643|Cluster-51259.4__TRINITY_DN8191_c0_g1_i6.p1                 0.31%    passed    100.00%
  18  DE696-dots|Cluster-49633.0__TRINITY_DN7733_c0_g1_i7.p1            0.31%    passed    100.00%
  19  DE696-nodots|Cluster-10223.4__TRINITY_DN2039_c1_g1_i3.p1          0.31%    passed    100.00%
  20  DE736|Cluster-56895.2__TRINITY_DN7323_c0_g1_i7.p1                44.14%    passed    100.00%
  21  DE672|Cluster-36236.3__TRINITY_DN3623_c0_g1_i7.p1                 0.31%    passed    100.00%
  22  DE737|Cluster-16333.0__TRINITY_DN172_c0_g1_i5.p1                  0.31%    passed    100.00%
  23  DE164|Cluster-19694.0__TRINITY_DN24866_c0_g1_i4.p1               44.14%    passed     99.99%
  24  DE173|Cluster-44281.1__TRINITY_DN13392_c0_g2_i2.p1               31.17%    passed    100.00%
  25  JJ130|Cluster-40056.7__TRINITY_DN41352_c0_g1_i5.p1                0.31%    passed    100.00%
  26  DE671|Cluster-42429.0__TRINITY_DN2061_c0_g1_i6.p1                31.17%    passed    100.00%
  27  JJ89|Cluster-39305.0__TRINITY_DN319_c1_g1_i4.p1                  56.48%    passed     99.97%
  28  DE126|Cluster-43438.0__TRINITY_DN2299_c0_g1_i1.p1                 0.31%    passed    100.00%
  29  DE216|Cluster-64422.5__TRINITY_DN1919_c0_g1_i31.p1                0.31%    passed    100.00%
  30  DE536|Cluster-56907.0__TRINITY_DN23526_c0_g1_i12.p1               0.31%    passed    100.00%
  31  DE666|Cluster-7980.0__TRINITY_DN57222_c0_g1_i1.p1                 0.31%    passed    100.00%
  32  DE507|Cluster-84432.0__TRINITY_DN16607_c0_g1_i18.p1               0.31%    passed    100.00%
  33  DE704-purple|Cluster-39143.0__TRINITY_DN10504_c0_g1_i2.p1         0.31%    passed    100.00%
  34  DE704-white|Cluster-5437.0__TRINITY_DN8691_c0_g1_i1.p1            0.31%    passed    100.00%
  35  DE528|Cluster-39990.1__TRINITY_DN1985_c0_g1_i1.p1                 0.31%    passed    100.00%
  36  DRR082660|Cluster-17504.0__TRINITY_DN26284_c0_g1_i2.p1            0.31%    passed    100.00%
  37  DE127|Cluster-10282.0__TRINITY_DN6377_c0_g1_i1.p1                 0.31%    passed    100.00%
  38  DE554|Cluster-41832.2__TRINITY_DN2782_c0_g1_i5.p1                 0.31%    passed    100.00%
  39  SRR3407095|Cluster-34476.0__TRINITY_DN37_c0_g1_i3.p1              0.31%    passed    100.00%
  40  JJ99|Cluster-32483.1__TRINITY_DN61544_c0_g1_i1.p1                 0.31%    passed    100.00%
  41  DE668|Cluster-37884.0__TRINITY_DN1264_c0_g1_i1.p1                 0.31%    passed    100.00%
  42  JJ74|Cluster-103167.0__TRINITY_DN6033_c0_g1_i2.p1                 0.31%    passed    100.00%
  43  DE503|Cluster-44737.1__TRINITY_DN3977_c0_g1_i9.p1                 0.31%    passed    100.00%
  44  SRR3407094|Cluster-31389.0__TRINITY_DN5811_c0_g1_i1.p1            0.31%    passed    100.00%
  45  DE510|Cluster-45941.0__TRINITY_DN5550_c0_g1_i2.p1                 0.31%    passed    100.00%
  46  SRR3407087|Cluster-27457.0__TRINITY_DN8977_c0_g1_i1.p1            0.31%    passed    100.00%
  47  SRR3407092|Cluster-26493.0__TRINITY_DN10142_c0_g1_i4.p1          26.85%    passed    100.00%
  48  DE505|Cluster-45675.0__TRINITY_DN7438_c1_g1_i5.p1                 0.31%    passed    100.00%
  49  SRR3424066|Cluster-32177.0__TRINITY_DN14745_c0_g1_i1.p1           0.31%    passed    100.00%
  50  SRR3407086|Cluster-24756.0__TRINITY_DN6340_c0_g1_i2.p1            0.31%    passed    100.00%
  51  SRR3407088|Cluster-30419.0__TRINITY_DN10910_c0_g1_i1.p1           0.31%    passed    100.00%
  52  DE523|Cluster-21009.2__TRINITY_DN19350_c0_g1_i36.p1               0.31%    passed    100.00%
  53  SRR3407096|Cluster-31862.0__TRINITY_DN6733_c0_g1_i2.p1            0.31%    passed    100.00%
  54  DE561|Cluster-18496.0__TRINITY_DN6951_c1_g1_i2.p1                 0.31%    passed    100.00%
  55  JJ85|Cluster-9853.0__TRINITY_DN2801_c0_g1_i1.p1                   0.31%    passed    100.00%
  56  SRR11934227|Cluster-168841.0__TRINITY_DN78398_c0_g1_i2.p1         2.78%    passed     87.14%
WARNING: 6 sequences contain more than 50% gaps/ambiguity
****  TOTAL                                                            13.53%  0 sequences failed composition chi2 test (p-value<5%; df=60)
Reading input tree file tmp.csubst.nwk ... rooted tree

NOTE: 38 MB RAM (0 GB) is required!
Measuring multi-threading efficiency up to 1 CPU cores
2 trees examined
Threads: 1 / Time: 2.035 sec / Speedup: 1.000 / Efficiency: 100% / LogL: -6933
BEST NUMBER OF THREADS: 1

Estimate model parameters (epsilon = 0.010)
1. Initial log-likelihood: -7482.691
2. Current log-likelihood: -5335.959
3. Current log-likelihood: -5335.409
4. Current log-likelihood: -5335.083
5. Current log-likelihood: -5334.868
6. Current log-likelihood: -5334.720
7. Current log-likelihood: -5334.617
8. Current log-likelihood: -5334.549
9. Current log-likelihood: -5334.509
10. Current log-likelihood: -5334.486
11. Current log-likelihood: -5334.475
Optimal log-likelihood: -5334.470
Nonsynonymous/synonymous ratio (omega): 1.000
Transition/transversion ratio (kappa): 1.000
Site proportion and rates:  (0.635,0.416) (0.258,1.436) (0.086,3.389) (0.022,3.445)
Parameters optimization took 11 rounds (57.197 sec)
Wrote distance file to... 
BEST SCORE FOUND : -5334.470
Ancestral state probabilities printed to /mnt/data0/yue/2026-03-11-protein-convergence/results/OG_11504/csubst_w_s/csubst_input_alignment.fa.state
Empirical proportions for each category: 0.704 0.213 0.083 0.000
Site rates printed to /mnt/data0/yue/2026-03-11-protein-convergence/results/OG_11504/csubst_w_s/csubst_input_alignment.fa.rate
Total tree length: 2.742

Total number of iterations: 0
CPU time used for tree search: 0.000 sec (0h:0m:0s)
Wall-clock time used for tree search: 0.000 sec (0h:0m:0s)
Total CPU time used: 60.143 sec (0h:1m:0s)
Total wall-clock time used: 60.286 sec (0h:1m:0s)

Analysis results written to: 
  IQ-TREE report:                /mnt/data0/yue/2026-03-11-protein-convergence/results/OG_11504/csubst_w_s/csubst_input_alignment.fa.iqtree
  Maximum-likelihood tree:       /mnt/data0/yue/2026-03-11-protein-convergence/results/OG_11504/csubst_w_s/csubst_input_alignment.fa.treefile
  Site-specific rates:           /mnt/data0/yue/2026-03-11-protein-convergence/results/OG_11504/csubst_w_s/csubst_input_alignment.fa.rate
  Ancestral state:               /mnt/data0/yue/2026-03-11-protein-convergence/results/OG_11504/csubst_w_s/csubst_input_alignment.fa.state
  Screen log file:               /mnt/data0/yue/2026-03-11-protein-convergence/results/OG_11504/csubst_w_s/csubst_input_alignment.fa.log

Date and Time: Thu Mar 26 22:23:52 2026
