IQ-TREE multicore version 2.4.0 for Linux x86 64-bit built Feb 12 2025
Developed by Bui Quang Minh, Nguyen Lam Tung, Olga Chernomor, Heiko Schmidt,
Dominik Schrempf, Michael Woodhams, Ly Trong Nhan, Thomas Wong

Host:    brain (AVX2, FMA3, 2015 GB RAM)
Command: /home/yue/miniconda3/envs/py39/bin/iqtree -s /mnt/data0/yue/2026-03-11-protein-convergence/results/OG_825/csubst_w_s/csubst_input_alignment.fa -te tmp.csubst.nwk -m ECMK07+F+R4 --seqtype CODON1 --threads-max 1 -T AUTO --ancestral --rate --redo
Seed:    144592 (Using SPRNG - Scalable Parallel Random Number Generator)
Time:    Sat Mar 28 02:59:38 2026
Kernel:  AVX+FMA - auto-detect threads (128 CPU cores detected)

Reading alignment file /mnt/data0/yue/2026-03-11-protein-convergence/results/OG_825/csubst_w_s/csubst_input_alignment.fa ... Fasta format detected
Reading fasta file: done in 0.0037546 secs using 45.41% CPU
Alignment most likely contains DNA/RNA sequences
Converting to codon sequences with genetic code 1 ...
Alignment has 121 sequences with 276 columns, 276 distinct patterns
213 parsimony-informative, 35 singleton sites, 28 constant sites
                                                              Gap/Ambiguity  Composition  p-value
Analyzing sequences: done in 0.000209898 secs using 99.1% CPU
   1  JJ99|Cluster-55503.0__TRINITY_DN6365_c0_g3_i1.p1                0.36%    passed    100.00%
   2  DE542|Cluster-48471.2__TRINITY_DN516_c0_g1_i6.p1               42.03%    passed     99.97%
   3  DE507|Cluster-41204.0__TRINITY_DN1316_c1_g1_i4.p1               2.54%    passed    100.00%
   4  DE680|Cluster-46163.0__TRINITY_DN3931_c0_g1_i1.p1               0.36%    passed    100.00%
   5  DE151|Cluster-18152.0__TRINITY_DN8776_c0_g1_i2.p1               0.36%    passed    100.00%
   6  DE672|Cluster-41383.0__TRINITY_DN14969_c0_g2_i4.p1              0.36%    passed    100.00%
   7  DE504|Cluster-20616.0__TRINITY_DN333_c3_g1_i1.p1                0.36%    passed    100.00%
   8  DE88|Cluster-34803.0__TRINITY_DN6032_c0_g1_i2.p1                0.36%    passed    100.00%
   9  DE523|Cluster-6744.0__TRINITY_DN5398_c0_g3_i1.p1                0.72%    passed    100.00%
  10  SRR3424066|Cluster-35215.0__TRINITY_DN3399_c0_g2_i1.p1          0.36%    passed    100.00%
  11  DE737|Cluster-52757.2__TRINITY_DN10744_c0_g1_i3.p1             28.62%    passed     99.54%
  12  DE668|Cluster-27901.0__TRINITY_DN12303_c0_g1_i2.p1              9.06%    passed    100.00%
  13  DE546_urceolata_l|Cluster-28723.0__TRINITY_DN306_c1_g1_i2.p1    0.36%    passed    100.00%
  14  DE666|Cluster-27804.0__TRINITY_DN3780_c3_g1_i1.p1               0.36%    passed    100.00%
  15  DE623|Cluster-59721.0__TRINITY_DN35020_c0_g2_i2.p1              0.36%    passed    100.00%
  16  DE765|Cluster-13190.0__TRINITY_DN10669_c0_g1_i3.p1              0.36%    passed    100.00%
  17  DE534|Cluster-77275.1__TRINITY_DN464_c0_g1_i11.p1               0.36%    passed    100.00%
  18  DE229|Cluster-70022.1__TRINITY_DN6214_c0_g3_i1.p1              24.28%    passed    100.00%
  19  DE668|Cluster-39445.0__TRINITY_DN3319_c0_g1_i2.p1               0.36%    passed    100.00%
  20  DE560|Cluster-36317.0__TRINITY_DN2952_c0_g2_i3.p1               0.36%    passed    100.00%
  21  JJ74|Cluster-53145.0__TRINITY_DN3125_c0_g1_i17.p1              15.94%    passed    100.00%
  22  JJ130|Cluster-52744.0__TRINITY_DN2665_c0_g1_i3.p1               0.36%    passed    100.00%
  23  DE737|Cluster-55263.0__TRINITY_DN11205_c0_g1_i4.p1             24.28%    passed     99.99%
  24  DE164|Cluster-21280.0__TRINITY_DN5359_c0_g1_i2.p1               0.36%    passed    100.00%
  25  DRR234970|Cluster-57396.1__TRINITY_DN4688_c0_g1_i3.p1           0.36%    passed    100.00%
  26  SRR5150740|Cluster-46439.1__TRINITY_DN1956_c0_g1_i3.p1          0.36%    passed     99.95%
  27  DE643|Cluster-61344.1__TRINITY_DN1840_c0_g1_i2.p1               0.36%    passed     99.87%
  28  DE671|Cluster-45257.0__TRINITY_DN22231_c1_g1_i12.p1            22.83%    passed     99.95%
  29  DE696-nodots|Cluster-41743.0__TRINITY_DN10245_c0_g1_i1.p1       2.54%    passed    100.00%
  30  DE696-dots|Cluster-50982.0__TRINITY_DN13270_c0_g1_i2.p1         0.36%    passed    100.00%
  31  DE503|Cluster-58783.1__TRINITY_DN280_c0_g2_i1.p1                0.36%    passed    100.00%
  32  SRR3407088|Cluster-31533.3__TRINITY_DN5411_c0_g1_i28.p1         0.36%    passed    100.00%
  33  DE69|Cluster-20939.0__TRINITY_DN8802_c0_g2_i1.p1                0.72%    passed    100.00%
  34  DE542|Cluster-48058.2__TRINITY_DN516_c0_g1_i1.p1               42.03%    passed     99.51%
  35  DE476|Cluster-36957.0__TRINITY_DN11513_c0_g1_i2.p1              9.42%    passed    100.00%
  36  DE643|Cluster-58720.0__TRINITY_DN18568_c0_g1_i1.p1              0.36%    passed    100.00%
  37  DE671|Cluster-59347.0__TRINITY_DN8699_c0_g1_i1.p1               0.36%    passed    100.00%
  38  DE126|Cluster-11409.0__TRINITY_DN13276_c0_g1_i2.p1             19.57%    passed     91.21%
  39  DE127|Cluster-32163.0__TRINITY_DN11169_c0_g1_i2.p1              0.36%    passed    100.00%
  40  DE554|Cluster-9602.0__TRINITY_DN4121_c1_g1_i1.p1                0.36%    passed    100.00%
  41  DE229|Cluster-38497.0__TRINITY_DN6214_c0_g2_i1.p1               0.36%    passed    100.00%
  42  JJ86|Cluster-24636.0__TRINITY_DN4623_c0_g2_i1.p1                0.36%    passed    100.00%
  43  DE546_urceolata_l|Cluster-18948.0__TRINITY_DN306_c1_g2_i1.p1    1.09%    passed     99.54%
  44  DE162|Cluster-16244.0__TRINITY_DN1316_c0_g1_i2.p1               0.36%    passed    100.00%
  45  DE528|Cluster-43266.0__TRINITY_DN5180_c0_g1_i5.p1               0.36%    passed    100.00%
  46  DE704-white|Cluster-16720.0__TRINITY_DN4697_c0_g1_i2.p1         0.36%    passed    100.00%
  47  DE575|Cluster-48836.0__TRINITY_DN364_c1_g2_i1.p1                0.36%    passed    100.00%
  48  DE623|Cluster-53036.0__TRINITY_DN35020_c0_g1_i1.p1              0.36%    passed    100.00%
  49  DE189|Cluster-16346.0__TRINITY_DN7534_c0_g1_i1.p1              26.45%    passed     99.21%
  50  JJ130|Cluster-39453.0__TRINITY_DN2665_c0_g2_i1.p1               0.36%    passed    100.00%
  51  DE173|Cluster-40870.0__TRINITY_DN5062_c0_g3_i1.p1               0.36%    passed     99.98%
  52  JJ109|Cluster-12591.0__TRINITY_DN6199_c1_g3_i1.p1               0.36%    passed    100.00%
  53  DE164|Cluster-16376.0__TRINITY_DN17563_c0_g1_i4.p1              2.54%    passed    100.00%
  54  DE476|Cluster-51965.0__TRINITY_DN11513_c0_g1_i4.p1              0.36%    passed    100.00%
  55  DE764|Cluster-40231.0__TRINITY_DN336_c2_g3_i2.p1                0.36%    passed    100.00%
  56  DE550|Cluster-44573.0__TRINITY_DN19791_c0_g1_i1.p1              0.36%    passed    100.00%
  57  JJ89|Cluster-17358.0__TRINITY_DN17117_c0_g4_i1.p1               0.36%    passed    100.00%
  58  JJ15|Cluster-46194.0__TRINITY_DN1505_c0_g1_i10.p1               0.36%    passed    100.00%
  59  DE541|Cluster-34703.0__TRINITY_DN13187_c0_g1_i1.p1              2.54%    passed    100.00%
  60  DE560|Cluster-34327.0__TRINITY_DN2952_c0_g1_i6.p1               0.36%    passed     99.97%
  61  DE519|Cluster-63129.0__TRINITY_DN6696_c0_g1_i2.p1               1.81%    passed     99.49%
  62  SRR3407096|Cluster-22123.0__TRINITY_DN3442_c1_g1_i4.p1          0.36%    passed    100.00%
  63  DE181|Cluster-32803.0__TRINITY_DN410_c0_g1_i3.p1                0.36%    passed    100.00%
  64  SRR3407086|Cluster-42551.1__TRINITY_DN6240_c0_g1_i6.p1          0.36%    passed    100.00%
  65  DE510|Cluster-31388.2__TRINITY_DN50_c0_g1_i29.p1                0.36%    passed    100.00%
  66  SRR3407087|Cluster-23329.0__TRINITY_DN151_c0_g1_i9.p1           0.36%    passed    100.00%
  67  SRR3407093|Cluster-37181.0__TRINITY_DN1053_c0_g1_i1.p1          0.36%    passed    100.00%
  68  DE505|Cluster-34086.1__TRINITY_DN1216_c0_g1_i3.p1               1.09%    passed    100.00%
  69  SRR3407094|Cluster-36163.1__TRINITY_DN2053_c0_g1_i9.p1          1.09%    passed    100.00%
  70  DE216|Cluster-63134.0__TRINITY_DN2992_c0_g1_i2.p1               4.35%    passed    100.00%
  71  JJ85|Cluster-38576.0__TRINITY_DN6280_c0_g1_i2.p1               28.26%    passed     99.92%
  72  DE126|Cluster-16165.0__TRINITY_DN27410_c0_g1_i1.p1              0.36%    passed    100.00%
  73  DE162|Cluster-27289.0__TRINITY_DN1316_c0_g2_i2.p1               0.36%    passed    100.00%
  74  DE528|Cluster-12950.0__TRINITY_DN5180_c0_g1_i4.p1               0.36%    passed    100.00%
  75  DE704-white|Cluster-60797.0__TRINITY_DN6071_c1_g1_i2.p1         0.36%    passed    100.00%
  76  DE507|Cluster-17317.0__TRINITY_DN1316_c1_g1_i5.p1               0.36%    passed    100.00%
  77  DE704-purple|Cluster-27646.0__TRINITY_DN14170_c0_g2_i4.p1       0.36%    passed    100.00%
  78  DE127|Cluster-17460.0__TRINITY_DN4526_c0_g1_i3.p1               0.36%    passed    100.00%
  79  DE554|Cluster-16892.0__TRINITY_DN4121_c1_g2_i1.p1               0.36%    passed    100.00%
  80  DE563|Cluster-9948.0__TRINITY_DN59278_c0_g1_i1.p1               0.36%    passed    100.00%
  81  JJ86|Cluster-52562.0__TRINITY_DN4623_c0_g1_i1.p1                0.36%    passed    100.00%
  82  DE575|Cluster-41303.1__TRINITY_DN364_c1_g1_i1.p1                0.36%    passed    100.00%
  83  DE681|Cluster-57130.0__TRINITY_DN2595_c0_g1_i1.p1               0.36%    passed    100.00%
  84  DE216|Cluster-83146.0__TRINITY_DN2992_c0_g2_i2.p1               0.36%    passed    100.00%
  85  JJ15|Cluster-27292.0__TRINITY_DN1505_c0_g2_i1.p1                0.36%    passed    100.00%
  86  DE519|Cluster-51437.0__TRINITY_DN11261_c0_g1_i3.p1              0.36%    passed    100.00%
  87  DE741|Cluster-28783.0__TRINITY_DN10181_c0_g1_i2.p1              0.36%    passed    100.00%
  88  JJ125|Cluster-36387.0__TRINITY_DN4413_c0_g1_i2.p1               0.36%    passed    100.00%
  89  JJ99|Cluster-39412.0__TRINITY_DN6365_c0_g2_i1.p1                0.36%    passed    100.00%
  90  DE69|Cluster-17930.0__TRINITY_DN8802_c0_g1_i2.p1                0.36%    passed    100.00%
  91  SRR3407095|Cluster-31950.0__TRINITY_DN29619_c0_g1_i1.p1         0.36%    passed    100.00%
  92  DRR082660|Cluster-30736.0__TRINITY_DN5860_c0_g1_i1.p1           0.36%    passed    100.00%
  93  DE152|Cluster-9089.0__TRINITY_DN2276_c1_g1_i2.p1                0.36%    passed    100.00%
  94  DE566|Cluster-48648.2__TRINITY_DN2724_c0_g1_i2.p1               0.36%    passed    100.00%
  95  JJ131|Cluster-27086.3__TRINITY_DN2757_c0_g1_i17.p1              0.36%    passed    100.00%
  96  SRR3424066|Cluster-25790.0__TRINITY_DN2298_c0_g1_i1.p1          0.36%    passed    100.00%
  97  DE561|Cluster-49389.0__TRINITY_DN1022_c0_g1_i1.p1               0.36%    passed    100.00%
  98  DE510|Cluster-21754.0__TRINITY_DN50_c0_g2_i1.p1                 0.36%    passed    100.00%
  99  SRR3407087|Cluster-31000.0__TRINITY_DN151_c0_g2_i4.p1          37.32%    passed     99.94%
 100  SRR3407092|Cluster-31821.4__TRINITY_DN447_c0_g1_i19.p1          0.36%    passed    100.00%
 101  SRR3407093|Cluster-27098.0__TRINITY_DN1053_c0_g2_i4.p1          0.36%    passed    100.00%
 102  SRR3407094|Cluster-28482.0__TRINITY_DN2053_c0_g1_i1.p1          0.36%    passed    100.00%
 103  DE505|Cluster-24668.0__TRINITY_DN1216_c0_g1_i6.p1               0.36%    passed    100.00%
 104  DE151|Cluster-62154.0__TRINITY_DN3556_c0_g1_i2.p1               0.36%    passed    100.00%
 105  DE189|Cluster-30485.0__TRINITY_DN4675_c0_g1_i1.p1               0.36%    passed    100.00%
 106  DE173|Cluster-55790.0__TRINITY_DN5062_c0_g1_i3.p1               0.36%    passed    100.00%
 107  JJ109|Cluster-45564.0__TRINITY_DN6199_c1_g2_i1.p1               0.36%    passed    100.00%
 108  DE549|Cluster-18684.0__TRINITY_DN4052_c0_g1_i1.p1               1.45%    passed    100.00%
 109  DE531|Cluster-49476.0__TRINITY_DN10246_c1_g1_i1.p1              9.42%    passed    100.00%
 110  JJ36|Cluster-34952.0__TRINITY_DN10236_c2_g2_i3.p1               0.36%    passed    100.00%
 111  DE696-dots|Cluster-32155.0__TRINITY_DN13270_c0_g3_i2.p1         0.36%    passed    100.00%
 112  DE696-nodots|Cluster-54741.0__TRINITY_DN4637_c0_g1_i1.p1        0.36%    passed    100.00%
 113  DE541|Cluster-49175.1__TRINITY_DN8854_c0_g1_i6.p1               0.36%    passed    100.00%
 114  DE88|Cluster-36628.0__TRINITY_DN6032_c0_g2_i1.p1                0.36%    passed    100.00%
 115  DE509|Cluster-34360.0__TRINITY_DN11681_c0_g1_i4.p1              0.36%    passed    100.00%
 116  DE736|Cluster-53387.0__TRINITY_DN9351_c0_g1_i2.p1               9.78%    passed    100.00%
 117  DE764|Cluster-33108.2__TRINITY_DN336_c0_g1_i3.p1               15.94%    passed    100.00%
 118  DE550|Cluster-44415.0__TRINITY_DN7236_c0_g1_i1.p1               0.36%    passed     93.65%
 119  DE504|Cluster-41335.0__TRINITY_DN5259_c0_g1_i1.p1               0.72%    passed    100.00%
 120  JJ89|Cluster-41866.0__TRINITY_DN10141_c0_g1_i2.p1               0.36%    passed    100.00%
 121  DE672|Cluster-55242.0__TRINITY_DN14969_c0_g1_i1.p1              0.36%    passed    100.00%
****  TOTAL                                                           3.49%  0 sequences failed composition chi2 test (p-value<5%; df=60)
Reading input tree file tmp.csubst.nwk ... rooted tree

NOTE: 77 MB RAM (0 GB) is required!
Measuring multi-threading efficiency up to 1 CPU cores
2 trees examined
Threads: 1 / Time: 4.133 sec / Speedup: 1.000 / Efficiency: 100% / LogL: -25854
BEST NUMBER OF THREADS: 1

Estimate model parameters (epsilon = 0.010)
1. Initial log-likelihood: -14123.045
2. Current log-likelihood: -9725.279
3. Current log-likelihood: -9716.905
4. Current log-likelihood: -9715.463
5. Current log-likelihood: -9714.533
6. Current log-likelihood: -9714.002
7. Current log-likelihood: -9713.980
Optimal log-likelihood: -9713.973
Nonsynonymous/synonymous ratio (omega): 1.000
Transition/transversion ratio (kappa): 1.000
Site proportion and rates:  (0.535,0.404) (0.382,1.354) (0.081,3.199) (0.002,3.587)
Parameters optimization took 7 rounds (102.118 sec)
Wrote distance file to... 
BEST SCORE FOUND : -9713.973
Ancestral state probabilities printed to /mnt/data0/yue/2026-03-11-protein-convergence/results/OG_825/csubst_w_s/csubst_input_alignment.fa.state
Empirical proportions for each category: 0.554 0.370 0.076 0.000
Site rates printed to /mnt/data0/yue/2026-03-11-protein-convergence/results/OG_825/csubst_w_s/csubst_input_alignment.fa.rate
Total tree length: 5.623

Total number of iterations: 0
CPU time used for tree search: 0.000 sec (0h:0m:0s)
Wall-clock time used for tree search: 0.000 sec (0h:0m:0s)
Total CPU time used: 108.585 sec (0h:1m:48s)
Total wall-clock time used: 108.817 sec (0h:1m:48s)

Analysis results written to: 
  IQ-TREE report:                /mnt/data0/yue/2026-03-11-protein-convergence/results/OG_825/csubst_w_s/csubst_input_alignment.fa.iqtree
  Maximum-likelihood tree:       /mnt/data0/yue/2026-03-11-protein-convergence/results/OG_825/csubst_w_s/csubst_input_alignment.fa.treefile
  Site-specific rates:           /mnt/data0/yue/2026-03-11-protein-convergence/results/OG_825/csubst_w_s/csubst_input_alignment.fa.rate
  Ancestral state:               /mnt/data0/yue/2026-03-11-protein-convergence/results/OG_825/csubst_w_s/csubst_input_alignment.fa.state
  Screen log file:               /mnt/data0/yue/2026-03-11-protein-convergence/results/OG_825/csubst_w_s/csubst_input_alignment.fa.log

Date and Time: Sat Mar 28 03:01:27 2026
