IQ-TREE multicore version 2.4.0 for Linux x86 64-bit built Feb 12 2025
Developed by Bui Quang Minh, Nguyen Lam Tung, Olga Chernomor, Heiko Schmidt,
Dominik Schrempf, Michael Woodhams, Ly Trong Nhan, Thomas Wong

Host:    brain (AVX2, FMA3, 2015 GB RAM)
Command: /home/yue/miniconda3/envs/py39/bin/iqtree -s /mnt/data0/yue/2026-03-11-protein-convergence/results/OG_6078/csubst_w_s/csubst_input_alignment.fa -te tmp.csubst.nwk -m ECMK07+F+R4 --seqtype CODON1 --threads-max 1 -T AUTO --ancestral --rate --redo
Seed:    925886 (Using SPRNG - Scalable Parallel Random Number Generator)
Time:    Fri Mar 27 20:20:59 2026
Kernel:  AVX+FMA - auto-detect threads (128 CPU cores detected)

Reading alignment file /mnt/data0/yue/2026-03-11-protein-convergence/results/OG_6078/csubst_w_s/csubst_input_alignment.fa ... Fasta format detected
Reading fasta file: done in 0.00413834 secs using 57.78% CPU
Alignment most likely contains DNA/RNA sequences
Converting to codon sequences with genetic code 1 ...
WARNING: 1 sites contain only gaps or ambiguous characters.
Alignment has 77 sequences with 1107 columns, 1007 distinct patterns
594 parsimony-informative, 288 singleton sites, 225 constant sites
                                                                Gap/Ambiguity  Composition  p-value
Analyzing sequences: done in 0.00019595 secs
   1  JJ131|Cluster-34707.2__TRINITY_DN672_c0_g1_i3.p1                  0.18%    passed    100.00%
   2  DE534|Cluster-749.0__TRINITY_DN3210_c0_g2_i1.p1                   0.09%    passed    100.00%
   3  DE181|Cluster-57981.0__TRINITY_DN8008_c0_g1_i3.p1                24.48%    passed    100.00%
   4  SRR3424066|Cluster-2675.0__TRINITY_DN116_c0_g1_i1.p1              0.18%    passed    100.00%
   5  SRR3407088|Cluster-34650.1__TRINITY_DN13414_c0_g1_i2.p1           0.36%    passed    100.00%
   6  SRR3407086|Cluster-37746.0__TRINITY_DN86433_c0_g1_i1.p1           0.36%    passed    100.00%
   7  DE560|Cluster-10966.0__TRINITY_DN51912_c0_g1_i1.p1                0.09%    passed    100.00%
   8  DE216|Cluster-80572.0__TRINITY_DN7408_c0_g1_i2.p1                 0.09%    passed    100.00%
   9  JJ15|Cluster-21870.0__TRINITY_DN546_c5_g1_i2.p1                  45.62%    passed     99.62%
  10  DE542|Cluster-39150.0__TRINITY_DN4670_c0_g1_i1.p1                 0.09%    passed    100.00%
  11  JJ85|Cluster-6945.0__TRINITY_DN8367_c0_g1_i5.p1                   0.09%    passed    100.00%
  12  JJ74|Cluster-131089.0__TRINITY_DN52644_c0_g1_i1.p1                0.09%    passed    100.00%
  13  DE115|Cluster-65908.0__TRINITY_DN9598_c0_g1_i2.p1                 0.09%    passed    100.00%
  14  JJ86|Cluster-35183.0__TRINITY_DN5282_c0_g1_i1.p1                  0.09%    passed    100.00%
  15  DE546_urceolata_l|Cluster-39615.0__TRINITY_DN72537_c0_g1_i1.p1    0.09%    passed    100.00%
  16  DE126|Cluster-10495.0__TRINITY_DN5200_c0_g1_i1.p1                 0.54%    passed    100.00%
  17  DE127|Cluster-20496.0__TRINITY_DN198_c2_g1_i1.p1                  0.09%    passed    100.00%
  18  DE554|Cluster-59219.0__TRINITY_DN4235_c0_g1_i1.p1                 0.09%    passed    100.00%
  19  DE680|Cluster-26650.0__TRINITY_DN6126_c0_g1_i1.p1                12.56%    passed    100.00%
  20  DE563|Cluster-11731.0__TRINITY_DN12603_c0_g1_i1.p1                0.09%    passed    100.00%
  21  DE666|Cluster-31226.0__TRINITY_DN32177_c0_g1_i1.p1                0.36%    passed    100.00%
  22  DE668|Cluster-52824.0__TRINITY_DN14494_c0_g1_i5.p1               12.92%    passed    100.00%
  23  DE162|Cluster-19878.0__TRINITY_DN3381_c0_g1_i1.p1                 0.09%    passed    100.00%
  24  DE704-purple|Cluster-53519.0__TRINITY_DN2603_c0_g1_i2.p1          0.09%    passed    100.00%
  25  DE507|Cluster-44468.0__TRINITY_DN4767_c0_g1_i1.p1                 0.09%    passed    100.00%
  26  DE528|Cluster-1301.0__TRINITY_DN3688_c0_g1_i1.p1                  0.09%    passed    100.00%
  27  DE704-white|Cluster-61948.0__TRINITY_DN4765_c0_g1_i1.p1           0.09%    passed    100.00%
  28  DE575|Cluster-18848.0__TRINITY_DN5781_c0_g1_i2.p1                39.84%    passed     99.97%
  29  DE681|Cluster-15044.0__TRINITY_DN4098_c0_g1_i1.p1                 0.09%    passed    100.00%
  30  DE765|Cluster-56485.0__TRINITY_DN15638_c0_g1_i1.p1               39.84%    passed    100.00%
  31  DE152|Cluster-11977.0__TRINITY_DN13420_c0_g2_i1.p1                0.09%    passed    100.00%
  32  JJ99|Cluster-50677.0__TRINITY_DN9031_c0_g1_i2.p1                  0.09%    passed    100.00%
  33  JJ23|Cluster-42241.0__TRINITY_DN838_c5_g1_i1.p1                   0.09%    passed    100.00%
  34  DE151|Cluster-42192.3__TRINITY_DN10775_c0_g1_i5.p1                0.09%    passed    100.00%
  35  DE173|Cluster-13398.0__TRINITY_DN16434_c0_g1_i2.p1                0.09%    passed    100.00%
  36  DE189|Cluster-38027.9__TRINITY_DN57414_c0_g1_i1.p1                0.09%    passed    100.00%
  37  DE476|Cluster-8587.0__TRINITY_DN5209_c0_g1_i1.p1                  0.09%    passed    100.00%
  38  JJ109|Cluster-43038.0__TRINITY_DN6516_c0_g1_i2.p1                 0.09%    passed    100.00%
  39  JJ130|Cluster-35747.1__TRINITY_DN5439_c0_g1_i9.p1                14.54%    passed    100.00%
  40  DE531|Cluster-35477.0__TRINITY_DN3461_c0_g2_i1.p1                14.54%    passed    100.00%
  41  DE696-dots|Cluster-5727.0__TRINITY_DN10090_c1_g1_i2.p1           14.54%    passed    100.00%
  42  DE696-nodots|Cluster-29680.0__TRINITY_DN324_c3_g1_i1.p1           0.09%    passed    100.00%
  43  JJ89|Cluster-11898.0__TRINITY_DN8294_c0_g1_i2.p1                  0.09%    passed    100.00%
  44  DE550|Cluster-18457.0__TRINITY_DN627_c0_g1_i1.p1                  0.09%    passed    100.00%
  45  DE541|Cluster-37551.4__TRINITY_DN2057_c1_g1_i1.p1                 0.09%    passed    100.00%
  46  DE549|Cluster-26801.0__TRINITY_DN238_c2_g1_i1.p1                  0.09%    passed    100.00%
  47  DE164|Cluster-33341.0__TRINITY_DN1379_c4_g1_i1.p1                 0.09%    passed    100.00%
  48  DE643|Cluster-58790.0__TRINITY_DN1812_c0_g1_i6.p1                 0.09%    passed    100.00%
  49  DE671|Cluster-37048.0__TRINITY_DN2093_c0_g3_i1.p1                 0.09%    passed    100.00%
  50  DE737|Cluster-39614.0__TRINITY_DN2864_c2_g1_i2.p1                39.84%    passed     99.93%
  51  DE672|Cluster-57640.0__TRINITY_DN10207_c0_g2_i1.p1                0.09%    passed    100.00%
  52  DE88|Cluster-16854.1__TRINITY_DN7229_c0_g1_i1.p1                  0.09%    passed    100.00%
  53  SRR3407096|Cluster-31672.2__TRINITY_DN2887_c0_g2_i1.p1            0.09%    passed    100.00%
  54  DE503|Cluster-7278.0__TRINITY_DN5724_c0_g1_i1.p1                  0.09%    passed    100.00%
  55  SRR3407093|Cluster-3562.0__TRINITY_DN11012_c0_g1_i1.p1            0.09%    passed    100.00%
  56  DE505|Cluster-23771.0__TRINITY_DN5321_c0_g1_i1.p1                 0.09%    passed    100.00%
  57  DE510|Cluster-24315.0__TRINITY_DN4758_c0_g1_i1.p1                 0.09%    passed    100.00%
  58  SRR3407087|Cluster-43162.0__TRINITY_DN38687_c0_g1_i1.p1           0.09%    passed    100.00%
  59  SRR3407094|Cluster-30215.0__TRINITY_DN50572_c0_g1_i1.p1           0.09%    passed    100.00%
  60  SRR3407092|Cluster-18914.0__TRINITY_DN4065_c1_g1_i1.p1            0.09%    passed    100.00%
  61  DE536|Cluster-40402.1__TRINITY_DN11863_c0_g1_i4.p1               29.27%    passed     99.99%
  62  DE229|Cluster-55414.0__TRINITY_DN12330_c0_g1_i2.p1               29.27%    passed    100.00%
  63  SRR3407095|Cluster-4055.0__TRINITY_DN766_c2_g1_i1.p1              0.09%    passed    100.00%
  64  DRR082660|Cluster-21770.0__TRINITY_DN1834_c0_g1_i6.p1             0.09%    passed    100.00%
  65  DE519|Cluster-67793.1__TRINITY_DN7870_c0_g1_i1.p1                 0.09%    passed    100.00%
  66  DE741|Cluster-57999.1__TRINITY_DN5014_c0_g1_i1.p1                 0.09%    passed    100.00%
  67  DE504|Cluster-29934.0__TRINITY_DN3695_c0_g1_i3.p1                 0.09%    passed    100.00%
  68  DE509|Cluster-47837.0__TRINITY_DN6690_c2_g1_i1.p1                 9.39%    passed    100.00%
  69  DE736|Cluster-59698.0__TRINITY_DN4011_c0_g1_i2.p1                12.65%    passed    100.00%
  70  DE764|Cluster-23691.0__TRINITY_DN6003_c0_g1_i2.p1                 9.39%    passed    100.00%
  71  DE566|Cluster-40863.0__TRINITY_DN808_c0_g1_i5.p1                  0.27%    passed    100.00%
  72  JJ125|Cluster-23826.0__TRINITY_DN3780_c0_g1_i2.p1                29.36%    passed    100.00%
  73  DE623|Cluster-16596.0__TRINITY_DN6862_c0_g1_i2.p1                38.84%    passed     99.97%
  74  SRR5150740|Cluster-26048.1__TRINITY_DN2850_c0_g1_i3.p1            0.09%    passed    100.00%
  75  SRR104381|Cluster-20537.0__TRINITY_DN4389_c0_g1_i1.p1             2.17%    passed    100.00%
  76  SRR11934227|Cluster-187534.0__TRINITY_DN10809_c0_g1_i3.p1         6.50%    passed     98.50%
  77  DRR082665|Cluster-54965.3__TRINITY_DN256_c0_g1_i2.p1             14.18%    passed     26.47%
****  TOTAL                                                             5.80%  0 sequences failed composition chi2 test (p-value<5%; df=60)
Reading input tree file tmp.csubst.nwk ... rooted tree

NOTE: 154 MB RAM (0 GB) is required!
Measuring multi-threading efficiency up to 1 CPU cores
2 trees examined
Threads: 1 / Time: 8.725 sec / Speedup: 1.000 / Efficiency: 100% / LogL: -31879
BEST NUMBER OF THREADS: 1

Estimate model parameters (epsilon = 0.010)
1. Initial log-likelihood: -36403.580
2. Current log-likelihood: -20894.020
3. Current log-likelihood: -20865.073
4. Current log-likelihood: -20865.040
5. Current log-likelihood: -20865.017
6. Current log-likelihood: -20865.001
7. Current log-likelihood: -20864.988
Optimal log-likelihood: -20864.979
Nonsynonymous/synonymous ratio (omega): 1.000
Transition/transversion ratio (kappa): 1.000
Site proportion and rates:  (0.533,0.440) (0.335,1.225) (0.110,2.216) (0.021,5.199)
Parameters optimization took 7 rounds (211.087 sec)
Wrote distance file to... 
BEST SCORE FOUND : -20864.979
Ancestral state probabilities printed to /mnt/data0/yue/2026-03-11-protein-convergence/results/OG_6078/csubst_w_s/csubst_input_alignment.fa.state
Empirical proportions for each category: 0.603 0.316 0.062 0.018
Site rates printed to /mnt/data0/yue/2026-03-11-protein-convergence/results/OG_6078/csubst_w_s/csubst_input_alignment.fa.rate
Total tree length: 2.851

Total number of iterations: 0
CPU time used for tree search: 0.000 sec (0h:0m:0s)
Wall-clock time used for tree search: 0.000 sec (0h:0m:0s)
Total CPU time used: 225.165 sec (0h:3m:45s)
Total wall-clock time used: 226.022 sec (0h:3m:46s)

Analysis results written to: 
  IQ-TREE report:                /mnt/data0/yue/2026-03-11-protein-convergence/results/OG_6078/csubst_w_s/csubst_input_alignment.fa.iqtree
  Maximum-likelihood tree:       /mnt/data0/yue/2026-03-11-protein-convergence/results/OG_6078/csubst_w_s/csubst_input_alignment.fa.treefile
  Site-specific rates:           /mnt/data0/yue/2026-03-11-protein-convergence/results/OG_6078/csubst_w_s/csubst_input_alignment.fa.rate
  Ancestral state:               /mnt/data0/yue/2026-03-11-protein-convergence/results/OG_6078/csubst_w_s/csubst_input_alignment.fa.state
  Screen log file:               /mnt/data0/yue/2026-03-11-protein-convergence/results/OG_6078/csubst_w_s/csubst_input_alignment.fa.log

Date and Time: Fri Mar 27 20:24:45 2026
