IQ-TREE multicore version 2.4.0 for Linux x86 64-bit built Feb 12 2025
Developed by Bui Quang Minh, Nguyen Lam Tung, Olga Chernomor, Heiko Schmidt,
Dominik Schrempf, Michael Woodhams, Ly Trong Nhan, Thomas Wong

Host:    brain (AVX2, FMA3, 2015 GB RAM)
Command: /home/yue/miniconda3/envs/py39/bin/iqtree -s /mnt/data0/yue/2026-03-11-protein-convergence/results/OG_11516/csubst_w_s/csubst_input_alignment.fa -te tmp.csubst.nwk -m ECMK07+F+R4 --seqtype CODON1 --threads-max 1 -T AUTO --ancestral --rate --redo
Seed:    855788 (Using SPRNG - Scalable Parallel Random Number Generator)
Time:    Thu Mar 26 22:24:28 2026
Kernel:  AVX+FMA - auto-detect threads (128 CPU cores detected)

Reading alignment file /mnt/data0/yue/2026-03-11-protein-convergence/results/OG_11516/csubst_w_s/csubst_input_alignment.fa ... Fasta format detected
Reading fasta file: done in 0.000895157 secs
Alignment most likely contains DNA/RNA sequences
Converting to codon sequences with genetic code 1 ...
WARNING: 1 sites contain only gaps or ambiguous characters.
Alignment has 60 sequences with 150 columns, 149 distinct patterns
95 parsimony-informative, 34 singleton sites, 21 constant sites
                                                          Gap/Ambiguity  Composition  p-value
Analyzing sequences: done in 4.50313e-05 secs
   1  JJ130|Cluster-6291.0__TRINITY_DN43643_c0_g1_i1.p1           0.67%    passed    100.00%
   2  DE519|Cluster-55504.0__TRINITY_DN76851_c0_g1_i1.p1          4.00%    passed     95.89%
   3  DE127|Cluster-10458.0__TRINITY_DN3971_c0_g1_i1.p1           2.67%    passed     99.99%
   4  DE554|Cluster-48342.0__TRINITY_DN8564_c0_g1_i1.p1           2.67%    passed    100.00%
   5  DE126|Cluster-31184.0__TRINITY_DN13302_c0_g2_i1.p1          0.67%    passed     98.06%
   6  DE162|Cluster-2104.0__TRINITY_DN19156_c0_g1_i1.p1           0.67%    passed    100.00%
   7  DE507|Cluster-45302.0__TRINITY_DN127801_c0_g1_i1.p1         0.67%    passed    100.00%
   8  DE704-purple|Cluster-7641.0__TRINITY_DN62069_c0_g1_i1.p1    0.67%    passed    100.00%
   9  DE704-white|Cluster-10827.0__TRINITY_DN82152_c0_g1_i1.p1    0.67%    passed    100.00%
  10  DE528|Cluster-37419.0__TRINITY_DN15280_c0_g1_i1.p1          0.67%    passed    100.00%
  11  DE536|Cluster-5394.0__TRINITY_DN17055_c0_g1_i2.p1           0.67%    passed    100.00%
  12  JJ125|Cluster-4736.0__TRINITY_DN37340_c0_g1_i1.p1           0.67%    passed     61.09%
  13  DE152|Cluster-63301.0__TRINITY_DN77659_c0_g1_i1.p1          0.67%    passed     95.08%
  14  JJ86|Cluster-49581.0__TRINITY_DN53406_c0_g1_i1.p1           0.67%    passed    100.00%
  15  DE623|Cluster-4751.0__TRINITY_DN4571_c0_g1_i1.p1            0.67%    passed    100.00%
  16  DE680|Cluster-22006.0__TRINITY_DN10827_c0_g1_i1.p1          0.67%    passed    100.00%
  17  DE151|Cluster-40772.0__TRINITY_DN94001_c0_g1_i1.p1          0.67%    passed    100.00%
  18  DE189|Cluster-14547.0__TRINITY_DN39263_c0_g1_i1.p1          0.67%    passed    100.00%
  19  DE164|Cluster-37384.1__TRINITY_DN43309_c0_g1_i2.p1          0.67%    passed    100.00%
  20  DE509|Cluster-38824.0__TRINITY_DN55340_c0_g1_i1.p1          0.67%    passed    100.00%
  21  DE736|Cluster-25141.0__TRINITY_DN143055_c0_g1_i2.p1         0.67%    passed    100.00%
  22  DE550|Cluster-21156.0__TRINITY_DN64938_c0_g1_i1.p1          0.67%    passed    100.00%
  23  DE88|Cluster-19558.0__TRINITY_DN50128_c0_g1_i1.p1           0.67%    passed    100.00%
  24  DE531|Cluster-5251.0__TRINITY_DN48640_c0_g1_i1.p1           0.67%    passed    100.00%
  25  DE696-dots|Cluster-23213.0__TRINITY_DN11358_c0_g1_i1.p1     0.67%    passed    100.00%
  26  DE549|Cluster-41361.0__TRINITY_DN20875_c0_g1_i1.p1          0.67%    passed    100.00%
  27  DE671|Cluster-19886.0__TRINITY_DN92189_c0_g1_i1.p1          0.67%    passed    100.00%
  28  DE696-nodots|Cluster-42598.0__TRINITY_DN8547_c0_g1_i1.p1    0.67%    passed    100.00%
  29  DE672|Cluster-157.0__TRINITY_DN118649_c0_g1_i1.p1           0.67%    passed    100.00%
  30  DE737|Cluster-25536.0__TRINITY_DN70249_c0_g1_i1.p1          0.67%    passed    100.00%
  31  DE523|Cluster-32444.0__TRINITY_DN48398_c0_g1_i1.p1          0.67%    passed     99.65%
  32  SRR3407096|Cluster-3141.0__TRINITY_DN28302_c0_g1_i1.p1      0.67%    passed     99.85%
  33  DE476|Cluster-47414.0__TRINITY_DN11703_c1_g1_i2.p1          0.67%    passed    100.00%
  34  DE541|Cluster-1227.0__TRINITY_DN43436_c0_g1_i1.p1           8.67%    passed    100.00%
  35  DE173|Cluster-52034.0__TRINITY_DN8805_c0_g1_i1.p1           0.67%    passed    100.00%
  36  JJ36|Cluster-32828.0__TRINITY_DN50817_c0_g1_i3.p1           0.67%    passed    100.00%
  37  JJ89|Cluster-17538.0__TRINITY_DN52668_c0_g1_i2.p1           0.67%    passed    100.00%
  38  DE764|Cluster-12909.0__TRINITY_DN63979_c0_g1_i1.p1          0.67%    passed     99.93%
  39  DE643|Cluster-52423.1__TRINITY_DN13001_c0_g1_i3.p1          0.67%    passed    100.00%
  40  DE741|Cluster-50999.0__TRINITY_DN1663_c1_g1_i1.p1           0.67%    passed     96.70%
  41  DE560|Cluster-45154.0__TRINITY_DN9195_c0_g1_i2.p1           0.67%    passed    100.00%
  42  DRR082660|Cluster-26497.0__TRINITY_DN32793_c0_g1_i1.p1      8.67%    passed     99.63%
  43  JJ85|Cluster-41382.0__TRINITY_DN6556_c0_g1_i1.p1            0.67%    passed    100.00%
  44  DE504|Cluster-817.0__TRINITY_DN16060_c0_g1_i1.p1            0.67%    passed     57.33%
  45  SRR3407093|Cluster-28775.0__TRINITY_DN5469_c0_g1_i1.p1      0.67%    passed    100.00%
  46  DE181|Cluster-26718.0__TRINITY_DN13287_c0_g1_i1.p1          0.67%    passed    100.00%
  47  SRR3407086|Cluster-30977.0__TRINITY_DN91212_c0_g1_i1.p1     0.67%    passed    100.00%
  48  DE510|Cluster-25077.0__TRINITY_DN37394_c0_g1_i1.p1          0.67%    passed     99.93%
  49  SRR3407087|Cluster-19925.0__TRINITY_DN33240_c0_g1_i1.p1     0.67%    passed     99.93%
  50  DE505|Cluster-32175.0__TRINITY_DN1695_c0_g1_i2.p1           0.67%    passed    100.00%
  51  SRR3407092|Cluster-16860.0__TRINITY_DN3760_c0_g1_i1.p1      0.67%    passed    100.00%
  52  DE503|Cluster-41751.0__TRINITY_DN1291_c0_g1_i1.p1           0.67%    passed     99.95%
  53  SRR3407094|Cluster-5875.0__TRINITY_DN40211_c0_g1_i1.p1      0.67%    passed     97.63%
  54  SRR3407088|Cluster-16786.0__TRINITY_DN44246_c0_g1_i1.p1     0.67%    passed     99.48%
  55  SRR3424066|Cluster-18562.0__TRINITY_DN17863_c1_g1_i1.p1     0.67%    passed    100.00%
  56  DE561|Cluster-36734.0__TRINITY_DN41619_c0_g1_i1.p1          0.67%    passed    100.00%
  57  DE563|Cluster-2893.0__TRINITY_DN5809_c0_g1_i1.p1            2.67%    passed     99.98%
  58  JJ131|Cluster-70190.0__TRINITY_DN12948_c0_g1_i1.p1         10.00%    passed     48.23%
  59  JJ23|Cluster-10766.0__TRINITY_DN39205_c0_g1_i1.p1           0.67%    passed     99.97%
  60  JJ131|Cluster-49394.0__TRINITY_DN12948_c0_g2_i1.p1         36.00%    passed     72.88%
****  TOTAL                                                       1.83%  0 sequences failed composition chi2 test (p-value<5%; df=60)
Reading input tree file tmp.csubst.nwk ... rooted tree

NOTE: 24 MB RAM (0 GB) is required!
Measuring multi-threading efficiency up to 1 CPU cores
2 trees examined
Threads: 1 / Time: 1.177 sec / Speedup: 1.000 / Efficiency: 100% / LogL: -5595
BEST NUMBER OF THREADS: 1

Estimate model parameters (epsilon = 0.010)
1. Initial log-likelihood: -4685.956
2. Current log-likelihood: -3533.906
3. Current log-likelihood: -3533.888
Optimal log-likelihood: -3533.882
Nonsynonymous/synonymous ratio (omega): 1.000
Transition/transversion ratio (kappa): 1.000
Site proportion and rates:  (0.572,0.487) (0.322,1.220) (0.097,2.801) (0.009,6.118)
Parameters optimization took 3 rounds (13.581 sec)
Wrote distance file to... 
BEST SCORE FOUND : -3533.882
Ancestral state probabilities printed to /mnt/data0/yue/2026-03-11-protein-convergence/results/OG_11516/csubst_w_s/csubst_input_alignment.fa.state
Empirical proportions for each category: 0.627 0.287 0.080 0.007
Site rates printed to /mnt/data0/yue/2026-03-11-protein-convergence/results/OG_11516/csubst_w_s/csubst_input_alignment.fa.rate
Total tree length: 3.700

Total number of iterations: 0
CPU time used for tree search: 0.000 sec (0h:0m:0s)
Wall-clock time used for tree search: 0.000 sec (0h:0m:0s)
Total CPU time used: 15.475 sec (0h:0m:15s)
Total wall-clock time used: 15.617 sec (0h:0m:15s)

Analysis results written to: 
  IQ-TREE report:                /mnt/data0/yue/2026-03-11-protein-convergence/results/OG_11516/csubst_w_s/csubst_input_alignment.fa.iqtree
  Maximum-likelihood tree:       /mnt/data0/yue/2026-03-11-protein-convergence/results/OG_11516/csubst_w_s/csubst_input_alignment.fa.treefile
  Site-specific rates:           /mnt/data0/yue/2026-03-11-protein-convergence/results/OG_11516/csubst_w_s/csubst_input_alignment.fa.rate
  Ancestral state:               /mnt/data0/yue/2026-03-11-protein-convergence/results/OG_11516/csubst_w_s/csubst_input_alignment.fa.state
  Screen log file:               /mnt/data0/yue/2026-03-11-protein-convergence/results/OG_11516/csubst_w_s/csubst_input_alignment.fa.log

Date and Time: Thu Mar 26 22:24:44 2026
