IQ-TREE multicore version 2.4.0 for Linux x86 64-bit built Feb 12 2025
Developed by Bui Quang Minh, Nguyen Lam Tung, Olga Chernomor, Heiko Schmidt,
Dominik Schrempf, Michael Woodhams, Ly Trong Nhan, Thomas Wong

Host:    brain (AVX2, FMA3, 2015 GB RAM)
Command: /home/yue/miniconda3/envs/py39/bin/iqtree -s /mnt/data0/yue/2026-03-11-protein-convergence/results/OG_5393/csubst_w_s/csubst_input_alignment.fa -te tmp.csubst.nwk -m ECMK07+F+R4 --seqtype CODON1 --threads-max 1 -T AUTO --ancestral --rate --redo
Seed:    313215 (Using SPRNG - Scalable Parallel Random Number Generator)
Time:    Fri Mar 27 17:51:04 2026
Kernel:  AVX+FMA - auto-detect threads (128 CPU cores detected)

Reading alignment file /mnt/data0/yue/2026-03-11-protein-convergence/results/OG_5393/csubst_w_s/csubst_input_alignment.fa ... Fasta format detected
Reading fasta file: done in 0.00514974 secs using 99.91% CPU
Alignment most likely contains DNA/RNA sequences
Converting to codon sequences with genetic code 1 ...
WARNING: 1 sites contain only gaps or ambiguous characters.
Alignment has 76 sequences with 618 columns, 595 distinct patterns
253 parsimony-informative, 208 singleton sites, 157 constant sites
                                                               Gap/Ambiguity  Composition  p-value
Analyzing sequences: done in 0.000239044 secs using 42.67% CPU
   1  DE704-purple|Cluster-48123.1__TRINITY_DN7552_c0_g1_i31.p1        0.16%    passed    100.00%
   2  DE666|Cluster-31319.0__TRINITY_DN10173_c0_g2_i2.p1               0.16%    passed    100.00%
   3  DE681|Cluster-38803.0__TRINITY_DN21637_c0_g1_i1.p1               0.65%    passed    100.00%
   4  DE668|Cluster-5583.0__TRINITY_DN805_c2_g1_i6.p1                  0.97%    passed    100.00%
   5  SRR11934227|Cluster-165672.0__TRINITY_DN84160_c0_g1_i1.p1        4.53%    passed     99.20%
   6  DE127|Cluster-17923.0__TRINITY_DN7042_c0_g1_i3.p1               15.86%    passed     99.83%
   7  DE680|Cluster-12529.0__TRINITY_DN3793_c0_g1_i3.p1               33.17%    passed     93.81%
   8  DE563|Cluster-54681.0__TRINITY_DN4423_c0_g1_i1.p1               15.86%    passed    100.00%
   9  DE152|Cluster-59207.0__TRINITY_DN13654_c0_g1_i6.p1              33.17%    passed     98.39%
  10  DE69|Cluster-27206.1__TRINITY_DN12514_c1_g1_i13.p1              48.54%    passed     99.79%
  11  SRR3407095|Cluster-26639.0__TRINITY_DN14954_c0_g1_i2.p1          0.16%    passed    100.00%
  12  DE575|Cluster-7576.1__TRINITY_DN30043_c0_g3_i1.p1                0.65%    passed    100.00%
  13  DE765|Cluster-54764.0__TRINITY_DN5888_c0_g1_i17.p1              30.42%    passed    100.00%
  14  DE181|Cluster-38072.0__TRINITY_DN5875_c0_g1_i14.p1              48.54%    passed     99.98%
  15  SRR3407086|Cluster-40064.0__TRINITY_DN11312_c0_g1_i1.p1          0.16%    passed    100.00%
  16  DE503|Cluster-37606.0__TRINITY_DN5796_c0_g1_i4.p1               36.41%    passed    100.00%
  17  DE505|Cluster-36673.0__TRINITY_DN8572_c0_g1_i3.p1               36.41%    passed    100.00%
  18  DE510|Cluster-39949.0__TRINITY_DN16116_c0_g1_i8.p1              36.41%    passed    100.00%
  19  DE561|Cluster-47177.0__TRINITY_DN7116_c0_g1_i3.p1               36.41%    passed    100.00%
  20  DE126|Cluster-23286.0__TRINITY_DN4315_c0_g1_i1.p1               30.42%    passed    100.00%
  21  DE162|Cluster-34934.0__TRINITY_DN5756_c0_g1_i9.p1               18.45%    passed    100.00%
  22  DE507|Cluster-28046.0__TRINITY_DN10274_c0_g1_i7.p1              18.45%    passed    100.00%
  23  DE528|Cluster-35988.0__TRINITY_DN7501_c0_g1_i3.p1               42.56%    passed     99.98%
  24  DE704-white|Cluster-57114.0__TRINITY_DN10468_c0_g1_i16.p1       30.42%    passed    100.00%
  25  DE229|Cluster-93068.0__TRINITY_DN3517_c0_g1_i2.p1               30.42%    passed    100.00%
  26  DE623|Cluster-24644.0__TRINITY_DN4734_c0_g1_i4.p1               42.56%    passed    100.00%
  27  JJ125|Cluster-15585.11__TRINITY_DN1650_c1_g2_i2.p1              48.54%    passed     99.97%
  28  DRR082660|Cluster-39293.0__TRINITY_DN838_c1_g3_i7.p1            30.42%    passed    100.00%
  29  JJ85|Cluster-41006.0__TRINITY_DN1534_c0_g1_i5.p1                15.86%    passed    100.00%
  30  DE536|Cluster-18256.1__TRINITY_DN458_c1_g1_i42.p1               15.86%    passed    100.00%
  31  JJ131|Cluster-51273.0__TRINITY_DN8420_c0_g1_i6.p1               15.86%    passed    100.00%
  32  DE546_urceolata_l|Cluster-22862.0__TRINITY_DN1624_c0_g1_i4.p1    0.16%    passed    100.00%
  33  DE534|Cluster-66838.0__TRINITY_DN11575_c0_g1_i4.p1              42.56%    passed    100.00%
  34  DE115|Cluster-46022.0__TRINITY_DN5560_c0_g1_i3.p1                0.16%    passed    100.00%
  35  JJ86|Cluster-37001.0__TRINITY_DN5271_c0_g1_i28.p1               30.42%    passed    100.00%
  36  JJ74|Cluster-104317.1__TRINITY_DN6250_c0_g1_i5.p1               30.42%    passed    100.00%
  37  JJ99|Cluster-33634.0__TRINITY_DN4935_c0_g1_i4.p1                18.45%    passed    100.00%
  38  DE566|Cluster-43655.0__TRINITY_DN122_c0_g1_i13.p1                0.16%    passed    100.00%
  39  DE164|Cluster-52773.0__TRINITY_DN5946_c0_g1_i32.p1              15.86%    passed    100.00%
  40  DE531|Cluster-29244.1__TRINITY_DN4333_c0_g1_i3.p1               30.42%    passed    100.00%
  41  DE550|Cluster-47507.0__TRINITY_DN3294_c0_g1_i1.p1               15.86%    passed    100.00%
  42  DE643|Cluster-50257.0__TRINITY_DN10483_c0_g1_i3.p1              30.42%    passed    100.00%
  43  DE671|Cluster-54102.0__TRINITY_DN6431_c0_g1_i1.p1               15.86%    passed    100.00%
  44  DE88|Cluster-27744.0__TRINITY_DN7173_c0_g1_i8.p1                30.42%    passed    100.00%
  45  DE504|Cluster-46526.0__TRINITY_DN3130_c0_g1_i6.p1               15.86%    passed    100.00%
  46  DE541|Cluster-41389.0__TRINITY_DN7803_c0_g1_i2.p1               30.42%    passed    100.00%
  47  DE509|Cluster-38218.0__TRINITY_DN4499_c0_g1_i10.p1              15.86%    passed    100.00%
  48  JJ130|Cluster-35093.0__TRINITY_DN2228_c1_g1_i4.p1               15.86%    passed    100.00%
  49  DE549|Cluster-31233.1__TRINITY_DN7568_c0_g1_i3.p1                1.94%    passed    100.00%
  50  DE672|Cluster-54402.0__TRINITY_DN1751_c0_g1_i26.p1              48.87%    passed    100.00%
  51  JJ89|Cluster-33387.0__TRINITY_DN4609_c0_g1_i2.p1                30.42%    passed    100.00%
  52  DE696-dots|Cluster-52833.0__TRINITY_DN3855_c0_g1_i38.p1         30.42%    passed    100.00%
  53  DE696-nodots|Cluster-25587.1__TRINITY_DN5489_c0_g1_i3.p1        30.42%    passed    100.00%
  54  DRR234970|Cluster-45747.0__TRINITY_DN4178_c0_g2_i3.p1            2.75%    passed    100.00%
  55  JJ36|Cluster-44090.0__TRINITY_DN4051_c0_g1_i6.p1                57.93%    passed     94.41%
  56  SRR104381|Cluster-24786.0__TRINITY_DN9571_c0_g1_i9.p1           17.64%    passed     98.98%
  57  DE519|Cluster-55873.0__TRINITY_DN4442_c0_g1_i18.p1              33.17%    passed     98.54%
  58  DE560|Cluster-40844.2__TRINITY_DN1339_c0_g1_i3.p1                1.13%    passed    100.00%
  59  SRR3407096|Cluster-29611.0__TRINITY_DN8203_c0_g1_i1.p1          16.50%    passed    100.00%
  60  DE523|Cluster-53545.0__TRINITY_DN10436_c0_g1_i1.p1              16.50%    passed    100.00%
  61  SRR3407093|Cluster-21581.0__TRINITY_DN14617_c0_g1_i1.p1          0.16%    passed    100.00%
  62  SRR3407094|Cluster-8982.0__TRINITY_DN10361_c0_g1_i1.p1          16.50%    passed    100.00%
  63  SRR3407092|Cluster-9076.0__TRINITY_DN13289_c0_g1_i1.p1           0.16%    passed    100.00%
  64  SRR3407088|Cluster-6023.0__TRINITY_DN19683_c0_g1_i1.p1           0.16%    passed    100.00%
  65  SRR3424066|Cluster-17396.0__TRINITY_DN33236_c0_g1_i1.p1          0.16%    passed    100.00%
  66  SRR3407087|Cluster-17915.0__TRINITY_DN30433_c0_g1_i1.p1          0.16%    passed    100.00%
  67  DE216|Cluster-82988.0__TRINITY_DN5492_c0_g1_i19.p1              35.11%    passed     92.95%
  68  JJ15|Cluster-42680.0__TRINITY_DN10335_c0_g1_i2.p1                2.10%    passed    100.00%
  69  DE542|Cluster-4562.1__TRINITY_DN6248_c0_g1_i2.p1                 2.10%    passed    100.00%
  70  DE151|Cluster-46866.0__TRINITY_DN14219_c0_g1_i3.p1              16.50%    passed    100.00%
  71  DE173|Cluster-58995.0__TRINITY_DN11901_c0_g1_i5.p1              16.50%    passed    100.00%
  72  DE189|Cluster-39463.0__TRINITY_DN63742_c0_g1_i1.p1               0.16%    passed    100.00%
  73  JJ109|Cluster-32008.0__TRINITY_DN14038_c0_g1_i2.p1               0.16%    passed    100.00%
  74  DE737|Cluster-48176.0__TRINITY_DN2286_c0_g1_i2.p1               38.83%    passed     94.78%
  75  DE764|Cluster-31374.0__TRINITY_DN3567_c0_g1_i7.p1               38.83%    passed     89.74%
  76  JJ125|Cluster-14690.1__TRINITY_DN5913_c0_g1_i2.p1               75.08%    passed     52.79%
WARNING: 2 sequences contain more than 50% gaps/ambiguity
****  TOTAL                                                           20.90%  0 sequences failed composition chi2 test (p-value<5%; df=60)
Reading input tree file tmp.csubst.nwk ... rooted tree

NOTE: 93 MB RAM (0 GB) is required!
Measuring multi-threading efficiency up to 1 CPU cores
2 trees examined
Threads: 1 / Time: 4.819 sec / Speedup: 1.000 / Efficiency: 100% / LogL: -14291
BEST NUMBER OF THREADS: 1

Estimate model parameters (epsilon = 0.010)
1. Initial log-likelihood: -17299.095
2. Current log-likelihood: -9960.933
3. Current log-likelihood: -9960.864
4. Current log-likelihood: -9960.844
5. Current log-likelihood: -9960.828
6. Current log-likelihood: -9960.813
7. Current log-likelihood: -9960.800
8. Current log-likelihood: -9960.787
9. Current log-likelihood: -9960.775
10. Current log-likelihood: -9960.763
11. Current log-likelihood: -9960.753
Optimal log-likelihood: -9960.743
Nonsynonymous/synonymous ratio (omega): 1.000
Transition/transversion ratio (kappa): 1.000
Site proportion and rates:  (0.523,0.427) (0.280,1.054) (0.181,2.274) (0.016,4.308)
Parameters optimization took 11 rounds (181.720 sec)
Wrote distance file to... 
BEST SCORE FOUND : -9960.743
Ancestral state probabilities printed to /mnt/data0/yue/2026-03-11-protein-convergence/results/OG_5393/csubst_w_s/csubst_input_alignment.fa.state
Empirical proportions for each category: 0.644 0.189 0.162 0.005
Site rates printed to /mnt/data0/yue/2026-03-11-protein-convergence/results/OG_5393/csubst_w_s/csubst_input_alignment.fa.rate
Total tree length: 2.565

Total number of iterations: 0
CPU time used for tree search: 0.000 sec (0h:0m:0s)
Wall-clock time used for tree search: 0.000 sec (0h:0m:0s)
Total CPU time used: 189.348 sec (0h:3m:9s)
Total wall-clock time used: 190.038 sec (0h:3m:10s)

Analysis results written to: 
  IQ-TREE report:                /mnt/data0/yue/2026-03-11-protein-convergence/results/OG_5393/csubst_w_s/csubst_input_alignment.fa.iqtree
  Maximum-likelihood tree:       /mnt/data0/yue/2026-03-11-protein-convergence/results/OG_5393/csubst_w_s/csubst_input_alignment.fa.treefile
  Site-specific rates:           /mnt/data0/yue/2026-03-11-protein-convergence/results/OG_5393/csubst_w_s/csubst_input_alignment.fa.rate
  Ancestral state:               /mnt/data0/yue/2026-03-11-protein-convergence/results/OG_5393/csubst_w_s/csubst_input_alignment.fa.state
  Screen log file:               /mnt/data0/yue/2026-03-11-protein-convergence/results/OG_5393/csubst_w_s/csubst_input_alignment.fa.log

Date and Time: Fri Mar 27 17:54:14 2026
