IQ-TREE multicore version 2.4.0 for Linux x86 64-bit built Feb 12 2025
Developed by Bui Quang Minh, Nguyen Lam Tung, Olga Chernomor, Heiko Schmidt,
Dominik Schrempf, Michael Woodhams, Ly Trong Nhan, Thomas Wong

Host:    brain (AVX2, FMA3, 2015 GB RAM)
Command: /home/yue/miniconda3/envs/py39/bin/iqtree -s /mnt/data0/yue/2026-03-11-protein-convergence/results/OG_8422/csubst_w_s/csubst_input_alignment.fa -te tmp.csubst.nwk -m ECMK07+F+R4 --seqtype CODON1 --threads-max 1 -T AUTO --ancestral --rate --redo
Seed:    555331 (Using SPRNG - Scalable Parallel Random Number Generator)
Time:    Sat Mar 28 03:30:00 2026
Kernel:  AVX+FMA - auto-detect threads (128 CPU cores detected)

Reading alignment file /mnt/data0/yue/2026-03-11-protein-convergence/results/OG_8422/csubst_w_s/csubst_input_alignment.fa ... Fasta format detected
Reading fasta file: done in 0.00375232 secs using 41.92% CPU
Alignment most likely contains DNA/RNA sequences
Converting to codon sequences with genetic code 1 ...
Alignment has 69 sequences with 477 columns, 417 distinct patterns
220 parsimony-informative, 121 singleton sites, 136 constant sites
                                                               Gap/Ambiguity  Composition  p-value
Analyzing sequences: done in 0.000174984 secs using 98.29% CPU
   1  DE115|Cluster-58963.0__TRINITY_DN2802_c0_g1_i2.p1                0.00%    passed    100.00%
   2  JJ86|Cluster-47032.0__TRINITY_DN5096_c0_g1_i11.p1                0.00%    passed    100.00%
   3  DE127|Cluster-25030.0__TRINITY_DN7250_c0_g1_i3.p1                0.00%    passed    100.00%
   4  DE623|Cluster-25973.0__TRINITY_DN13216_c0_g1_i3.p1               0.00%    passed    100.00%
   5  DE126|Cluster-37375.0__TRINITY_DN6571_c0_g1_i2.p1                0.00%    passed    100.00%
   6  JJ99|Cluster-49224.0__TRINITY_DN6159_c0_g3_i2.p1                 0.00%    passed    100.00%
   7  JJ23|Cluster-45063.0__TRINITY_DN5334_c0_g1_i1.p1                 0.00%    passed    100.00%
   8  DE546_urceolata_l|Cluster-43020.0__TRINITY_DN4047_c0_g1_i2.p1    0.00%    passed    100.00%
   9  SRR3407088|Cluster-26739.0__TRINITY_DN4571_c0_g1_i1.p1           0.00%    passed    100.00%
  10  JJ125|Cluster-33226.0__TRINITY_DN4532_c0_g1_i2.p1                0.00%    passed    100.00%
  11  SRR3407096|Cluster-24390.0__TRINITY_DN4159_c0_g1_i1.p1           0.00%    passed    100.00%
  12  SRR3407095|Cluster-35639.0__TRINITY_DN16670_c0_g1_i2.p1          2.94%    passed    100.00%
  13  DE151|Cluster-59740.0__TRINITY_DN5477_c1_g1_i7.p1                0.00%    passed    100.00%
  14  JJ109|Cluster-21046.0__TRINITY_DN3455_c0_g1_i11.p1              22.85%    passed    100.00%
  15  DE164|Cluster-11747.8__TRINITY_DN8010_c0_g1_i4.p1                0.00%    passed    100.00%
  16  DE476|Cluster-56947.0__TRINITY_DN3873_c2_g1_i3.p1                0.00%    passed    100.00%
  17  DE672|Cluster-47674.0__TRINITY_DN17883_c0_g1_i2.p1               1.05%    passed    100.00%
  18  DE643|Cluster-65800.0__TRINITY_DN8812_c0_g1_i2.p1                0.00%    passed    100.00%
  19  DE504|Cluster-17081.0__TRINITY_DN8813_c0_g1_i4.p1                0.00%    passed    100.00%
  20  DE541|Cluster-39934.3__TRINITY_DN4957_c0_g2_i10.p1               0.00%    passed    100.00%
  21  DE566|Cluster-54224.0__TRINITY_DN5228_c0_g1_i22.p1               0.00%    passed    100.00%
  22  DE534|Cluster-74407.0__TRINITY_DN7626_c0_g1_i6.p1                2.31%    passed    100.00%
  23  DE681|Cluster-62386.0__TRINITY_DN9629_c0_g1_i1.p1                0.00%    passed    100.00%
  24  DE765|Cluster-31344.0__TRINITY_DN10277_c0_g1_i2.p1               0.00%    passed    100.00%
  25  DE523|Cluster-42173.0__TRINITY_DN5234_c0_g1_i1.p1               22.85%    passed    100.00%
  26  DE162|Cluster-51126.0__TRINITY_DN298_c0_g1_i6.p1                 0.00%    passed    100.00%
  27  DE704-purple|Cluster-62013.0__TRINITY_DN4465_c0_g1_i7.p1         0.00%    passed    100.00%
  28  DE507|Cluster-54244.0__TRINITY_DN10389_c0_g1_i2.p1               0.00%    passed    100.00%
  29  DE503|Cluster-46258.0__TRINITY_DN7953_c0_g1_i2.p1               25.16%    passed    100.00%
  30  DE505|Cluster-53500.0__TRINITY_DN5178_c0_g1_i3.p1                2.31%    passed    100.00%
  31  SRR3407087|Cluster-34560.0__TRINITY_DN6967_c0_g1_i2.p1           2.31%    passed    100.00%
  32  DE510|Cluster-24691.0__TRINITY_DN7793_c0_g1_i4.p1                2.31%    passed    100.00%
  33  SRR3407092|Cluster-5898.0__TRINITY_DN10476_c0_g1_i1.p1           0.00%    passed    100.00%
  34  SRR3407094|Cluster-25856.0__TRINITY_DN17517_c0_g1_i1.p1          0.00%    passed    100.00%
  35  DE561|Cluster-24156.0__TRINITY_DN4604_c0_g1_i3.p1                0.00%    passed    100.00%
  36  DE528|Cluster-32405.0__TRINITY_DN4159_c0_g1_i1.p1                0.00%    passed    100.00%
  37  DE554|Cluster-35409.0__TRINITY_DN6868_c0_g1_i5.p1                0.00%    passed    100.00%
  38  DE704-white|Cluster-48703.0__TRINITY_DN4824_c0_g1_i3.p1          0.00%    passed    100.00%
  39  DE519|Cluster-53296.0__TRINITY_DN8038_c0_g1_i5.p1               11.53%    passed    100.00%
  40  DE741|Cluster-48273.0__TRINITY_DN18938_c0_g1_i2.p1               0.00%    passed    100.00%
  41  DE560|Cluster-21103.0__TRINITY_DN8239_c0_g1_i1.p1                0.00%    passed    100.00%
  42  JJ85|Cluster-27547.1__TRINITY_DN2800_c0_g1_i3.p1                 0.00%    passed    100.00%
  43  DE563|Cluster-32372.0__TRINITY_DN6662_c0_g1_i12.p1               0.00%    passed    100.00%
  44  DE666|Cluster-37662.0__TRINITY_DN6209_c0_g1_i18.p1              15.93%    passed    100.00%
  45  DE680|Cluster-47020.0__TRINITY_DN5419_c0_g1_i11.p1               0.00%    passed    100.00%
  46  DE229|Cluster-64984.0__TRINITY_DN2356_c0_g1_i3.p1                0.00%    passed    100.00%
  47  DE152|Cluster-34592.0__TRINITY_DN1559_c1_g1_i1.p1                0.00%    passed    100.00%
  48  DE181|Cluster-28982.0__TRINITY_DN2167_c0_g1_i5.p1               11.53%    passed    100.00%
  49  SRR3407086|Cluster-36198.1__TRINITY_DN4867_c0_g1_i1.p1           0.00%    passed    100.00%
  50  SRR3407093|Cluster-22215.0__TRINITY_DN6037_c0_g1_i1.p1           0.00%    passed    100.00%
  51  SRR3424066|Cluster-27287.0__TRINITY_DN6295_c0_g1_i1.p1           0.00%    passed    100.00%
  52  DE69|Cluster-56409.0__TRINITY_DN4866_c0_g1_i5.p1                 2.94%    passed    100.00%
  53  DE173|Cluster-15209.0__TRINITY_DN13225_c0_g1_i10.p1              0.00%    passed    100.00%
  54  DE189|Cluster-39764.0__TRINITY_DN44861_c0_g1_i3.p1               0.00%    passed    100.00%
  55  DE737|Cluster-36644.0__TRINITY_DN13760_c0_g1_i2.p1               0.00%    passed    100.00%
  56  DE88|Cluster-34176.0__TRINITY_DN4857_c0_g1_i1.p1                 0.00%    passed    100.00%
  57  DE509|Cluster-33385.0__TRINITY_DN11363_c0_g1_i1.p1               0.00%    passed    100.00%
  58  DE764|Cluster-32663.0__TRINITY_DN9714_c0_g1_i6.p1               22.85%    passed    100.00%
  59  DE736|Cluster-59909.0__TRINITY_DN5628_c0_g1_i3.p1                0.00%    passed    100.00%
  60  DE550|Cluster-51539.0__TRINITY_DN7202_c0_g1_i2.p1                0.00%    passed    100.00%
  61  JJ130|Cluster-48526.0__TRINITY_DN3199_c0_g1_i6.p1               11.11%    passed    100.00%
  62  JJ89|Cluster-30956.0__TRINITY_DN2113_c1_g2_i2.p1                 0.00%    passed    100.00%
  63  DE671|Cluster-46095.0__TRINITY_DN2179_c0_g1_i5.p1                0.00%    passed    100.00%
  64  DE549|Cluster-43274.0__TRINITY_DN6895_c0_g1_i6.p1                0.00%    passed    100.00%
  65  JJ74|Cluster-95575.0__TRINITY_DN4299_c0_g1_i1.p1                 0.00%    passed    100.00%
  66  DRR082660|Cluster-44403.0__TRINITY_DN5293_c0_g1_i1.p1            2.31%    passed    100.00%
  67  DE542|Cluster-27715.0__TRINITY_DN7965_c0_g2_i2.p1               67.51%    passed     59.38%
  68  JJ131|Cluster-69808.1__TRINITY_DN11019_c0_g1_i3.p1               0.42%    passed    100.00%
  69  DE536|Cluster-53310.0__TRINITY_DN1532_c0_g1_i1.p1                0.00%    passed    100.00%
WARNING: 1 sequences contain more than 50% gaps/ambiguity
****  TOTAL                                                            3.34%  0 sequences failed composition chi2 test (p-value<5%; df=60)
Reading input tree file tmp.csubst.nwk ... rooted tree

NOTE: 62 MB RAM (0 GB) is required!
Measuring multi-threading efficiency up to 1 CPU cores
2 trees examined
Threads: 1 / Time: 3.429 sec / Speedup: 1.000 / Efficiency: 100% / LogL: -15673
BEST NUMBER OF THREADS: 1

Estimate model parameters (epsilon = 0.010)
1. Initial log-likelihood: -15150.851
2. Current log-likelihood: -10761.424
3. Current log-likelihood: -10740.465
4. Current log-likelihood: -10739.569
5. Current log-likelihood: -10739.061
6. Current log-likelihood: -10738.754
7. Current log-likelihood: -10738.564
8. Current log-likelihood: -10738.443
9. Current log-likelihood: -10738.366
10. Current log-likelihood: -10738.317
11. Current log-likelihood: -10738.286
12. Current log-likelihood: -10733.973
13. Current log-likelihood: -10733.838
14. Current log-likelihood: -10733.796
15. Current log-likelihood: -10733.778
Optimal log-likelihood: -10733.768
Nonsynonymous/synonymous ratio (omega): 1.000
Transition/transversion ratio (kappa): 1.000
Site proportion and rates:  (0.595,0.248) (0.244,0.994) (0.143,2.743) (0.019,11.813)
Parameters optimization took 15 rounds (139.836 sec)
Wrote distance file to... 
BEST SCORE FOUND : -10733.768
Ancestral state probabilities printed to /mnt/data0/yue/2026-03-11-protein-convergence/results/OG_8422/csubst_w_s/csubst_input_alignment.fa.state
Empirical proportions for each category: 0.656 0.191 0.134 0.019
Site rates printed to /mnt/data0/yue/2026-03-11-protein-convergence/results/OG_8422/csubst_w_s/csubst_input_alignment.fa.rate
Total tree length: 3.624

Total number of iterations: 0
CPU time used for tree search: 0.000 sec (0h:0m:0s)
Wall-clock time used for tree search: 0.000 sec (0h:0m:0s)
Total CPU time used: 144.832 sec (0h:2m:24s)
Total wall-clock time used: 145.073 sec (0h:2m:25s)

Analysis results written to: 
  IQ-TREE report:                /mnt/data0/yue/2026-03-11-protein-convergence/results/OG_8422/csubst_w_s/csubst_input_alignment.fa.iqtree
  Maximum-likelihood tree:       /mnt/data0/yue/2026-03-11-protein-convergence/results/OG_8422/csubst_w_s/csubst_input_alignment.fa.treefile
  Site-specific rates:           /mnt/data0/yue/2026-03-11-protein-convergence/results/OG_8422/csubst_w_s/csubst_input_alignment.fa.rate
  Ancestral state:               /mnt/data0/yue/2026-03-11-protein-convergence/results/OG_8422/csubst_w_s/csubst_input_alignment.fa.state
  Screen log file:               /mnt/data0/yue/2026-03-11-protein-convergence/results/OG_8422/csubst_w_s/csubst_input_alignment.fa.log

Date and Time: Sat Mar 28 03:32:25 2026
