IQ-TREE multicore version 2.4.0 for Linux x86 64-bit built Feb 12 2025
Developed by Bui Quang Minh, Nguyen Lam Tung, Olga Chernomor, Heiko Schmidt,
Dominik Schrempf, Michael Woodhams, Ly Trong Nhan, Thomas Wong

Host:    brain (AVX2, FMA3, 2015 GB RAM)
Command: /home/yue/miniconda3/envs/py39/bin/iqtree -s /mnt/data0/yue/2026-03-11-protein-convergence/results/OG_7960/csubst_w_s/csubst_input_alignment.fa -te tmp.csubst.nwk -m ECMK07+F+R4 --seqtype CODON1 --threads-max 1 -T AUTO --ancestral --rate --redo
Seed:    850327 (Using SPRNG - Scalable Parallel Random Number Generator)
Time:    Sat Mar 28 02:11:06 2026
Kernel:  AVX+FMA - auto-detect threads (128 CPU cores detected)

Reading alignment file /mnt/data0/yue/2026-03-11-protein-convergence/results/OG_7960/csubst_w_s/csubst_input_alignment.fa ... Fasta format detected
Reading fasta file: done in 0.00284278 secs using 89.31% CPU
Alignment most likely contains DNA/RNA sequences
Converting to codon sequences with genetic code 1 ...
Alignment has 73 sequences with 338 columns, 330 distinct patterns
197 parsimony-informative, 75 singleton sites, 66 constant sites
                                                               Gap/Ambiguity  Composition  p-value
Analyzing sequences: done in 0.00014554 secs using 98.26% CPU
   1  DE229|Cluster-100413.0__TRINITY_DN5369_c1_g2_i3.p1               0.00%    passed    100.00%
   2  JJ23|Cluster-42940.0__TRINITY_DN14225_c0_g2_i1.p1                2.66%    passed    100.00%
   3  JJ36|Cluster-16073.0__TRINITY_DN18600_c0_g1_i2.p1                0.89%    passed    100.00%
   4  DE566|Cluster-55787.1__TRINITY_DN16065_c0_g1_i1.p1               0.00%    passed    100.00%
   5  DE542|Cluster-27949.0__TRINITY_DN8321_c0_g1_i1.p1               38.76%    passed     99.99%
   6  DE476|Cluster-31287.1__TRINITY_DN15038_c0_g1_i2.p1               0.00%    passed    100.00%
   7  DE152|Cluster-32169.0__TRINITY_DN11014_c0_g1_i13.p1              0.30%    passed    100.00%
   8  JJ99|Cluster-37955.0__TRINITY_DN2430_c1_g1_i1.p1                 3.25%    passed    100.00%
   9  DE151|Cluster-26645.0__TRINITY_DN9562_c0_g1_i2.p1                0.30%    passed    100.00%
  10  DE173|Cluster-51352.0__TRINITY_DN9688_c0_g1_i3.p1                0.00%    passed    100.00%
  11  JJ109|Cluster-20177.0__TRINITY_DN13835_c0_g1_i5.p1               0.00%    passed    100.00%
  12  DE164|Cluster-1711.0__TRINITY_DN13497_c0_g1_i1.p1                0.00%    passed    100.00%
  13  JJ130|Cluster-40153.0__TRINITY_DN14097_c0_g1_i1.p1               0.30%    passed    100.00%
  14  DE541|Cluster-44601.0__TRINITY_DN10509_c0_g1_i1.p1              36.69%    passed     99.99%
  15  DE550|Cluster-47271.0__TRINITY_DN24496_c1_g1_i2.p1               0.30%    passed    100.00%
  16  DE549|Cluster-46927.0__TRINITY_DN3316_c0_g1_i8.p1                0.00%    passed    100.00%
  17  DE764|Cluster-33195.1__TRINITY_DN7709_c0_g1_i3.p1                0.00%    passed    100.00%
  18  DE643|Cluster-43809.0__TRINITY_DN14834_c0_g1_i2.p1               0.00%    passed    100.00%
  19  DE671|Cluster-18530.0__TRINITY_DN14928_c0_g1_i1.p1               0.00%    passed    100.00%
  20  DE504|Cluster-51916.0__TRINITY_DN3240_c0_g1_i8.p1                0.00%    passed    100.00%
  21  DE737|Cluster-54512.0__TRINITY_DN32180_c0_g1_i2.p1               0.30%    passed    100.00%
  22  DE88|Cluster-12199.0__TRINITY_DN6637_c0_g1_i1.p1                 0.30%    passed    100.00%
  23  DE509|Cluster-28017.0__TRINITY_DN2386_c0_g1_i2.p1                0.00%    passed    100.00%
  24  DE189|Cluster-33902.1__TRINITY_DN8222_c1_g1_i1.p1                0.00%    passed    100.00%
  25  JJ89|Cluster-18536.1__TRINITY_DN6834_c0_g1_i7.p1                34.32%    passed    100.00%
  26  DE672|Cluster-282.0__TRINITY_DN115737_c0_g1_i1.p1                0.00%    passed    100.00%
  27  DE736|Cluster-48649.0__TRINITY_DN7221_c0_g1_i2.p1               35.21%    passed    100.00%
  28  DE531|Cluster-16188.0__TRINITY_DN21990_c0_g1_i1.p1               0.00%    passed    100.00%
  29  DE696-dots|Cluster-22553.0__TRINITY_DN77145_c0_g1_i1.p1          0.00%    passed    100.00%
  30  DE696-nodots|Cluster-63301.0__TRINITY_DN99274_c0_g1_i1.p1        0.00%    passed    100.00%
  31  DE536|Cluster-45330.0__TRINITY_DN3094_c0_g1_i2.p1                0.30%    passed    100.00%
  32  DE181|Cluster-49755.0__TRINITY_DN3593_c1_g1_i1.p1                0.00%    passed    100.00%
  33  SRR3424066|Cluster-26775.0__TRINITY_DN9793_c0_g1_i3.p1           0.30%    passed    100.00%
  34  DE561|Cluster-39735.0__TRINITY_DN2818_c0_g1_i3.p1                0.30%    passed    100.00%
  35  SRR3407086|Cluster-32784.0__TRINITY_DN805_c0_g1_i4.p1            0.30%    passed    100.00%
  36  DE503|Cluster-60676.0__TRINITY_DN5381_c0_g1_i3.p1                0.00%    passed    100.00%
  37  SRR3407092|Cluster-31346.0__TRINITY_DN7939_c0_g1_i2.p1           0.00%    passed    100.00%
  38  SRR3407087|Cluster-45225.0__TRINITY_DN6807_c0_g1_i2.p1           0.30%    passed    100.00%
  39  DE510|Cluster-51455.0__TRINITY_DN1839_c0_g1_i4.p1                0.30%    passed    100.00%
  40  SRR3407093|Cluster-35617.1__TRINITY_DN5169_c0_g1_i6.p1           0.00%    passed    100.00%
  41  SRR3407094|Cluster-4834.0__TRINITY_DN5510_c0_g1_i4.p1            0.00%    passed    100.00%
  42  DE523|Cluster-32488.0__TRINITY_DN12620_c0_g1_i1.p1              11.83%    passed    100.00%
  43  SRR3407088|Cluster-8615.0__TRINITY_DN11613_c0_g1_i1.p1           0.00%    passed    100.00%
  44  DE69|Cluster-25326.2__TRINITY_DN12903_c0_g1_i7.p1                0.00%    passed    100.00%
  45  SRR3407096|Cluster-12797.0__TRINITY_DN31878_c0_g1_i1.p1          0.00%    passed    100.00%
  46  JJ85|Cluster-21170.0__TRINITY_DN7076_c0_g1_i1.p1                 0.00%    passed    100.00%
  47  DE560|Cluster-42053.0__TRINITY_DN9500_c0_g1_i2.p1                1.48%    passed    100.00%
  48  DE519|Cluster-24717.9__TRINITY_DN7318_c0_g1_i3.p1                0.00%    passed    100.00%
  49  DE741|Cluster-23810.0__TRINITY_DN28277_c0_g1_i1.p1               0.00%    passed    100.00%
  50  JJ125|Cluster-29266.0__TRINITY_DN1761_c0_g1_i2.p1                0.00%    passed    100.00%
  51  DE216|Cluster-22534.0__TRINITY_DN10640_c0_g1_i1.p1               0.00%    passed    100.00%
  52  JJ15|Cluster-63602.0__TRINITY_DN9613_c0_g1_i2.p1                 0.00%    passed    100.00%
  53  DE534|Cluster-47452.0__TRINITY_DN85373_c0_g1_i1.p1               0.00%    passed    100.00%
  54  JJ131|Cluster-49598.0__TRINITY_DN32363_c0_g1_i2.p1              33.73%    passed     99.95%
  55  DE115|Cluster-10705.0__TRINITY_DN18135_c0_g2_i4.p1               0.00%    passed    100.00%
  56  DE162|Cluster-34712.1__TRINITY_DN25773_c0_g1_i2.p1              55.92%    passed     99.75%
  57  JJ86|Cluster-26968.0__TRINITY_DN8373_c0_g1_i2.p1                 0.00%    passed    100.00%
  58  DE546_urceolata_l|Cluster-24103.0__TRINITY_DN4379_c3_g1_i1.p1    0.00%    passed    100.00%
  59  DE668|Cluster-53006.0__TRINITY_DN9272_c0_g2_i1.p1                0.59%    passed    100.00%
  60  DE681|Cluster-59700.0__TRINITY_DN4248_c0_g2_i2.p1                0.00%    passed    100.00%
  61  DE563|Cluster-43756.0__TRINITY_DN16686_c0_g1_i1.p1               0.00%    passed    100.00%
  62  DE507|Cluster-57456.0__TRINITY_DN10760_c0_g1_i3.p1               0.00%    passed    100.00%
  63  DE528|Cluster-47466.0__TRINITY_DN25070_c0_g1_i1.p1              50.59%    passed     99.67%
  64  DE704-purple|Cluster-3900.0__TRINITY_DN1994_c0_g2_i1.p1         36.39%    passed     99.99%
  65  DE704-white|Cluster-3318.0__TRINITY_DN11599_c2_g1_i4.p1          0.00%    passed    100.00%
  66  DE680|Cluster-28348.0__TRINITY_DN2113_c0_g1_i3.p1                0.00%    passed    100.00%
  67  DE126|Cluster-35714.0__TRINITY_DN32608_c0_g1_i2.p1               0.30%    passed    100.00%
  68  DE575|Cluster-40531.0__TRINITY_DN4197_c0_g2_i1.p1                0.30%    passed    100.00%
  69  DE127|Cluster-32701.0__TRINITY_DN6759_c0_g2_i2.p1                0.00%    passed    100.00%
  70  DE554|Cluster-39262.0__TRINITY_DN12305_c0_g1_i1.p1               0.00%    passed    100.00%
  71  DE623|Cluster-58362.0__TRINITY_DN13660_c0_g1_i4.p1              35.21%    passed     99.99%
  72  DE666|Cluster-2735.0__TRINITY_DN37094_c0_g1_i1.p1                0.00%    passed    100.00%
  73  JJ74|Cluster-117936.0__TRINITY_DN8973_c0_g1_i2.p1                0.00%    passed    100.00%
WARNING: 2 sequences contain more than 50% gaps/ambiguity
****  TOTAL                                                            5.23%  0 sequences failed composition chi2 test (p-value<5%; df=60)
Reading input tree file tmp.csubst.nwk ... rooted tree

NOTE: 54 MB RAM (0 GB) is required!
Measuring multi-threading efficiency up to 1 CPU cores
2 trees examined
Threads: 1 / Time: 2.934 sec / Speedup: 1.000 / Efficiency: 100% / LogL: -11482
BEST NUMBER OF THREADS: 1

Estimate model parameters (epsilon = 0.010)
1. Initial log-likelihood: -10742.552
2. Current log-likelihood: -7364.143
3. Current log-likelihood: -7363.797
4. Current log-likelihood: -7363.551
5. Current log-likelihood: -7363.360
6. Current log-likelihood: -7363.217
7. Current log-likelihood: -7363.123
8. Current log-likelihood: -7363.070
9. Current log-likelihood: -7363.046
10. Current log-likelihood: -7363.036
Optimal log-likelihood: -7363.032
Nonsynonymous/synonymous ratio (omega): 1.000
Transition/transversion ratio (kappa): 1.000
Site proportion and rates:  (0.670,0.495) (0.269,1.589) (0.052,3.925) (0.009,3.970)
Parameters optimization took 10 rounds (87.105 sec)
Wrote distance file to... 
BEST SCORE FOUND : -7363.032
Ancestral state probabilities printed to /mnt/data0/yue/2026-03-11-protein-convergence/results/OG_7960/csubst_w_s/csubst_input_alignment.fa.state
Empirical proportions for each category: 0.728 0.222 0.050 0.000
Site rates printed to /mnt/data0/yue/2026-03-11-protein-convergence/results/OG_7960/csubst_w_s/csubst_input_alignment.fa.rate
Total tree length: 3.096

Total number of iterations: 0
CPU time used for tree search: 0.000 sec (0h:0m:0s)
Wall-clock time used for tree search: 0.000 sec (0h:0m:0s)
Total CPU time used: 91.651 sec (0h:1m:31s)
Total wall-clock time used: 91.797 sec (0h:1m:31s)

Analysis results written to: 
  IQ-TREE report:                /mnt/data0/yue/2026-03-11-protein-convergence/results/OG_7960/csubst_w_s/csubst_input_alignment.fa.iqtree
  Maximum-likelihood tree:       /mnt/data0/yue/2026-03-11-protein-convergence/results/OG_7960/csubst_w_s/csubst_input_alignment.fa.treefile
  Site-specific rates:           /mnt/data0/yue/2026-03-11-protein-convergence/results/OG_7960/csubst_w_s/csubst_input_alignment.fa.rate
  Ancestral state:               /mnt/data0/yue/2026-03-11-protein-convergence/results/OG_7960/csubst_w_s/csubst_input_alignment.fa.state
  Screen log file:               /mnt/data0/yue/2026-03-11-protein-convergence/results/OG_7960/csubst_w_s/csubst_input_alignment.fa.log

Date and Time: Sat Mar 28 02:12:38 2026
