IQ-TREE multicore version 2.4.0 for Linux x86 64-bit built Feb 12 2025
Developed by Bui Quang Minh, Nguyen Lam Tung, Olga Chernomor, Heiko Schmidt,
Dominik Schrempf, Michael Woodhams, Ly Trong Nhan, Thomas Wong

Host:    brain (AVX2, FMA3, 2015 GB RAM)
Command: /home/yue/miniconda3/envs/py39/bin/iqtree -s /mnt/data0/yue/2026-03-11-protein-convergence/results/OG_9772/csubst_w_s/csubst_input_alignment.fa -te tmp.csubst.nwk -m ECMK07+F+R4 --seqtype CODON1 --threads-max 1 -T AUTO --ancestral --rate --redo
Seed:    601059 (Using SPRNG - Scalable Parallel Random Number Generator)
Time:    Sat Mar 28 06:22:23 2026
Kernel:  AVX+FMA - auto-detect threads (128 CPU cores detected)

Reading alignment file /mnt/data0/yue/2026-03-11-protein-convergence/results/OG_9772/csubst_w_s/csubst_input_alignment.fa ... Fasta format detected
Reading fasta file: done in 0.000663146 secs
Alignment most likely contains DNA/RNA sequences
Converting to codon sequences with genetic code 1 ...
Alignment has 67 sequences with 175 columns, 166 distinct patterns
70 parsimony-informative, 58 singleton sites, 47 constant sites
                                                               Gap/Ambiguity  Composition  p-value
Analyzing sequences: done in 2.91914e-05 secs
   1  DE152|Cluster-59346.0__TRINITY_DN5595_c0_g1_i2.p1               15.43%    failed      0.00%
   2  SRR3407094|Cluster-16781.0__TRINITY_DN387_c0_g1_i1.p1           30.29%    passed    100.00%
   3  DE550|Cluster-42711.0__TRINITY_DN4197_c0_g1_i3.p2               30.29%    passed    100.00%
   4  DE115|Cluster-26978.0__TRINITY_DN5633_c0_g1_i2.p1                0.00%    passed    100.00%
   5  DE151|Cluster-14015.0__TRINITY_DN12024_c0_g1_i1.p1               3.43%    passed    100.00%
   6  DE542|Cluster-38581.2__TRINITY_DN1614_c2_g1_i8.p1               46.86%    passed     97.54%
   7  DE126|Cluster-19431.0__TRINITY_DN2815_c0_g1_i1.p1                0.00%    passed     99.24%
   8  DE127|Cluster-33167.0__TRINITY_DN5233_c0_g1_i1.p1                0.00%    passed    100.00%
   9  SRR3407095|Cluster-31480.0__TRINITY_DN896_c0_g2_i1.p1            0.00%    passed    100.00%
  10  DE164|Cluster-32051.3__TRINITY_DN958_c0_g1_i20.p1                0.00%    passed    100.00%
  11  SRR3407093|Cluster-15361.0__TRINITY_DN3770_c0_g1_i3.p1           0.00%    passed    100.00%
  12  SRR3407092|Cluster-2846.0__TRINITY_DN1310_c0_g1_i1.p1            0.00%    passed    100.00%
  13  SRR3407088|Cluster-40967.0__TRINITY_DN371_c0_g1_i1.p1            0.00%    passed    100.00%
  14  SRR3407087|Cluster-40792.0__TRINITY_DN957_c0_g1_i2.p1            0.00%    passed    100.00%
  15  SRR3407086|Cluster-25041.0__TRINITY_DN3858_c0_g1_i1.p1           0.00%    passed    100.00%
  16  DE173|Cluster-20326.0__TRINITY_DN13393_c0_g1_i4.p1               0.00%    passed    100.00%
  17  JJ99|Cluster-22396.0__TRINITY_DN669_c0_g1_i1.p1                  0.00%    passed    100.00%
  18  JJ89|Cluster-41290.0__TRINITY_DN8377_c0_g1_i1.p1                 3.43%    passed    100.00%
  19  JJ86|Cluster-44724.0__TRINITY_DN746_c0_g1_i1.p1                  0.00%    passed    100.00%
  20  JJ85|Cluster-12460.0__TRINITY_DN6656_c0_g6_i1.p1                 0.00%    passed     31.56%
  21  JJ74|Cluster-107752.0__TRINITY_DN6150_c0_g1_i2.p1                0.00%    passed    100.00%
  22  JJ36|Cluster-36713.8__TRINITY_DN5533_c1_g1_i1.p1                 0.00%    passed    100.00%
  23  DE189|Cluster-39870.0__TRINITY_DN2909_c0_g1_i2.p1                0.00%    passed    100.00%
  24  DE229|Cluster-33815.0__TRINITY_DN11940_c0_g1_i2.p1               0.00%    passed    100.00%
  25  DE476|Cluster-37828.0__TRINITY_DN5320_c0_g1_i1.p1                0.00%    passed    100.00%
  26  JJ130|Cluster-33256.0__TRINITY_DN4663_c0_g1_i1.p1                3.43%    passed    100.00%
  27  DE507|Cluster-44792.1__TRINITY_DN8263_c0_g2_i1.p1                0.00%    passed    100.00%
  28  DE509|Cluster-4323.0__TRINITY_DN11670_c0_g1_i1.p1                0.00%    passed    100.00%
  29  DE531|Cluster-27060.0__TRINITY_DN10196_c0_g1_i2.p1               0.00%    passed    100.00%
  30  DE88|Cluster-13033.0__TRINITY_DN12109_c0_g1_i2.p1                0.00%    passed    100.00%
  31  DE541|Cluster-22331.0__TRINITY_DN13031_c0_g1_i4.p1               0.00%    passed    100.00%
  32  DE764|Cluster-40421.0__TRINITY_DN11370_c0_g1_i3.p1               3.43%    passed    100.00%
  33  DE546_urceolata_l|Cluster-1688.0__TRINITY_DN89253_c0_g1_i1.p1    0.00%    failed      0.30%
  34  DE736|Cluster-17566.0__TRINITY_DN6363_c0_g2_i1.p1                0.00%    passed    100.00%
  35  DE549|Cluster-35371.0__TRINITY_DN910_c0_g1_i2.p1                 0.00%    passed    100.00%
  36  DE704-purple|Cluster-28410.0__TRINITY_DN8804_c0_g2_i1.p1         0.00%    passed    100.00%
  37  DE681|Cluster-27845.0__TRINITY_DN1299_c0_g1_i1.p1                0.00%    passed    100.00%
  38  DE680|Cluster-25430.0__TRINITY_DN2763_c0_g2_i3.p1                0.00%    passed    100.00%
  39  DE672|Cluster-20359.0__TRINITY_DN1444_c0_g1_i1.p1                0.00%    passed    100.00%
  40  DE668|Cluster-28010.0__TRINITY_DN16038_c0_g1_i1.p1               0.00%    passed     99.75%
  41  DE566|Cluster-48599.0__TRINITY_DN9921_c0_g1_i2.p1               46.86%    passed     98.42%
  42  DE643|Cluster-40732.0__TRINITY_DN348_c1_g1_i1.p1                 0.00%    passed    100.00%
  43  DE575|Cluster-34937.0__TRINITY_DN4181_c0_g1_i1.p1                0.00%    passed    100.00%
  44  DE162|Cluster-49132.0__TRINITY_DN43449_c0_g1_i1.p1               0.00%    passed    100.00%
  45  JJ15|Cluster-60009.0__TRINITY_DN24528_c0_g1_i3.p1                3.43%    passed     99.99%
  46  JJ125|Cluster-22608.0__TRINITY_DN3305_c0_g1_i43.p1               0.00%    passed    100.00%
  47  DE519|Cluster-41660.0__TRINITY_DN1867_c2_g1_i2.p1                3.43%    passed    100.00%
  48  DRR082660|Cluster-31045.0__TRINITY_DN38909_c0_g1_i1.p1           0.00%    passed    100.00%
  49  DE560|Cluster-12102.0__TRINITY_DN1127_c0_g1_i2.p1                0.00%    passed    100.00%
  50  DE536|Cluster-53962.0__TRINITY_DN3754_c0_g1_i2.p1                0.00%    passed    100.00%
  51  DE741|Cluster-53906.0__TRINITY_DN17412_c0_g1_i2.p1               0.00%    passed    100.00%
  52  JJ23|Cluster-19885.0__TRINITY_DN7149_c0_g1_i2.p1                 0.00%    passed    100.00%
  53  DE503|Cluster-55745.0__TRINITY_DN4960_c0_g1_i4.p1                0.00%    passed    100.00%
  54  DE666|Cluster-9207.1__TRINITY_DN4803_c0_g1_i5.p1                 0.00%    passed    100.00%
  55  SRR3407096|Cluster-25268.0__TRINITY_DN857_c0_g1_i1.p1            0.00%    passed    100.00%
  56  DE523|Cluster-14647.0__TRINITY_DN10295_c1_g1_i1.p1               0.00%    passed    100.00%
  57  DE510|Cluster-45947.0__TRINITY_DN5144_c0_g3_i2.p1               41.14%    passed     99.99%
  58  DE505|Cluster-53327.0__TRINITY_DN2848_c0_g1_i2.p1                0.00%    passed    100.00%
  59  SRR3424066|Cluster-5542.0__TRINITY_DN6583_c0_g2_i3.p1            0.00%    passed    100.00%
  60  DE181|Cluster-46916.1__TRINITY_DN10763_c0_g1_i3.p1               0.00%    passed    100.00%
  61  DRR234970|Cluster-21907.0__TRINITY_DN47012_c0_g1_i1.p1           0.00%    passed     99.97%
  62  DE216|Cluster-83369.0__TRINITY_DN11470_c0_g1_i3.p1              41.14%    passed     99.97%
  63  JJ131|Cluster-54324.1__TRINITY_DN6094_c0_g1_i5.p1                0.00%    passed    100.00%
  64  SRR5150740|Cluster-33173.1__TRINITY_DN1512_c0_g1_i1.p1           0.00%    passed    100.00%
  65  DE765|Cluster-55176.0__TRINITY_DN5390_c0_g1_i2.p1                0.00%    passed    100.00%
  66  DE563|Cluster-43351.0__TRINITY_DN6220_c0_g3_i2.p1               40.57%    passed     97.25%
  67  SRR11748982|Cluster-11842.1__TRINITY_DN10606_c1_g1_i2.p1         0.00%    failed      0.00%
****  TOTAL                                                            4.67%  3 sequences failed composition chi2 test (p-value<5%; df=60)
WARNING: States(s) AGC, TGC rarely appear in alignment and may cause numerical problems
Reading input tree file tmp.csubst.nwk ... rooted tree

NOTE: 29 MB RAM (0 GB) is required!
Measuring multi-threading efficiency up to 1 CPU cores
2 trees examined
Threads: 1 / Time: 2.369 sec / Speedup: 1.000 / Efficiency: 100% / LogL: -3610
BEST NUMBER OF THREADS: 1

Estimate model parameters (epsilon = 0.010)
1. Initial log-likelihood: -4479.319
2. Current log-likelihood: -3017.812
3. Current log-likelihood: -3012.043
4. Current log-likelihood: -3011.959
Optimal log-likelihood: -3011.950
Nonsynonymous/synonymous ratio (omega): 1.000
Transition/transversion ratio (kappa): 1.000
Site proportion and rates:  (0.554,0.397) (0.305,0.599) (0.111,2.641) (0.030,10.144)
Parameters optimization took 4 rounds (25.490 sec)
Wrote distance file to... 
BEST SCORE FOUND : -3011.950
Ancestral state probabilities printed to /mnt/data0/yue/2026-03-11-protein-convergence/results/OG_9772/csubst_w_s/csubst_input_alignment.fa.state
Empirical proportions for each category: 0.800 0.057 0.114 0.029
Site rates printed to /mnt/data0/yue/2026-03-11-protein-convergence/results/OG_9772/csubst_w_s/csubst_input_alignment.fa.rate
Total tree length: 3.181

Total number of iterations: 0
CPU time used for tree search: 0.000 sec (0h:0m:0s)
Wall-clock time used for tree search: 0.000 sec (0h:0m:0s)
Total CPU time used: 28.747 sec (0h:0m:28s)
Total wall-clock time used: 28.913 sec (0h:0m:28s)

Analysis results written to: 
  IQ-TREE report:                /mnt/data0/yue/2026-03-11-protein-convergence/results/OG_9772/csubst_w_s/csubst_input_alignment.fa.iqtree
  Maximum-likelihood tree:       /mnt/data0/yue/2026-03-11-protein-convergence/results/OG_9772/csubst_w_s/csubst_input_alignment.fa.treefile
  Site-specific rates:           /mnt/data0/yue/2026-03-11-protein-convergence/results/OG_9772/csubst_w_s/csubst_input_alignment.fa.rate
  Ancestral state:               /mnt/data0/yue/2026-03-11-protein-convergence/results/OG_9772/csubst_w_s/csubst_input_alignment.fa.state
  Screen log file:               /mnt/data0/yue/2026-03-11-protein-convergence/results/OG_9772/csubst_w_s/csubst_input_alignment.fa.log

Date and Time: Sat Mar 28 06:22:52 2026
