IQ-TREE multicore version 2.4.0 for Linux x86 64-bit built Feb 12 2025
Developed by Bui Quang Minh, Nguyen Lam Tung, Olga Chernomor, Heiko Schmidt,
Dominik Schrempf, Michael Woodhams, Ly Trong Nhan, Thomas Wong

Host:    brain (AVX2, FMA3, 2015 GB RAM)
Command: /home/yue/miniconda3/envs/py39/bin/iqtree -s /mnt/data0/yue/2026-03-11-protein-convergence/results/OG_150/csubst_w_s/csubst_input_alignment.fa -te tmp.csubst.nwk -m ECMK07+F+R4 --seqtype CODON1 --threads-max 1 -T AUTO --ancestral --rate --redo
Seed:    553613 (Using SPRNG - Scalable Parallel Random Number Generator)
Time:    Fri Mar 27 00:33:34 2026
Kernel:  AVX+FMA - auto-detect threads (128 CPU cores detected)

Reading alignment file /mnt/data0/yue/2026-03-11-protein-convergence/results/OG_150/csubst_w_s/csubst_input_alignment.fa ... Fasta format detected
Reading fasta file: done in 0.0104626 secs using 99.96% CPU
Alignment most likely contains DNA/RNA sequences
Converting to codon sequences with genetic code 1 ...
Alignment has 126 sequences with 763 columns, 753 distinct patterns
610 parsimony-informative, 94 singleton sites, 59 constant sites
                                                               Gap/Ambiguity  Composition  p-value
Analyzing sequences: done in 0.000525236 secs using 99.76% CPU
   1  SRR3407088|Cluster-13306.0__TRINITY_DN8412_c0_g1_i2.p1          24.38%    passed      5.13%
   2  DE534|Cluster-28098.0__TRINITY_DN14350_c0_g1_i4.p1              17.30%    passed     90.49%
   3  SRR5150740|Cluster-47855.1__TRINITY_DN8242_c0_g1_i4.p1          23.98%    passed     99.83%
   4  DE696-dots|Cluster-17883.0__TRINITY_DN7656_c0_g1_i9.p1           0.13%    passed    100.00%
   5  DE476|Cluster-37713.0__TRINITY_DN5429_c0_g1_i1.p1               11.53%    passed    100.00%
   6  DE541|Cluster-37218.0__TRINITY_DN12601_c0_g1_i11.p1             11.27%    passed    100.00%
   7  DE534|Cluster-71415.0__TRINITY_DN14350_c0_g3_i6.p1               0.13%    passed    100.00%
   8  DE164|Cluster-11567.0__TRINITY_DN198_c2_g1_i2.p1                 0.13%    passed    100.00%
   9  DE671|Cluster-36820.0__TRINITY_DN2660_c0_g2_i1.p1               45.22%    passed     39.14%
  10  DE575|Cluster-36985.0__TRINITY_DN1668_c0_g2_i2.p1                0.13%    passed    100.00%
  11  DE681|Cluster-47471.0__TRINITY_DN1008_c0_g1_i26.p1               0.13%    passed     99.97%
  12  DE509|Cluster-33426.2__TRINITY_DN14342_c0_g1_i12.p1              0.13%    passed    100.00%
  13  DE736|Cluster-50593.0__TRINITY_DN11668_c0_g2_i10.p1              0.13%    passed    100.00%
  14  DE162|Cluster-39366.7__TRINITY_DN338_c0_g1_i49.p1                0.13%    passed    100.00%
  15  DE507|Cluster-64450.0__TRINITY_DN2258_c0_g1_i5.p1                0.13%    passed    100.00%
  16  DE704-purple|Cluster-48805.0__TRINITY_DN1157_c2_g1_i6.p1        40.10%    passed     97.33%
  17  DE229|Cluster-97937.0__TRINITY_DN15747_c0_g2_i1.p1              25.29%    passed     85.90%
  18  JJ99|Cluster-40065.0__TRINITY_DN2013_c0_g1_i1.p1                 0.13%    passed     99.99%
  19  DE549|Cluster-48266.0__TRINITY_DN500_c0_g1_i4.p1                11.53%    passed    100.00%
  20  DE704-white|Cluster-45973.2__TRINITY_DN8938_c0_g2_i10.p1        18.48%    passed     99.92%
  21  JJ23|Cluster-46689.0__TRINITY_DN11676_c0_g1_i2.p1               45.87%    passed      9.25%
  22  SRR11748982|Cluster-11680.1__TRINITY_DN4666_c0_g1_i5.p1          6.42%    failed      0.00%
  23  DRR234970|Cluster-26655.0__TRINITY_DN4705_c0_g2_i1.p1           21.76%    passed     51.73%
  24  SRR11934227|Cluster-115987.0__TRINITY_DN91917_c0_g1_i17.p1       7.47%    failed      0.06%
  25  DE115|Cluster-49006.0__TRINITY_DN1088_c0_g1_i6.p1               49.80%    passed     56.74%
  26  DE126|Cluster-34871.0__TRINITY_DN9153_c1_g1_i2.p1               46.00%    passed     37.04%
  27  DE519|Cluster-58805.0__TRINITY_DN10177_c0_g1_i4.p1               0.13%    passed     99.99%
  28  DE668|Cluster-55916.0__TRINITY_DN24323_c0_g1_i3.p1              46.00%    passed     12.71%
  29  DE643|Cluster-77904.0__TRINITY_DN1444_c0_g1_i2.p1                0.13%    passed     99.99%
  30  DE696-dots|Cluster-51457.0__TRINITY_DN5040_c0_g1_i4.p1          46.00%    passed     28.52%
  31  JJ36|Cluster-13726.0__TRINITY_DN3175_c0_g1_i1.p1                46.00%    passed     29.45%
  32  JJ89|Cluster-35522.0__TRINITY_DN3332_c2_g3_i1.p1                 0.13%    passed    100.00%
  33  DE696-nodots|Cluster-25878.0__TRINITY_DN1735_c1_g1_i1.p1         0.13%    passed    100.00%
  34  DE531|Cluster-7162.0__TRINITY_DN1447_c0_g2_i1.p1                 0.13%    passed    100.00%
  35  DE476|Cluster-33510.0__TRINITY_DN5429_c0_g3_i2.p1                0.13%    passed     99.99%
  36  DE541|Cluster-24175.0__TRINITY_DN4616_c0_g1_i1.p1                0.13%    passed    100.00%
  37  DE549|Cluster-38090.0__TRINITY_DN3415_c0_g1_i2.p1               45.87%    passed     32.69%
  38  DE88|Cluster-18990.0__TRINITY_DN5806_c0_g4_i1.p1                 0.13%    passed    100.00%
  39  DE736|Cluster-29064.0__TRINITY_DN11668_c0_g1_i1.p1               0.13%    passed    100.00%
  40  DE737|Cluster-48727.2__TRINITY_DN2736_c1_g1_i5.p1                0.13%    passed    100.00%
  41  DE151|Cluster-40325.0__TRINITY_DN2903_c0_g2_i1.p1                0.13%    passed    100.00%
  42  DE189|Cluster-28024.0__TRINITY_DN23961_c0_g1_i5.p1               0.13%    passed    100.00%
  43  JJ109|Cluster-45162.0__TRINITY_DN2904_c0_g1_i26.p1               0.13%    passed    100.00%
  44  DE672|Cluster-48834.0__TRINITY_DN6579_c1_g1_i2.p1                0.13%    passed    100.00%
  45  DE216|Cluster-52507.0__TRINITY_DN0_c0_g2_i6.p1                  45.87%    passed     39.63%
  46  JJ15|Cluster-18174.0__TRINITY_DN3431_c1_g2_i2.p1                 0.13%    passed    100.00%
  47  DE542|Cluster-33607.0__TRINITY_DN7188_c0_g1_i3.p1                0.13%    passed    100.00%
  48  DE127|Cluster-16604.0__TRINITY_DN15961_c0_g3_i1.p1               0.13%    passed    100.00%
  49  DE554|Cluster-30391.0__TRINITY_DN2488_c0_g1_i1.p1                0.13%    passed    100.00%
  50  DE666|Cluster-22582.0__TRINITY_DN2865_c0_g1_i8.p1                0.13%    passed     99.99%
  51  JJ86|Cluster-51681.1__TRINITY_DN1448_c0_g1_i1.p1                 0.13%    passed     99.99%
  52  DE528|Cluster-38976.2__TRINITY_DN1395_c1_g1_i4.p1                0.13%    passed    100.00%
  53  DE623|Cluster-33235.0__TRINITY_DN4215_c0_g2_i12.p1               0.13%    passed    100.00%
  54  DE704-purple|Cluster-36872.0__TRINITY_DN23668_c0_g1_i1.p1       13.37%    passed     99.56%
  55  DE566|Cluster-41314.0__TRINITY_DN6920_c0_g1_i12.p1               0.39%    passed    100.00%
  56  DE546_urceolata_l|Cluster-31266.0__TRINITY_DN4073_c0_g1_i7.p1   46.00%    passed     19.90%
  57  DE181|Cluster-7094.0__TRINITY_DN151_c0_g1_i1.p1                  0.26%    passed     99.99%
  58  DE503|Cluster-50755.0__TRINITY_DN2735_c0_g1_i7.p1                0.26%    passed    100.00%
  59  SRR3407092|Cluster-27352.0__TRINITY_DN5196_c0_g1_i2.p1          34.86%    passed     62.50%
  60  DE510|Cluster-24399.0__TRINITY_DN5089_c2_g1_i1.p1                0.26%    passed    100.00%
  61  SRR3407087|Cluster-3758.0__TRINITY_DN11776_c0_g1_i1.p1          13.50%    passed     99.97%
  62  SRR3407093|Cluster-24943.0__TRINITY_DN15667_c1_g2_i1.p1          0.26%    passed    100.00%
  63  SRR3407094|Cluster-21061.0__TRINITY_DN18762_c0_g1_i3.p1          0.26%    passed    100.00%
  64  DE523|Cluster-41220.1__TRINITY_DN3905_c0_g1_i3.p1                0.26%    passed     99.90%
  65  DE741|Cluster-34988.0__TRINITY_DN3052_c0_g1_i1.p1               52.03%    passed     43.44%
  66  JJ74|Cluster-123333.0__TRINITY_DN2453_c0_g3_i1.p1                0.13%    passed    100.00%
  67  SRR3407095|Cluster-47559.0__TRINITY_DN4520_c0_g2_i1.p1           0.39%    passed     88.57%
  68  DRR082660|Cluster-15115.0__TRINITY_DN3997_c0_g1_i8.p1            0.13%    passed     99.99%
  69  DE509|Cluster-11686.0__TRINITY_DN763_c5_g1_i1.p1                 0.13%    passed    100.00%
  70  DE536|Cluster-13987.0__TRINITY_DN578_c0_g1_i13.p1                0.13%    passed    100.00%
  71  DE115|Cluster-60667.1__TRINITY_DN1088_c0_g1_i24.p1               0.13%    passed    100.00%
  72  JJ86|Cluster-32332.13__TRINITY_DN1448_c0_g2_i13.p1               0.13%    passed    100.00%
  73  DE546_urceolata_l|Cluster-9884.0__TRINITY_DN4073_c0_g1_i4.p1     0.13%    passed    100.00%
  74  DE127|Cluster-17335.1__TRINITY_DN15961_c0_g2_i1.p1              37.48%    passed      7.50%
  75  DE554|Cluster-50255.0__TRINITY_DN21202_c0_g2_i8.p1               0.13%    passed    100.00%
  76  DE666|Cluster-14889.0__TRINITY_DN2865_c0_g1_i2.p1                0.13%    passed    100.00%
  77  DE563|Cluster-37106.1__TRINITY_DN1091_c1_g1_i13.p1               0.13%    passed    100.00%
  78  SRR3407096|Cluster-20103.0__TRINITY_DN12563_c0_g1_i11.p1        82.70%    passed     17.16%
  79  DE229|Cluster-67307.1__TRINITY_DN3106_c0_g2_i2.p1                0.52%    passed    100.00%
  80  JJ23|Cluster-3858.66__TRINITY_DN1058_c0_g2_i8.p1                 0.13%    passed    100.00%
  81  JJ99|Cluster-46451.0__TRINITY_DN1097_c3_g1_i2.p1                55.83%    passed     19.28%
  82  DE69|Cluster-14647.0__TRINITY_DN2450_c0_g1_i8.p1                 0.13%    passed    100.00%
  83  JJ85|Cluster-28596.3__TRINITY_DN890_c0_g1_i17.p1                 0.13%    passed    100.00%
  84  JJ74|Cluster-112987.0__TRINITY_DN2453_c0_g1_i2.p1               29.36%    passed     99.94%
  85  DE519|Cluster-71006.0__TRINITY_DN7491_c1_g1_i2.p1                0.26%    passed    100.00%
  86  DE741|Cluster-17927.0__TRINITY_DN3052_c1_g1_i16.p1              11.93%    passed    100.00%
  87  DE672|Cluster-46055.0__TRINITY_DN2304_c1_g1_i3.p1                0.13%    passed    100.00%
  88  DE151|Cluster-4206.0__TRINITY_DN2903_c0_g1_i1.p1                 0.13%    passed    100.00%
  89  DE173|Cluster-12513.3__TRINITY_DN2809_c0_g1_i16.p1               0.13%    passed    100.00%
  90  DE189|Cluster-18083.1__TRINITY_DN2294_c0_g1_i5.p1                0.13%    passed    100.00%
  91  JJ109|Cluster-34148.0__TRINITY_DN2904_c0_g1_i24.p1               0.13%    passed    100.00%
  92  JJ130|Cluster-37725.0__TRINITY_DN5551_c0_g1_i3.p1               45.22%    failed      0.69%
  93  DE88|Cluster-15448.0__TRINITY_DN5806_c0_g2_i2.p1                 0.13%    passed    100.00%
  94  DE504|Cluster-42743.0__TRINITY_DN1764_c0_g1_i2.p1                0.13%    passed    100.00%
  95  DE671|Cluster-45584.0__TRINITY_DN2660_c0_g1_i22.p1               0.13%    passed    100.00%
  96  DE531|Cluster-22715.2__TRINITY_DN1447_c0_g1_i25.p1              45.22%    failed      1.07%
  97  DE764|Cluster-23838.1__TRINITY_DN11240_c1_g1_i6.p1               0.13%    passed    100.00%
  98  JJ89|Cluster-27615.0__TRINITY_DN3332_c2_g2_i2.p1                 0.13%    passed    100.00%
  99  JJ15|Cluster-70993.0__TRINITY_DN3431_c1_g1_i10.p1                0.13%    passed    100.00%
 100  DE181|Cluster-19592.1__TRINITY_DN151_c0_g2_i4.p1                 0.13%    passed    100.00%
 101  SRR3407086|Cluster-23508.7__TRINITY_DN2562_c0_g2_i1.p1           0.13%    passed    100.00%
 102  SRR3407087|Cluster-17553.7__TRINITY_DN5465_c0_g3_i1.p1          33.16%    passed     13.78%
 103  SRR3407093|Cluster-19847.0__TRINITY_DN15667_c1_g1_i2.p1          0.13%    passed    100.00%
 104  SRR3424066|Cluster-36824.0__TRINITY_DN21790_c0_g1_i16.p1         0.13%    passed    100.00%
 105  DE561|Cluster-50314.2__TRINITY_DN390_c0_g2_i7.p1                 0.13%    passed    100.00%
 106  SRR3407092|Cluster-38474.0__TRINITY_DN5196_c0_g2_i2.p1           0.13%    passed    100.00%
 107  SRR3407094|Cluster-3883.0__TRINITY_DN18762_c0_g2_i2.p1           0.13%    passed    100.00%
 108  SRR3407088|Cluster-27156.0__TRINITY_DN8412_c0_g1_i3.p1           0.13%    passed    100.00%
 109  DRR082660|Cluster-41476.0__TRINITY_DN3997_c0_g1_i4.p1            0.13%    passed    100.00%
 110  DE668|Cluster-29748.1__TRINITY_DN9170_c0_g2_i5.p1               49.80%    passed     17.69%
 111  DE575|Cluster-63348.0__TRINITY_DN1668_c0_g1_i1.p1                0.13%    passed    100.00%
 112  DE681|Cluster-62998.0__TRINITY_DN1008_c0_g1_i18.p1               0.13%    passed    100.00%
 113  JJ36|Cluster-43939.0__TRINITY_DN3175_c0_g2_i4.p1                 0.13%    passed    100.00%
 114  DE696-nodots|Cluster-58223.0__TRINITY_DN542_c0_g1_i15.p1        11.93%    passed     99.78%
 115  DE550|Cluster-25175.0__TRINITY_DN2564_c0_g1_i28.p1              39.06%    passed     36.78%
 116  JJ125|Cluster-28745.0__TRINITY_DN6458_c0_g1_i5.p1               39.06%    passed     70.91%
 117  DE560|Cluster-36880.0__TRINITY_DN1658_c0_g1_i1.p1                0.13%    passed    100.00%
 118  DE503|Cluster-32770.0__TRINITY_DN2429_c1_g1_i9.p1               35.26%    passed     88.60%
 119  DE505|Cluster-2361.1__TRINITY_DN3384_c0_g1_i6.p1                 3.54%    passed    100.00%
 120  DE510|Cluster-46496.0__TRINITY_DN5089_c2_g1_i5.p1               39.06%    passed     92.81%
 121  DE542|Cluster-51048.0__TRINITY_DN7188_c0_g2_i4.p1               26.08%    passed     80.08%
 122  DE152|Cluster-51457.1__TRINITY_DN1178_c0_g1_i2.p1                0.13%    passed    100.00%
 123  DE680|Cluster-20867.1__TRINITY_DN6535_c0_g1_i4.p1                0.13%    passed    100.00%
 124  DE765|Cluster-53246.1__TRINITY_DN9880_c0_g1_i16.p1               0.13%    passed     99.99%
 125  SRR104381|Cluster-24697.0__TRINITY_DN4337_c0_g1_i8.p1            1.31%    passed     69.78%
 126  JJ131|Cluster-70142.2__TRINITY_DN5399_c0_g1_i12.p1               0.13%    passed    100.00%
WARNING: 3 sequences contain more than 50% gaps/ambiguity
****  TOTAL                                                           11.07%  4 sequences failed composition chi2 test (p-value<5%; df=60)
Reading input tree file tmp.csubst.nwk ... rooted tree

NOTE: 193 MB RAM (0 GB) is required!
Measuring multi-threading efficiency up to 1 CPU cores
2 trees examined
Threads: 1 / Time: 9.799 sec / Speedup: 1.000 / Efficiency: 100% / LogL: -79516
BEST NUMBER OF THREADS: 1

Estimate model parameters (epsilon = 0.010)
1. Initial log-likelihood: -42357.345
2. Current log-likelihood: -30083.665
3. Current log-likelihood: -29992.703
4. Current log-likelihood: -29976.391
5. Current log-likelihood: -29965.568
6. Current log-likelihood: -29965.224
7. Current log-likelihood: -29958.594
8. Current log-likelihood: -29958.258
9. Current log-likelihood: -29958.008
10. Current log-likelihood: -29957.839
11. Current log-likelihood: -29952.258
12. Current log-likelihood: -29952.061
13. Current log-likelihood: -29951.919
14. Current log-likelihood: -29951.823
15. Current log-likelihood: -29951.767
16. Current log-likelihood: -29948.417
17. Current log-likelihood: -29948.316
18. Current log-likelihood: -29948.249
19. Current log-likelihood: -29948.205
20. Current log-likelihood: -29948.179
21. Current log-likelihood: -29948.165
Optimal log-likelihood: -29948.158
Nonsynonymous/synonymous ratio (omega): 1.000
Transition/transversion ratio (kappa): 1.000
Site proportion and rates:  (0.375,0.276) (0.472,1.071) (0.141,2.358) (0.012,4.789)
Parameters optimization took 21 rounds (633.757 sec)
Wrote distance file to... 
BEST SCORE FOUND : -29948.158
Ancestral state probabilities printed to /mnt/data0/yue/2026-03-11-protein-convergence/results/OG_150/csubst_w_s/csubst_input_alignment.fa.state
Empirical proportions for each category: 0.377 0.489 0.125 0.009
Site rates printed to /mnt/data0/yue/2026-03-11-protein-convergence/results/OG_150/csubst_w_s/csubst_input_alignment.fa.rate
Total tree length: 9.108

Total number of iterations: 0
CPU time used for tree search: 0.000 sec (0h:0m:0s)
Wall-clock time used for tree search: 0.000 sec (0h:0m:0s)
Total CPU time used: 648.350 sec (0h:10m:48s)
Total wall-clock time used: 649.183 sec (0h:10m:49s)

Analysis results written to: 
  IQ-TREE report:                /mnt/data0/yue/2026-03-11-protein-convergence/results/OG_150/csubst_w_s/csubst_input_alignment.fa.iqtree
  Maximum-likelihood tree:       /mnt/data0/yue/2026-03-11-protein-convergence/results/OG_150/csubst_w_s/csubst_input_alignment.fa.treefile
  Site-specific rates:           /mnt/data0/yue/2026-03-11-protein-convergence/results/OG_150/csubst_w_s/csubst_input_alignment.fa.rate
  Ancestral state:               /mnt/data0/yue/2026-03-11-protein-convergence/results/OG_150/csubst_w_s/csubst_input_alignment.fa.state
  Screen log file:               /mnt/data0/yue/2026-03-11-protein-convergence/results/OG_150/csubst_w_s/csubst_input_alignment.fa.log

Date and Time: Fri Mar 27 00:44:23 2026
