IQ-TREE multicore version 2.4.0 for Linux x86 64-bit built Feb 12 2025
Developed by Bui Quang Minh, Nguyen Lam Tung, Olga Chernomor, Heiko Schmidt,
Dominik Schrempf, Michael Woodhams, Ly Trong Nhan, Thomas Wong

Host:    brain (AVX2, FMA3, 2015 GB RAM)
Command: /home/yue/miniconda3/envs/py39/bin/iqtree -s /mnt/data0/yue/2026-03-11-protein-convergence/results/OG_12129/csubst_w_s/csubst_input_alignment.fa -te tmp.csubst.nwk -m ECMK07+F+R4 --seqtype CODON1 --threads-max 1 -T AUTO --ancestral --rate --redo
Seed:    212043 (Using SPRNG - Scalable Parallel Random Number Generator)
Time:    Thu Mar 26 23:05:56 2026
Kernel:  AVX+FMA - auto-detect threads (128 CPU cores detected)

Reading alignment file /mnt/data0/yue/2026-03-11-protein-convergence/results/OG_12129/csubst_w_s/csubst_input_alignment.fa ... Fasta format detected
Reading fasta file: done in 0.000615716 secs using 24.85% CPU
Alignment most likely contains DNA/RNA sequences
Converting to codon sequences with genetic code 1 ...
Alignment has 28 sequences with 384 columns, 380 distinct patterns
172 parsimony-informative, 149 singleton sites, 63 constant sites
                                                               Gap/Ambiguity  Composition  p-value
Analyzing sequences: done in 3.23206e-05 secs using 24.75% CPU
   1  DE542|Cluster-32431.5__TRINITY_DN790_c0_g1_i1.p1                14.32%    passed    100.00%
   2  SRR3407095|Cluster-12368.1__TRINITY_DN6665_c0_g1_i4.p1          27.86%    passed    100.00%
   3  DE534|Cluster-34611.2__TRINITY_DN24_c1_g1_i8.p1                 10.94%    passed    100.00%
   4  JJ85|Cluster-37730.0__TRINITY_DN8779_c0_g1_i3.p1                23.70%    passed     99.69%
   5  DE741|Cluster-8430.114__TRINITY_DN5905_c0_g1_i11.p1             59.11%    passed     86.62%
   6  JJ15|Cluster-64787.0__TRINITY_DN6361_c0_g1_i20.p1               16.41%    passed    100.00%
   7  JJ86|Cluster-48601.0__TRINITY_DN10304_c1_g2_i2.p1                3.39%    passed    100.00%
   8  DE623|Cluster-59415.3__TRINITY_DN8862_c0_g1_i7.p1               10.94%    passed    100.00%
   9  DE216|Cluster-65240.5__TRINITY_DN856_c0_g3_i9.p1                11.72%    passed    100.00%
  10  DE229|Cluster-75473.0__TRINITY_DN730_c0_g1_i1.p1                 1.56%    passed    100.00%
  11  DE546_urceolata_l|Cluster-15304.0__TRINITY_DN1707_c0_g1_i3.p1    2.34%    passed    100.00%
  12  DE575|Cluster-18835.0__TRINITY_DN221_c0_g3_i1.p1                 2.60%    passed    100.00%
  13  DE162|Cluster-50007.0__TRINITY_DN8364_c0_g1_i1.p1                1.82%    passed    100.00%
  14  DE507|Cluster-83058.1__TRINITY_DN8030_c1_g1_i19.p1              22.14%    passed    100.00%
  15  DE528|Cluster-24419.1__TRINITY_DN926_c0_g1_i3.p1                 2.60%    passed    100.00%
  16  SRR11934227|Cluster-147297.2__TRINITY_DN5199_c0_g1_i9.p1        24.74%    passed      5.85%
  17  DE189|Cluster-27831.0__TRINITY_DN14321_c0_g1_i4.p1              71.35%    passed     82.95%
  18  DE666|Cluster-34149.0__TRINITY_DN14508_c0_g1_i7.p1               2.86%    passed    100.00%
  19  DE643|Cluster-74733.0__TRINITY_DN32984_c0_g2_i2.p1               8.07%    passed    100.00%
  20  DE765|Cluster-44102.2__TRINITY_DN1511_c0_g2_i7.p1                5.21%    passed    100.00%
  21  DE680|Cluster-27546.1__TRINITY_DN11743_c0_g1_i2.p1              52.08%    passed     74.44%
  22  DE127|Cluster-39389.2__TRINITY_DN17699_c0_g1_i6.p1              34.90%    passed     99.72%
  23  JJ99|Cluster-29886.0__TRINITY_DN10935_c0_g2_i1.p1               30.73%    passed    100.00%
  24  DE704-white|Cluster-65120.0__TRINITY_DN12182_c1_g1_i14.p1        7.29%    passed    100.00%
  25  DE563|Cluster-36659.0__TRINITY_DN263_c0_g5_i1.p1                53.65%    passed     99.99%
  26  DE681|Cluster-44164.2__TRINITY_DN8947_c0_g1_i2.p1                1.04%    passed    100.00%
  27  DE151|Cluster-14891.0__TRINITY_DN491_c0_g2_i1.p1                18.49%    passed    100.00%
  28  DE189|Cluster-13560.0__TRINITY_DN2615_c0_g4_i1.p1               49.48%    passed     96.60%
WARNING: 4 sequences contain more than 50% gaps/ambiguity
****  TOTAL                                                           20.41%  0 sequences failed composition chi2 test (p-value<5%; df=60)
Reading input tree file tmp.csubst.nwk ... rooted tree

NOTE: 23 MB RAM (0 GB) is required!
Measuring multi-threading efficiency up to 1 CPU cores
2 trees examined
Threads: 1 / Time: 1.071 sec / Speedup: 1.000 / Efficiency: 100% / LogL: -8377
BEST NUMBER OF THREADS: 1

Estimate model parameters (epsilon = 0.010)
1. Initial log-likelihood: -8128.193
2. Current log-likelihood: -6927.696
3. Current log-likelihood: -6927.384
4. Current log-likelihood: -6927.303
5. Current log-likelihood: -6927.276
6. Current log-likelihood: -6927.263
Optimal log-likelihood: -6927.254
Nonsynonymous/synonymous ratio (omega): 1.000
Transition/transversion ratio (kappa): 1.000
Site proportion and rates:  (0.413,0.442) (0.357,0.823) (0.166,1.872) (0.063,3.365)
Parameters optimization took 6 rounds (23.736 sec)
Wrote distance file to... 
BEST SCORE FOUND : -6927.254
Ancestral state probabilities printed to /mnt/data0/yue/2026-03-11-protein-convergence/results/OG_12129/csubst_w_s/csubst_input_alignment.fa.state
Empirical proportions for each category: 0.482 0.323 0.151 0.044
Site rates printed to /mnt/data0/yue/2026-03-11-protein-convergence/results/OG_12129/csubst_w_s/csubst_input_alignment.fa.rate
Total tree length: 3.626

Total number of iterations: 0
CPU time used for tree search: 0.000 sec (0h:0m:0s)
Wall-clock time used for tree search: 0.000 sec (0h:0m:0s)
Total CPU time used: 25.554 sec (0h:0m:25s)
Total wall-clock time used: 25.633 sec (0h:0m:25s)

Analysis results written to: 
  IQ-TREE report:                /mnt/data0/yue/2026-03-11-protein-convergence/results/OG_12129/csubst_w_s/csubst_input_alignment.fa.iqtree
  Maximum-likelihood tree:       /mnt/data0/yue/2026-03-11-protein-convergence/results/OG_12129/csubst_w_s/csubst_input_alignment.fa.treefile
  Site-specific rates:           /mnt/data0/yue/2026-03-11-protein-convergence/results/OG_12129/csubst_w_s/csubst_input_alignment.fa.rate
  Ancestral state:               /mnt/data0/yue/2026-03-11-protein-convergence/results/OG_12129/csubst_w_s/csubst_input_alignment.fa.state
  Screen log file:               /mnt/data0/yue/2026-03-11-protein-convergence/results/OG_12129/csubst_w_s/csubst_input_alignment.fa.log

Date and Time: Thu Mar 26 23:06:21 2026
