IQ-TREE multicore version 2.4.0 for Linux x86 64-bit built Feb 12 2025
Developed by Bui Quang Minh, Nguyen Lam Tung, Olga Chernomor, Heiko Schmidt,
Dominik Schrempf, Michael Woodhams, Ly Trong Nhan, Thomas Wong

Host:    brain (AVX2, FMA3, 2015 GB RAM)
Command: /home/yue/miniconda3/envs/py39/bin/iqtree -s /mnt/data0/yue/2026-03-11-protein-convergence/results/OG_6675/csubst_w_s/csubst_input_alignment.fa -te tmp.csubst.nwk -m ECMK07+F+R4 --seqtype CODON1 --threads-max 1 -T AUTO --ancestral --rate --redo
Seed:    999822 (Using SPRNG - Scalable Parallel Random Number Generator)
Time:    Fri Mar 27 22:21:57 2026
Kernel:  AVX+FMA - auto-detect threads (128 CPU cores detected)

Reading alignment file /mnt/data0/yue/2026-03-11-protein-convergence/results/OG_6675/csubst_w_s/csubst_input_alignment.fa ... Fasta format detected
Reading fasta file: done in 0.00379971 secs using 46.4% CPU
Alignment most likely contains DNA/RNA sequences
Converting to codon sequences with genetic code 1 ...
WARNING: 1 sites contain only gaps or ambiguous characters.
Alignment has 75 sequences with 447 columns, 422 distinct patterns
231 parsimony-informative, 107 singleton sites, 109 constant sites
                                                           Gap/Ambiguity  Composition  p-value
Analyzing sequences: done in 0.000186488 secs using 99.2% CPU
   1  DE152|Cluster-64488.0__TRINITY_DN2053_c0_g2_i1.p1           39.37%    passed     62.00%
   2  DE181|Cluster-25572.0__TRINITY_DN6785_c0_g1_i3.p1           12.08%    passed    100.00%
   3  DE504|Cluster-56315.0__TRINITY_DN13204_c0_g1_i3.p1          13.20%    passed    100.00%
   4  DE503|Cluster-52405.0__TRINITY_DN11255_c0_g1_i2.p1          38.48%    passed    100.00%
   5  DE505|Cluster-58407.0__TRINITY_DN9265_c1_g1_i5.p1           14.09%    passed    100.00%
   6  SRR3407092|Cluster-34035.0__TRINITY_DN8888_c0_g1_i1.p1      14.09%    passed    100.00%
   7  DE162|Cluster-32244.0__TRINITY_DN2893_c0_g1_i6.p1           29.75%    passed    100.00%
   8  DE704-purple|Cluster-42780.0__TRINITY_DN7353_c0_g1_i10.p1   29.75%    passed    100.00%
   9  DE765|Cluster-53430.0__TRINITY_DN6152_c0_g1_i7.p1           29.75%    passed    100.00%
  10  DE563|Cluster-5677.0__TRINITY_DN1552_c0_g1_i5.p1            14.09%    passed    100.00%
  11  JJ86|Cluster-48791.0__TRINITY_DN1862_c0_g1_i1.p1            16.55%    passed    100.00%
  12  DE623|Cluster-46724.0__TRINITY_DN2407_c0_g1_i4.p1           15.21%    passed    100.00%
  13  DE680|Cluster-54410.0__TRINITY_DN1517_c0_g1_i3.p1           51.01%    passed     99.98%
  14  JJ74|Cluster-132863.0__TRINITY_DN3139_c0_g1_i4.p1           15.21%    passed    100.00%
  15  DE229|Cluster-80384.0__TRINITY_DN43418_c0_g1_i6.p1          29.75%    passed    100.00%
  16  JJ23|Cluster-30770.0__TRINITY_DN4810_c0_g1_i2.p1            14.09%    passed    100.00%
  17  DE115|Cluster-40137.0__TRINITY_DN3102_c0_g1_i8.p1           24.61%    passed    100.00%
  18  DE127|Cluster-36004.0__TRINITY_DN847_c0_g1_i1.p1            36.02%    passed    100.00%
  19  DE554|Cluster-67752.0__TRINITY_DN5626_c0_g1_i7.p1           36.02%    passed    100.00%
  20  DE666|Cluster-22076.0__TRINITY_DN567_c0_g1_i11.p1           50.11%    passed     99.95%
  21  DE507|Cluster-84537.1__TRINITY_DN7745_c0_g1_i5.p1           36.02%    passed    100.00%
  22  DE528|Cluster-32787.0__TRINITY_DN10768_c0_g1_i4.p1          24.61%    passed     99.99%
  23  DE575|Cluster-44785.0__TRINITY_DN4324_c0_g1_i3.p1           36.02%    passed     99.97%
  24  DE681|Cluster-39422.0__TRINITY_DN7661_c0_g1_i4.p1           24.61%    passed     98.50%
  25  DE566|Cluster-8461.0__TRINITY_DN6530_c0_g1_i3.p1            36.02%    passed     99.99%
  26  DE668|Cluster-31429.0__TRINITY_DN4256_c0_g1_i1.p1            0.22%    passed    100.00%
  27  JJ99|Cluster-56829.1__TRINITY_DN7177_c1_g1_i2.p1            38.70%    passed     99.95%
  28  SRR3407093|Cluster-12107.0__TRINITY_DN4157_c0_g1_i2.p1       0.22%    passed    100.00%
  29  SRR3407094|Cluster-34836.0__TRINITY_DN76_c1_g1_i1.p1         0.22%    passed    100.00%
  30  DE510|Cluster-34126.0__TRINITY_DN21989_c1_g1_i11.p1         35.35%    passed    100.00%
  31  SRR3407087|Cluster-15580.0__TRINITY_DN6875_c0_g2_i3.p1      24.61%    passed    100.00%
  32  DE523|Cluster-54452.0__TRINITY_DN11738_c0_g1_i2.p1          25.06%    passed    100.00%
  33  SRR3407096|Cluster-29648.0__TRINITY_DN15384_c0_g1_i2.p1      0.67%    passed    100.00%
  34  DE561|Cluster-17384.0__TRINITY_DN2916_c0_g1_i1.p1           24.61%    passed    100.00%
  35  SRR3407086|Cluster-40128.0__TRINITY_DN3662_c0_g2_i1.p1       0.22%    passed    100.00%
  36  SRR3424066|Cluster-32682.0__TRINITY_DN85_c1_g2_i2.p1        24.61%    passed    100.00%
  37  SRR3407088|Cluster-21083.0__TRINITY_DN1873_c0_g1_i3.p1      24.61%    passed    100.00%
  38  DE69|Cluster-13610.0__TRINITY_DN11521_c0_g1_i1.p1            0.22%    passed    100.00%
  39  SRR3407095|Cluster-5103.0__TRINITY_DN54545_c0_g1_i1.p1       0.22%    passed    100.00%
  40  DE737|Cluster-28160.0__TRINITY_DN2468_c0_g1_i4.p1           50.78%    passed     99.44%
  41  DE671|Cluster-38215.0__TRINITY_DN3576_c0_g1_i4.p1           50.78%    passed     96.65%
  42  DE672|Cluster-47987.0__TRINITY_DN5025_c0_g1_i1.p1            0.22%    passed    100.00%
  43  DE549|Cluster-37589.0__TRINITY_DN6759_c0_g1_i4.p1           24.61%    passed    100.00%
  44  DE550|Cluster-38179.0__TRINITY_DN2550_c0_g1_i7.p1           50.78%    passed     99.70%
  45  JJ109|Cluster-36493.0__TRINITY_DN4068_c1_g1_i3.p1           24.61%    passed    100.00%
  46  DE476|Cluster-44104.0__TRINITY_DN19073_c0_g1_i4.p1          50.78%    passed     98.91%
  47  DE126|Cluster-18641.4__TRINITY_DN406_c0_g1_i11.p1            0.67%    passed    100.00%
  48  DE704-white|Cluster-49511.0__TRINITY_DN7019_c0_g1_i15.p1    65.55%    passed     99.63%
  49  JJ131|Cluster-60228.0__TRINITY_DN2271_c0_g1_i11.p1          14.32%    passed    100.00%
  50  DE151|Cluster-62015.0__TRINITY_DN6118_c0_g1_i2.p1           64.65%    passed     99.94%
  51  DE173|Cluster-39032.0__TRINITY_DN16049_c0_g2_i2.p1          14.09%    passed    100.00%
  52  DE541|Cluster-37906.0__TRINITY_DN7285_c0_g1_i4.p1           14.09%    passed    100.00%
  53  JJ130|Cluster-20908.0__TRINITY_DN10466_c0_g1_i4.p1          14.09%    passed    100.00%
  54  DE643|Cluster-10286.0__TRINITY_DN13846_c0_g1_i9.p1          64.65%    passed     99.95%
  55  DE164|Cluster-24922.0__TRINITY_DN2096_c0_g1_i3.p1           14.09%    passed    100.00%
  56  DE764|Cluster-42309.0__TRINITY_DN4115_c0_g1_i17.p1          64.65%    passed     99.99%
  57  JJ125|Cluster-33093.2__TRINITY_DN5172_c0_g1_i1.p1           14.09%    passed    100.00%
  58  DE216|Cluster-82453.0__TRINITY_DN3736_c0_g1_i2.p1           14.09%    passed    100.00%
  59  JJ15|Cluster-55706.0__TRINITY_DN4705_c1_g2_i2.p1            14.09%    passed    100.00%
  60  DE536|Cluster-8801.0__TRINITY_DN10788_c0_g1_i1.p1           14.09%    passed    100.00%
  61  DRR082660|Cluster-39539.0__TRINITY_DN1877_c0_g1_i1.p1        0.22%    passed    100.00%
  62  JJ36|Cluster-44313.0__TRINITY_DN5451_c0_g1_i9.p1            14.09%    passed    100.00%
  63  DE696-dots|Cluster-53086.0__TRINITY_DN2659_c0_g1_i5.p1      14.09%    passed    100.00%
  64  DE696-nodots|Cluster-47240.0__TRINITY_DN6718_c0_g1_i8.p1    14.09%    passed    100.00%
  65  DE88|Cluster-11259.0__TRINITY_DN24173_c0_g1_i5.p1           37.81%    passed     99.97%
  66  DE509|Cluster-45619.0__TRINITY_DN6957_c0_g1_i7.p1           14.09%    passed    100.00%
  67  DE736|Cluster-22539.0__TRINITY_DN5516_c0_g1_i1.p1           14.09%    passed    100.00%
  68  DE531|Cluster-43553.0__TRINITY_DN1833_c0_g1_i2.p1           62.19%    passed     99.99%
  69  JJ89|Cluster-19420.0__TRINITY_DN4115_c0_g1_i10.p1           14.09%    passed    100.00%
  70  DE519|Cluster-52995.0__TRINITY_DN3914_c0_g1_i2.p1           15.21%    passed    100.00%
  71  DE741|Cluster-28913.0__TRINITY_DN3123_c0_g1_i1.p1           29.75%    passed    100.00%
  72  DE560|Cluster-41652.0__TRINITY_DN4531_c0_g1_i3.p1           29.98%    passed    100.00%
  73  JJ85|Cluster-34186.0__TRINITY_DN3422_c0_g1_i1.p1            29.75%    passed    100.00%
  74  SRR104381|Cluster-6999.0__TRINITY_DN31004_c0_g1_i1.p1        1.57%    passed     99.94%
  75  SRR5150740|Cluster-43839.0__TRINITY_DN5179_c0_g3_i1.p1       0.22%    passed     99.29%
WARNING: 11 sequences contain more than 50% gaps/ambiguity
****  TOTAL                                                       24.15%  0 sequences failed composition chi2 test (p-value<5%; df=60)
Reading input tree file tmp.csubst.nwk ... rooted tree

NOTE: 68 MB RAM (0 GB) is required!
Measuring multi-threading efficiency up to 1 CPU cores
2 trees examined
Threads: 1 / Time: 3.647 sec / Speedup: 1.000 / Efficiency: 100% / LogL: -15625
BEST NUMBER OF THREADS: 1

Estimate model parameters (epsilon = 0.010)
1. Initial log-likelihood: -13129.165
2. Current log-likelihood: -9024.569
3. Current log-likelihood: -9012.833
4. Current log-likelihood: -9009.478
5. Current log-likelihood: -9006.883
6. Current log-likelihood: -8997.289
7. Current log-likelihood: -8996.847
8. Current log-likelihood: -8996.581
9. Current log-likelihood: -8996.420
10. Current log-likelihood: -8996.322
11. Current log-likelihood: -8996.261
12. Current log-likelihood: -8996.225
13. Current log-likelihood: -8996.202
14. Current log-likelihood: -8996.189
Optimal log-likelihood: -8996.182
Nonsynonymous/synonymous ratio (omega): 1.000
Transition/transversion ratio (kappa): 1.000
Site proportion and rates:  (0.425,0.255) (0.432,1.003) (0.131,2.619) (0.012,9.621)
Parameters optimization took 14 rounds (164.880 sec)
Wrote distance file to... 
BEST SCORE FOUND : -8996.182
Ancestral state probabilities printed to /mnt/data0/yue/2026-03-11-protein-convergence/results/OG_6675/csubst_w_s/csubst_input_alignment.fa.state
Empirical proportions for each category: 0.454 0.425 0.110 0.011
Site rates printed to /mnt/data0/yue/2026-03-11-protein-convergence/results/OG_6675/csubst_w_s/csubst_input_alignment.fa.rate
Total tree length: 3.665

Total number of iterations: 0
CPU time used for tree search: 0.000 sec (0h:0m:0s)
Wall-clock time used for tree search: 0.000 sec (0h:0m:0s)
Total CPU time used: 170.503 sec (0h:2m:50s)
Total wall-clock time used: 170.748 sec (0h:2m:50s)

Analysis results written to: 
  IQ-TREE report:                /mnt/data0/yue/2026-03-11-protein-convergence/results/OG_6675/csubst_w_s/csubst_input_alignment.fa.iqtree
  Maximum-likelihood tree:       /mnt/data0/yue/2026-03-11-protein-convergence/results/OG_6675/csubst_w_s/csubst_input_alignment.fa.treefile
  Site-specific rates:           /mnt/data0/yue/2026-03-11-protein-convergence/results/OG_6675/csubst_w_s/csubst_input_alignment.fa.rate
  Ancestral state:               /mnt/data0/yue/2026-03-11-protein-convergence/results/OG_6675/csubst_w_s/csubst_input_alignment.fa.state
  Screen log file:               /mnt/data0/yue/2026-03-11-protein-convergence/results/OG_6675/csubst_w_s/csubst_input_alignment.fa.log

Date and Time: Fri Mar 27 22:24:48 2026
