IQ-TREE multicore version 2.4.0 for Linux x86 64-bit built Feb 12 2025
Developed by Bui Quang Minh, Nguyen Lam Tung, Olga Chernomor, Heiko Schmidt,
Dominik Schrempf, Michael Woodhams, Ly Trong Nhan, Thomas Wong

Host:    brain (AVX2, FMA3, 2015 GB RAM)
Command: /home/yue/miniconda3/envs/py39/bin/iqtree -s /mnt/data0/yue/2026-03-11-protein-convergence/results/OG_8253/csubst_w_s/csubst_input_alignment.fa -te tmp.csubst.nwk -m ECMK07+F+R4 --seqtype CODON1 --threads-max 1 -T AUTO --ancestral --rate --redo
Seed:    631886 (Using SPRNG - Scalable Parallel Random Number Generator)
Time:    Sat Mar 28 03:00:33 2026
Kernel:  AVX+FMA - auto-detect threads (128 CPU cores detected)

Reading alignment file /mnt/data0/yue/2026-03-11-protein-convergence/results/OG_8253/csubst_w_s/csubst_input_alignment.fa ... Fasta format detected
Reading fasta file: done in 0.00287145 secs using 53.81% CPU
Alignment most likely contains DNA/RNA sequences
Converting to codon sequences with genetic code 1 ...
Alignment has 72 sequences with 349 columns, 332 distinct patterns
199 parsimony-informative, 89 singleton sites, 61 constant sites
                                                               Gap/Ambiguity  Composition  p-value
Analyzing sequences: done in 0.000152335 secs using 98.47% CPU
   1  JJ74|Cluster-98631.0__TRINITY_DN56739_c0_g1_i1.p1               42.69%    passed     22.18%
   2  DE560|Cluster-621.0__TRINITY_DN1267_c2_g1_i1.p1                  0.86%    passed    100.00%
   3  DRR234970|Cluster-49504.0__TRINITY_DN51582_c0_g1_i1.p1           1.72%    passed     99.98%
   4  JJ109|Cluster-11156.0__TRINITY_DN6950_c0_g1_i4.p1                0.29%    passed    100.00%
   5  DE549|Cluster-18052.0__TRINITY_DN6917_c0_g1_i1.p1                0.29%    passed    100.00%
   6  DE737|Cluster-39695.0__TRINITY_DN9307_c0_g1_i1.p1                0.00%    passed    100.00%
   7  DE115|Cluster-29630.4__TRINITY_DN3344_c0_g1_i2.p1                0.57%    passed    100.00%
   8  DE668|Cluster-45164.0__TRINITY_DN1127_c0_g2_i1.p1                0.29%    passed    100.00%
   9  SRR3407088|Cluster-22964.0__TRINITY_DN2104_c0_g2_i5.p1           0.29%    passed    100.00%
  10  DRR082660|Cluster-15278.0__TRINITY_DN790_c0_g1_i1.p1             0.29%    passed    100.00%
  11  JJ125|Cluster-8431.4__TRINITY_DN1023_c0_g1_i5.p1                 0.29%    passed    100.00%
  12  SRR3407096|Cluster-18045.0__TRINITY_DN15032_c0_g3_i1.p1          0.29%    passed    100.00%
  13  JJ23|Cluster-37452.0__TRINITY_DN336_c0_g1_i2.p1                  0.57%    passed    100.00%
  14  JJ130|Cluster-53237.0__TRINITY_DN1463_c0_g1_i1.p1                0.29%    passed    100.00%
  15  DE561|Cluster-13558.0__TRINITY_DN517_c0_g1_i1.p1                 0.29%    passed    100.00%
  16  DE181|Cluster-41810.0__TRINITY_DN12358_c0_g1_i1.p1               0.29%    passed    100.00%
  17  SRR3407086|Cluster-13502.0__TRINITY_DN9738_c0_g1_i1.p1           0.29%    passed    100.00%
  18  DE671|Cluster-40727.0__TRINITY_DN860_c1_g1_i1.p1                 0.29%    passed    100.00%
  19  DE696-dots|Cluster-15366.0__TRINITY_DN299_c4_g1_i1.p1            0.29%    passed    100.00%
  20  DE509|Cluster-21340.0__TRINITY_DN466_c1_g1_i1.p1                 0.29%    passed    100.00%
  21  DE523|Cluster-8913.0__TRINITY_DN195_c1_g3_i1.p1                  0.29%    passed    100.00%
  22  DE229|Cluster-66036.0__TRINITY_DN946_c3_g2_i1.p1                 0.29%    passed    100.00%
  23  DE736|Cluster-20166.0__TRINITY_DN415_c0_g1_i1.p1                 0.29%    passed    100.00%
  24  DE681|Cluster-19872.0__TRINITY_DN454_c0_g4_i1.p1                 1.15%    passed    100.00%
  25  DE152|Cluster-17181.0__TRINITY_DN392_c0_g1_i1.p1                 0.29%    passed    100.00%
  26  JJ99|Cluster-24856.0__TRINITY_DN8644_c0_g2_i1.p1                 0.29%    passed    100.00%
  27  JJ15|Cluster-54145.0__TRINITY_DN2350_c0_g1_i1.p1                 0.29%    passed    100.00%
  28  DE550|Cluster-28716.0__TRINITY_DN5566_c0_g1_i1.p1                0.29%    passed    100.00%
  29  JJ89|Cluster-27712.0__TRINITY_DN724_c4_g1_i2.p1                  0.29%    passed    100.00%
  30  SRR3407092|Cluster-27534.0__TRINITY_DN6535_c0_g1_i1.p1           0.29%    passed    100.00%
  31  DE672|Cluster-7506.0__TRINITY_DN98542_c0_g1_i1.p1                0.29%    passed    100.00%
  32  DE216|Cluster-79506.0__TRINITY_DN3027_c1_g1_i1.p1               14.04%    passed    100.00%
  33  DE542|Cluster-46867.2__TRINITY_DN684_c0_g1_i1.p1                 0.29%    passed    100.00%
  34  DE127|Cluster-40204.0__TRINITY_DN351_c0_g2_i1.p1                 0.29%    passed    100.00%
  35  DE554|Cluster-10264.0__TRINITY_DN950_c0_g2_i10.p1                0.29%    passed    100.00%
  36  DE519|Cluster-54376.0__TRINITY_DN12928_c1_g3_i2.p1               0.29%    passed    100.00%
  37  DE741|Cluster-7289.0__TRINITY_DN2742_c3_g1_i1.p1                 0.29%    passed    100.00%
  38  DE505|Cluster-55778.0__TRINITY_DN2046_c5_g1_i1.p1                0.29%    passed    100.00%
  39  DE510|Cluster-31956.0__TRINITY_DN63_c0_g5_i1.p1                  0.29%    passed    100.00%
  40  SRR3407093|Cluster-16800.0__TRINITY_DN3720_c2_g1_i1.p1           0.29%    passed    100.00%
  41  DE151|Cluster-39954.1__TRINITY_DN1831_c1_g1_i3.p1                0.29%    passed    100.00%
  42  DE173|Cluster-38311.0__TRINITY_DN3945_c0_g1_i1.p1                0.29%    passed    100.00%
  43  SRR3424066|Cluster-32589.0__TRINITY_DN300_c0_g1_i1.p1            0.29%    passed    100.00%
  44  JJ131|Cluster-60043.1__TRINITY_DN2845_c0_g1_i4.p1                0.29%    passed    100.00%
  45  DE164|Cluster-34606.0__TRINITY_DN1410_c1_g1_i1.p1                0.29%    passed    100.00%
  46  DE643|Cluster-63635.2__TRINITY_DN8270_c0_g1_i2.p1                0.29%    passed    100.00%
  47  DE476|Cluster-6024.0__TRINITY_DN29043_c0_g1_i1.p1                0.29%    passed    100.00%
  48  DE541|Cluster-37462.0__TRINITY_DN996_c3_g1_i1.p1                 0.86%    passed    100.00%
  49  DE504|Cluster-54834.0__TRINITY_DN9402_c0_g2_i2.p1                0.29%    passed    100.00%
  50  DE764|Cluster-6205.0__TRINITY_DN313_c2_g1_i1.p1                  0.29%    passed    100.00%
  51  DE88|Cluster-9733.0__TRINITY_DN8277_c0_g1_i1.p1                  0.57%    passed    100.00%
  52  JJ36|Cluster-10957.0__TRINITY_DN1458_c0_g1_i1.p1                53.01%    passed      5.41%
  53  JJ86|Cluster-9140.0__TRINITY_DN1542_c3_g2_i2.p1                  0.57%    passed    100.00%
  54  DE546_urceolata_l|Cluster-25716.1__TRINITY_DN7109_c0_g1_i3.p1    0.29%    passed    100.00%
  55  DE126|Cluster-24497.4__TRINITY_DN712_c2_g1_i1.p1                 0.29%    passed    100.00%
  56  DE162|Cluster-25158.0__TRINITY_DN5281_c0_g1_i1.p1                0.29%    passed    100.00%
  57  DE507|Cluster-78065.0__TRINITY_DN46_c1_g1_i1.p1                  0.29%    passed    100.00%
  58  DE528|Cluster-22637.0__TRINITY_DN20935_c0_g1_i1.p1               0.29%    passed    100.00%
  59  DE704-purple|Cluster-15170.0__TRINITY_DN14_c0_g2_i1.p1           0.29%    passed    100.00%
  60  DE623|Cluster-53324.0__TRINITY_DN1475_c0_g1_i5.p1                0.29%    passed    100.00%
  61  DE680|Cluster-21842.0__TRINITY_DN10824_c0_g2_i1.p1               0.29%    passed    100.00%
  62  DE534|Cluster-2393.0__TRINITY_DN79507_c0_g1_i1.p1                0.29%    passed    100.00%
  63  DE503|Cluster-44863.0__TRINITY_DN474_c2_g1_i1.p1                 0.29%    passed    100.00%
  64  SRR3407094|Cluster-32767.0__TRINITY_DN41989_c0_g1_i1.p1          0.29%    passed    100.00%
  65  DE69|Cluster-28402.0__TRINITY_DN3926_c3_g1_i8.p1                 0.29%    passed    100.00%
  66  SRR3407095|Cluster-44302.0__TRINITY_DN320_c1_g1_i4.p1            0.29%    passed    100.00%
  67  JJ85|Cluster-43894.0__TRINITY_DN2714_c0_g1_i1.p1                 0.57%    passed    100.00%
  68  DE575|Cluster-32203.0__TRINITY_DN3150_c0_g1_i7.p1               55.30%    passed     52.13%
  69  DE765|Cluster-43199.0__TRINITY_DN15841_c1_g2_i1.p1               0.29%    passed    100.00%
  70  DE566|Cluster-34733.1__TRINITY_DN13837_c0_g1_i2.p1               0.29%    passed    100.00%
  71  SRR5150740|Cluster-57663.0__TRINITY_DN1958_c0_g1_i1.p1           5.16%    passed     96.69%
  72  DRR082665|Cluster-27809.0__TRINITY_DN55685_c0_g1_i1.p1          25.50%    failed      0.68%
WARNING: 2 sequences contain more than 50% gaps/ambiguity
****  TOTAL                                                            3.04%  1 sequences failed composition chi2 test (p-value<5%; df=60)
Reading input tree file tmp.csubst.nwk ... rooted tree

NOTE: 53 MB RAM (0 GB) is required!
Measuring multi-threading efficiency up to 1 CPU cores
2 trees examined
Threads: 1 / Time: 2.735 sec / Speedup: 1.000 / Efficiency: 100% / LogL: -13235
BEST NUMBER OF THREADS: 1

Estimate model parameters (epsilon = 0.010)
1. Initial log-likelihood: -11947.078
2. Current log-likelihood: -8326.695
3. Current log-likelihood: -8315.576
4. Current log-likelihood: -8315.426
5. Current log-likelihood: -8315.311
6. Current log-likelihood: -8315.221
7. Current log-likelihood: -8315.153
8. Current log-likelihood: -8315.105
9. Current log-likelihood: -8315.072
10. Current log-likelihood: -8315.049
11. Current log-likelihood: -8312.931
12. Current log-likelihood: -8312.873
13. Current log-likelihood: -8312.833
14. Current log-likelihood: -8312.806
15. Current log-likelihood: -8312.788
16. Current log-likelihood: -8312.777
Optimal log-likelihood: -8312.771
Nonsynonymous/synonymous ratio (omega): 1.000
Transition/transversion ratio (kappa): 1.000
Site proportion and rates:  (0.558,0.352) (0.334,1.345) (0.097,3.037) (0.010,5.526)
Parameters optimization took 16 rounds (145.276 sec)
Wrote distance file to... 
BEST SCORE FOUND : -8312.771
Ancestral state probabilities printed to /mnt/data0/yue/2026-03-11-protein-convergence/results/OG_8253/csubst_w_s/csubst_input_alignment.fa.state
Empirical proportions for each category: 0.590 0.327 0.074 0.009
Site rates printed to /mnt/data0/yue/2026-03-11-protein-convergence/results/OG_8253/csubst_w_s/csubst_input_alignment.fa.rate
Total tree length: 3.942

Total number of iterations: 0
CPU time used for tree search: 0.000 sec (0h:0m:0s)
Wall-clock time used for tree search: 0.000 sec (0h:0m:0s)
Total CPU time used: 149.662 sec (0h:2m:29s)
Total wall-clock time used: 149.835 sec (0h:2m:29s)

Analysis results written to: 
  IQ-TREE report:                /mnt/data0/yue/2026-03-11-protein-convergence/results/OG_8253/csubst_w_s/csubst_input_alignment.fa.iqtree
  Maximum-likelihood tree:       /mnt/data0/yue/2026-03-11-protein-convergence/results/OG_8253/csubst_w_s/csubst_input_alignment.fa.treefile
  Site-specific rates:           /mnt/data0/yue/2026-03-11-protein-convergence/results/OG_8253/csubst_w_s/csubst_input_alignment.fa.rate
  Ancestral state:               /mnt/data0/yue/2026-03-11-protein-convergence/results/OG_8253/csubst_w_s/csubst_input_alignment.fa.state
  Screen log file:               /mnt/data0/yue/2026-03-11-protein-convergence/results/OG_8253/csubst_w_s/csubst_input_alignment.fa.log

Date and Time: Sat Mar 28 03:03:03 2026
