IQ-TREE multicore version 2.4.0 for Linux x86 64-bit built Feb 12 2025
Developed by Bui Quang Minh, Nguyen Lam Tung, Olga Chernomor, Heiko Schmidt,
Dominik Schrempf, Michael Woodhams, Ly Trong Nhan, Thomas Wong

Host:    brain (AVX2, FMA3, 2015 GB RAM)
Command: /home/yue/miniconda3/envs/py39/bin/iqtree -s /mnt/data0/yue/2026-03-11-protein-convergence/results/OG_9488/csubst_w_s/csubst_input_alignment.fa -te tmp.csubst.nwk -m ECMK07+F+R4 --seqtype CODON1 --threads-max 1 -T AUTO --ancestral --rate --redo
Seed:    409643 (Using SPRNG - Scalable Parallel Random Number Generator)
Time:    Sat Mar 28 05:50:03 2026
Kernel:  AVX+FMA - auto-detect threads (128 CPU cores detected)

Reading alignment file /mnt/data0/yue/2026-03-11-protein-convergence/results/OG_9488/csubst_w_s/csubst_input_alignment.fa ... Fasta format detected
Reading fasta file: done in 0.000951692 secs using 33.31% CPU
Alignment most likely contains DNA/RNA sequences
Converting to codon sequences with genetic code 1 ...
WARNING: 1 sites contain only gaps or ambiguous characters.
Alignment has 71 sequences with 250 columns, 221 distinct patterns
127 parsimony-informative, 52 singleton sites, 71 constant sites
                                                                Gap/Ambiguity  Composition  p-value
Analyzing sequences: done in 4.74602e-05 secs using 31.61% CPU
   1  DE504|Cluster-9914.0__TRINITY_DN5427_c0_g1_i1.p1                  0.40%    passed    100.00%
   2  DE127|Cluster-887.0__TRINITY_DN4251_c0_g1_i2.p1                   0.40%    passed    100.00%
   3  DE681|Cluster-17648.0__TRINITY_DN18789_c0_g1_i1.p1                0.40%    passed    100.00%
   4  DE523|Cluster-28937.0__TRINITY_DN13_c0_g1_i5.p1                   0.40%    passed    100.00%
   5  SRR3407096|Cluster-12476.0__TRINITY_DN17861_c1_g4_i1.p1           0.40%    passed    100.00%
   6  DE554|Cluster-60432.0__TRINITY_DN6470_c0_g1_i1.p1                 0.40%    passed    100.00%
   7  DE666|Cluster-15026.42__TRINITY_DN5995_c1_g1_i3.p1               27.20%    passed     99.91%
   8  SRR3407086|Cluster-22669.0__TRINITY_DN991_c0_g1_i1.p1             0.40%    passed    100.00%
   9  DE503|Cluster-52765.0__TRINITY_DN80_c1_g3_i1.p1                   0.40%    passed    100.00%
  10  DE505|Cluster-42900.0__TRINITY_DN10274_c0_g1_i2.p1                0.40%    passed    100.00%
  11  SRR3407094|Cluster-16640.0__TRINITY_DN6762_c0_g1_i1.p1            0.40%    passed    100.00%
  12  DE510|Cluster-14787.0__TRINITY_DN11911_c0_g2_i1.p1                0.40%    passed    100.00%
  13  SRR3407087|Cluster-42452.0__TRINITY_DN13432_c0_g2_i1.p1           0.40%    passed    100.00%
  14  SRR3424066|Cluster-15731.0__TRINITY_DN6489_c0_g2_i1.p1            0.40%    passed    100.00%
  15  DE561|Cluster-46182.0__TRINITY_DN7180_c0_g1_i1.p1                 0.40%    passed    100.00%
  16  SRR3407088|Cluster-10633.0__TRINITY_DN10225_c0_g2_i1.p1           0.40%    passed    100.00%
  17  SRR3407092|Cluster-1199.0__TRINITY_DN6788_c0_g1_i1.p1             2.00%    passed    100.00%
  18  DE181|Cluster-23797.0__TRINITY_DN1791_c0_g1_i2.p1                 0.40%    passed    100.00%
  19  SRR3407093|Cluster-18855.0__TRINITY_DN6502_c0_g1_i1.p1            0.40%    passed    100.00%
  20  DE115|Cluster-54713.0__TRINITY_DN5963_c0_g1_i6.p1                 0.40%    passed    100.00%
  21  JJ86|Cluster-866.0__TRINITY_DN26318_c0_g1_i1.p1                   0.40%    passed    100.00%
  22  DE546_urceolata_l|Cluster-35607.0__TRINITY_DN15758_c0_g2_i4.p1    0.40%    passed    100.00%
  23  DE563|Cluster-56309.0__TRINITY_DN68817_c1_g1_i1.p1                0.40%    passed    100.00%
  24  DE126|Cluster-20991.0__TRINITY_DN3616_c1_g2_i3.p1                 0.40%    passed    100.00%
  25  DE151|Cluster-1956.1__TRINITY_DN2431_c1_g1_i5.p1                  0.40%    passed    100.00%
  26  DE189|Cluster-11765.0__TRINITY_DN24129_c2_g1_i1.p1                0.40%    passed    100.00%
  27  DE173|Cluster-57595.0__TRINITY_DN6631_c0_g1_i4.p1                 0.40%    passed    100.00%
  28  JJ109|Cluster-16570.0__TRINITY_DN12557_c1_g2_i1.p1                0.40%    passed     99.99%
  29  DE164|Cluster-56448.0__TRINITY_DN3455_c0_g1_i3.p1                 0.40%    passed    100.00%
  30  JJ130|Cluster-31125.0__TRINITY_DN1210_c0_g2_i1.p1                 0.40%    passed    100.00%
  31  DE476|Cluster-54935.0__TRINITY_DN20469_c0_g1_i1.p1                0.40%    passed    100.00%
  32  DE541|Cluster-20790.0__TRINITY_DN1459_c0_g1_i1.p1                 0.40%    passed    100.00%
  33  JJ89|Cluster-17778.0__TRINITY_DN4816_c0_g1_i2.p1                  0.40%    passed    100.00%
  34  DE550|Cluster-35216.0__TRINITY_DN24233_c0_g1_i9.p1                0.40%    passed    100.00%
  35  DE88|Cluster-39189.0__TRINITY_DN3758_c0_g2_i1.p1                  0.40%    passed    100.00%
  36  DE737|Cluster-42870.0__TRINITY_DN4085_c0_g1_i2.p1                 0.40%    passed    100.00%
  37  DE643|Cluster-86032.0__TRINITY_DN1615_c0_g1_i1.p1                 0.40%    passed    100.00%
  38  DE671|Cluster-19908.0__TRINITY_DN5081_c0_g2_i2.p1                 0.40%    passed    100.00%
  39  DE216|Cluster-41195.0__TRINITY_DN7384_c0_g1_i4.p1                 0.40%    passed    100.00%
  40  JJ15|Cluster-63983.0__TRINITY_DN6599_c0_g1_i4.p1                  0.40%    passed    100.00%
  41  DE534|Cluster-34264.0__TRINITY_DN15445_c0_g1_i4.p1                0.40%    passed    100.00%
  42  DE519|Cluster-66688.1__TRINITY_DN10970_c0_g1_i8.p1                0.40%    passed    100.00%
  43  DE536|Cluster-10901.0__TRINITY_DN2636_c0_g2_i5.p1                 0.40%    passed    100.00%
  44  DE741|Cluster-25911.0__TRINITY_DN1838_c0_g2_i2.p1                 0.40%    passed    100.00%
  45  DE560|Cluster-26676.0__TRINITY_DN238_c0_g1_i3.p1                  0.40%    passed    100.00%
  46  JJ125|Cluster-15782.0__TRINITY_DN10558_c0_g1_i2.p1                0.40%    passed    100.00%
  47  DE542|Cluster-64627.0__TRINITY_DN12901_c0_g1_i5.p1                0.40%    passed    100.00%
  48  DE531|Cluster-31559.0__TRINITY_DN11731_c0_g2_i1.p1                0.40%    passed    100.00%
  49  DE696-dots|Cluster-19971.2__TRINITY_DN6318_c0_g1_i2.p1            0.40%    passed    100.00%
  50  DE696-nodots|Cluster-58795.0__TRINITY_DN3999_c1_g2_i1.p1          0.40%    passed    100.00%
  51  JJ36|Cluster-43581.0__TRINITY_DN8410_c0_g2_i1.p1                  0.40%    passed    100.00%
  52  DE672|Cluster-59533.0__TRINITY_DN1165_c1_g1_i1.p1                 0.40%    passed    100.00%
  53  JJ23|Cluster-44687.0__TRINITY_DN5133_c0_g2_i5.p1                  0.40%    passed    100.00%
  54  DE764|Cluster-19776.0__TRINITY_DN2131_c0_g2_i1.p1                 0.40%    passed    100.00%
  55  DE736|Cluster-63683.0__TRINITY_DN4679_c0_g2_i1.p1                 0.40%    passed    100.00%
  56  DE549|Cluster-54219.0__TRINITY_DN15454_c0_g1_i1.p1                0.40%    passed    100.00%
  57  DE509|Cluster-8335.0__TRINITY_DN567_c0_g2_i1.p1                   0.40%    passed    100.00%
  58  DE69|Cluster-51028.0__TRINITY_DN18162_c0_g1_i2.p1                 0.40%    passed    100.00%
  59  SRR3407095|Cluster-10887.0__TRINITY_DN5404_c0_g3_i1.p1            0.40%    passed    100.00%
  60  JJ131|Cluster-68185.3__TRINITY_DN13984_c0_g1_i16.p1               0.40%    passed    100.00%
  61  DE668|Cluster-29001.0__TRINITY_DN4418_c0_g1_i3.p1                 3.20%    passed    100.00%
  62  DE566|Cluster-50026.1__TRINITY_DN2062_c0_g1_i2.p1                 0.40%    passed    100.00%
  63  DE680|Cluster-26410.1__TRINITY_DN3754_c0_g1_i6.p1                 0.40%    passed    100.00%
  64  DE623|Cluster-56090.0__TRINITY_DN5704_c0_g1_i3.p1                 0.40%    passed    100.00%
  65  DE162|Cluster-34546.0__TRINITY_DN4847_c0_g1_i1.p1                 0.40%    passed    100.00%
  66  DE528|Cluster-36809.0__TRINITY_DN7737_c0_g1_i2.p1                 0.40%    passed    100.00%
  67  DE704-purple|Cluster-33649.0__TRINITY_DN2859_c0_g1_i1.p1          0.40%    passed    100.00%
  68  DE704-white|Cluster-30551.0__TRINITY_DN14922_c0_g1_i1.p1          0.40%    passed    100.00%
  69  DE507|Cluster-23761.0__TRINITY_DN6614_c1_g1_i1.p1                 0.40%    passed    100.00%
  70  DE765|Cluster-24818.0__TRINITY_DN2262_c0_g1_i2.p1                 0.40%    passed    100.00%
  71  DE575|Cluster-50382.0__TRINITY_DN6998_c0_g1_i1.p1                 0.40%    passed    100.00%
****  TOTAL                                                             0.84%  0 sequences failed composition chi2 test (p-value<5%; df=60)
WARNING: States(s) TGT rarely appear in alignment and may cause numerical problems
Reading input tree file tmp.csubst.nwk ... rooted tree

NOTE: 38 MB RAM (0 GB) is required!
Measuring multi-threading efficiency up to 1 CPU cores
2 trees examined
Threads: 1 / Time: 1.988 sec / Speedup: 1.000 / Efficiency: 100% / LogL: -7416
BEST NUMBER OF THREADS: 1

Estimate model parameters (epsilon = 0.010)
1. Initial log-likelihood: -7534.799
2. Current log-likelihood: -4689.392
3. Current log-likelihood: -4689.158
4. Current log-likelihood: -4689.055
5. Current log-likelihood: -4689.006
6. Current log-likelihood: -4688.983
7. Current log-likelihood: -4688.972
Optimal log-likelihood: -4688.967
Nonsynonymous/synonymous ratio (omega): 1.000
Transition/transversion ratio (kappa): 1.000
Site proportion and rates:  (0.656,0.439) (0.189,1.255) (0.129,2.605) (0.027,5.232)
Parameters optimization took 7 rounds (47.687 sec)
Wrote distance file to... 
BEST SCORE FOUND : -4688.967
Ancestral state probabilities printed to /mnt/data0/yue/2026-03-11-protein-convergence/results/OG_9488/csubst_w_s/csubst_input_alignment.fa.state
Empirical proportions for each category: 0.752 0.108 0.124 0.016
Site rates printed to /mnt/data0/yue/2026-03-11-protein-convergence/results/OG_9488/csubst_w_s/csubst_input_alignment.fa.rate
Total tree length: 2.708

Total number of iterations: 0
CPU time used for tree search: 0.000 sec (0h:0m:0s)
Wall-clock time used for tree search: 0.000 sec (0h:0m:0s)
Total CPU time used: 51.013 sec (0h:0m:51s)
Total wall-clock time used: 51.119 sec (0h:0m:51s)

Analysis results written to: 
  IQ-TREE report:                /mnt/data0/yue/2026-03-11-protein-convergence/results/OG_9488/csubst_w_s/csubst_input_alignment.fa.iqtree
  Maximum-likelihood tree:       /mnt/data0/yue/2026-03-11-protein-convergence/results/OG_9488/csubst_w_s/csubst_input_alignment.fa.treefile
  Site-specific rates:           /mnt/data0/yue/2026-03-11-protein-convergence/results/OG_9488/csubst_w_s/csubst_input_alignment.fa.rate
  Ancestral state:               /mnt/data0/yue/2026-03-11-protein-convergence/results/OG_9488/csubst_w_s/csubst_input_alignment.fa.state
  Screen log file:               /mnt/data0/yue/2026-03-11-protein-convergence/results/OG_9488/csubst_w_s/csubst_input_alignment.fa.log

Date and Time: Sat Mar 28 05:50:54 2026
