IQ-TREE multicore version 2.4.0 for Linux x86 64-bit built Feb 12 2025
Developed by Bui Quang Minh, Nguyen Lam Tung, Olga Chernomor, Heiko Schmidt,
Dominik Schrempf, Michael Woodhams, Ly Trong Nhan, Thomas Wong

Host:    brain (AVX2, FMA3, 2015 GB RAM)
Command: /home/yue/miniconda3/envs/py39/bin/iqtree -s /mnt/data0/yue/2026-03-11-protein-convergence/results/OG_2615/csubst_w_s/csubst_input_alignment.fa -te tmp.csubst.nwk -m ECMK07+F+R4 --seqtype CODON1 --threads-max 1 -T AUTO --ancestral --rate --redo
Seed:    736967 (Using SPRNG - Scalable Parallel Random Number Generator)
Time:    Fri Mar 27 05:29:52 2026
Kernel:  AVX+FMA - auto-detect threads (128 CPU cores detected)

Reading alignment file /mnt/data0/yue/2026-03-11-protein-convergence/results/OG_2615/csubst_w_s/csubst_input_alignment.fa ... Fasta format detected
Reading fasta file: done in 0.00173002 secs using 66.47% CPU
Alignment most likely contains DNA/RNA sequences
Converting to codon sequences with genetic code 1 ...
Alignment has 53 sequences with 634 columns, 615 distinct patterns
260 parsimony-informative, 259 singleton sites, 115 constant sites
                                                               Gap/Ambiguity  Composition  p-value
Analyzing sequences: done in 9.59784e-05 secs using 98.98% CPU
   1  DE563|Cluster-57101.1__TRINITY_DN8685_c0_g1_i2.p1               50.63%    failed      4.09%
   2  DE127|Cluster-16664.0__TRINITY_DN15475_c0_g2_i2.p1              44.48%    passed    100.00%
   3  DE554|Cluster-64361.0__TRINITY_DN6636_c0_g1_i1.p1               23.82%    passed     78.66%
   4  JJ86|Cluster-51155.0__TRINITY_DN127_c3_g1_i4.p1                 15.46%    passed     99.85%
   5  DE126|Cluster-25975.2__TRINITY_DN10306_c0_g1_i8.p1              16.72%    passed     99.88%
   6  DE681|Cluster-53165.0__TRINITY_DN7389_c0_g1_i1.p1               11.04%    passed     99.97%
   7  DE507|Cluster-79042.2__TRINITY_DN4574_c0_g1_i4.p1               13.09%    passed     99.35%
   8  DE704-white|Cluster-39959.1__TRINITY_DN16208_c0_g1_i24.p1       13.25%    passed     99.30%
   9  DE546_urceolata_l|Cluster-13996.0__TRINITY_DN5999_c0_g1_i2.p1   30.60%    passed     83.79%
  10  DE666|Cluster-36913.0__TRINITY_DN11177_c0_g2_i17.p1             18.14%    passed     99.31%
  11  DE623|Cluster-49286.0__TRINITY_DN9000_c0_g1_i8.p1               13.25%    passed     99.89%
  12  DE575|Cluster-68586.0__TRINITY_DN3760_c0_g1_i10.p1              52.84%    failed      0.74%
  13  DRR082660|Cluster-15329.2__TRINITY_DN3924_c0_g1_i3.p1           33.75%    passed    100.00%
  14  DE69|Cluster-48483.1__TRINITY_DN8554_c0_g2_i1.p1                41.01%    passed    100.00%
  15  SRR3407093|Cluster-31826.0__TRINITY_DN4062_c0_g1_i5.p1          64.35%    passed     86.67%
  16  DE704-purple|Cluster-52775.1__TRINITY_DN6807_c0_g1_i2.p1        45.90%    failed      0.53%
  17  JJ125|Cluster-8987.15__TRINITY_DN1741_c0_g1_i31.p1              57.73%    passed     88.19%
  18  DE216|Cluster-21978.4__TRINITY_DN4786_c0_g1_i35.p1              46.37%    passed    100.00%
  19  JJ74|Cluster-79052.2__TRINITY_DN689_c0_g1_i17.p1                29.02%    passed    100.00%
  20  DE643|Cluster-24239.2__TRINITY_DN6548_c0_g1_i16.p1              35.33%    passed    100.00%
  21  DE509|Cluster-25049.0__TRINITY_DN8000_c0_g1_i4.p1               24.45%    passed     99.77%
  22  DE671|Cluster-46929.1__TRINITY_DN10604_c0_g1_i1.p1              60.09%    passed     79.65%
  23  SRR3407096|Cluster-24294.0__TRINITY_DN3299_c1_g1_i34.p1         23.34%    passed    100.00%
  24  DE561|Cluster-41861.0__TRINITY_DN3944_c0_g1_i33.p1              31.55%    passed    100.00%
  25  SRR3407088|Cluster-30422.1__TRINITY_DN1915_c0_g1_i1.p1          38.49%    passed    100.00%
  26  DE736|Cluster-55298.0__TRINITY_DN8917_c0_g1_i10.p1              25.55%    passed    100.00%
  27  DE764|Cluster-46312.1__TRINITY_DN5765_c0_g1_i12.p1              23.66%    passed    100.00%
  28  DE88|Cluster-36372.3__TRINITY_DN2784_c0_g1_i4.p1                23.66%    passed    100.00%
  29  DE503|Cluster-43865.0__TRINITY_DN7175_c0_g1_i7.p1               25.24%    passed    100.00%
  30  SRR3407092|Cluster-22795.0__TRINITY_DN14500_c0_g2_i2.p1         25.24%    passed    100.00%
  31  DE510|Cluster-40848.1__TRINITY_DN6439_c0_g1_i7.p1               65.46%    passed     84.97%
  32  SRR3407094|Cluster-34693.2__TRINITY_DN5017_c0_g1_i12.p1         31.39%    passed    100.00%
  33  SRR3407087|Cluster-25456.0__TRINITY_DN6702_c0_g1_i2.p1          45.11%    passed     99.98%
  34  JJ15|Cluster-63691.1__TRINITY_DN861_c0_g1_i13.p1                36.59%    passed    100.00%
  35  DE534|Cluster-16579.5__TRINITY_DN11662_c0_g1_i25.p1             38.01%    passed    100.00%
  36  DE536|Cluster-54964.0__TRINITY_DN8866_c0_g1_i45.p1              39.91%    passed    100.00%
  37  JJ131|Cluster-48827.0__TRINITY_DN5196_c0_g1_i15.p1              24.76%    passed    100.00%
  38  DE151|Cluster-54173.0__TRINITY_DN8948_c0_g1_i3.p1               23.66%    passed    100.00%
  39  JJ130|Cluster-49781.0__TRINITY_DN10271_c0_g1_i7.p1              23.66%    passed    100.00%
  40  DE173|Cluster-33958.0__TRINITY_DN5124_c0_g1_i10.p1              23.66%    passed    100.00%
  41  JJ89|Cluster-38042.1__TRINITY_DN6309_c0_g1_i10.p1               33.75%    passed    100.00%
  42  DE476|Cluster-31494.0__TRINITY_DN21243_c0_g1_i13.p1             24.29%    passed    100.00%
  43  SRR3424066|Cluster-41272.2__TRINITY_DN8989_c0_g2_i2.p1          68.45%    passed     98.55%
  44  DE541|Cluster-12357.0__TRINITY_DN6854_c0_g1_i1.p1               43.22%    passed    100.00%
  45  DE560|Cluster-25570.2__TRINITY_DN5757_c0_g1_i36.p1              24.92%    passed    100.00%
  46  DE523|Cluster-11031.1__TRINITY_DN9246_c2_g2_i2.p1               76.50%    passed     88.31%
  47  DE737|Cluster-55068.0__TRINITY_DN5983_c0_g1_i1.p1               23.66%    passed    100.00%
  48  DE672|Cluster-52943.0__TRINITY_DN4121_c0_g1_i21.p1              33.75%    passed    100.00%
  49  DE504|Cluster-41538.0__TRINITY_DN63_c1_g2_i2.p1                 47.63%    passed    100.00%
  50  JJ109|Cluster-8588.2__TRINITY_DN834_c0_g1_i4.p1                 37.38%    passed    100.00%
  51  DE519|Cluster-45470.2__TRINITY_DN1208_c0_g1_i24.p1              34.70%    passed    100.00%
  52  DE536|Cluster-36918.1__TRINITY_DN8866_c0_g2_i2.p1               83.44%    passed     26.36%
  53  DE189|Cluster-50186.0__TRINITY_DN5411_c0_g1_i2.p1               40.06%    passed    100.00%
WARNING: 9 sequences contain more than 50% gaps/ambiguity
****  TOTAL                                                           35.51%  3 sequences failed composition chi2 test (p-value<5%; df=60)
Reading input tree file tmp.csubst.nwk ... rooted tree

NOTE: 67 MB RAM (0 GB) is required!
Measuring multi-threading efficiency up to 1 CPU cores
2 trees examined
Threads: 1 / Time: 3.431 sec / Speedup: 1.000 / Efficiency: 100% / LogL: -18902
BEST NUMBER OF THREADS: 1

Estimate model parameters (epsilon = 0.010)
1. Initial log-likelihood: -16389.283
2. Current log-likelihood: -12932.895
3. Current log-likelihood: -12932.815
4. Current log-likelihood: -12932.795
5. Current log-likelihood: -12932.783
Optimal log-likelihood: -12932.774
Nonsynonymous/synonymous ratio (omega): 1.000
Transition/transversion ratio (kappa): 1.000
Site proportion and rates:  (0.419,0.436) (0.392,1.065) (0.147,1.645) (0.042,3.777)
Parameters optimization took 5 rounds (63.282 sec)
Wrote distance file to... 
BEST SCORE FOUND : -12932.774
Ancestral state probabilities printed to /mnt/data0/yue/2026-03-11-protein-convergence/results/OG_2615/csubst_w_s/csubst_input_alignment.fa.state
Empirical proportions for each category: 0.470 0.462 0.033 0.035
Site rates printed to /mnt/data0/yue/2026-03-11-protein-convergence/results/OG_2615/csubst_w_s/csubst_input_alignment.fa.rate
Total tree length: 5.396

Total number of iterations: 0
CPU time used for tree search: 0.000 sec (0h:0m:0s)
Wall-clock time used for tree search: 0.000 sec (0h:0m:0s)
Total CPU time used: 68.894 sec (0h:1m:8s)
Total wall-clock time used: 69.114 sec (0h:1m:9s)

Analysis results written to: 
  IQ-TREE report:                /mnt/data0/yue/2026-03-11-protein-convergence/results/OG_2615/csubst_w_s/csubst_input_alignment.fa.iqtree
  Maximum-likelihood tree:       /mnt/data0/yue/2026-03-11-protein-convergence/results/OG_2615/csubst_w_s/csubst_input_alignment.fa.treefile
  Site-specific rates:           /mnt/data0/yue/2026-03-11-protein-convergence/results/OG_2615/csubst_w_s/csubst_input_alignment.fa.rate
  Ancestral state:               /mnt/data0/yue/2026-03-11-protein-convergence/results/OG_2615/csubst_w_s/csubst_input_alignment.fa.state
  Screen log file:               /mnt/data0/yue/2026-03-11-protein-convergence/results/OG_2615/csubst_w_s/csubst_input_alignment.fa.log

Date and Time: Fri Mar 27 05:31:01 2026
