IQ-TREE multicore version 2.4.0 for Linux x86 64-bit built Feb 12 2025
Developed by Bui Quang Minh, Nguyen Lam Tung, Olga Chernomor, Heiko Schmidt,
Dominik Schrempf, Michael Woodhams, Ly Trong Nhan, Thomas Wong

Host:    brain (AVX2, FMA3, 2015 GB RAM)
Command: /home/yue/miniconda3/envs/py39/bin/iqtree -s /mnt/data0/yue/2026-03-11-protein-convergence/results/OG_2586/csubst_w_s/csubst_input_alignment.fa -te tmp.csubst.nwk -m ECMK07+F+R4 --seqtype CODON1 --threads-max 1 -T AUTO --ancestral --rate --redo
Seed:    84655 (Using SPRNG - Scalable Parallel Random Number Generator)
Time:    Fri Mar 27 05:20:27 2026
Kernel:  AVX+FMA - auto-detect threads (128 CPU cores detected)

Reading alignment file /mnt/data0/yue/2026-03-11-protein-convergence/results/OG_2586/csubst_w_s/csubst_input_alignment.fa ... Fasta format detected
Reading fasta file: done in 0.00542113 secs using 61.94% CPU
Alignment most likely contains DNA/RNA sequences
Converting to codon sequences with genetic code 1 ...
Alignment has 72 sequences with 694 columns, 676 distinct patterns
333 parsimony-informative, 243 singleton sites, 118 constant sites
                                                               Gap/Ambiguity  Composition  p-value
Analyzing sequences: done in 0.000266358 secs using 99.49% CPU
   1  JJ130|Cluster-52626.0__TRINITY_DN7074_c0_g1_i2.p1                0.00%    passed    100.00%
   2  DE549|Cluster-40700.0__TRINITY_DN5882_c0_g1_i6.p1                3.46%    passed    100.00%
   3  DE509|Cluster-35566.0__TRINITY_DN4050_c0_g1_i3.p1                0.00%    passed    100.00%
   4  SRR104381|Cluster-24010.0__TRINITY_DN2353_c0_g1_i1.p1            0.00%    passed    100.00%
   5  SRR11934227|Cluster-138297.0__TRINITY_DN72107_c0_g1_i28.p1       2.16%    passed     78.08%
   6  DE507|Cluster-76431.0__TRINITY_DN2730_c0_g1_i10.p1              13.83%    passed    100.00%
   7  DE704-white|Cluster-6203.6__TRINITY_DN557_c0_g1_i15.p1          22.19%    passed    100.00%
   8  DE563|Cluster-53490.0__TRINITY_DN1073_c0_g3_i1.p1               28.53%    passed    100.00%
   9  DE736|Cluster-33012.91__TRINITY_DN4257_c0_g1_i1.p1              42.65%    passed     99.99%
  10  DE560|Cluster-36552.0__TRINITY_DN5325_c0_g1_i1.p1               14.99%    passed    100.00%
  11  DE741|Cluster-39012.0__TRINITY_DN26_c0_g1_i5.p1                 28.82%    passed    100.00%
  12  DE504|Cluster-26721.1__TRINITY_DN16122_c0_g1_i23.p1             10.09%    passed    100.00%
  13  DE531|Cluster-49736.0__TRINITY_DN3188_c0_g1_i2.p1               28.82%    passed    100.00%
  14  DE115|Cluster-35669.0__TRINITY_DN6195_c0_g1_i7.p1               28.82%    passed    100.00%
  15  DE216|Cluster-2164.0__TRINITY_DN3802_c0_g1_i4.p1                15.56%    passed    100.00%
  16  JJ15|Cluster-28829.1__TRINITY_DN4559_c0_g1_i15.p1                0.00%    passed    100.00%
  17  DE126|Cluster-44192.0__TRINITY_DN2265_c0_g1_i10.p1               0.00%    passed    100.00%
  18  DE534|Cluster-65988.0__TRINITY_DN9220_c0_g1_i3.p1                0.00%    passed    100.00%
  19  DE536|Cluster-24829.0__TRINITY_DN4474_c0_g1_i1.p1                0.00%    passed    100.00%
  20  DE668|Cluster-32119.0__TRINITY_DN6380_c0_g1_i4.p1                0.00%    passed    100.00%
  21  DE546_urceolata_l|Cluster-24556.3__TRINITY_DN358_c0_g1_i28.p1    0.00%    passed    100.00%
  22  JJ86|Cluster-18479.0__TRINITY_DN3150_c0_g3_i2.p1                 0.00%    passed    100.00%
  23  DE681|Cluster-52177.0__TRINITY_DN1273_c0_g2_i3.p1                0.00%    passed    100.00%
  24  DE765|Cluster-27096.0__TRINITY_DN343_c1_g1_i4.p1                 0.00%    passed    100.00%
  25  JJ23|Cluster-43252.24__TRINITY_DN3427_c0_g1_i36.p1              47.98%    passed     99.81%
  26  JJ125|Cluster-19271.0__TRINITY_DN2960_c1_g3_i1.p1                0.00%    passed    100.00%
  27  JJ85|Cluster-7067.0__TRINITY_DN6190_c0_g1_i1.p1                  0.00%    passed    100.00%
  28  DE566|Cluster-49977.2__TRINITY_DN4859_c0_g1_i21.p1              42.36%    passed     99.99%
  29  JJ131|Cluster-66609.1__TRINITY_DN4059_c0_g1_i21.p1              33.57%    passed    100.00%
  30  DE127|Cluster-41493.0__TRINITY_DN12354_c0_g1_i2.p1               0.00%    passed    100.00%
  31  DE162|Cluster-30987.31__TRINITY_DN2343_c0_g1_i30.p1              0.00%    passed    100.00%
  32  DE680|Cluster-36806.0__TRINITY_DN5334_c0_g1_i1.p1                0.00%    passed    100.00%
  33  DE666|Cluster-43953.1__TRINITY_DN660_c0_g1_i38.p1                0.14%    passed    100.00%
  34  DE528|Cluster-28087.0__TRINITY_DN4700_c0_g1_i12.p1               0.00%    passed    100.00%
  35  JJ74|Cluster-129924.0__TRINITY_DN10802_c0_g1_i4.p1               0.00%    passed    100.00%
  36  DE151|Cluster-59627.0__TRINITY_DN7021_c0_g1_i3.p1                0.00%    passed    100.00%
  37  DE173|Cluster-19254.0__TRINITY_DN6538_c0_g1_i1.p1                0.00%    passed    100.00%
  38  DE189|Cluster-19757.0__TRINITY_DN6012_c0_g1_i4.p1                0.00%    passed    100.00%
  39  JJ109|Cluster-34923.0__TRINITY_DN9144_c0_g1_i4.p1                0.00%    passed    100.00%
  40  DE164|Cluster-19620.1__TRINITY_DN6281_c0_g1_i3.p1                0.00%    passed    100.00%
  41  DE737|Cluster-34883.0__TRINITY_DN3677_c0_g1_i1.p1                0.00%    passed    100.00%
  42  DE541|Cluster-11279.0__TRINITY_DN4349_c0_g1_i3.p1                0.00%    passed    100.00%
  43  DE672|Cluster-57075.0__TRINITY_DN3260_c0_g1_i1.p1                0.00%    passed    100.00%
  44  DE476|Cluster-38846.0__TRINITY_DN6034_c0_g1_i1.p1                0.00%    passed    100.00%
  45  DE643|Cluster-77072.0__TRINITY_DN2549_c1_g1_i14.p1               0.00%    passed    100.00%
  46  DE671|Cluster-50334.0__TRINITY_DN7437_c0_g1_i2.p1                0.00%    passed    100.00%
  47  DE696-nodots|Cluster-29970.0__TRINITY_DN5437_c0_g1_i2.p1         0.00%    passed    100.00%
  48  JJ36|Cluster-36267.0__TRINITY_DN2591_c0_g1_i4.p1                 0.00%    passed    100.00%
  49  JJ89|Cluster-40617.0__TRINITY_DN13402_c0_g1_i3.p1                0.00%    passed    100.00%
  50  DE88|Cluster-35465.0__TRINITY_DN10093_c0_g1_i8.p1                0.00%    passed    100.00%
  51  DE550|Cluster-46608.0__TRINITY_DN4461_c0_g1_i2.p1                0.00%    passed    100.00%
  52  DE181|Cluster-45246.0__TRINITY_DN6669_c0_g1_i2.p1                0.14%    passed    100.00%
  53  SRR3407086|Cluster-15250.0__TRINITY_DN9578_c0_g3_i1.p1           0.14%    passed    100.00%
  54  SRR3407088|Cluster-12898.0__TRINITY_DN15976_c0_g1_i2.p1          0.14%    passed    100.00%
  55  DE503|Cluster-62831.0__TRINITY_DN4172_c0_g1_i1.p1                0.14%    passed    100.00%
  56  SRR3407094|Cluster-21504.0__TRINITY_DN22566_c1_g2_i1.p1         42.65%    passed    100.00%
  57  SRR3407093|Cluster-17575.0__TRINITY_DN45050_c0_g1_i1.p1          0.14%    passed    100.00%
  58  DE510|Cluster-41121.0__TRINITY_DN7062_c1_g1_i2.p1                0.14%    passed    100.00%
  59  SRR3407087|Cluster-10655.0__TRINITY_DN7511_c0_g1_i1.p1           0.14%    passed    100.00%
  60  DE505|Cluster-29909.0__TRINITY_DN8592_c0_g1_i2.p1                0.14%    passed    100.00%
  61  SRR3407092|Cluster-21267.0__TRINITY_DN11869_c0_g1_i2.p1          0.14%    passed    100.00%
  62  SRR3424066|Cluster-26263.0__TRINITY_DN10168_c0_g1_i1.p1          0.14%    passed    100.00%
  63  DE561|Cluster-17122.0__TRINITY_DN6097_c0_g1_i2.p1                0.14%    passed    100.00%
  64  SRR3407095|Cluster-36723.0__TRINITY_DN15695_c0_g1_i2.p1          0.14%    passed    100.00%
  65  DE523|Cluster-42179.0__TRINITY_DN5971_c0_g1_i1.p1                0.00%    passed    100.00%
  66  SRR3407096|Cluster-19362.0__TRINITY_DN33697_c0_g1_i1.p1          0.00%    passed    100.00%
  67  DE69|Cluster-51622.0__TRINITY_DN3997_c0_g1_i3.p1                 9.37%    passed    100.00%
  68  DE542|Cluster-8395.0__TRINITY_DN45754_c2_g1_i5.p1                0.00%    passed    100.00%
  69  DRR082660|Cluster-28044.1__TRINITY_DN4197_c0_g1_i3.p1           13.11%    passed    100.00%
  70  SRR5150740|Cluster-52378.0__TRINITY_DN7149_c0_g1_i1.p1           0.00%    passed    100.00%
  71  SRR11748982|Cluster-34457.1__TRINITY_DN4478_c0_g1_i23.p1         0.00%    passed     87.25%
  72  DE563|Cluster-43538.0__TRINITY_DN18855_c0_g2_i2.p1              60.23%    failed      0.00%
WARNING: 1 sequences contain more than 50% gaps/ambiguity
****  TOTAL                                                            6.82%  1 sequences failed composition chi2 test (p-value<5%; df=60)
Reading input tree file tmp.csubst.nwk ... rooted tree

NOTE: 99 MB RAM (0 GB) is required!
Measuring multi-threading efficiency up to 1 CPU cores
2 trees examined
Threads: 1 / Time: 5.133 sec / Speedup: 1.000 / Efficiency: 100% / LogL: -19680
BEST NUMBER OF THREADS: 1

Estimate model parameters (epsilon = 0.010)
1. Initial log-likelihood: -22192.477
2. Current log-likelihood: -13668.371
3. Current log-likelihood: -13668.238
4. Current log-likelihood: -13652.022
5. Current log-likelihood: -13651.912
6. Current log-likelihood: -13651.829
7. Current log-likelihood: -13644.173
8. Current log-likelihood: -13644.088
9. Current log-likelihood: -13644.022
10. Current log-likelihood: -13637.851
11. Current log-likelihood: -13637.781
12. Current log-likelihood: -13637.730
13. Current log-likelihood: -13633.687
14. Current log-likelihood: -13633.627
15. Current log-likelihood: -13633.584
16. Current log-likelihood: -13631.782
17. Current log-likelihood: -13631.728
18. Current log-likelihood: -13631.687
19. Current log-likelihood: -13631.648
20. Current log-likelihood: -13629.681
21. Current log-likelihood: -13629.634
22. Current log-likelihood: -13629.600
23. Current log-likelihood: -13628.768
24. Current log-likelihood: -13628.748
Optimal log-likelihood: -13628.738
Nonsynonymous/synonymous ratio (omega): 1.000
Transition/transversion ratio (kappa): 1.000
Site proportion and rates:  (0.433,0.436) (0.314,0.742) (0.250,2.239) (0.003,5.668)
Parameters optimization took 24 rounds (414.679 sec)
Wrote distance file to... 
BEST SCORE FOUND : -13628.738
Ancestral state probabilities printed to /mnt/data0/yue/2026-03-11-protein-convergence/results/OG_2586/csubst_w_s/csubst_input_alignment.fa.state
Empirical proportions for each category: 0.555 0.186 0.258 0.001
Site rates printed to /mnt/data0/yue/2026-03-11-protein-convergence/results/OG_2586/csubst_w_s/csubst_input_alignment.fa.rate
Total tree length: 8.148

Total number of iterations: 0
CPU time used for tree search: 0.000 sec (0h:0m:0s)
Wall-clock time used for tree search: 0.000 sec (0h:0m:0s)
Total CPU time used: 422.500 sec (0h:7m:2s)
Total wall-clock time used: 423.262 sec (0h:7m:3s)

Analysis results written to: 
  IQ-TREE report:                /mnt/data0/yue/2026-03-11-protein-convergence/results/OG_2586/csubst_w_s/csubst_input_alignment.fa.iqtree
  Maximum-likelihood tree:       /mnt/data0/yue/2026-03-11-protein-convergence/results/OG_2586/csubst_w_s/csubst_input_alignment.fa.treefile
  Site-specific rates:           /mnt/data0/yue/2026-03-11-protein-convergence/results/OG_2586/csubst_w_s/csubst_input_alignment.fa.rate
  Ancestral state:               /mnt/data0/yue/2026-03-11-protein-convergence/results/OG_2586/csubst_w_s/csubst_input_alignment.fa.state
  Screen log file:               /mnt/data0/yue/2026-03-11-protein-convergence/results/OG_2586/csubst_w_s/csubst_input_alignment.fa.log

Date and Time: Fri Mar 27 05:27:30 2026
