IQ-TREE multicore version 2.4.0 for Linux x86 64-bit built Feb 12 2025
Developed by Bui Quang Minh, Nguyen Lam Tung, Olga Chernomor, Heiko Schmidt,
Dominik Schrempf, Michael Woodhams, Ly Trong Nhan, Thomas Wong

Host:    brain (AVX2, FMA3, 2015 GB RAM)
Command: /home/yue/miniconda3/envs/py39/bin/iqtree -s /mnt/data0/yue/2026-03-11-protein-convergence/results/OG_4836/csubst_w_s/csubst_input_alignment.fa -te tmp.csubst.nwk -m ECMK07+F+R4 --seqtype CODON1 --threads-max 1 -T AUTO --ancestral --rate --redo
Seed:    599255 (Using SPRNG - Scalable Parallel Random Number Generator)
Time:    Fri Mar 27 15:30:51 2026
Kernel:  AVX+FMA - auto-detect threads (128 CPU cores detected)

Reading alignment file /mnt/data0/yue/2026-03-11-protein-convergence/results/OG_4836/csubst_w_s/csubst_input_alignment.fa ... Fasta format detected
Reading fasta file: done in 0.00232303 secs using 80.37% CPU
Alignment most likely contains DNA/RNA sequences
Converting to codon sequences with genetic code 1 ...
Alignment has 79 sequences with 605 columns, 544 distinct patterns
262 parsimony-informative, 170 singleton sites, 173 constant sites
                                                               Gap/Ambiguity  Composition  p-value
Analyzing sequences: done in 9.1359e-05 secs using 98.51% CPU
   1  DE115|Cluster-64027.0__TRINITY_DN5783_c0_g1_i2.p1                7.60%    passed    100.00%
   2  JJ86|Cluster-13436.0__TRINITY_DN136_c1_g1_i1.p1                  0.17%    passed    100.00%
   3  DE528|Cluster-23345.0__TRINITY_DN5391_c0_g1_i3.p1                0.00%    passed    100.00%
   4  DE704-white|Cluster-69301.0__TRINITY_DN5715_c0_g1_i4.p1          0.00%    passed    100.00%
   5  DE704-purple|Cluster-9072.0__TRINITY_DN5018_c0_g1_i1.p1          0.00%    passed    100.00%
   6  DE546_urceolata_l|Cluster-31086.0__TRINITY_DN2147_c0_g1_i2.p1    0.00%    passed    100.00%
   7  DE127|Cluster-23266.1__TRINITY_DN11125_c0_g1_i1.p1               0.00%    passed    100.00%
   8  DE152|Cluster-2013.0__TRINITY_DN1486_c1_g1_i1.p1                 0.00%    passed    100.00%
   9  DE507|Cluster-89051.0__TRINITY_DN1825_c0_g1_i2.p1               27.27%    passed    100.00%
  10  DE554|Cluster-30563.0__TRINITY_DN5073_c0_g1_i4.p1                0.00%    passed    100.00%
  11  DE162|Cluster-20874.0__TRINITY_DN42505_c0_g1_i1.p1               0.00%    passed    100.00%
  12  DE563|Cluster-32717.0__TRINITY_DN9196_c0_g1_i10.p1               7.60%    passed    100.00%
  13  DE623|Cluster-33228.0__TRINITY_DN3678_c0_g1_i2.p1                0.00%    passed    100.00%
  14  DE666|Cluster-28605.1__TRINITY_DN11764_c0_g2_i3.p1               0.00%    passed    100.00%
  15  DE575|Cluster-50848.0__TRINITY_DN9510_c0_g1_i8.p1                0.00%    passed    100.00%
  16  DE681|Cluster-61475.0__TRINITY_DN10699_c0_g1_i2.p1               0.00%    passed    100.00%
  17  DE765|Cluster-6220.0__TRINITY_DN1773_c0_g1_i7.p1                 0.00%    passed    100.00%
  18  DE668|Cluster-45517.0__TRINITY_DN3083_c0_g1_i2.p1                0.00%    passed    100.00%
  19  JJ99|Cluster-21010.0__TRINITY_DN3421_c0_g1_i2.p1                 0.00%    passed    100.00%
  20  DE151|Cluster-11042.0__TRINITY_DN5680_c0_g1_i1.p1                0.00%    passed    100.00%
  21  DE189|Cluster-43158.0__TRINITY_DN10216_c0_g1_i2.p1               0.00%    passed    100.00%
  22  DE504|Cluster-7072.0__TRINITY_DN5709_c0_g1_i1.p1                 0.00%    passed    100.00%
  23  JJ130|Cluster-1659.0__TRINITY_DN74120_c0_g1_i1.p1                0.00%    passed    100.00%
  24  DE173|Cluster-16265.8__TRINITY_DN406_c0_g1_i17.p1                0.00%    passed    100.00%
  25  DE549|Cluster-9377.0__TRINITY_DN3721_c0_g1_i1.p1                 0.00%    passed    100.00%
  26  DE88|Cluster-3920.0__TRINITY_DN12947_c0_g1_i1.p1                 0.00%    passed    100.00%
  27  JJ109|Cluster-24068.2__TRINITY_DN7920_c0_g1_i3.p1                0.00%    passed    100.00%
  28  SRR3407096|Cluster-24803.0__TRINITY_DN2476_c0_g1_i2.p1           0.00%    passed    100.00%
  29  DE69|Cluster-9496.2__TRINITY_DN7858_c0_g1_i15.p1                51.57%    passed     48.37%
  30  DE509|Cluster-3626.0__TRINITY_DN2964_c5_g1_i1.p1                 0.00%    passed    100.00%
  31  DE736|Cluster-8876.0__TRINITY_DN79438_c0_g1_i1.p1                0.00%    passed    100.00%
  32  JJ89|Cluster-30525.0__TRINITY_DN10760_c0_g1_i2.p1                0.00%    passed    100.00%
  33  DE764|Cluster-32787.0__TRINITY_DN4784_c0_g1_i1.p1                0.00%    passed    100.00%
  34  DE672|Cluster-3119.0__TRINITY_DN712_c1_g1_i4.p1                  0.00%    passed    100.00%
  35  DE737|Cluster-8004.0__TRINITY_DN82545_c0_g1_i1.p1                0.00%    passed    100.00%
  36  DE531|Cluster-1337.0__TRINITY_DN8751_c0_g1_i1.p1                 0.00%    passed    100.00%
  37  DE696-nodots|Cluster-45273.0__TRINITY_DN6046_c0_g1_i1.p1         0.00%    passed    100.00%
  38  DE696-dots|Cluster-35095.0__TRINITY_DN5492_c0_g1_i1.p1           0.00%    passed    100.00%
  39  JJ36|Cluster-45064.0__TRINITY_DN6493_c0_g3_i1.p1                 0.00%    passed    100.00%
  40  DE164|Cluster-57531.0__TRINITY_DN12427_c0_g1_i1.p1               0.00%    passed    100.00%
  41  DE643|Cluster-2739.0__TRINITY_DN15487_c0_g1_i1.p1                0.00%    passed    100.00%
  42  DE671|Cluster-8437.0__TRINITY_DN90701_c0_g1_i1.p1                0.00%    passed    100.00%
  43  DE476|Cluster-40692.0__TRINITY_DN77559_c0_g1_i1.p1               0.33%    passed    100.00%
  44  DE550|Cluster-5584.0__TRINITY_DN3672_c0_g1_i1.p1                 0.00%    passed    100.00%
  45  DE541|Cluster-3475.0__TRINITY_DN60158_c0_g1_i1.p1                0.00%    passed    100.00%
  46  DE519|Cluster-33521.0__TRINITY_DN3428_c0_g1_i1.p1                0.00%    passed    100.00%
  47  DE741|Cluster-33263.0__TRINITY_DN10191_c0_g1_i2.p1               0.00%    passed    100.00%
  48  DE560|Cluster-16199.0__TRINITY_DN4073_c0_g1_i2.p1                0.00%    passed    100.00%
  49  DE566|Cluster-31311.2__TRINITY_DN8704_c0_g1_i4.p1                0.00%    passed    100.00%
  50  JJ85|Cluster-38746.0__TRINITY_DN1581_c0_g1_i1.p1                 0.00%    passed    100.00%
  51  DE523|Cluster-46292.0__TRINITY_DN13335_c0_g1_i1.p1               7.60%    passed    100.00%
  52  JJ74|Cluster-9156.0__TRINITY_DN22685_c1_g1_i1.p1                 0.17%    passed    100.00%
  53  DE229|Cluster-5771.0__TRINITY_DN141071_c0_g1_i1.p1               0.00%    passed    100.00%
  54  JJ23|Cluster-44533.0__TRINITY_DN11722_c0_g2_i2.p1                0.00%    passed    100.00%
  55  DE126|Cluster-10806.0__TRINITY_DN3346_c0_g1_i1.p1                0.00%    passed    100.00%
  56  DRR082660|Cluster-43560.0__TRINITY_DN5250_c0_g1_i2.p1            0.00%    passed    100.00%
  57  JJ125|Cluster-34453.0__TRINITY_DN10343_c0_g1_i2.p1               0.00%    passed    100.00%
  58  DE216|Cluster-84545.0__TRINITY_DN4586_c0_g1_i1.p1                0.00%    passed    100.00%
  59  JJ15|Cluster-72845.0__TRINITY_DN71598_c0_g1_i1.p1                0.00%    passed    100.00%
  60  DE542|Cluster-7846.11__TRINITY_DN4679_c0_g1_i5.p1                7.60%    passed    100.00%
  61  DE534|Cluster-15456.0__TRINITY_DN2823_c0_g1_i1.p1                0.00%    passed    100.00%
  62  SRR3407086|Cluster-4624.0__TRINITY_DN91374_c0_g1_i1.p1           0.00%    passed    100.00%
  63  DE503|Cluster-31805.0__TRINITY_DN5256_c0_g2_i1.p1                0.00%    passed    100.00%
  64  DE510|Cluster-25551.0__TRINITY_DN4906_c0_g1_i2.p1               15.04%    passed    100.00%
  65  SRR3407087|Cluster-34230.0__TRINITY_DN15494_c0_g2_i1.p1          0.00%    passed    100.00%
  66  SRR3407094|Cluster-40406.0__TRINITY_DN48524_c0_g1_i1.p1          0.00%    passed    100.00%
  67  SRR3407092|Cluster-18621.0__TRINITY_DN4012_c0_g1_i2.p1           0.00%    passed    100.00%
  68  DE505|Cluster-55141.0__TRINITY_DN2502_c0_g1_i3.p1                7.60%    passed    100.00%
  69  DE181|Cluster-17847.0__TRINITY_DN3733_c1_g1_i4.p1               32.23%    passed     99.99%
  70  SRR3407088|Cluster-22605.0__TRINITY_DN4102_c0_g1_i1.p1           0.00%    passed    100.00%
  71  DE561|Cluster-33489.0__TRINITY_DN41368_c0_g1_i1.p1               0.00%    passed    100.00%
  72  SRR3424066|Cluster-3075.0__TRINITY_DN12092_c0_g1_i3.p1           0.00%    passed    100.00%
  73  SRR3407095|Cluster-49656.0__TRINITY_DN567_c0_g1_i3.p1           26.28%    passed    100.00%
  74  JJ131|Cluster-66838.0__TRINITY_DN2043_c0_g1_i7.p1                2.48%    passed    100.00%
  75  DE536|Cluster-13680.0__TRINITY_DN10811_c0_g2_i6.p1              15.04%    passed    100.00%
  76  SRR3407093|Cluster-27612.0__TRINITY_DN14994_c0_g1_i3.p1         32.40%    passed    100.00%
  77  DRR234970|Cluster-52821.0__TRINITY_DN1046_c0_g1_i1.p1            0.17%    passed    100.00%
  78  SRR5150740|Cluster-68056.0__TRINITY_DN3803_c0_g1_i6.p1          31.07%    passed     97.24%
  79  SRR104381|Cluster-28264.1__TRINITY_DN4447_c0_g1_i2.p1            0.17%    passed    100.00%
WARNING: 1 sequences contain more than 50% gaps/ambiguity
****  TOTAL                                                            3.45%  0 sequences failed composition chi2 test (p-value<5%; df=60)
Reading input tree file tmp.csubst.nwk ... rooted tree

NOTE: 89 MB RAM (0 GB) is required!
Measuring multi-threading efficiency up to 1 CPU cores
2 trees examined
Threads: 1 / Time: 4.904 sec / Speedup: 1.000 / Efficiency: 100% / LogL: -16128
BEST NUMBER OF THREADS: 1

Estimate model parameters (epsilon = 0.010)
1. Initial log-likelihood: -17882.932
2. Current log-likelihood: -10345.713
3. Current log-likelihood: -10345.513
4. Current log-likelihood: -10345.395
5. Current log-likelihood: -10345.307
6. Current log-likelihood: -10345.242
7. Current log-likelihood: -10345.194
8. Current log-likelihood: -10345.158
9. Current log-likelihood: -10345.130
10. Current log-likelihood: -10345.110
11. Current log-likelihood: -10345.093
12. Current log-likelihood: -10345.080
13. Current log-likelihood: -10345.070
Optimal log-likelihood: -10345.061
Nonsynonymous/synonymous ratio (omega): 1.000
Transition/transversion ratio (kappa): 1.000
Site proportion and rates:  (0.619,0.420) (0.237,1.247) (0.111,2.509) (0.033,5.022)
Parameters optimization took 13 rounds (180.653 sec)
Wrote distance file to... 
BEST SCORE FOUND : -10345.061
Ancestral state probabilities printed to /mnt/data0/yue/2026-03-11-protein-convergence/results/OG_4836/csubst_w_s/csubst_input_alignment.fa.state
Empirical proportions for each category: 0.717 0.165 0.089 0.028
Site rates printed to /mnt/data0/yue/2026-03-11-protein-convergence/results/OG_4836/csubst_w_s/csubst_input_alignment.fa.rate
Total tree length: 2.238

Total number of iterations: 0
CPU time used for tree search: 0.000 sec (0h:0m:0s)
Wall-clock time used for tree search: 0.000 sec (0h:0m:0s)
Total CPU time used: 186.192 sec (0h:3m:6s)
Total wall-clock time used: 188.403 sec (0h:3m:8s)

Analysis results written to: 
  IQ-TREE report:                /mnt/data0/yue/2026-03-11-protein-convergence/results/OG_4836/csubst_w_s/csubst_input_alignment.fa.iqtree
  Maximum-likelihood tree:       /mnt/data0/yue/2026-03-11-protein-convergence/results/OG_4836/csubst_w_s/csubst_input_alignment.fa.treefile
  Site-specific rates:           /mnt/data0/yue/2026-03-11-protein-convergence/results/OG_4836/csubst_w_s/csubst_input_alignment.fa.rate
  Ancestral state:               /mnt/data0/yue/2026-03-11-protein-convergence/results/OG_4836/csubst_w_s/csubst_input_alignment.fa.state
  Screen log file:               /mnt/data0/yue/2026-03-11-protein-convergence/results/OG_4836/csubst_w_s/csubst_input_alignment.fa.log

Date and Time: Fri Mar 27 15:34:00 2026
