IQ-TREE multicore version 2.4.0 for Linux x86 64-bit built Feb 12 2025
Developed by Bui Quang Minh, Nguyen Lam Tung, Olga Chernomor, Heiko Schmidt,
Dominik Schrempf, Michael Woodhams, Ly Trong Nhan, Thomas Wong

Host:    brain (AVX2, FMA3, 2015 GB RAM)
Command: /home/yue/miniconda3/envs/py39/bin/iqtree -s /mnt/data0/yue/2026-03-11-protein-convergence/results/OG_5591/csubst_w_s/csubst_input_alignment.fa -te tmp.csubst.nwk -m ECMK07+F+R4 --seqtype CODON1 --threads-max 1 -T AUTO --ancestral --rate --redo
Seed:    225865 (Using SPRNG - Scalable Parallel Random Number Generator)
Time:    Fri Mar 27 18:34:23 2026
Kernel:  AVX+FMA - auto-detect threads (128 CPU cores detected)

Reading alignment file /mnt/data0/yue/2026-03-11-protein-convergence/results/OG_5591/csubst_w_s/csubst_input_alignment.fa ... Fasta format detected
Reading fasta file: done in 0.0021234 secs
Alignment most likely contains DNA/RNA sequences
Converting to codon sequences with genetic code 1 ...
Alignment has 77 sequences with 571 columns, 507 distinct patterns
326 parsimony-informative, 136 singleton sites, 109 constant sites
                                                               Gap/Ambiguity  Composition  p-value
Analyzing sequences: done in 9.93162e-05 secs using 99.68% CPU
   1  DE216|Cluster-53044.1__TRINITY_DN4999_c0_g2_i4.p1                0.00%    passed    100.00%
   2  DE115|Cluster-67904.0__TRINITY_DN12224_c1_g1_i1.p1               0.00%    passed    100.00%
   3  JJ86|Cluster-54756.0__TRINITY_DN4565_c0_g1_i1.p1                 0.00%    passed    100.00%
   4  DE680|Cluster-46293.0__TRINITY_DN10118_c0_g1_i1.p1               0.00%    passed    100.00%
   5  DE126|Cluster-41808.0__TRINITY_DN22548_c0_g1_i3.p1               0.00%    passed    100.00%
   6  DE623|Cluster-35691.0__TRINITY_DN18169_c0_g2_i1.p1               0.00%    passed    100.00%
   7  DE127|Cluster-7153.0__TRINITY_DN2934_c0_g1_i1.p1                 0.00%    passed    100.00%
   8  DE554|Cluster-56563.250__TRINITY_DN1916_c0_g1_i1.p1              0.00%    passed    100.00%
   9  DE666|Cluster-5694.0__TRINITY_DN41938_c0_g1_i1.p1                0.00%    passed    100.00%
  10  DE162|Cluster-24714.0__TRINITY_DN65907_c0_g1_i1.p1               0.00%    passed    100.00%
  11  DE507|Cluster-18374.0__TRINITY_DN6841_c0_g1_i1.p1                0.00%    passed    100.00%
  12  DE528|Cluster-16412.0__TRINITY_DN13850_c0_g1_i1.p1               0.00%    passed    100.00%
  13  DE704-purple|Cluster-60486.0__TRINITY_DN29016_c0_g1_i1.p1        0.00%    passed    100.00%
  14  DE704-white|Cluster-25945.0__TRINITY_DN21302_c1_g1_i1.p1         0.00%    passed    100.00%
  15  DE575|Cluster-18812.0__TRINITY_DN9838_c0_g1_i1.p1                0.00%    passed    100.00%
  16  DE681|Cluster-13916.0__TRINITY_DN12575_c0_g1_i1.p1               0.00%    passed    100.00%
  17  DE765|Cluster-46349.0__TRINITY_DN10388_c0_g1_i1.p1               0.00%    passed    100.00%
  18  DE563|Cluster-10768.0__TRINITY_DN4856_c2_g1_i2.p1                0.00%    passed    100.00%
  19  DE643|Cluster-36580.0__TRINITY_DN9418_c0_g1_i2.p1                0.00%    passed    100.00%
  20  DE546_urceolata_l|Cluster-42212.0__TRINITY_DN6654_c1_g1_i1.p1    0.00%    passed    100.00%
  21  DE152|Cluster-8727.0__TRINITY_DN54575_c0_g1_i1.p1                0.00%    passed    100.00%
  22  JJ99|Cluster-56448.0__TRINITY_DN15774_c0_g1_i1.p1                0.00%    passed    100.00%
  23  JJ23|Cluster-33795.0__TRINITY_DN24349_c0_g1_i1.p1                0.00%    passed    100.00%
  24  DE229|Cluster-79592.0__TRINITY_DN15134_c0_g1_i2.p1               0.00%    passed    100.00%
  25  JJ74|Cluster-80206.0__TRINITY_DN33213_c0_g1_i1.p1                0.00%    passed    100.00%
  26  DE668|Cluster-45960.0__TRINITY_DN8745_c0_g1_i2.p1                0.00%    passed    100.00%
  27  DE566|Cluster-54200.1__TRINITY_DN6690_c0_g1_i3.p1                0.00%    passed    100.00%
  28  DE534|Cluster-13722.0__TRINITY_DN99_c1_g1_i1.p1                  0.00%    passed    100.00%
  29  JJ15|Cluster-41876.0__TRINITY_DN17277_c0_g1_i2.p1                0.00%    passed    100.00%
  30  DE542|Cluster-8249.0__TRINITY_DN18641_c1_g1_i3.p1                0.00%    passed    100.00%
  31  DE536|Cluster-41559.3__TRINITY_DN6246_c1_g1_i1.p1                0.00%    passed    100.00%
  32  JJ131|Cluster-34901.0__TRINITY_DN13429_c0_g1_i1.p1               0.00%    passed    100.00%
  33  SRR3407096|Cluster-12100.0__TRINITY_DN27776_c0_g1_i1.p1          0.00%    passed    100.00%
  34  DE523|Cluster-19148.0__TRINITY_DN4933_c0_g1_i2.p1                0.00%    passed    100.00%
  35  SRR3407088|Cluster-14525.0__TRINITY_DN3087_c1_g1_i1.p1           0.18%    passed    100.00%
  36  DE181|Cluster-40375.0__TRINITY_DN9265_c0_g1_i2.p1                0.00%    passed    100.00%
  37  SRR3407086|Cluster-6700.0__TRINITY_DN2150_c0_g1_i1.p1            0.00%    passed    100.00%
  38  DE503|Cluster-36250.0__TRINITY_DN90656_c0_g1_i1.p1               0.00%    passed    100.00%
  39  DE505|Cluster-39290.0__TRINITY_DN57402_c0_g1_i1.p1               0.00%    passed    100.00%
  40  DE510|Cluster-16857.0__TRINITY_DN1066_c1_g1_i1.p1                0.00%    passed    100.00%
  41  SRR3407087|Cluster-25698.0__TRINITY_DN44312_c0_g1_i1.p1          0.00%    passed    100.00%
  42  SRR3407092|Cluster-4897.0__TRINITY_DN27584_c0_g2_i1.p1           2.63%    passed    100.00%
  43  SRR3407094|Cluster-28350.0__TRINITY_DN48492_c0_g1_i1.p1          0.00%    passed    100.00%
  44  SRR3407093|Cluster-12680.0__TRINITY_DN4787_c1_g1_i1.p1           0.00%    passed    100.00%
  45  SRR3424066|Cluster-22069.0__TRINITY_DN5652_c0_g1_i1.p1           0.00%    passed    100.00%
  46  DE561|Cluster-14978.0__TRINITY_DN12594_c0_g1_i1.p1               0.00%    passed    100.00%
  47  SRR3407095|Cluster-49181.0__TRINITY_DN49636_c0_g1_i1.p1          0.00%    passed    100.00%
  48  DE69|Cluster-39153.0__TRINITY_DN4776_c0_g2_i2.p1                 0.00%    passed    100.00%
  49  DE519|Cluster-67527.0__TRINITY_DN24528_c0_g1_i2.p1               0.18%    passed    100.00%
  50  DE741|Cluster-13353.0__TRINITY_DN2779_c0_g1_i25.p1               0.18%    passed    100.00%
  51  DE560|Cluster-18491.0__TRINITY_DN5888_c0_g1_i1.p1                0.00%    passed    100.00%
  52  DE151|Cluster-13693.0__TRINITY_DN2928_c1_g1_i1.p1                0.00%    passed    100.00%
  53  DE189|Cluster-19384.0__TRINITY_DN57268_c0_g1_i1.p1               0.00%    passed    100.00%
  54  DE173|Cluster-57134.0__TRINITY_DN9887_c0_g1_i1.p1                0.00%    passed    100.00%
  55  JJ109|Cluster-20319.1__TRINITY_DN19140_c1_g2_i3.p1               0.00%    passed    100.00%
  56  JJ130|Cluster-9294.0__TRINITY_DN21704_c1_g1_i1.p1                0.00%    passed    100.00%
  57  DE164|Cluster-14741.0__TRINITY_DN12727_c0_g1_i2.p1               0.00%    passed    100.00%
  58  DE672|Cluster-41064.0__TRINITY_DN44502_c0_g1_i1.p1               0.00%    passed    100.00%
  59  DE671|Cluster-1653.0__TRINITY_DN5116_c1_g3_i2.p1                 0.00%    passed    100.00%
  60  DE88|Cluster-7110.0__TRINITY_DN6851_c0_g1_i1.p1                  0.00%    passed    100.00%
  61  DE476|Cluster-53663.1__TRINITY_DN5360_c0_g1_i1.p1                0.00%    passed    100.00%
  62  DE541|Cluster-2343.0__TRINITY_DN8737_c1_g2_i1.p1                 0.00%    passed    100.00%
  63  JJ89|Cluster-18808.0__TRINITY_DN3726_c0_g1_i1.p1                 0.00%    passed    100.00%
  64  DE764|Cluster-46843.0__TRINITY_DN890_c1_g1_i1.p1                 0.00%    passed    100.00%
  65  DE509|Cluster-7427.0__TRINITY_DN15481_c0_g1_i1.p1                0.00%    passed    100.00%
  66  DE736|Cluster-50798.0__TRINITY_DN5823_c0_g1_i1.p1                0.00%    passed    100.00%
  67  DE737|Cluster-28901.0__TRINITY_DN13371_c0_g1_i2.p1               0.00%    passed    100.00%
  68  DE504|Cluster-26895.0__TRINITY_DN16590_c0_g1_i1.p1               0.00%    passed    100.00%
  69  DE549|Cluster-17694.0__TRINITY_DN2901_c0_g1_i1.p1                0.00%    passed    100.00%
  70  DE550|Cluster-24653.0__TRINITY_DN5368_c0_g1_i2.p1                0.00%    passed    100.00%
  71  JJ125|Cluster-21104.0__TRINITY_DN50979_c0_g1_i2.p1               0.00%    passed    100.00%
  72  JJ85|Cluster-2577.0__TRINITY_DN1316_c0_g1_i1.p1                  0.18%    passed    100.00%
  73  DE531|Cluster-27592.0__TRINITY_DN9178_c1_g1_i1.p1                0.00%    passed    100.00%
  74  DE696-dots|Cluster-13382.0__TRINITY_DN7549_c4_g1_i1.p1           0.00%    passed    100.00%
  75  DE696-nodots|Cluster-12802.0__TRINITY_DN3818_c0_g3_i1.p1         0.00%    passed    100.00%
  76  JJ36|Cluster-18697.1__TRINITY_DN14336_c0_g1_i3.p1                0.00%    passed    100.00%
  77  SRR5150740|Cluster-32304.1__TRINITY_DN6590_c0_g1_i5.p1           0.18%    passed     97.90%
****  TOTAL                                                            0.05%  0 sequences failed composition chi2 test (p-value<5%; df=60)
Reading input tree file tmp.csubst.nwk ... rooted tree

NOTE: 82 MB RAM (0 GB) is required!
Measuring multi-threading efficiency up to 1 CPU cores
2 trees examined
Threads: 1 / Time: 4.778 sec / Speedup: 1.000 / Efficiency: 100% / LogL: -20136
BEST NUMBER OF THREADS: 1

Estimate model parameters (epsilon = 0.010)
1. Initial log-likelihood: -19501.914
2. Current log-likelihood: -12434.997
3. Current log-likelihood: -12418.566
4. Current log-likelihood: -12417.173
5. Current log-likelihood: -12416.388
6. Current log-likelihood: -12415.848
7. Current log-likelihood: -12415.479
8. Current log-likelihood: -12415.220
9. Current log-likelihood: -12415.034
10. Current log-likelihood: -12414.896
Optimal log-likelihood: -12414.887
Nonsynonymous/synonymous ratio (omega): 1.000
Transition/transversion ratio (kappa): 1.000
Site proportion and rates:  (0.542,0.422) (0.408,1.405) (0.048,3.711) (0.002,10.864)
Parameters optimization took 10 rounds (156.844 sec)
Wrote distance file to... 
BEST SCORE FOUND : -12414.887
Ancestral state probabilities printed to /mnt/data0/yue/2026-03-11-protein-convergence/results/OG_5591/csubst_w_s/csubst_input_alignment.fa.state
Empirical proportions for each category: 0.581 0.382 0.035 0.002
Site rates printed to /mnt/data0/yue/2026-03-11-protein-convergence/results/OG_5591/csubst_w_s/csubst_input_alignment.fa.rate
Total tree length: 3.003

Total number of iterations: 0
CPU time used for tree search: 0.000 sec (0h:0m:0s)
Wall-clock time used for tree search: 0.000 sec (0h:0m:0s)
Total CPU time used: 163.905 sec (0h:2m:43s)
Total wall-clock time used: 164.552 sec (0h:2m:44s)

Analysis results written to: 
  IQ-TREE report:                /mnt/data0/yue/2026-03-11-protein-convergence/results/OG_5591/csubst_w_s/csubst_input_alignment.fa.iqtree
  Maximum-likelihood tree:       /mnt/data0/yue/2026-03-11-protein-convergence/results/OG_5591/csubst_w_s/csubst_input_alignment.fa.treefile
  Site-specific rates:           /mnt/data0/yue/2026-03-11-protein-convergence/results/OG_5591/csubst_w_s/csubst_input_alignment.fa.rate
  Ancestral state:               /mnt/data0/yue/2026-03-11-protein-convergence/results/OG_5591/csubst_w_s/csubst_input_alignment.fa.state
  Screen log file:               /mnt/data0/yue/2026-03-11-protein-convergence/results/OG_5591/csubst_w_s/csubst_input_alignment.fa.log

Date and Time: Fri Mar 27 18:37:07 2026
