IQ-TREE multicore version 2.4.0 for Linux x86 64-bit built Feb 12 2025
Developed by Bui Quang Minh, Nguyen Lam Tung, Olga Chernomor, Heiko Schmidt,
Dominik Schrempf, Michael Woodhams, Ly Trong Nhan, Thomas Wong

Host:    brain (AVX2, FMA3, 2015 GB RAM)
Command: /home/yue/miniconda3/envs/py39/bin/iqtree -s /mnt/data0/yue/2026-03-11-protein-convergence/results/OG_6642/csubst_w_s/csubst_input_alignment.fa -te tmp.csubst.nwk -m ECMK07+F+R4 --seqtype CODON1 --threads-max 1 -T AUTO --ancestral --rate --redo
Seed:    853573 (Using SPRNG - Scalable Parallel Random Number Generator)
Time:    Fri Mar 27 22:15:16 2026
Kernel:  AVX+FMA - auto-detect threads (128 CPU cores detected)

Reading alignment file /mnt/data0/yue/2026-03-11-protein-convergence/results/OG_6642/csubst_w_s/csubst_input_alignment.fa ... Fasta format detected
Reading fasta file: done in 0.00352587 secs using 71.93% CPU
Alignment most likely contains DNA/RNA sequences
Converting to codon sequences with genetic code 1 ...
WARNING: 1 sites contain only gaps or ambiguous characters.
Alignment has 77 sequences with 408 columns, 381 distinct patterns
207 parsimony-informative, 112 singleton sites, 89 constant sites
                                                                Gap/Ambiguity  Composition  p-value
Analyzing sequences: done in 0.000184372 secs using 19.53% CPU
   1  DE546_urceolata_l|Cluster-24702.1__TRINITY_DN10025_c0_g1_i3.p1    8.09%    passed    100.00%
   2  DE115|Cluster-55244.2__TRINITY_DN9714_c3_g1_i5.p1                 0.25%    passed    100.00%
   3  DE126|Cluster-36245.1__TRINITY_DN1245_c0_g1_i12.p1                0.25%    passed    100.00%
   4  DE127|Cluster-45046.1__TRINITY_DN2002_c0_g2_i3.p1                 0.25%    passed    100.00%
   5  DE554|Cluster-67484.0__TRINITY_DN6278_c0_g1_i2.p1                 0.25%    passed    100.00%
   6  DE666|Cluster-40509.3__TRINITY_DN1133_c0_g1_i15.p1                0.25%    passed    100.00%
   7  DE162|Cluster-34631.0__TRINITY_DN2670_c0_g1_i4.p1                 0.25%    passed    100.00%
   8  DE507|Cluster-8165.0__TRINITY_DN13743_c0_g1_i2.p1                 0.25%    passed    100.00%
   9  DE528|Cluster-24140.0__TRINITY_DN15564_c0_g1_i3.p1                0.25%    passed    100.00%
  10  DE704-white|Cluster-44812.0__TRINITY_DN19146_c0_g1_i2.p1          0.25%    passed    100.00%
  11  DE704-purple|Cluster-3206.0__TRINITY_DN5080_c0_g2_i1.p1          64.22%    passed     99.63%
  12  JJ86|Cluster-40948.0__TRINITY_DN3049_c0_g3_i1.p1                  0.25%    passed    100.00%
  13  DE151|Cluster-30780.0__TRINITY_DN1095_c1_g1_i1.p1                 0.25%    passed    100.00%
  14  DE173|Cluster-51348.0__TRINITY_DN3489_c0_g2_i1.p1                 0.25%    passed    100.00%
  15  DE189|Cluster-32051.2__TRINITY_DN6893_c1_g1_i6.p1                 0.25%    passed    100.00%
  16  JJ109|Cluster-2207.0__TRINITY_DN618_c3_g1_i1.p1                   0.25%    passed    100.00%
  17  JJ130|Cluster-24084.0__TRINITY_DN7305_c4_g1_i1.p1                 0.25%    passed    100.00%
  18  JJ89|Cluster-29751.0__TRINITY_DN3331_c4_g1_i1.p1                  0.25%    passed    100.00%
  19  DE164|Cluster-32082.0__TRINITY_DN9842_c2_g1_i2.p1                 0.25%    passed     87.38%
  20  DE671|Cluster-29836.0__TRINITY_DN10350_c0_g2_i2.p1                0.25%    passed    100.00%
  21  DE672|Cluster-12609.0__TRINITY_DN10647_c4_g1_i1.p1                0.25%    passed    100.00%
  22  DE549|Cluster-38315.0__TRINITY_DN12909_c1_g1_i2.p1                0.25%    passed    100.00%
  23  DE550|Cluster-48890.0__TRINITY_DN10768_c0_g1_i1.p1                0.25%    passed    100.00%
  24  DE643|Cluster-13178.0__TRINITY_DN19603_c0_g1_i1.p1                0.25%    passed    100.00%
  25  DE764|Cluster-26310.0__TRINITY_DN8650_c0_g1_i1.p1                 0.25%    passed    100.00%
  26  DE531|Cluster-12741.0__TRINITY_DN6750_c0_g1_i1.p1                 0.25%    passed    100.00%
  27  JJ36|Cluster-27655.0__TRINITY_DN11304_c0_g2_i2.p1                 0.25%    passed    100.00%
  28  DE696-dots|Cluster-38799.0__TRINITY_DN7478_c0_g1_i1.p1            0.25%    passed    100.00%
  29  DE696-nodots|Cluster-32888.0__TRINITY_DN6283_c0_g1_i1.p1          0.25%    passed    100.00%
  30  DE216|Cluster-6574.0__TRINITY_DN23184_c3_g1_i1.p1                 0.25%    passed    100.00%
  31  DE536|Cluster-39719.0__TRINITY_DN4732_c1_g1_i1.p1                 0.25%    passed    100.00%
  32  JJ15|Cluster-65343.0__TRINITY_DN7668_c1_g1_i1.p1                  0.25%    passed    100.00%
  33  DE519|Cluster-47392.0__TRINITY_DN2716_c0_g1_i1.p1                 0.25%    passed    100.00%
  34  DE741|Cluster-15787.0__TRINITY_DN1196_c0_g2_i1.p1                 0.25%    passed    100.00%
  35  DE534|Cluster-7265.0__TRINITY_DN6700_c0_g1_i1.p1                  0.25%    passed    100.00%
  36  DE563|Cluster-52281.2__TRINITY_DN2088_c0_g1_i33.p1                0.25%    passed    100.00%
  37  DE623|Cluster-36909.0__TRINITY_DN19700_c0_g1_i2.p1                0.25%    passed    100.00%
  38  DE680|Cluster-45303.0__TRINITY_DN4553_c0_g1_i6.p1                 0.25%    passed    100.00%
  39  DE509|Cluster-901.0__TRINITY_DN7326_c1_g1_i1.p1                   0.25%    passed    100.00%
  40  DE736|Cluster-37505.0__TRINITY_DN853_c1_g2_i1.p1                  0.25%    passed    100.00%
  41  DE737|Cluster-39478.0__TRINITY_DN9447_c0_g1_i1.p1                 0.25%    passed    100.00%
  42  DE476|Cluster-60208.0__TRINITY_DN11673_c1_g1_i1.p1                0.25%    passed    100.00%
  43  DE541|Cluster-17539.0__TRINITY_DN26786_c0_g1_i1.p1                0.25%    passed    100.00%
  44  DE560|Cluster-3973.0__TRINITY_DN14422_c1_g1_i1.p1                 0.25%    passed    100.00%
  45  DE542|Cluster-29780.0__TRINITY_DN9011_c0_g1_i2.p1                 0.25%    passed    100.00%
  46  DE523|Cluster-33280.0__TRINITY_DN4155_c1_g1_i1.p1                 0.25%    passed    100.00%
  47  DE765|Cluster-50738.0__TRINITY_DN16436_c0_g2_i1.p1                0.25%    passed    100.00%
  48  DE575|Cluster-16244.0__TRINITY_DN13999_c1_g1_i1.p1                0.25%    passed    100.00%
  49  DE681|Cluster-54368.0__TRINITY_DN11768_c0_g3_i2.p1                0.25%    passed    100.00%
  50  SRR3407096|Cluster-9919.0__TRINITY_DN2556_c1_g1_i1.p1             0.25%    passed    100.00%
  51  SRR3407094|Cluster-40054.0__TRINITY_DN5226_c0_g1_i1.p1            0.25%    passed    100.00%
  52  DE503|Cluster-35264.0__TRINITY_DN6829_c2_g1_i1.p1                 0.25%    passed    100.00%
  53  SRR3407092|Cluster-29436.0__TRINITY_DN6713_c0_g3_i1.p1            0.25%    passed    100.00%
  54  SRR3407093|Cluster-23823.0__TRINITY_DN6508_c0_g2_i1.p1            0.25%    passed    100.00%
  55  DE510|Cluster-27346.0__TRINITY_DN17013_c0_g1_i1.p1                0.25%    passed    100.00%
  56  SRR3407087|Cluster-24541.0__TRINITY_DN7096_c0_g3_i1.p1            0.25%    passed    100.00%
  57  DE181|Cluster-16592.0__TRINITY_DN4926_c0_g2_i1.p1                 0.25%    passed    100.00%
  58  SRR3424066|Cluster-22902.0__TRINITY_DN3478_c0_g2_i1.p1            0.25%    passed    100.00%
  59  SRR3407086|Cluster-14506.0__TRINITY_DN14038_c2_g2_i1.p1           0.25%    passed    100.00%
  60  DE505|Cluster-9546.0__TRINITY_DN23474_c0_g1_i3.p1                23.77%    passed     98.95%
  61  SRR3407088|Cluster-10025.0__TRINITY_DN41790_c0_g1_i1.p1           3.43%    passed    100.00%
  62  SRR3407095|Cluster-6048.0__TRINITY_DN8968_c0_g1_i1.p1             0.25%    passed    100.00%
  63  DE69|Cluster-1913.0__TRINITY_DN3212_c1_g2_i1.p1                   0.25%    passed    100.00%
  64  JJ85|Cluster-40760.1__TRINITY_DN5066_c0_g2_i3.p1                  0.25%    passed    100.00%
  65  JJ125|Cluster-6122.0__TRINITY_DN37166_c0_g1_i1.p1                 0.25%    passed    100.00%
  66  DRR082660|Cluster-46188.0__TRINITY_DN5117_c1_g1_i1.p1             0.25%    passed    100.00%
  67  DE668|Cluster-53754.2__TRINITY_DN2667_c0_g1_i16.p1                0.25%    passed    100.00%
  68  DE229|Cluster-98999.1__TRINITY_DN15973_c0_g2_i3.p1                0.25%    passed    100.00%
  69  JJ74|Cluster-118391.0__TRINITY_DN5177_c0_g2_i1.p1                 0.25%    passed    100.00%
  70  DE88|Cluster-27399.0__TRINITY_DN5263_c1_g1_i2.p1                  0.25%    passed    100.00%
  71  DE504|Cluster-33006.0__TRINITY_DN9648_c1_g1_i1.p1                 0.25%    passed    100.00%
  72  DE152|Cluster-26993.0__TRINITY_DN8252_c1_g2_i1.p1                 0.25%    passed     57.06%
  73  JJ99|Cluster-51050.1__TRINITY_DN466_c3_g1_i4.p1                   0.25%    passed    100.00%
  74  DE566|Cluster-45896.1__TRINITY_DN15325_c0_g2_i2.p1                0.25%    passed    100.00%
  75  JJ23|Cluster-30088.1__TRINITY_DN5626_c0_g1_i13.p1                 2.21%    passed    100.00%
  76  DE561|Cluster-40547.0__TRINITY_DN4351_c0_g1_i15.p1               24.51%    passed    100.00%
  77  SRR5150740|Cluster-61195.0__TRINITY_DN9976_c0_g1_i3.p1            0.25%    passed     31.27%
WARNING: 1 sequences contain more than 50% gaps/ambiguity
****  TOTAL                                                             1.87%  0 sequences failed composition chi2 test (p-value<5%; df=60)
WARNING: States(s) CGC rarely appear in alignment and may cause numerical problems
Reading input tree file tmp.csubst.nwk ... rooted tree

NOTE: 64 MB RAM (0 GB) is required!
Measuring multi-threading efficiency up to 1 CPU cores
2 trees examined
Threads: 1 / Time: 3.349 sec / Speedup: 1.000 / Efficiency: 100% / LogL: -11842
BEST NUMBER OF THREADS: 1

Estimate model parameters (epsilon = 0.010)
1. Initial log-likelihood: -12842.723
2. Current log-likelihood: -8341.858
3. Current log-likelihood: -8340.772
4. Current log-likelihood: -8340.326
5. Current log-likelihood: -8340.133
6. Current log-likelihood: -8340.040
7. Current log-likelihood: -8339.991
8. Current log-likelihood: -8339.962
9. Current log-likelihood: -8339.945
10. Current log-likelihood: -8339.933
Optimal log-likelihood: -8339.926
Nonsynonymous/synonymous ratio (omega): 1.000
Transition/transversion ratio (kappa): 1.000
Site proportion and rates:  (0.705,0.441) (0.162,1.576) (0.089,2.267) (0.044,5.328)
Parameters optimization took 10 rounds (94.925 sec)
Wrote distance file to... 
BEST SCORE FOUND : -8339.926
Ancestral state probabilities printed to /mnt/data0/yue/2026-03-11-protein-convergence/results/OG_6642/csubst_w_s/csubst_input_alignment.fa.state
Empirical proportions for each category: 0.775 0.135 0.044 0.047
Site rates printed to /mnt/data0/yue/2026-03-11-protein-convergence/results/OG_6642/csubst_w_s/csubst_input_alignment.fa.rate
Total tree length: 3.228

Total number of iterations: 0
CPU time used for tree search: 0.000 sec (0h:0m:0s)
Wall-clock time used for tree search: 0.000 sec (0h:0m:0s)
Total CPU time used: 99.944 sec (0h:1m:39s)
Total wall-clock time used: 100.193 sec (0h:1m:40s)

Analysis results written to: 
  IQ-TREE report:                /mnt/data0/yue/2026-03-11-protein-convergence/results/OG_6642/csubst_w_s/csubst_input_alignment.fa.iqtree
  Maximum-likelihood tree:       /mnt/data0/yue/2026-03-11-protein-convergence/results/OG_6642/csubst_w_s/csubst_input_alignment.fa.treefile
  Site-specific rates:           /mnt/data0/yue/2026-03-11-protein-convergence/results/OG_6642/csubst_w_s/csubst_input_alignment.fa.rate
  Ancestral state:               /mnt/data0/yue/2026-03-11-protein-convergence/results/OG_6642/csubst_w_s/csubst_input_alignment.fa.state
  Screen log file:               /mnt/data0/yue/2026-03-11-protein-convergence/results/OG_6642/csubst_w_s/csubst_input_alignment.fa.log

Date and Time: Fri Mar 27 22:16:57 2026
