IQ-TREE multicore version 2.4.0 for Linux x86 64-bit built Feb 12 2025
Developed by Bui Quang Minh, Nguyen Lam Tung, Olga Chernomor, Heiko Schmidt,
Dominik Schrempf, Michael Woodhams, Ly Trong Nhan, Thomas Wong

Host:    brain (AVX2, FMA3, 2015 GB RAM)
Command: /home/yue/miniconda3/envs/py39/bin/iqtree -s /mnt/data0/yue/2026-03-11-protein-convergence/results/OG_6918/csubst_w_s/csubst_input_alignment.fa -te tmp.csubst.nwk -m ECMK07+F+R4 --seqtype CODON1 --threads-max 1 -T AUTO --ancestral --rate --redo
Seed:    573538 (Using SPRNG - Scalable Parallel Random Number Generator)
Time:    Fri Mar 27 23:07:34 2026
Kernel:  AVX+FMA - auto-detect threads (128 CPU cores detected)

Reading alignment file /mnt/data0/yue/2026-03-11-protein-convergence/results/OG_6918/csubst_w_s/csubst_input_alignment.fa ... Fasta format detected
Reading fasta file: done in 0.00306301 secs using 47.08% CPU
Alignment most likely contains DNA/RNA sequences
Converting to codon sequences with genetic code 1 ...
Alignment has 75 sequences with 471 columns, 417 distinct patterns
254 parsimony-informative, 106 singleton sites, 111 constant sites
                                                               Gap/Ambiguity  Composition  p-value
Analyzing sequences: done in 0.000149414 secs using 99.05% CPU
   1  JJ23|Cluster-43365.0__TRINITY_DN8495_c1_g1_i3.p1                 1.70%    passed    100.00%
   2  DE623|Cluster-13964.0__TRINITY_DN2958_c0_g1_i1.p1                0.85%    passed    100.00%
   3  DE680|Cluster-34139.0__TRINITY_DN3776_c0_g1_i1.p1                0.85%    passed    100.00%
   4  DE765|Cluster-54133.0__TRINITY_DN3164_c0_g1_i4.p1                0.85%    passed    100.00%
   5  DE575|Cluster-34639.0__TRINITY_DN4028_c0_g1_i2.p1                0.21%    passed    100.00%
   6  JJ86|Cluster-22495.0__TRINITY_DN6121_c0_g1_i3.p1                 0.21%    passed    100.00%
   7  DE546_urceolata_l|Cluster-33963.0__TRINITY_DN8588_c0_g1_i1.p1    2.55%    passed    100.00%
   8  DE668|Cluster-59838.1__TRINITY_DN7425_c0_g2_i1.p1                0.42%    passed    100.00%
   9  DE566|Cluster-51278.3__TRINITY_DN6584_c0_g1_i3.p1               17.41%    passed    100.00%
  10  DE536|Cluster-32140.0__TRINITY_DN5646_c0_g1_i2.p1               18.68%    passed    100.00%
  11  DE560|Cluster-19706.0__TRINITY_DN6537_c0_g1_i2.p1               18.90%    passed    100.00%
  12  DE69|Cluster-48545.0__TRINITY_DN3016_c0_g1_i5.p1                18.68%    passed    100.00%
  13  DE181|Cluster-37140.0__TRINITY_DN5164_c0_g1_i4.p1                1.70%    passed    100.00%
  14  SRR3407092|Cluster-14744.1__TRINITY_DN11943_c0_g1_i3.p1          0.00%    passed    100.00%
  15  DE510|Cluster-30535.0__TRINITY_DN5370_c0_g1_i3.p1                0.00%    passed    100.00%
  16  DE519|Cluster-75407.0__TRINITY_DN5185_c0_g1_i2.p1                0.00%    passed    100.00%
  17  DE741|Cluster-182.0__TRINITY_DN8725_c0_g1_i3.p1                  0.00%    passed    100.00%
  18  DE164|Cluster-17855.0__TRINITY_DN4816_c0_g1_i4.p1                0.21%    passed    100.00%
  19  DE88|Cluster-37052.0__TRINITY_DN9102_c0_g1_i1.p1                 0.21%    passed    100.00%
  20  DE550|Cluster-29258.0__TRINITY_DN13149_c0_g1_i3.p1               0.21%    passed    100.00%
  21  DE737|Cluster-41355.0__TRINITY_DN16340_c0_g1_i6.p1               0.00%    passed    100.00%
  22  DE671|Cluster-48884.0__TRINITY_DN3539_c0_g1_i1.p1               18.68%    passed    100.00%
  23  JJ131|Cluster-54948.0__TRINITY_DN2787_c0_g1_i19.p1               0.00%    passed    100.00%
  24  JJ74|Cluster-71889.0__TRINITY_DN8290_c0_g2_i8.p1                 0.42%    passed    100.00%
  25  DRR234970|Cluster-36296.0__TRINITY_DN32010_c0_g1_i1.p1           3.82%    passed     99.96%
  26  DE173|Cluster-25092.0__TRINITY_DN1928_c0_g1_i5.p1                0.85%    passed    100.00%
  27  DE189|Cluster-36731.0__TRINITY_DN10257_c0_g1_i1.p1               0.85%    passed    100.00%
  28  SRR3424066|Cluster-34772.0__TRINITY_DN9844_c0_g1_i2.p1           0.00%    passed    100.00%
  29  DE561|Cluster-46150.0__TRINITY_DN192_c0_g1_i2.p1                 0.00%    passed    100.00%
  30  DE643|Cluster-59540.2__TRINITY_DN3014_c0_g1_i6.p1                0.00%    passed    100.00%
  31  DE672|Cluster-48222.0__TRINITY_DN2329_c0_g1_i4.p1                0.00%    passed    100.00%
  32  DE216|Cluster-79932.0__TRINITY_DN7815_c0_g1_i2.p1               18.68%    passed    100.00%
  33  JJ15|Cluster-30192.0__TRINITY_DN9816_c0_g1_i11.p1               18.68%    passed    100.00%
  34  DE162|Cluster-49516.0__TRINITY_DN7797_c0_g1_i1.p1                0.21%    passed    100.00%
  35  DE704-purple|Cluster-29067.0__TRINITY_DN3623_c0_g1_i3.p1         0.21%    passed    100.00%
  36  DE507|Cluster-76314.0__TRINITY_DN3110_c0_g1_i6.p1                0.21%    passed    100.00%
  37  DE528|Cluster-28208.0__TRINITY_DN6699_c0_g1_i4.p1                0.21%    passed    100.00%
  38  DE704-white|Cluster-21621.0__TRINITY_DN5412_c0_g1_i1.p1         18.90%    passed    100.00%
  39  DE531|Cluster-53817.0__TRINITY_DN917_c0_g1_i5.p1                 2.55%    passed    100.00%
  40  DE696-dots|Cluster-44830.0__TRINITY_DN14333_c0_g1_i7.p1          0.00%    passed    100.00%
  41  DE696-nodots|Cluster-34081.0__TRINITY_DN10267_c0_g1_i1.p1       18.68%    passed    100.00%
  42  JJ36|Cluster-19253.0__TRINITY_DN8003_c0_g1_i3.p1                18.68%    passed    100.00%
  43  DE126|Cluster-44166.0__TRINITY_DN13550_c0_g1_i2.p1               0.21%    passed    100.00%
  44  DE151|Cluster-21046.0__TRINITY_DN15030_c1_g1_i2.p1               0.85%    passed    100.00%
  45  JJ109|Cluster-39223.0__TRINITY_DN3402_c0_g1_i2.p1               19.53%    passed    100.00%
  46  JJ130|Cluster-42247.0__TRINITY_DN1998_c0_g1_i4.p1               19.53%    passed    100.00%
  47  DE476|Cluster-24746.0__TRINITY_DN2668_c0_g1_i2.p1               19.11%    passed    100.00%
  48  DE509|Cluster-44492.0__TRINITY_DN2604_c0_g1_i1.p1               18.90%    passed    100.00%
  49  DE549|Cluster-46336.0__TRINITY_DN5985_c0_g1_i2.p1               19.32%    passed    100.00%
  50  DE541|Cluster-23122.0__TRINITY_DN4910_c0_g1_i1.p1               18.90%    passed    100.00%
  51  JJ89|Cluster-20844.0__TRINITY_DN10132_c0_g1_i1.p1               18.90%    passed    100.00%
  52  DE115|Cluster-36675.0__TRINITY_DN15260_c0_g1_i2.p1               0.21%    passed    100.00%
  53  DE127|Cluster-19463.0__TRINITY_DN4703_c0_g1_i3.p1                0.42%    passed    100.00%
  54  DE554|Cluster-44291.0__TRINITY_DN5127_c0_g1_i3.p1                0.21%    passed    100.00%
  55  DE666|Cluster-25554.0__TRINITY_DN3536_c0_g1_i1.p1                0.21%    passed    100.00%
  56  DE563|Cluster-27731.0__TRINITY_DN5515_c0_g1_i1.p1                0.21%    passed    100.00%
  57  DE229|Cluster-76742.0__TRINITY_DN3790_c0_g1_i4.p1                0.21%    passed    100.00%
  58  JJ99|Cluster-55023.1__TRINITY_DN1709_c0_g1_i5.p1                 0.21%    passed     90.03%
  59  DE681|Cluster-42968.0__TRINITY_DN3050_c0_g1_i2.p1               19.96%    passed    100.00%
  60  JJ125|Cluster-35955.1__TRINITY_DN8211_c0_g2_i4.p1                0.00%    passed    100.00%
  61  DE534|Cluster-69111.0__TRINITY_DN5302_c0_g1_i4.p1               19.75%    passed    100.00%
  62  DE542|Cluster-40305.0__TRINITY_DN753_c0_g2_i2.p1                 0.00%    passed    100.00%
  63  SRR3407096|Cluster-22656.0__TRINITY_DN17844_c0_g1_i1.p1          0.00%    passed    100.00%
  64  DE523|Cluster-28454.0__TRINITY_DN4271_c0_g1_i4.p1                0.00%    passed    100.00%
  65  SRR3407095|Cluster-52770.0__TRINITY_DN6458_c0_g1_i1.p1           0.00%    passed    100.00%
  66  SRR3407086|Cluster-29613.0__TRINITY_DN61147_c0_g2_i1.p1          0.00%    passed    100.00%
  67  SRR3407094|Cluster-10500.0__TRINITY_DN4250_c0_g1_i6.p1           0.00%    passed    100.00%
  68  DE503|Cluster-57156.0__TRINITY_DN4723_c0_g1_i3.p1                0.00%    passed    100.00%
  69  SRR3407087|Cluster-20451.0__TRINITY_DN6859_c0_g1_i5.p1           0.00%    passed    100.00%
  70  SRR3407093|Cluster-10744.1__TRINITY_DN14938_c0_g1_i6.p1          0.00%    passed    100.00%
  71  DE505|Cluster-57421.0__TRINITY_DN4965_c0_g1_i3.p1                0.00%    passed    100.00%
  72  JJ85|Cluster-35560.0__TRINITY_DN6761_c0_g1_i1.p1                18.68%    passed    100.00%
  73  DE504|Cluster-54226.0__TRINITY_DN4094_c0_g1_i3.p1                2.76%    passed    100.00%
  74  DE736|Cluster-38918.0__TRINITY_DN2467_c0_g1_i1.p1                0.42%    passed    100.00%
  75  DE152|Cluster-38754.0__TRINITY_DN1946_c0_g1_i8.p1               18.90%    passed    100.00%
****  TOTAL                                                            5.64%  0 sequences failed composition chi2 test (p-value<5%; df=60)
Reading input tree file tmp.csubst.nwk ... rooted tree

NOTE: 67 MB RAM (0 GB) is required!
Measuring multi-threading efficiency up to 1 CPU cores
2 trees examined
Threads: 1 / Time: 3.779 sec / Speedup: 1.000 / Efficiency: 100% / LogL: -17063
BEST NUMBER OF THREADS: 1

Estimate model parameters (epsilon = 0.010)
1. Initial log-likelihood: -15951.663
2. Current log-likelihood: -11360.696
3. Current log-likelihood: -11327.389
4. Current log-likelihood: -11325.220
5. Current log-likelihood: -11317.125
6. Current log-likelihood: -11315.838
7. Current log-likelihood: -11315.232
8. Current log-likelihood: -11314.974
9. Current log-likelihood: -11314.872
10. Current log-likelihood: -11314.833
11. Current log-likelihood: -11314.819
Optimal log-likelihood: -11314.814
Nonsynonymous/synonymous ratio (omega): 1.000
Transition/transversion ratio (kappa): 1.000
Site proportion and rates:  (0.538,0.236) (0.354,1.061) (0.085,3.001) (0.023,10.392)
Parameters optimization took 11 rounds (124.134 sec)
Wrote distance file to... 
BEST SCORE FOUND : -11314.814
Ancestral state probabilities printed to /mnt/data0/yue/2026-03-11-protein-convergence/results/OG_6918/csubst_w_s/csubst_input_alignment.fa.state
Empirical proportions for each category: 0.569 0.333 0.074 0.023
Site rates printed to /mnt/data0/yue/2026-03-11-protein-convergence/results/OG_6918/csubst_w_s/csubst_input_alignment.fa.rate
Total tree length: 4.243

Total number of iterations: 0
CPU time used for tree search: 0.000 sec (0h:0m:0s)
Wall-clock time used for tree search: 0.000 sec (0h:0m:0s)
Total CPU time used: 129.948 sec (0h:2m:9s)
Total wall-clock time used: 130.146 sec (0h:2m:10s)

Analysis results written to: 
  IQ-TREE report:                /mnt/data0/yue/2026-03-11-protein-convergence/results/OG_6918/csubst_w_s/csubst_input_alignment.fa.iqtree
  Maximum-likelihood tree:       /mnt/data0/yue/2026-03-11-protein-convergence/results/OG_6918/csubst_w_s/csubst_input_alignment.fa.treefile
  Site-specific rates:           /mnt/data0/yue/2026-03-11-protein-convergence/results/OG_6918/csubst_w_s/csubst_input_alignment.fa.rate
  Ancestral state:               /mnt/data0/yue/2026-03-11-protein-convergence/results/OG_6918/csubst_w_s/csubst_input_alignment.fa.state
  Screen log file:               /mnt/data0/yue/2026-03-11-protein-convergence/results/OG_6918/csubst_w_s/csubst_input_alignment.fa.log

Date and Time: Fri Mar 27 23:09:44 2026
