IQ-TREE multicore version 2.4.0 for Linux x86 64-bit built Feb 12 2025
Developed by Bui Quang Minh, Nguyen Lam Tung, Olga Chernomor, Heiko Schmidt,
Dominik Schrempf, Michael Woodhams, Ly Trong Nhan, Thomas Wong

Host:    brain (AVX2, FMA3, 2015 GB RAM)
Command: /home/yue/miniconda3/envs/py39/bin/iqtree -s /mnt/data0/yue/2026-03-11-protein-convergence/results/OG_10338/csubst_w_s/csubst_input_alignment.fa -te tmp.csubst.nwk -m ECMK07+F+R4 --seqtype CODON1 --threads-max 1 -T AUTO --ancestral --rate --redo
Seed:    61159 (Using SPRNG - Scalable Parallel Random Number Generator)
Time:    Thu Mar 26 20:42:45 2026
Kernel:  AVX+FMA - auto-detect threads (128 CPU cores detected)

Reading alignment file /mnt/data0/yue/2026-03-11-protein-convergence/results/OG_10338/csubst_w_s/csubst_input_alignment.fa ... Fasta format detected
Reading fasta file: done in 0.000924766 secs
Alignment most likely contains DNA/RNA sequences
Converting to codon sequences with genetic code 1 ...
Alignment has 49 sequences with 364 columns, 351 distinct patterns
159 parsimony-informative, 126 singleton sites, 79 constant sites
                                                                Gap/Ambiguity  Composition  p-value
Analyzing sequences: done in 4.59999e-05 secs using 100% CPU
   1  JJ99|Cluster-37941.7__TRINITY_DN6331_c0_g1_i4.p1                  6.32%    passed    100.00%
   2  DE666|Cluster-45068.0__TRINITY_DN3543_c0_g1_i4.p1                28.30%    passed    100.00%
   3  JJ23|Cluster-40320.0__TRINITY_DN1489_c0_g1_i10.p1                21.70%    passed    100.00%
   4  SRR3407093|Cluster-18961.0__TRINITY_DN4931_c0_g1_i3.p1           22.80%    passed    100.00%
   5  DE546_urceolata_l|Cluster-46624.0__TRINITY_DN13389_c0_g1_i2.p1    0.00%    passed    100.00%
   6  SRR3407088|Cluster-27377.0__TRINITY_DN11999_c0_g1_i1.p1           1.37%    passed    100.00%
   7  SRR3424066|Cluster-35487.0__TRINITY_DN11068_c0_g1_i2.p1           1.37%    passed    100.00%
   8  SRR3407094|Cluster-35980.0__TRINITY_DN10462_c0_g1_i1.p1           1.37%    passed    100.00%
   9  DE88|Cluster-11811.1__TRINITY_DN10171_c0_g2_i1.p1                 0.82%    passed    100.00%
  10  JJ109|Cluster-25241.0__TRINITY_DN9236_c0_g1_i2.p1                 0.82%    passed    100.00%
  11  DE126|Cluster-20319.0__TRINITY_DN10939_c0_g1_i2.p1                0.00%    passed    100.00%
  12  DE563|Cluster-11724.0__TRINITY_DN12943_c0_g1_i1.p1                0.00%    passed    100.00%
  13  DE534|Cluster-26116.1__TRINITY_DN3575_c0_g1_i39.p1               36.81%    passed     95.54%
  14  JJ15|Cluster-75893.0__TRINITY_DN1361_c1_g1_i5.p1                 14.84%    passed    100.00%
  15  DRR082660|Cluster-26247.0__TRINITY_DN6739_c0_g1_i1.p1             0.00%    passed    100.00%
  16  DE672|Cluster-37876.0__TRINITY_DN7950_c0_g1_i16.p1               15.66%    passed    100.00%
  17  DE519|Cluster-53278.1__TRINITY_DN2189_c1_g1_i21.p1               13.46%    passed    100.00%
  18  DE741|Cluster-29501.16__TRINITY_DN9210_c0_g1_i53.p1              14.84%    passed    100.00%
  19  JJ125|Cluster-14284.0__TRINITY_DN4504_c0_g1_i3.p1                13.46%    passed    100.00%
  20  SRR3407095|Cluster-4919.0__TRINITY_DN9237_c0_g1_i1.p1             0.00%    passed    100.00%
  21  DE69|Cluster-32850.0__TRINITY_DN3253_c2_g1_i2.p1                  0.00%    passed    100.00%
  22  DE643|Cluster-52798.11__TRINITY_DN2784_c0_g1_i21.p1               0.82%    passed    100.00%
  23  DE189|Cluster-40509.0__TRINITY_DN4502_c0_g1_i11.p1               15.66%    passed    100.00%
  24  DE476|Cluster-59043.5__TRINITY_DN3330_c0_g2_i3.p1                34.62%    passed     99.98%
  25  DE671|Cluster-55633.0__TRINITY_DN44354_c0_g1_i6.p1               15.66%    passed    100.00%
  26  DE127|Cluster-47236.0__TRINITY_DN4289_c0_g2_i3.p1                49.73%    passed     99.99%
  27  DE554|Cluster-5951.1__TRINITY_DN2756_c0_g1_i22.p1                34.62%    passed    100.00%
  28  DE162|Cluster-38678.3__TRINITY_DN6320_c0_g1_i21.p1               14.84%    passed    100.00%
  29  DE531|Cluster-43293.0__TRINITY_DN5588_c0_g1_i2.p1                15.66%    passed    100.00%
  30  DE696-nodots|Cluster-59949.2__TRINITY_DN11875_c0_g1_i12.p1        0.82%    passed    100.00%
  31  JJ36|Cluster-28488.0__TRINITY_DN11781_c0_g1_i3.p1                 0.82%    passed    100.00%
  32  DE623|Cluster-32039.0__TRINITY_DN8887_c0_g1_i2.p1                28.02%    passed    100.00%
  33  DE680|Cluster-47881.0__TRINITY_DN3691_c0_g1_i1.p1                28.30%    passed    100.00%
  34  DE566|Cluster-44953.0__TRINITY_DN23133_c0_g1_i29.p1              41.21%    passed     99.99%
  35  DE668|Cluster-7035.0__TRINITY_DN15086_c0_g1_i3.p1                29.40%    passed    100.00%
  36  DE152|Cluster-32051.1__TRINITY_DN12830_c0_g1_i13.p1              28.02%    passed    100.00%
  37  DE164|Cluster-50366.0__TRINITY_DN17002_c0_g1_i16.p1              46.43%    passed     99.98%
  38  DE504|Cluster-17435.0__TRINITY_DN5555_c0_g1_i4.p1                46.43%    passed     99.96%
  39  DE549|Cluster-24638.0__TRINITY_DN14792_c0_g1_i19.p1              46.43%    passed     99.74%
  40  DE509|Cluster-13972.0__TRINITY_DN7941_c1_g1_i8.p1                46.43%    passed     99.98%
  41  DE541|Cluster-12403.0__TRINITY_DN13400_c0_g1_i2.p1               46.43%    passed     99.93%
  42  DE503|Cluster-38801.0__TRINITY_DN12334_c1_g1_i18.p1              21.43%    passed    100.00%
  43  DE505|Cluster-14955.1__TRINITY_DN10844_c0_g1_i7.p1               21.43%    passed    100.00%
  44  SRR3407092|Cluster-26304.0__TRINITY_DN3373_c0_g1_i2.p1            0.00%    passed    100.00%
  45  DE229|Cluster-94735.0__TRINITY_DN18379_c0_g1_i13.p1              28.02%    passed    100.00%
  46  SRR11748982|Cluster-37890.0__TRINITY_DN3554_c1_g1_i8.p1          27.20%    passed     99.80%
  47  SRR5150740|Cluster-36411.0__TRINITY_DN22775_c0_g1_i1.p1           4.12%    passed    100.00%
  48  SRR104381|Cluster-14745.0__TRINITY_DN12804_c0_g1_i1.p1           11.81%    passed     85.90%
  49  DE151|Cluster-7866.8__TRINITY_DN7890_c0_g1_i17.p1                59.07%    passed      7.32%
WARNING: 1 sequences contain more than 50% gaps/ambiguity
****  TOTAL                                                            19.13%  0 sequences failed composition chi2 test (p-value<5%; df=60)
Reading input tree file tmp.csubst.nwk ... rooted tree

NOTE: 38 MB RAM (0 GB) is required!
Measuring multi-threading efficiency up to 1 CPU cores
2 trees examined
Threads: 1 / Time: 2.162 sec / Speedup: 1.000 / Efficiency: 100% / LogL: -8267
BEST NUMBER OF THREADS: 1

Estimate model parameters (epsilon = 0.010)
1. Initial log-likelihood: -8711.260
2. Current log-likelihood: -6694.141
3. Current log-likelihood: -6693.959
4. Current log-likelihood: -6693.882
5. Current log-likelihood: -6693.836
6. Current log-likelihood: -6693.808
7. Current log-likelihood: -6693.791
8. Current log-likelihood: -6693.781
Optimal log-likelihood: -6693.774
Nonsynonymous/synonymous ratio (omega): 1.000
Transition/transversion ratio (kappa): 1.000
Site proportion and rates:  (0.552,0.373) (0.293,0.921) (0.100,2.915) (0.055,4.264)
Parameters optimization took 8 rounds (44.504 sec)
Wrote distance file to... 
BEST SCORE FOUND : -6693.774
Ancestral state probabilities printed to /mnt/data0/yue/2026-03-11-protein-convergence/results/OG_10338/csubst_w_s/csubst_input_alignment.fa.state
Empirical proportions for each category: 0.651 0.203 0.115 0.030
Site rates printed to /mnt/data0/yue/2026-03-11-protein-convergence/results/OG_10338/csubst_w_s/csubst_input_alignment.fa.rate
Total tree length: 4.622

Total number of iterations: 0
CPU time used for tree search: 0.000 sec (0h:0m:0s)
Wall-clock time used for tree search: 0.000 sec (0h:0m:0s)
Total CPU time used: 47.723 sec (0h:0m:47s)
Total wall-clock time used: 47.785 sec (0h:0m:47s)

Analysis results written to: 
  IQ-TREE report:                /mnt/data0/yue/2026-03-11-protein-convergence/results/OG_10338/csubst_w_s/csubst_input_alignment.fa.iqtree
  Maximum-likelihood tree:       /mnt/data0/yue/2026-03-11-protein-convergence/results/OG_10338/csubst_w_s/csubst_input_alignment.fa.treefile
  Site-specific rates:           /mnt/data0/yue/2026-03-11-protein-convergence/results/OG_10338/csubst_w_s/csubst_input_alignment.fa.rate
  Ancestral state:               /mnt/data0/yue/2026-03-11-protein-convergence/results/OG_10338/csubst_w_s/csubst_input_alignment.fa.state
  Screen log file:               /mnt/data0/yue/2026-03-11-protein-convergence/results/OG_10338/csubst_w_s/csubst_input_alignment.fa.log

Date and Time: Thu Mar 26 20:43:32 2026
