IQ-TREE multicore version 2.4.0 for Linux x86 64-bit built Feb 12 2025
Developed by Bui Quang Minh, Nguyen Lam Tung, Olga Chernomor, Heiko Schmidt,
Dominik Schrempf, Michael Woodhams, Ly Trong Nhan, Thomas Wong

Host:    brain (AVX2, FMA3, 2015 GB RAM)
Command: /home/yue/miniconda3/envs/py39/bin/iqtree -s /mnt/data0/yue/2026-03-11-protein-convergence/results/OG_6424/csubst_w_s/csubst_input_alignment.fa -te tmp.csubst.nwk -m ECMK07+F+R4 --seqtype CODON1 --threads-max 1 -T AUTO --ancestral --rate --redo
Seed:    154833 (Using SPRNG - Scalable Parallel Random Number Generator)
Time:    Fri Mar 27 21:28:22 2026
Kernel:  AVX+FMA - auto-detect threads (128 CPU cores detected)

Reading alignment file /mnt/data0/yue/2026-03-11-protein-convergence/results/OG_6424/csubst_w_s/csubst_input_alignment.fa ... Fasta format detected
Reading fasta file: done in 0.00531086 secs using 27.49% CPU
Alignment most likely contains DNA/RNA sequences
Converting to codon sequences with genetic code 1 ...
WARNING: 1 sites contain only gaps or ambiguous characters.
Alignment has 70 sequences with 685 columns, 659 distinct patterns
405 parsimony-informative, 149 singleton sites, 131 constant sites
                                                               Gap/Ambiguity  Composition  p-value
Analyzing sequences: done in 0.000240088 secs
   1  DE764|Cluster-34877.0__TRINITY_DN11345_c0_g1_i9.p1              57.23%    passed    100.00%
   2  JJ89|Cluster-24689.0__TRINITY_DN1943_c0_g1_i9.p1                57.23%    passed    100.00%
   3  DE550|Cluster-44911.0__TRINITY_DN8289_c0_g2_i5.p1               56.35%    passed     99.85%
   4  DE507|Cluster-59111.0__TRINITY_DN3176_c0_g1_i2.p1               57.81%    passed     99.16%
   5  DE542|Cluster-21569.0__TRINITY_DN7619_c0_g1_i4.p1               38.98%    passed     99.99%
   6  DE534|Cluster-17564.0__TRINITY_DN8905_c0_g1_i1.p1               44.53%    passed     99.97%
   7  DE666|Cluster-21408.1__TRINITY_DN1883_c4_g1_i1.p1                1.75%    passed    100.00%
   8  DE668|Cluster-35696.0__TRINITY_DN2804_c0_g1_i9.p1               55.18%    passed     97.06%
   9  DE476|Cluster-61374.0__TRINITY_DN158_c0_g1_i8.p1                21.90%    passed     99.97%
  10  DE546_urceolata_l|Cluster-37083.0__TRINITY_DN2765_c0_g2_i4.p1   37.08%    passed     99.97%
  11  DE152|Cluster-55676.0__TRINITY_DN152_c0_g1_i1.p1                60.44%    passed    100.00%
  12  DE505|Cluster-1051.1__TRINITY_DN414_c0_g1_i4.p1                  1.46%    passed    100.00%
  13  DE696-dots|Cluster-33955.0__TRINITY_DN3363_c0_g1_i5.p1          57.52%    passed     99.88%
  14  JJ36|Cluster-41570.0__TRINITY_DN1519_c0_g1_i33.p1               57.52%    passed     99.79%
  15  DE519|Cluster-63053.0__TRINITY_DN619_c0_g2_i1.p1                57.81%    passed     99.95%
  16  DE536|Cluster-36417.0__TRINITY_DN5256_c0_g1_i5.p1               45.69%    passed     99.32%
  17  JJ15|Cluster-55258.0__TRINITY_DN8846_c0_g1_i16.p1               59.12%    passed    100.00%
  18  DE523|Cluster-21948.0__TRINITY_DN1162_c0_g1_i2.p1               37.23%    passed    100.00%
  19  SRR3407096|Cluster-12720.0__TRINITY_DN4331_c0_g1_i1.p1           3.94%    passed    100.00%
  20  DE510|Cluster-4811.8__TRINITY_DN1498_c0_g1_i10.p1               14.16%    passed    100.00%
  21  SRR3407087|Cluster-19004.1__TRINITY_DN5437_c0_g1_i5.p1           1.17%    passed    100.00%
  22  DE504|Cluster-55168.0__TRINITY_DN3059_c0_g1_i7.p1               41.17%    passed    100.00%
  23  DE549|Cluster-31127.0__TRINITY_DN1724_c0_g1_i5.p1               56.50%    passed     99.89%
  24  DE164|Cluster-43974.1__TRINITY_DN2059_c0_g2_i3.p1               56.50%    passed     99.98%
  25  DE737|Cluster-56713.0__TRINITY_DN4440_c0_g1_i44.p1              39.56%    passed     99.99%
  26  DE88|Cluster-20612.0__TRINITY_DN4542_c0_g1_i2.p1                43.21%    passed    100.00%
  27  DE509|Cluster-31746.0__TRINITY_DN6699_c1_g1_i1.p1               57.52%    passed    100.00%
  28  DE736|Cluster-62971.0__TRINITY_DN3058_c0_g1_i26.p1              56.50%    passed    100.00%
  29  DE126|Cluster-9136.0__TRINITY_DN5450_c0_g1_i1.p1                57.23%    passed    100.00%
  30  DE563|Cluster-43422.0__TRINITY_DN5001_c0_g1_i15.p1               1.46%    passed    100.00%
  31  DE623|Cluster-47420.2__TRINITY_DN139_c1_g1_i2.p1                 1.17%    passed    100.00%
  32  DE680|Cluster-56859.0__TRINITY_DN2111_c0_g1_i1.p1                1.31%    passed    100.00%
  33  DE127|Cluster-9022.1__TRINITY_DN2112_c0_g1_i8.p1                 1.61%    passed    100.00%
  34  DE554|Cluster-6959.0__TRINITY_DN393_c0_g1_i4.p1                  1.61%    passed    100.00%
  35  DE162|Cluster-47327.0__TRINITY_DN1175_c0_g1_i16.p1              22.19%    passed     99.99%
  36  DE528|Cluster-50426.0__TRINITY_DN13279_c0_g1_i4.p1              22.19%    passed    100.00%
  37  DE704-purple|Cluster-29419.0__TRINITY_DN2744_c0_g1_i9.p1        57.37%    passed     97.12%
  38  DE575|Cluster-28798.0__TRINITY_DN11367_c0_g1_i1.p1               1.46%    passed    100.00%
  39  DE765|Cluster-51703.0__TRINITY_DN1606_c0_g1_i2.p1                1.46%    passed    100.00%
  40  DE681|Cluster-63674.0__TRINITY_DN1219_c0_g1_i1.p1               35.18%    passed     98.36%
  41  DE229|Cluster-5951.1__TRINITY_DN7959_c0_g1_i5.p1                16.93%    passed     99.37%
  42  JJ23|Cluster-40133.0__TRINITY_DN4126_c0_g1_i2.p1                22.19%    passed     99.79%
  43  JJ99|Cluster-8051.0__TRINITY_DN2435_c2_g1_i3.p1                  1.46%    passed    100.00%
  44  JJ74|Cluster-85022.0__TRINITY_DN2261_c1_g1_i4.p1                 1.02%    passed    100.00%
  45  JJ125|Cluster-26223.2__TRINITY_DN1970_c0_g1_i5.p1                1.46%    passed    100.00%
  46  DE566|Cluster-27358.1__TRINITY_DN4546_c1_g1_i9.p1                1.17%    passed    100.00%
  47  DE643|Cluster-86040.0__TRINITY_DN1852_c0_g1_i5.p1                2.04%    passed    100.00%
  48  DRR234970|Cluster-40475.0__TRINITY_DN9195_c0_g1_i1.p1            6.13%    passed     81.42%
  49  DRR082660|Cluster-36061.0__TRINITY_DN15109_c0_g1_i6.p1          14.01%    passed    100.00%
  50  DE181|Cluster-15128.0__TRINITY_DN550_c2_g1_i2.p1                14.16%    passed    100.00%
  51  SRR3407086|Cluster-35961.0__TRINITY_DN16131_c0_g1_i1.p1          1.17%    passed    100.00%
  52  DE561|Cluster-38779.1__TRINITY_DN2102_c0_g1_i6.p1                1.17%    passed    100.00%
  53  SRR3424066|Cluster-34454.0__TRINITY_DN7275_c0_g1_i1.p1           1.17%    passed    100.00%
  54  SRR3407088|Cluster-40911.0__TRINITY_DN5821_c0_g1_i3.p1           1.17%    passed    100.00%
  55  DE503|Cluster-44421.0__TRINITY_DN143_c0_g1_i5.p1                 1.17%    passed    100.00%
  56  SRR3407093|Cluster-28108.1__TRINITY_DN928_c0_g1_i10.p1           1.31%    passed    100.00%
  57  SRR3407092|Cluster-21956.0__TRINITY_DN7873_c2_g2_i3.p1           1.17%    passed    100.00%
  58  SRR3407094|Cluster-29830.0__TRINITY_DN195_c0_g1_i1.p1            1.17%    passed    100.00%
  59  JJ85|Cluster-24510.0__TRINITY_DN23498_c0_g1_i1.p1                1.17%    passed    100.00%
  60  DE69|Cluster-25750.12__TRINITY_DN3338_c2_g1_i1.p1                1.17%    passed    100.00%
  61  SRR3407095|Cluster-15581.0__TRINITY_DN3769_c0_g1_i1.p1           1.17%    passed    100.00%
  62  DE671|Cluster-58955.0__TRINITY_DN610_c0_g1_i2.p1                57.52%    passed     99.97%
  63  DE672|Cluster-57785.0__TRINITY_DN2980_c0_g1_i5.p1               57.23%    passed     99.97%
  64  DE189|Cluster-48926.0__TRINITY_DN869_c2_g1_i1.p1                14.01%    passed    100.00%
  65  JJ109|Cluster-26452.0__TRINITY_DN12412_c1_g1_i4.p1              56.50%    passed     99.91%
  66  JJ130|Cluster-49414.1__TRINITY_DN32583_c0_g1_i3.p1              37.23%    passed    100.00%
  67  DE531|Cluster-38488.1__TRINITY_DN5047_c0_g1_i2.p1               37.23%    passed    100.00%
  68  DE696-nodots|Cluster-55383.0__TRINITY_DN3089_c0_g1_i9.p1        14.16%    passed     99.99%
  69  DE541|Cluster-54023.0__TRINITY_DN3624_c0_g1_i2.p1               36.64%    passed    100.00%
  70  DE560|Cluster-23902.0__TRINITY_DN6587_c0_g1_i1.p1               57.52%    passed     99.99%
WARNING: 20 sequences contain more than 50% gaps/ambiguity
****  TOTAL                                                           26.30%  0 sequences failed composition chi2 test (p-value<5%; df=60)
Reading input tree file tmp.csubst.nwk ... rooted tree

NOTE: 94 MB RAM (0 GB) is required!
Measuring multi-threading efficiency up to 1 CPU cores
2 trees examined
Threads: 1 / Time: 4.916 sec / Speedup: 1.000 / Efficiency: 100% / LogL: -25718
BEST NUMBER OF THREADS: 1

Estimate model parameters (epsilon = 0.010)
1. Initial log-likelihood: -22579.664
2. Current log-likelihood: -17564.115
3. Current log-likelihood: -17543.387
4. Current log-likelihood: -17543.193
5. Current log-likelihood: -17543.066
6. Current log-likelihood: -17542.972
7. Current log-likelihood: -17542.899
8. Current log-likelihood: -17542.841
9. Current log-likelihood: -17542.795
10. Current log-likelihood: -17542.755
11. Current log-likelihood: -17542.723
12. Current log-likelihood: -17536.330
13. Current log-likelihood: -17536.222
14. Current log-likelihood: -17536.167
15. Current log-likelihood: -17536.137
16. Current log-likelihood: -17536.118
17. Current log-likelihood: -17536.103
18. Current log-likelihood: -17536.092
Optimal log-likelihood: -17536.083
Nonsynonymous/synonymous ratio (omega): 1.000
Transition/transversion ratio (kappa): 1.000
Site proportion and rates:  (0.493,0.298) (0.310,1.054) (0.178,2.329) (0.018,6.094)
Parameters optimization took 18 rounds (273.014 sec)
Wrote distance file to... 
BEST SCORE FOUND : -17536.083
Ancestral state probabilities printed to /mnt/data0/yue/2026-03-11-protein-convergence/results/OG_6424/csubst_w_s/csubst_input_alignment.fa.state
Empirical proportions for each category: 0.534 0.292 0.161 0.013
Site rates printed to /mnt/data0/yue/2026-03-11-protein-convergence/results/OG_6424/csubst_w_s/csubst_input_alignment.fa.rate
Total tree length: 5.225

Total number of iterations: 0
CPU time used for tree search: 0.000 sec (0h:0m:0s)
Wall-clock time used for tree search: 0.000 sec (0h:0m:0s)
Total CPU time used: 280.176 sec (0h:4m:40s)
Total wall-clock time used: 280.915 sec (0h:4m:40s)

Analysis results written to: 
  IQ-TREE report:                /mnt/data0/yue/2026-03-11-protein-convergence/results/OG_6424/csubst_w_s/csubst_input_alignment.fa.iqtree
  Maximum-likelihood tree:       /mnt/data0/yue/2026-03-11-protein-convergence/results/OG_6424/csubst_w_s/csubst_input_alignment.fa.treefile
  Site-specific rates:           /mnt/data0/yue/2026-03-11-protein-convergence/results/OG_6424/csubst_w_s/csubst_input_alignment.fa.rate
  Ancestral state:               /mnt/data0/yue/2026-03-11-protein-convergence/results/OG_6424/csubst_w_s/csubst_input_alignment.fa.state
  Screen log file:               /mnt/data0/yue/2026-03-11-protein-convergence/results/OG_6424/csubst_w_s/csubst_input_alignment.fa.log

Date and Time: Fri Mar 27 21:33:03 2026
