IQ-TREE multicore version 2.4.0 for Linux x86 64-bit built Feb 12 2025
Developed by Bui Quang Minh, Nguyen Lam Tung, Olga Chernomor, Heiko Schmidt,
Dominik Schrempf, Michael Woodhams, Ly Trong Nhan, Thomas Wong

Host:    brain (AVX2, FMA3, 2015 GB RAM)
Command: /home/yue/miniconda3/envs/py39/bin/iqtree -s /mnt/data0/yue/2026-03-11-protein-convergence/results/OG_8550/csubst_w_s/csubst_input_alignment.fa -te tmp.csubst.nwk -m ECMK07+F+R4 --seqtype CODON1 --threads-max 1 -T AUTO --ancestral --rate --redo
Seed:    5983 (Using SPRNG - Scalable Parallel Random Number Generator)
Time:    Sat Mar 28 03:51:14 2026
Kernel:  AVX+FMA - auto-detect threads (128 CPU cores detected)

Reading alignment file /mnt/data0/yue/2026-03-11-protein-convergence/results/OG_8550/csubst_w_s/csubst_input_alignment.fa ... Fasta format detected
Reading fasta file: done in 0.00170948 secs using 33.29% CPU
Alignment most likely contains DNA/RNA sequences
Converting to codon sequences with genetic code 1 ...
Alignment has 69 sequences with 498 columns, 483 distinct patterns
264 parsimony-informative, 134 singleton sites, 100 constant sites
                                                                Gap/Ambiguity  Composition  p-value
Analyzing sequences: done in 8.4579e-05 secs using 99.32% CPU
   1  DE560|Cluster-46210.0__TRINITY_DN14759_c0_g1_i10.p1               0.20%    passed    100.00%
   2  JJ74|Cluster-66377.1__TRINITY_DN49404_c0_g2_i2.p1                 1.41%    passed    100.00%
   3  SRR3407095|Cluster-13011.0__TRINITY_DN17705_c0_g1_i1.p1          45.78%    passed     90.87%
   4  SRR5150740|Cluster-20392.0__TRINITY_DN8428_c0_g1_i2.p1            2.21%    passed     99.98%
   5  DE164|Cluster-35934.0__TRINITY_DN26873_c0_g1_i3.p1                0.20%    passed    100.00%
   6  DE737|Cluster-44014.0__TRINITY_DN7659_c0_g1_i6.p1                18.07%    passed    100.00%
   7  DE672|Cluster-4347.0__TRINITY_DN110553_c0_g1_i1.p1                0.20%    passed    100.00%
   8  DE643|Cluster-62384.2__TRINITY_DN15657_c0_g1_i5.p1               31.73%    passed     99.99%
   9  DE671|Cluster-49468.1__TRINITY_DN11053_c0_g1_i1.p1               17.87%    passed    100.00%
  10  DE504|Cluster-25034.0__TRINITY_DN12306_c0_g1_i2.p1               17.07%    passed    100.00%
  11  DE550|Cluster-19059.0__TRINITY_DN8424_c0_g1_i1.p1                 0.20%    passed    100.00%
  12  DE151|Cluster-27214.0__TRINITY_DN57537_c0_g1_i1.p1                1.20%    passed    100.00%
  13  JJ109|Cluster-21890.0__TRINITY_DN49136_c0_g1_i1.p1                1.20%    passed    100.00%
  14  JJ130|Cluster-16676.0__TRINITY_DN55999_c0_g1_i1.p1                1.20%    passed    100.00%
  15  DE173|Cluster-36983.0__TRINITY_DN34143_c0_g2_i1.p1                1.20%    passed    100.00%
  16  DE189|Cluster-39090.0__TRINITY_DN13060_c0_g1_i1.p1                1.20%    passed    100.00%
  17  DE88|Cluster-24888.0__TRINITY_DN28883_c0_g1_i1.p1                 1.20%    passed    100.00%
  18  DE541|Cluster-52870.0__TRINITY_DN7889_c0_g1_i1.p1                19.08%    passed    100.00%
  19  DE476|Cluster-15925.0__TRINITY_DN15458_c0_g1_i1.p1               18.07%    passed    100.00%
  20  DE736|Cluster-17331.1__TRINITY_DN8404_c0_g1_i2.p1                18.07%    passed    100.00%
  21  DE764|Cluster-22723.0__TRINITY_DN4841_c1_g1_i2.p1                 0.20%    passed    100.00%
  22  DE509|Cluster-11286.0__TRINITY_DN77005_c0_g1_i1.p1                0.20%    passed    100.00%
  23  DE531|Cluster-8688.0__TRINITY_DN79166_c0_g1_i1.p1                 0.20%    passed    100.00%
  24  JJ36|Cluster-2340.0__TRINITY_DN57281_c0_g1_i1.p1                  0.20%    passed    100.00%
  25  DE696-dots|Cluster-14715.0__TRINITY_DN26314_c0_g1_i1.p1           0.20%    passed    100.00%
  26  DE696-nodots|Cluster-37414.0__TRINITY_DN79838_c0_g1_i1.p1         0.20%    passed    100.00%
  27  DE115|Cluster-55184.0__TRINITY_DN9513_c0_g1_i3.p1                 0.20%    passed    100.00%
  28  DE127|Cluster-35084.0__TRINITY_DN13912_c2_g1_i1.p1               18.07%    passed    100.00%
  29  DE554|Cluster-41899.0__TRINITY_DN12148_c2_g2_i1.p1                0.20%    passed    100.00%
  30  DE666|Cluster-1450.0__TRINITY_DN4897_c1_g1_i1.p1                  0.20%    passed    100.00%
  31  DE507|Cluster-15997.0__TRINITY_DN18536_c0_g2_i1.p1                0.20%    passed    100.00%
  32  DE528|Cluster-15386.0__TRINITY_DN11572_c0_g1_i2.p1               31.93%    passed     99.47%
  33  DE575|Cluster-47057.0__TRINITY_DN65956_c0_g1_i1.p1                0.20%    passed    100.00%
  34  DE765|Cluster-48027.0__TRINITY_DN17734_c0_g1_i1.p1                0.20%    passed    100.00%
  35  JJ86|Cluster-54276.0__TRINITY_DN23605_c0_g1_i1.p1                 0.20%    passed    100.00%
  36  DE623|Cluster-30338.0__TRINITY_DN17395_c0_g1_i2.p1               18.07%    passed    100.00%
  37  DE162|Cluster-37708.3__TRINITY_DN4772_c0_g1_i3.p1                 0.20%    passed    100.00%
  38  DE704-white|Cluster-345.1__TRINITY_DN18427_c0_g1_i2.p1           63.25%    passed     21.98%
  39  DE126|Cluster-13567.0__TRINITY_DN31670_c0_g1_i1.p1               18.07%    passed    100.00%
  40  DE546_urceolata_l|Cluster-10003.0__TRINITY_DN82383_c0_g1_i1.p1    0.20%    passed    100.00%
  41  DE229|Cluster-68713.1__TRINITY_DN4638_c0_g1_i9.p1                31.93%    passed     99.64%
  42  JJ23|Cluster-28449.0__TRINITY_DN7054_c0_g1_i1.p1                  0.20%    passed    100.00%
  43  DE680|Cluster-14464.0__TRINITY_DN20418_c0_g2_i3.p1                0.20%    passed    100.00%
  44  DE681|Cluster-60573.3__TRINITY_DN7600_c0_g1_i3.p1                11.24%    passed    100.00%
  45  JJ99|Cluster-19930.1__TRINITY_DN5841_c0_g1_i2.p1                  0.20%    passed    100.00%
  46  DE181|Cluster-48098.0__TRINITY_DN73394_c0_g1_i1.p1                0.20%    passed    100.00%
  47  SRR3407086|Cluster-4939.0__TRINITY_DN89080_c0_g1_i1.p1            0.20%    passed    100.00%
  48  SRR3407093|Cluster-16495.0__TRINITY_DN7946_c0_g3_i1.p1           31.93%    passed     99.64%
  49  DE503|Cluster-22705.0__TRINITY_DN50388_c0_g1_i1.p1                0.20%    passed    100.00%
  50  DE505|Cluster-24439.0__TRINITY_DN10185_c1_g2_i1.p1                0.20%    passed    100.00%
  51  DE510|Cluster-10124.0__TRINITY_DN19676_c0_g1_i1.p1                0.20%    passed    100.00%
  52  SRR3407092|Cluster-31386.0__TRINITY_DN28544_c0_g1_i1.p1          73.29%    passed     68.77%
  53  SRR3407088|Cluster-11134.0__TRINITY_DN23463_c0_g2_i1.p1          31.93%    passed     99.91%
  54  SRR3424066|Cluster-25435.0__TRINITY_DN30001_c0_g1_i1.p1          45.98%    passed     95.82%
  55  DE216|Cluster-42813.0__TRINITY_DN11778_c0_g1_i2.p1               18.07%    passed    100.00%
  56  DE534|Cluster-62912.0__TRINITY_DN12576_c0_g2_i2.p1                0.20%    passed    100.00%
  57  DE536|Cluster-27738.0__TRINITY_DN12784_c0_g1_i2.p1                0.20%    passed    100.00%
  58  DE519|Cluster-21986.0__TRINITY_DN97587_c0_g1_i1.p1                0.20%    passed    100.00%
  59  DE741|Cluster-30722.0__TRINITY_DN11773_c0_g1_i1.p1               18.07%    passed    100.00%
  60  DE523|Cluster-4461.0__TRINITY_DN52236_c0_g1_i1.p1                 0.20%    passed    100.00%
  61  SRR3407096|Cluster-305.0__TRINITY_DN6974_c0_g1_i1.p1              0.20%    passed    100.00%
  62  JJ125|Cluster-11159.0__TRINITY_DN21687_c0_g1_i1.p1                0.20%    passed    100.00%
  63  DE69|Cluster-1589.0__TRINITY_DN80151_c0_g1_i2.p1                 18.07%    passed    100.00%
  64  SRR3407087|Cluster-1754.0__TRINITY_DN8995_c0_g1_i1.p1            39.76%    passed     99.88%
  65  SRR3407094|Cluster-3208.0__TRINITY_DN48889_c0_g1_i1.p1           46.79%    passed     97.59%
  66  JJ131|Cluster-11441.0__TRINITY_DN37271_c0_g1_i2.p1                0.20%    passed    100.00%
  67  JJ85|Cluster-32933.0__TRINITY_DN17273_c0_g1_i1.p1                 0.20%    passed    100.00%
  68  DE152|Cluster-27768.0__TRINITY_DN9551_c0_g3_i1.p1                 0.20%    passed    100.00%
  69  DE566|Cluster-15773.0__TRINITY_DN1736_c0_g2_i3.p1                66.06%    passed     44.10%
WARNING: 3 sequences contain more than 50% gaps/ambiguity
****  TOTAL                                                            11.40%  0 sequences failed composition chi2 test (p-value<5%; df=60)
Reading input tree file tmp.csubst.nwk ... rooted tree

NOTE: 70 MB RAM (0 GB) is required!
Measuring multi-threading efficiency up to 1 CPU cores
2 trees examined
Threads: 1 / Time: 3.681 sec / Speedup: 1.000 / Efficiency: 100% / LogL: -16387
BEST NUMBER OF THREADS: 1

Estimate model parameters (epsilon = 0.010)
1. Initial log-likelihood: -15820.277
2. Current log-likelihood: -11050.534
3. Current log-likelihood: -11038.720
4. Current log-likelihood: -11038.279
5. Current log-likelihood: -11037.999
6. Current log-likelihood: -11037.802
7. Current log-likelihood: -11037.656
8. Current log-likelihood: -11037.542
9. Current log-likelihood: -11037.450
10. Current log-likelihood: -11037.373
11. Current log-likelihood: -11037.307
12. Current log-likelihood: -11037.251
13. Current log-likelihood: -11037.203
14. Current log-likelihood: -11037.162
15. Current log-likelihood: -11037.128
16. Current log-likelihood: -11037.099
17. Current log-likelihood: -11037.075
18. Current log-likelihood: -11037.056
19. Current log-likelihood: -11037.040
20. Current log-likelihood: -11037.027
21. Current log-likelihood: -11037.016
Optimal log-likelihood: -11037.007
Nonsynonymous/synonymous ratio (omega): 1.000
Transition/transversion ratio (kappa): 1.000
Site proportion and rates:  (0.551,0.413) (0.362,1.391) (0.031,1.768) (0.056,3.807)
Parameters optimization took 21 rounds (255.587 sec)
Wrote distance file to... 
BEST SCORE FOUND : -11037.007
Ancestral state probabilities printed to /mnt/data0/yue/2026-03-11-protein-convergence/results/OG_8550/csubst_w_s/csubst_input_alignment.fa.state
Empirical proportions for each category: 0.572 0.384 0.000 0.044
Site rates printed to /mnt/data0/yue/2026-03-11-protein-convergence/results/OG_8550/csubst_w_s/csubst_input_alignment.fa.rate
Total tree length: 3.422

Total number of iterations: 0
CPU time used for tree search: 0.000 sec (0h:0m:0s)
Wall-clock time used for tree search: 0.000 sec (0h:0m:0s)
Total CPU time used: 261.509 sec (0h:4m:21s)
Total wall-clock time used: 261.797 sec (0h:4m:21s)

Analysis results written to: 
  IQ-TREE report:                /mnt/data0/yue/2026-03-11-protein-convergence/results/OG_8550/csubst_w_s/csubst_input_alignment.fa.iqtree
  Maximum-likelihood tree:       /mnt/data0/yue/2026-03-11-protein-convergence/results/OG_8550/csubst_w_s/csubst_input_alignment.fa.treefile
  Site-specific rates:           /mnt/data0/yue/2026-03-11-protein-convergence/results/OG_8550/csubst_w_s/csubst_input_alignment.fa.rate
  Ancestral state:               /mnt/data0/yue/2026-03-11-protein-convergence/results/OG_8550/csubst_w_s/csubst_input_alignment.fa.state
  Screen log file:               /mnt/data0/yue/2026-03-11-protein-convergence/results/OG_8550/csubst_w_s/csubst_input_alignment.fa.log

Date and Time: Sat Mar 28 03:55:35 2026
