IQ-TREE multicore version 2.4.0 for Linux x86 64-bit built Feb 12 2025
Developed by Bui Quang Minh, Nguyen Lam Tung, Olga Chernomor, Heiko Schmidt,
Dominik Schrempf, Michael Woodhams, Ly Trong Nhan, Thomas Wong

Host:    brain (AVX2, FMA3, 2015 GB RAM)
Command: /home/yue/miniconda3/envs/py39/bin/iqtree -s /mnt/data0/yue/2026-03-11-protein-convergence/results/OG_6357/csubst_w_s/csubst_input_alignment.fa -te tmp.csubst.nwk -m ECMK07+F+R4 --seqtype CODON1 --threads-max 1 -T AUTO --ancestral --rate --redo
Seed:    941462 (Using SPRNG - Scalable Parallel Random Number Generator)
Time:    Fri Mar 27 21:13:29 2026
Kernel:  AVX+FMA - auto-detect threads (128 CPU cores detected)

Reading alignment file /mnt/data0/yue/2026-03-11-protein-convergence/results/OG_6357/csubst_w_s/csubst_input_alignment.fa ... Fasta format detected
Reading fasta file: done in 0.00431712 secs using 64.19% CPU
Alignment most likely contains DNA/RNA sequences
Converting to codon sequences with genetic code 1 ...
Alignment has 64 sequences with 624 columns, 599 distinct patterns
269 parsimony-informative, 193 singleton sites, 162 constant sites
                                                               Gap/Ambiguity  Composition  p-value
Analyzing sequences: done in 0.000291809 secs using 96.98% CPU
   1  DE672|Cluster-43623.0__TRINITY_DN7335_c0_g1_i2.p1               46.96%    passed     74.40%
   2  DE550|Cluster-32876.0__TRINITY_DN7594_c0_g1_i4.p1                0.00%    passed    100.00%
   3  DE696-dots|Cluster-23414.1__TRINITY_DN2229_c1_g1_i23.p1         29.33%    passed    100.00%
   4  JJ131|Cluster-53851.0__TRINITY_DN9019_c0_g1_i14.p1              34.78%    passed    100.00%
   5  DE566|Cluster-56297.0__TRINITY_DN29030_c0_g1_i26.p1             44.39%    passed     99.93%
   6  JJ130|Cluster-38497.0__TRINITY_DN17481_c0_g1_i40.p1             60.26%    passed     88.77%
   7  DE519|Cluster-36015.0__TRINITY_DN18458_c0_g1_i7.p1              56.41%    passed     78.29%
   8  DE696-nodots|Cluster-46807.0__TRINITY_DN3880_c0_g1_i42.p1       18.91%    passed    100.00%
   9  DE737|Cluster-57163.0__TRINITY_DN14681_c1_g1_i12.p1             53.04%    passed     66.80%
  10  DE681|Cluster-53702.0__TRINITY_DN13608_c0_g1_i1.p1              35.42%    passed    100.00%
  11  DE765|Cluster-55760.0__TRINITY_DN9473_c0_g1_i8.p1               35.42%    passed    100.00%
  12  DE575|Cluster-64787.0__TRINITY_DN25439_c0_g1_i3.p1              34.78%    passed     99.99%
  13  DE741|Cluster-29125.1__TRINITY_DN5168_c3_g1_i1.p1                0.00%    passed    100.00%
  14  JJ99|Cluster-17916.4__TRINITY_DN1815_c1_g1_i2.p1                 0.96%    passed    100.00%
  15  DE152|Cluster-36595.0__TRINITY_DN10087_c0_g1_i4.p1              24.84%    passed    100.00%
  16  DE643|Cluster-75978.1__TRINITY_DN6575_c0_g5_i1.p1                0.00%    passed    100.00%
  17  DE671|Cluster-22479.0__TRINITY_DN25402_c0_g1_i4.p1              47.60%    passed     69.70%
  18  JJ74|Cluster-59242.0__TRINITY_DN62356_c2_g2_i1.p1                0.00%    passed    100.00%
  19  JJ125|Cluster-36275.0__TRINITY_DN4469_c0_g1_i4.p1               16.35%    passed    100.00%
  20  DE523|Cluster-43482.0__TRINITY_DN10716_c0_g1_i8.p1              56.73%    passed     25.10%
  21  DE507|Cluster-80717.2__TRINITY_DN5579_c0_g1_i34.p1              44.07%    passed     99.96%
  22  DE528|Cluster-59717.1__TRINITY_DN22724_c0_g1_i16.p1             12.82%    passed    100.00%
  23  DE151|Cluster-54672.0__TRINITY_DN4345_c1_g1_i4.p1               54.17%    passed     81.73%
  24  JJ109|Cluster-28625.0__TRINITY_DN23991_c0_g1_i1.p1               0.00%    passed    100.00%
  25  DE164|Cluster-25653.0__TRINITY_DN11434_c0_g1_i2.p1               0.00%    passed    100.00%
  26  DE736|Cluster-31173.0__TRINITY_DN8726_c0_g1_i2.p1                0.00%    passed    100.00%
  27  JJ89|Cluster-34790.0__TRINITY_DN11050_c0_g1_i2.p1                0.00%    passed    100.00%
  28  DE764|Cluster-46276.0__TRINITY_DN30188_c0_g1_i1.p1               0.00%    passed    100.00%
  29  DE509|Cluster-23549.0__TRINITY_DN5802_c0_g1_i14.p1              34.78%    passed    100.00%
  30  DE476|Cluster-50091.0__TRINITY_DN22073_c0_g1_i3.p1               0.00%    passed    100.00%
  31  DE504|Cluster-36631.0__TRINITY_DN44548_c0_g1_i6.p1              34.78%    passed    100.00%
  32  DE549|Cluster-38851.0__TRINITY_DN9126_c0_g1_i1.p1               38.62%    passed     99.99%
  33  DE531|Cluster-39956.2__TRINITY_DN9529_c0_g1_i11.p1              20.03%    passed    100.00%
  34  DE541|Cluster-44664.1__TRINITY_DN5252_c0_g1_i14.p1              32.05%    passed    100.00%
  35  DE88|Cluster-38693.0__TRINITY_DN7271_c0_g1_i1.p1                38.62%    passed    100.00%
  36  JJ85|Cluster-43634.0__TRINITY_DN10771_c0_g1_i1.p1               53.04%    passed     77.80%
  37  DE115|Cluster-55260.0__TRINITY_DN14382_c0_g1_i3.p1               0.96%    passed    100.00%
  38  DE546_urceolata_l|Cluster-23469.0__TRINITY_DN5510_c1_g1_i3.p1    0.00%    passed    100.00%
  39  DE69|Cluster-43587.0__TRINITY_DN26086_c0_g1_i3.p1               28.37%    passed     65.95%
  40  SRR3407095|Cluster-49234.0__TRINITY_DN36082_c0_g1_i2.p1          0.00%    passed    100.00%
  41  DE563|Cluster-14084.1__TRINITY_DN21929_c0_g1_i13.p1              0.00%    passed    100.00%
  42  JJ15|Cluster-56433.0__TRINITY_DN30438_c0_g1_i5.p1                0.80%    passed    100.00%
  43  SRR3407096|Cluster-24909.0__TRINITY_DN31940_c0_g1_i1.p1          0.00%    passed    100.00%
  44  DE704-purple|Cluster-32340.0__TRINITY_DN10287_c0_g2_i9.p1       31.89%    passed     36.35%
  45  DE704-white|Cluster-23202.1__TRINITY_DN2421_c0_g1_i12.p1        31.89%    passed     30.50%
  46  DE127|Cluster-2576.0__TRINITY_DN13677_c1_g1_i2.p1                0.96%    passed    100.00%
  47  DE666|Cluster-43954.1__TRINITY_DN6745_c1_g2_i3.p1                0.00%    passed    100.00%
  48  DE162|Cluster-51840.0__TRINITY_DN1259_c0_g2_i5.p1                0.48%    passed    100.00%
  49  DE554|Cluster-47654.0__TRINITY_DN23804_c0_g3_i1.p1               0.00%    passed    100.00%
  50  JJ86|Cluster-22708.0__TRINITY_DN18431_c0_g1_i11.p1               0.00%    passed    100.00%
  51  DE181|Cluster-6047.0__TRINITY_DN11834_c0_g1_i4.p1                0.00%    passed    100.00%
  52  SRR3407086|Cluster-28536.0__TRINITY_DN96482_c0_g1_i1.p1          0.32%    passed    100.00%
  53  SRR3407088|Cluster-11559.0__TRINITY_DN4498_c0_g3_i1.p1           0.00%    passed    100.00%
  54  DE561|Cluster-19058.0__TRINITY_DN11919_c0_g1_i1.p1               0.00%    passed    100.00%
  55  SRR3424066|Cluster-19790.0__TRINITY_DN4714_c0_g1_i1.p1           0.00%    passed    100.00%
  56  DE505|Cluster-46545.0__TRINITY_DN9428_c0_g1_i6.p1               17.31%    passed    100.00%
  57  SRR3407087|Cluster-44327.0__TRINITY_DN36231_c0_g1_i1.p1          0.16%    passed    100.00%
  58  SRR3407093|Cluster-31127.0__TRINITY_DN8522_c0_g1_i3.p1           0.16%    passed    100.00%
  59  SRR3407094|Cluster-39804.0__TRINITY_DN13839_c0_g4_i1.p1          0.16%    passed    100.00%
  60  DE534|Cluster-27266.10__TRINITY_DN930_c0_g2_i37.p1               0.00%    passed    100.00%
  61  DE542|Cluster-53409.1__TRINITY_DN9319_c0_g1_i6.p1                0.00%    passed    100.00%
  62  SRR5150740|Cluster-50542.1__TRINITY_DN7550_c0_g1_i23.p1          0.00%    passed    100.00%
  63  DE173|Cluster-46102.1__TRINITY_DN5557_c1_g1_i13.p1               0.00%    passed    100.00%
  64  DRR082665|Cluster-27045.0__TRINITY_DN24682_c0_g1_i1.p1          17.95%    failed      2.92%
WARNING: 6 sequences contain more than 50% gaps/ambiguity
****  TOTAL                                                           17.04%  1 sequences failed composition chi2 test (p-value<5%; df=60)
Reading input tree file tmp.csubst.nwk ... rooted tree

NOTE: 79 MB RAM (0 GB) is required!
Measuring multi-threading efficiency up to 1 CPU cores
2 trees examined
Threads: 1 / Time: 4.075 sec / Speedup: 1.000 / Efficiency: 100% / LogL: -15059
BEST NUMBER OF THREADS: 1

Estimate model parameters (epsilon = 0.010)
1. Initial log-likelihood: -16657.294
2. Current log-likelihood: -10726.248
3. Current log-likelihood: -10726.133
4. Current log-likelihood: -10726.100
5. Current log-likelihood: -10726.073
6. Current log-likelihood: -10726.050
7. Current log-likelihood: -10726.030
8. Current log-likelihood: -10726.013
9. Current log-likelihood: -10725.997
10. Current log-likelihood: -10725.982
11. Current log-likelihood: -10725.970
12. Current log-likelihood: -10725.958
13. Current log-likelihood: -10725.948
Optimal log-likelihood: -10725.938
Nonsynonymous/synonymous ratio (omega): 1.000
Transition/transversion ratio (kappa): 1.000
Site proportion and rates:  (0.571,0.439) (0.294,1.165) (0.103,2.696) (0.032,4.014)
Parameters optimization took 13 rounds (174.034 sec)
Wrote distance file to... 
BEST SCORE FOUND : -10725.938
Ancestral state probabilities printed to /mnt/data0/yue/2026-03-11-protein-convergence/results/OG_6357/csubst_w_s/csubst_input_alignment.fa.state
Empirical proportions for each category: 0.665 0.234 0.088 0.013
Site rates printed to /mnt/data0/yue/2026-03-11-protein-convergence/results/OG_6357/csubst_w_s/csubst_input_alignment.fa.rate
Total tree length: 2.723

Total number of iterations: 0
CPU time used for tree search: 0.000 sec (0h:0m:0s)
Wall-clock time used for tree search: 0.000 sec (0h:0m:0s)
Total CPU time used: 180.487 sec (0h:3m:0s)
Total wall-clock time used: 181.048 sec (0h:3m:1s)

Analysis results written to: 
  IQ-TREE report:                /mnt/data0/yue/2026-03-11-protein-convergence/results/OG_6357/csubst_w_s/csubst_input_alignment.fa.iqtree
  Maximum-likelihood tree:       /mnt/data0/yue/2026-03-11-protein-convergence/results/OG_6357/csubst_w_s/csubst_input_alignment.fa.treefile
  Site-specific rates:           /mnt/data0/yue/2026-03-11-protein-convergence/results/OG_6357/csubst_w_s/csubst_input_alignment.fa.rate
  Ancestral state:               /mnt/data0/yue/2026-03-11-protein-convergence/results/OG_6357/csubst_w_s/csubst_input_alignment.fa.state
  Screen log file:               /mnt/data0/yue/2026-03-11-protein-convergence/results/OG_6357/csubst_w_s/csubst_input_alignment.fa.log

Date and Time: Fri Mar 27 21:16:31 2026
