IQ-TREE multicore version 2.4.0 for Linux x86 64-bit built Feb 12 2025
Developed by Bui Quang Minh, Nguyen Lam Tung, Olga Chernomor, Heiko Schmidt,
Dominik Schrempf, Michael Woodhams, Ly Trong Nhan, Thomas Wong

Host:    brain (AVX2, FMA3, 2015 GB RAM)
Command: /home/yue/miniconda3/envs/py39/bin/iqtree -s /mnt/data0/yue/2026-03-11-protein-convergence/results/OG_4251/csubst_w_s/csubst_input_alignment.fa -te tmp.csubst.nwk -m ECMK07+F+R4 --seqtype CODON1 --threads-max 1 -T AUTO --ancestral --rate --redo
Seed:    167186 (Using SPRNG - Scalable Parallel Random Number Generator)
Time:    Fri Mar 27 13:06:29 2026
Kernel:  AVX+FMA - auto-detect threads (128 CPU cores detected)

Reading alignment file /mnt/data0/yue/2026-03-11-protein-convergence/results/OG_4251/csubst_w_s/csubst_input_alignment.fa ... Fasta format detected
Reading fasta file: done in 0.00287323 secs using 74.38% CPU
Alignment most likely contains DNA/RNA sequences
Converting to codon sequences with genetic code 1 ...
Alignment has 77 sequences with 710 columns, 598 distinct patterns
361 parsimony-informative, 159 singleton sites, 189 constant sites
                                                               Gap/Ambiguity  Composition  p-value
Analyzing sequences: done in 0.000110358 secs using 99.68% CPU
   1  DE563|Cluster-53843.0__TRINITY_DN5701_c0_g1_i2.p1                0.14%    passed    100.00%
   2  DE476|Cluster-18847.0__TRINITY_DN2560_c0_g1_i4.p1               22.68%    passed    100.00%
   3  DE668|Cluster-44999.0__TRINITY_DN4437_c0_g1_i3.p1                0.14%    passed    100.00%
   4  DE531|Cluster-35672.0__TRINITY_DN4631_c0_g1_i4.p1               19.30%    passed    100.00%
   5  DE549|Cluster-49754.0__TRINITY_DN5322_c0_g1_i4.p1               21.97%    passed    100.00%
   6  DE550|Cluster-33948.0__TRINITY_DN3911_c0_g1_i4.p1               24.37%    passed    100.00%
   7  DE115|Cluster-38195.0__TRINITY_DN3554_c1_g1_i1.p1                0.14%    passed    100.00%
   8  JJ86|Cluster-14221.0__TRINITY_DN7188_c1_g1_i1.p1                 0.14%    passed    100.00%
   9  DE126|Cluster-24435.0__TRINITY_DN3064_c0_g2_i2.p1               22.39%    passed     99.97%
  10  DE623|Cluster-46403.0__TRINITY_DN4867_c0_g1_i17.p1               0.14%    passed    100.00%
  11  DE680|Cluster-58289.1__TRINITY_DN2394_c1_g1_i6.p1                0.70%    passed    100.00%
  12  DE546_urceolata_l|Cluster-221.196__TRINITY_DN5912_c1_g1_i2.p1    0.14%    passed    100.00%
  13  JJ85|Cluster-2963.0__TRINITY_DN10875_c1_g1_i1.p1                 0.14%    passed    100.00%
  14  JJ125|Cluster-31262.0__TRINITY_DN23815_c0_g1_i2.p1               0.70%    passed    100.00%
  15  DE181|Cluster-45032.0__TRINITY_DN5491_c0_g1_i1.p1                0.14%    passed    100.00%
  16  SRR3407092|Cluster-30411.0__TRINITY_DN3696_c0_g1_i1.p1           0.14%    passed    100.00%
  17  DE503|Cluster-46464.0__TRINITY_DN12364_c1_g1_i1.p1               0.14%    passed    100.00%
  18  DE505|Cluster-18073.0__TRINITY_DN6066_c0_g1_i1.p1                0.14%    passed    100.00%
  19  DE510|Cluster-46449.0__TRINITY_DN10011_c0_g1_i2.p1               0.14%    passed    100.00%
  20  SRR3407087|Cluster-27437.0__TRINITY_DN22896_c0_g1_i1.p1          0.14%    passed    100.00%
  21  SRR3407086|Cluster-9867.0__TRINITY_DN2121_c0_g1_i2.p1            0.14%    passed    100.00%
  22  DE561|Cluster-31432.0__TRINITY_DN5903_c0_g1_i1.p1                0.14%    passed    100.00%
  23  SRR3407088|Cluster-37811.0__TRINITY_DN2480_c1_g1_i2.p1           0.14%    passed    100.00%
  24  SRR3424066|Cluster-42018.0__TRINITY_DN3283_c0_g1_i1.p1           0.14%    passed    100.00%
  25  SRR3407094|Cluster-24385.0__TRINITY_DN10595_c0_g1_i1.p1          0.14%    passed    100.00%
  26  SRR3407093|Cluster-18602.1__TRINITY_DN36656_c0_g1_i2.p1          0.14%    passed    100.00%
  27  JJ74|Cluster-87023.0__TRINITY_DN8231_c0_g1_i1.p1                 0.14%    passed    100.00%
  28  DE523|Cluster-22358.0__TRINITY_DN6561_c0_g1_i2.p1                0.14%    passed    100.00%
  29  SRR3407096|Cluster-25230.0__TRINITY_DN21040_c0_g1_i1.p1          0.14%    passed    100.00%
  30  DRR082660|Cluster-35022.1__TRINITY_DN10200_c0_g1_i10.p1          0.14%    passed    100.00%
  31  JJ99|Cluster-27630.0__TRINITY_DN9844_c1_g1_i2.p1                 0.14%    passed    100.00%
  32  DE151|Cluster-58175.0__TRINITY_DN2271_c0_g1_i2.p1               20.85%    passed    100.00%
  33  DE164|Cluster-29950.0__TRINITY_DN5374_c0_g1_i3.p1               21.97%    passed    100.00%
  34  DE173|Cluster-43911.0__TRINITY_DN3950_c0_g1_i2.p1               20.85%    passed    100.00%
  35  JJ130|Cluster-51156.0__TRINITY_DN2634_c0_g1_i3.p1               24.51%    passed    100.00%
  36  DE696-nodots|Cluster-63163.1__TRINITY_DN3567_c0_g3_i2.p1        21.97%    passed    100.00%
  37  DE672|Cluster-41805.0__TRINITY_DN24310_c0_g1_i4.p1              20.85%    passed    100.00%
  38  DE88|Cluster-26509.0__TRINITY_DN5249_c0_g2_i1.p1                20.85%    passed    100.00%
  39  JJ89|Cluster-31832.0__TRINITY_DN15978_c0_g1_i4.p1               20.85%    passed    100.00%
  40  DE189|Cluster-20543.0__TRINITY_DN7780_c0_g1_i1.p1                0.14%    passed    100.00%
  41  JJ109|Cluster-40326.0__TRINITY_DN1964_c1_g1_i1.p1                0.14%    passed    100.00%
  42  DE643|Cluster-53015.1__TRINITY_DN3947_c0_g1_i11.p1               0.14%    passed    100.00%
  43  DE671|Cluster-41912.0__TRINITY_DN1906_c0_g1_i1.p1                0.14%    passed    100.00%
  44  DE696-dots|Cluster-7291.0__TRINITY_DN1360_c2_g2_i1.p1            0.14%    passed    100.00%
  45  JJ36|Cluster-33729.0__TRINITY_DN5906_c0_g1_i1.p1                 0.14%    passed    100.00%
  46  DE737|Cluster-7676.0__TRINITY_DN238_c2_g1_i1.p1                  0.14%    passed    100.00%
  47  DE509|Cluster-35367.2__TRINITY_DN32032_c0_g2_i2.p1               0.14%    passed    100.00%
  48  DE764|Cluster-9838.0__TRINITY_DN3696_c0_g1_i1.p1                 0.14%    passed    100.00%
  49  DE736|Cluster-41565.0__TRINITY_DN1617_c0_g1_i2.p1                0.14%    passed    100.00%
  50  DE541|Cluster-43376.0__TRINITY_DN6041_c0_g1_i1.p1                0.14%    passed    100.00%
  51  DE504|Cluster-48494.8__TRINITY_DN4752_c0_g1_i3.p1                0.00%    passed    100.00%
  52  DE519|Cluster-55347.1__TRINITY_DN9867_c0_g1_i2.p1                0.14%    passed    100.00%
  53  DE741|Cluster-59257.0__TRINITY_DN4672_c1_g2_i1.p1                0.14%    passed    100.00%
  54  DE560|Cluster-4357.0__TRINITY_DN2299_c0_g1_i1.p1                 0.14%    passed    100.00%
  55  DE152|Cluster-57517.0__TRINITY_DN8933_c0_g1_i1.p1                0.14%    passed    100.00%
  56  DE229|Cluster-101534.0__TRINITY_DN3222_c0_g1_i1.p1               0.14%    passed    100.00%
  57  JJ23|Cluster-48159.0__TRINITY_DN5981_c0_g2_i1.p1                 0.14%    passed    100.00%
  58  DE162|Cluster-28536.0__TRINITY_DN223_c1_g2_i1.p1                 0.14%    passed    100.00%
  59  DE507|Cluster-88627.0__TRINITY_DN4177_c0_g1_i4.p1                0.14%    passed    100.00%
  60  DE528|Cluster-50047.0__TRINITY_DN16679_c0_g1_i3.p1               0.14%    passed    100.00%
  61  DE704-purple|Cluster-46243.0__TRINITY_DN12222_c0_g2_i1.p1        0.14%    passed    100.00%
  62  DE704-white|Cluster-57925.1__TRINITY_DN8200_c0_g2_i1.p1          0.14%    passed    100.00%
  63  DE575|Cluster-8358.0__TRINITY_DN39156_c0_g1_i1.p1                0.14%    passed    100.00%
  64  DE681|Cluster-31668.0__TRINITY_DN4059_c0_g1_i1.p1                0.14%    passed    100.00%
  65  DE765|Cluster-30061.0__TRINITY_DN7360_c0_g2_i1.p1                0.14%    passed    100.00%
  66  SRR3407095|Cluster-31644.0__TRINITY_DN3936_c0_g1_i1.p1           0.70%    passed    100.00%
  67  DE69|Cluster-51990.0__TRINITY_DN282_c1_g1_i1.p1                  0.70%    passed    100.00%
  68  DE127|Cluster-36648.0__TRINITY_DN3265_c1_g1_i4.p1                0.70%    passed    100.00%
  69  DE554|Cluster-10883.0__TRINITY_DN3949_c0_g2_i1.p1                0.70%    passed    100.00%
  70  DE666|Cluster-2261.0__TRINITY_DN1686_c0_g3_i1.p1                 0.70%    passed    100.00%
  71  DE536|Cluster-5581.1__TRINITY_DN21647_c0_g1_i2.p1                0.14%    passed    100.00%
  72  JJ15|Cluster-34937.0__TRINITY_DN24279_c0_g1_i3.p1               20.99%    passed    100.00%
  73  DE216|Cluster-75705.0__TRINITY_DN4926_c0_g1_i1.p1                0.14%    passed    100.00%
  74  DE534|Cluster-48198.1__TRINITY_DN43111_c1_g1_i1.p1               0.28%    passed    100.00%
  75  DE542|Cluster-4390.0__TRINITY_DN4663_c0_g1_i1.p1                 0.14%    passed    100.00%
  76  JJ131|Cluster-69175.3__TRINITY_DN2706_c0_g1_i10.p1               0.14%    passed    100.00%
  77  DE566|Cluster-41246.1__TRINITY_DN2658_c0_g1_i3.p1                0.14%    passed    100.00%
****  TOTAL                                                            4.12%  0 sequences failed composition chi2 test (p-value<5%; df=60)
Reading input tree file tmp.csubst.nwk ... rooted tree

NOTE: 95 MB RAM (0 GB) is required!
Measuring multi-threading efficiency up to 1 CPU cores
2 trees examined
Threads: 1 / Time: 5.068 sec / Speedup: 1.000 / Efficiency: 100% / LogL: -21951
BEST NUMBER OF THREADS: 1

Estimate model parameters (epsilon = 0.010)
1. Initial log-likelihood: -22427.636
2. Current log-likelihood: -14368.031
3. Current log-likelihood: -14347.800
4. Current log-likelihood: -14347.643
5. Current log-likelihood: -14347.516
6. Current log-likelihood: -14347.403
7. Current log-likelihood: -14347.300
8. Current log-likelihood: -14342.822
9. Current log-likelihood: -14342.656
10. Current log-likelihood: -14342.521
11. Current log-likelihood: -14342.404
12. Current log-likelihood: -14342.304
13. Current log-likelihood: -14342.219
14. Current log-likelihood: -14339.226
15. Current log-likelihood: -14339.113
16. Current log-likelihood: -14339.028
17. Current log-likelihood: -14338.961
18. Current log-likelihood: -14338.908
19. Current log-likelihood: -14336.955
20. Current log-likelihood: -14336.888
21. Current log-likelihood: -14336.841
22. Current log-likelihood: -14336.804
23. Current log-likelihood: -14336.777
24. Current log-likelihood: -14335.528
25. Current log-likelihood: -14335.493
26. Current log-likelihood: -14335.469
27. Current log-likelihood: -14335.451
28. Current log-likelihood: -14335.438
29. Current log-likelihood: -14334.801
30. Current log-likelihood: -14334.783
31. Current log-likelihood: -14334.770
Optimal log-likelihood: -14334.762
Nonsynonymous/synonymous ratio (omega): 1.000
Transition/transversion ratio (kappa): 1.000
Site proportion and rates:  (0.455,0.280) (0.415,1.117) (0.124,2.929) (0.007,7.092)
Parameters optimization took 31 rounds (460.828 sec)
Wrote distance file to... 
BEST SCORE FOUND : -14334.762
Ancestral state probabilities printed to /mnt/data0/yue/2026-03-11-protein-convergence/results/OG_4251/csubst_w_s/csubst_input_alignment.fa.state
Empirical proportions for each category: 0.496 0.396 0.106 0.003
Site rates printed to /mnt/data0/yue/2026-03-11-protein-convergence/results/OG_4251/csubst_w_s/csubst_input_alignment.fa.rate
Total tree length: 2.751

Total number of iterations: 0
CPU time used for tree search: 0.000 sec (0h:0m:0s)
Wall-clock time used for tree search: 0.000 sec (0h:0m:0s)
Total CPU time used: 468.106 sec (0h:7m:48s)
Total wall-clock time used: 468.922 sec (0h:7m:48s)

Analysis results written to: 
  IQ-TREE report:                /mnt/data0/yue/2026-03-11-protein-convergence/results/OG_4251/csubst_w_s/csubst_input_alignment.fa.iqtree
  Maximum-likelihood tree:       /mnt/data0/yue/2026-03-11-protein-convergence/results/OG_4251/csubst_w_s/csubst_input_alignment.fa.treefile
  Site-specific rates:           /mnt/data0/yue/2026-03-11-protein-convergence/results/OG_4251/csubst_w_s/csubst_input_alignment.fa.rate
  Ancestral state:               /mnt/data0/yue/2026-03-11-protein-convergence/results/OG_4251/csubst_w_s/csubst_input_alignment.fa.state
  Screen log file:               /mnt/data0/yue/2026-03-11-protein-convergence/results/OG_4251/csubst_w_s/csubst_input_alignment.fa.log

Date and Time: Fri Mar 27 13:14:18 2026
