IQ-TREE multicore version 2.4.0 for Linux x86 64-bit built Feb 12 2025
Developed by Bui Quang Minh, Nguyen Lam Tung, Olga Chernomor, Heiko Schmidt,
Dominik Schrempf, Michael Woodhams, Ly Trong Nhan, Thomas Wong

Host:    brain (AVX2, FMA3, 2015 GB RAM)
Command: /home/yue/miniconda3/envs/py39/bin/iqtree -s /mnt/data0/yue/2026-03-11-protein-convergence/results/OG_3836/csubst_w_s/csubst_input_alignment.fa -te tmp.csubst.nwk -m ECMK07+F+R4 --seqtype CODON1 --threads-max 1 -T AUTO --ancestral --rate --redo
Seed:    954007 (Using SPRNG - Scalable Parallel Random Number Generator)
Time:    Fri Mar 27 11:08:57 2026
Kernel:  AVX+FMA - auto-detect threads (128 CPU cores detected)

Reading alignment file /mnt/data0/yue/2026-03-11-protein-convergence/results/OG_3836/csubst_w_s/csubst_input_alignment.fa ... Fasta format detected
Reading fasta file: done in 0.00562878 secs using 92.86% CPU
Alignment most likely contains DNA/RNA sequences
Converting to codon sequences with genetic code 1 ...
WARNING: 1 sites contain only gaps or ambiguous characters.
Alignment has 73 sequences with 692 columns, 660 distinct patterns
352 parsimony-informative, 185 singleton sites, 155 constant sites
                                                                 Gap/Ambiguity  Composition  p-value
Analyzing sequences: done in 0.000291407 secs using 28.48% CPU
   1  DE560|Cluster-21236.0__TRINITY_DN8627_c0_g2_i3.p1                  1.01%    passed    100.00%
   2  DE476|Cluster-42925.0__TRINITY_DN3035_c1_g1_i1.p1                  0.14%    passed    100.00%
   3  JJ125|Cluster-37362.0__TRINITY_DN13720_c0_g1_i1.p1                23.27%    passed     99.99%
   4  DE575|Cluster-52950.1__TRINITY_DN10886_c0_g2_i4.p1                 0.14%    passed    100.00%
   5  DE229|Cluster-96313.0__TRINITY_DN1305_c2_g1_i6.p1                  0.72%    passed    100.00%
   6  DE509|Cluster-18209.0__TRINITY_DN7380_c0_g1_i9.p1                 22.83%    passed    100.00%
   7  JJ131|Cluster-46349.0__TRINITY_DN3938_c0_g1_i15.p1                14.60%    passed     99.99%
   8  DE523|Cluster-26799.0__TRINITY_DN79_c1_g1_i1.p1                   25.00%    passed     99.99%
   9  DE181|Cluster-55007.2__TRINITY_DN10322_c0_g1_i1.p1                40.03%    passed     12.04%
  10  DRR082660|Cluster-37404.0__TRINITY_DN11438_c0_g1_i6.p1             1.16%    passed    100.00%
  11  DE741|Cluster-19806.0__TRINITY_DN5659_c1_g1_i2.p1                  2.46%    passed    100.00%
  12  JJ89|Cluster-38031.0__TRINITY_DN113_c0_g1_i3.p1                    1.30%    passed    100.00%
  13  DE696-dots|Cluster-54426.2__TRINITY_DN447_c0_g3_i1.p1             48.12%    failed      0.01%
  14  JJ23|Cluster-19892.0__TRINITY_DN16074_c0_g1_i1.p1                 16.76%    passed    100.00%
  15  DE672|Cluster-53764.0__TRINITY_DN12153_c0_g1_i3.p1                76.88%    failed      0.22%
  16  DE151|Cluster-50385.0__TRINITY_DN8382_c0_g1_i4.p1                 15.90%    passed    100.00%
  17  JJ109|Cluster-14459.2__TRINITY_DN3956_c0_g1_i1.p1                  0.87%    passed    100.00%
  18  SRR3407095|Cluster-17686.0__TRINITY_DN17905_c0_g2_i2.p1           48.12%    failed      0.04%
  19  SRR3407093|Cluster-34009.0__TRINITY_DN4160_c0_g1_i2.p1             2.17%    passed    100.00%
  20  SRR3407092|Cluster-21090.1__TRINITY_DN12587_c0_g1_i9.p1           48.12%    failed      0.02%
  21  DE503|Cluster-52451.0__TRINITY_DN2259_c2_g3_i2.p1                 48.12%    failed      0.05%
  22  DE561|Cluster-37682.0__TRINITY_DN1304_c0_g3_i2.p1                  1.30%    passed    100.00%
  23  SRR3407086|Cluster-29778.1__TRINITY_DN64226_c0_g1_i2.p1           48.12%    failed      0.01%
  24  DE505|Cluster-42493.3__TRINITY_DN6620_c0_g1_i9.p1                 48.12%    failed      0.03%
  25  SRR3407096|Cluster-15114.0__TRINITY_DN11668_c0_g1_i1.p1           48.12%    failed      0.01%
  26  DRR234970|Cluster-45084.0__TRINITY_DN11590_c0_g1_i1.p1             3.18%    passed     99.76%
  27  JJ36|Cluster-26268.0__TRINITY_DN10964_c0_g2_i3.p1                 14.74%    passed    100.00%
  28  DE764|Cluster-42182.0__TRINITY_DN883_c0_g2_i2.p1                  15.75%    passed    100.00%
  29  DE519|Cluster-63173.0__TRINITY_DN5020_c0_g1_i4.p1                 61.85%    failed      0.05%
  30  DE549|Cluster-52441.0__TRINITY_DN13386_c2_g2_i1.p1                 0.87%    passed    100.00%
  31  DE696-nodots|Cluster-64026.1__TRINITY_DN4252_c0_g2_i2.p1           0.72%    passed    100.00%
  32  DE531|Cluster-45132.0__TRINITY_DN5872_c0_g1_i1.p1                 15.90%    passed    100.00%
  33  DE736|Cluster-17067.0__TRINITY_DN6971_c0_g2_i5.p1                 16.76%    passed    100.00%
  34  DE216|Cluster-80156.0__TRINITY_DN2105_c2_g1_i1.p1                 15.75%    passed    100.00%
  35  JJ15|Cluster-76990.0__TRINITY_DN4933_c1_g1_i1.p1                  15.75%    passed    100.00%
  36  DE173|Cluster-54474.4__TRINITY_DN6800_c0_g1_i25.p1                15.17%    passed    100.00%
  37  DE504|Cluster-49893.1__TRINITY_DN8772_c0_g1_i1.p1                 14.88%    passed    100.00%
  38  DE164|Cluster-60900.0__TRINITY_DN7871_c0_g1_i12.p1                10.98%    passed    100.00%
  39  DE737|Cluster-51441.0__TRINITY_DN9520_c0_g2_i6.p1                 23.55%    passed     99.99%
  40  DE550|Cluster-19548.0__TRINITY_DN6378_c0_g1_i10.p1                 0.72%    passed    100.00%
  41  DE189|Cluster-48979.1__TRINITY_DN7380_c0_g1_i5.p1                 62.28%    failed      0.46%
  42  DE541|Cluster-22430.3__TRINITY_DN3621_c2_g1_i5.p1                  0.14%    passed    100.00%
  43  DE88|Cluster-26946.1__TRINITY_DN3594_c2_g2_i1.p1                  48.12%    failed      0.01%
  44  DE643|Cluster-75571.0__TRINITY_DN4511_c0_g1_i9.p1                  0.58%    passed    100.00%
  45  DE671|Cluster-45165.1__TRINITY_DN6013_c1_g1_i2.p1                  0.58%    passed    100.00%
  46  JJ85|Cluster-9931.0__TRINITY_DN15952_c1_g2_i1.p1                   0.14%    passed    100.00%
  47  DE534|Cluster-75928.0__TRINITY_DN5431_c1_g1_i1.p1                 17.77%    passed    100.00%
  48  DE536|Cluster-31788.0__TRINITY_DN14649_c0_g1_i9.p1                14.02%    passed    100.00%
  49  DE115|Cluster-36672.0__TRINITY_DN4557_c2_g1_i1.p1                 16.33%    passed    100.00%
  50  JJ86|Cluster-33113.0__TRINITY_DN1523_c0_g2_i1.p1                   0.58%    passed    100.00%
  51  DE127|Cluster-29610.0__TRINITY_DN6993_c0_g1_i1.p1                  1.88%    passed    100.00%
  52  DE554|Cluster-52417.0__TRINITY_DN28289_c0_g1_i5.p1                 1.73%    passed    100.00%
  53  DE666|Cluster-15211.122__TRINITY_DN4931_c0_g1_i3.p1                1.45%    passed    100.00%
  54  DE546_urceolata_l|Cluster-34973.0__TRINITY_DN11630_c0_g1_i11.p1    0.43%    passed    100.00%
  55  DE704-purple|Cluster-47168.1__TRINITY_DN9504_c0_g1_i10.p1          0.87%    passed    100.00%
  56  DE704-white|Cluster-59135.0__TRINITY_DN867_c1_g1_i1.p1            15.32%    passed    100.00%
  57  DE765|Cluster-17798.0__TRINITY_DN947_c0_g3_i1.p1                  14.74%    passed    100.00%
  58  DE681|Cluster-36861.166__TRINITY_DN8602_c0_g1_i2.p1                0.14%    passed    100.00%
  59  DE563|Cluster-44564.0__TRINITY_DN16636_c0_g1_i6.p1                16.18%    passed    100.00%
  60  DE566|Cluster-25509.0__TRINITY_DN10504_c1_g1_i8.p1                 8.09%    passed    100.00%
  61  DE126|Cluster-15858.0__TRINITY_DN2995_c0_g2_i1.p1                  3.18%    passed    100.00%
  62  JJ74|Cluster-112603.1__TRINITY_DN8489_c0_g1_i4.p1                  0.58%    passed    100.00%
  63  SRR3407087|Cluster-32798.1__TRINITY_DN5223_c1_g1_i2.p1             2.31%    passed    100.00%
  64  JJ130|Cluster-13963.0__TRINITY_DN6771_c1_g1_i1.p1                 15.90%    passed    100.00%
  65  DE152|Cluster-38546.0__TRINITY_DN7248_c0_g2_i1.p1                 30.78%    passed     83.98%
  66  DE507|Cluster-15928.0__TRINITY_DN13805_c0_g1_i2.p1                12.72%    passed    100.00%
  67  DE528|Cluster-40089.0__TRINITY_DN14534_c0_g1_i1.p1                15.46%    passed    100.00%
  68  DE510|Cluster-42725.1__TRINITY_DN6961_c1_g1_i1.p1                  2.89%    passed    100.00%
  69  DE623|Cluster-52995.0__TRINITY_DN10954_c1_g1_i1.p1                 0.14%    passed    100.00%
  70  DE680|Cluster-15543.0__TRINITY_DN4207_c1_g1_i2.p1                  0.14%    passed    100.00%
  71  JJ99|Cluster-37815.0__TRINITY_DN18772_c0_g1_i2.p1                  0.87%    passed    100.00%
  72  DE162|Cluster-41436.0__TRINITY_DN493_c1_g1_i3.p1                   0.14%    passed    100.00%
  73  DE668|Cluster-54972.1__TRINITY_DN1514_c0_g1_i15.p1                 1.16%    passed    100.00%
WARNING: 3 sequences contain more than 50% gaps/ambiguity
****  TOTAL                                                             15.31%  11 sequences failed composition chi2 test (p-value<5%; df=60)
Reading input tree file tmp.csubst.nwk ... rooted tree

NOTE: 98 MB RAM (0 GB) is required!
Measuring multi-threading efficiency up to 1 CPU cores
2 trees examined
Threads: 1 / Time: 5.199 sec / Speedup: 1.000 / Efficiency: 100% / LogL: -22914
BEST NUMBER OF THREADS: 1

Estimate model parameters (epsilon = 0.010)
1. Initial log-likelihood: -22513.108
2. Current log-likelihood: -16501.734
3. Current log-likelihood: -16501.101
4. Current log-likelihood: -16500.923
5. Current log-likelihood: -16500.870
6. Current log-likelihood: -16500.854
Optimal log-likelihood: -16500.849
Nonsynonymous/synonymous ratio (omega): 1.000
Transition/transversion ratio (kappa): 1.000
Site proportion and rates:  (0.599,0.349) (0.207,1.084) (0.137,2.101) (0.057,4.885)
Parameters optimization took 6 rounds (95.602 sec)
Wrote distance file to... 
BEST SCORE FOUND : -16500.849
Ancestral state probabilities printed to /mnt/data0/yue/2026-03-11-protein-convergence/results/OG_3836/csubst_w_s/csubst_input_alignment.fa.state
Empirical proportions for each category: 0.668 0.162 0.120 0.051
Site rates printed to /mnt/data0/yue/2026-03-11-protein-convergence/results/OG_3836/csubst_w_s/csubst_input_alignment.fa.rate
Total tree length: 4.718

Total number of iterations: 0
CPU time used for tree search: 0.000 sec (0h:0m:0s)
Wall-clock time used for tree search: 0.000 sec (0h:0m:0s)
Total CPU time used: 103.650 sec (0h:1m:43s)
Total wall-clock time used: 103.944 sec (0h:1m:43s)

Analysis results written to: 
  IQ-TREE report:                /mnt/data0/yue/2026-03-11-protein-convergence/results/OG_3836/csubst_w_s/csubst_input_alignment.fa.iqtree
  Maximum-likelihood tree:       /mnt/data0/yue/2026-03-11-protein-convergence/results/OG_3836/csubst_w_s/csubst_input_alignment.fa.treefile
  Site-specific rates:           /mnt/data0/yue/2026-03-11-protein-convergence/results/OG_3836/csubst_w_s/csubst_input_alignment.fa.rate
  Ancestral state:               /mnt/data0/yue/2026-03-11-protein-convergence/results/OG_3836/csubst_w_s/csubst_input_alignment.fa.state
  Screen log file:               /mnt/data0/yue/2026-03-11-protein-convergence/results/OG_3836/csubst_w_s/csubst_input_alignment.fa.log

Date and Time: Fri Mar 27 11:10:41 2026
