IQ-TREE multicore version 2.4.0 for Linux x86 64-bit built Feb 12 2025
Developed by Bui Quang Minh, Nguyen Lam Tung, Olga Chernomor, Heiko Schmidt,
Dominik Schrempf, Michael Woodhams, Ly Trong Nhan, Thomas Wong

Host:    brain (AVX2, FMA3, 2015 GB RAM)
Command: /home/yue/miniconda3/envs/py39/bin/iqtree -s /mnt/data0/yue/2026-03-11-protein-convergence/results/OG_11039/csubst_w_s/csubst_input_alignment.fa -te tmp.csubst.nwk -m ECMK07+F+R4 --seqtype CODON1 --threads-max 1 -T AUTO --ancestral --rate --redo
Seed:    222791 (Using SPRNG - Scalable Parallel Random Number Generator)
Time:    Thu Mar 26 21:45:54 2026
Kernel:  AVX+FMA - auto-detect threads (128 CPU cores detected)

Reading alignment file /mnt/data0/yue/2026-03-11-protein-convergence/results/OG_11039/csubst_w_s/csubst_input_alignment.fa ... Fasta format detected
Reading fasta file: done in 0.00498781 secs using 60.01% CPU
Alignment most likely contains DNA/RNA sequences
Converting to codon sequences with genetic code 1 ...
Alignment has 61 sequences with 751 columns, 702 distinct patterns
428 parsimony-informative, 182 singleton sites, 141 constant sites
                                                               Gap/Ambiguity  Composition  p-value
Analyzing sequences: done in 0.000242218 secs using 99.08% CPU
   1  DE115|Cluster-56576.0__TRINITY_DN7190_c0_g1_i2.p1                1.73%    passed    100.00%
   2  JJ89|Cluster-34365.1__TRINITY_DN5647_c0_g1_i1.p1                 0.13%    passed    100.00%
   3  DE534|Cluster-61550.0__TRINITY_DN4767_c0_g2_i2.p1                2.40%    passed    100.00%
   4  SRR5150740|Cluster-60710.1__TRINITY_DN3610_c0_g1_i5.p1           8.12%    passed     89.49%
   5  DRR234970|Cluster-11432.0__TRINITY_DN9915_c0_g1_i1.p1            5.73%    passed     99.96%
   6  DE69|Cluster-33262.0__TRINITY_DN9915_c0_g1_i3.p1                 1.33%    passed    100.00%
   7  SRR3407095|Cluster-8909.0__TRINITY_DN4039_c0_g1_i1.p1            1.33%    passed    100.00%
   8  DE575|Cluster-57597.0__TRINITY_DN9345_c0_g1_i1.p1               34.09%    passed     98.81%
   9  DE765|Cluster-7869.0__TRINITY_DN12272_c0_g1_i2.p1                1.07%    passed    100.00%
  10  DE181|Cluster-46222.0__TRINITY_DN5257_c0_g1_i4.p1                1.46%    passed    100.00%
  11  SRR3407086|Cluster-22917.0__TRINITY_DN13445_c0_g1_i1.p1          1.46%    passed    100.00%
  12  DE503|Cluster-20202.0__TRINITY_DN5827_c0_g1_i1.p1                1.46%    passed    100.00%
  13  DE505|Cluster-18235.0__TRINITY_DN6334_c0_g1_i1.p1                1.46%    passed    100.00%
  14  DE510|Cluster-11294.0__TRINITY_DN8642_c0_g1_i3.p1                1.46%    passed    100.00%
  15  SRR3407087|Cluster-29260.0__TRINITY_DN44186_c0_g1_i1.p1          1.46%    passed    100.00%
  16  SRR3407093|Cluster-11044.0__TRINITY_DN36479_c0_g1_i1.p1          1.46%    passed    100.00%
  17  SRR3407094|Cluster-27758.0__TRINITY_DN10486_c0_g1_i1.p1         28.36%    passed     96.78%
  18  SRR3407092|Cluster-16593.0__TRINITY_DN7210_c0_g1_i1.p1           1.46%    passed    100.00%
  19  DE561|Cluster-45454.0__TRINITY_DN6580_c1_g1_i7.p1                1.46%    passed    100.00%
  20  SRR3424066|Cluster-32474.0__TRINITY_DN16896_c0_g1_i2.p1          1.46%    passed    100.00%
  21  SRR3407088|Cluster-35891.0__TRINITY_DN4650_c0_g1_i1.p1           1.46%    passed    100.00%
  22  DE127|Cluster-36717.0__TRINITY_DN5779_c0_g1_i2.p1                0.53%    passed    100.00%
  23  DE554|Cluster-40558.0__TRINITY_DN4887_c3_g1_i1.p1                0.53%    passed    100.00%
  24  DE546_urceolata_l|Cluster-41896.0__TRINITY_DN3692_c2_g1_i1.p1    0.13%    passed    100.00%
  25  DE666|Cluster-13867.0__TRINITY_DN57439_c0_g1_i1.p1               2.13%    passed    100.00%
  26  DE162|Cluster-39460.0__TRINITY_DN5725_c1_g1_i1.p1                0.27%    passed    100.00%
  27  DE704-purple|Cluster-30657.0__TRINITY_DN20809_c0_g1_i7.p1        0.27%    passed    100.00%
  28  DE507|Cluster-36283.0__TRINITY_DN2596_c1_g1_i2.p1                0.27%    passed    100.00%
  29  DE704-white|Cluster-71073.0__TRINITY_DN6372_c0_g1_i5.p1          0.27%    passed    100.00%
  30  DE528|Cluster-41616.0__TRINITY_DN3384_c0_g1_i2.p1                0.27%    passed    100.00%
  31  DE563|Cluster-47282.0__TRINITY_DN28166_c0_g1_i6.p1               0.13%    passed    100.00%
  32  DE623|Cluster-37255.0__TRINITY_DN4746_c0_g1_i4.p1                0.13%    passed    100.00%
  33  DE680|Cluster-42777.0__TRINITY_DN6163_c0_g2_i1.p1                0.13%    passed    100.00%
  34  JJ86|Cluster-35535.0__TRINITY_DN5678_c0_g1_i1.p1                 1.60%    passed    100.00%
  35  SRR3407096|Cluster-27677.0__TRINITY_DN12484_c0_g1_i2.p1          0.13%    passed    100.00%
  36  DE523|Cluster-20604.0__TRINITY_DN4146_c0_g1_i1.p1                0.13%    passed    100.00%
  37  DE519|Cluster-8743.0__TRINITY_DN19507_c0_g2_i6.p1               15.58%    passed    100.00%
  38  DE741|Cluster-61471.0__TRINITY_DN277_c0_g1_i5.p1                 0.13%    passed    100.00%
  39  JJ109|Cluster-41315.1__TRINITY_DN4407_c0_g1_i2.p1                4.39%    passed    100.00%
  40  JJ130|Cluster-10730.0__TRINITY_DN1986_c0_g1_i3.p1                4.39%    passed    100.00%
  41  DE531|Cluster-33805.0__TRINITY_DN2062_c0_g2_i2.p1                0.13%    passed    100.00%
  42  DE696-nodots|Cluster-43907.36__TRINITY_DN1282_c0_g1_i7.p1        2.66%    passed    100.00%
  43  JJ36|Cluster-33165.0__TRINITY_DN29016_c0_g2_i4.p1                1.73%    passed    100.00%
  44  DE696-dots|Cluster-51150.0__TRINITY_DN3758_c1_g2_i10.p1          2.66%    passed    100.00%
  45  DE671|Cluster-22437.2__TRINITY_DN5819_c0_g1_i3.p1                0.13%    passed    100.00%
  46  DE736|Cluster-54121.0__TRINITY_DN6434_c0_g1_i4.p1                0.13%    passed    100.00%
  47  DE764|Cluster-28927.0__TRINITY_DN10046_c0_g1_i1.p1               1.20%    passed    100.00%
  48  DE88|Cluster-29064.0__TRINITY_DN4561_c0_g1_i6.p1                 1.73%    passed    100.00%
  49  DRR082660|Cluster-13950.0__TRINITY_DN7642_c0_g1_i1.p1            0.13%    passed    100.00%
  50  DE550|Cluster-42037.0__TRINITY_DN6570_c0_g1_i1.p1                0.13%    passed    100.00%
  51  JJ85|Cluster-6592.0__TRINITY_DN5078_c0_g5_i1.p1                  1.20%    passed    100.00%
  52  DE560|Cluster-48578.0__TRINITY_DN16190_c0_g1_i2.p1               0.13%    passed    100.00%
  53  JJ125|Cluster-39391.0__TRINITY_DN8529_c0_g1_i2.p1                1.86%    passed    100.00%
  54  DE668|Cluster-48674.0__TRINITY_DN5332_c0_g1_i2.p1                0.27%    passed    100.00%
  55  DE536|Cluster-42113.0__TRINITY_DN15051_c0_g1_i8.p1               2.53%    passed    100.00%
  56  DE152|Cluster-49308.0__TRINITY_DN4033_c0_g1_i2.p1                0.13%    passed    100.00%
  57  JJ99|Cluster-38133.0__TRINITY_DN9710_c0_g2_i3.p1                 0.13%    passed    100.00%
  58  DE229|Cluster-90524.0__TRINITY_DN85579_c1_g1_i4.p1               0.13%    passed    100.00%
  59  JJ23|Cluster-2627.0__TRINITY_DN3818_c6_g1_i2.p1                  3.33%    passed    100.00%
  60  DE566|Cluster-43201.1__TRINITY_DN4615_c0_g1_i24.p1               2.40%    passed    100.00%
  61  JJ131|Cluster-64102.1__TRINITY_DN5986_c0_g1_i2.p1                3.20%    passed    100.00%
****  TOTAL                                                            2.59%  0 sequences failed composition chi2 test (p-value<5%; df=60)
Reading input tree file tmp.csubst.nwk ... rooted tree

NOTE: 87 MB RAM (0 GB) is required!
Measuring multi-threading efficiency up to 1 CPU cores
2 trees examined
Threads: 1 / Time: 4.577 sec / Speedup: 1.000 / Efficiency: 100% / LogL: -20956
BEST NUMBER OF THREADS: 1

Estimate model parameters (epsilon = 0.010)
1. Initial log-likelihood: -22500.682
2. Current log-likelihood: -14886.577
3. Current log-likelihood: -14871.684
4. Current log-likelihood: -14871.592
5. Current log-likelihood: -14871.528
6. Current log-likelihood: -14871.480
7. Current log-likelihood: -14871.440
8. Current log-likelihood: -14871.406
9. Current log-likelihood: -14871.375
10. Current log-likelihood: -14871.348
11. Current log-likelihood: -14871.323
12. Current log-likelihood: -14871.300
13. Current log-likelihood: -14871.279
14. Current log-likelihood: -14871.260
15. Current log-likelihood: -14871.242
16. Current log-likelihood: -14871.225
17. Current log-likelihood: -14871.209
18. Current log-likelihood: -14871.195
19. Current log-likelihood: -14871.181
20. Current log-likelihood: -14871.168
21. Current log-likelihood: -14871.156
22. Current log-likelihood: -14871.145
23. Current log-likelihood: -14871.134
Optimal log-likelihood: -14871.125
Nonsynonymous/synonymous ratio (omega): 1.000
Transition/transversion ratio (kappa): 1.000
Site proportion and rates:  (0.499,0.445) (0.411,1.235) (0.070,2.751) (0.020,3.910)
Parameters optimization took 23 rounds (348.315 sec)
Wrote distance file to... 
BEST SCORE FOUND : -14871.125
Ancestral state probabilities printed to /mnt/data0/yue/2026-03-11-protein-convergence/results/OG_11039/csubst_w_s/csubst_input_alignment.fa.state
Empirical proportions for each category: 0.545 0.397 0.052 0.007
Site rates printed to /mnt/data0/yue/2026-03-11-protein-convergence/results/OG_11039/csubst_w_s/csubst_input_alignment.fa.rate
Total tree length: 2.848

Total number of iterations: 0
CPU time used for tree search: 0.000 sec (0h:0m:0s)
Wall-clock time used for tree search: 0.000 sec (0h:0m:0s)
Total CPU time used: 355.879 sec (0h:5m:55s)
Total wall-clock time used: 356.201 sec (0h:5m:56s)

Analysis results written to: 
  IQ-TREE report:                /mnt/data0/yue/2026-03-11-protein-convergence/results/OG_11039/csubst_w_s/csubst_input_alignment.fa.iqtree
  Maximum-likelihood tree:       /mnt/data0/yue/2026-03-11-protein-convergence/results/OG_11039/csubst_w_s/csubst_input_alignment.fa.treefile
  Site-specific rates:           /mnt/data0/yue/2026-03-11-protein-convergence/results/OG_11039/csubst_w_s/csubst_input_alignment.fa.rate
  Ancestral state:               /mnt/data0/yue/2026-03-11-protein-convergence/results/OG_11039/csubst_w_s/csubst_input_alignment.fa.state
  Screen log file:               /mnt/data0/yue/2026-03-11-protein-convergence/results/OG_11039/csubst_w_s/csubst_input_alignment.fa.log

Date and Time: Thu Mar 26 21:51:50 2026
