IQ-TREE multicore version 2.4.0 for Linux x86 64-bit built Feb 12 2025
Developed by Bui Quang Minh, Nguyen Lam Tung, Olga Chernomor, Heiko Schmidt,
Dominik Schrempf, Michael Woodhams, Ly Trong Nhan, Thomas Wong

Host:    brain (AVX2, FMA3, 2015 GB RAM)
Command: /home/yue/miniconda3/envs/py39/bin/iqtree -s /mnt/data0/yue/2026-03-11-protein-convergence/results/OG_11562/csubst_w_s/csubst_input_alignment.fa -te tmp.csubst.nwk -m ECMK07+F+R4 --seqtype CODON1 --threads-max 1 -T AUTO --ancestral --rate --redo
Seed:    636644 (Using SPRNG - Scalable Parallel Random Number Generator)
Time:    Thu Mar 26 22:28:50 2026
Kernel:  AVX+FMA - auto-detect threads (128 CPU cores detected)

Reading alignment file /mnt/data0/yue/2026-03-11-protein-convergence/results/OG_11562/csubst_w_s/csubst_input_alignment.fa ... Fasta format detected
Reading fasta file: done in 0.000748336 secs using 24.86% CPU
Alignment most likely contains DNA/RNA sequences
Converting to codon sequences with genetic code 1 ...
Alignment has 59 sequences with 222 columns, 218 distinct patterns
101 parsimony-informative, 73 singleton sites, 48 constant sites
                                                              Gap/Ambiguity  Composition  p-value
Analyzing sequences: done in 3.94136e-05 secs using 98.95% CPU
   1  DE643|Cluster-65708.1__TRINITY_DN25499_c0_g1_i5.p1              6.31%    passed    100.00%
   2  DE509|Cluster-30841.0__TRINITY_DN4769_c0_g1_i1.p1              11.71%    passed    100.00%
   3  DE476|Cluster-56952.0__TRINITY_DN5628_c0_g1_i1.p1              13.96%    passed    100.00%
   4  DE764|Cluster-46871.0__TRINITY_DN6022_c0_g1_i2.p1              17.12%    passed    100.00%
   5  DE549|Cluster-50193.0__TRINITY_DN4370_c0_g1_i15.p1             15.77%    passed    100.00%
   6  DE504|Cluster-51713.0__TRINITY_DN4602_c0_g1_i20.p1             17.12%    passed    100.00%
   7  DE737|Cluster-54572.0__TRINITY_DN271_c0_g2_i8.p1               17.57%    passed    100.00%
   8  DE173|Cluster-25392.0__TRINITY_DN4907_c0_g1_i1.p1              26.58%    passed    100.00%
   9  DE189|Cluster-42692.0__TRINITY_DN4841_c0_g1_i6.p1              43.69%    passed     96.11%
  10  JJ109|Cluster-20672.0__TRINITY_DN7213_c0_g1_i2.p1              11.71%    passed    100.00%
  11  DE696-dots|Cluster-55999.0__TRINITY_DN11485_c0_g1_i15.p1       15.32%    passed    100.00%
  12  DE696-nodots|Cluster-56152.0__TRINITY_DN14903_c1_g1_i7.p1      15.32%    passed    100.00%
  13  DE88|Cluster-25666.0__TRINITY_DN8579_c0_g1_i2.p1               44.59%    passed     99.94%
  14  DE541|Cluster-43683.0__TRINITY_DN1999_c0_g1_i6.p1              17.12%    passed    100.00%
  15  JJ130|Cluster-29135.0__TRINITY_DN12824_c0_g1_i1.p1             11.71%    passed    100.00%
  16  JJ15|Cluster-47515.0__TRINITY_DN19012_c0_g1_i2.p1               0.00%    passed    100.00%
  17  DE126|Cluster-29079.0__TRINITY_DN2871_c1_g1_i4.p1              17.12%    passed     99.99%
  18  SRR3407095|Cluster-41465.0__TRINITY_DN11451_c0_g1_i4.p1         0.00%    passed    100.00%
  19  DE519|Cluster-69830.0__TRINITY_DN4090_c0_g1_i3.p1              17.12%    passed     99.97%
  20  DE560|Cluster-46601.0__TRINITY_DN1639_c0_g1_i10.p1              7.21%    passed     99.70%
  21  DE115|Cluster-42060.0__TRINITY_DN13246_c0_g1_i1.p1              0.00%    passed     99.53%
  22  DE151|Cluster-24610.0__TRINITY_DN6736_c0_g1_i5.p1              43.69%    passed     99.99%
  23  DE510|Cluster-33829.0__TRINITY_DN2909_c0_g1_i7.p1              55.41%    passed     99.49%
  24  SRR3424066|Cluster-31698.0__TRINITY_DN27875_c0_g1_i1.p1         0.00%    passed    100.00%
  25  DE561|Cluster-49245.0__TRINITY_DN3677_c0_g1_i2.p1              43.69%    passed     99.99%
  26  SRR3407086|Cluster-25338.0__TRINITY_DN4882_c0_g1_i4.p1         43.69%    passed     99.99%
  27  SRR3407087|Cluster-44184.0__TRINITY_DN45145_c0_g1_i1.p1         0.00%    passed    100.00%
  28  SRR3407088|Cluster-7795.0__TRINITY_DN11076_c0_g1_i1.p1          0.00%    passed    100.00%
  29  SRR3407093|Cluster-29635.0__TRINITY_DN11067_c0_g1_i2.p1         0.00%    passed    100.00%
  30  JJ85|Cluster-22684.0__TRINITY_DN4987_c0_g1_i3.p1                0.00%    passed    100.00%
  31  DRR082660|Cluster-440.0__TRINITY_DN12570_c0_g4_i1.p1           14.86%    passed    100.00%
  32  JJ131|Cluster-5430.0__TRINITY_DN8775_c0_g1_i10.p1               0.00%    passed    100.00%
  33  JJ86|Cluster-51580.2__TRINITY_DN14857_c0_g1_i3.p1              43.69%    passed     99.94%
  34  DE546_urceolata_l|Cluster-45565.0__TRINITY_DN999_c0_g1_i1.p1   43.69%    passed     99.92%
  35  DE554|Cluster-60448.0__TRINITY_DN3698_c0_g1_i6.p1              43.69%    passed     99.99%
  36  JJ74|Cluster-87867.0__TRINITY_DN56522_c0_g1_i2.p1               0.00%    passed    100.00%
  37  DE736|Cluster-6457.0__TRINITY_DN3852_c0_g1_i12.p1              43.69%    passed     99.99%
  38  DE563|Cluster-32395.0__TRINITY_DN3609_c0_g1_i1.p1              43.69%    passed     96.04%
  39  DE575|Cluster-42700.0__TRINITY_DN3273_c0_g1_i12.p1             43.69%    passed     99.13%
  40  DE681|Cluster-49768.3__TRINITY_DN7200_c0_g1_i13.p1             43.69%    passed     98.85%
  41  DE164|Cluster-5985.1__TRINITY_DN8538_c0_g1_i1.p1                0.00%    passed    100.00%
  42  JJ36|Cluster-41848.0__TRINITY_DN4231_c0_g1_i3.p1               43.69%    passed     99.99%
  43  JJ99|Cluster-47816.0__TRINITY_DN10402_c0_g1_i6.p1               1.80%    passed    100.00%
  44  DE704-purple|Cluster-34576.0__TRINITY_DN4201_c0_g1_i6.p1       43.69%    passed     99.84%
  45  DE704-white|Cluster-59443.0__TRINITY_DN3012_c0_g1_i30.p1       43.69%    passed     99.84%
  46  DE741|Cluster-56530.0__TRINITY_DN1730_c0_g1_i9.p1              27.93%    passed     99.84%
  47  DE229|Cluster-47347.0__TRINITY_DN818_c0_g1_i6.p1               51.35%    passed     96.59%
  48  JJ125|Cluster-20473.2__TRINITY_DN1634_c1_g1_i6.p1              16.22%    passed    100.00%
  49  DE528|Cluster-54579.0__TRINITY_DN5878_c0_g1_i40.p1             15.32%    passed    100.00%
  50  DE765|Cluster-53105.0__TRINITY_DN1871_c0_g1_i35.p1             15.32%    passed    100.00%
  51  DE127|Cluster-31197.0__TRINITY_DN3568_c0_g1_i7.p1              11.71%    passed    100.00%
  52  DE666|Cluster-35118.0__TRINITY_DN2748_c0_g1_i20.p1             44.59%    passed    100.00%
  53  DE523|Cluster-34560.0__TRINITY_DN4112_c0_g1_i12.p1             30.18%    failed      2.73%
  54  SRR3407094|Cluster-34386.0__TRINITY_DN12115_c0_g1_i1.p1         0.00%    passed    100.00%
  55  SRR3407096|Cluster-33682.0__TRINITY_DN5541_c0_g1_i2.p1         43.69%    passed     99.47%
  56  DE69|Cluster-47785.0__TRINITY_DN1667_c0_g1_i1.p1               43.69%    passed     99.92%
  57  DE534|Cluster-38277.0__TRINITY_DN12864_c0_g1_i1.p1             11.71%    passed    100.00%
  58  DE152|Cluster-55059.0__TRINITY_DN4106_c0_g1_i12.p1             19.82%    passed    100.00%
  59  DE623|Cluster-50210.0__TRINITY_DN4098_c0_g1_i2.p1              15.32%    passed    100.00%
WARNING: 2 sequences contain more than 50% gaps/ambiguity
****  TOTAL                                                          22.27%  1 sequences failed composition chi2 test (p-value<5%; df=60)
WARNING: States(s) CGC, GCG rarely appear in alignment and may cause numerical problems
Reading input tree file tmp.csubst.nwk ... rooted tree

NOTE: 31 MB RAM (0 GB) is required!
Measuring multi-threading efficiency up to 1 CPU cores
2 trees examined
Threads: 1 / Time: 2.015 sec / Speedup: 1.000 / Efficiency: 100% / LogL: -5818
BEST NUMBER OF THREADS: 1

Estimate model parameters (epsilon = 0.010)
1. Initial log-likelihood: -5855.134
2. Current log-likelihood: -4635.695
3. Current log-likelihood: -4635.679
Optimal log-likelihood: -4635.672
Nonsynonymous/synonymous ratio (omega): 1.000
Transition/transversion ratio (kappa): 1.000
Site proportion and rates:  (0.521,0.335) (0.300,0.804) (0.115,2.165) (0.065,5.181)
Parameters optimization took 3 rounds (17.041 sec)
Wrote distance file to... 
BEST SCORE FOUND : -4635.672
Ancestral state probabilities printed to /mnt/data0/yue/2026-03-11-protein-convergence/results/OG_11562/csubst_w_s/csubst_input_alignment.fa.state
Empirical proportions for each category: 0.617 0.221 0.095 0.068
Site rates printed to /mnt/data0/yue/2026-03-11-protein-convergence/results/OG_11562/csubst_w_s/csubst_input_alignment.fa.rate
Total tree length: 4.208

Total number of iterations: 0
CPU time used for tree search: 0.000 sec (0h:0m:0s)
Wall-clock time used for tree search: 0.000 sec (0h:0m:0s)
Total CPU time used: 20.058 sec (0h:0m:20s)
Total wall-clock time used: 20.194 sec (0h:0m:20s)

Analysis results written to: 
  IQ-TREE report:                /mnt/data0/yue/2026-03-11-protein-convergence/results/OG_11562/csubst_w_s/csubst_input_alignment.fa.iqtree
  Maximum-likelihood tree:       /mnt/data0/yue/2026-03-11-protein-convergence/results/OG_11562/csubst_w_s/csubst_input_alignment.fa.treefile
  Site-specific rates:           /mnt/data0/yue/2026-03-11-protein-convergence/results/OG_11562/csubst_w_s/csubst_input_alignment.fa.rate
  Ancestral state:               /mnt/data0/yue/2026-03-11-protein-convergence/results/OG_11562/csubst_w_s/csubst_input_alignment.fa.state
  Screen log file:               /mnt/data0/yue/2026-03-11-protein-convergence/results/OG_11562/csubst_w_s/csubst_input_alignment.fa.log

Date and Time: Thu Mar 26 22:29:10 2026
