IQ-TREE multicore version 2.4.0 for Linux x86 64-bit built Feb 12 2025
Developed by Bui Quang Minh, Nguyen Lam Tung, Olga Chernomor, Heiko Schmidt,
Dominik Schrempf, Michael Woodhams, Ly Trong Nhan, Thomas Wong

Host:    brain (AVX2, FMA3, 2015 GB RAM)
Command: /home/yue/miniconda3/envs/py39/bin/iqtree -s /mnt/data0/yue/2026-03-11-protein-convergence/results/OG_5185/csubst_w_s/csubst_input_alignment.fa -te tmp.csubst.nwk -m ECMK07+F+R4 --seqtype CODON1 --threads-max 1 -T AUTO --ancestral --rate --redo
Seed:    558422 (Using SPRNG - Scalable Parallel Random Number Generator)
Time:    Fri Mar 27 16:57:51 2026
Kernel:  AVX+FMA - auto-detect threads (128 CPU cores detected)

Reading alignment file /mnt/data0/yue/2026-03-11-protein-convergence/results/OG_5185/csubst_w_s/csubst_input_alignment.fa ... Fasta format detected
Reading fasta file: done in 0.00233449 secs using 27.8% CPU
Alignment most likely contains DNA/RNA sequences
Converting to codon sequences with genetic code 1 ...
Alignment has 78 sequences with 619 columns, 588 distinct patterns
328 parsimony-informative, 153 singleton sites, 138 constant sites
                                                              Gap/Ambiguity  Composition  p-value
Analyzing sequences: done in 0.000107497 secs using 99.54% CPU
   1  DE681|Cluster-64332.0__TRINITY_DN5000_c0_g1_i12.p1              4.36%    passed    100.00%
   2  DE561|Cluster-43533.0__TRINITY_DN611_c1_g1_i1.p1               25.36%    passed    100.00%
   3  DE531|Cluster-42814.0__TRINITY_DN400_c0_g1_i1.p1               27.63%    passed    100.00%
   4  DE696-nodots|Cluster-26830.0__TRINITY_DN3110_c1_g1_i1.p1       27.63%    passed    100.00%
   5  DRR082660|Cluster-6372.0__TRINITY_DN2833_c1_g1_i1.p1           17.12%    passed    100.00%
   6  DE741|Cluster-44833.0__TRINITY_DN89_c1_g1_i4.p1                34.73%    passed    100.00%
   7  DE666|Cluster-45303.0__TRINITY_DN1297_c0_g2_i2.p1              25.85%    passed     99.99%
   8  SRR3407087|Cluster-10864.0__TRINITY_DN4_c0_g2_i2.p1            27.63%    passed    100.00%
   9  DE523|Cluster-47822.0__TRINITY_DN11028_c0_g1_i4.p1             25.53%    passed    100.00%
  10  DE115|Cluster-59391.0__TRINITY_DN1343_c0_g2_i2.p1              19.39%    passed    100.00%
  11  DE575|Cluster-65975.0__TRINITY_DN217_c0_g2_i1.p1                0.00%    passed    100.00%
  12  DE765|Cluster-14443.0__TRINITY_DN4541_c0_g1_i2.p1               0.00%    passed    100.00%
  13  DE127|Cluster-38313.0__TRINITY_DN783_c0_g1_i1.p1                0.00%    passed    100.00%
  14  DE554|Cluster-15343.0__TRINITY_DN4383_c0_g2_i1.p1               0.00%    passed    100.00%
  15  DE162|Cluster-45315.0__TRINITY_DN5840_c0_g1_i7.p1               0.00%    passed    100.00%
  16  DE507|Cluster-77194.0__TRINITY_DN490_c0_g2_i1.p1                0.00%    passed    100.00%
  17  DE528|Cluster-38245.1__TRINITY_DN530_c0_g1_i5.p1                0.00%    passed    100.00%
  18  DE704-purple|Cluster-8176.0__TRINITY_DN1863_c0_g3_i1.p1         0.00%    passed    100.00%
  19  DE623|Cluster-56817.0__TRINITY_DN5758_c0_g2_i2.p1               0.00%    passed    100.00%
  20  DE680|Cluster-49311.0__TRINITY_DN2459_c0_g1_i1.p1              19.22%    passed    100.00%
  21  DE668|Cluster-61033.0__TRINITY_DN1288_c0_g1_i2.p1               0.00%    passed    100.00%
  22  DE546_urceolata_l|Cluster-35996.0__TRINITY_DN553_c0_g1_i1.p1    0.00%    passed    100.00%
  23  JJ23|Cluster-1281.0__TRINITY_DN5611_c0_g1_i1.p1                 0.00%    passed    100.00%
  24  JJ99|Cluster-53137.0__TRINITY_DN167_c0_g1_i5.p1                19.22%    passed    100.00%
  25  DE563|Cluster-36700.0__TRINITY_DN584_c0_g1_i1.p1                0.00%    passed    100.00%
  26  DE126|Cluster-24499.0__TRINITY_DN1394_c0_g1_i4.p1               0.00%    passed    100.00%
  27  DE152|Cluster-36363.0__TRINITY_DN511_c0_g2_i1.p1                0.00%    passed    100.00%
  28  JJ85|Cluster-11476.0__TRINITY_DN56211_c0_g1_i1.p1               0.00%    passed    100.00%
  29  DE229|Cluster-50409.3__TRINITY_DN2166_c0_g2_i3.p1               0.00%    passed    100.00%
  30  JJ74|Cluster-107829.0__TRINITY_DN11364_c0_g2_i1.p1              0.00%    passed    100.00%
  31  SRR3407095|Cluster-4265.0__TRINITY_DN4304_c0_g2_i1.p1           0.00%    passed    100.00%
  32  DE69|Cluster-46112.0__TRINITY_DN51_c0_g2_i2.p1                  0.00%    passed    100.00%
  33  JJ125|Cluster-17365.0__TRINITY_DN672_c0_g2_i1.p1                0.97%    passed    100.00%
  34  DE151|Cluster-21182.0__TRINITY_DN1648_c0_g1_i2.p1               4.52%    passed    100.00%
  35  JJ109|Cluster-18977.0__TRINITY_DN1187_c0_g1_i3.p1              33.44%    passed     99.99%
  36  DE560|Cluster-5894.0__TRINITY_DN4568_c0_g2_i2.p1                0.00%    passed    100.00%
  37  DE216|Cluster-37339.0__TRINITY_DN13868_c0_g3_i1.p1              0.00%    passed    100.00%
  38  JJ15|Cluster-32050.0__TRINITY_DN10896_c1_g1_i2.p1              33.28%    passed    100.00%
  39  DE542|Cluster-49624.1__TRINITY_DN567_c3_g1_i2.p1               20.84%    passed    100.00%
  40  DE536|Cluster-26683.0__TRINITY_DN11326_c0_g3_i2.p1              0.00%    passed    100.00%
  41  SRR3407096|Cluster-9090.0__TRINITY_DN141_c0_g1_i1.p1            0.00%    passed    100.00%
  42  DE181|Cluster-32796.0__TRINITY_DN1904_c1_g1_i2.p1              27.63%    passed    100.00%
  43  SRR3407086|Cluster-13196.0__TRINITY_DN1400_c0_g2_i1.p1          0.00%    passed    100.00%
  44  DE503|Cluster-42642.0__TRINITY_DN841_c0_g3_i2.p1               27.63%    passed    100.00%
  45  DE505|Cluster-27292.0__TRINITY_DN449_c0_g1_i4.p1               27.63%    passed    100.00%
  46  DE510|Cluster-31547.0__TRINITY_DN103_c0_g2_i1.p1               16.64%    passed    100.00%
  47  SRR3407092|Cluster-15473.1__TRINITY_DN168_c0_g1_i4.p1           0.00%    passed    100.00%
  48  SRR3407094|Cluster-4608.0__TRINITY_DN1145_c0_g1_i2.p1           0.00%    passed    100.00%
  49  SRR3407093|Cluster-22711.0__TRINITY_DN214_c0_g2_i1.p1           0.00%    passed    100.00%
  50  SRR3424066|Cluster-23599.0__TRINITY_DN157_c0_g1_i3.p1           0.00%    passed    100.00%
  51  SRR3407088|Cluster-36743.0__TRINITY_DN375_c0_g2_i1.p1           0.00%    passed    100.00%
  52  DE519|Cluster-53764.0__TRINITY_DN5655_c0_g1_i1.p1              34.73%    passed     99.99%
  53  DE509|Cluster-42561.0__TRINITY_DN1013_c0_g2_i1.p1              10.02%    passed    100.00%
  54  DE164|Cluster-24980.0__TRINITY_DN2015_c0_g1_i1.p1               0.00%    passed    100.00%
  55  DE541|Cluster-19670.0__TRINITY_DN240_c0_g1_i2.p1                0.00%    passed    100.00%
  56  DE672|Cluster-45466.0__TRINITY_DN704_c3_g1_i2.p1                0.00%    passed    100.00%
  57  DE504|Cluster-36688.0__TRINITY_DN71_c0_g1_i1.p1                16.64%    passed    100.00%
  58  DE88|Cluster-20518.0__TRINITY_DN853_c0_g1_i2.p1                 0.00%    passed    100.00%
  59  DE643|Cluster-61280.0__TRINITY_DN1428_c0_g3_i1.p1               0.00%    passed    100.00%
  60  DE671|Cluster-15683.0__TRINITY_DN16010_c0_g1_i2.p1              0.00%    passed    100.00%
  61  DE476|Cluster-61646.1__TRINITY_DN134_c0_g8_i1.p1                0.00%    passed    100.00%
  62  JJ89|Cluster-15969.1__TRINITY_DN1130_c0_g3_i2.p1                0.00%    passed    100.00%
  63  DE737|Cluster-9998.0__TRINITY_DN6184_c0_g2_i1.p1                0.00%    passed    100.00%
  64  DE173|Cluster-4005.0__TRINITY_DN6012_c0_g1_i1.p1               27.63%    passed    100.00%
  65  DE550|Cluster-48225.0__TRINITY_DN720_c0_g1_i2.p1               27.63%    passed    100.00%
  66  DE189|Cluster-35539.0__TRINITY_DN196_c1_g1_i2.p1               27.63%    passed    100.00%
  67  DE549|Cluster-41092.0__TRINITY_DN7997_c0_g2_i6.p1              27.63%    passed    100.00%
  68  JJ130|Cluster-32106.2__TRINITY_DN389_c0_g7_i1.p1                0.16%    passed    100.00%
  69  DE696-dots|Cluster-4196.0__TRINITY_DN2004_c2_g1_i1.p1           0.00%    passed    100.00%
  70  JJ36|Cluster-39012.0__TRINITY_DN11945_c0_g1_i2.p1              34.41%    passed    100.00%
  71  DE736|Cluster-15646.0__TRINITY_DN4096_c0_g1_i1.p1               0.00%    passed    100.00%
  72  DE764|Cluster-31291.0__TRINITY_DN5634_c0_g1_i6.p1               0.00%    passed    100.00%
  73  DE566|Cluster-46029.1__TRINITY_DN19353_c0_g1_i4.p1              0.00%    passed    100.00%
  74  SRR5150740|Cluster-64848.0__TRINITY_DN9763_c0_g2_i1.p1          0.32%    passed     97.13%
  75  DRR234970|Cluster-54298.0__TRINITY_DN564_c0_g1_i2.p1            0.16%    passed    100.00%
  76  JJ131|Cluster-30274.0__TRINITY_DN7728_c0_g2_i1.p1               1.94%    passed    100.00%
  77  JJ131|Cluster-54340.0__TRINITY_DN26692_c0_g1_i1.p1             83.20%    passed     24.17%
  78  SRR104381|Cluster-32811.0__TRINITY_DN8973_c0_g1_i29.p1         39.74%    passed     52.40%
WARNING: 1 sequences contain more than 50% gaps/ambiguity
****  TOTAL                                                          10.23%  0 sequences failed composition chi2 test (p-value<5%; df=60)
Reading input tree file tmp.csubst.nwk ... rooted tree

NOTE: 95 MB RAM (0 GB) is required!
Measuring multi-threading efficiency up to 1 CPU cores
2 trees examined
Threads: 1 / Time: 4.983 sec / Speedup: 1.000 / Efficiency: 100% / LogL: -17442
BEST NUMBER OF THREADS: 1

Estimate model parameters (epsilon = 0.010)
1. Initial log-likelihood: -18760.582
2. Current log-likelihood: -12389.273
3. Current log-likelihood: -12373.741
4. Current log-likelihood: -12373.720
5. Current log-likelihood: -12373.705
6. Current log-likelihood: -12373.692
7. Current log-likelihood: -12373.681
8. Current log-likelihood: -12373.671
Optimal log-likelihood: -12373.662
Nonsynonymous/synonymous ratio (omega): 1.000
Transition/transversion ratio (kappa): 1.000
Site proportion and rates:  (0.551,0.423) (0.281,1.143) (0.145,2.363) (0.023,4.411)
Parameters optimization took 8 rounds (116.274 sec)
Wrote distance file to... 
BEST SCORE FOUND : -12373.662
Ancestral state probabilities printed to /mnt/data0/yue/2026-03-11-protein-convergence/results/OG_5185/csubst_w_s/csubst_input_alignment.fa.state
Empirical proportions for each category: 0.640 0.221 0.126 0.013
Site rates printed to /mnt/data0/yue/2026-03-11-protein-convergence/results/OG_5185/csubst_w_s/csubst_input_alignment.fa.rate
Total tree length: 3.092

Total number of iterations: 0
CPU time used for tree search: 0.000 sec (0h:0m:0s)
Wall-clock time used for tree search: 0.000 sec (0h:0m:0s)
Total CPU time used: 123.723 sec (0h:2m:3s)
Total wall-clock time used: 124.040 sec (0h:2m:4s)

Analysis results written to: 
  IQ-TREE report:                /mnt/data0/yue/2026-03-11-protein-convergence/results/OG_5185/csubst_w_s/csubst_input_alignment.fa.iqtree
  Maximum-likelihood tree:       /mnt/data0/yue/2026-03-11-protein-convergence/results/OG_5185/csubst_w_s/csubst_input_alignment.fa.treefile
  Site-specific rates:           /mnt/data0/yue/2026-03-11-protein-convergence/results/OG_5185/csubst_w_s/csubst_input_alignment.fa.rate
  Ancestral state:               /mnt/data0/yue/2026-03-11-protein-convergence/results/OG_5185/csubst_w_s/csubst_input_alignment.fa.state
  Screen log file:               /mnt/data0/yue/2026-03-11-protein-convergence/results/OG_5185/csubst_w_s/csubst_input_alignment.fa.log

Date and Time: Fri Mar 27 16:59:55 2026
