IQ-TREE multicore version 2.4.0 for Linux x86 64-bit built Feb 12 2025
Developed by Bui Quang Minh, Nguyen Lam Tung, Olga Chernomor, Heiko Schmidt,
Dominik Schrempf, Michael Woodhams, Ly Trong Nhan, Thomas Wong

Host:    brain (AVX2, FMA3, 2015 GB RAM)
Command: /home/yue/miniconda3/envs/py39/bin/iqtree -s /mnt/data0/yue/2026-03-11-protein-convergence/results/OG_4829/csubst_w_s/csubst_input_alignment.fa -te tmp.csubst.nwk -m ECMK07+F+R4 --seqtype CODON1 --threads-max 1 -T AUTO --ancestral --rate --redo
Seed:    416846 (Using SPRNG - Scalable Parallel Random Number Generator)
Time:    Fri Mar 27 15:28:41 2026
Kernel:  AVX+FMA - auto-detect threads (128 CPU cores detected)

Reading alignment file /mnt/data0/yue/2026-03-11-protein-convergence/results/OG_4829/csubst_w_s/csubst_input_alignment.fa ... Fasta format detected
Reading fasta file: done in 0.00215302 secs using 33.3% CPU
Alignment most likely contains DNA/RNA sequences
Converting to codon sequences with genetic code 1 ...
WARNING: 1 sites contain only gaps or ambiguous characters.
Alignment has 77 sequences with 571 columns, 556 distinct patterns
329 parsimony-informative, 154 singleton sites, 88 constant sites
                                                               Gap/Ambiguity  Composition  p-value
Analyzing sequences: done in 0.00010702 secs using 99.98% CPU
   1  DE549|Cluster-38653.0__TRINITY_DN8894_c0_g1_i1.p1                9.11%    passed    100.00%
   2  DE560|Cluster-46359.0__TRINITY_DN3095_c0_g1_i5.p1               24.69%    passed     99.88%
   3  DE115|Cluster-65895.0__TRINITY_DN5621_c0_g1_i4.p1               23.12%    passed     98.57%
   4  DE554|Cluster-1591.1__TRINITY_DN7734_c0_g1_i7.p1                10.16%    passed    100.00%
   5  DE151|Cluster-54311.0__TRINITY_DN13340_c0_g1_i2.p1              10.33%    passed    100.00%
   6  JJ130|Cluster-41898.0__TRINITY_DN4018_c0_g1_i1.p1                9.11%    passed    100.00%
   7  DE189|Cluster-36336.0__TRINITY_DN10_c0_g1_i2.p1                 10.33%    passed    100.00%
   8  DE550|Cluster-52116.0__TRINITY_DN6617_c0_g1_i1.p1                0.18%    passed    100.00%
   9  DE736|Cluster-20773.0__TRINITY_DN4432_c0_g1_i2.p1                6.83%    passed    100.00%
  10  DE88|Cluster-28840.0__TRINITY_DN8683_c0_g1_i3.p1                 6.83%    passed    100.00%
  11  DE504|Cluster-37088.0__TRINITY_DN5647_c0_g1_i1.p1                0.18%    passed    100.00%
  12  DRR234970|Cluster-40458.0__TRINITY_DN37798_c0_g1_i1.p1           1.05%    passed     99.91%
  13  DRR082660|Cluster-32456.0__TRINITY_DN3841_c0_g1_i3.p1           67.25%    failed      0.76%
  14  DE566|Cluster-26425.1__TRINITY_DN1495_c0_g1_i1.p1                0.53%    passed    100.00%
  15  SRR11934227|Cluster-164379.0__TRINITY_DN88899_c0_g1_i1.p1       52.71%    failed      0.00%
  16  SRR5150740|Cluster-47680.0__TRINITY_DN1927_c0_g1_i3.p1           1.05%    passed     99.97%
  17  JJ86|Cluster-37442.0__TRINITY_DN7602_c0_g1_i2.p1                14.54%    passed    100.00%
  18  DE216|Cluster-42108.0__TRINITY_DN2721_c0_g1_i4.p1                8.41%    passed    100.00%
  19  DE534|Cluster-57267.0__TRINITY_DN9996_c0_g1_i5.p1               26.27%    passed     99.33%
  20  DE542|Cluster-55501.0__TRINITY_DN35951_c0_g1_i2.p1              10.33%    passed    100.00%
  21  JJ15|Cluster-21002.0__TRINITY_DN4461_c0_g1_i4.p1                 8.41%    passed    100.00%
  22  DE536|Cluster-37367.0__TRINITY_DN139_c1_g1_i1.p1                 8.76%    passed    100.00%
  23  DE126|Cluster-33935.0__TRINITY_DN26733_c0_g1_i6.p1              10.16%    passed    100.00%
  24  DE623|Cluster-33148.0__TRINITY_DN2197_c0_g1_i4.p1               10.16%    passed    100.00%
  25  DE680|Cluster-25949.0__TRINITY_DN3855_c0_g1_i4.p1               10.16%    passed    100.00%
  26  DE127|Cluster-4764.0__TRINITY_DN12565_c0_g1_i1.p1                0.18%    passed    100.00%
  27  DE666|Cluster-4982.0__TRINITY_DN52043_c0_g1_i1.p1                0.18%    passed    100.00%
  28  DE162|Cluster-52064.0__TRINITY_DN2919_c0_g1_i4.p1               10.16%    passed    100.00%
  29  DE507|Cluster-48422.0__TRINITY_DN4482_c0_g1_i1.p1                0.18%    passed    100.00%
  30  DE528|Cluster-37167.0__TRINITY_DN19718_c0_g2_i4.p1              66.55%    failed      0.25%
  31  DE704-purple|Cluster-56633.0__TRINITY_DN4502_c0_g1_i2.p1        14.54%    passed    100.00%
  32  DE704-white|Cluster-66594.0__TRINITY_DN10666_c0_g1_i5.p1        14.54%    passed    100.00%
  33  DE563|Cluster-33409.0__TRINITY_DN3884_c0_g1_i2.p1               10.16%    passed    100.00%
  34  DE575|Cluster-60080.0__TRINITY_DN15053_c0_g1_i1.p1               0.18%    passed    100.00%
  35  DE681|Cluster-34802.0__TRINITY_DN3143_c0_g1_i3.p1                0.18%    passed    100.00%
  36  DE765|Cluster-21550.0__TRINITY_DN7333_c0_g1_i5.p1                0.18%    passed    100.00%
  37  DE546_urceolata_l|Cluster-221.490__TRINITY_DN1507_c0_g1_i5.p1    4.38%    passed    100.00%
  38  DE152|Cluster-22702.0__TRINITY_DN11915_c1_g1_i4.p1               7.53%    passed    100.00%
  39  JJ99|Cluster-53169.1__TRINITY_DN5156_c0_g1_i3.p1                 0.18%    passed    100.00%
  40  DE229|Cluster-47165.0__TRINITY_DN7847_c0_g1_i2.p1               10.51%    passed    100.00%
  41  JJ23|Cluster-36328.0__TRINITY_DN4199_c0_g1_i1.p1                 0.18%    passed    100.00%
  42  SRR3407094|Cluster-32445.0__TRINITY_DN4229_c0_g1_i1.p1           0.18%    passed    100.00%
  43  SRR3407093|Cluster-13229.0__TRINITY_DN11049_c0_g1_i1.p1          8.41%    passed    100.00%
  44  DE503|Cluster-4347.0__TRINITY_DN3024_c0_g1_i1.p1                 0.18%    passed    100.00%
  45  DE510|Cluster-4231.0__TRINITY_DN42195_c0_g1_i1.p1                0.18%    passed    100.00%
  46  SRR3407087|Cluster-33915.0__TRINITY_DN12229_c0_g1_i1.p1          0.18%    passed    100.00%
  47  DE505|Cluster-11153.0__TRINITY_DN5005_c0_g1_i1.p1                0.18%    passed    100.00%
  48  SRR3407086|Cluster-30953.0__TRINITY_DN606_c0_g1_i1.p1            0.18%    passed    100.00%
  49  SRR3407088|Cluster-10334.0__TRINITY_DN2511_c0_g1_i1.p1           0.18%    passed    100.00%
  50  SRR3407092|Cluster-2823.0__TRINITY_DN7976_c0_g1_i1.p1            0.18%    passed    100.00%
  51  SRR3424066|Cluster-22561.0__TRINITY_DN9460_c0_g1_i2.p1           8.41%    passed    100.00%
  52  DE561|Cluster-22147.0__TRINITY_DN9278_c0_g1_i2.p1                0.18%    passed    100.00%
  53  DE519|Cluster-15283.1__TRINITY_DN9234_c0_g1_i1.p1                0.18%    passed    100.00%
  54  DE741|Cluster-59612.0__TRINITY_DN5736_c0_g1_i1.p1                0.18%    passed    100.00%
  55  DE69|Cluster-54541.0__TRINITY_DN3620_c0_g1_i1.p1                 0.18%    passed    100.00%
  56  SRR3407095|Cluster-16796.0__TRINITY_DN2556_c0_g1_i1.p1           0.18%    passed    100.00%
  57  JJ85|Cluster-20208.0__TRINITY_DN8587_c0_g1_i7.p1                16.11%    passed    100.00%
  58  DE523|Cluster-32254.0__TRINITY_DN20664_c0_g1_i26.p1             16.11%    passed    100.00%
  59  SRR3407096|Cluster-17714.0__TRINITY_DN29664_c0_g1_i1.p1          0.18%    passed    100.00%
  60  JJ125|Cluster-24307.212__TRINITY_DN3291_c0_g1_i1.p1              0.18%    passed    100.00%
  61  DE173|Cluster-24504.0__TRINITY_DN5290_c0_g1_i1.p1                0.18%    passed    100.00%
  62  JJ109|Cluster-28711.0__TRINITY_DN4100_c0_g3_i1.p1                0.18%    passed    100.00%
  63  DE509|Cluster-18617.0__TRINITY_DN14035_c0_g1_i1.p1               0.18%    passed    100.00%
  64  DE764|Cluster-32471.0__TRINITY_DN5259_c0_g1_i1.p1                0.18%    passed    100.00%
  65  JJ89|Cluster-19878.0__TRINITY_DN1698_c1_g1_i2.p1                 0.18%    passed    100.00%
  66  DE164|Cluster-23236.0__TRINITY_DN43258_c0_g1_i1.p1               3.15%    passed    100.00%
  67  DE531|Cluster-24417.0__TRINITY_DN6334_c0_g1_i3.p1                0.18%    passed    100.00%
  68  JJ36|Cluster-33431.0__TRINITY_DN4120_c0_g1_i5.p1                 8.41%    passed    100.00%
  69  DE696-dots|Cluster-57274.0__TRINITY_DN5048_c0_g1_i4.p1           8.41%    passed    100.00%
  70  DE696-nodots|Cluster-35051.0__TRINITY_DN6224_c0_g1_i3.p1         8.41%    passed    100.00%
  71  DE643|Cluster-50535.0__TRINITY_DN18003_c0_g1_i6.p1               0.18%    passed    100.00%
  72  DE671|Cluster-37635.1__TRINITY_DN4266_c0_g1_i2.p1                0.18%    passed    100.00%
  73  DE672|Cluster-58381.0__TRINITY_DN2661_c2_g1_i2.p1                8.41%    passed    100.00%
  74  JJ74|Cluster-126472.0__TRINITY_DN1417_c0_g1_i3.p1               24.87%    passed     88.69%
  75  JJ131|Cluster-57547.3__TRINITY_DN6208_c0_g1_i12.p1              11.91%    passed    100.00%
  76  SRR104381|Cluster-33757.0__TRINITY_DN800_c0_g1_i16.p1            5.25%    passed     99.98%
  77  DRR082665|Cluster-54564.1__TRINITY_DN2555_c0_g1_i6.p1            8.23%    passed     89.47%
WARNING: 3 sequences contain more than 50% gaps/ambiguity
****  TOTAL                                                            8.06%  3 sequences failed composition chi2 test (p-value<5%; df=60)
Reading input tree file tmp.csubst.nwk ... rooted tree

NOTE: 89 MB RAM (0 GB) is required!
Measuring multi-threading efficiency up to 1 CPU cores
2 trees examined
Threads: 1 / Time: 4.884 sec / Speedup: 1.000 / Efficiency: 100% / LogL: -19937
BEST NUMBER OF THREADS: 1

Estimate model parameters (epsilon = 0.010)
1. Initial log-likelihood: -19960.721
2. Current log-likelihood: -13257.613
3. Current log-likelihood: -13253.005
4. Current log-likelihood: -13252.909
5. Current log-likelihood: -13252.861
6. Current log-likelihood: -13252.835
7. Current log-likelihood: -13252.819
8. Current log-likelihood: -13252.809
Optimal log-likelihood: -13252.803
Nonsynonymous/synonymous ratio (omega): 1.000
Transition/transversion ratio (kappa): 1.000
Site proportion and rates:  (0.536,0.464) (0.356,1.159) (0.099,2.871) (0.009,6.289)
Parameters optimization took 8 rounds (132.480 sec)
Wrote distance file to... 
BEST SCORE FOUND : -13252.803
Ancestral state probabilities printed to /mnt/data0/yue/2026-03-11-protein-convergence/results/OG_4829/csubst_w_s/csubst_input_alignment.fa.state
Empirical proportions for each category: 0.585 0.324 0.084 0.007
Site rates printed to /mnt/data0/yue/2026-03-11-protein-convergence/results/OG_4829/csubst_w_s/csubst_input_alignment.fa.rate
Total tree length: 4.202

Total number of iterations: 0
CPU time used for tree search: 0.000 sec (0h:0m:0s)
Wall-clock time used for tree search: 0.000 sec (0h:0m:0s)
Total CPU time used: 140.037 sec (0h:2m:20s)
Total wall-clock time used: 140.627 sec (0h:2m:20s)

Analysis results written to: 
  IQ-TREE report:                /mnt/data0/yue/2026-03-11-protein-convergence/results/OG_4829/csubst_w_s/csubst_input_alignment.fa.iqtree
  Maximum-likelihood tree:       /mnt/data0/yue/2026-03-11-protein-convergence/results/OG_4829/csubst_w_s/csubst_input_alignment.fa.treefile
  Site-specific rates:           /mnt/data0/yue/2026-03-11-protein-convergence/results/OG_4829/csubst_w_s/csubst_input_alignment.fa.rate
  Ancestral state:               /mnt/data0/yue/2026-03-11-protein-convergence/results/OG_4829/csubst_w_s/csubst_input_alignment.fa.state
  Screen log file:               /mnt/data0/yue/2026-03-11-protein-convergence/results/OG_4829/csubst_w_s/csubst_input_alignment.fa.log

Date and Time: Fri Mar 27 15:31:02 2026
