IQ-TREE multicore version 2.4.0 for Linux x86 64-bit built Feb 12 2025
Developed by Bui Quang Minh, Nguyen Lam Tung, Olga Chernomor, Heiko Schmidt,
Dominik Schrempf, Michael Woodhams, Ly Trong Nhan, Thomas Wong

Host:    brain (AVX2, FMA3, 2015 GB RAM)
Command: /home/yue/miniconda3/envs/py39/bin/iqtree -s /mnt/data0/yue/2026-03-11-protein-convergence/results/OG_10312/csubst_w_s/csubst_input_alignment.fa -te tmp.csubst.nwk -m ECMK07+F+R4 --seqtype CODON1 --threads-max 1 -T AUTO --ancestral --rate --redo
Seed:    348721 (Using SPRNG - Scalable Parallel Random Number Generator)
Time:    Thu Mar 26 20:40:01 2026
Kernel:  AVX+FMA - auto-detect threads (128 CPU cores detected)

Reading alignment file /mnt/data0/yue/2026-03-11-protein-convergence/results/OG_10312/csubst_w_s/csubst_input_alignment.fa ... Fasta format detected
Reading fasta file: done in 0.00267106 secs using 49.94% CPU
Alignment most likely contains DNA/RNA sequences
Converting to codon sequences with genetic code 1 ...
WARNING: 1 sites contain only gaps or ambiguous characters.
Alignment has 65 sequences with 367 columns, 334 distinct patterns
148 parsimony-informative, 107 singleton sites, 112 constant sites
                                                           Gap/Ambiguity  Composition  p-value
Analyzing sequences: done in 0.000123769 secs using 99.38% CPU
   1  DE681|Cluster-33797.0__TRINITY_DN28103_c0_g1_i1.p1           8.99%    passed    100.00%
   2  DE126|Cluster-16479.0__TRINITY_DN8552_c0_g2_i1.p1            0.27%    passed    100.00%
   3  DE623|Cluster-338.0__TRINITY_DN22227_c0_g1_i1.p1             0.27%    passed    100.00%
   4  DE680|Cluster-35968.0__TRINITY_DN28927_c0_g1_i1.p1           0.27%    passed    100.00%
   5  DE575|Cluster-3465.0__TRINITY_DN11512_c0_g1_i1.p1            0.27%    passed    100.00%
   6  DE765|Cluster-11156.0__TRINITY_DN50033_c0_g1_i1.p1           0.27%    passed    100.00%
   7  DE152|Cluster-5574.0__TRINITY_DN69542_c0_g1_i1.p1            0.27%    passed    100.00%
   8  JJ99|Cluster-4925.0__TRINITY_DN3711_c2_g1_i1.p1              0.27%    passed    100.00%
   9  DE476|Cluster-31107.0__TRINITY_DN19606_c0_g2_i1.p1          35.42%    passed     99.54%
  10  DE764|Cluster-43183.0__TRINITY_DN11770_c0_g1_i2.p1           0.27%    passed    100.00%
  11  JJ89|Cluster-15713.0__TRINITY_DN3355_c1_g1_i2.p1            35.42%    passed     98.88%
  12  DE519|Cluster-55966.0__TRINITY_DN5076_c0_g1_i4.p1            0.27%    passed    100.00%
  13  DE741|Cluster-4240.0__TRINITY_DN57_c4_g1_i1.p1               0.27%    passed    100.00%
  14  DE672|Cluster-18251.0__TRINITY_DN9155_c0_g2_i1.p1           35.42%    passed     95.37%
  15  SRR3407096|Cluster-5984.0__TRINITY_DN15388_c0_g1_i1.p1       0.27%    passed    100.00%
  16  JJ85|Cluster-29673.0__TRINITY_DN62276_c0_g1_i1.p1            0.27%    passed    100.00%
  17  DE504|Cluster-17553.0__TRINITY_DN2711_c0_g1_i1.p1            0.27%    passed    100.00%
  18  JJ36|Cluster-27906.0__TRINITY_DN2815_c1_g1_i1.p1             0.27%    passed    100.00%
  19  DE531|Cluster-15278.0__TRINITY_DN6910_c0_g1_i1.p1            0.27%    passed    100.00%
  20  DE696-dots|Cluster-28614.0__TRINITY_DN16681_c0_g1_i2.p1      0.27%    passed    100.00%
  21  DE696-nodots|Cluster-12322.0__TRINITY_DN98943_c0_g1_i1.p1    0.27%    passed    100.00%
  22  DE69|Cluster-54530.1__TRINITY_DN2051_c0_g3_i1.p1            35.97%    passed     78.90%
  23  DE151|Cluster-1114.0__TRINITY_DN8391_c0_g1_i1.p1             0.27%    passed    100.00%
  24  DE173|Cluster-3240.0__TRINITY_DN16371_c0_g2_i1.p1            0.27%    passed    100.00%
  25  DE189|Cluster-20844.1__TRINITY_DN23022_c0_g1_i4.p1           0.27%    passed    100.00%
  26  JJ109|Cluster-986.0__TRINITY_DN4116_c0_g2_i1.p1              0.27%    passed    100.00%
  27  JJ130|Cluster-13137.0__TRINITY_DN56193_c0_g1_i1.p1           0.27%    passed    100.00%
  28  DE88|Cluster-35092.0__TRINITY_DN60056_c0_g1_i1.p1            0.27%    passed    100.00%
  29  DE549|Cluster-12444.0__TRINITY_DN1591_c0_g1_i1.p1           16.62%    passed    100.00%
  30  DE162|Cluster-3647.1__TRINITY_DN33015_c0_g3_i2.p1            0.27%    passed    100.00%
  31  DE704-white|Cluster-2484.0__TRINITY_DN104650_c0_g1_i2.p1     0.27%    passed    100.00%
  32  DE164|Cluster-52356.2__TRINITY_DN5508_c0_g2_i11.p1           0.27%    passed    100.00%
  33  DE737|Cluster-54809.0__TRINITY_DN13828_c0_g1_i1.p1          25.34%    passed     99.82%
  34  DE643|Cluster-36551.0__TRINITY_DN2914_c0_g1_i1.p1            0.27%    passed    100.00%
  35  DE671|Cluster-27163.0__TRINITY_DN16451_c0_g2_i1.p1           0.27%    passed    100.00%
  36  DE229|Cluster-55133.0__TRINITY_DN198375_c0_g1_i1.p1          0.27%    passed    100.00%
  37  DE560|Cluster-40363.0__TRINITY_DN17114_c0_g1_i2.p1          35.69%    passed     98.36%
  38  SRR3407094|Cluster-19698.0__TRINITY_DN42279_c0_g1_i1.p1      0.27%    passed    100.00%
  39  DE503|Cluster-15598.0__TRINITY_DN90661_c0_g1_i1.p1           0.27%    passed    100.00%
  40  DE523|Cluster-16330.0__TRINITY_DN17970_c0_g1_i1.p1          16.62%    passed    100.00%
  41  SRR3407086|Cluster-16615.2__TRINITY_DN10784_c0_g1_i3.p1      0.27%    passed    100.00%
  42  SRR3407087|Cluster-9856.0__TRINITY_DN39237_c0_g1_i1.p1       0.27%    passed    100.00%
  43  SRR3407093|Cluster-26143.2__TRINITY_DN3229_c1_g1_i5.p1       0.27%    passed    100.00%
  44  DE510|Cluster-27724.0__TRINITY_DN24427_c0_g3_i1.p1           0.27%    passed    100.00%
  45  SRR3407092|Cluster-18416.0__TRINITY_DN33544_c0_g1_i1.p1      0.27%    passed    100.00%
  46  JJ125|Cluster-34030.1__TRINITY_DN9577_c0_g1_i7.p1           16.62%    passed    100.00%
  47  DE505|Cluster-8839.0__TRINITY_DN23194_c0_g1_i4.p1            0.27%    passed    100.00%
  48  DE561|Cluster-31363.0__TRINITY_DN3532_c0_g4_i1.p1            0.27%    passed    100.00%
  49  SRR3424066|Cluster-25514.0__TRINITY_DN12136_c0_g2_i1.p1      0.27%    passed    100.00%
  50  SRR3407088|Cluster-41873.0__TRINITY_DN7313_c0_g1_i3.p1       0.27%    passed    100.00%
  51  DE181|Cluster-12645.0__TRINITY_DN7169_c1_g2_i2.p1           25.34%    passed    100.00%
  52  DE509|Cluster-34089.0__TRINITY_DN11709_c0_g1_i1.p1          16.62%    passed    100.00%
  53  DE550|Cluster-27940.0__TRINITY_DN22148_c0_g2_i1.p1           0.27%    passed    100.00%
  54  DE541|Cluster-29362.0__TRINITY_DN25705_c0_g1_i2.p1           0.27%    passed    100.00%
  55  DE542|Cluster-27507.0__TRINITY_DN12754_c0_g3_i1.p1           0.27%    passed    100.00%
  56  JJ15|Cluster-23284.0__TRINITY_DN43921_c0_g2_i2.p1            0.27%    passed    100.00%
  57  JJ131|Cluster-14471.0__TRINITY_DN13043_c0_g1_i2.p1           0.27%    passed    100.00%
  58  DE534|Cluster-6077.0__TRINITY_DN54360_c0_g1_i1.p1            0.27%    passed    100.00%
  59  DE536|Cluster-32138.0__TRINITY_DN38689_c0_g1_i1.p1           0.27%    passed    100.00%
  60  JJ74|Cluster-101233.0__TRINITY_DN23583_c2_g1_i1.p1          16.62%    passed    100.00%
  61  JJ23|Cluster-20183.0__TRINITY_DN10149_c0_g1_i1.p1            0.27%    passed    100.00%
  62  DRR082660|Cluster-6518.0__TRINITY_DN29632_c0_g1_i1.p1        0.27%    passed    100.00%
  63  DE566|Cluster-29632.2__TRINITY_DN38938_c0_g1_i6.p1           0.27%    passed    100.00%
  64  DE736|Cluster-33012.125__TRINITY_DN11038_c1_g1_i16.p1       51.77%    passed     71.12%
  65  SRR5150740|Cluster-46198.0__TRINITY_DN20356_c0_g2_i2.p1     22.34%    passed     99.77%
WARNING: 1 sequences contain more than 50% gaps/ambiguity
****  TOTAL                                                        6.28%  0 sequences failed composition chi2 test (p-value<5%; df=60)
WARNING: States(s) TGG rarely appear in alignment and may cause numerical problems
Reading input tree file tmp.csubst.nwk ... rooted tree

NOTE: 48 MB RAM (0 GB) is required!
Measuring multi-threading efficiency up to 1 CPU cores
2 trees examined
Threads: 1 / Time: 2.494 sec / Speedup: 1.000 / Efficiency: 100% / LogL: -8306
BEST NUMBER OF THREADS: 1

Estimate model parameters (epsilon = 0.010)
1. Initial log-likelihood: -9742.216
2. Current log-likelihood: -5772.644
3. Current log-likelihood: -5772.321
4. Current log-likelihood: -5772.111
5. Current log-likelihood: -5772.033
6. Current log-likelihood: -5772.014
Optimal log-likelihood: -5772.008
Nonsynonymous/synonymous ratio (omega): 1.000
Transition/transversion ratio (kappa): 1.000
Site proportion and rates:  (0.525,0.394) (0.300,1.078) (0.161,2.315) (0.014,6.932)
Parameters optimization took 6 rounds (50.402 sec)
Wrote distance file to... 
BEST SCORE FOUND : -5772.008
Ancestral state probabilities printed to /mnt/data0/yue/2026-03-11-protein-convergence/results/OG_10312/csubst_w_s/csubst_input_alignment.fa.state
Empirical proportions for each category: 0.616 0.245 0.128 0.011
Site rates printed to /mnt/data0/yue/2026-03-11-protein-convergence/results/OG_10312/csubst_w_s/csubst_input_alignment.fa.rate
Total tree length: 2.238

Total number of iterations: 0
CPU time used for tree search: 0.000 sec (0h:0m:0s)
Wall-clock time used for tree search: 0.000 sec (0h:0m:0s)
Total CPU time used: 54.460 sec (0h:0m:54s)
Total wall-clock time used: 54.670 sec (0h:0m:54s)

Analysis results written to: 
  IQ-TREE report:                /mnt/data0/yue/2026-03-11-protein-convergence/results/OG_10312/csubst_w_s/csubst_input_alignment.fa.iqtree
  Maximum-likelihood tree:       /mnt/data0/yue/2026-03-11-protein-convergence/results/OG_10312/csubst_w_s/csubst_input_alignment.fa.treefile
  Site-specific rates:           /mnt/data0/yue/2026-03-11-protein-convergence/results/OG_10312/csubst_w_s/csubst_input_alignment.fa.rate
  Ancestral state:               /mnt/data0/yue/2026-03-11-protein-convergence/results/OG_10312/csubst_w_s/csubst_input_alignment.fa.state
  Screen log file:               /mnt/data0/yue/2026-03-11-protein-convergence/results/OG_10312/csubst_w_s/csubst_input_alignment.fa.log

Date and Time: Thu Mar 26 20:40:56 2026
