IQ-TREE multicore version 2.4.0 for Linux x86 64-bit built Feb 12 2025
Developed by Bui Quang Minh, Nguyen Lam Tung, Olga Chernomor, Heiko Schmidt,
Dominik Schrempf, Michael Woodhams, Ly Trong Nhan, Thomas Wong

Host:    brain (AVX2, FMA3, 2015 GB RAM)
Command: /home/yue/miniconda3/envs/py39/bin/iqtree -s /mnt/data0/yue/2026-03-11-protein-convergence/results/OG_13158/csubst_w_s/csubst_input_alignment.fa -te tmp.csubst.nwk -m ECMK07+F+R4 --seqtype CODON1 --threads-max 1 -T AUTO --ancestral --rate --redo
Seed:    29093 (Using SPRNG - Scalable Parallel Random Number Generator)
Time:    Fri Mar 27 00:03:32 2026
Kernel:  AVX+FMA - auto-detect threads (128 CPU cores detected)

Reading alignment file /mnt/data0/yue/2026-03-11-protein-convergence/results/OG_13158/csubst_w_s/csubst_input_alignment.fa ... Fasta format detected
Reading fasta file: done in 0.000693336 secs
Alignment most likely contains DNA/RNA sequences
Converting to codon sequences with genetic code 1 ...
Alignment has 44 sequences with 156 columns, 150 distinct patterns
55 parsimony-informative, 64 singleton sites, 37 constant sites
                                                                Gap/Ambiguity  Composition  p-value
Analyzing sequences: done in 3.73125e-05 secs using 96.48% CPU
   1  DE504|Cluster-14667.4__TRINITY_DN398_c0_g1_i11.p1                32.05%    passed    100.00%
   2  DE507|Cluster-50515.0__TRINITY_DN5427_c0_g1_i10.p1                0.00%    passed    100.00%
   3  DE173|Cluster-55331.0__TRINITY_DN11842_c0_g1_i1.p1                0.00%    passed    100.00%
   4  DE151|Cluster-42819.0__TRINITY_DN27859_c1_g1_i4.p1                0.00%    passed    100.00%
   5  JJ130|Cluster-52367.0__TRINITY_DN5023_c0_g1_i2.p1                 0.00%    passed    100.00%
   6  JJ109|Cluster-28024.0__TRINITY_DN13565_c0_g2_i10.p1               0.00%    passed    100.00%
   7  DE115|Cluster-58373.2__TRINITY_DN233_c2_g1_i3.p1                  0.00%    passed    100.00%
   8  JJ86|Cluster-50254.0__TRINITY_DN5696_c0_g1_i2.p1                  0.00%    passed    100.00%
   9  DE546_urceolata_l|Cluster-33480.0__TRINITY_DN16584_c0_g1_i2.p1    1.28%    passed    100.00%
  10  DE554|Cluster-66244.0__TRINITY_DN1264_c0_g1_i1.p1                 0.00%    passed    100.00%
  11  SRR3407095|Cluster-20566.0__TRINITY_DN10738_c0_g1_i1.p1           0.00%    passed    100.00%
  12  DE668|Cluster-49905.0__TRINITY_DN5751_c1_g1_i1.p1                 0.00%    passed    100.00%
  13  DE549|Cluster-52183.0__TRINITY_DN6248_c0_g1_i3.p1                 0.00%    passed    100.00%
  14  DE671|Cluster-54294.0__TRINITY_DN4100_c0_g1_i8.p1                 0.00%    passed    100.00%
  15  DE672|Cluster-42063.0__TRINITY_DN5547_c1_g1_i3.p1                 0.00%    passed     89.23%
  16  DE696-dots|Cluster-45490.0__TRINITY_DN8178_c0_g1_i1.p1            0.00%    passed    100.00%
  17  DE696-nodots|Cluster-51327.0__TRINITY_DN6959_c0_g1_i7.p1          0.00%    passed    100.00%
  18  DE737|Cluster-28135.0__TRINITY_DN752_c0_g1_i5.p1                  0.00%    passed    100.00%
  19  DE704-white|Cluster-60291.0__TRINITY_DN4407_c0_g1_i10.p1          0.00%    passed    100.00%
  20  DE519|Cluster-20255.0__TRINITY_DN2558_c1_g2_i6.p1                 0.00%    passed    100.00%
  21  DE528|Cluster-54105.1__TRINITY_DN7665_c0_g1_i46.p1                0.00%    passed    100.00%
  22  DE563|Cluster-47065.0__TRINITY_DN2589_c0_g2_i2.p1                 0.00%    passed    100.00%
  23  DE536|Cluster-39454.0__TRINITY_DN5665_c0_g1_i3.p1                 0.00%    passed    100.00%
  24  DE575|Cluster-69522.0__TRINITY_DN8631_c0_g1_i3.p1                 0.00%    passed    100.00%
  25  JJ74|Cluster-109962.0__TRINITY_DN54438_c0_g2_i2.p1                0.00%    passed    100.00%
  26  DE680|Cluster-56579.0__TRINITY_DN11374_c0_g1_i8.p1                0.00%    passed    100.00%
  27  DE741|Cluster-54277.0__TRINITY_DN792_c0_g1_i9.p1                 27.56%    passed    100.00%
  28  DE152|Cluster-46375.0__TRINITY_DN11925_c0_g1_i8.p1                0.64%    passed    100.00%
  29  JJ99|Cluster-48586.0__TRINITY_DN3491_c0_g2_i3.p1                  0.64%    passed    100.00%
  30  DE505|Cluster-35291.0__TRINITY_DN2653_c0_g2_i2.p1                 0.00%    passed    100.00%
  31  DE510|Cluster-48011.0__TRINITY_DN3702_c0_g1_i3.p1                 0.00%    passed    100.00%
  32  SRR3407087|Cluster-27387.0__TRINITY_DN18821_c0_g1_i2.p1           0.00%    passed    100.00%
  33  DE523|Cluster-49182.0__TRINITY_DN6770_c0_g2_i22.p1                0.00%    passed    100.00%
  34  SRR3407086|Cluster-29066.0__TRINITY_DN4714_c0_g1_i2.p1            0.00%    passed    100.00%
  35  DE561|Cluster-14436.0__TRINITY_DN24655_c0_g1_i4.p1                0.00%    passed    100.00%
  36  SRR3407088|Cluster-40655.0__TRINITY_DN4883_c1_g1_i4.p1            0.00%    passed    100.00%
  37  SRR3424066|Cluster-29594.0__TRINITY_DN5650_c0_g1_i1.p1            0.00%    passed    100.00%
  38  SRR3407093|Cluster-33124.2__TRINITY_DN3649_c0_g1_i2.p1            0.00%    passed    100.00%
  39  SRR3407092|Cluster-23866.0__TRINITY_DN2572_c0_g1_i2.p1            0.00%    passed    100.00%
  40  DRR082660|Cluster-8094.0__TRINITY_DN5238_c0_g2_i1.p1              0.00%    passed    100.00%
  41  DE189|Cluster-40116.0__TRINITY_DN12511_c0_g1_i1.p1                0.00%    passed    100.00%
  42  JJ125|Cluster-6532.1__TRINITY_DN17112_c0_g1_i10.p1                0.00%    passed    100.00%
  43  DE229|Cluster-72391.0__TRINITY_DN1021_c0_g1_i3.p1                31.41%    passed    100.00%
  44  SRR11748982|Cluster-23975.2__TRINITY_DN12917_c0_g1_i6.p1          3.21%    passed     99.86%
****  TOTAL                                                             2.20%  0 sequences failed composition chi2 test (p-value<5%; df=60)
WARNING: States(s) ACG, CGT, TGG rarely appear in alignment and may cause numerical problems
Reading input tree file tmp.csubst.nwk ... rooted tree

NOTE: 17 MB RAM (0 GB) is required!
Measuring multi-threading efficiency up to 1 CPU cores
3 trees examined
Threads: 1 / Time: 1.373 sec / Speedup: 1.000 / Efficiency: 100% / LogL: -3343
BEST NUMBER OF THREADS: 1

Estimate model parameters (epsilon = 0.010)
1. Initial log-likelihood: -3452.237
2. Current log-likelihood: -2381.028
Optimal log-likelihood: -2381.020
Nonsynonymous/synonymous ratio (omega): 1.000
Transition/transversion ratio (kappa): 1.000
Site proportion and rates:  (0.454,0.420) (0.354,1.128) (0.176,1.972) (0.016,3.964)
Parameters optimization took 2 rounds (7.448 sec)
Wrote distance file to... 
BEST SCORE FOUND : -2381.020
Ancestral state probabilities printed to /mnt/data0/yue/2026-03-11-protein-convergence/results/OG_13158/csubst_w_s/csubst_input_alignment.fa.state
Empirical proportions for each category: 0.545 0.321 0.128 0.006
Site rates printed to /mnt/data0/yue/2026-03-11-protein-convergence/results/OG_13158/csubst_w_s/csubst_input_alignment.fa.rate
Total tree length: 2.037

Total number of iterations: 0
CPU time used for tree search: 0.000 sec (0h:0m:0s)
Wall-clock time used for tree search: 0.000 sec (0h:0m:0s)
Total CPU time used: 9.468 sec (0h:0m:9s)
Total wall-clock time used: 9.533 sec (0h:0m:9s)

Analysis results written to: 
  IQ-TREE report:                /mnt/data0/yue/2026-03-11-protein-convergence/results/OG_13158/csubst_w_s/csubst_input_alignment.fa.iqtree
  Maximum-likelihood tree:       /mnt/data0/yue/2026-03-11-protein-convergence/results/OG_13158/csubst_w_s/csubst_input_alignment.fa.treefile
  Site-specific rates:           /mnt/data0/yue/2026-03-11-protein-convergence/results/OG_13158/csubst_w_s/csubst_input_alignment.fa.rate
  Ancestral state:               /mnt/data0/yue/2026-03-11-protein-convergence/results/OG_13158/csubst_w_s/csubst_input_alignment.fa.state
  Screen log file:               /mnt/data0/yue/2026-03-11-protein-convergence/results/OG_13158/csubst_w_s/csubst_input_alignment.fa.log

Date and Time: Fri Mar 27 00:03:41 2026
