IQ-TREE multicore version 2.4.0 for Linux x86 64-bit built Feb 12 2025
Developed by Bui Quang Minh, Nguyen Lam Tung, Olga Chernomor, Heiko Schmidt,
Dominik Schrempf, Michael Woodhams, Ly Trong Nhan, Thomas Wong

Host:    brain (AVX2, FMA3, 2015 GB RAM)
Command: /home/yue/miniconda3/envs/py39/bin/iqtree -s /mnt/data0/yue/2026-03-11-protein-convergence/results/OG_7779/csubst_w_s/csubst_input_alignment.fa -te tmp.csubst.nwk -m ECMK07+F+R4 --seqtype CODON1 --threads-max 1 -T AUTO --ancestral --rate --redo
Seed:    823969 (Using SPRNG - Scalable Parallel Random Number Generator)
Time:    Sat Mar 28 01:43:53 2026
Kernel:  AVX+FMA - auto-detect threads (128 CPU cores detected)

Reading alignment file /mnt/data0/yue/2026-03-11-protein-convergence/results/OG_7779/csubst_w_s/csubst_input_alignment.fa ... Fasta format detected
Reading fasta file: done in 0.000377446 secs
Alignment most likely contains DNA/RNA sequences
Converting to codon sequences with genetic code 1 ...
Alignment has 71 sequences with 71 columns, 71 distinct patterns
41 parsimony-informative, 15 singleton sites, 15 constant sites
                                                               Gap/Ambiguity  Composition  p-value
Analyzing sequences: done in 1.80155e-05 secs
   1  DE69|Cluster-32711.0__TRINITY_DN10820_c0_g2_i2.p1                0.00%    passed    100.00%
   2  DE151|Cluster-9309.0__TRINITY_DN7674_c0_g1_i1.p1                 0.00%    passed    100.00%
   3  DE189|Cluster-47810.0__TRINITY_DN5229_c0_g1_i2.p1                0.00%    passed    100.00%
   4  DE549|Cluster-50033.0__TRINITY_DN9431_c0_g1_i4.p1                0.00%    passed    100.00%
   5  DE736|Cluster-62806.0__TRINITY_DN13450_c0_g1_i2.p1               0.00%    passed    100.00%
   6  DE503|Cluster-2612.0__TRINITY_DN18233_c1_g1_i1.p1                0.00%    passed    100.00%
   7  JJ89|Cluster-18446.1__TRINITY_DN8426_c0_g1_i3.p1                 0.00%    passed    100.00%
   8  DE152|Cluster-34685.0__TRINITY_DN15066_c0_g1_i3.p1               0.00%    passed    100.00%
   9  DE162|Cluster-46143.0__TRINITY_DN9209_c0_g1_i2.p1                0.00%    passed     58.31%
  10  DE704-white|Cluster-41876.0__TRINITY_DN9314_c0_g1_i6.p1          0.00%    passed     99.99%
  11  DE623|Cluster-50797.1__TRINITY_DN5448_c0_g1_i8.p1                0.00%    passed    100.00%
  12  DE680|Cluster-30345.0__TRINITY_DN7045_c0_g1_i1.p1                0.00%    passed    100.00%
  13  JJ109|Cluster-22910.0__TRINITY_DN12212_c0_g1_i2.p1               0.00%    passed    100.00%
  14  DE504|Cluster-43600.0__TRINITY_DN9120_c0_g1_i2.p1                0.00%    passed    100.00%
  15  DE681|Cluster-29061.1__TRINITY_DN10166_c0_g1_i28.p1              0.00%    passed    100.00%
  16  DE765|Cluster-46660.0__TRINITY_DN46821_c0_g1_i5.p1               0.00%    passed    100.00%
  17  DE509|Cluster-9558.0__TRINITY_DN21113_c0_g1_i2.p1                0.00%    passed    100.00%
  18  DE764|Cluster-44813.0__TRINITY_DN9727_c0_g1_i2.p1                0.00%    passed    100.00%
  19  DE126|Cluster-3825.0__TRINITY_DN21389_c0_g1_i3.p1                0.00%    passed     99.97%
  20  DE546_urceolata_l|Cluster-36389.0__TRINITY_DN8876_c0_g1_i9.p1    0.00%    passed    100.00%
  21  DE704-purple|Cluster-53816.0__TRINITY_DN5024_c0_g1_i6.p1         0.00%    passed     99.98%
  22  DE528|Cluster-44865.0__TRINITY_DN6380_c0_g1_i4.p1                0.00%    passed    100.00%
  23  DE173|Cluster-57288.0__TRINITY_DN5140_c0_g2_i1.p1                0.00%    passed    100.00%
  24  DE531|Cluster-46923.0__TRINITY_DN8613_c0_g1_i2.p1                0.00%    passed    100.00%
  25  JJ130|Cluster-44393.0__TRINITY_DN7295_c0_g1_i1.p1                0.00%    passed    100.00%
  26  DE696-dots|Cluster-6528.0__TRINITY_DN10113_c0_g1_i5.p1           0.00%    passed    100.00%
  27  DE696-nodots|Cluster-48091.0__TRINITY_DN13458_c0_g1_i6.p1        0.00%    passed    100.00%
  28  DE164|Cluster-43391.1__TRINITY_DN1724_c0_g1_i9.p1                0.00%    passed    100.00%
  29  DE541|Cluster-6641.2__TRINITY_DN8513_c0_g1_i1.p1                 0.00%    passed     88.11%
  30  JJ36|Cluster-43515.0__TRINITY_DN7287_c0_g1_i6.p1                 0.00%    passed    100.00%
  31  DE550|Cluster-23006.0__TRINITY_DN24737_c0_g1_i8.p1               0.00%    passed    100.00%
  32  DE476|Cluster-59604.0__TRINITY_DN12576_c0_g1_i10.p1              1.41%    passed    100.00%
  33  JJ86|Cluster-41449.1__TRINITY_DN17507_c0_g1_i1.p1                0.00%    passed      6.86%
  34  DE563|Cluster-35797.1__TRINITY_DN13730_c0_g1_i3.p1               0.00%    passed    100.00%
  35  JJ125|Cluster-19047.1__TRINITY_DN2439_c1_g1_i5.p1                0.00%    passed     95.30%
  36  JJ74|Cluster-79358.0__TRINITY_DN7501_c0_g1_i1.p1                 0.00%    passed    100.00%
  37  JJ99|Cluster-39287.0__TRINITY_DN8498_c0_g1_i1.p1                 0.00%    passed    100.00%
  38  SRR3407086|Cluster-4990.0__TRINITY_DN56077_c1_g1_i1.p1           0.00%    passed    100.00%
  39  SRR3407088|Cluster-2626.0__TRINITY_DN10013_c0_g3_i1.p1           0.00%    passed    100.00%
  40  SRR3424066|Cluster-30274.0__TRINITY_DN33972_c0_g1_i1.p1          0.00%    passed    100.00%
  41  DE561|Cluster-28291.0__TRINITY_DN7562_c1_g1_i1.p1                0.00%    passed    100.00%
  42  DE505|Cluster-42721.0__TRINITY_DN7750_c0_g1_i1.p1                0.00%    passed    100.00%
  43  DE510|Cluster-29296.0__TRINITY_DN12549_c0_g1_i1.p1               0.00%    passed    100.00%
  44  SRR3407087|Cluster-21559.0__TRINITY_DN29475_c0_g1_i1.p1          0.00%    passed    100.00%
  45  SRR3407094|Cluster-13864.0__TRINITY_DN44320_c0_g1_i1.p1          0.00%    passed    100.00%
  46  SRR3407093|Cluster-14492.0__TRINITY_DN11997_c0_g1_i1.p1          0.00%    passed    100.00%
  47  SRR3407092|Cluster-16040.0__TRINITY_DN38476_c0_g1_i1.p1          0.00%    passed    100.00%
  48  SRR3407096|Cluster-5793.0__TRINITY_DN34101_c0_g1_i1.p1           0.00%    passed     99.99%
  49  DE523|Cluster-39105.0__TRINITY_DN29470_c0_g1_i2.p1               0.00%    passed     99.99%
  50  DE643|Cluster-85174.0__TRINITY_DN17538_c0_g1_i21.p1              0.00%    passed    100.00%
  51  DE671|Cluster-57965.2__TRINITY_DN11252_c0_g1_i2.p1               0.00%    passed    100.00%
  52  DE88|Cluster-33930.0__TRINITY_DN1350_c0_g1_i2.p1                 0.00%    passed    100.00%
  53  DE737|Cluster-57509.0__TRINITY_DN1456_c2_g1_i4.p1                0.00%    passed    100.00%
  54  DE672|Cluster-49300.1__TRINITY_DN2096_c0_g1_i23.p1               0.00%    passed    100.00%
  55  DE560|Cluster-42157.1__TRINITY_DN12478_c0_g1_i1.p1               0.00%    passed    100.00%
  56  SRR3407095|Cluster-21614.0__TRINITY_DN26925_c0_g2_i1.p1          0.00%    passed    100.00%
  57  DE216|Cluster-53219.0__TRINITY_DN12070_c0_g1_i1.p1               0.00%    passed     99.94%
  58  DE534|Cluster-75431.0__TRINITY_DN18971_c0_g1_i1.p1               0.00%    passed     99.97%
  59  DE542|Cluster-59693.0__TRINITY_DN16387_c0_g1_i2.p1               0.00%    passed     99.97%
  60  JJ15|Cluster-65433.0__TRINITY_DN35995_c0_g1_i1.p1                0.00%    failed      0.00%
  61  JJ85|Cluster-42362.0__TRINITY_DN12202_c0_g1_i2.p1                0.00%    passed    100.00%
  62  DE519|Cluster-58374.0__TRINITY_DN27155_c0_g1_i4.p1               1.41%    passed      5.84%
  63  JJ131|Cluster-28598.0__TRINITY_DN12635_c0_g1_i17.p1             11.27%    passed     98.11%
  64  SRR5150740|Cluster-57130.0__TRINITY_DN6742_c0_g1_i4.p1           0.00%    failed      0.00%
  65  DE666|Cluster-29837.0__TRINITY_DN8257_c0_g1_i4.p1                0.00%    passed    100.00%
  66  DE229|Cluster-95592.0__TRINITY_DN32228_c0_g1_i9.p1               0.00%    passed    100.00%
  67  DE127|Cluster-43281.1__TRINITY_DN7318_c0_g1_i4.p1                0.00%    passed    100.00%
  68  DE554|Cluster-66673.1__TRINITY_DN11144_c0_g1_i1.p1               0.00%    passed    100.00%
  69  DE575|Cluster-61019.0__TRINITY_DN14889_c0_g3_i3.p1               0.00%    passed    100.00%
  70  DE668|Cluster-57055.5__TRINITY_DN2212_c0_g1_i6.p1                0.00%    passed      5.41%
  71  DE566|Cluster-50076.2__TRINITY_DN1498_c0_g1_i66.p1              45.07%    failed      0.00%
****  TOTAL                                                            0.83%  3 sequences failed composition chi2 test (p-value<5%; df=60)
WARNING: States(s) CAT, CGA, CGG, CTC, TGC, TGG rarely appear in alignment and may cause numerical problems
Reading input tree file tmp.csubst.nwk ... rooted tree

NOTE: 18 MB RAM (0 GB) is required!
Measuring multi-threading efficiency up to 1 CPU cores
2 trees examined
Threads: 1 / Time: 1.363 sec / Speedup: 1.000 / Efficiency: 100% / LogL: -2762
BEST NUMBER OF THREADS: 1

Estimate model parameters (epsilon = 0.010)
1. Initial log-likelihood: -2346.225
2. Current log-likelihood: -1718.246
3. Current log-likelihood: -1717.391
4. Current log-likelihood: -1717.368
Optimal log-likelihood: -1717.365
Nonsynonymous/synonymous ratio (omega): 1.000
Transition/transversion ratio (kappa): 1.000
Site proportion and rates:  (0.636,0.465) (0.255,1.241) (0.106,3.551) (0.003,3.687)
Parameters optimization took 4 rounds (17.349 sec)
Wrote distance file to... 
BEST SCORE FOUND : -1717.365
Ancestral state probabilities printed to /mnt/data0/yue/2026-03-11-protein-convergence/results/OG_7779/csubst_w_s/csubst_input_alignment.fa.state
Empirical proportions for each category: 0.718 0.183 0.099 0.000
Site rates printed to /mnt/data0/yue/2026-03-11-protein-convergence/results/OG_7779/csubst_w_s/csubst_input_alignment.fa.rate
Total tree length: 3.901

Total number of iterations: 0
CPU time used for tree search: 0.000 sec (0h:0m:0s)
Wall-clock time used for tree search: 0.000 sec (0h:0m:0s)
Total CPU time used: 19.157 sec (0h:0m:19s)
Total wall-clock time used: 19.551 sec (0h:0m:19s)

Analysis results written to: 
  IQ-TREE report:                /mnt/data0/yue/2026-03-11-protein-convergence/results/OG_7779/csubst_w_s/csubst_input_alignment.fa.iqtree
  Maximum-likelihood tree:       /mnt/data0/yue/2026-03-11-protein-convergence/results/OG_7779/csubst_w_s/csubst_input_alignment.fa.treefile
  Site-specific rates:           /mnt/data0/yue/2026-03-11-protein-convergence/results/OG_7779/csubst_w_s/csubst_input_alignment.fa.rate
  Ancestral state:               /mnt/data0/yue/2026-03-11-protein-convergence/results/OG_7779/csubst_w_s/csubst_input_alignment.fa.state
  Screen log file:               /mnt/data0/yue/2026-03-11-protein-convergence/results/OG_7779/csubst_w_s/csubst_input_alignment.fa.log

Date and Time: Sat Mar 28 01:44:13 2026
