IQ-TREE multicore version 2.4.0 for Linux x86 64-bit built Feb 12 2025
Developed by Bui Quang Minh, Nguyen Lam Tung, Olga Chernomor, Heiko Schmidt,
Dominik Schrempf, Michael Woodhams, Ly Trong Nhan, Thomas Wong

Host:    brain (AVX2, FMA3, 2015 GB RAM)
Command: /home/yue/miniconda3/envs/py39/bin/iqtree -s /mnt/data0/yue/2026-03-11-protein-convergence/results/OG_11467/csubst_w_s/csubst_input_alignment.fa -te tmp.csubst.nwk -m ECMK07+F+R4 --seqtype CODON1 --threads-max 1 -T AUTO --ancestral --rate --redo
Seed:    24348 (Using SPRNG - Scalable Parallel Random Number Generator)
Time:    Thu Mar 26 22:20:39 2026
Kernel:  AVX+FMA - auto-detect threads (128 CPU cores detected)

Reading alignment file /mnt/data0/yue/2026-03-11-protein-convergence/results/OG_11467/csubst_w_s/csubst_input_alignment.fa ... Fasta format detected
Reading fasta file: done in 0.000463173 secs
Alignment most likely contains DNA/RNA sequences
Converting to codon sequences with genetic code 1 ...
WARNING: 1 sites contain only gaps or ambiguous characters.
Alignment has 59 sequences with 134 columns, 129 distinct patterns
80 parsimony-informative, 33 singleton sites, 21 constant sites
                                                          Gap/Ambiguity  Composition  p-value
Analyzing sequences: done in 2.26647e-05 secs
   1  JJ99|Cluster-7757.0__TRINITY_DN52173_c0_g1_i1.p1            0.75%    passed    100.00%
   2  DE115|Cluster-28007.104__TRINITY_DN2227_c1_g1_i1.p1         0.75%    passed    100.00%
   3  JJ86|Cluster-24169.0__TRINITY_DN12404_c0_g1_i1.p1           0.75%    passed    100.00%
   4  DE126|Cluster-24052.0__TRINITY_DN2400_c0_g1_i1.p1           0.75%    passed    100.00%
   5  DE680|Cluster-6226.0__TRINITY_DN8924_c1_g1_i1.p1            0.75%    passed     64.36%
   6  DE765|Cluster-25374.0__TRINITY_DN614_c0_g1_i1.p1            0.75%    passed     99.71%
   7  DE566|Cluster-26790.0__TRINITY_DN6988_c0_g2_i2.p1           0.75%    passed    100.00%
   8  DE668|Cluster-41292.4__TRINITY_DN2369_c0_g1_i1.p1           0.75%    passed    100.00%
   9  JJ23|Cluster-10701.0__TRINITY_DN39828_c0_g1_i1.p1           0.75%    passed     99.97%
  10  DE151|Cluster-5293.0__TRINITY_DN4120_c0_g1_i1.p1            0.75%    passed    100.00%
  11  DE173|Cluster-24127.0__TRINITY_DN8199_c0_g1_i1.p1           0.75%    passed    100.00%
  12  DE736|Cluster-41604.0__TRINITY_DN3051_c0_g1_i1.p1           0.75%    passed    100.00%
  13  DE764|Cluster-1774.0__TRINITY_DN5493_c0_g1_i1.p1            0.75%    passed    100.00%
  14  DE88|Cluster-7080.0__TRINITY_DN1987_c0_g1_i1.p1             0.75%    passed    100.00%
  15  JJ109|Cluster-37263.0__TRINITY_DN22415_c2_g1_i1.p1          0.75%    passed    100.00%
  16  JJ130|Cluster-41572.0__TRINITY_DN7022_c0_g1_i1.p1           0.75%    passed    100.00%
  17  JJ89|Cluster-33400.0__TRINITY_DN3737_c1_g1_i2.p1            0.75%    passed    100.00%
  18  DE509|Cluster-14219.1__TRINITY_DN617_c0_g1_i2.p1            0.75%    passed    100.00%
  19  DE696-dots|Cluster-51264.0__TRINITY_DN5755_c0_g1_i1.p1      0.75%    passed    100.00%
  20  DE696-nodots|Cluster-14904.0__TRINITY_DN2954_c0_g2_i1.p1    0.75%    passed    100.00%
  21  JJ36|Cluster-10731.0__TRINITY_DN5017_c0_g2_i1.p1            0.75%    passed    100.00%
  22  DE541|Cluster-25712.0__TRINITY_DN3245_c0_g1_i1.p1           0.75%    passed     87.53%
  23  DE164|Cluster-17326.0__TRINITY_DN4730_c1_g1_i1.p1           0.75%    passed    100.00%
  24  DE643|Cluster-69410.0__TRINITY_DN3740_c0_g1_i3.p1           0.75%    passed    100.00%
  25  DE531|Cluster-27743.0__TRINITY_DN5674_c0_g1_i1.p1           0.75%    passed    100.00%
  26  DE162|Cluster-19430.0__TRINITY_DN55147_c0_g1_i1.p1          0.75%    passed    100.00%
  27  DE704-white|Cluster-59899.0__TRINITY_DN1960_c1_g2_i1.p1     0.75%    passed    100.00%
  28  DE528|Cluster-54392.0__TRINITY_DN4977_c0_g1_i1.p1           0.75%    passed    100.00%
  29  DE566|Cluster-28561.0__TRINITY_DN6988_c0_g1_i1.p1           0.75%    passed    100.00%
  30  DE534|Cluster-46527.0__TRINITY_DN25800_c0_g1_i1.p1          0.75%    passed    100.00%
  31  DE542|Cluster-37437.0__TRINITY_DN5115_c0_g1_i1.p1           0.75%    passed    100.00%
  32  DE560|Cluster-5739.0__TRINITY_DN10777_c1_g1_i1.p1           0.75%    passed     37.49%
  33  JJ15|Cluster-24719.0__TRINITY_DN20828_c0_g1_i2.p1           0.75%    passed    100.00%
  34  JJ74|Cluster-86672.0__TRINITY_DN6731_c0_g1_i1.p1            0.75%    passed    100.00%
  35  DRR082660|Cluster-26189.1__TRINITY_DN2490_c0_g3_i1.p1       0.75%    passed     99.68%
  36  DE503|Cluster-335.0__TRINITY_DN4850_c0_g1_i1.p1             0.75%    passed    100.00%
  37  DE505|Cluster-15230.0__TRINITY_DN2780_c0_g1_i1.p1           0.75%    passed    100.00%
  38  SRR3407087|Cluster-45354.0__TRINITY_DN5628_c2_g1_i1.p1      0.75%    passed    100.00%
  39  SRR3407094|Cluster-35875.0__TRINITY_DN3855_c0_g2_i1.p1      0.75%    passed    100.00%
  40  SRR3407093|Cluster-25416.0__TRINITY_DN2806_c0_g1_i1.p1      0.75%    passed    100.00%
  41  SRR3407092|Cluster-5864.0__TRINITY_DN3134_c0_g1_i1.p1       0.75%    passed    100.00%
  42  DE181|Cluster-12330.0__TRINITY_DN106978_c0_g1_i1.p1         0.75%    passed    100.00%
  43  SRR3407086|Cluster-8234.0__TRINITY_DN17103_c1_g1_i1.p1      0.75%    passed    100.00%
  44  SRR3407088|Cluster-12776.0__TRINITY_DN2430_c0_g1_i1.p1      0.75%    passed    100.00%
  45  JJ85|Cluster-28214.0__TRINITY_DN5003_c1_g1_i1.p1            0.75%    passed    100.00%
  46  SRR3407096|Cluster-14453.0__TRINITY_DN4657_c0_g1_i1.p1      0.75%    passed    100.00%
  47  JJ125|Cluster-15256.0__TRINITY_DN42867_c0_g1_i1.p1          0.75%    passed    100.00%
  48  DRR234970|Cluster-5709.0__TRINITY_DN52317_c0_g1_i1.p1       0.75%    passed     14.42%
  49  DE523|Cluster-33426.0__TRINITY_DN4053_c0_g1_i1.p1           0.75%    passed    100.00%
  50  DE69|Cluster-17201.0__TRINITY_DN2867_c0_g1_i1.p1            0.75%    passed    100.00%
  51  SRR3407095|Cluster-22135.0__TRINITY_DN3066_c0_g1_i1.p1      0.75%    passed    100.00%
  52  DE741|Cluster-7349.0__TRINITY_DN4712_c0_g1_i1.p1            0.75%    passed    100.00%
  53  SRR3424066|Cluster-9218.0__TRINITY_DN13311_c0_g3_i1.p1      0.75%    passed    100.00%
  54  JJ131|Cluster-31741.2__TRINITY_DN26734_c0_g1_i7.p1          0.75%    passed    100.00%
  55  DE666|Cluster-27184.0__TRINITY_DN10537_c4_g1_i1.p1          0.75%    passed    100.00%
  56  DE127|Cluster-7352.0__TRINITY_DN17126_c0_g3_i1.p1           0.75%    passed    100.00%
  57  DE554|Cluster-40478.0__TRINITY_DN13916_c0_g1_i1.p1          0.75%    passed    100.00%
  58  SRR5150740|Cluster-23541.0__TRINITY_DN5826_c0_g1_i1.p1      0.75%    failed      2.23%
  59  SRR104381|Cluster-20721.1__TRINITY_DN6547_c0_g1_i7.p1       0.75%    passed     82.84%
****  TOTAL                                                       0.75%  1 sequences failed composition chi2 test (p-value<5%; df=60)
WARNING: States(s) CGA, CGC rarely appear in alignment and may cause numerical problems
Reading input tree file tmp.csubst.nwk ... rooted tree

NOTE: 21 MB RAM (0 GB) is required!
Measuring multi-threading efficiency up to 1 CPU cores
2 trees examined
Threads: 1 / Time: 1.244 sec / Speedup: 1.000 / Efficiency: 100% / LogL: -4148
BEST NUMBER OF THREADS: 1

Estimate model parameters (epsilon = 0.010)
1. Initial log-likelihood: -3946.451
2. Current log-likelihood: -2925.885
3. Current log-likelihood: -2925.160
4. Current log-likelihood: -2924.910
5. Current log-likelihood: -2924.810
6. Current log-likelihood: -2924.766
7. Current log-likelihood: -2924.746
Optimal log-likelihood: -2924.736
Nonsynonymous/synonymous ratio (omega): 1.000
Transition/transversion ratio (kappa): 1.000
Site proportion and rates:  (0.734,0.470) (0.124,1.964) (0.105,2.112) (0.037,5.146)
Parameters optimization took 7 rounds (26.082 sec)
Wrote distance file to... 
BEST SCORE FOUND : -2924.736
Ancestral state probabilities printed to /mnt/data0/yue/2026-03-11-protein-convergence/results/OG_11467/csubst_w_s/csubst_input_alignment.fa.state
Empirical proportions for each category: 0.776 0.164 0.030 0.030
Site rates printed to /mnt/data0/yue/2026-03-11-protein-convergence/results/OG_11467/csubst_w_s/csubst_input_alignment.fa.rate
Total tree length: 3.651

Total number of iterations: 0
CPU time used for tree search: 0.000 sec (0h:0m:0s)
Wall-clock time used for tree search: 0.000 sec (0h:0m:0s)
Total CPU time used: 28.042 sec (0h:0m:28s)
Total wall-clock time used: 28.125 sec (0h:0m:28s)

Analysis results written to: 
  IQ-TREE report:                /mnt/data0/yue/2026-03-11-protein-convergence/results/OG_11467/csubst_w_s/csubst_input_alignment.fa.iqtree
  Maximum-likelihood tree:       /mnt/data0/yue/2026-03-11-protein-convergence/results/OG_11467/csubst_w_s/csubst_input_alignment.fa.treefile
  Site-specific rates:           /mnt/data0/yue/2026-03-11-protein-convergence/results/OG_11467/csubst_w_s/csubst_input_alignment.fa.rate
  Ancestral state:               /mnt/data0/yue/2026-03-11-protein-convergence/results/OG_11467/csubst_w_s/csubst_input_alignment.fa.state
  Screen log file:               /mnt/data0/yue/2026-03-11-protein-convergence/results/OG_11467/csubst_w_s/csubst_input_alignment.fa.log

Date and Time: Thu Mar 26 22:21:07 2026
