IQ-TREE multicore version 2.4.0 for Linux x86 64-bit built Feb 12 2025
Developed by Bui Quang Minh, Nguyen Lam Tung, Olga Chernomor, Heiko Schmidt,
Dominik Schrempf, Michael Woodhams, Ly Trong Nhan, Thomas Wong

Host:    brain (AVX2, FMA3, 2015 GB RAM)
Command: /home/yue/miniconda3/envs/py39/bin/iqtree -s /mnt/data0/yue/2026-03-11-protein-convergence/results/OG_5000/csubst_w_s/csubst_input_alignment.fa -te tmp.csubst.nwk -m ECMK07+F+R4 --seqtype CODON1 --threads-max 1 -T AUTO --ancestral --rate --redo
Seed:    189133 (Using SPRNG - Scalable Parallel Random Number Generator)
Time:    Fri Mar 27 16:09:04 2026
Kernel:  AVX+FMA - auto-detect threads (128 CPU cores detected)

Reading alignment file /mnt/data0/yue/2026-03-11-protein-convergence/results/OG_5000/csubst_w_s/csubst_input_alignment.fa ... Fasta format detected
Reading fasta file: done in 0.00188135 secs using 33.27% CPU
Alignment most likely contains DNA/RNA sequences
Converting to codon sequences with genetic code 1 ...
WARNING: 1 sites contain only gaps or ambiguous characters.
Alignment has 78 sequences with 488 columns, 478 distinct patterns
325 parsimony-informative, 112 singleton sites, 51 constant sites
                                                              Gap/Ambiguity  Composition  p-value
Analyzing sequences: done in 9.40114e-05 secs using 99.99% CPU
   1  DE523|Cluster-13729.0__TRINITY_DN1236_c0_g1_i5.p1              12.09%    passed    100.00%
   2  JJ109|Cluster-37725.0__TRINITY_DN9510_c0_g1_i1.p1              12.09%    passed    100.00%
   3  DE115|Cluster-63184.0__TRINITY_DN8084_c0_g1_i2.p1               0.20%    passed    100.00%
   4  JJ86|Cluster-32869.0__TRINITY_DN5259_c0_g1_i1.p1                0.20%    passed    100.00%
   5  DE127|Cluster-8048.0__TRINITY_DN3889_c0_g1_i8.p1                0.41%    passed    100.00%
   6  DE554|Cluster-39126.0__TRINITY_DN5874_c0_g1_i1.p1               0.20%    passed    100.00%
   7  DE666|Cluster-14499.0__TRINITY_DN57133_c0_g1_i1.p1              0.20%    passed    100.00%
   8  DE563|Cluster-1854.0__TRINITY_DN13045_c0_g1_i2.p1               0.20%    passed    100.00%
   9  DE623|Cluster-13686.0__TRINITY_DN5517_c0_g1_i3.p1               0.20%    passed    100.00%
  10  DE575|Cluster-15649.0__TRINITY_DN7949_c0_g1_i1.p1               0.20%    passed    100.00%
  11  DE681|Cluster-9366.0__TRINITY_DN12619_c0_g1_i1.p1               0.20%    passed    100.00%
  12  DE765|Cluster-56435.0__TRINITY_DN5884_c0_g1_i1.p1               2.46%    passed    100.00%
  13  DE507|Cluster-52709.0__TRINITY_DN7283_c0_g1_i3.p1               0.20%    passed    100.00%
  14  DE704-purple|Cluster-61090.0__TRINITY_DN14696_c0_g1_i3.p1       0.20%    passed    100.00%
  15  DE704-white|Cluster-25930.0__TRINITY_DN12537_c0_g1_i2.p1        0.20%    passed    100.00%
  16  DE162|Cluster-36662.0__TRINITY_DN24938_c0_g2_i3.p1              0.20%    passed    100.00%
  17  DE528|Cluster-25381.0__TRINITY_DN87_c1_g1_i1.p1                 0.20%    passed    100.00%
  18  JJ85|Cluster-4397.0__TRINITY_DN4936_c1_g1_i1.p1                 0.20%    passed    100.00%
  19  SRR3407094|Cluster-28831.0__TRINITY_DN38761_c0_g1_i1.p1         0.20%    passed    100.00%
  20  SRR3407093|Cluster-13553.0__TRINITY_DN5499_c0_g1_i1.p1          0.20%    passed    100.00%
  21  DE181|Cluster-44948.0__TRINITY_DN5684_c0_g1_i1.p1               0.20%    passed    100.00%
  22  SRR3407086|Cluster-11333.0__TRINITY_DN7889_c0_g1_i2.p1          0.20%    passed    100.00%
  23  DE503|Cluster-52296.0__TRINITY_DN2118_c4_g1_i1.p1               0.20%    passed    100.00%
  24  DE510|Cluster-18123.0__TRINITY_DN1037_c0_g3_i1.p1               0.20%    passed    100.00%
  25  SRR3407087|Cluster-33735.0__TRINITY_DN36218_c0_g1_i1.p1         0.20%    passed    100.00%
  26  DE505|Cluster-19433.0__TRINITY_DN7133_c0_g1_i4.p1               0.20%    passed    100.00%
  27  SRR3407092|Cluster-17232.0__TRINITY_DN30826_c0_g1_i1.p1         0.20%    passed    100.00%
  28  DE561|Cluster-4244.0__TRINITY_DN5447_c0_g2_i1.p1                2.87%    passed    100.00%
  29  SRR3424066|Cluster-15294.0__TRINITY_DN5413_c0_g5_i1.p1          2.87%    passed    100.00%
  30  SRR3407088|Cluster-40371.0__TRINITY_DN10420_c0_g1_i5.p1         0.20%    passed    100.00%
  31  SRR3407096|Cluster-5500.0__TRINITY_DN9428_c0_g1_i1.p1           0.20%    passed    100.00%
  32  DE216|Cluster-37461.0__TRINITY_DN20701_c0_g1_i2.p1              0.20%    passed    100.00%
  33  JJ15|Cluster-64252.0__TRINITY_DN4479_c0_g2_i1.p1               29.30%    passed     99.84%
  34  DE534|Cluster-70782.0__TRINITY_DN2146_c0_g2_i1.p1               0.20%    passed    100.00%
  35  DE542|Cluster-48411.0__TRINITY_DN4248_c1_g1_i1.p1               0.20%    passed    100.00%
  36  DE536|Cluster-44090.1__TRINITY_DN5479_c0_g1_i3.p1               0.20%    passed    100.00%
  37  DE69|Cluster-27121.0__TRINITY_DN7969_c0_g1_i2.p1                0.20%    passed    100.00%
  38  SRR3407095|Cluster-27682.1__TRINITY_DN5773_c0_g1_i2.p1          0.20%    passed    100.00%
  39  JJ74|Cluster-106673.1__TRINITY_DN5284_c0_g3_i4.p1               0.20%    passed    100.00%
  40  DE519|Cluster-40725.1__TRINITY_DN23237_c0_g1_i4.p1              0.20%    passed    100.00%
  41  DE741|Cluster-43765.0__TRINITY_DN51647_c1_g1_i2.p1              0.20%    passed    100.00%
  42  DE560|Cluster-44026.0__TRINITY_DN5229_c0_g1_i3.p1               0.20%    passed    100.00%
  43  JJ125|Cluster-38203.0__TRINITY_DN440_c0_g2_i2.p1               17.62%    passed    100.00%
  44  DE151|Cluster-37504.0__TRINITY_DN12335_c0_g1_i1.p1              0.20%    passed    100.00%
  45  DE173|Cluster-7820.0__TRINITY_DN7946_c2_g1_i1.p1                0.20%    passed    100.00%
  46  DE189|Cluster-26891.0__TRINITY_DN44715_c0_g1_i1.p1              0.20%    passed    100.00%
  47  JJ130|Cluster-4553.0__TRINITY_DN8341_c0_g1_i1.p1                0.20%    passed    100.00%
  48  DE504|Cluster-25541.0__TRINITY_DN18039_c0_g1_i1.p1              0.20%    passed    100.00%
  49  DE736|Cluster-30908.0__TRINITY_DN1769_c4_g1_i1.p1               0.20%    passed    100.00%
  50  DE88|Cluster-2216.0__TRINITY_DN4062_c0_g1_i1.p1                 0.20%    passed    100.00%
  51  DE764|Cluster-47625.0__TRINITY_DN23333_c0_g1_i1.p1             14.96%    passed    100.00%
  52  DE737|Cluster-9444.0__TRINITY_DN4673_c0_g1_i1.p1                0.20%    passed    100.00%
  53  DE509|Cluster-16163.0__TRINITY_DN6521_c0_g1_i3.p1              12.09%    passed    100.00%
  54  JJ89|Cluster-14734.0__TRINITY_DN30904_c0_g1_i1.p1               0.20%    passed    100.00%
  55  DE672|Cluster-21610.0__TRINITY_DN6499_c0_g1_i1.p1               1.02%    passed    100.00%
  56  DE531|Cluster-25433.0__TRINITY_DN3691_c0_g1_i1.p1               0.20%    passed    100.00%
  57  JJ36|Cluster-3786.0__TRINITY_DN38_c1_g1_i1.p1                   0.20%    passed    100.00%
  58  DE696-dots|Cluster-31723.0__TRINITY_DN122_c0_g1_i1.p1           0.20%    passed    100.00%
  59  DE696-nodots|Cluster-52715.0__TRINITY_DN110455_c0_g1_i1.p1      0.20%    passed    100.00%
  60  DE541|Cluster-11877.0__TRINITY_DN8835_c0_g1_i1.p1               0.20%    passed    100.00%
  61  DE550|Cluster-5959.0__TRINITY_DN64295_c0_g1_i1.p1               0.20%    passed    100.00%
  62  DE164|Cluster-28645.0__TRINITY_DN6226_c0_g1_i1.p1               0.20%    passed    100.00%
  63  DE643|Cluster-73843.1__TRINITY_DN8561_c0_g1_i6.p1               0.20%    passed    100.00%
  64  DE671|Cluster-58151.0__TRINITY_DN37759_c0_g1_i1.p1              0.20%    passed    100.00%
  65  DE549|Cluster-10519.0__TRINITY_DN1962_c0_g1_i1.p1               0.20%    passed    100.00%
  66  DE152|Cluster-61288.0__TRINITY_DN1525_c0_g3_i1.p1               3.48%    passed    100.00%
  67  DE229|Cluster-71762.0__TRINITY_DN13039_c0_g1_i1.p1              0.20%    passed    100.00%
  68  JJ23|Cluster-35467.0__TRINITY_DN3990_c0_g1_i2.p1               41.19%    passed    100.00%
  69  JJ99|Cluster-41633.0__TRINITY_DN28397_c0_g1_i1.p1               0.20%    passed    100.00%
  70  DRR082660|Cluster-22295.0__TRINITY_DN27578_c0_g1_i2.p1          0.20%    passed    100.00%
  71  DE668|Cluster-30553.0__TRINITY_DN15372_c0_g1_i4.p1              0.20%    passed    100.00%
  72  DE546_urceolata_l|Cluster-6756.0__TRINITY_DN7287_c0_g1_i1.p1    0.41%    passed    100.00%
  73  DE566|Cluster-55131.0__TRINITY_DN17862_c0_g1_i9.p1              0.20%    passed    100.00%
  74  JJ131|Cluster-42665.1__TRINITY_DN5803_c0_g1_i5.p1               0.82%    passed    100.00%
  75  DRR234970|Cluster-53518.1__TRINITY_DN4480_c0_g1_i3.p1           0.61%    passed     99.90%
  76  SRR5150740|Cluster-32504.0__TRINITY_DN4507_c2_g1_i1.p1          0.82%    passed     99.88%
  77  SRR11934227|Cluster-114731.0__TRINITY_DN71527_c0_g1_i1.p1      18.24%    failed      2.70%
  78  DRR082665|Cluster-25872.0__TRINITY_DN5991_c0_g1_i1.p1          19.06%    passed      7.78%
****  TOTAL                                                           2.62%  1 sequences failed composition chi2 test (p-value<5%; df=60)
Reading input tree file tmp.csubst.nwk ... rooted tree

NOTE: 79 MB RAM (0 GB) is required!
Measuring multi-threading efficiency up to 1 CPU cores
2 trees examined
Threads: 1 / Time: 4.584 sec / Speedup: 1.000 / Efficiency: 100% / LogL: -18562
BEST NUMBER OF THREADS: 1

Estimate model parameters (epsilon = 0.010)
1. Initial log-likelihood: -18716.099
2. Current log-likelihood: -12697.379
3. Current log-likelihood: -12687.650
4. Current log-likelihood: -12687.620
5. Current log-likelihood: -12687.599
6. Current log-likelihood: -12687.584
7. Current log-likelihood: -12687.572
Optimal log-likelihood: -12687.564
Nonsynonymous/synonymous ratio (omega): 1.000
Transition/transversion ratio (kappa): 1.000
Site proportion and rates:  (0.621,0.494) (0.261,1.412) (0.115,2.753) (0.002,3.318)
Parameters optimization took 7 rounds (112.556 sec)
Wrote distance file to... 
BEST SCORE FOUND : -12687.564
Ancestral state probabilities printed to /mnt/data0/yue/2026-03-11-protein-convergence/results/OG_5000/csubst_w_s/csubst_input_alignment.fa.state
Empirical proportions for each category: 0.678 0.227 0.094 0.000
Site rates printed to /mnt/data0/yue/2026-03-11-protein-convergence/results/OG_5000/csubst_w_s/csubst_input_alignment.fa.rate
Total tree length: 4.642

Total number of iterations: 0
CPU time used for tree search: 0.000 sec (0h:0m:0s)
Wall-clock time used for tree search: 0.000 sec (0h:0m:0s)
Total CPU time used: 117.081 sec (0h:1m:57s)
Total wall-clock time used: 120.041 sec (0h:2m:0s)

Analysis results written to: 
  IQ-TREE report:                /mnt/data0/yue/2026-03-11-protein-convergence/results/OG_5000/csubst_w_s/csubst_input_alignment.fa.iqtree
  Maximum-likelihood tree:       /mnt/data0/yue/2026-03-11-protein-convergence/results/OG_5000/csubst_w_s/csubst_input_alignment.fa.treefile
  Site-specific rates:           /mnt/data0/yue/2026-03-11-protein-convergence/results/OG_5000/csubst_w_s/csubst_input_alignment.fa.rate
  Ancestral state:               /mnt/data0/yue/2026-03-11-protein-convergence/results/OG_5000/csubst_w_s/csubst_input_alignment.fa.state
  Screen log file:               /mnt/data0/yue/2026-03-11-protein-convergence/results/OG_5000/csubst_w_s/csubst_input_alignment.fa.log

Date and Time: Fri Mar 27 16:11:04 2026
