IQ-TREE multicore version 2.4.0 for Linux x86 64-bit built Feb 12 2025
Developed by Bui Quang Minh, Nguyen Lam Tung, Olga Chernomor, Heiko Schmidt,
Dominik Schrempf, Michael Woodhams, Ly Trong Nhan, Thomas Wong

Host:    brain (AVX2, FMA3, 2015 GB RAM)
Command: /home/yue/miniconda3/envs/py39/bin/iqtree -s /mnt/data0/yue/2026-03-11-protein-convergence/results/OG_10700/csubst_w_s/csubst_input_alignment.fa -te tmp.csubst.nwk -m ECMK07+F+R4 --seqtype CODON1 --threads-max 1 -T AUTO --ancestral --rate --redo
Seed:    122009 (Using SPRNG - Scalable Parallel Random Number Generator)
Time:    Thu Mar 26 21:17:20 2026
Kernel:  AVX+FMA - auto-detect threads (128 CPU cores detected)

Reading alignment file /mnt/data0/yue/2026-03-11-protein-convergence/results/OG_10700/csubst_w_s/csubst_input_alignment.fa ... Fasta format detected
Reading fasta file: done in 0.00937752 secs using 70.62% CPU
Alignment most likely contains DNA/RNA sequences
Converting to codon sequences with genetic code 1 ...
Alignment has 58 sequences with 1475 columns, 1413 distinct patterns
703 parsimony-informative, 469 singleton sites, 303 constant sites
                                                                 Gap/Ambiguity  Composition  p-value
Analyzing sequences: done in 0.000434816 secs using 99.12% CPU
   1  SRR3407096|Cluster-32734.0__TRINITY_DN9163_c0_g1_i2.p1             1.29%    passed    100.00%
   2  DE523|Cluster-49971.1__TRINITY_DN8498_c0_g1_i3.p1                  7.32%    passed    100.00%
   3  DE229|Cluster-92371.0__TRINITY_DN3366_c1_g1_i2.p1                  7.32%    passed    100.00%
   4  JJ15|Cluster-16304.0__TRINITY_DN7967_c0_g1_i3.p1                  44.41%    passed     85.76%
   5  DRR234970|Cluster-34255.0__TRINITY_DN7743_c0_g1_i1.p1              3.05%    passed     99.99%
   6  DE152|Cluster-58457.0__TRINITY_DN11310_c0_g1_i40.p1                6.98%    passed    100.00%
   7  DE563|Cluster-55375.0__TRINITY_DN3523_c0_g1_i6.p1                 45.56%    passed     87.26%
   8  DE115|Cluster-62692.1__TRINITY_DN7997_c0_g2_i2.p1                 24.14%    passed    100.00%
   9  DE126|Cluster-47715.0__TRINITY_DN6936_c0_g1_i1.p1                  0.00%    passed    100.00%
  10  DE546_urceolata_l|Cluster-44368.0__TRINITY_DN13648_c0_g1_i20.p1    0.00%    passed    100.00%
  11  DE575|Cluster-52219.0__TRINITY_DN2791_c0_g1_i18.p1                 7.32%    passed    100.00%
  12  DE765|Cluster-54839.0__TRINITY_DN4916_c1_g2_i2.p1                  9.15%    passed    100.00%
  13  DE681|Cluster-63663.0__TRINITY_DN3980_c0_g1_i8.p1                  0.00%    passed    100.00%
  14  DE127|Cluster-41592.0__TRINITY_DN7166_c0_g1_i3.p1                  0.00%    passed    100.00%
  15  DE666|Cluster-22809.0__TRINITY_DN8068_c1_g2_i4.p1                  7.32%    passed    100.00%
  16  DE162|Cluster-29745.3__TRINITY_DN791_c0_g1_i6.p1                   9.15%    passed    100.00%
  17  DE528|Cluster-36784.0__TRINITY_DN6734_c0_g1_i7.p1                  7.32%    passed    100.00%
  18  DE507|Cluster-82716.0__TRINITY_DN1512_c0_g1_i32.p1                 0.00%    passed    100.00%
  19  DE704-purple|Cluster-4289.0__TRINITY_DN7900_c0_g2_i1.p1           73.69%    passed     73.51%
  20  DE704-white|Cluster-42432.0__TRINITY_DN9340_c0_g1_i14.p1           7.32%    passed    100.00%
  21  JJ86|Cluster-54774.0__TRINITY_DN3710_c0_g1_i21.p1                  7.66%    passed    100.00%
  22  DE668|Cluster-11372.0__TRINITY_DN3276_c0_g1_i8.p1                 16.07%    passed    100.00%
  23  DE680|Cluster-30487.1__TRINITY_DN5090_c0_g1_i3.p1                 20.95%    passed    100.00%
  24  DE623|Cluster-40935.0__TRINITY_DN1701_c0_g1_i12.p1                 7.32%    passed    100.00%
  25  DE181|Cluster-38922.0__TRINITY_DN1352_c0_g1_i1.p1                 27.73%    passed    100.00%
  26  DE505|Cluster-11151.0__TRINITY_DN19873_c0_g1_i18.p1               21.76%    passed    100.00%
  27  DE510|Cluster-2553.0__TRINITY_DN1345_c0_g1_i5.p1                   9.22%    passed    100.00%
  28  DE561|Cluster-49444.2__TRINITY_DN10012_c0_g1_i6.p1                53.97%    passed     79.12%
  29  SRR3407093|Cluster-20170.0__TRINITY_DN16047_c0_g1_i1.p1           32.20%    passed    100.00%
  30  DE216|Cluster-58511.0__TRINITY_DN4206_c0_g1_i1.p1                 27.73%    passed    100.00%
  31  DE534|Cluster-74837.0__TRINITY_DN4488_c0_g1_i9.p1                  0.00%    passed    100.00%
  32  DE542|Cluster-38188.0__TRINITY_DN41418_c0_g1_i3.p1                20.95%    passed    100.00%
  33  DE566|Cluster-51133.0__TRINITY_DN5377_c0_g1_i26.p1                 9.22%    passed    100.00%
  34  DE736|Cluster-46033.1__TRINITY_DN14001_c0_g1_i2.p1                18.98%    passed    100.00%
  35  DE764|Cluster-23557.0__TRINITY_DN15021_c0_g1_i11.p1                7.66%    passed    100.00%
  36  DE536|Cluster-26607.0__TRINITY_DN5148_c0_g1_i10.p1                52.88%    passed     28.40%
  37  DE151|Cluster-13655.0__TRINITY_DN4785_c0_g1_i8.p1                 30.85%    passed    100.00%
  38  DE549|Cluster-21761.0__TRINITY_DN3875_c0_g1_i4.p1                 62.51%    passed     69.13%
  39  JJ36|Cluster-44358.0__TRINITY_DN3946_c0_g1_i7.p1                  32.81%    passed    100.00%
  40  DE69|Cluster-43165.0__TRINITY_DN12159_c1_g1_i1.p1                  0.41%    passed    100.00%
  41  SRR3407095|Cluster-24401.0__TRINITY_DN3477_c0_g1_i1.p1             0.41%    passed    100.00%
  42  DE173|Cluster-7416.0__TRINITY_DN5264_c0_g1_i1.p1                   0.07%    passed    100.00%
  43  DE541|Cluster-5349.0__TRINITY_DN19282_c0_g1_i3.p1                  2.10%    passed    100.00%
  44  JJ89|Cluster-25659.0__TRINITY_DN63129_c3_g1_i1.p1                  0.00%    passed    100.00%
  45  DE741|Cluster-58019.0__TRINITY_DN17205_c0_g1_i1.p1                 0.00%    passed    100.00%
  46  DE88|Cluster-26061.0__TRINITY_DN9343_c0_g1_i2.p1                   0.00%    passed    100.00%
  47  DE503|Cluster-60977.0__TRINITY_DN1950_c0_g2_i2.p1                  0.00%    passed    100.00%
  48  SRR3407086|Cluster-22360.0__TRINITY_DN10205_c0_g2_i1.p1           16.61%    passed    100.00%
  49  SRR3407094|Cluster-30139.0__TRINITY_DN12229_c0_g2_i1.p1           30.44%    passed     76.75%
  50  SRR3407092|Cluster-32580.0__TRINITY_DN13073_c0_g1_i2.p1            0.00%    passed    100.00%
  51  JJ85|Cluster-40682.1__TRINITY_DN6211_c0_g1_i1.p1                   0.00%    passed    100.00%
  52  DE671|Cluster-44935.0__TRINITY_DN2050_c0_g1_i5.p1                  0.00%    passed    100.00%
  53  DE560|Cluster-33139.0__TRINITY_DN3160_c0_g2_i1.p1                  0.00%    passed    100.00%
  54  DRR082660|Cluster-37644.0__TRINITY_DN7287_c0_g2_i2.p1             27.32%    passed     99.22%
  55  JJ99|Cluster-53994.0__TRINITY_DN10523_c0_g1_i2.p1                  0.00%    passed    100.00%
  56  JJ74|Cluster-118066.0__TRINITY_DN2224_c1_g1_i4.p1                 16.61%    passed    100.00%
  57  JJ125|Cluster-36295.0__TRINITY_DN5498_c0_g1_i6.p1                  0.00%    passed    100.00%
  58  SRR11934227|Cluster-141995.0__TRINITY_DN88686_c0_g1_i3.p1          7.66%    failed      0.00%
WARNING: 4 sequences contain more than 50% gaps/ambiguity
****  TOTAL                                                             14.20%  1 sequences failed composition chi2 test (p-value<5%; df=60)
Reading input tree file tmp.csubst.nwk ... rooted tree

NOTE: 160 MB RAM (0 GB) is required!
Measuring multi-threading efficiency up to 1 CPU cores
2 trees examined
Threads: 1 / Time: 8.233 sec / Speedup: 1.000 / Efficiency: 100% / LogL: -34227
BEST NUMBER OF THREADS: 1

Estimate model parameters (epsilon = 0.010)
1. Initial log-likelihood: -38298.485
2. Current log-likelihood: -26478.973
3. Current log-likelihood: -26435.195
4. Current log-likelihood: -26435.060
5. Current log-likelihood: -26434.961
6. Current log-likelihood: -26434.887
7. Current log-likelihood: -26434.831
8. Current log-likelihood: -26434.787
9. Current log-likelihood: -26434.754
10. Current log-likelihood: -26434.728
11. Current log-likelihood: -26434.708
12. Current log-likelihood: -26434.692
13. Current log-likelihood: -26434.679
Optimal log-likelihood: -26434.670
Nonsynonymous/synonymous ratio (omega): 1.000
Transition/transversion ratio (kappa): 1.000
Site proportion and rates:  (0.450,0.397) (0.398,1.078) (0.111,1.959) (0.041,4.319)
Parameters optimization took 13 rounds (325.746 sec)
Wrote distance file to... 
BEST SCORE FOUND : -26434.670
Ancestral state probabilities printed to /mnt/data0/yue/2026-03-11-protein-convergence/results/OG_10700/csubst_w_s/csubst_input_alignment.fa.state
Empirical proportions for each category: 0.511 0.403 0.049 0.037
Site rates printed to /mnt/data0/yue/2026-03-11-protein-convergence/results/OG_10700/csubst_w_s/csubst_input_alignment.fa.rate
Total tree length: 3.039

Total number of iterations: 0
CPU time used for tree search: 0.000 sec (0h:0m:0s)
Wall-clock time used for tree search: 0.000 sec (0h:0m:0s)
Total CPU time used: 338.298 sec (0h:5m:38s)
Total wall-clock time used: 338.895 sec (0h:5m:38s)

Analysis results written to: 
  IQ-TREE report:                /mnt/data0/yue/2026-03-11-protein-convergence/results/OG_10700/csubst_w_s/csubst_input_alignment.fa.iqtree
  Maximum-likelihood tree:       /mnt/data0/yue/2026-03-11-protein-convergence/results/OG_10700/csubst_w_s/csubst_input_alignment.fa.treefile
  Site-specific rates:           /mnt/data0/yue/2026-03-11-protein-convergence/results/OG_10700/csubst_w_s/csubst_input_alignment.fa.rate
  Ancestral state:               /mnt/data0/yue/2026-03-11-protein-convergence/results/OG_10700/csubst_w_s/csubst_input_alignment.fa.state
  Screen log file:               /mnt/data0/yue/2026-03-11-protein-convergence/results/OG_10700/csubst_w_s/csubst_input_alignment.fa.log

Date and Time: Thu Mar 26 21:22:59 2026
