IQ-TREE multicore version 2.4.0 for Linux x86 64-bit built Feb 12 2025
Developed by Bui Quang Minh, Nguyen Lam Tung, Olga Chernomor, Heiko Schmidt,
Dominik Schrempf, Michael Woodhams, Ly Trong Nhan, Thomas Wong

Host:    brain (AVX2, FMA3, 2015 GB RAM)
Command: /home/yue/miniconda3/envs/py39/bin/iqtree -s /mnt/data0/yue/2026-03-11-protein-convergence/results/OG_229/csubst_w_s/csubst_input_alignment.fa -te tmp.csubst.nwk -m ECMK07+F+R4 --seqtype CODON1 --threads-max 1 -T AUTO --ancestral --rate --redo
Seed:    610411 (Using SPRNG - Scalable Parallel Random Number Generator)
Time:    Fri Mar 27 03:46:24 2026
Kernel:  AVX+FMA - auto-detect threads (128 CPU cores detected)

Reading alignment file /mnt/data0/yue/2026-03-11-protein-convergence/results/OG_229/csubst_w_s/csubst_input_alignment.fa ... Fasta format detected
Reading fasta file: done in 0.00702299 secs using 57.43% CPU
Alignment most likely contains DNA/RNA sequences
Converting to codon sequences with genetic code 1 ...
WARNING: 1 sites contain only gaps or ambiguous characters.
Alignment has 84 sequences with 1735 columns, 1600 distinct patterns
1004 parsimony-informative, 379 singleton sites, 352 constant sites
                                                           Gap/Ambiguity  Composition  p-value
Analyzing sequences: done in 0.000329494 secs using 39.45% CPU
   1  SRR3407096|Cluster-17368.2__TRINITY_DN3590_c0_g1_i3.p1       3.92%    passed     99.88%
   2  DE765|Cluster-40857.0__TRINITY_DN2931_c0_g1_i2.p1           27.78%    passed     83.98%
   3  DE671|Cluster-25506.0__TRINITY_DN6415_c0_g1_i4.p1           22.65%    passed     98.98%
   4  DE115|Cluster-68174.0__TRINITY_DN1187_c0_g1_i1.p1           32.97%    passed    100.00%
   5  DE680|Cluster-24877.1__TRINITY_DN7292_c0_g1_i7.p1           41.50%    passed    100.00%
   6  SRR3407088|Cluster-38844.0__TRINITY_DN11955_c0_g1_i1.p1     42.25%    passed    100.00%
   7  DE151|Cluster-6715.0__TRINITY_DN813_c8_g1_i1.p1             49.91%    passed     99.71%
   8  JJ36|Cluster-31318.0__TRINITY_DN1052_c0_g1_i4.p1             0.17%    passed    100.00%
   9  SRR3407093|Cluster-4485.0__TRINITY_DN12123_c0_g1_i2.p1       0.17%    passed    100.00%
  10  DE152|Cluster-55232.1__TRINITY_DN3508_c0_g1_i2.p1            0.17%    passed    100.00%
  11  DE505|Cluster-3707.0__TRINITY_DN834_c2_g1_i2.p1             31.76%    passed     79.47%
  12  DE126|Cluster-6607.1__TRINITY_DN1949_c0_g1_i2.p1             0.17%    passed     99.97%
  13  DE173|Cluster-55752.0__TRINITY_DN7105_c0_g2_i3.p1            0.17%    passed    100.00%
  14  DE189|Cluster-32582.0__TRINITY_DN333_c0_g2_i2.p1             5.30%    passed    100.00%
  15  SRR3424066|Cluster-17383.1__TRINITY_DN3651_c0_g1_i1.p1      30.89%    passed    100.00%
  16  DE561|Cluster-29501.1__TRINITY_DN6117_c2_g3_i1.p1            0.17%    passed    100.00%
  17  DE476|Cluster-32874.0__TRINITY_DN16_c3_g1_i4.p1              5.30%    passed    100.00%
  18  DE519|Cluster-39291.0__TRINITY_DN11477_c0_g3_i1.p1           0.17%    passed    100.00%
  19  DE549|Cluster-23079.0__TRINITY_DN5_c0_g2_i1.p1               0.17%    passed    100.00%
  20  DE696-dots|Cluster-21683.0__TRINITY_DN836_c0_g2_i2.p1        0.17%    passed    100.00%
  21  DE764|Cluster-35954.1__TRINITY_DN4008_c0_g1_i8.p1            0.17%    passed    100.00%
  22  JJ109|Cluster-32079.0__TRINITY_DN7859_c0_g1_i5.p1            0.17%    passed    100.00%
  23  DE181|Cluster-48010.1__TRINITY_DN223_c1_g4_i1.p1             5.30%    passed    100.00%
  24  DE503|Cluster-34028.0__TRINITY_DN1004_c0_g3_i1.p1            0.17%    passed    100.00%
  25  DE507|Cluster-83364.1__TRINITY_DN11510_c0_g1_i2.p1           0.17%    passed    100.00%
  26  JJ89|Cluster-21622.0__TRINITY_DN2990_c1_g1_i2.p1             0.17%    passed    100.00%
  27  DE575|Cluster-67311.1__TRINITY_DN970_c0_g3_i2.p1             0.17%    passed    100.00%
  28  JJ86|Cluster-30439.0__TRINITY_DN9936_c0_g1_i2.p1             0.17%    passed    100.00%
  29  DE623|Cluster-46066.0__TRINITY_DN4523_c0_g2_i1.p1            0.17%    passed    100.00%
  30  DE643|Cluster-76735.0__TRINITY_DN11685_c0_g1_i12.p1          0.17%    passed    100.00%
  31  DE681|Cluster-52907.0__TRINITY_DN14329_c0_g2_i5.p1           0.17%    passed    100.00%
  32  DE696-nodots|Cluster-60220.0__TRINITY_DN3073_c0_g1_i1.p1     0.17%    passed    100.00%
  33  DE704-white|Cluster-25248.0__TRINITY_DN8010_c0_g1_i8.p1      0.17%    passed    100.00%
  34  DE736|Cluster-8630.0__TRINITY_DN126_c1_g2_i1.p1              0.17%    passed    100.00%
  35  DE741|Cluster-7218.1__TRINITY_DN4760_c0_g1_i4.p1             0.17%    passed    100.00%
  36  SRR3407094|Cluster-20635.0__TRINITY_DN10549_c0_g2_i4.p1     50.61%    passed     99.40%
  37  DE510|Cluster-42821.2__TRINITY_DN1065_c0_g3_i1.p1           25.76%    passed    100.00%
  38  SRR3407092|Cluster-38535.2__TRINITY_DN8848_c0_g1_i6.p1      25.76%    passed    100.00%
  39  DE536|Cluster-30487.0__TRINITY_DN2938_c1_g5_i1.p1            0.17%    passed    100.00%
  40  DE563|Cluster-38605.0__TRINITY_DN12670_c0_g1_i8.p1           0.17%    passed    100.00%
  41  DE668|Cluster-47985.0__TRINITY_DN107_c0_g1_i1.p1             0.17%    passed    100.00%
  42  JJ125|Cluster-31428.0__TRINITY_DN265_c0_g1_i3.p1             0.17%    passed    100.00%
  43  DE672|Cluster-46742.0__TRINITY_DN2868_c0_g1_i2.p1            5.30%    passed    100.00%
  44  SRR3407087|Cluster-30493.0__TRINITY_DN3668_c0_g3_i1.p1      51.12%    passed     99.79%
  45  SRR3407095|Cluster-52305.0__TRINITY_DN3345_c0_g3_i2.p1      32.97%    passed    100.00%
  46  DE554|Cluster-17414.2__TRINITY_DN4414_c0_g2_i6.p1           41.50%    passed     99.99%
  47  JJ23|Cluster-41815.0__TRINITY_DN10440_c0_g2_i5.p1            0.17%    passed    100.00%
  48  DE666|Cluster-44479.0__TRINITY_DN2264_c0_g1_i8.p1            0.17%    passed    100.00%
  49  JJ74|Cluster-42854.0__TRINITY_DN644_c3_g1_i1.p1             59.31%    passed     97.00%
  50  DE216|Cluster-73055.0__TRINITY_DN3510_c0_g1_i2.p1            0.17%    passed    100.00%
  51  DE534|Cluster-24208.5__TRINITY_DN7286_c0_g1_i1.p1           25.76%    passed    100.00%
  52  JJ15|Cluster-22351.0__TRINITY_DN1075_c0_g3_i5.p1            13.08%    passed    100.00%
  53  DE541|Cluster-15670.0__TRINITY_DN3738_c0_g3_i1.p1            0.17%    passed    100.00%
  54  SRR5150740|Cluster-5045.0__TRINITY_DN1807_c1_g2_i1.p1       59.31%    passed     88.96%
  55  DRR234970|Cluster-52642.1__TRINITY_DN28669_c0_g1_i1.p1       0.17%    passed    100.00%
  56  DRR082665|Cluster-45773.6__TRINITY_DN3976_c0_g1_i10.p1      32.05%    passed     94.43%
  57  SRR11934227|Cluster-134792.1__TRINITY_DN65773_c0_g1_i2.p1   25.88%    passed     95.22%
  58  DE550|Cluster-20211.0__TRINITY_DN5443_c0_g2_i1.p1            5.30%    passed    100.00%
  59  DE503|Cluster-21044.0__TRINITY_DN9019_c0_g1_i1.p1           15.68%    passed     95.05%
  60  SRR3407093|Cluster-27671.0__TRINITY_DN12123_c0_g3_i1.p1     28.41%    passed     79.61%
  61  DE181|Cluster-30961.0__TRINITY_DN2817_c0_g1_i1.p1           23.80%    passed     88.27%
  62  DE505|Cluster-54927.0__TRINITY_DN7112_c0_g1_i3.p1           10.89%    passed     99.54%
  63  DE229|Cluster-77420.1__TRINITY_DN34_c0_g2_i3.p1              0.17%    passed     99.93%
  64  JJ86|Cluster-7333.0__TRINITY_DN9936_c0_g2_i1.p1              0.17%    passed     99.82%
  65  DE162|Cluster-50043.0__TRINITY_DN12647_c0_g1_i4.p1           0.17%    passed     99.89%
  66  DE704-purple|Cluster-19748.0__TRINITY_DN8427_c0_g1_i1.p1    46.74%    passed     10.40%
  67  DE528|Cluster-34507.1__TRINITY_DN5524_c0_g1_i7.p1            0.17%    passed     99.93%
  68  DE523|Cluster-43246.0__TRINITY_DN4627_c0_g1_i4.p1            0.17%    passed     99.80%
  69  JJ89|Cluster-23509.0__TRINITY_DN2990_c1_g2_i2.p1            15.68%    passed     99.09%
  70  JJ130|Cluster-27614.0__TRINITY_DN14113_c1_g1_i3.p1           0.17%    passed    100.00%
  71  JJ99|Cluster-53399.0__TRINITY_DN10296_c0_g1_i1.p1            0.17%    passed     99.57%
  72  JJ85|Cluster-30640.1__TRINITY_DN7043_c0_g1_i4.p1             0.17%    passed     99.98%
  73  DE164|Cluster-59254.1__TRINITY_DN16188_c0_g1_i2.p1           0.17%    passed    100.00%
  74  DE189|Cluster-4001.0__TRINITY_DN3970_c0_g1_i1.p1            57.46%    passed     26.92%
  75  DE88|Cluster-34103.0__TRINITY_DN2487_c0_g2_i1.p1            56.60%    passed     96.25%
  76  DE504|Cluster-20545.1__TRINITY_DN6499_c0_g1_i2.p1            0.17%    passed    100.00%
  77  DE643|Cluster-77427.2__TRINITY_DN41159_c0_g1_i12.p1         63.52%    failed      3.68%
  78  DE737|Cluster-14638.1__TRINITY_DN3447_c0_g2_i4.p1            0.17%    passed    100.00%
  79  DE509|Cluster-6549.0__TRINITY_DN7362_c0_g2_i2.p1             0.17%    passed     99.98%
  80  DE531|Cluster-19849.1__TRINITY_DN4669_c0_g2_i3.p1            0.17%    passed    100.00%
  81  DE560|Cluster-27414.1__TRINITY_DN11377_c0_g1_i2.p1           0.17%    passed     99.97%
  82  DE69|Cluster-24164.3__TRINITY_DN4963_c0_g1_i5.p1             5.30%    passed    100.00%
  83  SRR3407086|Cluster-29429.1__TRINITY_DN5195_c0_g1_i8.p1      46.63%    passed     97.83%
  84  JJ131|Cluster-68243.0__TRINITY_DN14914_c0_g1_i1.p1          31.82%    passed     87.18%
WARNING: 7 sequences contain more than 50% gaps/ambiguity
****  TOTAL                                                       13.85%  1 sequences failed composition chi2 test (p-value<5%; df=60)
Reading input tree file tmp.csubst.nwk ... rooted tree

NOTE: 261 MB RAM (0 GB) is required!
Measuring multi-threading efficiency up to 1 CPU cores
2 trees examined
Threads: 1 / Time: 12.702 sec / Speedup: 1.000 / Efficiency: 100% / LogL: -64973
BEST NUMBER OF THREADS: 1

Estimate model parameters (epsilon = 0.010)
1. Initial log-likelihood: -57337.245
2. Current log-likelihood: -35888.383
3. Current log-likelihood: -35827.223
4. Current log-likelihood: -35822.409
5. Current log-likelihood: -35822.043
6. Current log-likelihood: -35821.906
7. Current log-likelihood: -35818.997
8. Current log-likelihood: -35818.772
9. Current log-likelihood: -35818.687
10. Current log-likelihood: -35818.649
11. Current log-likelihood: -35818.632
12. Current log-likelihood: -35816.213
13. Current log-likelihood: -35816.085
14. Current log-likelihood: -35816.041
15. Current log-likelihood: -35816.024
Optimal log-likelihood: -35816.016
Nonsynonymous/synonymous ratio (omega): 1.000
Transition/transversion ratio (kappa): 1.000
Site proportion and rates:  (0.490,0.373) (0.360,1.032) (0.141,2.761) (0.010,6.026)
Parameters optimization took 15 rounds (619.956 sec)
Wrote distance file to... 
BEST SCORE FOUND : -35816.016
Ancestral state probabilities printed to /mnt/data0/yue/2026-03-11-protein-convergence/results/OG_229/csubst_w_s/csubst_input_alignment.fa.state
Empirical proportions for each category: 0.535 0.331 0.126 0.007
Site rates printed to /mnt/data0/yue/2026-03-11-protein-convergence/results/OG_229/csubst_w_s/csubst_input_alignment.fa.rate
Total tree length: 3.920

Total number of iterations: 0
CPU time used for tree search: 0.000 sec (0h:0m:0s)
Wall-clock time used for tree search: 0.000 sec (0h:0m:0s)
Total CPU time used: 639.210 sec (0h:10m:39s)
Total wall-clock time used: 640.635 sec (0h:10m:40s)

Analysis results written to: 
  IQ-TREE report:                /mnt/data0/yue/2026-03-11-protein-convergence/results/OG_229/csubst_w_s/csubst_input_alignment.fa.iqtree
  Maximum-likelihood tree:       /mnt/data0/yue/2026-03-11-protein-convergence/results/OG_229/csubst_w_s/csubst_input_alignment.fa.treefile
  Site-specific rates:           /mnt/data0/yue/2026-03-11-protein-convergence/results/OG_229/csubst_w_s/csubst_input_alignment.fa.rate
  Ancestral state:               /mnt/data0/yue/2026-03-11-protein-convergence/results/OG_229/csubst_w_s/csubst_input_alignment.fa.state
  Screen log file:               /mnt/data0/yue/2026-03-11-protein-convergence/results/OG_229/csubst_w_s/csubst_input_alignment.fa.log

Date and Time: Fri Mar 27 03:57:05 2026
