IQ-TREE multicore version 2.4.0 for Linux x86 64-bit built Feb 12 2025
Developed by Bui Quang Minh, Nguyen Lam Tung, Olga Chernomor, Heiko Schmidt,
Dominik Schrempf, Michael Woodhams, Ly Trong Nhan, Thomas Wong

Host:    brain (AVX2, FMA3, 2015 GB RAM)
Command: /home/yue/miniconda3/envs/py39/bin/iqtree -s /mnt/data0/yue/2026-03-11-protein-convergence/results/OG_69/csubst_w_s/csubst_input_alignment.fa -te tmp.csubst.nwk -m ECMK07+F+R4 --seqtype CODON1 --threads-max 1 -T AUTO --ancestral --rate --redo
Seed:    486637 (Using SPRNG - Scalable Parallel Random Number Generator)
Time:    Fri Mar 27 23:04:18 2026
Kernel:  AVX+FMA - auto-detect threads (128 CPU cores detected)

Reading alignment file /mnt/data0/yue/2026-03-11-protein-convergence/results/OG_69/csubst_w_s/csubst_input_alignment.fa ... Fasta format detected
Reading fasta file: done in 0.00319713 secs using 36.78% CPU
Alignment most likely contains DNA/RNA sequences
Converting to codon sequences with genetic code 1 ...
Alignment has 112 sequences with 245 columns, 243 distinct patterns
173 parsimony-informative, 46 singleton sites, 26 constant sites
                                                               Gap/Ambiguity  Composition  p-value
Analyzing sequences: done in 0.000150308 secs using 99.13% CPU
   1  JJ89|Cluster-9562.2__TRINITY_DN1585_c0_g1_i23.p1                 1.63%    passed    100.00%
   2  DE229|Cluster-90751.0__TRINITY_DN2766_c0_g1_i6.p1                4.08%    passed    100.00%
   3  JJ23|Cluster-47475.1__TRINITY_DN1734_c0_g1_i109.p1              34.29%    passed    100.00%
   4  SRR3407086|Cluster-36554.5__TRINITY_DN6591_c0_g1_i8.p1           4.08%    passed    100.00%
   5  DE681|Cluster-25486.1__TRINITY_DN1065_c0_g1_i13.p1               4.08%    passed     94.34%
   6  DE181|Cluster-10885.4__TRINITY_DN658_c0_g1_i39.p1                4.08%    passed    100.00%
   7  DE510|Cluster-39104.0__TRINITY_DN15586_c1_g2_i1.p1              52.24%    passed     82.45%
   8  DE563|Cluster-16635.126__TRINITY_DN840_c1_g1_i16.p1              1.22%    passed    100.00%
   9  DE189|Cluster-4578.12__TRINITY_DN979_c0_g1_i15.p1                4.08%    passed    100.00%
  10  DE151|Cluster-53238.2__TRINITY_DN2360_c0_g1_i8.p1                1.63%    passed    100.00%
  11  JJ109|Cluster-36853.2__TRINITY_DN2527_c0_g1_i6.p1                1.63%    passed    100.00%
  12  DE531|Cluster-50758.6__TRINITY_DN2293_c0_g1_i2.p1                1.63%    passed    100.00%
  13  DE164|Cluster-57528.1__TRINITY_DN7521_c0_g1_i3.p1                1.63%    passed    100.00%
  14  DE549|Cluster-49147.1__TRINITY_DN782_c1_g1_i46.p1                1.63%    passed    100.00%
  15  DE541|Cluster-9586.17__TRINITY_DN2494_c0_g1_i2.p1                3.27%    passed    100.00%
  16  JJ36|Cluster-44770.2__TRINITY_DN593_c0_g1_i21.p1                 1.63%    passed    100.00%
  17  DE764|Cluster-47914.0__TRINITY_DN441_c1_g1_i2.p1                 1.63%    passed    100.00%
  18  DE696-nodots|Cluster-23915.2__TRINITY_DN32_c1_g1_i9.p1           1.63%    passed    100.00%
  19  DE623|Cluster-41235.0__TRINITY_DN7921_c0_g2_i3.p1               55.92%    passed     99.98%
  20  JJ23|Cluster-25526.0__TRINITY_DN12519_c1_g1_i1.p1               47.76%    passed     99.80%
  21  DE566|Cluster-54512.0__TRINITY_DN17223_c1_g2_i2.p1              52.24%    passed     99.99%
  22  DE216|Cluster-63760.0__TRINITY_DN16909_c0_g1_i5.p1              49.80%    passed     99.93%
  23  JJ15|Cluster-56911.3__TRINITY_DN34255_c0_g1_i8.p1                1.63%    passed    100.00%
  24  JJ74|Cluster-131667.1__TRINITY_DN317_c0_g1_i18.p1                1.63%    passed    100.00%
  25  DE127|Cluster-5505.0__TRINITY_DN12928_c0_g3_i1.p1               49.80%    passed    100.00%
  26  DE152|Cluster-39608.0__TRINITY_DN20403_c0_g1_i6.p1              13.47%    passed     99.98%
  27  DE668|Cluster-30073.5__TRINITY_DN35699_c0_g1_i7.p1              49.80%    passed     99.89%
  28  DE162|Cluster-50205.0__TRINITY_DN15840_c0_g1_i1.p1               1.63%    passed    100.00%
  29  DE528|Cluster-4007.0__TRINITY_DN15937_c0_g1_i2.p1               49.80%    passed     99.94%
  30  DE765|Cluster-26280.0__TRINITY_DN18919_c0_g1_i1.p1              49.80%    passed     99.98%
  31  DE704-purple|Cluster-48403.0__TRINITY_DN1493_c1_g1_i24.p1        1.63%    passed    100.00%
  32  DE704-white|Cluster-6796.0__TRINITY_DN13044_c0_g1_i1.p1         49.80%    passed    100.00%
  33  DE575|Cluster-28795.0__TRINITY_DN22456_c0_g1_i1.p1              49.80%    passed     99.96%
  34  JJ99|Cluster-36260.2__TRINITY_DN2281_c0_g1_i3.p1                 1.63%    passed    100.00%
  35  DE519|Cluster-29648.3__TRINITY_DN360_c0_g1_i40.p1                3.27%    passed    100.00%
  36  JJ99|Cluster-27356.5__TRINITY_DN252_c0_g1_i6.p1                  3.67%    passed     99.95%
  37  DE115|Cluster-48168.0__TRINITY_DN14833_c0_g1_i2.p1              18.37%    passed     91.54%
  38  DE575|Cluster-51268.8__TRINITY_DN5075_c0_g1_i11.p1               1.63%    passed    100.00%
  39  DE504|Cluster-32467.1__TRINITY_DN15332_c0_g1_i3.p1              45.31%    passed     99.94%
  40  JJ86|Cluster-34718.1__TRINITY_DN1880_c0_g1_i17.p1                4.08%    passed    100.00%
  41  DE668|Cluster-23764.2__TRINITY_DN204_c0_g1_i25.p1                1.63%    passed    100.00%
  42  SRR3407088|Cluster-27391.2__TRINITY_DN3665_c0_g2_i3.p1           1.63%    passed    100.00%
  43  SRR3424066|Cluster-33844.0__TRINITY_DN5735_c0_g1_i2.p1           1.63%    passed    100.00%
  44  DE550|Cluster-32867.1__TRINITY_DN12278_c0_g1_i7.p1               1.63%    passed    100.00%
  45  DE643|Cluster-54624.1__TRINITY_DN5755_c0_g1_i7.p1                1.63%    passed    100.00%
  46  DE671|Cluster-10861.2__TRINITY_DN2359_c0_g1_i11.p1               1.63%    passed    100.00%
  47  DE672|Cluster-55868.1__TRINITY_DN1722_c0_g1_i5.p1                1.63%    passed    100.00%
  48  DE503|Cluster-17002.6__TRINITY_DN3583_c0_g1_i27.p1               1.63%    passed    100.00%
  49  DE510|Cluster-40480.0__TRINITY_DN1727_c1_g1_i3.p1               49.80%    passed     99.99%
  50  SRR3407093|Cluster-25789.0__TRINITY_DN4803_c0_g1_i1.p1          52.24%    passed     99.99%
  51  DE561|Cluster-27381.0__TRINITY_DN5505_c0_g1_i3.p1               13.47%    passed    100.00%
  52  DE737|Cluster-56663.3__TRINITY_DN16529_c0_g1_i2.p1              49.80%    passed     99.83%
  53  DE549|Cluster-7333.0__TRINITY_DN8593_c0_g2_i1.p1                49.80%    passed    100.00%
  54  JJ85|Cluster-10184.0__TRINITY_DN3241_c0_g1_i9.p1                45.31%    passed     98.49%
  55  JJ36|Cluster-28736.0__TRINITY_DN7596_c2_g1_i1.p1                49.80%    passed     99.99%
  56  DE531|Cluster-56074.0__TRINITY_DN11414_c0_g1_i3.p1              49.80%    passed    100.00%
  57  JJ109|Cluster-44559.0__TRINITY_DN5008_c0_g1_i4.p1               49.80%    passed    100.00%
  58  DE519|Cluster-55405.0__TRINITY_DN12628_c0_g1_i1.p1              45.31%    passed     99.98%
  59  DE741|Cluster-60967.0__TRINITY_DN27950_c0_g1_i6.p1              45.31%    passed     99.99%
  60  DE173|Cluster-38914.0__TRINITY_DN4997_c0_g1_i4.p1               49.80%    passed     99.36%
  61  DE88|Cluster-32918.2__TRINITY_DN735_c0_g1_i7.p1                  1.63%    passed    100.00%
  62  DE115|Cluster-16730.3__TRINITY_DN51_c0_g1_i8.p1                  4.08%    passed    100.00%
  63  SRR104381|Cluster-22891.0__TRINITY_DN23317_c0_g1_i1.p1           4.08%    passed     97.83%
  64  DE680|Cluster-32618.9__TRINITY_DN737_c0_g2_i2.p1                 1.22%    passed    100.00%
  65  DE162|Cluster-44404.4__TRINITY_DN3163_c0_g1_i2.p1                1.22%    passed    100.00%
  66  DE528|Cluster-53352.14__TRINITY_DN428_c0_g1_i10.p1               1.22%    passed    100.00%
  67  DE704-white|Cluster-12030.11__TRINITY_DN477_c0_g1_i11.p1         1.22%    passed    100.00%
  68  DE554|Cluster-62901.4__TRINITY_DN1454_c0_g1_i1.p1                1.63%    passed    100.00%
  69  SRR3407092|Cluster-16972.6__TRINITY_DN6369_c1_g1_i7.p1           4.08%    passed    100.00%
  70  DE741|Cluster-44490.3__TRINITY_DN582_c0_g1_i47.p1                4.08%    passed    100.00%
  71  DE152|Cluster-54699.5__TRINITY_DN2643_c0_g2_i12.p1               1.63%    passed    100.00%
  72  DE737|Cluster-49269.2__TRINITY_DN3395_c0_g1_i4.p1                1.63%    passed    100.00%
  73  JJ131|Cluster-58211.0__TRINITY_DN873_c1_g1_i15.p1                1.63%    passed    100.00%
  74  SRR3407093|Cluster-19614.5__TRINITY_DN3647_c0_g1_i2.p1           1.63%    passed    100.00%
  75  JJ85|Cluster-25001.1__TRINITY_DN411_c0_g1_i22.p1                 4.08%    passed    100.00%
  76  DE534|Cluster-59024.3__TRINITY_DN1035_c1_g1_i6.p1               49.80%    passed     99.99%
  77  DE696-dots|Cluster-48035.7__TRINITY_DN2650_c0_g1_i20.p1          1.63%    passed    100.00%
  78  DE765|Cluster-29412.2__TRINITY_DN991_c0_g1_i25.p1               56.73%    passed     78.99%
  79  DE549|Cluster-39564.1__TRINITY_DN15481_c0_g1_i4.p1              52.24%    passed     99.75%
  80  DE509|Cluster-6591.0__TRINITY_DN3686_c1_g3_i1.p1                52.24%    passed     99.66%
  81  DE173|Cluster-50573.1__TRINITY_DN1272_c3_g1_i12.p1               3.67%    passed    100.00%
  82  SRR3407094|Cluster-29594.1__TRINITY_DN34759_c0_g1_i1.p1         16.73%    passed     99.90%
  83  DE476|Cluster-17518.1__TRINITY_DN455_c0_g1_i4.p1                 1.63%    passed    100.00%
  84  DRR082660|Cluster-45410.2__TRINITY_DN293_c0_g1_i15.p1            1.63%    passed    100.00%
  85  DE561|Cluster-36322.2__TRINITY_DN1213_c0_g1_i7.p1                1.63%    passed    100.00%
  86  DE509|Cluster-38093.1__TRINITY_DN1121_c0_g1_i3.p1                1.63%    passed    100.00%
  87  DE736|Cluster-52204.1__TRINITY_DN2336_c1_g1_i11.p1               1.63%    passed    100.00%
  88  DE216|Cluster-28312.8__TRINITY_DN891_c0_g1_i23.p1                1.63%    passed    100.00%
  89  JJ125|Cluster-34291.17__TRINITY_DN655_c0_g1_i29.p1               1.63%    passed    100.00%
  90  JJ15|Cluster-16651.2__TRINITY_DN2164_c1_g1_i4.p1                 1.63%    passed    100.00%
  91  DE542|Cluster-34455.52__TRINITY_DN315_c0_g1_i53.p1               2.86%    passed     99.70%
  92  DE127|Cluster-18720.95__TRINITY_DN5118_c0_g1_i46.p1              1.22%    passed    100.00%
  93  DE666|Cluster-4357.3__TRINITY_DN675_c0_g1_i20.p1                 1.22%    passed    100.00%
  94  DE546_urceolata_l|Cluster-32061.0__TRINITY_DN3014_c0_g1_i4.p1    1.63%    passed    100.00%
  95  DE560|Cluster-25685.3__TRINITY_DN487_c1_g1_i4.p1                 1.63%    passed    100.00%
  96  SRR3407095|Cluster-10417.8__TRINITY_DN359_c0_g1_i11.p1           1.63%    passed    100.00%
  97  DE505|Cluster-50830.0__TRINITY_DN44088_c0_g1_i2.p1               4.08%    passed     99.69%
  98  SRR3407086|Cluster-37065.1__TRINITY_DN10659_c0_g1_i6.p1         49.80%    passed     99.54%
  99  DE536|Cluster-17617.9__TRINITY_DN211_c0_g1_i4.p1                 2.45%    passed    100.00%
 100  DE173|Cluster-41002.1__TRINITY_DN4997_c0_g1_i8.p1               61.63%    passed     69.34%
 101  DE737|Cluster-47862.0__TRINITY_DN13153_c0_g1_i1.p1               3.27%    passed    100.00%
 102  DE531|Cluster-11889.0__TRINITY_DN11414_c0_g2_i1.p1              46.94%    passed     68.29%
 103  DE696-dots|Cluster-37171.0__TRINITY_DN6170_c0_g1_i1.p1           3.27%    passed     87.32%
 104  DE696-nodots|Cluster-60664.0__TRINITY_DN7133_c0_g3_i1.p1         3.27%    passed     88.60%
 105  JJ36|Cluster-20481.0__TRINITY_DN6813_c0_g1_i24.p1               46.94%    passed     68.29%
 106  JJ109|Cluster-40813.0__TRINITY_DN7057_c0_g1_i8.p1                3.27%    passed     99.97%
 107  DE126|Cluster-35953.3__TRINITY_DN2115_c0_g1_i18.p1               4.08%    passed    100.00%
 108  JJ130|Cluster-41116.6__TRINITY_DN1781_c0_g1_i76.p1               2.04%    passed    100.00%
 109  DE523|Cluster-8293.6__TRINITY_DN1683_c0_g1_i96.p1                4.90%    passed    100.00%
 110  DE505|Cluster-23651.4__TRINITY_DN3977_c0_g1_i2.p1                1.63%    passed    100.00%
 111  DE510|Cluster-21473.0__TRINITY_DN1727_c1_g1_i4.p1               49.80%    passed     99.47%
 112  SRR3407087|Cluster-34530.2__TRINITY_DN17248_c0_g1_i3.p1         49.80%    passed     99.90%
WARNING: 8 sequences contain more than 50% gaps/ambiguity
****  TOTAL                                                           17.15%  0 sequences failed composition chi2 test (p-value<5%; df=60)
Reading input tree file tmp.csubst.nwk ... rooted tree

NOTE: 64 MB RAM (0 GB) is required!
Measuring multi-threading efficiency up to 1 CPU cores
2 trees examined
Threads: 1 / Time: 5.316 sec / Speedup: 1.000 / Efficiency: 100% / LogL: -16181
BEST NUMBER OF THREADS: 1

Estimate model parameters (epsilon = 0.010)
1. Initial log-likelihood: -13577.239
2. Current log-likelihood: -11318.135
3. Current log-likelihood: -11258.173
4. Current log-likelihood: -11250.911
5. Current log-likelihood: -11249.973
6. Current log-likelihood: -11245.673
7. Current log-likelihood: -11245.189
8. Current log-likelihood: -11245.114
9. Current log-likelihood: -11245.103
Optimal log-likelihood: -11245.102
Nonsynonymous/synonymous ratio (omega): 1.000
Transition/transversion ratio (kappa): 1.000
Site proportion and rates:  (0.470,0.237) (0.278,0.874) (0.210,2.131) (0.041,4.761)
Parameters optimization took 9 rounds (114.895 sec)
Wrote distance file to... 
BEST SCORE FOUND : -11245.102
Ancestral state probabilities printed to /mnt/data0/yue/2026-03-11-protein-convergence/results/OG_69/csubst_w_s/csubst_input_alignment.fa.state
Empirical proportions for each category: 0.482 0.269 0.212 0.037
Site rates printed to /mnt/data0/yue/2026-03-11-protein-convergence/results/OG_69/csubst_w_s/csubst_input_alignment.fa.rate
Total tree length: 11.522

Total number of iterations: 0
CPU time used for tree search: 0.000 sec (0h:0m:0s)
Wall-clock time used for tree search: 0.000 sec (0h:0m:0s)
Total CPU time used: 122.032 sec (0h:2m:2s)
Total wall-clock time used: 122.319 sec (0h:2m:2s)

Analysis results written to: 
  IQ-TREE report:                /mnt/data0/yue/2026-03-11-protein-convergence/results/OG_69/csubst_w_s/csubst_input_alignment.fa.iqtree
  Maximum-likelihood tree:       /mnt/data0/yue/2026-03-11-protein-convergence/results/OG_69/csubst_w_s/csubst_input_alignment.fa.treefile
  Site-specific rates:           /mnt/data0/yue/2026-03-11-protein-convergence/results/OG_69/csubst_w_s/csubst_input_alignment.fa.rate
  Ancestral state:               /mnt/data0/yue/2026-03-11-protein-convergence/results/OG_69/csubst_w_s/csubst_input_alignment.fa.state
  Screen log file:               /mnt/data0/yue/2026-03-11-protein-convergence/results/OG_69/csubst_w_s/csubst_input_alignment.fa.log

Date and Time: Fri Mar 27 23:06:20 2026
