IQ-TREE multicore version 2.4.0 for Linux x86 64-bit built Feb 12 2025
Developed by Bui Quang Minh, Nguyen Lam Tung, Olga Chernomor, Heiko Schmidt,
Dominik Schrempf, Michael Woodhams, Ly Trong Nhan, Thomas Wong

Host:    brain (AVX2, FMA3, 2015 GB RAM)
Command: /home/yue/miniconda3/envs/py39/bin/iqtree -s /mnt/data0/yue/2026-03-11-protein-convergence/results/OG_8300/csubst_w_s/csubst_input_alignment.fa -te tmp.csubst.nwk -m ECMK07+F+R4 --seqtype CODON1 --threads-max 1 -T AUTO --ancestral --rate --redo
Seed:    153009 (Using SPRNG - Scalable Parallel Random Number Generator)
Time:    Sat Mar 28 03:08:57 2026
Kernel:  AVX+FMA - auto-detect threads (128 CPU cores detected)

Reading alignment file /mnt/data0/yue/2026-03-11-protein-convergence/results/OG_8300/csubst_w_s/csubst_input_alignment.fa ... Fasta format detected
Reading fasta file: done in 0.00154652 secs
Alignment most likely contains DNA/RNA sequences
Converting to codon sequences with genetic code 1 ...
WARNING: 1 sites contain only gaps or ambiguous characters.
Alignment has 73 sequences with 427 columns, 414 distinct patterns
294 parsimony-informative, 77 singleton sites, 56 constant sites
                                                              Gap/Ambiguity  Composition  p-value
Analyzing sequences: done in 7.58916e-05 secs using 98.83% CPU
   1  DE216|Cluster-61274.0__TRINITY_DN1747_c0_g2_i1.p1               0.23%    passed     99.98%
   2  JJ15|Cluster-56544.0__TRINITY_DN2176_c0_g1_i5.p1                0.23%    passed     99.99%
   3  JJ86|Cluster-14444.0__TRINITY_DN726_c1_g1_i1.p1                 0.23%    passed    100.00%
   4  DE546_urceolata_l|Cluster-6529.0__TRINITY_DN6142_c0_g1_i1.p1    0.23%    passed    100.00%
   5  DE152|Cluster-12080.0__TRINITY_DN4892_c0_g1_i1.p1              51.05%    passed     62.26%
   6  JJ99|Cluster-10121.0__TRINITY_DN14806_c0_g1_i1.p1               0.23%    passed    100.00%
   7  DE126|Cluster-38664.1__TRINITY_DN16510_c1_g1_i1.p1              0.23%    passed    100.00%
   8  DE127|Cluster-23548.0__TRINITY_DN3230_c0_g1_i3.p1               0.23%    passed    100.00%
   9  DE554|Cluster-64545.0__TRINITY_DN8076_c0_g1_i1.p1               0.23%    passed    100.00%
  10  DE623|Cluster-39625.0__TRINITY_DN2305_c0_g1_i2.p1              51.05%    passed     44.18%
  11  DE528|Cluster-44725.1__TRINITY_DN773_c0_g1_i19.p1               0.23%    passed    100.00%
  12  DE704-purple|Cluster-53425.0__TRINITY_DN1375_c0_g1_i1.p1       51.05%    passed     81.83%
  13  DE704-white|Cluster-13513.0__TRINITY_DN3955_c1_g1_i2.p1        51.05%    passed     81.83%
  14  DE563|Cluster-53135.0__TRINITY_DN5434_c0_g1_i1.p1               0.23%    passed    100.00%
  15  DE666|Cluster-32352.0__TRINITY_DN1478_c1_g2_i1.p1              51.05%    passed     27.20%
  16  DE680|Cluster-48834.0__TRINITY_DN4004_c0_g1_i14.p1              0.23%    passed    100.00%
  17  DE668|Cluster-53170.0__TRINITY_DN13801_c0_g1_i3.p1              0.23%    passed     98.34%
  18  DE541|Cluster-8304.0__TRINITY_DN36245_c0_g1_i1.p1               0.23%    passed    100.00%
  19  DE476|Cluster-27611.0__TRINITY_DN167_c0_g3_i2.p1               51.05%    passed     99.05%
  20  DE509|Cluster-43362.0__TRINITY_DN3039_c4_g1_i1.p1              51.05%    passed     97.77%
  21  DE550|Cluster-48057.1__TRINITY_DN7973_c0_g1_i1.p1               0.23%    passed    100.00%
  22  DE151|Cluster-39380.0__TRINITY_DN4492_c0_g1_i2.p1              51.05%    passed     92.22%
  23  DE189|Cluster-30915.0__TRINITY_DN1381_c0_g1_i2.p1              51.05%    passed     96.25%
  24  DE173|Cluster-6848.0__TRINITY_DN9780_c0_g1_i1.p1               51.05%    passed     98.87%
  25  JJ109|Cluster-36098.0__TRINITY_DN24965_c0_g1_i2.p1             51.05%    passed     95.13%
  26  DE88|Cluster-4236.0__TRINITY_DN5231_c0_g1_i2.p1                51.05%    passed     99.52%
  27  JJ130|Cluster-22259.0__TRINITY_DN6128_c0_g1_i4.p1               0.23%    passed    100.00%
  28  DE164|Cluster-46064.0__TRINITY_DN5891_c0_g1_i2.p1              35.60%    passed    100.00%
  29  DE643|Cluster-38960.0__TRINITY_DN1510_c0_g1_i4.p1               2.11%    passed    100.00%
  30  DE671|Cluster-23487.0__TRINITY_DN8400_c0_g1_i2.p1              51.05%    passed     99.24%
  31  DE504|Cluster-17294.0__TRINITY_DN15065_c0_g1_i1.p1              0.23%    passed    100.00%
  32  DE696-dots|Cluster-22680.0__TRINITY_DN8657_c0_g1_i1.p1         51.05%    passed     98.94%
  33  DE696-nodots|Cluster-54918.0__TRINITY_DN5966_c0_g2_i2.p1       51.05%    passed     98.03%
  34  JJ36|Cluster-27083.0__TRINITY_DN248_c1_g1_i1.p1                51.05%    passed     99.58%
  35  DE531|Cluster-30275.0__TRINITY_DN1701_c0_g1_i2.p1              51.05%    passed     99.03%
  36  DE549|Cluster-25456.1__TRINITY_DN18567_c0_g1_i1.p1             51.05%    passed     98.95%
  37  DE764|Cluster-10662.0__TRINITY_DN3282_c0_g1_i2.p1              51.05%    passed     98.66%
  38  JJ89|Cluster-23968.0__TRINITY_DN2941_c0_g1_i1.p1                0.23%    passed    100.00%
  39  DE737|Cluster-20929.0__TRINITY_DN5914_c0_g3_i2.p1              35.60%    passed    100.00%
  40  JJ131|Cluster-61667.0__TRINITY_DN49_c0_g1_i2.p1                13.82%    passed     99.70%
  41  JJ125|Cluster-5.0__TRINITY_DN56467_c0_g1_i1.p1                  0.23%    passed    100.00%
  42  DE536|Cluster-5297.0__TRINITY_DN3951_c1_g1_i1.p1                0.23%    passed    100.00%
  43  DE534|Cluster-10505.0__TRINITY_DN2540_c0_g2_i1.p1               0.23%    passed    100.00%
  44  DE542|Cluster-40646.1__TRINITY_DN25993_c0_g1_i12.p1            51.05%    passed     94.16%
  45  DE181|Cluster-46297.0__TRINITY_DN1885_c0_g1_i1.p1               0.23%    passed    100.00%
  46  SRR3407086|Cluster-28974.0__TRINITY_DN96126_c0_g1_i1.p1         0.23%    passed    100.00%
  47  SRR3424066|Cluster-24540.0__TRINITY_DN31337_c0_g1_i1.p1         0.23%    passed    100.00%
  48  SRR3407088|Cluster-16565.0__TRINITY_DN2076_c0_g1_i1.p1          0.23%    passed    100.00%
  49  DE561|Cluster-25223.0__TRINITY_DN13176_c0_g1_i1.p1              0.23%    passed     99.99%
  50  DE503|Cluster-51967.0__TRINITY_DN3559_c0_g1_i5.p1              51.05%    passed     93.66%
  51  DE505|Cluster-24786.0__TRINITY_DN26861_c0_g1_i1.p1             51.05%    passed     96.34%
  52  DE510|Cluster-26275.0__TRINITY_DN12736_c0_g1_i1.p1              0.23%    passed    100.00%
  53  SRR3407087|Cluster-3929.0__TRINITY_DN30736_c0_g1_i1.p1          0.23%    passed    100.00%
  54  SRR3407092|Cluster-37742.0__TRINITY_DN20581_c0_g1_i1.p1         0.23%    passed     99.99%
  55  SRR3407094|Cluster-16750.0__TRINITY_DN7016_c0_g1_i1.p1          0.23%    passed    100.00%
  56  SRR3407093|Cluster-30716.0__TRINITY_DN9464_c0_g1_i1.p1          0.94%    passed     99.98%
  57  DE519|Cluster-23879.0__TRINITY_DN8584_c0_g1_i1.p1              51.05%    passed     81.76%
  58  DE741|Cluster-38641.0__TRINITY_DN4042_c2_g1_i1.p1               0.23%    passed    100.00%
  59  DE560|Cluster-38738.0__TRINITY_DN5406_c0_g1_i1.p1               0.23%    passed    100.00%
  60  DE523|Cluster-15985.0__TRINITY_DN2176_c3_g1_i1.p1               0.23%    passed     97.67%
  61  JJ23|Cluster-26604.0__TRINITY_DN39452_c1_g1_i1.p1               0.23%    passed    100.00%
  62  DE162|Cluster-46996.0__TRINITY_DN4688_c0_g1_i2.p1               0.23%    passed    100.00%
  63  DE507|Cluster-54972.0__TRINITY_DN399_c0_g1_i2.p1               51.05%    passed     72.69%
  64  DE229|Cluster-94588.0__TRINITY_DN18907_c0_g1_i1.p1              0.23%    passed     99.95%
  65  DE575|Cluster-18311.0__TRINITY_DN22233_c0_g1_i1.p1              0.23%    passed     99.74%
  66  DE765|Cluster-35531.0__TRINITY_DN563_c0_g1_i1.p1                0.23%    passed     99.85%
  67  DE681|Cluster-12550.0__TRINITY_DN1418_c0_g1_i2.p1               0.23%    passed    100.00%
  68  DRR082660|Cluster-37892.0__TRINITY_DN14820_c0_g1_i3.p1          0.23%    passed    100.00%
  69  DE566|Cluster-31334.1__TRINITY_DN379_c0_g1_i14.p1               0.23%    passed     95.20%
  70  JJ85|Cluster-42789.0__TRINITY_DN3062_c4_g1_i1.p1                0.23%    passed    100.00%
  71  SRR3407095|Cluster-22758.1__TRINITY_DN9109_c0_g1_i2.p1          0.47%    passed     59.80%
  72  DE69|Cluster-26437.0__TRINITY_DN13682_c0_g1_i3.p1              51.05%    passed     83.51%
  73  SRR5150740|Cluster-68486.0__TRINITY_DN14312_c0_g1_i1.p1        35.60%    passed     41.00%
WARNING: 25 sequences contain more than 50% gaps/ambiguity
****  TOTAL                                                          19.32%  0 sequences failed composition chi2 test (p-value<5%; df=60)
Reading input tree file tmp.csubst.nwk ... rooted tree

NOTE: 65 MB RAM (0 GB) is required!
Measuring multi-threading efficiency up to 1 CPU cores
2 trees examined
Threads: 1 / Time: 2.969 sec / Speedup: 1.000 / Efficiency: 100% / LogL: -18175
BEST NUMBER OF THREADS: 1

Estimate model parameters (epsilon = 0.010)
1. Initial log-likelihood: -15162.392
2. Current log-likelihood: -11849.901
3. Current log-likelihood: -11831.386
4. Current log-likelihood: -11831.111
5. Current log-likelihood: -11830.955
6. Current log-likelihood: -11830.856
7. Current log-likelihood: -11830.791
8. Current log-likelihood: -11830.746
9. Current log-likelihood: -11830.714
10. Current log-likelihood: -11830.693
11. Current log-likelihood: -11830.678
12. Current log-likelihood: -11830.667
Optimal log-likelihood: -11830.659
Nonsynonymous/synonymous ratio (omega): 1.000
Transition/transversion ratio (kappa): 1.000
Site proportion and rates:  (0.518,0.386) (0.397,1.294) (0.051,3.027) (0.034,3.882)
Parameters optimization took 12 rounds (135.974 sec)
Wrote distance file to... 
BEST SCORE FOUND : -11830.659
Ancestral state probabilities printed to /mnt/data0/yue/2026-03-11-protein-convergence/results/OG_8300/csubst_w_s/csubst_input_alignment.fa.state
Empirical proportions for each category: 0.548 0.382 0.047 0.023
Site rates printed to /mnt/data0/yue/2026-03-11-protein-convergence/results/OG_8300/csubst_w_s/csubst_input_alignment.fa.rate
Total tree length: 5.755

Total number of iterations: 0
CPU time used for tree search: 0.000 sec (0h:0m:0s)
Wall-clock time used for tree search: 0.000 sec (0h:0m:0s)
Total CPU time used: 140.974 sec (0h:2m:20s)
Total wall-clock time used: 141.151 sec (0h:2m:21s)

Analysis results written to: 
  IQ-TREE report:                /mnt/data0/yue/2026-03-11-protein-convergence/results/OG_8300/csubst_w_s/csubst_input_alignment.fa.iqtree
  Maximum-likelihood tree:       /mnt/data0/yue/2026-03-11-protein-convergence/results/OG_8300/csubst_w_s/csubst_input_alignment.fa.treefile
  Site-specific rates:           /mnt/data0/yue/2026-03-11-protein-convergence/results/OG_8300/csubst_w_s/csubst_input_alignment.fa.rate
  Ancestral state:               /mnt/data0/yue/2026-03-11-protein-convergence/results/OG_8300/csubst_w_s/csubst_input_alignment.fa.state
  Screen log file:               /mnt/data0/yue/2026-03-11-protein-convergence/results/OG_8300/csubst_w_s/csubst_input_alignment.fa.log

Date and Time: Sat Mar 28 03:11:18 2026
