IQ-TREE multicore version 2.4.0 for Linux x86 64-bit built Feb 12 2025
Developed by Bui Quang Minh, Nguyen Lam Tung, Olga Chernomor, Heiko Schmidt,
Dominik Schrempf, Michael Woodhams, Ly Trong Nhan, Thomas Wong

Host:    brain (AVX2, FMA3, 2015 GB RAM)
Command: /home/yue/miniconda3/envs/py39/bin/iqtree -s /mnt/data0/yue/2026-03-11-protein-convergence/results/OG_12883/csubst_w_s/csubst_input_alignment.fa -te tmp.csubst.nwk -m ECMK07+F+R4 --seqtype CODON1 --threads-max 1 -T AUTO --ancestral --rate --redo
Seed:    974743 (Using SPRNG - Scalable Parallel Random Number Generator)
Time:    Thu Mar 26 23:46:49 2026
Kernel:  AVX+FMA - auto-detect threads (128 CPU cores detected)

Reading alignment file /mnt/data0/yue/2026-03-11-protein-convergence/results/OG_12883/csubst_w_s/csubst_input_alignment.fa ... Fasta format detected
Reading fasta file: done in 0.000463724 secs using 24.8% CPU
Alignment most likely contains DNA/RNA sequences
Converting to codon sequences with genetic code 1 ...
WARNING: 1 sites contain only gaps or ambiguous characters.
Alignment has 45 sequences with 164 columns, 156 distinct patterns
66 parsimony-informative, 52 singleton sites, 46 constant sites
                                                         Gap/Ambiguity  Composition  p-value
Analyzing sequences: done in 2.2918e-05 secs using 26.18% CPU
   1  DE115|Cluster-47234.0__TRINITY_DN106_c0_g1_i4.p1           6.71%    passed    100.00%
   2  DE704-purple|Cluster-16095.2__TRINITY_DN913_c0_g2_i9.p1   35.98%    passed     80.33%
   3  DE519|Cluster-40734.0__TRINITY_DN5238_c0_g3_i1.p1         35.98%    passed     86.68%
   4  DE668|Cluster-50805.1__TRINITY_DN340_c1_g1_i1.p1           0.61%    passed    100.00%
   5  SRR104381|Cluster-28754.3__TRINITY_DN396_c0_g1_i6.p1       0.61%    passed    100.00%
   6  DE680|Cluster-46244.0__TRINITY_DN15420_c0_g1_i14.p1        6.71%    passed    100.00%
   7  DE151|Cluster-49984.0__TRINITY_DN2176_c0_g1_i7.p1          0.61%    passed    100.00%
   8  DE509|Cluster-37660.1__TRINITY_DN9488_c0_g2_i1.p1          0.61%    passed    100.00%
   9  DE531|Cluster-18067.0__TRINITY_DN2079_c0_g2_i1.p1          0.61%    passed    100.00%
  10  DE643|Cluster-77977.0__TRINITY_DN30779_c0_g1_i5.p1         0.61%    passed    100.00%
  11  DE671|Cluster-3823.0__TRINITY_DN1463_c0_g1_i29.p1          0.61%    passed    100.00%
  12  DE696-nodots|Cluster-17934.1__TRINITY_DN590_c0_g1_i5.p1    0.61%    passed    100.00%
  13  DE736|Cluster-55330.0__TRINITY_DN7993_c0_g1_i4.p1          0.61%    passed    100.00%
  14  DRR082660|Cluster-31365.0__TRINITY_DN386_c0_g1_i1.p1       0.61%    passed    100.00%
  15  JJ36|Cluster-29442.0__TRINITY_DN884_c0_g2_i1.p1            0.61%    passed    100.00%
  16  JJ89|Cluster-11005.0__TRINITY_DN1453_c1_g1_i1.p1           0.61%    passed    100.00%
  17  DE181|Cluster-46240.0__TRINITY_DN20691_c0_g2_i1.p1        23.17%    passed    100.00%
  18  DE505|Cluster-35286.3__TRINITY_DN4129_c0_g1_i7.p1          0.61%    passed    100.00%
  19  SRR3424066|Cluster-13023.0__TRINITY_DN255_c0_g1_i1.p1      0.61%    passed    100.00%
  20  SRR3407093|Cluster-21933.0__TRINITY_DN348_c0_g2_i1.p1      0.61%    passed     88.20%
  21  JJ125|Cluster-9019.0__TRINITY_DN10386_c0_g1_i1.p1          0.61%    passed    100.00%
  22  SRR3407087|Cluster-2013.0__TRINITY_DN377_c0_g2_i2.p1       0.61%    passed    100.00%
  23  SRR3407086|Cluster-17374.1__TRINITY_DN874_c0_g1_i11.p1    23.17%    passed    100.00%
  24  SRR3407095|Cluster-37157.0__TRINITY_DN1167_c0_g1_i1.p1     0.61%    passed    100.00%
  25  SRR3407088|Cluster-14789.0__TRINITY_DN537_c0_g1_i1.p1      0.61%    passed    100.00%
  26  SRR3407094|Cluster-9381.0__TRINITY_DN16246_c0_g4_i2.p1     0.61%    passed    100.00%
  27  SRR3407092|Cluster-25511.0__TRINITY_DN105_c0_g1_i1.p1      0.61%    passed    100.00%
  28  DE507|Cluster-20121.0__TRINITY_DN6456_c0_g2_i1.p1          0.61%    passed    100.00%
  29  DE528|Cluster-28781.0__TRINITY_DN17387_c0_g2_i1.p1         0.61%    passed    100.00%
  30  DE563|Cluster-43300.0__TRINITY_DN16511_c1_g1_i1.p1         0.61%    passed    100.00%
  31  DE523|Cluster-2387.3__TRINITY_DN2945_c0_g4_i2.p1           0.61%    passed    100.00%
  32  DE510|Cluster-52029.1__TRINITY_DN17035_c1_g1_i5.p1         4.88%    passed    100.00%
  33  JJ99|Cluster-7680.0__TRINITY_DN52150_c0_g1_i1.p1           0.61%    passed    100.00%
  34  JJ86|Cluster-19584.0__TRINITY_DN8050_c0_g3_i1.p1           0.61%    passed    100.00%
  35  DE681|Cluster-42764.0__TRINITY_DN4216_c0_g2_i2.p1          0.61%    passed    100.00%
  36  DE534|Cluster-61853.1__TRINITY_DN833_c0_g1_i4.p1           0.61%    passed    100.00%
  37  JJ131|Cluster-51872.2__TRINITY_DN19627_c0_g1_i7.p1         0.61%    passed    100.00%
  38  DE542|Cluster-51462.0__TRINITY_DN35839_c0_g2_i3.p1        23.17%    passed    100.00%
  39  DE536|Cluster-5936.0__TRINITY_DN249_c0_g3_i1.p1           28.66%    passed    100.00%
  40  DRR234970|Cluster-38552.0__TRINITY_DN38274_c0_g2_i1.p1     0.61%    passed     99.98%
  41  SRR5150740|Cluster-35664.5__TRINITY_DN2281_c0_g1_i15.p1    0.61%    passed     99.61%
  42  DE741|Cluster-56223.0__TRINITY_DN446_c0_g1_i22.p1         32.93%    passed    100.00%
  43  DE503|Cluster-28513.1__TRINITY_DN814_c0_g1_i4.p1          32.93%    passed    100.00%
  44  DE69|Cluster-44362.0__TRINITY_DN18622_c0_g1_i12.p1        32.93%    passed    100.00%
  45  DE704-white|Cluster-62775.0__TRINITY_DN1551_c0_g1_i1.p1    6.10%    passed    100.00%
****  TOTAL                                                      6.95%  0 sequences failed composition chi2 test (p-value<5%; df=60)
WARNING: States(s) AGA, AGG, CAT rarely appear in alignment and may cause numerical problems
Reading input tree file tmp.csubst.nwk ... rooted tree

NOTE: 18 MB RAM (0 GB) is required!
Measuring multi-threading efficiency up to 1 CPU cores
2 trees examined
Threads: 1 / Time: 1.111 sec / Speedup: 1.000 / Efficiency: 100% / LogL: -3008
BEST NUMBER OF THREADS: 1

Estimate model parameters (epsilon = 0.010)
1. Initial log-likelihood: -3306.380
2. Current log-likelihood: -2474.056
3. Current log-likelihood: -2473.540
4. Current log-likelihood: -2469.659
5. Current log-likelihood: -2468.237
6. Current log-likelihood: -2468.089
7. Current log-likelihood: -2460.487
8. Current log-likelihood: -2460.441
9. Current log-likelihood: -2459.882
10. Current log-likelihood: -2459.862
Optimal log-likelihood: -2459.857
Nonsynonymous/synonymous ratio (omega): 1.000
Transition/transversion ratio (kappa): 1.000
Site proportion and rates:  (0.507,0.491) (0.290,0.567) (0.193,2.603) (0.011,7.900)
Parameters optimization took 10 rounds (32.850 sec)
Wrote distance file to... 
BEST SCORE FOUND : -2459.857
Ancestral state probabilities printed to /mnt/data0/yue/2026-03-11-protein-convergence/results/OG_12883/csubst_w_s/csubst_input_alignment.fa.state
Empirical proportions for each category: 0.811 0.000 0.183 0.006
Site rates printed to /mnt/data0/yue/2026-03-11-protein-convergence/results/OG_12883/csubst_w_s/csubst_input_alignment.fa.rate
Total tree length: 2.250

Total number of iterations: 0
CPU time used for tree search: 0.000 sec (0h:0m:0s)
Wall-clock time used for tree search: 0.000 sec (0h:0m:0s)
Total CPU time used: 33.999 sec (0h:0m:33s)
Total wall-clock time used: 34.558 sec (0h:0m:34s)

Analysis results written to: 
  IQ-TREE report:                /mnt/data0/yue/2026-03-11-protein-convergence/results/OG_12883/csubst_w_s/csubst_input_alignment.fa.iqtree
  Maximum-likelihood tree:       /mnt/data0/yue/2026-03-11-protein-convergence/results/OG_12883/csubst_w_s/csubst_input_alignment.fa.treefile
  Site-specific rates:           /mnt/data0/yue/2026-03-11-protein-convergence/results/OG_12883/csubst_w_s/csubst_input_alignment.fa.rate
  Ancestral state:               /mnt/data0/yue/2026-03-11-protein-convergence/results/OG_12883/csubst_w_s/csubst_input_alignment.fa.state
  Screen log file:               /mnt/data0/yue/2026-03-11-protein-convergence/results/OG_12883/csubst_w_s/csubst_input_alignment.fa.log

Date and Time: Thu Mar 26 23:47:24 2026
