IQ-TREE multicore version 2.4.0 for Linux x86 64-bit built Feb 12 2025
Developed by Bui Quang Minh, Nguyen Lam Tung, Olga Chernomor, Heiko Schmidt,
Dominik Schrempf, Michael Woodhams, Ly Trong Nhan, Thomas Wong

Host:    brain (AVX2, FMA3, 2015 GB RAM)
Command: /home/yue/miniconda3/envs/py39/bin/iqtree -s /mnt/data0/yue/2026-03-11-protein-convergence/results/OG_4496/csubst_w_s/csubst_input_alignment.fa -te tmp.csubst.nwk -m ECMK07+F+R4 --seqtype CODON1 --threads-max 1 -T AUTO --ancestral --rate --redo
Seed:    182243 (Using SPRNG - Scalable Parallel Random Number Generator)
Time:    Fri Mar 27 14:07:18 2026
Kernel:  AVX+FMA - auto-detect threads (128 CPU cores detected)

Reading alignment file /mnt/data0/yue/2026-03-11-protein-convergence/results/OG_4496/csubst_w_s/csubst_input_alignment.fa ... Fasta format detected
Reading fasta file: done in 0.00153415 secs
Alignment most likely contains DNA/RNA sequences
Converting to codon sequences with genetic code 1 ...
WARNING: 1 sites contain only gaps or ambiguous characters.
Alignment has 80 sequences with 379 columns, 355 distinct patterns
162 parsimony-informative, 103 singleton sites, 114 constant sites
                                                               Gap/Ambiguity  Composition  p-value
Analyzing sequences: done in 7.41184e-05 secs using 98.49% CPU
   1  DE115|Cluster-60544.0__TRINITY_DN204_c0_g3_i3.p1                 0.26%    passed    100.00%
   2  DE127|Cluster-44319.0__TRINITY_DN1818_c0_g1_i11.p1               0.26%    passed    100.00%
   3  DE162|Cluster-36585.0__TRINITY_DN7170_c1_g2_i1.p1                0.26%    passed    100.00%
   4  DE554|Cluster-20069.0__TRINITY_DN1818_c0_g1_i12.p1               0.26%    passed    100.00%
   5  DE704-purple|Cluster-18914.0__TRINITY_DN2372_c0_g1_i5.p1        25.59%    passed    100.00%
   6  DE507|Cluster-74845.0__TRINITY_DN11416_c0_g1_i1.p1               0.26%    passed    100.00%
   7  DE528|Cluster-8476.0__TRINITY_DN1829_c1_g2_i1.p1                 0.26%    passed    100.00%
   8  DE666|Cluster-17524.0__TRINITY_DN3019_c0_g3_i2.p1                0.26%    passed    100.00%
   9  DE704-white|Cluster-39752.0__TRINITY_DN27259_c0_g1_i4.p1         0.26%    passed    100.00%
  10  JJ86|Cluster-37878.0__TRINITY_DN346_c0_g1_i2.p1                  0.26%    passed    100.00%
  11  JJ23|Cluster-43633.0__TRINITY_DN11659_c0_g1_i7.p1                0.26%    passed    100.00%
  12  DE152|Cluster-20983.0__TRINITY_DN14967_c0_g1_i1.p1               0.26%    passed    100.00%
  13  JJ99|Cluster-39936.0__TRINITY_DN30660_c0_g1_i1.p1                0.26%    passed    100.00%
  14  DE229|Cluster-63225.1__TRINITY_DN8369_c0_g1_i13.p1               0.26%    passed    100.00%
  15  DE575|Cluster-64192.1__TRINITY_DN4778_c0_g1_i10.p1              22.69%    passed    100.00%
  16  DE765|Cluster-53564.0__TRINITY_DN3819_c0_g3_i2.p1                0.26%    passed    100.00%
  17  JJ125|Cluster-26895.0__TRINITY_DN1043_c0_g1_i2.p1                0.26%    passed    100.00%
  18  DE681|Cluster-63165.0__TRINITY_DN2609_c0_g1_i3.p1                0.26%    passed    100.00%
  19  DE668|Cluster-48459.0__TRINITY_DN25_c2_g1_i2.p1                  0.26%    passed    100.00%
  20  DE546_urceolata_l|Cluster-44923.2__TRINITY_DN2413_c0_g1_i7.p1    0.26%    passed     99.62%
  21  DE623|Cluster-55176.0__TRINITY_DN10377_c1_g2_i2.p1               0.26%    passed    100.00%
  22  DE680|Cluster-19105.5__TRINITY_DN418_c0_g1_i5.p1                 0.26%    passed    100.00%
  23  DE563|Cluster-47069.0__TRINITY_DN4735_c0_g1_i3.p1                0.26%    passed    100.00%
  24  JJ131|Cluster-53633.0__TRINITY_DN1218_c1_g1_i6.p1                0.26%    passed    100.00%
  25  DRR082660|Cluster-11342.0__TRINITY_DN701_c0_g1_i3.p1             0.26%    passed    100.00%
  26  DE737|Cluster-54143.0__TRINITY_DN4752_c0_g1_i1.p1                0.26%    passed    100.00%
  27  SRR3407095|Cluster-27954.0__TRINITY_DN3934_c0_g1_i1.p1           0.26%    passed    100.00%
  28  DE69|Cluster-47114.13__TRINITY_DN1455_c0_g1_i16.p1               0.26%    passed    100.00%
  29  JJ89|Cluster-16355.0__TRINITY_DN18262_c0_g1_i1.p1                0.26%    passed    100.00%
  30  DE643|Cluster-54499.1__TRINITY_DN2594_c0_g1_i2.p1                0.26%    passed    100.00%
  31  DE126|Cluster-31123.0__TRINITY_DN6939_c0_g1_i1.p1                0.26%    passed    100.00%
  32  DE741|Cluster-9045.0__TRINITY_DN14472_c0_g4_i1.p1                0.26%    passed    100.00%
  33  DE519|Cluster-62211.0__TRINITY_DN781_c0_g1_i1.p1                 0.26%    passed    100.00%
  34  DE560|Cluster-43999.0__TRINITY_DN1663_c0_g1_i1.p1                0.26%    passed    100.00%
  35  JJ74|Cluster-72023.0__TRINITY_DN3045_c0_g2_i2.p1                 0.26%    passed    100.00%
  36  DE541|Cluster-47807.0__TRINITY_DN327_c9_g2_i2.p1                 0.26%    passed    100.00%
  37  DE151|Cluster-42179.0__TRINITY_DN5586_c0_g3_i7.p1                0.26%    passed    100.00%
  38  DE173|Cluster-22145.13__TRINITY_DN809_c1_g1_i20.p1               0.26%    passed    100.00%
  39  DE189|Cluster-27926.0__TRINITY_DN145_c0_g1_i7.p1                 0.26%    passed    100.00%
  40  JJ109|Cluster-42524.0__TRINITY_DN16886_c0_g3_i1.p1               0.26%    passed    100.00%
  41  JJ130|Cluster-27195.0__TRINITY_DN4030_c0_g2_i3.p1                0.26%    passed    100.00%
  42  DE504|Cluster-1783.1__TRINITY_DN98_c0_g1_i24.p1                  0.26%    passed    100.00%
  43  DE88|Cluster-34572.0__TRINITY_DN3595_c0_g4_i1.p1                 0.26%    passed    100.00%
  44  DE509|Cluster-38850.0__TRINITY_DN4969_c0_g1_i1.p1                0.26%    passed    100.00%
  45  DE736|Cluster-63514.0__TRINITY_DN2867_c0_g2_i1.p1                0.26%    passed    100.00%
  46  DE549|Cluster-26178.0__TRINITY_DN1628_c0_g2_i2.p1                0.26%    passed    100.00%
  47  DE764|Cluster-21510.0__TRINITY_DN1860_c0_g1_i2.p1                0.26%    passed    100.00%
  48  DE550|Cluster-38338.0__TRINITY_DN188_c1_g1_i2.p1                 0.26%    passed    100.00%
  49  DE531|Cluster-46935.0__TRINITY_DN5882_c0_g1_i1.p1                0.26%    passed    100.00%
  50  JJ36|Cluster-39062.78__TRINITY_DN3415_c0_g1_i1.p1                0.26%    passed    100.00%
  51  DE696-dots|Cluster-3608.20__TRINITY_DN2672_c0_g1_i35.p1          0.26%    passed    100.00%
  52  DE696-nodots|Cluster-47207.0__TRINITY_DN1925_c1_g1_i3.p1         0.26%    passed    100.00%
  53  DE671|Cluster-41304.0__TRINITY_DN2289_c0_g1_i1.p1                0.26%    passed    100.00%
  54  DE672|Cluster-47095.0__TRINITY_DN5441_c0_g1_i2.p1                0.26%    passed    100.00%
  55  DE164|Cluster-57004.0__TRINITY_DN7406_c0_g1_i3.p1                0.26%    passed    100.00%
  56  SRR3424066|Cluster-26975.0__TRINITY_DN1175_c0_g1_i2.p1           0.26%    passed    100.00%
  57  DE503|Cluster-47910.0__TRINITY_DN4089_c0_g1_i3.p1                0.26%    passed    100.00%
  58  DE510|Cluster-47687.0__TRINITY_DN543_c1_g1_i3.p1                 0.26%    passed    100.00%
  59  SRR3407093|Cluster-12427.0__TRINITY_DN949_c0_g1_i4.p1            0.26%    passed    100.00%
  60  DE561|Cluster-46931.0__TRINITY_DN1844_c0_g1_i3.p1                0.26%    passed    100.00%
  61  SRR3407088|Cluster-27507.0__TRINITY_DN826_c0_g1_i2.p1            0.26%    passed    100.00%
  62  SRR3407087|Cluster-41409.0__TRINITY_DN1044_c0_g1_i1.p1           0.26%    passed    100.00%
  63  SRR3407094|Cluster-6956.0__TRINITY_DN237_c0_g1_i2.p1             0.26%    passed    100.00%
  64  SRR3407092|Cluster-12794.0__TRINITY_DN601_c0_g1_i1.p1            0.26%    passed    100.00%
  65  DE505|Cluster-53605.0__TRINITY_DN5029_c0_g1_i2.p1                0.26%    passed    100.00%
  66  DE181|Cluster-58457.0__TRINITY_DN2773_c0_g1_i3.p1                0.26%    passed    100.00%
  67  SRR3407086|Cluster-34271.0__TRINITY_DN590_c0_g1_i1.p1            0.26%    passed    100.00%
  68  SRR3407096|Cluster-18953.0__TRINITY_DN4291_c0_g1_i2.p1           0.26%    passed    100.00%
  69  DE523|Cluster-32970.0__TRINITY_DN1444_c0_g1_i3.p1                0.26%    passed    100.00%
  70  DE566|Cluster-19590.2__TRINITY_DN4267_c0_g1_i5.p1                0.26%    passed    100.00%
  71  DE536|Cluster-20535.9__TRINITY_DN5709_c0_g1_i2.p1               40.63%    passed    100.00%
  72  DE216|Cluster-84015.3__TRINITY_DN219_c0_g1_i23.p1               23.22%    passed    100.00%
  73  DE542|Cluster-43540.3__TRINITY_DN970_c0_g1_i2.p1                66.49%    passed     98.12%
  74  DE534|Cluster-60401.8__TRINITY_DN2191_c0_g1_i47.p1               0.26%    passed    100.00%
  75  JJ15|Cluster-12284.109__TRINITY_DN1470_c0_g1_i38.p1             38.26%    passed    100.00%
  76  JJ85|Cluster-43891.0__TRINITY_DN4567_c0_g1_i2.p1                 0.26%    passed    100.00%
  77  DRR234970|Cluster-54495.0__TRINITY_DN3537_c1_g1_i1.p1            0.26%    passed    100.00%
  78  SRR104381|Cluster-34198.0__TRINITY_DN7985_c0_g1_i1.p1            0.26%    passed     99.87%
  79  SRR5150740|Cluster-58493.0__TRINITY_DN1511_c0_g1_i5.p1           0.26%    passed    100.00%
  80  SRR11934227|Cluster-166196.0__TRINITY_DN9653_c0_g1_i4.p1         0.26%    passed     96.59%
WARNING: 1 sequences contain more than 50% gaps/ambiguity
****  TOTAL                                                            2.96%  0 sequences failed composition chi2 test (p-value<5%; df=60)
Reading input tree file tmp.csubst.nwk ... rooted tree

NOTE: 62 MB RAM (0 GB) is required!
Measuring multi-threading efficiency up to 1 CPU cores
2 trees examined
Threads: 1 / Time: 3.366 sec / Speedup: 1.000 / Efficiency: 100% / LogL: -9053
BEST NUMBER OF THREADS: 1

Estimate model parameters (epsilon = 0.010)
1. Initial log-likelihood: -10741.146
2. Current log-likelihood: -6185.507
3. Current log-likelihood: -6185.397
4. Current log-likelihood: -6185.360
5. Current log-likelihood: -6185.330
6. Current log-likelihood: -6185.306
7. Current log-likelihood: -6185.286
8. Current log-likelihood: -6185.269
9. Current log-likelihood: -6185.255
10. Current log-likelihood: -6185.244
Optimal log-likelihood: -6185.234
Nonsynonymous/synonymous ratio (omega): 1.000
Transition/transversion ratio (kappa): 1.000
Site proportion and rates:  (0.581,0.410) (0.279,0.997) (0.114,2.982) (0.027,5.410)
Parameters optimization took 10 rounds (87.825 sec)
Wrote distance file to... 
BEST SCORE FOUND : -6185.234
Ancestral state probabilities printed to /mnt/data0/yue/2026-03-11-protein-convergence/results/OG_4496/csubst_w_s/csubst_input_alignment.fa.state
Empirical proportions for each category: 0.704 0.161 0.113 0.021
Site rates printed to /mnt/data0/yue/2026-03-11-protein-convergence/results/OG_4496/csubst_w_s/csubst_input_alignment.fa.rate
Total tree length: 2.298

Total number of iterations: 0
CPU time used for tree search: 0.000 sec (0h:0m:0s)
Wall-clock time used for tree search: 0.000 sec (0h:0m:0s)
Total CPU time used: 92.802 sec (0h:1m:32s)
Total wall-clock time used: 92.962 sec (0h:1m:32s)

Analysis results written to: 
  IQ-TREE report:                /mnt/data0/yue/2026-03-11-protein-convergence/results/OG_4496/csubst_w_s/csubst_input_alignment.fa.iqtree
  Maximum-likelihood tree:       /mnt/data0/yue/2026-03-11-protein-convergence/results/OG_4496/csubst_w_s/csubst_input_alignment.fa.treefile
  Site-specific rates:           /mnt/data0/yue/2026-03-11-protein-convergence/results/OG_4496/csubst_w_s/csubst_input_alignment.fa.rate
  Ancestral state:               /mnt/data0/yue/2026-03-11-protein-convergence/results/OG_4496/csubst_w_s/csubst_input_alignment.fa.state
  Screen log file:               /mnt/data0/yue/2026-03-11-protein-convergence/results/OG_4496/csubst_w_s/csubst_input_alignment.fa.log

Date and Time: Fri Mar 27 14:08:51 2026
