IQ-TREE multicore version 2.4.0 for Linux x86 64-bit built Feb 12 2025
Developed by Bui Quang Minh, Nguyen Lam Tung, Olga Chernomor, Heiko Schmidt,
Dominik Schrempf, Michael Woodhams, Ly Trong Nhan, Thomas Wong

Host:    brain (AVX2, FMA3, 2015 GB RAM)
Command: /home/yue/miniconda3/envs/py39/bin/iqtree -s /mnt/data0/yue/2026-03-11-protein-convergence/results/OG_12648/csubst_w_s/csubst_input_alignment.fa -te tmp.csubst.nwk -m ECMK07+F+R4 --seqtype CODON1 --threads-max 1 -T AUTO --ancestral --rate --redo
Seed:    263558 (Using SPRNG - Scalable Parallel Random Number Generator)
Time:    Thu Mar 26 23:36:18 2026
Kernel:  AVX+FMA - auto-detect threads (128 CPU cores detected)

Reading alignment file /mnt/data0/yue/2026-03-11-protein-convergence/results/OG_12648/csubst_w_s/csubst_input_alignment.fa ... Fasta format detected
Reading fasta file: done in 0.000896752 secs using 49.74% CPU
Alignment most likely contains DNA/RNA sequences
Converting to codon sequences with genetic code 1 ...
Alignment has 36 sequences with 192 columns, 192 distinct patterns
109 parsimony-informative, 57 singleton sites, 26 constant sites
                                                                Gap/Ambiguity  Composition  p-value
Analyzing sequences: done in 4.87119e-05 secs using 96.49% CPU
   1  JJ74|Cluster-118461.1__TRINITY_DN16538_c0_g1_i2.p1               36.98%    passed     11.35%
   2  SRR5150740|Cluster-57095.0__TRINITY_DN11320_c0_g1_i1.p1          18.23%    passed     31.19%
   3  DE534|Cluster-40878.0__TRINITY_DN9118_c2_g1_i4.p1                12.50%    passed     99.98%
   4  DE507|Cluster-51259.10__TRINITY_DN3836_c1_g2_i13.p1               0.00%    passed     99.89%
   5  DE546_urceolata_l|Cluster-25672.0__TRINITY_DN11813_c0_g1_i1.p1    6.77%    passed     99.98%
   6  DE528|Cluster-4463.0__TRINITY_DN5272_c0_g1_i21.p1                 0.52%    passed    100.00%
   7  DE536|Cluster-17471.0__TRINITY_DN11484_c0_g1_i1.p1               12.50%    passed    100.00%
   8  JJ131|Cluster-51233.0__TRINITY_DN114168_c0_g1_i1.p1              17.19%    passed     93.01%
   9  DE115|Cluster-39641.0__TRINITY_DN22670_c0_g1_i1.p1                4.17%    passed    100.00%
  10  JJ86|Cluster-47792.1__TRINITY_DN3690_c1_g3_i3.p1                  0.52%    passed    100.00%
  11  DE162|Cluster-49956.0__TRINITY_DN11487_c0_g2_i3.p1                0.52%    passed    100.00%
  12  DE623|Cluster-36621.3__TRINITY_DN3013_c0_g1_i4.p1                 2.60%    passed    100.00%
  13  DE680|Cluster-45223.79__TRINITY_DN5814_c0_g1_i24.p1              45.31%    passed     98.74%
  14  DE554|Cluster-4154.0__TRINITY_DN2977_c1_g1_i4.p1                  2.08%    passed    100.00%
  15  DE666|Cluster-12930.0__TRINITY_DN16029_c0_g1_i3.p1                2.60%    passed    100.00%
  16  DE704-purple|Cluster-45832.2__TRINITY_DN11107_c0_g2_i3.p1         0.52%    passed    100.00%
  17  DE704-white|Cluster-63174.1__TRINITY_DN2809_c0_g3_i6.p1           0.52%    passed    100.00%
  18  DE563|Cluster-19881.0__TRINITY_DN63592_c0_g1_i1.p1                0.52%    passed    100.00%
  19  DE575|Cluster-19136.0__TRINITY_DN8717_c0_g3_i1.p1                 2.08%    passed    100.00%
  20  DE765|Cluster-1747.58__TRINITY_DN5774_c0_g1_i1.p1                43.23%    passed     98.99%
  21  DE681|Cluster-58079.0__TRINITY_DN5528_c0_g1_i1.p1                 0.52%    passed     99.94%
  22  DE152|Cluster-61737.0__TRINITY_DN26268_c0_g2_i1.p1                0.52%    passed    100.00%
  23  JJ99|Cluster-36706.0__TRINITY_DN6200_c1_g4_i1.p1                  0.52%    passed    100.00%
  24  DE668|Cluster-48369.2__TRINITY_DN9476_c0_g1_i22.p1                0.52%    passed    100.00%
  25  DE736|Cluster-24532.1__TRINITY_DN13445_c0_g2_i2.p1               11.46%    passed     99.99%
  26  DE764|Cluster-33223.0__TRINITY_DN11730_c0_g2_i1.p1                0.52%    passed    100.00%
  27  JJ130|Cluster-17949.0__TRINITY_DN63251_c0_g1_i1.p1                0.52%    passed    100.00%
  28  DE643|Cluster-82016.2__TRINITY_DN29032_c0_g1_i6.p1                0.52%    passed    100.00%
  29  DE671|Cluster-7053.0__TRINITY_DN15436_c0_g1_i11.p1                0.52%    passed    100.00%
  30  DE126|Cluster-13867.0__TRINITY_DN12144_c0_g1_i2.p1                2.08%    passed     99.98%
  31  JJ109|Cluster-24481.0__TRINITY_DN41786_c0_g1_i1.p1               29.69%    passed     98.72%
  32  JJ36|Cluster-1776.0__TRINITY_DN11995_c0_g2_i1.p1                 31.77%    passed     99.87%
  33  DE229|Cluster-85733.0__TRINITY_DN8470_c0_g1_i1.p1                 0.52%    passed    100.00%
  34  JJ23|Cluster-37472.0__TRINITY_DN12335_c0_g2_i2.p1                 4.69%    passed    100.00%
  35  DE550|Cluster-38550.0__TRINITY_DN21924_c0_g1_i3.p1                1.04%    passed    100.00%
  36  DE127|Cluster-37261.0__TRINITY_DN7039_c0_g1_i4.p1                37.50%    failed      0.00%
****  TOTAL                                                             9.23%  1 sequences failed composition chi2 test (p-value<5%; df=60)
Reading input tree file tmp.csubst.nwk ... rooted tree

NOTE: 17 MB RAM (0 GB) is required!
Measuring multi-threading efficiency up to 1 CPU cores
3 trees examined
Threads: 1 / Time: 1.242 sec / Speedup: 1.000 / Efficiency: 100% / LogL: -5870
BEST NUMBER OF THREADS: 1

Estimate model parameters (epsilon = 0.010)
1. Initial log-likelihood: -5349.519
2. Current log-likelihood: -4563.367
3. Current log-likelihood: -4562.712
4. Current log-likelihood: -4562.446
5. Current log-likelihood: -4562.313
6. Current log-likelihood: -4562.237
7. Current log-likelihood: -4562.191
8. Current log-likelihood: -4562.162
9. Current log-likelihood: -4562.143
10. Current log-likelihood: -4562.131
Optimal log-likelihood: -4562.123
Nonsynonymous/synonymous ratio (omega): 1.000
Transition/transversion ratio (kappa): 1.000
Site proportion and rates:  (0.445,0.411) (0.443,1.034) (0.036,1.219) (0.076,4.167)
Parameters optimization took 10 rounds (31.851 sec)
Wrote distance file to... 
BEST SCORE FOUND : -4562.123
Ancestral state probabilities printed to /mnt/data0/yue/2026-03-11-protein-convergence/results/OG_12648/csubst_w_s/csubst_input_alignment.fa.state
Empirical proportions for each category: 0.469 0.469 0.000 0.062
Site rates printed to /mnt/data0/yue/2026-03-11-protein-convergence/results/OG_12648/csubst_w_s/csubst_input_alignment.fa.rate
Total tree length: 4.677

Total number of iterations: 0
CPU time used for tree search: 0.000 sec (0h:0m:0s)
Wall-clock time used for tree search: 0.000 sec (0h:0m:0s)
Total CPU time used: 33.703 sec (0h:0m:33s)
Total wall-clock time used: 33.804 sec (0h:0m:33s)

Analysis results written to: 
  IQ-TREE report:                /mnt/data0/yue/2026-03-11-protein-convergence/results/OG_12648/csubst_w_s/csubst_input_alignment.fa.iqtree
  Maximum-likelihood tree:       /mnt/data0/yue/2026-03-11-protein-convergence/results/OG_12648/csubst_w_s/csubst_input_alignment.fa.treefile
  Site-specific rates:           /mnt/data0/yue/2026-03-11-protein-convergence/results/OG_12648/csubst_w_s/csubst_input_alignment.fa.rate
  Ancestral state:               /mnt/data0/yue/2026-03-11-protein-convergence/results/OG_12648/csubst_w_s/csubst_input_alignment.fa.state
  Screen log file:               /mnt/data0/yue/2026-03-11-protein-convergence/results/OG_12648/csubst_w_s/csubst_input_alignment.fa.log

Date and Time: Thu Mar 26 23:36:52 2026
