IQ-TREE multicore version 2.4.0 for Linux x86 64-bit built Feb 12 2025
Developed by Bui Quang Minh, Nguyen Lam Tung, Olga Chernomor, Heiko Schmidt,
Dominik Schrempf, Michael Woodhams, Ly Trong Nhan, Thomas Wong

Host:    brain (AVX2, FMA3, 2015 GB RAM)
Command: /home/yue/miniconda3/envs/py39/bin/iqtree -s /mnt/data0/yue/2026-03-11-protein-convergence/results/OG_5263/csubst_w_s/csubst_input_alignment.fa -te tmp.csubst.nwk -m ECMK07+F+R4 --seqtype CODON1 --threads-max 1 -T AUTO --ancestral --rate --redo
Seed:    36926 (Using SPRNG - Scalable Parallel Random Number Generator)
Time:    Fri Mar 27 17:17:05 2026
Kernel:  AVX+FMA - auto-detect threads (128 CPU cores detected)

Reading alignment file /mnt/data0/yue/2026-03-11-protein-convergence/results/OG_5263/csubst_w_s/csubst_input_alignment.fa ... Fasta format detected
Reading fasta file: done in 0.00154169 secs using 33.21% CPU
Alignment most likely contains DNA/RNA sequences
Converting to codon sequences with genetic code 1 ...
Alignment has 78 sequences with 371 columns, 346 distinct patterns
151 parsimony-informative, 119 singleton sites, 101 constant sites
                                                               Gap/Ambiguity  Composition  p-value
Analyzing sequences: done in 7.55638e-05 secs using 97.93% CPU
   1  DE115|Cluster-47127.0__TRINITY_DN2584_c0_g3_i3.p1                7.55%    passed    100.00%
   2  JJ86|Cluster-41248.0__TRINITY_DN6220_c0_g1_i1.p1                 0.00%    passed    100.00%
   3  DE668|Cluster-28976.0__TRINITY_DN16118_c0_g2_i5.p1               7.82%    passed    100.00%
   4  DE666|Cluster-29083.0__TRINITY_DN8867_c0_g1_i1.p1                7.82%    passed    100.00%
   5  DE704-white|Cluster-50759.0__TRINITY_DN5293_c0_g1_i8.p1          7.82%    passed    100.00%
   6  DE575|Cluster-40742.0__TRINITY_DN6105_c0_g1_i2.p1                7.82%    passed    100.00%
   7  DE554|Cluster-35340.0__TRINITY_DN621_c1_g1_i7.p1                12.94%    passed     99.99%
   8  DE736|Cluster-27153.0__TRINITY_DN9535_c0_g1_i5.p1                7.28%    passed    100.00%
   9  DE503|Cluster-55400.0__TRINITY_DN10579_c1_g1_i7.p1               4.31%    passed    100.00%
  10  DE536|Cluster-37385.0__TRINITY_DN4957_c0_g1_i4.p1                7.82%    passed    100.00%
  11  DE127|Cluster-35467.0__TRINITY_DN17221_c0_g1_i4.p1               7.82%    passed     54.11%
  12  DE546_urceolata_l|Cluster-31036.0__TRINITY_DN6739_c0_g1_i1.p1    0.00%    passed    100.00%
  13  DE623|Cluster-50435.0__TRINITY_DN25425_c0_g1_i2.p1               0.00%    passed    100.00%
  14  DE680|Cluster-3394.0__TRINITY_DN3696_c2_g1_i2.p1                 0.00%    passed    100.00%
  15  DE162|Cluster-51019.0__TRINITY_DN15629_c0_g1_i4.p1               0.00%    passed    100.00%
  16  DE528|Cluster-31653.0__TRINITY_DN29291_c0_g1_i1.p1               0.00%    passed    100.00%
  17  DE704-purple|Cluster-55183.0__TRINITY_DN2933_c0_g1_i1.p1         0.00%    passed    100.00%
  18  DE126|Cluster-14546.0__TRINITY_DN7811_c0_g1_i1.p1                0.00%    passed    100.00%
  19  DE681|Cluster-54796.0__TRINITY_DN7908_c0_g1_i1.p1                0.00%    passed    100.00%
  20  DE765|Cluster-1920.0__TRINITY_DN2390_c0_g2_i1.p1                 0.00%    passed    100.00%
  21  DE507|Cluster-77334.0__TRINITY_DN17080_c0_g1_i12.p1             26.68%    passed    100.00%
  22  DE563|Cluster-50497.0__TRINITY_DN1418_c0_g1_i5.p1               26.68%    passed    100.00%
  23  JJ99|Cluster-33437.0__TRINITY_DN10032_c0_g1_i1.p1                0.00%    passed    100.00%
  24  JJ74|Cluster-57628.0__TRINITY_DN68763_c0_g1_i1.p1                0.00%    passed    100.00%
  25  SRR3424066|Cluster-11605.0__TRINITY_DN2543_c0_g1_i1.p1           0.00%    passed    100.00%
  26  DE505|Cluster-47410.0__TRINITY_DN15734_c0_g1_i1.p1               0.00%    passed    100.00%
  27  DE561|Cluster-34497.0__TRINITY_DN1390_c0_g1_i2.p1                0.00%    passed    100.00%
  28  SRR3407088|Cluster-28914.1__TRINITY_DN5744_c0_g1_i1.p1           0.00%    passed    100.00%
  29  SRR3407087|Cluster-18991.0__TRINITY_DN9233_c0_g2_i1.p1           0.00%    passed    100.00%
  30  SRR3407095|Cluster-28899.0__TRINITY_DN10566_c0_g2_i20.p1        22.64%    passed    100.00%
  31  SRR3407094|Cluster-22740.0__TRINITY_DN491_c0_g1_i4.p1           33.42%    passed     99.97%
  32  JJ109|Cluster-35939.0__TRINITY_DN2426_c1_g1_i3.p1               15.36%    passed    100.00%
  33  SRR3407093|Cluster-29185.0__TRINITY_DN1621_c0_g1_i1.p1           0.00%    passed    100.00%
  34  SRR3407092|Cluster-19549.0__TRINITY_DN1474_c0_g1_i2.p1           0.00%    passed    100.00%
  35  DE181|Cluster-39045.0__TRINITY_DN8557_c1_g1_i6.p1                0.00%    passed    100.00%
  36  SRR3407086|Cluster-26278.0__TRINITY_DN96013_c0_g1_i1.p1          0.00%    passed    100.00%
  37  DE476|Cluster-11162.4__TRINITY_DN1872_c0_g4_i1.p1                0.00%    passed    100.00%
  38  DE672|Cluster-30842.0__TRINITY_DN6364_c0_g1_i1.p1                0.00%    passed    100.00%
  39  DE737|Cluster-23354.1__TRINITY_DN3795_c0_g1_i2.p1                0.00%    passed    100.00%
  40  SRR3407096|Cluster-22709.0__TRINITY_DN2922_c0_g1_i1.p1           0.00%    passed    100.00%
  41  JJ85|Cluster-14565.0__TRINITY_DN16764_c0_g1_i2.p1                0.00%    passed    100.00%
  42  DE534|Cluster-61503.0__TRINITY_DN28501_c0_g1_i2.p1              22.64%    passed     99.95%
  43  JJ23|Cluster-41386.0__TRINITY_DN11971_c0_g1_i2.p1                0.00%    passed    100.00%
  44  DE696-dots|Cluster-48899.1__TRINITY_DN62103_c0_g1_i1.p1          0.00%    passed    100.00%
  45  DE696-nodots|Cluster-47343.0__TRINITY_DN15198_c0_g1_i1.p1        0.00%    passed    100.00%
  46  JJ36|Cluster-966.0__TRINITY_DN28_c0_g3_i1.p1                     0.00%    passed    100.00%
  47  JJ131|Cluster-18327.1__TRINITY_DN3182_c0_g1_i4.p1                3.23%    passed    100.00%
  48  DE216|Cluster-69690.0__TRINITY_DN5770_c0_g1_i1.p1                0.00%    passed    100.00%
  49  DE151|Cluster-46068.13__TRINITY_DN755_c2_g1_i18.p1               8.36%    passed    100.00%
  50  DE173|Cluster-35211.2__TRINITY_DN3977_c1_g1_i8.p1                0.00%    passed    100.00%
  51  DE643|Cluster-52564.0__TRINITY_DN13844_c0_g1_i1.p1               0.00%    passed    100.00%
  52  DE671|Cluster-52401.0__TRINITY_DN30200_c0_g1_i1.p1               0.00%    passed    100.00%
  53  DRR082660|Cluster-16395.0__TRINITY_DN7901_c0_g1_i1.p1            0.00%    passed    100.00%
  54  DE509|Cluster-42831.0__TRINITY_DN10895_c0_g1_i3.p1               7.28%    passed    100.00%
  55  DE764|Cluster-13819.0__TRINITY_DN11467_c0_g1_i2.p1               7.28%    passed    100.00%
  56  DE88|Cluster-21592.0__TRINITY_DN1322_c0_g1_i5.p1                 7.28%    passed    100.00%
  57  JJ89|Cluster-34353.0__TRINITY_DN15245_c0_g1_i5.p1                5.39%    passed    100.00%
  58  DE549|Cluster-39705.0__TRINITY_DN16138_c0_g1_i5.p1               7.28%    passed    100.00%
  59  DE164|Cluster-42000.0__TRINITY_DN2494_c0_g1_i1.p1                7.28%    passed    100.00%
  60  DE504|Cluster-22130.0__TRINITY_DN4060_c0_g1_i2.p1                7.55%    passed    100.00%
  61  JJ130|Cluster-48712.0__TRINITY_DN6605_c1_g1_i2.p1                7.28%    passed    100.00%
  62  DE531|Cluster-16040.0__TRINITY_DN11971_c0_g2_i1.p1               7.28%    passed    100.00%
  63  DE542|Cluster-41429.1__TRINITY_DN5686_c1_g1_i6.p1                0.00%    passed    100.00%
  64  DE550|Cluster-36988.0__TRINITY_DN2383_c0_g1_i12.p1               7.28%    passed    100.00%
  65  DE523|Cluster-23580.0__TRINITY_DN11620_c1_g1_i5.p1              45.01%    passed     99.73%
  66  DE189|Cluster-19927.0__TRINITY_DN12605_c1_g1_i2.p1               5.39%    passed    100.00%
  67  DE152|Cluster-64553.2__TRINITY_DN936_c0_g2_i4.p1                 7.82%    passed    100.00%
  68  DE519|Cluster-23846.6__TRINITY_DN5417_c0_g2_i3.p1               28.30%    passed    100.00%
  69  DE560|Cluster-24363.0__TRINITY_DN3419_c0_g1_i14.p1               7.82%    passed    100.00%
  70  DE69|Cluster-55523.0__TRINITY_DN324_c1_g1_i5.p1                 12.94%    passed    100.00%
  71  DE510|Cluster-31322.0__TRINITY_DN9587_c0_g1_i2.p1               12.94%    passed    100.00%
  72  DE541|Cluster-21853.0__TRINITY_DN7636_c0_g1_i3.p1                7.01%    passed    100.00%
  73  JJ125|Cluster-30377.0__TRINITY_DN2612_c0_g2_i1.p1                7.82%    passed    100.00%
  74  DE229|Cluster-35294.0__TRINITY_DN5971_c2_g1_i2.p1                7.82%    passed    100.00%
  75  DRR234970|Cluster-14013.0__TRINITY_DN46626_c0_g1_i1.p1           0.00%    failed      1.76%
  76  DE566|Cluster-33573.0__TRINITY_DN4384_c0_g1_i3.p1               12.94%    passed    100.00%
  77  SRR11934227|Cluster-109576.1__TRINITY_DN38391_c0_g1_i4.p1        4.58%    passed     57.68%
  78  JJ15|Cluster-27244.0__TRINITY_DN5851_c0_g1_i2.p1                45.01%    passed     95.60%
****  TOTAL                                                            6.60%  1 sequences failed composition chi2 test (p-value<5%; df=60)
WARNING: States(s) CGC, CGT rarely appear in alignment and may cause numerical problems
Reading input tree file tmp.csubst.nwk ... rooted tree

NOTE: 60 MB RAM (0 GB) is required!
Measuring multi-threading efficiency up to 1 CPU cores
2 trees examined
Threads: 1 / Time: 4.351 sec / Speedup: 1.000 / Efficiency: 100% / LogL: -9148
BEST NUMBER OF THREADS: 1

Estimate model parameters (epsilon = 0.010)
1. Initial log-likelihood: -10868.295
2. Current log-likelihood: -7318.890
3. Current log-likelihood: -7317.842
4. Current log-likelihood: -7317.267
5. Current log-likelihood: -7316.911
6. Current log-likelihood: -7316.674
7. Current log-likelihood: -7316.511
8. Current log-likelihood: -7316.397
9. Current log-likelihood: -7316.320
10. Current log-likelihood: -7316.268
11. Current log-likelihood: -7316.235
12. Current log-likelihood: -7316.213
13. Current log-likelihood: -7316.200
Optimal log-likelihood: -7316.191
Nonsynonymous/synonymous ratio (omega): 1.000
Transition/transversion ratio (kappa): 1.000
Site proportion and rates:  (0.764,0.366) (0.069,1.304) (0.096,1.990) (0.071,6.168)
Parameters optimization took 13 rounds (108.442 sec)
Wrote distance file to... 
BEST SCORE FOUND : -7316.191
Ancestral state probabilities printed to /mnt/data0/yue/2026-03-11-protein-convergence/results/OG_5263/csubst_w_s/csubst_input_alignment.fa.state
Empirical proportions for each category: 0.814 0.011 0.108 0.067
Site rates printed to /mnt/data0/yue/2026-03-11-protein-convergence/results/OG_5263/csubst_w_s/csubst_input_alignment.fa.rate
Total tree length: 3.444

Total number of iterations: 0
CPU time used for tree search: 0.000 sec (0h:0m:0s)
Wall-clock time used for tree search: 0.000 sec (0h:0m:0s)
Total CPU time used: 114.331 sec (0h:1m:54s)
Total wall-clock time used: 114.521 sec (0h:1m:54s)

Analysis results written to: 
  IQ-TREE report:                /mnt/data0/yue/2026-03-11-protein-convergence/results/OG_5263/csubst_w_s/csubst_input_alignment.fa.iqtree
  Maximum-likelihood tree:       /mnt/data0/yue/2026-03-11-protein-convergence/results/OG_5263/csubst_w_s/csubst_input_alignment.fa.treefile
  Site-specific rates:           /mnt/data0/yue/2026-03-11-protein-convergence/results/OG_5263/csubst_w_s/csubst_input_alignment.fa.rate
  Ancestral state:               /mnt/data0/yue/2026-03-11-protein-convergence/results/OG_5263/csubst_w_s/csubst_input_alignment.fa.state
  Screen log file:               /mnt/data0/yue/2026-03-11-protein-convergence/results/OG_5263/csubst_w_s/csubst_input_alignment.fa.log

Date and Time: Fri Mar 27 17:18:59 2026
