IQ-TREE multicore version 2.4.0 for Linux x86 64-bit built Feb 12 2025
Developed by Bui Quang Minh, Nguyen Lam Tung, Olga Chernomor, Heiko Schmidt,
Dominik Schrempf, Michael Woodhams, Ly Trong Nhan, Thomas Wong

Host:    brain (AVX2, FMA3, 2015 GB RAM)
Command: /home/yue/miniconda3/envs/py39/bin/iqtree -s /mnt/data0/yue/2026-03-11-protein-convergence/results/OG_4838/csubst_w_s/csubst_input_alignment.fa -te tmp.csubst.nwk -m ECMK07+F+R4 --seqtype CODON1 --threads-max 1 -T AUTO --ancestral --rate --redo
Seed:    875287 (Using SPRNG - Scalable Parallel Random Number Generator)
Time:    Fri Mar 27 15:31:42 2026
Kernel:  AVX+FMA - auto-detect threads (128 CPU cores detected)

Reading alignment file /mnt/data0/yue/2026-03-11-protein-convergence/results/OG_4838/csubst_w_s/csubst_input_alignment.fa ... Fasta format detected
Reading fasta file: done in 0.00249675 secs using 66.61% CPU
Alignment most likely contains DNA/RNA sequences
Converting to codon sequences with genetic code 1 ...
WARNING: 1 sites contain only gaps or ambiguous characters.
Alignment has 79 sequences with 648 columns, 617 distinct patterns
360 parsimony-informative, 160 singleton sites, 128 constant sites
                                                                Gap/Ambiguity  Composition  p-value
Analyzing sequences: done in 0.000120983 secs using 99.19% CPU
   1  SRR5150740|Cluster-37323.0__TRINITY_DN823_c0_g1_i12.p1           16.20%    passed     96.31%
   2  DRR234970|Cluster-30293.0__TRINITY_DN40860_c0_g1_i1.p1            5.40%    passed     99.97%
   3  DE519|Cluster-74212.0__TRINITY_DN133445_c0_g1_i1.p1               0.77%    passed    100.00%
   4  JJ130|Cluster-251.0__TRINITY_DN18645_c0_g1_i11.p1                 0.31%    passed    100.00%
   5  DE549|Cluster-22967.0__TRINITY_DN1007_c2_g1_i6.p1                 2.01%    passed    100.00%
   6  DE671|Cluster-37870.0__TRINITY_DN10974_c0_g2_i1.p1                0.15%    passed    100.00%
   7  DE737|Cluster-53965.0__TRINITY_DN6745_c0_g1_i2.p1                 0.15%    passed    100.00%
   8  DE504|Cluster-23722.0__TRINITY_DN10520_c0_g1_i3.p1                2.16%    passed    100.00%
   9  DE550|Cluster-41418.0__TRINITY_DN593_c1_g1_i1.p1                  0.62%    passed    100.00%
  10  DE164|Cluster-24055.0__TRINITY_DN4673_c0_g1_i2.p1                 0.15%    passed    100.00%
  11  DE476|Cluster-45454.0__TRINITY_DN2523_c0_g1_i2.p1                 0.15%    passed    100.00%
  12  DE531|Cluster-8359.0__TRINITY_DN173_c1_g1_i2.p1                   0.15%    passed    100.00%
  13  DE696-dots|Cluster-59302.0__TRINITY_DN590_c0_g1_i6.p1            13.89%    passed    100.00%
  14  DE696-nodots|Cluster-55862.0__TRINITY_DN4701_c0_g1_i2.p1          0.15%    passed    100.00%
  15  JJ36|Cluster-20403.0__TRINITY_DN10139_c0_g1_i1.p1                 0.15%    passed    100.00%
  16  DE672|Cluster-16702.0__TRINITY_DN16742_c0_g1_i2.p1                0.15%    passed    100.00%
  17  DE151|Cluster-35584.0__TRINITY_DN2353_c0_g1_i6.p1                14.04%    passed    100.00%
  18  DE189|Cluster-26346.0__TRINITY_DN3926_c0_g1_i3.p1                14.04%    passed    100.00%
  19  JJ109|Cluster-44818.0__TRINITY_DN4285_c0_g1_i7.p1                14.04%    passed    100.00%
  20  DE173|Cluster-47104.0__TRINITY_DN9676_c0_g1_i1.p1                 0.31%    passed    100.00%
  21  DE541|Cluster-42713.0__TRINITY_DN13671_c0_g1_i2.p1                0.31%    passed    100.00%
  22  DE764|Cluster-19080.0__TRINITY_DN5393_c0_g1_i2.p1                 2.01%    passed    100.00%
  23  DE509|Cluster-38374.0__TRINITY_DN9226_c0_g1_i2.p1                 0.15%    passed    100.00%
  24  DE736|Cluster-61482.0__TRINITY_DN16483_c0_g1_i1.p1                0.77%    passed    100.00%
  25  DE88|Cluster-2489.0__TRINITY_DN9386_c1_g2_i1.p1                  14.97%    passed    100.00%
  26  DE534|Cluster-24914.0__TRINITY_DN5488_c0_g1_i1.p1                 0.46%    passed    100.00%
  27  DE536|Cluster-20111.0__TRINITY_DN5423_c0_g1_i1.p1                 0.31%    passed    100.00%
  28  DRR082660|Cluster-16132.0__TRINITY_DN8238_c0_g1_i2.p1             0.46%    passed    100.00%
  29  JJ125|Cluster-17310.0__TRINITY_DN9752_c0_g1_i1.p1                 0.15%    passed    100.00%
  30  DE741|Cluster-25671.0__TRINITY_DN112133_c0_g1_i1.p1               0.62%    passed    100.00%
  31  DE216|Cluster-72095.0__TRINITY_DN17116_c2_g1_i7.p1                0.62%    passed    100.00%
  32  JJ15|Cluster-39925.0__TRINITY_DN22019_c0_g1_i1.p1                 0.62%    passed    100.00%
  33  DE560|Cluster-20455.0__TRINITY_DN12812_c0_g1_i2.p1                0.46%    passed    100.00%
  34  DE181|Cluster-38473.0__TRINITY_DN3482_c0_g1_i1.p1                 0.15%    passed    100.00%
  35  SRR3407086|Cluster-32127.0__TRINITY_DN6808_c0_g1_i3.p1            0.15%    passed    100.00%
  36  SRR3407092|Cluster-33695.0__TRINITY_DN5020_c0_g1_i1.p1            0.15%    passed    100.00%
  37  SRR3407094|Cluster-5861.0__TRINITY_DN42475_c0_g1_i1.p1            0.15%    passed    100.00%
  38  SRR3407093|Cluster-24260.0__TRINITY_DN7676_c0_g1_i1.p1            0.15%    passed    100.00%
  39  DE503|Cluster-7174.0__TRINITY_DN1001_c0_g1_i1.p1                  0.15%    passed    100.00%
  40  DE505|Cluster-57864.0__TRINITY_DN4268_c0_g1_i2.p1                 0.15%    passed    100.00%
  41  DE510|Cluster-12946.0__TRINITY_DN132_c1_g1_i1.p1                  0.15%    passed    100.00%
  42  SRR3407087|Cluster-43819.0__TRINITY_DN4138_c0_g1_i2.p1            0.15%    passed    100.00%
  43  DE561|Cluster-35586.0__TRINITY_DN5561_c0_g1_i1.p1                 0.15%    passed    100.00%
  44  SRR3424066|Cluster-40983.0__TRINITY_DN38759_c0_g1_i3.p1           0.15%    passed    100.00%
  45  SRR3407088|Cluster-29494.0__TRINITY_DN6323_c0_g1_i1.p1            0.15%    passed    100.00%
  46  DE523|Cluster-6963.0__TRINITY_DN73512_c0_g1_i1.p1                 0.15%    passed    100.00%
  47  SRR3407096|Cluster-33319.0__TRINITY_DN29594_c0_g1_i1.p1           0.15%    passed    100.00%
  48  DE69|Cluster-39587.0__TRINITY_DN13194_c0_g1_i4.p1                 0.62%    passed    100.00%
  49  SRR3407095|Cluster-43153.0__TRINITY_DN8918_c0_g1_i5.p1            3.24%    passed    100.00%
  50  JJ85|Cluster-41538.0__TRINITY_DN7823_c0_g1_i3.p1                  2.01%    passed    100.00%
  51  DE542|Cluster-58628.0__TRINITY_DN2687_c0_g2_i1.p1                 0.15%    passed    100.00%
  52  SRR5150740|Cluster-15357.0__TRINITY_DN823_c0_g2_i1.p1            21.91%    passed     95.85%
  53  DE127|Cluster-22021.0__TRINITY_DN14902_c1_g1_i1.p1                0.15%    passed    100.00%
  54  DE666|Cluster-11445.0__TRINITY_DN52341_c0_g1_i1.p1                0.15%    passed    100.00%
  55  DE528|Cluster-61326.0__TRINITY_DN7220_c0_g1_i2.p1                 0.15%    passed    100.00%
  56  DE643|Cluster-54730.0__TRINITY_DN9828_c0_g1_i4.p1                 0.31%    passed    100.00%
  57  JJ99|Cluster-24995.0__TRINITY_DN6046_c0_g1_i2.p1                  0.15%    passed    100.00%
  58  JJ86|Cluster-17117.0__TRINITY_DN76505_c0_g1_i1.p1                 0.31%    passed    100.00%
  59  DE668|Cluster-58289.0__TRINITY_DN5881_c0_g1_i1.p1                30.40%    passed     99.79%
  60  DE554|Cluster-23394.0__TRINITY_DN6957_c1_g2_i1.p1                 0.15%    passed    100.00%
  61  DE546_urceolata_l|Cluster-24420.0__TRINITY_DN12425_c4_g1_i1.p1    0.31%    passed    100.00%
  62  DE152|Cluster-57841.0__TRINITY_DN6028_c1_g1_i2.p1                 0.62%    passed    100.00%
  63  JJ23|Cluster-22579.0__TRINITY_DN2806_c0_g1_i1.p1                  0.15%    passed    100.00%
  64  DE229|Cluster-38774.0__TRINITY_DN410_c0_g1_i7.p1                 14.20%    passed    100.00%
  65  DE115|Cluster-7924.0__TRINITY_DN6011_c3_g1_i1.p1                  0.62%    passed    100.00%
  66  DE623|Cluster-60270.0__TRINITY_DN5496_c0_g1_i1.p1                 0.31%    passed    100.00%
  67  DE680|Cluster-27887.0__TRINITY_DN2152_c0_g1_i3.p1                 0.31%    passed    100.00%
  68  DE563|Cluster-7523.0__TRINITY_DN51072_c0_g1_i1.p1                 0.31%    passed    100.00%
  69  DE162|Cluster-45446.2__TRINITY_DN5111_c0_g1_i5.p1                24.69%    passed    100.00%
  70  DE507|Cluster-33517.0__TRINITY_DN5529_c0_g1_i5.p1                 0.15%    passed    100.00%
  71  DE704-white|Cluster-10669.0__TRINITY_DN3434_c0_g1_i2.p1           0.15%    passed    100.00%
  72  DE704-purple|Cluster-62605.0__TRINITY_DN2821_c0_g1_i8.p1          0.15%    passed    100.00%
  73  DE575|Cluster-45550.0__TRINITY_DN5975_c0_g1_i1.p1                 0.15%    passed    100.00%
  74  DE681|Cluster-20253.0__TRINITY_DN4448_c0_g1_i1.p1                 0.15%    passed    100.00%
  75  DE765|Cluster-1745.0__TRINITY_DN82810_c0_g1_i1.p1                 0.15%    passed    100.00%
  76  DE126|Cluster-26040.0__TRINITY_DN50697_c0_g1_i1.p1                0.15%    passed    100.00%
  77  JJ74|Cluster-59349.0__TRINITY_DN5857_c0_g1_i1.p1                  0.15%    passed    100.00%
  78  DE566|Cluster-49423.3__TRINITY_DN1399_c0_g1_i4.p1                 0.15%    passed    100.00%
  79  JJ131|Cluster-16451.0__TRINITY_DN1315_c1_g1_i7.p1                 0.15%    passed    100.00%
****  TOTAL                                                             2.68%  0 sequences failed composition chi2 test (p-value<5%; df=60)
Reading input tree file tmp.csubst.nwk ... rooted tree

NOTE: 101 MB RAM (0 GB) is required!
Measuring multi-threading efficiency up to 1 CPU cores
2 trees examined
Threads: 1 / Time: 5.259 sec / Speedup: 1.000 / Efficiency: 100% / LogL: -22208
BEST NUMBER OF THREADS: 1

Estimate model parameters (epsilon = 0.010)
1. Initial log-likelihood: -22977.046
2. Current log-likelihood: -13905.979
3. Current log-likelihood: -13905.768
4. Current log-likelihood: -13905.667
5. Current log-likelihood: -13905.614
6. Current log-likelihood: -13905.582
7. Current log-likelihood: -13905.561
8. Current log-likelihood: -13905.545
9. Current log-likelihood: -13905.533
Optimal log-likelihood: -13905.524
Nonsynonymous/synonymous ratio (omega): 1.000
Transition/transversion ratio (kappa): 1.000
Site proportion and rates:  (0.616,0.477) (0.286,1.422) (0.081,2.595) (0.017,5.156)
Parameters optimization took 9 rounds (170.834 sec)
Wrote distance file to... 
BEST SCORE FOUND : -13905.524
Ancestral state probabilities printed to /mnt/data0/yue/2026-03-11-protein-convergence/results/OG_4838/csubst_w_s/csubst_input_alignment.fa.state
Empirical proportions for each category: 0.667 0.272 0.049 0.012
Site rates printed to /mnt/data0/yue/2026-03-11-protein-convergence/results/OG_4838/csubst_w_s/csubst_input_alignment.fa.rate
Total tree length: 3.041

Total number of iterations: 0
CPU time used for tree search: 0.000 sec (0h:0m:0s)
Wall-clock time used for tree search: 0.000 sec (0h:0m:0s)
Total CPU time used: 179.423 sec (0h:2m:59s)
Total wall-clock time used: 179.960 sec (0h:2m:59s)

Analysis results written to: 
  IQ-TREE report:                /mnt/data0/yue/2026-03-11-protein-convergence/results/OG_4838/csubst_w_s/csubst_input_alignment.fa.iqtree
  Maximum-likelihood tree:       /mnt/data0/yue/2026-03-11-protein-convergence/results/OG_4838/csubst_w_s/csubst_input_alignment.fa.treefile
  Site-specific rates:           /mnt/data0/yue/2026-03-11-protein-convergence/results/OG_4838/csubst_w_s/csubst_input_alignment.fa.rate
  Ancestral state:               /mnt/data0/yue/2026-03-11-protein-convergence/results/OG_4838/csubst_w_s/csubst_input_alignment.fa.state
  Screen log file:               /mnt/data0/yue/2026-03-11-protein-convergence/results/OG_4838/csubst_w_s/csubst_input_alignment.fa.log

Date and Time: Fri Mar 27 15:34:42 2026
