IQ-TREE multicore version 2.4.0 for Linux x86 64-bit built Feb 12 2025
Developed by Bui Quang Minh, Nguyen Lam Tung, Olga Chernomor, Heiko Schmidt,
Dominik Schrempf, Michael Woodhams, Ly Trong Nhan, Thomas Wong

Host:    brain (AVX2, FMA3, 2015 GB RAM)
Command: /home/yue/miniconda3/envs/py39/bin/iqtree -s /mnt/data0/yue/2026-03-11-protein-convergence/results/OG_3841/csubst_w_s/csubst_input_alignment.fa -te tmp.csubst.nwk -m ECMK07+F+R4 --seqtype CODON1 --threads-max 1 -T AUTO --ancestral --rate --redo
Seed:    725310 (Using SPRNG - Scalable Parallel Random Number Generator)
Time:    Fri Mar 27 11:11:58 2026
Kernel:  AVX+FMA - auto-detect threads (128 CPU cores detected)

Reading alignment file /mnt/data0/yue/2026-03-11-protein-convergence/results/OG_3841/csubst_w_s/csubst_input_alignment.fa ... Fasta format detected
Reading fasta file: done in 0.0021074 secs using 24.96% CPU
Alignment most likely contains DNA/RNA sequences
Converting to codon sequences with genetic code 1 ...
Alignment has 79 sequences with 518 columns, 479 distinct patterns
253 parsimony-informative, 143 singleton sites, 122 constant sites
                                                              Gap/Ambiguity  Composition  p-value
Analyzing sequences: done in 0.000125647 secs using 99.49% CPU
   1  DE536|Cluster-34694.0__TRINITY_DN673_c1_g1_i2.p1               15.06%    passed    100.00%
   2  DE115|Cluster-31553.0__TRINITY_DN46191_c0_g1_i3.p1              0.19%    passed    100.00%
   3  DE546_urceolata_l|Cluster-8530.0__TRINITY_DN2540_c0_g1_i1.p1    0.19%    passed    100.00%
   4  DE152|Cluster-57671.0__TRINITY_DN11926_c0_g1_i1.p1              0.00%    passed    100.00%
   5  DE668|Cluster-59785.1__TRINITY_DN10263_c0_g1_i3.p1              0.19%    passed    100.00%
   6  DE554|Cluster-58756.0__TRINITY_DN5580_c0_g1_i14.p1             25.68%    passed     99.99%
   7  DE623|Cluster-57702.0__TRINITY_DN1357_c0_g1_i10.p1              0.00%    passed    100.00%
   8  DE680|Cluster-45308.0__TRINITY_DN19294_c0_g1_i3.p1              0.00%    passed    100.00%
   9  DE566|Cluster-48981.0__TRINITY_DN10702_c0_g1_i4.p1              0.00%    passed    100.00%
  10  DE162|Cluster-34588.0__TRINITY_DN4642_c0_g1_i2.p1               0.00%    passed    100.00%
  11  DE528|Cluster-18511.0__TRINITY_DN5700_c0_g1_i1.p1               0.00%    passed    100.00%
  12  DE507|Cluster-37991.0__TRINITY_DN9350_c0_g1_i1.p1               0.00%    passed    100.00%
  13  DE704-purple|Cluster-17883.0__TRINITY_DN7873_c0_g1_i4.p1        0.00%    passed    100.00%
  14  DE704-white|Cluster-41056.0__TRINITY_DN5556_c0_g1_i1.p1         0.00%    passed    100.00%
  15  JJ86|Cluster-30266.0__TRINITY_DN10256_c0_g1_i1.p1               0.19%    passed    100.00%
  16  DE126|Cluster-41739.0__TRINITY_DN7865_c0_g1_i2.p1               0.19%    passed    100.00%
  17  DE127|Cluster-30604.1__TRINITY_DN3851_c0_g1_i5.p1              19.69%    passed    100.00%
  18  DE666|Cluster-5848.0__TRINITY_DN7060_c0_g1_i1.p1                0.00%    passed    100.00%
  19  DE563|Cluster-51292.0__TRINITY_DN16000_c0_g1_i4.p1              0.00%    passed    100.00%
  20  DE575|Cluster-38141.0__TRINITY_DN12843_c0_g1_i43.p1             0.00%    passed    100.00%
  21  DE681|Cluster-34160.0__TRINITY_DN7405_c0_g1_i10.p1              0.00%    passed    100.00%
  22  DE765|Cluster-32535.2__TRINITY_DN1553_c0_g1_i8.p1               0.00%    passed    100.00%
  23  DE229|Cluster-12339.0__TRINITY_DN2893_c0_g1_i1.p1               0.00%    passed    100.00%
  24  JJ23|Cluster-13052.0__TRINITY_DN9752_c0_g1_i1.p1                0.00%    passed    100.00%
  25  JJ99|Cluster-38750.0__TRINITY_DN554_c4_g1_i2.p1                 0.00%    passed    100.00%
  26  SRR3407096|Cluster-12496.0__TRINITY_DN987_c1_g2_i1.p1           0.00%    passed    100.00%
  27  DE151|Cluster-30342.0__TRINITY_DN4875_c0_g1_i1.p1               0.00%    passed    100.00%
  28  JJ130|Cluster-28423.0__TRINITY_DN2136_c0_g1_i13.p1             14.86%    passed    100.00%
  29  DE88|Cluster-33965.0__TRINITY_DN4207_c0_g1_i1.p1                0.00%    passed    100.00%
  30  JJ109|Cluster-13506.0__TRINITY_DN21128_c0_g1_i1.p1              0.00%    passed    100.00%
  31  DE173|Cluster-13742.0__TRINITY_DN6400_c0_g1_i1.p1               0.00%    passed    100.00%
  32  DE189|Cluster-29358.0__TRINITY_DN17993_c0_g1_i3.p1              0.00%    passed    100.00%
  33  DE164|Cluster-55890.1__TRINITY_DN15551_c0_g1_i1.p1              0.00%    passed    100.00%
  34  DE476|Cluster-41264.0__TRINITY_DN23284_c0_g1_i2.p1              0.00%    passed    100.00%
  35  DE509|Cluster-38497.0__TRINITY_DN5039_c0_g1_i4.p1               0.00%    passed    100.00%
  36  DE764|Cluster-34203.0__TRINITY_DN2781_c0_g1_i2.p1               0.00%    passed    100.00%
  37  JJ89|Cluster-18975.0__TRINITY_DN36942_c0_g1_i1.p1               0.00%    passed    100.00%
  38  DE523|Cluster-36502.0__TRINITY_DN8794_c0_g1_i1.p1               0.00%    passed    100.00%
  39  DE550|Cluster-23310.0__TRINITY_DN6529_c0_g1_i1.p1               0.00%    passed    100.00%
  40  DE737|Cluster-29381.0__TRINITY_DN8494_c0_g1_i4.p1              14.86%    passed    100.00%
  41  DE672|Cluster-17392.0__TRINITY_DN631_c1_g1_i2.p1                0.00%    passed    100.00%
  42  DE671|Cluster-40665.0__TRINITY_DN4872_c0_g1_i3.p1               0.00%    passed    100.00%
  43  DE560|Cluster-46882.0__TRINITY_DN3650_c0_g1_i1.p1               0.00%    passed    100.00%
  44  JJ125|Cluster-16732.0__TRINITY_DN17497_c0_g1_i2.p1             14.86%    passed    100.00%
  45  DE504|Cluster-33981.0__TRINITY_DN6298_c0_g1_i2.p1               0.00%    passed    100.00%
  46  DE541|Cluster-49147.0__TRINITY_DN16499_c1_g1_i1.p1              0.00%    passed    100.00%
  47  JJ36|Cluster-32598.0__TRINITY_DN9530_c0_g1_i3.p1                0.00%    passed    100.00%
  48  DE736|Cluster-38221.0__TRINITY_DN3842_c0_g1_i2.p1              13.71%    passed    100.00%
  49  DE549|Cluster-13070.0__TRINITY_DN4661_c1_g1_i1.p1               0.00%    passed    100.00%
  50  DE643|Cluster-78634.0__TRINITY_DN5645_c1_g1_i1.p1               0.00%    passed    100.00%
  51  DE531|Cluster-14150.0__TRINITY_DN14263_c1_g1_i1.p1             14.86%    passed    100.00%
  52  DE696-dots|Cluster-13912.0__TRINITY_DN103_c3_g1_i2.p1           0.00%    passed    100.00%
  53  DE696-nodots|Cluster-24505.0__TRINITY_DN18051_c0_g1_i1.p1       0.00%    passed    100.00%
  54  DE181|Cluster-36077.0__TRINITY_DN4897_c0_g1_i3.p1              14.86%    passed    100.00%
  55  SRR3407086|Cluster-25253.0__TRINITY_DN8628_c0_g1_i1.p1          0.00%    passed    100.00%
  56  SRR3407088|Cluster-37757.0__TRINITY_DN938_c5_g1_i1.p1           0.00%    passed    100.00%
  57  DE503|Cluster-62721.0__TRINITY_DN33_c1_g1_i1.p1                 0.00%    passed    100.00%
  58  DE505|Cluster-41405.0__TRINITY_DN22867_c0_g1_i1.p1              0.00%    passed    100.00%
  59  SRR3407093|Cluster-21854.0__TRINITY_DN261_c0_g1_i2.p1           0.00%    passed    100.00%
  60  DE510|Cluster-18284.0__TRINITY_DN28405_c1_g1_i1.p1              0.00%    passed    100.00%
  61  SRR3407094|Cluster-6879.0__TRINITY_DN3849_c0_g1_i1.p1           0.00%    passed    100.00%
  62  SRR3407087|Cluster-22118.0__TRINITY_DN5580_c0_g1_i1.p1          0.00%    passed    100.00%
  63  SRR3407092|Cluster-27717.0__TRINITY_DN23737_c1_g1_i1.p1         0.00%    passed    100.00%
  64  SRR3424066|Cluster-25372.0__TRINITY_DN4120_c0_g1_i1.p1          0.00%    passed    100.00%
  65  SRR3407095|Cluster-14336.0__TRINITY_DN34268_c0_g1_i1.p1         0.00%    passed    100.00%
  66  DE69|Cluster-48884.0__TRINITY_DN17847_c1_g1_i1.p1               0.00%    passed    100.00%
  67  JJ74|Cluster-100204.1__TRINITY_DN89207_c1_g1_i16.p1             0.77%    passed    100.00%
  68  DE216|Cluster-28417.0__TRINITY_DN19653_c0_g1_i1.p1              0.00%    passed    100.00%
  69  JJ15|Cluster-73224.0__TRINITY_DN5489_c2_g1_i2.p1                0.00%    passed    100.00%
  70  DE542|Cluster-36034.0__TRINITY_DN23873_c0_g1_i1.p1              0.00%    passed    100.00%
  71  DE534|Cluster-73217.0__TRINITY_DN4215_c0_g1_i1.p1               0.00%    passed    100.00%
  72  DRR234970|Cluster-11667.0__TRINITY_DN521_c1_g2_i1.p1            3.09%    passed    100.00%
  73  DE741|Cluster-36548.0__TRINITY_DN5400_c0_g1_i1.p1               0.00%    passed    100.00%
  74  JJ85|Cluster-748.0__TRINITY_DN5905_c0_g1_i1.p1                  0.00%    passed    100.00%
  75  DRR082660|Cluster-29415.0__TRINITY_DN18048_c0_g1_i1.p1         17.76%    passed    100.00%
  76  SRR5150740|Cluster-46590.0__TRINITY_DN3571_c0_g1_i4.p1          5.02%    passed     99.96%
  77  JJ131|Cluster-63033.2__TRINITY_DN4660_c0_g1_i12.p1             38.22%    passed     99.22%
  78  DRR082665|Cluster-41017.0__TRINITY_DN3892_c0_g1_i2.p1          11.78%    passed     44.91%
  79  SRR104381|Cluster-6029.1__TRINITY_DN3291_c0_g1_i7.p1            3.09%    passed     99.41%
****  TOTAL                                                           2.90%  0 sequences failed composition chi2 test (p-value<5%; df=60)
Reading input tree file tmp.csubst.nwk ... rooted tree

NOTE: 80 MB RAM (0 GB) is required!
Measuring multi-threading efficiency up to 1 CPU cores
2 trees examined
Threads: 1 / Time: 4.573 sec / Speedup: 1.000 / Efficiency: 100% / LogL: -14796
BEST NUMBER OF THREADS: 1

Estimate model parameters (epsilon = 0.010)
1. Initial log-likelihood: -16052.926
2. Current log-likelihood: -9857.109
3. Current log-likelihood: -9857.073
4. Current log-likelihood: -9857.055
5. Current log-likelihood: -9857.043
Optimal log-likelihood: -9857.035
Nonsynonymous/synonymous ratio (omega): 1.000
Transition/transversion ratio (kappa): 1.000
Site proportion and rates:  (0.567,0.427) (0.293,1.137) (0.115,2.603) (0.024,5.084)
Parameters optimization took 5 rounds (62.977 sec)
Wrote distance file to... 
BEST SCORE FOUND : -9857.035
Ancestral state probabilities printed to /mnt/data0/yue/2026-03-11-protein-convergence/results/OG_3841/csubst_w_s/csubst_input_alignment.fa.state
Empirical proportions for each category: 0.647 0.236 0.102 0.015
Site rates printed to /mnt/data0/yue/2026-03-11-protein-convergence/results/OG_3841/csubst_w_s/csubst_input_alignment.fa.rate
Total tree length: 2.822

Total number of iterations: 0
CPU time used for tree search: 0.000 sec (0h:0m:0s)
Wall-clock time used for tree search: 0.000 sec (0h:0m:0s)
Total CPU time used: 69.656 sec (0h:1m:9s)
Total wall-clock time used: 70.039 sec (0h:1m:10s)

Analysis results written to: 
  IQ-TREE report:                /mnt/data0/yue/2026-03-11-protein-convergence/results/OG_3841/csubst_w_s/csubst_input_alignment.fa.iqtree
  Maximum-likelihood tree:       /mnt/data0/yue/2026-03-11-protein-convergence/results/OG_3841/csubst_w_s/csubst_input_alignment.fa.treefile
  Site-specific rates:           /mnt/data0/yue/2026-03-11-protein-convergence/results/OG_3841/csubst_w_s/csubst_input_alignment.fa.rate
  Ancestral state:               /mnt/data0/yue/2026-03-11-protein-convergence/results/OG_3841/csubst_w_s/csubst_input_alignment.fa.state
  Screen log file:               /mnt/data0/yue/2026-03-11-protein-convergence/results/OG_3841/csubst_w_s/csubst_input_alignment.fa.log

Date and Time: Fri Mar 27 11:13:08 2026
