IQ-TREE multicore version 2.4.0 for Linux x86 64-bit built Feb 12 2025
Developed by Bui Quang Minh, Nguyen Lam Tung, Olga Chernomor, Heiko Schmidt,
Dominik Schrempf, Michael Woodhams, Ly Trong Nhan, Thomas Wong

Host:    brain (AVX2, FMA3, 2015 GB RAM)
Command: /home/yue/miniconda3/envs/py39/bin/iqtree -s /mnt/data0/yue/2026-03-11-protein-convergence/results/OG_5619/csubst_w_s/csubst_input_alignment.fa -te tmp.csubst.nwk -m ECMK07+F+R4 --seqtype CODON1 --threads-max 1 -T AUTO --ancestral --rate --redo
Seed:    640161 (Using SPRNG - Scalable Parallel Random Number Generator)
Time:    Fri Mar 27 18:39:35 2026
Kernel:  AVX+FMA - auto-detect threads (128 CPU cores detected)

Reading alignment file /mnt/data0/yue/2026-03-11-protein-convergence/results/OG_5619/csubst_w_s/csubst_input_alignment.fa ... Fasta format detected
Reading fasta file: done in 0.00168575 secs using 39.92% CPU
Alignment most likely contains DNA/RNA sequences
Converting to codon sequences with genetic code 1 ...
Alignment has 73 sequences with 191 columns, 185 distinct patterns
96 parsimony-informative, 57 singleton sites, 38 constant sites
                                                               Gap/Ambiguity  Composition  p-value
Analyzing sequences: done in 7.96467e-05 secs using 96.68% CPU
   1  DE563|Cluster-27019.0__TRINITY_DN7027_c0_g1_i8.p1               40.84%    failed      0.00%
   2  DE549|Cluster-45308.0__TRINITY_DN25273_c0_g2_i4.p1              29.84%    passed    100.00%
   3  DE115|Cluster-50879.0__TRINITY_DN1877_c0_g1_i1.p1                0.00%    passed    100.00%
   4  DE189|Cluster-32808.0__TRINITY_DN1127_c0_g1_i6.p1                0.00%    passed    100.00%
   5  DE696-dots|Cluster-55361.0__TRINITY_DN4100_c0_g1_i7.p1          16.23%    passed    100.00%
   6  DE736|Cluster-25160.0__TRINITY_DN1988_c0_g3_i2.p1                0.00%    passed    100.00%
   7  JJ109|Cluster-16784.0__TRINITY_DN993_c1_g2_i1.p1                 0.00%    passed    100.00%
   8  JJ130|Cluster-7577.0__TRINITY_DN5133_c0_g2_i2.p1                 0.00%    passed    100.00%
   9  JJ86|Cluster-19815.0__TRINITY_DN2179_c0_g2_i2.p1                 0.00%    passed    100.00%
  10  DE476|Cluster-44160.0__TRINITY_DN37233_c0_g3_i1.p1               0.00%    passed    100.00%
  11  DE504|Cluster-5290.1__TRINITY_DN2114_c0_g1_i1.p1                 0.00%    passed    100.00%
  12  DE88|Cluster-33255.0__TRINITY_DN2135_c0_g2_i1.p1                 0.00%    passed     99.99%
  13  DE151|Cluster-35772.0__TRINITY_DN1898_c0_g2_i1.p1                0.00%    passed    100.00%
  14  DE173|Cluster-24105.0__TRINITY_DN7204_c0_g2_i2.p1                0.00%    passed    100.00%
  15  JJ36|Cluster-1888.0__TRINITY_DN2327_c0_g1_i4.p1                  0.00%    passed    100.00%
  16  DE531|Cluster-26614.0__TRINITY_DN1113_c0_g1_i2.p1                0.00%    passed    100.00%
  17  DE509|Cluster-10256.0__TRINITY_DN3216_c0_g1_i1.p1                0.00%    passed    100.00%
  18  DE550|Cluster-39408.0__TRINITY_DN2876_c0_g1_i1.p1                0.00%    passed    100.00%
  19  SRR3407092|Cluster-31958.0__TRINITY_DN8080_c2_g2_i1.p1           0.00%    passed    100.00%
  20  DE505|Cluster-51809.0__TRINITY_DN336_c0_g2_i4.p1                 0.00%    passed    100.00%
  21  SRR3407086|Cluster-13631.0__TRINITY_DN542_c0_g1_i1.p1            0.00%    passed    100.00%
  22  SRR3424066|Cluster-33629.0__TRINITY_DN2030_c0_g1_i1.p1           0.00%    passed    100.00%
  23  JJ85|Cluster-38517.0__TRINITY_DN6582_c0_g1_i1.p1                 0.00%    passed    100.00%
  24  SRR3407087|Cluster-40417.0__TRINITY_DN2609_c0_g1_i1.p1           0.00%    passed    100.00%
  25  SRR3407094|Cluster-32676.0__TRINITY_DN2752_c0_g3_i1.p1           0.00%    passed    100.00%
  26  SRR3407095|Cluster-6837.0__TRINITY_DN8233_c0_g1_i1.p1            0.00%    passed    100.00%
  27  SRR3407096|Cluster-22116.0__TRINITY_DN413_c0_g1_i1.p1            0.00%    passed    100.00%
  28  SRR3407088|Cluster-216.0__TRINITY_DN10772_c0_g1_i1.p1            0.00%    passed    100.00%
  29  SRR3407093|Cluster-34907.0__TRINITY_DN2021_c1_g1_i1.p1           0.00%    passed    100.00%
  30  DE737|Cluster-21355.1__TRINITY_DN1798_c0_g4_i1.p1                0.00%    passed    100.00%
  31  DE643|Cluster-72288.0__TRINITY_DN39169_c0_g2_i1.p1               0.00%    passed    100.00%
  32  DE764|Cluster-43856.0__TRINITY_DN11601_c0_g2_i1.p1               0.00%    passed    100.00%
  33  DE152|Cluster-60869.0__TRINITY_DN3206_c0_g1_i1.p1                0.00%    passed    100.00%
  34  JJ99|Cluster-15188.0__TRINITY_DN7558_c0_g2_i2.p1                 0.00%    passed    100.00%
  35  DE696-nodots|Cluster-46338.0__TRINITY_DN278_c1_g1_i2.p1          0.00%    passed    100.00%
  36  DE127|Cluster-17797.0__TRINITY_DN19571_c0_g2_i2.p1               0.00%    passed    100.00%
  37  DE554|Cluster-44588.0__TRINITY_DN3157_c0_g2_i3.p1                0.00%    passed    100.00%
  38  DE162|Cluster-14789.0__TRINITY_DN9711_c1_g4_i1.p1                0.00%    passed    100.00%
  39  DE507|Cluster-29198.0__TRINITY_DN113_c0_g2_i1.p1                 0.00%    passed    100.00%
  40  DE528|Cluster-38631.0__TRINITY_DN5500_c0_g1_i1.p1                0.00%    passed    100.00%
  41  DE575|Cluster-48696.4__TRINITY_DN1929_c0_g5_i1.p1                0.00%    passed    100.00%
  42  DE765|Cluster-24147.0__TRINITY_DN6213_c1_g1_i1.p1                0.00%    passed    100.00%
  43  DE623|Cluster-33488.0__TRINITY_DN145_c1_g1_i2.p1                 0.00%    passed    100.00%
  44  DE680|Cluster-5763.0__TRINITY_DN1955_c0_g2_i1.p1                 0.00%    passed    100.00%
  45  DE681|Cluster-10899.0__TRINITY_DN5274_c0_g1_i1.p1                0.00%    passed    100.00%
  46  DE704-purple|Cluster-63119.0__TRINITY_DN4730_c1_g1_i1.p1         0.00%    passed    100.00%
  47  DE704-white|Cluster-16990.0__TRINITY_DN33_c0_g1_i1.p1            0.00%    passed    100.00%
  48  DE546_urceolata_l|Cluster-43913.5__TRINITY_DN662_c0_g1_i14.p1    0.00%    passed    100.00%
  49  DE668|Cluster-37528.0__TRINITY_DN1928_c0_g1_i2.p1                0.00%    passed    100.00%
  50  DE216|Cluster-78275.0__TRINITY_DN3272_c1_g1_i14.p1               0.00%    passed     99.98%
  51  DE560|Cluster-25310.0__TRINITY_DN4848_c0_g1_i11.p1              16.23%    passed    100.00%
  52  JJ125|Cluster-28991.0__TRINITY_DN4047_c0_g2_i2.p1                0.00%    passed    100.00%
  53  DE534|Cluster-59319.0__TRINITY_DN191_c0_g1_i1.p1                 0.00%    passed    100.00%
  54  DE536|Cluster-12079.0__TRINITY_DN4026_c0_g1_i1.p1                0.00%    passed    100.00%
  55  DE542|Cluster-16786.1__TRINITY_DN1784_c0_g1_i5.p1                0.00%    passed    100.00%
  56  JJ15|Cluster-37173.0__TRINITY_DN1789_c0_g1_i5.p1                 0.00%    passed    100.00%
  57  JJ74|Cluster-31002.0__TRINITY_DN10849_c1_g1_i2.p1                0.00%    passed    100.00%
  58  DE229|Cluster-74104.0__TRINITY_DN2182_c0_g3_i1.p1                0.00%    passed    100.00%
  59  DE541|Cluster-43769.0__TRINITY_DN2682_c0_g1_i1.p1                0.00%    passed    100.00%
  60  JJ23|Cluster-35217.0__TRINITY_DN13290_c0_g1_i2.p1                0.00%    passed    100.00%
  61  DE741|Cluster-44545.0__TRINITY_DN12967_c0_g3_i1.p1               0.00%    passed    100.00%
  62  DRR082660|Cluster-44955.0__TRINITY_DN27208_c0_g1_i2.p1           0.00%    passed    100.00%
  63  DE666|Cluster-25738.1__TRINITY_DN2797_c0_g1_i3.p1                3.66%    passed    100.00%
  64  DE566|Cluster-34239.1__TRINITY_DN6379_c0_g1_i7.p1                0.00%    passed    100.00%
  65  DRR234970|Cluster-20596.0__TRINITY_DN54830_c0_g1_i1.p1           0.00%    passed     13.82%
  66  SRR5150740|Cluster-45336.0__TRINITY_DN11837_c0_g1_i11.p1         0.00%    passed     99.96%
  67  DRR082665|Cluster-1631.0__TRINITY_DN2159_c1_g4_i1.p1             3.14%    failed      0.01%
  68  DE181|Cluster-44974.0__TRINITY_DN6019_c1_g1_i1.p1                0.00%    passed    100.00%
  69  DE561|Cluster-42392.0__TRINITY_DN4074_c0_g2_i2.p1                0.00%    passed    100.00%
  70  DE671|Cluster-52490.0__TRINITY_DN6857_c0_g1_i5.p1                0.00%    passed    100.00%
  71  DRR082665|Cluster-34282.0__TRINITY_DN2159_c1_g2_i1.p1            0.00%    failed      0.00%
  72  SRR104381|Cluster-9965.0__TRINITY_DN3130_c0_g2_i1.p1             0.00%    passed     67.31%
  73  SRR11934227|Cluster-140774.1__TRINITY_DN78749_c1_g1_i3.p1        0.00%    passed     24.80%
****  TOTAL                                                            1.51%  3 sequences failed composition chi2 test (p-value<5%; df=60)
WARNING: States(s) AGT, CGG rarely appear in alignment and may cause numerical problems
Reading input tree file tmp.csubst.nwk ... rooted tree

NOTE: 34 MB RAM (0 GB) is required!
Measuring multi-threading efficiency up to 1 CPU cores
2 trees examined
Threads: 1 / Time: 1.824 sec / Speedup: 1.000 / Efficiency: 100% / LogL: -5059
BEST NUMBER OF THREADS: 1

Estimate model parameters (epsilon = 0.010)
1. Initial log-likelihood: -5552.499
2. Current log-likelihood: -3349.493
3. Current log-likelihood: -3349.377
4. Current log-likelihood: -3345.660
5. Current log-likelihood: -3345.598
6. Current log-likelihood: -3345.551
7. Current log-likelihood: -3345.511
8. Current log-likelihood: -3345.476
9. Current log-likelihood: -3345.445
10. Current log-likelihood: -3345.418
11. Current log-likelihood: -3345.394
12. Current log-likelihood: -3345.373
13. Current log-likelihood: -3345.353
14. Current log-likelihood: -3345.335
15. Current log-likelihood: -3345.318
16. Current log-likelihood: -3345.303
17. Current log-likelihood: -3345.288
18. Current log-likelihood: -3345.273
19. Current log-likelihood: -3345.260
20. Current log-likelihood: -3345.246
21. Current log-likelihood: -3345.232
22. Current log-likelihood: -3345.219
23. Current log-likelihood: -3345.206
24. Current log-likelihood: -3345.192
25. Current log-likelihood: -3345.179
26. Current log-likelihood: -3345.166
27. Current log-likelihood: -3345.153
28. Current log-likelihood: -3345.140
29. Current log-likelihood: -3345.129
30. Current log-likelihood: -3345.118
Optimal log-likelihood: -3345.109
Nonsynonymous/synonymous ratio (omega): 1.000
Transition/transversion ratio (kappa): 1.000
Site proportion and rates:  (0.675,0.498) (0.112,1.634) (0.198,1.947) (0.015,6.467)
Parameters optimization took 30 rounds (165.505 sec)
Wrote distance file to... 
BEST SCORE FOUND : -3345.109
Ancestral state probabilities printed to /mnt/data0/yue/2026-03-11-protein-convergence/results/OG_5619/csubst_w_s/csubst_input_alignment.fa.state
Empirical proportions for each category: 0.749 0.000 0.241 0.010
Site rates printed to /mnt/data0/yue/2026-03-11-protein-convergence/results/OG_5619/csubst_w_s/csubst_input_alignment.fa.rate
Total tree length: 2.691

Total number of iterations: 0
CPU time used for tree search: 0.000 sec (0h:0m:0s)
Wall-clock time used for tree search: 0.000 sec (0h:0m:0s)
Total CPU time used: 167.989 sec (0h:2m:47s)
Total wall-clock time used: 168.547 sec (0h:2m:48s)

Analysis results written to: 
  IQ-TREE report:                /mnt/data0/yue/2026-03-11-protein-convergence/results/OG_5619/csubst_w_s/csubst_input_alignment.fa.iqtree
  Maximum-likelihood tree:       /mnt/data0/yue/2026-03-11-protein-convergence/results/OG_5619/csubst_w_s/csubst_input_alignment.fa.treefile
  Site-specific rates:           /mnt/data0/yue/2026-03-11-protein-convergence/results/OG_5619/csubst_w_s/csubst_input_alignment.fa.rate
  Ancestral state:               /mnt/data0/yue/2026-03-11-protein-convergence/results/OG_5619/csubst_w_s/csubst_input_alignment.fa.state
  Screen log file:               /mnt/data0/yue/2026-03-11-protein-convergence/results/OG_5619/csubst_w_s/csubst_input_alignment.fa.log

Date and Time: Fri Mar 27 18:42:24 2026
