IQ-TREE multicore version 2.4.0 for Linux x86 64-bit built Feb 12 2025
Developed by Bui Quang Minh, Nguyen Lam Tung, Olga Chernomor, Heiko Schmidt,
Dominik Schrempf, Michael Woodhams, Ly Trong Nhan, Thomas Wong

Host:    brain (AVX2, FMA3, 2015 GB RAM)
Command: /home/yue/miniconda3/envs/py39/bin/iqtree -s /mnt/data0/yue/2026-03-11-protein-convergence/results/OG_283/csubst_w_s/csubst_input_alignment.fa -te tmp.csubst.nwk -m ECMK07+F+R4 --seqtype CODON1 --threads-max 1 -T AUTO --ancestral --rate --redo
Seed:    93874 (Using SPRNG - Scalable Parallel Random Number Generator)
Time:    Fri Mar 27 06:30:25 2026
Kernel:  AVX+FMA - auto-detect threads (128 CPU cores detected)

Reading alignment file /mnt/data0/yue/2026-03-11-protein-convergence/results/OG_283/csubst_w_s/csubst_input_alignment.fa ... Fasta format detected
Reading fasta file: done in 0.00401039 secs using 50.42% CPU
Alignment most likely contains DNA/RNA sequences
Converting to codon sequences with genetic code 1 ...
Alignment has 134 sequences with 607 columns, 590 distinct patterns
443 parsimony-informative, 93 singleton sites, 71 constant sites
                                                               Gap/Ambiguity  Composition  p-value
Analyzing sequences: done in 0.000211239 secs
   1  DE737|Cluster-33569.0__TRINITY_DN139_c0_g1_i11.p1                0.16%    passed    100.00%
   2  DE681|Cluster-49086.0__TRINITY_DN168_c0_g1_i1.p1                 0.16%    passed    100.00%
   3  JJ15|Cluster-55139.0__TRINITY_DN283_c0_g2_i2.p1                  0.82%    passed    100.00%
   4  DE216|Cluster-17720.0__TRINITY_DN3453_c0_g3_i1.p1                0.16%    passed    100.00%
   5  JJ85|Cluster-24552.0__TRINITY_DN8688_c0_g1_i1.p1                17.63%    passed    100.00%
   6  DE152|Cluster-44372.0__TRINITY_DN2314_c0_g2_i2.p1                0.33%    passed    100.00%
   7  SRR104381|Cluster-30850.0__TRINITY_DN1727_c0_g1_i2.p1            0.16%    passed     99.99%
   8  DE764|Cluster-38027.2__TRINITY_DN466_c1_g1_i5.p1                54.20%    passed     62.12%
   9  DE162|Cluster-17097.0__TRINITY_DN244_c0_g1_i22.p1                0.16%    passed    100.00%
  10  DE519|Cluster-30488.0__TRINITY_DN81_c0_g4_i2.p1                  3.62%    passed    100.00%
  11  DE741|Cluster-55416.0__TRINITY_DN223_c0_g1_i2.p1                 3.62%    passed    100.00%
  12  DE534|Cluster-50044.0__TRINITY_DN2789_c0_g3_i2.p1                0.16%    passed    100.00%
  13  DE542|Cluster-27657.2__TRINITY_DN1785_c1_g1_i3.p1                0.16%    passed    100.00%
  14  DE536|Cluster-36633.1__TRINITY_DN106_c0_g2_i1.p1                 0.16%    passed    100.00%
  15  JJ125|Cluster-5425.31__TRINITY_DN99_c1_g2_i2.p1                  0.33%    passed    100.00%
  16  DRR234970|Cluster-48182.0__TRINITY_DN2957_c0_g1_i1.p1            0.16%    passed    100.00%
  17  SRR5150740|Cluster-35416.0__TRINITY_DN1218_c0_g1_i1.p1           4.12%    passed    100.00%
  18  DE509|Cluster-26933.0__TRINITY_DN1323_c1_g1_i6.p1               31.63%    passed     99.47%
  19  DE181|Cluster-22342.0__TRINITY_DN12724_c0_g1_i1.p1               0.16%    passed    100.00%
  20  SRR3407086|Cluster-20078.0__TRINITY_DN401_c0_g2_i1.p1            0.16%    passed    100.00%
  21  SRR3424066|Cluster-29755.0__TRINITY_DN3099_c0_g2_i1.p1           0.16%    passed    100.00%
  22  DE561|Cluster-18646.0__TRINITY_DN15009_c0_g1_i3.p1               0.16%    passed    100.00%
  23  SRR3407088|Cluster-6873.0__TRINITY_DN119_c0_g3_i1.p1             0.16%    passed    100.00%
  24  SRR3407093|Cluster-35366.0__TRINITY_DN1215_c0_g2_i1.p1           0.16%    passed    100.00%
  25  DE503|Cluster-18063.0__TRINITY_DN4069_c0_g3_i1.p1                0.16%    passed    100.00%
  26  SRR3407094|Cluster-33055.1__TRINITY_DN852_c0_g3_i3.p1            0.16%    passed    100.00%
  27  DE510|Cluster-41113.0__TRINITY_DN64_c0_g2_i3.p1                  0.16%    passed    100.00%
  28  SRR3407087|Cluster-38756.0__TRINITY_DN1195_c0_g2_i1.p1           0.16%    passed    100.00%
  29  SRR3407092|Cluster-17184.0__TRINITY_DN1545_c0_g1_i4.p1           0.16%    passed    100.00%
  30  DE505|Cluster-54270.0__TRINITY_DN110_c0_g1_i4.p1                 0.16%    passed    100.00%
  31  DE560|Cluster-33811.0__TRINITY_DN981_c0_g1_i1.p1                 0.16%    passed    100.00%
  32  SRR3407096|Cluster-31308.0__TRINITY_DN22_c0_g1_i1.p1             0.16%    passed    100.00%
  33  DE523|Cluster-33559.0__TRINITY_DN8911_c0_g2_i1.p1                0.16%    passed    100.00%
  34  SRR3407095|Cluster-45326.0__TRINITY_DN87_c0_g1_i2.p1             0.16%    passed    100.00%
  35  DE69|Cluster-48196.0__TRINITY_DN198_c0_g1_i2.p1                  0.16%    passed    100.00%
  36  DE566|Cluster-33127.2__TRINITY_DN114_c0_g1_i8.p1                 0.16%    passed     99.95%
  37  DE115|Cluster-52769.0__TRINITY_DN21083_c0_g1_i2.p1               3.62%    passed     99.99%
  38  DE126|Cluster-34907.2__TRINITY_DN395_c0_g3_i1.p1                 0.16%    passed    100.00%
  39  DE127|Cluster-5371.0__TRINITY_DN13937_c0_g1_i3.p1                0.16%    passed    100.00%
  40  DE554|Cluster-53030.0__TRINITY_DN933_c0_g1_i5.p1                 0.16%    passed    100.00%
  41  DE546_urceolata_l|Cluster-30102.1__TRINITY_DN2171_c0_g1_i1.p1    0.16%    passed    100.00%
  42  JJ86|Cluster-9938.0__TRINITY_DN453_c0_g2_i3.p1                   0.16%    passed    100.00%
  43  DE668|Cluster-49985.0__TRINITY_DN4367_c0_g1_i10.p1               0.16%    passed    100.00%
  44  DE623|Cluster-20692.0__TRINITY_DN2139_c0_g2_i2.p1                0.16%    passed    100.00%
  45  DE680|Cluster-48372.0__TRINITY_DN288_c0_g1_i1.p1                 0.16%    passed    100.00%
  46  DE563|Cluster-45618.1__TRINITY_DN120_c0_g1_i1.p1                 0.16%    passed    100.00%
  47  DE575|Cluster-38824.0__TRINITY_DN7129_c0_g1_i4.p1                0.16%    passed    100.00%
  48  DE765|Cluster-34980.0__TRINITY_DN8547_c0_g1_i12.p1               0.16%    passed    100.00%
  49  JJ74|Cluster-127651.0__TRINITY_DN1080_c0_g1_i1.p1                3.62%    passed    100.00%
  50  DE643|Cluster-61324.1__TRINITY_DN756_c2_g1_i2.p1                 0.16%    passed    100.00%
  51  DE666|Cluster-34205.0__TRINITY_DN326_c0_g1_i5.p1                48.60%    passed     37.67%
  52  DE528|Cluster-57450.0__TRINITY_DN1645_c1_g1_i12.p1               0.16%    passed    100.00%
  53  DE704-purple|Cluster-56906.1__TRINITY_DN2494_c0_g2_i3.p1         0.16%    passed    100.00%
  54  DE704-white|Cluster-49680.6__TRINITY_DN264_c0_g1_i5.p1           0.16%    passed    100.00%
  55  DE229|Cluster-96419.85__TRINITY_DN92_c0_g1_i4.p1                 0.16%    passed    100.00%
  56  JJ23|Cluster-41734.2__TRINITY_DN830_c0_g1_i6.p1                  0.00%    passed    100.00%
  57  DE151|Cluster-60997.1__TRINITY_DN4066_c0_g1_i6.p1                3.62%    passed    100.00%
  58  JJ36|Cluster-5193.0__TRINITY_DN333_c0_g1_i6.p1                   3.62%    passed    100.00%
  59  DE164|Cluster-32742.0__TRINITY_DN1538_c2_g1_i1.p1                0.16%    passed    100.00%
  60  DE173|Cluster-52846.0__TRINITY_DN10434_c0_g1_i1.p1               1.15%    passed    100.00%
  61  JJ130|Cluster-40416.0__TRINITY_DN1735_c0_g1_i1.p1                0.16%    passed    100.00%
  62  DE189|Cluster-43970.0__TRINITY_DN15309_c0_g1_i3.p1               0.16%    passed    100.00%
  63  DE88|Cluster-31485.2__TRINITY_DN14472_c0_g2_i1.p1                0.16%    passed    100.00%
  64  DE696-dots|Cluster-49889.0__TRINITY_DN7497_c0_g1_i4.p1           1.15%    passed    100.00%
  65  DE696-nodots|Cluster-52086.2__TRINITY_DN9783_c0_g1_i7.p1         0.16%    passed    100.00%
  66  JJ89|Cluster-21763.0__TRINITY_DN2592_c0_g1_i5.p1                 0.16%    passed    100.00%
  67  DE672|Cluster-12257.1__TRINITY_DN3899_c0_g3_i1.p1                0.16%    passed    100.00%
  68  DE541|Cluster-15478.0__TRINITY_DN353_c0_g4_i1.p1                 0.16%    passed    100.00%
  69  DE671|Cluster-57426.0__TRINITY_DN1926_c1_g1_i2.p1                0.16%    passed    100.00%
  70  DE736|Cluster-48820.0__TRINITY_DN731_c0_g1_i6.p1                 0.16%    passed    100.00%
  71  DE504|Cluster-36767.1__TRINITY_DN44_c0_g6_i1.p1                 43.66%    passed     98.15%
  72  DE476|Cluster-15532.1__TRINITY_DN351_c0_g2_i2.p1                43.66%    passed     99.27%
  73  DE549|Cluster-41313.4__TRINITY_DN26_c0_g1_i31.p1                 0.16%    passed    100.00%
  74  DE531|Cluster-50651.0__TRINITY_DN194_c0_g1_i18.p1                0.16%    passed    100.00%
  75  JJ131|Cluster-54898.3__TRINITY_DN318_c0_g1_i8.p1                 0.16%    passed    100.00%
  76  SRR11748982|Cluster-35478.1__TRINITY_DN445_c0_g1_i3.p1           0.16%    passed     98.80%
  77  DE115|Cluster-58216.0__TRINITY_DN21083_c0_g2_i2.p1               0.16%    passed    100.00%
  78  DE126|Cluster-37176.0__TRINITY_DN395_c0_g2_i1.p1                 0.16%    passed    100.00%
  79  JJ86|Cluster-37096.0__TRINITY_DN453_c0_g1_i2.p1                  0.16%    passed    100.00%
  80  DE623|Cluster-29901.0__TRINITY_DN2139_c0_g1_i3.p1                0.16%    passed    100.00%
  81  DE680|Cluster-22331.0__TRINITY_DN288_c0_g2_i1.p1                 0.16%    passed    100.00%
  82  DE127|Cluster-39500.0__TRINITY_DN13937_c0_g2_i2.p1               0.16%    passed    100.00%
  83  DE554|Cluster-13273.0__TRINITY_DN933_c0_g1_i3.p1                 0.16%    passed    100.00%
  84  DE666|Cluster-805.0__TRINITY_DN326_c0_g2_i1.p1                   0.16%    passed    100.00%
  85  DE668|Cluster-7713.0__TRINITY_DN2188_c2_g1_i1.p1                 0.16%    passed    100.00%
  86  DE575|Cluster-14732.0__TRINITY_DN7129_c0_g1_i15.p1               0.16%    passed    100.00%
  87  DE681|Cluster-38695.1__TRINITY_DN6697_c0_g1_i1.p1               52.72%    passed     84.81%
  88  DE765|Cluster-19526.0__TRINITY_DN8547_c0_g2_i1.p1                0.16%    passed    100.00%
  89  DE164|Cluster-27366.0__TRINITY_DN1538_c2_g3_i2.p1                0.16%    passed    100.00%
  90  DE672|Cluster-53088.0__TRINITY_DN3899_c0_g5_i1.p1                0.16%    passed    100.00%
  91  DE737|Cluster-31721.0__TRINITY_DN139_c0_g3_i2.p1                 0.16%    passed    100.00%
  92  DE671|Cluster-32429.0__TRINITY_DN955_c0_g1_i2.p1                 0.16%    passed    100.00%
  93  DE643|Cluster-76194.0__TRINITY_DN756_c2_g2_i2.p1                 0.16%    passed    100.00%
  94  DE173|Cluster-51711.0__TRINITY_DN10434_c0_g2_i2.p1               0.16%    passed    100.00%
  95  DE189|Cluster-39161.0__TRINITY_DN15309_c0_g1_i1.p1               0.16%    passed    100.00%
  96  DE736|Cluster-11094.4__TRINITY_DN731_c0_g2_i7.p1                 0.16%    passed    100.00%
  97  JJ109|Cluster-5827.0__TRINITY_DN10472_c0_g1_i2.p1                0.16%    passed    100.00%
  98  DE504|Cluster-6558.0__TRINITY_DN44_c0_g2_i2.p1                   0.16%    passed    100.00%
  99  JJ130|Cluster-5555.0__TRINITY_DN1735_c0_g2_i2.p1                 0.16%    passed    100.00%
 100  DE550|Cluster-10780.0__TRINITY_DN169_c0_g4_i1.p1                 0.16%    passed    100.00%
 101  JJ89|Cluster-727.0__TRINITY_DN2592_c0_g2_i1.p1                   0.16%    passed    100.00%
 102  DE88|Cluster-16155.0__TRINITY_DN14472_c0_g1_i1.p1                0.16%    passed    100.00%
 103  DE696-dots|Cluster-48504.0__TRINITY_DN7497_c0_g2_i1.p1           0.33%    passed    100.00%
 104  DE696-nodots|Cluster-17066.0__TRINITY_DN9783_c0_g1_i9.p1         0.33%    passed    100.00%
 105  DE541|Cluster-6436.0__TRINITY_DN353_c0_g1_i1.p1                  0.16%    passed    100.00%
 106  JJ85|Cluster-33180.0__TRINITY_DN8688_c0_g2_i1.p1                 0.16%    passed    100.00%
 107  DE181|Cluster-44505.0__TRINITY_DN12724_c0_g1_i4.p1               0.16%    passed    100.00%
 108  DE510|Cluster-10036.0__TRINITY_DN64_c0_g1_i2.p1                 43.16%    passed     92.17%
 109  SRR3424066|Cluster-37642.0__TRINITY_DN3099_c0_g1_i1.p1           0.16%    passed    100.00%
 110  DE561|Cluster-38.0__TRINITY_DN15009_c0_g1_i4.p1                  0.16%    passed    100.00%
 111  SRR3407086|Cluster-7616.0__TRINITY_DN401_c0_g1_i1.p1             0.16%    passed    100.00%
 112  DE503|Cluster-26703.0__TRINITY_DN4069_c0_g2_i1.p1                0.16%    passed    100.00%
 113  SRR3407088|Cluster-23345.0__TRINITY_DN119_c0_g1_i1.p1            0.16%    passed    100.00%
 114  SRR3407087|Cluster-8449.0__TRINITY_DN1195_c0_g1_i1.p1            0.16%    passed    100.00%
 115  SRR3407093|Cluster-32506.0__TRINITY_DN1215_c0_g1_i1.p1           0.16%    passed    100.00%
 116  SRR3407092|Cluster-23222.0__TRINITY_DN1545_c0_g1_i1.p1           0.16%    passed    100.00%
 117  DE523|Cluster-16477.1__TRINITY_DN8911_c0_g1_i2.p1                0.16%    passed    100.00%
 118  SRR3407096|Cluster-10065.0__TRINITY_DN22_c0_g2_i3.p1             0.16%    passed    100.00%
 119  DE519|Cluster-54120.0__TRINITY_DN81_c0_g3_i2.p1                  0.16%    passed    100.00%
 120  DE741|Cluster-9906.0__TRINITY_DN223_c0_g2_i1.p1                  0.16%    passed    100.00%
 121  DE560|Cluster-14431.0__TRINITY_DN981_c0_g1_i3.p1                 0.16%    passed    100.00%
 122  DE69|Cluster-23341.0__TRINITY_DN198_c0_g2_i1.p1                  0.16%    passed    100.00%
 123  SRR3407095|Cluster-38850.0__TRINITY_DN87_c0_g3_i1.p1             0.16%    passed    100.00%
 124  SRR5150740|Cluster-48320.0__TRINITY_DN18233_c0_g1_i1.p1         78.42%    passed     77.59%
 125  DE216|Cluster-7839.0__TRINITY_DN3453_c0_g1_i1.p1                 0.16%    passed     99.90%
 126  JJ15|Cluster-65352.0__TRINITY_DN283_c0_g3_i1.p1                  0.16%    passed     99.98%
 127  DE534|Cluster-51976.0__TRINITY_DN2789_c0_g1_i2.p1                0.16%    passed    100.00%
 128  DE542|Cluster-47032.0__TRINITY_DN1785_c1_g2_i1.p1                0.16%    passed    100.00%
 129  DE536|Cluster-9903.0__TRINITY_DN2577_c0_g1_i1.p1                43.66%    passed     51.80%
 130  DE507|Cluster-47897.3__TRINITY_DN5131_c0_g1_i1.p1                0.16%    passed    100.00%
 131  DE152|Cluster-21571.0__TRINITY_DN2314_c0_g1_i4.p1                0.16%    passed    100.00%
 132  JJ74|Cluster-98698.0__TRINITY_DN1080_c0_g2_i1.p1                43.66%    passed     47.76%
 133  DE476|Cluster-25087.0__TRINITY_DN351_c1_g1_i2.p1                52.72%    passed     87.09%
 134  SRR104381|Cluster-864.0__TRINITY_DN9277_c0_g1_i1.p1             21.75%    passed     99.64%
WARNING: 4 sequences contain more than 50% gaps/ambiguity
****  TOTAL                                                            4.65%  0 sequences failed composition chi2 test (p-value<5%; df=60)
Reading input tree file tmp.csubst.nwk ... rooted tree

NOTE: 164 MB RAM (0 GB) is required!
Measuring multi-threading efficiency up to 1 CPU cores
2 trees examined
Threads: 1 / Time: 8.536 sec / Speedup: 1.000 / Efficiency: 100% / LogL: -56602
BEST NUMBER OF THREADS: 1

Estimate model parameters (epsilon = 0.010)
1. Initial log-likelihood: -32756.783
2. Current log-likelihood: -20513.259
3. Current log-likelihood: -20481.402
4. Current log-likelihood: -20473.972
5. Current log-likelihood: -20473.928
6. Current log-likelihood: -20473.903
7. Current log-likelihood: -20473.890
Optimal log-likelihood: -20473.883
Nonsynonymous/synonymous ratio (omega): 1.000
Transition/transversion ratio (kappa): 1.000
Site proportion and rates:  (0.556,0.424) (0.363,1.387) (0.068,2.887) (0.013,4.964)
Parameters optimization took 7 rounds (203.022 sec)
Wrote distance file to... 
BEST SCORE FOUND : -20473.883
Ancestral state probabilities printed to /mnt/data0/yue/2026-03-11-protein-convergence/results/OG_283/csubst_w_s/csubst_input_alignment.fa.state
Empirical proportions for each category: 0.577 0.361 0.053 0.010
Site rates printed to /mnt/data0/yue/2026-03-11-protein-convergence/results/OG_283/csubst_w_s/csubst_input_alignment.fa.rate
Total tree length: 5.984

Total number of iterations: 0
CPU time used for tree search: 0.000 sec (0h:0m:0s)
Wall-clock time used for tree search: 0.000 sec (0h:0m:0s)
Total CPU time used: 216.288 sec (0h:3m:36s)
Total wall-clock time used: 216.854 sec (0h:3m:36s)

Analysis results written to: 
  IQ-TREE report:                /mnt/data0/yue/2026-03-11-protein-convergence/results/OG_283/csubst_w_s/csubst_input_alignment.fa.iqtree
  Maximum-likelihood tree:       /mnt/data0/yue/2026-03-11-protein-convergence/results/OG_283/csubst_w_s/csubst_input_alignment.fa.treefile
  Site-specific rates:           /mnt/data0/yue/2026-03-11-protein-convergence/results/OG_283/csubst_w_s/csubst_input_alignment.fa.rate
  Ancestral state:               /mnt/data0/yue/2026-03-11-protein-convergence/results/OG_283/csubst_w_s/csubst_input_alignment.fa.state
  Screen log file:               /mnt/data0/yue/2026-03-11-protein-convergence/results/OG_283/csubst_w_s/csubst_input_alignment.fa.log

Date and Time: Fri Mar 27 06:34:01 2026
