IQ-TREE multicore version 2.4.0 for Linux x86 64-bit built Feb 12 2025
Developed by Bui Quang Minh, Nguyen Lam Tung, Olga Chernomor, Heiko Schmidt,
Dominik Schrempf, Michael Woodhams, Ly Trong Nhan, Thomas Wong

Host:    brain (AVX2, FMA3, 2015 GB RAM)
Command: /home/yue/miniconda3/envs/py39/bin/iqtree -s /mnt/data0/yue/2026-03-11-protein-convergence/results/OG_8496/csubst_w_s/csubst_input_alignment.fa -te tmp.csubst.nwk -m ECMK07+F+R4 --seqtype CODON1 --threads-max 1 -T AUTO --ancestral --rate --redo
Seed:    165101 (Using SPRNG - Scalable Parallel Random Number Generator)
Time:    Sat Mar 28 03:41:42 2026
Kernel:  AVX+FMA - auto-detect threads (128 CPU cores detected)

Reading alignment file /mnt/data0/yue/2026-03-11-protein-convergence/results/OG_8496/csubst_w_s/csubst_input_alignment.fa ... Fasta format detected
Reading fasta file: done in 0.0027706 secs using 46.7% CPU
Alignment most likely contains DNA/RNA sequences
Converting to codon sequences with genetic code 1 ...
WARNING: 1 sites contain only gaps or ambiguous characters.
Alignment has 72 sequences with 780 columns, 727 distinct patterns
431 parsimony-informative, 173 singleton sites, 176 constant sites
                                                               Gap/Ambiguity  Composition  p-value
Analyzing sequences: done in 0.00012584 secs using 99.33% CPU
   1  DE668|Cluster-51285.0__TRINITY_DN14672_c0_g1_i2.p1               3.21%    passed    100.00%
   2  DE173|Cluster-12258.0__TRINITY_DN4955_c0_g1_i8.p1                0.13%    passed    100.00%
   3  DE476|Cluster-3852.0__TRINITY_DN7420_c0_g1_i1.p1                 0.13%    passed    100.00%
   4  DE736|Cluster-39909.0__TRINITY_DN12742_c2_g1_i12.p1             44.49%    passed     98.16%
   5  DE536|Cluster-17433.0__TRINITY_DN5598_c0_g1_i2.p1                0.26%    passed    100.00%
   6  JJ36|Cluster-22035.0__TRINITY_DN7641_c1_g1_i2.p1                10.26%    passed    100.00%
   7  DE126|Cluster-45355.0__TRINITY_DN55224_c0_g1_i1.p1               0.51%    passed    100.00%
   8  DE563|Cluster-23529.0__TRINITY_DN36429_c0_g1_i3.p1               0.51%    passed    100.00%
   9  DE542|Cluster-51572.0__TRINITY_DN23902_c0_g2_i4.p1               0.90%    passed    100.00%
  10  JJ23|Cluster-40537.0__TRINITY_DN45119_c0_g1_i1.p1                2.44%    passed    100.00%
  11  SRR3407095|Cluster-17975.0__TRINITY_DN16886_c0_g3_i2.p1          3.08%    passed    100.00%
  12  DE69|Cluster-37771.0__TRINITY_DN7380_c1_g1_i1.p1                 3.08%    passed    100.00%
  13  JJ85|Cluster-31477.0__TRINITY_DN4223_c3_g1_i1.p1                 3.72%    passed    100.00%
  14  DE560|Cluster-6174.0__TRINITY_DN11941_c0_g1_i1.p1                0.13%    passed    100.00%
  15  DE115|Cluster-61267.0__TRINITY_DN6234_c2_g1_i2.p1                0.26%    passed    100.00%
  16  DE546_urceolata_l|Cluster-46530.0__TRINITY_DN1714_c2_g1_i3.p1    0.77%    passed    100.00%
  17  DE575|Cluster-38520.0__TRINITY_DN12222_c0_g1_i1.p1               2.56%    passed    100.00%
  18  DE765|Cluster-51493.0__TRINITY_DN14873_c0_g1_i2.p1               2.56%    passed    100.00%
  19  DE681|Cluster-2651.0__TRINITY_DN18143_c0_g1_i1.p1                4.36%    passed    100.00%
  20  DE229|Cluster-18009.0__TRINITY_DN36514_c0_g1_i1.p1              30.13%    passed     99.99%
  21  JJ99|Cluster-19414.0__TRINITY_DN25089_c0_g1_i1.p1                1.67%    passed    100.00%
  22  DE643|Cluster-50987.0__TRINITY_DN11786_c0_g1_i24.p1              0.13%    passed    100.00%
  23  JJ15|Cluster-35659.0__TRINITY_DN6252_c0_g1_i1.p1                 0.13%    passed    100.00%
  24  DE534|Cluster-38383.0__TRINITY_DN27413_c0_g1_i8.p1               0.13%    passed    100.00%
  25  DE523|Cluster-44509.0__TRINITY_DN9692_c1_g1_i1.p1                1.41%    passed    100.00%
  26  SRR3407096|Cluster-33122.0__TRINITY_DN13939_c0_g1_i1.p1         46.92%    passed     59.74%
  27  DE566|Cluster-50816.1__TRINITY_DN11263_c0_g1_i11.p1              0.13%    passed    100.00%
  28  DE704-purple|Cluster-14053.0__TRINITY_DN8430_c0_g1_i1.p1        30.13%    passed    100.00%
  29  DE704-white|Cluster-40347.0__TRINITY_DN5616_c0_g2_i5.p1          0.13%    passed    100.00%
  30  DE531|Cluster-24969.0__TRINITY_DN8085_c0_g1_i2.p1                1.92%    passed    100.00%
  31  DE696-dots|Cluster-37590.0__TRINITY_DN2799_c0_g4_i1.p1           1.92%    passed    100.00%
  32  DE696-nodots|Cluster-59982.0__TRINITY_DN9568_c0_g1_i2.p1         1.92%    passed    100.00%
  33  DE623|Cluster-29809.0__TRINITY_DN9650_c0_g1_i1.p1               12.95%    passed    100.00%
  34  DE680|Cluster-57095.0__TRINITY_DN13418_c0_g1_i3.p1               1.79%    passed    100.00%
  35  DE519|Cluster-31593.0__TRINITY_DN12740_c2_g1_i1.p1               0.26%    passed    100.00%
  36  DE741|Cluster-22559.0__TRINITY_DN27260_c2_g1_i2.p1               0.26%    passed    100.00%
  37  JJ86|Cluster-13020.0__TRINITY_DN7041_c0_g2_i3.p1                 0.26%    passed    100.00%
  38  DE162|Cluster-40716.0__TRINITY_DN5758_c0_g1_i11.p1               0.13%    passed    100.00%
  39  DE528|Cluster-38809.3__TRINITY_DN5063_c0_g1_i13.p1               0.13%    passed    100.00%
  40  DE507|Cluster-24901.1__TRINITY_DN4257_c0_g3_i4.p1                0.13%    passed    100.00%
  41  DE127|Cluster-44726.0__TRINITY_DN12590_c0_g1_i1.p1              33.21%    passed     99.86%
  42  DE554|Cluster-47907.0__TRINITY_DN10105_c0_g3_i1.p1               2.56%    passed    100.00%
  43  DE666|Cluster-39929.0__TRINITY_DN9289_c0_g1_i1.p1                2.56%    passed    100.00%
  44  DE152|Cluster-14103.0__TRINITY_DN6402_c0_g1_i1.p1                0.13%    passed    100.00%
  45  JJ125|Cluster-37129.1__TRINITY_DN9581_c0_g1_i3.p1                0.13%    passed    100.00%
  46  DE151|Cluster-29100.0__TRINITY_DN8688_c0_g1_i1.p1                0.13%    passed    100.00%
  47  JJ109|Cluster-20346.0__TRINITY_DN6095_c0_g1_i1.p1                0.13%    passed    100.00%
  48  DE88|Cluster-8056.0__TRINITY_DN11323_c0_g1_i1.p1                 0.13%    passed    100.00%
  49  JJ89|Cluster-40266.0__TRINITY_DN6758_c0_g1_i1.p1                 0.13%    passed    100.00%
  50  JJ130|Cluster-52819.0__TRINITY_DN7818_c0_g1_i1.p1                0.13%    passed    100.00%
  51  DE737|Cluster-40768.0__TRINITY_DN4236_c0_g1_i4.p1                3.08%    passed    100.00%
  52  DE764|Cluster-2904.0__TRINITY_DN10177_c0_g1_i4.p1                0.13%    passed    100.00%
  53  DE509|Cluster-47987.0__TRINITY_DN2632_c0_g1_i1.p1                0.13%    passed    100.00%
  54  DE549|Cluster-35709.0__TRINITY_DN1720_c1_g1_i14.p1               0.13%    passed    100.00%
  55  DE504|Cluster-20369.0__TRINITY_DN1420_c0_g1_i4.p1                0.13%    passed    100.00%
  56  DE164|Cluster-46108.0__TRINITY_DN1963_c1_g1_i1.p1                0.13%    passed    100.00%
  57  DE672|Cluster-16383.0__TRINITY_DN13177_c0_g1_i1.p1               0.13%    passed    100.00%
  58  DE671|Cluster-36681.0__TRINITY_DN13023_c0_g1_i1.p1               0.26%    passed    100.00%
  59  DE541|Cluster-15482.0__TRINITY_DN729_c0_g1_i1.p1                 0.13%    passed    100.00%
  60  DE216|Cluster-12864.0__TRINITY_DN8630_c0_g1_i2.p1                0.13%    passed    100.00%
  61  DE181|Cluster-23982.0__TRINITY_DN8595_c0_g1_i1.p1                0.13%    passed    100.00%
  62  DE561|Cluster-24108.0__TRINITY_DN16611_c0_g1_i1.p1               1.28%    passed    100.00%
  63  SRR3424066|Cluster-24194.0__TRINITY_DN706_c0_g1_i1.p1           31.28%    passed     99.96%
  64  DE503|Cluster-4010.0__TRINITY_DN16035_c0_g1_i2.p1                0.13%    passed    100.00%
  65  DE505|Cluster-44265.0__TRINITY_DN30989_c1_g1_i2.p1               0.13%    passed    100.00%
  66  SRR3407094|Cluster-36104.0__TRINITY_DN26594_c0_g2_i1.p1         34.49%    passed     96.36%
  67  DE510|Cluster-9476.0__TRINITY_DN9495_c0_g1_i5.p1                 0.13%    passed    100.00%
  68  SRR3407087|Cluster-15640.0__TRINITY_DN9408_c0_g1_i2.p1          11.67%    passed    100.00%
  69  SRR3407093|Cluster-32444.0__TRINITY_DN7533_c0_g1_i1.p1           0.13%    passed    100.00%
  70  SRR3407088|Cluster-23801.0__TRINITY_DN4563_c0_g2_i1.p1          65.00%    failed      0.01%
  71  SRR3407086|Cluster-25042.0__TRINITY_DN9589_c0_g1_i1.p1          65.00%    failed      0.01%
  72  JJ131|Cluster-14282.0__TRINITY_DN8484_c0_g1_i6.p1                0.13%    passed    100.00%
WARNING: 2 sequences contain more than 50% gaps/ambiguity
****  TOTAL                                                            6.51%  2 sequences failed composition chi2 test (p-value<5%; df=60)
Reading input tree file tmp.csubst.nwk ... rooted tree

NOTE: 106 MB RAM (0 GB) is required!
Measuring multi-threading efficiency up to 1 CPU cores
2 trees examined
Threads: 1 / Time: 5.735 sec / Speedup: 1.000 / Efficiency: 100% / LogL: -28792
BEST NUMBER OF THREADS: 1

Estimate model parameters (epsilon = 0.010)
1. Initial log-likelihood: -27394.258
2. Current log-likelihood: -17821.200
3. Current log-likelihood: -17819.960
4. Current log-likelihood: -17819.453
5. Current log-likelihood: -17819.213
6. Current log-likelihood: -17819.083
7. Current log-likelihood: -17819.007
8. Current log-likelihood: -17818.959
9. Current log-likelihood: -17818.928
10. Current log-likelihood: -17818.907
11. Current log-likelihood: -17818.891
12. Current log-likelihood: -17818.880
Optimal log-likelihood: -17818.872
Nonsynonymous/synonymous ratio (omega): 1.000
Transition/transversion ratio (kappa): 1.000
Site proportion and rates:  (0.651,0.463) (0.228,1.656) (0.099,2.110) (0.023,4.972)
Parameters optimization took 12 rounds (248.078 sec)
Wrote distance file to... 
BEST SCORE FOUND : -17818.872
Ancestral state probabilities printed to /mnt/data0/yue/2026-03-11-protein-convergence/results/OG_8496/csubst_w_s/csubst_input_alignment.fa.state
Empirical proportions for each category: 0.701 0.263 0.012 0.024
Site rates printed to /mnt/data0/yue/2026-03-11-protein-convergence/results/OG_8496/csubst_w_s/csubst_input_alignment.fa.rate
Total tree length: 3.172

Total number of iterations: 0
CPU time used for tree search: 0.000 sec (0h:0m:0s)
Wall-clock time used for tree search: 0.000 sec (0h:0m:0s)
Total CPU time used: 257.859 sec (0h:4m:17s)
Total wall-clock time used: 258.191 sec (0h:4m:18s)

Analysis results written to: 
  IQ-TREE report:                /mnt/data0/yue/2026-03-11-protein-convergence/results/OG_8496/csubst_w_s/csubst_input_alignment.fa.iqtree
  Maximum-likelihood tree:       /mnt/data0/yue/2026-03-11-protein-convergence/results/OG_8496/csubst_w_s/csubst_input_alignment.fa.treefile
  Site-specific rates:           /mnt/data0/yue/2026-03-11-protein-convergence/results/OG_8496/csubst_w_s/csubst_input_alignment.fa.rate
  Ancestral state:               /mnt/data0/yue/2026-03-11-protein-convergence/results/OG_8496/csubst_w_s/csubst_input_alignment.fa.state
  Screen log file:               /mnt/data0/yue/2026-03-11-protein-convergence/results/OG_8496/csubst_w_s/csubst_input_alignment.fa.log

Date and Time: Sat Mar 28 03:46:00 2026
