IQ-TREE multicore version 2.4.0 for Linux x86 64-bit built Feb 12 2025
Developed by Bui Quang Minh, Nguyen Lam Tung, Olga Chernomor, Heiko Schmidt,
Dominik Schrempf, Michael Woodhams, Ly Trong Nhan, Thomas Wong

Host:    brain (AVX2, FMA3, 2015 GB RAM)
Command: /home/yue/miniconda3/envs/py39/bin/iqtree -s /mnt/data0/yue/2026-03-11-protein-convergence/results/OG_3178/csubst_w_s/csubst_input_alignment.fa -te tmp.csubst.nwk -m ECMK07+F+R4 --seqtype CODON1 --threads-max 1 -T AUTO --ancestral --rate --redo
Seed:    990987 (Using SPRNG - Scalable Parallel Random Number Generator)
Time:    Fri Mar 27 08:11:35 2026
Kernel:  AVX+FMA - auto-detect threads (128 CPU cores detected)

Reading alignment file /mnt/data0/yue/2026-03-11-protein-convergence/results/OG_3178/csubst_w_s/csubst_input_alignment.fa ... Fasta format detected
Reading fasta file: done in 0.00226128 secs using 39.93% CPU
Alignment most likely contains DNA/RNA sequences
Converting to codon sequences with genetic code 1 ...
Alignment has 81 sequences with 557 columns, 540 distinct patterns
384 parsimony-informative, 98 singleton sites, 75 constant sites
                                                               Gap/Ambiguity  Composition  p-value
Analyzing sequences: done in 0.000125825 secs
   1  DE115|Cluster-55230.0__TRINITY_DN760_c0_g1_i3.p1                 2.15%    passed    100.00%
   2  JJ86|Cluster-40237.0__TRINITY_DN1630_c0_g1_i3.p1                 1.08%    passed    100.00%
   3  SRR3407096|Cluster-16336.0__TRINITY_DN1486_c0_g1_i1.p1           3.05%    passed    100.00%
   4  DE476|Cluster-50753.0__TRINITY_DN2449_c0_g1_i15.p1              11.13%    passed    100.00%
   5  DE681|Cluster-52243.0__TRINITY_DN131_c0_g2_i1.p1                46.86%    passed     65.69%
   6  DE681|Cluster-55398.0__TRINITY_DN131_c0_g1_i1.p1                 0.54%    passed    100.00%
   7  DE765|Cluster-47990.0__TRINITY_DN461_c0_g1_i2.p1                 5.75%    passed    100.00%
   8  SRR3407094|Cluster-37168.0__TRINITY_DN3627_c0_g1_i3.p1           0.00%    passed    100.00%
   9  SRR3407093|Cluster-31381.0__TRINITY_DN2078_c0_g1_i2.p1           0.00%    passed    100.00%
  10  SRR3407095|Cluster-47116.0__TRINITY_DN2420_c0_g1_i3.p1           1.08%    passed    100.00%
  11  DRR082660|Cluster-32352.0__TRINITY_DN1665_c0_g1_i3.p1            5.75%    passed    100.00%
  12  SRR3407092|Cluster-17006.0__TRINITY_DN1479_c0_g1_i2.p1           3.95%    passed    100.00%
  13  DE126|Cluster-38297.0__TRINITY_DN1639_c0_g1_i3.p1                3.95%    passed    100.00%
  14  DE162|Cluster-39064.0__TRINITY_DN2527_c0_g1_i4.p1                1.08%    passed    100.00%
  15  DE507|Cluster-88026.0__TRINITY_DN313_c0_g1_i9.p1                 3.95%    passed    100.00%
  16  DE528|Cluster-34291.0__TRINITY_DN1011_c0_g1_i7.p1                3.95%    passed    100.00%
  17  DE704-purple|Cluster-55395.0__TRINITY_DN7912_c0_g1_i9.p1         3.95%    passed    100.00%
  18  DE704-white|Cluster-70428.0__TRINITY_DN586_c0_g1_i4.p1           3.95%    passed    100.00%
  19  DE563|Cluster-51941.0__TRINITY_DN274_c0_g1_i1.p1                 3.95%    passed    100.00%
  20  DE164|Cluster-29467.4__TRINITY_DN2708_c0_g1_i4.p1                5.75%    passed    100.00%
  21  DE189|Cluster-38308.4__TRINITY_DN5760_c0_g1_i43.p1               3.95%    passed    100.00%
  22  DE541|Cluster-22238.0__TRINITY_DN7841_c1_g1_i2.p1                0.00%    passed    100.00%
  23  DE550|Cluster-48872.0__TRINITY_DN503_c0_g1_i3.p1                 3.95%    passed    100.00%
  24  DE643|Cluster-20893.2__TRINITY_DN418_c0_g2_i9.p1                 0.00%    passed    100.00%
  25  DE671|Cluster-55282.0__TRINITY_DN4968_c0_g2_i3.p1                1.97%    passed    100.00%
  26  DE672|Cluster-8592.0__TRINITY_DN7028_c0_g1_i16.p1                0.00%    passed    100.00%
  27  JJ89|Cluster-31325.0__TRINITY_DN1111_c0_g1_i1.p1                 1.08%    passed    100.00%
  28  DE536|Cluster-6623.0__TRINITY_DN445_c0_g1_i5.p1                  3.95%    passed    100.00%
  29  DE566|Cluster-17229.0__TRINITY_DN6338_c0_g1_i11.p1               2.87%    passed    100.00%
  30  DE173|Cluster-22432.0__TRINITY_DN2509_c0_g1_i4.p1                3.77%    passed    100.00%
  31  JJ74|Cluster-106145.0__TRINITY_DN995_c0_g1_i1.p1                 0.00%    passed    100.00%
  32  DE736|Cluster-43602.0__TRINITY_DN5772_c0_g3_i1.p1                0.00%    passed    100.00%
  33  DE764|Cluster-44889.0__TRINITY_DN933_c1_g1_i21.p1                0.00%    passed    100.00%
  34  DE504|Cluster-41722.0__TRINITY_DN468_c0_g1_i2.p1                 1.44%    passed    100.00%
  35  DE216|Cluster-77854.0__TRINITY_DN1071_c0_g1_i12.p1               4.31%    passed    100.00%
  36  JJ15|Cluster-57087.0__TRINITY_DN2350_c1_g1_i8.p1                 6.10%    passed    100.00%
  37  DE534|Cluster-63192.0__TRINITY_DN1340_c0_g1_i4.p1                4.31%    passed    100.00%
  38  DE542|Cluster-50153.0__TRINITY_DN253_c0_g1_i1.p1                 4.31%    passed    100.00%
  39  DE519|Cluster-44869.0__TRINITY_DN738_c0_g1_i2.p1                 0.00%    passed    100.00%
  40  DE741|Cluster-55432.0__TRINITY_DN17414_c0_g1_i1.p1               0.00%    passed    100.00%
  41  DE181|Cluster-44971.0__TRINITY_DN1349_c0_g1_i3.p1                0.00%    passed    100.00%
  42  DE561|Cluster-46847.0__TRINITY_DN13070_c0_g1_i9.p1               0.00%    passed    100.00%
  43  SRR3407086|Cluster-35284.0__TRINITY_DN3192_c0_g1_i3.p1           0.00%    passed    100.00%
  44  SRR3407088|Cluster-39668.0__TRINITY_DN2780_c0_g1_i8.p1           0.00%    passed    100.00%
  45  SRR3424066|Cluster-35854.0__TRINITY_DN10916_c0_g1_i2.p1          0.00%    passed    100.00%
  46  DE503|Cluster-33397.0__TRINITY_DN439_c0_g1_i3.p1                 0.00%    passed    100.00%
  47  DE505|Cluster-56283.0__TRINITY_DN825_c0_g1_i2.p1                 0.00%    passed    100.00%
  48  SRR3407087|Cluster-21291.0__TRINITY_DN2289_c0_g1_i2.p1           0.00%    passed    100.00%
  49  DE510|Cluster-48051.0__TRINITY_DN737_c0_g1_i1.p1                 0.00%    passed    100.00%
  50  DE523|Cluster-3771.0__TRINITY_DN1335_c0_g1_i2.p1                 0.00%    passed    100.00%
  51  JJ130|Cluster-46778.1__TRINITY_DN10_c0_g4_i13.p1                 0.00%    passed    100.00%
  52  DE737|Cluster-31931.0__TRINITY_DN838_c0_g1_i1.p1                12.21%    passed    100.00%
  53  JJ125|Cluster-29933.0__TRINITY_DN497_c0_g1_i1.p1                 0.00%    passed    100.00%
  54  DE560|Cluster-43947.0__TRINITY_DN707_c0_g1_i3.p1                 0.00%    passed    100.00%
  55  DE531|Cluster-39113.0__TRINITY_DN411_c0_g1_i3.p1                 2.15%    passed    100.00%
  56  JJ36|Cluster-34172.0__TRINITY_DN164_c0_g1_i3.p1                  2.15%    passed    100.00%
  57  DE696-dots|Cluster-53960.0__TRINITY_DN1077_c0_g1_i1.p1           2.15%    passed    100.00%
  58  DE696-nodots|Cluster-48026.0__TRINITY_DN1207_c0_g1_i1.p1         2.15%    passed    100.00%
  59  DE151|Cluster-45461.9__TRINITY_DN308_c0_g1_i5.p1                26.93%    passed    100.00%
  60  JJ131|Cluster-64059.0__TRINITY_DN143_c0_g1_i6.p1                 4.67%    passed    100.00%
  61  JJ85|Cluster-38634.0__TRINITY_DN187_c0_g1_i3.p1                  0.00%    passed    100.00%
  62  DE127|Cluster-47785.0__TRINITY_DN2252_c0_g1_i5.p1                2.69%    passed    100.00%
  63  DE554|Cluster-46649.1__TRINITY_DN716_c0_g1_i10.p1                2.69%    passed    100.00%
  64  DE666|Cluster-26484.0__TRINITY_DN392_c0_g1_i3.p1                 4.13%    passed    100.00%
  65  DE668|Cluster-53263.0__TRINITY_DN293_c0_g2_i4.p1                 1.97%    passed    100.00%
  66  DE680|Cluster-41288.0__TRINITY_DN419_c0_g1_i8.p1                 0.18%    passed    100.00%
  67  DE623|Cluster-35434.1__TRINITY_DN124_c1_g1_i18.p1                0.18%    passed    100.00%
  68  DE549|Cluster-33835.0__TRINITY_DN1038_c0_g1_i1.p1                0.18%    passed    100.00%
  69  DE509|Cluster-10478.0__TRINITY_DN70_c0_g1_i10.p1                30.34%    passed    100.00%
  70  DE152|Cluster-62596.0__TRINITY_DN841_c0_g1_i2.p1                 2.87%    passed    100.00%
  71  DE229|Cluster-26742.0__TRINITY_DN33937_c0_g1_i2.p1               3.77%    passed    100.00%
  72  JJ99|Cluster-17747.0__TRINITY_DN543_c0_g4_i1.p1                  0.00%    passed    100.00%
  73  JJ23|Cluster-49027.0__TRINITY_DN1345_c0_g1_i1.p1                 1.08%    passed    100.00%
  74  JJ109|Cluster-26948.1__TRINITY_DN1527_c0_g1_i46.p1              22.62%    passed    100.00%
  75  DE88|Cluster-19191.3__TRINITY_DN2161_c0_g1_i20.p1               39.50%    passed     99.79%
  76  SRR5150740|Cluster-52892.1__TRINITY_DN1135_c0_g1_i8.p1           0.00%    passed     97.31%
  77  DE546_urceolata_l|Cluster-36355.0__TRINITY_DN1114_c0_g1_i6.p1    4.13%    passed    100.00%
  78  SRR11934227|Cluster-53286.2__TRINITY_DN4607_c0_g1_i7.p1          4.85%    passed     12.05%
  79  DE69|Cluster-28905.3__TRINITY_DN290_c0_g1_i11.p1                37.16%    passed     99.86%
  80  DE575|Cluster-4942.1__TRINITY_DN3941_c1_g1_i6.p1                38.24%    passed     61.69%
  81  DE765|Cluster-53063.0__TRINITY_DN461_c0_g1_i1.p1                46.86%    passed     49.75%
****  TOTAL                                                            5.55%  0 sequences failed composition chi2 test (p-value<5%; df=60)
Reading input tree file tmp.csubst.nwk ... rooted tree

NOTE: 91 MB RAM (0 GB) is required!
Measuring multi-threading efficiency up to 1 CPU cores
2 trees examined
Threads: 1 / Time: 4.664 sec / Speedup: 1.000 / Efficiency: 100% / LogL: -22660
BEST NUMBER OF THREADS: 1

Estimate model parameters (epsilon = 0.010)
1. Initial log-likelihood: -20734.730
2. Current log-likelihood: -13709.507
3. Current log-likelihood: -13692.974
4. Current log-likelihood: -13692.835
5. Current log-likelihood: -13689.819
6. Current log-likelihood: -13689.743
7. Current log-likelihood: -13689.714
8. Current log-likelihood: -13689.700
Optimal log-likelihood: -13689.691
Nonsynonymous/synonymous ratio (omega): 1.000
Transition/transversion ratio (kappa): 1.000
Site proportion and rates:  (0.507,0.384) (0.356,1.094) (0.123,2.578) (0.013,7.279)
Parameters optimization took 8 rounds (146.177 sec)
Wrote distance file to... 
BEST SCORE FOUND : -13689.691
Ancestral state probabilities printed to /mnt/data0/yue/2026-03-11-protein-convergence/results/OG_3178/csubst_w_s/csubst_input_alignment.fa.state
Empirical proportions for each category: 0.549 0.334 0.104 0.013
Site rates printed to /mnt/data0/yue/2026-03-11-protein-convergence/results/OG_3178/csubst_w_s/csubst_input_alignment.fa.rate
Total tree length: 4.587

Total number of iterations: 0
CPU time used for tree search: 0.000 sec (0h:0m:0s)
Wall-clock time used for tree search: 0.000 sec (0h:0m:0s)
Total CPU time used: 153.966 sec (0h:2m:33s)
Total wall-clock time used: 154.397 sec (0h:2m:34s)

Analysis results written to: 
  IQ-TREE report:                /mnt/data0/yue/2026-03-11-protein-convergence/results/OG_3178/csubst_w_s/csubst_input_alignment.fa.iqtree
  Maximum-likelihood tree:       /mnt/data0/yue/2026-03-11-protein-convergence/results/OG_3178/csubst_w_s/csubst_input_alignment.fa.treefile
  Site-specific rates:           /mnt/data0/yue/2026-03-11-protein-convergence/results/OG_3178/csubst_w_s/csubst_input_alignment.fa.rate
  Ancestral state:               /mnt/data0/yue/2026-03-11-protein-convergence/results/OG_3178/csubst_w_s/csubst_input_alignment.fa.state
  Screen log file:               /mnt/data0/yue/2026-03-11-protein-convergence/results/OG_3178/csubst_w_s/csubst_input_alignment.fa.log

Date and Time: Fri Mar 27 08:14:10 2026
