IQ-TREE multicore version 2.4.0 for Linux x86 64-bit built Feb 12 2025
Developed by Bui Quang Minh, Nguyen Lam Tung, Olga Chernomor, Heiko Schmidt,
Dominik Schrempf, Michael Woodhams, Ly Trong Nhan, Thomas Wong

Host:    brain (AVX2, FMA3, 2015 GB RAM)
Command: /home/yue/miniconda3/envs/py39/bin/iqtree -s /mnt/data0/yue/2026-03-11-protein-convergence/results/OG_6881/csubst_w_s/csubst_input_alignment.fa -te tmp.csubst.nwk -m ECMK07+F+R4 --seqtype CODON1 --threads-max 1 -T AUTO --ancestral --rate --redo
Seed:    517804 (Using SPRNG - Scalable Parallel Random Number Generator)
Time:    Fri Mar 27 23:01:05 2026
Kernel:  AVX+FMA - auto-detect threads (128 CPU cores detected)

Reading alignment file /mnt/data0/yue/2026-03-11-protein-convergence/results/OG_6881/csubst_w_s/csubst_input_alignment.fa ... Fasta format detected
Reading fasta file: done in 0.00259025 secs using 52.54% CPU
Alignment most likely contains DNA/RNA sequences
Converting to codon sequences with genetic code 1 ...
Alignment has 71 sequences with 744 columns, 708 distinct patterns
333 parsimony-informative, 221 singleton sites, 190 constant sites
                                                           Gap/Ambiguity  Composition  p-value
Analyzing sequences: done in 0.00011979 secs using 99.34% CPU
   1  DE704-purple|Cluster-44499.2__TRINITY_DN35_c0_g1_i23.p1     56.18%    passed     94.44%
   2  SRR3407092|Cluster-17133.0__TRINITY_DN35584_c0_g1_i1.p1      0.81%    passed    100.00%
   3  DRR082660|Cluster-28835.0__TRINITY_DN7618_c0_g1_i1.p1        1.75%    passed    100.00%
   4  DE536|Cluster-53990.0__TRINITY_DN5045_c0_g2_i2.p1           31.72%    passed    100.00%
   5  DRR234970|Cluster-38157.0__TRINITY_DN31751_c0_g1_i1.p1       2.55%    passed    100.00%
   6  DE162|Cluster-42080.2__TRINITY_DN3735_c0_g1_i48.p1          44.09%    passed     99.71%
   7  DE216|Cluster-46297.0__TRINITY_DN1139_c0_g1_i1.p1            1.61%    passed    100.00%
   8  JJ15|Cluster-46385.0__TRINITY_DN4370_c0_g1_i16.p1            1.48%    passed    100.00%
   9  DE643|Cluster-77916.0__TRINITY_DN5322_c0_g1_i2.p1            0.00%    passed    100.00%
  10  DE671|Cluster-43041.0__TRINITY_DN3840_c0_g1_i6.p1           13.98%    passed    100.00%
  11  DE672|Cluster-13396.1__TRINITY_DN4801_c0_g1_i1.p1            0.00%    passed    100.00%
  12  DE151|Cluster-33047.1__TRINITY_DN9511_c0_g1_i4.p1           22.04%    passed    100.00%
  13  JJ130|Cluster-52065.0__TRINITY_DN6239_c0_g2_i2.p1           22.72%    passed    100.00%
  14  DE519|Cluster-10089.0__TRINITY_DN15647_c0_g1_i1.p1           2.28%    passed    100.00%
  15  DE741|Cluster-51612.0__TRINITY_DN9208_c0_g1_i2.p1           21.24%    passed    100.00%
  16  DE115|Cluster-41675.0__TRINITY_DN1233_c0_g1_i1.p1            0.13%    passed    100.00%
  17  JJ86|Cluster-24627.0__TRINITY_DN7_c2_g1_i1.p1                0.00%    passed    100.00%
  18  DE507|Cluster-64465.0__TRINITY_DN9058_c0_g2_i1.p1            2.55%    passed    100.00%
  19  DE554|Cluster-37394.0__TRINITY_DN638_c0_g1_i10.p1            0.00%    passed    100.00%
  20  DE563|Cluster-47765.0__TRINITY_DN9423_c0_g2_i5.p1           13.98%    passed    100.00%
  21  DE575|Cluster-21973.0__TRINITY_DN71_c1_g1_i1.p1              0.00%    passed    100.00%
  22  DE681|Cluster-41785.0__TRINITY_DN567_c0_g1_i2.p1            47.04%    passed     98.86%
  23  DE765|Cluster-40816.0__TRINITY_DN1614_c0_g1_i1.p1            0.00%    passed    100.00%
  24  DE126|Cluster-29159.0__TRINITY_DN9110_c0_g1_i1.p1            0.00%    passed    100.00%
  25  DE173|Cluster-53309.0__TRINITY_DN7889_c0_g1_i4.p1           45.70%    passed     99.97%
  26  DE189|Cluster-37474.0__TRINITY_DN6827_c0_g1_i4.p1           33.33%    passed    100.00%
  27  DE541|Cluster-44014.8__TRINITY_DN629_c0_g1_i15.p1            0.00%    passed    100.00%
  28  JJ85|Cluster-14662.0__TRINITY_DN5330_c0_g1_i4.p1            47.04%    passed     99.89%
  29  JJ109|Cluster-25664.0__TRINITY_DN6152_c1_g1_i26.p1          15.73%    passed    100.00%
  30  DE476|Cluster-31181.2__TRINITY_DN6343_c0_g1_i2.p1           15.73%    passed    100.00%
  31  JJ89|Cluster-36033.1__TRINITY_DN2591_c0_g1_i2.p1            15.73%    passed    100.00%
  32  DE549|Cluster-33319.0__TRINITY_DN597_c0_g1_i1.p1             0.00%    passed    100.00%
  33  DE736|Cluster-62107.1__TRINITY_DN5907_c1_g1_i3.p1           45.70%    passed    100.00%
  34  DE550|Cluster-38405.0__TRINITY_DN17772_c0_g2_i6.p1          15.73%    passed    100.00%
  35  DE504|Cluster-46592.0__TRINITY_DN1574_c0_g1_i4.p1           26.34%    passed    100.00%
  36  DE181|Cluster-35073.0__TRINITY_DN8759_c0_g1_i1.p1            0.00%    passed    100.00%
  37  SRR3407086|Cluster-4229.0__TRINITY_DN31043_c0_g1_i1.p1       0.00%    passed    100.00%
  38  SRR3424066|Cluster-7369.0__TRINITY_DN17063_c0_g2_i2.p1       0.00%    passed    100.00%
  39  DE503|Cluster-16977.0__TRINITY_DN3263_c0_g1_i1.p1            0.00%    passed    100.00%
  40  DE510|Cluster-53363.0__TRINITY_DN17270_c0_g1_i2.p1           0.00%    passed    100.00%
  41  SRR3407087|Cluster-15465.0__TRINITY_DN3571_c0_g2_i1.p1       0.00%    passed    100.00%
  42  DE505|Cluster-49146.0__TRINITY_DN9866_c0_g1_i1.p1            0.00%    passed    100.00%
  43  SRR3407094|Cluster-1307.0__TRINITY_DN22403_c0_g2_i1.p1       0.00%    passed    100.00%
  44  SRR3407093|Cluster-12525.0__TRINITY_DN38831_c0_g1_i1.p1      0.00%    passed    100.00%
  45  SRR3407088|Cluster-15687.0__TRINITY_DN1769_c0_g1_i2.p1       0.00%    passed    100.00%
  46  SRR3407096|Cluster-17902.0__TRINITY_DN4750_c0_g1_i1.p1       0.00%    passed    100.00%
  47  SRR3407095|Cluster-23192.0__TRINITY_DN11019_c0_g1_i1.p1      0.00%    passed    100.00%
  48  DE69|Cluster-22179.0__TRINITY_DN174_c0_g1_i2.p1             55.91%    passed     98.27%
  49  DE534|Cluster-46827.0__TRINITY_DN6118_c0_g1_i4.p1            0.00%    passed    100.00%
  50  DE542|Cluster-27269.3__TRINITY_DN7465_c0_g1_i5.p1            0.00%    passed    100.00%
  51  DE152|Cluster-45642.2__TRINITY_DN2287_c0_g1_i18.p1          26.34%    passed    100.00%
  52  JJ99|Cluster-47960.0__TRINITY_DN1179_c2_g1_i6.p1            26.34%    passed    100.00%
  53  DE229|Cluster-86332.0__TRINITY_DN2818_c0_g1_i4.p1            0.13%    passed    100.00%
  54  JJ74|Cluster-43832.0__TRINITY_DN33769_c0_g1_i4.p1           47.45%    passed     99.91%
  55  JJ23|Cluster-2013.0__TRINITY_DN6428_c0_g1_i1.p1              1.75%    passed    100.00%
  56  DE666|Cluster-36324.0__TRINITY_DN13068_c2_g1_i1.p1           0.81%    passed    100.00%
  57  DE623|Cluster-19527.1__TRINITY_DN255_c0_g2_i2.p1            35.89%    passed     99.96%
  58  DE680|Cluster-10728.0__TRINITY_DN2910_c0_g1_i1.p1            0.00%    passed    100.00%
  59  DE668|Cluster-23984.0__TRINITY_DN10941_c0_g1_i1.p1           1.21%    passed    100.00%
  60  DE164|Cluster-38120.0__TRINITY_DN2089_c0_g1_i3.p1           34.81%    passed    100.00%
  61  DE88|Cluster-26480.0__TRINITY_DN2372_c0_g1_i2.p1            31.72%    passed    100.00%
  62  DE737|Cluster-48026.0__TRINITY_DN9621_c0_g1_i4.p1           11.02%    passed    100.00%
  63  DE509|Cluster-27996.0__TRINITY_DN4866_c0_g1_i5.p1           34.68%    passed    100.00%
  64  DE531|Cluster-52952.1__TRINITY_DN2498_c0_g1_i1.p1           40.99%    passed     98.72%
  65  DE696-dots|Cluster-57563.0__TRINITY_DN13470_c0_g2_i5.p1     40.99%    passed     98.68%
  66  DE696-nodots|Cluster-21340.0__TRINITY_DN4984_c0_g1_i16.p1   11.96%    passed    100.00%
  67  JJ36|Cluster-11869.6__TRINITY_DN4536_c0_g1_i14.p1           25.27%    passed    100.00%
  68  JJ131|Cluster-69427.0__TRINITY_DN1866_c0_g1_i3.p1            0.13%    passed    100.00%
  69  DE566|Cluster-56824.0__TRINITY_DN2054_c0_g1_i18.p1          43.01%    passed     97.88%
  70  SRR5150740|Cluster-67907.0__TRINITY_DN7545_c0_g1_i5.p1       0.81%    passed    100.00%
  71  DE704-white|Cluster-69573.3__TRINITY_DN420_c0_g1_i40.p1     30.91%    passed    100.00%
WARNING: 2 sequences contain more than 50% gaps/ambiguity
****  TOTAL                                                       14.78%  0 sequences failed composition chi2 test (p-value<5%; df=60)
Reading input tree file tmp.csubst.nwk ... rooted tree

NOTE: 102 MB RAM (0 GB) is required!
Measuring multi-threading efficiency up to 1 CPU cores
2 trees examined
Threads: 1 / Time: 5.244 sec / Speedup: 1.000 / Efficiency: 100% / LogL: -19455
BEST NUMBER OF THREADS: 1

Estimate model parameters (epsilon = 0.010)
1. Initial log-likelihood: -20970.605
2. Current log-likelihood: -13080.843
3. Current log-likelihood: -13080.710
4. Current log-likelihood: -13080.602
5. Current log-likelihood: -13080.481
6. Current log-likelihood: -13080.339
7. Current log-likelihood: -13080.168
8. Current log-likelihood: -13079.956
9. Current log-likelihood: -13079.684
10. Current log-likelihood: -13065.242
11. Current log-likelihood: -13065.113
12. Current log-likelihood: -13064.969
13. Current log-likelihood: -13064.806
14. Current log-likelihood: -13064.618
15. Current log-likelihood: -13064.397
16. Current log-likelihood: -13064.132
17. Current log-likelihood: -13063.816
18. Current log-likelihood: -13058.092
19. Current log-likelihood: -13057.761
20. Current log-likelihood: -13057.393
21. Current log-likelihood: -13045.043
22. Current log-likelihood: -13044.666
23. Current log-likelihood: -13042.071
24. Current log-likelihood: -13041.740
25. Current log-likelihood: -13038.369
26. Current log-likelihood: -13037.376
27. Current log-likelihood: -13037.240
28. Current log-likelihood: -13036.879
29. Current log-likelihood: -13036.820
30. Current log-likelihood: -13036.786
31. Current log-likelihood: -13036.766
32. Current log-likelihood: -13036.752
Optimal log-likelihood: -13036.744
Nonsynonymous/synonymous ratio (omega): 1.000
Transition/transversion ratio (kappa): 1.000
Site proportion and rates:  (0.430,0.310) (0.450,0.985) (0.115,3.227) (0.005,10.976)
Parameters optimization took 32 rounds (550.569 sec)
Wrote distance file to... 
BEST SCORE FOUND : -13036.744
Ancestral state probabilities printed to /mnt/data0/yue/2026-03-11-protein-convergence/results/OG_6881/csubst_w_s/csubst_input_alignment.fa.state
Empirical proportions for each category: 0.464 0.433 0.099 0.004
Site rates printed to /mnt/data0/yue/2026-03-11-protein-convergence/results/OG_6881/csubst_w_s/csubst_input_alignment.fa.rate
Total tree length: 2.595

Total number of iterations: 0
CPU time used for tree search: 0.000 sec (0h:0m:0s)
Wall-clock time used for tree search: 0.000 sec (0h:0m:0s)
Total CPU time used: 558.764 sec (0h:9m:18s)
Total wall-clock time used: 559.277 sec (0h:9m:19s)

Analysis results written to: 
  IQ-TREE report:                /mnt/data0/yue/2026-03-11-protein-convergence/results/OG_6881/csubst_w_s/csubst_input_alignment.fa.iqtree
  Maximum-likelihood tree:       /mnt/data0/yue/2026-03-11-protein-convergence/results/OG_6881/csubst_w_s/csubst_input_alignment.fa.treefile
  Site-specific rates:           /mnt/data0/yue/2026-03-11-protein-convergence/results/OG_6881/csubst_w_s/csubst_input_alignment.fa.rate
  Ancestral state:               /mnt/data0/yue/2026-03-11-protein-convergence/results/OG_6881/csubst_w_s/csubst_input_alignment.fa.state
  Screen log file:               /mnt/data0/yue/2026-03-11-protein-convergence/results/OG_6881/csubst_w_s/csubst_input_alignment.fa.log

Date and Time: Fri Mar 27 23:10:24 2026
