IQ-TREE multicore version 2.4.0 for Linux x86 64-bit built Feb 12 2025
Developed by Bui Quang Minh, Nguyen Lam Tung, Olga Chernomor, Heiko Schmidt,
Dominik Schrempf, Michael Woodhams, Ly Trong Nhan, Thomas Wong

Host:    brain (AVX2, FMA3, 2015 GB RAM)
Command: /home/yue/miniconda3/envs/py39/bin/iqtree -s /mnt/data0/yue/2026-03-11-protein-convergence/results/OG_9301/csubst_w_s/csubst_input_alignment.fa -te tmp.csubst.nwk -m ECMK07+F+R4 --seqtype CODON1 --threads-max 1 -T AUTO --ancestral --rate --redo
Seed:    675608 (Using SPRNG - Scalable Parallel Random Number Generator)
Time:    Sat Mar 28 05:27:50 2026
Kernel:  AVX+FMA - auto-detect threads (128 CPU cores detected)

Reading alignment file /mnt/data0/yue/2026-03-11-protein-convergence/results/OG_9301/csubst_w_s/csubst_input_alignment.fa ... Fasta format detected
Reading fasta file: done in 0.00126477 secs using 24.91% CPU
Alignment most likely contains DNA/RNA sequences
Converting to codon sequences with genetic code 1 ...
Alignment has 68 sequences with 148 columns, 147 distinct patterns
74 parsimony-informative, 58 singleton sites, 16 constant sites
                                                                Gap/Ambiguity  Composition  p-value
Analyzing sequences: done in 6.12885e-05 secs using 24.47% CPU
   1  DE152|Cluster-53114.0__TRINITY_DN3356_c0_g1_i1.p1                 4.05%    passed     68.35%
   2  SRR3407095|Cluster-40551.0__TRINITY_DN6881_c0_g1_i2.p1            0.00%    passed    100.00%
   3  SRR11934227|Cluster-181131.0__TRINITY_DN82489_c0_g1_i2.p1        17.57%    passed     99.59%
   4  DE672|Cluster-26858.0__TRINITY_DN13243_c0_g1_i3.p1                1.35%    passed    100.00%
   5  DRR082665|Cluster-51428.0__TRINITY_DN20311_c0_g1_i1.p1           38.51%    passed     92.07%
   6  DE115|Cluster-22953.0__TRINITY_DN1497_c0_g1_i1.p1                 0.68%    passed     98.09%
   7  JJ86|Cluster-46818.0__TRINITY_DN4371_c0_g1_i3.p1                  0.00%    passed     98.72%
   8  DE127|Cluster-23423.0__TRINITY_DN2407_c0_g1_i4.p1                 0.00%    passed     97.34%
   9  DE554|Cluster-59428.0__TRINITY_DN2433_c0_g1_i6.p1                 0.68%    passed    100.00%
  10  DE666|Cluster-22651.2__TRINITY_DN9014_c0_g1_i7.p1                 0.00%    passed    100.00%
  11  DE151|Cluster-59549.1__TRINITY_DN1167_c1_g1_i31.p1                0.00%    passed    100.00%
  12  DE189|Cluster-34274.0__TRINITY_DN4128_c0_g1_i1.p1                 0.00%    passed    100.00%
  13  DE173|Cluster-57705.0__TRINITY_DN6302_c0_g1_i5.p1                 0.68%    passed    100.00%
  14  JJ109|Cluster-25952.0__TRINITY_DN5189_c0_g1_i4.p1                 0.68%    passed    100.00%
  15  JJ130|Cluster-12452.0__TRINITY_DN6287_c0_g1_i2.p1                 0.68%    passed    100.00%
  16  DE509|Cluster-40002.1__TRINITY_DN8639_c0_g1_i1.p1                 0.68%    passed    100.00%
  17  DE696-dots|Cluster-56358.0__TRINITY_DN1645_c0_g1_i2.p1            0.68%    passed    100.00%
  18  JJ89|Cluster-22559.0__TRINITY_DN2052_c0_g1_i3.p1                  0.00%    passed    100.00%
  19  DE643|Cluster-81001.0__TRINITY_DN12041_c0_g1_i5.p1                0.00%    passed    100.00%
  20  DE671|Cluster-18642.0__TRINITY_DN5814_c0_g1_i1.p1                 0.68%    passed    100.00%
  21  JJ74|Cluster-104756.0__TRINITY_DN6007_c0_g1_i3.p1                 0.00%    passed    100.00%
  22  DE88|Cluster-14543.0__TRINITY_DN13445_c1_g1_i4.p1                 0.00%    passed    100.00%
  23  DRR082660|Cluster-5739.0__TRINITY_DN21379_c0_g1_i1.p1             0.00%    passed    100.00%
  24  DE229|Cluster-67717.0__TRINITY_DN3639_c0_g1_i3.p1                 0.68%    passed    100.00%
  25  DE764|Cluster-26536.0__TRINITY_DN5051_c0_g1_i3.p1                 0.68%    passed    100.00%
  26  DE162|Cluster-29218.0__TRINITY_DN2570_c0_g1_i7.p1                 0.00%    passed    100.00%
  27  DE528|Cluster-21944.1__TRINITY_DN4945_c0_g1_i7.p1                 0.68%    passed    100.00%
  28  DE507|Cluster-55691.0__TRINITY_DN2556_c0_g1_i4.p1                 0.68%    passed    100.00%
  29  DE563|Cluster-50563.0__TRINITY_DN1048_c0_g1_i4.p1                 0.68%    passed    100.00%
  30  DE704-purple|Cluster-43190.0__TRINITY_DN21650_c0_g1_i1.p1         0.00%    passed    100.00%
  31  DE704-white|Cluster-50217.0__TRINITY_DN10966_c0_g1_i7.p1          0.68%    passed    100.00%
  32  DE181|Cluster-36540.0__TRINITY_DN9278_c0_g1_i17.p1                0.68%    passed    100.00%
  33  DE561|Cluster-31597.0__TRINITY_DN8020_c0_g1_i1.p1                 0.68%    passed    100.00%
  34  SRR3424066|Cluster-41518.0__TRINITY_DN5286_c0_g1_i1.p1            0.68%    passed    100.00%
  35  SRR3407086|Cluster-35536.0__TRINITY_DN4972_c0_g1_i3.p1            2.70%    passed    100.00%
  36  DE503|Cluster-50343.1__TRINITY_DN15193_c0_g1_i3.p1                0.68%    passed    100.00%
  37  DE510|Cluster-38133.0__TRINITY_DN2505_c0_g1_i2.p1                 0.68%    passed    100.00%
  38  SRR3407094|Cluster-12789.0__TRINITY_DN4691_c0_g1_i1.p1            0.68%    passed    100.00%
  39  DE505|Cluster-16517.2__TRINITY_DN1542_c0_g1_i8.p1                 0.68%    passed    100.00%
  40  DE623|Cluster-35823.0__TRINITY_DN7943_c0_g1_i2.p1                 0.68%    passed    100.00%
  41  SRR3407093|Cluster-36611.0__TRINITY_DN9770_c0_g1_i1.p1            0.00%    passed    100.00%
  42  SRR3407087|Cluster-31825.0__TRINITY_DN8025_c0_g1_i2.p1            0.00%    passed    100.00%
  43  SRR3407088|Cluster-40757.0__TRINITY_DN5104_c0_g1_i1.p1            0.00%    passed    100.00%
  44  SRR3407092|Cluster-22654.0__TRINITY_DN10265_c0_g1_i4.p1           0.00%    passed    100.00%
  45  DE523|Cluster-17432.0__TRINITY_DN5087_c0_g1_i3.p1                 6.76%    passed    100.00%
  46  SRR3407096|Cluster-32351.0__TRINITY_DN5209_c0_g1_i2.p1            0.00%    passed    100.00%
  47  DE668|Cluster-28236.0__TRINITY_DN3418_c0_g1_i1.p1                 0.68%    passed    100.00%
  48  DE680|Cluster-51697.0__TRINITY_DN5507_c0_g1_i13.p1                0.68%    passed    100.00%
  49  DE69|Cluster-17418.0__TRINITY_DN4819_c0_g1_i2.p1                  0.00%    passed    100.00%
  50  DE519|Cluster-35708.0__TRINITY_DN3728_c0_g1_i5.p1                 0.68%    passed    100.00%
  51  DE560|Cluster-13977.1__TRINITY_DN2610_c0_g1_i15.p1                0.68%    passed    100.00%
  52  DE741|Cluster-5391.0__TRINITY_DN3371_c0_g1_i33.p1                 0.68%    passed    100.00%
  53  JJ85|Cluster-13294.0__TRINITY_DN2170_c0_g1_i2.p1                  0.68%    passed    100.00%
  54  JJ99|Cluster-23494.0__TRINITY_DN4436_c0_g1_i6.p1                  0.68%    passed    100.00%
  55  DE737|Cluster-35016.0__TRINITY_DN6340_c0_g1_i3.p1                 0.68%    passed    100.00%
  56  DE546_urceolata_l|Cluster-36473.0__TRINITY_DN1659_c0_g1_i12.p1    0.68%    passed    100.00%
  57  DE542|Cluster-10578.0__TRINITY_DN4172_c0_g1_i8.p1                 0.68%    passed    100.00%
  58  DE765|Cluster-24755.0__TRINITY_DN25_c0_g1_i1.p1                   0.68%    passed    100.00%
  59  DE681|Cluster-43098.0__TRINITY_DN8766_c0_g1_i1.p1                 0.00%    passed    100.00%
  60  JJ23|Cluster-10855.0__TRINITY_DN1595_c0_g1_i5.p1                  0.68%    passed     99.98%
  61  DE164|Cluster-51402.0__TRINITY_DN423_c0_g1_i2.p1                  0.68%    passed    100.00%
  62  DE126|Cluster-11304.0__TRINITY_DN811_c0_g1_i4.p1                  0.68%    passed    100.00%
  63  DE566|Cluster-56632.1__TRINITY_DN6779_c0_g1_i4.p1                 0.68%    passed    100.00%
  64  SRR11748982|Cluster-15464.1__TRINITY_DN5167_c0_g1_i2.p1          38.51%    passed    100.00%
  65  DE536|Cluster-39581.0__TRINITY_DN5091_c0_g1_i5.p1                 0.00%    passed    100.00%
  66  DRR234970|Cluster-56289.0__TRINITY_DN45924_c0_g1_i1.p1           25.00%    passed     95.08%
  67  SRR104381|Cluster-33836.0__TRINITY_DN6319_c0_g1_i2.p1            45.95%    failed      0.02%
  68  JJ36|Cluster-36352.0__TRINITY_DN1572_c0_g1_i4.p1                 52.03%    failed      0.00%
WARNING: 1 sequences contain more than 50% gaps/ambiguity
****  TOTAL                                                             3.79%  2 sequences failed composition chi2 test (p-value<5%; df=60)
Reading input tree file tmp.csubst.nwk ... rooted tree

NOTE: 27 MB RAM (0 GB) is required!
Measuring multi-threading efficiency up to 1 CPU cores
2 trees examined
Threads: 1 / Time: 2.029 sec / Speedup: 1.000 / Efficiency: 100% / LogL: -5037
BEST NUMBER OF THREADS: 1

Estimate model parameters (epsilon = 0.010)
1. Initial log-likelihood: -5118.393
2. Current log-likelihood: -3862.511
3. Current log-likelihood: -3862.447
Optimal log-likelihood: -3862.438
Nonsynonymous/synonymous ratio (omega): 1.000
Transition/transversion ratio (kappa): 1.000
Site proportion and rates:  (0.613,0.358) (0.221,0.936) (0.126,2.447) (0.041,6.558)
Parameters optimization took 3 rounds (15.789 sec)
Wrote distance file to... 
BEST SCORE FOUND : -3862.438
Ancestral state probabilities printed to /mnt/data0/yue/2026-03-11-protein-convergence/results/OG_9301/csubst_w_s/csubst_input_alignment.fa.state
Empirical proportions for each category: 0.676 0.155 0.128 0.041
Site rates printed to /mnt/data0/yue/2026-03-11-protein-convergence/results/OG_9301/csubst_w_s/csubst_input_alignment.fa.rate
Total tree length: 8.702

Total number of iterations: 0
CPU time used for tree search: 0.000 sec (0h:0m:0s)
Wall-clock time used for tree search: 0.000 sec (0h:0m:0s)
Total CPU time used: 18.869 sec (0h:0m:18s)
Total wall-clock time used: 18.917 sec (0h:0m:18s)

Analysis results written to: 
  IQ-TREE report:                /mnt/data0/yue/2026-03-11-protein-convergence/results/OG_9301/csubst_w_s/csubst_input_alignment.fa.iqtree
  Maximum-likelihood tree:       /mnt/data0/yue/2026-03-11-protein-convergence/results/OG_9301/csubst_w_s/csubst_input_alignment.fa.treefile
  Site-specific rates:           /mnt/data0/yue/2026-03-11-protein-convergence/results/OG_9301/csubst_w_s/csubst_input_alignment.fa.rate
  Ancestral state:               /mnt/data0/yue/2026-03-11-protein-convergence/results/OG_9301/csubst_w_s/csubst_input_alignment.fa.state
  Screen log file:               /mnt/data0/yue/2026-03-11-protein-convergence/results/OG_9301/csubst_w_s/csubst_input_alignment.fa.log

Date and Time: Sat Mar 28 05:28:09 2026
