IQ-TREE multicore version 2.4.0 for Linux x86 64-bit built Feb 12 2025
Developed by Bui Quang Minh, Nguyen Lam Tung, Olga Chernomor, Heiko Schmidt,
Dominik Schrempf, Michael Woodhams, Ly Trong Nhan, Thomas Wong

Host:    brain (AVX2, FMA3, 2015 GB RAM)
Command: /home/yue/miniconda3/envs/py39/bin/iqtree -s /mnt/data0/yue/2026-03-11-protein-convergence/results/OG_11207/csubst_w_s/csubst_input_alignment.fa -te tmp.csubst.nwk -m ECMK07+F+R4 --seqtype CODON1 --threads-max 1 -T AUTO --ancestral --rate --redo
Seed:    523790 (Using SPRNG - Scalable Parallel Random Number Generator)
Time:    Thu Mar 26 22:02:07 2026
Kernel:  AVX+FMA - auto-detect threads (128 CPU cores detected)

Reading alignment file /mnt/data0/yue/2026-03-11-protein-convergence/results/OG_11207/csubst_w_s/csubst_input_alignment.fa ... Fasta format detected
Reading fasta file: done in 0.00152969 secs using 24.91% CPU
Alignment most likely contains DNA/RNA sequences
Converting to codon sequences with genetic code 1 ...
Alignment has 57 sequences with 218 columns, 214 distinct patterns
139 parsimony-informative, 58 singleton sites, 21 constant sites
                                                               Gap/Ambiguity  Composition  p-value
Analyzing sequences: done in 8.24332e-05 secs using 98.26% CPU
   1  JJ130|Cluster-32718.3__TRINITY_DN897_c0_g3_i1.p1                 0.46%    passed     12.41%
   2  DE668|Cluster-24243.0__TRINITY_DN4251_c0_g2_i1.p1                1.38%    passed    100.00%
   3  JJ99|Cluster-51800.3__TRINITY_DN799_c0_g2_i6.p1                  0.46%    passed    100.00%
   4  SRR11748982|Cluster-13068.3__TRINITY_DN515_c0_g2_i3.p1           0.92%    passed     33.61%
   5  DE126|Cluster-10676.1__TRINITY_DN14116_c0_g3_i2.p1               0.46%    passed    100.00%
   6  DE546_urceolata_l|Cluster-24098.0__TRINITY_DN2099_c0_g3_i1.p1    3.67%    passed    100.00%
   7  DE643|Cluster-69486.1__TRINITY_DN6234_c0_g1_i25.p1               0.46%    passed    100.00%
   8  DRR082660|Cluster-17099.4__TRINITY_DN101_c0_g1_i9.p1             0.46%    passed    100.00%
   9  SRR3407086|Cluster-10578.0__TRINITY_DN9319_c0_g1_i1.p1           0.46%    passed    100.00%
  10  SRR3424066|Cluster-37393.0__TRINITY_DN1129_c0_g2_i1.p1           0.46%    passed    100.00%
  11  DE575|Cluster-59672.1__TRINITY_DN40572_c0_g1_i6.p1              37.16%    passed    100.00%
  12  DE69|Cluster-43600.0__TRINITY_DN474_c0_g5_i1.p1                  0.46%    passed    100.00%
  13  SRR3407095|Cluster-42227.0__TRINITY_DN14421_c0_g2_i1.p1          0.46%    passed    100.00%
  14  DE560|Cluster-20211.0__TRINITY_DN19714_c1_g6_i1.p1               0.46%    passed    100.00%
  15  DE127|Cluster-25549.1__TRINITY_DN80_c0_g1_i4.p1                  0.46%    passed    100.00%
  16  DE476|Cluster-55952.0__TRINITY_DN5536_c1_g2_i2.p1               37.16%    passed    100.00%
  17  DE554|Cluster-43879.0__TRINITY_DN346_c0_g3_i1.p1                 0.46%    passed    100.00%
  18  DE666|Cluster-22996.0__TRINITY_DN1583_c0_g2_i1.p1                0.46%    passed    100.00%
  19  DE549|Cluster-48464.0__TRINITY_DN1638_c0_g3_i2.p1               35.78%    passed     97.51%
  20  DE563|Cluster-15699.0__TRINITY_DN95041_c0_g1_i1.p1               0.46%    passed    100.00%
  21  JJ89|Cluster-28735.0__TRINITY_DN2577_c0_g2_i1.p1                 0.46%    passed    100.00%
  22  DE672|Cluster-17316.0__TRINITY_DN6434_c0_g1_i1.p1                0.46%    passed     99.95%
  23  DE162|Cluster-37572.0__TRINITY_DN22263_c0_g1_i27.p1              0.92%    passed    100.00%
  24  DE507|Cluster-59921.0__TRINITY_DN16646_c0_g2_i1.p1              10.09%    passed     91.19%
  25  DE528|Cluster-12844.0__TRINITY_DN6942_c1_g1_i2.p1               10.09%    passed    100.00%
  26  DE704-purple|Cluster-62032.0__TRINITY_DN3164_c0_g1_i1.p1         0.92%    passed     99.98%
  27  DE704-white|Cluster-27694.2__TRINITY_DN3098_c0_g1_i2.p1          0.92%    passed    100.00%
  28  DE623|Cluster-2426.0__TRINITY_DN2025_c0_g4_i1.p1                 0.46%    passed    100.00%
  29  DE765|Cluster-32311.6__TRINITY_DN2356_c0_g2_i1.p1                0.46%    passed    100.00%
  30  DE680|Cluster-53155.2__TRINITY_DN5963_c0_g1_i8.p1                0.46%    passed    100.00%
  31  DE681|Cluster-54280.1__TRINITY_DN2491_c0_g2_i3.p1                0.46%    passed    100.00%
  32  DE151|Cluster-42796.2__TRINITY_DN661_c0_g2_i1.p1                 0.46%    passed    100.00%
  33  DE189|Cluster-47600.1__TRINITY_DN9602_c0_g2_i3.p1                9.63%    passed    100.00%
  34  DE764|Cluster-46106.1__TRINITY_DN8597_c1_g1_i2.p1                9.63%    passed    100.00%
  35  DE173|Cluster-33502.3__TRINITY_DN6925_c0_g1_i4.p1                0.46%    passed    100.00%
  36  DE504|Cluster-31770.0__TRINITY_DN1230_c0_g2_i3.p1                0.46%    passed    100.00%
  37  DE509|Cluster-13032.0__TRINITY_DN6984_c0_g2_i2.p1                0.46%    passed    100.00%
  38  DE736|Cluster-56251.2__TRINITY_DN7498_c0_g1_i2.p1                0.46%    passed    100.00%
  39  JJ109|Cluster-19849.0__TRINITY_DN11228_c0_g2_i1.p1               9.63%    passed    100.00%
  40  DE550|Cluster-30095.1__TRINITY_DN433_c0_g3_i1.p1                 0.46%    passed    100.00%
  41  DE671|Cluster-47451.2__TRINITY_DN8042_c0_g1_i45.p1               0.46%    passed    100.00%
  42  DE696-nodots|Cluster-11685.1__TRINITY_DN18721_c0_g1_i3.p1        0.46%    passed    100.00%
  43  DE152|Cluster-19034.1__TRINITY_DN472_c0_g1_i14.p1                0.46%    passed    100.00%
  44  DE519|Cluster-37853.1__TRINITY_DN28009_c0_g3_i1.p1               0.46%    passed    100.00%
  45  SRR3407096|Cluster-16860.0__TRINITY_DN25879_c0_g1_i1.p1          0.46%    passed    100.00%
  46  DE88|Cluster-29576.0__TRINITY_DN1062_c0_g4_i1.p1                 0.46%    passed    100.00%
  47  JJ131|Cluster-15779.4__TRINITY_DN2357_c0_g1_i4.p1                0.46%    passed    100.00%
  48  DE534|Cluster-35000.5__TRINITY_DN972_c0_g1_i10.p1                0.46%    passed    100.00%
  49  JJ15|Cluster-70745.1__TRINITY_DN1162_c0_g1_i13.p1                0.46%    passed    100.00%
  50  DE542|Cluster-54521.0__TRINITY_DN579_c0_g4_i1.p1                 0.46%    passed    100.00%
  51  DRR234970|Cluster-48328.0__TRINITY_DN475_c0_g2_i2.p1             0.00%    passed    100.00%
  52  DE561|Cluster-48114.0__TRINITY_DN5333_c0_g1_i1.p1                5.05%    passed    100.00%
  53  SRR104381|Cluster-20106.9__TRINITY_DN182_c0_g1_i4.p1             0.00%    passed     92.02%
  54  JJ85|Cluster-3823.0__TRINITY_DN402_c0_g1_i1.p1                   0.46%    passed    100.00%
  55  DE536|Cluster-42619.1__TRINITY_DN2162_c0_g4_i1.p1                0.00%    passed     72.43%
  56  JJ74|Cluster-117997.3__TRINITY_DN12625_c0_g1_i10.p1              0.00%    passed     48.32%
  57  DE507|Cluster-38540.0__TRINITY_DN64524_c0_g1_i3.p1              26.61%    failed      0.00%
****  TOTAL                                                            3.80%  1 sequences failed composition chi2 test (p-value<5%; df=60)
Reading input tree file tmp.csubst.nwk ... rooted tree

NOTE: 29 MB RAM (0 GB) is required!
Measuring multi-threading efficiency up to 1 CPU cores
2 trees examined
Threads: 1 / Time: 1.751 sec / Speedup: 1.000 / Efficiency: 100% / LogL: -6732
BEST NUMBER OF THREADS: 1

Estimate model parameters (epsilon = 0.010)
1. Initial log-likelihood: -6699.788
2. Current log-likelihood: -5103.623
3. Current log-likelihood: -5103.532
4. Current log-likelihood: -5103.507
Optimal log-likelihood: -5103.499
Nonsynonymous/synonymous ratio (omega): 1.000
Transition/transversion ratio (kappa): 1.000
Site proportion and rates:  (0.552,0.346) (0.280,0.823) (0.122,2.604) (0.046,5.698)
Parameters optimization took 4 rounds (19.133 sec)
Wrote distance file to... 
BEST SCORE FOUND : -5103.499
Ancestral state probabilities printed to /mnt/data0/yue/2026-03-11-protein-convergence/results/OG_11207/csubst_w_s/csubst_input_alignment.fa.state
Empirical proportions for each category: 0.624 0.216 0.124 0.037
Site rates printed to /mnt/data0/yue/2026-03-11-protein-convergence/results/OG_11207/csubst_w_s/csubst_input_alignment.fa.rate
Total tree length: 6.607

Total number of iterations: 0
CPU time used for tree search: 0.000 sec (0h:0m:0s)
Wall-clock time used for tree search: 0.000 sec (0h:0m:0s)
Total CPU time used: 21.768 sec (0h:0m:21s)
Total wall-clock time used: 21.830 sec (0h:0m:21s)

Analysis results written to: 
  IQ-TREE report:                /mnt/data0/yue/2026-03-11-protein-convergence/results/OG_11207/csubst_w_s/csubst_input_alignment.fa.iqtree
  Maximum-likelihood tree:       /mnt/data0/yue/2026-03-11-protein-convergence/results/OG_11207/csubst_w_s/csubst_input_alignment.fa.treefile
  Site-specific rates:           /mnt/data0/yue/2026-03-11-protein-convergence/results/OG_11207/csubst_w_s/csubst_input_alignment.fa.rate
  Ancestral state:               /mnt/data0/yue/2026-03-11-protein-convergence/results/OG_11207/csubst_w_s/csubst_input_alignment.fa.state
  Screen log file:               /mnt/data0/yue/2026-03-11-protein-convergence/results/OG_11207/csubst_w_s/csubst_input_alignment.fa.log

Date and Time: Thu Mar 26 22:02:29 2026
