IQ-TREE multicore version 2.4.0 for Linux x86 64-bit built Feb 12 2025
Developed by Bui Quang Minh, Nguyen Lam Tung, Olga Chernomor, Heiko Schmidt,
Dominik Schrempf, Michael Woodhams, Ly Trong Nhan, Thomas Wong

Host:    brain (AVX2, FMA3, 2015 GB RAM)
Command: /home/yue/miniconda3/envs/py39/bin/iqtree -s /mnt/data0/yue/2026-03-11-protein-convergence/results/OG_877/csubst_w_s/csubst_input_alignment.fa -te tmp.csubst.nwk -m ECMK07+F+R4 --seqtype CODON1 --threads-max 1 -T AUTO --ancestral --rate --redo
Seed:    395260 (Using SPRNG - Scalable Parallel Random Number Generator)
Time:    Sat Mar 28 04:18:43 2026
Kernel:  AVX+FMA - auto-detect threads (128 CPU cores detected)

Reading alignment file /mnt/data0/yue/2026-03-11-protein-convergence/results/OG_877/csubst_w_s/csubst_input_alignment.fa ... Fasta format detected
Reading fasta file: done in 0.00354208 secs using 24.99% CPU
Alignment most likely contains DNA/RNA sequences
Converting to codon sequences with genetic code 1 ...
WARNING: 1 sites contain only gaps or ambiguous characters.
Alignment has 110 sequences with 285 columns, 285 distinct patterns
247 parsimony-informative, 26 singleton sites, 12 constant sites
                                                                Gap/Ambiguity  Composition  p-value
Analyzing sequences: done in 0.000185758 secs using 99.05% CPU
   1  DE560|Cluster-45625.0__TRINITY_DN14223_c1_g1_i1.p1                4.91%    passed    100.00%
   2  JJ23|Cluster-9367.0__TRINITY_DN6567_c1_g2_i2.p1                  17.54%    passed     99.91%
   3  DE229|Cluster-77638.1__TRINITY_DN8656_c0_g1_i1.p1                 7.72%    passed     99.31%
   4  DE563|Cluster-55211.0__TRINITY_DN14107_c0_g1_i1.p1                0.35%    passed    100.00%
   5  DE69|Cluster-46710.0__TRINITY_DN7363_c0_g1_i1.p1                  5.96%    passed    100.00%
   6  SRR3424066|Cluster-4668.0__TRINITY_DN6752_c1_g1_i2.p1             4.91%    passed     99.99%
   7  SRR3407088|Cluster-28823.0__TRINITY_DN1524_c0_g1_i1.p1            4.91%    passed    100.00%
   8  DE510|Cluster-17524.0__TRINITY_DN1613_c0_g1_i1.p1                 4.91%    passed    100.00%
   9  DE561|Cluster-43236.0__TRINITY_DN4374_c0_g2_i2.p1                 4.91%    passed    100.00%
  10  DE127|Cluster-33027.0__TRINITY_DN7188_c0_g1_i1.p1                18.95%    passed     99.50%
  11  DE554|Cluster-61260.1__TRINITY_DN13285_c0_g1_i2.p1               18.95%    passed     99.60%
  12  DE115|Cluster-4317.0__TRINITY_DN12963_c0_g1_i1.p1                 0.35%    passed    100.00%
  13  DE554|Cluster-18281.0__TRINITY_DN3954_c0_g1_i1.p1                 0.35%    passed    100.00%
  14  DE666|Cluster-31828.0__TRINITY_DN4576_c0_g2_i3.p1                 0.35%    passed    100.00%
  15  JJ86|Cluster-27888.0__TRINITY_DN10952_c0_g1_i1.p1                 0.35%    passed    100.00%
  16  DE575|Cluster-42943.4__TRINITY_DN12644_c0_g1_i3.p1                0.35%    passed    100.00%
  17  DE681|Cluster-53175.0__TRINITY_DN8024_c0_g2_i1.p1                 0.35%    passed    100.00%
  18  DE765|Cluster-54071.0__TRINITY_DN6906_c0_g1_i1.p1                 0.35%    passed    100.00%
  19  DE162|Cluster-8745.0__TRINITY_DN230_c3_g1_i1.p1                   0.35%    passed    100.00%
  20  DE528|Cluster-21673.0__TRINITY_DN11992_c0_g1_i9.p1                0.35%    passed    100.00%
  21  DE704-purple|Cluster-38074.0__TRINITY_DN1222_c0_g3_i3.p1          0.35%    passed    100.00%
  22  DE704-white|Cluster-70851.0__TRINITY_DN5977_c2_g1_i4.p1           0.35%    passed    100.00%
  23  JJ125|Cluster-29383.0__TRINITY_DN6540_c0_g1_i7.p1                 0.35%    passed    100.00%
  24  DE536|Cluster-15041.2__TRINITY_DN3476_c0_g1_i2.p1                 0.35%    passed    100.00%
  25  DE523|Cluster-16584.0__TRINITY_DN548_c3_g1_i1.p1                 58.95%    passed     80.32%
  26  DE69|Cluster-43905.0__TRINITY_DN234_c0_g3_i1.p1                   1.05%    passed    100.00%
  27  SRR3407095|Cluster-28273.1__TRINITY_DN1276_c0_g1_i17.p1           1.05%    passed    100.00%
  28  DE519|Cluster-64937.0__TRINITY_DN5149_c0_g1_i17.p2               59.65%    passed     77.12%
  29  DE560|Cluster-30852.2__TRINITY_DN786_c0_g1_i2.p1                  1.75%    passed    100.00%
  30  SRR3407088|Cluster-18660.0__TRINITY_DN1524_c0_g2_i1.p1            0.70%    passed    100.00%
  31  JJ85|Cluster-29267.0__TRINITY_DN544_c0_g1_i1.p1                   0.35%    passed    100.00%
  32  DE542|Cluster-30951.1__TRINITY_DN13443_c0_g1_i3.p1                0.35%    passed    100.00%
  33  JJ15|Cluster-76504.0__TRINITY_DN4668_c0_g1_i12.p1                 0.35%    passed    100.00%
  34  DE534|Cluster-63762.1__TRINITY_DN6670_c0_g1_i3.p1                 1.75%    passed    100.00%
  35  SRR3407092|Cluster-19335.0__TRINITY_DN8706_c0_g1_i2.p1            0.35%    passed    100.00%
  36  DE181|Cluster-36515.1__TRINITY_DN2104_c0_g1_i2.p1                 0.35%    passed    100.00%
  37  SRR3407086|Cluster-22032.0__TRINITY_DN5080_c0_g1_i1.p1            0.35%    passed    100.00%
  38  DE561|Cluster-46029.0__TRINITY_DN4374_c0_g2_i4.p1                 0.35%    passed    100.00%
  39  SRR3424066|Cluster-20671.0__TRINITY_DN6752_c1_g1_i4.p1            0.35%    passed    100.00%
  40  DE503|Cluster-26746.0__TRINITY_DN7322_c1_g1_i4.p1                 0.35%    passed    100.00%
  41  DE510|Cluster-21823.0__TRINITY_DN1613_c0_g1_i4.p1                 0.35%    passed    100.00%
  42  SRR3407087|Cluster-16177.0__TRINITY_DN4022_c1_g1_i8.p1            0.35%    passed    100.00%
  43  DE505|Cluster-46443.2__TRINITY_DN8088_c0_g2_i3.p1                 0.35%    passed    100.00%
  44  SRR3407093|Cluster-25800.3__TRINITY_DN6561_c0_g1_i17.p1           0.35%    passed    100.00%
  45  SRR3407094|Cluster-22146.1__TRINITY_DN689_c1_g1_i3.p1             0.35%    passed    100.00%
  46  SRR3407096|Cluster-32306.0__TRINITY_DN4850_c0_g1_i5.p1            1.05%    passed    100.00%
  47  SRR5150740|Cluster-29697.0__TRINITY_DN5697_c0_g1_i2.p1            2.81%    passed     99.94%
  48  DE126|Cluster-28273.0__TRINITY_DN1622_c2_g1_i1.p1                 0.35%    passed    100.00%
  49  DE681|Cluster-36395.2__TRINITY_DN8024_c0_g1_i6.p1                41.75%    passed     84.11%
  50  DE151|Cluster-25641.0__TRINITY_DN11159_c0_g1_i1.p1               10.88%    passed    100.00%
  51  DE737|Cluster-46459.0__TRINITY_DN19533_c0_g3_i2.p1               10.18%    passed     99.73%
  52  DE173|Cluster-43022.0__TRINITY_DN8702_c0_g2_i2.p1                11.23%    passed     99.99%
  53  JJ109|Cluster-165.0__TRINITY_DN5406_c1_g2_i1.p1                  10.88%    passed     99.91%
  54  DE504|Cluster-33508.0__TRINITY_DN2843_c0_g1_i2.p1                 6.32%    passed     99.97%
  55  DE549|Cluster-21304.0__TRINITY_DN4762_c0_g1_i1.p1                 6.32%    passed     97.82%
  56  DE643|Cluster-18482.0__TRINITY_DN8256_c0_g1_i2.p1                10.18%    passed     99.98%
  57  DE671|Cluster-461.0__TRINITY_DN4695_c0_g4_i2.p1                  10.18%    passed     99.90%
  58  DE88|Cluster-41285.0__TRINITY_DN48920_c0_g1_i1.p1                 6.32%    passed    100.00%
  59  DE509|Cluster-23664.0__TRINITY_DN1532_c1_g1_i2.p1                10.18%    passed     99.78%
  60  JJ89|Cluster-24929.0__TRINITY_DN7782_c0_g1_i1.p1                  6.32%    passed     99.76%
  61  DE672|Cluster-48788.0__TRINITY_DN1454_c0_g1_i1.p1                 8.07%    passed    100.00%
  62  DE531|Cluster-18685.1__TRINITY_DN1089_c0_g1_i5.p1                 6.32%    passed     99.98%
  63  DE696-dots|Cluster-56017.0__TRINITY_DN358_c0_g3_i3.p1             6.32%    passed     99.98%
  64  JJ36|Cluster-14406.0__TRINITY_DN645_c0_g4_i1.p1                   6.32%    passed     99.98%
  65  DE668|Cluster-39292.0__TRINITY_DN2246_c0_g1_i4.p1                 0.35%    passed    100.00%
  66  JJ99|Cluster-53247.0__TRINITY_DN1271_c0_g1_i6.p1                  0.35%    passed     99.94%
  67  DE229|Cluster-76383.0__TRINITY_DN2387_c4_g1_i1.p1                 0.35%    passed     99.94%
  68  DE189|Cluster-36003.0__TRINITY_DN1871_c0_g1_i2.p1                 9.47%    passed    100.00%
  69  JJ85|Cluster-12866.0__TRINITY_DN4997_c0_g1_i1.p1                 22.46%    passed     89.32%
  70  DE623|Cluster-47059.0__TRINITY_DN14535_c0_g1_i1.p2               68.42%    passed      5.03%
  71  DE765|Cluster-49552.1__TRINITY_DN6906_c1_g1_i8.p1                29.82%    passed     95.01%
  72  DE546_urceolata_l|Cluster-28840.1__TRINITY_DN34420_c0_g2_i1.p1    0.35%    passed    100.00%
  73  DE549|Cluster-51666.1__TRINITY_DN6173_c0_g2_i1.p1                 0.35%    passed    100.00%
  74  DE672|Cluster-20430.0__TRINITY_DN275_c0_g1_i2.p1                  0.35%    passed    100.00%
  75  DE151|Cluster-16256.0__TRINITY_DN2053_c0_g2_i2.p1                 1.75%    passed    100.00%
  76  DE173|Cluster-6736.0__TRINITY_DN15605_c1_g1_i3.p1                 1.75%    passed    100.00%
  77  JJ130|Cluster-16392.8__TRINITY_DN12727_c1_g1_i5.p1                1.75%    passed    100.00%
  78  DE507|Cluster-83110.0__TRINITY_DN13441_c1_g1_i2.p1               19.30%    passed     75.49%
  79  DE704-white|Cluster-28511.0__TRINITY_DN5977_c2_g1_i2.p1          19.30%    passed     78.34%
  80  DE152|Cluster-48641.0__TRINITY_DN218_c3_g1_i1.p1                  0.35%    passed    100.00%
  81  DE566|Cluster-36617.0__TRINITY_DN4253_c0_g1_i2.p1                58.95%    passed     59.05%
  82  DRR082660|Cluster-25300.0__TRINITY_DN2538_c0_g1_i1.p1             0.35%    passed    100.00%
  83  JJ74|Cluster-62833.0__TRINITY_DN1311_c2_g1_i3.p1                  1.40%    passed    100.00%
  84  DE741|Cluster-13833.0__TRINITY_DN13271_c0_g1_i1.p1               19.30%    passed     92.70%
  85  DE519|Cluster-55825.0__TRINITY_DN5149_c0_g1_i21.p1               19.30%    passed     88.68%
  86  DE623|Cluster-32681.0__TRINITY_DN6299_c0_g2_i2.p1                 0.35%    passed    100.00%
  87  DE680|Cluster-35515.0__TRINITY_DN25883_c0_g2_i1.p1                1.40%    passed    100.00%
  88  DE550|Cluster-44641.0__TRINITY_DN8068_c0_g2_i2.p1                 3.16%    passed    100.00%
  89  JJ131|Cluster-35838.0__TRINITY_DN3910_c0_g3_i1.p1                 3.51%    passed     99.99%
  90  JJ109|Cluster-37426.0__TRINITY_DN9096_c0_g2_i2.p1                 0.70%    passed    100.00%
  91  DE504|Cluster-39310.1__TRINITY_DN13829_c3_g2_i5.p1               67.02%    passed     60.70%
  92  DE736|Cluster-26585.1__TRINITY_DN142_c0_g1_i5.p1                  0.35%    passed    100.00%
  93  DE764|Cluster-39487.1__TRINITY_DN6596_c0_g1_i7.p1                 0.35%    passed    100.00%
  94  DE509|Cluster-27654.0__TRINITY_DN1532_c1_g4_i1.p1                 0.35%    passed    100.00%
  95  DE88|Cluster-26070.0__TRINITY_DN6624_c1_g1_i1.p1                  2.46%    passed    100.00%
  96  DE164|Cluster-55459.0__TRINITY_DN146_c2_g2_i1.p1                  0.35%    passed    100.00%
  97  DE737|Cluster-29242.0__TRINITY_DN19533_c0_g1_i1.p1                0.35%    passed    100.00%
  98  DE541|Cluster-7421.0__TRINITY_DN2284_c0_g1_i5.p1                  0.35%    passed    100.00%
  99  DE643|Cluster-28281.0__TRINITY_DN352_c0_g2_i3.p1                  0.35%    passed    100.00%
 100  DE671|Cluster-6621.0__TRINITY_DN4695_c0_g3_i1.p1                  0.35%    passed    100.00%
 101  DE476|Cluster-39562.1__TRINITY_DN5281_c0_g1_i2.p1                 0.35%    passed    100.00%
 102  DE531|Cluster-35931.0__TRINITY_DN1089_c0_g4_i1.p1                 0.35%    passed    100.00%
 103  JJ36|Cluster-28166.0__TRINITY_DN645_c0_g2_i1.p1                   0.35%    passed    100.00%
 104  DE696-dots|Cluster-41967.0__TRINITY_DN358_c0_g1_i1.p1             0.35%    passed    100.00%
 105  DE696-nodots|Cluster-60219.1__TRINITY_DN13979_c0_g1_i6.p1         0.35%    passed    100.00%
 106  JJ89|Cluster-3424.1__TRINITY_DN1387_c0_g2_i1.p1                   0.35%    passed    100.00%
 107  DRR234970|Cluster-20293.1__TRINITY_DN3190_c1_g1_i2.p1             2.46%    passed     99.99%
 108  DE666|Cluster-15701.0__TRINITY_DN14797_c0_g1_i1.p1                7.37%    passed     99.94%
 109  DE162|Cluster-25256.0__TRINITY_DN19357_c0_g1_i2.p1               18.60%    passed     81.80%
 110  DE546_urceolata_l|Cluster-30807.0__TRINITY_DN24957_c0_g1_i1.p1   25.26%    passed     97.20%
WARNING: 5 sequences contain more than 50% gaps/ambiguity
****  TOTAL                                                             7.39%  0 sequences failed composition chi2 test (p-value<5%; df=60)
Reading input tree file tmp.csubst.nwk ... rooted tree

NOTE: 72 MB RAM (0 GB) is required!
Measuring multi-threading efficiency up to 1 CPU cores
2 trees examined
Threads: 1 / Time: 3.789 sec / Speedup: 1.000 / Efficiency: 100% / LogL: -27878
BEST NUMBER OF THREADS: 1

Estimate model parameters (epsilon = 0.010)
1. Initial log-likelihood: -16849.471
2. Current log-likelihood: -13177.617
3. Current log-likelihood: -13164.689
4. Current log-likelihood: -13156.668
5. Current log-likelihood: -13152.210
6. Current log-likelihood: -13152.184
Optimal log-likelihood: -13152.182
Nonsynonymous/synonymous ratio (omega): 1.000
Transition/transversion ratio (kappa): 1.000
Site proportion and rates:  (0.360,0.395) (0.471,0.972) (0.149,2.129) (0.020,4.147)
Parameters optimization took 6 rounds (83.888 sec)
Wrote distance file to... 
BEST SCORE FOUND : -13152.182
Ancestral state probabilities printed to /mnt/data0/yue/2026-03-11-protein-convergence/results/OG_877/csubst_w_s/csubst_input_alignment.fa.state
Empirical proportions for each category: 0.347 0.505 0.130 0.018
Site rates printed to /mnt/data0/yue/2026-03-11-protein-convergence/results/OG_877/csubst_w_s/csubst_input_alignment.fa.rate
Total tree length: 9.273

Total number of iterations: 0
CPU time used for tree search: 0.000 sec (0h:0m:0s)
Wall-clock time used for tree search: 0.000 sec (0h:0m:0s)
Total CPU time used: 89.983 sec (0h:1m:29s)
Total wall-clock time used: 90.258 sec (0h:1m:30s)

Analysis results written to: 
  IQ-TREE report:                /mnt/data0/yue/2026-03-11-protein-convergence/results/OG_877/csubst_w_s/csubst_input_alignment.fa.iqtree
  Maximum-likelihood tree:       /mnt/data0/yue/2026-03-11-protein-convergence/results/OG_877/csubst_w_s/csubst_input_alignment.fa.treefile
  Site-specific rates:           /mnt/data0/yue/2026-03-11-protein-convergence/results/OG_877/csubst_w_s/csubst_input_alignment.fa.rate
  Ancestral state:               /mnt/data0/yue/2026-03-11-protein-convergence/results/OG_877/csubst_w_s/csubst_input_alignment.fa.state
  Screen log file:               /mnt/data0/yue/2026-03-11-protein-convergence/results/OG_877/csubst_w_s/csubst_input_alignment.fa.log

Date and Time: Sat Mar 28 04:20:13 2026
