IQ-TREE multicore version 2.4.0 for Linux x86 64-bit built Feb 12 2025
Developed by Bui Quang Minh, Nguyen Lam Tung, Olga Chernomor, Heiko Schmidt,
Dominik Schrempf, Michael Woodhams, Ly Trong Nhan, Thomas Wong

Host:    brain (AVX2, FMA3, 2015 GB RAM)
Command: /home/yue/miniconda3/envs/py39/bin/iqtree -s /mnt/data0/yue/2026-03-11-protein-convergence/results/OG_3682/csubst_w_s/csubst_input_alignment.fa -te tmp.csubst.nwk -m ECMK07+F+R4 --seqtype CODON1 --threads-max 1 -T AUTO --ancestral --rate --redo
Seed:    149343 (Using SPRNG - Scalable Parallel Random Number Generator)
Time:    Fri Mar 27 10:25:23 2026
Kernel:  AVX+FMA - auto-detect threads (128 CPU cores detected)

Reading alignment file /mnt/data0/yue/2026-03-11-protein-convergence/results/OG_3682/csubst_w_s/csubst_input_alignment.fa ... Fasta format detected
Reading fasta file: done in 0.00155911 secs using 24.95% CPU
Alignment most likely contains DNA/RNA sequences
Converting to codon sequences with genetic code 1 ...
WARNING: 1 sites contain only gaps or ambiguous characters.
Alignment has 80 sequences with 364 columns, 346 distinct patterns
214 parsimony-informative, 59 singleton sites, 91 constant sites
                                                             Gap/Ambiguity  Composition  p-value
Analyzing sequences: done in 8.88109e-05 secs using 99.09% CPU
   1  DE550|Cluster-31154.0__TRINITY_DN10389_c0_g1_i1.p1             1.10%    passed    100.00%
   2  DE115|Cluster-10837.0__TRINITY_DN117702_c1_g1_i1.p1            0.27%    passed    100.00%
   3  DE575|Cluster-64897.3__TRINITY_DN22337_c0_g2_i2.p1            22.53%    passed    100.00%
   4  DE126|Cluster-18810.0__TRINITY_DN9324_c0_g1_i9.p1              0.27%    passed    100.00%
   5  DE127|Cluster-15645.0__TRINITY_DN350_c0_g2_i1.p1               0.27%    passed    100.00%
   6  DE546_urceolata_l|Cluster-7955.0__TRINITY_DN833_c0_g1_i1.p1    0.27%    passed    100.00%
   7  DE554|Cluster-62097.0__TRINITY_DN5652_c0_g1_i1.p1              0.27%    passed    100.00%
   8  DE563|Cluster-31965.0__TRINITY_DN12122_c0_g1_i2.p1             0.27%    passed    100.00%
   9  DE666|Cluster-16136.0__TRINITY_DN13211_c0_g1_i1.p1             0.27%    passed    100.00%
  10  JJ86|Cluster-34186.1__TRINITY_DN6913_c0_g1_i3.p1               0.27%    passed    100.00%
  11  DE680|Cluster-58108.0__TRINITY_DN2033_c0_g1_i1.p1              6.04%    passed    100.00%
  12  SRR3407095|Cluster-11217.0__TRINITY_DN6193_c0_g1_i1.p1         0.27%    passed    100.00%
  13  DE69|Cluster-36752.0__TRINITY_DN5412_c0_g1_i3.p1               0.27%    passed    100.00%
  14  DE681|Cluster-23789.0__TRINITY_DN4795_c0_g1_i1.p1              0.27%    passed    100.00%
  15  DE765|Cluster-17769.0__TRINITY_DN4397_c0_g1_i1.p1              0.27%    passed    100.00%
  16  SRR3407096|Cluster-26830.0__TRINITY_DN29629_c0_g1_i1.p1        0.27%    passed    100.00%
  17  DE523|Cluster-17922.0__TRINITY_DN64968_c0_g1_i1.p1             0.27%    passed    100.00%
  18  DE668|Cluster-38083.3__TRINITY_DN6266_c0_g1_i17.p1             0.27%    passed    100.00%
  19  DE623|Cluster-34110.0__TRINITY_DN2376_c0_g1_i1.p1              0.27%    passed    100.00%
  20  DE566|Cluster-51967.1__TRINITY_DN1302_c0_g1_i23.p1             0.27%    passed    100.00%
  21  DE216|Cluster-57934.0__TRINITY_DN2477_c0_g2_i4.p1             22.53%    passed    100.00%
  22  DE534|Cluster-330.0__TRINITY_DN2191_c0_g2_i1.p1                0.27%    passed    100.00%
  23  DE542|Cluster-51648.0__TRINITY_DN464_c8_g1_i1.p1               0.27%    passed    100.00%
  24  JJ15|Cluster-65484.0__TRINITY_DN880_c0_g1_i11.p1               0.27%    passed    100.00%
  25  JJ74|Cluster-28181.0__TRINITY_DN44707_c0_g1_i1.p1              0.27%    passed    100.00%
  26  JJ131|Cluster-66715.0__TRINITY_DN2983_c0_g2_i1.p1              0.27%    passed    100.00%
  27  JJ125|Cluster-1657.0__TRINITY_DN51437_c0_g1_i1.p1              0.27%    passed    100.00%
  28  DE152|Cluster-51022.1__TRINITY_DN14822_c0_g1_i14.p1            0.27%    passed    100.00%
  29  DE519|Cluster-29507.0__TRINITY_DN5166_c1_g1_i6.p1             40.66%    passed     89.00%
  30  DE229|Cluster-85695.0__TRINITY_DN11648_c0_g1_i1.p1             0.27%    passed    100.00%
  31  JJ99|Cluster-54657.0__TRINITY_DN15003_c0_g1_i1.p1              0.55%    passed    100.00%
  32  JJ23|Cluster-29904.0__TRINITY_DN1556_c0_g1_i1.p1               0.27%    passed    100.00%
  33  DRR082660|Cluster-10191.0__TRINITY_DN707_c0_g1_i1.p1           0.27%    passed    100.00%
  34  DE560|Cluster-19205.0__TRINITY_DN1890_c0_g1_i1.p1              0.27%    passed    100.00%
  35  JJ85|Cluster-20594.0__TRINITY_DN968_c0_g1_i1.p1                0.27%    passed    100.00%
  36  DE643|Cluster-60340.0__TRINITY_DN5107_c0_g1_i3.p1              0.82%    passed    100.00%
  37  DE164|Cluster-57255.0__TRINITY_DN4377_c1_g1_i1.p1              0.82%    passed    100.00%
  38  DE671|Cluster-13226.0__TRINITY_DN5274_c0_g1_i1.p1              0.82%    passed    100.00%
  39  DE672|Cluster-28557.0__TRINITY_DN17267_c1_g1_i1.p1             0.27%    passed    100.00%
  40  DE737|Cluster-21780.0__TRINITY_DN14700_c0_g1_i1.p1             0.82%    passed    100.00%
  41  DE151|Cluster-34615.0__TRINITY_DN6964_c0_g1_i1.p1              0.27%    passed    100.00%
  42  DE173|Cluster-3528.0__TRINITY_DN1132_c0_g2_i1.p1               0.27%    passed    100.00%
  43  DE189|Cluster-32477.0__TRINITY_DN10802_c0_g1_i1.p1             0.27%    passed    100.00%
  44  JJ109|Cluster-6506.0__TRINITY_DN20516_c1_g1_i1.p1              0.27%    passed    100.00%
  45  JJ130|Cluster-20304.0__TRINITY_DN11787_c0_g1_i2.p1             0.27%    passed    100.00%
  46  DE476|Cluster-31659.0__TRINITY_DN7186_c0_g1_i1.p1              0.27%    passed    100.00%
  47  DE88|Cluster-8204.0__TRINITY_DN13294_c1_g1_i1.p1               0.27%    passed    100.00%
  48  JJ89|Cluster-39666.0__TRINITY_DN3900_c1_g1_i1.p1               0.27%    passed    100.00%
  49  DE764|Cluster-23725.0__TRINITY_DN3176_c0_g1_i1.p1              0.27%    passed    100.00%
  50  DE509|Cluster-44236.0__TRINITY_DN60649_c0_g1_i1.p1             0.27%    passed    100.00%
  51  DE736|Cluster-24491.0__TRINITY_DN5518_c0_g1_i1.p1             14.56%    passed    100.00%
  52  DE549|Cluster-12132.0__TRINITY_DN59410_c0_g1_i1.p1             0.82%    passed    100.00%
  53  DE531|Cluster-53625.0__TRINITY_DN10819_c1_g1_i2.p1             0.27%    passed    100.00%
  54  DE541|Cluster-10940.0__TRINITY_DN442_c1_g1_i1.p1               0.27%    passed    100.00%
  55  JJ36|Cluster-4351.0__TRINITY_DN5772_c0_g1_i1.p1                0.27%    passed    100.00%
  56  DE696-dots|Cluster-42573.0__TRINITY_DN5069_c0_g1_i1.p1         0.27%    passed    100.00%
  57  DE696-nodots|Cluster-41154.0__TRINITY_DN13433_c0_g1_i4.p1     14.01%    passed    100.00%
  58  DE741|Cluster-44767.0__TRINITY_DN3474_c0_g1_i5.p1             14.01%    passed    100.00%
  59  DE162|Cluster-4639.0__TRINITY_DN48277_c0_g1_i1.p1              1.10%    passed    100.00%
  60  DE507|Cluster-76053.0__TRINITY_DN6096_c0_g1_i1.p1              1.10%    passed    100.00%
  61  DE528|Cluster-30521.0__TRINITY_DN5810_c0_g1_i1.p1              1.10%    passed    100.00%
  62  DE704-purple|Cluster-16705.0__TRINITY_DN3157_c0_g1_i2.p1       1.10%    passed    100.00%
  63  DE704-white|Cluster-23946.0__TRINITY_DN16544_c0_g1_i1.p1       1.10%    passed    100.00%
  64  DE536|Cluster-13771.0__TRINITY_DN11796_c0_g1_i3.p1            35.99%    passed     97.27%
  65  DRR234970|Cluster-4945.0__TRINITY_DN4092_c0_g1_i1.p1           0.55%    passed    100.00%
  66  SRR5150740|Cluster-60234.0__TRINITY_DN9267_c0_g1_i2.p1         0.55%    passed    100.00%
  67  SRR3424066|Cluster-10015.0__TRINITY_DN9735_c0_g1_i1.p1         0.55%    passed    100.00%
  68  DE181|Cluster-26963.0__TRINITY_DN71607_c0_g1_i1.p1             0.55%    passed    100.00%
  69  SRR3407088|Cluster-27698.0__TRINITY_DN50989_c0_g1_i1.p1        0.55%    passed    100.00%
  70  SRR3407086|Cluster-11180.0__TRINITY_DN84353_c0_g1_i1.p1        0.55%    passed    100.00%
  71  DE503|Cluster-50572.0__TRINITY_DN7224_c0_g1_i1.p1              0.27%    passed    100.00%
  72  DE505|Cluster-24396.0__TRINITY_DN3784_c3_g1_i1.p1              0.27%    passed    100.00%
  73  DE510|Cluster-51248.0__TRINITY_DN58709_c0_g1_i1.p1             0.27%    passed    100.00%
  74  SRR3407087|Cluster-7343.0__TRINITY_DN5193_c0_g1_i1.p1          0.27%    passed    100.00%
  75  SRR3407093|Cluster-18783.0__TRINITY_DN34338_c0_g1_i1.p1        0.27%    passed    100.00%
  76  SRR3407092|Cluster-6081.0__TRINITY_DN30643_c0_g1_i1.p1         0.27%    passed    100.00%
  77  SRR3407094|Cluster-562.0__TRINITY_DN41978_c0_g1_i1.p1          0.27%    passed    100.00%
  78  DE561|Cluster-19846.0__TRINITY_DN14883_c0_g1_i1.p1            20.33%    passed    100.00%
  79  SRR104381|Cluster-18640.1__TRINITY_DN2874_c0_g1_i1.p1          0.55%    passed     99.97%
  80  DE504|Cluster-56790.0__TRINITY_DN16997_c0_g1_i1.p1            28.57%    passed     99.99%
****  TOTAL                                                          3.10%  0 sequences failed composition chi2 test (p-value<5%; df=60)
Reading input tree file tmp.csubst.nwk ... rooted tree

NOTE: 61 MB RAM (0 GB) is required!
Measuring multi-threading efficiency up to 1 CPU cores
2 trees examined
Threads: 1 / Time: 3.286 sec / Speedup: 1.000 / Efficiency: 100% / LogL: -12212
BEST NUMBER OF THREADS: 1

Estimate model parameters (epsilon = 0.010)
1. Initial log-likelihood: -12050.104
2. Current log-likelihood: -7536.452
3. Current log-likelihood: -7524.387
Optimal log-likelihood: -7524.384
Nonsynonymous/synonymous ratio (omega): 1.000
Transition/transversion ratio (kappa): 1.000
Site proportion and rates:  (0.576,0.430) (0.289,1.256) (0.120,2.589) (0.014,5.392)
Parameters optimization took 3 rounds (35.954 sec)
Wrote distance file to... 
BEST SCORE FOUND : -7524.384
Ancestral state probabilities printed to /mnt/data0/yue/2026-03-11-protein-convergence/results/OG_3682/csubst_w_s/csubst_input_alignment.fa.state
Empirical proportions for each category: 0.632 0.266 0.096 0.005
Site rates printed to /mnt/data0/yue/2026-03-11-protein-convergence/results/OG_3682/csubst_w_s/csubst_input_alignment.fa.rate
Total tree length: 3.110

Total number of iterations: 0
CPU time used for tree search: 0.000 sec (0h:0m:0s)
Wall-clock time used for tree search: 0.000 sec (0h:0m:0s)
Total CPU time used: 41.144 sec (0h:0m:41s)
Total wall-clock time used: 41.441 sec (0h:0m:41s)

Analysis results written to: 
  IQ-TREE report:                /mnt/data0/yue/2026-03-11-protein-convergence/results/OG_3682/csubst_w_s/csubst_input_alignment.fa.iqtree
  Maximum-likelihood tree:       /mnt/data0/yue/2026-03-11-protein-convergence/results/OG_3682/csubst_w_s/csubst_input_alignment.fa.treefile
  Site-specific rates:           /mnt/data0/yue/2026-03-11-protein-convergence/results/OG_3682/csubst_w_s/csubst_input_alignment.fa.rate
  Ancestral state:               /mnt/data0/yue/2026-03-11-protein-convergence/results/OG_3682/csubst_w_s/csubst_input_alignment.fa.state
  Screen log file:               /mnt/data0/yue/2026-03-11-protein-convergence/results/OG_3682/csubst_w_s/csubst_input_alignment.fa.log

Date and Time: Fri Mar 27 10:26:04 2026
