IQ-TREE multicore version 2.4.0 for Linux x86 64-bit built Feb 12 2025
Developed by Bui Quang Minh, Nguyen Lam Tung, Olga Chernomor, Heiko Schmidt,
Dominik Schrempf, Michael Woodhams, Ly Trong Nhan, Thomas Wong

Host:    brain (AVX2, FMA3, 2015 GB RAM)
Command: /home/yue/miniconda3/envs/py39/bin/iqtree -s /mnt/data0/yue/2026-03-11-protein-convergence/results/OG_4531/csubst_w_s/csubst_input_alignment.fa -te tmp.csubst.nwk -m ECMK07+F+R4 --seqtype CODON1 --threads-max 1 -T AUTO --ancestral --rate --redo
Seed:    37615 (Using SPRNG - Scalable Parallel Random Number Generator)
Time:    Fri Mar 27 14:16:05 2026
Kernel:  AVX+FMA - auto-detect threads (128 CPU cores detected)

Reading alignment file /mnt/data0/yue/2026-03-11-protein-convergence/results/OG_4531/csubst_w_s/csubst_input_alignment.fa ... Fasta format detected
Reading fasta file: done in 0.00080134 secs
Alignment most likely contains DNA/RNA sequences
Converting to codon sequences with genetic code 1 ...
WARNING: 1 sites contain only gaps or ambiguous characters.
Alignment has 79 sequences with 180 columns, 175 distinct patterns
112 parsimony-informative, 37 singleton sites, 31 constant sites
                                                              Gap/Ambiguity  Composition  p-value
Analyzing sequences: done in 3.55393e-05 secs using 95.67% CPU
   1  DE115|Cluster-31861.0__TRINITY_DN4457_c1_g1_i1.p1               0.56%    passed    100.00%
   2  DE152|Cluster-52569.0__TRINITY_DN1980_c0_g1_i1.p1               0.56%    passed    100.00%
   3  JJ99|Cluster-38466.0__TRINITY_DN1877_c2_g2_i2.p1                0.56%    passed    100.00%
   4  SRR3424066|Cluster-20223.0__TRINITY_DN41567_c0_g1_i1.p1        37.22%    passed    100.00%
   5  JJ23|Cluster-18009.0__TRINITY_DN61157_c0_g1_i1.p1               0.56%    passed    100.00%
   6  DE680|Cluster-58381.0__TRINITY_DN3854_c0_g1_i1.p1               0.56%    passed    100.00%
   7  DE546_urceolata_l|Cluster-5702.0__TRINITY_DN1863_c2_g1_i1.p1    0.56%    passed    100.00%
   8  DE181|Cluster-3038.0__TRINITY_DN16803_c0_g1_i1.p1               0.56%    passed    100.00%
   9  SRR3407086|Cluster-16149.0__TRINITY_DN6059_c0_g1_i1.p1          0.56%    passed    100.00%
  10  SRR3407094|Cluster-15667.0__TRINITY_DN46300_c0_g1_i1.p1         0.56%    passed    100.00%
  11  DE561|Cluster-26165.0__TRINITY_DN41691_c0_g1_i1.p1              0.56%    passed    100.00%
  12  DE536|Cluster-43487.0__TRINITY_DN9738_c1_g1_i1.p1              46.67%    passed     99.98%
  13  DE69|Cluster-50426.1__TRINITY_DN11659_c1_g2_i3.p1               0.56%    passed    100.00%
  14  SRR3407095|Cluster-19188.0__TRINITY_DN6485_c0_g2_i1.p1          0.56%    passed    100.00%
  15  SRR3407088|Cluster-10657.0__TRINITY_DN4835_c0_g1_i1.p1          0.56%    passed    100.00%
  16  JJ85|Cluster-41303.0__TRINITY_DN7313_c1_g1_i1.p1                0.56%    passed    100.00%
  17  SRR3407093|Cluster-21857.0__TRINITY_DN38641_c0_g1_i1.p1         0.56%    passed    100.00%
  18  DE741|Cluster-10619.0__TRINITY_DN1889_c1_g2_i1.p1               0.56%    passed    100.00%
  19  SRR3407096|Cluster-5805.0__TRINITY_DN21331_c0_g1_i1.p1          0.56%    passed    100.00%
  20  DE523|Cluster-26180.0__TRINITY_DN66632_c0_g1_i2.p1              0.56%    passed    100.00%
  21  DE503|Cluster-11343.0__TRINITY_DN91944_c0_g1_i1.p1              0.56%    passed    100.00%
  22  DE505|Cluster-19603.0__TRINITY_DN6812_c0_g1_i1.p1               0.56%    passed    100.00%
  23  DE510|Cluster-49124.0__TRINITY_DN48324_c0_g1_i1.p1              0.56%    passed    100.00%
  24  SRR3407087|Cluster-14879.0__TRINITY_DN41504_c0_g1_i1.p1         0.56%    passed    100.00%
  25  SRR3407092|Cluster-11759.0__TRINITY_DN27974_c0_g1_i1.p1         0.56%    passed    100.00%
  26  DE566|Cluster-59471.0__TRINITY_DN4118_c3_g1_i1.p1               0.56%    passed    100.00%
  27  DRR082660|Cluster-43574.0__TRINITY_DN16701_c0_g1_i1.p1          0.56%    passed    100.00%
  28  SRR5150740|Cluster-38686.0__TRINITY_DN9285_c0_g2_i2.p1         18.33%    passed     20.17%
  29  JJ125|Cluster-13047.0__TRINITY_DN17276_c0_g1_i2.p1              0.56%    passed    100.00%
  30  DE126|Cluster-26673.0__TRINITY_DN3438_c0_g1_i1.p1               0.56%    passed    100.00%
  31  DE550|Cluster-36977.0__TRINITY_DN3977_c0_g1_i2.p1              33.33%    passed     99.99%
  32  DE563|Cluster-12893.0__TRINITY_DN4637_c0_g1_i2.p1               0.56%    passed    100.00%
  33  DE623|Cluster-43774.0__TRINITY_DN12066_c0_g1_i1.p1              0.56%    passed    100.00%
  34  JJ86|Cluster-3693.0__TRINITY_DN8444_c0_g1_i1.p1                 0.56%    passed    100.00%
  35  DE127|Cluster-11255.0__TRINITY_DN12114_c0_g1_i1.p1              0.56%    passed    100.00%
  36  DE554|Cluster-4520.0__TRINITY_DN7021_c0_g1_i1.p1                0.56%    passed    100.00%
  37  DE666|Cluster-28081.1__TRINITY_DN4038_c0_g1_i2.p1               0.56%    passed    100.00%
  38  DE151|Cluster-38826.0__TRINITY_DN26618_c0_g1_i1.p1              0.56%    passed    100.00%
  39  JJ130|Cluster-40386.0__TRINITY_DN11337_c0_g1_i5.p1             46.67%    passed     99.60%
  40  DE173|Cluster-27257.0__TRINITY_DN7736_c0_g1_i1.p1               0.56%    passed    100.00%
  41  DE541|Cluster-36902.0__TRINITY_DN10608_c0_g2_i1.p1              0.56%    passed    100.00%
  42  DE643|Cluster-28275.1__TRINITY_DN8098_c0_g1_i2.p1               0.56%    passed    100.00%
  43  DE671|Cluster-26580.0__TRINITY_DN2596_c0_g1_i2.p1               0.56%    passed    100.00%
  44  DE737|Cluster-24752.0__TRINITY_DN11677_c0_g1_i1.p1              0.56%    passed    100.00%
  45  DE764|Cluster-17559.0__TRINITY_DN44477_c0_g1_i1.p1              0.56%    passed    100.00%
  46  DE164|Cluster-49723.1__TRINITY_DN10776_c0_g1_i7.p1              0.56%    passed    100.00%
  47  DE88|Cluster-7182.0__TRINITY_DN7891_c0_g1_i3.p1                 0.56%    passed    100.00%
  48  DE549|Cluster-47654.0__TRINITY_DN10716_c0_g1_i1.p1              0.56%    passed    100.00%
  49  DE736|Cluster-61480.0__TRINITY_DN80809_c0_g1_i2.p1              0.56%    passed    100.00%
  50  DE672|Cluster-24930.0__TRINITY_DN8012_c0_g1_i1.p1               0.56%    passed    100.00%
  51  DE476|Cluster-32432.0__TRINITY_DN5979_c0_g1_i1.p1               2.22%    passed    100.00%
  52  DE504|Cluster-44625.0__TRINITY_DN65194_c0_g1_i1.p1              0.56%    passed    100.00%
  53  JJ109|Cluster-21910.0__TRINITY_DN101_c3_g1_i1.p1                0.56%    passed    100.00%
  54  DE509|Cluster-26647.0__TRINITY_DN76868_c0_g1_i1.p1              0.56%    passed     99.92%
  55  JJ89|Cluster-14718.0__TRINITY_DN2681_c0_g1_i2.p1                5.00%    passed    100.00%
  56  DE531|Cluster-36953.0__TRINITY_DN10972_c0_g1_i2.p1             28.33%    passed    100.00%
  57  JJ36|Cluster-28354.0__TRINITY_DN4542_c0_g1_i1.p1                0.56%    passed    100.00%
  58  DE696-dots|Cluster-45923.0__TRINITY_DN17295_c0_g1_i1.p1         1.11%    passed    100.00%
  59  DE696-nodots|Cluster-19607.1__TRINITY_DN5851_c0_g1_i2.p1        1.11%    passed    100.00%
  60  DE668|Cluster-47447.1__TRINITY_DN11240_c0_g1_i2.p1              0.56%    passed    100.00%
  61  DE560|Cluster-1173.0__TRINITY_DN994_c0_g2_i1.p1                 0.56%    passed    100.00%
  62  DE216|Cluster-24204.0__TRINITY_DN4178_c1_g1_i1.p1               0.56%    passed    100.00%
  63  JJ15|Cluster-69556.0__TRINITY_DN38799_c0_g1_i1.p1               0.56%    passed    100.00%
  64  DE542|Cluster-64731.0__TRINITY_DN5520_c0_g1_i2.p1               0.56%    passed    100.00%
  65  DE534|Cluster-16038.0__TRINITY_DN8689_c0_g1_i1.p1               0.56%    passed    100.00%
  66  DE162|Cluster-15182.0__TRINITY_DN904_c0_g1_i1.p1                0.56%    passed    100.00%
  67  DE507|Cluster-82882.0__TRINITY_DN5521_c0_g3_i1.p1               0.56%    passed    100.00%
  68  DE528|Cluster-4879.0__TRINITY_DN4744_c0_g1_i1.p1                0.56%    passed    100.00%
  69  DE575|Cluster-21708.0__TRINITY_DN5946_c1_g2_i1.p1               0.56%    passed     99.87%
  70  DE704-purple|Cluster-18020.0__TRINITY_DN1575_c0_g1_i1.p1        0.56%    passed    100.00%
  71  DE704-white|Cluster-51913.0__TRINITY_DN1251_c0_g1_i1.p1         0.56%    passed    100.00%
  72  DE765|Cluster-33515.0__TRINITY_DN4146_c0_g1_i1.p1               0.56%    passed    100.00%
  73  DE681|Cluster-5501.0__TRINITY_DN8624_c0_g1_i1.p1                0.56%    passed    100.00%
  74  DE229|Cluster-62254.1__TRINITY_DN6597_c0_g1_i4.p1               0.56%    passed     33.47%
  75  SRR104381|Cluster-30527.0__TRINITY_DN32917_c0_g1_i1.p1          0.56%    failed      2.11%
  76  DRR234970|Cluster-24130.0__TRINITY_DN8828_c0_g1_i1.p1           0.56%    failed      0.04%
  77  JJ131|Cluster-67390.3__TRINITY_DN14793_c0_g2_i4.p1             18.89%    passed     99.99%
  78  DE189|Cluster-15131.0__TRINITY_DN8521_c0_g1_i1.p1              46.67%    passed     98.01%
  79  SRR11748982|Cluster-31737.4__TRINITY_DN6996_c0_g1_i4.p1         0.56%    passed     17.02%
****  TOTAL                                                           4.09%  2 sequences failed composition chi2 test (p-value<5%; df=60)
Reading input tree file tmp.csubst.nwk ... rooted tree

NOTE: 35 MB RAM (0 GB) is required!
Measuring multi-threading efficiency up to 1 CPU cores
2 trees examined
Threads: 1 / Time: 2.005 sec / Speedup: 1.000 / Efficiency: 100% / LogL: -6889
BEST NUMBER OF THREADS: 1

Estimate model parameters (epsilon = 0.010)
1. Initial log-likelihood: -6361.089
2. Current log-likelihood: -4488.868
3. Current log-likelihood: -4481.459
4. Current log-likelihood: -4481.394
5. Current log-likelihood: -4481.361
6. Current log-likelihood: -4481.339
7. Current log-likelihood: -4481.321
8. Current log-likelihood: -4481.307
9. Current log-likelihood: -4479.667
10. Current log-likelihood: -4479.636
11. Current log-likelihood: -4479.619
12. Current log-likelihood: -4479.605
13. Current log-likelihood: -4479.594
Optimal log-likelihood: -4479.414
Nonsynonymous/synonymous ratio (omega): 1.000
Transition/transversion ratio (kappa): 1.000
Site proportion and rates:  (0.507,0.354) (0.371,1.148) (0.110,2.953) (0.013,5.526)
Parameters optimization took 13 rounds (77.617 sec)
Wrote distance file to... 
BEST SCORE FOUND : -4479.414
Ancestral state probabilities printed to /mnt/data0/yue/2026-03-11-protein-convergence/results/OG_4531/csubst_w_s/csubst_input_alignment.fa.state
Empirical proportions for each category: 0.489 0.383 0.122 0.006
Site rates printed to /mnt/data0/yue/2026-03-11-protein-convergence/results/OG_4531/csubst_w_s/csubst_input_alignment.fa.rate
Total tree length: 4.040

Total number of iterations: 0
CPU time used for tree search: 0.000 sec (0h:0m:0s)
Wall-clock time used for tree search: 0.000 sec (0h:0m:0s)
Total CPU time used: 80.705 sec (0h:1m:20s)
Total wall-clock time used: 80.845 sec (0h:1m:20s)

Analysis results written to: 
  IQ-TREE report:                /mnt/data0/yue/2026-03-11-protein-convergence/results/OG_4531/csubst_w_s/csubst_input_alignment.fa.iqtree
  Maximum-likelihood tree:       /mnt/data0/yue/2026-03-11-protein-convergence/results/OG_4531/csubst_w_s/csubst_input_alignment.fa.treefile
  Site-specific rates:           /mnt/data0/yue/2026-03-11-protein-convergence/results/OG_4531/csubst_w_s/csubst_input_alignment.fa.rate
  Ancestral state:               /mnt/data0/yue/2026-03-11-protein-convergence/results/OG_4531/csubst_w_s/csubst_input_alignment.fa.state
  Screen log file:               /mnt/data0/yue/2026-03-11-protein-convergence/results/OG_4531/csubst_w_s/csubst_input_alignment.fa.log

Date and Time: Fri Mar 27 14:17:25 2026
