IQ-TREE multicore version 2.4.0 for Linux x86 64-bit built Feb 12 2025
Developed by Bui Quang Minh, Nguyen Lam Tung, Olga Chernomor, Heiko Schmidt,
Dominik Schrempf, Michael Woodhams, Ly Trong Nhan, Thomas Wong

Host:    brain (AVX2, FMA3, 2015 GB RAM)
Command: /home/yue/miniconda3/envs/py39/bin/iqtree -s /mnt/data0/yue/2026-03-11-protein-convergence/results/OG_2646/csubst_w_s/csubst_input_alignment.fa -te tmp.csubst.nwk -m ECMK07+F+R4 --seqtype CODON1 --threads-max 1 -T AUTO --ancestral --rate --redo
Seed:    646901 (Using SPRNG - Scalable Parallel Random Number Generator)
Time:    Fri Mar 27 05:36:54 2026
Kernel:  AVX+FMA - auto-detect threads (128 CPU cores detected)

Reading alignment file /mnt/data0/yue/2026-03-11-protein-convergence/results/OG_2646/csubst_w_s/csubst_input_alignment.fa ... Fasta format detected
Reading fasta file: done in 0.00428468 secs using 88.94% CPU
Alignment most likely contains DNA/RNA sequences
Converting to codon sequences with genetic code 1 ...
WARNING: 1 sites contain only gaps or ambiguous characters.
Alignment has 81 sequences with 1104 columns, 1047 distinct patterns
612 parsimony-informative, 309 singleton sites, 182 constant sites
                                                                Gap/Ambiguity  Composition  p-value
Analyzing sequences: done in 0.000211611 secs using 99.24% CPU
   1  SRR11748982|Cluster-28900.0__TRINITY_DN14300_c0_g1_i1.p1          2.54%    failed      3.75%
   2  DE216|Cluster-29505.8__TRINITY_DN11163_c0_g2_i6.p1               30.62%    passed    100.00%
   3  DE534|Cluster-65836.0__TRINITY_DN14625_c0_g1_i2.p1                0.18%    passed    100.00%
   4  DE542|Cluster-25032.0__TRINITY_DN3665_c1_g1_i4.p1                 0.18%    passed    100.00%
   5  DE115|Cluster-66580.3__TRINITY_DN390_c0_g1_i23.p1                 0.09%    passed    100.00%
   6  JJ86|Cluster-49051.0__TRINITY_DN3514_c2_g1_i4.p1                  0.09%    passed    100.00%
   7  DE546_urceolata_l|Cluster-38227.2__TRINITY_DN6138_c0_g1_i20.p1    0.09%    passed    100.00%
   8  DE162|Cluster-43477.0__TRINITY_DN7436_c0_g1_i2.p1                 0.09%    passed    100.00%
   9  DE507|Cluster-57839.0__TRINITY_DN10931_c0_g1_i13.p1               0.09%    passed    100.00%
  10  DE704-white|Cluster-60446.0__TRINITY_DN10518_c0_g1_i4.p1          0.09%    passed    100.00%
  11  DE528|Cluster-60341.0__TRINITY_DN6700_c0_g1_i11.p1                0.09%    passed    100.00%
  12  DE704-purple|Cluster-43024.0__TRINITY_DN21691_c0_g1_i4.p1         0.09%    passed    100.00%
  13  DE575|Cluster-52187.0__TRINITY_DN7644_c0_g1_i2.p1                 0.09%    passed    100.00%
  14  DE681|Cluster-55552.0__TRINITY_DN10571_c0_g1_i8.p1                0.09%    passed    100.00%
  15  DE765|Cluster-25863.0__TRINITY_DN9498_c0_g1_i4.p1                10.60%    passed    100.00%
  16  DE680|Cluster-57528.4__TRINITY_DN471_c0_g1_i13.p1                 0.09%    passed    100.00%
  17  DE623|Cluster-44971.0__TRINITY_DN7018_c0_g1_i7.p1                 0.09%    passed    100.00%
  18  DE666|Cluster-26342.0__TRINITY_DN8310_c0_g1_i14.p1               17.21%    passed    100.00%
  19  JJ74|Cluster-115427.1__TRINITY_DN3159_c0_g1_i6.p1                 0.09%    passed    100.00%
  20  DE229|Cluster-93825.1__TRINITY_DN5615_c0_g2_i2.p1                 0.09%    passed    100.00%
  21  JJ23|Cluster-22348.0__TRINITY_DN3450_c0_g1_i11.p1                 0.09%    passed    100.00%
  22  DE563|Cluster-25086.0__TRINITY_DN3844_c1_g1_i2.p1                 0.18%    passed    100.00%
  23  DE126|Cluster-44874.0__TRINITY_DN2634_c0_g1_i2.p1                 0.09%    passed    100.00%
  24  DE668|Cluster-49890.0__TRINITY_DN7035_c0_g1_i4.p1                 0.09%    passed    100.00%
  25  DE127|Cluster-30933.4__TRINITY_DN8073_c0_g1_i12.p1                0.09%    passed    100.00%
  26  DE554|Cluster-59695.3__TRINITY_DN1623_c1_g1_i8.p1                 0.09%    passed    100.00%
  27  JJ15|Cluster-48294.0__TRINITY_DN6014_c6_g1_i1.p1                  6.34%    passed    100.00%
  28  DE151|Cluster-52867.0__TRINITY_DN21203_c0_g4_i1.p1                0.09%    passed    100.00%
  29  DE173|Cluster-43899.0__TRINITY_DN7926_c0_g1_i3.p1                 0.09%    passed    100.00%
  30  JJ130|Cluster-29806.0__TRINITY_DN13379_c0_g1_i3.p1                0.09%    passed    100.00%
  31  JJ109|Cluster-7705.0__TRINITY_DN8563_c0_g1_i3.p1                  0.09%    passed    100.00%
  32  DE189|Cluster-38191.0__TRINITY_DN13254_c0_g1_i4.p1                0.09%    passed    100.00%
  33  DE164|Cluster-56325.0__TRINITY_DN11733_c0_g1_i4.p1               10.60%    passed    100.00%
  34  DE531|Cluster-30003.0__TRINITY_DN10117_c0_g1_i10.p1               0.09%    passed    100.00%
  35  DE696-dots|Cluster-44325.0__TRINITY_DN6430_c0_g1_i2.p1            0.09%    passed    100.00%
  36  DE696-nodots|Cluster-37228.0__TRINITY_DN9950_c0_g1_i1.p1          0.09%    passed    100.00%
  37  JJ36|Cluster-42253.0__TRINITY_DN11192_c0_g2_i4.p1                 0.09%    passed    100.00%
  38  DE550|Cluster-32332.0__TRINITY_DN3167_c0_g1_i2.p1                 0.09%    passed    100.00%
  39  DE643|Cluster-74748.0__TRINITY_DN2963_c0_g1_i1.p1                 0.09%    passed    100.00%
  40  DE671|Cluster-57688.0__TRINITY_DN7505_c0_g1_i1.p1                 0.09%    passed    100.00%
  41  DE737|Cluster-20696.0__TRINITY_DN8388_c0_g1_i1.p1                 0.09%    passed    100.00%
  42  DE88|Cluster-38009.0__TRINITY_DN26117_c0_g1_i1.p1                 0.09%    passed    100.00%
  43  DE476|Cluster-49128.0__TRINITY_DN8061_c1_g1_i6.p1                 0.09%    passed    100.00%
  44  DE541|Cluster-42274.0__TRINITY_DN8041_c0_g2_i2.p1                 0.09%    passed    100.00%
  45  JJ89|Cluster-26302.0__TRINITY_DN9724_c0_g1_i1.p1                  0.09%    passed    100.00%
  46  DE509|Cluster-44428.0__TRINITY_DN4764_c0_g1_i7.p1                 0.09%    passed    100.00%
  47  DE736|Cluster-46006.2__TRINITY_DN2308_c2_g1_i2.p1                 0.09%    passed    100.00%
  48  DE764|Cluster-46244.0__TRINITY_DN2474_c0_g1_i2.p1                 0.09%    passed    100.00%
  49  DE672|Cluster-52495.0__TRINITY_DN559_c0_g1_i6.p1                  0.09%    passed    100.00%
  50  DE549|Cluster-23194.0__TRINITY_DN11323_c0_g2_i2.p1                0.18%    passed    100.00%
  51  DE504|Cluster-35234.0__TRINITY_DN9330_c0_g1_i4.p1                10.69%    passed    100.00%
  52  JJ125|Cluster-24307.120__TRINITY_DN7201_c0_g4_i3.p1               0.09%    passed    100.00%
  53  DE69|Cluster-24079.0__TRINITY_DN11684_c0_g4_i8.p1                 0.09%    passed    100.00%
  54  SRR3407095|Cluster-15473.0__TRINITY_DN49766_c0_g1_i1.p1           0.09%    passed    100.00%
  55  JJ85|Cluster-24475.0__TRINITY_DN1256_c1_g1_i1.p1                  0.09%    passed    100.00%
  56  DRR082660|Cluster-27857.0__TRINITY_DN4558_c0_g2_i1.p1             0.09%    passed    100.00%
  57  DE560|Cluster-40188.0__TRINITY_DN4606_c1_g1_i2.p1                 0.09%    passed    100.00%
  58  DE741|Cluster-56452.0__TRINITY_DN14347_c0_g1_i2.p1                0.09%    passed    100.00%
  59  DE519|Cluster-56744.0__TRINITY_DN6685_c0_g2_i2.p1                 0.09%    passed    100.00%
  60  SRR3424066|Cluster-6325.0__TRINITY_DN12493_c0_g1_i1.p1            4.44%    passed    100.00%
  61  DE561|Cluster-38138.0__TRINITY_DN7215_c0_g1_i6.p1                 0.09%    passed    100.00%
  62  DE510|Cluster-48780.0__TRINITY_DN22178_c0_g1_i2.p1                0.09%    passed    100.00%
  63  SRR3407094|Cluster-38542.0__TRINITY_DN19440_c0_g2_i1.p1          39.49%    passed     99.99%
  64  SRR3407087|Cluster-34167.0__TRINITY_DN14794_c0_g2_i1.p1          52.45%    passed     99.56%
  65  SRR3407093|Cluster-39826.1__TRINITY_DN8280_c0_g1_i1.p1            0.09%    passed    100.00%
  66  SRR3407092|Cluster-20774.0__TRINITY_DN13388_c0_g2_i1.p1          30.53%    passed    100.00%
  67  SRR3407088|Cluster-9738.0__TRINITY_DN17917_c0_g1_i1.p1           13.32%    passed    100.00%
  68  DE503|Cluster-39701.0__TRINITY_DN14359_c0_g1_i1.p1                0.09%    passed    100.00%
  69  DE505|Cluster-37378.0__TRINITY_DN6205_c0_g1_i1.p1                 0.09%    passed    100.00%
  70  DE181|Cluster-20929.0__TRINITY_DN11315_c0_g1_i2.p1                0.09%    passed    100.00%
  71  SRR3407086|Cluster-35955.0__TRINITY_DN15374_c0_g1_i1.p1           0.09%    passed    100.00%
  72  DE523|Cluster-52636.0__TRINITY_DN7601_c0_g1_i7.p1                 0.09%    passed    100.00%
  73  SRR3407096|Cluster-12624.0__TRINITY_DN27677_c0_g1_i1.p1           0.09%    passed    100.00%
  74  DE536|Cluster-53373.104__TRINITY_DN16051_c0_g2_i3.p1              0.09%    passed    100.00%
  75  DE152|Cluster-26749.1__TRINITY_DN3389_c0_g1_i2.p1                 0.09%    passed    100.00%
  76  JJ99|Cluster-23105.0__TRINITY_DN6242_c0_g1_i8.p1                  0.09%    passed    100.00%
  77  DE566|Cluster-30079.1__TRINITY_DN2936_c1_g1_i3.p1                 0.09%    passed    100.00%
  78  JJ131|Cluster-46300.0__TRINITY_DN5797_c0_g1_i3.p1                 0.27%    passed    100.00%
  79  SRR104381|Cluster-15341.0__TRINITY_DN29276_c0_g1_i1.p1            0.91%    passed     85.41%
  80  SRR11748982|Cluster-5768.0__TRINITY_DN14300_c0_g2_i1.p1           8.15%    failed      0.00%
  81  DRR082665|Cluster-26689.1__TRINITY_DN7476_c0_g1_i1.p1            49.37%    failed      0.40%
WARNING: 1 sequences contain more than 50% gaps/ambiguity
****  TOTAL                                                             3.63%  3 sequences failed composition chi2 test (p-value<5%; df=60)
WARNING: States(s) TGG rarely appear in alignment and may cause numerical problems
Reading input tree file tmp.csubst.nwk ... rooted tree

NOTE: 168 MB RAM (0 GB) is required!
Measuring multi-threading efficiency up to 1 CPU cores
2 trees examined
Threads: 1 / Time: 9.325 sec / Speedup: 1.000 / Efficiency: 100% / LogL: -33978
BEST NUMBER OF THREADS: 1

Estimate model parameters (epsilon = 0.010)
1. Initial log-likelihood: -38657.166
2. Current log-likelihood: -21044.692
3. Current log-likelihood: -21007.551
4. Current log-likelihood: -21007.524
5. Current log-likelihood: -21007.505
6. Current log-likelihood: -21007.491
7. Current log-likelihood: -21007.480
Optimal log-likelihood: -21007.470
Nonsynonymous/synonymous ratio (omega): 1.000
Transition/transversion ratio (kappa): 1.000
Site proportion and rates:  (0.541,0.467) (0.313,1.185) (0.140,2.516) (0.006,3.942)
Parameters optimization took 7 rounds (249.681 sec)
Wrote distance file to... 
BEST SCORE FOUND : -21007.470
Ancestral state probabilities printed to /mnt/data0/yue/2026-03-11-protein-convergence/results/OG_2646/csubst_w_s/csubst_input_alignment.fa.state
Empirical proportions for each category: 0.619 0.264 0.118 0.000
Site rates printed to /mnt/data0/yue/2026-03-11-protein-convergence/results/OG_2646/csubst_w_s/csubst_input_alignment.fa.rate
Total tree length: 3.187

Total number of iterations: 0
CPU time used for tree search: 0.000 sec (0h:0m:0s)
Wall-clock time used for tree search: 0.000 sec (0h:0m:0s)
Total CPU time used: 265.931 sec (0h:4m:25s)
Total wall-clock time used: 266.650 sec (0h:4m:26s)

Analysis results written to: 
  IQ-TREE report:                /mnt/data0/yue/2026-03-11-protein-convergence/results/OG_2646/csubst_w_s/csubst_input_alignment.fa.iqtree
  Maximum-likelihood tree:       /mnt/data0/yue/2026-03-11-protein-convergence/results/OG_2646/csubst_w_s/csubst_input_alignment.fa.treefile
  Site-specific rates:           /mnt/data0/yue/2026-03-11-protein-convergence/results/OG_2646/csubst_w_s/csubst_input_alignment.fa.rate
  Ancestral state:               /mnt/data0/yue/2026-03-11-protein-convergence/results/OG_2646/csubst_w_s/csubst_input_alignment.fa.state
  Screen log file:               /mnt/data0/yue/2026-03-11-protein-convergence/results/OG_2646/csubst_w_s/csubst_input_alignment.fa.log

Date and Time: Fri Mar 27 05:41:21 2026
