IQ-TREE multicore version 2.4.0 for Linux x86 64-bit built Feb 12 2025
Developed by Bui Quang Minh, Nguyen Lam Tung, Olga Chernomor, Heiko Schmidt,
Dominik Schrempf, Michael Woodhams, Ly Trong Nhan, Thomas Wong

Host:    brain (AVX2, FMA3, 2015 GB RAM)
Command: /home/yue/miniconda3/envs/py39/bin/iqtree -s /mnt/data0/yue/2026-03-11-protein-convergence/results/OG_9706/csubst_w_s/csubst_input_alignment.fa -te tmp.csubst.nwk -m ECMK07+F+R4 --seqtype CODON1 --threads-max 1 -T AUTO --ancestral --rate --redo
Seed:    214060 (Using SPRNG - Scalable Parallel Random Number Generator)
Time:    Sat Mar 28 06:14:23 2026
Kernel:  AVX+FMA - auto-detect threads (128 CPU cores detected)

Reading alignment file /mnt/data0/yue/2026-03-11-protein-convergence/results/OG_9706/csubst_w_s/csubst_input_alignment.fa ... Fasta format detected
Reading fasta file: done in 0.00236557 secs using 97.02% CPU
Alignment most likely contains DNA/RNA sequences
Converting to codon sequences with genetic code 1 ...
Alignment has 69 sequences with 390 columns, 371 distinct patterns
220 parsimony-informative, 75 singleton sites, 95 constant sites
                                                           Gap/Ambiguity  Composition  p-value
Analyzing sequences: done in 0.000109881 secs using 99.2% CPU
   1  DE519|Cluster-37576.1__TRINITY_DN4801_c1_g1_i1.p1           35.38%    passed    100.00%
   2  DE741|Cluster-25352.0__TRINITY_DN1969_c0_g1_i4.p1            4.10%    passed    100.00%
   3  DE115|Cluster-68023.0__TRINITY_DN194_c0_g3_i3.p1             0.26%    passed    100.00%
   4  JJ86|Cluster-35268.3__TRINITY_DN5220_c1_g1_i8.p1             0.26%    passed    100.00%
   5  DE126|Cluster-25692.0__TRINITY_DN4868_c1_g1_i14.p1           9.74%    passed    100.00%
   6  DE563|Cluster-27285.0__TRINITY_DN4454_c0_g1_i4.p1            0.26%    passed    100.00%
   7  DE162|Cluster-39264.1__TRINITY_DN3504_c0_g2_i10.p1           0.51%    passed    100.00%
   8  DE507|Cluster-88620.0__TRINITY_DN17687_c0_g1_i3.p1           0.00%    passed    100.00%
   9  DE528|Cluster-60546.0__TRINITY_DN1669_c0_g1_i1.p1            0.00%    passed    100.00%
  10  DE704-purple|Cluster-38333.1__TRINITY_DN9950_c0_g1_i2.p1     0.26%    passed    100.00%
  11  DE704-white|Cluster-28981.0__TRINITY_DN9120_c0_g1_i3.p1      0.26%    passed    100.00%
  12  DE623|Cluster-11480.2__TRINITY_DN5053_c0_g1_i8.p1            0.77%    passed    100.00%
  13  DE680|Cluster-46246.2__TRINITY_DN20505_c0_g1_i1.p1           0.77%    passed    100.00%
  14  DE668|Cluster-42645.0__TRINITY_DN13297_c1_g2_i2.p1          35.38%    passed     99.97%
  15  DE575|Cluster-25842.3__TRINITY_DN893_c0_g1_i14.p1            0.00%    passed    100.00%
  16  DE681|Cluster-34332.1__TRINITY_DN7907_c0_g1_i4.p1            0.00%    passed    100.00%
  17  DE765|Cluster-36902.0__TRINITY_DN1146_c0_g1_i1.p1            0.00%    passed    100.00%
  18  JJ23|Cluster-22705.0__TRINITY_DN279_c0_g2_i1.p1              0.26%    passed    100.00%
  19  DE229|Cluster-66424.0__TRINITY_DN13178_c0_g1_i2.p1           0.26%    passed    100.00%
  20  DE151|Cluster-45821.0__TRINITY_DN2152_c0_g1_i2.p1            0.26%    passed    100.00%
  21  DE173|Cluster-52902.0__TRINITY_DN3125_c0_g1_i2.p1            0.26%    passed    100.00%
  22  DE189|Cluster-4543.0__TRINITY_DN8541_c2_g1_i2.p1             0.26%    passed    100.00%
  23  JJ109|Cluster-8403.1__TRINITY_DN2682_c0_g1_i1.p1             0.26%    passed    100.00%
  24  JJ130|Cluster-49520.0__TRINITY_DN5408_c0_g1_i6.p1            0.26%    passed    100.00%
  25  DE531|Cluster-35369.6__TRINITY_DN21641_c0_g1_i3.p1           0.51%    passed    100.00%
  26  DE696-dots|Cluster-59349.19__TRINITY_DN3206_c0_g1_i8.p1      0.26%    passed    100.00%
  27  DE696-nodots|Cluster-4931.379__TRINITY_DN3595_c0_g1_i1.p1    0.26%    passed    100.00%
  28  JJ36|Cluster-36296.3__TRINITY_DN12010_c0_g1_i1.p1            0.26%    passed    100.00%
  29  JJ89|Cluster-8292.0__TRINITY_DN4954_c0_g2_i1.p1              0.26%    passed    100.00%
  30  DE643|Cluster-43204.0__TRINITY_DN54935_c0_g2_i4.p1           0.26%    passed    100.00%
  31  DE671|Cluster-43161.0__TRINITY_DN35493_c0_g1_i7.p1           0.26%    passed    100.00%
  32  DE672|Cluster-39191.0__TRINITY_DN1176_c0_g1_i3.p1            0.26%    passed    100.00%
  33  DE560|Cluster-28385.0__TRINITY_DN6682_c0_g1_i3.p1           13.85%    passed    100.00%
  34  DE737|Cluster-47826.0__TRINITY_DN12067_c0_g1_i6.p1           0.26%    passed    100.00%
  35  DE549|Cluster-53724.0__TRINITY_DN3102_c0_g1_i1.p1            0.26%    passed    100.00%
  36  DE504|Cluster-18600.0__TRINITY_DN2823_c0_g1_i13.p1           0.26%    passed    100.00%
  37  DE509|Cluster-47199.0__TRINITY_DN9825_c1_g1_i4.p1            0.26%    passed    100.00%
  38  DE736|Cluster-43517.1__TRINITY_DN3001_c0_g1_i5.p1            0.26%    passed    100.00%
  39  DE764|Cluster-13477.1__TRINITY_DN1371_c1_g1_i7.p1            0.26%    passed    100.00%
  40  JJ131|Cluster-68064.0__TRINITY_DN22944_c0_g2_i1.p1           0.26%    passed    100.00%
  41  DE536|Cluster-31141.0__TRINITY_DN6967_c0_g1_i1.p1            3.59%    passed    100.00%
  42  JJ125|Cluster-37574.0__TRINITY_DN3334_c0_g1_i1.p1            0.26%    passed    100.00%
  43  DE566|Cluster-60301.0__TRINITY_DN8263_c0_g1_i8.p1            0.26%    passed    100.00%
  44  SRR3424066|Cluster-25689.0__TRINITY_DN3610_c0_g1_i2.p1       0.26%    passed    100.00%
  45  DE181|Cluster-42213.2__TRINITY_DN3914_c0_g1_i1.p1            0.26%    passed    100.00%
  46  DE561|Cluster-14148.1__TRINITY_DN16002_c0_g1_i5.p1           0.26%    passed    100.00%
  47  SRR3407086|Cluster-32600.0__TRINITY_DN674_c0_g1_i1.p1        0.26%    passed    100.00%
  48  SRR3407088|Cluster-15406.0__TRINITY_DN2201_c0_g1_i4.p1       0.26%    passed    100.00%
  49  SRR3407093|Cluster-27346.0__TRINITY_DN1002_c0_g1_i5.p1       0.26%    passed    100.00%
  50  SRR3407094|Cluster-2812.0__TRINITY_DN544_c0_g1_i3.p1         0.26%    passed    100.00%
  51  DE505|Cluster-57654.1__TRINITY_DN3496_c0_g2_i2.p1            0.26%    passed    100.00%
  52  SRR3407092|Cluster-21785.0__TRINITY_DN5181_c0_g1_i2.p1       0.26%    passed    100.00%
  53  DE510|Cluster-39715.2__TRINITY_DN3711_c0_g1_i1.p1            0.26%    passed    100.00%
  54  SRR3407087|Cluster-43404.0__TRINITY_DN8740_c0_g1_i1.p1       0.26%    passed    100.00%
  55  DE503|Cluster-60893.0__TRINITY_DN3842_c0_g1_i2.p1           24.36%    passed    100.00%
  56  SRR3407095|Cluster-49536.0__TRINITY_DN10145_c0_g1_i1.p1      0.26%    passed    100.00%
  57  DE69|Cluster-55503.3__TRINITY_DN3092_c1_g3_i3.p1             0.77%    passed    100.00%
  58  SRR3407096|Cluster-31473.0__TRINITY_DN2375_c0_g1_i2.p1       0.26%    passed    100.00%
  59  DE523|Cluster-29345.0__TRINITY_DN2029_c0_g1_i1.p1            0.26%    passed    100.00%
  60  DE216|Cluster-53819.0__TRINITY_DN9221_c0_g1_i2.p1            0.26%    passed    100.00%
  61  JJ15|Cluster-54433.0__TRINITY_DN1454_c0_g1_i4.p1             0.26%    passed    100.00%
  62  DE534|Cluster-24842.2__TRINITY_DN19669_c0_g1_i28.p1          0.26%    passed    100.00%
  63  DE542|Cluster-62036.0__TRINITY_DN24229_c0_g1_i8.p1          39.49%    passed     99.93%
  64  JJ85|Cluster-3831.38__TRINITY_DN759_c0_g1_i1.p1              0.26%    passed    100.00%
  65  DE152|Cluster-47211.1__TRINITY_DN5616_c2_g2_i1.p1            0.26%    passed    100.00%
  66  JJ99|Cluster-32188.0__TRINITY_DN24620_c0_g1_i9.p1            0.26%    passed    100.00%
  67  JJ74|Cluster-71434.0__TRINITY_DN9672_c0_g1_i3.p1             0.77%    passed    100.00%
  68  DE127|Cluster-7123.0__TRINITY_DN2603_c0_g4_i1.p1             0.26%    passed    100.00%
  69  DE541|Cluster-32082.2__TRINITY_DN8332_c0_g1_i2.p1            0.26%    passed    100.00%
****  TOTAL                                                        2.65%  0 sequences failed composition chi2 test (p-value<5%; df=60)
Reading input tree file tmp.csubst.nwk ... rooted tree

NOTE: 56 MB RAM (0 GB) is required!
Measuring multi-threading efficiency up to 1 CPU cores
2 trees examined
Threads: 1 / Time: 2.864 sec / Speedup: 1.000 / Efficiency: 100% / LogL: -14203
BEST NUMBER OF THREADS: 1

Estimate model parameters (epsilon = 0.010)
1. Initial log-likelihood: -12572.919
2. Current log-likelihood: -8266.526
3. Current log-likelihood: -8248.775
4. Current log-likelihood: -8246.268
5. Current log-likelihood: -8246.016
6. Current log-likelihood: -8245.813
7. Current log-likelihood: -8243.986
8. Current log-likelihood: -8243.793
9. Current log-likelihood: -8243.625
10. Current log-likelihood: -8243.457
11. Current log-likelihood: -8242.368
12. Current log-likelihood: -8242.226
13. Current log-likelihood: -8242.063
14. Current log-likelihood: -8241.841
15. Current log-likelihood: -8241.082
16. Current log-likelihood: -8240.931
17. Current log-likelihood: -8240.839
18. Current log-likelihood: -8240.300
19. Current log-likelihood: -8240.241
20. Current log-likelihood: -8240.202
21. Current log-likelihood: -8240.175
22. Current log-likelihood: -8240.157
23. Current log-likelihood: -8240.143
24. Current log-likelihood: -8240.133
25. Current log-likelihood: -8239.722
Optimal log-likelihood: -8239.714
Nonsynonymous/synonymous ratio (omega): 1.000
Transition/transversion ratio (kappa): 1.000
Site proportion and rates:  (0.422,0.246) (0.465,1.127) (0.108,2.920) (0.005,11.895)
Parameters optimization took 25 rounds (261.171 sec)
Wrote distance file to... 
BEST SCORE FOUND : -8239.714
Ancestral state probabilities printed to /mnt/data0/yue/2026-03-11-protein-convergence/results/OG_9706/csubst_w_s/csubst_input_alignment.fa.state
Empirical proportions for each category: 0.449 0.467 0.079 0.005
Site rates printed to /mnt/data0/yue/2026-03-11-protein-convergence/results/OG_9706/csubst_w_s/csubst_input_alignment.fa.rate
Total tree length: 3.113

Total number of iterations: 0
CPU time used for tree search: 0.000 sec (0h:0m:0s)
Wall-clock time used for tree search: 0.000 sec (0h:0m:0s)
Total CPU time used: 265.853 sec (0h:4m:25s)
Total wall-clock time used: 266.140 sec (0h:4m:26s)

Analysis results written to: 
  IQ-TREE report:                /mnt/data0/yue/2026-03-11-protein-convergence/results/OG_9706/csubst_w_s/csubst_input_alignment.fa.iqtree
  Maximum-likelihood tree:       /mnt/data0/yue/2026-03-11-protein-convergence/results/OG_9706/csubst_w_s/csubst_input_alignment.fa.treefile
  Site-specific rates:           /mnt/data0/yue/2026-03-11-protein-convergence/results/OG_9706/csubst_w_s/csubst_input_alignment.fa.rate
  Ancestral state:               /mnt/data0/yue/2026-03-11-protein-convergence/results/OG_9706/csubst_w_s/csubst_input_alignment.fa.state
  Screen log file:               /mnt/data0/yue/2026-03-11-protein-convergence/results/OG_9706/csubst_w_s/csubst_input_alignment.fa.log

Date and Time: Sat Mar 28 06:18:49 2026
