IQ-TREE multicore version 2.4.0 for Linux x86 64-bit built Feb 12 2025
Developed by Bui Quang Minh, Nguyen Lam Tung, Olga Chernomor, Heiko Schmidt,
Dominik Schrempf, Michael Woodhams, Ly Trong Nhan, Thomas Wong

Host:    brain (AVX2, FMA3, 2015 GB RAM)
Command: /home/yue/miniconda3/envs/py39/bin/iqtree -s /mnt/data0/yue/2026-03-11-protein-convergence/results/OG_10969/csubst_w_s/csubst_input_alignment.fa -te tmp.csubst.nwk -m ECMK07+F+R4 --seqtype CODON1 --threads-max 1 -T AUTO --ancestral --rate --redo
Seed:    641992 (Using SPRNG - Scalable Parallel Random Number Generator)
Time:    Thu Mar 26 21:39:35 2026
Kernel:  AVX+FMA - auto-detect threads (128 CPU cores detected)

Reading alignment file /mnt/data0/yue/2026-03-11-protein-convergence/results/OG_10969/csubst_w_s/csubst_input_alignment.fa ... Fasta format detected
Reading fasta file: done in 0.000448316 secs using 33.01% CPU
Alignment most likely contains DNA/RNA sequences
Converting to codon sequences with genetic code 1 ...
Alignment has 49 sequences with 154 columns, 151 distinct patterns
92 parsimony-informative, 30 singleton sites, 32 constant sites
                                                          Gap/Ambiguity  Composition  p-value
Analyzing sequences: done in 2.43485e-05 secs using 94.46% CPU
   1  DE519|Cluster-39228.2__TRINITY_DN2845_c0_g1_i10.p1         31.17%    passed     99.97%
   2  DE173|Cluster-41060.1__TRINITY_DN3719_c0_g1_i20.p1          0.65%    passed    100.00%
   3  DE765|Cluster-55701.0__TRINITY_DN19758_c0_g1_i3.p1          0.65%    passed    100.00%
   4  DE162|Cluster-26732.0__TRINITY_DN14998_c0_g1_i1.p1         24.03%    passed    100.00%
   5  DE680|Cluster-19883.2__TRINITY_DN8235_c0_g1_i4.p1           0.65%    passed    100.00%
   6  DE623|Cluster-58517.4__TRINITY_DN18638_c1_g1_i22.p1        28.57%    passed     96.20%
   7  DE126|Cluster-37129.0__TRINITY_DN11258_c0_g2_i2.p1         27.92%    passed    100.00%
   8  DE542|Cluster-28048.1__TRINITY_DN10798_c0_g1_i8.p1          0.65%    passed    100.00%
   9  DE536|Cluster-31971.0__TRINITY_DN6648_c0_g1_i1.p1          20.13%    passed    100.00%
  10  DE523|Cluster-26185.7__TRINITY_DN3189_c0_g1_i6.p1           0.65%    passed    100.00%
  11  SRR3407096|Cluster-26308.1__TRINITY_DN3749_c0_g1_i7.p1      0.65%    passed    100.00%
  12  DE229|Cluster-87395.1__TRINITY_DN1771_c0_g1_i17.p1         45.45%    passed     99.98%
  13  DE534|Cluster-71817.1__TRINITY_DN6785_c0_g1_i1.p1           0.65%    passed    100.00%
  14  DE216|Cluster-28930.1__TRINITY_DN24416_c0_g2_i7.p1          0.65%    passed     97.75%
  15  JJ15|Cluster-39200.0__TRINITY_DN12543_c0_g1_i2.p1           0.65%    passed     98.91%
  16  JJ99|Cluster-12117.0__TRINITY_DN39872_c0_g1_i1.p1           1.30%    passed    100.00%
  17  DE503|Cluster-44054.2__TRINITY_DN6643_c0_g1_i24.p1          0.65%    passed    100.00%
  18  SRR3407088|Cluster-15675.1__TRINITY_DN3871_c0_g1_i3.p1      0.65%    passed    100.00%
  19  SRR3407086|Cluster-22324.0__TRINITY_DN9084_c0_g1_i2.p1     35.06%    passed     99.99%
  20  SRR3424066|Cluster-32234.0__TRINITY_DN11432_c0_g1_i2.p1     0.65%    passed    100.00%
  21  DE510|Cluster-8140.0__TRINITY_DN18184_c1_g1_i4.p1           0.65%    passed    100.00%
  22  SRR3407087|Cluster-35965.0__TRINITY_DN7690_c0_g1_i4.p1      0.65%    passed    100.00%
  23  SRR3407093|Cluster-35185.0__TRINITY_DN5771_c0_g1_i3.p1      0.65%    passed    100.00%
  24  SRR3407094|Cluster-31955.0__TRINITY_DN1495_c1_g1_i1.p1      0.65%    passed    100.00%
  25  SRR3407092|Cluster-33594.0__TRINITY_DN8673_c0_g1_i4.p1     23.38%    passed    100.00%
  26  DE704-white|Cluster-59382.0__TRINITY_DN6344_c1_g1_i2.p1    17.53%    passed    100.00%
  27  DE528|Cluster-27884.0__TRINITY_DN8956_c0_g1_i5.p1           0.65%    passed    100.00%
  28  DE151|Cluster-55950.0__TRINITY_DN4663_c0_g1_i6.p1          22.08%    passed     99.88%
  29  DE88|Cluster-19239.1__TRINITY_DN12582_c0_g1_i7.p1           0.65%    passed    100.00%
  30  DE541|Cluster-3326.0__TRINITY_DN60261_c0_g1_i1.p1           0.65%    passed     97.64%
  31  DE672|Cluster-18268.1__TRINITY_DN7337_c0_g1_i4.p1           0.65%    passed     99.86%
  32  DE671|Cluster-45407.1__TRINITY_DN12606_c0_g1_i2.p1          0.65%    passed     53.09%
  33  JJ89|Cluster-7154.1__TRINITY_DN11793_c0_g1_i9.p1            2.60%    passed    100.00%
  34  DE531|Cluster-27224.0__TRINITY_DN14902_c0_g1_i1.p1          3.90%    passed    100.00%
  35  DE696-nodots|Cluster-63874.0__TRINITY_DN5330_c0_g3_i1.p1    0.65%    passed    100.00%
  36  JJ36|Cluster-34191.0__TRINITY_DN7445_c0_g1_i3.p1            0.65%    passed    100.00%
  37  DE549|Cluster-42117.2__TRINITY_DN1978_c0_g1_i1.p1           0.65%    passed    100.00%
  38  DE504|Cluster-50005.0__TRINITY_DN6083_c0_g1_i10.p1         45.45%    passed     99.87%
  39  JJ125|Cluster-17771.0__TRINITY_DN11922_c0_g1_i2.p1          0.65%    passed     99.91%
  40  SRR104381|Cluster-15366.0__TRINITY_DN11524_c0_g1_i2.p1     56.49%    passed     67.41%
  41  DE575|Cluster-54627.1__TRINITY_DN8347_c0_g1_i3.p1           0.65%    passed     99.99%
  42  DE681|Cluster-48318.0__TRINITY_DN18060_c0_g1_i3.p1         35.06%    passed    100.00%
  43  DE127|Cluster-39821.0__TRINITY_DN5427_c0_g1_i3.p1          22.08%    passed    100.00%
  44  DE554|Cluster-56546.0__TRINITY_DN12362_c0_g1_i6.p1          0.65%    passed     99.98%
  45  DE666|Cluster-26402.2__TRINITY_DN6460_c0_g1_i6.p1           0.65%    passed    100.00%
  46  JJ131|Cluster-22050.0__TRINITY_DN13353_c0_g1_i1.p1          3.25%    passed     98.59%
  47  JJ74|Cluster-56350.2__TRINITY_DN8761_c1_g1_i3.p1            2.60%    passed    100.00%
  48  DE560|Cluster-32415.1__TRINITY_DN6129_c1_g1_i1.p1           0.65%    passed    100.00%
  49  DE741|Cluster-52028.2__TRINITY_DN3322_c1_g3_i2.p1           9.74%    passed    100.00%
WARNING: 1 sequences contain more than 50% gaps/ambiguity
****  TOTAL                                                       9.73%  0 sequences failed composition chi2 test (p-value<5%; df=60)
Reading input tree file tmp.csubst.nwk ... rooted tree

NOTE: 19 MB RAM (0 GB) is required!
Measuring multi-threading efficiency up to 1 CPU cores
2 trees examined
Threads: 1 / Time: 1.012 sec / Speedup: 1.000 / Efficiency: 100% / LogL: -5086
BEST NUMBER OF THREADS: 1

Estimate model parameters (epsilon = 0.010)
1. Initial log-likelihood: -4447.958
2. Current log-likelihood: -3601.870
3. Current log-likelihood: -3601.370
4. Current log-likelihood: -3601.203
5. Current log-likelihood: -3601.137
6. Current log-likelihood: -3601.111
Optimal log-likelihood: -3601.101
Nonsynonymous/synonymous ratio (omega): 1.000
Transition/transversion ratio (kappa): 1.000
Site proportion and rates:  (0.612,0.429) (0.253,1.736) (0.114,1.806) (0.021,4.350)
Parameters optimization took 6 rounds (21.415 sec)
Wrote distance file to... 
BEST SCORE FOUND : -3601.101
Ancestral state probabilities printed to /mnt/data0/yue/2026-03-11-protein-convergence/results/OG_10969/csubst_w_s/csubst_input_alignment.fa.state
Empirical proportions for each category: 0.623 0.364 0.000 0.013
Site rates printed to /mnt/data0/yue/2026-03-11-protein-convergence/results/OG_10969/csubst_w_s/csubst_input_alignment.fa.rate
Total tree length: 4.296

Total number of iterations: 0
CPU time used for tree search: 0.000 sec (0h:0m:0s)
Wall-clock time used for tree search: 0.000 sec (0h:0m:0s)
Total CPU time used: 23.136 sec (0h:0m:23s)
Total wall-clock time used: 23.188 sec (0h:0m:23s)

Analysis results written to: 
  IQ-TREE report:                /mnt/data0/yue/2026-03-11-protein-convergence/results/OG_10969/csubst_w_s/csubst_input_alignment.fa.iqtree
  Maximum-likelihood tree:       /mnt/data0/yue/2026-03-11-protein-convergence/results/OG_10969/csubst_w_s/csubst_input_alignment.fa.treefile
  Site-specific rates:           /mnt/data0/yue/2026-03-11-protein-convergence/results/OG_10969/csubst_w_s/csubst_input_alignment.fa.rate
  Ancestral state:               /mnt/data0/yue/2026-03-11-protein-convergence/results/OG_10969/csubst_w_s/csubst_input_alignment.fa.state
  Screen log file:               /mnt/data0/yue/2026-03-11-protein-convergence/results/OG_10969/csubst_w_s/csubst_input_alignment.fa.log

Date and Time: Thu Mar 26 21:39:58 2026
