IQ-TREE multicore version 2.4.0 for Linux x86 64-bit built Feb 12 2025
Developed by Bui Quang Minh, Nguyen Lam Tung, Olga Chernomor, Heiko Schmidt,
Dominik Schrempf, Michael Woodhams, Ly Trong Nhan, Thomas Wong

Host:    brain (AVX2, FMA3, 2015 GB RAM)
Command: /home/yue/miniconda3/envs/py39/bin/iqtree -s /mnt/data0/yue/2026-03-11-protein-convergence/results/OG_5478/csubst_w_s/csubst_input_alignment.fa -te tmp.csubst.nwk -m ECMK07+F+R4 --seqtype CODON1 --threads-max 1 -T AUTO --ancestral --rate --redo
Seed:    175775 (Using SPRNG - Scalable Parallel Random Number Generator)
Time:    Fri Mar 27 18:08:29 2026
Kernel:  AVX+FMA - auto-detect threads (128 CPU cores detected)

Reading alignment file /mnt/data0/yue/2026-03-11-protein-convergence/results/OG_5478/csubst_w_s/csubst_input_alignment.fa ... Fasta format detected
Reading fasta file: done in 0.00266054 secs using 32.02% CPU
Alignment most likely contains DNA/RNA sequences
Converting to codon sequences with genetic code 1 ...
Alignment has 78 sequences with 371 columns, 357 distinct patterns
198 parsimony-informative, 91 singleton sites, 82 constant sites
                                                           Gap/Ambiguity  Composition  p-value
Analyzing sequences: done in 0.000118703 secs
   1  DE681|Cluster-45448.0__TRINITY_DN2186_c0_g1_i1.p1            0.00%    passed    100.00%
   2  DE504|Cluster-43462.0__TRINITY_DN6542_c0_g1_i8.p1           47.71%    passed     99.85%
   3  JJ109|Cluster-32633.0__TRINITY_DN4452_c0_g1_i1.p1            0.00%    passed    100.00%
   4  DE181|Cluster-58143.0__TRINITY_DN4928_c0_g1_i2.p1            0.00%    passed    100.00%
   5  DE476|Cluster-61575.0__TRINITY_DN2955_c1_g1_i12.p1           0.00%    passed    100.00%
   6  DE561|Cluster-43692.0__TRINITY_DN6498_c0_g1_i5.p1           29.38%    passed     99.93%
   7  DE510|Cluster-52012.0__TRINITY_DN578_c4_g1_i10.p1            0.00%    passed    100.00%
   8  SRR3407087|Cluster-30603.1__TRINITY_DN6882_c0_g1_i1.p1       0.00%    passed    100.00%
   9  SRR3424066|Cluster-14367.0__TRINITY_DN6363_c0_g1_i2.p1       0.00%    passed    100.00%
  10  DE88|Cluster-30263.0__TRINITY_DN3907_c0_g1_i3.p1             0.00%    passed    100.00%
  11  JJ130|Cluster-22873.1__TRINITY_DN2365_c0_g1_i1.p1            0.00%    passed    100.00%
  12  DE550|Cluster-47584.0__TRINITY_DN4558_c0_g1_i1.p1            0.00%    passed    100.00%
  13  DE737|Cluster-32328.2__TRINITY_DN6200_c0_g1_i7.p1            0.00%    passed    100.00%
  14  DE643|Cluster-45543.0__TRINITY_DN2713_c1_g1_i6.p1            0.00%    passed    100.00%
  15  DE509|Cluster-41808.0__TRINITY_DN2448_c0_g1_i4.p1            0.00%    passed    100.00%
  16  DE736|Cluster-17587.3__TRINITY_DN3011_c0_g3_i3.p1            0.00%    passed    100.00%
  17  DE566|Cluster-55474.2__TRINITY_DN5116_c0_g1_i3.p1            0.27%    passed    100.00%
  18  DE164|Cluster-59079.0__TRINITY_DN154_c2_g1_i4.p1            61.46%    passed     95.59%
  19  DE541|Cluster-52123.0__TRINITY_DN1205_c0_g2_i20.p1          47.71%    passed     99.67%
  20  JJ23|Cluster-49064.0__TRINITY_DN218_c1_g1_i2.p1              0.00%    passed    100.00%
  21  DE162|Cluster-33829.0__TRINITY_DN6675_c0_g1_i7.p1            0.00%    passed    100.00%
  22  DE507|Cluster-81918.0__TRINITY_DN7771_c0_g1_i1.p1            0.00%    passed    100.00%
  23  JJ74|Cluster-95662.0__TRINITY_DN2470_c0_g1_i17.p1           47.71%    passed     69.84%
  24  DE704-white|Cluster-69747.0__TRINITY_DN5478_c0_g1_i3.p1      0.00%    passed    100.00%
  25  DE668|Cluster-42181.3__TRINITY_DN2933_c0_g1_i2.p1            0.81%    passed    100.00%
  26  DE115|Cluster-22637.1__TRINITY_DN849_c1_g1_i4.p1             0.00%    passed    100.00%
  27  DE666|Cluster-43400.0__TRINITY_DN948_c0_g1_i1.p1             0.00%    passed    100.00%
  28  DE126|Cluster-5308.0__TRINITY_DN3771_c0_g1_i1.p1            22.10%    passed    100.00%
  29  DE127|Cluster-12960.0__TRINITY_DN16391_c0_g1_i3.p1           0.00%    passed    100.00%
  30  DE554|Cluster-57431.0__TRINITY_DN2321_c0_g1_i1.p1            0.00%    passed    100.00%
  31  DE528|Cluster-57126.0__TRINITY_DN2432_c0_g1_i2.p1            0.00%    passed    100.00%
  32  DE704-purple|Cluster-35685.0__TRINITY_DN3799_c0_g1_i14.p1    0.54%    passed    100.00%
  33  DE151|Cluster-25700.0__TRINITY_DN3771_c0_g2_i1.p1            0.00%    passed    100.00%
  34  DE189|Cluster-48293.0__TRINITY_DN3915_c0_g1_i1.p1            0.00%    passed    100.00%
  35  SRR3407096|Cluster-24081.1__TRINITY_DN2701_c0_g1_i4.p1       0.00%    passed    100.00%
  36  DE523|Cluster-53422.1__TRINITY_DN9753_c1_g1_i2.p1            0.00%    passed    100.00%
  37  DE69|Cluster-38608.1__TRINITY_DN5555_c0_g1_i28.p1           14.02%    passed    100.00%
  38  SRR3407086|Cluster-1130.0__TRINITY_DN3996_c0_g1_i1.p1        0.00%    passed    100.00%
  39  DE542|Cluster-10574.1__TRINITY_DN15582_c0_g1_i2.p1           0.00%    passed    100.00%
  40  JJ89|Cluster-32190.2__TRINITY_DN1652_c0_g1_i11.p1            0.00%    passed    100.00%
  41  DE549|Cluster-4634.8__TRINITY_DN219_c0_g1_i74.p1             0.00%    passed    100.00%
  42  DE216|Cluster-12653.0__TRINITY_DN5914_c0_g1_i1.p1            0.00%    passed    100.00%
  43  DE534|Cluster-24158.0__TRINITY_DN16392_c0_g1_i1.p1           0.00%    passed    100.00%
  44  DE536|Cluster-33341.0__TRINITY_DN1513_c2_g1_i1.p1            0.00%    passed    100.00%
  45  SRR3407088|Cluster-41701.0__TRINITY_DN8912_c0_g1_i1.p1       0.00%    passed    100.00%
  46  DE173|Cluster-31931.0__TRINITY_DN434_c2_g1_i1.p1             0.00%    passed    100.00%
  47  JJ36|Cluster-43541.0__TRINITY_DN34_c1_g1_i1.p1              25.88%    passed    100.00%
  48  DE696-dots|Cluster-41902.0__TRINITY_DN14956_c0_g1_i1.p1      0.00%    passed    100.00%
  49  DE696-nodots|Cluster-9224.0__TRINITY_DN98948_c0_g1_i1.p1     0.00%    passed    100.00%
  50  DE503|Cluster-45524.0__TRINITY_DN7636_c0_g1_i2.p1           29.38%    passed    100.00%
  51  DE505|Cluster-32879.0__TRINITY_DN8252_c0_g1_i3.p1           29.38%    passed    100.00%
  52  SRR3407093|Cluster-37289.0__TRINITY_DN1598_c0_g1_i1.p1       0.00%    passed    100.00%
  53  SRR3407094|Cluster-27007.0__TRINITY_DN11139_c0_g1_i1.p1      0.00%    passed    100.00%
  54  SRR3407092|Cluster-9082.1__TRINITY_DN5383_c0_g2_i1.p1        0.00%    passed    100.00%
  55  DE764|Cluster-42926.1__TRINITY_DN11790_c0_g1_i45.p1          0.00%    passed    100.00%
  56  SRR3407095|Cluster-46640.0__TRINITY_DN5965_c0_g1_i6.p1      25.88%    passed    100.00%
  57  JJ85|Cluster-40689.0__TRINITY_DN8761_c0_g1_i3.p1            21.29%    passed    100.00%
  58  SRR11934227|Cluster-157598.0__TRINITY_DN90198_c0_g1_i6.p1    0.27%    passed     78.01%
  59  DRR082665|Cluster-30641.0__TRINITY_DN2339_c0_g1_i2.p1       18.60%    failed      0.01%
  60  DE152|Cluster-21974.1__TRINITY_DN10496_c0_g1_i9.p1           0.00%    passed    100.00%
  61  JJ15|Cluster-57760.0__TRINITY_DN4783_c0_g1_i2.p1            47.71%    passed     99.86%
  62  DE741|Cluster-40809.0__TRINITY_DN102707_c0_g1_i1.p1          0.00%    passed    100.00%
  63  DE563|Cluster-35773.1__TRINITY_DN3719_c0_g1_i34.p1           0.00%    passed    100.00%
  64  DE575|Cluster-61099.0__TRINITY_DN79454_c0_g1_i1.p1           0.00%    passed    100.00%
  65  DE765|Cluster-15259.0__TRINITY_DN2929_c0_g1_i1.p1            0.00%    passed    100.00%
  66  DRR082660|Cluster-20762.0__TRINITY_DN45_c0_g3_i2.p1          0.00%    passed    100.00%
  67  DE623|Cluster-14561.1__TRINITY_DN6228_c1_g1_i1.p1            0.00%    passed    100.00%
  68  DE680|Cluster-45278.0__TRINITY_DN3929_c0_g1_i1.p1            0.00%    passed    100.00%
  69  JJ86|Cluster-54152.2__TRINITY_DN3151_c0_g1_i17.p1           17.52%    passed    100.00%
  70  JJ125|Cluster-40309.0__TRINITY_DN3182_c2_g1_i2.p1            0.00%    passed    100.00%
  71  JJ99|Cluster-30169.0__TRINITY_DN187_c0_g1_i2.p1              0.00%    passed    100.00%
  72  JJ131|Cluster-66633.0__TRINITY_DN9246_c0_g2_i4.p1            8.89%    passed    100.00%
  73  DE519|Cluster-56984.0__TRINITY_DN858_c0_g1_i1.p1             0.00%    passed    100.00%
  74  DE229|Cluster-28530.1__TRINITY_DN3183_c1_g2_i1.p1            0.00%    passed    100.00%
  75  DRR234970|Cluster-52763.0__TRINITY_DN5805_c0_g1_i6.p1        0.00%    passed    100.00%
  76  SRR5150740|Cluster-30078.0__TRINITY_DN92960_c0_g1_i1.p1      3.50%    passed     99.55%
  77  SRR104381|Cluster-29868.0__TRINITY_DN11561_c0_g1_i1.p1       0.00%    passed     99.82%
  78  SRR11748982|Cluster-47960.1__TRINITY_DN2572_c0_g1_i5.p1      3.77%    passed     95.03%
WARNING: 1 sequences contain more than 50% gaps/ambiguity
****  TOTAL                                                        6.46%  1 sequences failed composition chi2 test (p-value<5%; df=60)
Reading input tree file tmp.csubst.nwk ... rooted tree

NOTE: 61 MB RAM (0 GB) is required!
Measuring multi-threading efficiency up to 1 CPU cores
2 trees examined
Threads: 1 / Time: 3.294 sec / Speedup: 1.000 / Efficiency: 100% / LogL: -10114
BEST NUMBER OF THREADS: 1

Estimate model parameters (epsilon = 0.010)
1. Initial log-likelihood: -11166.833
2. Current log-likelihood: -7092.293
3. Current log-likelihood: -7081.376
4. Current log-likelihood: -7079.104
5. Current log-likelihood: -7078.618
6. Current log-likelihood: -7076.811
7. Current log-likelihood: -7076.644
8. Current log-likelihood: -7076.589
9. Current log-likelihood: -7076.570
Optimal log-likelihood: -7076.563
Nonsynonymous/synonymous ratio (omega): 1.000
Transition/transversion ratio (kappa): 1.000
Site proportion and rates:  (0.461,0.382) (0.437,0.994) (0.091,3.129) (0.011,9.853)
Parameters optimization took 9 rounds (95.510 sec)
Wrote distance file to... 
BEST SCORE FOUND : -7076.563
Ancestral state probabilities printed to /mnt/data0/yue/2026-03-11-protein-convergence/results/OG_5478/csubst_w_s/csubst_input_alignment.fa.state
Empirical proportions for each category: 0.509 0.407 0.073 0.011
Site rates printed to /mnt/data0/yue/2026-03-11-protein-convergence/results/OG_5478/csubst_w_s/csubst_input_alignment.fa.rate
Total tree length: 3.107

Total number of iterations: 0
CPU time used for tree search: 0.000 sec (0h:0m:0s)
Wall-clock time used for tree search: 0.000 sec (0h:0m:0s)
Total CPU time used: 100.572 sec (0h:1m:40s)
Total wall-clock time used: 100.727 sec (0h:1m:40s)

Analysis results written to: 
  IQ-TREE report:                /mnt/data0/yue/2026-03-11-protein-convergence/results/OG_5478/csubst_w_s/csubst_input_alignment.fa.iqtree
  Maximum-likelihood tree:       /mnt/data0/yue/2026-03-11-protein-convergence/results/OG_5478/csubst_w_s/csubst_input_alignment.fa.treefile
  Site-specific rates:           /mnt/data0/yue/2026-03-11-protein-convergence/results/OG_5478/csubst_w_s/csubst_input_alignment.fa.rate
  Ancestral state:               /mnt/data0/yue/2026-03-11-protein-convergence/results/OG_5478/csubst_w_s/csubst_input_alignment.fa.state
  Screen log file:               /mnt/data0/yue/2026-03-11-protein-convergence/results/OG_5478/csubst_w_s/csubst_input_alignment.fa.log

Date and Time: Fri Mar 27 18:10:09 2026
