IQ-TREE multicore version 2.4.0 for Linux x86 64-bit built Feb 12 2025
Developed by Bui Quang Minh, Nguyen Lam Tung, Olga Chernomor, Heiko Schmidt,
Dominik Schrempf, Michael Woodhams, Ly Trong Nhan, Thomas Wong

Host:    brain (AVX2, FMA3, 2015 GB RAM)
Command: /home/yue/miniconda3/envs/py39/bin/iqtree -s /mnt/data0/yue/2026-03-11-protein-convergence/results/OG_1877/csubst_w_s/csubst_input_alignment.fa -te tmp.csubst.nwk -m ECMK07+F+R4 --seqtype CODON1 --threads-max 1 -T AUTO --ancestral --rate --redo
Seed:    245740 (Using SPRNG - Scalable Parallel Random Number Generator)
Time:    Fri Mar 27 01:47:42 2026
Kernel:  AVX+FMA - auto-detect threads (128 CPU cores detected)

Reading alignment file /mnt/data0/yue/2026-03-11-protein-convergence/results/OG_1877/csubst_w_s/csubst_input_alignment.fa ... Fasta format detected
Reading fasta file: done in 0.00342722 secs using 25.01% CPU
Alignment most likely contains DNA/RNA sequences
Converting to codon sequences with genetic code 1 ...
WARNING: 1 sites contain only gaps or ambiguous characters.
Alignment has 69 sequences with 1015 columns, 846 distinct patterns
275 parsimony-informative, 252 singleton sites, 488 constant sites
                                                           Gap/Ambiguity  Composition  p-value
Analyzing sequences: done in 0.000136986 secs using 99.28% CPU
   1  DE542|Cluster-59159.0__TRINITY_DN6382_c0_g1_i4.p1           44.53%    passed    100.00%
   2  DE509|Cluster-28983.1__TRINITY_DN9968_c0_g1_i37.p1           0.20%    passed    100.00%
   3  DE536|Cluster-38330.1__TRINITY_DN8477_c0_g2_i8.p1           46.80%    passed    100.00%
   4  DE534|Cluster-59183.1__TRINITY_DN9428_c5_g1_i15.p1          44.83%    passed     99.99%
   5  DE519|Cluster-64821.0__TRINITY_DN21190_c1_g1_i20.p1         40.00%    passed    100.00%
   6  JJ15|Cluster-41343.0__TRINITY_DN19636_c0_g1_i12.p1          36.85%    passed    100.00%
   7  DE115|Cluster-62620.0__TRINITY_DN5960_c0_g1_i18.p1          44.83%    passed    100.00%
   8  DE507|Cluster-89310.0__TRINITY_DN6393_c4_g1_i35.p1          44.83%    passed    100.00%
   9  DE528|Cluster-59178.0__TRINITY_DN8687_c0_g1_i16.p1          44.83%    passed    100.00%
  10  DE127|Cluster-33657.0__TRINITY_DN19689_c0_g1_i13.p1          0.20%    passed    100.00%
  11  DE554|Cluster-54962.0__TRINITY_DN8071_c0_g1_i1.p1           44.83%    passed     99.91%
  12  DE681|Cluster-63282.0__TRINITY_DN9255_c1_g1_i14.p1          59.70%    passed     98.87%
  13  DE765|Cluster-54685.0__TRINITY_DN2213_c1_g1_i58.p1          44.83%    passed    100.00%
  14  DE523|Cluster-51908.0__TRINITY_DN4138_c0_g2_i3.p1           44.83%    passed    100.00%
  15  SRR3407096|Cluster-16242.2__TRINITY_DN10223_c0_g2_i3.p1     44.83%    passed    100.00%
  16  DE151|Cluster-49641.0__TRINITY_DN16369_c0_g1_i3.p1          44.83%    passed    100.00%
  17  DE189|Cluster-25314.0__TRINITY_DN31962_c0_g1_i8.p1          24.43%    passed    100.00%
  18  DE476|Cluster-57875.0__TRINITY_DN10869_c0_g1_i14.p1         44.83%    passed    100.00%
  19  DE736|Cluster-40091.1__TRINITY_DN13633_c0_g1_i7.p1          13.00%    passed    100.00%
  20  JJ36|Cluster-33997.1__TRINITY_DN12268_c0_g1_i1.p1           44.83%    passed    100.00%
  21  DE737|Cluster-38614.0__TRINITY_DN1257_c0_g2_i6.p1            0.20%    passed    100.00%
  22  DE764|Cluster-32057.0__TRINITY_DN10494_c0_g1_i9.p1          36.85%    passed    100.00%
  23  DE504|Cluster-56406.0__TRINITY_DN6919_c0_g1_i1.p1           24.63%    passed    100.00%
  24  DE88|Cluster-36802.0__TRINITY_DN3627_c0_g1_i4.p1            44.83%    passed    100.00%
  25  DE126|Cluster-47103.1__TRINITY_DN7500_c0_g1_i28.p1           0.20%    passed    100.00%
  26  JJ86|Cluster-49041.0__TRINITY_DN5986_c0_g1_i27.p1           51.13%    passed    100.00%
  27  DE666|Cluster-45214.0__TRINITY_DN5508_c0_g2_i1.p1           15.07%    passed    100.00%
  28  DE575|Cluster-66073.0__TRINITY_DN1555_c1_g1_i3.p1           15.07%    passed    100.00%
  29  DE704-purple|Cluster-62549.2__TRINITY_DN7428_c0_g1_i1.p1    40.99%    passed    100.00%
  30  JJ99|Cluster-51079.1__TRINITY_DN10495_c0_g1_i18.p1           0.20%    passed    100.00%
  31  DE229|Cluster-82453.0__TRINITY_DN4632_c1_g2_i9.p1           15.07%    passed    100.00%
  32  JJ23|Cluster-42686.0__TRINITY_DN11268_c0_g1_i145.p1         28.28%    passed    100.00%
  33  JJ85|Cluster-24401.0__TRINITY_DN9043_c0_g1_i16.p1            0.20%    passed    100.00%
  34  DE668|Cluster-8701.0__TRINITY_DN1196_c2_g1_i22.p1           45.62%    passed    100.00%
  35  DE623|Cluster-27775.1__TRINITY_DN7185_c0_g1_i24.p1          45.62%    passed    100.00%
  36  DE680|Cluster-49366.0__TRINITY_DN22080_c0_g1_i17.p1         40.99%    passed    100.00%
  37  DRR082660|Cluster-21310.0__TRINITY_DN3798_c0_g1_i1.p1       45.71%    passed    100.00%
  38  DE541|Cluster-50721.0__TRINITY_DN602_c0_g1_i8.p1             0.20%    passed    100.00%
  39  DE560|Cluster-34523.0__TRINITY_DN8327_c0_g1_i16.p1          37.93%    passed    100.00%
  40  JJ125|Cluster-21869.0__TRINITY_DN273_c1_g1_i39.p1           45.62%    passed    100.00%
  41  DE181|Cluster-53710.0__TRINITY_DN3828_c0_g1_i1.p1            0.20%    passed    100.00%
  42  DE505|Cluster-33524.0__TRINITY_DN11672_c0_g1_i1.p1           0.20%    passed    100.00%
  43  SRR3407094|Cluster-10764.0__TRINITY_DN39928_c0_g1_i1.p1     53.79%    passed    100.00%
  44  DE510|Cluster-43453.0__TRINITY_DN15197_c0_g1_i2.p1          28.28%    passed    100.00%
  45  SRR3407093|Cluster-28320.0__TRINITY_DN7324_c0_g1_i2.p1       0.20%    passed    100.00%
  46  SRR3407092|Cluster-36021.0__TRINITY_DN13894_c0_g2_i2.p1     40.99%    passed    100.00%
  47  DE561|Cluster-37327.0__TRINITY_DN10541_c0_g1_i35.p1          0.20%    passed    100.00%
  48  SRR3424066|Cluster-11984.0__TRINITY_DN17314_c0_g1_i1.p1     26.50%    passed    100.00%
  49  SRR3407086|Cluster-12029.0__TRINITY_DN35270_c0_g2_i1.p1     48.87%    passed    100.00%
  50  SRR3407088|Cluster-23684.0__TRINITY_DN50996_c0_g1_i1.p1     15.07%    passed    100.00%
  51  DE69|Cluster-48382.0__TRINITY_DN3590_c0_g1_i30.p1           45.62%    passed    100.00%
  52  SRR3407095|Cluster-17047.0__TRINITY_DN13851_c0_g1_i1.p1      0.20%    passed    100.00%
  53  DE550|Cluster-42026.0__TRINITY_DN10515_c0_g1_i7.p1          45.62%    passed    100.00%
  54  DE164|Cluster-9779.0__TRINITY_DN12082_c1_g1_i8.p1           53.60%    passed    100.00%
  55  DE173|Cluster-42979.1__TRINITY_DN11317_c0_g1_i10.p1         15.07%    passed    100.00%
  56  JJ109|Cluster-14842.0__TRINITY_DN4822_c1_g1_i2.p1            0.20%    passed    100.00%
  57  JJ130|Cluster-47082.0__TRINITY_DN1201_c0_g1_i8.p1            0.20%    passed    100.00%
  58  DE549|Cluster-51810.1__TRINITY_DN20177_c0_g1_i31.p1         15.07%    passed    100.00%
  59  DE531|Cluster-41964.0__TRINITY_DN966_c0_g1_i37.p1           15.07%    passed    100.00%
  60  DE696-dots|Cluster-45050.0__TRINITY_DN5537_c0_g2_i3.p1      15.07%    passed    100.00%
  61  DE696-nodots|Cluster-53614.0__TRINITY_DN12866_c0_g1_i5.p1   15.07%    passed    100.00%
  62  DE672|Cluster-48808.0__TRINITY_DN2668_c1_g1_i8.p1           48.87%    passed     99.96%
  63  DE643|Cluster-63480.0__TRINITY_DN7729_c0_g1_i3.p1           15.07%    passed    100.00%
  64  DE671|Cluster-52455.0__TRINITY_DN12436_c0_g1_i13.p1         15.07%    passed    100.00%
  65  JJ131|Cluster-62172.0__TRINITY_DN9721_c0_g1_i31.p1          28.67%    passed    100.00%
  66  DE216|Cluster-81260.0__TRINITY_DN19015_c0_g1_i27.p1         45.62%    passed     99.95%
  67  DE566|Cluster-41610.0__TRINITY_DN12716_c0_g1_i13.p1         26.50%    passed    100.00%
  68  JJ74|Cluster-105444.0__TRINITY_DN4307_c0_g1_i6.p1           10.34%    passed    100.00%
  69  DE503|Cluster-14104.0__TRINITY_DN21474_c0_g1_i13.p1         44.53%    passed    100.00%
WARNING: 4 sequences contain more than 50% gaps/ambiguity
****  TOTAL                                                       28.45%  0 sequences failed composition chi2 test (p-value<5%; df=60)
Reading input tree file tmp.csubst.nwk ... rooted tree

NOTE: 117 MB RAM (0 GB) is required!
Measuring multi-threading efficiency up to 1 CPU cores
2 trees examined
Threads: 1 / Time: 6.075 sec / Speedup: 1.000 / Efficiency: 100% / LogL: -16146
BEST NUMBER OF THREADS: 1

Estimate model parameters (epsilon = 0.010)
1. Initial log-likelihood: -22289.610
2. Current log-likelihood: -11182.417
3. Current log-likelihood: -11182.141
4. Current log-likelihood: -11181.853
5. Current log-likelihood: -11181.540
6. Current log-likelihood: -11181.195
7. Current log-likelihood: -11180.805
8. Current log-likelihood: -11180.354
9. Current log-likelihood: -11179.817
10. Current log-likelihood: -11179.153
11. Current log-likelihood: -11178.292
12. Current log-likelihood: -11177.101
13. Current log-likelihood: -11141.004
14. Current log-likelihood: -11140.417
15. Current log-likelihood: -11139.846
16. Current log-likelihood: -11104.308
17. Current log-likelihood: -11103.794
18. Current log-likelihood: -11103.392
19. Current log-likelihood: -11077.312
20. Current log-likelihood: -11076.546
21. Current log-likelihood: -11047.958
22. Current log-likelihood: -11044.355
23. Current log-likelihood: -11043.280
24. Current log-likelihood: -11043.232
25. Current log-likelihood: -11043.201
26. Current log-likelihood: -11043.180
27. Current log-likelihood: -11043.166
Optimal log-likelihood: -11043.156
Nonsynonymous/synonymous ratio (omega): 1.000
Transition/transversion ratio (kappa): 1.000
Site proportion and rates:  (0.323,0.237) (0.277,0.599) (0.394,1.757) (0.006,11.169)
Parameters optimization took 27 rounds (595.610 sec)
Wrote distance file to... 
BEST SCORE FOUND : -11043.156
Ancestral state probabilities printed to /mnt/data0/yue/2026-03-11-protein-convergence/results/OG_1877/csubst_w_s/csubst_input_alignment.fa.state
Empirical proportions for each category: 0.483 0.070 0.442 0.005
Site rates printed to /mnt/data0/yue/2026-03-11-protein-convergence/results/OG_1877/csubst_w_s/csubst_input_alignment.fa.rate
Total tree length: 1.332

Total number of iterations: 0
CPU time used for tree search: 0.000 sec (0h:0m:0s)
Wall-clock time used for tree search: 0.000 sec (0h:0m:0s)
Total CPU time used: 605.142 sec (0h:10m:5s)
Total wall-clock time used: 605.926 sec (0h:10m:5s)

Analysis results written to: 
  IQ-TREE report:                /mnt/data0/yue/2026-03-11-protein-convergence/results/OG_1877/csubst_w_s/csubst_input_alignment.fa.iqtree
  Maximum-likelihood tree:       /mnt/data0/yue/2026-03-11-protein-convergence/results/OG_1877/csubst_w_s/csubst_input_alignment.fa.treefile
  Site-specific rates:           /mnt/data0/yue/2026-03-11-protein-convergence/results/OG_1877/csubst_w_s/csubst_input_alignment.fa.rate
  Ancestral state:               /mnt/data0/yue/2026-03-11-protein-convergence/results/OG_1877/csubst_w_s/csubst_input_alignment.fa.state
  Screen log file:               /mnt/data0/yue/2026-03-11-protein-convergence/results/OG_1877/csubst_w_s/csubst_input_alignment.fa.log

Date and Time: Fri Mar 27 01:57:48 2026
