IQ-TREE multicore version 2.4.0 for Linux x86 64-bit built Feb 12 2025
Developed by Bui Quang Minh, Nguyen Lam Tung, Olga Chernomor, Heiko Schmidt,
Dominik Schrempf, Michael Woodhams, Ly Trong Nhan, Thomas Wong

Host:    brain (AVX2, FMA3, 2015 GB RAM)
Command: /home/yue/miniconda3/envs/py39/bin/iqtree -s /mnt/data0/yue/2026-03-11-protein-convergence/results/OG_8770/csubst_w_s/csubst_input_alignment.fa -te tmp.csubst.nwk -m ECMK07+F+R4 --seqtype CODON1 --threads-max 1 -T AUTO --ancestral --rate --redo
Seed:    655670 (Using SPRNG - Scalable Parallel Random Number Generator)
Time:    Sat Mar 28 04:18:47 2026
Kernel:  AVX+FMA - auto-detect threads (128 CPU cores detected)

Reading alignment file /mnt/data0/yue/2026-03-11-protein-convergence/results/OG_8770/csubst_w_s/csubst_input_alignment.fa ... Fasta format detected
Reading fasta file: done in 0.00143123 secs using 33.26% CPU
Alignment most likely contains DNA/RNA sequences
Converting to codon sequences with genetic code 1 ...
Alignment has 72 sequences with 389 columns, 366 distinct patterns
182 parsimony-informative, 112 singleton sites, 95 constant sites
                                                                Gap/Ambiguity  Composition  p-value
Analyzing sequences: done in 6.57886e-05 secs using 33.44% CPU
   1  DE765|Cluster-47173.0__TRINITY_DN9976_c0_g1_i1.p1                 0.26%    passed    100.00%
   2  DE505|Cluster-35592.0__TRINITY_DN1674_c0_g1_i1.p1                 0.26%    passed    100.00%
   3  SRR3407086|Cluster-7516.0__TRINITY_DN96464_c0_g1_i1.p1            0.26%    passed    100.00%
   4  DE523|Cluster-24701.0__TRINITY_DN6438_c0_g1_i3.p1                 0.77%    passed    100.00%
   5  JJ125|Cluster-4103.0__TRINITY_DN32454_c0_g1_i1.p1                 1.80%    passed    100.00%
   6  DE560|Cluster-4924.0__TRINITY_DN7980_c0_g1_i1.p1                  1.29%    passed    100.00%
   7  DE152|Cluster-15792.0__TRINITY_DN12311_c0_g1_i3.p1                0.26%    passed    100.00%
   8  JJ99|Cluster-3131.0__TRINITY_DN20949_c0_g1_i1.p1                  0.26%    passed    100.00%
   9  DE510|Cluster-50836.0__TRINITY_DN7865_c0_g1_i1.p1                 8.74%    passed    100.00%
  10  SRR3407087|Cluster-24623.0__TRINITY_DN10322_c0_g1_i1.p1           0.26%    passed    100.00%
  11  SRR3407093|Cluster-15682.0__TRINITY_DN5541_c0_g1_i1.p1            0.26%    passed    100.00%
  12  DE503|Cluster-60212.0__TRINITY_DN5425_c0_g2_i1.p1                38.56%    passed     99.86%
  13  SRR3407092|Cluster-8547.0__TRINITY_DN38355_c0_g1_i3.p1            0.26%    passed    100.00%
  14  SRR3407094|Cluster-24240.0__TRINITY_DN9891_c0_g2_i2.p1            0.26%    passed    100.00%
  15  DE69|Cluster-37478.0__TRINITY_DN8216_c0_g1_i2.p1                  3.08%    passed    100.00%
  16  SRR3407095|Cluster-1321.0__TRINITY_DN53010_c0_g1_i1.p1            3.08%    passed    100.00%
  17  DE623|Cluster-37172.0__TRINITY_DN6189_c0_g1_i1.p1                 0.26%    passed    100.00%
  18  DE680|Cluster-49174.0__TRINITY_DN3523_c0_g1_i2.p1                 0.26%    passed    100.00%
  19  DE561|Cluster-20535.0__TRINITY_DN41701_c0_g1_i1.p1                0.26%    passed    100.00%
  20  SRR3424066|Cluster-24147.0__TRINITY_DN8568_c0_g1_i4.p1            0.26%    passed    100.00%
  21  SRR3407088|Cluster-24307.0__TRINITY_DN11103_c0_g1_i2.p1           0.26%    passed    100.00%
  22  DE181|Cluster-47559.0__TRINITY_DN6192_c0_g1_i1.p1                 0.26%    passed    100.00%
  23  DE115|Cluster-42154.0__TRINITY_DN17766_c0_g2_i3.p1                0.26%    passed    100.00%
  24  DE546_urceolata_l|Cluster-42472.0__TRINITY_DN47270_c0_g1_i1.p1    0.26%    passed    100.00%
  25  DE666|Cluster-8148.0__TRINITY_DN52272_c0_g1_i1.p1                 0.26%    passed    100.00%
  26  DE127|Cluster-8910.0__TRINITY_DN8236_c0_g1_i2.p1                  0.26%    passed    100.00%
  27  JJ74|Cluster-50986.0__TRINITY_DN48229_c0_g1_i2.p1                38.56%    passed    100.00%
  28  DE554|Cluster-66988.0__TRINITY_DN8368_c0_g1_i1.p1                 0.26%    passed    100.00%
  29  DE563|Cluster-11113.0__TRINITY_DN20525_c0_g1_i3.p1               15.68%    passed    100.00%
  30  JJ86|Cluster-23645.0__TRINITY_DN39966_c0_g1_i3.p1                 0.26%    passed    100.00%
  31  DE216|Cluster-12802.0__TRINITY_DN7566_c0_g1_i1.p1                 0.26%    passed    100.00%
  32  JJ15|Cluster-67035.0__TRINITY_DN5038_c0_g1_i1.p1                  0.26%    passed    100.00%
  33  DE534|Cluster-57298.0__TRINITY_DN21396_c1_g1_i2.p1                0.26%    passed    100.00%
  34  DE542|Cluster-7348.0__TRINITY_DN4447_c1_g1_i1.p1                  0.26%    passed    100.00%
  35  DE668|Cluster-17353.0__TRINITY_DN9435_c0_g1_i1.p1                 0.26%    passed    100.00%
  36  DE162|Cluster-17651.0__TRINITY_DN7092_c0_g2_i2.p1                 0.26%    passed    100.00%
  37  DE704-purple|Cluster-43408.21__TRINITY_DN12313_c0_g1_i2.p1        0.26%    passed    100.00%
  38  DE704-white|Cluster-54956.0__TRINITY_DN19466_c0_g1_i5.p1          0.26%    passed    100.00%
  39  DE507|Cluster-75504.0__TRINITY_DN11499_c0_g1_i3.p1                2.06%    passed    100.00%
  40  DE528|Cluster-42804.0__TRINITY_DN12696_c0_g1_i5.p1               43.44%    passed     99.62%
  41  DE575|Cluster-64309.0__TRINITY_DN16397_c0_g1_i1.p1                0.00%    passed    100.00%
  42  DE681|Cluster-47493.0__TRINITY_DN18583_c0_g2_i1.p1                0.00%    passed    100.00%
  43  SRR3407096|Cluster-11349.0__TRINITY_DN6273_c0_g1_i2.p1            0.26%    passed    100.00%
  44  DE151|Cluster-49804.0__TRINITY_DN12866_c0_g1_i3.p1                0.26%    passed    100.00%
  45  JJ109|Cluster-25687.0__TRINITY_DN2547_c6_g1_i2.p1                 0.26%    passed    100.00%
  46  DE189|Cluster-19853.0__TRINITY_DN23585_c0_g1_i3.p1                0.26%    passed    100.00%
  47  DE173|Cluster-50107.0__TRINITY_DN10834_c2_g1_i1.p1                0.51%    passed    100.00%
  48  DE541|Cluster-5682.0__TRINITY_DN8614_c0_g1_i1.p1                  0.26%    passed    100.00%
  49  DE672|Cluster-41214.0__TRINITY_DN13565_c1_g1_i5.p1                0.26%    passed    100.00%
  50  DE737|Cluster-45039.0__TRINITY_DN3367_c0_g1_i1.p1                 0.26%    passed    100.00%
  51  DE476|Cluster-44555.0__TRINITY_DN130_c1_g1_i1.p1                  0.26%    passed    100.00%
  52  JJ130|Cluster-46495.0__TRINITY_DN20527_c0_g2_i3.p1                0.26%    passed    100.00%
  53  DE531|Cluster-48866.0__TRINITY_DN12119_c0_g1_i3.p1                0.26%    passed    100.00%
  54  DE549|Cluster-31429.0__TRINITY_DN6359_c0_g1_i9.p1                 0.26%    passed    100.00%
  55  DE550|Cluster-43050.0__TRINITY_DN1628_c0_g1_i1.p1                 0.77%    passed    100.00%
  56  DE88|Cluster-35058.0__TRINITY_DN7847_c0_g1_i2.p1                 10.28%    passed    100.00%
  57  DRR082660|Cluster-41265.0__TRINITY_DN25942_c0_g2_i1.p1            0.26%    passed    100.00%
  58  DE736|Cluster-41378.0__TRINITY_DN6557_c0_g1_i1.p1                 0.26%    passed    100.00%
  59  DE509|Cluster-15698.0__TRINITY_DN5481_c0_g1_i1.p1                 0.26%    passed    100.00%
  60  DE764|Cluster-34420.0__TRINITY_DN4137_c0_g1_i1.p1                 0.26%    passed    100.00%
  61  DE504|Cluster-26869.0__TRINITY_DN8308_c0_g1_i2.p1                 0.26%    passed    100.00%
  62  DE671|Cluster-33963.0__TRINITY_DN3473_c0_g1_i2.p1                 1.03%    passed    100.00%
  63  DE643|Cluster-13083.0__TRINITY_DN9223_c0_g1_i3.p1                 0.26%    passed    100.00%
  64  DE536|Cluster-29840.0__TRINITY_DN2484_c0_g1_i1.p1                 0.26%    passed    100.00%
  65  JJ85|Cluster-1021.0__TRINITY_DN5545_c0_g1_i1.p1                   1.03%    passed    100.00%
  66  DE126|Cluster-20921.2__TRINITY_DN5473_c0_g1_i6.p1                 0.26%    passed    100.00%
  67  JJ131|Cluster-48112.1__TRINITY_DN9081_c0_g1_i9.p1                 0.51%    passed    100.00%
  68  DE519|Cluster-52130.0__TRINITY_DN9583_c0_g2_i1.p1                 0.26%    passed    100.00%
  69  DE696-dots|Cluster-59533.0__TRINITY_DN6411_c0_g1_i1.p1            0.26%    passed    100.00%
  70  DE696-nodots|Cluster-57327.0__TRINITY_DN6967_c0_g2_i3.p1         43.70%    passed     84.02%
  71  DE566|Cluster-52467.1__TRINITY_DN23181_c0_g1_i16.p1               0.26%    passed    100.00%
  72  DE164|Cluster-35336.1__TRINITY_DN8462_c2_g1_i3.p1                42.67%    passed     98.90%
****  TOTAL                                                             3.76%  0 sequences failed composition chi2 test (p-value<5%; df=60)
Reading input tree file tmp.csubst.nwk ... rooted tree

NOTE: 58 MB RAM (0 GB) is required!
Measuring multi-threading efficiency up to 1 CPU cores
2 trees examined
Threads: 1 / Time: 3.571 sec / Speedup: 1.000 / Efficiency: 100% / LogL: -12309
BEST NUMBER OF THREADS: 1

Estimate model parameters (epsilon = 0.010)
1. Initial log-likelihood: -12797.815
2. Current log-likelihood: -9283.027
3. Current log-likelihood: -9281.722
4. Current log-likelihood: -9281.174
5. Current log-likelihood: -9280.935
6. Current log-likelihood: -9268.558
7. Current log-likelihood: -9267.447
8. Current log-likelihood: -9267.041
9. Current log-likelihood: -9266.900
10. Current log-likelihood: -9266.847
11. Current log-likelihood: -9266.824
12. Current log-likelihood: -9259.990
13. Current log-likelihood: -9259.647
14. Current log-likelihood: -9259.542
15. Current log-likelihood: -9259.506
16. Current log-likelihood: -9259.493
Optimal log-likelihood: -9259.488
Nonsynonymous/synonymous ratio (omega): 1.000
Transition/transversion ratio (kappa): 1.000
Site proportion and rates:  (0.486,0.245) (0.403,1.051) (0.096,3.457) (0.016,7.912)
Parameters optimization took 16 rounds (139.622 sec)
Wrote distance file to... 
BEST SCORE FOUND : -9259.488
Ancestral state probabilities printed to /mnt/data0/yue/2026-03-11-protein-convergence/results/OG_8770/csubst_w_s/csubst_input_alignment.fa.state
Empirical proportions for each category: 0.494 0.409 0.080 0.018
Site rates printed to /mnt/data0/yue/2026-03-11-protein-convergence/results/OG_8770/csubst_w_s/csubst_input_alignment.fa.rate
Total tree length: 3.583

Total number of iterations: 0
CPU time used for tree search: 0.000 sec (0h:0m:0s)
Wall-clock time used for tree search: 0.000 sec (0h:0m:0s)
Total CPU time used: 144.636 sec (0h:2m:24s)
Total wall-clock time used: 144.962 sec (0h:2m:24s)

Analysis results written to: 
  IQ-TREE report:                /mnt/data0/yue/2026-03-11-protein-convergence/results/OG_8770/csubst_w_s/csubst_input_alignment.fa.iqtree
  Maximum-likelihood tree:       /mnt/data0/yue/2026-03-11-protein-convergence/results/OG_8770/csubst_w_s/csubst_input_alignment.fa.treefile
  Site-specific rates:           /mnt/data0/yue/2026-03-11-protein-convergence/results/OG_8770/csubst_w_s/csubst_input_alignment.fa.rate
  Ancestral state:               /mnt/data0/yue/2026-03-11-protein-convergence/results/OG_8770/csubst_w_s/csubst_input_alignment.fa.state
  Screen log file:               /mnt/data0/yue/2026-03-11-protein-convergence/results/OG_8770/csubst_w_s/csubst_input_alignment.fa.log

Date and Time: Sat Mar 28 04:21:12 2026
