IQ-TREE multicore version 2.4.0 for Linux x86 64-bit built Feb 12 2025
Developed by Bui Quang Minh, Nguyen Lam Tung, Olga Chernomor, Heiko Schmidt,
Dominik Schrempf, Michael Woodhams, Ly Trong Nhan, Thomas Wong

Host:    brain (AVX2, FMA3, 2015 GB RAM)
Command: /home/yue/miniconda3/envs/py39/bin/iqtree -s /mnt/data0/yue/2026-03-11-protein-convergence/results/OG_9479/csubst_w_s/csubst_input_alignment.fa -te tmp.csubst.nwk -m ECMK07+F+R4 --seqtype CODON1 --threads-max 1 -T AUTO --ancestral --rate --redo
Seed:    512420 (Using SPRNG - Scalable Parallel Random Number Generator)
Time:    Sat Mar 28 05:49:19 2026
Kernel:  AVX+FMA - auto-detect threads (128 CPU cores detected)

Reading alignment file /mnt/data0/yue/2026-03-11-protein-convergence/results/OG_9479/csubst_w_s/csubst_input_alignment.fa ... Fasta format detected
Reading fasta file: done in 0.0024974 secs using 66.59% CPU
Alignment most likely contains DNA/RNA sequences
Converting to codon sequences with genetic code 1 ...
WARNING: 1 sites contain only gaps or ambiguous characters.
Alignment has 69 sequences with 734 columns, 698 distinct patterns
458 parsimony-informative, 169 singleton sites, 106 constant sites
                                                               Gap/Ambiguity  Composition  p-value
Analyzing sequences: done in 0.000132665 secs
   1  DE563|Cluster-45253.0__TRINITY_DN1273_c0_g1_i1.p1                0.68%    passed    100.00%
   2  DE162|Cluster-50515.0__TRINITY_DN669_c0_g1_i1.p1                36.78%    passed    100.00%
   3  JJ23|Cluster-1273.0__TRINITY_DN2522_c0_g2_i1.p1                  0.27%    passed    100.00%
   4  DE181|Cluster-57812.0__TRINITY_DN4556_c0_g2_i1.p1               19.62%    passed    100.00%
   5  DE510|Cluster-38287.0__TRINITY_DN4856_c1_g1_i1.p1                0.14%    passed    100.00%
   6  JJ125|Cluster-34160.0__TRINITY_DN8781_c0_g1_i1.p1               19.35%    passed    100.00%
   7  DE549|Cluster-20807.0__TRINITY_DN7082_c0_g1_i2.p1                0.41%    passed    100.00%
   8  JJ131|Cluster-1606.0__TRINITY_DN1257_c0_g1_i8.p1                 4.36%    passed    100.00%
   9  DE623|Cluster-45985.0__TRINITY_DN16541_c0_g1_i1.p1               0.68%    passed    100.00%
  10  DE680|Cluster-6507.0__TRINITY_DN2179_c0_g2_i1.p1                 0.41%    passed    100.00%
  11  DE115|Cluster-25109.0__TRINITY_DN5268_c0_g3_i1.p1                0.14%    passed    100.00%
  12  DE528|Cluster-41995.0__TRINITY_DN9500_c0_g1_i1.p1                1.09%    passed    100.00%
  13  DE704-white|Cluster-16583.0__TRINITY_DN2383_c0_g2_i1.p1          1.09%    passed    100.00%
  14  DE668|Cluster-19561.0__TRINITY_DN7037_c1_g2_i2.p1                0.68%    passed    100.00%
  15  DE127|Cluster-13342.0__TRINITY_DN359_c0_g2_i1.p1                 0.68%    passed    100.00%
  16  DE554|Cluster-51851.0__TRINITY_DN690_c0_g2_i1.p1                 0.68%    passed    100.00%
  17  DE666|Cluster-44482.37__TRINITY_DN11872_c0_g1_i2.p1              0.14%    passed    100.00%
  18  DE681|Cluster-55208.1__TRINITY_DN6239_c0_g1_i2.p1                0.54%    passed    100.00%
  19  DE126|Cluster-44138.0__TRINITY_DN5563_c0_g1_i2.p1               19.21%    passed    100.00%
  20  DE546_urceolata_l|Cluster-221.218__TRINITY_DN2670_c0_g2_i2.p1   19.21%    passed    100.00%
  21  DE643|Cluster-69087.1__TRINITY_DN14031_c0_g1_i6.p1               0.14%    passed    100.00%
  22  DE152|Cluster-42720.0__TRINITY_DN2951_c0_g2_i1.p1                2.86%    passed    100.00%
  23  JJ99|Cluster-28623.0__TRINITY_DN3155_c0_g1_i4.p1                 0.95%    passed    100.00%
  24  DE229|Cluster-83529.1__TRINITY_DN6457_c0_g2_i2.p1                0.27%    passed    100.00%
  25  DE216|Cluster-73923.0__TRINITY_DN7001_c0_g2_i2.p1               20.71%    passed    100.00%
  26  JJ15|Cluster-54809.0__TRINITY_DN79690_c0_g1_i1.p1                1.63%    passed    100.00%
  27  DE534|Cluster-74789.0__TRINITY_DN40011_c0_g2_i1.p1               1.50%    passed    100.00%
  28  SRR3407086|Cluster-33320.0__TRINITY_DN3358_c0_g2_i1.p1           0.41%    passed    100.00%
  29  DE503|Cluster-40620.0__TRINITY_DN482_c1_g2_i1.p1                 0.14%    passed    100.00%
  30  SRR3407087|Cluster-38874.0__TRINITY_DN10745_c0_g1_i5.p1          0.14%    passed    100.00%
  31  SRR3407094|Cluster-32324.0__TRINITY_DN3343_c0_g2_i1.p1           0.14%    passed    100.00%
  32  SRR3407093|Cluster-31249.0__TRINITY_DN4385_c0_g2_i1.p1           0.14%    passed    100.00%
  33  SRR3407092|Cluster-8146.0__TRINITY_DN481_c0_g4_i1.p1             0.41%    passed    100.00%
  34  DE561|Cluster-25474.0__TRINITY_DN5999_c0_g2_i1.p1                0.14%    passed    100.00%
  35  SRR3424066|Cluster-42159.0__TRINITY_DN4394_c0_g2_i1.p1           0.14%    passed    100.00%
  36  SRR3407088|Cluster-21443.0__TRINITY_DN3172_c0_g2_i1.p1           0.14%    passed    100.00%
  37  SRR3407096|Cluster-24207.0__TRINITY_DN14302_c0_g2_i1.p1          0.14%    passed    100.00%
  38  DE523|Cluster-12428.0__TRINITY_DN2546_c0_g2_i1.p1                0.14%    passed    100.00%
  39  DE560|Cluster-34132.0__TRINITY_DN57835_c0_g1_i1.p1               0.14%    passed    100.00%
  40  DE69|Cluster-56567.68__TRINITY_DN7278_c0_g2_i7.p1               19.48%    passed    100.00%
  41  SRR3407095|Cluster-30710.0__TRINITY_DN4859_c0_g2_i3.p1           0.54%    passed    100.00%
  42  DE519|Cluster-5602.0__TRINITY_DN12121_c0_g1_i1.p1               20.30%    passed     99.95%
  43  DE741|Cluster-20922.0__TRINITY_DN4771_c0_g1_i1.p1                1.23%    passed    100.00%
  44  DRR082660|Cluster-10385.0__TRINITY_DN5729_c0_g3_i1.p1            0.27%    passed    100.00%
  45  DE164|Cluster-55652.0__TRINITY_DN17724_c0_g1_i1.p1               0.14%    passed    100.00%
  46  DE671|Cluster-10733.0__TRINITY_DN7544_c0_g1_i1.p1                0.14%    passed    100.00%
  47  DE672|Cluster-41090.0__TRINITY_DN6665_c0_g1_i1.p1               19.21%    passed    100.00%
  48  DE737|Cluster-46402.0__TRINITY_DN11899_c0_g1_i2.p1               0.14%    passed    100.00%
  49  JJ89|Cluster-6922.0__TRINITY_DN474_c6_g1_i1.p1                   0.68%    passed    100.00%
  50  JJ130|Cluster-51187.0__TRINITY_DN18053_c0_g3_i2.p1              19.75%    passed    100.00%
  51  DE550|Cluster-26371.0__TRINITY_DN4826_c0_g1_i1.p1                0.14%    passed    100.00%
  52  DE88|Cluster-32645.0__TRINITY_DN13208_c0_g1_i1.p1                0.14%    passed    100.00%
  53  DE504|Cluster-20982.0__TRINITY_DN6187_c2_g1_i1.p1                0.14%    passed    100.00%
  54  DE531|Cluster-11498.0__TRINITY_DN77539_c0_g1_i1.p1               0.27%    passed    100.00%
  55  DE696-dots|Cluster-57349.0__TRINITY_DN6495_c0_g1_i2.p1           0.27%    passed    100.00%
  56  DE696-nodots|Cluster-4726.0__TRINITY_DN4962_c0_g1_i1.p1          0.41%    passed    100.00%
  57  JJ36|Cluster-6242.0__TRINITY_DN8180_c0_g1_i1.p1                  0.41%    passed    100.00%
  58  DE764|Cluster-24764.0__TRINITY_DN5751_c0_g1_i2.p1                0.14%    passed    100.00%
  59  DE509|Cluster-31108.0__TRINITY_DN10791_c0_g1_i1.p1              19.21%    passed    100.00%
  60  DE736|Cluster-23716.0__TRINITY_DN17020_c0_g1_i1.p1               0.27%    passed    100.00%
  61  DE476|Cluster-27206.0__TRINITY_DN6173_c0_g1_i1.p1                0.95%    passed    100.00%
  62  DE541|Cluster-25522.0__TRINITY_DN4312_c0_g2_i1.p1                0.41%    passed    100.00%
  63  DE173|Cluster-20271.0__TRINITY_DN2353_c0_g1_i1.p1                0.27%    passed    100.00%
  64  DE189|Cluster-2449.1__TRINITY_DN4765_c0_g1_i2.p1                19.21%    passed    100.00%
  65  JJ109|Cluster-23758.0__TRINITY_DN11681_c0_g1_i1.p1               0.14%    passed    100.00%
  66  JJ74|Cluster-88627.0__TRINITY_DN1621_c0_g2_i1.p1                19.21%    passed    100.00%
  67  DE566|Cluster-61163.0__TRINITY_DN2486_c0_g1_i7.p1                3.27%    passed    100.00%
  68  SRR11748982|Cluster-39443.0__TRINITY_DN4862_c0_g2_i1.p1         49.86%    passed     11.05%
  69  SRR5150740|Cluster-26077.1__TRINITY_DN4816_c0_g1_i6.p1          15.53%    passed     82.31%
****  TOTAL                                                            5.34%  0 sequences failed composition chi2 test (p-value<5%; df=60)
Reading input tree file tmp.csubst.nwk ... rooted tree

NOTE: 98 MB RAM (0 GB) is required!
Measuring multi-threading efficiency up to 1 CPU cores
2 trees examined
Threads: 1 / Time: 5.253 sec / Speedup: 1.000 / Efficiency: 100% / LogL: -27608
BEST NUMBER OF THREADS: 1

Estimate model parameters (epsilon = 0.010)
1. Initial log-likelihood: -25819.022
2. Current log-likelihood: -17921.908
3. Current log-likelihood: -17904.787
4. Current log-likelihood: -17904.618
5. Current log-likelihood: -17904.568
6. Current log-likelihood: -17904.554
Optimal log-likelihood: -17904.551
Nonsynonymous/synonymous ratio (omega): 1.000
Transition/transversion ratio (kappa): 1.000
Site proportion and rates:  (0.522,0.418) (0.346,1.147) (0.117,2.467) (0.016,6.237)
Parameters optimization took 6 rounds (115.663 sec)
Wrote distance file to... 
BEST SCORE FOUND : -17904.551
Ancestral state probabilities printed to /mnt/data0/yue/2026-03-11-protein-convergence/results/OG_9479/csubst_w_s/csubst_input_alignment.fa.state
Empirical proportions for each category: 0.569 0.320 0.097 0.014
Site rates printed to /mnt/data0/yue/2026-03-11-protein-convergence/results/OG_9479/csubst_w_s/csubst_input_alignment.fa.rate
Total tree length: 4.221

Total number of iterations: 0
CPU time used for tree search: 0.000 sec (0h:0m:0s)
Wall-clock time used for tree search: 0.000 sec (0h:0m:0s)
Total CPU time used: 124.235 sec (0h:2m:4s)
Total wall-clock time used: 124.686 sec (0h:2m:4s)

Analysis results written to: 
  IQ-TREE report:                /mnt/data0/yue/2026-03-11-protein-convergence/results/OG_9479/csubst_w_s/csubst_input_alignment.fa.iqtree
  Maximum-likelihood tree:       /mnt/data0/yue/2026-03-11-protein-convergence/results/OG_9479/csubst_w_s/csubst_input_alignment.fa.treefile
  Site-specific rates:           /mnt/data0/yue/2026-03-11-protein-convergence/results/OG_9479/csubst_w_s/csubst_input_alignment.fa.rate
  Ancestral state:               /mnt/data0/yue/2026-03-11-protein-convergence/results/OG_9479/csubst_w_s/csubst_input_alignment.fa.state
  Screen log file:               /mnt/data0/yue/2026-03-11-protein-convergence/results/OG_9479/csubst_w_s/csubst_input_alignment.fa.log

Date and Time: Sat Mar 28 05:51:24 2026
