IQ-TREE multicore version 2.4.0 for Linux x86 64-bit built Feb 12 2025
Developed by Bui Quang Minh, Nguyen Lam Tung, Olga Chernomor, Heiko Schmidt,
Dominik Schrempf, Michael Woodhams, Ly Trong Nhan, Thomas Wong

Host:    brain (AVX2, FMA3, 2015 GB RAM)
Command: /home/yue/miniconda3/envs/py39/bin/iqtree -s /mnt/data0/yue/2026-03-11-protein-convergence/results/OG_7781/csubst_w_s/csubst_input_alignment.fa -te tmp.csubst.nwk -m ECMK07+F+R4 --seqtype CODON1 --threads-max 1 -T AUTO --ancestral --rate --redo
Seed:    533170 (Using SPRNG - Scalable Parallel Random Number Generator)
Time:    Sat Mar 28 01:43:59 2026
Kernel:  AVX+FMA - auto-detect threads (128 CPU cores detected)

Reading alignment file /mnt/data0/yue/2026-03-11-protein-convergence/results/OG_7781/csubst_w_s/csubst_input_alignment.fa ... Fasta format detected
Reading fasta file: done in 0.0021567 secs
Alignment most likely contains DNA/RNA sequences
Converting to codon sequences with genetic code 1 ...
Alignment has 76 sequences with 567 columns, 541 distinct patterns
299 parsimony-informative, 153 singleton sites, 115 constant sites
                                                               Gap/Ambiguity  Composition  p-value
Analyzing sequences: done in 0.000113875 secs using 98.35% CPU
   1  DE680|Cluster-51028.0__TRINITY_DN9076_c0_g1_i1.p1                0.88%    passed    100.00%
   2  JJ109|Cluster-38722.0__TRINITY_DN826_c7_g1_i2.p1                44.97%    passed     95.28%
   3  SRR3407093|Cluster-32304.0__TRINITY_DN6041_c0_g1_i1.p1           1.23%    passed    100.00%
   4  DE668|Cluster-41845.0__TRINITY_DN25424_c0_g1_i13.p1             31.75%    passed     99.99%
   5  DE503|Cluster-31634.0__TRINITY_DN4146_c0_g1_i1.p1                0.53%    passed    100.00%
   6  DE505|Cluster-39411.0__TRINITY_DN18700_c0_g2_i2.p1               0.53%    passed    100.00%
   7  SRR3407087|Cluster-29499.40__TRINITY_DN1555_c0_g1_i1.p1          0.53%    passed    100.00%
   8  SRR3407094|Cluster-2606.0__TRINITY_DN3578_c0_g1_i1.p1            0.53%    passed    100.00%
   9  DE510|Cluster-28037.0__TRINITY_DN3845_c0_g1_i4.p1                0.53%    passed    100.00%
  10  SRR3407092|Cluster-20781.0__TRINITY_DN4382_c0_g3_i1.p1           0.53%    passed    100.00%
  11  DE741|Cluster-56307.0__TRINITY_DN7270_c1_g2_i1.p1                0.35%    passed    100.00%
  12  DE519|Cluster-10176.0__TRINITY_DN4531_c1_g2_i1.p1                0.35%    passed    100.00%
  13  DE115|Cluster-68827.0__TRINITY_DN4816_c2_g1_i5.p1                0.18%    passed    100.00%
  14  JJ86|Cluster-46828.2__TRINITY_DN6071_c0_g2_i17.p1               31.57%    passed     99.95%
  15  DE127|Cluster-22192.0__TRINITY_DN15016_c0_g1_i4.p1               0.18%    passed    100.00%
  16  DE554|Cluster-12926.0__TRINITY_DN1573_c0_g1_i1.p1               31.57%    passed     99.98%
  17  DE666|Cluster-32836.0__TRINITY_DN6031_c0_g1_i4.p1                0.18%    passed    100.00%
  18  DE563|Cluster-42122.0__TRINITY_DN5664_c0_g1_i11.p1               0.00%    passed    100.00%
  19  DE546_urceolata_l|Cluster-38832.0__TRINITY_DN1606_c1_g1_i2.p1    0.18%    passed    100.00%
  20  DE126|Cluster-20984.1__TRINITY_DN3035_c0_g1_i1.p1               31.57%    passed     99.65%
  21  DE152|Cluster-54502.0__TRINITY_DN7797_c0_g1_i1.p1               31.57%    passed     99.91%
  22  JJ99|Cluster-20755.0__TRINITY_DN6028_c0_g1_i12.p1               31.57%    passed     99.94%
  23  DE229|Cluster-66989.0__TRINITY_DN1907_c0_g1_i1.p1                0.18%    passed    100.00%
  24  JJ23|Cluster-41668.119__TRINITY_DN2580_c1_g1_i1.p1              11.46%    passed    100.00%
  25  DE575|Cluster-66523.1__TRINITY_DN6003_c0_g2_i4.p1               11.46%    passed    100.00%
  26  DE681|Cluster-56989.0__TRINITY_DN10981_c0_g1_i1.p1               0.18%    passed    100.00%
  27  DE765|Cluster-57650.0__TRINITY_DN11462_c0_g7_i2.p1              11.46%    passed    100.00%
  28  DE566|Cluster-57902.1__TRINITY_DN15502_c0_g1_i3.p1               0.53%    passed    100.00%
  29  DE162|Cluster-44875.0__TRINITY_DN5431_c0_g1_i1.p1                0.18%    passed    100.00%
  30  DE528|Cluster-37638.0__TRINITY_DN6231_c0_g1_i2.p1                0.18%    passed    100.00%
  31  DE704-purple|Cluster-37150.0__TRINITY_DN48705_c0_g1_i1.p1        0.18%    passed    100.00%
  32  DE704-white|Cluster-69819.0__TRINITY_DN6764_c0_g1_i1.p1          0.18%    passed    100.00%
  33  DE507|Cluster-84041.0__TRINITY_DN4036_c0_g2_i2.p1                4.41%    passed    100.00%
  34  DE623|Cluster-48291.1__TRINITY_DN6499_c0_g3_i6.p1               51.32%    passed     78.62%
  35  JJ131|Cluster-51384.0__TRINITY_DN5688_c0_g1_i24.p1               1.59%    passed    100.00%
  36  DE151|Cluster-22906.0__TRINITY_DN13253_c0_g2_i2.p1               0.18%    passed    100.00%
  37  DE173|Cluster-57977.0__TRINITY_DN22355_c1_g1_i1.p1               0.18%    passed    100.00%
  38  DE189|Cluster-15291.0__TRINITY_DN8480_c0_g1_i38.p1              31.57%    passed     99.98%
  39  DE549|Cluster-49984.0__TRINITY_DN3161_c1_g2_i3.p1                0.18%    passed    100.00%
  40  DE550|Cluster-37199.1__TRINITY_DN7258_c3_g1_i2.p1                0.18%    passed    100.00%
  41  DE476|Cluster-59657.0__TRINITY_DN12673_c2_g1_i2.p1               0.18%    passed    100.00%
  42  DE509|Cluster-14315.0__TRINITY_DN15214_c0_g1_i1.p1               0.18%    passed    100.00%
  43  DE736|Cluster-62616.0__TRINITY_DN29275_c0_g1_i1.p1               0.18%    passed    100.00%
  44  DE737|Cluster-41181.0__TRINITY_DN3075_c1_g1_i1.p1                0.18%    passed    100.00%
  45  DE764|Cluster-29531.0__TRINITY_DN8644_c0_g1_i2.p1                0.18%    passed    100.00%
  46  DE541|Cluster-41747.4__TRINITY_DN7946_c0_g1_i6.p1                0.18%    passed    100.00%
  47  DE88|Cluster-33598.0__TRINITY_DN16489_c0_g2_i2.p1                0.35%    passed    100.00%
  48  DE164|Cluster-12073.0__TRINITY_DN12383_c0_g3_i1.p1               0.18%    passed    100.00%
  49  DE672|Cluster-54932.0__TRINITY_DN28919_c1_g1_i1.p1               0.18%    passed    100.00%
  50  DE671|Cluster-57473.0__TRINITY_DN8578_c1_g1_i1.p1                0.18%    passed    100.00%
  51  DE531|Cluster-28343.0__TRINITY_DN3614_c0_g1_i2.p1                0.18%    passed    100.00%
  52  DE696-dots|Cluster-16004.0__TRINITY_DN8140_c0_g1_i2.p1           0.18%    passed    100.00%
  53  DE696-nodots|Cluster-43698.1__TRINITY_DN11477_c0_g1_i6.p1        0.18%    passed    100.00%
  54  JJ36|Cluster-31828.0__TRINITY_DN7861_c0_g1_i14.p1               51.50%    passed     85.27%
  55  DE504|Cluster-40359.0__TRINITY_DN3972_c1_g1_i2.p1               50.62%    passed     51.93%
  56  DE643|Cluster-62309.1__TRINITY_DN8505_c0_g1_i2.p1                0.18%    passed    100.00%
  57  SRR3407086|Cluster-36631.0__TRINITY_DN7940_c0_g2_i1.p1           0.18%    passed    100.00%
  58  DE181|Cluster-23962.0__TRINITY_DN3139_c1_g2_i1.p1                0.18%    passed    100.00%
  59  SRR3407088|Cluster-10794.0__TRINITY_DN4440_c2_g1_i1.p1           0.18%    passed    100.00%
  60  SRR3424066|Cluster-8289.0__TRINITY_DN15591_c0_g2_i1.p1          31.57%    passed    100.00%
  61  DE561|Cluster-35568.0__TRINITY_DN3654_c0_g4_i1.p1                0.18%    passed    100.00%
  62  DE69|Cluster-30786.0__TRINITY_DN2193_c0_g2_i7.p1                 0.35%    passed    100.00%
  63  SRR3407095|Cluster-7145.0__TRINITY_DN3719_c0_g1_i4.p1            0.18%    passed    100.00%
  64  JJ85|Cluster-43368.0__TRINITY_DN1204_c1_g2_i1.p1                 0.18%    passed    100.00%
  65  DE523|Cluster-31970.0__TRINITY_DN6954_c0_g2_i1.p1                0.35%    passed    100.00%
  66  SRR3407096|Cluster-22732.0__TRINITY_DN8193_c0_g1_i2.p1           0.35%    passed    100.00%
  67  DE560|Cluster-27585.0__TRINITY_DN18713_c0_g1_i4.p1               0.18%    passed    100.00%
  68  JJ74|Cluster-116416.0__TRINITY_DN28765_c0_g1_i6.p1               1.23%    passed    100.00%
  69  DE216|Cluster-62551.0__TRINITY_DN2817_c0_g1_i3.p1                0.35%    passed    100.00%
  70  JJ15|Cluster-72256.0__TRINITY_DN15037_c0_g3_i1.p1                0.35%    passed    100.00%
  71  DE534|Cluster-50237.0__TRINITY_DN4060_c0_g1_i1.p1                0.35%    passed    100.00%
  72  DE542|Cluster-9517.0__TRINITY_DN7205_c0_g1_i9.p1                 0.35%    passed    100.00%
  73  DE536|Cluster-51341.0__TRINITY_DN6829_c0_g2_i1.p1                0.18%    passed    100.00%
  74  JJ125|Cluster-20570.0__TRINITY_DN5696_c0_g3_i4.p1                0.18%    passed    100.00%
  75  JJ89|Cluster-35747.0__TRINITY_DN11513_c0_g1_i3.p1               39.86%    passed     97.10%
  76  SRR5150740|Cluster-60991.0__TRINITY_DN19615_c0_g1_i2.p1          6.70%    passed     96.17%
WARNING: 3 sequences contain more than 50% gaps/ambiguity
****  TOTAL                                                            7.30%  0 sequences failed composition chi2 test (p-value<5%; df=60)
Reading input tree file tmp.csubst.nwk ... rooted tree

NOTE: 86 MB RAM (0 GB) is required!
Measuring multi-threading efficiency up to 1 CPU cores
2 trees examined
Threads: 1 / Time: 4.649 sec / Speedup: 1.000 / Efficiency: 100% / LogL: -21352
BEST NUMBER OF THREADS: 1

Estimate model parameters (epsilon = 0.010)
1. Initial log-likelihood: -18936.457
2. Current log-likelihood: -11590.562
3. Current log-likelihood: -11590.265
4. Current log-likelihood: -11590.113
5. Current log-likelihood: -11590.028
6. Current log-likelihood: -11589.975
7. Current log-likelihood: -11589.939
8. Current log-likelihood: -11589.912
9. Current log-likelihood: -11589.891
10. Current log-likelihood: -11589.873
11. Current log-likelihood: -11589.858
12. Current log-likelihood: -11589.844
13. Current log-likelihood: -11589.832
14. Current log-likelihood: -11589.821
Optimal log-likelihood: -11589.812
Nonsynonymous/synonymous ratio (omega): 1.000
Transition/transversion ratio (kappa): 1.000
Site proportion and rates:  (0.616,0.445) (0.283,1.398) (0.077,2.732) (0.024,4.977)
Parameters optimization took 14 rounds (210.473 sec)
Wrote distance file to... 
BEST SCORE FOUND : -11589.812
Ancestral state probabilities printed to /mnt/data0/yue/2026-03-11-protein-convergence/results/OG_7781/csubst_w_s/csubst_input_alignment.fa.state
Empirical proportions for each category: 0.663 0.266 0.051 0.019
Site rates printed to /mnt/data0/yue/2026-03-11-protein-convergence/results/OG_7781/csubst_w_s/csubst_input_alignment.fa.rate
Total tree length: 3.000

Total number of iterations: 0
CPU time used for tree search: 0.000 sec (0h:0m:0s)
Wall-clock time used for tree search: 0.000 sec (0h:0m:0s)
Total CPU time used: 217.865 sec (0h:3m:37s)
Total wall-clock time used: 218.287 sec (0h:3m:38s)

Analysis results written to: 
  IQ-TREE report:                /mnt/data0/yue/2026-03-11-protein-convergence/results/OG_7781/csubst_w_s/csubst_input_alignment.fa.iqtree
  Maximum-likelihood tree:       /mnt/data0/yue/2026-03-11-protein-convergence/results/OG_7781/csubst_w_s/csubst_input_alignment.fa.treefile
  Site-specific rates:           /mnt/data0/yue/2026-03-11-protein-convergence/results/OG_7781/csubst_w_s/csubst_input_alignment.fa.rate
  Ancestral state:               /mnt/data0/yue/2026-03-11-protein-convergence/results/OG_7781/csubst_w_s/csubst_input_alignment.fa.state
  Screen log file:               /mnt/data0/yue/2026-03-11-protein-convergence/results/OG_7781/csubst_w_s/csubst_input_alignment.fa.log

Date and Time: Sat Mar 28 01:47:37 2026
