IQ-TREE multicore version 2.4.0 for Linux x86 64-bit built Feb 12 2025
Developed by Bui Quang Minh, Nguyen Lam Tung, Olga Chernomor, Heiko Schmidt,
Dominik Schrempf, Michael Woodhams, Ly Trong Nhan, Thomas Wong

Host:    brain (AVX2, FMA3, 2015 GB RAM)
Command: /home/yue/miniconda3/envs/py39/bin/iqtree -s /mnt/data0/yue/2026-03-11-protein-convergence/results/OG_6681/csubst_w_s/csubst_input_alignment.fa -te tmp.csubst.nwk -m ECMK07+F+R4 --seqtype CODON1 --threads-max 1 -T AUTO --ancestral --rate --redo
Seed:    112896 (Using SPRNG - Scalable Parallel Random Number Generator)
Time:    Fri Mar 27 22:23:57 2026
Kernel:  AVX+FMA - auto-detect threads (128 CPU cores detected)

Reading alignment file /mnt/data0/yue/2026-03-11-protein-convergence/results/OG_6681/csubst_w_s/csubst_input_alignment.fa ... Fasta format detected
Reading fasta file: done in 0.00130044 secs
Alignment most likely contains DNA/RNA sequences
Converting to codon sequences with genetic code 1 ...
WARNING: 1 sites contain only gaps or ambiguous characters.
Alignment has 69 sequences with 350 columns, 335 distinct patterns
193 parsimony-informative, 64 singleton sites, 93 constant sites
                                                               Gap/Ambiguity  Composition  p-value
Analyzing sequences: done in 7.88867e-05 secs using 97.61% CPU
   1  DE229|Cluster-25431.3__TRINITY_DN4496_c0_g4_i1.p1                0.29%    passed    100.00%
   2  JJ23|Cluster-5830.0__TRINITY_DN563_c0_g2_i8.p1                   0.29%    passed    100.00%
   3  DE563|Cluster-27645.1__TRINITY_DN6038_c0_g8_i1.p1                0.29%    passed    100.00%
   4  DE680|Cluster-38837.0__TRINITY_DN1799_c0_g3_i1.p1                0.29%    passed    100.00%
   5  DE509|Cluster-13813.0__TRINITY_DN7644_c0_g1_i2.p1               28.86%    passed     99.99%
   6  DE764|Cluster-46478.1__TRINITY_DN488_c0_g3_i1.p1                28.86%    passed     99.93%
   7  DE115|Cluster-35238.0__TRINITY_DN113_c1_g2_i1.p1                 7.14%    passed    100.00%
   8  DE643|Cluster-55648.1__TRINITY_DN2624_c1_g1_i5.p1                0.29%    passed    100.00%
   9  JJ86|Cluster-21844.0__TRINITY_DN1172_c0_g9_i1.p1                 0.29%    passed    100.00%
  10  DE216|Cluster-2375.0__TRINITY_DN5915_c0_g1_i1.p1                24.86%    passed    100.00%
  11  JJ15|Cluster-59152.0__TRINITY_DN46_c0_g3_i3.p1                   0.29%    passed    100.00%
  12  DE127|Cluster-1117.0__TRINITY_DN180_c0_g3_i1.p1                 24.86%    passed    100.00%
  13  DE554|Cluster-62003.2__TRINITY_DN3934_c0_g1_i1.p1                0.29%    passed    100.00%
  14  DE546_urceolata_l|Cluster-26790.0__TRINITY_DN2914_c0_g3_i1.p1    0.29%    passed    100.00%
  15  DE152|Cluster-64585.0__TRINITY_DN13826_c0_g2_i1.p1               0.29%    passed    100.00%
  16  JJ99|Cluster-39603.0__TRINITY_DN1056_c0_g1_i1.p1                 1.71%    passed    100.00%
  17  DE566|Cluster-49003.1__TRINITY_DN1785_c0_g1_i6.p1                0.29%    passed    100.00%
  18  DE126|Cluster-38108.42__TRINITY_DN1227_c1_g2_i2.p1               0.29%    passed    100.00%
  19  DE681|Cluster-20371.0__TRINITY_DN9091_c0_g5_i2.p1               45.43%    passed     67.11%
  20  JJ74|Cluster-52598.0__TRINITY_DN1304_c1_g3_i1.p1                 0.29%    passed    100.00%
  21  DE671|Cluster-8753.0__TRINITY_DN32_c0_g2_i8.p1                   0.29%    passed    100.00%
  22  DE151|Cluster-29276.0__TRINITY_DN3673_c0_g6_i1.p1                0.29%    passed    100.00%
  23  DE189|Cluster-38859.1__TRINITY_DN280_c1_g1_i2.p1                 0.29%    passed    100.00%
  24  DE672|Cluster-55318.0__TRINITY_DN3702_c0_g1_i1.p1                0.29%    passed    100.00%
  25  JJ109|Cluster-38449.0__TRINITY_DN3565_c0_g1_i1.p1                0.29%    passed    100.00%
  26  DE173|Cluster-33193.0__TRINITY_DN4093_c0_g1_i1.p1                0.29%    passed    100.00%
  27  DE164|Cluster-21149.0__TRINITY_DN2528_c0_g1_i1.p1                0.29%    passed    100.00%
  28  DE181|Cluster-33224.1__TRINITY_DN5_c0_g1_i4.p1                   0.29%    passed    100.00%
  29  DE88|Cluster-31615.0__TRINITY_DN14869_c0_g5_i1.p1                0.29%    passed    100.00%
  30  DE476|Cluster-23287.2__TRINITY_DN709_c0_g6_i1.p1                 0.29%    passed    100.00%
  31  DE696-dots|Cluster-53048.1__TRINITY_DN3115_c1_g2_i1.p1           0.29%    passed    100.00%
  32  DE696-nodots|Cluster-45411.2__TRINITY_DN4497_c0_g2_i1.p1         0.29%    passed    100.00%
  33  DE737|Cluster-7174.0__TRINITY_DN1785_c0_g3_i1.p1                 0.29%    passed    100.00%
  34  JJ36|Cluster-24497.1__TRINITY_DN292_c0_g1_i2.p1                  0.29%    passed    100.00%
  35  JJ89|Cluster-34098.0__TRINITY_DN311_c0_g2_i10.p1                 0.29%    passed    100.00%
  36  DE549|Cluster-21072.1__TRINITY_DN377_c1_g1_i1.p1                 0.29%    passed    100.00%
  37  DE534|Cluster-55908.1__TRINITY_DN2527_c0_g2_i1.p1                0.29%    passed    100.00%
  38  DRR082660|Cluster-25785.0__TRINITY_DN3552_c1_g1_i5.p1            0.29%    passed    100.00%
  39  SRR3407092|Cluster-18557.1__TRINITY_DN2455_c0_g1_i7.p1           0.29%    passed    100.00%
  40  SRR3407096|Cluster-3909.0__TRINITY_DN139_c0_g2_i5.p1             0.29%    passed    100.00%
  41  DE523|Cluster-25883.0__TRINITY_DN2196_c1_g1_i2.p1               40.29%    passed     99.97%
  42  JJ85|Cluster-37747.0__TRINITY_DN3908_c0_g2_i1.p1                29.71%    passed     99.98%
  43  DE519|Cluster-4619.0__TRINITY_DN13995_c0_g2_i1.p1                0.29%    passed    100.00%
  44  JJ125|Cluster-40620.0__TRINITY_DN641_c0_g1_i3.p1                 1.71%    passed    100.00%
  45  DE741|Cluster-54974.1__TRINITY_DN2470_c2_g2_i1.p1                0.29%    passed    100.00%
  46  DE736|Cluster-20601.0__TRINITY_DN83_c0_g3_i1.p1                  0.29%    passed    100.00%
  47  DE560|Cluster-909.0__TRINITY_DN1442_c1_g1_i13.p1                 0.29%    passed    100.00%
  48  DE550|Cluster-22343.0__TRINITY_DN5256_c0_g2_i1.p1               31.71%    passed    100.00%
  49  DE623|Cluster-4265.79__TRINITY_DN2670_c0_g1_i21.p1              11.43%    passed     89.17%
  50  DE504|Cluster-23090.0__TRINITY_DN4379_c0_g2_i1.p1               46.86%    passed     98.55%
  51  DE510|Cluster-18964.3__TRINITY_DN802_c0_g1_i5.p1                 0.29%    passed    100.00%
  52  DE503|Cluster-27610.1__TRINITY_DN4940_c0_g4_i1.p1                0.29%    passed    100.00%
  53  DE505|Cluster-56452.0__TRINITY_DN77_c2_g1_i12.p1                 0.29%    passed    100.00%
  54  SRR3407094|Cluster-28449.1__TRINITY_DN1852_c0_g1_i2.p1           0.29%    passed    100.00%
  55  SRR3407087|Cluster-13782.6__TRINITY_DN1120_c0_g1_i15.p1          0.29%    passed    100.00%
  56  SRR3407093|Cluster-31363.0__TRINITY_DN49_c0_g1_i11.p1            0.29%    passed    100.00%
  57  SRR3407086|Cluster-26563.0__TRINITY_DN1313_c0_g1_i8.p1           0.29%    passed    100.00%
  58  SRR3407088|Cluster-2760.0__TRINITY_DN910_c0_g1_i8.p1             0.29%    passed    100.00%
  59  SRR3424066|Cluster-27252.4__TRINITY_DN63_c0_g1_i2.p1             0.29%    passed    100.00%
  60  DE162|Cluster-51887.0__TRINITY_DN1198_c0_g3_i2.p1                0.29%    passed    100.00%
  61  DE507|Cluster-394.2__TRINITY_DN271_c0_g5_i1.p1                   0.29%    passed    100.00%
  62  DE704-purple|Cluster-4594.4__TRINITY_DN548_c0_g3_i1.p1           0.29%    passed    100.00%
  63  DE704-white|Cluster-18031.8__TRINITY_DN698_c0_g3_i1.p1          24.86%    passed    100.00%
  64  DE528|Cluster-8401.1__TRINITY_DN908_c1_g1_i2.p1                  0.29%    passed    100.00%
  65  DE575|Cluster-29739.6__TRINITY_DN4634_c0_g1_i5.p1                0.29%    passed     99.92%
  66  DE765|Cluster-34657.2__TRINITY_DN330_c0_g1_i10.p1                0.29%    passed     99.58%
  67  JJ131|Cluster-29199.5__TRINITY_DN44_c0_g6_i1.p1                 24.86%    passed     99.99%
  68  SRR5150740|Cluster-48475.2__TRINITY_DN124_c0_g1_i9.p1            0.29%    passed     99.59%
  69  DE536|Cluster-30398.0__TRINITY_DN1023_c2_g2_i2.p1               40.29%    passed     99.97%
****  TOTAL                                                            6.21%  0 sequences failed composition chi2 test (p-value<5%; df=60)
Reading input tree file tmp.csubst.nwk ... rooted tree

NOTE: 51 MB RAM (0 GB) is required!
Measuring multi-threading efficiency up to 1 CPU cores
2 trees examined
Threads: 1 / Time: 2.888 sec / Speedup: 1.000 / Efficiency: 100% / LogL: -9448
BEST NUMBER OF THREADS: 1

Estimate model parameters (epsilon = 0.010)
1. Initial log-likelihood: -10011.759
2. Current log-likelihood: -6540.060
3. Current log-likelihood: -6526.317
4. Current log-likelihood: -6526.219
5. Current log-likelihood: -6525.179
6. Current log-likelihood: -6525.118
7. Current log-likelihood: -6525.080
8. Current log-likelihood: -6525.056
9. Current log-likelihood: -6525.039
10. Current log-likelihood: -6525.027
Optimal log-likelihood: -6525.019
Nonsynonymous/synonymous ratio (omega): 1.000
Transition/transversion ratio (kappa): 1.000
Site proportion and rates:  (0.607,0.371) (0.229,1.176) (0.154,2.767) (0.010,7.743)
Parameters optimization took 10 rounds (89.169 sec)
Wrote distance file to... 
BEST SCORE FOUND : -6525.019
Ancestral state probabilities printed to /mnt/data0/yue/2026-03-11-protein-convergence/results/OG_6681/csubst_w_s/csubst_input_alignment.fa.state
Empirical proportions for each category: 0.694 0.151 0.143 0.011
Site rates printed to /mnt/data0/yue/2026-03-11-protein-convergence/results/OG_6681/csubst_w_s/csubst_input_alignment.fa.rate
Total tree length: 3.064

Total number of iterations: 0
CPU time used for tree search: 0.000 sec (0h:0m:0s)
Wall-clock time used for tree search: 0.000 sec (0h:0m:0s)
Total CPU time used: 93.566 sec (0h:1m:33s)
Total wall-clock time used: 93.826 sec (0h:1m:33s)

Analysis results written to: 
  IQ-TREE report:                /mnt/data0/yue/2026-03-11-protein-convergence/results/OG_6681/csubst_w_s/csubst_input_alignment.fa.iqtree
  Maximum-likelihood tree:       /mnt/data0/yue/2026-03-11-protein-convergence/results/OG_6681/csubst_w_s/csubst_input_alignment.fa.treefile
  Site-specific rates:           /mnt/data0/yue/2026-03-11-protein-convergence/results/OG_6681/csubst_w_s/csubst_input_alignment.fa.rate
  Ancestral state:               /mnt/data0/yue/2026-03-11-protein-convergence/results/OG_6681/csubst_w_s/csubst_input_alignment.fa.state
  Screen log file:               /mnt/data0/yue/2026-03-11-protein-convergence/results/OG_6681/csubst_w_s/csubst_input_alignment.fa.log

Date and Time: Fri Mar 27 22:25:30 2026
