IQ-TREE multicore version 2.4.0 for Linux x86 64-bit built Feb 12 2025
Developed by Bui Quang Minh, Nguyen Lam Tung, Olga Chernomor, Heiko Schmidt,
Dominik Schrempf, Michael Woodhams, Ly Trong Nhan, Thomas Wong

Host:    brain (AVX2, FMA3, 2015 GB RAM)
Command: /home/yue/miniconda3/envs/py39/bin/iqtree -s /mnt/data0/yue/2026-03-11-protein-convergence/results/OG_6469/csubst_w_s/csubst_input_alignment.fa -te tmp.csubst.nwk -m ECMK07+F+R4 --seqtype CODON1 --threads-max 1 -T AUTO --ancestral --rate --redo
Seed:    985985 (Using SPRNG - Scalable Parallel Random Number Generator)
Time:    Fri Mar 27 21:38:46 2026
Kernel:  AVX+FMA - auto-detect threads (128 CPU cores detected)

Reading alignment file /mnt/data0/yue/2026-03-11-protein-convergence/results/OG_6469/csubst_w_s/csubst_input_alignment.fa ... Fasta format detected
Reading fasta file: done in 0.00162493 secs using 39.88% CPU
Alignment most likely contains DNA/RNA sequences
Converting to codon sequences with genetic code 1 ...
Alignment has 74 sequences with 410 columns, 375 distinct patterns
175 parsimony-informative, 99 singleton sites, 136 constant sites
                                                              Gap/Ambiguity  Composition  p-value
Analyzing sequences: done in 0.000111699 secs using 97.58% CPU
   1  DE534|Cluster-75710.0__TRINITY_DN373_c1_g1_i1.p1                0.00%    passed    100.00%
   2  DE666|Cluster-21450.0__TRINITY_DN6913_c0_g1_i1.p1               0.00%    passed    100.00%
   3  DE546_urceolata_l|Cluster-26362.0__TRINITY_DN655_c0_g1_i2.p1    0.49%    passed    100.00%
   4  JJ86|Cluster-39488.9__TRINITY_DN71_c0_g2_i1.p1                  0.24%    passed    100.00%
   5  DE519|Cluster-34423.0__TRINITY_DN7427_c0_g1_i5.p1              25.12%    passed    100.00%
   6  DE536|Cluster-41866.0__TRINITY_DN6917_c0_g2_i2.p1               0.49%    passed    100.00%
   7  JJ74|Cluster-114069.0__TRINITY_DN3295_c0_g1_i5.p1               5.85%    passed    100.00%
   8  DE152|Cluster-56638.0__TRINITY_DN1048_c7_g1_i1.p1               0.00%    passed    100.00%
   9  JJ99|Cluster-14103.0__TRINITY_DN7373_c0_g1_i8.p1                1.22%    passed    100.00%
  10  SRR5150740|Cluster-67020.0__TRINITY_DN863_c2_g1_i3.p1           0.24%    passed     97.96%
  11  DE643|Cluster-30324.0__TRINITY_DN16980_c0_g1_i6.p1              0.00%    passed    100.00%
  12  DE671|Cluster-26484.0__TRINITY_DN6229_c1_g1_i2.p1               0.00%    passed    100.00%
  13  SRR3407092|Cluster-25282.0__TRINITY_DN13501_c0_g1_i1.p1         0.00%    passed    100.00%
  14  JJ85|Cluster-7155.0__TRINITY_DN19040_c3_g1_i1.p1                0.00%    passed    100.00%
  15  DE162|Cluster-16231.0__TRINITY_DN8341_c0_g1_i1.p1              25.12%    passed    100.00%
  16  DE528|Cluster-12788.0__TRINITY_DN5918_c0_g1_i1.p1               0.00%    passed    100.00%
  17  DE505|Cluster-14801.0__TRINITY_DN1737_c0_g1_i1.p1              22.20%    passed    100.00%
  18  SRR3407088|Cluster-40850.0__TRINITY_DN1479_c1_g1_i2.p1          0.00%    passed    100.00%
  19  SRR3407094|Cluster-29006.0__TRINITY_DN3998_c0_g1_i1.p1          0.00%    passed    100.00%
  20  DE503|Cluster-41786.2__TRINITY_DN21595_c0_g1_i3.p1             22.20%    passed    100.00%
  21  DE561|Cluster-28972.1__TRINITY_DN642_c0_g1_i4.p1               22.20%    passed    100.00%
  22  SRR3424066|Cluster-41215.0__TRINITY_DN3071_c0_g1_i1.p1          0.00%    passed    100.00%
  23  DE672|Cluster-16715.0__TRINITY_DN13798_c0_g1_i3.p1              2.44%    passed    100.00%
  24  JJ125|Cluster-24765.1__TRINITY_DN9874_c0_g1_i3.p1              22.20%    passed    100.00%
  25  DRR082660|Cluster-4540.0__TRINITY_DN4232_c0_g1_i1.p1            0.00%    passed    100.00%
  26  DE69|Cluster-50307.0__TRINITY_DN3765_c0_g1_i6.p1                0.00%    passed    100.00%
  27  SRR3407095|Cluster-28035.0__TRINITY_DN2339_c0_g1_i2.p1          0.00%    passed    100.00%
  28  SRR3407096|Cluster-1078.0__TRINITY_DN25592_c0_g1_i1.p1          0.00%    passed    100.00%
  29  DE523|Cluster-33766.0__TRINITY_DN6064_c0_g1_i1.p1              22.20%    passed    100.00%
  30  DE151|Cluster-49654.0__TRINITY_DN1761_c0_g1_i5.p1              22.20%    passed    100.00%
  31  DE189|Cluster-40537.0__TRINITY_DN5245_c0_g1_i9.p1              22.20%    passed    100.00%
  32  JJ109|Cluster-43707.0__TRINITY_DN1728_c4_g1_i1.p1               0.00%    passed    100.00%
  33  DE509|Cluster-45186.0__TRINITY_DN9091_c0_g1_i5.p1              22.20%    passed    100.00%
  34  JJ89|Cluster-15532.0__TRINITY_DN203_c1_g1_i1.p1                 0.24%    passed    100.00%
  35  DE88|Cluster-40960.0__TRINITY_DN5478_c0_g1_i2.p1               14.63%    passed    100.00%
  36  DE560|Cluster-43017.0__TRINITY_DN5889_c0_g2_i2.p1               0.49%    passed    100.00%
  37  DE216|Cluster-54905.0__TRINITY_DN5495_c0_g4_i2.p1              57.56%    passed     99.51%
  38  JJ15|Cluster-61774.0__TRINITY_DN6136_c0_g1_i1.p1                0.00%    passed    100.00%
  39  DE542|Cluster-62854.0__TRINITY_DN2687_c1_g1_i5.p1              22.20%    passed    100.00%
  40  DE566|Cluster-36056.0__TRINITY_DN15519_c0_g1_i1.p1             69.02%    passed     77.01%
  41  DE229|Cluster-43624.0__TRINITY_DN1888_c1_g1_i4.p1               0.00%    passed    100.00%
  42  DE115|Cluster-45245.0__TRINITY_DN392_c1_g1_i1.p1                0.00%    passed    100.00%
  43  DE127|Cluster-43013.0__TRINITY_DN151_c0_g1_i1.p1               26.10%    passed    100.00%
  44  DE507|Cluster-44788.0__TRINITY_DN7885_c0_g1_i1.p1               0.00%    passed    100.00%
  45  DE704-purple|Cluster-16313.5__TRINITY_DN5339_c0_g1_i1.p1        0.49%    passed    100.00%
  46  DE704-white|Cluster-42576.0__TRINITY_DN11349_c0_g1_i4.p1        0.49%    passed    100.00%
  47  DE575|Cluster-26696.2__TRINITY_DN8661_c0_g1_i5.p1              15.85%    passed    100.00%
  48  DE681|Cluster-54354.0__TRINITY_DN4790_c0_g1_i3.p1               0.00%    passed    100.00%
  49  DE765|Cluster-11462.12__TRINITY_DN5276_c0_g1_i6.p1              0.00%    passed    100.00%
  50  DE668|Cluster-30830.0__TRINITY_DN1945_c0_g1_i1.p1               0.24%    passed    100.00%
  51  DE623|Cluster-57894.0__TRINITY_DN3521_c0_g1_i2.p1               0.00%    passed    100.00%
  52  DE680|Cluster-26387.0__TRINITY_DN413_c0_g2_i3.p1                0.00%    passed    100.00%
  53  DE164|Cluster-41137.0__TRINITY_DN5583_c0_g1_i2.p1              25.12%    passed    100.00%
  54  DE173|Cluster-24523.0__TRINITY_DN3595_c0_g2_i3.p1               0.00%    passed    100.00%
  55  DE549|Cluster-53747.0__TRINITY_DN4367_c0_g1_i1.p1               5.85%    passed    100.00%
  56  DE737|Cluster-53692.0__TRINITY_DN10556_c0_g1_i1.p1             25.12%    passed    100.00%
  57  DE736|Cluster-24357.0__TRINITY_DN5039_c0_g1_i2.p1              25.12%    passed    100.00%
  58  DE504|Cluster-56608.2__TRINITY_DN5446_c0_g1_i6.p1              47.32%    passed    100.00%
  59  DE541|Cluster-53031.0__TRINITY_DN35455_c0_g2_i6.p1              0.00%    passed    100.00%
  60  JJ130|Cluster-19929.0__TRINITY_DN593_c4_g1_i1.p1               25.12%    passed    100.00%
  61  DE550|Cluster-46491.0__TRINITY_DN13615_c0_g1_i2.p1             23.17%    passed    100.00%
  62  DE531|Cluster-52546.0__TRINITY_DN5747_c0_g1_i1.p1              17.32%    passed    100.00%
  63  DE696-dots|Cluster-43494.5__TRINITY_DN6117_c2_g1_i5.p1          0.00%    passed    100.00%
  64  DE696-nodots|Cluster-63535.0__TRINITY_DN121_c0_g2_i4.p1        25.12%    passed    100.00%
  65  DE126|Cluster-40233.10__TRINITY_DN1818_c0_g1_i22.p1             0.00%    passed    100.00%
  66  SRR3407086|Cluster-40518.0__TRINITY_DN7229_c0_g1_i2.p1          0.00%    passed    100.00%
  67  DE510|Cluster-30572.0__TRINITY_DN2969_c0_g1_i6.p1               5.85%    passed    100.00%
  68  SRR3407087|Cluster-12072.0__TRINITY_DN2982_c0_g1_i3.p1          5.85%    passed    100.00%
  69  SRR3407093|Cluster-22504.0__TRINITY_DN1971_c0_g1_i2.p1          0.00%    passed    100.00%
  70  DE476|Cluster-50703.73__TRINITY_DN1210_c0_g1_i10.p1            57.56%    passed     99.22%
  71  JJ36|Cluster-38392.0__TRINITY_DN2697_c0_g1_i5.p1               63.41%    passed     97.75%
  72  DE563|Cluster-47417.0__TRINITY_DN17006_c0_g1_i1.p1             57.56%    passed     72.88%
  73  DE554|Cluster-60032.1__TRINITY_DN1513_c2_g1_i14.p1             57.56%    passed     84.61%
  74  JJ23|Cluster-46228.0__TRINITY_DN13560_c0_g1_i11.p1             57.56%    passed     86.04%
WARNING: 7 sequences contain more than 50% gaps/ambiguity
****  TOTAL                                                          13.12%  0 sequences failed composition chi2 test (p-value<5%; df=60)
Reading input tree file tmp.csubst.nwk ... rooted tree

NOTE: 60 MB RAM (0 GB) is required!
Measuring multi-threading efficiency up to 1 CPU cores
2 trees examined
Threads: 1 / Time: 3.533 sec / Speedup: 1.000 / Efficiency: 100% / LogL: -10190
BEST NUMBER OF THREADS: 1

Estimate model parameters (epsilon = 0.010)
1. Initial log-likelihood: -11486.985
2. Current log-likelihood: -6706.642
3. Current log-likelihood: -6705.091
4. Current log-likelihood: -6704.225
5. Current log-likelihood: -6692.586
6. Current log-likelihood: -6692.416
7. Current log-likelihood: -6692.313
8. Current log-likelihood: -6692.250
9. Current log-likelihood: -6692.212
10. Current log-likelihood: -6687.894
11. Current log-likelihood: -6687.847
12. Current log-likelihood: -6687.809
13. Current log-likelihood: -6687.779
14. Current log-likelihood: -6687.754
15. Current log-likelihood: -6687.733
16. Current log-likelihood: -6687.714
17. Current log-likelihood: -6687.697
18. Current log-likelihood: -6687.681
19. Current log-likelihood: -6687.665
20. Current log-likelihood: -6687.651
21. Current log-likelihood: -6687.637
22. Current log-likelihood: -6687.623
23. Current log-likelihood: -6687.610
24. Current log-likelihood: -6687.597
25. Current log-likelihood: -6687.585
26. Current log-likelihood: -6687.573
27. Current log-likelihood: -6687.562
28. Current log-likelihood: -6687.551
29. Current log-likelihood: -6687.540
30. Current log-likelihood: -6687.530
31. Current log-likelihood: -6687.520
Optimal log-likelihood: -6687.469
Nonsynonymous/synonymous ratio (omega): 1.000
Transition/transversion ratio (kappa): 1.000
Site proportion and rates:  (0.529,0.263) (0.268,1.174) (0.189,2.375) (0.015,6.627)
Parameters optimization took 31 rounds (312.005 sec)
Wrote distance file to... 
BEST SCORE FOUND : -6687.469
Ancestral state probabilities printed to /mnt/data0/yue/2026-03-11-protein-convergence/results/OG_6469/csubst_w_s/csubst_input_alignment.fa.state
Empirical proportions for each category: 0.585 0.212 0.190 0.012
Site rates printed to /mnt/data0/yue/2026-03-11-protein-convergence/results/OG_6469/csubst_w_s/csubst_input_alignment.fa.rate
Total tree length: 2.070

Total number of iterations: 0
CPU time used for tree search: 0.000 sec (0h:0m:0s)
Wall-clock time used for tree search: 0.000 sec (0h:0m:0s)
Total CPU time used: 317.421 sec (0h:5m:17s)
Total wall-clock time used: 317.802 sec (0h:5m:17s)

Analysis results written to: 
  IQ-TREE report:                /mnt/data0/yue/2026-03-11-protein-convergence/results/OG_6469/csubst_w_s/csubst_input_alignment.fa.iqtree
  Maximum-likelihood tree:       /mnt/data0/yue/2026-03-11-protein-convergence/results/OG_6469/csubst_w_s/csubst_input_alignment.fa.treefile
  Site-specific rates:           /mnt/data0/yue/2026-03-11-protein-convergence/results/OG_6469/csubst_w_s/csubst_input_alignment.fa.rate
  Ancestral state:               /mnt/data0/yue/2026-03-11-protein-convergence/results/OG_6469/csubst_w_s/csubst_input_alignment.fa.state
  Screen log file:               /mnt/data0/yue/2026-03-11-protein-convergence/results/OG_6469/csubst_w_s/csubst_input_alignment.fa.log

Date and Time: Fri Mar 27 21:44:04 2026
