IQ-TREE multicore version 2.4.0 for Linux x86 64-bit built Feb 12 2025
Developed by Bui Quang Minh, Nguyen Lam Tung, Olga Chernomor, Heiko Schmidt,
Dominik Schrempf, Michael Woodhams, Ly Trong Nhan, Thomas Wong

Host:    brain (AVX2, FMA3, 2015 GB RAM)
Command: /home/yue/miniconda3/envs/py39/bin/iqtree -s /mnt/data0/yue/2026-03-11-protein-convergence/results/OG_9611/csubst_w_s/csubst_input_alignment.fa -te tmp.csubst.nwk -m ECMK07+F+R4 --seqtype CODON1 --threads-max 1 -T AUTO --ancestral --rate --redo
Seed:    873100 (Using SPRNG - Scalable Parallel Random Number Generator)
Time:    Sat Mar 28 06:04:32 2026
Kernel:  AVX+FMA - auto-detect threads (128 CPU cores detected)

Reading alignment file /mnt/data0/yue/2026-03-11-protein-convergence/results/OG_9611/csubst_w_s/csubst_input_alignment.fa ... Fasta format detected
Reading fasta file: done in 0.00150234 secs using 33.28% CPU
Alignment most likely contains DNA/RNA sequences
Converting to codon sequences with genetic code 1 ...
WARNING: 1 sites contain only gaps or ambiguous characters.
Alignment has 68 sequences with 446 columns, 432 distinct patterns
304 parsimony-informative, 63 singleton sites, 79 constant sites
                                                           Gap/Ambiguity  Composition  p-value
Analyzing sequences: done in 7.64877e-05 secs using 98.06% CPU
   1  JJ74|Cluster-102253.0__TRINITY_DN3624_c0_g1_i2.p1           31.84%    passed     87.34%
   2  DE505|Cluster-35693.0__TRINITY_DN4002_c0_g1_i2.p1           19.73%    passed    100.00%
   3  DE536|Cluster-53381.0__TRINITY_DN5975_c0_g2_i2.p1            1.57%    passed    100.00%
   4  DE216|Cluster-63082.0__TRINITY_DN2294_c0_g1_i1.p1            1.57%    passed    100.00%
   5  DE542|Cluster-48142.8__TRINITY_DN17064_c0_g1_i1.p1          33.18%    passed     68.41%
   6  DE575|Cluster-30019.8__TRINITY_DN9723_c0_g1_i6.p1            0.22%    passed    100.00%
   7  DE765|Cluster-6948.0__TRINITY_DN22235_c0_g1_i1.p1            0.22%    passed    100.00%
   8  DE126|Cluster-40865.0__TRINITY_DN17813_c0_g1_i1.p1           0.45%    passed    100.00%
   9  JJ15|Cluster-49383.0__TRINITY_DN3285_c0_g1_i1.p1             0.22%    passed    100.00%
  10  JJ85|Cluster-13224.0__TRINITY_DN2665_c0_g2_i2.p1             2.91%    passed     99.99%
  11  SRR3407096|Cluster-15772.1__TRINITY_DN4898_c0_g1_i4.p1      34.75%    passed     87.06%
  12  DE69|Cluster-37969.0__TRINITY_DN6719_c0_g2_i1.p1             0.22%    passed    100.00%
  13  SRR3407095|Cluster-25861.0__TRINITY_DN12349_c0_g4_i1.p1      0.22%    passed    100.00%
  14  DE181|Cluster-1209.0__TRINITY_DN82842_c0_g1_i1.p1            0.22%    passed    100.00%
  15  DE503|Cluster-61602.29__TRINITY_DN1966_c0_g1_i1.p1          47.53%    passed     98.94%
  16  SRR3407086|Cluster-26556.0__TRINITY_DN241_c0_g1_i1.p1        0.22%    passed    100.00%
  17  DE510|Cluster-6738.0__TRINITY_DN5330_c0_g5_i1.p1             0.22%    passed    100.00%
  18  SRR3407087|Cluster-13185.0__TRINITY_DN1858_c0_g3_i1.p1       0.22%    passed    100.00%
  19  SRR3407092|Cluster-12231.0__TRINITY_DN852_c0_g1_i1.p1        0.22%    passed    100.00%
  20  SRR3407094|Cluster-3176.0__TRINITY_DN2616_c3_g2_i1.p1        0.22%    passed    100.00%
  21  SRR3407093|Cluster-1119.0__TRINITY_DN151_c0_g1_i1.p1         0.22%    passed    100.00%
  22  SRR3407088|Cluster-1788.0__TRINITY_DN340_c0_g1_i1.p1         0.22%    passed    100.00%
  23  DE561|Cluster-29311.0__TRINITY_DN3660_c0_g2_i1.p1            0.22%    passed    100.00%
  24  SRR3424066|Cluster-24821.0__TRINITY_DN349_c0_g1_i1.p1        0.22%    passed    100.00%
  25  JJ86|Cluster-19138.5__TRINITY_DN6649_c0_g1_i1.p1             0.45%    passed    100.00%
  26  DE666|Cluster-33263.0__TRINITY_DN1043_c1_g1_i1.p1            0.22%    passed    100.00%
  27  DE681|Cluster-49216.3__TRINITY_DN550_c1_g1_i1.p1             0.22%    passed    100.00%
  28  DE668|Cluster-37724.0__TRINITY_DN196_c3_g1_i1.p1             0.45%    passed     99.92%
  29  DE550|Cluster-19250.10__TRINITY_DN5140_c0_g1_i1.p1           0.22%    passed    100.00%
  30  DE88|Cluster-23384.0__TRINITY_DN5657_c2_g1_i1.p1             0.22%    passed    100.00%
  31  DE476|Cluster-16975.0__TRINITY_DN1450_c0_g1_i1.p1            0.22%    passed    100.00%
  32  DE671|Cluster-11002.0__TRINITY_DN23475_c0_g1_i1.p1           0.22%    passed    100.00%
  33  DE737|Cluster-12801.0__TRINITY_DN19040_c0_g3_i2.p1           0.22%    passed    100.00%
  34  DE523|Cluster-27350.1__TRINITY_DN91_c0_g1_i7.p1             12.11%    passed     99.97%
  35  DE229|Cluster-61493.0__TRINITY_DN65918_c0_g1_i1.p1          32.51%    passed     91.88%
  36  DE519|Cluster-10460.0__TRINITY_DN5415_c0_g1_i1.p1            0.22%    passed    100.00%
  37  DE741|Cluster-17452.0__TRINITY_DN6750_c0_g5_i1.p1            0.22%    passed    100.00%
  38  DE643|Cluster-42232.1__TRINITY_DN137_c0_g1_i2.p1             0.22%    passed    100.00%
  39  DE115|Cluster-63938.0__TRINITY_DN3881_c0_g1_i1.p1            0.45%    passed    100.00%
  40  DE127|Cluster-34960.0__TRINITY_DN1629_c0_g1_i1.p1            0.22%    passed     99.98%
  41  DE554|Cluster-66979.0__TRINITY_DN14731_c2_g1_i1.p1           0.22%    passed     99.96%
  42  DE563|Cluster-53355.0__TRINITY_DN1924_c0_g1_i1.p1            0.22%    passed    100.00%
  43  JJ99|Cluster-50912.0__TRINITY_DN1276_c0_g1_i2.p1            47.53%    passed     89.35%
  44  DE152|Cluster-18719.0__TRINITY_DN2282_c0_g1_i1.p1            0.22%    passed    100.00%
  45  JJ125|Cluster-24306.0__TRINITY_DN905_c1_g1_i1.p1             2.02%    passed    100.00%
  46  DE623|Cluster-10197.0__TRINITY_DN622_c0_g3_i1.p1             0.22%    passed    100.00%
  47  DE680|Cluster-52967.0__TRINITY_DN3529_c1_g1_i2.p1            0.22%    passed    100.00%
  48  DE162|Cluster-41416.1__TRINITY_DN2454_c0_g1_i4.p1            0.22%    passed    100.00%
  49  DE704-purple|Cluster-51658.0__TRINITY_DN11118_c0_g1_i4.p1    0.22%    passed    100.00%
  50  DE507|Cluster-70733.0__TRINITY_DN16906_c0_g1_i1.p1           0.22%    passed    100.00%
  51  DE528|Cluster-14928.0__TRINITY_DN991_c1_g1_i1.p1             0.22%    passed    100.00%
  52  DE704-white|Cluster-59820.0__TRINITY_DN153_c0_g2_i1.p1       0.22%    passed    100.00%
  53  JJ131|Cluster-67863.0__TRINITY_DN10787_c0_g1_i8.p1          25.56%    passed     86.92%
  54  DE151|Cluster-15166.0__TRINITY_DN6282_c0_g1_i1.p1            0.22%    passed    100.00%
  55  DE173|Cluster-23241.0__TRINITY_DN16785_c0_g1_i2.p1           0.22%    passed    100.00%
  56  JJ109|Cluster-40765.0__TRINITY_DN1686_c1_g1_i2.p1            0.22%    passed    100.00%
  57  JJ89|Cluster-22551.0__TRINITY_DN6964_c0_g2_i1.p1             0.22%    passed    100.00%
  58  DE504|Cluster-11498.1__TRINITY_DN326_c0_g2_i1.p1             0.22%    passed    100.00%
  59  DE764|Cluster-25654.0__TRINITY_DN3319_c0_g1_i1.p1            0.22%    passed    100.00%
  60  DE549|Cluster-19529.0__TRINITY_DN8244_c1_g2_i1.p1            0.22%    passed    100.00%
  61  DE509|Cluster-9951.0__TRINITY_DN74916_c0_g1_i1.p1            0.22%    passed    100.00%
  62  DE164|Cluster-50730.1__TRINITY_DN201_c1_g2_i1.p1             0.22%    passed    100.00%
  63  DE672|Cluster-26069.0__TRINITY_DN103488_c0_g1_i1.p1          0.22%    passed    100.00%
  64  DE541|Cluster-28037.0__TRINITY_DN376_c0_g1_i1.p1             0.22%    passed    100.00%
  65  DE531|Cluster-19169.0__TRINITY_DN5277_c0_g2_i2.p1           33.18%    passed     99.87%
  66  DE696-dots|Cluster-48897.0__TRINITY_DN2609_c0_g1_i1.p1       0.22%    passed    100.00%
  67  DE696-nodots|Cluster-50141.0__TRINITY_DN30612_c0_g1_i5.p1    0.22%    passed    100.00%
  68  JJ36|Cluster-30204.0__TRINITY_DN7010_c1_g1_i1.p1             0.22%    passed    100.00%
****  TOTAL                                                        4.99%  0 sequences failed composition chi2 test (p-value<5%; df=60)
Reading input tree file tmp.csubst.nwk ... rooted tree

NOTE: 63 MB RAM (0 GB) is required!
Measuring multi-threading efficiency up to 1 CPU cores
2 trees examined
Threads: 1 / Time: 3.213 sec / Speedup: 1.000 / Efficiency: 100% / LogL: -20103
BEST NUMBER OF THREADS: 1

Estimate model parameters (epsilon = 0.010)
1. Initial log-likelihood: -15393.761
2. Current log-likelihood: -10762.743
3. Current log-likelihood: -10749.103
4. Current log-likelihood: -10749.068
5. Current log-likelihood: -10749.057
Optimal log-likelihood: -10749.053
Nonsynonymous/synonymous ratio (omega): 1.000
Transition/transversion ratio (kappa): 1.000
Site proportion and rates:  (0.543,0.442) (0.329,1.252) (0.123,2.638) (0.006,4.087)
Parameters optimization took 5 rounds (65.935 sec)
Wrote distance file to... 
BEST SCORE FOUND : -10749.053
Ancestral state probabilities printed to /mnt/data0/yue/2026-03-11-protein-convergence/results/OG_9611/csubst_w_s/csubst_input_alignment.fa.state
Empirical proportions for each category: 0.617 0.269 0.114 0.000
Site rates printed to /mnt/data0/yue/2026-03-11-protein-convergence/results/OG_9611/csubst_w_s/csubst_input_alignment.fa.rate
Total tree length: 3.710

Total number of iterations: 0
CPU time used for tree search: 0.000 sec (0h:0m:0s)
Wall-clock time used for tree search: 0.000 sec (0h:0m:0s)
Total CPU time used: 71.456 sec (0h:1m:11s)
Total wall-clock time used: 71.706 sec (0h:1m:11s)

Analysis results written to: 
  IQ-TREE report:                /mnt/data0/yue/2026-03-11-protein-convergence/results/OG_9611/csubst_w_s/csubst_input_alignment.fa.iqtree
  Maximum-likelihood tree:       /mnt/data0/yue/2026-03-11-protein-convergence/results/OG_9611/csubst_w_s/csubst_input_alignment.fa.treefile
  Site-specific rates:           /mnt/data0/yue/2026-03-11-protein-convergence/results/OG_9611/csubst_w_s/csubst_input_alignment.fa.rate
  Ancestral state:               /mnt/data0/yue/2026-03-11-protein-convergence/results/OG_9611/csubst_w_s/csubst_input_alignment.fa.state
  Screen log file:               /mnt/data0/yue/2026-03-11-protein-convergence/results/OG_9611/csubst_w_s/csubst_input_alignment.fa.log

Date and Time: Sat Mar 28 06:05:44 2026
