IQ-TREE multicore version 2.4.0 for Linux x86 64-bit built Feb 12 2025
Developed by Bui Quang Minh, Nguyen Lam Tung, Olga Chernomor, Heiko Schmidt,
Dominik Schrempf, Michael Woodhams, Ly Trong Nhan, Thomas Wong

Host:    brain (AVX2, FMA3, 2015 GB RAM)
Command: /home/yue/miniconda3/envs/py39/bin/iqtree -s /mnt/data0/yue/2026-03-11-protein-convergence/results/OG_10630/csubst_w_s/csubst_input_alignment.fa -te tmp.csubst.nwk -m ECMK07+F+R4 --seqtype CODON1 --threads-max 1 -T AUTO --ancestral --rate --redo
Seed:    693494 (Using SPRNG - Scalable Parallel Random Number Generator)
Time:    Thu Mar 26 21:09:54 2026
Kernel:  AVX+FMA - auto-detect threads (128 CPU cores detected)

Reading alignment file /mnt/data0/yue/2026-03-11-protein-convergence/results/OG_10630/csubst_w_s/csubst_input_alignment.fa ... Fasta format detected
Reading fasta file: done in 0.000593275 secs using 48.54% CPU
Alignment most likely contains DNA/RNA sequences
Converting to codon sequences with genetic code 1 ...
Alignment has 63 sequences with 133 columns, 130 distinct patterns
71 parsimony-informative, 40 singleton sites, 22 constant sites
                                                                Gap/Ambiguity  Composition  p-value
Analyzing sequences: done in 2.58982e-05 secs using 100.4% CPU
   1  DE560|Cluster-47046.0__TRINITY_DN2498_c0_g1_i4.p1                 0.75%    passed    100.00%
   2  DE505|Cluster-35447.0__TRINITY_DN839_c1_g1_i8.p1                  0.00%    passed    100.00%
   3  DE151|Cluster-49698.9__TRINITY_DN9657_c0_g3_i3.p1                 0.00%    passed    100.00%
   4  DE152|Cluster-25433.0__TRINITY_DN629_c1_g1_i5.p1                  0.00%    passed    100.00%
   5  DE115|Cluster-46062.0__TRINITY_DN1986_c0_g1_i1.p1                 0.00%    passed     99.99%
   6  DE162|Cluster-30105.1__TRINITY_DN12168_c0_g1_i2.p1                0.00%    passed    100.00%
   7  DE507|Cluster-80612.0__TRINITY_DN1269_c0_g1_i43.p1                0.00%    passed    100.00%
   8  DE704-white|Cluster-21343.2__TRINITY_DN2392_c0_g1_i12.p1          0.00%    passed    100.00%
   9  DE528|Cluster-34940.0__TRINITY_DN4332_c0_g1_i39.p1                0.00%    passed    100.00%
  10  DE765|Cluster-55077.0__TRINITY_DN2689_c0_g1_i2.p1                 0.00%    passed     99.58%
  11  DE575|Cluster-27766.0__TRINITY_DN1449_c0_g1_i8.p1                 0.00%    passed    100.00%
  12  DE229|Cluster-56611.1__TRINITY_DN3253_c0_g4_i2.p1                 0.00%    passed     98.96%
  13  JJ86|Cluster-17387.0__TRINITY_DN6945_c3_g1_i1.p1                  0.00%    passed     99.04%
  14  JJ131|Cluster-18344.1__TRINITY_DN21995_c1_g1_i3.p1                0.00%    failed      1.06%
  15  DE127|Cluster-37857.2__TRINITY_DN345_c1_g2_i1.p1                  0.00%    passed     86.68%
  16  DE554|Cluster-38283.0__TRINITY_DN791_c0_g1_i2.p1                  0.00%    passed    100.00%
  17  DE546_urceolata_l|Cluster-221.321__TRINITY_DN3217_c0_g2_i26.p1    0.00%    passed    100.00%
  18  DE668|Cluster-20488.0__TRINITY_DN18208_c0_g1_i2.p1                0.00%    passed     99.94%
  19  SRR3407095|Cluster-15531.0__TRINITY_DN1319_c2_g1_i1.p1            0.00%    passed     99.53%
  20  DE69|Cluster-55464.0__TRINITY_DN368_c6_g1_i2.p1                   0.00%    failed      0.62%
  21  SRR3407096|Cluster-23701.0__TRINITY_DN7694_c0_g1_i1.p1            0.00%    passed    100.00%
  22  DE181|Cluster-51324.0__TRINITY_DN6805_c0_g1_i2.p1                 0.00%    passed    100.00%
  23  SRR3407086|Cluster-38537.3__TRINITY_DN12759_c0_g1_i1.p1           0.00%    passed    100.00%
  24  SRR3424066|Cluster-25413.0__TRINITY_DN2940_c4_g1_i1.p1            0.00%    passed     97.10%
  25  SRR3407088|Cluster-28767.0__TRINITY_DN782_c0_g1_i2.p1             0.00%    passed    100.00%
  26  DE561|Cluster-20924.0__TRINITY_DN5571_c0_g1_i1.p1                 0.00%    passed    100.00%
  27  DE503|Cluster-44439.0__TRINITY_DN4300_c0_g1_i5.p1                 0.00%    passed    100.00%
  28  SRR3407093|Cluster-8593.0__TRINITY_DN20842_c2_g1_i1.p1            0.00%    passed    100.00%
  29  SRR3407087|Cluster-38819.0__TRINITY_DN20894_c0_g1_i1.p1           0.00%    passed    100.00%
  30  SRR3407094|Cluster-40531.1__TRINITY_DN10975_c0_g1_i1.p1           0.00%    passed    100.00%
  31  DE549|Cluster-45626.0__TRINITY_DN2504_c1_g1_i4.p1                 0.00%    passed    100.00%
  32  DE189|Cluster-39409.0__TRINITY_DN733_c1_g1_i10.p1                 0.00%    passed    100.00%
  33  JJ89|Cluster-17828.2__TRINITY_DN1578_c1_g3_i6.p1                  0.00%    passed    100.00%
  34  DE509|Cluster-47183.1__TRINITY_DN8902_c2_g1_i3.p1                 0.00%    passed    100.00%
  35  DE643|Cluster-76556.0__TRINITY_DN2289_c1_g1_i2.p1                 0.00%    passed    100.00%
  36  DE764|Cluster-40982.0__TRINITY_DN2540_c0_g1_i2.p1                 3.01%    passed    100.00%
  37  DE671|Cluster-54334.0__TRINITY_DN3339_c2_g1_i1.p1                 0.00%    passed    100.00%
  38  DE696-dots|Cluster-52021.2__TRINITY_DN1530_c0_g1_i18.p1           0.00%    passed    100.00%
  39  DE696-nodots|Cluster-47710.1__TRINITY_DN6340_c0_g2_i3.p1          0.00%    passed    100.00%
  40  JJ36|Cluster-40438.1__TRINITY_DN2928_c0_g1_i9.p1                  0.00%    passed    100.00%
  41  DE88|Cluster-41423.0__TRINITY_DN900_c4_g1_i1.p1                   1.50%    passed    100.00%
  42  DE164|Cluster-21403.0__TRINITY_DN3977_c2_g1_i1.p1                 0.00%    passed    100.00%
  43  DE550|Cluster-52275.20__TRINITY_DN16741_c0_g1_i6.p1               0.00%    passed    100.00%
  44  DE672|Cluster-20013.0__TRINITY_DN8468_c4_g1_i1.p1                 0.00%    passed    100.00%
  45  DE736|Cluster-59330.0__TRINITY_DN75_c0_g1_i1.p1                   0.00%    passed    100.00%
  46  DE173|Cluster-19587.1__TRINITY_DN1155_c0_g1_i6.p1                 0.00%    passed    100.00%
  47  JJ109|Cluster-14109.0__TRINITY_DN3224_c1_g1_i1.p1                 0.00%    passed    100.00%
  48  JJ130|Cluster-23743.0__TRINITY_DN7814_c1_g1_i1.p1                 0.00%    passed    100.00%
  49  DE541|Cluster-16733.1__TRINITY_DN6190_c0_g1_i3.p1                 0.00%    passed    100.00%
  50  DE476|Cluster-45545.0__TRINITY_DN752_c1_g1_i4.p1                  0.00%    passed    100.00%
  51  DE741|Cluster-38707.0__TRINITY_DN7131_c1_g1_i5.p1                38.35%    passed     99.82%
  52  DRR082660|Cluster-25287.0__TRINITY_DN1899_c1_g1_i1.p1             0.00%    passed    100.00%
  53  JJ85|Cluster-39966.1__TRINITY_DN508_c0_g1_i1.p1                   0.00%    passed     99.87%
  54  DE216|Cluster-32031.0__TRINITY_DN3621_c0_g1_i4.p1                38.35%    passed     94.64%
  55  JJ15|Cluster-52909.36__TRINITY_DN554_c1_g1_i2.p1                  0.00%    passed    100.00%
  56  DE534|Cluster-42287.1__TRINITY_DN3958_c1_g2_i2.p1                 0.00%    passed    100.00%
  57  DE542|Cluster-57002.1__TRINITY_DN629_c0_g1_i4.p1                  8.27%    passed    100.00%
  58  DE504|Cluster-9857.1__TRINITY_DN5669_c0_g1_i4.p1                  0.00%    passed    100.00%
  59  JJ23|Cluster-8513.0__TRINITY_DN2899_c0_g1_i15.p1                  0.00%    passed     99.94%
  60  DE623|Cluster-11381.0__TRINITY_DN1277_c1_g1_i2.p1                 0.00%    passed    100.00%
  61  DE666|Cluster-19977.4__TRINITY_DN6557_c1_g2_i1.p1                 0.00%    passed    100.00%
  62  JJ74|Cluster-134664.0__TRINITY_DN51102_c1_g1_i1.p1                0.00%    passed     93.77%
  63  DE566|Cluster-10060.0__TRINITY_DN1671_c0_g1_i4.p1                 0.00%    passed     99.99%
****  TOTAL                                                             1.43%  2 sequences failed composition chi2 test (p-value<5%; df=60)
Reading input tree file tmp.csubst.nwk ... rooted tree

NOTE: 23 MB RAM (0 GB) is required!
Measuring multi-threading efficiency up to 1 CPU cores
2 trees examined
Threads: 1 / Time: 1.272 sec / Speedup: 1.000 / Efficiency: 100% / LogL: -5061
BEST NUMBER OF THREADS: 1

Estimate model parameters (epsilon = 0.010)
1. Initial log-likelihood: -4279.862
2. Current log-likelihood: -3239.554
3. Current log-likelihood: -3239.365
4. Current log-likelihood: -3239.324
5. Current log-likelihood: -3239.311
Optimal log-likelihood: -3239.305
Nonsynonymous/synonymous ratio (omega): 1.000
Transition/transversion ratio (kappa): 1.000
Site proportion and rates:  (0.602,0.374) (0.172,1.161) (0.200,2.379) (0.026,3.797)
Parameters optimization took 5 rounds (19.641 sec)
Wrote distance file to... 
BEST SCORE FOUND : -3239.305
Ancestral state probabilities printed to /mnt/data0/yue/2026-03-11-protein-convergence/results/OG_10630/csubst_w_s/csubst_input_alignment.fa.state
Empirical proportions for each category: 0.654 0.105 0.233 0.008
Site rates printed to /mnt/data0/yue/2026-03-11-protein-convergence/results/OG_10630/csubst_w_s/csubst_input_alignment.fa.rate
Total tree length: 3.900

Total number of iterations: 0
CPU time used for tree search: 0.000 sec (0h:0m:0s)
Wall-clock time used for tree search: 0.000 sec (0h:0m:0s)
Total CPU time used: 21.683 sec (0h:0m:21s)
Total wall-clock time used: 21.739 sec (0h:0m:21s)

Analysis results written to: 
  IQ-TREE report:                /mnt/data0/yue/2026-03-11-protein-convergence/results/OG_10630/csubst_w_s/csubst_input_alignment.fa.iqtree
  Maximum-likelihood tree:       /mnt/data0/yue/2026-03-11-protein-convergence/results/OG_10630/csubst_w_s/csubst_input_alignment.fa.treefile
  Site-specific rates:           /mnt/data0/yue/2026-03-11-protein-convergence/results/OG_10630/csubst_w_s/csubst_input_alignment.fa.rate
  Ancestral state:               /mnt/data0/yue/2026-03-11-protein-convergence/results/OG_10630/csubst_w_s/csubst_input_alignment.fa.state
  Screen log file:               /mnt/data0/yue/2026-03-11-protein-convergence/results/OG_10630/csubst_w_s/csubst_input_alignment.fa.log

Date and Time: Thu Mar 26 21:10:16 2026
