IQ-TREE multicore version 2.4.0 for Linux x86 64-bit built Feb 12 2025
Developed by Bui Quang Minh, Nguyen Lam Tung, Olga Chernomor, Heiko Schmidt,
Dominik Schrempf, Michael Woodhams, Ly Trong Nhan, Thomas Wong

Host:    brain (AVX2, FMA3, 2015 GB RAM)
Command: /home/yue/miniconda3/envs/py39/bin/iqtree -s /mnt/data0/yue/2026-03-11-protein-convergence/results/OG_5686/csubst_w_s/csubst_input_alignment.fa -te tmp.csubst.nwk -m ECMK07+F+R4 --seqtype CODON1 --threads-max 1 -T AUTO --ancestral --rate --redo
Seed:    80016 (Using SPRNG - Scalable Parallel Random Number Generator)
Time:    Fri Mar 27 18:54:36 2026
Kernel:  AVX+FMA - auto-detect threads (128 CPU cores detected)

Reading alignment file /mnt/data0/yue/2026-03-11-protein-convergence/results/OG_5686/csubst_w_s/csubst_input_alignment.fa ... Fasta format detected
Reading fasta file: done in 0.00329356 secs using 22.83% CPU
Alignment most likely contains DNA/RNA sequences
Converting to codon sequences with genetic code 1 ...
WARNING: 1 sites contain only gaps or ambiguous characters.
Alignment has 78 sequences with 815 columns, 782 distinct patterns
476 parsimony-informative, 220 singleton sites, 118 constant sites
                                                               Gap/Ambiguity  Composition  p-value
Analyzing sequences: done in 0.000194356 secs using 99.3% CPU
   1  DE152|Cluster-25435.0__TRINITY_DN7056_c0_g1_i1.p1                0.12%    passed    100.00%
   2  DE550|Cluster-2972.0__TRINITY_DN14074_c0_g1_i1.p1                0.12%    passed    100.00%
   3  DE575|Cluster-41163.0__TRINITY_DN12441_c0_g1_i4.p1               0.12%    passed    100.00%
   4  DE681|Cluster-19290.0__TRINITY_DN28757_c0_g1_i1.p1               0.12%    passed    100.00%
   5  DE115|Cluster-290.0__TRINITY_DN70356_c0_g1_i1.p1                 0.12%    passed    100.00%
   6  JJ86|Cluster-50215.0__TRINITY_DN68398_c0_g1_i1.p1                0.12%    passed    100.00%
   7  DE127|Cluster-23602.0__TRINITY_DN13831_c0_g1_i1.p1              48.10%    passed     42.09%
   8  DE666|Cluster-6126.0__TRINITY_DN5795_c0_g1_i1.p1                 0.12%    passed    100.00%
   9  DE546_urceolata_l|Cluster-36035.0__TRINITY_DN6022_c0_g1_i1.p1    0.12%    passed    100.00%
  10  DE162|Cluster-42822.0__TRINITY_DN24642_c0_g1_i7.p1               0.12%    passed    100.00%
  11  DE765|Cluster-1004.0__TRINITY_DN1129_c0_g4_i1.p1                78.53%    failed      0.61%
  12  DE704-purple|Cluster-40755.0__TRINITY_DN5551_c0_g1_i2.p1         0.12%    passed    100.00%
  13  DE507|Cluster-63156.0__TRINITY_DN10590_c0_g1_i2.p1               0.12%    passed    100.00%
  14  DE704-white|Cluster-7864.0__TRINITY_DN10394_c0_g2_i1.p1          0.12%    passed    100.00%
  15  DE528|Cluster-61337.0__TRINITY_DN15643_c0_g1_i3.p1               0.12%    passed    100.00%
  16  DE623|Cluster-31275.0__TRINITY_DN7427_c0_g2_i1.p1                0.12%    passed    100.00%
  17  DE680|Cluster-13794.0__TRINITY_DN14435_c0_g1_i1.p1               0.12%    passed    100.00%
  18  DE563|Cluster-18037.0__TRINITY_DN6795_c0_g2_i1.p1                0.12%    passed    100.00%
  19  DE566|Cluster-60434.0__TRINITY_DN13597_c0_g1_i9.p1               4.29%    passed    100.00%
  20  JJ99|Cluster-31187.0__TRINITY_DN9646_c0_g1_i1.p1                 0.12%    passed    100.00%
  21  DE229|Cluster-12631.0__TRINITY_DN12357_c0_g1_i1.p1               0.12%    passed    100.00%
  22  JJ23|Cluster-23455.0__TRINITY_DN10101_c0_g1_i9.p1                0.12%    passed    100.00%
  23  DE668|Cluster-60456.1__TRINITY_DN14038_c2_g1_i13.p1              0.12%    passed    100.00%
  24  DE560|Cluster-36094.0__TRINITY_DN3870_c0_g1_i3.p1                0.12%    passed    100.00%
  25  DE151|Cluster-13622.0__TRINITY_DN9787_c0_g1_i1.p1                0.12%    passed    100.00%
  26  DE173|Cluster-37181.0__TRINITY_DN7582_c0_g1_i3.p1                0.12%    passed    100.00%
  27  DE189|Cluster-26221.114__TRINITY_DN4416_c0_g1_i2.p1              0.12%    passed    100.00%
  28  JJ109|Cluster-3850.0__TRINITY_DN48935_c0_g1_i2.p1                0.12%    passed    100.00%
  29  JJ130|Cluster-25075.0__TRINITY_DN19195_c0_g1_i2.p1               0.12%    passed    100.00%
  30  DE88|Cluster-33129.0__TRINITY_DN5316_c0_g1_i1.p1                 0.12%    passed    100.00%
  31  DE549|Cluster-33112.0__TRINITY_DN13455_c0_g2_i1.p1               0.12%    passed    100.00%
  32  DE504|Cluster-53079.0__TRINITY_DN9094_c0_g1_i1.p1                0.12%    passed    100.00%
  33  JJ89|Cluster-33934.0__TRINITY_DN2825_c0_g1_i6.p1                 0.12%    passed    100.00%
  34  DE476|Cluster-7229.0__TRINITY_DN5173_c0_g1_i1.p1                 0.12%    passed    100.00%
  35  DE541|Cluster-36478.0__TRINITY_DN4356_c0_g1_i6.p1                0.12%    passed    100.00%
  36  DE164|Cluster-36690.0__TRINITY_DN2428_c0_g1_i1.p1               80.12%    passed     57.02%
  37  DE509|Cluster-36216.0__TRINITY_DN14083_c0_g1_i2.p1               0.12%    passed    100.00%
  38  DE764|Cluster-11647.0__TRINITY_DN3440_c0_g1_i1.p1                0.12%    passed    100.00%
  39  DE736|Cluster-33063.0__TRINITY_DN130947_c0_g1_i2.p1              0.12%    passed    100.00%
  40  JJ125|Cluster-3691.0__TRINITY_DN7757_c0_g3_i1.p1                77.06%    passed     47.44%
  41  DE531|Cluster-49804.0__TRINITY_DN6321_c0_g1_i1.p1                0.12%    passed    100.00%
  42  DE696-dots|Cluster-15705.0__TRINITY_DN3518_c0_g1_i1.p1           0.12%    passed    100.00%
  43  DE696-nodots|Cluster-23636.0__TRINITY_DN5377_c0_g1_i1.p1         0.12%    passed    100.00%
  44  JJ36|Cluster-28956.0__TRINITY_DN4235_c0_g1_i4.p1                 0.12%    passed    100.00%
  45  DE737|Cluster-48379.0__TRINITY_DN6014_c1_g1_i15.p1               0.12%    passed    100.00%
  46  DE672|Cluster-34313.0__TRINITY_DN15791_c0_g3_i2.p1               0.12%    passed    100.00%
  47  DE671|Cluster-26557.0__TRINITY_DN10780_c0_g4_i1.p1               0.12%    passed    100.00%
  48  DE643|Cluster-57365.0__TRINITY_DN29782_c0_g1_i3.p1               0.12%    passed    100.00%
  49  DE181|Cluster-36208.0__TRINITY_DN4884_c0_g1_i1.p1                0.12%    passed    100.00%
  50  SRR3407086|Cluster-13324.0__TRINITY_DN21531_c1_g2_i1.p1         45.89%    passed     89.59%
  51  DE503|Cluster-19835.0__TRINITY_DN13215_c1_g2_i1.p1               0.12%    passed    100.00%
  52  SRR3407094|Cluster-21241.0__TRINITY_DN24206_c0_g1_i1.p1         53.99%    passed     74.44%
  53  SRR3407088|Cluster-2746.0__TRINITY_DN11110_c0_g1_i1.p1          45.89%    passed     88.83%
  54  DE510|Cluster-28151.0__TRINITY_DN13332_c0_g1_i2.p1               0.12%    passed    100.00%
  55  DE505|Cluster-12295.0__TRINITY_DN4581_c0_g1_i1.p1                0.12%    passed    100.00%
  56  SRR3407092|Cluster-20877.0__TRINITY_DN23675_c0_g2_i1.p1          9.45%    passed    100.00%
  57  DE561|Cluster-11840.0__TRINITY_DN8021_c0_g1_i8.p1                0.12%    passed    100.00%
  58  SRR3424066|Cluster-16685.0__TRINITY_DN20499_c1_g2_i1.p1         45.89%    passed     91.52%
  59  SRR3407087|Cluster-12833.0__TRINITY_DN8517_c0_g2_i1.p1          45.89%    passed     88.64%
  60  SRR3407093|Cluster-12831.0__TRINITY_DN22019_c0_g1_i1.p1         77.06%    passed     65.53%
  61  SRR3407096|Cluster-15689.0__TRINITY_DN19_c1_g1_i2.p1             0.12%    passed    100.00%
  62  DE69|Cluster-14501.0__TRINITY_DN3440_c3_g1_i2.p1                 9.45%    passed    100.00%
  63  SRR3407095|Cluster-8407.0__TRINITY_DN6849_c0_g1_i1.p1            0.12%    passed    100.00%
  64  DE523|Cluster-16397.0__TRINITY_DN9104_c0_g1_i1.p1                0.12%    passed    100.00%
  65  DE519|Cluster-21629.0__TRINITY_DN2135_c0_g1_i2.p1                0.12%    passed    100.00%
  66  DE741|Cluster-34143.0__TRINITY_DN58244_c0_g2_i3.p1               0.12%    passed    100.00%
  67  DRR082660|Cluster-34248.0__TRINITY_DN449_c0_g1_i3.p1             0.12%    passed    100.00%
  68  JJ15|Cluster-43620.0__TRINITY_DN3809_c0_g2_i1.p1                 0.12%    passed    100.00%
  69  DE534|Cluster-45597.0__TRINITY_DN5569_c0_g1_i1.p1                0.12%    passed    100.00%
  70  DE542|Cluster-37061.0__TRINITY_DN3326_c0_g2_i1.p1               69.33%    passed     49.24%
  71  DE536|Cluster-8277.0__TRINITY_DN7882_c0_g1_i2.p1                 0.12%    passed    100.00%
  72  JJ74|Cluster-107681.1__TRINITY_DN3122_c0_g1_i2.p1               45.89%    passed     52.54%
  73  JJ85|Cluster-36229.0__TRINITY_DN12773_c0_g1_i6.p1                0.12%    passed    100.00%
  74  JJ131|Cluster-33761.0__TRINITY_DN162788_c0_g1_i2.p1              0.12%    passed    100.00%
  75  DE164|Cluster-55424.1__TRINITY_DN2428_c0_g3_i2.p1               12.15%    passed     99.86%
  76  DE554|Cluster-67573.0__TRINITY_DN4153_c1_g2_i1.p1               78.53%    passed     61.35%
  77  SRR11748982|Cluster-36422.0__TRINITY_DN6625_c0_g1_i4.p1          9.94%    failed      0.00%
  78  DE126|Cluster-15499.0__TRINITY_DN8327_c0_g1_i4.p1               69.33%    passed     27.68%
WARNING: 8 sequences contain more than 50% gaps/ambiguity
****  TOTAL                                                           11.72%  2 sequences failed composition chi2 test (p-value<5%; df=60)
Reading input tree file tmp.csubst.nwk ... rooted tree

NOTE: 123 MB RAM (0 GB) is required!
Measuring multi-threading efficiency up to 1 CPU cores
2 trees examined
Threads: 1 / Time: 6.753 sec / Speedup: 1.000 / Efficiency: 100% / LogL: -27616
BEST NUMBER OF THREADS: 1

Estimate model parameters (epsilon = 0.010)
1. Initial log-likelihood: -27787.253
2. Current log-likelihood: -18857.380
3. Current log-likelihood: -18835.738
4. Current log-likelihood: -18835.151
5. Current log-likelihood: -18834.753
6. Current log-likelihood: -18834.493
7. Current log-likelihood: -18834.340
8. Current log-likelihood: -18834.260
9. Current log-likelihood: -18834.223
10. Current log-likelihood: -18834.207
Optimal log-likelihood: -18834.201
Nonsynonymous/synonymous ratio (omega): 1.000
Transition/transversion ratio (kappa): 1.000
Site proportion and rates:  (0.569,0.453) (0.359,1.355) (0.064,3.527) (0.009,3.618)
Parameters optimization took 10 rounds (203.373 sec)
Wrote distance file to... 
BEST SCORE FOUND : -18834.201
Ancestral state probabilities printed to /mnt/data0/yue/2026-03-11-protein-convergence/results/OG_5686/csubst_w_s/csubst_input_alignment.fa.state
Empirical proportions for each category: 0.616 0.326 0.058 0.000
Site rates printed to /mnt/data0/yue/2026-03-11-protein-convergence/results/OG_5686/csubst_w_s/csubst_input_alignment.fa.rate
Total tree length: 4.227

Total number of iterations: 0
CPU time used for tree search: 0.000 sec (0h:0m:0s)
Wall-clock time used for tree search: 0.000 sec (0h:0m:0s)
Total CPU time used: 213.610 sec (0h:3m:33s)
Total wall-clock time used: 213.987 sec (0h:3m:33s)

Analysis results written to: 
  IQ-TREE report:                /mnt/data0/yue/2026-03-11-protein-convergence/results/OG_5686/csubst_w_s/csubst_input_alignment.fa.iqtree
  Maximum-likelihood tree:       /mnt/data0/yue/2026-03-11-protein-convergence/results/OG_5686/csubst_w_s/csubst_input_alignment.fa.treefile
  Site-specific rates:           /mnt/data0/yue/2026-03-11-protein-convergence/results/OG_5686/csubst_w_s/csubst_input_alignment.fa.rate
  Ancestral state:               /mnt/data0/yue/2026-03-11-protein-convergence/results/OG_5686/csubst_w_s/csubst_input_alignment.fa.state
  Screen log file:               /mnt/data0/yue/2026-03-11-protein-convergence/results/OG_5686/csubst_w_s/csubst_input_alignment.fa.log

Date and Time: Fri Mar 27 18:58:10 2026
