IQ-TREE multicore version 2.4.0 for Linux x86 64-bit built Feb 12 2025
Developed by Bui Quang Minh, Nguyen Lam Tung, Olga Chernomor, Heiko Schmidt,
Dominik Schrempf, Michael Woodhams, Ly Trong Nhan, Thomas Wong

Host:    brain (AVX2, FMA3, 2015 GB RAM)
Command: /home/yue/miniconda3/envs/py39/bin/iqtree -s /mnt/data0/yue/2026-03-11-protein-convergence/results/OG_5863/csubst_w_s/csubst_input_alignment.fa -te tmp.csubst.nwk -m ECMK07+F+R4 --seqtype CODON1 --threads-max 1 -T AUTO --ancestral --rate --redo
Seed:    630689 (Using SPRNG - Scalable Parallel Random Number Generator)
Time:    Fri Mar 27 19:34:28 2026
Kernel:  AVX+FMA - auto-detect threads (128 CPU cores detected)

Reading alignment file /mnt/data0/yue/2026-03-11-protein-convergence/results/OG_5863/csubst_w_s/csubst_input_alignment.fa ... Fasta format detected
Reading fasta file: done in 0.00311887 secs using 68.23% CPU
Alignment most likely contains DNA/RNA sequences
Converting to codon sequences with genetic code 1 ...
WARNING: 1 sites contain only gaps or ambiguous characters.
Alignment has 75 sequences with 829 columns, 743 distinct patterns
339 parsimony-informative, 275 singleton sites, 215 constant sites
                                                            Gap/Ambiguity  Composition  p-value
Analyzing sequences: done in 0.000151858 secs using 99.44% CPU
   1  DRR082665|Cluster-46185.0__TRINITY_DN10066_c0_g1_i1.p1       11.70%    passed     98.88%
   2  JJ131|Cluster-33732.26__TRINITY_DN1965_c1_g1_i1.p1            0.24%    passed    100.00%
   3  DE542|Cluster-25870.1__TRINITY_DN17069_c0_g1_i2.p1            0.12%    passed    100.00%
   4  SRR5150740|Cluster-51971.0__TRINITY_DN16872_c0_g1_i2.p1      55.13%    passed     93.45%
   5  DE216|Cluster-70154.1__TRINITY_DN9576_c2_g1_i3.p1            43.31%    passed     99.92%
   6  JJ85|Cluster-11299.0__TRINITY_DN50392_c0_g1_i1.p1            22.32%    passed    100.00%
   7  DE164|Cluster-32323.0__TRINITY_DN19755_c0_g2_i2.p1            0.12%    passed    100.00%
   8  JJ125|Cluster-12395.0__TRINITY_DN17548_c0_g1_i1.p1            0.12%    passed    100.00%
   9  DE519|Cluster-25161.0__TRINITY_DN13390_c0_g2_i1.p1            0.12%    passed    100.00%
  10  DE115|Cluster-34509.0__TRINITY_DN27552_c0_g1_i1.p1            0.12%    passed    100.00%
  11  DE534|Cluster-45739.0__TRINITY_DN25338_c0_g1_i1.p1           55.13%    passed     99.80%
  12  DE536|Cluster-23804.0__TRINITY_DN15580_c0_g3_i1.p1           55.13%    passed     99.54%
  13  DE560|Cluster-44515.0__TRINITY_DN23437_c0_g1_i1.p1           55.13%    passed     99.47%
  14  DE741|Cluster-23754.0__TRINITY_DN9779_c2_g1_i2.p1            55.13%    passed     99.68%
  15  DE668|Cluster-50249.0__TRINITY_DN19286_c2_g1_i1.p1           36.55%    passed     99.99%
  16  JJ74|Cluster-116249.0__TRINITY_DN4834_c3_g1_i6.p1            48.85%    passed     99.61%
  17  DE666|Cluster-18794.0__TRINITY_DN53923_c0_g1_i1.p1           73.22%    passed     90.89%
  18  DE528|Cluster-46678.1__TRINITY_DN12686_c1_g1_i4.p1            0.12%    passed    100.00%
  19  DE69|Cluster-16012.0__TRINITY_DN47077_c0_g1_i1.p1            73.22%    passed     91.13%
  20  DE162|Cluster-52511.0__TRINITY_DN13897_c1_g1_i4.p1            0.12%    passed    100.00%
  21  DE507|Cluster-43497.0__TRINITY_DN13808_c0_g3_i1.p1            0.12%    passed    100.00%
  22  DE704-white|Cluster-34633.0__TRINITY_DN21244_c0_g1_i2.p1      0.12%    passed    100.00%
  23  DE563|Cluster-21676.0__TRINITY_DN8345_c1_g1_i4.p1             0.12%    passed    100.00%
  24  JJ15|Cluster-13135.0__TRINITY_DN56441_c0_g1_i1.p1            55.13%    passed     99.69%
  25  DE680|Cluster-47415.0__TRINITY_DN12618_c0_g1_i1.p1            0.12%    passed    100.00%
  26  DE623|Cluster-23252.0__TRINITY_DN7654_c2_g1_i1.p1             0.12%    passed    100.00%
  27  DE88|Cluster-1734.0__TRINITY_DN78250_c0_g1_i1.p1             36.55%    passed    100.00%
  28  DE681|Cluster-33173.0__TRINITY_DN13725_c0_g5_i1.p1            0.12%    passed    100.00%
  29  DE765|Cluster-11541.0__TRINITY_DN2314_c0_g2_i1.p1             0.12%    passed    100.00%
  30  SRR3407095|Cluster-38260.0__TRINITY_DN19325_c0_g1_i1.p1      22.32%    passed    100.00%
  31  DE126|Cluster-29272.3__TRINITY_DN19876_c0_g1_i10.p1           0.24%    passed    100.00%
  32  DE127|Cluster-36083.0__TRINITY_DN37758_c0_g1_i1.p1           36.55%    passed     99.87%
  33  DE554|Cluster-14309.0__TRINITY_DN13798_c0_g1_i1.p1            0.12%    passed    100.00%
  34  DE566|Cluster-39692.0__TRINITY_DN10377_c0_g1_i12.p1          48.85%    passed     97.60%
  35  JJ86|Cluster-43089.0__TRINITY_DN9245_c0_g2_i1.p1              0.12%    passed    100.00%
  36  DE181|Cluster-40637.0__TRINITY_DN8701_c0_g1_i1.p1             0.12%    passed    100.00%
  37  SRR3407086|Cluster-22919.0__TRINITY_DN94262_c0_g1_i2.p1       0.12%    passed    100.00%
  38  SRR3424066|Cluster-30973.0__TRINITY_DN41258_c0_g1_i1.p1       0.12%    passed    100.00%
  39  DE561|Cluster-9418.0__TRINITY_DN4575_c0_g1_i10.p1             0.12%    passed    100.00%
  40  DE503|Cluster-37581.0__TRINITY_DN39656_c0_g1_i1.p1            0.12%    passed    100.00%
  41  DE505|Cluster-16808.0__TRINITY_DN8623_c0_g1_i1.p1             0.12%    passed    100.00%
  42  DE510|Cluster-27025.0__TRINITY_DN28329_c0_g1_i2.p1            0.12%    passed    100.00%
  43  SRR3407087|Cluster-25218.0__TRINITY_DN44793_c0_g1_i1.p1      22.32%    passed    100.00%
  44  SRR3407093|Cluster-2868.0__TRINITY_DN8049_c0_g1_i1.p1         0.12%    passed    100.00%
  45  SRR3407092|Cluster-36750.0__TRINITY_DN28452_c0_g1_i1.p1       0.12%    passed    100.00%
  46  SRR3407094|Cluster-38052.0__TRINITY_DN5706_c0_g2_i1.p1       22.32%    passed    100.00%
  47  SRR3407088|Cluster-22181.0__TRINITY_DN29595_c0_g1_i1.p1       0.12%    passed    100.00%
  48  DE523|Cluster-5926.0__TRINITY_DN17823_c0_g1_i3.p1             0.12%    passed    100.00%
  49  SRR3407096|Cluster-4467.0__TRINITY_DN29644_c0_g1_i1.p1        0.12%    passed    100.00%
  50  DE476|Cluster-46000.0__TRINITY_DN62678_c0_g1_i2.p1            0.12%    passed    100.00%
  51  DE541|Cluster-8970.0__TRINITY_DN6799_c0_g1_i4.p1              0.12%    passed    100.00%
  52  DE531|Cluster-26074.0__TRINITY_DN23521_c0_g1_i1.p1            0.12%    passed    100.00%
  53  JJ36|Cluster-45237.0__TRINITY_DN12011_c0_g1_i33.p1           36.55%    passed    100.00%
  54  DE696-dots|Cluster-23953.0__TRINITY_DN86159_c0_g1_i1.p1       0.12%    passed    100.00%
  55  DE696-nodots|Cluster-14198.0__TRINITY_DN110869_c0_g1_i2.p1    0.12%    passed    100.00%
  56  DE550|Cluster-22290.0__TRINITY_DN33559_c0_g1_i1.p1            0.12%    passed    100.00%
  57  DE737|Cluster-46834.0__TRINITY_DN39_c1_g1_i1.p1               0.12%    passed    100.00%
  58  DE549|Cluster-19559.0__TRINITY_DN15008_c0_g1_i2.p1           22.32%    passed    100.00%
  59  JJ89|Cluster-38192.0__TRINITY_DN9308_c0_g3_i1.p1              0.12%    passed    100.00%
  60  DE764|Cluster-7894.0__TRINITY_DN18713_c0_g1_i2.p1             0.12%    passed    100.00%
  61  DE504|Cluster-31999.1__TRINITY_DN2586_c4_g1_i4.p1            48.85%    passed     97.70%
  62  DE509|Cluster-32161.0__TRINITY_DN1949_c2_g1_i2.p1             0.12%    passed    100.00%
  63  DE736|Cluster-58328.0__TRINITY_DN118327_c0_g1_i3.p1           0.12%    passed    100.00%
  64  DE151|Cluster-10169.0__TRINITY_DN14779_c0_g1_i3.p1            0.12%    passed    100.00%
  65  DE173|Cluster-55863.0__TRINITY_DN10922_c0_g1_i1.p1            0.12%    passed    100.00%
  66  DE189|Cluster-19553.0__TRINITY_DN10990_c0_g1_i2.p1            0.12%    passed    100.00%
  67  JJ130|Cluster-8475.0__TRINITY_DN14036_c0_g1_i2.p1             0.12%    passed    100.00%
  68  JJ109|Cluster-43116.0__TRINITY_DN9239_c0_g1_i2.p1             0.12%    passed    100.00%
  69  DE643|Cluster-78705.0__TRINITY_DN17719_c0_g1_i8.p1            0.12%    passed    100.00%
  70  DE671|Cluster-30541.0__TRINITY_DN27312_c0_g1_i1.p1           36.55%    passed    100.00%
  71  DE672|Cluster-29579.0__TRINITY_DN109233_c0_g1_i1.p1           0.12%    passed    100.00%
  72  DE229|Cluster-68383.0__TRINITY_DN92127_c0_g1_i2.p1            0.12%    passed    100.00%
  73  JJ23|Cluster-27127.0__TRINITY_DN523_c0_g1_i74.p1             73.22%    passed     81.17%
  74  JJ99|Cluster-52413.0__TRINITY_DN13571_c0_g1_i1.p1             0.12%    passed    100.00%
  75  DE152|Cluster-61170.0__TRINITY_DN40724_c0_g1_i5.p1            8.81%    passed    100.00%
WARNING: 9 sequences contain more than 50% gaps/ambiguity
****  TOTAL                                                        14.15%  0 sequences failed composition chi2 test (p-value<5%; df=60)
Reading input tree file tmp.csubst.nwk ... rooted tree

NOTE: 113 MB RAM (0 GB) is required!
Measuring multi-threading efficiency up to 1 CPU cores
2 trees examined
Threads: 1 / Time: 6.361 sec / Speedup: 1.000 / Efficiency: 100% / LogL: -19583
BEST NUMBER OF THREADS: 1

Estimate model parameters (epsilon = 0.010)
1. Initial log-likelihood: -23172.071
2. Current log-likelihood: -13343.649
3. Current log-likelihood: -13343.570
4. Current log-likelihood: -13343.525
5. Current log-likelihood: -13343.497
6. Current log-likelihood: -13343.478
7. Current log-likelihood: -13343.465
Optimal log-likelihood: -13343.455
Nonsynonymous/synonymous ratio (omega): 1.000
Transition/transversion ratio (kappa): 1.000
Site proportion and rates:  (0.472,0.364) (0.332,0.969) (0.142,1.819) (0.054,4.595)
Parameters optimization took 7 rounds (132.459 sec)
Wrote distance file to... 
BEST SCORE FOUND : -13343.455
Ancestral state probabilities printed to /mnt/data0/yue/2026-03-11-protein-convergence/results/OG_5863/csubst_w_s/csubst_input_alignment.fa.state
Empirical proportions for each category: 0.565 0.311 0.074 0.051
Site rates printed to /mnt/data0/yue/2026-03-11-protein-convergence/results/OG_5863/csubst_w_s/csubst_input_alignment.fa.rate
Total tree length: 2.553

Total number of iterations: 0
CPU time used for tree search: 0.000 sec (0h:0m:0s)
Wall-clock time used for tree search: 0.000 sec (0h:0m:0s)
Total CPU time used: 142.260 sec (0h:2m:22s)
Total wall-clock time used: 142.845 sec (0h:2m:22s)

Analysis results written to: 
  IQ-TREE report:                /mnt/data0/yue/2026-03-11-protein-convergence/results/OG_5863/csubst_w_s/csubst_input_alignment.fa.iqtree
  Maximum-likelihood tree:       /mnt/data0/yue/2026-03-11-protein-convergence/results/OG_5863/csubst_w_s/csubst_input_alignment.fa.treefile
  Site-specific rates:           /mnt/data0/yue/2026-03-11-protein-convergence/results/OG_5863/csubst_w_s/csubst_input_alignment.fa.rate
  Ancestral state:               /mnt/data0/yue/2026-03-11-protein-convergence/results/OG_5863/csubst_w_s/csubst_input_alignment.fa.state
  Screen log file:               /mnt/data0/yue/2026-03-11-protein-convergence/results/OG_5863/csubst_w_s/csubst_input_alignment.fa.log

Date and Time: Fri Mar 27 19:36:51 2026
