IQ-TREE multicore version 2.4.0 for Linux x86 64-bit built Feb 12 2025
Developed by Bui Quang Minh, Nguyen Lam Tung, Olga Chernomor, Heiko Schmidt,
Dominik Schrempf, Michael Woodhams, Ly Trong Nhan, Thomas Wong

Host:    brain (AVX2, FMA3, 2015 GB RAM)
Command: /home/yue/miniconda3/envs/py39/bin/iqtree -s /mnt/data0/yue/2026-03-11-protein-convergence/results/OG_1118/csubst_w_s/csubst_input_alignment.fa -te tmp.csubst.nwk -m ECMK07+F+R4 --seqtype CODON1 --threads-max 1 -T AUTO --ancestral --rate --redo
Seed:    843957 (Using SPRNG - Scalable Parallel Random Number Generator)
Time:    Thu Mar 26 21:59:19 2026
Kernel:  AVX+FMA - auto-detect threads (128 CPU cores detected)

Reading alignment file /mnt/data0/yue/2026-03-11-protein-convergence/results/OG_1118/csubst_w_s/csubst_input_alignment.fa ... Fasta format detected
Reading fasta file: done in 0.00401135 secs using 51.45% CPU
Alignment most likely contains DNA/RNA sequences
Converting to codon sequences with genetic code 1 ...
Alignment has 96 sequences with 869 columns, 850 distinct patterns
735 parsimony-informative, 66 singleton sites, 68 constant sites
                                                                Gap/Ambiguity  Composition  p-value
Analyzing sequences: done in 0.000226229 secs using 99.46% CPU
   1  SRR3407087|Cluster-9931.0__TRINITY_DN1263_c1_g1_i2.p1             0.12%    passed     83.50%
   2  DE519|Cluster-68475.0__TRINITY_DN339_c0_g1_i1.p1                  0.12%    passed     35.75%
   3  JJ99|Cluster-46793.0__TRINITY_DN741_c0_g2_i14.p1                  0.12%    passed     86.53%
   4  SRR3424066|Cluster-4194.0__TRINITY_DN4054_c2_g1_i3.p1             2.76%    failed      0.75%
   5  DE181|Cluster-36451.0__TRINITY_DN20102_c0_g1_i1.p1                2.76%    failed      0.46%
   6  DE507|Cluster-12334.0__TRINITY_DN1796_c0_g2_i1.p1                 0.12%    passed     97.39%
   7  JJ86|Cluster-50131.0__TRINITY_DN2099_c0_g1_i1.p1                 45.68%    passed     22.42%
   8  DE152|Cluster-6158.0__TRINITY_DN1156_c0_g5_i1.p1                 45.68%    passed     68.09%
   9  JJ23|Cluster-32463.0__TRINITY_DN5614_c0_g1_i1.p1                  0.12%    passed    100.00%
  10  DE115|Cluster-1721.0__TRINITY_DN4166_c1_g1_i10.p1                20.37%    passed     99.91%
  11  JJ86|Cluster-41339.0__TRINITY_DN162_c1_g1_i2.p1                   0.12%    passed    100.00%
  12  DE668|Cluster-939.0__TRINITY_DN3922_c0_g2_i1.p1                   0.23%    passed    100.00%
  13  DE507|Cluster-72060.0__TRINITY_DN1796_c0_g1_i2.p1                 0.12%    passed    100.00%
  14  DE704-white|Cluster-66006.0__TRINITY_DN1799_c0_g1_i5.p1           0.12%    passed    100.00%
  15  JJ99|Cluster-53766.0__TRINITY_DN741_c0_g2_i6.p1                  33.14%    passed     98.19%
  16  DE623|Cluster-47363.1__TRINITY_DN802_c0_g2_i1.p1                  0.12%    passed    100.00%
  17  DE563|Cluster-27593.0__TRINITY_DN987_c0_g1_i3.p1                  0.12%    passed    100.00%
  18  DE126|Cluster-37639.0__TRINITY_DN223_c0_g1_i2.p1                  6.90%    passed    100.00%
  19  DE127|Cluster-5215.1__TRINITY_DN747_c1_g1_i2.p1                   0.12%    passed    100.00%
  20  DE554|Cluster-57910.0__TRINITY_DN4491_c1_g1_i2.p1                 0.12%    passed    100.00%
  21  DE666|Cluster-35832.0__TRINITY_DN2299_c0_g1_i1.p1                 0.12%    passed    100.00%
  22  DE151|Cluster-32350.0__TRINITY_DN2806_c0_g2_i1.p1                 0.12%    passed    100.00%
  23  DE173|Cluster-54806.0__TRINITY_DN2206_c0_g1_i5.p1                 0.12%    passed    100.00%
  24  DE189|Cluster-23406.0__TRINITY_DN9108_c0_g1_i1.p1                 0.12%    passed    100.00%
  25  JJ130|Cluster-6668.0__TRINITY_DN1089_c0_g2_i1.p1                  0.12%    passed    100.00%
  26  JJ109|Cluster-2686.2__TRINITY_DN1425_c0_g1_i5.p1                  0.12%    passed    100.00%
  27  DE88|Cluster-25442.0__TRINITY_DN2307_c0_g1_i2.p1                  0.12%    passed    100.00%
  28  DE164|Cluster-47693.1__TRINITY_DN1235_c0_g1_i6.p1                 0.12%    passed    100.00%
  29  JJ89|Cluster-42249.2__TRINITY_DN1261_c0_g1_i3.p1                  0.12%    passed    100.00%
  30  DE672|Cluster-28105.0__TRINITY_DN817_c0_g1_i1.p1                  0.12%    passed    100.00%
  31  DE509|Cluster-47017.0__TRINITY_DN1742_c0_g2_i1.p1                20.37%    passed     99.89%
  32  DE736|Cluster-19974.1__TRINITY_DN673_c0_g1_i3.p1                  0.12%    passed    100.00%
  33  DE764|Cluster-41844.0__TRINITY_DN7651_c0_g1_i2.p1                 0.12%    passed    100.00%
  34  DE737|Cluster-23949.0__TRINITY_DN4_c0_g2_i1.p1                    0.12%    passed    100.00%
  35  DE671|Cluster-21309.87__TRINITY_DN933_c0_g1_i3.p1                 0.12%    passed    100.00%
  36  DE531|Cluster-9842.0__TRINITY_DN417_c0_g1_i1.p1                   0.12%    passed    100.00%
  37  DE696-dots|Cluster-19424.0__TRINITY_DN16707_c0_g2_i1.p1           0.12%    passed    100.00%
  38  DE696-nodots|Cluster-58587.0__TRINITY_DN16357_c0_g1_i3.p1        14.84%    passed     99.97%
  39  JJ36|Cluster-45316.0__TRINITY_DN34_c0_g1_i3.p1                    0.12%    passed    100.00%
  40  DE550|Cluster-38313.0__TRINITY_DN788_c0_g1_i1.p1                  0.12%    passed    100.00%
  41  DE541|Cluster-41136.1__TRINITY_DN922_c0_g1_i6.p1                  0.12%    passed    100.00%
  42  DE216|Cluster-41537.0__TRINITY_DN225_c0_g1_i1.p1                  0.12%    passed    100.00%
  43  JJ15|Cluster-298.0__TRINITY_DN1868_c0_g2_i1.p1                    0.12%    passed    100.00%
  44  DE534|Cluster-773.0__TRINITY_DN10521_c0_g1_i1.p1                  0.12%    passed    100.00%
  45  DE560|Cluster-18493.1__TRINITY_DN742_c0_g2_i1.p1                  0.12%    passed    100.00%
  46  JJ125|Cluster-34926.0__TRINITY_DN15255_c0_g1_i2.p1                0.12%    passed     99.70%
  47  DE549|Cluster-26646.0__TRINITY_DN4904_c0_g1_i1.p1                 0.12%    passed    100.00%
  48  DE546_urceolata_l|Cluster-34749.0__TRINITY_DN1701_c0_g1_i28.p1   45.68%    passed     92.19%
  49  DE643|Cluster-76366.1__TRINITY_DN666_c0_g1_i5.p1                  0.12%    passed    100.00%
  50  DE519|Cluster-3849.0__TRINITY_DN339_c0_g2_i1.p1                   0.12%    passed    100.00%
  51  DE181|Cluster-48593.0__TRINITY_DN20102_c0_g2_i4.p1               33.14%    passed     99.98%
  52  DE503|Cluster-60371.0__TRINITY_DN6634_c0_g1_i1.p1                 0.12%    passed    100.00%
  53  DE510|Cluster-48497.0__TRINITY_DN13675_c0_g1_i2.p1               33.14%    passed     99.97%
  54  DE561|Cluster-23433.0__TRINITY_DN11210_c0_g1_i4.p1               33.14%    passed     99.87%
  55  SRR3407086|Cluster-27055.0__TRINITY_DN2598_c0_g1_i1.p1            0.12%    passed    100.00%
  56  SRR3424066|Cluster-29207.0__TRINITY_DN4054_c2_g1_i2.p1            0.12%    passed    100.00%
  57  DE505|Cluster-12329.1__TRINITY_DN3465_c0_g1_i7.p1                 0.12%    passed    100.00%
  58  SRR3407093|Cluster-40045.0__TRINITY_DN1785_c0_g1_i1.p1            0.12%    passed    100.00%
  59  SRR3407094|Cluster-25261.0__TRINITY_DN1146_c0_g1_i3.p1            0.12%    passed    100.00%
  60  SRR3407088|Cluster-34898.0__TRINITY_DN977_c0_g2_i2.p1             2.53%    passed    100.00%
  61  SRR3407092|Cluster-17811.2__TRINITY_DN5532_c0_g1_i3.p1            2.53%    passed    100.00%
  62  DE566|Cluster-38545.0__TRINITY_DN5740_c0_g1_i1.p1                 0.12%    passed     87.56%
  63  JJ85|Cluster-8951.0__TRINITY_DN54_c0_g1_i2.p1                     0.12%    passed    100.00%
  64  DE523|Cluster-35961.0__TRINITY_DN2642_c0_g1_i1.p1                 0.12%    passed    100.00%
  65  SRR3407096|Cluster-33332.0__TRINITY_DN1290_c0_g1_i1.p1            0.12%    passed    100.00%
  66  DE229|Cluster-65592.4__TRINITY_DN3149_c0_g1_i10.p1                0.12%    passed    100.00%
  67  DE126|Cluster-40356.0__TRINITY_DN223_c0_g1_i5.p1                  0.23%    passed     99.38%
  68  SRR5150740|Cluster-45887.1__TRINITY_DN276_c0_g2_i1.p1             0.12%    failed      0.43%
  69  DE69|Cluster-46219.2__TRINITY_DN472_c0_g1_i4.p1                   1.73%    failed      0.00%
  70  DE560|Cluster-3525.0__TRINITY_DN742_c0_g4_i1.p1                   0.35%    passed     99.57%
  71  JJ23|Cluster-31138.0__TRINITY_DN5614_c0_g2_i1.p1                  0.35%    passed     98.68%
  72  DE542|Cluster-24316.0__TRINITY_DN1486_c6_g1_i2.p1                70.31%    failed      0.11%
  73  DE534|Cluster-49191.0__TRINITY_DN10521_c0_g2_i1.p1                0.23%    passed     99.98%
  74  DE566|Cluster-54662.0__TRINITY_DN8359_c0_g1_i1.p1                 0.12%    passed     94.31%
  75  JJ74|Cluster-96075.1__TRINITY_DN887_c0_g2_i3.p1                   0.12%    passed     99.94%
  76  DE741|Cluster-27466.3__TRINITY_DN70_c0_g1_i6.p1                   0.12%    passed     98.72%
  77  DE162|Cluster-31371.1__TRINITY_DN537_c0_g1_i2.p1                  0.12%    passed     99.95%
  78  DE528|Cluster-58020.1__TRINITY_DN4190_c0_g1_i1.p1                 0.12%    passed     99.99%
  79  DE680|Cluster-14000.0__TRINITY_DN1007_c0_g1_i1.p1                 0.12%    passed     98.72%
  80  DE704-purple|Cluster-45042.0__TRINITY_DN23680_c0_g1_i4.p1        20.37%    passed     99.95%
  81  JJ131|Cluster-62279.0__TRINITY_DN2586_c0_g1_i1.p1                 0.12%    passed     66.48%
  82  DE476|Cluster-32817.2__TRINITY_DN210_c0_g1_i6.p1                  0.00%    passed     99.34%
  83  DE643|Cluster-55630.1__TRINITY_DN9386_c1_g2_i3.p1                61.57%    failed      0.00%
  84  DE509|Cluster-17709.0__TRINITY_DN1742_c0_g1_i3.p1                20.48%    failed      2.48%
  85  SRR5150740|Cluster-63254.0__TRINITY_DN276_c0_g1_i5.p1             0.81%    passed     97.10%
  86  DE216|Cluster-23124.0__TRINITY_DN225_c0_g2_i1.p1                  0.12%    passed     99.89%
  87  JJ15|Cluster-63139.0__TRINITY_DN1868_c0_g4_i2.p1                 33.14%    passed     97.04%
  88  DE536|Cluster-24624.2__TRINITY_DN290_c0_g1_i8.p1                  0.12%    passed     99.98%
  89  DE152|Cluster-13977.0__TRINITY_DN1156_c0_g1_i1.p1                20.37%    passed     99.79%
  90  DE575|Cluster-20050.2__TRINITY_DN2278_c0_g2_i5.p1                 0.12%    passed     95.01%
  91  DE681|Cluster-60356.0__TRINITY_DN5465_c0_g1_i7.p1                20.37%    passed     64.48%
  92  DE765|Cluster-40086.1__TRINITY_DN9335_c0_g1_i9.p1                 0.12%    passed     40.46%
  93  SRR104381|Cluster-29421.0__TRINITY_DN8036_c1_g1_i4.p1             0.92%    failed      0.00%
  94  SRR3407095|Cluster-49414.3__TRINITY_DN1259_c0_g1_i4.p1            0.23%    passed     98.30%
  95  DE542|Cluster-37248.0__TRINITY_DN8751_c0_g2_i5.p1                 0.12%    passed     99.98%
  96  DRR234970|Cluster-28746.0__TRINITY_DN6670_c0_g2_i1.p1            84.00%    failed      0.56%
WARNING: 3 sequences contain more than 50% gaps/ambiguity
****  TOTAL                                                             7.14%  9 sequences failed composition chi2 test (p-value<5%; df=60)
Reading input tree file tmp.csubst.nwk ... rooted tree

NOTE: 164 MB RAM (0 GB) is required!
Measuring multi-threading efficiency up to 1 CPU cores
2 trees examined
Threads: 1 / Time: 8.718 sec / Speedup: 1.000 / Efficiency: 100% / LogL: -64511
BEST NUMBER OF THREADS: 1

Estimate model parameters (epsilon = 0.010)
1. Initial log-likelihood: -47485.584
2. Current log-likelihood: -39328.004
3. Current log-likelihood: -39262.775
4. Current log-likelihood: -39248.786
5. Current log-likelihood: -39236.223
6. Current log-likelihood: -39235.508
7. Current log-likelihood: -39235.317
8. Current log-likelihood: -39235.255
9. Current log-likelihood: -39235.233
Optimal log-likelihood: -39235.228
Nonsynonymous/synonymous ratio (omega): 1.000
Transition/transversion ratio (kappa): 1.000
Site proportion and rates:  (0.451,0.379) (0.337,0.947) (0.183,2.116) (0.029,4.217)
Parameters optimization took 9 rounds (245.790 sec)
Wrote distance file to... 
BEST SCORE FOUND : -39235.228
Ancestral state probabilities printed to /mnt/data0/yue/2026-03-11-protein-convergence/results/OG_1118/csubst_w_s/csubst_input_alignment.fa.state
Empirical proportions for each category: 0.459 0.339 0.176 0.025
Site rates printed to /mnt/data0/yue/2026-03-11-protein-convergence/results/OG_1118/csubst_w_s/csubst_input_alignment.fa.rate
Total tree length: 9.495

Total number of iterations: 0
CPU time used for tree search: 0.000 sec (0h:0m:0s)
Wall-clock time used for tree search: 0.000 sec (0h:0m:0s)
Total CPU time used: 258.909 sec (0h:4m:18s)
Total wall-clock time used: 259.366 sec (0h:4m:19s)

Analysis results written to: 
  IQ-TREE report:                /mnt/data0/yue/2026-03-11-protein-convergence/results/OG_1118/csubst_w_s/csubst_input_alignment.fa.iqtree
  Maximum-likelihood tree:       /mnt/data0/yue/2026-03-11-protein-convergence/results/OG_1118/csubst_w_s/csubst_input_alignment.fa.treefile
  Site-specific rates:           /mnt/data0/yue/2026-03-11-protein-convergence/results/OG_1118/csubst_w_s/csubst_input_alignment.fa.rate
  Ancestral state:               /mnt/data0/yue/2026-03-11-protein-convergence/results/OG_1118/csubst_w_s/csubst_input_alignment.fa.state
  Screen log file:               /mnt/data0/yue/2026-03-11-protein-convergence/results/OG_1118/csubst_w_s/csubst_input_alignment.fa.log

Date and Time: Thu Mar 26 22:03:39 2026
