IQ-TREE multicore version 2.4.0 for Linux x86 64-bit built Feb 12 2025
Developed by Bui Quang Minh, Nguyen Lam Tung, Olga Chernomor, Heiko Schmidt,
Dominik Schrempf, Michael Woodhams, Ly Trong Nhan, Thomas Wong

Host:    brain (AVX2, FMA3, 2015 GB RAM)
Command: /home/yue/miniconda3/envs/py39/bin/iqtree -s /mnt/data0/yue/2026-03-11-protein-convergence/results/OG_4352/csubst_w_s/csubst_input_alignment.fa -te tmp.csubst.nwk -m ECMK07+F+R4 --seqtype CODON1 --threads-max 1 -T AUTO --ancestral --rate --redo
Seed:    107454 (Using SPRNG - Scalable Parallel Random Number Generator)
Time:    Fri Mar 27 13:32:38 2026
Kernel:  AVX+FMA - auto-detect threads (128 CPU cores detected)

Reading alignment file /mnt/data0/yue/2026-03-11-protein-convergence/results/OG_4352/csubst_w_s/csubst_input_alignment.fa ... Fasta format detected
Reading fasta file: done in 0.00242412 secs using 33.29% CPU
Alignment most likely contains DNA/RNA sequences
Converting to codon sequences with genetic code 1 ...
WARNING: 1 sites contain only gaps or ambiguous characters.
Alignment has 79 sequences with 631 columns, 608 distinct patterns
356 parsimony-informative, 153 singleton sites, 122 constant sites
                                                                Gap/Ambiguity  Composition  p-value
Analyzing sequences: done in 0.000120655 secs using 99.46% CPU
   1  DE162|Cluster-50842.1__TRINITY_DN8966_c1_g1_i11.p1               29.00%    passed    100.00%
   2  DE115|Cluster-42288.0__TRINITY_DN8110_c0_g1_i2.p1                 0.16%    passed    100.00%
   3  DE666|Cluster-43034.0__TRINITY_DN6976_c0_g1_i7.p1                15.85%    passed    100.00%
   4  JJ86|Cluster-48695.0__TRINITY_DN6941_c0_g1_i2.p1                  0.16%    passed    100.00%
   5  DE546_urceolata_l|Cluster-40489.0__TRINITY_DN10805_c0_g1_i5.p1   36.93%    passed     99.97%
   6  DE554|Cluster-40872.0__TRINITY_DN11094_c0_g1_i2.p1                0.16%    passed    100.00%
   7  DE563|Cluster-42302.0__TRINITY_DN1006_c1_g1_i1.p1                 0.16%    passed    100.00%
   8  DE623|Cluster-33770.1__TRINITY_DN6886_c0_g1_i7.p1                 0.16%    passed    100.00%
   9  DE680|Cluster-26622.0__TRINITY_DN6157_c0_g1_i5.p1                 0.16%    passed    100.00%
  10  DE507|Cluster-27882.0__TRINITY_DN12161_c0_g1_i1.p1                0.16%    passed    100.00%
  11  DE528|Cluster-39181.1__TRINITY_DN5261_c0_g1_i1.p1                 0.16%    passed    100.00%
  12  DE704-purple|Cluster-56962.0__TRINITY_DN16506_c0_g1_i7.p1         0.16%    passed    100.00%
  13  DE151|Cluster-39993.0__TRINITY_DN4573_c0_g1_i1.p1                 0.16%    passed    100.00%
  14  DE173|Cluster-22495.0__TRINITY_DN4756_c0_g1_i1.p1                 0.16%    passed    100.00%
  15  DE189|Cluster-8478.0__TRINITY_DN38736_c0_g1_i1.p1                 0.16%    passed    100.00%
  16  JJ109|Cluster-27231.3__TRINITY_DN5326_c1_g1_i5.p1                 0.16%    passed    100.00%
  17  JJ130|Cluster-17467.1__TRINITY_DN5450_c0_g1_i2.p1                 0.16%    passed    100.00%
  18  DE164|Cluster-42442.0__TRINITY_DN11951_c1_g1_i21.p1               0.16%    passed    100.00%
  19  DE531|Cluster-50366.0__TRINITY_DN13314_c0_g1_i1.p1                0.16%    passed    100.00%
  20  DE549|Cluster-18195.0__TRINITY_DN10431_c0_g1_i2.p1                0.16%    passed    100.00%
  21  DE696-dots|Cluster-26508.0__TRINITY_DN13425_c0_g1_i2.p1           0.16%    passed    100.00%
  22  DE696-nodots|Cluster-30566.0__TRINITY_DN11250_c0_g1_i1.p1         0.16%    passed    100.00%
  23  JJ36|Cluster-31801.0__TRINITY_DN6930_c0_g1_i2.p1                  0.16%    passed    100.00%
  24  DE737|Cluster-40754.0__TRINITY_DN12949_c0_g1_i2.p1                0.16%    passed    100.00%
  25  DE671|Cluster-40469.2__TRINITY_DN11512_c0_g1_i15.p1               0.16%    passed    100.00%
  26  DE509|Cluster-43659.0__TRINITY_DN13939_c0_g1_i1.p1                0.16%    passed    100.00%
  27  DE736|Cluster-8314.0__TRINITY_DN11698_c0_g1_i1.p1                 0.16%    passed    100.00%
  28  DE88|Cluster-12848.0__TRINITY_DN66064_c0_g1_i1.p1                 0.16%    passed    100.00%
  29  DE541|Cluster-52508.0__TRINITY_DN2765_c3_g2_i1.p1                 0.16%    passed    100.00%
  30  JJ89|Cluster-39236.0__TRINITY_DN10379_c0_g1_i2.p1                26.31%    passed     99.69%
  31  DE643|Cluster-85522.0__TRINITY_DN3842_c0_g1_i6.p1                 0.16%    passed    100.00%
  32  DE504|Cluster-31219.0__TRINITY_DN2474_c0_g1_i4.p1                29.48%    passed     99.99%
  33  DE764|Cluster-40571.0__TRINITY_DN259_c2_g1_i1.p1                  0.16%    passed    100.00%
  34  DE550|Cluster-38576.0__TRINITY_DN6436_c0_g1_i1.p1                 0.16%    passed    100.00%
  35  DE181|Cluster-16946.0__TRINITY_DN7042_c0_g1_i1.p1                 0.16%    passed    100.00%
  36  SRR3407086|Cluster-32939.0__TRINITY_DN348_c0_g1_i1.p1             0.16%    passed    100.00%
  37  SRR3424066|Cluster-30119.0__TRINITY_DN9245_c0_g1_i2.p1            0.16%    passed    100.00%
  38  DE561|Cluster-14824.0__TRINITY_DN6530_c0_g1_i1.p1                 0.16%    passed    100.00%
  39  SRR3407088|Cluster-31407.0__TRINITY_DN43930_c0_g1_i1.p1           0.16%    passed    100.00%
  40  SRR3407092|Cluster-21103.0__TRINITY_DN5866_c1_g1_i1.p1            0.16%    passed    100.00%
  41  DE510|Cluster-50011.0__TRINITY_DN13073_c0_g1_i2.p1                0.16%    passed    100.00%
  42  SRR3407087|Cluster-5631.0__TRINITY_DN18609_c0_g1_i1.p1            0.16%    passed    100.00%
  43  SRR3407094|Cluster-34556.67__TRINITY_DN342_c0_g2_i1.p1            0.16%    passed    100.00%
  44  SRR3407093|Cluster-7550.390__TRINITY_DN5119_c0_g1_i1.p1           0.16%    passed    100.00%
  45  DE503|Cluster-61699.0__TRINITY_DN19707_c0_g1_i4.p1                0.16%    passed    100.00%
  46  DE505|Cluster-20867.0__TRINITY_DN2029_c0_g1_i2.p1                 0.16%    passed    100.00%
  47  DE566|Cluster-25707.1__TRINITY_DN9336_c0_g1_i3.p1                 0.16%    passed    100.00%
  48  DE523|Cluster-32684.0__TRINITY_DN18026_c0_g1_i2.p1               36.77%    passed     99.91%
  49  SRR3407096|Cluster-10098.0__TRINITY_DN25523_c0_g1_i1.p1           0.16%    passed    100.00%
  50  DE69|Cluster-44421.0__TRINITY_DN5287_c1_g1_i4.p1                  0.16%    passed    100.00%
  51  SRR3407095|Cluster-37510.0__TRINITY_DN7325_c0_g1_i1.p1            0.16%    passed    100.00%
  52  DE668|Cluster-48025.0__TRINITY_DN24555_c0_g1_i13.p1              36.77%    passed     99.96%
  53  DE575|Cluster-9360.0__TRINITY_DN5379_c0_g1_i1.p1                  0.16%    passed    100.00%
  54  DE765|Cluster-48091.0__TRINITY_DN6454_c0_g1_i2.p1                 0.16%    passed    100.00%
  55  DE681|Cluster-43164.0__TRINITY_DN14123_c0_g1_i1.p1                0.16%    passed    100.00%
  56  JJ85|Cluster-15086.0__TRINITY_DN3953_c0_g1_i1.p1                  0.16%    passed    100.00%
  57  JJ125|Cluster-40004.0__TRINITY_DN221_c0_g1_i1.p1                  0.16%    passed    100.00%
  58  DE216|Cluster-21668.0__TRINITY_DN4610_c0_g2_i2.p1                 0.16%    passed    100.00%
  59  DE534|Cluster-46486.0__TRINITY_DN2471_c0_g1_i3.p1                 0.16%    passed    100.00%
  60  JJ15|Cluster-76455.0__TRINITY_DN1829_c0_g1_i8.p1                  0.16%    passed    100.00%
  61  DE542|Cluster-38616.0__TRINITY_DN6536_c0_g1_i2.p1                 0.16%    passed    100.00%
  62  DE536|Cluster-56038.0__TRINITY_DN11056_c0_g1_i3.p1                0.16%    passed    100.00%
  63  SRR104381|Cluster-16552.0__TRINITY_DN4973_c0_g1_i1.p1            26.31%    passed     76.11%
  64  DRR234970|Cluster-10912.0__TRINITY_DN14636_c0_g1_i1.p1            0.16%    passed    100.00%
  65  JJ131|Cluster-69686.0__TRINITY_DN8677_c0_g1_i36.p1               26.31%    passed     98.71%
  66  DE560|Cluster-24916.0__TRINITY_DN2402_c0_g1_i2.p1                 0.16%    passed    100.00%
  67  DE704-white|Cluster-48513.0__TRINITY_DN5484_c0_g1_i2.p1          14.74%    passed    100.00%
  68  DE741|Cluster-57120.0__TRINITY_DN7482_c0_g1_i8.p1                15.85%    passed    100.00%
  69  DE519|Cluster-63734.0__TRINITY_DN77827_c0_g1_i1.p1                0.16%    passed    100.00%
  70  DE127|Cluster-27744.0__TRINITY_DN2244_c1_g3_i1.p1                14.74%    passed    100.00%
  71  DE152|Cluster-29972.0__TRINITY_DN10779_c0_g2_i2.p1                0.16%    passed    100.00%
  72  JJ99|Cluster-35557.0__TRINITY_DN6908_c0_g1_i12.p1                26.31%    passed     99.20%
  73  DE229|Cluster-30136.0__TRINITY_DN2626_c0_g1_i2.p1                15.85%    passed    100.00%
  74  JJ23|Cluster-44472.0__TRINITY_DN737_c0_g1_i3.p1                   0.16%    passed    100.00%
  75  SRR5150740|Cluster-37801.0__TRINITY_DN7279_c0_g1_i1.p1            0.16%    passed     99.99%
  76  SRR11748982|Cluster-46070.0__TRINITY_DN5332_c1_g1_i1.p1           0.16%    passed     99.91%
  77  SRR11934227|Cluster-109393.0__TRINITY_DN106605_c0_g1_i8.p1        1.11%    passed     80.09%
  78  DE476|Cluster-41446.6__TRINITY_DN1286_c0_g3_i2.p1                56.10%    passed     84.36%
  79  DRR082660|Cluster-30352.0__TRINITY_DN15831_c0_g1_i1.p1           24.56%    passed    100.00%
WARNING: 1 sequences contain more than 50% gaps/ambiguity
****  TOTAL                                                             5.60%  0 sequences failed composition chi2 test (p-value<5%; df=60)
Reading input tree file tmp.csubst.nwk ... rooted tree

NOTE: 99 MB RAM (0 GB) is required!
Measuring multi-threading efficiency up to 1 CPU cores
2 trees examined
Threads: 1 / Time: 5.325 sec / Speedup: 1.000 / Efficiency: 100% / LogL: -20100
BEST NUMBER OF THREADS: 1

Estimate model parameters (epsilon = 0.010)
1. Initial log-likelihood: -20396.221
2. Current log-likelihood: -12170.877
3. Current log-likelihood: -12154.673
4. Current log-likelihood: -12154.448
5. Current log-likelihood: -12154.315
6. Current log-likelihood: -12154.226
7. Current log-likelihood: -12154.163
8. Current log-likelihood: -12154.116
9. Current log-likelihood: -12154.080
10. Current log-likelihood: -12154.053
11. Current log-likelihood: -12154.032
12. Current log-likelihood: -12154.015
13. Current log-likelihood: -12154.001
14. Current log-likelihood: -12153.990
Optimal log-likelihood: -12153.981
Nonsynonymous/synonymous ratio (omega): 1.000
Transition/transversion ratio (kappa): 1.000
Site proportion and rates:  (0.515,0.420) (0.336,1.238) (0.098,1.526) (0.051,4.302)
Parameters optimization took 14 rounds (247.834 sec)
Wrote distance file to... 
BEST SCORE FOUND : -12153.981
Ancestral state probabilities printed to /mnt/data0/yue/2026-03-11-protein-convergence/results/OG_4352/csubst_w_s/csubst_input_alignment.fa.state
Empirical proportions for each category: 0.588 0.363 0.000 0.049
Site rates printed to /mnt/data0/yue/2026-03-11-protein-convergence/results/OG_4352/csubst_w_s/csubst_input_alignment.fa.rate
Total tree length: 2.797

Total number of iterations: 0
CPU time used for tree search: 0.000 sec (0h:0m:0s)
Wall-clock time used for tree search: 0.000 sec (0h:0m:0s)
Total CPU time used: 256.432 sec (0h:4m:16s)
Total wall-clock time used: 256.679 sec (0h:4m:16s)

Analysis results written to: 
  IQ-TREE report:                /mnt/data0/yue/2026-03-11-protein-convergence/results/OG_4352/csubst_w_s/csubst_input_alignment.fa.iqtree
  Maximum-likelihood tree:       /mnt/data0/yue/2026-03-11-protein-convergence/results/OG_4352/csubst_w_s/csubst_input_alignment.fa.treefile
  Site-specific rates:           /mnt/data0/yue/2026-03-11-protein-convergence/results/OG_4352/csubst_w_s/csubst_input_alignment.fa.rate
  Ancestral state:               /mnt/data0/yue/2026-03-11-protein-convergence/results/OG_4352/csubst_w_s/csubst_input_alignment.fa.state
  Screen log file:               /mnt/data0/yue/2026-03-11-protein-convergence/results/OG_4352/csubst_w_s/csubst_input_alignment.fa.log

Date and Time: Fri Mar 27 13:36:54 2026
