IQ-TREE multicore version 2.4.0 for Linux x86 64-bit built Feb 12 2025
Developed by Bui Quang Minh, Nguyen Lam Tung, Olga Chernomor, Heiko Schmidt,
Dominik Schrempf, Michael Woodhams, Ly Trong Nhan, Thomas Wong

Host:    brain (AVX2, FMA3, 2015 GB RAM)
Command: /home/yue/miniconda3/envs/py39/bin/iqtree -s /mnt/data0/yue/2026-03-11-protein-convergence/results/OG_3460/csubst_w_s/csubst_input_alignment.fa -te tmp.csubst.nwk -m ECMK07+F+R4 --seqtype CODON1 --threads-max 1 -T AUTO --ancestral --rate --redo
Seed:    775066 (Using SPRNG - Scalable Parallel Random Number Generator)
Time:    Fri Mar 27 09:26:20 2026
Kernel:  AVX+FMA - auto-detect threads (128 CPU cores detected)

Reading alignment file /mnt/data0/yue/2026-03-11-protein-convergence/results/OG_3460/csubst_w_s/csubst_input_alignment.fa ... Fasta format detected
Reading fasta file: done in 0.0089193 secs using 76.04% CPU
Alignment most likely contains DNA/RNA sequences
Converting to codon sequences with genetic code 1 ...
WARNING: 1 sites contain only gaps or ambiguous characters.
Alignment has 73 sequences with 1140 columns, 1068 distinct patterns
500 parsimony-informative, 337 singleton sites, 303 constant sites
                                                               Gap/Ambiguity  Composition  p-value
Analyzing sequences: done in 0.000434935 secs using 3.219% CPU
   1  DE668|Cluster-35672.0__TRINITY_DN6631_c0_g1_i1.p1                0.26%    passed    100.00%
   2  SRR104381|Cluster-19561.0__TRINITY_DN4562_c0_g1_i1.p1           18.33%    passed     99.97%
   3  DE151|Cluster-50967.0__TRINITY_DN49246_c0_g1_i1.p1               0.18%    passed    100.00%
   4  DE189|Cluster-24669.0__TRINITY_DN27192_c0_g1_i2.p1               0.18%    passed    100.00%
   5  JJ109|Cluster-20545.0__TRINITY_DN3575_c3_g1_i2.p1                0.18%    passed    100.00%
   6  JJ130|Cluster-8115.0__TRINITY_DN10596_c0_g1_i1.p1                0.18%    passed    100.00%
   7  DE88|Cluster-7619.0__TRINITY_DN8929_c0_g1_i1.p1                  0.09%    passed    100.00%
   8  DE507|Cluster-82472.0__TRINITY_DN8867_c0_g1_i3.p1                0.18%    passed    100.00%
   9  DE162|Cluster-44488.0__TRINITY_DN3819_c0_g1_i10.p1               0.18%    passed    100.00%
  10  JJ74|Cluster-40268.0__TRINITY_DN19511_c0_g1_i2.p1               55.96%    passed     97.39%
  11  DE528|Cluster-54412.0__TRINITY_DN9927_c0_g1_i2.p1                0.09%    passed    100.00%
  12  DE704-white|Cluster-55178.1__TRINITY_DN904_c0_g1_i4.p1           0.09%    passed    100.00%
  13  JJ86|Cluster-33825.7__TRINITY_DN6633_c0_g1_i8.p1                 0.18%    passed    100.00%
  14  DE623|Cluster-47158.0__TRINITY_DN8219_c0_g1_i7.p1                0.18%    passed    100.00%
  15  DE680|Cluster-57214.0__TRINITY_DN15958_c0_g1_i1.p1              46.05%    passed     99.95%
  16  SRR3407096|Cluster-20094.0__TRINITY_DN6794_c0_g1_i1.p1          31.32%    passed    100.00%
  17  DE736|Cluster-62134.0__TRINITY_DN7852_c0_g1_i1.p1                0.18%    passed    100.00%
  18  DE566|Cluster-51021.0__TRINITY_DN13592_c0_g1_i1.p1               0.09%    passed    100.00%
  19  JJ131|Cluster-65050.1__TRINITY_DN13045_c0_g1_i9.p1               3.07%    passed    100.00%
  20  DE536|Cluster-53636.0__TRINITY_DN557_c0_g1_i1.p1                 0.18%    passed    100.00%
  21  SRR11748982|Cluster-24178.1__TRINITY_DN18634_c0_g2_i3.p1        18.16%    passed    100.00%
  22  SRR3407095|Cluster-48019.1__TRINITY_DN11779_c0_g2_i2.p1         31.32%    passed    100.00%
  23  DE69|Cluster-47273.1__TRINITY_DN4288_c0_g1_i6.p1                 5.70%    passed    100.00%
  24  DE181|Cluster-54753.0__TRINITY_DN3915_c0_g1_i1.p1                0.18%    passed    100.00%
  25  SRR3407086|Cluster-12621.0__TRINITY_DN21472_c0_g2_i1.p1         31.32%    passed    100.00%
  26  SRR3407088|Cluster-784.0__TRINITY_DN13901_c0_g2_i1.p1           39.12%    passed     99.81%
  27  SRR3407092|Cluster-21125.0__TRINITY_DN8260_c0_g1_i1.p1           0.18%    passed    100.00%
  28  DE503|Cluster-16076.0__TRINITY_DN11105_c0_g1_i1.p1               6.93%    passed    100.00%
  29  DE510|Cluster-42838.0__TRINITY_DN7916_c0_g1_i1.p1               40.61%    passed     99.94%
  30  SRR3407087|Cluster-23458.1__TRINITY_DN12492_c0_g1_i4.p1         31.32%    passed    100.00%
  31  SRR3407094|Cluster-9448.0__TRINITY_DN12797_c0_g1_i1.p1          31.32%    passed    100.00%
  32  SRR3407093|Cluster-28981.0__TRINITY_DN3957_c0_g1_i1.p1           0.18%    passed    100.00%
  33  SRR3424066|Cluster-24072.0__TRINITY_DN7396_c0_g1_i1.p1           0.18%    passed    100.00%
  34  DE561|Cluster-15036.0__TRINITY_DN3753_c0_g1_i2.p1                0.18%    passed    100.00%
  35  DE152|Cluster-46690.0__TRINITY_DN7476_c0_g1_i1.p1                0.09%    passed    100.00%
  36  DE229|Cluster-32174.0__TRINITY_DN115_c1_g5_i1.p1                30.79%    passed    100.00%
  37  JJ99|Cluster-2144.1__TRINITY_DN7122_c1_g1_i4.p1                  0.09%    passed    100.00%
  38  DE127|Cluster-18037.0__TRINITY_DN6211_c0_g1_i1.p1                0.09%    passed    100.00%
  39  DE554|Cluster-42166.0__TRINITY_DN6956_c0_g1_i1.p1                0.09%    passed    100.00%
  40  DE666|Cluster-38407.0__TRINITY_DN11823_c0_g1_i2.p1               0.88%    passed    100.00%
  41  DE546_urceolata_l|Cluster-6117.0__TRINITY_DN30926_c0_g1_i1.p1   31.23%    passed     99.98%
  42  DE563|Cluster-33180.0__TRINITY_DN8676_c0_g1_i2.p1                0.09%    passed    100.00%
  43  DE575|Cluster-14494.0__TRINITY_DN6851_c0_g1_i2.p1               31.23%    passed     99.99%
  44  DE681|Cluster-62370.0__TRINITY_DN5929_c0_g1_i1.p1                0.18%    passed    100.00%
  45  DE765|Cluster-19413.0__TRINITY_DN13065_c0_g1_i1.p1               0.09%    passed    100.00%
  46  DE560|Cluster-15063.0__TRINITY_DN7472_c1_g2_i1.p1                0.09%    passed    100.00%
  47  JJ125|Cluster-36299.7__TRINITY_DN12831_c0_g1_i31.p1             31.23%    passed    100.00%
  48  DE531|Cluster-25859.0__TRINITY_DN3685_c0_g1_i6.p1                0.09%    passed    100.00%
  49  DE696-dots|Cluster-58198.0__TRINITY_DN9032_c0_g1_i3.p1           0.09%    passed    100.00%
  50  DE696-nodots|Cluster-57362.0__TRINITY_DN5638_c0_g1_i1.p1        17.02%    passed    100.00%
  51  JJ89|Cluster-2144.0__TRINITY_DN37388_c0_g1_i1.p1                 0.09%    passed    100.00%
  52  DE671|Cluster-39699.0__TRINITY_DN5764_c0_g5_i2.p1               31.23%    passed    100.00%
  53  DE737|Cluster-32461.0__TRINITY_DN3081_c0_g1_i1.p1                0.09%    passed    100.00%
  54  DE672|Cluster-28827.0__TRINITY_DN17350_c0_g4_i1.p1               4.21%    passed    100.00%
  55  DE549|Cluster-43729.0__TRINITY_DN39204_c0_g1_i3.p1               0.18%    passed    100.00%
  56  DE541|Cluster-41413.0__TRINITY_DN24665_c0_g1_i3.p1               0.88%    passed    100.00%
  57  DE741|Cluster-26023.1__TRINITY_DN11426_c0_g1_i2.p1               3.42%    passed    100.00%
  58  DE519|Cluster-56368.0__TRINITY_DN5357_c0_g1_i4.p1                3.25%    passed    100.00%
  59  DE164|Cluster-19871.0__TRINITY_DN8665_c0_g1_i4.p1                0.09%    passed    100.00%
  60  DE643|Cluster-15799.0__TRINITY_DN17519_c0_g1_i8.p1              36.84%    passed     99.29%
  61  DE764|Cluster-42571.0__TRINITY_DN4814_c0_g1_i6.p1                0.09%    passed    100.00%
  62  DE509|Cluster-15567.0__TRINITY_DN7472_c0_g1_i1.p1                0.09%    passed    100.00%
  63  DE550|Cluster-11222.0__TRINITY_DN7933_c0_g1_i1.p1               61.67%    passed     98.75%
  64  DE216|Cluster-37431.0__TRINITY_DN2079_c0_g1_i1.p1                0.18%    passed    100.00%
  65  JJ15|Cluster-55275.0__TRINITY_DN7998_c0_g1_i11.p1                0.18%    passed    100.00%
  66  DE534|Cluster-77702.0__TRINITY_DN3520_c0_g1_i1.p1                0.18%    passed    100.00%
  67  DE115|Cluster-6801.0__TRINITY_DN7157_c0_g1_i1.p1                24.30%    passed    100.00%
  68  JJ85|Cluster-8107.0__TRINITY_DN33595_c0_g1_i1.p1                20.00%    passed    100.00%
  69  DE523|Cluster-52566.0__TRINITY_DN18073_c0_g1_i1.p1              41.05%    passed     99.81%
  70  DE505|Cluster-38107.0__TRINITY_DN21363_c0_g2_i4.p1              40.96%    passed     99.76%
  71  DE504|Cluster-51683.0__TRINITY_DN10291_c0_g1_i9.p1              48.16%    passed     89.96%
  72  JJ36|Cluster-30065.0__TRINITY_DN6772_c0_g1_i1.p1                43.86%    passed     99.99%
  73  JJ23|Cluster-38473.0__TRINITY_DN4299_c0_g1_i7.p1                43.86%    passed     99.20%
WARNING: 2 sequences contain more than 50% gaps/ambiguity
****  TOTAL                                                           12.90%  0 sequences failed composition chi2 test (p-value<5%; df=60)
Reading input tree file tmp.csubst.nwk ... rooted tree

NOTE: 154 MB RAM (0 GB) is required!
Measuring multi-threading efficiency up to 1 CPU cores
2 trees examined
Threads: 1 / Time: 8.596 sec / Speedup: 1.000 / Efficiency: 100% / LogL: -31207
BEST NUMBER OF THREADS: 1

Estimate model parameters (epsilon = 0.010)
1. Initial log-likelihood: -34539.537
2. Current log-likelihood: -18762.135
3. Current log-likelihood: -18762.117
Optimal log-likelihood: -18762.110
Nonsynonymous/synonymous ratio (omega): 1.000
Transition/transversion ratio (kappa): 1.000
Site proportion and rates:  (0.482,0.382) (0.319,1.000) (0.166,2.027) (0.033,4.872)
Parameters optimization took 3 rounds (98.766 sec)
Wrote distance file to... 
BEST SCORE FOUND : -18762.110
Ancestral state probabilities printed to /mnt/data0/yue/2026-03-11-protein-convergence/results/OG_3460/csubst_w_s/csubst_input_alignment.fa.state
Empirical proportions for each category: 0.582 0.264 0.132 0.021
Site rates printed to /mnt/data0/yue/2026-03-11-protein-convergence/results/OG_3460/csubst_w_s/csubst_input_alignment.fa.rate
Total tree length: 2.312

Total number of iterations: 0
CPU time used for tree search: 0.000 sec (0h:0m:0s)
Wall-clock time used for tree search: 0.000 sec (0h:0m:0s)
Total CPU time used: 113.296 sec (0h:1m:53s)
Total wall-clock time used: 113.947 sec (0h:1m:53s)

Analysis results written to: 
  IQ-TREE report:                /mnt/data0/yue/2026-03-11-protein-convergence/results/OG_3460/csubst_w_s/csubst_input_alignment.fa.iqtree
  Maximum-likelihood tree:       /mnt/data0/yue/2026-03-11-protein-convergence/results/OG_3460/csubst_w_s/csubst_input_alignment.fa.treefile
  Site-specific rates:           /mnt/data0/yue/2026-03-11-protein-convergence/results/OG_3460/csubst_w_s/csubst_input_alignment.fa.rate
  Ancestral state:               /mnt/data0/yue/2026-03-11-protein-convergence/results/OG_3460/csubst_w_s/csubst_input_alignment.fa.state
  Screen log file:               /mnt/data0/yue/2026-03-11-protein-convergence/results/OG_3460/csubst_w_s/csubst_input_alignment.fa.log

Date and Time: Fri Mar 27 09:28:14 2026
