IQ-TREE multicore version 2.4.0 for Linux x86 64-bit built Feb 12 2025
Developed by Bui Quang Minh, Nguyen Lam Tung, Olga Chernomor, Heiko Schmidt,
Dominik Schrempf, Michael Woodhams, Ly Trong Nhan, Thomas Wong

Host:    brain (AVX2, FMA3, 2015 GB RAM)
Command: /home/yue/miniconda3/envs/py39/bin/iqtree -s /mnt/data0/yue/2026-03-11-protein-convergence/results/OG_11669/csubst_w_s/csubst_input_alignment.fa -te tmp.csubst.nwk -m ECMK07+F+R4 --seqtype CODON1 --threads-max 1 -T AUTO --ancestral --rate --redo
Seed:    110163 (Using SPRNG - Scalable Parallel Random Number Generator)
Time:    Thu Mar 26 22:35:17 2026
Kernel:  AVX+FMA - auto-detect threads (128 CPU cores detected)

Reading alignment file /mnt/data0/yue/2026-03-11-protein-convergence/results/OG_11669/csubst_w_s/csubst_input_alignment.fa ... Fasta format detected
Reading fasta file: done in 0.000396848 secs
Alignment most likely contains DNA/RNA sequences
Converting to codon sequences with genetic code 1 ...
WARNING: 1 sites contain only gaps or ambiguous characters.
Alignment has 60 sequences with 105 columns, 103 distinct patterns
58 parsimony-informative, 25 singleton sites, 22 constant sites
                                                           Gap/Ambiguity  Composition  p-value
Analyzing sequences: done in 2.16812e-05 secs using 96.86% CPU
   1  DE126|Cluster-45616.0__TRINITY_DN24775_c0_g1_i1.p1           0.95%    passed    100.00%
   2  DE162|Cluster-45173.0__TRINITY_DN9886_c0_g1_i1.p1           17.14%    passed    100.00%
   3  DE507|Cluster-34539.0__TRINITY_DN80071_c0_g1_i1.p1           0.95%    passed    100.00%
   4  DE704-white|Cluster-26261.0__TRINITY_DN11363_c0_g1_i2.p1     0.95%    passed    100.00%
   5  DE528|Cluster-6203.0__TRINITY_DN39562_c0_g1_i1.p1            0.95%    passed    100.00%
   6  SRR3407093|Cluster-27957.0__TRINITY_DN7223_c0_g1_i1.p1       0.95%    passed    100.00%
   7  SRR3407094|Cluster-15543.0__TRINITY_DN5369_c0_g2_i1.p1       0.95%    passed     98.04%
   8  DE505|Cluster-21650.0__TRINITY_DN10030_c0_g1_i1.p1           0.95%    passed    100.00%
   9  DE510|Cluster-22059.0__TRINITY_DN53326_c0_g1_i1.p1           0.95%    passed    100.00%
  10  SRR3407087|Cluster-612.0__TRINITY_DN4204_c0_g1_i1.p1         0.95%    passed    100.00%
  11  DE127|Cluster-41921.0__TRINITY_DN58307_c0_g1_i1.p1           0.95%    passed    100.00%
  12  DE554|Cluster-20805.0__TRINITY_DN8607_c0_g1_i1.p1            0.95%    passed    100.00%
  13  DE680|Cluster-48143.0__TRINITY_DN7358_c0_g1_i2.p1            0.95%    passed    100.00%
  14  DE575|Cluster-42913.0__TRINITY_DN11452_c0_g1_i2.p1           0.95%    passed     99.96%
  15  DE666|Cluster-3582.0__TRINITY_DN3234_c0_g2_i1.p1             0.95%    passed    100.00%
  16  DE668|Cluster-37897.0__TRINITY_DN28684_c1_g1_i1.p1           0.95%    passed    100.00%
  17  DE623|Cluster-32287.0__TRINITY_DN9978_c0_g1_i1.p1            0.95%    passed    100.00%
  18  JJ86|Cluster-38272.0__TRINITY_DN14508_c0_g3_i1.p1            0.95%    passed     99.95%
  19  DE681|Cluster-9085.0__TRINITY_DN13130_c0_g1_i1.p1            0.95%    passed    100.00%
  20  DE765|Cluster-42980.0__TRINITY_DN10743_c0_g1_i1.p1           0.95%    passed     99.88%
  21  DE152|Cluster-35625.0__TRINITY_DN26207_c1_g1_i1.p1           0.95%    passed    100.00%
  22  DE229|Cluster-78634.0__TRINITY_DN141531_c0_g1_i1.p1          0.95%    passed    100.00%
  23  DE536|Cluster-36711.0__TRINITY_DN44667_c0_g1_i1.p1           0.95%    passed    100.00%
  24  SRR3407096|Cluster-5443.0__TRINITY_DN28122_c0_g1_i1.p1       0.95%    passed     99.59%
  25  JJ74|Cluster-22646.0__TRINITY_DN4878_c1_g2_i1.p1             0.95%    passed    100.00%
  26  DE523|Cluster-49822.0__TRINITY_DN8685_c0_g1_i1.p1            0.95%    passed    100.00%
  27  DE181|Cluster-22708.16__TRINITY_DN4872_c1_g1_i1.p1           0.95%    passed    100.00%
  28  SRR3407086|Cluster-11933.0__TRINITY_DN93633_c0_g1_i1.p1      0.95%    passed    100.00%
  29  DE151|Cluster-33325.0__TRINITY_DN26136_c0_g1_i2.p1           0.95%    passed    100.00%
  30  DE550|Cluster-25230.0__TRINITY_DN10724_c0_g1_i1.p1           0.95%    passed    100.00%
  31  DE671|Cluster-55377.0__TRINITY_DN56420_c0_g1_i1.p1           0.95%    passed    100.00%
  32  JJ109|Cluster-16386.0__TRINITY_DN59054_c0_g1_i1.p1           0.95%    passed    100.00%
  33  JJ130|Cluster-22677.0__TRINITY_DN49959_c0_g1_i1.p1           0.95%    passed    100.00%
  34  DE164|Cluster-36635.0__TRINITY_DN15941_c0_g1_i1.p1           0.95%    passed    100.00%
  35  DE504|Cluster-31694.0__TRINITY_DN11426_c0_g1_i1.p1           0.95%    passed    100.00%
  36  DE737|Cluster-29528.0__TRINITY_DN62035_c0_g1_i1.p1           0.95%    passed    100.00%
  37  DE531|Cluster-18494.0__TRINITY_DN48351_c0_g1_i1.p2           0.95%    passed    100.00%
  38  DE696-dots|Cluster-909.0__TRINITY_DN84823_c0_g1_i1.p1        0.95%    passed    100.00%
  39  DE696-nodots|Cluster-39230.0__TRINITY_DN12145_c0_g1_i1.p1    0.95%    passed    100.00%
  40  JJ36|Cluster-1886.0__TRINITY_DN44459_c0_g1_i2.p1             0.95%    passed    100.00%
  41  DE519|Cluster-37112.0__TRINITY_DN12288_c0_g1_i1.p1           0.95%    passed     99.98%
  42  DE741|Cluster-36745.0__TRINITY_DN276_c1_g1_i1.p1             0.95%    passed     99.89%
  43  DE643|Cluster-21772.0__TRINITY_DN13142_c0_g1_i1.p1           0.95%    passed    100.00%
  44  DE509|Cluster-26446.0__TRINITY_DN6658_c0_g1_i1.p1            0.95%    passed    100.00%
  45  DE549|Cluster-5564.0__TRINITY_DN8065_c0_g1_i1.p1             0.95%    passed    100.00%
  46  DE736|Cluster-56975.0__TRINITY_DN45393_c0_g1_i1.p1           0.95%    passed     99.99%
  47  DE764|Cluster-40522.0__TRINITY_DN43423_c0_g1_i1.p1           0.95%    passed    100.00%
  48  DE672|Cluster-17999.0__TRINITY_DN121747_c0_g1_i1.p1          0.95%    passed    100.00%
  49  DE476|Cluster-47838.0__TRINITY_DN6911_c1_g1_i1.p1            0.95%    passed    100.00%
  50  DE189|Cluster-23610.1__TRINITY_DN3740_c0_g1_i2.p1            0.95%    passed    100.00%
  51  DE88|Cluster-17331.0__TRINITY_DN48786_c0_g1_i1.p1            0.95%    passed    100.00%
  52  JJ85|Cluster-34461.0__TRINITY_DN11648_c0_g1_i1.p1            0.95%    passed    100.00%
  53  DE503|Cluster-17917.0__TRINITY_DN5605_c0_g1_i1.p1            0.95%    passed    100.00%
  54  SRR3407092|Cluster-30632.0__TRINITY_DN9063_c0_g1_i1.p1       0.95%    passed    100.00%
  55  DE561|Cluster-29875.0__TRINITY_DN11580_c0_g1_i1.p2           0.95%    passed    100.00%
  56  SRR3424066|Cluster-3161.0__TRINITY_DN6230_c0_g1_i1.p1        0.95%    passed    100.00%
  57  SRR3407088|Cluster-36463.0__TRINITY_DN5019_c0_g1_i1.p2       0.95%    passed    100.00%
  58  SRR5150740|Cluster-13153.0__TRINITY_DN5698_c0_g1_i2.p1      29.52%    failed      1.38%
  59  DE560|Cluster-25947.0__TRINITY_DN434_c1_g1_i1.p1             0.95%    passed    100.00%
  60  JJ99|Cluster-44218.0__TRINITY_DN69517_c0_g1_i1.p1            0.95%    passed    100.00%
****  TOTAL                                                        1.70%  1 sequences failed composition chi2 test (p-value<5%; df=60)
WARNING: States(s) CAG, GAG rarely appear in alignment and may cause numerical problems
Reading input tree file tmp.csubst.nwk ... rooted tree

NOTE: 18 MB RAM (0 GB) is required!
Measuring multi-threading efficiency up to 1 CPU cores
2 trees examined
Threads: 1 / Time: 1.046 sec / Speedup: 1.000 / Efficiency: 100% / LogL: -3484
BEST NUMBER OF THREADS: 1

Estimate model parameters (epsilon = 0.010)
1. Initial log-likelihood: -2974.812
2. Current log-likelihood: -2161.411
3. Current log-likelihood: -2160.995
4. Current log-likelihood: -2160.806
5. Current log-likelihood: -2160.764
Optimal log-likelihood: -2160.759
Nonsynonymous/synonymous ratio (omega): 1.000
Transition/transversion ratio (kappa): 1.000
Site proportion and rates:  (0.590,0.454) (0.333,1.257) (0.055,4.047) (0.023,4.112)
Parameters optimization took 5 rounds (18.791 sec)
Wrote distance file to... 
BEST SCORE FOUND : -2160.759
Ancestral state probabilities printed to /mnt/data0/yue/2026-03-11-protein-convergence/results/OG_11669/csubst_w_s/csubst_input_alignment.fa.state
Empirical proportions for each category: 0.629 0.324 0.048 0.000
Site rates printed to /mnt/data0/yue/2026-03-11-protein-convergence/results/OG_11669/csubst_w_s/csubst_input_alignment.fa.rate
Total tree length: 3.053

Total number of iterations: 0
CPU time used for tree search: 0.000 sec (0h:0m:0s)
Wall-clock time used for tree search: 0.000 sec (0h:0m:0s)
Total CPU time used: 20.491 sec (0h:0m:20s)
Total wall-clock time used: 20.563 sec (0h:0m:20s)

Analysis results written to: 
  IQ-TREE report:                /mnt/data0/yue/2026-03-11-protein-convergence/results/OG_11669/csubst_w_s/csubst_input_alignment.fa.iqtree
  Maximum-likelihood tree:       /mnt/data0/yue/2026-03-11-protein-convergence/results/OG_11669/csubst_w_s/csubst_input_alignment.fa.treefile
  Site-specific rates:           /mnt/data0/yue/2026-03-11-protein-convergence/results/OG_11669/csubst_w_s/csubst_input_alignment.fa.rate
  Ancestral state:               /mnt/data0/yue/2026-03-11-protein-convergence/results/OG_11669/csubst_w_s/csubst_input_alignment.fa.state
  Screen log file:               /mnt/data0/yue/2026-03-11-protein-convergence/results/OG_11669/csubst_w_s/csubst_input_alignment.fa.log

Date and Time: Thu Mar 26 22:35:37 2026
