IQ-TREE multicore version 2.4.0 for Linux x86 64-bit built Feb 12 2025
Developed by Bui Quang Minh, Nguyen Lam Tung, Olga Chernomor, Heiko Schmidt,
Dominik Schrempf, Michael Woodhams, Ly Trong Nhan, Thomas Wong

Host:    brain (AVX2, FMA3, 2015 GB RAM)
Command: /home/yue/miniconda3/envs/py39/bin/iqtree -s /mnt/data0/yue/2026-03-11-protein-convergence/results/OG_10029/csubst_w_s/csubst_input_alignment.fa -te tmp.csubst.nwk -m ECMK07+F+R4 --seqtype CODON1 --threads-max 1 -T AUTO --ancestral --rate --redo
Seed:    841682 (Using SPRNG - Scalable Parallel Random Number Generator)
Time:    Thu Mar 26 20:10:21 2026
Kernel:  AVX+FMA - auto-detect threads (128 CPU cores detected)

Reading alignment file /mnt/data0/yue/2026-03-11-protein-convergence/results/OG_10029/csubst_w_s/csubst_input_alignment.fa ... Fasta format detected
Reading fasta file: done in 0.00102866 secs using 33.34% CPU
Alignment most likely contains DNA/RNA sequences
Converting to codon sequences with genetic code 1 ...
Alignment has 67 sequences with 296 columns, 292 distinct patterns
165 parsimony-informative, 72 singleton sites, 59 constant sites
                                                              Gap/Ambiguity  Composition  p-value
Analyzing sequences: done in 4.89205e-05 secs using 100.2% CPU
   1  DE704-white|Cluster-40468.7__TRINITY_DN707_c2_g1_i25.p1         0.00%    passed    100.00%
   2  DE152|Cluster-58216.0__TRINITY_DN6138_c0_g1_i2.p1               7.77%    passed    100.00%
   3  DE519|Cluster-71992.0__TRINITY_DN5553_c0_g1_i4.p1               7.77%    passed    100.00%
   4  DE566|Cluster-44474.0__TRINITY_DN8900_c0_g1_i1.p1               0.68%    passed    100.00%
   5  DE704-purple|Cluster-57807.0__TRINITY_DN4453_c0_g1_i5.p1        0.00%    passed    100.00%
   6  DE127|Cluster-15906.0__TRINITY_DN9472_c0_g1_i1.p1              43.58%    passed    100.00%
   7  DE546_urceolata_l|Cluster-7671.1__TRINITY_DN6678_c0_g2_i6.p1   35.14%    passed    100.00%
   8  DE736|Cluster-63464.1__TRINITY_DN10193_c0_g1_i12.p1             0.00%    passed    100.00%
   9  DE162|Cluster-37847.0__TRINITY_DN12125_c0_g1_i44.p1            46.62%    passed     99.99%
  10  DE216|Cluster-81653.0__TRINITY_DN3525_c0_g1_i9.p1               0.68%    passed    100.00%
  11  DE542|Cluster-28905.0__TRINITY_DN35429_c0_g1_i4.p1             34.12%    passed    100.00%
  12  JJ15|Cluster-50190.0__TRINITY_DN8689_c0_g1_i6.p1                0.00%    passed    100.00%
  13  DE554|Cluster-38329.0__TRINITY_DN9346_c0_g1_i1.p1              46.62%    passed    100.00%
  14  DE666|Cluster-20788.0__TRINITY_DN6100_c0_g1_i1.p1              59.12%    passed     99.85%
  15  DE765|Cluster-34322.0__TRINITY_DN8008_c0_g1_i8.p1              33.45%    passed    100.00%
  16  DE563|Cluster-21105.0__TRINITY_DN11117_c1_g1_i4.p1              0.34%    passed    100.00%
  17  DE575|Cluster-53784.0__TRINITY_DN4771_c0_g1_i1.p1              44.26%    passed     99.98%
  18  JJ23|Cluster-31366.0__TRINITY_DN4329_c0_g1_i52.p1              33.11%    passed    100.00%
  19  JJ85|Cluster-9438.1__TRINITY_DN7084_c0_g3_i1.p1                 0.00%    passed     99.98%
  20  DE505|Cluster-39395.0__TRINITY_DN739_c0_g3_i3.p1               33.45%    passed    100.00%
  21  DE510|Cluster-47914.0__TRINITY_DN1109_c0_g1_i16.p1             33.45%    passed    100.00%
  22  SRR3407087|Cluster-16870.0__TRINITY_DN20564_c0_g1_i6.p1        58.78%    passed     99.49%
  23  SRR3407094|Cluster-26419.0__TRINITY_DN7570_c0_g2_i1.p1          0.00%    passed    100.00%
  24  DE549|Cluster-39089.0__TRINITY_DN9418_c0_g1_i4.p1               0.00%    passed    100.00%
  25  DE509|Cluster-21128.0__TRINITY_DN4420_c0_g1_i26.p1             44.26%    passed     99.99%
  26  JJ89|Cluster-29848.0__TRINITY_DN7877_c0_g1_i4.p1                0.00%    passed    100.00%
  27  SRR3407093|Cluster-40290.0__TRINITY_DN1833_c1_g1_i5.p1         33.45%    passed    100.00%
  28  DE88|Cluster-37631.0__TRINITY_DN6179_c0_g1_i8.p1                0.34%    passed    100.00%
  29  DE531|Cluster-55930.0__TRINITY_DN7065_c0_g1_i1.p1               0.34%    passed    100.00%
  30  DE696-dots|Cluster-19680.0__TRINITY_DN27175_c0_g1_i2.p1         0.34%    passed    100.00%
  31  DE696-nodots|Cluster-59665.0__TRINITY_DN7366_c0_g1_i4.p1        0.34%    passed    100.00%
  32  DE536|Cluster-17298.0__TRINITY_DN4848_c0_g1_i3.p1               0.34%    passed    100.00%
  33  DE737|Cluster-54779.1__TRINITY_DN3714_c0_g2_i1.p1               0.34%    passed    100.00%
  34  DE181|Cluster-56965.0__TRINITY_DN690_c0_g2_i1.p1                0.34%    passed    100.00%
  35  DE523|Cluster-30798.0__TRINITY_DN5768_c0_g1_i3.p1              15.88%    passed    100.00%
  36  SRR3424066|Cluster-21191.0__TRINITY_DN1054_c1_g1_i1.p1          0.34%    passed    100.00%
  37  SRR3407086|Cluster-14845.0__TRINITY_DN25026_c0_g1_i1.p1         0.34%    passed    100.00%
  38  SRR3407096|Cluster-21296.0__TRINITY_DN5979_c0_g1_i2.p1          0.34%    passed    100.00%
  39  SRR3407092|Cluster-21662.0__TRINITY_DN10337_c0_g1_i1.p1         0.34%    passed    100.00%
  40  DE503|Cluster-61624.1__TRINITY_DN21248_c0_g1_i2.p1              0.34%    passed    100.00%
  41  DE151|Cluster-62205.0__TRINITY_DN1579_c1_g1_i4.p1               7.77%    passed    100.00%
  42  JJ130|Cluster-50942.0__TRINITY_DN5588_c0_g1_i7.p1               7.77%    passed    100.00%
  43  DRR082660|Cluster-12331.0__TRINITY_DN34830_c0_g1_i1.p1          0.34%    passed    100.00%
  44  DE680|Cluster-49946.0__TRINITY_DN4579_c0_g1_i19.p1              0.34%    passed    100.00%
  45  DE504|Cluster-49864.1__TRINITY_DN5490_c0_g1_i14.p1              0.34%    passed    100.00%
  46  DE229|Cluster-67693.0__TRINITY_DN1453_c1_g1_i5.p1               0.34%    passed    100.00%
  47  DE623|Cluster-34228.1__TRINITY_DN6035_c0_g1_i1.p1               0.34%    passed    100.00%
  48  JJ131|Cluster-49046.0__TRINITY_DN113934_c0_g1_i2.p1             0.34%    passed    100.00%
  49  SRR5150740|Cluster-31160.0__TRINITY_DN14489_c2_g1_i3.p1         0.00%    passed     99.97%
  50  SRR104381|Cluster-21187.0__TRINITY_DN29766_c0_g1_i1.p1          6.76%    passed     99.86%
  51  DE115|Cluster-44031.0__TRINITY_DN6170_c1_g2_i1.p1               0.68%    passed    100.00%
  52  DE126|Cluster-7970.0__TRINITY_DN8466_c0_g1_i1.p1                0.00%    passed    100.00%
  53  JJ99|Cluster-32935.0__TRINITY_DN28075_c0_g1_i13.p1              0.00%    passed    100.00%
  54  DE173|Cluster-19556.0__TRINITY_DN1385_c1_g1_i2.p1               0.00%    passed    100.00%
  55  JJ36|Cluster-35462.0__TRINITY_DN15556_c0_g1_i6.p1               0.00%    passed    100.00%
  56  DE476|Cluster-20128.0__TRINITY_DN5864_c0_g1_i5.p1               0.00%    passed    100.00%
  57  JJ74|Cluster-94886.0__TRINITY_DN41951_c0_g1_i2.p1               0.68%    passed    100.00%
  58  DE764|Cluster-27357.0__TRINITY_DN447_c0_g1_i3.p1                0.00%    passed    100.00%
  59  DE550|Cluster-39804.0__TRINITY_DN2904_c0_g1_i39.p1              7.77%    passed    100.00%
  60  DE69|Cluster-9856.2__TRINITY_DN12243_c0_g1_i7.p1               15.88%    passed     99.99%
  61  SRR3407095|Cluster-5573.0__TRINITY_DN14214_c0_g2_i1.p1          0.00%    passed    100.00%
  62  DE671|Cluster-35332.0__TRINITY_DN8524_c0_g1_i3.p1               0.00%    passed     99.97%
  63  DE189|Cluster-36117.0__TRINITY_DN14481_c0_g1_i7.p1              0.68%    passed    100.00%
  64  DE507|Cluster-74892.0__TRINITY_DN6901_c0_g1_i19.p1              0.00%    passed    100.00%
  65  DE561|Cluster-41892.0__TRINITY_DN2413_c0_g2_i5.p1              33.45%    passed    100.00%
  66  SRR3407088|Cluster-35392.0__TRINITY_DN12777_c0_g1_i2.p1        59.12%    passed     98.81%
  67  SRR11748982|Cluster-30425.2__TRINITY_DN15719_c0_g1_i6.p1       36.82%    failed      0.05%
WARNING: 3 sequences contain more than 50% gaps/ambiguity
****  TOTAL                                                          11.88%  1 sequences failed composition chi2 test (p-value<5%; df=60)
Reading input tree file tmp.csubst.nwk ... rooted tree

NOTE: 44 MB RAM (0 GB) is required!
Measuring multi-threading efficiency up to 1 CPU cores
2 trees examined
Threads: 1 / Time: 2.271 sec / Speedup: 1.000 / Efficiency: 100% / LogL: -9260
BEST NUMBER OF THREADS: 1

Estimate model parameters (epsilon = 0.010)
1. Initial log-likelihood: -8775.980
2. Current log-likelihood: -6120.660
3. Current log-likelihood: -6113.305
Optimal log-likelihood: -6113.295
Nonsynonymous/synonymous ratio (omega): 1.000
Transition/transversion ratio (kappa): 1.000
Site proportion and rates:  (0.499,0.359) (0.319,1.154) (0.150,2.059) (0.032,4.537)
Parameters optimization took 3 rounds (25.204 sec)
Wrote distance file to... 
BEST SCORE FOUND : -6113.295
Ancestral state probabilities printed to /mnt/data0/yue/2026-03-11-protein-convergence/results/OG_10029/csubst_w_s/csubst_input_alignment.fa.state
Empirical proportions for each category: 0.520 0.331 0.125 0.024
Site rates printed to /mnt/data0/yue/2026-03-11-protein-convergence/results/OG_10029/csubst_w_s/csubst_input_alignment.fa.rate
Total tree length: 4.181

Total number of iterations: 0
CPU time used for tree search: 0.000 sec (0h:0m:0s)
Wall-clock time used for tree search: 0.000 sec (0h:0m:0s)
Total CPU time used: 28.872 sec (0h:0m:28s)
Total wall-clock time used: 28.958 sec (0h:0m:28s)

Analysis results written to: 
  IQ-TREE report:                /mnt/data0/yue/2026-03-11-protein-convergence/results/OG_10029/csubst_w_s/csubst_input_alignment.fa.iqtree
  Maximum-likelihood tree:       /mnt/data0/yue/2026-03-11-protein-convergence/results/OG_10029/csubst_w_s/csubst_input_alignment.fa.treefile
  Site-specific rates:           /mnt/data0/yue/2026-03-11-protein-convergence/results/OG_10029/csubst_w_s/csubst_input_alignment.fa.rate
  Ancestral state:               /mnt/data0/yue/2026-03-11-protein-convergence/results/OG_10029/csubst_w_s/csubst_input_alignment.fa.state
  Screen log file:               /mnt/data0/yue/2026-03-11-protein-convergence/results/OG_10029/csubst_w_s/csubst_input_alignment.fa.log

Date and Time: Thu Mar 26 20:10:50 2026
