IQ-TREE multicore version 2.4.0 for Linux x86 64-bit built Feb 12 2025
Developed by Bui Quang Minh, Nguyen Lam Tung, Olga Chernomor, Heiko Schmidt,
Dominik Schrempf, Michael Woodhams, Ly Trong Nhan, Thomas Wong

Host:    brain (AVX2, FMA3, 2015 GB RAM)
Command: /home/yue/miniconda3/envs/py39/bin/iqtree -s /mnt/data0/yue/2026-03-11-protein-convergence/results/OG_5082/csubst_w_s/csubst_input_alignment.fa -te tmp.csubst.nwk -m ECMK07+F+R4 --seqtype CODON1 --threads-max 1 -T AUTO --ancestral --rate --redo
Seed:    171292 (Using SPRNG - Scalable Parallel Random Number Generator)
Time:    Fri Mar 27 16:27:47 2026
Kernel:  AVX+FMA - auto-detect threads (128 CPU cores detected)

Reading alignment file /mnt/data0/yue/2026-03-11-protein-convergence/results/OG_5082/csubst_w_s/csubst_input_alignment.fa ... Fasta format detected
Reading fasta file: done in 0.00151969 secs using 68.9% CPU
Alignment most likely contains DNA/RNA sequences
Converting to codon sequences with genetic code 1 ...
Alignment has 78 sequences with 381 columns, 364 distinct patterns
222 parsimony-informative, 101 singleton sites, 58 constant sites
                                                               Gap/Ambiguity  Composition  p-value
Analyzing sequences: done in 7.12276e-05 secs using 99.68% CPU
   1  DE741|Cluster-45256.0__TRINITY_DN1896_c0_g1_i1.p1                0.00%    passed    100.00%
   2  JJ74|Cluster-109453.0__TRINITY_DN3679_c0_g1_i6.p1               21.26%    passed    100.00%
   3  DE680|Cluster-45815.0__TRINITY_DN460_c0_g1_i2.p1                 0.00%    passed    100.00%
   4  DE162|Cluster-16522.1__TRINITY_DN691_c2_g1_i1.p1                 0.00%    passed    100.00%
   5  DE507|Cluster-47292.0__TRINITY_DN8647_c0_g1_i3.p1                0.00%    passed    100.00%
   6  DE563|Cluster-2332.0__TRINITY_DN3589_c0_g1_i1.p1                 0.00%    passed    100.00%
   7  JJ109|Cluster-20397.0__TRINITY_DN1487_c0_g1_i1.p1                0.00%    passed    100.00%
   8  DE504|Cluster-47073.0__TRINITY_DN2341_c0_g1_i1.p1                0.00%    passed    100.00%
   9  JJ131|Cluster-44119.2__TRINITY_DN1503_c0_g1_i8.p1               20.47%    passed     99.52%
  10  DE127|Cluster-3285.0__TRINITY_DN1696_c0_g1_i1.p1                 0.00%    passed    100.00%
  11  DE554|Cluster-42834.0__TRINITY_DN5497_c0_g2_i2.p1               22.83%    passed    100.00%
  12  DE575|Cluster-67901.0__TRINITY_DN14641_c0_g1_i1.p1               0.00%    passed    100.00%
  13  DE765|Cluster-8566.0__TRINITY_DN5435_c0_g1_i1.p1                 0.00%    passed    100.00%
  14  DE681|Cluster-63293.0__TRINITY_DN3007_c0_g1_i1.p1                0.00%    passed    100.00%
  15  DE216|Cluster-8808.0__TRINITY_DN18816_c0_g1_i1.p1                0.00%    passed    100.00%
  16  JJ15|Cluster-52787.0__TRINITY_DN3422_c0_g1_i1.p1                 0.00%    passed    100.00%
  17  DE542|Cluster-53296.0__TRINITY_DN5738_c0_g1_i1.p1                0.00%    passed    100.00%
  18  DE534|Cluster-24100.0__TRINITY_DN19364_c0_g1_i2.p1              42.78%    passed     86.94%
  19  DE528|Cluster-56572.0__TRINITY_DN6117_c0_g2_i1.p1                0.00%    passed    100.00%
  20  DE704-white|Cluster-37825.0__TRINITY_DN3314_c0_g1_i7.p1          0.00%    passed    100.00%
  21  DE704-purple|Cluster-20963.2__TRINITY_DN3087_c1_g1_i6.p1         0.00%    passed    100.00%
  22  DE549|Cluster-28470.0__TRINITY_DN2516_c0_g1_i2.p1                0.00%    passed    100.00%
  23  DE151|Cluster-42209.0__TRINITY_DN5327_c0_g1_i2.p1                0.00%    passed    100.00%
  24  DE173|Cluster-18684.0__TRINITY_DN4161_c0_g1_i1.p1                0.00%    passed    100.00%
  25  DE189|Cluster-8346.0__TRINITY_DN1484_c0_g1_i1.p1                 0.00%    passed    100.00%
  26  JJ130|Cluster-40430.0__TRINITY_DN2572_c0_g1_i2.p1               22.83%    passed    100.00%
  27  DE531|Cluster-29710.0__TRINITY_DN3310_c0_g1_i1.p1                0.00%    passed    100.00%
  28  DE696-nodots|Cluster-37722.0__TRINITY_DN6529_c1_g1_i1.p1         0.00%    passed    100.00%
  29  DE696-dots|Cluster-45163.0__TRINITY_DN6316_c0_g2_i2.p1          22.57%    passed    100.00%
  30  JJ36|Cluster-36234.0__TRINITY_DN787_c2_g2_i2.p1                  0.00%    passed    100.00%
  31  DE550|Cluster-27056.0__TRINITY_DN11839_c0_g1_i2.p1              21.00%    passed    100.00%
  32  DE672|Cluster-22265.0__TRINITY_DN6312_c0_g2_i2.p1                0.00%    passed    100.00%
  33  DE737|Cluster-37929.0__TRINITY_DN1432_c0_g1_i2.p1                0.00%    passed    100.00%
  34  DE88|Cluster-11126.0__TRINITY_DN8210_c0_g1_i3.p1                 0.00%    passed    100.00%
  35  DE643|Cluster-64439.0__TRINITY_DN10422_c0_g1_i4.p1               0.00%    passed    100.00%
  36  DE671|Cluster-38796.0__TRINITY_DN4246_c0_g1_i1.p1                0.00%    passed    100.00%
  37  DE541|Cluster-52846.0__TRINITY_DN1982_c0_g1_i2.p1                0.00%    passed    100.00%
  38  DE764|Cluster-47693.0__TRINITY_DN528_c1_g3_i1.p1                 0.00%    passed    100.00%
  39  DE509|Cluster-5842.0__TRINITY_DN4435_c0_g1_i2.p1                22.83%    passed    100.00%
  40  DE736|Cluster-2131.0__TRINITY_DN1490_c2_g1_i1.p1                 0.00%    passed    100.00%
  41  JJ89|Cluster-2804.0__TRINITY_DN2687_c0_g1_i1.p1                  0.00%    passed    100.00%
  42  DE115|Cluster-24701.0__TRINITY_DN5103_c1_g1_i1.p1                0.00%    passed    100.00%
  43  JJ86|Cluster-40277.0__TRINITY_DN2991_c1_g1_i1.p1                 0.00%    passed    100.00%
  44  DE666|Cluster-10998.0__TRINITY_DN1668_c0_g1_i1.p1                0.00%    passed    100.00%
  45  DE126|Cluster-2284.0__TRINITY_DN5756_c0_g1_i1.p1                 0.00%    passed    100.00%
  46  DE623|Cluster-12067.1__TRINITY_DN2863_c0_g1_i3.p1                0.00%    passed    100.00%
  47  DE668|Cluster-26069.0__TRINITY_DN4181_c0_g1_i4.p1                0.00%    passed    100.00%
  48  DE546_urceolata_l|Cluster-41066.0__TRINITY_DN7154_c0_g1_i1.p1    0.00%    passed    100.00%
  49  SRR3407095|Cluster-37721.0__TRINITY_DN11935_c0_g1_i1.p1          0.00%    passed    100.00%
  50  DE69|Cluster-56711.0__TRINITY_DN9912_c1_g1_i3.p1                 0.00%    passed    100.00%
  51  DE164|Cluster-60193.0__TRINITY_DN13348_c0_g1_i4.p1              22.83%    passed    100.00%
  52  DE566|Cluster-58651.0__TRINITY_DN3688_c0_g1_i1.p1                0.00%    passed    100.00%
  53  SRR3407087|Cluster-28913.0__TRINITY_DN8410_c2_g1_i2.p1           0.00%    passed    100.00%
  54  DE505|Cluster-36148.1__TRINITY_DN408_c0_g1_i1.p1                 1.57%    passed    100.00%
  55  DE510|Cluster-14965.0__TRINITY_DN3124_c2_g2_i1.p1                0.00%    passed    100.00%
  56  DE503|Cluster-58067.0__TRINITY_DN2737_c0_g1_i1.p1                0.00%    passed    100.00%
  57  SRR3407094|Cluster-20118.0__TRINITY_DN4851_c0_g1_i1.p1           0.00%    passed    100.00%
  58  DE181|Cluster-6303.0__TRINITY_DN7277_c3_g1_i1.p1                 0.00%    passed    100.00%
  59  SRR3407086|Cluster-13107.0__TRINITY_DN2470_c2_g1_i1.p1           0.00%    passed    100.00%
  60  SRR3407093|Cluster-8029.0__TRINITY_DN4790_c0_g1_i1.p1            0.00%    passed    100.00%
  61  SRR3407092|Cluster-20891.0__TRINITY_DN1948_c0_g1_i2.p1           0.00%    passed    100.00%
  62  DE561|Cluster-19326.0__TRINITY_DN2751_c2_g1_i1.p1                0.00%    passed    100.00%
  63  SRR3407088|Cluster-1956.0__TRINITY_DN3152_c0_g1_i1.p1            0.00%    passed    100.00%
  64  SRR3424066|Cluster-19937.0__TRINITY_DN3985_c0_g1_i1.p1           0.26%    passed    100.00%
  65  DE523|Cluster-34244.0__TRINITY_DN2327_c0_g1_i2.p1                0.00%    passed    100.00%
  66  SRR3407096|Cluster-34218.0__TRINITY_DN15834_c0_g1_i1.p1          0.00%    passed    100.00%
  67  DE476|Cluster-33100.0__TRINITY_DN6550_c0_g1_i3.p1                0.00%    passed    100.00%
  68  JJ85|Cluster-14052.0__TRINITY_DN3926_c0_g1_i1.p1                 0.00%    passed    100.00%
  69  JJ125|Cluster-12049.1__TRINITY_DN6790_c2_g1_i2.p1                0.52%    passed    100.00%
  70  DE519|Cluster-33443.0__TRINITY_DN1746_c1_g1_i1.p1                0.00%    passed    100.00%
  71  DE152|Cluster-27448.0__TRINITY_DN6604_c0_g1_i1.p1                0.00%    passed    100.00%
  72  DE229|Cluster-71526.0__TRINITY_DN753_c0_g1_i3.p1                 0.00%    passed    100.00%
  73  JJ23|Cluster-29365.0__TRINITY_DN111_c0_g2_i1.p1                  0.00%    passed    100.00%
  74  JJ99|Cluster-3677.0__TRINITY_DN14595_c2_g1_i1.p1                 3.15%    passed    100.00%
  75  DE560|Cluster-28299.0__TRINITY_DN8159_c0_g1_i3.p1                0.26%    passed    100.00%
  76  DE536|Cluster-44623.0__TRINITY_DN13533_c0_g1_i1.p1              22.83%    passed     99.99%
  77  SRR104381|Cluster-28277.2__TRINITY_DN2173_c0_g1_i8.p1            1.05%    passed     37.34%
  78  SRR5150740|Cluster-30170.1__TRINITY_DN5465_c0_g1_i3.p1           0.26%    passed     98.73%
****  TOTAL                                                            3.20%  0 sequences failed composition chi2 test (p-value<5%; df=60)
Reading input tree file tmp.csubst.nwk ... rooted tree

NOTE: 62 MB RAM (0 GB) is required!
Measuring multi-threading efficiency up to 1 CPU cores
2 trees examined
Threads: 1 / Time: 4.276 sec / Speedup: 1.000 / Efficiency: 100% / LogL: -15578
BEST NUMBER OF THREADS: 1

Estimate model parameters (epsilon = 0.010)
1. Initial log-likelihood: -14337.620
2. Current log-likelihood: -9860.324
3. Current log-likelihood: -9851.920
4. Current log-likelihood: -9851.881
5. Current log-likelihood: -9851.868
Optimal log-likelihood: -9851.861
Nonsynonymous/synonymous ratio (omega): 1.000
Transition/transversion ratio (kappa): 1.000
Site proportion and rates:  (0.610,0.482) (0.293,1.348) (0.088,3.093) (0.009,4.524)
Parameters optimization took 5 rounds (77.586 sec)
Wrote distance file to... 
BEST SCORE FOUND : -9851.861
Ancestral state probabilities printed to /mnt/data0/yue/2026-03-11-protein-convergence/results/OG_5082/csubst_w_s/csubst_input_alignment.fa.state
Empirical proportions for each category: 0.661 0.262 0.076 0.000
Site rates printed to /mnt/data0/yue/2026-03-11-protein-convergence/results/OG_5082/csubst_w_s/csubst_input_alignment.fa.rate
Total tree length: 3.914

Total number of iterations: 0
CPU time used for tree search: 0.000 sec (0h:0m:0s)
Wall-clock time used for tree search: 0.000 sec (0h:0m:0s)
Total CPU time used: 80.569 sec (0h:1m:20s)
Total wall-clock time used: 84.740 sec (0h:1m:24s)

Analysis results written to: 
  IQ-TREE report:                /mnt/data0/yue/2026-03-11-protein-convergence/results/OG_5082/csubst_w_s/csubst_input_alignment.fa.iqtree
  Maximum-likelihood tree:       /mnt/data0/yue/2026-03-11-protein-convergence/results/OG_5082/csubst_w_s/csubst_input_alignment.fa.treefile
  Site-specific rates:           /mnt/data0/yue/2026-03-11-protein-convergence/results/OG_5082/csubst_w_s/csubst_input_alignment.fa.rate
  Ancestral state:               /mnt/data0/yue/2026-03-11-protein-convergence/results/OG_5082/csubst_w_s/csubst_input_alignment.fa.state
  Screen log file:               /mnt/data0/yue/2026-03-11-protein-convergence/results/OG_5082/csubst_w_s/csubst_input_alignment.fa.log

Date and Time: Fri Mar 27 16:29:11 2026
