IQ-TREE multicore version 2.4.0 for Linux x86 64-bit built Feb 12 2025
Developed by Bui Quang Minh, Nguyen Lam Tung, Olga Chernomor, Heiko Schmidt,
Dominik Schrempf, Michael Woodhams, Ly Trong Nhan, Thomas Wong

Host:    brain (AVX2, FMA3, 2015 GB RAM)
Command: /home/yue/miniconda3/envs/py39/bin/iqtree -s /mnt/data0/yue/2026-03-11-protein-convergence/results/OG_2592/csubst_w_s/csubst_input_alignment.fa -te tmp.csubst.nwk -m ECMK07+F+R4 --seqtype CODON1 --threads-max 1 -T AUTO --ancestral --rate --redo
Seed:    577083 (Using SPRNG - Scalable Parallel Random Number Generator)
Time:    Fri Mar 27 05:22:44 2026
Kernel:  AVX+FMA - auto-detect threads (128 CPU cores detected)

Reading alignment file /mnt/data0/yue/2026-03-11-protein-convergence/results/OG_2592/csubst_w_s/csubst_input_alignment.fa ... Fasta format detected
Reading fasta file: done in 0.00450331 secs using 51.94% CPU
Alignment most likely contains DNA/RNA sequences
Converting to codon sequences with genetic code 1 ...
Alignment has 73 sequences with 554 columns, 539 distinct patterns
314 parsimony-informative, 158 singleton sites, 82 constant sites
                                                                Gap/Ambiguity  Composition  p-value
Analyzing sequences: done in 0.000272155 secs using 94.8% CPU
   1  SRR11748982|Cluster-15440.3__TRINITY_DN7777_c0_g1_i4.p1          15.16%    passed      9.89%
   2  JJ36|Cluster-41748.0__TRINITY_DN9285_c0_g1_i1.p1                  0.18%    passed    100.00%
   3  DE503|Cluster-54186.0__TRINITY_DN5336_c0_g1_i9.p1                24.55%    passed     99.86%
   4  DE528|Cluster-61844.1__TRINITY_DN7016_c0_g1_i15.p1               22.74%    passed    100.00%
   5  SRR3407092|Cluster-13778.0__TRINITY_DN36364_c0_g1_i1.p1           0.36%    passed    100.00%
   6  SRR3407093|Cluster-16155.0__TRINITY_DN9621_c0_g2_i1.p1            4.15%    passed    100.00%
   7  DE152|Cluster-59988.0__TRINITY_DN26670_c0_g1_i8.p1                0.18%    passed    100.00%
   8  DE229|Cluster-20423.0__TRINITY_DN9592_c0_g1_i9.p1                 0.18%    passed    100.00%
   9  JJ23|Cluster-41751.0__TRINITY_DN7016_c0_g1_i1.p1                 47.83%    passed     97.58%
  10  JJ99|Cluster-37020.0__TRINITY_DN11122_c0_g1_i1.p1                42.42%    passed     99.97%
  11  DE115|Cluster-29545.0__TRINITY_DN7003_c0_g1_i13.p1                0.18%    passed    100.00%
  12  JJ86|Cluster-5933.0__TRINITY_DN7687_c0_g1_i1.p1                   0.18%    passed    100.00%
  13  DE126|Cluster-32061.0__TRINITY_DN25712_c0_g3_i1.p1                0.18%    passed    100.00%
  14  DE546_urceolata_l|Cluster-47114.0__TRINITY_DN2755_c0_g1_i24.p1   36.64%    passed    100.00%
  15  DE666|Cluster-36929.0__TRINITY_DN21788_c0_g1_i2.p1                0.18%    passed    100.00%
  16  DE563|Cluster-11502.1__TRINITY_DN8492_c0_g1_i2.p1                 0.18%    passed    100.00%
  17  DE668|Cluster-18726.0__TRINITY_DN10327_c0_g1_i5.p1               36.64%    passed    100.00%
  18  JJ85|Cluster-41986.0__TRINITY_DN8571_c1_g1_i3.p1                  0.18%    passed    100.00%
  19  JJ125|Cluster-31093.0__TRINITY_DN8727_c0_g1_i4.p1                 0.18%    passed    100.00%
  20  JJ74|Cluster-123341.0__TRINITY_DN17802_c0_g1_i1.p1               47.83%    passed     99.93%
  21  DRR082660|Cluster-18583.0__TRINITY_DN11176_c0_g2_i1.p1            0.18%    passed    100.00%
  22  DE560|Cluster-45716.0__TRINITY_DN7345_c0_g1_i3.p1                36.64%    passed    100.00%
  23  DE519|Cluster-26409.0__TRINITY_DN6592_c0_g1_i3.p1                37.18%    passed     99.99%
  24  DE741|Cluster-55594.0__TRINITY_DN11801_c0_g1_i1.p1                0.72%    passed    100.00%
  25  DE523|Cluster-51739.0__TRINITY_DN5428_c2_g1_i2.p1                36.64%    passed     99.99%
  26  SRR3407096|Cluster-25771.0__TRINITY_DN30446_c0_g1_i1.p1           0.18%    passed    100.00%
  27  DE510|Cluster-41583.0__TRINITY_DN22104_c0_g1_i1.p1                0.18%    passed    100.00%
  28  SRR3407087|Cluster-3901.0__TRINITY_DN10436_c0_g1_i1.p1           23.83%    passed    100.00%
  29  DE151|Cluster-40699.0__TRINITY_DN2871_c0_g2_i2.p1                 0.18%    passed    100.00%
  30  DE173|Cluster-33849.0__TRINITY_DN13022_c0_g1_i1.p1                0.18%    passed    100.00%
  31  DE189|Cluster-39360.0__TRINITY_DN10634_c0_g1_i2.p1               47.83%    passed     99.98%
  32  JJ109|Cluster-24146.0__TRINITY_DN11512_c0_g1_i1.p1               23.83%    passed    100.00%
  33  JJ130|Cluster-23798.0__TRINITY_DN11298_c0_g1_i4.p1                0.18%    passed    100.00%
  34  DE504|Cluster-18484.0__TRINITY_DN19931_c0_g1_i1.p1                0.18%    passed    100.00%
  35  DE88|Cluster-33760.0__TRINITY_DN9430_c0_g1_i1.p1                  0.18%    passed    100.00%
  36  DE672|Cluster-42938.0__TRINITY_DN7312_c0_g1_i4.p1                 0.18%    passed    100.00%
  37  DE164|Cluster-13255.0__TRINITY_DN9182_c0_g1_i2.p1                 0.18%    passed    100.00%
  38  DE643|Cluster-73123.0__TRINITY_DN4235_c0_g1_i5.p1                 0.18%    passed    100.00%
  39  DE671|Cluster-7335.0__TRINITY_DN11274_c0_g1_i1.p1                23.83%    passed    100.00%
  40  DE531|Cluster-21173.0__TRINITY_DN8473_c0_g1_i1.p1                 0.18%    passed    100.00%
  41  DE696-dots|Cluster-43651.0__TRINITY_DN41287_c0_g1_i1.p1           0.18%    passed    100.00%
  42  DE696-nodots|Cluster-12897.8__TRINITY_DN11479_c0_g1_i17.p1       36.64%    passed    100.00%
  43  DE549|Cluster-45137.0__TRINITY_DN7580_c0_g1_i2.p1                 0.18%    passed    100.00%
  44  DE764|Cluster-39797.0__TRINITY_DN4747_c0_g2_i1.p1                47.83%    passed    100.00%
  45  JJ89|Cluster-31997.0__TRINITY_DN4714_c0_g2_i15.p1                 6.32%    passed    100.00%
  46  DE476|Cluster-26736.0__TRINITY_DN15709_c0_g1_i3.p1               42.42%    passed    100.00%
  47  DE541|Cluster-41481.0__TRINITY_DN3049_c0_g1_i3.p1                 0.18%    passed    100.00%
  48  DE737|Cluster-47717.0__TRINITY_DN7477_c1_g1_i3.p1                 0.72%    passed    100.00%
  49  DE550|Cluster-24718.0__TRINITY_DN18238_c0_g1_i1.p1                0.18%    passed    100.00%
  50  DE566|Cluster-54449.0__TRINITY_DN22634_c0_g1_i6.p1                0.90%    passed    100.00%
  51  SRR3407095|Cluster-48653.0__TRINITY_DN6487_c0_g1_i1.p1            0.18%    passed    100.00%
  52  DE69|Cluster-51538.0__TRINITY_DN7734_c0_g1_i10.p1                46.39%    passed     99.93%
  53  DE181|Cluster-34873.0__TRINITY_DN14311_c0_g2_i3.p1                0.18%    passed    100.00%
  54  SRR3424066|Cluster-11997.0__TRINITY_DN29036_c0_g1_i1.p1          23.83%    passed     99.92%
  55  DE561|Cluster-43302.0__TRINITY_DN3552_c0_g1_i24.p1                0.18%    passed    100.00%
  56  SRR3407088|Cluster-5447.0__TRINITY_DN11265_c1_g1_i1.p1            0.18%    passed    100.00%
  57  DE505|Cluster-1008.0__TRINITY_DN16013_c0_g1_i3.p1                 0.18%    passed    100.00%
  58  JJ131|Cluster-44985.1__TRINITY_DN20507_c0_g1_i1.p1                0.18%    passed    100.00%
  59  DE127|Cluster-27553.0__TRINITY_DN17240_c0_g1_i2.p1                0.18%    passed    100.00%
  60  DE554|Cluster-42572.1__TRINITY_DN5815_c0_g1_i3.p1                20.04%    passed    100.00%
  61  DE575|Cluster-66934.0__TRINITY_DN13197_c1_g1_i5.p1               41.70%    passed     99.18%
  62  DE623|Cluster-57746.0__TRINITY_DN10823_c1_g2_i2.p1                0.18%    passed    100.00%
  63  DE681|Cluster-48014.0__TRINITY_DN25031_c0_g1_i5.p1                0.18%    passed    100.00%
  64  DE765|Cluster-21989.0__TRINITY_DN18316_c0_g1_i1.p1                0.18%    passed    100.00%
  65  DE162|Cluster-34849.0__TRINITY_DN35766_c0_g1_i3.p1                0.18%    passed    100.00%
  66  DE704-white|Cluster-19788.0__TRINITY_DN33168_c0_g3_i1.p1          0.18%    passed    100.00%
  67  DE509|Cluster-33391.0__TRINITY_DN24210_c0_g1_i1.p1                0.18%    passed    100.00%
  68  DE736|Cluster-50429.0__TRINITY_DN9333_c0_g1_i2.p1                22.74%    passed    100.00%
  69  DE216|Cluster-21812.0__TRINITY_DN13669_c1_g1_i1.p1                0.18%    passed    100.00%
  70  DE534|Cluster-50245.0__TRINITY_DN28786_c0_g1_i1.p1                0.18%    passed    100.00%
  71  DE536|Cluster-37814.0__TRINITY_DN10988_c0_g1_i3.p1               39.89%    passed     99.04%
  72  SRR5150740|Cluster-55929.1__TRINITY_DN15825_c0_g1_i3.p1          36.46%    passed     96.75%
  73  DRR082665|Cluster-34671.0__TRINITY_DN1213_c0_g1_i8.p1            42.42%    passed     56.28%
****  TOTAL                                                            12.67%  0 sequences failed composition chi2 test (p-value<5%; df=60)
Reading input tree file tmp.csubst.nwk ... rooted tree

NOTE: 82 MB RAM (0 GB) is required!
Measuring multi-threading efficiency up to 1 CPU cores
2 trees examined
Threads: 1 / Time: 4.426 sec / Speedup: 1.000 / Efficiency: 100% / LogL: -18883
BEST NUMBER OF THREADS: 1

Estimate model parameters (epsilon = 0.010)
1. Initial log-likelihood: -18733.839
2. Current log-likelihood: -12464.071
3. Current log-likelihood: -12448.473
4. Current log-likelihood: -12448.208
5. Current log-likelihood: -12447.997
6. Current log-likelihood: -12447.825
7. Current log-likelihood: -12447.685
8. Current log-likelihood: -12447.572
9. Current log-likelihood: -12447.484
10. Current log-likelihood: -12447.416
11. Current log-likelihood: -12447.363
12. Current log-likelihood: -12447.324
13. Current log-likelihood: -12447.294
14. Current log-likelihood: -12447.271
15. Current log-likelihood: -12447.254
16. Current log-likelihood: -12447.241
Optimal log-likelihood: -12447.231
Nonsynonymous/synonymous ratio (omega): 1.000
Transition/transversion ratio (kappa): 1.000
Site proportion and rates:  (0.546,0.478) (0.244,0.900) (0.196,2.261) (0.014,5.374)
Parameters optimization took 16 rounds (242.186 sec)
Wrote distance file to... 
BEST SCORE FOUND : -12447.231
Ancestral state probabilities printed to /mnt/data0/yue/2026-03-11-protein-convergence/results/OG_2592/csubst_w_s/csubst_input_alignment.fa.state
Empirical proportions for each category: 0.686 0.108 0.195 0.011
Site rates printed to /mnt/data0/yue/2026-03-11-protein-convergence/results/OG_2592/csubst_w_s/csubst_input_alignment.fa.rate
Total tree length: 4.211

Total number of iterations: 0
CPU time used for tree search: 0.000 sec (0h:0m:0s)
Wall-clock time used for tree search: 0.000 sec (0h:0m:0s)
Total CPU time used: 249.390 sec (0h:4m:9s)
Total wall-clock time used: 249.829 sec (0h:4m:9s)

Analysis results written to: 
  IQ-TREE report:                /mnt/data0/yue/2026-03-11-protein-convergence/results/OG_2592/csubst_w_s/csubst_input_alignment.fa.iqtree
  Maximum-likelihood tree:       /mnt/data0/yue/2026-03-11-protein-convergence/results/OG_2592/csubst_w_s/csubst_input_alignment.fa.treefile
  Site-specific rates:           /mnt/data0/yue/2026-03-11-protein-convergence/results/OG_2592/csubst_w_s/csubst_input_alignment.fa.rate
  Ancestral state:               /mnt/data0/yue/2026-03-11-protein-convergence/results/OG_2592/csubst_w_s/csubst_input_alignment.fa.state
  Screen log file:               /mnt/data0/yue/2026-03-11-protein-convergence/results/OG_2592/csubst_w_s/csubst_input_alignment.fa.log

Date and Time: Fri Mar 27 05:26:54 2026
