IQ-TREE multicore version 2.4.0 for Linux x86 64-bit built Feb 12 2025
Developed by Bui Quang Minh, Nguyen Lam Tung, Olga Chernomor, Heiko Schmidt,
Dominik Schrempf, Michael Woodhams, Ly Trong Nhan, Thomas Wong

Host:    brain (AVX2, FMA3, 2015 GB RAM)
Command: /home/yue/miniconda3/envs/py39/bin/iqtree -s /mnt/data0/yue/2026-03-11-protein-convergence/results/OG_4060/csubst_w_s/csubst_input_alignment.fa -te tmp.csubst.nwk -m ECMK07+F+R4 --seqtype CODON1 --threads-max 1 -T AUTO --ancestral --rate --redo
Seed:    292992 (Using SPRNG - Scalable Parallel Random Number Generator)
Time:    Fri Mar 27 12:11:03 2026
Kernel:  AVX+FMA - auto-detect threads (128 CPU cores detected)

Reading alignment file /mnt/data0/yue/2026-03-11-protein-convergence/results/OG_4060/csubst_w_s/csubst_input_alignment.fa ... Fasta format detected
Reading fasta file: done in 0.00478292 secs using 72.03% CPU
Alignment most likely contains DNA/RNA sequences
Converting to codon sequences with genetic code 1 ...
Alignment has 65 sequences with 650 columns, 633 distinct patterns
391 parsimony-informative, 158 singleton sites, 100 constant sites
                                                               Gap/Ambiguity  Composition  p-value
Analyzing sequences: done in 0.00022167 secs using 99.25% CPU
   1  DE476|Cluster-8666.0__TRINITY_DN281_c1_g1_i1.p1                 18.31%    passed     99.99%
   2  JJ89|Cluster-21109.2__TRINITY_DN312_c1_g1_i11.p1                17.23%    passed     99.95%
   3  DE672|Cluster-41932.4__TRINITY_DN6794_c0_g1_i2.p1                0.92%    passed    100.00%
   4  JJ130|Cluster-44200.0__TRINITY_DN3720_c3_g1_i1.p1                0.62%    passed    100.00%
   5  DE151|Cluster-60145.0__TRINITY_DN1739_c0_g1_i15.p1              45.08%    passed     99.75%
   6  DE504|Cluster-49572.0__TRINITY_DN11329_c0_g1_i16.p1              0.00%    passed    100.00%
   7  DE509|Cluster-30635.0__TRINITY_DN60_c1_g2_i5.p1                 16.92%    passed    100.00%
   8  DE181|Cluster-20639.0__TRINITY_DN8622_c1_g1_i1.p1               16.00%    passed    100.00%
   9  SRR3407086|Cluster-37492.0__TRINITY_DN9561_c0_g1_i1.p1           0.00%    passed    100.00%
  10  SRR3407088|Cluster-13748.0__TRINITY_DN7856_c0_g1_i1.p1           0.00%    passed    100.00%
  11  DE561|Cluster-15454.1__TRINITY_DN20342_c1_g1_i4.p1               0.00%    passed    100.00%
  12  SRR3424066|Cluster-39325.0__TRINITY_DN2342_c3_g1_i1.p1          12.77%    passed    100.00%
  13  SRR3407093|Cluster-22122.0__TRINITY_DN6424_c0_g1_i1.p1           0.31%    passed    100.00%
  14  SRR3407096|Cluster-29722.0__TRINITY_DN5691_c0_g4_i1.p1           0.92%    passed    100.00%
  15  DE523|Cluster-40867.0__TRINITY_DN7119_c1_g1_i1.p1                1.38%    passed    100.00%
  16  DE503|Cluster-57670.0__TRINITY_DN10657_c0_g2_i1.p1               0.00%    passed    100.00%
  17  DE505|Cluster-58217.0__TRINITY_DN6322_c0_g1_i11.p1              15.54%    passed    100.00%
  18  DE510|Cluster-53535.0__TRINITY_DN2850_c0_g1_i5.p1               12.77%    passed    100.00%
  19  SRR3407087|Cluster-13569.0__TRINITY_DN4603_c1_g1_i1.p1           0.00%    passed    100.00%
  20  SRR3407092|Cluster-18251.0__TRINITY_DN35747_c0_g1_i2.p1          0.00%    passed    100.00%
  21  DRR082660|Cluster-20006.0__TRINITY_DN31740_c0_g1_i1.p1          27.54%    passed    100.00%
  22  DE541|Cluster-11518.0__TRINITY_DN1202_c3_g1_i1.p1               30.77%    passed     97.17%
  23  DE531|Cluster-26875.0__TRINITY_DN2313_c1_g1_i9.p1                0.62%    passed    100.00%
  24  JJ109|Cluster-18182.4__TRINITY_DN4527_c0_g1_i9.p1                0.62%    passed    100.00%
  25  DE164|Cluster-34392.1__TRINITY_DN571_c1_g1_i3.p1                 1.08%    passed    100.00%
  26  DE554|Cluster-67858.0__TRINITY_DN19373_c0_g1_i6.p1               1.08%    passed    100.00%
  27  DE643|Cluster-57362.0__TRINITY_DN2056_c2_g1_i8.p1                1.08%    passed    100.00%
  28  DE696-dots|Cluster-38620.0__TRINITY_DN1289_c0_g2_i3.p1           0.62%    passed    100.00%
  29  DE696-nodots|Cluster-55524.0__TRINITY_DN559_c1_g3_i6.p1         16.92%    passed    100.00%
  30  DE566|Cluster-45280.0__TRINITY_DN3392_c0_g3_i4.p1               45.08%    passed     99.89%
  31  DE563|Cluster-8056.0__TRINITY_DN1656_c6_g1_i1.p1                24.31%    passed    100.00%
  32  DE668|Cluster-23417.0__TRINITY_DN39827_c0_g1_i1.p1               0.31%    passed    100.00%
  33  DE162|Cluster-52454.0__TRINITY_DN2292_c1_g1_i7.p1                6.15%    passed    100.00%
  34  DE528|Cluster-29152.0__TRINITY_DN1389_c1_g2_i1.p1                6.15%    passed    100.00%
  35  DE507|Cluster-68792.0__TRINITY_DN4671_c0_g1_i10.p1               0.00%    passed    100.00%
  36  DE704-purple|Cluster-20798.0__TRINITY_DN1606_c1_g1_i1.p1         0.00%    passed    100.00%
  37  DE546_urceolata_l|Cluster-18009.0__TRINITY_DN7752_c1_g1_i4.p1    0.00%    passed    100.00%
  38  SRR11934227|Cluster-174314.1__TRINITY_DN116828_c0_g1_i3.p1      44.46%    passed     47.04%
  39  DE765|Cluster-23527.0__TRINITY_DN800_c0_g2_i1.p1                 0.00%    passed    100.00%
  40  JJ86|Cluster-46916.2__TRINITY_DN421_c0_g1_i5.p1                  0.77%    passed    100.00%
  41  DE623|Cluster-30595.0__TRINITY_DN10033_c0_g1_i9.p1              19.69%    passed     99.98%
  42  DE680|Cluster-55122.0__TRINITY_DN26596_c0_g1_i1.p1               0.31%    passed    100.00%
  43  DE115|Cluster-67320.0__TRINITY_DN5558_c2_g2_i2.p1               15.85%    passed    100.00%
  44  DE666|Cluster-14017.11__TRINITY_DN345_c1_g1_i10.p1              15.85%    passed    100.00%
  45  DE681|Cluster-51246.0__TRINITY_DN12454_c0_g1_i21.p1              0.00%    passed    100.00%
  46  DE575|Cluster-57294.0__TRINITY_DN9177_c0_g1_i9.p1                0.00%    passed    100.00%
  47  DE536|Cluster-48297.0__TRINITY_DN8139_c0_g1_i1.p1                0.00%    passed    100.00%
  48  DE69|Cluster-56886.0__TRINITY_DN10542_c0_g2_i4.p1                0.77%    passed    100.00%
  49  DE229|Cluster-100433.0__TRINITY_DN25689_c1_g1_i6.p1             45.08%    passed    100.00%
  50  JJ125|Cluster-34997.0__TRINITY_DN6716_c0_g1_i1.p1                2.15%    passed    100.00%
  51  DE216|Cluster-31285.0__TRINITY_DN552_c0_g3_i1.p1                24.31%    passed    100.00%
  52  JJ15|Cluster-42977.0__TRINITY_DN8278_c0_g3_i1.p1                24.31%    passed    100.00%
  53  DE542|Cluster-24795.1__TRINITY_DN7489_c0_g1_i9.p1                0.62%    passed    100.00%
  54  SRR3407095|Cluster-27302.0__TRINITY_DN8022_c1_g1_i3.p1           0.92%    passed    100.00%
  55  JJ85|Cluster-9309.0__TRINITY_DN13988_c0_g1_i1.p1                 0.92%    passed    100.00%
  56  JJ74|Cluster-134583.0__TRINITY_DN8838_c0_g1_i2.p1               16.46%    passed    100.00%
  57  DE88|Cluster-8841.0__TRINITY_DN1579_c1_g1_i1.p1                  0.00%    passed    100.00%
  58  DE741|Cluster-59245.0__TRINITY_DN1704_c0_g1_i35.p1              17.85%    passed     99.75%
  59  DE560|Cluster-41627.0__TRINITY_DN2661_c0_g1_i8.p1               23.69%    passed     99.99%
  60  JJ131|Cluster-56234.0__TRINITY_DN4732_c0_g1_i4.p1               21.69%    passed     99.99%
  61  DE534|Cluster-70899.0__TRINITY_DN12627_c0_g1_i7.p1              36.15%    passed     96.92%
  62  JJ99|Cluster-52564.0__TRINITY_DN22196_c2_g1_i2.p1                0.62%    passed    100.00%
  63  DE519|Cluster-56222.1__TRINITY_DN3946_c0_g3_i7.p1               25.85%    passed     98.88%
  64  DE152|Cluster-7659.0__TRINITY_DN15569_c0_g1_i2.p1               19.69%    passed     99.97%
  65  SRR5150740|Cluster-49006.4__TRINITY_DN6439_c0_g1_i2.p1          34.31%    passed     61.38%
****  TOTAL                                                           10.98%  0 sequences failed composition chi2 test (p-value<5%; df=60)
Reading input tree file tmp.csubst.nwk ... rooted tree

NOTE: 85 MB RAM (0 GB) is required!
Measuring multi-threading efficiency up to 1 CPU cores
2 trees examined
Threads: 1 / Time: 4.373 sec / Speedup: 1.000 / Efficiency: 100% / LogL: -25508
BEST NUMBER OF THREADS: 1

Estimate model parameters (epsilon = 0.010)
1. Initial log-likelihood: -21862.676
2. Current log-likelihood: -15632.152
3. Current log-likelihood: -15604.361
4. Current log-likelihood: -15603.723
5. Current log-likelihood: -15603.396
6. Current log-likelihood: -15600.296
7. Current log-likelihood: -15600.034
8. Current log-likelihood: -15599.935
9. Current log-likelihood: -15599.899
10. Current log-likelihood: -15599.886
Optimal log-likelihood: -15599.882
Nonsynonymous/synonymous ratio (omega): 1.000
Transition/transversion ratio (kappa): 1.000
Site proportion and rates:  (0.505,0.370) (0.393,1.154) (0.091,3.119) (0.010,7.310)
Parameters optimization took 10 rounds (161.134 sec)
Wrote distance file to... 
BEST SCORE FOUND : -15599.882
Ancestral state probabilities printed to /mnt/data0/yue/2026-03-11-protein-convergence/results/OG_4060/csubst_w_s/csubst_input_alignment.fa.state
Empirical proportions for each category: 0.534 0.377 0.078 0.011
Site rates printed to /mnt/data0/yue/2026-03-11-protein-convergence/results/OG_4060/csubst_w_s/csubst_input_alignment.fa.rate
Total tree length: 5.019

Total number of iterations: 0
CPU time used for tree search: 0.000 sec (0h:0m:0s)
Wall-clock time used for tree search: 0.000 sec (0h:0m:0s)
Total CPU time used: 167.230 sec (0h:2m:47s)
Total wall-clock time used: 168.595 sec (0h:2m:48s)

Analysis results written to: 
  IQ-TREE report:                /mnt/data0/yue/2026-03-11-protein-convergence/results/OG_4060/csubst_w_s/csubst_input_alignment.fa.iqtree
  Maximum-likelihood tree:       /mnt/data0/yue/2026-03-11-protein-convergence/results/OG_4060/csubst_w_s/csubst_input_alignment.fa.treefile
  Site-specific rates:           /mnt/data0/yue/2026-03-11-protein-convergence/results/OG_4060/csubst_w_s/csubst_input_alignment.fa.rate
  Ancestral state:               /mnt/data0/yue/2026-03-11-protein-convergence/results/OG_4060/csubst_w_s/csubst_input_alignment.fa.state
  Screen log file:               /mnt/data0/yue/2026-03-11-protein-convergence/results/OG_4060/csubst_w_s/csubst_input_alignment.fa.log

Date and Time: Fri Mar 27 12:13:51 2026
