IQ-TREE multicore version 2.4.0 for Linux x86 64-bit built Feb 12 2025
Developed by Bui Quang Minh, Nguyen Lam Tung, Olga Chernomor, Heiko Schmidt,
Dominik Schrempf, Michael Woodhams, Ly Trong Nhan, Thomas Wong

Host:    brain (AVX2, FMA3, 2015 GB RAM)
Command: /home/yue/miniconda3/envs/py39/bin/iqtree -s /mnt/data0/yue/2026-03-11-protein-convergence/results/OG_7012/csubst_w_s/csubst_input_alignment.fa -te tmp.csubst.nwk -m ECMK07+F+R4 --seqtype CODON1 --threads-max 1 -T AUTO --ancestral --rate --redo
Seed:    765493 (Using SPRNG - Scalable Parallel Random Number Generator)
Time:    Fri Mar 27 23:26:26 2026
Kernel:  AVX+FMA - auto-detect threads (128 CPU cores detected)

Reading alignment file /mnt/data0/yue/2026-03-11-protein-convergence/results/OG_7012/csubst_w_s/csubst_input_alignment.fa ... Fasta format detected
Reading fasta file: done in 0.00147437 secs
Alignment most likely contains DNA/RNA sequences
Converting to codon sequences with genetic code 1 ...
WARNING: 1 sites contain only gaps or ambiguous characters.
Alignment has 72 sequences with 407 columns, 351 distinct patterns
135 parsimony-informative, 82 singleton sites, 190 constant sites
                                                               Gap/Ambiguity  Composition  p-value
Analyzing sequences: done in 6.2868e-05 secs using 98.62% CPU
   1  SRR3407094|Cluster-24202.0__TRINITY_DN1176_c0_g1_i3.p1           0.49%    passed    100.00%
   2  DE164|Cluster-25114.0__TRINITY_DN20756_c0_g1_i3.p1               0.25%    passed    100.00%
   3  DE560|Cluster-47672.0__TRINITY_DN6391_c0_g1_i1.p1                0.25%    passed    100.00%
   4  DE541|Cluster-20506.0__TRINITY_DN5089_c0_g1_i2.p1                0.25%    passed    100.00%
   5  DE623|Cluster-60159.0__TRINITY_DN3218_c0_g1_i4.p1                0.25%    passed    100.00%
   6  DE181|Cluster-49617.0__TRINITY_DN22639_c0_g1_i6.p1               0.25%    passed    100.00%
   7  SRR3407086|Cluster-26623.0__TRINITY_DN3173_c0_g1_i1.p1           0.25%    passed    100.00%
   8  DE519|Cluster-68797.0__TRINITY_DN4462_c0_g1_i4.p1                0.25%    passed    100.00%
   9  DE741|Cluster-47923.0__TRINITY_DN905_c0_g1_i1.p1                 0.25%    passed    100.00%
  10  DE115|Cluster-51775.0__TRINITY_DN323_c1_g1_i1.p1                 0.25%    passed    100.00%
  11  JJ23|Cluster-44876.31__TRINITY_DN2391_c0_g1_i3.p1               28.01%    passed     98.57%
  12  SRR3424066|Cluster-32937.0__TRINITY_DN3669_c0_g1_i1.p1          50.37%    passed     95.29%
  13  DRR082660|Cluster-3269.0__TRINITY_DN5102_c0_g4_i1.p1            47.17%    passed     91.65%
  14  DE127|Cluster-22656.1__TRINITY_DN42797_c1_g1_i1.p1               0.25%    passed    100.00%
  15  DE554|Cluster-50044.0__TRINITY_DN10855_c0_g1_i1.p1               0.25%    passed    100.00%
  16  DE563|Cluster-35345.0__TRINITY_DN4245_c0_g1_i2.p1                0.25%    passed    100.00%
  17  DE575|Cluster-53472.0__TRINITY_DN11150_c0_g1_i4.p1               0.25%    passed    100.00%
  18  DE681|Cluster-63283.0__TRINITY_DN11215_c0_g3_i1.p1               0.25%    passed    100.00%
  19  DE503|Cluster-36718.1__TRINITY_DN9252_c0_g1_i11.p1              26.04%    passed     99.55%
  20  DE504|Cluster-19294.1__TRINITY_DN13935_c0_g1_i9.p1              27.03%    passed     99.65%
  21  DE666|Cluster-35721.0__TRINITY_DN8409_c1_g1_i4.p1               27.03%    passed     99.03%
  22  DE672|Cluster-32958.0__TRINITY_DN5199_c0_g1_i3.p1               26.04%    passed     98.66%
  23  DE546_urceolata_l|Cluster-15019.0__TRINITY_DN8291_c0_g2_i3.p1   26.04%    passed     68.14%
  24  DE152|Cluster-37475.0__TRINITY_DN13804_c0_g1_i1.p1               0.25%    passed    100.00%
  25  DE476|Cluster-35405.0__TRINITY_DN1734_c0_g1_i1.p1                0.25%    passed    100.00%
  26  DE765|Cluster-19244.0__TRINITY_DN6686_c0_g1_i1.p1                0.25%    passed    100.00%
  27  DE162|Cluster-51615.0__TRINITY_DN4347_c0_g1_i1.p1                0.25%    passed    100.00%
  28  DE528|Cluster-28289.0__TRINITY_DN5867_c0_g1_i1.p1                0.25%    passed    100.00%
  29  DE704-purple|Cluster-52561.0__TRINITY_DN6410_c0_g1_i3.p1         0.25%    passed    100.00%
  30  DE704-white|Cluster-2078.0__TRINITY_DN21406_c0_g1_i1.p1          0.25%    passed    100.00%
  31  DE507|Cluster-54080.0__TRINITY_DN5342_c0_g1_i3.p1                0.25%    passed    100.00%
  32  JJ109|Cluster-43309.0__TRINITY_DN377_c0_g1_i2.p1                26.04%    passed     98.97%
  33  DE151|Cluster-20362.0__TRINITY_DN985_c0_g1_i1.p1                 3.69%    passed    100.00%
  34  DE173|Cluster-47081.0__TRINITY_DN2398_c0_g1_i3.p1                3.69%    passed    100.00%
  35  DE189|Cluster-32997.1__TRINITY_DN3280_c0_g1_i1.p1                3.69%    passed    100.00%
  36  JJ130|Cluster-37568.0__TRINITY_DN3933_c0_g1_i2.p1                3.69%    passed    100.00%
  37  DE229|Cluster-21471.0__TRINITY_DN662_c0_g3_i1.p1                 0.25%    passed    100.00%
  38  DE566|Cluster-50841.2__TRINITY_DN5395_c0_g1_i6.p1                0.25%    passed    100.00%
  39  SRR3407087|Cluster-11950.0__TRINITY_DN11186_c0_g3_i4.p1          0.25%    passed    100.00%
  40  DE510|Cluster-12063.0__TRINITY_DN5833_c0_g1_i3.p1                0.25%    passed    100.00%
  41  DE505|Cluster-24465.1__TRINITY_DN4936_c0_g1_i1.p1                0.25%    passed    100.00%
  42  SRR3407093|Cluster-17780.0__TRINITY_DN5170_c0_g1_i3.p1           0.25%    passed    100.00%
  43  SRR3407092|Cluster-34296.0__TRINITY_DN6030_c0_g1_i1.p1           0.25%    passed    100.00%
  44  DE561|Cluster-33450.1__TRINITY_DN4968_c0_g1_i7.p1                0.25%    passed    100.00%
  45  SRR3407095|Cluster-26910.0__TRINITY_DN4980_c0_g1_i2.p1           0.25%    passed    100.00%
  46  DE69|Cluster-52752.0__TRINITY_DN2762_c0_g1_i1.p1                 0.25%    passed    100.00%
  47  DE523|Cluster-8610.2__TRINITY_DN7188_c0_g1_i5.p1                 0.25%    passed    100.00%
  48  SRR3407096|Cluster-18715.0__TRINITY_DN1427_c0_g1_i3.p1           0.25%    passed    100.00%
  49  JJ125|Cluster-37296.1__TRINITY_DN46212_c0_g1_i1.p1               0.25%    passed    100.00%
  50  DE126|Cluster-19039.1__TRINITY_DN1386_c0_g1_i2.p1               31.20%    passed     99.93%
  51  DE680|Cluster-8804.0__TRINITY_DN2614_c0_g1_i2.p1                 0.25%    passed    100.00%
  52  DE668|Cluster-33035.0__TRINITY_DN1300_c0_g1_i1.p1                0.25%    passed    100.00%
  53  JJ74|Cluster-11769.0__TRINITY_DN43282_c3_g1_i1.p1                0.25%    passed    100.00%
  54  DE509|Cluster-37235.0__TRINITY_DN269_c1_g1_i4.p1                14.99%    passed    100.00%
  55  DE736|Cluster-61301.0__TRINITY_DN7074_c0_g1_i8.p1                0.25%    passed    100.00%
  56  DE764|Cluster-24129.2__TRINITY_DN911_c1_g1_i2.p1                 0.25%    passed    100.00%
  57  JJ89|Cluster-25755.0__TRINITY_DN7811_c0_g1_i1.p1                 5.41%    passed    100.00%
  58  JJ85|Cluster-9470.1__TRINITY_DN5956_c0_g1_i5.p1                  0.25%    passed    100.00%
  59  DE643|Cluster-84326.0__TRINITY_DN3435_c0_g2_i2.p1                0.25%    passed    100.00%
  60  DE671|Cluster-44453.0__TRINITY_DN5307_c0_g1_i5.p1               31.20%    passed     99.98%
  61  DE550|Cluster-30978.1__TRINITY_DN5849_c0_g2_i3.p1               14.99%    passed    100.00%
  62  DE542|Cluster-30902.0__TRINITY_DN15967_c0_g1_i3.p1               4.91%    passed      8.54%
  63  DE216|Cluster-83652.0__TRINITY_DN1286_c0_g2_i2.p1                0.25%    passed    100.00%
  64  JJ15|Cluster-46733.0__TRINITY_DN5078_c0_g1_i2.p1                 0.25%    passed    100.00%
  65  DE534|Cluster-54721.0__TRINITY_DN285_c0_g1_i1.p1                 0.25%    passed    100.00%
  66  DE536|Cluster-50502.0__TRINITY_DN3569_c2_g1_i1.p1                0.25%    passed    100.00%
  67  DE549|Cluster-12487.0__TRINITY_DN7785_c0_g1_i3.p1                0.25%    passed    100.00%
  68  JJ99|Cluster-32780.0__TRINITY_DN12492_c0_g1_i4.p1               31.20%    passed    100.00%
  69  JJ131|Cluster-34996.2__TRINITY_DN730_c0_g1_i1.p1                 0.98%    passed    100.00%
  70  DE696-dots|Cluster-14612.0__TRINITY_DN5496_c0_g1_i2.p1           0.25%    passed    100.00%
  71  DE696-nodots|Cluster-41678.1__TRINITY_DN495_c0_g3_i2.p1          0.25%    passed    100.00%
  72  JJ36|Cluster-14317.0__TRINITY_DN662_c0_g1_i2.p1                  0.25%    passed    100.00%
WARNING: 1 sequences contain more than 50% gaps/ambiguity
****  TOTAL                                                            6.20%  0 sequences failed composition chi2 test (p-value<5%; df=60)
WARNING: States(s) TGC, TGT rarely appear in alignment and may cause numerical problems
Reading input tree file tmp.csubst.nwk ... rooted tree

NOTE: 56 MB RAM (0 GB) is required!
Measuring multi-threading efficiency up to 1 CPU cores
2 trees examined
Threads: 1 / Time: 3.205 sec / Speedup: 1.000 / Efficiency: 100% / LogL: -8233
BEST NUMBER OF THREADS: 1

Estimate model parameters (epsilon = 0.010)
1. Initial log-likelihood: -10491.346
2. Current log-likelihood: -5708.917
3. Current log-likelihood: -5706.648
4. Current log-likelihood: -5706.206
5. Current log-likelihood: -5705.912
6. Current log-likelihood: -5705.663
7. Current log-likelihood: -5705.451
8. Current log-likelihood: -5705.267
9. Current log-likelihood: -5705.109
10. Current log-likelihood: -5704.972
11. Current log-likelihood: -5704.852
12. Current log-likelihood: -5704.748
13. Current log-likelihood: -5704.658
14. Current log-likelihood: -5704.578
15. Current log-likelihood: -5704.509
16. Current log-likelihood: -5704.447
17. Current log-likelihood: -5704.393
18. Current log-likelihood: -5704.346
19. Current log-likelihood: -5704.304
20. Current log-likelihood: -5704.267
21. Current log-likelihood: -5704.234
22. Current log-likelihood: -5704.205
23. Current log-likelihood: -5704.179
24. Current log-likelihood: -5704.156
25. Current log-likelihood: -5704.136
26. Current log-likelihood: -5704.118
27. Current log-likelihood: -5704.102
28. Current log-likelihood: -5704.088
29. Current log-likelihood: -5704.075
30. Current log-likelihood: -5704.064
31. Current log-likelihood: -5704.053
Optimal log-likelihood: -5704.045
Nonsynonymous/synonymous ratio (omega): 1.000
Transition/transversion ratio (kappa): 1.000
Site proportion and rates:  (0.718,0.331) (0.007,0.507) (0.223,1.987) (0.052,6.042)
Parameters optimization took 31 rounds (261.218 sec)
Wrote distance file to... 
BEST SCORE FOUND : -5704.045
Ancestral state probabilities printed to /mnt/data0/yue/2026-03-11-protein-convergence/results/OG_7012/csubst_w_s/csubst_input_alignment.fa.state
Empirical proportions for each category: 0.764 0.000 0.192 0.044
Site rates printed to /mnt/data0/yue/2026-03-11-protein-convergence/results/OG_7012/csubst_w_s/csubst_input_alignment.fa.rate
Total tree length: 1.899

Total number of iterations: 0
CPU time used for tree search: 0.000 sec (0h:0m:0s)
Wall-clock time used for tree search: 0.000 sec (0h:0m:0s)
Total CPU time used: 266.080 sec (0h:4m:26s)
Total wall-clock time used: 266.339 sec (0h:4m:26s)

Analysis results written to: 
  IQ-TREE report:                /mnt/data0/yue/2026-03-11-protein-convergence/results/OG_7012/csubst_w_s/csubst_input_alignment.fa.iqtree
  Maximum-likelihood tree:       /mnt/data0/yue/2026-03-11-protein-convergence/results/OG_7012/csubst_w_s/csubst_input_alignment.fa.treefile
  Site-specific rates:           /mnt/data0/yue/2026-03-11-protein-convergence/results/OG_7012/csubst_w_s/csubst_input_alignment.fa.rate
  Ancestral state:               /mnt/data0/yue/2026-03-11-protein-convergence/results/OG_7012/csubst_w_s/csubst_input_alignment.fa.state
  Screen log file:               /mnt/data0/yue/2026-03-11-protein-convergence/results/OG_7012/csubst_w_s/csubst_input_alignment.fa.log

Date and Time: Fri Mar 27 23:30:53 2026
