IQ-TREE multicore version 2.4.0 for Linux x86 64-bit built Feb 12 2025
Developed by Bui Quang Minh, Nguyen Lam Tung, Olga Chernomor, Heiko Schmidt,
Dominik Schrempf, Michael Woodhams, Ly Trong Nhan, Thomas Wong

Host:    brain (AVX2, FMA3, 2015 GB RAM)
Command: /home/yue/miniconda3/envs/py39/bin/iqtree -s /mnt/data0/yue/2026-03-11-protein-convergence/results/OG_9734/csubst_w_s/csubst_input_alignment.fa -te tmp.csubst.nwk -m ECMK07+F+R4 --seqtype CODON1 --threads-max 1 -T AUTO --ancestral --rate --redo
Seed:    532344 (Using SPRNG - Scalable Parallel Random Number Generator)
Time:    Sat Mar 28 06:17:42 2026
Kernel:  AVX+FMA - auto-detect threads (128 CPU cores detected)

Reading alignment file /mnt/data0/yue/2026-03-11-protein-convergence/results/OG_9734/csubst_w_s/csubst_input_alignment.fa ... Fasta format detected
Reading fasta file: done in 0.00264166 secs using 49.93% CPU
Alignment most likely contains DNA/RNA sequences
Converting to codon sequences with genetic code 1 ...
Alignment has 65 sequences with 347 columns, 333 distinct patterns
165 parsimony-informative, 101 singleton sites, 81 constant sites
                                                           Gap/Ambiguity  Composition  p-value
Analyzing sequences: done in 0.000121668 secs using 98.63% CPU
   1  DE668|Cluster-42697.1__TRINITY_DN638_c0_g2_i1.p1             0.86%    passed    100.00%
   2  DE509|Cluster-28402.0__TRINITY_DN4719_c0_g1_i1.p1            0.00%    passed    100.00%
   3  DE507|Cluster-80687.2__TRINITY_DN553_c2_g1_i34.p1            1.44%    passed    100.00%
   4  DE672|Cluster-32113.0__TRINITY_DN1323_c2_g2_i4.p1           45.24%    passed     99.95%
   5  DE229|Cluster-61717.0__TRINITY_DN7681_c1_g1_i2.p1            5.48%    passed     99.99%
   6  DE764|Cluster-7453.0__TRINITY_DN258_c3_g1_i2.p1             45.24%    passed     99.56%
   7  DE476|Cluster-46859.0__TRINITY_DN305_c0_g1_i12.p1           53.60%    passed     99.77%
   8  DE704-purple|Cluster-46760.0__TRINITY_DN2240_c0_g1_i23.p1    8.07%    passed    100.00%
   9  DE704-white|Cluster-63254.0__TRINITY_DN3849_c0_g1_i4.p1      0.00%    passed    100.00%
  10  DE216|Cluster-69400.0__TRINITY_DN4963_c0_g1_i7.p1            0.29%    passed    100.00%
  11  JJ15|Cluster-76087.0__TRINITY_DN4755_c0_g1_i13.p1            0.00%    passed    100.00%
  12  DE151|Cluster-59361.0__TRINITY_DN4243_c0_g1_i6.p1            8.36%    passed    100.00%
  13  DE736|Cluster-57958.0__TRINITY_DN13_c0_g2_i4.p1             25.65%    passed     99.99%
  14  DE504|Cluster-52126.0__TRINITY_DN11806_c0_g1_i1.p1           0.00%    passed    100.00%
  15  JJ130|Cluster-13147.0__TRINITY_DN2850_c0_g2_i1.p1            0.00%    passed    100.00%
  16  DE541|Cluster-44668.0__TRINITY_DN194_c1_g2_i2.p1             2.31%    passed    100.00%
  17  DE643|Cluster-70070.1__TRINITY_DN4210_c0_g1_i10.p1           0.29%    passed    100.00%
  18  DE189|Cluster-44480.0__TRINITY_DN1395_c0_g2_i1.p1           23.63%    passed    100.00%
  19  JJ89|Cluster-18953.0__TRINITY_DN2918_c1_g1_i6.p1             0.29%    passed    100.00%
  20  DE88|Cluster-32748.2__TRINITY_DN852_c0_g2_i11.p1             2.31%    passed    100.00%
  21  DE671|Cluster-35274.0__TRINITY_DN4533_c0_g1_i1.p1            0.29%    passed    100.00%
  22  JJ109|Cluster-30292.0__TRINITY_DN3353_c0_g1_i7.p1            8.36%    passed    100.00%
  23  DE173|Cluster-40813.0__TRINITY_DN6711_c0_g1_i20.p1           0.86%    passed    100.00%
  24  DE549|Cluster-15609.0__TRINITY_DN5796_c0_g1_i3.p1           45.53%    passed     99.98%
  25  DE737|Cluster-33626.1__TRINITY_DN7468_c0_g1_i15.p1          15.27%    passed    100.00%
  26  DRR082660|Cluster-44641.0__TRINITY_DN2961_c0_g1_i4.p1        0.58%    passed    100.00%
  27  DE561|Cluster-38770.0__TRINITY_DN3019_c0_g1_i2.p1            0.00%    passed    100.00%
  28  DE162|Cluster-13654.0__TRINITY_DN13050_c0_g1_i1.p1           0.29%    passed    100.00%
  29  DE575|Cluster-62036.14__TRINITY_DN1306_c0_g1_i18.p1         23.92%    passed     99.73%
  30  DE560|Cluster-44203.0__TRINITY_DN984_c0_g1_i10.p1            8.36%    passed    100.00%
  31  DE666|Cluster-45572.0__TRINITY_DN1445_c1_g1_i2.p1            0.58%    passed    100.00%
  32  DE680|Cluster-28186.0__TRINITY_DN3170_c0_g3_i2.p1            0.29%    passed    100.00%
  33  JJ74|Cluster-16935.0__TRINITY_DN776_c0_g2_i1.p1              0.29%    passed    100.00%
  34  DE523|Cluster-28492.0__TRINITY_DN1546_c1_g1_i1.p1           45.24%    passed     99.14%
  35  SRR3407095|Cluster-47440.2__TRINITY_DN5685_c0_g3_i2.p1       0.00%    passed    100.00%
  36  SRR3407093|Cluster-33965.0__TRINITY_DN3277_c0_g1_i8.p1       0.00%    passed    100.00%
  37  DE503|Cluster-26010.0__TRINITY_DN7455_c0_g1_i18.p1           2.31%    passed    100.00%
  38  DE505|Cluster-25472.0__TRINITY_DN7538_c0_g1_i3.p1            0.29%    passed    100.00%
  39  DE681|Cluster-58433.0__TRINITY_DN4797_c0_g1_i2.p1            0.00%    passed    100.00%
  40  DE765|Cluster-57843.0__TRINITY_DN2073_c0_g3_i4.p1            0.00%    passed    100.00%
  41  DE528|Cluster-37625.0__TRINITY_DN1797_c0_g2_i4.p1            0.00%    passed    100.00%
  42  DE181|Cluster-12749.0__TRINITY_DN9155_c0_g2_i1.p1            0.00%    passed    100.00%
  43  DE519|Cluster-53152.0__TRINITY_DN3037_c0_g1_i1.p1            2.02%    passed    100.00%
  44  DE127|Cluster-27406.0__TRINITY_DN6209_c2_g3_i2.p1           45.24%    passed     99.83%
  45  DE623|Cluster-37158.1__TRINITY_DN15395_c0_g1_i3.p1           0.00%    passed    100.00%
  46  SRR3407086|Cluster-30032.0__TRINITY_DN6721_c1_g1_i1.p1       0.00%    passed    100.00%
  47  SRR3424066|Cluster-29816.0__TRINITY_DN7703_c0_g2_i2.p1       0.00%    passed    100.00%
  48  DE510|Cluster-7468.0__TRINITY_DN7724_c0_g1_i1.p1             0.00%    passed    100.00%
  49  SRR3407087|Cluster-39557.0__TRINITY_DN5370_c0_g3_i1.p1      45.24%    passed    100.00%
  50  SRR3407088|Cluster-29641.0__TRINITY_DN5485_c1_g1_i1.p1       0.00%    passed    100.00%
  51  SRR3407094|Cluster-36697.0__TRINITY_DN689_c2_g1_i2.p1       45.24%    passed     99.95%
  52  SRR3407092|Cluster-11608.0__TRINITY_DN10745_c0_g2_i1.p1     17.58%    passed    100.00%
  53  DE536|Cluster-53829.0__TRINITY_DN1386_c1_g2_i5.p1           45.24%    passed    100.00%
  54  JJ85|Cluster-42391.0__TRINITY_DN727_c1_g3_i1.p1             48.13%    passed     99.99%
  55  DE563|Cluster-27456.0__TRINITY_DN237_c2_g1_i1.p1             0.00%    passed    100.00%
  56  JJ125|Cluster-11897.0__TRINITY_DN1375_c0_g4_i1.p1            0.00%    passed    100.00%
  57  SRR3407096|Cluster-27905.0__TRINITY_DN2836_c0_g1_i1.p1       1.44%    passed    100.00%
  58  JJ86|Cluster-21072.0__TRINITY_DN205_c0_g2_i1.p1             37.18%    passed     99.99%
  59  DE741|Cluster-11723.0__TRINITY_DN7576_c0_g3_i1.p1            1.15%    passed    100.00%
  60  DE542|Cluster-15651.0__TRINITY_DN347_c2_g1_i2.p1            14.70%    passed    100.00%
  61  JJ99|Cluster-46046.0__TRINITY_DN1025_c0_g4_i1.p1            45.24%    passed     99.59%
  62  JJ131|Cluster-50170.3__TRINITY_DN605_c0_g1_i2.p1             3.75%    passed    100.00%
  63  DE531|Cluster-55769.0__TRINITY_DN582_c0_g1_i23.p1           23.34%    passed     99.59%
  64  DE566|Cluster-53797.1__TRINITY_DN3146_c0_g1_i2.p1            1.15%    passed    100.00%
  65  SRR104381|Cluster-14987.0__TRINITY_DN7280_c0_g4_i2.p1       12.10%    passed     43.58%
WARNING: 1 sequences contain more than 50% gaps/ambiguity
****  TOTAL                                                       11.76%  0 sequences failed composition chi2 test (p-value<5%; df=60)
Reading input tree file tmp.csubst.nwk ... rooted tree

NOTE: 48 MB RAM (0 GB) is required!
Measuring multi-threading efficiency up to 1 CPU cores
2 trees examined
Threads: 1 / Time: 3.857 sec / Speedup: 1.000 / Efficiency: 100% / LogL: -10878
BEST NUMBER OF THREADS: 1

Estimate model parameters (epsilon = 0.010)
1. Initial log-likelihood: -11253.881
2. Current log-likelihood: -9161.426
3. Current log-likelihood: -9143.163
4. Current log-likelihood: -9136.465
5. Current log-likelihood: -9122.588
6. Current log-likelihood: -9097.046
7. Current log-likelihood: -9096.545
8. Current log-likelihood: -9096.389
9. Current log-likelihood: -9096.328
10. Current log-likelihood: -9096.305
Optimal log-likelihood: -9096.296
Nonsynonymous/synonymous ratio (omega): 1.000
Transition/transversion ratio (kappa): 1.000
Site proportion and rates:  (0.601,0.201) (0.280,1.060) (0.097,3.397) (0.021,11.802)
Parameters optimization took 10 rounds (82.996 sec)
Wrote distance file to... 
BEST SCORE FOUND : -9096.296
Ancestral state probabilities printed to /mnt/data0/yue/2026-03-11-protein-convergence/results/OG_9734/csubst_w_s/csubst_input_alignment.fa.state
Empirical proportions for each category: 0.631 0.254 0.092 0.023
Site rates printed to /mnt/data0/yue/2026-03-11-protein-convergence/results/OG_9734/csubst_w_s/csubst_input_alignment.fa.rate
Total tree length: 6.056

Total number of iterations: 0
CPU time used for tree search: 0.000 sec (0h:0m:0s)
Wall-clock time used for tree search: 0.000 sec (0h:0m:0s)
Total CPU time used: 88.148 sec (0h:1m:28s)
Total wall-clock time used: 88.230 sec (0h:1m:28s)

Analysis results written to: 
  IQ-TREE report:                /mnt/data0/yue/2026-03-11-protein-convergence/results/OG_9734/csubst_w_s/csubst_input_alignment.fa.iqtree
  Maximum-likelihood tree:       /mnt/data0/yue/2026-03-11-protein-convergence/results/OG_9734/csubst_w_s/csubst_input_alignment.fa.treefile
  Site-specific rates:           /mnt/data0/yue/2026-03-11-protein-convergence/results/OG_9734/csubst_w_s/csubst_input_alignment.fa.rate
  Ancestral state:               /mnt/data0/yue/2026-03-11-protein-convergence/results/OG_9734/csubst_w_s/csubst_input_alignment.fa.state
  Screen log file:               /mnt/data0/yue/2026-03-11-protein-convergence/results/OG_9734/csubst_w_s/csubst_input_alignment.fa.log

Date and Time: Sat Mar 28 06:19:10 2026
