IQ-TREE multicore version 2.4.0 for Linux x86 64-bit built Feb 12 2025
Developed by Bui Quang Minh, Nguyen Lam Tung, Olga Chernomor, Heiko Schmidt,
Dominik Schrempf, Michael Woodhams, Ly Trong Nhan, Thomas Wong

Host:    brain (AVX2, FMA3, 2015 GB RAM)
Command: /home/yue/miniconda3/envs/py39/bin/iqtree -s /mnt/data0/yue/2026-03-11-protein-convergence/results/OG_4057/csubst_w_s/csubst_input_alignment.fa -te tmp.csubst.nwk -m ECMK07+F+R4 --seqtype CODON1 --threads-max 1 -T AUTO --ancestral --rate --redo
Seed:    595362 (Using SPRNG - Scalable Parallel Random Number Generator)
Time:    Fri Mar 27 12:10:37 2026
Kernel:  AVX+FMA - auto-detect threads (128 CPU cores detected)

Reading alignment file /mnt/data0/yue/2026-03-11-protein-convergence/results/OG_4057/csubst_w_s/csubst_input_alignment.fa ... Fasta format detected
Reading fasta file: done in 0.00441706 secs using 53.81% CPU
Alignment most likely contains DNA/RNA sequences
Converting to codon sequences with genetic code 1 ...
Alignment has 76 sequences with 523 columns, 500 distinct patterns
274 parsimony-informative, 162 singleton sites, 87 constant sites
                                                               Gap/Ambiguity  Composition  p-value
Analyzing sequences: done in 0.000251859 secs using 98.07% CPU
   1  DE563|Cluster-22860.5__TRINITY_DN1995_c0_g2_i4.p1                1.15%    passed    100.00%
   2  DE765|Cluster-42445.0__TRINITY_DN1722_c1_g1_i1.p1                1.91%    passed    100.00%
   3  JJ125|Cluster-31965.0__TRINITY_DN1785_c0_g1_i1.p1                3.63%    passed    100.00%
   4  JJ15|Cluster-73892.0__TRINITY_DN2046_c1_g1_i2.p1                44.36%    passed     99.92%
   5  DE575|Cluster-18120.0__TRINITY_DN1658_c0_g1_i1.p1                4.97%    passed    100.00%
   6  DE681|Cluster-9337.0__TRINITY_DN2839_c0_g1_i1.p1                 1.91%    passed    100.00%
   7  JJ74|Cluster-113064.0__TRINITY_DN2281_c0_g2_i1.p1                2.68%    passed    100.00%
   8  DE115|Cluster-33245.0__TRINITY_DN4648_c0_g1_i18.p1               0.00%    passed    100.00%
   9  DE546_urceolata_l|Cluster-39008.0__TRINITY_DN1592_c0_g1_i4.p1   29.64%    passed    100.00%
  10  JJ86|Cluster-49004.1__TRINITY_DN17850_c0_g1_i4.p1               29.45%    passed    100.00%
  11  DE126|Cluster-952.0__TRINITY_DN3039_c0_g1_i1.p1                  0.00%    passed    100.00%
  12  DE162|Cluster-29008.0__TRINITY_DN1378_c0_g1_i1.p1                0.96%    passed    100.00%
  13  DE528|Cluster-21278.0__TRINITY_DN769_c0_g1_i1.p1                43.21%    passed     99.89%
  14  DE623|Cluster-26170.0__TRINITY_DN442_c0_g1_i1.p1                 1.15%    passed    100.00%
  15  DE680|Cluster-47722.0__TRINITY_DN6859_c0_g1_i1.p1               30.59%    passed    100.00%
  16  DE507|Cluster-31043.0__TRINITY_DN3628_c0_g1_i2.p1               35.95%    passed     76.27%
  17  DE704-purple|Cluster-61952.0__TRINITY_DN14238_c0_g1_i1.p1        0.96%    passed    100.00%
  18  DE704-white|Cluster-34564.0__TRINITY_DN2053_c0_g1_i1.p1          0.96%    passed    100.00%
  19  DE127|Cluster-29589.0__TRINITY_DN1766_c0_g1_i1.p1                0.00%    passed    100.00%
  20  DE554|Cluster-6842.2__TRINITY_DN737_c0_g1_i1.p1                  0.00%    passed    100.00%
  21  DE666|Cluster-16524.0__TRINITY_DN1059_c4_g1_i1.p1               30.78%    passed     99.47%
  22  DE152|Cluster-55820.1__TRINITY_DN30550_c0_g1_i3.p1               0.00%    passed    100.00%
  23  JJ99|Cluster-32328.0__TRINITY_DN2556_c0_g1_i2.p1                 0.00%    passed    100.00%
  24  JJ23|Cluster-39551.0__TRINITY_DN1642_c0_g1_i2.p1                 0.00%    passed    100.00%
  25  DE229|Cluster-55495.0__TRINITY_DN4608_c0_g5_i1.p1                0.00%    passed    100.00%
  26  DE668|Cluster-24233.0__TRINITY_DN3187_c0_g1_i1.p1                0.00%    passed    100.00%
  27  DE566|Cluster-10696.51__TRINITY_DN3394_c1_g1_i1.p1               0.00%    passed    100.00%
  28  DRR082660|Cluster-43895.0__TRINITY_DN2727_c1_g1_i1.p1            0.00%    passed    100.00%
  29  DE560|Cluster-6846.0__TRINITY_DN955_c0_g1_i1.p1                  0.00%    passed    100.00%
  30  DE164|Cluster-31688.0__TRINITY_DN22_c0_g1_i1.p1                  0.00%    passed    100.00%
  31  DE643|Cluster-48488.0__TRINITY_DN1866_c0_g1_i2.p1                0.00%    passed    100.00%
  32  DE671|Cluster-56329.0__TRINITY_DN622_c0_g1_i1.p1                 0.00%    passed    100.00%
  33  DE737|Cluster-49967.0__TRINITY_DN4186_c0_g1_i2.p1                0.00%    passed    100.00%
  34  DE549|Cluster-17707.0__TRINITY_DN1435_c0_g1_i1.p1               46.08%    passed     99.73%
  35  DE672|Cluster-11245.0__TRINITY_DN1476_c0_g1_i1.p1                0.00%    passed    100.00%
  36  DE504|Cluster-24852.0__TRINITY_DN2262_c0_g1_i1.p1               29.64%    passed    100.00%
  37  DE509|Cluster-44029.0__TRINITY_DN591_c0_g1_i1.p1                29.64%    passed    100.00%
  38  DE764|Cluster-33675.0__TRINITY_DN13662_c0_g1_i2.p1              29.64%    passed    100.00%
  39  DE736|Cluster-30569.0__TRINITY_DN4585_c0_g1_i1.p1               29.64%    passed     99.99%
  40  DE550|Cluster-3250.0__TRINITY_DN512_c0_g1_i1.p1                 29.64%    passed    100.00%
  41  JJ36|Cluster-34035.0__TRINITY_DN1128_c0_g1_i2.p1                29.64%    passed     97.68%
  42  DE696-dots|Cluster-17129.0__TRINITY_DN5494_c0_g1_i5.p1          29.64%    passed    100.00%
  43  DE696-nodots|Cluster-27400.0__TRINITY_DN925_c0_g1_i2.p1         46.08%    passed     99.60%
  44  JJ89|Cluster-12840.0__TRINITY_DN4406_c0_g1_i2.p1                 0.00%    passed    100.00%
  45  DE541|Cluster-37390.0__TRINITY_DN37338_c1_g1_i1.p1               0.00%    passed    100.00%
  46  DE173|Cluster-59047.0__TRINITY_DN386_c0_g1_i5.p1                29.64%    passed     99.99%
  47  DE189|Cluster-49183.0__TRINITY_DN11596_c0_g1_i2.p1              29.64%    passed    100.00%
  48  DE88|Cluster-17673.0__TRINITY_DN5840_c0_g1_i2.p1                 0.00%    passed    100.00%
  49  DE476|Cluster-45176.0__TRINITY_DN1851_c0_g1_i1.p1               46.08%    passed     99.88%
  50  JJ109|Cluster-47885.0__TRINITY_DN1829_c0_g1_i1.p1               27.92%    passed     90.52%
  51  JJ85|Cluster-25390.0__TRINITY_DN2878_c0_g1_i3.p1                31.93%    passed    100.00%
  52  DE181|Cluster-35559.0__TRINITY_DN11045_c0_g1_i2.p1              30.98%    passed    100.00%
  53  DE503|Cluster-7671.0__TRINITY_DN1816_c0_g1_i1.p1                 1.34%    passed    100.00%
  54  DE505|Cluster-49626.0__TRINITY_DN1700_c0_g1_i1.p1                1.34%    passed    100.00%
  55  SRR3407094|Cluster-30174.0__TRINITY_DN1961_c0_g1_i1.p1           1.34%    passed    100.00%
  56  DE510|Cluster-51911.0__TRINITY_DN16559_c0_g1_i1.p1               1.34%    passed    100.00%
  57  SRR3407092|Cluster-13709.0__TRINITY_DN22647_c0_g1_i1.p1          1.34%    passed    100.00%
  58  SRR3407087|Cluster-16811.0__TRINITY_DN2803_c0_g1_i1.p1           1.34%    passed    100.00%
  59  DE561|Cluster-40601.0__TRINITY_DN3240_c0_g1_i1.p1                1.34%    passed    100.00%
  60  SRR3424066|Cluster-4665.0__TRINITY_DN1408_c0_g1_i1.p1            1.34%    passed    100.00%
  61  SRR3407086|Cluster-24425.0__TRINITY_DN1384_c0_g1_i1.p1           1.34%    passed    100.00%
  62  SRR3407093|Cluster-4680.0__TRINITY_DN324_c0_g1_i1.p1             1.34%    passed    100.00%
  63  SRR3407088|Cluster-6042.0__TRINITY_DN1323_c0_g1_i1.p1            1.34%    passed    100.00%
  64  SRR3407095|Cluster-10473.0__TRINITY_DN579_c0_g1_i1.p1            0.76%    passed    100.00%
  65  DE69|Cluster-46416.0__TRINITY_DN4068_c0_g1_i1.p1                 0.76%    passed    100.00%
  66  SRR3407096|Cluster-13860.0__TRINITY_DN251_c0_g1_i1.p1            0.96%    passed    100.00%
  67  DE523|Cluster-8839.0__TRINITY_DN8477_c0_g2_i1.p1                 0.38%    passed    100.00%
  68  DE216|Cluster-53684.0__TRINITY_DN1501_c0_g1_i2.p1               45.32%    passed     99.94%
  69  DE534|Cluster-74722.0__TRINITY_DN2232_c0_g1_i4.p1                0.19%    passed    100.00%
  70  DE542|Cluster-28397.0__TRINITY_DN1764_c0_g1_i1.p1                0.00%    passed    100.00%
  71  DE536|Cluster-36536.0__TRINITY_DN760_c0_g1_i1.p1                 0.00%    passed    100.00%
  72  DE519|Cluster-68941.0__TRINITY_DN1011_c1_g1_i2.p1               29.64%    passed    100.00%
  73  DE741|Cluster-39824.0__TRINITY_DN2468_c0_g1_i1.p1               50.67%    passed     99.97%
  74  JJ131|Cluster-59915.3__TRINITY_DN2610_c0_g1_i1.p1                0.00%    passed    100.00%
  75  JJ130|Cluster-41013.0__TRINITY_DN518_c0_g1_i1.p1                 0.00%    passed    100.00%
  76  SRR11934227|Cluster-162054.0__TRINITY_DN12742_c0_g1_i1.p1       15.11%    failed      0.31%
WARNING: 1 sequences contain more than 50% gaps/ambiguity
****  TOTAL                                                           12.09%  1 sequences failed composition chi2 test (p-value<5%; df=60)
Reading input tree file tmp.csubst.nwk ... rooted tree

NOTE: 80 MB RAM (0 GB) is required!
Measuring multi-threading efficiency up to 1 CPU cores
2 trees examined
Threads: 1 / Time: 4.200 sec / Speedup: 1.000 / Efficiency: 100% / LogL: -17514
BEST NUMBER OF THREADS: 1

Estimate model parameters (epsilon = 0.010)
1. Initial log-likelihood: -17104.665
2. Current log-likelihood: -10900.903
3. Current log-likelihood: -10900.771
4. Current log-likelihood: -10900.688
5. Current log-likelihood: -10900.628
6. Current log-likelihood: -10900.580
7. Current log-likelihood: -10900.541
8. Current log-likelihood: -10900.508
9. Current log-likelihood: -10900.480
10. Current log-likelihood: -10900.456
11. Current log-likelihood: -10900.435
12. Current log-likelihood: -10900.417
13. Current log-likelihood: -10900.402
14. Current log-likelihood: -10900.390
15. Current log-likelihood: -10900.380
Optimal log-likelihood: -10900.372
Nonsynonymous/synonymous ratio (omega): 1.000
Transition/transversion ratio (kappa): 1.000
Site proportion and rates:  (0.535,0.413) (0.361,1.185) (0.077,2.794) (0.027,5.104)
Parameters optimization took 15 rounds (221.852 sec)
Wrote distance file to... 
BEST SCORE FOUND : -10900.372
Ancestral state probabilities printed to /mnt/data0/yue/2026-03-11-protein-convergence/results/OG_4057/csubst_w_s/csubst_input_alignment.fa.state
Empirical proportions for each category: 0.574 0.346 0.059 0.021
Site rates printed to /mnt/data0/yue/2026-03-11-protein-convergence/results/OG_4057/csubst_w_s/csubst_input_alignment.fa.rate
Total tree length: 3.582

Total number of iterations: 0
CPU time used for tree search: 0.000 sec (0h:0m:0s)
Wall-clock time used for tree search: 0.000 sec (0h:0m:0s)
Total CPU time used: 227.947 sec (0h:3m:47s)
Total wall-clock time used: 229.243 sec (0h:3m:49s)

Analysis results written to: 
  IQ-TREE report:                /mnt/data0/yue/2026-03-11-protein-convergence/results/OG_4057/csubst_w_s/csubst_input_alignment.fa.iqtree
  Maximum-likelihood tree:       /mnt/data0/yue/2026-03-11-protein-convergence/results/OG_4057/csubst_w_s/csubst_input_alignment.fa.treefile
  Site-specific rates:           /mnt/data0/yue/2026-03-11-protein-convergence/results/OG_4057/csubst_w_s/csubst_input_alignment.fa.rate
  Ancestral state:               /mnt/data0/yue/2026-03-11-protein-convergence/results/OG_4057/csubst_w_s/csubst_input_alignment.fa.state
  Screen log file:               /mnt/data0/yue/2026-03-11-protein-convergence/results/OG_4057/csubst_w_s/csubst_input_alignment.fa.log

Date and Time: Fri Mar 27 12:14:26 2026
