IQ-TREE multicore version 2.4.0 for Linux x86 64-bit built Feb 12 2025
Developed by Bui Quang Minh, Nguyen Lam Tung, Olga Chernomor, Heiko Schmidt,
Dominik Schrempf, Michael Woodhams, Ly Trong Nhan, Thomas Wong

Host:    brain (AVX2, FMA3, 2015 GB RAM)
Command: /home/yue/miniconda3/envs/py39/bin/iqtree -s /mnt/data0/yue/2026-03-11-protein-convergence/results/OG_7847/csubst_w_s/csubst_input_alignment.fa -te tmp.csubst.nwk -m ECMK07+F+R4 --seqtype CODON1 --threads-max 1 -T AUTO --ancestral --rate --redo
Seed:    894225 (Using SPRNG - Scalable Parallel Random Number Generator)
Time:    Sat Mar 28 01:53:50 2026
Kernel:  AVX+FMA - auto-detect threads (128 CPU cores detected)

Reading alignment file /mnt/data0/yue/2026-03-11-protein-convergence/results/OG_7847/csubst_w_s/csubst_input_alignment.fa ... Fasta format detected
Reading fasta file: done in 0.000785872 secs using 24.94% CPU
Alignment most likely contains DNA/RNA sequences
Converting to codon sequences with genetic code 1 ...
WARNING: 1 sites contain only gaps or ambiguous characters.
Alignment has 73 sequences with 188 columns, 165 distinct patterns
85 parsimony-informative, 45 singleton sites, 58 constant sites
                                                               Gap/Ambiguity  Composition  p-value
Analyzing sequences: done in 3.4377e-05 secs using 98.9% CPU
   1  SRR5150740|Cluster-62836.1__TRINITY_DN2298_c0_g1_i3.p1           7.98%    passed     12.21%
   2  DE115|Cluster-23417.0__TRINITY_DN3671_c0_g1_i10.p1               0.53%    passed    100.00%
   3  DE126|Cluster-47425.0__TRINITY_DN311_c0_g1_i1.p1                 0.53%    passed     13.79%
   4  JJ89|Cluster-40614.0__TRINITY_DN779_c0_g1_i2.p1                 47.34%    passed     99.77%
   5  DE229|Cluster-1787.0__TRINITY_DN1263_c0_g1_i1.p1                 0.53%    passed    100.00%
   6  DE560|Cluster-43409.0__TRINITY_DN3394_c0_g1_i2.p1                0.53%    failed      0.26%
   7  SRR3407095|Cluster-38783.0__TRINITY_DN2118_c0_g1_i1.p1           0.53%    passed     98.55%
   8  DE69|Cluster-34197.0__TRINITY_DN15076_c0_g1_i1.p1                0.53%    passed     98.55%
   9  DE127|Cluster-42624.0__TRINITY_DN2416_c0_g1_i1.p1                0.53%    passed    100.00%
  10  DE643|Cluster-42207.0__TRINITY_DN19360_c0_g1_i1.p1              64.36%    passed     97.43%
  11  DE671|Cluster-40868.0__TRINITY_DN1817_c0_g2_i2.p1               64.36%    passed     98.46%
  12  DE554|Cluster-45046.0__TRINITY_DN527_c0_g1_i1.p1                 0.53%    passed    100.00%
  13  DE546_urceolata_l|Cluster-25206.0__TRINITY_DN3160_c0_g1_i2.p1    0.53%    passed    100.00%
  14  DE575|Cluster-11303.0__TRINITY_DN889_c0_g1_i1.p1                 0.53%    passed    100.00%
  15  DE681|Cluster-48655.4__TRINITY_DN796_c1_g1_i30.p1                0.53%    passed    100.00%
  16  DE765|Cluster-5625.0__TRINITY_DN4138_c0_g1_i1.p1                 0.53%    passed    100.00%
  17  DE162|Cluster-51906.27__TRINITY_DN4135_c0_g1_i2.p1               0.53%    passed    100.00%
  18  DE528|Cluster-36435.0__TRINITY_DN232_c0_g1_i1.p1                 0.53%    passed    100.00%
  19  DE704-purple|Cluster-45030.0__TRINITY_DN140_c0_g1_i4.p1          0.53%    passed    100.00%
  20  DE704-white|Cluster-39976.0__TRINITY_DN580_c0_g1_i1.p1           0.53%    passed    100.00%
  21  DE507|Cluster-88195.0__TRINITY_DN18633_c0_g1_i10.p1             60.11%    passed     67.72%
  22  DE152|Cluster-54653.0__TRINITY_DN541_c0_g1_i2.p1                 0.53%    passed    100.00%
  23  JJ23|Cluster-4122.0__TRINITY_DN1696_c0_g1_i2.p1                  0.53%    passed    100.00%
  24  JJ85|Cluster-17410.0__TRINITY_DN1673_c0_g1_i1.p1                 0.53%    passed    100.00%
  25  DE88|Cluster-34728.0__TRINITY_DN1356_c0_g1_i2.p1                 0.53%    passed    100.00%
  26  JJ86|Cluster-49007.0__TRINITY_DN982_c0_g1_i5.p1                  0.53%    passed    100.00%
  27  DE519|Cluster-43117.0__TRINITY_DN631_c0_g1_i1.p1                 0.53%    passed    100.00%
  28  DE523|Cluster-22654.0__TRINITY_DN5941_c0_g1_i2.p1               62.23%    passed     24.44%
  29  SRR3407096|Cluster-25678.0__TRINITY_DN1424_c0_g1_i1.p1           0.53%    passed    100.00%
  30  SRR3407094|Cluster-5718.0__TRINITY_DN707_c0_g1_i1.p1             0.53%    passed    100.00%
  31  DE503|Cluster-9189.0__TRINITY_DN636_c0_g1_i1.p1                  0.53%    passed    100.00%
  32  DE505|Cluster-12192.0__TRINITY_DN1140_c0_g1_i1.p1                0.53%    passed    100.00%
  33  SRR3407087|Cluster-19464.0__TRINITY_DN571_c0_g1_i1.p1            0.53%    passed    100.00%
  34  DE510|Cluster-81.0__TRINITY_DN1169_c0_g1_i1.p1                   0.53%    passed    100.00%
  35  SRR3407092|Cluster-16211.0__TRINITY_DN3771_c0_g1_i1.p1           0.53%    passed    100.00%
  36  SRR3407093|Cluster-20845.0__TRINITY_DN273_c0_g1_i1.p1            0.53%    passed    100.00%
  37  DE181|Cluster-4131.0__TRINITY_DN753_c0_g1_i1.p1                  0.53%    passed    100.00%
  38  SRR3407086|Cluster-32497.0__TRINITY_DN529_c0_g1_i1.p1            0.53%    passed    100.00%
  39  DE561|Cluster-11929.0__TRINITY_DN808_c0_g1_i1.p1                 0.53%    passed    100.00%
  40  SRR3424066|Cluster-25120.0__TRINITY_DN4024_c0_g4_i1.p1           0.53%    passed    100.00%
  41  SRR3407088|Cluster-17610.0__TRINITY_DN604_c0_g1_i1.p1            0.53%    passed    100.00%
  42  DE216|Cluster-54059.0__TRINITY_DN758_c0_g1_i2.p1                 0.53%    passed    100.00%
  43  DE542|Cluster-36130.0__TRINITY_DN2274_c0_g1_i1.p1                0.53%    passed    100.00%
  44  JJ15|Cluster-7251.1__TRINITY_DN2273_c1_g1_i2.p1                  0.53%    passed    100.00%
  45  DE534|Cluster-56218.1__TRINITY_DN30791_c0_g1_i10.p1              0.53%    passed    100.00%
  46  DE536|Cluster-56322.0__TRINITY_DN3128_c3_g1_i2.p1                0.53%    passed    100.00%
  47  JJ125|Cluster-16613.0__TRINITY_DN785_c0_g1_i1.p1                 0.53%    passed    100.00%
  48  DE680|Cluster-53306.0__TRINITY_DN12832_c0_g2_i1.p1               0.53%    passed    100.00%
  49  DE623|Cluster-35496.1__TRINITY_DN963_c1_g1_i3.p1                 0.53%    passed    100.00%
  50  DE666|Cluster-28013.0__TRINITY_DN1090_c0_g1_i4.p1                0.53%    passed    100.00%
  51  DE151|Cluster-35435.0__TRINITY_DN656_c0_g1_i1.p1                 0.53%    passed    100.00%
  52  DE173|Cluster-55332.0__TRINITY_DN321_c0_g1_i1.p1                 0.53%    passed    100.00%
  53  DE189|Cluster-2219.0__TRINITY_DN2279_c0_g1_i1.p1                 0.53%    passed    100.00%
  54  JJ109|Cluster-14522.0__TRINITY_DN1480_c0_g1_i3.p1                0.53%    passed    100.00%
  55  DE476|Cluster-55462.0__TRINITY_DN463_c0_g1_i1.p1                 0.53%    passed    100.00%
  56  DE764|Cluster-25156.0__TRINITY_DN1399_c0_g1_i2.p1                0.53%    passed    100.00%
  57  JJ130|Cluster-37210.0__TRINITY_DN3194_c0_g1_i2.p1                0.53%    passed    100.00%
  58  DE541|Cluster-19791.0__TRINITY_DN782_c0_g1_i3.p1                 0.53%    passed    100.00%
  59  DE672|Cluster-17042.0__TRINITY_DN698_c0_g1_i1.p1                 0.53%    passed      5.18%
  60  DE509|Cluster-34462.0__TRINITY_DN1157_c0_g1_i3.p1                0.53%    passed     99.76%
  61  DE549|Cluster-13988.0__TRINITY_DN2740_c0_g1_i1.p1                0.53%    passed    100.00%
  62  DE736|Cluster-61761.0__TRINITY_DN209_c0_g1_i2.p1                 0.53%    passed    100.00%
  63  DE550|Cluster-18746.0__TRINITY_DN1571_c0_g1_i1.p1                0.53%    passed    100.00%
  64  DE531|Cluster-46550.1__TRINITY_DN1566_c0_g2_i2.p1                0.53%    passed     99.99%
  65  DE696-dots|Cluster-28347.0__TRINITY_DN6928_c0_g1_i2.p1           0.53%    passed     99.99%
  66  DE696-nodots|Cluster-51510.0__TRINITY_DN7798_c0_g1_i4.p1         0.53%    passed     99.99%
  67  JJ36|Cluster-24730.0__TRINITY_DN21877_c0_g1_i2.p1                0.53%    passed     99.99%
  68  DRR082660|Cluster-32901.0__TRINITY_DN1909_c0_g1_i1.p1            1.06%    passed     11.33%
  69  JJ99|Cluster-45691.0__TRINITY_DN106_c4_g1_i1.p1                  0.53%    passed    100.00%
  70  JJ131|Cluster-10765.10__TRINITY_DN6384_c0_g1_i6.p1               0.53%    passed    100.00%
  71  DRR234970|Cluster-951.0__TRINITY_DN4451_c0_g1_i1.p1              4.79%    failed      0.83%
  72  DE668|Cluster-36234.1__TRINITY_DN896_c0_g1_i7.p1                 0.53%    passed    100.00%
  73  JJ74|Cluster-110542.0__TRINITY_DN6992_c0_g2_i4.p1                0.53%    passed    100.00%
WARNING: 4 sequences contain more than 50% gaps/ambiguity
****  TOTAL                                                            4.75%  2 sequences failed composition chi2 test (p-value<5%; df=60)
WARNING: States(s) CGA, CGC, TAC, TGC rarely appear in alignment and may cause numerical problems
Reading input tree file tmp.csubst.nwk ... rooted tree

NOTE: 31 MB RAM (0 GB) is required!
Measuring multi-threading efficiency up to 1 CPU cores
2 trees examined
Threads: 1 / Time: 1.738 sec / Speedup: 1.000 / Efficiency: 100% / LogL: -5184
BEST NUMBER OF THREADS: 1

Estimate model parameters (epsilon = 0.010)
1. Initial log-likelihood: -5358.966
2. Current log-likelihood: -3345.892
3. Current log-likelihood: -3345.347
4. Current log-likelihood: -3345.063
5. Current log-likelihood: -3344.910
6. Current log-likelihood: -3344.825
7. Current log-likelihood: -3344.777
8. Current log-likelihood: -3344.752
9. Current log-likelihood: -3344.738
Optimal log-likelihood: -3344.731
Nonsynonymous/synonymous ratio (omega): 1.000
Transition/transversion ratio (kappa): 1.000
Site proportion and rates:  (0.636,0.398) (0.205,1.514) (0.096,1.614) (0.062,4.503)
Parameters optimization took 9 rounds (45.421 sec)
Wrote distance file to... 
BEST SCORE FOUND : -3344.731
Ancestral state probabilities printed to /mnt/data0/yue/2026-03-11-protein-convergence/results/OG_7847/csubst_w_s/csubst_input_alignment.fa.state
Empirical proportions for each category: 0.707 0.223 0.000 0.069
Site rates printed to /mnt/data0/yue/2026-03-11-protein-convergence/results/OG_7847/csubst_w_s/csubst_input_alignment.fa.rate
Total tree length: 2.663

Total number of iterations: 0
CPU time used for tree search: 0.000 sec (0h:0m:0s)
Wall-clock time used for tree search: 0.000 sec (0h:0m:0s)
Total CPU time used: 48.232 sec (0h:0m:48s)
Total wall-clock time used: 48.368 sec (0h:0m:48s)

Analysis results written to: 
  IQ-TREE report:                /mnt/data0/yue/2026-03-11-protein-convergence/results/OG_7847/csubst_w_s/csubst_input_alignment.fa.iqtree
  Maximum-likelihood tree:       /mnt/data0/yue/2026-03-11-protein-convergence/results/OG_7847/csubst_w_s/csubst_input_alignment.fa.treefile
  Site-specific rates:           /mnt/data0/yue/2026-03-11-protein-convergence/results/OG_7847/csubst_w_s/csubst_input_alignment.fa.rate
  Ancestral state:               /mnt/data0/yue/2026-03-11-protein-convergence/results/OG_7847/csubst_w_s/csubst_input_alignment.fa.state
  Screen log file:               /mnt/data0/yue/2026-03-11-protein-convergence/results/OG_7847/csubst_w_s/csubst_input_alignment.fa.log

Date and Time: Sat Mar 28 01:54:39 2026
