IQ-TREE multicore version 2.4.0 for Linux x86 64-bit built Feb 12 2025
Developed by Bui Quang Minh, Nguyen Lam Tung, Olga Chernomor, Heiko Schmidt,
Dominik Schrempf, Michael Woodhams, Ly Trong Nhan, Thomas Wong

Host:    brain (AVX2, FMA3, 2015 GB RAM)
Command: /home/yue/miniconda3/envs/py39/bin/iqtree -s /mnt/data0/yue/2026-03-11-protein-convergence/results/OG_9187/csubst_w_s/csubst_input_alignment.fa -te tmp.csubst.nwk -m ECMK07+F+R4 --seqtype CODON1 --threads-max 1 -T AUTO --ancestral --rate --redo
Seed:    372882 (Using SPRNG - Scalable Parallel Random Number Generator)
Time:    Sat Mar 28 05:14:08 2026
Kernel:  AVX+FMA - auto-detect threads (128 CPU cores detected)

Reading alignment file /mnt/data0/yue/2026-03-11-protein-convergence/results/OG_9187/csubst_w_s/csubst_input_alignment.fa ... Fasta format detected
Reading fasta file: done in 0.000786602 secs using 33.18% CPU
Alignment most likely contains DNA/RNA sequences
Converting to codon sequences with genetic code 1 ...
Alignment has 67 sequences with 219 columns, 213 distinct patterns
132 parsimony-informative, 47 singleton sites, 40 constant sites
                                                               Gap/Ambiguity  Composition  p-value
Analyzing sequences: done in 3.69996e-05 secs using 32.43% CPU
   1  DE668|Cluster-59133.0__TRINITY_DN17995_c0_g2_i5.p1               0.46%    passed    100.00%
   2  JJ23|Cluster-45958.0__TRINITY_DN4170_c0_g1_i1.p1                 1.83%    passed    100.00%
   3  DE164|Cluster-41771.3__TRINITY_DN1425_c0_g1_i9.p1               53.88%    passed     97.51%
   4  SRR3407093|Cluster-17060.0__TRINITY_DN3351_c0_g1_i2.p1           0.00%    passed    100.00%
   5  DE127|Cluster-8424.0__TRINITY_DN324_c0_g1_i3.p1                  0.00%    passed    100.00%
   6  DE554|Cluster-66340.0__TRINITY_DN26275_c0_g1_i13.p1              0.00%    passed    100.00%
   7  DE666|Cluster-39707.0__TRINITY_DN599_c1_g1_i7.p1                 0.00%    passed    100.00%
   8  DE519|Cluster-46122.0__TRINITY_DN10763_c0_g1_i1.p1              21.46%    passed     95.51%
   9  JJ125|Cluster-39406.0__TRINITY_DN2921_c1_g1_i10.p1              17.35%    passed    100.00%
  10  DE115|Cluster-23531.0__TRINITY_DN616_c0_g1_i1.p1                 0.00%    passed    100.00%
  11  JJ86|Cluster-12830.0__TRINITY_DN3732_c0_g2_i2.p1                 0.00%    passed    100.00%
  12  DE546_urceolata_l|Cluster-38810.0__TRINITY_DN1955_c0_g1_i8.p1    0.00%    passed    100.00%
  13  DE623|Cluster-4307.0__TRINITY_DN4716_c0_g1_i1.p1                 0.00%    passed    100.00%
  14  DE680|Cluster-44406.1__TRINITY_DN2745_c0_g1_i4.p1                0.00%    passed    100.00%
  15  DE575|Cluster-60148.0__TRINITY_DN16437_c0_g1_i14.p1              0.91%    passed    100.00%
  16  DE681|Cluster-58646.0__TRINITY_DN2722_c0_g1_i3.p1                0.91%    passed    100.00%
  17  DE765|Cluster-16858.1__TRINITY_DN30_c0_g1_i4.p1                  0.91%    passed    100.00%
  18  DE704-purple|Cluster-62098.2__TRINITY_DN999_c1_g1_i3.p1          0.00%    passed    100.00%
  19  DE507|Cluster-76043.0__TRINITY_DN2782_c0_g1_i1.p1                0.91%    passed    100.00%
  20  DE528|Cluster-38400.0__TRINITY_DN3350_c0_g1_i1.p1                0.00%    passed    100.00%
  21  DE704-white|Cluster-30222.1__TRINITY_DN2298_c0_g1_i3.p1          0.00%    passed    100.00%
  22  DE126|Cluster-45160.0__TRINITY_DN2217_c0_g1_i18.p1               0.00%    passed    100.00%
  23  DE566|Cluster-31141.1__TRINITY_DN39596_c0_g1_i2.p1               5.02%    passed    100.00%
  24  DE152|Cluster-60645.0__TRINITY_DN1007_c1_g1_i2.p1                0.00%    passed    100.00%
  25  DE229|Cluster-34026.0__TRINITY_DN6825_c0_g1_i3.p1                1.83%    passed     99.67%
  26  DE741|Cluster-12226.0__TRINITY_DN1088_c0_g1_i4.p1               21.46%    passed     96.15%
  27  DE216|Cluster-58067.0__TRINITY_DN19477_c0_g1_i1.p1               0.00%    passed    100.00%
  28  DE534|Cluster-13594.1__TRINITY_DN2250_c0_g1_i1.p1               21.92%    passed     99.94%
  29  DE542|Cluster-43387.0__TRINITY_DN1815_c0_g1_i1.p1                0.00%    passed    100.00%
  30  DE536|Cluster-49847.0__TRINITY_DN802_c0_g1_i4.p1                20.09%    passed     99.85%
  31  DE151|Cluster-52315.0__TRINITY_DN905_c0_g1_i1.p1                 0.00%    passed    100.00%
  32  DE173|Cluster-30163.0__TRINITY_DN1247_c0_g1_i3.p1                0.00%    passed    100.00%
  33  DE189|Cluster-20876.0__TRINITY_DN13149_c0_g1_i2.p1               0.00%    passed    100.00%
  34  JJ130|Cluster-48918.0__TRINITY_DN1680_c0_g1_i1.p1                0.00%    passed    100.00%
  35  JJ89|Cluster-31011.0__TRINITY_DN4167_c0_g1_i8.p1                21.46%    passed    100.00%
  36  JJ109|Cluster-43993.0__TRINITY_DN5453_c1_g1_i1.p1                0.00%    passed    100.00%
  37  DE737|Cluster-49706.0__TRINITY_DN56_c3_g1_i3.p1                  0.00%    passed    100.00%
  38  DE541|Cluster-24356.0__TRINITY_DN793_c1_g1_i3.p1                 0.00%    passed    100.00%
  39  DE504|Cluster-42424.0__TRINITY_DN4358_c2_g1_i1.p1                0.00%    passed    100.00%
  40  DE549|Cluster-39761.0__TRINITY_DN2185_c0_g1_i2.p1                0.00%    passed    100.00%
  41  DE88|Cluster-23549.0__TRINITY_DN517_c0_g2_i1.p1                  0.00%    passed    100.00%
  42  DE672|Cluster-32109.0__TRINITY_DN232_c0_g1_i3.p1                 0.00%    passed    100.00%
  43  DE643|Cluster-70644.0__TRINITY_DN6185_c0_g1_i2.p1                0.00%    passed    100.00%
  44  DE671|Cluster-20961.0__TRINITY_DN759_c0_g1_i4.p1                 0.00%    passed    100.00%
  45  DE764|Cluster-40981.0__TRINITY_DN287_c0_g1_i1.p1                 0.00%    passed    100.00%
  46  DE509|Cluster-23262.3__TRINITY_DN5774_c0_g2_i11.p1               0.00%    passed     98.32%
  47  DE736|Cluster-63557.0__TRINITY_DN189_c1_g1_i7.p1                 0.00%    passed    100.00%
  48  DE550|Cluster-30152.4__TRINITY_DN882_c3_g1_i1.p1                 0.00%    passed    100.00%
  49  DE531|Cluster-35369.22__TRINITY_DN2994_c0_g1_i1.p1               0.00%    passed    100.00%
  50  JJ36|Cluster-28639.0__TRINITY_DN2904_c0_g1_i3.p1                 0.00%    passed    100.00%
  51  DE696-dots|Cluster-31200.0__TRINITY_DN4473_c1_g1_i1.p1           0.00%    passed    100.00%
  52  DE696-nodots|Cluster-48505.1__TRINITY_DN4684_c0_g1_i3.p1         0.00%    passed    100.00%
  53  DE181|Cluster-28673.0__TRINITY_DN149_c1_g1_i1.p1                 0.00%    passed    100.00%
  54  SRR3407086|Cluster-31810.0__TRINITY_DN154_c0_g1_i1.p1            0.00%    passed    100.00%
  55  DE503|Cluster-32063.1__TRINITY_DN6170_c1_g1_i3.p1                0.00%    passed    100.00%
  56  DE505|Cluster-48269.0__TRINITY_DN6740_c1_g1_i1.p1                0.00%    passed    100.00%
  57  DE510|Cluster-36678.0__TRINITY_DN2739_c2_g1_i4.p1                0.00%    passed    100.00%
  58  SRR3407094|Cluster-22527.0__TRINITY_DN858_c1_g2_i1.p1            0.00%    passed    100.00%
  59  SRR3407092|Cluster-22413.0__TRINITY_DN36662_c0_g1_i2.p1          0.00%    passed    100.00%
  60  SRR3407087|Cluster-23171.0__TRINITY_DN196_c0_g1_i1.p1            0.00%    passed    100.00%
  61  DE561|Cluster-35561.0__TRINITY_DN264_c0_g1_i2.p1                21.46%    passed    100.00%
  62  SRR3407088|Cluster-2379.0__TRINITY_DN6119_c3_g1_i1.p1            0.00%    passed    100.00%
  63  DE69|Cluster-47607.0__TRINITY_DN190_c0_g1_i1.p1                  0.00%    passed    100.00%
  64  DE523|Cluster-54228.0__TRINITY_DN20786_c0_g1_i6.p1               0.00%    passed    100.00%
  65  SRR3407096|Cluster-17979.0__TRINITY_DN1812_c0_g1_i2.p1           0.00%    passed    100.00%
  66  JJ85|Cluster-39766.0__TRINITY_DN415_c0_g1_i4.p1                  0.00%    passed     97.30%
  67  JJ131|Cluster-35562.1__TRINITY_DN11000_c0_g1_i1.p1               7.31%    passed    100.00%
WARNING: 1 sequences contain more than 50% gaps/ambiguity
****  TOTAL                                                            3.27%  0 sequences failed composition chi2 test (p-value<5%; df=60)
Reading input tree file tmp.csubst.nwk ... rooted tree

NOTE: 35 MB RAM (0 GB) is required!
Measuring multi-threading efficiency up to 1 CPU cores
2 trees examined
Threads: 1 / Time: 1.800 sec / Speedup: 1.000 / Efficiency: 100% / LogL: -8969
BEST NUMBER OF THREADS: 1

Estimate model parameters (epsilon = 0.010)
1. Initial log-likelihood: -7465.277
2. Current log-likelihood: -5599.740
3. Current log-likelihood: -5599.557
4. Current log-likelihood: -5599.538
Optimal log-likelihood: -5599.535
Nonsynonymous/synonymous ratio (omega): 1.000
Transition/transversion ratio (kappa): 1.000
Site proportion and rates:  (0.628,0.464) (0.249,1.551) (0.120,2.609) (0.003,2.841)
Parameters optimization took 4 rounds (26.091 sec)
Wrote distance file to... 
BEST SCORE FOUND : -5599.535
Ancestral state probabilities printed to /mnt/data0/yue/2026-03-11-protein-convergence/results/OG_9187/csubst_w_s/csubst_input_alignment.fa.state
Empirical proportions for each category: 0.648 0.256 0.096 0.000
Site rates printed to /mnt/data0/yue/2026-03-11-protein-convergence/results/OG_9187/csubst_w_s/csubst_input_alignment.fa.rate
Total tree length: 3.914

Total number of iterations: 0
CPU time used for tree search: 0.000 sec (0h:0m:0s)
Wall-clock time used for tree search: 0.000 sec (0h:0m:0s)
Total CPU time used: 28.991 sec (0h:0m:28s)
Total wall-clock time used: 29.093 sec (0h:0m:29s)

Analysis results written to: 
  IQ-TREE report:                /mnt/data0/yue/2026-03-11-protein-convergence/results/OG_9187/csubst_w_s/csubst_input_alignment.fa.iqtree
  Maximum-likelihood tree:       /mnt/data0/yue/2026-03-11-protein-convergence/results/OG_9187/csubst_w_s/csubst_input_alignment.fa.treefile
  Site-specific rates:           /mnt/data0/yue/2026-03-11-protein-convergence/results/OG_9187/csubst_w_s/csubst_input_alignment.fa.rate
  Ancestral state:               /mnt/data0/yue/2026-03-11-protein-convergence/results/OG_9187/csubst_w_s/csubst_input_alignment.fa.state
  Screen log file:               /mnt/data0/yue/2026-03-11-protein-convergence/results/OG_9187/csubst_w_s/csubst_input_alignment.fa.log

Date and Time: Sat Mar 28 05:14:37 2026
