IQ-TREE multicore version 2.4.0 for Linux x86 64-bit built Feb 12 2025
Developed by Bui Quang Minh, Nguyen Lam Tung, Olga Chernomor, Heiko Schmidt,
Dominik Schrempf, Michael Woodhams, Ly Trong Nhan, Thomas Wong

Host:    brain (AVX2, FMA3, 2015 GB RAM)
Command: /home/yue/miniconda3/envs/py39/bin/iqtree -s /mnt/data0/yue/2026-03-11-protein-convergence/results/OG_5327/csubst_w_s/csubst_input_alignment.fa -te tmp.csubst.nwk -m ECMK07+F+R4 --seqtype CODON1 --threads-max 1 -T AUTO --ancestral --rate --redo
Seed:    88300 (Using SPRNG - Scalable Parallel Random Number Generator)
Time:    Fri Mar 27 17:35:36 2026
Kernel:  AVX+FMA - auto-detect threads (128 CPU cores detected)

Reading alignment file /mnt/data0/yue/2026-03-11-protein-convergence/results/OG_5327/csubst_w_s/csubst_input_alignment.fa ... Fasta format detected
Reading fasta file: done in 0.00145866 secs
Alignment most likely contains DNA/RNA sequences
Converting to codon sequences with genetic code 1 ...
Alignment has 77 sequences with 372 columns, 352 distinct patterns
200 parsimony-informative, 86 singleton sites, 86 constant sites
                                                               Gap/Ambiguity  Composition  p-value
Analyzing sequences: done in 6.67125e-05 secs using 98.93% CPU
   1  DE741|Cluster-27934.0__TRINITY_DN2134_c0_g1_i2.p1                3.76%    passed    100.00%
   2  DE549|Cluster-41599.0__TRINITY_DN8989_c0_g1_i6.p1                0.27%    passed    100.00%
   3  DE704-purple|Cluster-61471.0__TRINITY_DN2835_c0_g1_i1.p1         4.57%    passed    100.00%
   4  DE704-white|Cluster-31662.0__TRINITY_DN6371_c0_g1_i4.p1          4.57%    passed    100.00%
   5  JJ99|Cluster-40414.0__TRINITY_DN5499_c0_g1_i3.p1                 6.18%    passed    100.00%
   6  DE666|Cluster-17482.0__TRINITY_DN3718_c0_g1_i4.p1                5.38%    passed    100.00%
   7  DE546_urceolata_l|Cluster-47529.0__TRINITY_DN3161_c0_g1_i6.p1   14.25%    passed    100.00%
   8  DE152|Cluster-48850.0__TRINITY_DN1005_c0_g1_i1.p1                8.33%    passed    100.00%
   9  DE575|Cluster-35071.0__TRINITY_DN6737_c0_g1_i3.p1                5.38%    passed    100.00%
  10  DE681|Cluster-12507.6__TRINITY_DN5360_c0_g1_i2.p1                5.38%    passed    100.00%
  11  DE765|Cluster-49362.0__TRINITY_DN5295_c0_g1_i4.p1                5.38%    passed    100.00%
  12  DE115|Cluster-16849.0__TRINITY_DN4015_c0_g1_i2.p1                5.91%    passed    100.00%
  13  JJ86|Cluster-29496.0__TRINITY_DN3275_c1_g1_i1.p1                 5.91%    passed    100.00%
  14  DE126|Cluster-44345.0__TRINITY_DN8042_c0_g2_i2.p1                4.57%    passed    100.00%
  15  DE563|Cluster-41359.0__TRINITY_DN6009_c0_g1_i2.p1                4.57%    passed    100.00%
  16  DE623|Cluster-50719.0__TRINITY_DN9296_c0_g1_i3.p1                4.57%    passed    100.00%
  17  DE680|Cluster-48201.0__TRINITY_DN6548_c0_g1_i2.p1                4.57%    passed    100.00%
  18  DE127|Cluster-30532.0__TRINITY_DN11219_c0_g1_i1.p1               4.57%    passed    100.00%
  19  DE554|Cluster-50250.0__TRINITY_DN6188_c0_g1_i2.p1                4.57%    passed    100.00%
  20  DE162|Cluster-50406.0__TRINITY_DN12519_c0_g1_i3.p1               4.57%    passed    100.00%
  21  DE507|Cluster-85446.0__TRINITY_DN899_c0_g1_i2.p1                 4.57%    passed    100.00%
  22  DE528|Cluster-26466.0__TRINITY_DN3439_c0_g1_i2.p1                4.57%    passed    100.00%
  23  DE229|Cluster-40711.0__TRINITY_DN16459_c0_g1_i8.p1              57.80%    passed     99.77%
  24  JJ23|Cluster-16426.0__TRINITY_DN1694_c0_g1_i1.p1                 6.18%    passed    100.00%
  25  DE668|Cluster-43625.0__TRINITY_DN4760_c0_g1_i1.p1                4.03%    passed    100.00%
  26  DE566|Cluster-13972.0__TRINITY_DN5342_c0_g1_i5.p1                8.33%    passed    100.00%
  27  JJ74|Cluster-80211.0__TRINITY_DN1331_c2_g2_i1.p1                 8.60%    passed    100.00%
  28  JJ125|Cluster-24071.0__TRINITY_DN7284_c0_g1_i1.p1                4.03%    passed    100.00%
  29  DE542|Cluster-50210.0__TRINITY_DN5083_c0_g1_i3.p1                4.03%    passed    100.00%
  30  DRR234970|Cluster-38905.0__TRINITY_DN8905_c0_g1_i2.p1           13.98%    passed     99.95%
  31  SRR5150740|Cluster-21330.0__TRINITY_DN7669_c0_g1_i1.p1          15.86%    passed     99.56%
  32  SRR104381|Cluster-24323.0__TRINITY_DN19973_c0_g2_i1.p1          13.71%    passed     83.91%
  33  DE216|Cluster-54697.0__TRINITY_DN1981_c0_g1_i6.p1                7.80%    passed    100.00%
  34  DE69|Cluster-40248.0__TRINITY_DN1094_c0_g1_i16.p1                0.54%    passed    100.00%
  35  SRR3407096|Cluster-22043.0__TRINITY_DN2753_c0_g1_i2.p1           0.54%    passed    100.00%
  36  SRR3407093|Cluster-24677.0__TRINITY_DN5644_c0_g1_i3.p1           0.54%    passed    100.00%
  37  DE505|Cluster-47747.1__TRINITY_DN1956_c0_g1_i8.p1                0.54%    passed    100.00%
  38  DE510|Cluster-31587.0__TRINITY_DN4794_c0_g1_i3.p1                0.54%    passed    100.00%
  39  SRR3407087|Cluster-27763.0__TRINITY_DN41561_c0_g1_i2.p1          0.54%    passed    100.00%
  40  SRR3407092|Cluster-5060.0__TRINITY_DN28641_c0_g1_i1.p1           0.54%    passed    100.00%
  41  DE181|Cluster-57309.0__TRINITY_DN3911_c0_g1_i1.p1                0.54%    passed    100.00%
  42  SRR3407086|Cluster-32198.0__TRINITY_DN5390_c0_g1_i1.p1           0.54%    passed    100.00%
  43  DE561|Cluster-41029.0__TRINITY_DN12665_c0_g7_i2.p1               0.54%    passed    100.00%
  44  SRR3424066|Cluster-9918.0__TRINITY_DN4719_c0_g1_i1.p1            0.54%    passed    100.00%
  45  SRR3407094|Cluster-26601.0__TRINITY_DN7562_c1_g1_i1.p1           0.54%    passed    100.00%
  46  SRR3407088|Cluster-31649.0__TRINITY_DN10349_c0_g1_i2.p1          0.54%    passed    100.00%
  47  DE523|Cluster-22439.0__TRINITY_DN3335_c0_g1_i1.p1                0.54%    passed    100.00%
  48  DE151|Cluster-27028.0__TRINITY_DN1755_c0_g1_i2.p1                0.27%    passed    100.00%
  49  DE173|Cluster-46374.0__TRINITY_DN4003_c0_g1_i3.p1                0.27%    passed    100.00%
  50  DE189|Cluster-31106.0__TRINITY_DN1743_c0_g1_i3.p1                0.27%    passed    100.00%
  51  JJ109|Cluster-46914.0__TRINITY_DN1854_c0_g1_i1.p1                0.27%    passed    100.00%
  52  JJ130|Cluster-44048.0__TRINITY_DN23089_c0_g1_i4.p1              55.11%    passed     99.99%
  53  DE88|Cluster-37755.0__TRINITY_DN2262_c0_g1_i1.p1                 0.27%    passed    100.00%
  54  DE504|Cluster-48050.0__TRINITY_DN7544_c0_g1_i6.p1                0.27%    passed    100.00%
  55  DE164|Cluster-61023.0__TRINITY_DN5672_c0_g1_i2.p1               19.09%    passed    100.00%
  56  DE643|Cluster-38245.0__TRINITY_DN5580_c0_g1_i1.p1                0.27%    passed    100.00%
  57  DE671|Cluster-40185.0__TRINITY_DN2602_c0_g1_i3.p1                0.27%    passed    100.00%
  58  DE672|Cluster-34319.0__TRINITY_DN1997_c0_g1_i1.p1                0.27%    passed    100.00%
  59  DE550|Cluster-26806.0__TRINITY_DN4380_c0_g1_i1.p1                0.27%    passed    100.00%
  60  DE737|Cluster-48579.0__TRINITY_DN6064_c0_g1_i1.p1                0.27%    passed    100.00%
  61  DE509|Cluster-28573.0__TRINITY_DN2294_c0_g1_i2.p1                0.27%    passed    100.00%
  62  DE736|Cluster-59528.0__TRINITY_DN7655_c0_g1_i3.p1                0.27%    passed    100.00%
  63  DE531|Cluster-34706.0__TRINITY_DN2225_c0_g1_i2.p1                0.27%    passed    100.00%
  64  JJ36|Cluster-39965.0__TRINITY_DN8454_c0_g1_i3.p1                 0.27%    passed    100.00%
  65  DE696-dots|Cluster-29478.0__TRINITY_DN945_c0_g1_i1.p1            0.27%    passed    100.00%
  66  DE696-nodots|Cluster-43950.0__TRINITY_DN1430_c0_g1_i1.p1        29.30%    passed    100.00%
  67  JJ89|Cluster-34356.0__TRINITY_DN3367_c0_g1_i3.p1                 0.27%    passed    100.00%
  68  DE476|Cluster-57588.0__TRINITY_DN9555_c0_g1_i4.p1                0.27%    passed    100.00%
  69  DE764|Cluster-24981.0__TRINITY_DN6827_c0_g1_i1.p1                0.27%    passed    100.00%
  70  DE541|Cluster-37726.0__TRINITY_DN3539_c0_g1_i5.p1                0.27%    passed    100.00%
  71  DE519|Cluster-22360.0__TRINITY_DN3713_c0_g1_i2.p1                0.54%    passed    100.00%
  72  JJ15|Cluster-2817.0__TRINITY_DN10329_c0_g1_i1.p1                 7.80%    passed    100.00%
  73  DE560|Cluster-43703.0__TRINITY_DN12843_c1_g3_i2.p1               0.54%    passed    100.00%
  74  DE536|Cluster-13301.0__TRINITY_DN7971_c0_g1_i3.p1                8.33%    passed    100.00%
  75  DRR082660|Cluster-18435.0__TRINITY_DN2506_c0_g2_i2.p1            0.54%    passed    100.00%
  76  JJ85|Cluster-22526.0__TRINITY_DN2124_c0_g1_i2.p1                 3.49%    passed    100.00%
  77  JJ131|Cluster-33376.0__TRINITY_DN5419_c0_g1_i10.p1              28.76%    passed     99.98%
WARNING: 2 sequences contain more than 50% gaps/ambiguity
****  TOTAL                                                            5.55%  0 sequences failed composition chi2 test (p-value<5%; df=60)
Reading input tree file tmp.csubst.nwk ... rooted tree

NOTE: 59 MB RAM (0 GB) is required!
Measuring multi-threading efficiency up to 1 CPU cores
2 trees examined
Threads: 1 / Time: 3.033 sec / Speedup: 1.000 / Efficiency: 100% / LogL: -14276
BEST NUMBER OF THREADS: 1

Estimate model parameters (epsilon = 0.010)
1. Initial log-likelihood: -12244.138
2. Current log-likelihood: -7631.416
3. Current log-likelihood: -7631.074
4. Current log-likelihood: -7630.926
5. Current log-likelihood: -7630.854
6. Current log-likelihood: -7630.815
7. Current log-likelihood: -7630.792
8. Current log-likelihood: -7630.775
9. Current log-likelihood: -7630.762
10. Current log-likelihood: -7630.750
11. Current log-likelihood: -7630.739
12. Current log-likelihood: -7630.728
13. Current log-likelihood: -7630.717
14. Current log-likelihood: -7630.707
15. Current log-likelihood: -7630.696
16. Current log-likelihood: -7630.686
17. Current log-likelihood: -7630.676
18. Current log-likelihood: -7630.665
19. Current log-likelihood: -7630.655
20. Current log-likelihood: -7630.645
21. Current log-likelihood: -7630.634
22. Current log-likelihood: -7630.623
23. Current log-likelihood: -7630.611
24. Current log-likelihood: -7630.599
25. Current log-likelihood: -7630.587
26. Current log-likelihood: -7630.573
27. Current log-likelihood: -7630.558
28. Current log-likelihood: -7630.541
29. Current log-likelihood: -7630.522
30. Current log-likelihood: -7630.499
31. Current log-likelihood: -7630.472
32. Current log-likelihood: -7623.635
33. Current log-likelihood: -7623.595
34. Current log-likelihood: -7623.579
Optimal log-likelihood: -7623.573
Nonsynonymous/synonymous ratio (omega): 1.000
Transition/transversion ratio (kappa): 1.000
Site proportion and rates:  (0.578,0.351) (0.305,1.177) (0.086,2.746) (0.031,6.566)
Parameters optimization took 34 rounds (344.833 sec)
Wrote distance file to... 
BEST SCORE FOUND : -7623.573
Ancestral state probabilities printed to /mnt/data0/yue/2026-03-11-protein-convergence/results/OG_5327/csubst_w_s/csubst_input_alignment.fa.state
Empirical proportions for each category: 0.637 0.269 0.062 0.032
Site rates printed to /mnt/data0/yue/2026-03-11-protein-convergence/results/OG_5327/csubst_w_s/csubst_input_alignment.fa.rate
Total tree length: 3.276

Total number of iterations: 0
CPU time used for tree search: 0.000 sec (0h:0m:0s)
Wall-clock time used for tree search: 0.000 sec (0h:0m:0s)
Total CPU time used: 349.512 sec (0h:5m:49s)
Total wall-clock time used: 350.071 sec (0h:5m:50s)

Analysis results written to: 
  IQ-TREE report:                /mnt/data0/yue/2026-03-11-protein-convergence/results/OG_5327/csubst_w_s/csubst_input_alignment.fa.iqtree
  Maximum-likelihood tree:       /mnt/data0/yue/2026-03-11-protein-convergence/results/OG_5327/csubst_w_s/csubst_input_alignment.fa.treefile
  Site-specific rates:           /mnt/data0/yue/2026-03-11-protein-convergence/results/OG_5327/csubst_w_s/csubst_input_alignment.fa.rate
  Ancestral state:               /mnt/data0/yue/2026-03-11-protein-convergence/results/OG_5327/csubst_w_s/csubst_input_alignment.fa.state
  Screen log file:               /mnt/data0/yue/2026-03-11-protein-convergence/results/OG_5327/csubst_w_s/csubst_input_alignment.fa.log

Date and Time: Fri Mar 27 17:41:26 2026
