IQ-TREE multicore version 2.4.0 for Linux x86 64-bit built Feb 12 2025
Developed by Bui Quang Minh, Nguyen Lam Tung, Olga Chernomor, Heiko Schmidt,
Dominik Schrempf, Michael Woodhams, Ly Trong Nhan, Thomas Wong

Host:    brain (AVX2, FMA3, 2015 GB RAM)
Command: /home/yue/miniconda3/envs/py39/bin/iqtree -s /mnt/data0/yue/2026-03-11-protein-convergence/results/OG_7145/csubst_w_s/csubst_input_alignment.fa -te tmp.csubst.nwk -m ECMK07+F+R4 --seqtype CODON1 --threads-max 1 -T AUTO --ancestral --rate --redo
Seed:    529344 (Using SPRNG - Scalable Parallel Random Number Generator)
Time:    Fri Mar 27 23:54:35 2026
Kernel:  AVX+FMA - auto-detect threads (128 CPU cores detected)

Reading alignment file /mnt/data0/yue/2026-03-11-protein-convergence/results/OG_7145/csubst_w_s/csubst_input_alignment.fa ... Fasta format detected
Reading fasta file: done in 0.00272566 secs using 46.59% CPU
Alignment most likely contains DNA/RNA sequences
Converting to codon sequences with genetic code 1 ...
Alignment has 77 sequences with 718 columns, 675 distinct patterns
362 parsimony-informative, 200 singleton sites, 156 constant sites
                                                          Gap/Ambiguity  Composition  p-value
Analyzing sequences: done in 0.000130549 secs using 99.58% CPU
   1  DRR082660|Cluster-31357.0__TRINITY_DN458_c0_g1_i2.p1        4.60%    passed    100.00%
   2  DE554|Cluster-15574.0__TRINITY_DN4208_c0_g1_i2.p1           0.28%    passed    100.00%
   3  DE668|Cluster-12379.0__TRINITY_DN8154_c0_g1_i2.p1           0.14%    passed    100.00%
   4  JJ74|Cluster-134116.0__TRINITY_DN659_c0_g1_i5.p1            3.48%    passed    100.00%
   5  JJ125|Cluster-38293.0__TRINITY_DN4198_c0_g1_i2.p1           2.79%    passed    100.00%
   6  SRR11934227|Cluster-68065.0__TRINITY_DN15887_c0_g1_i1.p1    3.06%    passed     23.05%
   7  DE127|Cluster-18720.37__TRINITY_DN68_c1_g1_i3.p1            0.28%    passed    100.00%
   8  DE115|Cluster-61128.0__TRINITY_DN7543_c0_g1_i1.p1           0.14%    passed    100.00%
   9  JJ86|Cluster-14193.14__TRINITY_DN6311_c2_g2_i2.p1           0.42%    passed    100.00%
  10  DE126|Cluster-15771.0__TRINITY_DN1360_c1_g1_i4.p1           1.67%    passed    100.00%
  11  DE623|Cluster-55850.0__TRINITY_DN1048_c1_g2_i2.p1           0.14%    passed    100.00%
  12  DE680|Cluster-31715.0__TRINITY_DN4076_c1_g1_i4.p1           0.14%    passed    100.00%
  13  DE563|Cluster-19160.0__TRINITY_DN14729_c1_g1_i5.p1          0.14%    passed    100.00%
  14  DE666|Cluster-30971.0__TRINITY_DN6290_c0_g2_i1.p1           0.14%    passed    100.00%
  15  DE162|Cluster-41882.0__TRINITY_DN9820_c0_g1_i2.p1           4.87%    passed    100.00%
  16  DE528|Cluster-31504.0__TRINITY_DN3210_c0_g1_i2.p1           5.01%    passed    100.00%
  17  DE704-white|Cluster-34326.0__TRINITY_DN5145_c0_g1_i1.p1     0.14%    passed    100.00%
  18  DE507|Cluster-76851.0__TRINITY_DN5004_c0_g1_i3.p1           0.28%    passed    100.00%
  19  DE704-purple|Cluster-24002.2__TRINITY_DN5708_c0_g1_i2.p1    0.14%    passed    100.00%
  20  DE575|Cluster-46355.0__TRINITY_DN3754_c0_g2_i3.p1           0.70%    passed    100.00%
  21  DE681|Cluster-46432.0__TRINITY_DN1414_c1_g1_i1.p1           0.70%    passed    100.00%
  22  DE765|Cluster-29353.4__TRINITY_DN3841_c0_g1_i1.p1           0.70%    passed    100.00%
  23  DE229|Cluster-33287.0__TRINITY_DN5360_c0_g3_i1.p1           0.14%    passed    100.00%
  24  DE152|Cluster-55790.35__TRINITY_DN7743_c0_g1_i9.p1          0.14%    passed    100.00%
  25  JJ99|Cluster-40430.0__TRINITY_DN46920_c0_g1_i1.p1           0.14%    passed    100.00%
  26  DE216|Cluster-42804.0__TRINITY_DN797_c0_g3_i1.p1            0.14%    passed    100.00%
  27  JJ15|Cluster-63448.0__TRINITY_DN1390_c2_g2_i2.p1           35.10%    passed    100.00%
  28  DE534|Cluster-26282.0__TRINITY_DN3946_c0_g2_i1.p1           0.14%    passed    100.00%
  29  DE542|Cluster-41291.0__TRINITY_DN6128_c1_g1_i2.p1           0.14%    passed    100.00%
  30  DE536|Cluster-53726.0__TRINITY_DN666_c1_g4_i1.p1            0.14%    passed    100.00%
  31  JJ131|Cluster-50751.0__TRINITY_DN14438_c0_g1_i4.p1         19.78%    passed    100.00%
  32  DE566|Cluster-32168.0__TRINITY_DN200_c0_g1_i5.p1           35.10%    passed    100.00%
  33  DE560|Cluster-41413.0__TRINITY_DN3655_c0_g3_i1.p1           0.14%    passed    100.00%
  34  DE181|Cluster-49702.0__TRINITY_DN3486_c0_g2_i2.p1           0.14%    passed    100.00%
  35  SRR3407086|Cluster-36197.32__TRINITY_DN200_c0_g1_i2.p1     17.41%    passed    100.00%
  36  SRR3424066|Cluster-41084.0__TRINITY_DN2668_c0_g1_i2.p1      0.14%    passed    100.00%
  37  DE561|Cluster-37716.0__TRINITY_DN2000_c0_g2_i2.p1          43.87%    passed     99.63%
  38  SRR3407088|Cluster-21819.0__TRINITY_DN1831_c0_g1_i1.p1      0.14%    passed    100.00%
  39  DE503|Cluster-50950.1__TRINITY_DN1087_c1_g1_i1.p1          43.87%    passed     99.90%
  40  DE505|Cluster-52697.0__TRINITY_DN19939_c0_g1_i1.p1         43.87%    passed     99.92%
  41  DE510|Cluster-22679.0__TRINITY_DN916_c0_g1_i4.p1            0.14%    passed    100.00%
  42  SRR3407087|Cluster-8657.0__TRINITY_DN141_c0_g3_i1.p1        0.14%    passed    100.00%
  43  SRR3407094|Cluster-37209.0__TRINITY_DN9613_c0_g1_i3.p1      0.14%    passed    100.00%
  44  SRR3407092|Cluster-37929.0__TRINITY_DN3922_c0_g1_i3.p1     43.87%    passed     99.88%
  45  SRR3407093|Cluster-7550.81__TRINITY_DN1043_c0_g1_i2.p1     43.87%    passed     99.98%
  46  SRR3407095|Cluster-46570.0__TRINITY_DN10016_c0_g1_i2.p1    46.52%    passed     99.73%
  47  DE69|Cluster-40717.4__TRINITY_DN8006_c0_g1_i2.p1           17.41%    passed    100.00%
  48  DE523|Cluster-12399.0__TRINITY_DN13365_c0_g1_i2.p1         35.10%    passed    100.00%
  49  SRR3407096|Cluster-28035.0__TRINITY_DN2335_c0_g1_i1.p1      0.14%    passed    100.00%
  50  JJ23|Cluster-26099.0__TRINITY_DN22874_c0_g1_i1.p1           0.28%    passed    100.00%
  51  DE519|Cluster-57410.0__TRINITY_DN3183_c0_g1_i2.p1           0.14%    passed    100.00%
  52  DE741|Cluster-22484.0__TRINITY_DN13571_c0_g1_i1.p1          0.14%    passed    100.00%
  53  JJ85|Cluster-34677.0__TRINITY_DN5931_c1_g1_i6.p1           35.10%    passed    100.00%
  54  DE549|Cluster-30892.98__TRINITY_DN3914_c1_g1_i1.p1          0.14%    passed    100.00%
  55  DE164|Cluster-55315.0__TRINITY_DN4378_c0_g1_i2.p1           0.14%    passed    100.00%
  56  DE643|Cluster-19732.76__TRINITY_DN744_c0_g2_i2.p1           0.00%    passed    100.00%
  57  DE671|Cluster-28580.0__TRINITY_DN16633_c0_g1_i1.p1          0.00%    passed    100.00%
  58  DE550|Cluster-14775.0__TRINITY_DN3446_c1_g1_i1.p1           0.97%    passed    100.00%
  59  DE672|Cluster-48052.0__TRINITY_DN4012_c0_g1_i2.p1           0.14%    passed    100.00%
  60  DE476|Cluster-27399.0__TRINITY_DN8125_c0_g1_i1.p1           0.14%    passed    100.00%
  61  DE737|Cluster-31830.0__TRINITY_DN3630_c0_g1_i2.p1           0.14%    passed    100.00%
  62  JJ89|Cluster-37801.0__TRINITY_DN13271_c2_g3_i2.p1          17.41%    passed    100.00%
  63  DE504|Cluster-35264.40__TRINITY_DN3134_c0_g1_i1.p1          0.14%    passed    100.00%
  64  DE509|Cluster-21629.0__TRINITY_DN12030_c0_g1_i1.p1          0.14%    passed    100.00%
  65  DE736|Cluster-28373.1__TRINITY_DN5886_c0_g1_i2.p1          17.41%    passed    100.00%
  66  DE151|Cluster-20841.0__TRINITY_DN2481_c3_g1_i2.p1           0.14%    passed    100.00%
  67  DE173|Cluster-3885.0__TRINITY_DN2263_c0_g2_i1.p1            0.14%    passed    100.00%
  68  DE189|Cluster-42875.0__TRINITY_DN8358_c2_g1_i2.p1           0.14%    passed    100.00%
  69  JJ109|Cluster-39546.2__TRINITY_DN15333_c0_g1_i3.p1         35.10%    passed    100.00%
  70  DE88|Cluster-30406.0__TRINITY_DN3902_c1_g1_i1.p1           35.10%    passed    100.00%
  71  DE531|Cluster-46801.0__TRINITY_DN1032_c1_g2_i2.p1          35.79%    passed    100.00%
  72  DE696-dots|Cluster-13248.0__TRINITY_DN6147_c0_g1_i1.p1     35.79%    passed    100.00%
  73  JJ36|Cluster-14349.0__TRINITY_DN3434_c1_g3_i1.p1           35.79%    passed    100.00%
  74  DE696-nodots|Cluster-31311.0__TRINITY_DN8687_c0_g1_i2.p1   35.79%    passed    100.00%
  75  DE764|Cluster-37663.0__TRINITY_DN8100_c0_g1_i1.p1           0.14%    passed    100.00%
  76  JJ130|Cluster-26849.0__TRINITY_DN30341_c0_g1_i3.p1         39.00%    passed     99.97%
  77  SRR5150740|Cluster-69231.0__TRINITY_DN16308_c0_g1_i1.p1    35.10%    passed     88.85%
****  TOTAL                                                      10.63%  0 sequences failed composition chi2 test (p-value<5%; df=60)
Reading input tree file tmp.csubst.nwk ... rooted tree

NOTE: 106 MB RAM (0 GB) is required!
Measuring multi-threading efficiency up to 1 CPU cores
2 trees examined
Threads: 1 / Time: 5.647 sec / Speedup: 1.000 / Efficiency: 100% / LogL: -21268
BEST NUMBER OF THREADS: 1

Estimate model parameters (epsilon = 0.010)
1. Initial log-likelihood: -22781.021
2. Current log-likelihood: -13608.651
3. Current log-likelihood: -13591.011
4. Current log-likelihood: -13590.972
5. Current log-likelihood: -13590.948
6. Current log-likelihood: -13590.931
7. Current log-likelihood: -13590.920
Optimal log-likelihood: -13590.910
Nonsynonymous/synonymous ratio (omega): 1.000
Transition/transversion ratio (kappa): 1.000
Site proportion and rates:  (0.513,0.449) (0.345,1.073) (0.126,2.545) (0.016,5.001)
Parameters optimization took 7 rounds (135.459 sec)
Wrote distance file to... 
BEST SCORE FOUND : -13590.910
Ancestral state probabilities printed to /mnt/data0/yue/2026-03-11-protein-convergence/results/OG_7145/csubst_w_s/csubst_input_alignment.fa.state
Empirical proportions for each category: 0.586 0.294 0.111 0.008
Site rates printed to /mnt/data0/yue/2026-03-11-protein-convergence/results/OG_7145/csubst_w_s/csubst_input_alignment.fa.rate
Total tree length: 2.755

Total number of iterations: 0
CPU time used for tree search: 0.000 sec (0h:0m:0s)
Wall-clock time used for tree search: 0.000 sec (0h:0m:0s)
Total CPU time used: 144.652 sec (0h:2m:24s)
Total wall-clock time used: 144.931 sec (0h:2m:24s)

Analysis results written to: 
  IQ-TREE report:                /mnt/data0/yue/2026-03-11-protein-convergence/results/OG_7145/csubst_w_s/csubst_input_alignment.fa.iqtree
  Maximum-likelihood tree:       /mnt/data0/yue/2026-03-11-protein-convergence/results/OG_7145/csubst_w_s/csubst_input_alignment.fa.treefile
  Site-specific rates:           /mnt/data0/yue/2026-03-11-protein-convergence/results/OG_7145/csubst_w_s/csubst_input_alignment.fa.rate
  Ancestral state:               /mnt/data0/yue/2026-03-11-protein-convergence/results/OG_7145/csubst_w_s/csubst_input_alignment.fa.state
  Screen log file:               /mnt/data0/yue/2026-03-11-protein-convergence/results/OG_7145/csubst_w_s/csubst_input_alignment.fa.log

Date and Time: Fri Mar 27 23:57:00 2026
