IQ-TREE multicore version 2.4.0 for Linux x86 64-bit built Feb 12 2025
Developed by Bui Quang Minh, Nguyen Lam Tung, Olga Chernomor, Heiko Schmidt,
Dominik Schrempf, Michael Woodhams, Ly Trong Nhan, Thomas Wong

Host:    brain (AVX2, FMA3, 2015 GB RAM)
Command: /home/yue/miniconda3/envs/py39/bin/iqtree -s /mnt/data0/yue/2026-03-11-protein-convergence/results/OG_11881/csubst_w_s/csubst_input_alignment.fa -te tmp.csubst.nwk -m ECMK07+F+R4 --seqtype CODON1 --threads-max 1 -T AUTO --ancestral --rate --redo
Seed:    565587 (Using SPRNG - Scalable Parallel Random Number Generator)
Time:    Thu Mar 26 22:49:25 2026
Kernel:  AVX+FMA - auto-detect threads (128 CPU cores detected)

Reading alignment file /mnt/data0/yue/2026-03-11-protein-convergence/results/OG_11881/csubst_w_s/csubst_input_alignment.fa ... Fasta format detected
Reading fasta file: done in 0.00161271 secs
Alignment most likely contains DNA/RNA sequences
Converting to codon sequences with genetic code 1 ...
Alignment has 57 sequences with 573 columns, 556 distinct patterns
322 parsimony-informative, 164 singleton sites, 87 constant sites
                                                                Gap/Ambiguity  Composition  p-value
Analyzing sequences: done in 9.97186e-05 secs using 93.26% CPU
   1  DE536|Cluster-48191.0__TRINITY_DN2874_c1_g1_i3.p1                30.02%    passed     88.13%
   2  DE566|Cluster-54053.0__TRINITY_DN69724_c0_g1_i3.p1               12.91%    passed    100.00%
   3  DE126|Cluster-33042.7__TRINITY_DN2814_c0_g1_i13.p1                0.70%    passed    100.00%
   4  SRR11748982|Cluster-21887.0__TRINITY_DN15657_c0_g1_i1.p1          5.24%    failed      0.72%
   5  DE546_urceolata_l|Cluster-19546.0__TRINITY_DN44328_c0_g1_i1.p1    0.17%    passed    100.00%
   6  DE528|Cluster-17607.1__TRINITY_DN12230_c0_g1_i1.p1               49.39%    passed     97.60%
   7  DE563|Cluster-9350.0__TRINITY_DN491_c2_g1_i1.p1                   0.17%    passed    100.00%
   8  DE623|Cluster-31244.0__TRINITY_DN10227_c0_g1_i1.p1                0.17%    passed    100.00%
   9  DE680|Cluster-28673.0__TRINITY_DN82815_c0_g1_i1.p1                0.17%    passed    100.00%
  10  DE162|Cluster-43063.0__TRINITY_DN8004_c3_g2_i2.p1                 0.17%    passed    100.00%
  11  DE704-white|Cluster-10717.0__TRINITY_DN8278_c0_g1_i1.p1          18.67%    passed    100.00%
  12  DE507|Cluster-50145.0__TRINITY_DN16478_c0_g1_i4.p1               18.67%    passed    100.00%
  13  DE704-purple|Cluster-49693.0__TRINITY_DN7150_c0_g1_i2.p1         18.67%    passed    100.00%
  14  DE765|Cluster-2299.0__TRINITY_DN15144_c0_g1_i2.p1                 0.17%    passed    100.00%
  15  DE681|Cluster-52478.0__TRINITY_DN10849_c0_g1_i6.p1               18.67%    passed    100.00%
  16  DE575|Cluster-51538.0__TRINITY_DN21493_c0_g1_i1.p1                0.17%    passed    100.00%
  17  DE668|Cluster-3162.0__TRINITY_DN95598_c0_g1_i1.p1                 0.17%    passed    100.00%
  18  DE127|Cluster-3034.0__TRINITY_DN10639_c0_g2_i1.p1                 0.70%    passed    100.00%
  19  DE554|Cluster-62331.0__TRINITY_DN10706_c0_g1_i1.p1                0.70%    passed    100.00%
  20  DE509|Cluster-20413.0__TRINITY_DN75204_c0_g1_i1.p1                3.66%    passed    100.00%
  21  DE164|Cluster-49899.1__TRINITY_DN36111_c0_g1_i3.p1                1.05%    passed    100.00%
  22  DE737|Cluster-24867.0__TRINITY_DN55908_c0_g1_i1.p1                0.70%    passed    100.00%
  23  DE561|Cluster-39488.2__TRINITY_DN5405_c0_g1_i1.p1                49.74%    passed     99.99%
  24  DE216|Cluster-58819.0__TRINITY_DN8588_c0_g1_i1.p1                19.20%    passed    100.00%
  25  DE542|Cluster-40639.0__TRINITY_DN63960_c0_g1_i1.p1                0.52%    passed    100.00%
  26  JJ99|Cluster-12038.0__TRINITY_DN47068_c0_g1_i1.p1                 0.17%    passed    100.00%
  27  DE173|Cluster-3039.0__TRINITY_DN64497_c0_g1_i1.p1                 0.70%    passed    100.00%
  28  DE189|Cluster-16987.0__TRINITY_DN11507_c0_g1_i2.p1                0.70%    passed    100.00%
  29  DE88|Cluster-24.0__TRINITY_DN16764_c1_g1_i1.p1                    0.70%    passed    100.00%
  30  JJ15|Cluster-62897.1__TRINITY_DN14470_c1_g1_i4.p1                56.72%    passed     99.99%
  31  DE534|Cluster-44261.0__TRINITY_DN8780_c0_g1_i1.p1                 0.70%    passed     99.90%
  32  DE666|Cluster-1905.0__TRINITY_DN32500_c0_g1_i1.p1                12.74%    passed    100.00%
  33  JJ131|Cluster-40424.0__TRINITY_DN58087_c0_g1_i6.p1               49.74%    passed     97.11%
  34  DE115|Cluster-49751.0__TRINITY_DN104139_c0_g1_i2.p1              45.20%    passed     99.64%
  35  JJ23|Cluster-21159.0__TRINITY_DN4098_c0_g1_i3.p1                 19.20%    passed     99.98%
  36  DE151|Cluster-47337.0__TRINITY_DN9395_c0_g1_i2.p1                 0.52%    passed    100.00%
  37  JJ130|Cluster-48997.0__TRINITY_DN5288_c0_g2_i1.p1                 0.52%    passed    100.00%
  38  DE764|Cluster-5914.0__TRINITY_DN26820_c0_g1_i1.p1                 0.52%    passed    100.00%
  39  JJ109|Cluster-21402.0__TRINITY_DN19324_c2_g1_i1.p1                7.50%    passed    100.00%
  40  DE476|Cluster-53856.0__TRINITY_DN17670_c1_g1_i1.p1                0.52%    passed    100.00%
  41  DE541|Cluster-46407.0__TRINITY_DN18251_c0_g1_i1.p1                0.52%    passed    100.00%
  42  DE672|Cluster-5503.0__TRINITY_DN127961_c0_g1_i1.p1                0.52%    passed    100.00%
  43  DE549|Cluster-45503.0__TRINITY_DN6680_c0_g1_i1.p1                17.28%    passed    100.00%
  44  DE736|Cluster-21576.0__TRINITY_DN117190_c0_g1_i1.p1               0.52%    passed    100.00%
  45  JJ89|Cluster-37375.0__TRINITY_DN16051_c0_g1_i1.p1                 0.52%    passed    100.00%
  46  JJ74|Cluster-65873.0__TRINITY_DN4035_c0_g1_i2.p1                 49.21%    passed     99.45%
  47  DE181|Cluster-50360.0__TRINITY_DN8261_c0_g1_i2.p1                49.74%    passed    100.00%
  48  DE503|Cluster-55605.0__TRINITY_DN1126_c0_g1_i7.p1                49.74%    passed    100.00%
  49  SRR3407087|Cluster-9904.0__TRINITY_DN11688_c0_g1_i2.p1           49.74%    passed     99.99%
  50  SRR3407086|Cluster-28311.0__TRINITY_DN9367_c0_g1_i1.p1            0.52%    passed    100.00%
  51  SRR3407088|Cluster-10000.0__TRINITY_DN12827_c0_g2_i1.p1          24.26%    passed    100.00%
  52  DE505|Cluster-33613.0__TRINITY_DN75438_c0_g1_i1.p1                0.52%    passed    100.00%
  53  SRR3407092|Cluster-24865.0__TRINITY_DN33842_c0_g1_i1.p1           0.52%    passed    100.00%
  54  SRR3424066|Cluster-19895.0__TRINITY_DN10806_c0_g2_i1.p1           7.50%    passed    100.00%
  55  JJ125|Cluster-26429.0__TRINITY_DN6761_c0_g1_i8.p1                49.74%    passed     99.39%
  56  JJ86|Cluster-32356.0__TRINITY_DN28271_c0_g1_i3.p1                53.05%    passed     90.31%
  57  DE554|Cluster-25306.0__TRINITY_DN2683_c0_g1_i6.p1                46.95%    failed      0.00%
WARNING: 2 sequences contain more than 50% gaps/ambiguity
****  TOTAL                                                            14.87%  2 sequences failed composition chi2 test (p-value<5%; df=60)
Reading input tree file tmp.csubst.nwk ... rooted tree

NOTE: 66 MB RAM (0 GB) is required!
Measuring multi-threading efficiency up to 1 CPU cores
2 trees examined
Threads: 1 / Time: 3.486 sec / Speedup: 1.000 / Efficiency: 100% / LogL: -19006
BEST NUMBER OF THREADS: 1

Estimate model parameters (epsilon = 0.010)
1. Initial log-likelihood: -17187.751
2. Current log-likelihood: -12645.593
3. Current log-likelihood: -12628.252
4. Current log-likelihood: -12628.207
5. Current log-likelihood: -12628.171
6. Current log-likelihood: -12628.140
7. Current log-likelihood: -12628.114
8. Current log-likelihood: -12628.091
9. Current log-likelihood: -12628.072
10. Current log-likelihood: -12628.056
11. Current log-likelihood: -12628.042
12. Current log-likelihood: -12628.031
Optimal log-likelihood: -12628.021
Nonsynonymous/synonymous ratio (omega): 1.000
Transition/transversion ratio (kappa): 1.000
Site proportion and rates:  (0.544,0.418) (0.343,1.334) (0.105,2.756) (0.008,3.272)
Parameters optimization took 12 rounds (133.138 sec)
Wrote distance file to... 
BEST SCORE FOUND : -12628.021
Ancestral state probabilities printed to /mnt/data0/yue/2026-03-11-protein-convergence/results/OG_11881/csubst_w_s/csubst_input_alignment.fa.state
Empirical proportions for each category: 0.588 0.328 0.084 0.000
Site rates printed to /mnt/data0/yue/2026-03-11-protein-convergence/results/OG_11881/csubst_w_s/csubst_input_alignment.fa.rate
Total tree length: 5.203

Total number of iterations: 0
CPU time used for tree search: 0.000 sec (0h:0m:0s)
Wall-clock time used for tree search: 0.000 sec (0h:0m:0s)
Total CPU time used: 138.655 sec (0h:2m:18s)
Total wall-clock time used: 138.869 sec (0h:2m:18s)

Analysis results written to: 
  IQ-TREE report:                /mnt/data0/yue/2026-03-11-protein-convergence/results/OG_11881/csubst_w_s/csubst_input_alignment.fa.iqtree
  Maximum-likelihood tree:       /mnt/data0/yue/2026-03-11-protein-convergence/results/OG_11881/csubst_w_s/csubst_input_alignment.fa.treefile
  Site-specific rates:           /mnt/data0/yue/2026-03-11-protein-convergence/results/OG_11881/csubst_w_s/csubst_input_alignment.fa.rate
  Ancestral state:               /mnt/data0/yue/2026-03-11-protein-convergence/results/OG_11881/csubst_w_s/csubst_input_alignment.fa.state
  Screen log file:               /mnt/data0/yue/2026-03-11-protein-convergence/results/OG_11881/csubst_w_s/csubst_input_alignment.fa.log

Date and Time: Thu Mar 26 22:51:44 2026
