IQ-TREE multicore version 2.4.0 for Linux x86 64-bit built Feb 12 2025
Developed by Bui Quang Minh, Nguyen Lam Tung, Olga Chernomor, Heiko Schmidt,
Dominik Schrempf, Michael Woodhams, Ly Trong Nhan, Thomas Wong

Host:    brain (AVX2, FMA3, 2015 GB RAM)
Command: /home/yue/miniconda3/envs/py39/bin/iqtree -s /mnt/data0/yue/2026-03-11-protein-convergence/results/OG_5899/csubst_w_s/csubst_input_alignment.fa -te tmp.csubst.nwk -m ECMK07+F+R4 --seqtype CODON1 --threads-max 1 -T AUTO --ancestral --rate --redo
Seed:    313388 (Using SPRNG - Scalable Parallel Random Number Generator)
Time:    Fri Mar 27 19:43:08 2026
Kernel:  AVX+FMA - auto-detect threads (128 CPU cores detected)

Reading alignment file /mnt/data0/yue/2026-03-11-protein-convergence/results/OG_5899/csubst_w_s/csubst_input_alignment.fa ... Fasta format detected
Reading fasta file: done in 0.00206135 secs
Alignment most likely contains DNA/RNA sequences
Converting to codon sequences with genetic code 1 ...
WARNING: 1 sites contain only gaps or ambiguous characters.
Alignment has 79 sequences with 533 columns, 502 distinct patterns
279 parsimony-informative, 118 singleton sites, 136 constant sites
                                                               Gap/Ambiguity  Composition  p-value
Analyzing sequences: done in 0.000107571 secs
   1  DE566|Cluster-59875.1__TRINITY_DN906_c2_g2_i3.p1                 0.56%    passed    100.00%
   2  JJ23|Cluster-35099.0__TRINITY_DN23535_c0_g1_i5.p1               23.26%    passed    100.00%
   3  DE680|Cluster-58538.0__TRINITY_DN5684_c1_g1_i1.p1               23.26%    passed    100.00%
   4  JJ99|Cluster-51281.0__TRINITY_DN2617_c0_g1_i3.p1                48.78%    passed     95.59%
   5  SRR11748982|Cluster-22273.0__TRINITY_DN2907_c0_g1_i4.p1          8.82%    passed     16.46%
   6  DE541|Cluster-26132.0__TRINITY_DN12689_c1_g1_i2.p1               0.19%    passed    100.00%
   7  DE476|Cluster-56880.0__TRINITY_DN3582_c0_g1_i8.p1               23.08%    passed    100.00%
   8  SRR3407087|Cluster-14070.0__TRINITY_DN12395_c0_g1_i1.p1          0.19%    passed    100.00%
   9  SRR3407094|Cluster-12275.0__TRINITY_DN788_c0_g2_i1.p1           23.08%    passed    100.00%
  10  SRR3407092|Cluster-27396.0__TRINITY_DN3094_c0_g1_i5.p1          23.08%    passed    100.00%
  11  SRR3407096|Cluster-1452.0__TRINITY_DN33833_c0_g1_i1.p1           0.19%    passed    100.00%
  12  DE504|Cluster-45506.0__TRINITY_DN1320_c0_g1_i17.p1               0.19%    passed    100.00%
  13  DE672|Cluster-30499.0__TRINITY_DN5666_c0_g1_i4.p1               13.70%    passed    100.00%
  14  DE509|Cluster-25164.0__TRINITY_DN13617_c0_g1_i1.p1               0.19%    passed    100.00%
  15  DE505|Cluster-19780.0__TRINITY_DN58_c1_g1_i5.p1                 13.70%    passed    100.00%
  16  SRR3407093|Cluster-4964.0__TRINITY_DN1973_c0_g1_i1.p1            0.19%    passed    100.00%
  17  DE69|Cluster-16537.1__TRINITY_DN9923_c0_g1_i2.p1                15.76%    passed     99.99%
  18  SRR3407095|Cluster-15149.0__TRINITY_DN6195_c0_g1_i1.p1          15.76%    passed     99.99%
  19  SRR3407088|Cluster-16037.0__TRINITY_DN6518_c0_g5_i2.p1          24.20%    passed    100.00%
  20  DE189|Cluster-44663.0__TRINITY_DN10816_c0_g1_i1.p1              39.02%    passed     99.81%
  21  JJ109|Cluster-17688.0__TRINITY_DN58878_c0_g1_i1.p1               0.19%    passed    100.00%
  22  DE643|Cluster-25178.0__TRINITY_DN4769_c0_g2_i1.p1                0.19%    passed    100.00%
  23  DE671|Cluster-44739.0__TRINITY_DN13903_c1_g1_i3.p1               0.19%    passed    100.00%
  24  DE737|Cluster-3638.0__TRINITY_DN1528_c0_g3_i1.p1                 0.19%    passed    100.00%
  25  DE88|Cluster-26947.0__TRINITY_DN12253_c1_g1_i1.p1                0.19%    passed    100.00%
  26  JJ130|Cluster-29927.0__TRINITY_DN22842_c0_g1_i2.p1               0.19%    passed    100.00%
  27  DE549|Cluster-49826.0__TRINITY_DN182_c0_g1_i6.p1                23.08%    passed    100.00%
  28  DE126|Cluster-33786.0__TRINITY_DN2377_c0_g1_i1.p1               23.08%    passed    100.00%
  29  DE666|Cluster-28887.0__TRINITY_DN2456_c0_g2_i2.p1               23.08%    passed    100.00%
  30  DE534|Cluster-52774.0__TRINITY_DN8578_c1_g1_i14.p1               0.38%    passed    100.00%
  31  JJ74|Cluster-115029.0__TRINITY_DN7543_c0_g1_i12.p1              39.21%    passed    100.00%
  32  DE542|Cluster-50693.0__TRINITY_DN1769_c0_g1_i1.p1                0.38%    passed    100.00%
  33  JJ15|Cluster-57933.0__TRINITY_DN17378_c0_g2_i8.p1               23.08%    passed    100.00%
  34  DE229|Cluster-76267.0__TRINITY_DN3117_c0_g1_i1.p1               54.60%    passed     20.95%
  35  DE536|Cluster-33503.0__TRINITY_DN472_c0_g1_i39.p1               39.02%    passed     99.99%
  36  DE181|Cluster-50614.0__TRINITY_DN10861_c0_g1_i3.p1              23.08%    passed    100.00%
  37  SRR3407086|Cluster-19410.0__TRINITY_DN501_c0_g3_i1.p1            0.19%    passed    100.00%
  38  DE561|Cluster-50056.0__TRINITY_DN5933_c0_g1_i2.p1               23.08%    passed    100.00%
  39  SRR3424066|Cluster-21474.0__TRINITY_DN1108_c0_g3_i1.p1           0.19%    passed    100.00%
  40  DE151|Cluster-50617.0__TRINITY_DN10253_c1_g1_i1.p1               0.19%    passed    100.00%
  41  DE173|Cluster-27125.0__TRINITY_DN5184_c0_g1_i1.p1               39.02%    passed     99.97%
  42  DE164|Cluster-31910.1__TRINITY_DN11385_c0_g1_i4.p1              23.08%    passed     99.98%
  43  DE550|Cluster-26762.0__TRINITY_DN1059_c1_g1_i2.p1               23.08%    passed    100.00%
  44  DE531|Cluster-47294.0__TRINITY_DN286_c0_g4_i4.p1                23.08%    passed    100.00%
  45  JJ36|Cluster-20012.0__TRINITY_DN9333_c0_g1_i1.p1                54.22%    passed     99.91%
  46  DE696-dots|Cluster-41498.0__TRINITY_DN5392_c0_g1_i2.p1          23.08%    passed    100.00%
  47  DE696-nodots|Cluster-55618.0__TRINITY_DN128_c0_g2_i1.p1         23.08%    passed    100.00%
  48  JJ89|Cluster-28694.0__TRINITY_DN7972_c0_g1_i2.p1                23.08%    passed    100.00%
  49  DE736|Cluster-63276.0__TRINITY_DN147_c0_g1_i17.p1                0.19%    passed    100.00%
  50  DE764|Cluster-47609.0__TRINITY_DN203_c0_g1_i6.p1                54.60%    passed     99.81%
  51  DE523|Cluster-27975.0__TRINITY_DN25_c2_g1_i1.p1                 39.02%    passed    100.00%
  52  DE503|Cluster-11740.0__TRINITY_DN625_c0_g1_i2.p1                51.41%    passed     99.45%
  53  DE510|Cluster-40823.0__TRINITY_DN3621_c5_g1_i2.p1               51.41%    passed     98.79%
  54  DE115|Cluster-62624.0__TRINITY_DN3598_c0_g1_i3.p1                0.38%    passed    100.00%
  55  DE127|Cluster-6819.0__TRINITY_DN21106_c0_g2_i1.p1                0.19%    passed    100.00%
  56  DE554|Cluster-58973.0__TRINITY_DN7701_c0_g1_i4.p1               39.02%    passed     99.90%
  57  DE528|Cluster-36504.0__TRINITY_DN10789_c0_g1_i1.p1              25.89%    passed    100.00%
  58  JJ86|Cluster-40522.0__TRINITY_DN3293_c1_g1_i2.p1                 3.00%    passed    100.00%
  59  DE575|Cluster-42754.0__TRINITY_DN294_c0_g1_i3.p1                31.33%    passed     99.94%
  60  DE681|Cluster-54768.0__TRINITY_DN432_c0_g1_i17.p1                8.44%    passed    100.00%
  61  DE765|Cluster-21816.0__TRINITY_DN107_c0_g1_i2.p1                47.28%    passed     96.94%
  62  DE152|Cluster-23935.0__TRINITY_DN4904_c0_g2_i1.p1                0.19%    passed    100.00%
  63  DE162|Cluster-33887.0__TRINITY_DN1462_c1_g1_i1.p1               15.20%    passed     99.95%
  64  DE704-purple|Cluster-59593.0__TRINITY_DN695_c0_g1_i8.p1          0.38%    passed    100.00%
  65  DE704-white|Cluster-38980.2__TRINITY_DN1940_c1_g1_i2.p1         15.20%    passed     99.99%
  66  DE668|Cluster-26652.0__TRINITY_DN98_c1_g1_i5.p1                  0.38%    passed    100.00%
  67  DE623|Cluster-41751.0__TRINITY_DN349_c0_g2_i9.p1                 0.38%    passed    100.00%
  68  DE563|Cluster-46296.0__TRINITY_DN1293_c0_g1_i7.p1               15.20%    passed     99.97%
  69  JJ131|Cluster-69063.0__TRINITY_DN2716_c0_g1_i1.p1                0.19%    passed    100.00%
  70  DE519|Cluster-66627.1__TRINITY_DN1977_c0_g3_i1.p1                0.38%    passed    100.00%
  71  DE741|Cluster-33311.0__TRINITY_DN2434_c0_g2_i1.p1                0.38%    passed    100.00%
  72  DE560|Cluster-36282.0__TRINITY_DN5814_c0_g1_i1.p1                0.19%    passed    100.00%
  73  JJ85|Cluster-12746.0__TRINITY_DN319_c0_g1_i2.p1                 23.08%    passed    100.00%
  74  JJ125|Cluster-33886.0__TRINITY_DN926_c0_g3_i1.p1                 0.75%    passed    100.00%
  75  DE507|Cluster-39986.1__TRINITY_DN4627_c0_g1_i11.p1              23.08%    passed    100.00%
  76  DE546_urceolata_l|Cluster-46410.0__TRINITY_DN3523_c2_g1_i6.p1    0.19%    passed    100.00%
  77  SRR5150740|Cluster-27176.0__TRINITY_DN3092_c0_g1_i1.p1           0.94%    passed     99.95%
  78  DRR234970|Cluster-48358.0__TRINITY_DN1310_c0_g4_i1.p1            0.94%    passed     99.84%
  79  SRR104381|Cluster-25151.1__TRINITY_DN324_c0_g1_i15.p1            7.32%    passed     99.96%
WARNING: 5 sequences contain more than 50% gaps/ambiguity
****  TOTAL                                                           15.94%  0 sequences failed composition chi2 test (p-value<5%; df=60)
Reading input tree file tmp.csubst.nwk ... rooted tree

NOTE: 83 MB RAM (0 GB) is required!
Measuring multi-threading efficiency up to 1 CPU cores
2 trees examined
Threads: 1 / Time: 4.386 sec / Speedup: 1.000 / Efficiency: 100% / LogL: -15221
BEST NUMBER OF THREADS: 1

Estimate model parameters (epsilon = 0.010)
1. Initial log-likelihood: -16415.251
2. Current log-likelihood: -9766.564
3. Current log-likelihood: -9766.336
4. Current log-likelihood: -9766.165
5. Current log-likelihood: -9766.030
6. Current log-likelihood: -9765.927
7. Current log-likelihood: -9765.852
8. Current log-likelihood: -9765.800
9. Current log-likelihood: -9765.765
10. Current log-likelihood: -9765.740
11. Current log-likelihood: -9765.723
12. Current log-likelihood: -9765.712
Optimal log-likelihood: -9765.705
Nonsynonymous/synonymous ratio (omega): 1.000
Transition/transversion ratio (kappa): 1.000
Site proportion and rates:  (0.581,0.440) (0.325,1.279) (0.082,3.301) (0.012,4.734)
Parameters optimization took 12 rounds (181.705 sec)
Wrote distance file to... 
BEST SCORE FOUND : -9765.705
Ancestral state probabilities printed to /mnt/data0/yue/2026-03-11-protein-convergence/results/OG_5899/csubst_w_s/csubst_input_alignment.fa.state
Empirical proportions for each category: 0.630 0.291 0.079 0.000
Site rates printed to /mnt/data0/yue/2026-03-11-protein-convergence/results/OG_5899/csubst_w_s/csubst_input_alignment.fa.rate
Total tree length: 2.830

Total number of iterations: 0
CPU time used for tree search: 0.000 sec (0h:0m:0s)
Wall-clock time used for tree search: 0.000 sec (0h:0m:0s)
Total CPU time used: 188.881 sec (0h:3m:8s)
Total wall-clock time used: 189.380 sec (0h:3m:9s)

Analysis results written to: 
  IQ-TREE report:                /mnt/data0/yue/2026-03-11-protein-convergence/results/OG_5899/csubst_w_s/csubst_input_alignment.fa.iqtree
  Maximum-likelihood tree:       /mnt/data0/yue/2026-03-11-protein-convergence/results/OG_5899/csubst_w_s/csubst_input_alignment.fa.treefile
  Site-specific rates:           /mnt/data0/yue/2026-03-11-protein-convergence/results/OG_5899/csubst_w_s/csubst_input_alignment.fa.rate
  Ancestral state:               /mnt/data0/yue/2026-03-11-protein-convergence/results/OG_5899/csubst_w_s/csubst_input_alignment.fa.state
  Screen log file:               /mnt/data0/yue/2026-03-11-protein-convergence/results/OG_5899/csubst_w_s/csubst_input_alignment.fa.log

Date and Time: Fri Mar 27 19:46:17 2026
