IQ-TREE multicore version 2.4.0 for Linux x86 64-bit built Feb 12 2025
Developed by Bui Quang Minh, Nguyen Lam Tung, Olga Chernomor, Heiko Schmidt,
Dominik Schrempf, Michael Woodhams, Ly Trong Nhan, Thomas Wong

Host:    brain (AVX2, FMA3, 2015 GB RAM)
Command: /home/yue/miniconda3/envs/py39/bin/iqtree -s /mnt/data0/yue/2026-03-11-protein-convergence/results/OG_6975/csubst_w_s/csubst_input_alignment.fa -te tmp.csubst.nwk -m ECMK07+F+R4 --seqtype CODON1 --threads-max 1 -T AUTO --ancestral --rate --redo
Seed:    205410 (Using SPRNG - Scalable Parallel Random Number Generator)
Time:    Fri Mar 27 23:19:07 2026
Kernel:  AVX+FMA - auto-detect threads (128 CPU cores detected)

Reading alignment file /mnt/data0/yue/2026-03-11-protein-convergence/results/OG_6975/csubst_w_s/csubst_input_alignment.fa ... Fasta format detected
Reading fasta file: done in 0.00149575 secs using 96.61% CPU
Alignment most likely contains DNA/RNA sequences
Converting to codon sequences with genetic code 1 ...
Alignment has 77 sequences with 205 columns, 195 distinct patterns
93 parsimony-informative, 60 singleton sites, 52 constant sites
                                                                Gap/Ambiguity  Composition  p-value
Analyzing sequences: done in 6.58184e-05 secs using 98.76% CPU
   1  DE115|Cluster-35752.0__TRINITY_DN2451_c4_g1_i1.p1                 0.00%    passed    100.00%
   2  DE546_urceolata_l|Cluster-39429.0__TRINITY_DN15414_c0_g1_i2.p1   13.17%    passed    100.00%
   3  DE152|Cluster-47097.0__TRINITY_DN6579_c0_g1_i1.p1                 0.00%    passed    100.00%
   4  DE126|Cluster-38948.0__TRINITY_DN2480_c0_g1_i1.p1                13.17%    passed    100.00%
   5  JJ99|Cluster-24805.0__TRINITY_DN4059_c0_g1_i1.p1                  0.00%    passed    100.00%
   6  DE151|Cluster-45862.0__TRINITY_DN2602_c1_g1_i2.p1                 0.00%    passed     99.99%
   7  DE164|Cluster-39424.0__TRINITY_DN17352_c0_g1_i1.p1                0.00%    passed    100.00%
   8  DE173|Cluster-42333.0__TRINITY_DN5560_c0_g1_i1.p1                13.17%    passed    100.00%
   9  DE189|Cluster-47294.0__TRINITY_DN3278_c1_g1_i2.p1                 0.00%    passed     99.99%
  10  DE737|Cluster-30157.0__TRINITY_DN60935_c1_g1_i1.p1                0.00%    passed    100.00%
  11  DE88|Cluster-12456.0__TRINITY_DN67544_c0_g1_i1.p1                 0.00%    passed    100.00%
  12  JJ130|Cluster-19186.0__TRINITY_DN6712_c0_g3_i1.p1                 0.00%    passed    100.00%
  13  JJ85|Cluster-8750.0__TRINITY_DN40262_c0_g1_i1.p1                  0.00%    passed    100.00%
  14  DE672|Cluster-14984.4__TRINITY_DN272_c0_g2_i6.p1                  0.00%    passed    100.00%
  15  JJ109|Cluster-14123.1__TRINITY_DN1560_c0_g3_i2.p1                 0.00%    passed    100.00%
  16  DE69|Cluster-35902.0__TRINITY_DN15063_c0_g1_i2.p1                 0.00%    passed    100.00%
  17  SRR3407096|Cluster-13924.0__TRINITY_DN1085_c0_g1_i1.p1            0.00%    passed    100.00%
  18  SRR3407093|Cluster-11411.0__TRINITY_DN38765_c0_g1_i1.p1           0.00%    passed    100.00%
  19  DE476|Cluster-4478.0__TRINITY_DN4787_c0_g1_i1.p1                  0.00%    passed    100.00%
  20  SRR3407095|Cluster-34509.0__TRINITY_DN8774_c0_g1_i1.p1            0.00%    passed    100.00%
  21  DE505|Cluster-48456.0__TRINITY_DN3335_c0_g2_i1.p1                 0.00%    passed    100.00%
  22  JJ89|Cluster-21491.0__TRINITY_DN31624_c0_g1_i1.p1                 0.00%    passed    100.00%
  23  DE510|Cluster-27862.0__TRINITY_DN6372_c0_g1_i1.p1                 0.00%    passed    100.00%
  24  DE550|Cluster-50375.0__TRINITY_DN1692_c0_g3_i2.p1                 0.00%    passed    100.00%
  25  JJ74|Cluster-110151.0__TRINITY_DN53094_c0_g1_i1.p1                0.00%    passed    100.00%
  26  DE560|Cluster-4868.0__TRINITY_DN7862_c0_g1_i1.p1                  0.00%    passed    100.00%
  27  SRR3407087|Cluster-5999.0__TRINITY_DN7853_c0_g1_i1.p1             0.00%    passed    100.00%
  28  DE566|Cluster-24171.0__TRINITY_DN3143_c0_g1_i1.p1                 0.49%    passed    100.00%
  29  DE523|Cluster-50158.0__TRINITY_DN1882_c0_g5_i1.p1                 0.00%    passed    100.00%
  30  DE531|Cluster-1037.0__TRINITY_DN15550_c0_g1_i1.p1                 0.00%    passed    100.00%
  31  JJ36|Cluster-42852.0__TRINITY_DN32977_c0_g1_i1.p1                 0.00%    passed    100.00%
  32  DE696-dots|Cluster-19183.0__TRINITY_DN5180_c0_g1_i4.p1            0.00%    passed    100.00%
  33  DE696-nodots|Cluster-26885.0__TRINITY_DN6194_c2_g1_i1.p1          0.00%    passed    100.00%
  34  JJ125|Cluster-14283.0__TRINITY_DN2818_c0_g2_i1.p1                13.17%    passed    100.00%
  35  DE764|Cluster-29467.0__TRINITY_DN5529_c4_g1_i1.p1                 0.00%    passed    100.00%
  36  DE519|Cluster-3115.0__TRINITY_DN102957_c0_g1_i1.p1                0.00%    passed    100.00%
  37  DE741|Cluster-39030.0__TRINITY_DN5156_c1_g1_i1.p1                 0.00%    passed    100.00%
  38  SRR3407092|Cluster-87.0__TRINITY_DN40813_c0_g1_i1.p1              0.00%    passed    100.00%
  39  DE541|Cluster-4832.0__TRINITY_DN4694_c0_g2_i1.p1                  0.00%    passed    100.00%
  40  DE229|Cluster-55704.0__TRINITY_DN105670_c0_g1_i1.p1               0.00%    passed    100.00%
  41  DE504|Cluster-50038.0__TRINITY_DN105_c4_g1_i1.p1                  0.00%    passed    100.00%
  42  DE181|Cluster-44818.0__TRINITY_DN14083_c1_g1_i1.p1               30.73%    passed    100.00%
  43  DE503|Cluster-27253.0__TRINITY_DN13069_c0_g1_i1.p1               13.17%    passed    100.00%
  44  SRR3407086|Cluster-10282.0__TRINITY_DN9482_c5_g1_i1.p1            0.00%    passed    100.00%
  45  SRR3407094|Cluster-33222.0__TRINITY_DN1426_c0_g1_i1.p1            0.00%    passed    100.00%
  46  SRR3407088|Cluster-33871.0__TRINITY_DN2624_c0_g1_i1.p1            0.00%    passed    100.00%
  47  DRR082660|Cluster-9323.0__TRINITY_DN39125_c0_g1_i1.p1             0.00%    passed    100.00%
  48  DE671|Cluster-44991.0__TRINITY_DN85552_c0_g1_i1.p1                0.00%    passed    100.00%
  49  DE643|Cluster-62432.0__TRINITY_DN22873_c0_g1_i3.p1                0.00%    passed    100.00%
  50  DE536|Cluster-51551.0__TRINITY_DN38868_c0_g1_i1.p1                0.00%    passed    100.00%
  51  JJ23|Cluster-25757.0__TRINITY_DN7185_c0_g1_i1.p1                  0.00%    passed    100.00%
  52  DE549|Cluster-25353.0__TRINITY_DN2508_c0_g1_i3.p1                 0.00%    passed    100.00%
  53  DE127|Cluster-22468.0__TRINITY_DN13346_c0_g1_i2.p1               13.17%    passed    100.00%
  54  DE554|Cluster-44461.0__TRINITY_DN6205_c0_g1_i2.p1                 0.00%    passed    100.00%
  55  DE666|Cluster-22340.0__TRINITY_DN37275_c0_g1_i1.p1                0.00%    passed    100.00%
  56  DE563|Cluster-34628.0__TRINITY_DN88566_c0_g1_i1.p1                0.00%    passed    100.00%
  57  DE680|Cluster-30496.0__TRINITY_DN4954_c0_g1_i1.p1                 0.00%    passed    100.00%
  58  DE162|Cluster-33247.0__TRINITY_DN2000_c0_g1_i1.p1                 0.00%    passed    100.00%
  59  DE528|Cluster-59114.0__TRINITY_DN3503_c0_g1_i1.p1                 0.00%    passed    100.00%
  60  DE704-purple|Cluster-46401.0__TRINITY_DN82824_c0_g1_i1.p1         0.00%    passed    100.00%
  61  DE704-white|Cluster-33516.0__TRINITY_DN107214_c0_g1_i1.p1         0.00%    passed    100.00%
  62  DE507|Cluster-39522.0__TRINITY_DN5722_c0_g1_i1.p1                13.17%    passed    100.00%
  63  JJ86|Cluster-50065.0__TRINITY_DN5407_c0_g1_i1.p1                  0.00%    passed    100.00%
  64  DE216|Cluster-82989.1__TRINITY_DN12320_c0_g3_i1.p1                0.00%    passed    100.00%
  65  JJ15|Cluster-63674.0__TRINITY_DN98463_c0_g1_i1.p1                 0.00%    passed    100.00%
  66  DE542|Cluster-54448.0__TRINITY_DN4231_c0_g1_i1.p1                 0.00%    passed    100.00%
  67  DE534|Cluster-19903.0__TRINITY_DN66871_c0_g1_i1.p1                0.00%    passed    100.00%
  68  DE509|Cluster-5200.0__TRINITY_DN5186_c0_g1_i1.p1                  0.00%    passed    100.00%
  69  DE736|Cluster-15944.0__TRINITY_DN7145_c2_g1_i1.p1                 0.00%    passed    100.00%
  70  DE561|Cluster-48274.0__TRINITY_DN1036_c2_g1_i1.p1                 9.27%    passed    100.00%
  71  DE623|Cluster-56103.0__TRINITY_DN6743_c0_g1_i1.p1                 0.00%    passed    100.00%
  72  DE575|Cluster-62799.0__TRINITY_DN4760_c0_g1_i2.p1                46.34%    passed     96.32%
  73  DE681|Cluster-52770.0__TRINITY_DN7210_c0_g1_i1.p1                 0.00%    passed     99.94%
  74  DE765|Cluster-11967.0__TRINITY_DN5523_c0_g2_i1.p1                 0.00%    passed    100.00%
  75  JJ131|Cluster-47081.1__TRINITY_DN20815_c0_g1_i3.p1                0.00%    passed    100.00%
  76  SRR104381|Cluster-21933.0__TRINITY_DN6718_c0_g1_i2.p1             0.00%    passed     87.98%
  77  SRR5150740|Cluster-12320.0__TRINITY_DN40510_c0_g1_i1.p1           0.00%    passed     73.91%
****  TOTAL                                                             2.32%  0 sequences failed composition chi2 test (p-value<5%; df=60)
Reading input tree file tmp.csubst.nwk ... rooted tree

NOTE: 37 MB RAM (0 GB) is required!
Measuring multi-threading efficiency up to 1 CPU cores
2 trees examined
Threads: 1 / Time: 1.903 sec / Speedup: 1.000 / Efficiency: 100% / LogL: -5229
BEST NUMBER OF THREADS: 1

Estimate model parameters (epsilon = 0.010)
1. Initial log-likelihood: -6095.566
2. Current log-likelihood: -3536.471
3. Current log-likelihood: -3525.811
4. Current log-likelihood: -3520.292
5. Current log-likelihood: -3520.281
Optimal log-likelihood: -3520.271
Nonsynonymous/synonymous ratio (omega): 1.000
Transition/transversion ratio (kappa): 1.000
Site proportion and rates:  (0.489,0.372) (0.354,1.230) (0.152,2.025) (0.005,15.257)
Parameters optimization took 5 rounds (37.251 sec)
Wrote distance file to... 
BEST SCORE FOUND : -3520.271
Ancestral state probabilities printed to /mnt/data0/yue/2026-03-11-protein-convergence/results/OG_6975/csubst_w_s/csubst_input_alignment.fa.state
Empirical proportions for each category: 0.571 0.346 0.078 0.005
Site rates printed to /mnt/data0/yue/2026-03-11-protein-convergence/results/OG_6975/csubst_w_s/csubst_input_alignment.fa.rate
Total tree length: 2.143

Total number of iterations: 0
CPU time used for tree search: 0.000 sec (0h:0m:0s)
Wall-clock time used for tree search: 0.000 sec (0h:0m:0s)
Total CPU time used: 40.424 sec (0h:0m:40s)
Total wall-clock time used: 40.548 sec (0h:0m:40s)

Analysis results written to: 
  IQ-TREE report:                /mnt/data0/yue/2026-03-11-protein-convergence/results/OG_6975/csubst_w_s/csubst_input_alignment.fa.iqtree
  Maximum-likelihood tree:       /mnt/data0/yue/2026-03-11-protein-convergence/results/OG_6975/csubst_w_s/csubst_input_alignment.fa.treefile
  Site-specific rates:           /mnt/data0/yue/2026-03-11-protein-convergence/results/OG_6975/csubst_w_s/csubst_input_alignment.fa.rate
  Ancestral state:               /mnt/data0/yue/2026-03-11-protein-convergence/results/OG_6975/csubst_w_s/csubst_input_alignment.fa.state
  Screen log file:               /mnt/data0/yue/2026-03-11-protein-convergence/results/OG_6975/csubst_w_s/csubst_input_alignment.fa.log

Date and Time: Fri Mar 27 23:19:47 2026
