IQ-TREE multicore version 2.4.0 for Linux x86 64-bit built Feb 12 2025
Developed by Bui Quang Minh, Nguyen Lam Tung, Olga Chernomor, Heiko Schmidt,
Dominik Schrempf, Michael Woodhams, Ly Trong Nhan, Thomas Wong

Host:    brain (AVX2, FMA3, 2015 GB RAM)
Command: /home/yue/miniconda3/envs/py39/bin/iqtree -s /mnt/data0/yue/2026-03-11-protein-convergence/results/OG_2748/csubst_w_s/csubst_input_alignment.fa -te tmp.csubst.nwk -m ECMK07+F+R4 --seqtype CODON1 --threads-max 1 -T AUTO --ancestral --rate --redo
Seed:    520975 (Using SPRNG - Scalable Parallel Random Number Generator)
Time:    Fri Mar 27 06:06:50 2026
Kernel:  AVX+FMA - auto-detect threads (128 CPU cores detected)

Reading alignment file /mnt/data0/yue/2026-03-11-protein-convergence/results/OG_2748/csubst_w_s/csubst_input_alignment.fa ... Fasta format detected
Reading fasta file: done in 0.00450663 secs using 78.79% CPU
Alignment most likely contains DNA/RNA sequences
Converting to codon sequences with genetic code 1 ...
WARNING: 1 sites contain only gaps or ambiguous characters.
Alignment has 78 sequences with 517 columns, 496 distinct patterns
235 parsimony-informative, 162 singleton sites, 120 constant sites
                                                             Gap/Ambiguity  Composition  p-value
Analyzing sequences: done in 0.00025034 secs using 98.67% CPU
   1  DE575|Cluster-58619.0__TRINITY_DN727_c0_g1_i2.p1              32.88%    passed    100.00%
   2  DE115|Cluster-60420.0__TRINITY_DN2229_c0_g1_i1.p1              0.19%    passed    100.00%
   3  JJ86|Cluster-54011.0__TRINITY_DN350_c0_g1_i1.p1                0.19%    passed    100.00%
   4  DE623|Cluster-20096.0__TRINITY_DN3972_c0_g1_i1.p1              0.19%    passed    100.00%
   5  DE546_urceolata_l|Cluster-2023.0__TRINITY_DN651_c4_g1_i1.p1    0.19%    passed    100.00%
   6  DE126|Cluster-8371.0__TRINITY_DN3613_c0_g1_i1.p1               0.19%    passed    100.00%
   7  DE152|Cluster-19804.0__TRINITY_DN10922_c0_g1_i1.p1             0.19%    passed    100.00%
   8  DE680|Cluster-54381.0__TRINITY_DN4115_c0_g1_i9.p1             36.36%    passed    100.00%
   9  DE229|Cluster-28624.1__TRINITY_DN3629_c0_g1_i2.p1              0.19%    passed    100.00%
  10  DE162|Cluster-6297.0__TRINITY_DN1693_c0_g1_i1.p1               0.19%    passed    100.00%
  11  DE507|Cluster-26092.0__TRINITY_DN1487_c0_g1_i1.p1              0.19%    passed    100.00%
  12  DE528|Cluster-27486.0__TRINITY_DN2321_c0_g1_i1.p1              0.19%    passed    100.00%
  13  DE704-purple|Cluster-33506.0__TRINITY_DN334_c0_g1_i1.p1        0.19%    passed    100.00%
  14  DE704-white|Cluster-33560.0__TRINITY_DN1337_c0_g2_i1.p1        0.19%    passed    100.00%
  15  DE666|Cluster-4376.0__TRINITY_DN8544_c0_g1_i1.p1               0.19%    passed    100.00%
  16  DE563|Cluster-1159.0__TRINITY_DN1966_c1_g1_i1.p1               0.19%    passed    100.00%
  17  DE127|Cluster-31200.0__TRINITY_DN5192_c0_g1_i1.p1             37.91%    passed     99.99%
  18  DE554|Cluster-49076.0__TRINITY_DN3471_c0_g1_i3.p1             37.91%    passed    100.00%
  19  DE519|Cluster-47010.0__TRINITY_DN2863_c0_g1_i1.p1             43.52%    passed     99.99%
  20  DE534|Cluster-60375.0__TRINITY_DN1513_c0_g1_i7.p1              0.19%    passed    100.00%
  21  DE151|Cluster-26895.0__TRINITY_DN1802_c1_g1_i1.p1              0.19%    passed    100.00%
  22  DE189|Cluster-48118.0__TRINITY_DN25906_c0_g1_i1.p1             0.19%    passed    100.00%
  23  DE164|Cluster-17948.0__TRINITY_DN1357_c0_g2_i1.p1              0.19%    passed    100.00%
  24  DE672|Cluster-14996.0__TRINITY_DN14096_c1_g2_i1.p1             0.19%    passed    100.00%
  25  DE550|Cluster-24427.0__TRINITY_DN6070_c0_g1_i1.p1              0.19%    passed    100.00%
  26  DE643|Cluster-42920.0__TRINITY_DN28_c0_g3_i1.p1                0.19%    passed    100.00%
  27  DE88|Cluster-8594.0__TRINITY_DN1095_c0_g1_i1.p1                0.19%    passed    100.00%
  28  DE173|Cluster-43912.0__TRINITY_DN6859_c0_g1_i1.p1              0.19%    passed    100.00%
  29  DE504|Cluster-13355.1__TRINITY_DN1868_c0_g2_i3.p1              0.19%    passed    100.00%
  30  JJ130|Cluster-20546.11__TRINITY_DN315_c0_g2_i2.p1              0.19%    passed    100.00%
  31  JJ109|Cluster-41371.1__TRINITY_DN778_c0_g1_i4.p1              43.52%    passed    100.00%
  32  DE476|Cluster-39752.0__TRINITY_DN67_c0_g3_i1.p1                0.19%    passed    100.00%
  33  JJ85|Cluster-16854.0__TRINITY_DN1180_c0_g1_i1.p1               0.19%    passed    100.00%
  34  DE541|Cluster-36947.0__TRINITY_DN2528_c0_g2_i1.p1             14.31%    passed    100.00%
  35  DE549|Cluster-47994.0__TRINITY_DN1835_c0_g2_i1.p1              0.19%    passed    100.00%
  36  DE671|Cluster-38083.0__TRINITY_DN2719_c0_g1_i2.p1              0.19%    passed    100.00%
  37  JJ89|Cluster-1639.0__TRINITY_DN3839_c0_g1_i1.p1                0.19%    passed    100.00%
  38  DE509|Cluster-47839.1__TRINITY_DN1262_c0_g3_i1.p1              0.19%    passed    100.00%
  39  DE736|Cluster-28640.0__TRINITY_DN3898_c0_g1_i1.p1              0.19%    passed    100.00%
  40  DE216|Cluster-81590.0__TRINITY_DN8499_c0_g1_i7.p1              0.19%    passed    100.00%
  41  JJ74|Cluster-76134.0__TRINITY_DN3266_c0_g1_i1.p1               3.09%    passed    100.00%
  42  DE560|Cluster-12810.1__TRINITY_DN426_c0_g1_i2.p1               0.19%    passed    100.00%
  43  DE523|Cluster-3632.0__TRINITY_DN1426_c1_g1_i1.p1               0.19%    passed    100.00%
  44  SRR3407096|Cluster-4321.0__TRINITY_DN2324_c0_g1_i1.p1          0.19%    passed    100.00%
  45  DE69|Cluster-22370.0__TRINITY_DN17492_c0_g1_i16.p1             0.19%    passed    100.00%
  46  SRR3407095|Cluster-45127.0__TRINITY_DN1748_c0_g1_i1.p1         0.19%    passed    100.00%
  47  DE737|Cluster-43413.0__TRINITY_DN1766_c1_g2_i1.p1              0.19%    passed    100.00%
  48  DRR082660|Cluster-35400.0__TRINITY_DN29615_c0_g1_i1.p1         0.19%    passed    100.00%
  49  JJ23|Cluster-48785.0__TRINITY_DN12788_c0_g1_i1.p1              0.97%    passed    100.00%
  50  DE181|Cluster-8114.0__TRINITY_DN4099_c0_g3_i1.p1              16.25%    passed    100.00%
  51  SRR3407088|Cluster-33361.0__TRINITY_DN13614_c0_g3_i1.p1        0.19%    passed    100.00%
  52  DE561|Cluster-38211.0__TRINITY_DN9042_c0_g1_i8.p1              0.19%    passed    100.00%
  53  SRR3424066|Cluster-19233.0__TRINITY_DN537_c0_g1_i1.p1          0.19%    passed    100.00%
  54  DE503|Cluster-59340.0__TRINITY_DN2260_c0_g1_i2.p1             16.25%    passed    100.00%
  55  SRR3407094|Cluster-8265.0__TRINITY_DN179_c0_g1_i1.p1           0.19%    passed    100.00%
  56  SRR3407093|Cluster-24642.0__TRINITY_DN292_c0_g1_i1.p1          0.19%    passed    100.00%
  57  SRR3407092|Cluster-12203.0__TRINITY_DN682_c0_g1_i1.p1          0.19%    passed    100.00%
  58  DE505|Cluster-6766.0__TRINITY_DN7978_c0_g1_i2.p1              16.25%    passed    100.00%
  59  DE510|Cluster-32062.1__TRINITY_DN515_c0_g1_i2.p1              16.25%    passed    100.00%
  60  SRR3407087|Cluster-40655.0__TRINITY_DN155_c0_g1_i1.p1          0.19%    passed    100.00%
  61  SRR3407086|Cluster-38665.1__TRINITY_DN2069_c0_g1_i19.p1       26.89%    passed     99.98%
  62  JJ131|Cluster-58944.1__TRINITY_DN4340_c0_g1_i2.p1              0.19%    passed    100.00%
  63  DE741|Cluster-54355.0__TRINITY_DN8410_c0_g1_i39.p1            37.91%    passed     99.99%
  64  JJ125|Cluster-31053.3__TRINITY_DN955_c0_g1_i21.p1              0.19%    passed    100.00%
  65  JJ99|Cluster-32689.0__TRINITY_DN2203_c0_g1_i2.p1               0.19%    passed    100.00%
  66  DE536|Cluster-50790.0__TRINITY_DN27078_c0_g1_i11.p1            5.61%    passed    100.00%
  67  DE668|Cluster-33859.0__TRINITY_DN2526_c0_g1_i1.p1              0.19%    passed    100.00%
  68  DE765|Cluster-29751.0__TRINITY_DN1102_c0_g1_i1.p1              0.19%    passed    100.00%
  69  DE681|Cluster-57639.0__TRINITY_DN37290_c0_g1_i1.p1             0.19%    passed    100.00%
  70  DRR234970|Cluster-17726.0__TRINITY_DN2806_c0_g1_i1.p1          0.19%    passed    100.00%
  71  SRR5150740|Cluster-53513.2__TRINITY_DN1252_c0_g1_i4.p1         2.32%    passed     99.87%
  72  SRR104381|Cluster-24541.0__TRINITY_DN10733_c0_g1_i7.p1         4.84%    passed    100.00%
  73  JJ15|Cluster-66810.3__TRINITY_DN1872_c0_g1_i45.p1             42.55%    passed     99.97%
  74  DE696-nodots|Cluster-59341.0__TRINITY_DN848_c0_g1_i3.p1       34.82%    passed    100.00%
  75  DE531|Cluster-53921.0__TRINITY_DN8759_c1_g1_i1.p1             34.82%    passed    100.00%
  76  JJ36|Cluster-35912.1__TRINITY_DN13894_c0_g1_i4.p1             34.82%    passed    100.00%
  77  DE566|Cluster-43327.0__TRINITY_DN2801_c0_g1_i8.p1              0.39%    passed    100.00%
  78  SRR11748982|Cluster-14865.1__TRINITY_DN4934_c0_g2_i2.p1        0.19%    passed     99.20%
****  TOTAL                                                          7.06%  0 sequences failed composition chi2 test (p-value<5%; df=60)
Reading input tree file tmp.csubst.nwk ... rooted tree

NOTE: 81 MB RAM (0 GB) is required!
Measuring multi-threading efficiency up to 1 CPU cores
2 trees examined
Threads: 1 / Time: 4.379 sec / Speedup: 1.000 / Efficiency: 100% / LogL: -12731
BEST NUMBER OF THREADS: 1

Estimate model parameters (epsilon = 0.010)
1. Initial log-likelihood: -15574.495
2. Current log-likelihood: -9077.636
3. Current log-likelihood: -9077.151
4. Current log-likelihood: -9076.986
5. Current log-likelihood: -9076.894
6. Current log-likelihood: -9076.835
7. Current log-likelihood: -9076.794
8. Current log-likelihood: -9076.766
9. Current log-likelihood: -9076.746
10. Current log-likelihood: -9076.731
11. Current log-likelihood: -9076.720
Optimal log-likelihood: -9076.712
Nonsynonymous/synonymous ratio (omega): 1.000
Transition/transversion ratio (kappa): 1.000
Site proportion and rates:  (0.562,0.507) (0.261,0.867) (0.163,2.748) (0.014,2.951)
Parameters optimization took 11 rounds (154.291 sec)
Wrote distance file to... 
BEST SCORE FOUND : -9076.712
Ancestral state probabilities printed to /mnt/data0/yue/2026-03-11-protein-convergence/results/OG_2748/csubst_w_s/csubst_input_alignment.fa.state
Empirical proportions for each category: 0.739 0.091 0.170 0.000
Site rates printed to /mnt/data0/yue/2026-03-11-protein-convergence/results/OG_2748/csubst_w_s/csubst_input_alignment.fa.rate
Total tree length: 2.359

Total number of iterations: 0
CPU time used for tree search: 0.000 sec (0h:0m:0s)
Wall-clock time used for tree search: 0.000 sec (0h:0m:0s)
Total CPU time used: 161.231 sec (0h:2m:41s)
Total wall-clock time used: 161.538 sec (0h:2m:41s)

Analysis results written to: 
  IQ-TREE report:                /mnt/data0/yue/2026-03-11-protein-convergence/results/OG_2748/csubst_w_s/csubst_input_alignment.fa.iqtree
  Maximum-likelihood tree:       /mnt/data0/yue/2026-03-11-protein-convergence/results/OG_2748/csubst_w_s/csubst_input_alignment.fa.treefile
  Site-specific rates:           /mnt/data0/yue/2026-03-11-protein-convergence/results/OG_2748/csubst_w_s/csubst_input_alignment.fa.rate
  Ancestral state:               /mnt/data0/yue/2026-03-11-protein-convergence/results/OG_2748/csubst_w_s/csubst_input_alignment.fa.state
  Screen log file:               /mnt/data0/yue/2026-03-11-protein-convergence/results/OG_2748/csubst_w_s/csubst_input_alignment.fa.log

Date and Time: Fri Mar 27 06:09:32 2026
