IQ-TREE multicore version 2.4.0 for Linux x86 64-bit built Feb 12 2025
Developed by Bui Quang Minh, Nguyen Lam Tung, Olga Chernomor, Heiko Schmidt,
Dominik Schrempf, Michael Woodhams, Ly Trong Nhan, Thomas Wong

Host:    brain (AVX2, FMA3, 2015 GB RAM)
Command: /home/yue/miniconda3/envs/py39/bin/iqtree -s /mnt/data0/yue/2026-03-11-protein-convergence/results/OG_726/csubst_w_s/csubst_input_alignment.fa -te tmp.csubst.nwk -m ECMK07+F+R4 --seqtype CODON1 --threads-max 1 -T AUTO --ancestral --rate --redo
Seed:    770698 (Using SPRNG - Scalable Parallel Random Number Generator)
Time:    Sat Mar 28 00:14:53 2026
Kernel:  AVX+FMA - auto-detect threads (128 CPU cores detected)

Reading alignment file /mnt/data0/yue/2026-03-11-protein-convergence/results/OG_726/csubst_w_s/csubst_input_alignment.fa ... Fasta format detected
Reading fasta file: done in 0.00154614 secs using 49.93% CPU
Alignment most likely contains DNA/RNA sequences
Converting to codon sequences with genetic code 1 ...
WARNING: 1 sites contain only gaps or ambiguous characters.
Alignment has 127 sequences with 232 columns, 231 distinct patterns
164 parsimony-informative, 41 singleton sites, 27 constant sites
                                                                Gap/Ambiguity  Composition  p-value
Analyzing sequences: done in 7.14958e-05 secs using 99.31% CPU
   1  DE560|Cluster-31748.0__TRINITY_DN5197_c0_g1_i11.p1               43.53%    passed     99.98%
   2  DE561|Cluster-43299.0__TRINITY_DN7316_c0_g1_i3.p1                32.76%    passed     98.85%
   3  DE181|Cluster-54362.0__TRINITY_DN4627_c0_g1_i6.p1                32.76%    passed     99.37%
   4  DE519|Cluster-18610.0__TRINITY_DN5740_c0_g1_i6.p1                43.53%    passed     99.99%
   5  DE504|Cluster-48012.0__TRINITY_DN5631_c0_g1_i2.p1                13.79%    passed    100.00%
   6  DE151|Cluster-24899.0__TRINITY_DN13425_c0_g1_i2.p1               43.53%    passed     99.93%
   7  DE173|Cluster-30468.0__TRINITY_DN2091_c1_g1_i2.p1                43.53%    passed     99.98%
   8  DE509|Cluster-43351.0__TRINITY_DN524_c0_g1_i4.p1                 40.52%    passed     51.01%
   9  DE736|Cluster-35575.0__TRINITY_DN5940_c0_g1_i3.p1                40.52%    passed     59.24%
  10  DE505|Cluster-44369.0__TRINITY_DN9848_c0_g2_i1.p1                43.53%    passed     99.95%
  11  SRR3407087|Cluster-33421.0__TRINITY_DN4768_c0_g1_i8.p1           43.53%    passed     99.93%
  12  DE152|Cluster-36659.1__TRINITY_DN4537_c0_g1_i9.p1                43.53%    passed     99.99%
  13  DE229|Cluster-78585.0__TRINITY_DN5391_c0_g2_i2.p1                43.53%    passed     99.99%
  14  JJ99|Cluster-4970.0__TRINITY_DN353_c0_g1_i2.p1                   43.53%    passed     99.99%
  15  DE575|Cluster-43709.0__TRINITY_DN8644_c0_g1_i5.p1                43.53%    passed     99.94%
  16  DE668|Cluster-56840.0__TRINITY_DN3317_c0_g2_i2.p1                43.53%    passed     99.12%
  17  DE681|Cluster-61055.3__TRINITY_DN15039_c0_g2_i11.p1              43.53%    passed     99.69%
  18  JJ36|Cluster-13072.0__TRINITY_DN13214_c0_g1_i3.p1                26.72%    passed    100.00%
  19  DE550|Cluster-44667.2__TRINITY_DN4032_c0_g1_i11.p1               26.72%    passed    100.00%
  20  DE88|Cluster-30871.0__TRINITY_DN8097_c0_g1_i1.p1                 26.72%    passed    100.00%
  21  JJ130|Cluster-25093.0__TRINITY_DN6904_c0_g3_i1.p1                26.72%    passed    100.00%
  22  DE476|Cluster-37874.0__TRINITY_DN7390_c1_g1_i2.p1                26.72%    passed    100.00%
  23  DE549|Cluster-34550.0__TRINITY_DN4210_c0_g1_i2.p1                26.72%    passed    100.00%
  24  DE509|Cluster-31156.0__TRINITY_DN524_c0_g2_i4.p1                 26.72%    passed    100.00%
  25  DE764|Cluster-31310.0__TRINITY_DN3467_c0_g1_i4.p1                26.72%    passed    100.00%
  26  DE643|Cluster-78460.1__TRINITY_DN7997_c0_g1_i6.p1                26.72%    passed    100.00%
  27  DE536|Cluster-39998.0__TRINITY_DN174_c1_g2_i1.p1                 26.72%    passed    100.00%
  28  JJ109|Cluster-47163.0__TRINITY_DN6734_c0_g1_i5.p1                41.38%    passed     99.74%
  29  DE764|Cluster-31260.0__TRINITY_DN3467_c0_g2_i4.p1                43.53%    passed     99.98%
  30  DE549|Cluster-11743.0__TRINITY_DN955_c1_g1_i3.p1                 43.53%    passed     99.98%
  31  DE696-dots|Cluster-55406.0__TRINITY_DN2560_c0_g1_i10.p1          43.53%    passed     99.92%
  32  DE550|Cluster-52638.0__TRINITY_DN2940_c0_g1_i5.p1                43.53%    passed     99.46%
  33  DE164|Cluster-49807.0__TRINITY_DN7745_c0_g1_i4.p1                43.53%    passed     99.99%
  34  DE181|Cluster-46220.0__TRINITY_DN5294_c0_g1_i2.p1                43.53%    passed     99.76%
  35  DE505|Cluster-34850.1__TRINITY_DN9848_c0_g3_i1.p1                43.53%    passed     99.74%
  36  DE523|Cluster-42984.0__TRINITY_DN6730_c0_g1_i1.p1                43.53%    passed     99.51%
  37  DE534|Cluster-60280.0__TRINITY_DN6140_c0_g1_i1.p1                43.53%    passed     98.53%
  38  DE69|Cluster-53517.0__TRINITY_DN2031_c0_g1_i32.p1                24.57%    passed     99.93%
  39  DE666|Cluster-21209.0__TRINITY_DN3137_c1_g1_i4.p1                26.72%    passed     99.86%
  40  DE554|Cluster-34434.0__TRINITY_DN10376_c0_g1_i2.p1               26.72%    passed    100.00%
  41  DE115|Cluster-20676.0__TRINITY_DN4240_c1_g1_i2.p1                 2.16%    passed     99.99%
  42  DE126|Cluster-25559.0__TRINITY_DN6841_c0_g1_i2.p1                16.81%    passed     99.98%
  43  DE507|Cluster-29422.0__TRINITY_DN12805_c0_g1_i3.p1                2.16%    passed     99.95%
  44  DE528|Cluster-34460.0__TRINITY_DN12315_c0_g1_i3.p1               16.81%    passed     99.98%
  45  DE623|Cluster-50636.0__TRINITY_DN961_c0_g2_i2.p1                 16.81%    passed     99.98%
  46  DE704-purple|Cluster-63041.0__TRINITY_DN18957_c0_g1_i1.p1         2.16%    passed     99.93%
  47  DE127|Cluster-27854.0__TRINITY_DN5938_c0_g1_i7.p1                 2.16%    passed     99.73%
  48  DE704-white|Cluster-12030.13__TRINITY_DN6917_c0_g1_i4.p1         27.16%    passed    100.00%
  49  DE666|Cluster-21823.0__TRINITY_DN29512_c1_g1_i3.p1                2.16%    passed     88.63%
  50  DE546_urceolata_l|Cluster-47530.0__TRINITY_DN5624_c0_g1_i10.p1   27.16%    passed     91.63%
  51  JJ86|Cluster-7964.0__TRINITY_DN4511_c1_g2_i1.p1                   2.16%    passed     99.99%
  52  DE162|Cluster-41531.0__TRINITY_DN8453_c0_g1_i2.p1                14.66%    passed     99.99%
  53  DE765|Cluster-13767.0__TRINITY_DN8036_c0_g1_i3.p1                 2.16%    passed     99.17%
  54  DRR082660|Cluster-46036.0__TRINITY_DN14795_c0_g1_i6.p1            0.86%    passed     94.24%
  55  DE69|Cluster-50860.0__TRINITY_DN4165_c0_g1_i3.p1                 27.16%    passed     99.99%
  56  DE523|Cluster-46473.0__TRINITY_DN3415_c1_g1_i12.p1               16.81%    passed     99.84%
  57  DE741|Cluster-52098.0__TRINITY_DN4395_c1_g1_i2.p1                16.81%    passed     99.99%
  58  DE541|Cluster-42946.0__TRINITY_DN4514_c1_g1_i4.p1                 2.16%    passed    100.00%
  59  DE531|Cluster-28036.2__TRINITY_DN9514_c0_g2_i4.p1                16.81%    passed     99.90%
  60  SRR3407095|Cluster-37146.0__TRINITY_DN11227_c0_g1_i1.p1           2.16%    passed     99.93%
  61  DE503|Cluster-47627.1__TRINITY_DN18731_c0_g1_i8.p1               27.16%    passed    100.00%
  62  SRR3407086|Cluster-36156.0__TRINITY_DN2575_c1_g1_i5.p1            2.16%    passed     99.99%
  63  SRR3424066|Cluster-38717.0__TRINITY_DN3627_c0_g1_i8.p1           16.81%    passed     99.90%
  64  SRR3407088|Cluster-36312.0__TRINITY_DN4325_c0_g1_i6.p1           27.16%    passed     99.98%
  65  SRR3407094|Cluster-8201.0__TRINITY_DN4580_c0_g1_i4.p1             2.16%    passed     99.73%
  66  SRR3407093|Cluster-25349.0__TRINITY_DN4511_c0_g1_i9.p1            2.16%    passed     99.92%
  67  SRR5150740|Cluster-29318.0__TRINITY_DN143_c0_g4_i1.p1             2.16%    passed     96.47%
  68  DE566|Cluster-53617.1__TRINITY_DN6459_c0_g1_i8.p1                 2.16%    passed    100.00%
  69  JJ15|Cluster-62937.1__TRINITY_DN4053_c0_g1_i13.p1                40.52%    passed     54.46%
  70  DE534|Cluster-69715.0__TRINITY_DN159_c1_g1_i13.p1                 2.16%    passed    100.00%
  71  JJ74|Cluster-132394.0__TRINITY_DN1628_c1_g1_i7.p1                36.64%    passed     78.02%
  72  DE189|Cluster-36425.0__TRINITY_DN14015_c0_g1_i1.p1                2.16%    passed    100.00%
  73  JJ130|Cluster-49995.0__TRINITY_DN18964_c0_g1_i2.p1                2.16%    passed    100.00%
  74  JJ89|Cluster-11287.0__TRINITY_DN855_c0_g2_i5.p1                   2.16%    passed    100.00%
  75  DE88|Cluster-16701.0__TRINITY_DN8097_c0_g2_i1.p1                  2.16%    passed    100.00%
  76  DE672|Cluster-23002.0__TRINITY_DN1877_c0_g3_i1.p1                 2.16%    passed    100.00%
  77  DE737|Cluster-17386.0__TRINITY_DN3171_c0_g1_i1.p1                 2.16%    passed    100.00%
  78  DE671|Cluster-58446.0__TRINITY_DN4481_c0_g1_i1.p1                 2.16%    passed     98.71%
  79  DE643|Cluster-74419.0__TRINITY_DN3804_c0_g1_i5.p1                 2.16%    passed     99.92%
  80  DE115|Cluster-50747.0__TRINITY_DN10097_c0_g1_i2.p1               25.00%    passed    100.00%
  81  DE546_urceolata_l|Cluster-30732.0__TRINITY_DN3212_c0_g1_i1.p1     3.02%    passed    100.00%
  82  DE126|Cluster-43988.0__TRINITY_DN6597_c0_g1_i3.p1                 3.02%    passed    100.00%
  83  DE152|Cluster-22429.0__TRINITY_DN11046_c0_g1_i3.p1                3.02%    passed    100.00%
  84  JJ99|Cluster-52667.0__TRINITY_DN2658_c0_g2_i4.p1                  3.02%    passed    100.00%
  85  DE519|Cluster-1199.0__TRINITY_DN5415_c1_g1_i1.p1                  3.02%    passed    100.00%
  86  DRR082660|Cluster-11568.0__TRINITY_DN37766_c0_g1_i1.p1            3.02%    passed    100.00%
  87  DE623|Cluster-34099.1__TRINITY_DN961_c0_g1_i1.p1                  3.02%    passed    100.00%
  88  DE680|Cluster-36100.0__TRINITY_DN4370_c0_g1_i4.p1                25.43%    passed    100.00%
  89  DE229|Cluster-66445.0__TRINITY_DN5391_c0_g1_i2.p1                25.00%    passed    100.00%
  90  DE151|Cluster-10170.0__TRINITY_DN57616_c0_g1_i1.p1                3.02%    passed    100.00%
  91  DE173|Cluster-49378.0__TRINITY_DN8706_c0_g1_i1.p1                 3.02%    passed    100.00%
  92  DE531|Cluster-53105.0__TRINITY_DN9514_c0_g5_i1.p1                 3.02%    passed    100.00%
  93  DE696-dots|Cluster-46539.0__TRINITY_DN46053_c0_g1_i1.p1           3.02%    passed    100.00%
  94  DE696-nodots|Cluster-49567.0__TRINITY_DN13696_c0_g1_i1.p1         3.02%    passed    100.00%
  95  DE164|Cluster-1888.0__TRINITY_DN28744_c0_g1_i2.p1                 3.02%    passed    100.00%
  96  DE541|Cluster-7813.0__TRINITY_DN1254_c0_g3_i1.p1                  3.02%    passed    100.00%
  97  DE737|Cluster-29276.0__TRINITY_DN11213_c1_g1_i1.p1                3.02%    passed    100.00%
  98  DE736|Cluster-408.0__TRINITY_DN5940_c0_g3_i1.p1                   3.02%    passed    100.00%
  99  JJ89|Cluster-41719.0__TRINITY_DN855_c0_g1_i2.p1                   3.02%    passed    100.00%
 100  DE127|Cluster-35358.40__TRINITY_DN8570_c0_g1_i1.p1                3.02%    passed    100.00%
 101  DE162|Cluster-4499.0__TRINITY_DN12064_c0_g1_i1.p1                 3.02%    passed    100.00%
 102  DE528|Cluster-39086.0__TRINITY_DN4545_c0_g1_i2.p1                19.83%    passed     97.36%
 103  DE681|Cluster-17384.0__TRINITY_DN3968_c0_g1_i2.p1                 3.02%    passed    100.00%
 104  DE765|Cluster-17878.0__TRINITY_DN76228_c0_g1_i2.p1                3.02%    passed    100.00%
 105  DE575|Cluster-17075.0__TRINITY_DN4802_c0_g1_i2.p1                 3.02%    passed    100.00%
 106  DE216|Cluster-84294.0__TRINITY_DN6182_c0_g1_i1.p1                19.83%    passed     98.86%
 107  DE542|Cluster-6590.0__TRINITY_DN98904_c0_g1_i1.p1                 3.02%    passed    100.00%
 108  JJ15|Cluster-70937.0__TRINITY_DN17526_c0_g2_i2.p1                19.83%    passed     96.76%
 109  DE560|Cluster-12991.0__TRINITY_DN5523_c0_g1_i1.p1                 3.02%    passed    100.00%
 110  SRR3407096|Cluster-13065.0__TRINITY_DN30547_c0_g1_i1.p1           3.02%    passed    100.00%
 111  DE672|Cluster-27629.0__TRINITY_DN1877_c0_g1_i4.p1                 3.02%    passed    100.00%
 112  JJ86|Cluster-31283.0__TRINITY_DN18959_c0_g1_i2.p1                 3.02%    passed    100.00%
 113  DE563|Cluster-22407.0__TRINITY_DN18463_c0_g1_i4.p1                3.02%    passed     99.79%
 114  JJ23|Cluster-7371.0__TRINITY_DN12063_c0_g1_i1.p1                 25.00%    passed    100.00%
 115  DE503|Cluster-42350.0__TRINITY_DN9767_c0_g1_i7.p1                25.00%    passed    100.00%
 116  DE510|Cluster-49350.1__TRINITY_DN3291_c0_g1_i11.p1                3.02%    passed    100.00%
 117  SRR3407087|Cluster-40086.1__TRINITY_DN3489_c0_g1_i1.p1            3.02%    passed    100.00%
 118  SRR3407094|Cluster-8027.0__TRINITY_DN36619_c1_g1_i1.p1            3.02%    passed    100.00%
 119  SRR3407093|Cluster-1436.0__TRINITY_DN45758_c0_g1_i1.p1            3.02%    passed    100.00%
 120  SRR3407092|Cluster-5566.0__TRINITY_DN28899_c0_g1_i1.p1            3.02%    passed    100.00%
 121  SRR3407086|Cluster-36026.0__TRINITY_DN7519_c0_g1_i1.p1            3.02%    passed    100.00%
 122  JJ85|Cluster-3579.0__TRINITY_DN13600_c0_g1_i2.p1                 25.00%    passed    100.00%
 123  SRR3407088|Cluster-37364.0__TRINITY_DN51068_c0_g1_i1.p1           3.02%    passed    100.00%
 124  DE741|Cluster-29552.0__TRINITY_DN12588_c0_g1_i1.p1                5.17%    passed    100.00%
 125  DE566|Cluster-60804.0__TRINITY_DN5276_c1_g1_i11.p1                3.02%    passed     99.51%
 126  DRR234970|Cluster-12131.0__TRINITY_DN17640_c0_g1_i1.p1            3.02%    passed     98.63%
 127  JJ131|Cluster-54132.0__TRINITY_DN9376_c0_g1_i2.p1                 3.02%    passed    100.00%
****  TOTAL                                                            17.22%  0 sequences failed composition chi2 test (p-value<5%; df=60)
Reading input tree file tmp.csubst.nwk ... rooted tree

NOTE: 70 MB RAM (0 GB) is required!
Measuring multi-threading efficiency up to 1 CPU cores
2 trees examined
Threads: 1 / Time: 3.483 sec / Speedup: 1.000 / Efficiency: 100% / LogL: -21017
BEST NUMBER OF THREADS: 1

Estimate model parameters (epsilon = 0.010)
1. Initial log-likelihood: -9802.858
2. Current log-likelihood: -6810.296
3. Current log-likelihood: -6806.553
4. Current log-likelihood: -6806.535
Optimal log-likelihood: -6806.530
Nonsynonymous/synonymous ratio (omega): 1.000
Transition/transversion ratio (kappa): 1.000
Site proportion and rates:  (0.618,0.480) (0.267,1.352) (0.109,2.972) (0.006,3.254)
Parameters optimization took 4 rounds (44.376 sec)
Wrote distance file to... 
BEST SCORE FOUND : -6806.530
Ancestral state probabilities printed to /mnt/data0/yue/2026-03-11-protein-convergence/results/OG_726/csubst_w_s/csubst_input_alignment.fa.state
Empirical proportions for each category: 0.664 0.241 0.095 0.000
Site rates printed to /mnt/data0/yue/2026-03-11-protein-convergence/results/OG_726/csubst_w_s/csubst_input_alignment.fa.rate
Total tree length: 5.739

Total number of iterations: 0
CPU time used for tree search: 0.000 sec (0h:0m:0s)
Wall-clock time used for tree search: 0.000 sec (0h:0m:0s)
Total CPU time used: 49.560 sec (0h:0m:49s)
Total wall-clock time used: 49.713 sec (0h:0m:49s)

Analysis results written to: 
  IQ-TREE report:                /mnt/data0/yue/2026-03-11-protein-convergence/results/OG_726/csubst_w_s/csubst_input_alignment.fa.iqtree
  Maximum-likelihood tree:       /mnt/data0/yue/2026-03-11-protein-convergence/results/OG_726/csubst_w_s/csubst_input_alignment.fa.treefile
  Site-specific rates:           /mnt/data0/yue/2026-03-11-protein-convergence/results/OG_726/csubst_w_s/csubst_input_alignment.fa.rate
  Ancestral state:               /mnt/data0/yue/2026-03-11-protein-convergence/results/OG_726/csubst_w_s/csubst_input_alignment.fa.state
  Screen log file:               /mnt/data0/yue/2026-03-11-protein-convergence/results/OG_726/csubst_w_s/csubst_input_alignment.fa.log

Date and Time: Sat Mar 28 00:15:43 2026
