IQ-TREE multicore version 2.4.0 for Linux x86 64-bit built Feb 12 2025
Developed by Bui Quang Minh, Nguyen Lam Tung, Olga Chernomor, Heiko Schmidt,
Dominik Schrempf, Michael Woodhams, Ly Trong Nhan, Thomas Wong

Host:    brain (AVX2, FMA3, 2015 GB RAM)
Command: /home/yue/miniconda3/envs/py39/bin/iqtree -s /mnt/data0/yue/2026-03-11-protein-convergence/results/OG_2345/csubst_w_s/csubst_input_alignment.fa -te tmp.csubst.nwk -m ECMK07+F+R4 --seqtype CODON1 --threads-max 1 -T AUTO --ancestral --rate --redo
Seed:    96529 (Using SPRNG - Scalable Parallel Random Number Generator)
Time:    Fri Mar 27 04:04:02 2026
Kernel:  AVX+FMA - auto-detect threads (128 CPU cores detected)

Reading alignment file /mnt/data0/yue/2026-03-11-protein-convergence/results/OG_2345/csubst_w_s/csubst_input_alignment.fa ... Fasta format detected
Reading fasta file: done in 0.00130133 secs using 39.88% CPU
Alignment most likely contains DNA/RNA sequences
Converting to codon sequences with genetic code 1 ...
Alignment has 64 sequences with 159 columns, 158 distinct patterns
80 parsimony-informative, 48 singleton sites, 31 constant sites
                                                               Gap/Ambiguity  Composition  p-value
Analyzing sequences: done in 6.61314e-05 secs using 96.78% CPU
   1  JJ99|Cluster-44840.1__TRINITY_DN15946_c0_g2_i8.p1                0.00%    passed    100.00%
   2  DE115|Cluster-34386.0__TRINITY_DN2936_c0_g1_i6.p1                0.00%    passed    100.00%
   3  DE503|Cluster-21039.0__TRINITY_DN3787_c1_g2_i2.p1                0.00%    passed    100.00%
   4  SRR3424066|Cluster-27661.0__TRINITY_DN18534_c0_g1_i2.p1          0.00%    passed    100.00%
   5  SRR3407093|Cluster-14206.0__TRINITY_DN27280_c0_g1_i1.p1          0.00%    passed    100.00%
   6  SRR3407092|Cluster-28661.0__TRINITY_DN12922_c0_g1_i1.p1          0.00%    passed    100.00%
   7  DE561|Cluster-46990.1__TRINITY_DN15209_c0_g1_i5.p1               0.00%    passed    100.00%
   8  DE505|Cluster-43525.0__TRINITY_DN23715_c0_g1_i1.p1               0.00%    passed    100.00%
   9  SRR3407087|Cluster-41363.0__TRINITY_DN9203_c0_g2_i1.p1           0.00%    passed    100.00%
  10  DE181|Cluster-57986.1__TRINITY_DN30043_c0_g1_i3.p1               0.00%    passed    100.00%
  11  SRR3407086|Cluster-16391.0__TRINITY_DN10552_c0_g1_i1.p1          0.00%    passed    100.00%
  12  JJ85|Cluster-30344.1__TRINITY_DN11373_c0_g1_i9.p1                0.00%    passed    100.00%
  13  SRR3407088|Cluster-32670.1__TRINITY_DN9956_c0_g1_i2.p1           0.00%    passed    100.00%
  14  DRR234970|Cluster-13886.0__TRINITY_DN25116_c0_g1_i1.p1           0.00%    passed    100.00%
  15  DE623|Cluster-57069.0__TRINITY_DN20779_c1_g1_i3.p1               0.00%    passed    100.00%
  16  DE523|Cluster-45422.4__TRINITY_DN3217_c0_g1_i4.p1                0.00%    passed    100.00%
  17  DE126|Cluster-23929.0__TRINITY_DN21662_c0_g1_i5.p1               0.00%    passed    100.00%
  18  DE162|Cluster-45999.1__TRINITY_DN9556_c0_g1_i2.p1                0.00%    passed    100.00%
  19  JJ23|Cluster-41648.4__TRINITY_DN7981_c0_g2_i1.p1                 0.00%    passed    100.00%
  20  DE546_urceolata_l|Cluster-40455.0__TRINITY_DN9406_c0_g1_i3.p1    0.00%    passed    100.00%
  21  DE554|Cluster-4359.0__TRINITY_DN24012_c0_g2_i1.p1                0.00%    passed    100.00%
  22  DE563|Cluster-48614.0__TRINITY_DN25526_c0_g1_i11.p1              0.00%    passed    100.00%
  23  DE680|Cluster-13418.0__TRINITY_DN11605_c0_g1_i3.p1               0.00%    passed    100.00%
  24  DE575|Cluster-7928.0__TRINITY_DN21488_c0_g1_i2.p1                0.00%    passed    100.00%
  25  DE765|Cluster-52261.0__TRINITY_DN23955_c0_g1_i13.p1              0.00%    passed    100.00%
  26  DE681|Cluster-2431.0__TRINITY_DN17421_c0_g1_i2.p1                0.00%    passed    100.00%
  27  DE152|Cluster-53080.1__TRINITY_DN19364_c0_g1_i6.p1               0.00%    passed    100.00%
  28  DE151|Cluster-54377.0__TRINITY_DN25911_c1_g1_i1.p1               0.00%    passed    100.00%
  29  DE189|Cluster-40567.1__TRINITY_DN6753_c0_g1_i5.p1                0.00%    passed    100.00%
  30  DE541|Cluster-32952.2__TRINITY_DN5814_c0_g1_i6.p1                0.00%    passed    100.00%
  31  DE550|Cluster-25059.7__TRINITY_DN3578_c0_g1_i12.p1               0.00%    passed    100.00%
  32  DE164|Cluster-29717.0__TRINITY_DN5235_c0_g1_i2.p1                0.00%    passed    100.00%
  33  DE671|Cluster-27247.0__TRINITY_DN29925_c0_g1_i1.p1               0.00%    passed    100.00%
  34  JJ130|Cluster-46605.1__TRINITY_DN944_c1_g1_i8.p1                 0.00%    passed    100.00%
  35  JJ89|Cluster-30536.0__TRINITY_DN3393_c0_g1_i4.p1                 0.00%    passed    100.00%
  36  DE643|Cluster-65776.0__TRINITY_DN3613_c0_g1_i1.p1                0.00%    passed    100.00%
  37  DE476|Cluster-46364.2__TRINITY_DN2714_c0_g1_i7.p1                0.00%    passed    100.00%
  38  DE560|Cluster-29837.1__TRINITY_DN25799_c0_g1_i5.p1               0.00%    passed    100.00%
  39  SRR3407096|Cluster-17222.1__TRINITY_DN8529_c0_g2_i1.p1          38.36%    passed    100.00%
  40  DE173|Cluster-49662.4__TRINITY_DN32409_c0_g1_i1.p1               0.00%    passed    100.00%
  41  DE88|Cluster-10249.0__TRINITY_DN9048_c0_g1_i1.p1                 0.00%    passed    100.00%
  42  DE519|Cluster-38644.1__TRINITY_DN6580_c0_g1_i7.p1                0.00%    passed    100.00%
  43  DE536|Cluster-56637.0__TRINITY_DN6219_c0_g1_i1.p1                6.29%    passed    100.00%
  44  DE741|Cluster-34904.3__TRINITY_DN11724_c0_g1_i8.p1               0.00%    passed    100.00%
  45  JJ109|Cluster-47739.0__TRINITY_DN2435_c0_g2_i3.p1                0.00%    passed    100.00%
  46  DE531|Cluster-54896.0__TRINITY_DN13699_c0_g1_i15.p1              0.00%    passed    100.00%
  47  DE509|Cluster-24139.0__TRINITY_DN4018_c0_g1_i2.p1               27.04%    passed     29.77%
  48  DE764|Cluster-11455.0__TRINITY_DN9254_c0_g1_i2.p1               27.04%    passed    100.00%
  49  DE736|Cluster-31294.0__TRINITY_DN9190_c0_g1_i2.p1                0.00%    passed     99.61%
  50  DE737|Cluster-25432.0__TRINITY_DN25029_c0_g1_i2.p1               0.00%    passed    100.00%
  51  JJ15|Cluster-74294.0__TRINITY_DN16185_c0_g1_i4.p1                0.00%    passed    100.00%
  52  JJ74|Cluster-95385.2__TRINITY_DN34916_c0_g1_i13.p1               0.00%    passed    100.00%
  53  DE127|Cluster-46800.0__TRINITY_DN18455_c0_g1_i2.p1               0.00%    passed    100.00%
  54  JJ125|Cluster-22219.1__TRINITY_DN9805_c0_g1_i6.p1                3.14%    passed    100.00%
  55  DE566|Cluster-56323.0__TRINITY_DN12175_c0_g1_i1.p1               0.00%    passed     99.04%
  56  SRR3407094|Cluster-39051.1__TRINITY_DN9911_c0_g2_i3.p1           0.00%    passed    100.00%
  57  DE704-purple|Cluster-36973.0__TRINITY_DN12977_c1_g1_i1.p1        0.00%    passed    100.00%
  58  DE704-white|Cluster-29174.0__TRINITY_DN10684_c0_g2_i1.p1         0.00%    passed    100.00%
  59  DE507|Cluster-57474.0__TRINITY_DN7889_c0_g3_i1.p1                0.00%    passed    100.00%
  60  SRR3407095|Cluster-25705.1__TRINITY_DN4407_c0_g1_i11.p1          0.63%    passed    100.00%
  61  DE672|Cluster-38951.1__TRINITY_DN762_c2_g1_i5.p1                 0.00%    passed    100.00%
  62  DE666|Cluster-24507.1__TRINITY_DN2009_c2_g1_i2.p1                0.63%    passed     99.99%
  63  SRR5150740|Cluster-23245.0__TRINITY_DN9650_c0_g1_i1.p1           0.00%    failed      0.44%
  64  DE528|Cluster-10863.1__TRINITY_DN14608_c1_g1_i5.p1               0.00%    passed     99.99%
****  TOTAL                                                            1.61%  1 sequences failed composition chi2 test (p-value<5%; df=60)
Reading input tree file tmp.csubst.nwk ... rooted tree

NOTE: 26 MB RAM (0 GB) is required!
Measuring multi-threading efficiency up to 1 CPU cores
2 trees examined
Threads: 1 / Time: 2.928 sec / Speedup: 1.000 / Efficiency: 100% / LogL: -4301
BEST NUMBER OF THREADS: 1

Estimate model parameters (epsilon = 0.010)
1. Initial log-likelihood: -4882.142
2. Current log-likelihood: -3842.976
3. Current log-likelihood: -3831.410
4. Current log-likelihood: -3829.469
Optimal log-likelihood: -3829.465
Nonsynonymous/synonymous ratio (omega): 1.000
Transition/transversion ratio (kappa): 1.000
Site proportion and rates:  (0.614,0.262) (0.242,0.702) (0.125,3.424) (0.019,12.955)
Parameters optimization took 4 rounds (30.254 sec)
Wrote distance file to... 
BEST SCORE FOUND : -3829.465
Ancestral state probabilities printed to /mnt/data0/yue/2026-03-11-protein-convergence/results/OG_2345/csubst_w_s/csubst_input_alignment.fa.state
Empirical proportions for each category: 0.711 0.151 0.119 0.019
Site rates printed to /mnt/data0/yue/2026-03-11-protein-convergence/results/OG_2345/csubst_w_s/csubst_input_alignment.fa.rate
Total tree length: 4.786

Total number of iterations: 0
CPU time used for tree search: 0.000 sec (0h:0m:0s)
Wall-clock time used for tree search: 0.000 sec (0h:0m:0s)
Total CPU time used: 34.174 sec (0h:0m:34s)
Total wall-clock time used: 34.241 sec (0h:0m:34s)

Analysis results written to: 
  IQ-TREE report:                /mnt/data0/yue/2026-03-11-protein-convergence/results/OG_2345/csubst_w_s/csubst_input_alignment.fa.iqtree
  Maximum-likelihood tree:       /mnt/data0/yue/2026-03-11-protein-convergence/results/OG_2345/csubst_w_s/csubst_input_alignment.fa.treefile
  Site-specific rates:           /mnt/data0/yue/2026-03-11-protein-convergence/results/OG_2345/csubst_w_s/csubst_input_alignment.fa.rate
  Ancestral state:               /mnt/data0/yue/2026-03-11-protein-convergence/results/OG_2345/csubst_w_s/csubst_input_alignment.fa.state
  Screen log file:               /mnt/data0/yue/2026-03-11-protein-convergence/results/OG_2345/csubst_w_s/csubst_input_alignment.fa.log

Date and Time: Fri Mar 27 04:04:36 2026
