IQ-TREE multicore version 2.4.0 for Linux x86 64-bit built Feb 12 2025
Developed by Bui Quang Minh, Nguyen Lam Tung, Olga Chernomor, Heiko Schmidt,
Dominik Schrempf, Michael Woodhams, Ly Trong Nhan, Thomas Wong

Host:    brain (AVX2, FMA3, 2015 GB RAM)
Command: /home/yue/miniconda3/envs/py39/bin/iqtree -s /mnt/data0/yue/2026-03-11-protein-convergence/results/OG_1780/csubst_w_s/csubst_input_alignment.fa -te tmp.csubst.nwk -m ECMK07+F+R4 --seqtype CODON1 --threads-max 1 -T AUTO --ancestral --rate --redo
Seed:    76621 (Using SPRNG - Scalable Parallel Random Number Generator)
Time:    Fri Mar 27 01:26:56 2026
Kernel:  AVX+FMA - auto-detect threads (128 CPU cores detected)

Reading alignment file /mnt/data0/yue/2026-03-11-protein-convergence/results/OG_1780/csubst_w_s/csubst_input_alignment.fa ... Fasta format detected
Reading fasta file: done in 0.00195505 secs using 67.16% CPU
Alignment most likely contains DNA/RNA sequences
Converting to codon sequences with genetic code 1 ...
Alignment has 68 sequences with 245 columns, 236 distinct patterns
135 parsimony-informative, 64 singleton sites, 46 constant sites
                                                           Gap/Ambiguity  Composition  p-value
Analyzing sequences: done in 8.8945e-05 secs using 97.81% CPU
   1  DE189|Cluster-43230.0__TRINITY_DN2219_c0_g1_i10.p1           0.00%    passed    100.00%
   2  DE181|Cluster-57824.2__TRINITY_DN1104_c0_g1_i8.p1            0.00%    passed    100.00%
   3  SRR3407095|Cluster-47587.0__TRINITY_DN6181_c0_g1_i1.p1       5.71%    passed    100.00%
   4  DE536|Cluster-34272.1__TRINITY_DN2230_c0_g1_i11.p1           0.00%    passed    100.00%
   5  DE560|Cluster-45523.0__TRINITY_DN642_c0_g1_i6.p1             0.00%    passed    100.00%
   6  DE764|Cluster-37372.0__TRINITY_DN15019_c0_g1_i3.p1           0.00%    passed    100.00%
   7  DE566|Cluster-45893.1__TRINITY_DN1376_c0_g1_i10.p1           0.00%    passed    100.00%
   8  DE623|Cluster-46899.0__TRINITY_DN18959_c0_g1_i2.p1           4.49%    passed    100.00%
   9  DE680|Cluster-21596.0__TRINITY_DN1028_c0_g1_i6.p1            4.49%    passed    100.00%
  10  DE509|Cluster-18936.0__TRINITY_DN1539_c0_g1_i6.p1            0.00%    passed    100.00%
  11  DE736|Cluster-60137.0__TRINITY_DN1692_c0_g1_i2.p1            0.00%    passed    100.00%
  12  DE151|Cluster-53614.0__TRINITY_DN7243_c0_g1_i2.p1            0.00%    passed    100.00%
  13  JJ89|Cluster-39019.1__TRINITY_DN1120_c0_g1_i5.p1             3.27%    passed    100.00%
  14  DE549|Cluster-18100.0__TRINITY_DN12178_c0_g1_i24.p1          0.82%    passed    100.00%
  15  DE88|Cluster-15960.0__TRINITY_DN563_c0_g1_i3.p1              0.00%    passed    100.00%
  16  DE173|Cluster-34856.0__TRINITY_DN4454_c0_g1_i1.p1            0.00%    passed    100.00%
  17  JJ109|Cluster-33229.0__TRINITY_DN464_c0_g1_i5.p1             0.00%    passed    100.00%
  18  JJ130|Cluster-32283.0__TRINITY_DN787_c0_g1_i10.p1            0.00%    passed    100.00%
  19  DE550|Cluster-52340.0__TRINITY_DN2495_c0_g1_i7.p1            0.00%    passed    100.00%
  20  DE672|Cluster-58304.0__TRINITY_DN42514_c1_g1_i5.p1           0.00%    passed    100.00%
  21  DE696-dots|Cluster-58981.0__TRINITY_DN3710_c0_g1_i1.p1       0.00%    passed    100.00%
  22  DE737|Cluster-44244.5__TRINITY_DN2736_c0_g1_i23.p1          11.02%    failed      0.57%
  23  DE504|Cluster-13035.1__TRINITY_DN2749_c0_g1_i2.p1            0.00%    passed    100.00%
  24  DE696-nodots|Cluster-64246.0__TRINITY_DN2689_c0_g1_i2.p1     0.00%    passed    100.00%
  25  JJ36|Cluster-23088.0__TRINITY_DN1083_c0_g1_i1.p1             0.00%    passed    100.00%
  26  DE531|Cluster-46100.7__TRINITY_DN1854_c0_g1_i9.p1            0.00%    passed    100.00%
  27  DE643|Cluster-39608.4__TRINITY_DN4715_c0_g1_i14.p1          41.22%    passed     88.18%
  28  JJ131|Cluster-43324.0__TRINITY_DN1162_c0_g1_i16.p1           0.00%    passed    100.00%
  29  JJ85|Cluster-43934.0__TRINITY_DN2457_c0_g1_i2.p1             0.00%    passed     99.50%
  30  JJ125|Cluster-8665.0__TRINITY_DN3127_c0_g6_i1.p1             0.00%    passed    100.00%
  31  DRR082660|Cluster-29521.0__TRINITY_DN8044_c0_g1_i2.p1        0.00%    passed    100.00%
  32  DE69|Cluster-45368.0__TRINITY_DN13584_c0_g1_i7.p1            0.00%    passed    100.00%
  33  DE523|Cluster-41976.0__TRINITY_DN3840_c0_g1_i49.p1           0.00%    passed    100.00%
  34  SRR3407096|Cluster-26962.6__TRINITY_DN5411_c0_g1_i26.p1     39.18%    passed    100.00%
  35  DE561|Cluster-50118.1__TRINITY_DN3094_c0_g1_i20.p1           0.00%    passed    100.00%
  36  JJ99|Cluster-27254.0__TRINITY_DN2329_c0_g1_i22.p1            2.04%    passed    100.00%
  37  DE229|Cluster-71466.0__TRINITY_DN5060_c0_g1_i39.p1           0.00%    passed    100.00%
  38  DE164|Cluster-42224.0__TRINITY_DN779_c0_g1_i3.p1             0.00%    passed    100.00%
  39  SRR3424066|Cluster-10336.1__TRINITY_DN1780_c0_g1_i20.p1      0.00%    passed    100.00%
  40  DE476|Cluster-18979.1__TRINITY_DN1909_c0_g1_i4.p1            0.00%    passed    100.00%
  41  DE541|Cluster-326.0__TRINITY_DN55_c0_g1_i1.p1                0.00%    passed    100.00%
  42  SRR3407088|Cluster-38016.2__TRINITY_DN2707_c0_g1_i31.p1      0.00%    passed    100.00%
  43  DE152|Cluster-61318.3__TRINITY_DN1441_c0_g1_i4.p1            0.00%    passed    100.00%
  44  DE216|Cluster-52024.0__TRINITY_DN3268_c0_g1_i3.p1            0.00%    passed    100.00%
  45  JJ15|Cluster-58999.0__TRINITY_DN5748_c0_g1_i29.p1            0.00%    passed    100.00%
  46  DE542|Cluster-49996.0__TRINITY_DN1667_c0_g2_i2.p1            0.41%    passed    100.00%
  47  DE534|Cluster-74098.1__TRINITY_DN10402_c0_g1_i27.p1          0.00%    passed    100.00%
  48  SRR3407087|Cluster-41040.0__TRINITY_DN1466_c0_g1_i5.p1       0.00%    passed    100.00%
  49  DE510|Cluster-52270.1__TRINITY_DN2993_c0_g1_i11.p1           0.00%    passed    100.00%
  50  DE505|Cluster-30601.0__TRINITY_DN8880_c0_g1_i14.p1           0.00%    passed    100.00%
  51  SRR3407092|Cluster-35569.0__TRINITY_DN5821_c0_g1_i10.p1      0.00%    passed    100.00%
  52  SRR3407093|Cluster-39044.0__TRINITY_DN5569_c0_g1_i4.p1       0.00%    passed    100.00%
  53  SRR3407086|Cluster-42728.1__TRINITY_DN7302_c0_g1_i5.p1       0.00%    passed    100.00%
  54  DE503|Cluster-59478.0__TRINITY_DN3453_c0_g1_i18.p1          39.18%    passed    100.00%
  55  SRR3407094|Cluster-36381.2__TRINITY_DN5358_c0_g1_i8.p1       0.00%    passed    100.00%
  56  DE741|Cluster-32091.0__TRINITY_DN1041_c0_g1_i4.p1            0.00%    passed    100.00%
  57  DE519|Cluster-67898.0__TRINITY_DN13236_c0_g1_i4.p1          14.29%    passed     99.76%
  58  JJ74|Cluster-128110.0__TRINITY_DN55854_c0_g1_i1.p1           0.00%    passed    100.00%
  59  DRR234970|Cluster-21807.0__TRINITY_DN4198_c0_g1_i1.p1        1.22%    passed     99.87%
  60  DE126|Cluster-15552.2__TRINITY_DN1448_c0_g1_i11.p1           6.53%    passed     99.96%
  61  DE668|Cluster-50590.0__TRINITY_DN12388_c0_g1_i9.p1           0.00%    passed     99.54%
  62  DE162|Cluster-15706.2__TRINITY_DN2094_c0_g1_i11.p1           0.00%    passed    100.00%
  63  DE704-purple|Cluster-28004.0__TRINITY_DN16537_c0_g1_i7.p1    0.00%    passed    100.00%
  64  DE704-white|Cluster-25403.2__TRINITY_DN4856_c0_g1_i24.p1     0.00%    passed    100.00%
  65  DE507|Cluster-24797.0__TRINITY_DN1760_c0_g1_i10.p1           0.00%    passed     99.98%
  66  DE528|Cluster-60514.2__TRINITY_DN4481_c0_g1_i2.p1            0.00%    passed    100.00%
  67  DE666|Cluster-28925.1__TRINITY_DN14470_c0_g3_i2.p1           0.82%    passed    100.00%
  68  DE563|Cluster-8685.0__TRINITY_DN246_c0_g3_i1.p1              4.49%    passed     99.88%
****  TOTAL                                                        2.64%  1 sequences failed composition chi2 test (p-value<5%; df=60)
WARNING: States(s) TGC rarely appear in alignment and may cause numerical problems
Reading input tree file tmp.csubst.nwk ... rooted tree

NOTE: 38 MB RAM (0 GB) is required!
Measuring multi-threading efficiency up to 1 CPU cores
2 trees examined
Threads: 1 / Time: 1.963 sec / Speedup: 1.000 / Efficiency: 100% / LogL: -10035
BEST NUMBER OF THREADS: 1

Estimate model parameters (epsilon = 0.010)
1. Initial log-likelihood: -8441.373
2. Current log-likelihood: -6178.385
3. Current log-likelihood: -6177.616
4. Current log-likelihood: -6177.459
5. Current log-likelihood: -6177.420
6. Current log-likelihood: -6177.409
Optimal log-likelihood: -6177.407
Nonsynonymous/synonymous ratio (omega): 1.000
Transition/transversion ratio (kappa): 1.000
Site proportion and rates:  (0.657,0.330) (0.117,1.145) (0.186,2.211) (0.041,5.816)
Parameters optimization took 6 rounds (36.513 sec)
Wrote distance file to... 
BEST SCORE FOUND : -6177.407
Ancestral state probabilities printed to /mnt/data0/yue/2026-03-11-protein-convergence/results/OG_1780/csubst_w_s/csubst_input_alignment.fa.state
Empirical proportions for each category: 0.706 0.057 0.200 0.037
Site rates printed to /mnt/data0/yue/2026-03-11-protein-convergence/results/OG_1780/csubst_w_s/csubst_input_alignment.fa.rate
Total tree length: 4.813

Total number of iterations: 0
CPU time used for tree search: 0.000 sec (0h:0m:0s)
Wall-clock time used for tree search: 0.000 sec (0h:0m:0s)
Total CPU time used: 39.581 sec (0h:0m:39s)
Total wall-clock time used: 39.748 sec (0h:0m:39s)

Analysis results written to: 
  IQ-TREE report:                /mnt/data0/yue/2026-03-11-protein-convergence/results/OG_1780/csubst_w_s/csubst_input_alignment.fa.iqtree
  Maximum-likelihood tree:       /mnt/data0/yue/2026-03-11-protein-convergence/results/OG_1780/csubst_w_s/csubst_input_alignment.fa.treefile
  Site-specific rates:           /mnt/data0/yue/2026-03-11-protein-convergence/results/OG_1780/csubst_w_s/csubst_input_alignment.fa.rate
  Ancestral state:               /mnt/data0/yue/2026-03-11-protein-convergence/results/OG_1780/csubst_w_s/csubst_input_alignment.fa.state
  Screen log file:               /mnt/data0/yue/2026-03-11-protein-convergence/results/OG_1780/csubst_w_s/csubst_input_alignment.fa.log

Date and Time: Fri Mar 27 01:27:35 2026
