IQ-TREE multicore version 2.4.0 for Linux x86 64-bit built Feb 12 2025
Developed by Bui Quang Minh, Nguyen Lam Tung, Olga Chernomor, Heiko Schmidt,
Dominik Schrempf, Michael Woodhams, Ly Trong Nhan, Thomas Wong

Host:    brain (AVX2, FMA3, 2015 GB RAM)
Command: /home/yue/miniconda3/envs/py39/bin/iqtree -s /mnt/data0/yue/2026-03-11-protein-convergence/results/OG_7200/csubst_w_s/csubst_input_alignment.fa -te tmp.csubst.nwk -m ECMK07+F+R4 --seqtype CODON1 --threads-max 1 -T AUTO --ancestral --rate --redo
Seed:    253246 (Using SPRNG - Scalable Parallel Random Number Generator)
Time:    Sat Mar 28 00:04:28 2026
Kernel:  AVX+FMA - auto-detect threads (128 CPU cores detected)

Reading alignment file /mnt/data0/yue/2026-03-11-protein-convergence/results/OG_7200/csubst_w_s/csubst_input_alignment.fa ... Fasta format detected
Reading fasta file: done in 0.00141768 secs
Alignment most likely contains DNA/RNA sequences
Converting to codon sequences with genetic code 1 ...
WARNING: 1 sites contain only gaps or ambiguous characters.
Alignment has 74 sequences with 369 columns, 358 distinct patterns
160 parsimony-informative, 112 singleton sites, 97 constant sites
                                                                Gap/Ambiguity  Composition  p-value
Analyzing sequences: done in 6.7547e-05 secs using 99.19% CPU
   1  DE668|Cluster-37263.2__TRINITY_DN9784_c0_g1_i1.p1                 0.27%    passed    100.00%
   2  DE173|Cluster-48255.0__TRINITY_DN11137_c0_g1_i1.p1               10.57%    passed    100.00%
   3  DE546_urceolata_l|Cluster-33554.0__TRINITY_DN12894_c1_g1_i1.p1   43.36%    passed     35.79%
   4  DE162|Cluster-52286.0__TRINITY_DN11687_c0_g1_i1.p1                0.27%    passed    100.00%
   5  DE528|Cluster-62283.0__TRINITY_DN12213_c0_g1_i1.p1                0.27%    passed    100.00%
   6  DE507|Cluster-71643.0__TRINITY_DN2451_c0_g1_i1.p1                 0.27%    passed    100.00%
   7  DE704-purple|Cluster-8826.0__TRINITY_DN12325_c0_g1_i1.p1          0.27%    passed    100.00%
   8  DE704-white|Cluster-27802.1__TRINITY_DN67134_c0_g1_i1.p1          0.27%    passed    100.00%
   9  DE536|Cluster-38745.2__TRINITY_DN373_c0_g1_i2.p1                 39.84%    passed     99.08%
  10  DE549|Cluster-44707.0__TRINITY_DN14984_c0_g1_i2.p1               21.68%    passed    100.00%
  11  DE764|Cluster-18145.0__TRINITY_DN15101_c1_g2_i1.p1               21.68%    passed    100.00%
  12  DE696-nodots|Cluster-42310.0__TRINITY_DN5017_c1_g1_i1.p1         21.14%    passed    100.00%
  13  DE643|Cluster-76766.0__TRINITY_DN4531_c0_g1_i1.p1                11.38%    passed    100.00%
  14  DE671|Cluster-50663.0__TRINITY_DN1074_c0_g1_i2.p1                11.38%    passed    100.00%
  15  DE672|Cluster-37597.1__TRINITY_DN5455_c0_g1_i2.p1                11.38%    passed    100.00%
  16  DE509|Cluster-45937.0__TRINITY_DN5349_c1_g1_i5.p1                21.68%    passed    100.00%
  17  JJ85|Cluster-7414.1__TRINITY_DN6814_c0_g1_i1.p1                  37.13%    passed     98.08%
  18  DE115|Cluster-48028.0__TRINITY_DN9926_c0_g1_i1.p1                 0.27%    passed    100.00%
  19  DE476|Cluster-61406.0__TRINITY_DN5895_c0_g1_i2.p1                41.19%    passed     99.57%
  20  DE523|Cluster-36529.1__TRINITY_DN9552_c0_g1_i1.p1                39.57%    passed     98.34%
  21  SRR3407096|Cluster-30001.62__TRINITY_DN6357_c0_g1_i3.p1          41.19%    passed     99.29%
  22  DE741|Cluster-17689.1__TRINITY_DN4854_c0_g1_i1.p1                41.19%    passed     98.88%
  23  DE765|Cluster-29394.0__TRINITY_DN11702_c1_g1_i2.p1               41.19%    passed     99.65%
  24  DE575|Cluster-56225.0__TRINITY_DN4874_c0_g1_i1.p1                 0.27%    passed    100.00%
  25  DE681|Cluster-10681.0__TRINITY_DN10801_c2_g1_i1.p1                0.27%    passed    100.00%
  26  DE127|Cluster-45889.0__TRINITY_DN2850_c0_g1_i1.p1                49.32%    passed     99.27%
  27  DE554|Cluster-55205.1__TRINITY_DN3831_c0_g1_i3.p1                42.01%    passed     99.99%
  28  DE216|Cluster-18754.0__TRINITY_DN3114_c0_g1_i1.p1                 0.27%    passed    100.00%
  29  DE534|Cluster-31412.0__TRINITY_DN12534_c0_g1_i1.p1                0.27%    passed    100.00%
  30  JJ15|Cluster-54245.0__TRINITY_DN8633_c0_g1_i2.p1                  0.27%    passed    100.00%
  31  DE542|Cluster-52580.0__TRINITY_DN1539_c0_g1_i1.p1                 0.27%    passed    100.00%
  32  JJ89|Cluster-8112.0__TRINITY_DN23335_c1_g1_i1.p1                  0.27%    passed    100.00%
  33  DE151|Cluster-41280.0__TRINITY_DN4482_c0_g1_i2.p1                 0.27%    passed    100.00%
  34  JJ130|Cluster-20292.0__TRINITY_DN7710_c0_g1_i1.p1                 0.27%    passed    100.00%
  35  JJ86|Cluster-34872.2__TRINITY_DN8671_c0_g2_i2.p1                  0.27%    passed    100.00%
  36  DRR082660|Cluster-13059.2__TRINITY_DN418_c0_g1_i3.p1              0.27%    passed    100.00%
  37  JJ74|Cluster-118607.0__TRINITY_DN13415_c0_g1_i2.p1                0.27%    passed    100.00%
  38  DE519|Cluster-53425.0__TRINITY_DN1978_c0_g1_i1.p1                 0.27%    passed    100.00%
  39  JJ131|Cluster-21133.4__TRINITY_DN2489_c0_g1_i6.p1                 0.27%    passed    100.00%
  40  DE541|Cluster-40326.0__TRINITY_DN15218_c0_g1_i1.p1                0.27%    passed    100.00%
  41  DE696-dots|Cluster-31101.0__TRINITY_DN7758_c1_g1_i2.p1           41.19%    passed     99.44%
  42  DE550|Cluster-2742.0__TRINITY_DN6233_c0_g3_i1.p1                 41.19%    passed     98.26%
  43  DE737|Cluster-40372.0__TRINITY_DN7448_c0_g1_i2.p1                62.60%    passed     97.27%
  44  DE560|Cluster-15423.1__TRINITY_DN4052_c0_g1_i2.p1                 0.27%    passed    100.00%
  45  SRR3424066|Cluster-38555.0__TRINITY_DN9768_c0_g1_i14.p1          29.54%    passed    100.00%
  46  DE503|Cluster-42507.0__TRINITY_DN347_c1_g1_i3.p1                  0.27%    passed    100.00%
  47  SRR3407094|Cluster-23301.1__TRINITY_DN2562_c0_g1_i8.p1           39.84%    passed     99.74%
  48  JJ125|Cluster-25385.1__TRINITY_DN10122_c0_g1_i1.p1                0.27%    passed    100.00%
  49  DE126|Cluster-1499.0__TRINITY_DN19331_c0_g3_i1.p1                 0.81%    passed    100.00%
  50  DE680|Cluster-1609.0__TRINITY_DN665_c0_g1_i1.p1                   0.27%    passed    100.00%
  51  JJ109|Cluster-35963.0__TRINITY_DN84_c0_g1_i2.p1                  49.32%    passed     73.67%
  52  DE510|Cluster-3713.8__TRINITY_DN343_c0_g1_i60.p1                 29.54%    passed     99.92%
  53  DRR234970|Cluster-48565.0__TRINITY_DN47443_c0_g1_i1.p1            0.54%    passed    100.00%
  54  SRR3407087|Cluster-37475.9__TRINITY_DN1726_c0_g1_i14.p1           0.27%    passed    100.00%
  55  SRR3407093|Cluster-35228.0__TRINITY_DN5788_c0_g2_i3.p1           28.18%    passed     99.94%
  56  DE229|Cluster-95437.1__TRINITY_DN5284_c0_g1_i2.p1                 0.27%    passed    100.00%
  57  SRR11934227|Cluster-83698.0__TRINITY_DN32122_c0_g1_i5.p1         20.60%    passed     24.00%
  58  DE181|Cluster-42964.3__TRINITY_DN1654_c0_g2_i1.p1                21.68%    passed    100.00%
  59  SRR3407086|Cluster-6795.0__TRINITY_DN6859_c0_g1_i1.p1             0.27%    passed    100.00%
  60  DE505|Cluster-32989.6__TRINITY_DN3664_c0_g1_i2.p1                 0.27%    passed    100.00%
  61  DE561|Cluster-25489.1__TRINITY_DN9517_c0_g1_i6.p1                21.68%    passed    100.00%
  62  DE69|Cluster-45305.0__TRINITY_DN3552_c0_g1_i3.p1                 21.68%    passed    100.00%
  63  SRR3407095|Cluster-25258.0__TRINITY_DN21230_c0_g1_i1.p1           0.27%    passed    100.00%
  64  SRR3407088|Cluster-30374.0__TRINITY_DN3784_c0_g1_i1.p1            0.27%    passed    100.00%
  65  SRR3407092|Cluster-29616.3__TRINITY_DN14217_c0_g1_i14.p1          0.27%    passed    100.00%
  66  DE504|Cluster-55329.0__TRINITY_DN7891_c0_g1_i1.p1                 0.27%    passed    100.00%
  67  DE531|Cluster-11242.0__TRINITY_DN8026_c0_g1_i1.p1                 0.27%    passed    100.00%
  68  DE736|Cluster-46045.0__TRINITY_DN3938_c0_g1_i1.p1                 0.27%    passed    100.00%
  69  DE88|Cluster-38546.0__TRINITY_DN11409_c0_g1_i1.p1                 0.27%    passed    100.00%
  70  JJ36|Cluster-23438.0__TRINITY_DN8230_c0_g1_i3.p1                  0.27%    passed    100.00%
  71  SRR104381|Cluster-17101.0__TRINITY_DN22146_c0_g1_i1.p1           10.30%    passed     97.19%
  72  DE666|Cluster-33808.4__TRINITY_DN23569_c1_g1_i3.p1               39.84%    passed     99.52%
  73  DE623|Cluster-53299.0__TRINITY_DN5205_c0_g1_i2.p1                43.90%    passed     86.06%
  74  DE566|Cluster-55709.0__TRINITY_DN7362_c0_g1_i3.p1                39.84%    passed     76.41%
WARNING: 1 sequences contain more than 50% gaps/ambiguity
****  TOTAL                                                            14.86%  0 sequences failed composition chi2 test (p-value<5%; df=60)
Reading input tree file tmp.csubst.nwk ... rooted tree

NOTE: 58 MB RAM (0 GB) is required!
Measuring multi-threading efficiency up to 1 CPU cores
2 trees examined
Threads: 1 / Time: 3.826 sec / Speedup: 1.000 / Efficiency: 100% / LogL: -9425
BEST NUMBER OF THREADS: 1

Estimate model parameters (epsilon = 0.010)
1. Initial log-likelihood: -10143.617
2. Current log-likelihood: -7007.016
3. Current log-likelihood: -7005.628
4. Current log-likelihood: -7005.019
5. Current log-likelihood: -7004.769
6. Current log-likelihood: -7004.663
7. Current log-likelihood: -7004.611
8. Current log-likelihood: -7004.581
9. Current log-likelihood: -7004.563
10. Current log-likelihood: -7004.551
Optimal log-likelihood: -7004.542
Nonsynonymous/synonymous ratio (omega): 1.000
Transition/transversion ratio (kappa): 1.000
Site proportion and rates:  (0.709,0.394) (0.141,1.567) (0.105,2.348) (0.045,5.623)
Parameters optimization took 10 rounds (83.904 sec)
Wrote distance file to... 
BEST SCORE FOUND : -7004.542
Ancestral state probabilities printed to /mnt/data0/yue/2026-03-11-protein-convergence/results/OG_7200/csubst_w_s/csubst_input_alignment.fa.state
Empirical proportions for each category: 0.759 0.111 0.087 0.043
Site rates printed to /mnt/data0/yue/2026-03-11-protein-convergence/results/OG_7200/csubst_w_s/csubst_input_alignment.fa.rate
Total tree length: 3.458

Total number of iterations: 0
CPU time used for tree search: 0.000 sec (0h:0m:0s)
Wall-clock time used for tree search: 0.000 sec (0h:0m:0s)
Total CPU time used: 89.313 sec (0h:1m:29s)
Total wall-clock time used: 89.772 sec (0h:1m:29s)

Analysis results written to: 
  IQ-TREE report:                /mnt/data0/yue/2026-03-11-protein-convergence/results/OG_7200/csubst_w_s/csubst_input_alignment.fa.iqtree
  Maximum-likelihood tree:       /mnt/data0/yue/2026-03-11-protein-convergence/results/OG_7200/csubst_w_s/csubst_input_alignment.fa.treefile
  Site-specific rates:           /mnt/data0/yue/2026-03-11-protein-convergence/results/OG_7200/csubst_w_s/csubst_input_alignment.fa.rate
  Ancestral state:               /mnt/data0/yue/2026-03-11-protein-convergence/results/OG_7200/csubst_w_s/csubst_input_alignment.fa.state
  Screen log file:               /mnt/data0/yue/2026-03-11-protein-convergence/results/OG_7200/csubst_w_s/csubst_input_alignment.fa.log

Date and Time: Sat Mar 28 00:05:58 2026
