IQ-TREE multicore version 2.4.0 for Linux x86 64-bit built Feb 12 2025
Developed by Bui Quang Minh, Nguyen Lam Tung, Olga Chernomor, Heiko Schmidt,
Dominik Schrempf, Michael Woodhams, Ly Trong Nhan, Thomas Wong

Host:    brain (AVX2, FMA3, 2015 GB RAM)
Command: /home/yue/miniconda3/envs/py39/bin/iqtree -s /mnt/data0/yue/2026-03-11-protein-convergence/results/OG_11101/csubst_w_s/csubst_input_alignment.fa -te tmp.csubst.nwk -m ECMK07+F+R4 --seqtype CODON1 --threads-max 1 -T AUTO --ancestral --rate --redo
Seed:    539936 (Using SPRNG - Scalable Parallel Random Number Generator)
Time:    Thu Mar 26 21:51:29 2026
Kernel:  AVX+FMA - auto-detect threads (128 CPU cores detected)

Reading alignment file /mnt/data0/yue/2026-03-11-protein-convergence/results/OG_11101/csubst_w_s/csubst_input_alignment.fa ... Fasta format detected
Reading fasta file: done in 0.00143126 secs
Alignment most likely contains DNA/RNA sequences
Converting to codon sequences with genetic code 1 ...
WARNING: 1 sites contain only gaps or ambiguous characters.
Alignment has 58 sequences with 500 columns, 487 distinct patterns
267 parsimony-informative, 139 singleton sites, 94 constant sites
                                                               Gap/Ambiguity  Composition  p-value
Analyzing sequences: done in 7.53254e-05 secs using 99.57% CPU
   1  DE536|Cluster-3061.0__TRINITY_DN9631_c0_g1_i4.p1                 4.80%    passed    100.00%
   2  DE668|Cluster-24817.0__TRINITY_DN21213_c0_g1_i1.p1              17.00%    passed    100.00%
   3  DE151|Cluster-62072.0__TRINITY_DN14240_c0_g1_i2.p1              16.00%    passed    100.00%
   4  DE764|Cluster-41238.0__TRINITY_DN4041_c0_g1_i4.p1               32.20%    passed     99.32%
   5  DE115|Cluster-17245.0__TRINITY_DN10493_c0_g1_i2.p1               0.20%    passed    100.00%
   6  DE528|Cluster-12642.0__TRINITY_DN5255_c0_g1_i1.p1                0.20%    passed    100.00%
   7  DE704-white|Cluster-12052.0__TRINITY_DN11875_c0_g1_i1.p1         0.20%    passed    100.00%
   8  DE563|Cluster-11544.0__TRINITY_DN18020_c1_g1_i1.p1               0.20%    passed    100.00%
   9  DE546_urceolata_l|Cluster-24995.0__TRINITY_DN1277_c0_g1_i2.p1   17.20%    passed    100.00%
  10  DE666|Cluster-14325.0__TRINITY_DN13691_c0_g1_i1.p1               0.20%    passed    100.00%
  11  JJ85|Cluster-29492.0__TRINITY_DN50556_c0_g1_i1.p1                0.20%    passed    100.00%
  12  DE216|Cluster-68609.0__TRINITY_DN11756_c0_g1_i1.p1              17.20%    passed    100.00%
  13  JJ15|Cluster-55044.1__TRINITY_DN19909_c0_g1_i18.p1               0.20%    passed    100.00%
  14  DE542|Cluster-15095.0__TRINITY_DN4762_c0_g1_i3.p1                0.20%    passed    100.00%
  15  DE534|Cluster-62868.0__TRINITY_DN6866_c0_g1_i1.p1                7.60%    passed    100.00%
  16  DE680|Cluster-51058.2__TRINITY_DN3089_c0_g1_i1.p1               15.40%    passed    100.00%
  17  JJ74|Cluster-65045.0__TRINITY_DN5608_c0_g1_i1.p1                 0.20%    passed    100.00%
  18  DE152|Cluster-38438.25__TRINITY_DN4922_c2_g1_i4.p1               0.20%    passed    100.00%
  19  DE566|Cluster-56987.0__TRINITY_DN5752_c1_g1_i1.p1               46.80%    passed     98.36%
  20  JJ99|Cluster-41626.0__TRINITY_DN10798_c0_g1_i1.p1               46.80%    passed     99.99%
  21  JJ131|Cluster-35852.0__TRINITY_DN1227_c0_g1_i1.p1                7.60%    passed    100.00%
  22  DE173|Cluster-975.0__TRINITY_DN5738_c0_g1_i1.p1                  0.20%    passed    100.00%
  23  JJ109|Cluster-15967.0__TRINITY_DN19950_c0_g1_i1.p1              16.20%    passed    100.00%
  24  JJ130|Cluster-16392.6__TRINITY_DN74110_c0_g1_i1.p1               0.20%    passed    100.00%
  25  DE189|Cluster-45657.0__TRINITY_DN5353_c0_g1_i3.p1                2.00%    passed    100.00%
  26  DE88|Cluster-562.0__TRINITY_DN17056_c0_g1_i1.p1                 17.20%    passed    100.00%
  27  DE541|Cluster-20794.0__TRINITY_DN10416_c0_g1_i1.p1               0.20%    passed    100.00%
  28  DE737|Cluster-5899.0__TRINITY_DN54068_c0_g1_i1.p1                0.20%    passed    100.00%
  29  DE741|Cluster-4733.0__TRINITY_DN73716_c0_g1_i1.p1               19.40%    passed    100.00%
  30  DE560|Cluster-17489.0__TRINITY_DN1518_c0_g1_i3.p1                0.20%    passed    100.00%
  31  DE181|Cluster-45144.0__TRINITY_DN94139_c0_g1_i1.p1               0.20%    passed    100.00%
  32  SRR3407086|Cluster-14115.0__TRINITY_DN96014_c0_g1_i1.p1          0.20%    passed    100.00%
  33  DE505|Cluster-21126.0__TRINITY_DN20313_c0_g2_i3.p1               0.20%    passed    100.00%
  34  DE510|Cluster-29680.0__TRINITY_DN41979_c0_g1_i1.p1               0.20%    passed    100.00%
  35  SRR3407087|Cluster-15898.0__TRINITY_DN42172_c0_g1_i1.p1          0.20%    passed    100.00%
  36  SRR3407094|Cluster-3911.0__TRINITY_DN12635_c0_g2_i1.p1          46.80%    passed     99.46%
  37  DE561|Cluster-22011.5__TRINITY_DN3998_c0_g1_i11.p1               0.20%    passed    100.00%
  38  SRR3407088|Cluster-30516.0__TRINITY_DN9059_c0_g1_i1.p1          17.20%    passed    100.00%
  39  SRR3424066|Cluster-23991.0__TRINITY_DN33725_c0_g1_i2.p1          0.20%    passed    100.00%
  40  DE69|Cluster-52176.0__TRINITY_DN65291_c0_g1_i1.p1                0.20%    passed    100.00%
  41  SRR3407096|Cluster-22176.0__TRINITY_DN30106_c0_g1_i1.p1          0.20%    passed    100.00%
  42  DE523|Cluster-34627.0__TRINITY_DN6033_c0_g1_i2.p1                0.20%    passed    100.00%
  43  DE504|Cluster-25567.0__TRINITY_DN40788_c0_g1_i1.p1              46.80%    passed     94.72%
  44  DE509|Cluster-10510.0__TRINITY_DN10019_c0_g1_i1.p1              46.80%    passed     99.92%
  45  DE672|Cluster-59198.0__TRINITY_DN1044_c1_g1_i6.p1               17.20%    passed    100.00%
  46  DRR082660|Cluster-38507.0__TRINITY_DN2828_c0_g1_i1.p1            2.00%    passed    100.00%
  47  DE681|Cluster-25298.0__TRINITY_DN9399_c0_g2_i1.p1                0.20%    passed    100.00%
  48  DE765|Cluster-43457.0__TRINITY_DN6735_c0_g1_i1.p1                0.20%    passed    100.00%
  49  DE575|Cluster-27452.0__TRINITY_DN6991_c0_g2_i1.p1                0.20%    passed    100.00%
  50  JJ125|Cluster-4546.0__TRINITY_DN37152_c0_g1_i1.p1               25.80%    passed     99.74%
  51  DE126|Cluster-8066.0__TRINITY_DN4201_c1_g1_i1.p1                 0.20%    passed    100.00%
  52  DE623|Cluster-39261.0__TRINITY_DN468_c1_g1_i3.p1                40.80%    passed     99.88%
  53  DE507|Cluster-63456.0__TRINITY_DN20104_c0_g1_i1.p1               0.20%    passed    100.00%
  54  DE162|Cluster-21268.2__TRINITY_DN4238_c2_g1_i22.p1              39.00%    passed     95.90%
  55  DE519|Cluster-62815.0__TRINITY_DN1410_c1_g2_i1.p1               22.40%    passed    100.00%
  56  JJ23|Cluster-803.0__TRINITY_DN19687_c0_g1_i1.p1                  0.20%    passed    100.00%
  57  DRR234970|Cluster-27666.0__TRINITY_DN41516_c0_g1_i1.p1           0.20%    passed     99.90%
  58  SRR5150740|Cluster-59967.1__TRINITY_DN16061_c0_g1_i3.p1         40.80%    passed     88.46%
****  TOTAL                                                           10.96%  0 sequences failed composition chi2 test (p-value<5%; df=60)
Reading input tree file tmp.csubst.nwk ... rooted tree

NOTE: 59 MB RAM (0 GB) is required!
Measuring multi-threading efficiency up to 1 CPU cores
2 trees examined
Threads: 1 / Time: 3.011 sec / Speedup: 1.000 / Efficiency: 100% / LogL: -15072
BEST NUMBER OF THREADS: 1

Estimate model parameters (epsilon = 0.010)
1. Initial log-likelihood: -14186.838
2. Current log-likelihood: -10417.400
3. Current log-likelihood: -10402.081
4. Current log-likelihood: -10401.962
5. Current log-likelihood: -10401.911
6. Current log-likelihood: -10401.886
7. Current log-likelihood: -10401.871
Optimal log-likelihood: -10401.861
Nonsynonymous/synonymous ratio (omega): 1.000
Transition/transversion ratio (kappa): 1.000
Site proportion and rates:  (0.624,0.442) (0.247,1.539) (0.118,2.519) (0.011,4.370)
Parameters optimization took 7 rounds (73.394 sec)
Wrote distance file to... 
BEST SCORE FOUND : -10401.861
Ancestral state probabilities printed to /mnt/data0/yue/2026-03-11-protein-convergence/results/OG_11101/csubst_w_s/csubst_input_alignment.fa.state
Empirical proportions for each category: 0.674 0.226 0.094 0.006
Site rates printed to /mnt/data0/yue/2026-03-11-protein-convergence/results/OG_11101/csubst_w_s/csubst_input_alignment.fa.rate
Total tree length: 3.478

Total number of iterations: 0
CPU time used for tree search: 0.000 sec (0h:0m:0s)
Wall-clock time used for tree search: 0.000 sec (0h:0m:0s)
Total CPU time used: 78.229 sec (0h:1m:18s)
Total wall-clock time used: 78.389 sec (0h:1m:18s)

Analysis results written to: 
  IQ-TREE report:                /mnt/data0/yue/2026-03-11-protein-convergence/results/OG_11101/csubst_w_s/csubst_input_alignment.fa.iqtree
  Maximum-likelihood tree:       /mnt/data0/yue/2026-03-11-protein-convergence/results/OG_11101/csubst_w_s/csubst_input_alignment.fa.treefile
  Site-specific rates:           /mnt/data0/yue/2026-03-11-protein-convergence/results/OG_11101/csubst_w_s/csubst_input_alignment.fa.rate
  Ancestral state:               /mnt/data0/yue/2026-03-11-protein-convergence/results/OG_11101/csubst_w_s/csubst_input_alignment.fa.state
  Screen log file:               /mnt/data0/yue/2026-03-11-protein-convergence/results/OG_11101/csubst_w_s/csubst_input_alignment.fa.log

Date and Time: Thu Mar 26 21:52:47 2026
