IQ-TREE multicore version 2.4.0 for Linux x86 64-bit built Feb 12 2025
Developed by Bui Quang Minh, Nguyen Lam Tung, Olga Chernomor, Heiko Schmidt,
Dominik Schrempf, Michael Woodhams, Ly Trong Nhan, Thomas Wong

Host:    brain (AVX2, FMA3, 2015 GB RAM)
Command: /home/yue/miniconda3/envs/py39/bin/iqtree -s /mnt/data0/yue/2026-03-11-protein-convergence/results/OG_10179/csubst_w_s/csubst_input_alignment.fa -te tmp.csubst.nwk -m ECMK07+F+R4 --seqtype CODON1 --threads-max 1 -T AUTO --ancestral --rate --redo
Seed:    36375 (Using SPRNG - Scalable Parallel Random Number Generator)
Time:    Thu Mar 26 20:25:08 2026
Kernel:  AVX+FMA - auto-detect threads (128 CPU cores detected)

Reading alignment file /mnt/data0/yue/2026-03-11-protein-convergence/results/OG_10179/csubst_w_s/csubst_input_alignment.fa ... Fasta format detected
Reading fasta file: done in 0.000432208 secs
Alignment most likely contains DNA/RNA sequences
Converting to codon sequences with genetic code 1 ...
Alignment has 66 sequences with 102 columns, 91 distinct patterns
46 parsimony-informative, 28 singleton sites, 28 constant sites
                                                                Gap/Ambiguity  Composition  p-value
Analyzing sequences: done in 2.06232e-05 secs
   1  SRR3407087|Cluster-37361.0__TRINITY_DN8227_c0_g1_i2.p1            0.98%    passed    100.00%
   2  DE503|Cluster-29185.0__TRINITY_DN4386_c0_g1_i1.p1                 0.98%    passed    100.00%
   3  DE115|Cluster-12736.0__TRINITY_DN136_c2_g1_i1.p1                  0.00%    passed    100.00%
   4  DE126|Cluster-19927.1__TRINITY_DN14429_c0_g1_i2.p1                0.00%    passed    100.00%
   5  DE151|Cluster-29421.0__TRINITY_DN3639_c0_g1_i1.p1                 0.00%    passed    100.00%
   6  DE162|Cluster-24404.0__TRINITY_DN44283_c0_g1_i1.p1                0.00%    passed    100.00%
   7  DE173|Cluster-4001.0__TRINITY_DN12121_c0_g1_i1.p1                 0.00%    passed    100.00%
   8  DE504|Cluster-41385.1__TRINITY_DN8058_c0_g1_i1.p1                 0.00%    passed    100.00%
   9  DE528|Cluster-55489.0__TRINITY_DN15584_c0_g1_i1.p1                0.00%    passed    100.00%
  10  DE531|Cluster-8592.0__TRINITY_DN2467_c0_g2_i1.p1                  0.00%    passed    100.00%
  11  DE546_urceolata_l|Cluster-35760.0__TRINITY_DN14017_c0_g1_i2.p1    0.00%    passed    100.00%
  12  DE549|Cluster-6654.0__TRINITY_DN7858_c1_g1_i2.p1                  0.00%    passed    100.00%
  13  DE554|Cluster-50896.0__TRINITY_DN60263_c0_g1_i1.p1                0.00%    passed    100.00%
  14  DE563|Cluster-22240.0__TRINITY_DN5977_c0_g1_i1.p1                 0.00%    passed    100.00%
  15  DE575|Cluster-63336.0__TRINITY_DN79617_c0_g1_i1.p1                0.00%    passed    100.00%
  16  JJ89|Cluster-24537.0__TRINITY_DN1166_c0_g1_i1.p1                  0.00%    passed    100.00%
  17  DE623|Cluster-33472.1__TRINITY_DN12971_c0_g2_i1.p1                0.00%    passed    100.00%
  18  JJ74|Cluster-118494.0__TRINITY_DN3284_c0_g1_i1.p1                 0.00%    passed    100.00%
  19  JJ36|Cluster-24274.0__TRINITY_DN6276_c1_g1_i1.p1                  0.00%    passed    100.00%
  20  DE643|Cluster-54985.0__TRINITY_DN7810_c0_g1_i2.p1                 0.00%    passed    100.00%
  21  DE666|Cluster-3493.0__TRINITY_DN52326_c0_g1_i1.p1                 0.00%    passed    100.00%
  22  DE668|Cluster-53406.1__TRINITY_DN4942_c0_g1_i1.p1                 0.00%    passed    100.00%
  23  DE671|Cluster-20506.0__TRINITY_DN7439_c0_g1_i1.p1                 0.00%    passed    100.00%
  24  JJ109|Cluster-14587.0__TRINITY_DN8809_c0_g1_i2.p1                 0.00%    passed    100.00%
  25  DE672|Cluster-25688.0__TRINITY_DN98339_c0_g1_i1.p1                0.00%    passed    100.00%
  26  DE696-dots|Cluster-34773.1__TRINITY_DN4268_c0_g5_i1.p1            0.00%    passed    100.00%
  27  DE696-nodots|Cluster-17742.0__TRINITY_DN4172_c1_g3_i1.p1          0.00%    passed    100.00%
  28  DE88|Cluster-14783.0__TRINITY_DN9021_c1_g1_i1.p1                  0.00%    passed    100.00%
  29  DE765|Cluster-48016.0__TRINITY_DN70792_c0_g1_i1.p1                0.00%    passed    100.00%
  30  DE764|Cluster-8473.0__TRINITY_DN52938_c0_g1_i1.p1                 0.00%    passed    100.00%
  31  DE704-purple|Cluster-36261.0__TRINITY_DN4361_c0_g1_i1.p1          0.00%    passed    100.00%
  32  DE737|Cluster-4021.0__TRINITY_DN5952_c0_g1_i1.p1                  0.00%    passed    100.00%
  33  DE736|Cluster-42502.0__TRINITY_DN9290_c0_g1_i1.p1                 0.00%    passed    100.00%
  34  DE127|Cluster-45394.0__TRINITY_DN12952_c0_g1_i1.p1                0.98%    passed    100.00%
  35  DE509|Cluster-27329.0__TRINITY_DN12056_c0_g1_i1.p1                0.98%    passed    100.00%
  36  SRR3424066|Cluster-38673.0__TRINITY_DN1869_c2_g1_i1.p1            0.00%    passed    100.00%
  37  SRR3407096|Cluster-26264.0__TRINITY_DN4800_c1_g1_i1.p1            0.00%    passed    100.00%
  38  DE152|Cluster-44755.1__TRINITY_DN47398_c0_g2_i1.p1                0.00%    passed     97.48%
  39  DE741|Cluster-1155.0__TRINITY_DN92934_c0_g1_i1.p1                 0.00%    passed    100.00%
  40  DRR082660|Cluster-1096.0__TRINITY_DN655_c0_g1_i1.p1               0.00%    passed    100.00%
  41  SRR3407094|Cluster-35624.0__TRINITY_DN9680_c0_g1_i2.p1            0.00%    passed    100.00%
  42  DRR234970|Cluster-40590.0__TRINITY_DN43759_c0_g1_i1.p1            0.00%    passed    100.00%
  43  JJ125|Cluster-18603.0__TRINITY_DN1372_c0_g2_i1.p1                 0.00%    passed    100.00%
  44  JJ131|Cluster-59312.2__TRINITY_DN2861_c0_g1_i2.p1                 0.00%    passed    100.00%
  45  JJ15|Cluster-48018.0__TRINITY_DN4345_c2_g1_i1.p1                  0.00%    passed    100.00%
  46  JJ23|Cluster-33954.0__TRINITY_DN61129_c0_g1_i2.p1                 0.00%    passed     92.42%
  47  JJ85|Cluster-18713.0__TRINITY_DN208_c0_g2_i1.p1                   0.00%    passed    100.00%
  48  DE181|Cluster-37098.0__TRINITY_DN15627_c0_g1_i2.p1                0.00%    passed    100.00%
  49  SRR104381|Cluster-26876.0__TRINITY_DN28169_c0_g1_i2.p1            0.00%    failed      0.08%
  50  DE561|Cluster-34345.0__TRINITY_DN4529_c6_g1_i1.p1                 0.00%    passed    100.00%
  51  DE476|Cluster-41261.0__TRINITY_DN3024_c0_g1_i1.p1                 0.00%    passed    100.00%
  52  SRR11934227|Cluster-100744.1__TRINITY_DN54300_c0_g1_i4.p1         0.00%    failed      0.00%
  53  SRR3407086|Cluster-16192.0__TRINITY_DN91158_c0_g1_i1.p1           0.00%    passed    100.00%
  54  SRR3407093|Cluster-15036.0__TRINITY_DN6831_c0_g1_i2.p1            0.00%    passed    100.00%
  55  DE542|Cluster-47698.0__TRINITY_DN10840_c0_g5_i1.p1                0.00%    passed    100.00%
  56  DE541|Cluster-9628.0__TRINITY_DN4006_c2_g1_i1.p1                  0.00%    passed     99.98%
  57  SRR3407088|Cluster-21975.0__TRINITY_DN4058_c0_g1_i1.p1            0.00%    passed    100.00%
  58  SRR3407092|Cluster-23965.0__TRINITY_DN39094_c0_g1_i1.p1           0.00%    passed    100.00%
  59  DE523|Cluster-37159.0__TRINITY_DN1828_c2_g1_i1.p1                 0.00%    passed    100.00%
  60  DE519|Cluster-61191.0__TRINITY_DN3966_c1_g1_i1.p1                 0.00%    passed    100.00%
  61  DE505|Cluster-30531.0__TRINITY_DN4264_c0_g1_i1.p1                 0.00%    passed    100.00%
  62  DRR082665|Cluster-48945.2__TRINITY_DN116_c0_g1_i4.p1              0.00%    failed      0.00%
  63  SRR3407095|Cluster-26261.0__TRINITY_DN6039_c0_g1_i2.p1            0.98%    passed    100.00%
  64  DE69|Cluster-5167.0__TRINITY_DN3036_c0_g1_i1.p1                   0.00%    passed    100.00%
  65  DE566|Cluster-15606.0__TRINITY_DN4284_c0_g1_i2.p1                 0.00%    passed    100.00%
  66  DE560|Cluster-13120.0__TRINITY_DN4868_c0_g1_i1.p1                 0.00%    passed    100.00%
****  TOTAL                                                             0.07%  3 sequences failed composition chi2 test (p-value<5%; df=60)
WARNING: States(s) AGT, CCA, CCC, CCG, CCT, TGG rarely appear in alignment and may cause numerical problems
Reading input tree file tmp.csubst.nwk ... rooted tree

NOTE: 19 MB RAM (0 GB) is required!
Measuring multi-threading efficiency up to 1 CPU cores
2 trees examined
Threads: 1 / Time: 2.096 sec / Speedup: 1.000 / Efficiency: 100% / LogL: -1855
BEST NUMBER OF THREADS: 1

Estimate model parameters (epsilon = 0.010)
1. Initial log-likelihood: -2432.933
2. Current log-likelihood: -1597.330
3. Current log-likelihood: -1589.441
4. Current log-likelihood: -1589.365
5. Current log-likelihood: -1589.338
6. Current log-likelihood: -1589.327
Optimal log-likelihood: -1589.322
Nonsynonymous/synonymous ratio (omega): 1.000
Transition/transversion ratio (kappa): 1.000
Site proportion and rates:  (0.556,0.345) (0.274,0.537) (0.119,1.671) (0.051,9.023)
Parameters optimization took 6 rounds (28.783 sec)
Wrote distance file to... 
BEST SCORE FOUND : -1589.322
Ancestral state probabilities printed to /mnt/data0/yue/2026-03-11-protein-convergence/results/OG_10179/csubst_w_s/csubst_input_alignment.fa.state
Empirical proportions for each category: 0.794 0.049 0.108 0.049
Site rates printed to /mnt/data0/yue/2026-03-11-protein-convergence/results/OG_10179/csubst_w_s/csubst_input_alignment.fa.rate
Total tree length: 2.924

Total number of iterations: 0
CPU time used for tree search: 0.000 sec (0h:0m:0s)
Wall-clock time used for tree search: 0.000 sec (0h:0m:0s)
Total CPU time used: 31.713 sec (0h:0m:31s)
Total wall-clock time used: 31.790 sec (0h:0m:31s)

Analysis results written to: 
  IQ-TREE report:                /mnt/data0/yue/2026-03-11-protein-convergence/results/OG_10179/csubst_w_s/csubst_input_alignment.fa.iqtree
  Maximum-likelihood tree:       /mnt/data0/yue/2026-03-11-protein-convergence/results/OG_10179/csubst_w_s/csubst_input_alignment.fa.treefile
  Site-specific rates:           /mnt/data0/yue/2026-03-11-protein-convergence/results/OG_10179/csubst_w_s/csubst_input_alignment.fa.rate
  Ancestral state:               /mnt/data0/yue/2026-03-11-protein-convergence/results/OG_10179/csubst_w_s/csubst_input_alignment.fa.state
  Screen log file:               /mnt/data0/yue/2026-03-11-protein-convergence/results/OG_10179/csubst_w_s/csubst_input_alignment.fa.log

Date and Time: Thu Mar 26 20:25:39 2026
