IQ-TREE multicore version 2.4.0 for Linux x86 64-bit built Feb 12 2025
Developed by Bui Quang Minh, Nguyen Lam Tung, Olga Chernomor, Heiko Schmidt,
Dominik Schrempf, Michael Woodhams, Ly Trong Nhan, Thomas Wong

Host:    brain (AVX2, FMA3, 2015 GB RAM)
Command: /home/yue/miniconda3/envs/py39/bin/iqtree -s /mnt/data0/yue/2026-03-11-protein-convergence/results/OG_9665/csubst_w_s/csubst_input_alignment.fa -te tmp.csubst.nwk -m ECMK07+F+R4 --seqtype CODON1 --threads-max 1 -T AUTO --ancestral --rate --redo
Seed:    306407 (Using SPRNG - Scalable Parallel Random Number Generator)
Time:    Sat Mar 28 06:10:36 2026
Kernel:  AVX+FMA - auto-detect threads (128 CPU cores detected)

Reading alignment file /mnt/data0/yue/2026-03-11-protein-convergence/results/OG_9665/csubst_w_s/csubst_input_alignment.fa ... Fasta format detected
Reading fasta file: done in 0.000943944 secs
Alignment most likely contains DNA/RNA sequences
Converting to codon sequences with genetic code 1 ...
WARNING: 1 sites contain only gaps or ambiguous characters.
Alignment has 65 sequences with 280 columns, 259 distinct patterns
126 parsimony-informative, 82 singleton sites, 72 constant sites
                                                                Gap/Ambiguity  Composition  p-value
Analyzing sequences: done in 4.3869e-05 secs using 95.74% CPU
   1  DE666|Cluster-44850.0__TRINITY_DN10911_c0_g2_i2.p1                0.36%    passed    100.00%
   2  DE668|Cluster-33160.4__TRINITY_DN2003_c2_g1_i4.p1                 1.07%    passed    100.00%
   3  DE69|Cluster-52467.2__TRINITY_DN246_c0_g1_i12.p1                 53.21%    passed     99.95%
   4  SRR5150740|Cluster-27218.1__TRINITY_DN791_c0_g2_i1.p1             5.71%    passed     99.99%
   5  DE115|Cluster-56840.0__TRINITY_DN118482_c0_g1_i1.p1               0.36%    passed    100.00%
   6  DE127|Cluster-36940.0__TRINITY_DN58030_c0_g1_i1.p1                0.36%    passed    100.00%
   7  DE528|Cluster-42536.0__TRINITY_DN1088_c3_g1_i1.p1                53.21%    passed     99.86%
   8  DE704-white|Cluster-66178.0__TRINITY_DN25690_c0_g2_i1.p1         53.21%    passed     99.97%
   9  DE704-purple|Cluster-1218.0__TRINITY_DN26831_c0_g1_i1.p1          0.36%    passed    100.00%
  10  DE546_urceolata_l|Cluster-33094.0__TRINITY_DN11392_c0_g1_i1.p1    0.36%    passed    100.00%
  11  DE643|Cluster-25934.1__TRINITY_DN6331_c0_g3_i2.p1                 0.36%    passed    100.00%
  12  DE575|Cluster-57499.1__TRINITY_DN1042_c0_g1_i2.p1                 0.36%    passed    100.00%
  13  DE554|Cluster-6132.0__TRINITY_DN2733_c2_g1_i1.p1                  0.36%    passed    100.00%
  14  DE162|Cluster-38690.0__TRINITY_DN1235_c0_g1_i1.p1                 0.36%    passed    100.00%
  15  DE681|Cluster-15992.0__TRINITY_DN4679_c0_g1_i2.p1                 0.36%    passed    100.00%
  16  DE563|Cluster-31084.0__TRINITY_DN2024_c0_g1_i2.p1                 0.36%    passed    100.00%
  17  DE151|Cluster-55845.0__TRINITY_DN3195_c0_g1_i1.p1                 0.36%    passed    100.00%
  18  DE189|Cluster-45221.0__TRINITY_DN5778_c2_g1_i1.p1                 0.36%    passed    100.00%
  19  JJ89|Cluster-30428.0__TRINITY_DN12200_c0_g1_i1.p1                 0.36%    passed    100.00%
  20  DE696-dots|Cluster-5056.0__TRINITY_DN941_c0_g1_i1.p1              0.36%    passed    100.00%
  21  JJ36|Cluster-26871.0__TRINITY_DN8857_c0_g1_i1.p1                  1.79%    passed    100.00%
  22  DE476|Cluster-59084.0__TRINITY_DN422_c0_g1_i1.p1                  0.36%    passed    100.00%
  23  DE736|Cluster-38671.0__TRINITY_DN1749_c1_g1_i2.p1                 0.36%    passed    100.00%
  24  DE88|Cluster-14713.0__TRINITY_DN78773_c0_g1_i1.p1                 0.36%    passed    100.00%
  25  DE504|Cluster-48069.0__TRINITY_DN5577_c2_g1_i4.p1                53.21%    passed     99.98%
  26  DE737|Cluster-34201.0__TRINITY_DN60928_c0_g1_i1.p1                0.36%    passed    100.00%
  27  JJ109|Cluster-36065.1__TRINITY_DN3837_c1_g1_i1.p1                 0.36%    passed    100.00%
  28  DE549|Cluster-29232.0__TRINITY_DN5585_c0_g1_i1.p1                 0.36%    passed    100.00%
  29  DE672|Cluster-9265.0__TRINITY_DN14511_c0_g1_i1.p1                 0.36%    passed    100.00%
  30  DE671|Cluster-31502.0__TRINITY_DN2700_c0_g1_i1.p1                 0.36%    passed    100.00%
  31  DE541|Cluster-36375.0__TRINITY_DN2027_c4_g1_i1.p1                 0.36%    passed    100.00%
  32  JJ130|Cluster-37462.0__TRINITY_DN1889_c0_g1_i3.p1                53.21%    passed     99.98%
  33  DE696-nodots|Cluster-17510.0__TRINITY_DN3067_c0_g1_i2.p1         53.21%    passed     99.98%
  34  DE764|Cluster-27214.0__TRINITY_DN774_c1_g1_i2.p1                  0.36%    passed    100.00%
  35  DE531|Cluster-1036.0__TRINITY_DN773_c0_g2_i1.p1                   0.36%    passed    100.00%
  36  DE550|Cluster-51399.2__TRINITY_DN3462_c3_g1_i1.p1                 0.36%    passed    100.00%
  37  JJ85|Cluster-15159.0__TRINITY_DN2398_c0_g4_i1.p1                  0.36%    passed    100.00%
  38  DE216|Cluster-19782.0__TRINITY_DN16146_c1_g1_i4.p1                0.36%    passed    100.00%
  39  DE536|Cluster-52520.1__TRINITY_DN50215_c0_g1_i1.p1                0.71%    passed    100.00%
  40  JJ23|Cluster-28284.0__TRINITY_DN3000_c0_g1_i1.p1                  0.36%    passed    100.00%
  41  DE181|Cluster-43349.0__TRINITY_DN10466_c1_g1_i7.p1               53.21%    passed     99.87%
  42  DE505|Cluster-49098.0__TRINITY_DN31190_c0_g1_i3.p1               53.21%    failed      1.98%
  43  SRR3407088|Cluster-31771.0__TRINITY_DN4728_c0_g1_i1.p1           53.21%    failed      1.15%
  44  DE510|Cluster-50720.0__TRINITY_DN13369_c0_g1_i2.p1               53.21%    passed     99.95%
  45  SRR3407087|Cluster-41687.0__TRINITY_DN10260_c0_g1_i1.p1          53.21%    passed     99.95%
  46  SRR3407093|Cluster-38347.0__TRINITY_DN586_c0_g2_i3.p1            53.21%    passed     99.77%
  47  DE561|Cluster-43690.0__TRINITY_DN4561_c0_g1_i2.p1                53.21%    passed     99.95%
  48  SRR3424066|Cluster-12345.0__TRINITY_DN43215_c0_g1_i1.p1           0.36%    passed    100.00%
  49  SRR3407086|Cluster-33823.0__TRINITY_DN8612_c0_g1_i4.p1            0.36%    passed    100.00%
  50  SRR3407092|Cluster-22134.0__TRINITY_DN12390_c0_g1_i2.p1           0.36%    passed    100.00%
  51  DE519|Cluster-47536.0__TRINITY_DN9657_c0_g1_i2.p1                 0.36%    passed    100.00%
  52  DE523|Cluster-18297.0__TRINITY_DN6825_c0_g1_i2.p1                53.21%    passed     99.92%
  53  JJ125|Cluster-41334.0__TRINITY_DN10917_c0_g1_i1.p1               53.21%    passed     99.91%
  54  JJ74|Cluster-48419.0__TRINITY_DN228_c0_g1_i1.p1                   0.36%    passed    100.00%
  55  DE741|Cluster-38866.0__TRINITY_DN2927_c0_g1_i3.p1                53.21%    passed     99.93%
  56  DE566|Cluster-58646.2__TRINITY_DN8689_c0_g1_i8.p1                 0.36%    passed    100.00%
  57  SRR3407095|Cluster-21933.0__TRINITY_DN4639_c0_g1_i2.p1            0.36%    passed    100.00%
  58  SRR3407096|Cluster-28390.0__TRINITY_DN10726_c0_g1_i2.p1          53.21%    passed     99.87%
  59  DE152|Cluster-50977.0__TRINITY_DN15267_c0_g1_i3.p1                0.36%    passed     36.05%
  60  DE623|Cluster-32962.0__TRINITY_DN6940_c0_g1_i3.p1                53.21%    passed     99.92%
  61  DRR082660|Cluster-42975.0__TRINITY_DN4552_c0_g1_i1.p1            26.43%    passed     89.32%
  62  DE560|Cluster-32682.1__TRINITY_DN3626_c0_g1_i1.p1                 0.36%    passed    100.00%
  63  DE534|Cluster-74839.0__TRINITY_DN19088_c0_g1_i1.p1                0.36%    passed    100.00%
  64  JJ131|Cluster-67587.0__TRINITY_DN42978_c0_g1_i6.p1               54.29%    passed     99.94%
  65  DE765|Cluster-33427.0__TRINITY_DN4293_c0_g1_i1.p1                50.36%    passed     99.87%
WARNING: 20 sequences contain more than 50% gaps/ambiguity
****  TOTAL                                                            17.12%  2 sequences failed composition chi2 test (p-value<5%; df=60)
WARNING: States(s) CGT rarely appear in alignment and may cause numerical problems
Reading input tree file tmp.csubst.nwk ... rooted tree

NOTE: 39 MB RAM (0 GB) is required!
Measuring multi-threading efficiency up to 1 CPU cores
2 trees examined
Threads: 1 / Time: 2.425 sec / Speedup: 1.000 / Efficiency: 100% / LogL: -7204
BEST NUMBER OF THREADS: 1

Estimate model parameters (epsilon = 0.010)
1. Initial log-likelihood: -7217.348
2. Current log-likelihood: -5566.172
3. Current log-likelihood: -5553.574
4. Current log-likelihood: -5552.098
5. Current log-likelihood: -5552.019
6. Current log-likelihood: -5551.505
7. Current log-likelihood: -5551.446
8. Current log-likelihood: -5551.420
9. Current log-likelihood: -5551.008
10. Current log-likelihood: -5550.978
11. Current log-likelihood: -5550.966
Optimal log-likelihood: -5550.962
Nonsynonymous/synonymous ratio (omega): 1.000
Transition/transversion ratio (kappa): 1.000
Site proportion and rates:  (0.481,0.325) (0.361,1.050) (0.151,2.664) (0.007,8.906)
Parameters optimization took 11 rounds (62.208 sec)
Wrote distance file to... 
BEST SCORE FOUND : -5550.962
Ancestral state probabilities printed to /mnt/data0/yue/2026-03-11-protein-convergence/results/OG_9665/csubst_w_s/csubst_input_alignment.fa.state
Empirical proportions for each category: 0.554 0.314 0.125 0.007
Site rates printed to /mnt/data0/yue/2026-03-11-protein-convergence/results/OG_9665/csubst_w_s/csubst_input_alignment.fa.rate
Total tree length: 3.341

Total number of iterations: 0
CPU time used for tree search: 0.000 sec (0h:0m:0s)
Wall-clock time used for tree search: 0.000 sec (0h:0m:0s)
Total CPU time used: 65.595 sec (0h:1m:5s)
Total wall-clock time used: 65.680 sec (0h:1m:5s)

Analysis results written to: 
  IQ-TREE report:                /mnt/data0/yue/2026-03-11-protein-convergence/results/OG_9665/csubst_w_s/csubst_input_alignment.fa.iqtree
  Maximum-likelihood tree:       /mnt/data0/yue/2026-03-11-protein-convergence/results/OG_9665/csubst_w_s/csubst_input_alignment.fa.treefile
  Site-specific rates:           /mnt/data0/yue/2026-03-11-protein-convergence/results/OG_9665/csubst_w_s/csubst_input_alignment.fa.rate
  Ancestral state:               /mnt/data0/yue/2026-03-11-protein-convergence/results/OG_9665/csubst_w_s/csubst_input_alignment.fa.state
  Screen log file:               /mnt/data0/yue/2026-03-11-protein-convergence/results/OG_9665/csubst_w_s/csubst_input_alignment.fa.log

Date and Time: Sat Mar 28 06:11:41 2026
