IQ-TREE multicore version 2.4.0 for Linux x86 64-bit built Feb 12 2025
Developed by Bui Quang Minh, Nguyen Lam Tung, Olga Chernomor, Heiko Schmidt,
Dominik Schrempf, Michael Woodhams, Ly Trong Nhan, Thomas Wong

Host:    brain (AVX2, FMA3, 2015 GB RAM)
Command: /home/yue/miniconda3/envs/py39/bin/iqtree -s /mnt/data0/yue/2026-03-11-protein-convergence/results/OG_13005/csubst_w_s/csubst_input_alignment.fa -te tmp.csubst.nwk -m ECMK07+F+R4 --seqtype CODON1 --threads-max 1 -T AUTO --ancestral --rate --redo
Seed:    436405 (Using SPRNG - Scalable Parallel Random Number Generator)
Time:    Thu Mar 26 23:54:29 2026
Kernel:  AVX+FMA - auto-detect threads (128 CPU cores detected)

Reading alignment file /mnt/data0/yue/2026-03-11-protein-convergence/results/OG_13005/csubst_w_s/csubst_input_alignment.fa ... Fasta format detected
Reading fasta file: done in 0.000465572 secs using 49.62% CPU
Alignment most likely contains DNA/RNA sequences
Converting to codon sequences with genetic code 1 ...
Alignment has 49 sequences with 159 columns, 151 distinct patterns
83 parsimony-informative, 41 singleton sites, 35 constant sites
                                                               Gap/Ambiguity  Composition  p-value
Analyzing sequences: done in 2.20239e-05 secs using 49.95% CPU
   1  SRR3407093|Cluster-34214.0__TRINITY_DN13801_c0_g1_i1.p1          0.00%    passed    100.00%
   2  SRR3407096|Cluster-11207.0__TRINITY_DN10291_c0_g1_i1.p1          0.00%    passed    100.00%
   3  DE741|Cluster-15070.0__TRINITY_DN16197_c0_g1_i1.p1              23.27%    passed     99.99%
   4  DE507|Cluster-89100.0__TRINITY_DN16243_c0_g1_i8.p1               0.00%    passed    100.00%
   5  DE152|Cluster-51154.0__TRINITY_DN14231_c0_g1_i1.p1               0.00%    failed      0.46%
   6  DE229|Cluster-23869.1__TRINITY_DN46_c0_g1_i7.p1                 64.78%    failed      0.00%
   7  SRR3407095|Cluster-23918.0__TRINITY_DN59357_c0_g1_i1.p1          0.00%    passed    100.00%
   8  DE69|Cluster-38290.0__TRINITY_DN7023_c0_g1_i10.p1               31.45%    passed     99.81%
   9  JJ131|Cluster-5167.0__TRINITY_DN23032_c0_g1_i2.p1                0.00%    passed     18.34%
  10  DE534|Cluster-16409.0__TRINITY_DN19147_c0_g1_i1.p1               0.00%    passed    100.00%
  11  DE151|Cluster-34383.0__TRINITY_DN17472_c0_g1_i2.p1               0.00%    passed    100.00%
  12  DE173|Cluster-51366.0__TRINITY_DN19257_c0_g1_i4.p1               0.00%    passed    100.00%
  13  JJ109|Cluster-42512.0__TRINITY_DN13373_c0_g1_i3.p1               0.00%    passed    100.00%
  14  JJ36|Cluster-36438.1__TRINITY_DN6027_c0_g1_i5.p1                 5.03%    passed    100.00%
  15  JJ89|Cluster-17197.0__TRINITY_DN31212_c0_g1_i1.p1                0.00%    passed    100.00%
  16  DE541|Cluster-27039.0__TRINITY_DN47392_c0_g1_i1.p1               0.00%    passed    100.00%
  17  DE531|Cluster-27413.0__TRINITY_DN11497_c0_g1_i1.p1               0.00%    passed    100.00%
  18  DE696-nodots|Cluster-63831.0__TRINITY_DN3144_c0_g1_i3.p1         0.00%    passed    100.00%
  19  DE696-dots|Cluster-51317.0__TRINITY_DN14910_c0_g1_i1.p1          0.00%    passed    100.00%
  20  DE550|Cluster-205.0__TRINITY_DN28617_c0_g1_i1.p1                 0.00%    passed    100.00%
  21  JJ130|Cluster-42597.0__TRINITY_DN9300_c0_g2_i2.p1                0.00%    passed    100.00%
  22  DE737|Cluster-51469.0__TRINITY_DN17626_c0_g1_i2.p1               0.00%    passed    100.00%
  23  DE536|Cluster-32712.0__TRINITY_DN18750_c1_g1_i1.p1               0.00%    passed    100.00%
  24  DE189|Cluster-16764.0__TRINITY_DN22986_c0_g1_i4.p1               0.00%    passed    100.00%
  25  DE504|Cluster-39471.0__TRINITY_DN21578_c0_g1_i1.p1               0.00%    passed    100.00%
  26  DE549|Cluster-30637.0__TRINITY_DN12026_c0_g1_i4.p1               0.00%    passed    100.00%
  27  SRR3407092|Cluster-28550.1__TRINITY_DN13884_c0_g1_i2.p1          0.00%    passed    100.00%
  28  DE505|Cluster-45208.0__TRINITY_DN15334_c0_g1_i3.p1               0.00%    passed    100.00%
  29  DE510|Cluster-51606.0__TRINITY_DN3419_c0_g1_i6.p1                0.00%    passed    100.00%
  30  SRR3407087|Cluster-40053.0__TRINITY_DN19636_c0_g1_i4.p1          0.00%    passed    100.00%
  31  DE503|Cluster-37148.0__TRINITY_DN11908_c0_g1_i6.p1               0.00%    passed    100.00%
  32  SRR3407094|Cluster-32009.0__TRINITY_DN18441_c0_g1_i1.p1          0.00%    passed    100.00%
  33  DE181|Cluster-18541.0__TRINITY_DN6096_c0_g1_i9.p1               31.45%    passed     99.97%
  34  SRR3407086|Cluster-20660.0__TRINITY_DN35249_c0_g1_i2.p1          0.00%    passed    100.00%
  35  SRR3407088|Cluster-15188.0__TRINITY_DN29013_c0_g1_i1.p1          0.00%    passed    100.00%
  36  DE561|Cluster-46431.0__TRINITY_DN13361_c1_g1_i12.p1              0.00%    passed    100.00%
  37  SRR3424066|Cluster-30302.0__TRINITY_DN15853_c0_g1_i1.p1          0.00%    passed    100.00%
  38  DE523|Cluster-37815.0__TRINITY_DN48558_c0_g1_i2.p1               0.00%    passed    100.00%
  39  JJ85|Cluster-2103.0__TRINITY_DN30973_c0_g1_i1.p1                 0.00%    passed    100.00%
  40  DE519|Cluster-31398.0__TRINITY_DN14253_c0_g1_i1.p1               0.00%    passed    100.00%
  41  DE560|Cluster-46111.0__TRINITY_DN375_c1_g1_i7.p1                 5.03%    passed    100.00%
  42  JJ74|Cluster-35977.1__TRINITY_DN22427_c0_g1_i2.p1                0.63%    passed    100.00%
  43  DE566|Cluster-18256.0__TRINITY_DN21589_c0_g1_i2.p1               0.00%    passed    100.00%
  44  DE476|Cluster-39271.0__TRINITY_DN22256_c0_g2_i1.p1              31.45%    passed    100.00%
  45  DE162|Cluster-22042.0__TRINITY_DN43250_c0_g1_i1.p1               0.00%    passed    100.00%
  46  DE704-white|Cluster-40332.0__TRINITY_DN31728_c2_g1_i3.p1         0.00%    passed     99.98%
  47  DE546_urceolata_l|Cluster-1930.0__TRINITY_DN14630_c0_g1_i1.p1    0.00%    passed    100.00%
  48  DE229|Cluster-4080.0__TRINITY_DN46_c0_g1_i1.p1                   5.03%    passed     98.57%
  49  JJ99|Cluster-40292.0__TRINITY_DN2886_c0_g1_i8.p1                 0.00%    passed     99.87%
WARNING: 1 sequences contain more than 50% gaps/ambiguity
****  TOTAL                                                            4.04%  2 sequences failed composition chi2 test (p-value<5%; df=60)
Reading input tree file tmp.csubst.nwk ... rooted tree

NOTE: 19 MB RAM (0 GB) is required!
Measuring multi-threading efficiency up to 1 CPU cores
3 trees examined
Threads: 1 / Time: 1.516 sec / Speedup: 1.000 / Efficiency: 100% / LogL: -4451
BEST NUMBER OF THREADS: 1

Estimate model parameters (epsilon = 0.010)
1. Initial log-likelihood: -4033.170
2. Current log-likelihood: -2964.642
3. Current log-likelihood: -2964.622
4. Current log-likelihood: -2964.612
Optimal log-likelihood: -2964.604
Nonsynonymous/synonymous ratio (omega): 1.000
Transition/transversion ratio (kappa): 1.000
Site proportion and rates:  (0.579,0.470) (0.284,1.179) (0.116,2.507) (0.021,4.862)
Parameters optimization took 4 rounds (14.246 sec)
Wrote distance file to... 
BEST SCORE FOUND : -2964.604
Ancestral state probabilities printed to /mnt/data0/yue/2026-03-11-protein-convergence/results/OG_13005/csubst_w_s/csubst_input_alignment.fa.state
Empirical proportions for each category: 0.673 0.220 0.094 0.013
Site rates printed to /mnt/data0/yue/2026-03-11-protein-convergence/results/OG_13005/csubst_w_s/csubst_input_alignment.fa.rate
Total tree length: 2.523

Total number of iterations: 0
CPU time used for tree search: 0.000 sec (0h:0m:0s)
Wall-clock time used for tree search: 0.000 sec (0h:0m:0s)
Total CPU time used: 16.198 sec (0h:0m:16s)
Total wall-clock time used: 16.505 sec (0h:0m:16s)

Analysis results written to: 
  IQ-TREE report:                /mnt/data0/yue/2026-03-11-protein-convergence/results/OG_13005/csubst_w_s/csubst_input_alignment.fa.iqtree
  Maximum-likelihood tree:       /mnt/data0/yue/2026-03-11-protein-convergence/results/OG_13005/csubst_w_s/csubst_input_alignment.fa.treefile
  Site-specific rates:           /mnt/data0/yue/2026-03-11-protein-convergence/results/OG_13005/csubst_w_s/csubst_input_alignment.fa.rate
  Ancestral state:               /mnt/data0/yue/2026-03-11-protein-convergence/results/OG_13005/csubst_w_s/csubst_input_alignment.fa.state
  Screen log file:               /mnt/data0/yue/2026-03-11-protein-convergence/results/OG_13005/csubst_w_s/csubst_input_alignment.fa.log

Date and Time: Thu Mar 26 23:54:45 2026
