IQ-TREE multicore version 2.4.0 for Linux x86 64-bit built Feb 12 2025
Developed by Bui Quang Minh, Nguyen Lam Tung, Olga Chernomor, Heiko Schmidt,
Dominik Schrempf, Michael Woodhams, Ly Trong Nhan, Thomas Wong

Host:    brain (AVX2, FMA3, 2015 GB RAM)
Command: /home/yue/miniconda3/envs/py39/bin/iqtree -s /mnt/data0/yue/2026-03-11-protein-convergence/results/OG_3046/csubst_w_s/csubst_input_alignment.fa -te tmp.csubst.nwk -m ECMK07+F+R4 --seqtype CODON1 --threads-max 1 -T AUTO --ancestral --rate --redo
Seed:    714167 (Using SPRNG - Scalable Parallel Random Number Generator)
Time:    Fri Mar 27 07:33:53 2026
Kernel:  AVX+FMA - auto-detect threads (128 CPU cores detected)

Reading alignment file /mnt/data0/yue/2026-03-11-protein-convergence/results/OG_3046/csubst_w_s/csubst_input_alignment.fa ... Fasta format detected
Reading fasta file: done in 0.00181465 secs
Alignment most likely contains DNA/RNA sequences
Converting to codon sequences with genetic code 1 ...
Alignment has 77 sequences with 471 columns, 421 distinct patterns
246 parsimony-informative, 114 singleton sites, 111 constant sites
                                                               Gap/Ambiguity  Composition  p-value
Analyzing sequences: done in 9.64552e-05 secs using 98.49% CPU
   1  SRR3407087|Cluster-34793.0__TRINITY_DN3244_c0_g1_i2.p1           0.00%    passed    100.00%
   2  DE554|Cluster-57817.1__TRINITY_DN29962_c0_g1_i7.p1               0.00%    passed    100.00%
   3  DE681|Cluster-29896.0__TRINITY_DN2530_c0_g1_i10.p1               0.42%    passed    100.00%
   4  DE668|Cluster-8365.2__TRINITY_DN7961_c0_g1_i22.p1                0.00%    passed    100.00%
   5  DE666|Cluster-24590.0__TRINITY_DN5246_c1_g1_i14.p1               0.00%    passed    100.00%
   6  DE164|Cluster-58543.0__TRINITY_DN20431_c0_g1_i37.p1              0.00%    passed    100.00%
   7  DE671|Cluster-44846.1__TRINITY_DN2411_c0_g1_i15.p1               0.00%    passed    100.00%
   8  DE504|Cluster-48020.1__TRINITY_DN955_c0_g2_i5.p1                 0.42%    passed    100.00%
   9  DE765|Cluster-43435.0__TRINITY_DN5894_c1_g1_i11.p1               0.21%    passed    100.00%
  10  SRR5150740|Cluster-40723.0__TRINITY_DN2896_c0_g1_i3.p1           2.55%    passed     99.96%
  11  DE575|Cluster-60645.0__TRINITY_DN5465_c0_g2_i3.p1                0.00%    passed    100.00%
  12  DE523|Cluster-52521.0__TRINITY_DN1824_c0_g1_i29.p1               0.00%    passed    100.00%
  13  DE69|Cluster-36097.0__TRINITY_DN5787_c0_g2_i19.p1                0.00%    passed    100.00%
  14  JJ74|Cluster-75235.1__TRINITY_DN1166_c0_g1_i20.p1                0.21%    passed    100.00%
  15  DE546_urceolata_l|Cluster-36940.0__TRINITY_DN3886_c0_g1_i4.p1    6.79%    passed    100.00%
  16  DE126|Cluster-25545.0__TRINITY_DN2292_c0_g1_i16.p1               0.00%    passed    100.00%
  17  DE162|Cluster-44948.0__TRINITY_DN5387_c0_g1_i1.p1                0.00%    passed    100.00%
  18  DE507|Cluster-66521.1__TRINITY_DN659_c1_g1_i8.p1                 0.00%    passed    100.00%
  19  DE704-white|Cluster-44871.5__TRINITY_DN7622_c0_g1_i16.p1         0.00%    passed    100.00%
  20  DE704-purple|Cluster-42706.0__TRINITY_DN777_c0_g3_i4.p1          0.00%    passed    100.00%
  21  DE528|Cluster-26524.1__TRINITY_DN5950_c0_g1_i3.p1                0.00%    passed    100.00%
  22  DE115|Cluster-54187.0__TRINITY_DN2548_c0_g1_i2.p1                0.00%    passed    100.00%
  23  DE127|Cluster-47347.1__TRINITY_DN837_c0_g1_i2.p1                 0.00%    passed    100.00%
  24  JJ86|Cluster-54140.0__TRINITY_DN4118_c0_g1_i1.p1                 0.00%    passed    100.00%
  25  DE623|Cluster-13658.0__TRINITY_DN6363_c0_g1_i17.p1               0.00%    passed    100.00%
  26  DE680|Cluster-43031.0__TRINITY_DN3154_c1_g1_i4.p1                0.00%    passed    100.00%
  27  DE151|Cluster-8454.1__TRINITY_DN4280_c0_g2_i1.p1                 0.00%    passed    100.00%
  28  JJ109|Cluster-30259.1__TRINITY_DN383_c0_g1_i5.p1                 0.00%    passed    100.00%
  29  JJ130|Cluster-46798.0__TRINITY_DN2762_c0_g1_i27.p1               0.00%    passed    100.00%
  30  JJ89|Cluster-36142.0__TRINITY_DN1482_c0_g1_i3.p1                 0.00%    passed    100.00%
  31  DE476|Cluster-60172.0__TRINITY_DN7194_c0_g1_i8.p1                0.00%    passed    100.00%
  32  DE509|Cluster-42505.0__TRINITY_DN965_c0_g1_i33.p1                0.00%    passed    100.00%
  33  DE736|Cluster-54757.0__TRINITY_DN2541_c0_g1_i14.p1               0.00%    passed    100.00%
  34  DE541|Cluster-37782.0__TRINITY_DN1520_c0_g1_i103.p1              0.00%    passed    100.00%
  35  DE531|Cluster-42235.0__TRINITY_DN2751_c0_g1_i5.p1                0.00%    passed    100.00%
  36  DE696-dots|Cluster-50194.0__TRINITY_DN2015_c1_g1_i22.p1         57.11%    passed     74.68%
  37  JJ36|Cluster-34253.1__TRINITY_DN1990_c0_g1_i30.p1                0.00%    passed    100.00%
  38  DE181|Cluster-34808.0__TRINITY_DN637_c0_g1_i13.p1                0.00%    passed    100.00%
  39  DE505|Cluster-55463.1__TRINITY_DN2150_c0_g1_i21.p1               0.00%    passed    100.00%
  40  DE503|Cluster-60058.0__TRINITY_DN1979_c0_g1_i3.p1                0.00%    passed    100.00%
  41  SRR3407095|Cluster-43274.0__TRINITY_DN3339_c0_g1_i17.p1          0.00%    passed    100.00%
  42  SRR3407094|Cluster-24205.0__TRINITY_DN3650_c0_g1_i1.p1           0.00%    passed    100.00%
  43  JJ125|Cluster-12766.2__TRINITY_DN1888_c0_g1_i19.p1               0.00%    passed    100.00%
  44  JJ85|Cluster-38086.0__TRINITY_DN912_c0_g1_i48.p1                 0.00%    passed    100.00%
  45  DE216|Cluster-81094.0__TRINITY_DN10061_c0_g1_i34.p1              0.00%    passed    100.00%
  46  JJ15|Cluster-38812.2__TRINITY_DN1939_c0_g1_i7.p1                 0.00%    passed    100.00%
  47  DE534|Cluster-75882.0__TRINITY_DN3639_c0_g1_i4.p1                0.00%    passed    100.00%
  48  DE542|Cluster-38379.3__TRINITY_DN1702_c0_g1_i4.p1                0.00%    passed    100.00%
  49  DE519|Cluster-69546.0__TRINITY_DN1079_c0_g1_i1.p1                0.00%    passed    100.00%
  50  DE741|Cluster-49806.0__TRINITY_DN7787_c0_g1_i11.p1               0.00%    passed    100.00%
  51  DE563|Cluster-52240.0__TRINITY_DN3014_c0_g1_i21.p1               0.00%    passed    100.00%
  52  DE173|Cluster-57789.0__TRINITY_DN9328_c0_g2_i3.p1                0.00%    passed    100.00%
  53  DE88|Cluster-39103.0__TRINITY_DN4237_c0_g1_i102.p1               0.00%    passed    100.00%
  54  DE550|Cluster-50584.0__TRINITY_DN1058_c0_g1_i32.p1               0.00%    passed    100.00%
  55  DE643|Cluster-85826.0__TRINITY_DN2551_c0_g1_i69.p1               0.00%    passed    100.00%
  56  DE566|Cluster-53384.4__TRINITY_DN2875_c0_g1_i29.p1               0.00%    passed    100.00%
  57  SRR3407096|Cluster-30096.0__TRINITY_DN3547_c0_g1_i7.p1           0.00%    passed    100.00%
  58  DE510|Cluster-48805.0__TRINITY_DN853_c0_g1_i9.p1                 0.00%    passed    100.00%
  59  SRR3407086|Cluster-34457.0__TRINITY_DN6022_c0_g1_i2.p1           0.00%    passed    100.00%
  60  SRR3407088|Cluster-39323.0__TRINITY_DN4462_c0_g1_i4.p1           0.00%    passed    100.00%
  61  DE561|Cluster-49802.0__TRINITY_DN893_c0_g1_i8.p1                 0.00%    passed    100.00%
  62  SRR3424066|Cluster-39953.0__TRINITY_DN19824_c0_g1_i3.p1          0.00%    passed    100.00%
  63  SRR3407092|Cluster-27639.0__TRINITY_DN6041_c0_g1_i10.p1          0.00%    passed    100.00%
  64  SRR3407093|Cluster-35529.0__TRINITY_DN8340_c0_g1_i15.p1          0.00%    passed    100.00%
  65  DE560|Cluster-16412.0__TRINITY_DN1292_c0_g1_i17.p1               0.00%    passed    100.00%
  66  DE549|Cluster-43349.0__TRINITY_DN6620_c0_g1_i21.p1               0.00%    passed    100.00%
  67  DE764|Cluster-45601.5__TRINITY_DN343_c0_g1_i80.p1                0.00%    passed    100.00%
  68  DE672|Cluster-32494.0__TRINITY_DN2932_c0_g2_i2.p1                0.00%    passed    100.00%
  69  DE737|Cluster-54892.3__TRINITY_DN1255_c0_g2_i15.p1               0.00%    passed    100.00%
  70  DRR082660|Cluster-16325.0__TRINITY_DN2525_c0_g1_i2.p1            0.00%    passed    100.00%
  71  DE152|Cluster-53057.0__TRINITY_DN3858_c0_g1_i20.p1               0.00%    passed    100.00%
  72  DE229|Cluster-44194.1__TRINITY_DN2456_c1_g1_i7.p1                0.00%    passed    100.00%
  73  JJ23|Cluster-46040.0__TRINITY_DN13554_c0_g1_i12.p1               0.00%    passed    100.00%
  74  JJ131|Cluster-66692.0__TRINITY_DN1097_c0_g1_i5.p1                0.00%    passed    100.00%
  75  DRR234970|Cluster-47098.0__TRINITY_DN9689_c0_g1_i2.p1            0.00%    passed     99.96%
  76  SRR104381|Cluster-32838.0__TRINITY_DN4949_c0_g1_i6.p1            0.00%    passed     99.70%
  77  JJ99|Cluster-35828.1__TRINITY_DN1229_c0_g1_i9.p1                 0.00%    passed    100.00%
WARNING: 1 sequences contain more than 50% gaps/ambiguity
****  TOTAL                                                            0.88%  0 sequences failed composition chi2 test (p-value<5%; df=60)
Reading input tree file tmp.csubst.nwk ... rooted tree

NOTE: 70 MB RAM (0 GB) is required!
Measuring multi-threading efficiency up to 1 CPU cores
2 trees examined
Threads: 1 / Time: 3.704 sec / Speedup: 1.000 / Efficiency: 100% / LogL: -16143
BEST NUMBER OF THREADS: 1

Estimate model parameters (epsilon = 0.010)
1. Initial log-likelihood: -15632.192
2. Current log-likelihood: -10306.374
3. Current log-likelihood: -10295.904
4. Current log-likelihood: -10295.080
5. Current log-likelihood: -10293.967
6. Current log-likelihood: -10283.635
7. Current log-likelihood: -10282.447
8. Current log-likelihood: -10281.633
9. Current log-likelihood: -10272.587
10. Current log-likelihood: -10272.390
11. Current log-likelihood: -10271.100
12. Current log-likelihood: -10271.029
13. Current log-likelihood: -10271.016
Optimal log-likelihood: -10271.014
Nonsynonymous/synonymous ratio (omega): 1.000
Transition/transversion ratio (kappa): 1.000
Site proportion and rates:  (0.467,0.251) (0.391,0.934) (0.126,3.042) (0.016,8.367)
Parameters optimization took 13 rounds (154.848 sec)
Wrote distance file to... 
BEST SCORE FOUND : -10271.014
Ancestral state probabilities printed to /mnt/data0/yue/2026-03-11-protein-convergence/results/OG_3046/csubst_w_s/csubst_input_alignment.fa.state
Empirical proportions for each category: 0.510 0.359 0.115 0.017
Site rates printed to /mnt/data0/yue/2026-03-11-protein-convergence/results/OG_3046/csubst_w_s/csubst_input_alignment.fa.rate
Total tree length: 3.324

Total number of iterations: 0
CPU time used for tree search: 0.000 sec (0h:0m:0s)
Wall-clock time used for tree search: 0.000 sec (0h:0m:0s)
Total CPU time used: 160.486 sec (0h:2m:40s)
Total wall-clock time used: 160.691 sec (0h:2m:40s)

Analysis results written to: 
  IQ-TREE report:                /mnt/data0/yue/2026-03-11-protein-convergence/results/OG_3046/csubst_w_s/csubst_input_alignment.fa.iqtree
  Maximum-likelihood tree:       /mnt/data0/yue/2026-03-11-protein-convergence/results/OG_3046/csubst_w_s/csubst_input_alignment.fa.treefile
  Site-specific rates:           /mnt/data0/yue/2026-03-11-protein-convergence/results/OG_3046/csubst_w_s/csubst_input_alignment.fa.rate
  Ancestral state:               /mnt/data0/yue/2026-03-11-protein-convergence/results/OG_3046/csubst_w_s/csubst_input_alignment.fa.state
  Screen log file:               /mnt/data0/yue/2026-03-11-protein-convergence/results/OG_3046/csubst_w_s/csubst_input_alignment.fa.log

Date and Time: Fri Mar 27 07:36:34 2026
