IQ-TREE multicore version 2.4.0 for Linux x86 64-bit built Feb 12 2025
Developed by Bui Quang Minh, Nguyen Lam Tung, Olga Chernomor, Heiko Schmidt,
Dominik Schrempf, Michael Woodhams, Ly Trong Nhan, Thomas Wong

Host:    brain (AVX2, FMA3, 2015 GB RAM)
Command: /home/yue/miniconda3/envs/py39/bin/iqtree -s /mnt/data0/yue/2026-03-11-protein-convergence/results/OG_11706/csubst_w_s/csubst_input_alignment.fa -te tmp.csubst.nwk -m ECMK07+F+R4 --seqtype CODON1 --threads-max 1 -T AUTO --ancestral --rate --redo
Seed:    543703 (Using SPRNG - Scalable Parallel Random Number Generator)
Time:    Thu Mar 26 22:38:04 2026
Kernel:  AVX+FMA - auto-detect threads (128 CPU cores detected)

Reading alignment file /mnt/data0/yue/2026-03-11-protein-convergence/results/OG_11706/csubst_w_s/csubst_input_alignment.fa ... Fasta format detected
Reading fasta file: done in 0.00348023 secs using 47.55% CPU
Alignment most likely contains DNA/RNA sequences
Converting to codon sequences with genetic code 1 ...
Alignment has 46 sequences with 471 columns, 455 distinct patterns
147 parsimony-informative, 193 singleton sites, 131 constant sites
                                                           Gap/Ambiguity  Composition  p-value
Analyzing sequences: done in 0.000181511 secs using 98.62% CPU
   1  DE229|Cluster-96207.0__TRINITY_DN40580_c0_g1_i1.p1          60.93%    passed     66.82%
   2  DE507|Cluster-15650.0__TRINITY_DN27400_c0_g2_i1.p1          31.21%    passed    100.00%
   3  DE534|Cluster-23951.0__TRINITY_DN16272_c0_g1_i1.p1          22.51%    passed    100.00%
   4  DE550|Cluster-22808.0__TRINITY_DN11391_c0_g1_i4.p1          28.03%    passed    100.00%
   5  DE536|Cluster-28064.0__TRINITY_DN18966_c0_g1_i1.p1           1.49%    passed    100.00%
   6  DE566|Cluster-35228.0__TRINITY_DN27415_c0_g1_i3.p1           0.21%    passed    100.00%
   7  DE126|Cluster-5465.0__TRINITY_DN17802_c0_g2_i1.p1            0.21%    passed    100.00%
   8  JJ23|Cluster-645.0__TRINITY_DN15708_c0_g1_i1.p1              0.21%    passed    100.00%
   9  DE623|Cluster-30287.0__TRINITY_DN16836_c0_g2_i1.p1           0.21%    passed    100.00%
  10  DE680|Cluster-4409.0__TRINITY_DN23286_c0_g2_i1.p1            0.21%    passed    100.00%
  11  DE162|Cluster-17062.10__TRINITY_DN12772_c0_g1_i5.p1          0.21%    passed    100.00%
  12  DE704-white|Cluster-55986.1__TRINITY_DN16590_c0_g1_i2.p1    61.15%    passed    100.00%
  13  DE173|Cluster-56806.0__TRINITY_DN14775_c0_g1_i1.p1           0.21%    passed    100.00%
  14  DE189|Cluster-40988.0__TRINITY_DN11881_c0_g1_i1.p1           0.21%    passed    100.00%
  15  JJ89|Cluster-18466.0__TRINITY_DN15536_c0_g1_i1.p1            0.21%    passed    100.00%
  16  JJ109|Cluster-3868.0__TRINITY_DN30406_c0_g1_i1.p1           43.74%    passed    100.00%
  17  DE504|Cluster-40705.3__TRINITY_DN13229_c0_g2_i4.p1           7.64%    passed    100.00%
  18  DE531|Cluster-43968.0__TRINITY_DN14354_c0_g1_i3.p1          14.01%    passed    100.00%
  19  DE696-nodots|Cluster-47966.0__TRINITY_DN12377_c1_g1_i3.p1   31.21%    passed    100.00%
  20  DE764|Cluster-39270.1__TRINITY_DN4921_c2_g1_i2.p1            7.64%    passed    100.00%
  21  JJ36|Cluster-8206.0__TRINITY_DN19262_c0_g1_i3.p1             0.21%    passed    100.00%
  22  DE736|Cluster-55679.5__TRINITY_DN6750_c0_g1_i5.p1           43.74%    passed    100.00%
  23  DE509|Cluster-4427.1__TRINITY_DN26322_c0_g1_i4.p1            7.64%    passed    100.00%
  24  DE181|Cluster-17833.0__TRINITY_DN9515_c0_g1_i2.p1            0.21%    passed    100.00%
  25  DE561|Cluster-36533.0__TRINITY_DN21598_c0_g1_i1.p1           0.21%    passed    100.00%
  26  SRR3407086|Cluster-5325.0__TRINITY_DN38937_c0_g1_i1.p1      61.15%    passed     99.99%
  27  DE503|Cluster-60566.0__TRINITY_DN21596_c0_g1_i1.p1          14.01%    passed    100.00%
  28  DE510|Cluster-48118.0__TRINITY_DN28229_c0_g1_i5.p1           0.21%    passed    100.00%
  29  DE505|Cluster-53288.0__TRINITY_DN36540_c1_g1_i3.p1          50.11%    passed    100.00%
  30  SRR3407094|Cluster-36495.0__TRINITY_DN9051_c0_g1_i2.p1      61.15%    passed    100.00%
  31  SRR3407093|Cluster-156.0__TRINITY_DN19621_c0_g1_i2.p1       61.15%    passed    100.00%
  32  JJ125|Cluster-29367.1__TRINITY_DN7890_c0_g1_i7.p1            0.21%    passed    100.00%
  33  DE560|Cluster-9452.0__TRINITY_DN22711_c0_g1_i1.p1            0.21%    passed    100.00%
  34  DE741|Cluster-53869.0__TRINITY_DN4657_c1_g1_i4.p1            0.21%    passed    100.00%
  35  JJ85|Cluster-42502.1__TRINITY_DN10373_c0_g1_i2.p1            0.21%    passed    100.00%
  36  DE216|Cluster-57563.0__TRINITY_DN24732_c0_g2_i1.p1          22.51%    passed    100.00%
  37  DE542|Cluster-49249.1__TRINITY_DN14842_c0_g1_i6.p1           0.00%    passed    100.00%
  38  JJ15|Cluster-34552.0__TRINITY_DN71534_c0_g2_i1.p1           50.11%    passed    100.00%
  39  DE519|Cluster-61216.0__TRINITY_DN9669_c0_g1_i14.p1          19.75%    passed    100.00%
  40  DRR082660|Cluster-46180.0__TRINITY_DN14714_c0_g1_i13.p1     51.38%    passed     99.96%
  41  DE643|Cluster-52656.0__TRINITY_DN23010_c0_g2_i4.p1          29.51%    passed    100.00%
  42  DE671|Cluster-33588.1__TRINITY_DN13355_c0_g1_i4.p1          33.76%    passed    100.00%
  43  JJ86|Cluster-53667.0__TRINITY_DN12385_c0_g1_i5.p1           67.30%    passed     96.77%
  44  DE523|Cluster-17327.0__TRINITY_DN36029_c0_g1_i1.p1          19.32%    passed     99.99%
  45  JJ131|Cluster-69880.0__TRINITY_DN17372_c0_g1_i4.p1           0.21%    passed     99.51%
  46  DE127|Cluster-27613.1__TRINITY_DN20436_c0_g1_i3.p1          70.70%    passed     92.34%
WARNING: 10 sequences contain more than 50% gaps/ambiguity
****  TOTAL                                                       21.23%  0 sequences failed composition chi2 test (p-value<5%; df=60)
Reading input tree file tmp.csubst.nwk ... rooted tree

NOTE: 44 MB RAM (0 GB) is required!
Measuring multi-threading efficiency up to 1 CPU cores
2 trees examined
Threads: 1 / Time: 2.209 sec / Speedup: 1.000 / Efficiency: 100% / LogL: -9211
BEST NUMBER OF THREADS: 1

Estimate model parameters (epsilon = 0.010)
1. Initial log-likelihood: -10033.471
2. Current log-likelihood: -7053.979
3. Current log-likelihood: -7053.654
4. Current log-likelihood: -7053.536
5. Current log-likelihood: -7053.486
6. Current log-likelihood: -7053.461
7. Current log-likelihood: -7053.446
8. Current log-likelihood: -7053.435
Optimal log-likelihood: -7053.425
Nonsynonymous/synonymous ratio (omega): 1.000
Transition/transversion ratio (kappa): 1.000
Site proportion and rates:  (0.459,0.383) (0.315,0.797) (0.164,2.267) (0.062,3.258)
Parameters optimization took 8 rounds (52.570 sec)
Wrote distance file to... 
BEST SCORE FOUND : -7053.425
Ancestral state probabilities printed to /mnt/data0/yue/2026-03-11-protein-convergence/results/OG_11706/csubst_w_s/csubst_input_alignment.fa.state
Empirical proportions for each category: 0.584 0.217 0.183 0.017
Site rates printed to /mnt/data0/yue/2026-03-11-protein-convergence/results/OG_11706/csubst_w_s/csubst_input_alignment.fa.rate
Total tree length: 5.942

Total number of iterations: 0
CPU time used for tree search: 0.000 sec (0h:0m:0s)
Wall-clock time used for tree search: 0.000 sec (0h:0m:0s)
Total CPU time used: 55.979 sec (0h:0m:55s)
Total wall-clock time used: 56.076 sec (0h:0m:56s)

Analysis results written to: 
  IQ-TREE report:                /mnt/data0/yue/2026-03-11-protein-convergence/results/OG_11706/csubst_w_s/csubst_input_alignment.fa.iqtree
  Maximum-likelihood tree:       /mnt/data0/yue/2026-03-11-protein-convergence/results/OG_11706/csubst_w_s/csubst_input_alignment.fa.treefile
  Site-specific rates:           /mnt/data0/yue/2026-03-11-protein-convergence/results/OG_11706/csubst_w_s/csubst_input_alignment.fa.rate
  Ancestral state:               /mnt/data0/yue/2026-03-11-protein-convergence/results/OG_11706/csubst_w_s/csubst_input_alignment.fa.state
  Screen log file:               /mnt/data0/yue/2026-03-11-protein-convergence/results/OG_11706/csubst_w_s/csubst_input_alignment.fa.log

Date and Time: Thu Mar 26 22:39:00 2026
