IQ-TREE multicore version 2.4.0 for Linux x86 64-bit built Feb 12 2025
Developed by Bui Quang Minh, Nguyen Lam Tung, Olga Chernomor, Heiko Schmidt,
Dominik Schrempf, Michael Woodhams, Ly Trong Nhan, Thomas Wong

Host:    brain (AVX2, FMA3, 2015 GB RAM)
Command: /home/yue/miniconda3/envs/py39/bin/iqtree -s /mnt/data0/yue/2026-03-11-protein-convergence/results/OG_10342/csubst_w_s/csubst_input_alignment.fa -te tmp.csubst.nwk -m ECMK07+F+R4 --seqtype CODON1 --threads-max 1 -T AUTO --ancestral --rate --redo
Seed:    766042 (Using SPRNG - Scalable Parallel Random Number Generator)
Time:    Thu Mar 26 20:43:05 2026
Kernel:  AVX+FMA - auto-detect threads (128 CPU cores detected)

Reading alignment file /mnt/data0/yue/2026-03-11-protein-convergence/results/OG_10342/csubst_w_s/csubst_input_alignment.fa ... Fasta format detected
Reading fasta file: done in 0.000965714 secs using 50.64% CPU
Alignment most likely contains DNA/RNA sequences
Converting to codon sequences with genetic code 1 ...
Alignment has 45 sequences with 371 columns, 309 distinct patterns
76 parsimony-informative, 111 singleton sites, 184 constant sites
                                                           Gap/Ambiguity  Composition  p-value
Analyzing sequences: done in 3.78639e-05 secs using 97.72% CPU
   1  SRR5150740|Cluster-50513.1__TRINITY_DN2628_c0_g1_i2.p1      20.22%    passed     99.99%
   2  DE503|Cluster-57323.1__TRINITY_DN863_c0_g1_i21.p1           42.86%    passed    100.00%
   3  SRR3407094|Cluster-31719.0__TRINITY_DN10119_c0_g1_i6.p1     41.51%    passed    100.00%
   4  DE523|Cluster-53637.1__TRINITY_DN934_c0_g1_i58.p1           42.86%    passed    100.00%
   5  DE509|Cluster-43678.1__TRINITY_DN2935_c0_g1_i127.p1         42.86%    passed    100.00%
   6  DE69|Cluster-44817.32__TRINITY_DN499_c0_g1_i16.p1           42.86%    passed    100.00%
   7  DE476|Cluster-57520.0__TRINITY_DN57_c0_g1_i2.p1             47.17%    passed    100.00%
   8  DE672|Cluster-44392.0__TRINITY_DN860_c0_g1_i10.p1           46.90%    passed    100.00%
   9  DE696-dots|Cluster-34630.0__TRINITY_DN12_c0_g2_i5.p1        47.17%    passed    100.00%
  10  JJ130|Cluster-22299.0__TRINITY_DN9403_c0_g1_i3.p1           47.17%    passed    100.00%
  11  DE126|Cluster-26709.0__TRINITY_DN2691_c0_g1_i9.p1            0.54%    passed    100.00%
  12  DE162|Cluster-36994.2__TRINITY_DN28358_c0_g1_i9.p1          33.42%    passed     99.77%
  13  DE623|Cluster-56847.0__TRINITY_DN10115_c0_g1_i8.p1          33.42%    passed     99.99%
  14  DE680|Cluster-53583.1__TRINITY_DN2492_c0_g1_i13.p1          33.42%    passed     99.99%
  15  DE152|Cluster-44669.1__TRINITY_DN783_c0_g1_i20.p1           34.23%    passed     99.33%
  16  DE566|Cluster-25403.0__TRINITY_DN2614_c2_g1_i4.p1           34.23%    passed     99.98%
  17  JJ131|Cluster-33696.0__TRINITY_DN8660_c0_g1_i1.p1           33.96%    passed     99.77%
  18  JJ109|Cluster-45933.0__TRINITY_DN10358_c1_g1_i7.p1          33.96%    passed     99.97%
  19  DE764|Cluster-9209.0__TRINITY_DN3934_c1_g1_i27.p1           33.96%    passed     99.89%
  20  DE549|Cluster-14928.1__TRINITY_DN3572_c0_g1_i8.p1           33.96%    passed     99.92%
  21  DRR082660|Cluster-20629.1__TRINITY_DN2072_c0_g2_i13.p1       0.27%    passed    100.00%
  22  SRR3407093|Cluster-29824.0__TRINITY_DN9868_c0_g1_i2.p1       0.54%    passed    100.00%
  23  SRR3407096|Cluster-26225.0__TRINITY_DN1590_c0_g1_i7.p1      33.15%    passed     99.99%
  24  SRR3424066|Cluster-41338.0__TRINITY_DN12867_c0_g1_i5.p1      0.54%    passed    100.00%
  25  SRR104381|Cluster-31774.1__TRINITY_DN1592_c0_g2_i8.p1        0.54%    failed      2.68%
  26  DE229|Cluster-100998.1__TRINITY_DN2905_c0_g1_i46.p1         33.42%    passed     99.19%
  27  DE554|Cluster-67447.1__TRINITY_DN928_c0_g2_i30.p1           52.83%    passed     99.91%
  28  DE668|Cluster-45866.1__TRINITY_DN10303_c0_g1_i1.p1           0.54%    passed    100.00%
  29  DE561|Cluster-38758.1__TRINITY_DN3937_c0_g1_i3.p1           52.83%    passed     99.97%
  30  JJ125|Cluster-33008.0__TRINITY_DN1357_c0_g1_i13.p1          62.80%    passed     99.43%
  31  JJ99|Cluster-16805.1__TRINITY_DN28437_c0_g1_i26.p1          19.95%    passed     99.85%
  32  DE736|Cluster-55102.0__TRINITY_DN1923_c0_g1_i138.p1         47.17%    passed    100.00%
  33  DE536|Cluster-25163.0__TRINITY_DN1057_c0_g1_i28.p1          47.17%    passed    100.00%
  34  DE505|Cluster-46517.1__TRINITY_DN7441_c0_g1_i74.p1          47.17%    passed    100.00%
  35  DE741|Cluster-59437.0__TRINITY_DN3076_c0_g1_i19.p1          80.59%    passed     99.97%
  36  DE560|Cluster-22116.1__TRINITY_DN6082_c0_g1_i29.p1          47.17%    passed    100.00%
  37  JJ89|Cluster-37502.0__TRINITY_DN887_c0_g1_i14.p1            47.17%    passed    100.00%
  38  JJ36|Cluster-44885.0__TRINITY_DN5603_c0_g1_i17.p1           29.38%    passed    100.00%
  39  DE531|Cluster-37517.1__TRINITY_DN851_c1_g1_i62.p1           35.04%    passed    100.00%
  40  DE696-nodots|Cluster-60000.0__TRINITY_DN1984_c1_g1_i25.p1   29.38%    passed    100.00%
  41  DE164|Cluster-57736.0__TRINITY_DN3853_c0_g1_i28.p1          36.93%    passed    100.00%
  42  SRR3407092|Cluster-37668.0__TRINITY_DN7488_c0_g1_i1.p1       0.54%    passed    100.00%
  43  SRR3407087|Cluster-39830.0__TRINITY_DN7245_c0_g1_i8.p1      29.38%    passed    100.00%
  44  JJ85|Cluster-35041.0__TRINITY_DN1194_c0_g1_i4.p1            29.38%    passed    100.00%
  45  JJ74|Cluster-112929.1__TRINITY_DN50979_c0_g1_i30.p1         42.86%    passed     99.99%
WARNING: 4 sequences contain more than 50% gaps/ambiguity
****  TOTAL                                                       34.08%  1 sequences failed composition chi2 test (p-value<5%; df=60)
WARNING: States(s) TAC rarely appear in alignment and may cause numerical problems
Reading input tree file tmp.csubst.nwk ... rooted tree

NOTE: 31 MB RAM (0 GB) is required!
Measuring multi-threading efficiency up to 1 CPU cores
2 trees examined
Threads: 1 / Time: 2.068 sec / Speedup: 1.000 / Efficiency: 100% / LogL: -4608
BEST NUMBER OF THREADS: 1

Estimate model parameters (epsilon = 0.010)
1. Initial log-likelihood: -5760.238
2. Current log-likelihood: -4145.423
3. Current log-likelihood: -4133.004
4. Current log-likelihood: -4131.056
5. Current log-likelihood: -4099.196
6. Current log-likelihood: -4086.432
7. Current log-likelihood: -4086.182
8. Current log-likelihood: -4085.972
9. Current log-likelihood: -4085.793
10. Current log-likelihood: -4085.642
11. Current log-likelihood: -4085.518
12. Current log-likelihood: -4085.416
13. Current log-likelihood: -4085.334
14. Current log-likelihood: -4085.270
15. Current log-likelihood: -4085.220
16. Current log-likelihood: -4085.183
17. Current log-likelihood: -4085.154
18. Current log-likelihood: -4085.133
19. Current log-likelihood: -4085.118
20. Current log-likelihood: -4085.107
Optimal log-likelihood: -4085.099
Nonsynonymous/synonymous ratio (omega): 1.000
Transition/transversion ratio (kappa): 1.000
Site proportion and rates:  (0.373,0.286) (0.387,0.383) (0.204,1.678) (0.036,11.076)
Parameters optimization took 20 rounds (88.583 sec)
Wrote distance file to... 
BEST SCORE FOUND : -4085.099
Ancestral state probabilities printed to /mnt/data0/yue/2026-03-11-protein-convergence/results/OG_10342/csubst_w_s/csubst_input_alignment.fa.state
Empirical proportions for each category: 0.480 0.307 0.178 0.035
Site rates printed to /mnt/data0/yue/2026-03-11-protein-convergence/results/OG_10342/csubst_w_s/csubst_input_alignment.fa.rate
Total tree length: 2.036

Total number of iterations: 0
CPU time used for tree search: 0.000 sec (0h:0m:0s)
Wall-clock time used for tree search: 0.000 sec (0h:0m:0s)
Total CPU time used: 91.371 sec (0h:1m:31s)
Total wall-clock time used: 91.476 sec (0h:1m:31s)

Analysis results written to: 
  IQ-TREE report:                /mnt/data0/yue/2026-03-11-protein-convergence/results/OG_10342/csubst_w_s/csubst_input_alignment.fa.iqtree
  Maximum-likelihood tree:       /mnt/data0/yue/2026-03-11-protein-convergence/results/OG_10342/csubst_w_s/csubst_input_alignment.fa.treefile
  Site-specific rates:           /mnt/data0/yue/2026-03-11-protein-convergence/results/OG_10342/csubst_w_s/csubst_input_alignment.fa.rate
  Ancestral state:               /mnt/data0/yue/2026-03-11-protein-convergence/results/OG_10342/csubst_w_s/csubst_input_alignment.fa.state
  Screen log file:               /mnt/data0/yue/2026-03-11-protein-convergence/results/OG_10342/csubst_w_s/csubst_input_alignment.fa.log

Date and Time: Thu Mar 26 20:44:37 2026
