IQ-TREE multicore version 2.4.0 for Linux x86 64-bit built Feb 12 2025
Developed by Bui Quang Minh, Nguyen Lam Tung, Olga Chernomor, Heiko Schmidt,
Dominik Schrempf, Michael Woodhams, Ly Trong Nhan, Thomas Wong

Host:    brain (AVX2, FMA3, 2015 GB RAM)
Command: /home/yue/miniconda3/envs/py39/bin/iqtree -s /mnt/data0/yue/2026-03-11-protein-convergence/results/OG_8294/csubst_w_s/csubst_input_alignment.fa -te tmp.csubst.nwk -m ECMK07+F+R4 --seqtype CODON1 --threads-max 1 -T AUTO --ancestral --rate --redo
Seed:    434582 (Using SPRNG - Scalable Parallel Random Number Generator)
Time:    Sat Mar 28 03:07:51 2026
Kernel:  AVX+FMA - auto-detect threads (128 CPU cores detected)

Reading alignment file /mnt/data0/yue/2026-03-11-protein-convergence/results/OG_8294/csubst_w_s/csubst_input_alignment.fa ... Fasta format detected
Reading fasta file: done in 0.00117324 secs using 82.68% CPU
Alignment most likely contains DNA/RNA sequences
Converting to codon sequences with genetic code 1 ...
WARNING: 1 sites contain only gaps or ambiguous characters.
Alignment has 67 sequences with 322 columns, 304 distinct patterns
164 parsimony-informative, 86 singleton sites, 72 constant sites
                                                               Gap/Ambiguity  Composition  p-value
Analyzing sequences: done in 6.02603e-05 secs using 97.91% CPU
   1  DE560|Cluster-40334.0__TRINITY_DN1927_c0_g1_i2.p1                0.31%    passed    100.00%
   2  DE519|Cluster-24866.0__TRINITY_DN10404_c0_g1_i1.p1               0.31%    passed    100.00%
   3  DE741|Cluster-34152.1__TRINITY_DN5410_c1_g1_i2.p1                0.31%    passed    100.00%
   4  JJ125|Cluster-37457.0__TRINITY_DN36986_c0_g1_i1.p1               0.31%    passed    100.00%
   5  DE115|Cluster-38770.0__TRINITY_DN8725_c0_g1_i1.p1                0.31%    passed    100.00%
   6  DE126|Cluster-47269.0__TRINITY_DN38_c1_g1_i1.p1                  0.31%    passed    100.00%
   7  JJ86|Cluster-10176.0__TRINITY_DN5200_c0_g1_i2.p1                49.07%    passed    100.00%
   8  DE162|Cluster-24417.1__TRINITY_DN8826_c0_g1_i1.p1                0.31%    passed    100.00%
   9  DE528|Cluster-40250.0__TRINITY_DN4519_c0_g1_i1.p1                0.31%    passed    100.00%
  10  DE704-purple|Cluster-63239.0__TRINITY_DN3436_c0_g1_i1.p1         0.31%    passed    100.00%
  11  DE704-white|Cluster-33662.0__TRINITY_DN4977_c0_g1_i1.p1          0.31%    passed    100.00%
  12  DE563|Cluster-50266.0__TRINITY_DN2694_c0_g1_i1.p1                0.31%    passed    100.00%
  13  DE507|Cluster-27674.1__TRINITY_DN6766_c0_g1_i1.p1                0.31%    passed    100.00%
  14  DE546_urceolata_l|Cluster-38100.0__TRINITY_DN8663_c0_g1_i1.p1    0.31%    passed    100.00%
  15  DE681|Cluster-56412.0__TRINITY_DN4600_c0_g2_i1.p1                0.31%    passed    100.00%
  16  DE575|Cluster-50121.0__TRINITY_DN21489_c0_g1_i1.p1              13.98%    passed    100.00%
  17  DE765|Cluster-21319.0__TRINITY_DN1898_c0_g1_i1.p1                0.31%    passed    100.00%
  18  SRR3407095|Cluster-14457.0__TRINITY_DN56796_c0_g1_i1.p1          0.31%    passed    100.00%
  19  DE69|Cluster-4199.0__TRINITY_DN5051_c0_g3_i1.p1                  0.31%    passed    100.00%
  20  DE503|Cluster-61124.0__TRINITY_DN1307_c0_g2_i2.p1                0.31%    passed    100.00%
  21  DE505|Cluster-23171.0__TRINITY_DN4239_c0_g1_i1.p1                0.31%    passed    100.00%
  22  SRR3407093|Cluster-14527.0__TRINITY_DN2557_c0_g1_i1.p1           0.31%    passed    100.00%
  23  SRR3407092|Cluster-30121.0__TRINITY_DN30620_c0_g1_i1.p1          0.31%    passed    100.00%
  24  DE561|Cluster-37901.0__TRINITY_DN4278_c2_g1_i1.p1                0.31%    passed    100.00%
  25  SRR3424066|Cluster-35891.0__TRINITY_DN7899_c0_g2_i2.p1           0.31%    passed    100.00%
  26  SRR3407088|Cluster-17979.0__TRINITY_DN8410_c0_g1_i1.p1           0.31%    passed    100.00%
  27  SRR3407086|Cluster-40254.0__TRINITY_DN2476_c0_g1_i1.p1           0.31%    passed    100.00%
  28  SRR3407094|Cluster-29439.0__TRINITY_DN50548_c0_g1_i1.p1          0.31%    passed    100.00%
  29  DE510|Cluster-29923.1__TRINITY_DN7910_c0_g1_i1.p1                0.31%    passed    100.00%
  30  SRR3407087|Cluster-32977.0__TRINITY_DN35951_c0_g1_i1.p1          0.31%    passed    100.00%
  31  DE216|Cluster-19987.0__TRINITY_DN12535_c0_g1_i2.p1               0.31%    passed    100.00%
  32  DE542|Cluster-24373.0__TRINITY_DN10186_c0_g1_i1.p1               0.31%    passed    100.00%
  33  JJ15|Cluster-69461.0__TRINITY_DN3587_c0_g1_i1.p1                 0.31%    passed    100.00%
  34  SRR3407096|Cluster-237.0__TRINITY_DN25507_c0_g1_i1.p1            0.31%    passed    100.00%
  35  DE536|Cluster-18951.0__TRINITY_DN5572_c0_g1_i1.p1               49.07%    passed     99.98%
  36  DE534|Cluster-59859.0__TRINITY_DN5711_c0_g1_i1.p1                0.31%    passed    100.00%
  37  DE764|Cluster-32443.0__TRINITY_DN4404_c0_g1_i6.p1               49.07%    passed     99.97%
  38  DE509|Cluster-30646.0__TRINITY_DN6704_c0_g1_i2.p1               49.07%    passed     99.89%
  39  JJ85|Cluster-11805.0__TRINITY_DN13998_c0_g1_i1.p1                0.31%    passed    100.00%
  40  JJ74|Cluster-27856.0__TRINITY_DN26134_c3_g1_i1.p1                0.31%    passed    100.00%
  41  DE541|Cluster-11975.0__TRINITY_DN2743_c1_g1_i3.p1                0.31%    passed    100.00%
  42  DE736|Cluster-36343.0__TRINITY_DN2164_c0_g1_i8.p1               62.73%    passed     99.54%
  43  DE696-dots|Cluster-38257.0__TRINITY_DN7152_c0_g1_i2.p1          13.98%    passed    100.00%
  44  DE523|Cluster-25714.1__TRINITY_DN201_c2_g1_i1.p1                 0.31%    passed    100.00%
  45  DE152|Cluster-9360.0__TRINITY_DN14479_c0_g1_i1.p1                0.31%    passed    100.00%
  46  DE229|Cluster-86831.0__TRINITY_DN13027_c0_g2_i1.p1               0.31%    passed    100.00%
  47  JJ99|Cluster-28262.0__TRINITY_DN66484_c0_g1_i1.p1                0.31%    passed    100.00%
  48  DE127|Cluster-7104.1__TRINITY_DN1985_c0_g1_i1.p1                 1.24%    passed    100.00%
  49  DE554|Cluster-52141.0__TRINITY_DN7559_c0_g1_i1.p1                0.31%    passed    100.00%
  50  DE666|Cluster-8166.0__TRINITY_DN6952_c0_g1_i1.p1                 0.31%    passed    100.00%
  51  DE566|Cluster-47359.1__TRINITY_DN146_c0_g1_i4.p1                 0.31%    passed    100.00%
  52  DE151|Cluster-37608.0__TRINITY_DN2805_c0_g1_i2.p1                0.31%    passed    100.00%
  53  DE173|Cluster-8349.0__TRINITY_DN2954_c0_g1_i2.p1                 0.31%    passed    100.00%
  54  DE189|Cluster-47419.0__TRINITY_DN3199_c0_g1_i1.p1                4.35%    passed    100.00%
  55  JJ109|Cluster-18558.0__TRINITY_DN2024_c0_g1_i2.p1                0.31%    passed    100.00%
  56  JJ130|Cluster-17962.1__TRINITY_DN627_c0_g1_i1.p1                 0.31%    passed    100.00%
  57  DE671|Cluster-56498.0__TRINITY_DN1395_c0_g1_i5.p1                4.97%    passed    100.00%
  58  DE737|Cluster-55360.0__TRINITY_DN11844_c0_g1_i1.p1               0.31%    passed    100.00%
  59  DE504|Cluster-17747.0__TRINITY_DN17358_c1_g1_i1.p1              49.07%    passed     99.98%
  60  DE549|Cluster-43515.0__TRINITY_DN4441_c0_g1_i9.p1               13.98%    passed    100.00%
  61  DE550|Cluster-23627.0__TRINITY_DN3352_c0_g1_i1.p1                8.70%    passed    100.00%
  62  JJ131|Cluster-61545.0__TRINITY_DN19293_c0_g1_i15.p1              0.31%    passed    100.00%
  63  DE643|Cluster-65679.1__TRINITY_DN2991_c0_g1_i1.p1                0.31%    passed    100.00%
  64  DE164|Cluster-60792.0__TRINITY_DN4546_c0_g1_i1.p1                0.31%    passed    100.00%
  65  DE696-nodots|Cluster-42808.0__TRINITY_DN11640_c0_g1_i3.p1       49.07%    passed     98.56%
  66  JJ36|Cluster-25057.1__TRINITY_DN56231_c0_g1_i1.p1                0.31%    passed    100.00%
  67  DE668|Cluster-53916.0__TRINITY_DN6592_c0_g1_i4.p1                0.31%    passed    100.00%
WARNING: 1 sequences contain more than 50% gaps/ambiguity
****  TOTAL                                                            6.49%  0 sequences failed composition chi2 test (p-value<5%; df=60)
Reading input tree file tmp.csubst.nwk ... rooted tree

NOTE: 46 MB RAM (0 GB) is required!
Measuring multi-threading efficiency up to 1 CPU cores
2 trees examined
Threads: 1 / Time: 2.447 sec / Speedup: 1.000 / Efficiency: 100% / LogL: -9339
BEST NUMBER OF THREADS: 1

Estimate model parameters (epsilon = 0.010)
1. Initial log-likelihood: -9400.122
2. Current log-likelihood: -6314.895
3. Current log-likelihood: -6307.355
4. Current log-likelihood: -6304.395
5. Current log-likelihood: -6304.185
6. Current log-likelihood: -6302.906
7. Current log-likelihood: -6302.756
8. Current log-likelihood: -6302.640
9. Current log-likelihood: -6302.550
10. Current log-likelihood: -6302.481
11. Current log-likelihood: -6302.431
12. Current log-likelihood: -6302.396
13. Current log-likelihood: -6302.371
14. Current log-likelihood: -6302.354
15. Current log-likelihood: -6302.342
Optimal log-likelihood: -6302.333
Nonsynonymous/synonymous ratio (omega): 1.000
Transition/transversion ratio (kappa): 1.000
Site proportion and rates:  (0.476,0.391) (0.199,0.649) (0.316,1.979) (0.009,6.861)
Parameters optimization took 15 rounds (117.300 sec)
Wrote distance file to... 
BEST SCORE FOUND : -6302.333
Ancestral state probabilities printed to /mnt/data0/yue/2026-03-11-protein-convergence/results/OG_8294/csubst_w_s/csubst_input_alignment.fa.state
Empirical proportions for each category: 0.658 0.006 0.329 0.006
Site rates printed to /mnt/data0/yue/2026-03-11-protein-convergence/results/OG_8294/csubst_w_s/csubst_input_alignment.fa.rate
Total tree length: 2.714

Total number of iterations: 0
CPU time used for tree search: 0.000 sec (0h:0m:0s)
Wall-clock time used for tree search: 0.000 sec (0h:0m:0s)
Total CPU time used: 120.918 sec (0h:2m:0s)
Total wall-clock time used: 121.319 sec (0h:2m:1s)

Analysis results written to: 
  IQ-TREE report:                /mnt/data0/yue/2026-03-11-protein-convergence/results/OG_8294/csubst_w_s/csubst_input_alignment.fa.iqtree
  Maximum-likelihood tree:       /mnt/data0/yue/2026-03-11-protein-convergence/results/OG_8294/csubst_w_s/csubst_input_alignment.fa.treefile
  Site-specific rates:           /mnt/data0/yue/2026-03-11-protein-convergence/results/OG_8294/csubst_w_s/csubst_input_alignment.fa.rate
  Ancestral state:               /mnt/data0/yue/2026-03-11-protein-convergence/results/OG_8294/csubst_w_s/csubst_input_alignment.fa.state
  Screen log file:               /mnt/data0/yue/2026-03-11-protein-convergence/results/OG_8294/csubst_w_s/csubst_input_alignment.fa.log

Date and Time: Sat Mar 28 03:09:52 2026
