IQ-TREE multicore version 2.4.0 for Linux x86 64-bit built Feb 12 2025
Developed by Bui Quang Minh, Nguyen Lam Tung, Olga Chernomor, Heiko Schmidt,
Dominik Schrempf, Michael Woodhams, Ly Trong Nhan, Thomas Wong

Host:    brain (AVX2, FMA3, 2015 GB RAM)
Command: /home/yue/miniconda3/envs/py39/bin/iqtree -s /mnt/data0/yue/2026-03-11-protein-convergence/results/OG_9645/csubst_w_s/csubst_input_alignment.fa -te tmp.csubst.nwk -m ECMK07+F+R4 --seqtype CODON1 --threads-max 1 -T AUTO --ancestral --rate --redo
Seed:    796883 (Using SPRNG - Scalable Parallel Random Number Generator)
Time:    Sat Mar 28 06:08:31 2026
Kernel:  AVX+FMA - auto-detect threads (128 CPU cores detected)

Reading alignment file /mnt/data0/yue/2026-03-11-protein-convergence/results/OG_9645/csubst_w_s/csubst_input_alignment.fa ... Fasta format detected
Reading fasta file: done in 0.0014834 secs using 19.89% CPU
Alignment most likely contains DNA/RNA sequences
Converting to codon sequences with genetic code 1 ...
Alignment has 54 sequences with 304 columns, 294 distinct patterns
162 parsimony-informative, 81 singleton sites, 61 constant sites
                                                          Gap/Ambiguity  Composition  p-value
Analyzing sequences: done in 7.0408e-05 secs using 98% CPU
   1  DE173|Cluster-40322.0__TRINITY_DN8632_c0_g1_i2.p1          16.45%    passed    100.00%
   2  JJ109|Cluster-35167.2__TRINITY_DN2795_c0_g1_i8.p1          17.43%    passed    100.00%
   3  DE151|Cluster-40828.0__TRINITY_DN222_c0_g1_i21.p1           0.00%    passed    100.00%
   4  DE189|Cluster-43469.1__TRINITY_DN13833_c0_g1_i7.p1          0.00%    passed    100.00%
   5  DE737|Cluster-53906.0__TRINITY_DN12069_c0_g1_i16.p1        18.42%    passed    100.00%
   6  DE704-purple|Cluster-51710.0__TRINITY_DN1638_c1_g2_i8.p1   38.16%    passed    100.00%
   7  DE126|Cluster-35207.0__TRINITY_DN65991_c0_g1_i3.p1          0.00%    passed    100.00%
   8  JJ15|Cluster-71430.0__TRINITY_DN3374_c1_g2_i6.p1            0.00%    passed    100.00%
   9  DE216|Cluster-51832.0__TRINITY_DN14503_c0_g1_i2.p1          0.00%    passed    100.00%
  10  DE229|Cluster-10849.0__TRINITY_DN6652_c2_g1_i1.p1           0.00%    passed    100.00%
  11  DRR082660|Cluster-7535.0__TRINITY_DN39280_c0_g1_i1.p1       0.00%    passed    100.00%
  12  DE536|Cluster-53906.0__TRINITY_DN204_c0_g2_i11.p1           0.00%    passed    100.00%
  13  JJ131|Cluster-53995.0__TRINITY_DN19681_c0_g1_i12.p1         4.93%    passed    100.00%
  14  DE549|Cluster-35907.0__TRINITY_DN688_c0_g6_i1.p1            0.00%    passed    100.00%
  15  DE672|Cluster-29735.1__TRINITY_DN883_c0_g1_i4.p1           16.78%    passed    100.00%
  16  DE476|Cluster-49342.0__TRINITY_DN4648_c0_g1_i2.p1           0.00%    passed    100.00%
  17  DE523|Cluster-41983.0__TRINITY_DN8576_c2_g1_i3.p1          34.54%    passed    100.00%
  18  DE181|Cluster-50080.1__TRINITY_DN5202_c0_g1_i19.p1          0.66%    passed    100.00%
  19  DE503|Cluster-52869.0__TRINITY_DN20017_c0_g1_i62.p1         0.00%    passed    100.00%
  20  SRR3407092|Cluster-31491.0__TRINITY_DN3178_c0_g1_i3.p1      0.00%    passed    100.00%
  21  DE505|Cluster-55264.0__TRINITY_DN18136_c2_g1_i50.p1        18.42%    passed    100.00%
  22  DE510|Cluster-42469.0__TRINITY_DN156_c4_g1_i1.p1            0.00%    passed    100.00%
  23  SRR3407087|Cluster-44147.0__TRINITY_DN15495_c0_g1_i1.p1     0.00%    passed    100.00%
  24  SRR3407094|Cluster-39828.1__TRINITY_DN7501_c0_g1_i5.p1      0.00%    passed    100.00%
  25  SRR3424066|Cluster-38349.1__TRINITY_DN2614_c0_g1_i7.p1      0.00%    passed    100.00%
  26  SRR3407086|Cluster-35512.0__TRINITY_DN6246_c1_g3_i6.p1      0.00%    passed    100.00%
  27  SRR3407088|Cluster-25048.0__TRINITY_DN9762_c0_g1_i3.p1      0.00%    passed    100.00%
  28  DE541|Cluster-38339.2__TRINITY_DN2865_c0_g2_i3.p1          28.62%    passed    100.00%
  29  JJ130|Cluster-29385.0__TRINITY_DN2284_c0_g1_i4.p1           0.00%    passed    100.00%
  30  DE509|Cluster-23704.0__TRINITY_DN1963_c0_g1_i5.p1           0.00%    passed    100.00%
  31  DE764|Cluster-37047.0__TRINITY_DN19091_c0_g1_i8.p1          0.00%    passed    100.00%
  32  DE504|Cluster-52590.2__TRINITY_DN5147_c0_g1_i32.p1          0.00%    passed    100.00%
  33  JJ89|Cluster-36773.0__TRINITY_DN10619_c0_g1_i2.p1          41.12%    passed    100.00%
  34  DE531|Cluster-51075.1__TRINITY_DN669_c0_g1_i32.p1          41.12%    passed    100.00%
  35  DE696-dots|Cluster-52814.4__TRINITY_DN619_c0_g1_i14.p1      0.00%    passed    100.00%
  36  DE162|Cluster-48880.1__TRINITY_DN13085_c0_g1_i5.p1          0.00%    passed    100.00%
  37  DE507|Cluster-73457.0__TRINITY_DN66081_c0_g2_i2.p1          0.00%    passed    100.00%
  38  DE528|Cluster-43544.1__TRINITY_DN9781_c0_g1_i3.p1           0.00%    passed    100.00%
  39  DE623|Cluster-37354.0__TRINITY_DN241_c1_g1_i5.p1            0.00%    passed    100.00%
  40  DE680|Cluster-38128.0__TRINITY_DN14782_c0_g1_i2.p1          0.00%    passed    100.00%
  41  DE554|Cluster-48211.0__TRINITY_DN13040_c0_g1_i13.p1         0.33%    passed    100.00%
  42  DE765|Cluster-40939.1__TRINITY_DN7665_c0_g1_i6.p1           0.00%    passed    100.00%
  43  DE549|Cluster-13526.0__TRINITY_DN7722_c0_g1_i5.p1          16.12%    passed    100.00%
  44  DE164|Cluster-26605.2__TRINITY_DN6654_c0_g1_i12.p1          0.00%    passed    100.00%
  45  DE671|Cluster-31250.3__TRINITY_DN229_c0_g1_i10.p1           0.00%    passed    100.00%
  46  DE510|Cluster-44756.0__TRINITY_DN17291_c0_g1_i1.p1          0.00%    passed    100.00%
  47  DE561|Cluster-47307.1__TRINITY_DN3553_c0_g1_i25.p1          0.00%    passed    100.00%
  48  DE560|Cluster-35460.1__TRINITY_DN6217_c0_g1_i6.p1           0.00%    passed    100.00%
  49  SRR3407093|Cluster-27767.0__TRINITY_DN1719_c1_g1_i3.p1      0.00%    passed    100.00%
  50  DE550|Cluster-47433.1__TRINITY_DN10228_c0_g2_i3.p1         18.75%    passed    100.00%
  51  JJ36|Cluster-42846.5__TRINITY_DN90_c0_g2_i8.p1              0.00%    passed    100.00%
  52  SRR3407095|Cluster-50094.1__TRINITY_DN2212_c0_g1_i7.p1      0.00%    passed     79.50%
  53  DE519|Cluster-50314.0__TRINITY_DN17903_c0_g1_i2.p1         39.47%    passed    100.00%
  54  DE575|Cluster-65867.0__TRINITY_DN3104_c0_g1_i10.p1         38.16%    passed     40.84%
****  TOTAL                                                       7.21%  0 sequences failed composition chi2 test (p-value<5%; df=60)
Reading input tree file tmp.csubst.nwk ... rooted tree

NOTE: 36 MB RAM (0 GB) is required!
Measuring multi-threading efficiency up to 1 CPU cores
2 trees examined
Threads: 1 / Time: 1.752 sec / Speedup: 1.000 / Efficiency: 100% / LogL: -9673
BEST NUMBER OF THREADS: 1

Estimate model parameters (epsilon = 0.010)
1. Initial log-likelihood: -8767.621
2. Current log-likelihood: -6841.311
3. Current log-likelihood: -6825.078
4. Current log-likelihood: -6824.001
Optimal log-likelihood: -6823.997
Nonsynonymous/synonymous ratio (omega): 1.000
Transition/transversion ratio (kappa): 1.000
Site proportion and rates:  (0.617,0.341) (0.167,1.294) (0.203,2.315) (0.013,7.908)
Parameters optimization took 4 rounds (26.208 sec)
Wrote distance file to... 
BEST SCORE FOUND : -6823.997
Ancestral state probabilities printed to /mnt/data0/yue/2026-03-11-protein-convergence/results/OG_9645/csubst_w_s/csubst_input_alignment.fa.state
Empirical proportions for each category: 0.668 0.125 0.197 0.010
Site rates printed to /mnt/data0/yue/2026-03-11-protein-convergence/results/OG_9645/csubst_w_s/csubst_input_alignment.fa.rate
Total tree length: 3.872

Total number of iterations: 0
CPU time used for tree search: 0.000 sec (0h:0m:0s)
Wall-clock time used for tree search: 0.000 sec (0h:0m:0s)
Total CPU time used: 28.923 sec (0h:0m:28s)
Total wall-clock time used: 29.029 sec (0h:0m:29s)

Analysis results written to: 
  IQ-TREE report:                /mnt/data0/yue/2026-03-11-protein-convergence/results/OG_9645/csubst_w_s/csubst_input_alignment.fa.iqtree
  Maximum-likelihood tree:       /mnt/data0/yue/2026-03-11-protein-convergence/results/OG_9645/csubst_w_s/csubst_input_alignment.fa.treefile
  Site-specific rates:           /mnt/data0/yue/2026-03-11-protein-convergence/results/OG_9645/csubst_w_s/csubst_input_alignment.fa.rate
  Ancestral state:               /mnt/data0/yue/2026-03-11-protein-convergence/results/OG_9645/csubst_w_s/csubst_input_alignment.fa.state
  Screen log file:               /mnt/data0/yue/2026-03-11-protein-convergence/results/OG_9645/csubst_w_s/csubst_input_alignment.fa.log

Date and Time: Sat Mar 28 06:09:00 2026
