IQ-TREE multicore version 2.4.0 for Linux x86 64-bit built Feb 12 2025
Developed by Bui Quang Minh, Nguyen Lam Tung, Olga Chernomor, Heiko Schmidt,
Dominik Schrempf, Michael Woodhams, Ly Trong Nhan, Thomas Wong

Host:    brain (AVX2, FMA3, 2015 GB RAM)
Command: /home/yue/miniconda3/envs/py39/bin/iqtree -s /mnt/data0/yue/2026-03-11-protein-convergence/results/OG_10879/csubst_w_s/csubst_input_alignment.fa -te tmp.csubst.nwk -m ECMK07+F+R4 --seqtype CODON1 --threads-max 1 -T AUTO --ancestral --rate --redo
Seed:    753101 (Using SPRNG - Scalable Parallel Random Number Generator)
Time:    Thu Mar 26 21:32:12 2026
Kernel:  AVX+FMA - auto-detect threads (128 CPU cores detected)

Reading alignment file /mnt/data0/yue/2026-03-11-protein-convergence/results/OG_10879/csubst_w_s/csubst_input_alignment.fa ... Fasta format detected
Reading fasta file: done in 0.000555143 secs
Alignment most likely contains DNA/RNA sequences
Converting to codon sequences with genetic code 1 ...
WARNING: 1 sites contain only gaps or ambiguous characters.
Alignment has 64 sequences with 146 columns, 139 distinct patterns
79 parsimony-informative, 34 singleton sites, 33 constant sites
                                                                Gap/Ambiguity  Composition  p-value
Analyzing sequences: done in 2.63155e-05 secs using 95% CPU
   1  DE528|Cluster-7757.1__TRINITY_DN13606_c0_g1_i2.p1                 2.05%    passed    100.00%
   2  DE127|Cluster-18720.203__TRINITY_DN29229_c0_g1_i2.p1              7.53%    passed    100.00%
   3  DE554|Cluster-34143.0__TRINITY_DN10108_c0_g1_i3.p1                7.53%    passed    100.00%
   4  DE162|Cluster-21368.1__TRINITY_DN1552_c2_g1_i3.p1                 0.68%    passed    100.00%
   5  DE704-white|Cluster-22193.0__TRINITY_DN114_c2_g1_i1.p1            2.05%    passed    100.00%
   6  DE126|Cluster-19149.0__TRINITY_DN47161_c0_g1_i1.p1                0.68%    passed    100.00%
   7  DE563|Cluster-21201.0__TRINITY_DN5775_c1_g2_i1.p1                 9.59%    failed      0.00%
   8  DE152|Cluster-14452.0__TRINITY_DN85946_c0_g1_i1.p1                0.68%    passed    100.00%
   9  DE546_urceolata_l|Cluster-32826.0__TRINITY_DN19088_c0_g1_i1.p1    0.68%    passed    100.00%
  10  DE666|Cluster-11908.0__TRINITY_DN14199_c1_g1_i1.p1                0.68%    passed    100.00%
  11  DE534|Cluster-13532.0__TRINITY_DN10643_c0_g1_i1.p1                0.68%    passed    100.00%
  12  DE542|Cluster-56836.0__TRINITY_DN10398_c0_g1_i1.p1                0.68%    passed    100.00%
  13  DE115|Cluster-8092.0__TRINITY_DN8662_c0_g1_i1.p1                  0.68%    passed    100.00%
  14  DE507|Cluster-75844.0__TRINITY_DN10378_c0_g1_i1.p1                0.68%    passed     99.92%
  15  DE681|Cluster-57731.0__TRINITY_DN65282_c0_g1_i1.p1                0.68%    passed    100.00%
  16  DE575|Cluster-16984.1__TRINITY_DN19635_c0_g1_i2.p1                0.68%    passed    100.00%
  17  SRR3424066|Cluster-17604.0__TRINITY_DN5894_c0_g1_i1.p1            0.68%    passed    100.00%
  18  DE69|Cluster-2372.0__TRINITY_DN4271_c0_g3_i1.p1                   0.68%    passed    100.00%
  19  SRR3407088|Cluster-22009.0__TRINITY_DN3642_c0_g1_i1.p1            0.68%    passed    100.00%
  20  SRR3407096|Cluster-5847.0__TRINITY_DN11469_c4_g1_i1.p1            0.68%    passed    100.00%
  21  DE181|Cluster-58445.0__TRINITY_DN75208_c0_g1_i1.p1                0.68%    passed    100.00%
  22  DE561|Cluster-29939.0__TRINITY_DN6018_c1_g1_i1.p1                 0.68%    passed    100.00%
  23  SRR3407095|Cluster-13709.0__TRINITY_DN59625_c0_g1_i1.p1           0.68%    passed    100.00%
  24  DE523|Cluster-52355.0__TRINITY_DN45240_c0_g1_i1.p1                0.68%    passed    100.00%
  25  DE503|Cluster-53737.0__TRINITY_DN4827_c0_g1_i1.p1                 0.68%    passed    100.00%
  26  SRR3407094|Cluster-19655.0__TRINITY_DN40154_c0_g1_i1.p1           0.68%    passed    100.00%
  27  DE505|Cluster-22829.0__TRINITY_DN20178_c0_g2_i1.p1                0.68%    passed    100.00%
  28  SRR3407093|Cluster-28965.0__TRINITY_DN43205_c0_g1_i1.p1           0.68%    passed    100.00%
  29  SRR3407092|Cluster-1543.0__TRINITY_DN41090_c0_g1_i1.p1            0.68%    passed    100.00%
  30  SRR3407086|Cluster-22335.0__TRINITY_DN7244_c0_g1_i1.p1            0.68%    passed     99.46%
  31  DE510|Cluster-19487.0__TRINITY_DN7352_c0_g1_i1.p1                 0.68%    passed    100.00%
  32  SRR3407087|Cluster-39043.0__TRINITY_DN3995_c0_g1_i1.p1            0.68%    passed    100.00%
  33  DE668|Cluster-14086.0__TRINITY_DN18866_c0_g1_i1.p1                0.68%    passed     95.81%
  34  DE623|Cluster-4908.0__TRINITY_DN11703_c0_g1_i1.p1                 0.68%    passed    100.00%
  35  DE680|Cluster-13743.0__TRINITY_DN17292_c0_g1_i1.p1                0.68%    passed    100.00%
  36  DE229|Cluster-79439.0__TRINITY_DN28537_c0_g1_i3.p1                0.68%    passed    100.00%
  37  JJ23|Cluster-2588.0__TRINITY_DN26932_c0_g2_i1.p1                  0.68%    passed    100.00%
  38  JJ125|Cluster-7256.0__TRINITY_DN42412_c0_g1_i2.p1                 2.05%    passed     98.42%
  39  DE151|Cluster-33734.0__TRINITY_DN10152_c0_g2_i1.p1                0.68%    passed    100.00%
  40  DE173|Cluster-18847.0__TRINITY_DN21707_c0_g1_i7.p1                0.68%    passed    100.00%
  41  DE504|Cluster-15543.0__TRINITY_DN11111_c0_g1_i1.p1                0.68%    passed    100.00%
  42  DE672|Cluster-42806.0__TRINITY_DN45536_c0_g1_i1.p1                0.68%    passed    100.00%
  43  DE741|Cluster-1328.0__TRINITY_DN11718_c0_g1_i1.p1                 0.68%    passed    100.00%
  44  JJ89|Cluster-3258.0__TRINITY_DN12192_c0_g1_i1.p1                  0.68%    passed     99.99%
  45  DE509|Cluster-28218.0__TRINITY_DN75671_c0_g1_i1.p1                0.68%    passed    100.00%
  46  DE541|Cluster-33387.0__TRINITY_DN62325_c0_g1_i1.p1                0.68%    passed    100.00%
  47  DE560|Cluster-38402.0__TRINITY_DN13701_c0_g1_i2.p1                0.68%    passed     99.53%
  48  DE696-dots|Cluster-47923.0__TRINITY_DN8402_c0_g1_i1.p1            0.68%    passed    100.00%
  49  DE736|Cluster-19926.0__TRINITY_DN15918_c0_g1_i2.p1                0.68%    passed    100.00%
  50  DE737|Cluster-34028.0__TRINITY_DN26105_c0_g1_i2.p1                0.68%    passed    100.00%
  51  DE476|Cluster-20756.0__TRINITY_DN13612_c0_g1_i1.p1                0.68%    passed    100.00%
  52  DE764|Cluster-4981.0__TRINITY_DN9465_c0_g1_i1.p1                  0.68%    passed     24.19%
  53  DE550|Cluster-7900.0__TRINITY_DN8693_c1_g3_i1.p1                  0.68%    passed    100.00%
  54  DE643|Cluster-19136.5__TRINITY_DN16599_c0_g1_i9.p1                0.68%    passed    100.00%
  55  DE671|Cluster-36331.0__TRINITY_DN17007_c0_g2_i1.p1                0.68%    passed    100.00%
  56  DE88|Cluster-10721.0__TRINITY_DN8389_c0_g1_i1.p1                  0.68%    passed    100.00%
  57  DE549|Cluster-8212.0__TRINITY_DN11202_c0_g1_i1.p1                 0.68%    passed    100.00%
  58  JJ109|Cluster-13571.0__TRINITY_DN45552_c0_g1_i1.p1                0.68%    passed    100.00%
  59  JJ74|Cluster-64099.0__TRINITY_DN133456_c0_g1_i1.p1                0.68%    passed    100.00%
  60  DE216|Cluster-1118.0__TRINITY_DN7365_c1_g1_i1.p1                  0.68%    passed    100.00%
  61  JJ15|Cluster-63771.0__TRINITY_DN106390_c0_g1_i1.p1                0.68%    passed     99.99%
  62  DE164|Cluster-24671.0__TRINITY_DN95003_c0_g1_i2.p1                0.68%    passed    100.00%
  63  DE536|Cluster-30901.0__TRINITY_DN4574_c0_g1_i2.p1                 3.42%    passed    100.00%
  64  JJ131|Cluster-56116.0__TRINITY_DN10971_c0_g1_i3.p1                0.68%    passed     65.46%
****  TOTAL                                                             1.15%  1 sequences failed composition chi2 test (p-value<5%; df=60)
WARNING: States(s) CGC rarely appear in alignment and may cause numerical problems
Reading input tree file tmp.csubst.nwk ... rooted tree

NOTE: 24 MB RAM (0 GB) is required!
Measuring multi-threading efficiency up to 1 CPU cores
2 trees examined
Threads: 1 / Time: 1.415 sec / Speedup: 1.000 / Efficiency: 100% / LogL: -4359
BEST NUMBER OF THREADS: 1

Estimate model parameters (epsilon = 0.010)
1. Initial log-likelihood: -4205.600
2. Current log-likelihood: -3105.703
3. Current log-likelihood: -3105.312
4. Current log-likelihood: -3105.157
5. Current log-likelihood: -3101.246
6. Current log-likelihood: -3101.103
7. Current log-likelihood: -3100.994
8. Current log-likelihood: -3100.922
9. Current log-likelihood: -3100.882
10. Current log-likelihood: -3100.862
11. Current log-likelihood: -3100.851
Optimal log-likelihood: -3100.843
Nonsynonymous/synonymous ratio (omega): 1.000
Transition/transversion ratio (kappa): 1.000
Site proportion and rates:  (0.604,0.329) (0.287,1.327) (0.075,3.363) (0.034,4.902)
Parameters optimization took 11 rounds (43.046 sec)
Wrote distance file to... 
BEST SCORE FOUND : -3100.843
Ancestral state probabilities printed to /mnt/data0/yue/2026-03-11-protein-convergence/results/OG_10879/csubst_w_s/csubst_input_alignment.fa.state
Empirical proportions for each category: 0.610 0.295 0.068 0.027
Site rates printed to /mnt/data0/yue/2026-03-11-protein-convergence/results/OG_10879/csubst_w_s/csubst_input_alignment.fa.rate
Total tree length: 3.488

Total number of iterations: 0
CPU time used for tree search: 0.000 sec (0h:0m:0s)
Wall-clock time used for tree search: 0.000 sec (0h:0m:0s)
Total CPU time used: 45.234 sec (0h:0m:45s)
Total wall-clock time used: 45.296 sec (0h:0m:45s)

Analysis results written to: 
  IQ-TREE report:                /mnt/data0/yue/2026-03-11-protein-convergence/results/OG_10879/csubst_w_s/csubst_input_alignment.fa.iqtree
  Maximum-likelihood tree:       /mnt/data0/yue/2026-03-11-protein-convergence/results/OG_10879/csubst_w_s/csubst_input_alignment.fa.treefile
  Site-specific rates:           /mnt/data0/yue/2026-03-11-protein-convergence/results/OG_10879/csubst_w_s/csubst_input_alignment.fa.rate
  Ancestral state:               /mnt/data0/yue/2026-03-11-protein-convergence/results/OG_10879/csubst_w_s/csubst_input_alignment.fa.state
  Screen log file:               /mnt/data0/yue/2026-03-11-protein-convergence/results/OG_10879/csubst_w_s/csubst_input_alignment.fa.log

Date and Time: Thu Mar 26 21:32:58 2026
