IQ-TREE multicore version 2.4.0 for Linux x86 64-bit built Feb 12 2025
Developed by Bui Quang Minh, Nguyen Lam Tung, Olga Chernomor, Heiko Schmidt,
Dominik Schrempf, Michael Woodhams, Ly Trong Nhan, Thomas Wong

Host:    brain (AVX2, FMA3, 2015 GB RAM)
Command: /home/yue/miniconda3/envs/py39/bin/iqtree -s /mnt/data0/yue/2026-03-11-protein-convergence/results/OG_6504/csubst_w_s/csubst_input_alignment.fa -te tmp.csubst.nwk -m ECMK07+F+R4 --seqtype CODON1 --threads-max 1 -T AUTO --ancestral --rate --redo
Seed:    295068 (Using SPRNG - Scalable Parallel Random Number Generator)
Time:    Fri Mar 27 21:45:36 2026
Kernel:  AVX+FMA - auto-detect threads (128 CPU cores detected)

Reading alignment file /mnt/data0/yue/2026-03-11-protein-convergence/results/OG_6504/csubst_w_s/csubst_input_alignment.fa ... Fasta format detected
Reading fasta file: done in 0.00633912 secs using 99.95% CPU
Alignment most likely contains DNA/RNA sequences
Converting to codon sequences with genetic code 1 ...
WARNING: 1 sites contain only gaps or ambiguous characters.
Alignment has 79 sequences with 741 columns, 708 distinct patterns
423 parsimony-informative, 200 singleton sites, 118 constant sites
                                                              Gap/Ambiguity  Composition  p-value
Analyzing sequences: done in 0.000292987 secs using 99.32% CPU
   1  DE115|Cluster-39233.0__TRINITY_DN4879_c0_g2_i1.p1              40.35%    passed     99.76%
   2  JJ86|Cluster-36194.0__TRINITY_DN7870_c0_g1_i2.p1               42.65%    passed     99.66%
   3  DE563|Cluster-50360.1__TRINITY_DN9139_c0_g1_i2.p1               0.67%    passed    100.00%
   4  DE671|Cluster-43487.0__TRINITY_DN7110_c0_g1_i1.p1               7.15%    passed    100.00%
   5  DE531|Cluster-31230.1__TRINITY_DN21641_c0_g2_i8.p1              7.15%    passed    100.00%
   6  DE668|Cluster-24148.1__TRINITY_DN150_c0_g1_i8.p1               38.33%    passed     92.36%
   7  DE623|Cluster-40986.0__TRINITY_DN9955_c0_g1_i6.p1              42.24%    passed     99.99%
   8  DE680|Cluster-24098.0__TRINITY_DN22020_c0_g1_i2.p1              0.13%    passed    100.00%
   9  DE181|Cluster-38410.0__TRINITY_DN4902_c0_g1_i2.p1               7.69%    passed    100.00%
  10  DE561|Cluster-48066.1__TRINITY_DN3009_c0_g1_i3.p1               7.69%    passed    100.00%
  11  SRR3424066|Cluster-18518.0__TRINITY_DN4728_c0_g1_i1.p1          7.69%    passed    100.00%
  12  DE503|Cluster-39301.0__TRINITY_DN16541_c0_g1_i2.p1              7.69%    passed    100.00%
  13  DE510|Cluster-45077.0__TRINITY_DN2331_c0_g1_i4.p1               7.69%    passed    100.00%
  14  SRR3407087|Cluster-15285.0__TRINITY_DN6852_c0_g1_i2.p1          7.69%    passed    100.00%
  15  DE505|Cluster-23399.0__TRINITY_DN7440_c0_g1_i5.p1               7.69%    passed    100.00%
  16  SRR3407092|Cluster-13604.0__TRINITY_DN12567_c0_g1_i3.p1        11.34%    passed    100.00%
  17  DE162|Cluster-40241.0__TRINITY_DN16785_c0_g1_i1.p1              0.13%    passed    100.00%
  18  DE507|Cluster-53853.1__TRINITY_DN5515_c0_g1_i5.p1               0.13%    passed    100.00%
  19  DE528|Cluster-3946.0__TRINITY_DN6129_c0_g1_i2.p1                0.13%    passed    100.00%
  20  DE704-purple|Cluster-3230.0__TRINITY_DN5539_c0_g2_i1.p1         0.13%    passed    100.00%
  21  DE681|Cluster-2406.1__TRINITY_DN7663_c0_g1_i3.p1                0.13%    passed    100.00%
  22  DE765|Cluster-28780.0__TRINITY_DN14344_c1_g1_i5.p1              8.91%    passed    100.00%
  23  DE550|Cluster-41253.0__TRINITY_DN6739_c2_g1_i1.p1               7.15%    passed    100.00%
  24  DE672|Cluster-57144.0__TRINITY_DN1010_c0_g1_i1.p1              42.24%    passed     99.74%
  25  JJ125|Cluster-39189.0__TRINITY_DN12167_c0_g1_i5.p1              8.91%    passed    100.00%
  26  DE566|Cluster-29725.0__TRINITY_DN27495_c0_g1_i2.p1             36.44%    passed     98.61%
  27  JJ85|Cluster-26941.0__TRINITY_DN3507_c0_g1_i9.p1               22.40%    passed    100.00%
  28  DRR234970|Cluster-37388.0__TRINITY_DN45836_c0_g1_i1.p1          0.13%    passed     99.99%
  29  SRR5150740|Cluster-20435.0__TRINITY_DN55003_c0_g1_i1.p1        26.45%    passed     99.99%
  30  DE126|Cluster-45239.2__TRINITY_DN18920_c0_g1_i1.p1              0.13%    passed    100.00%
  31  DE666|Cluster-40988.0__TRINITY_DN15436_c0_g1_i3.p1              0.13%    passed    100.00%
  32  DE575|Cluster-22317.0__TRINITY_DN28217_c0_g1_i1.p1             42.24%    passed     99.96%
  33  DE127|Cluster-35103.0__TRINITY_DN15440_c0_g1_i4.p1              8.91%    passed    100.00%
  34  DE546_urceolata_l|Cluster-221.555__TRINITY_DN264_c5_g1_i1.p1    0.13%    passed    100.00%
  35  DE554|Cluster-42988.0__TRINITY_DN9558_c0_g1_i1.p1              42.24%    passed     99.97%
  36  DE152|Cluster-52874.0__TRINITY_DN9927_c0_g1_i1.p1               0.13%    passed    100.00%
  37  JJ99|Cluster-31176.0__TRINITY_DN8596_c0_g1_i4.p1               42.24%    passed     99.19%
  38  JJ23|Cluster-29008.0__TRINITY_DN6534_c0_g1_i1.p1                0.13%    passed    100.00%
  39  DE541|Cluster-41872.0__TRINITY_DN14469_c0_g1_i2.p1              8.64%    passed    100.00%
  40  DE164|Cluster-27735.1__TRINITY_DN5101_c0_g1_i2.p1               0.13%    passed    100.00%
  41  DE643|Cluster-62232.0__TRINITY_DN14423_c0_g1_i1.p1              0.13%    passed    100.00%
  42  DE504|Cluster-58125.0__TRINITY_DN9114_c0_g1_i3.p1               8.37%    passed    100.00%
  43  DE737|Cluster-46436.1__TRINITY_DN29623_c0_g1_i6.p1              0.13%    passed    100.00%
  44  DE509|Cluster-35036.1__TRINITY_DN4049_c0_g1_i5.p1              47.77%    passed     99.00%
  45  DE736|Cluster-33624.0__TRINITY_DN1195_c3_g1_i1.p1               0.13%    passed    100.00%
  46  DE696-dots|Cluster-45481.0__TRINITY_DN1031_c0_g1_i13.p1        42.24%    passed     99.41%
  47  DE696-nodots|Cluster-57943.0__TRINITY_DN27998_c0_g2_i2.p1       0.13%    passed    100.00%
  48  JJ36|Cluster-34390.0__TRINITY_DN6781_c0_g1_i3.p1               42.24%    passed     99.86%
  49  SRR3407093|Cluster-23981.0__TRINITY_DN18079_c0_g1_i2.p1         0.40%    passed    100.00%
  50  SRR3407086|Cluster-36065.0__TRINITY_DN16332_c0_g1_i1.p1         0.40%    passed    100.00%
  51  SRR3407088|Cluster-24970.0__TRINITY_DN9965_c0_g1_i6.p1          0.40%    passed    100.00%
  52  SRR3407094|Cluster-23010.0__TRINITY_DN10456_c0_g1_i1.p1         4.05%    passed    100.00%
  53  SRR3407095|Cluster-7495.0__TRINITY_DN11397_c0_g1_i1.p1          0.13%    passed    100.00%
  54  DE69|Cluster-53657.0__TRINITY_DN27189_c0_g1_i3.p1               0.13%    passed    100.00%
  55  DE523|Cluster-52694.0__TRINITY_DN8378_c0_g1_i4.p1              42.24%    passed     99.98%
  56  SRR3407096|Cluster-6549.0__TRINITY_DN23564_c0_g1_i1.p1          0.13%    passed    100.00%
  57  DE560|Cluster-41598.1__TRINITY_DN24_c0_g1_i2.p1                 0.13%    passed    100.00%
  58  DE519|Cluster-74356.1__TRINITY_DN9925_c0_g1_i2.p1               0.13%    passed    100.00%
  59  DE741|Cluster-18720.0__TRINITY_DN30126_c0_g1_i2.p1              7.96%    passed    100.00%
  60  DE151|Cluster-44896.1__TRINITY_DN5802_c0_g1_i3.p1               0.13%    passed    100.00%
  61  DE189|Cluster-14311.9__TRINITY_DN1558_c2_g1_i2.p1               0.13%    passed    100.00%
  62  JJ109|Cluster-2850.0__TRINITY_DN6727_c0_g1_i1.p1                0.13%    passed    100.00%
  63  DE173|Cluster-55508.0__TRINITY_DN8656_c0_g1_i4.p1               0.13%    passed    100.00%
  64  JJ130|Cluster-39880.0__TRINITY_DN9968_c0_g2_i5.p1               0.13%    passed    100.00%
  65  DE549|Cluster-52259.10__TRINITY_DN4648_c2_g1_i2.p1             22.40%    passed    100.00%
  66  DE88|Cluster-21444.0__TRINITY_DN3989_c0_g1_i1.p1                0.13%    passed    100.00%
  67  DE476|Cluster-43461.0__TRINITY_DN7518_c0_g1_i1.p1              40.49%    passed     88.06%
  68  DE764|Cluster-45158.1__TRINITY_DN8433_c0_g4_i1.p1               0.13%    passed    100.00%
  69  JJ89|Cluster-19291.0__TRINITY_DN63365_c0_g1_i1.p1               0.13%    passed    100.00%
  70  DRR082660|Cluster-45833.0__TRINITY_DN6942_c0_g1_i1.p1           0.13%    passed    100.00%
  71  JJ74|Cluster-85869.1__TRINITY_DN23000_c0_g1_i1.p1               0.13%    passed    100.00%
  72  DE216|Cluster-42689.0__TRINITY_DN16357_c1_g1_i2.p1              0.13%    passed    100.00%
  73  JJ15|Cluster-55830.0__TRINITY_DN2957_c0_g2_i1.p1                0.13%    passed    100.00%
  74  DE534|Cluster-35228.0__TRINITY_DN2400_c0_g1_i1.p1              42.24%    passed     99.99%
  75  DE542|Cluster-8000.1__TRINITY_DN850_c0_g3_i1.p1                 0.13%    passed    100.00%
  76  JJ131|Cluster-52125.141__TRINITY_DN34643_c0_g1_i27.p1           0.13%    passed    100.00%
  77  DE536|Cluster-28776.1__TRINITY_DN11339_c1_g1_i1.p1              0.13%    passed    100.00%
  78  SRR104381|Cluster-12258.0__TRINITY_DN4657_c0_g1_i1.p1           6.48%    passed    100.00%
  79  DRR082665|Cluster-49269.0__TRINITY_DN10779_c0_g1_i1.p1         15.65%    passed      5.95%
****  TOTAL                                                          11.00%  0 sequences failed composition chi2 test (p-value<5%; df=60)
Reading input tree file tmp.csubst.nwk ... rooted tree

NOTE: 114 MB RAM (0 GB) is required!
Measuring multi-threading efficiency up to 1 CPU cores
2 trees examined
Threads: 1 / Time: 5.967 sec / Speedup: 1.000 / Efficiency: 100% / LogL: -25047
BEST NUMBER OF THREADS: 1

Estimate model parameters (epsilon = 0.010)
1. Initial log-likelihood: -24883.824
2. Current log-likelihood: -16488.445
3. Current log-likelihood: -16476.772
4. Current log-likelihood: -16476.667
5. Current log-likelihood: -16476.594
6. Current log-likelihood: -16476.540
7. Current log-likelihood: -16476.497
8. Current log-likelihood: -16476.462
9. Current log-likelihood: -16476.432
10. Current log-likelihood: -16476.405
11. Current log-likelihood: -16476.382
12. Current log-likelihood: -16476.360
13. Current log-likelihood: -16476.340
14. Current log-likelihood: -16476.321
15. Current log-likelihood: -16476.304
16. Current log-likelihood: -16476.287
17. Current log-likelihood: -16476.270
18. Current log-likelihood: -16476.255
19. Current log-likelihood: -16476.239
20. Current log-likelihood: -16476.224
21. Current log-likelihood: -16476.209
22. Current log-likelihood: -16476.195
23. Current log-likelihood: -16476.181
24. Current log-likelihood: -16476.168
25. Current log-likelihood: -16476.155
26. Current log-likelihood: -16476.143
27. Current log-likelihood: -16476.131
28. Current log-likelihood: -16476.119
29. Current log-likelihood: -16476.109
30. Current log-likelihood: -16476.098
31. Current log-likelihood: -16476.088
Optimal log-likelihood: -16476.079
Nonsynonymous/synonymous ratio (omega): 1.000
Transition/transversion ratio (kappa): 1.000
Site proportion and rates:  (0.557,0.418) (0.212,1.000) (0.191,1.980) (0.040,4.423)
Parameters optimization took 31 rounds (526.175 sec)
Wrote distance file to... 
BEST SCORE FOUND : -16476.079
Ancestral state probabilities printed to /mnt/data0/yue/2026-03-11-protein-convergence/results/OG_6504/csubst_w_s/csubst_input_alignment.fa.state
Empirical proportions for each category: 0.672 0.105 0.189 0.034
Site rates printed to /mnt/data0/yue/2026-03-11-protein-convergence/results/OG_6504/csubst_w_s/csubst_input_alignment.fa.rate
Total tree length: 3.736

Total number of iterations: 0
CPU time used for tree search: 0.000 sec (0h:0m:0s)
Wall-clock time used for tree search: 0.000 sec (0h:0m:0s)
Total CPU time used: 535.229 sec (0h:8m:55s)
Total wall-clock time used: 535.680 sec (0h:8m:55s)

Analysis results written to: 
  IQ-TREE report:                /mnt/data0/yue/2026-03-11-protein-convergence/results/OG_6504/csubst_w_s/csubst_input_alignment.fa.iqtree
  Maximum-likelihood tree:       /mnt/data0/yue/2026-03-11-protein-convergence/results/OG_6504/csubst_w_s/csubst_input_alignment.fa.treefile
  Site-specific rates:           /mnt/data0/yue/2026-03-11-protein-convergence/results/OG_6504/csubst_w_s/csubst_input_alignment.fa.rate
  Ancestral state:               /mnt/data0/yue/2026-03-11-protein-convergence/results/OG_6504/csubst_w_s/csubst_input_alignment.fa.state
  Screen log file:               /mnt/data0/yue/2026-03-11-protein-convergence/results/OG_6504/csubst_w_s/csubst_input_alignment.fa.log

Date and Time: Fri Mar 27 21:54:32 2026
