IQ-TREE multicore version 2.4.0 for Linux x86 64-bit built Feb 12 2025
Developed by Bui Quang Minh, Nguyen Lam Tung, Olga Chernomor, Heiko Schmidt,
Dominik Schrempf, Michael Woodhams, Ly Trong Nhan, Thomas Wong

Host:    brain (AVX2, FMA3, 2015 GB RAM)
Command: /home/yue/miniconda3/envs/py39/bin/iqtree -s /mnt/data0/yue/2026-03-11-protein-convergence/results/OG_10664/csubst_w_s/csubst_input_alignment.fa -te tmp.csubst.nwk -m ECMK07+F+R4 --seqtype CODON1 --threads-max 1 -T AUTO --ancestral --rate --redo
Seed:    249701 (Using SPRNG - Scalable Parallel Random Number Generator)
Time:    Thu Mar 26 21:14:03 2026
Kernel:  AVX+FMA - auto-detect threads (128 CPU cores detected)

Reading alignment file /mnt/data0/yue/2026-03-11-protein-convergence/results/OG_10664/csubst_w_s/csubst_input_alignment.fa ... Fasta format detected
Reading fasta file: done in 0.00192817 secs using 74.94% CPU
Alignment most likely contains DNA/RNA sequences
Converting to codon sequences with genetic code 1 ...
Alignment has 62 sequences with 631 columns, 577 distinct patterns
343 parsimony-informative, 124 singleton sites, 164 constant sites
                                                               Gap/Ambiguity  Composition  p-value
Analyzing sequences: done in 9.21041e-05 secs using 98.8% CPU
   1  DE519|Cluster-46854.1__TRINITY_DN4696_c0_g8_i2.p1                0.16%    passed    100.00%
   2  DE672|Cluster-22806.0__TRINITY_DN4306_c2_g1_i1.p1                0.16%    passed    100.00%
   3  DE523|Cluster-48915.0__TRINITY_DN15440_c0_g1_i1.p1              17.91%    passed     99.91%
   4  DE151|Cluster-30517.0__TRINITY_DN9486_c1_g1_i2.p1                0.16%    passed    100.00%
   5  DE189|Cluster-43583.0__TRINITY_DN439_c0_g1_i1.p1                 0.16%    passed    100.00%
   6  DE563|Cluster-35426.0__TRINITY_DN21279_c0_g1_i1.p1               0.16%    passed    100.00%
   7  DE546_urceolata_l|Cluster-29295.0__TRINITY_DN8466_c0_g1_i3.p1    0.48%    passed    100.00%
   8  DE534|Cluster-70860.0__TRINITY_DN2619_c0_g1_i3.p1                0.16%    passed    100.00%
   9  DE536|Cluster-1981.0__TRINITY_DN15118_c0_g3_i3.p1                0.00%    passed    100.00%
  10  JJ125|Cluster-8335.0__TRINITY_DN7036_c0_g2_i1.p1                 1.27%    passed    100.00%
  11  DE69|Cluster-54712.0__TRINITY_DN6547_c0_g1_i2.p1                 0.16%    passed    100.00%
  12  DE668|Cluster-41061.0__TRINITY_DN1072_c0_g2_i5.p1                0.32%    passed    100.00%
  13  DE566|Cluster-56195.0__TRINITY_DN2345_c0_g1_i22.p1               0.00%    passed    100.00%
  14  JJ130|Cluster-48531.0__TRINITY_DN4627_c0_g1_i1.p1                0.16%    passed    100.00%
  15  DE549|Cluster-30811.0__TRINITY_DN5502_c0_g1_i3.p1               16.32%    passed    100.00%
  16  DE126|Cluster-39901.0__TRINITY_DN10879_c0_g1_i2.p1              16.32%    passed    100.00%
  17  SRR3407094|Cluster-4661.0__TRINITY_DN2678_c0_g1_i1.p1            0.48%    passed    100.00%
  18  SRR3407092|Cluster-28431.3__TRINITY_DN7342_c0_g2_i7.p1          18.86%    passed    100.00%
  19  DE503|Cluster-54409.1__TRINITY_DN8097_c1_g2_i17.p1              38.19%    passed     99.58%
  20  DE531|Cluster-6339.0__TRINITY_DN4999_c0_g1_i1.p1                 0.16%    passed    100.00%
  21  DE127|Cluster-27777.0__TRINITY_DN3597_c0_g1_i3.p1                0.16%    passed    100.00%
  22  DE554|Cluster-7517.0__TRINITY_DN59322_c0_g1_i1.p1                0.16%    passed    100.00%
  23  DE666|Cluster-29559.0__TRINITY_DN11280_c0_g1_i4.p1               0.16%    passed    100.00%
  24  DE152|Cluster-24366.0__TRINITY_DN1181_c1_g1_i1.p1               19.02%    passed     99.88%
  25  JJ99|Cluster-18475.0__TRINITY_DN10346_c1_g4_i3.p1                0.32%    passed    100.00%
  26  DE229|Cluster-71817.0__TRINITY_DN1219_c1_g1_i1.p1                0.32%    passed    100.00%
  27  SRR3407096|Cluster-20080.0__TRINITY_DN5168_c0_g1_i2.p1           0.16%    passed    100.00%
  28  SRR3407087|Cluster-30545.4__TRINITY_DN3778_c0_g1_i35.p1          4.91%    passed    100.00%
  29  DE505|Cluster-31320.0__TRINITY_DN9021_c0_g1_i2.p1                1.11%    passed    100.00%
  30  SRR3407093|Cluster-20081.1__TRINITY_DN3950_c0_g1_i16.p1         39.30%    passed     98.08%
  31  DE510|Cluster-47585.2__TRINITY_DN1819_c0_g3_i2.p1               39.30%    passed     95.16%
  32  SRR3424066|Cluster-31274.0__TRINITY_DN3605_c0_g1_i1.p1           0.48%    passed    100.00%
  33  SRR3407086|Cluster-21098.0__TRINITY_DN1533_c0_g1_i1.p1           3.65%    passed    100.00%
  34  SRR3407088|Cluster-29886.0__TRINITY_DN2971_c1_g1_i1.p1           0.79%    passed    100.00%
  35  DE216|Cluster-79742.0__TRINITY_DN9467_c0_g1_i8.p1               46.91%    failed      3.22%
  36  JJ15|Cluster-10919.0__TRINITY_DN1184_c0_g1_i1.p1                 0.16%    passed     99.99%
  37  JJ131|Cluster-27424.0__TRINITY_DN25333_c0_g1_i2.p1              35.82%    passed      7.64%
  38  JJ74|Cluster-20028.0__TRINITY_DN6540_c0_g3_i1.p1                 0.16%    passed    100.00%
  39  JJ85|Cluster-30488.0__TRINITY_DN9787_c0_g1_i1.p1                 4.12%    passed    100.00%
  40  DE115|Cluster-58844.0__TRINITY_DN4114_c0_g1_i4.p1                1.27%    passed    100.00%
  41  JJ86|Cluster-40703.0__TRINITY_DN7297_c1_g3_i2.p1                12.52%    passed    100.00%
  42  DE575|Cluster-46202.3__TRINITY_DN358_c0_g2_i3.p1                12.52%    passed    100.00%
  43  DE681|Cluster-55023.0__TRINITY_DN6875_c0_g1_i1.p1                0.16%    passed    100.00%
  44  DE765|Cluster-13207.0__TRINITY_DN14223_c0_g1_i1.p1               0.16%    passed    100.00%
  45  DE162|Cluster-44288.0__TRINITY_DN1860_c0_g3_i1.p1                0.16%    passed    100.00%
  46  DE507|Cluster-32581.0__TRINITY_DN3512_c0_g1_i2.p1                0.16%    passed    100.00%
  47  DE528|Cluster-59469.0__TRINITY_DN4501_c1_g1_i1.p1                0.16%    passed    100.00%
  48  DE704-purple|Cluster-52002.0__TRINITY_DN8485_c0_g1_i1.p1         0.16%    passed    100.00%
  49  DE704-white|Cluster-52426.0__TRINITY_DN8397_c0_g1_i2.p1         16.64%    passed     99.79%
  50  DE173|Cluster-47517.0__TRINITY_DN10108_c1_g1_i1.p1               0.16%    passed    100.00%
  51  JJ109|Cluster-31951.0__TRINITY_DN17618_c0_g1_i1.p1               0.16%    passed    100.00%
  52  DE164|Cluster-60935.0__TRINITY_DN8094_c0_g1_i2.p1                0.48%    passed    100.00%
  53  DE643|Cluster-57071.0__TRINITY_DN3171_c0_g1_i1.p1                0.16%    passed    100.00%
  54  DE671|Cluster-31922.0__TRINITY_DN9043_c0_g1_i1.p1                0.16%    passed    100.00%
  55  DE476|Cluster-41302.0__TRINITY_DN11456_c0_g1_i2.p1              30.43%    passed     99.36%
  56  DE509|Cluster-9591.0__TRINITY_DN3779_c0_g1_i1.p1                 0.16%    passed    100.00%
  57  DE764|Cluster-21486.0__TRINITY_DN5668_c0_g4_i2.p1                0.16%    passed    100.00%
  58  JJ89|Cluster-24953.0__TRINITY_DN11022_c0_g2_i1.p1                0.16%    passed    100.00%
  59  DE88|Cluster-15964.0__TRINITY_DN10175_c1_g1_i1.p1                0.16%    passed    100.00%
  60  DE737|Cluster-34901.0__TRINITY_DN557_c0_g1_i2.p1                 0.63%    passed    100.00%
  61  DE550|Cluster-11641.0__TRINITY_DN3757_c0_g1_i1.p1                0.16%    passed    100.00%
  62  JJ23|Cluster-34209.0__TRINITY_DN3037_c0_g1_i4.p1                37.40%    passed     99.99%
****  TOTAL                                                            6.82%  1 sequences failed composition chi2 test (p-value<5%; df=60)
Reading input tree file tmp.csubst.nwk ... rooted tree

NOTE: 74 MB RAM (0 GB) is required!
Measuring multi-threading efficiency up to 1 CPU cores
2 trees examined
Threads: 1 / Time: 3.845 sec / Speedup: 1.000 / Efficiency: 100% / LogL: -23101
BEST NUMBER OF THREADS: 1

Estimate model parameters (epsilon = 0.010)
1. Initial log-likelihood: -20103.008
2. Current log-likelihood: -14770.726
3. Current log-likelihood: -14738.862
4. Current log-likelihood: -14738.608
5. Current log-likelihood: -14738.437
6. Current log-likelihood: -14738.315
7. Current log-likelihood: -14738.226
8. Current log-likelihood: -14738.161
9. Current log-likelihood: -14738.113
10. Current log-likelihood: -14738.078
11. Current log-likelihood: -14738.053
12. Current log-likelihood: -14738.034
13. Current log-likelihood: -14738.020
14. Current log-likelihood: -14738.010
Optimal log-likelihood: -14738.003
Nonsynonymous/synonymous ratio (omega): 1.000
Transition/transversion ratio (kappa): 1.000
Site proportion and rates:  (0.619,0.376) (0.255,1.453) (0.114,3.010) (0.013,4.292)
Parameters optimization took 14 rounds (181.599 sec)
Wrote distance file to... 
BEST SCORE FOUND : -14738.003
Ancestral state probabilities printed to /mnt/data0/yue/2026-03-11-protein-convergence/results/OG_10664/csubst_w_s/csubst_input_alignment.fa.state
Empirical proportions for each category: 0.643 0.250 0.105 0.002
Site rates printed to /mnt/data0/yue/2026-03-11-protein-convergence/results/OG_10664/csubst_w_s/csubst_input_alignment.fa.rate
Total tree length: 3.658

Total number of iterations: 0
CPU time used for tree search: 0.000 sec (0h:0m:0s)
Wall-clock time used for tree search: 0.000 sec (0h:0m:0s)
Total CPU time used: 187.893 sec (0h:3m:7s)
Total wall-clock time used: 188.190 sec (0h:3m:8s)

Analysis results written to: 
  IQ-TREE report:                /mnt/data0/yue/2026-03-11-protein-convergence/results/OG_10664/csubst_w_s/csubst_input_alignment.fa.iqtree
  Maximum-likelihood tree:       /mnt/data0/yue/2026-03-11-protein-convergence/results/OG_10664/csubst_w_s/csubst_input_alignment.fa.treefile
  Site-specific rates:           /mnt/data0/yue/2026-03-11-protein-convergence/results/OG_10664/csubst_w_s/csubst_input_alignment.fa.rate
  Ancestral state:               /mnt/data0/yue/2026-03-11-protein-convergence/results/OG_10664/csubst_w_s/csubst_input_alignment.fa.state
  Screen log file:               /mnt/data0/yue/2026-03-11-protein-convergence/results/OG_10664/csubst_w_s/csubst_input_alignment.fa.log

Date and Time: Thu Mar 26 21:17:11 2026
