IQ-TREE multicore version 2.4.0 for Linux x86 64-bit built Feb 12 2025
Developed by Bui Quang Minh, Nguyen Lam Tung, Olga Chernomor, Heiko Schmidt,
Dominik Schrempf, Michael Woodhams, Ly Trong Nhan, Thomas Wong

Host:    brain (AVX2, FMA3, 2015 GB RAM)
Command: /home/yue/miniconda3/envs/py39/bin/iqtree -s /mnt/data0/yue/2026-03-11-protein-convergence/results/OG_7336/csubst_w_s/csubst_input_alignment.fa -te tmp.csubst.nwk -m ECMK07+F+R4 --seqtype CODON1 --threads-max 1 -T AUTO --ancestral --rate --redo
Seed:    93285 (Using SPRNG - Scalable Parallel Random Number Generator)
Time:    Sat Mar 28 00:25:13 2026
Kernel:  AVX+FMA - auto-detect threads (128 CPU cores detected)

Reading alignment file /mnt/data0/yue/2026-03-11-protein-convergence/results/OG_7336/csubst_w_s/csubst_input_alignment.fa ... Fasta format detected
Reading fasta file: done in 0.00222255 secs using 12.37% CPU
Alignment most likely contains DNA/RNA sequences
Converting to codon sequences with genetic code 1 ...
WARNING: 1 sites contain only gaps or ambiguous characters.
Alignment has 74 sequences with 619 columns, 585 distinct patterns
311 parsimony-informative, 161 singleton sites, 147 constant sites
                                                               Gap/Ambiguity  Composition  p-value
Analyzing sequences: done in 0.000102341 secs using 98.69% CPU
   1  DE115|Cluster-15438.0__TRINITY_DN5010_c0_g1_i2.p1                0.16%    passed    100.00%
   2  DE152|Cluster-10262.0__TRINITY_DN3936_c0_g1_i1.p1               33.44%    passed    100.00%
   3  SRR3407096|Cluster-27414.0__TRINITY_DN13057_c0_g1_i5.p1          0.16%    passed    100.00%
   4  DE563|Cluster-46437.0__TRINITY_DN1506_c1_g1_i3.p1                0.65%    passed    100.00%
   5  DE69|Cluster-53010.0__TRINITY_DN13389_c1_g3_i1.p1               44.10%    passed     99.90%
   6  DE546_urceolata_l|Cluster-43483.0__TRINITY_DN1486_c7_g1_i1.p1    2.10%    passed    100.00%
   7  JJ86|Cluster-30525.0__TRINITY_DN7998_c2_g1_i3.p1                48.95%    passed     96.96%
   8  DE560|Cluster-42433.0__TRINITY_DN5527_c0_g1_i1.p1                0.16%    passed    100.00%
   9  DE534|Cluster-65246.0__TRINITY_DN7349_c0_g1_i2.p1               35.38%    passed     99.99%
  10  DE536|Cluster-15007.0__TRINITY_DN8016_c0_g1_i1.p1                0.16%    passed    100.00%
  11  JJ99|Cluster-7812.0__TRINITY_DN8582_c1_g1_i3.p1                  0.16%    passed    100.00%
  12  JJ23|Cluster-18100.0__TRINITY_DN3578_c0_g1_i2.p1                 0.16%    passed    100.00%
  13  DE216|Cluster-74157.0__TRINITY_DN9697_c0_g1_i4.p1               35.38%    passed     99.95%
  14  JJ15|Cluster-48578.116__TRINITY_DN7357_c0_g1_i1.p1               0.16%    passed    100.00%
  15  DE151|Cluster-37622.0__TRINITY_DN457_c2_g1_i2.p1                 0.16%    passed    100.00%
  16  JJ109|Cluster-42442.0__TRINITY_DN426_c1_g1_i2.p1                36.03%    passed     99.52%
  17  DE173|Cluster-51782.0__TRINITY_DN4988_c0_g1_i3.p1               41.20%    passed     87.96%
  18  DE88|Cluster-37289.0__TRINITY_DN212_c0_g2_i5.p1                  0.16%    passed    100.00%
  19  DE509|Cluster-48002.0__TRINITY_DN1895_c0_g1_i4.p1               35.38%    passed     99.76%
  20  DE736|Cluster-43816.0__TRINITY_DN6180_c0_g1_i1.p1               41.20%    passed     97.83%
  21  DE672|Cluster-50927.0__TRINITY_DN9534_c0_g1_i1.p1                0.16%    passed    100.00%
  22  DE764|Cluster-38539.0__TRINITY_DN2308_c0_g1_i1.p1               35.38%    passed     99.93%
  23  DE541|Cluster-46438.0__TRINITY_DN11538_c0_g1_i4.p1               0.16%    passed    100.00%
  24  DE549|Cluster-42505.0__TRINITY_DN8758_c0_g1_i7.p1               40.87%    passed     99.65%
  25  DE643|Cluster-70006.1__TRINITY_DN180_c0_g1_i7.p1                35.38%    passed     99.91%
  26  DE164|Cluster-26994.0__TRINITY_DN115_c0_g1_i2.p1                 0.16%    passed    100.00%
  27  DE737|Cluster-36177.0__TRINITY_DN30103_c0_g1_i1.p1               0.65%    passed    100.00%
  28  JJ89|Cluster-14342.0__TRINITY_DN3426_c0_g2_i2.p1                 0.16%    passed    100.00%
  29  DE696-nodots|Cluster-40789.0__TRINITY_DN6088_c0_g1_i3.p1        21.16%    passed    100.00%
  30  DE550|Cluster-36182.0__TRINITY_DN7268_c0_g2_i2.p1                0.65%    passed    100.00%
  31  DE503|Cluster-61241.0__TRINITY_DN3650_c0_g1_i1.p1               35.38%    passed    100.00%
  32  DE510|Cluster-12653.1__TRINITY_DN3498_c0_g1_i11.p1              48.79%    passed     99.87%
  33  SRR3407093|Cluster-29603.0__TRINITY_DN2029_c0_g2_i2.p1           0.16%    passed    100.00%
  34  SRR3407094|Cluster-31729.0__TRINITY_DN2038_c0_g1_i1.p1           0.16%    passed    100.00%
  35  DE505|Cluster-11477.1__TRINITY_DN4047_c0_g2_i9.p1                0.16%    passed    100.00%
  36  SRR3407087|Cluster-36848.0__TRINITY_DN10949_c0_g1_i2.p1         35.38%    passed    100.00%
  37  SRR3407092|Cluster-27742.0__TRINITY_DN9816_c1_g1_i1.p1           0.32%    passed    100.00%
  38  SRR3407088|Cluster-10996.0__TRINITY_DN12878_c0_g1_i1.p1          0.16%    passed    100.00%
  39  DE523|Cluster-18437.1__TRINITY_DN8890_c0_g1_i3.p1                0.16%    passed    100.00%
  40  DE741|Cluster-21414.0__TRINITY_DN9898_c1_g2_i1.p1                0.16%    passed    100.00%
  41  JJ85|Cluster-19930.0__TRINITY_DN313_c0_g5_i1.p1                  0.65%    passed    100.00%
  42  JJ74|Cluster-101059.0__TRINITY_DN69227_c0_g1_i2.p1               0.97%    passed    100.00%
  43  DE566|Cluster-57163.0__TRINITY_DN2190_c0_g1_i2.p1                0.16%    passed    100.00%
  44  DE127|Cluster-34358.3__TRINITY_DN4634_c0_g1_i8.p1               16.32%    passed    100.00%
  45  DE554|Cluster-38208.0__TRINITY_DN9933_c0_g1_i16.p1               0.16%    passed    100.00%
  46  DE666|Cluster-40181.0__TRINITY_DN2377_c0_g1_i3.p1                0.16%    passed    100.00%
  47  DE765|Cluster-28587.0__TRINITY_DN6468_c0_g2_i1.p1               24.72%    passed     99.99%
  48  DE575|Cluster-4907.0__TRINITY_DN5672_c0_g1_i1.p1                 0.16%    passed    100.00%
  49  DE681|Cluster-21706.0__TRINITY_DN4928_c0_g1_i1.p1                0.16%    passed    100.00%
  50  DE229|Cluster-52452.0__TRINITY_DN6267_c0_g1_i4.p1                0.16%    passed    100.00%
  51  DE126|Cluster-42783.1__TRINITY_DN6667_c0_g1_i4.p1                0.16%    passed    100.00%
  52  DE162|Cluster-44887.0__TRINITY_DN2116_c0_g1_i4.p1               44.59%    passed     99.23%
  53  DE528|Cluster-36213.0__TRINITY_DN1416_c0_g3_i1.p1                0.16%    passed    100.00%
  54  DE507|Cluster-53226.0__TRINITY_DN7063_c0_g1_i2.p1               17.29%    passed    100.00%
  55  DE704-purple|Cluster-31279.4__TRINITY_DN1656_c0_g1_i5.p1         0.16%    passed    100.00%
  56  DE704-white|Cluster-41756.0__TRINITY_DN1529_c0_g3_i2.p1          0.16%    passed    100.00%
  57  DE623|Cluster-44578.0__TRINITY_DN4237_c0_g1_i2.p1                0.16%    passed    100.00%
  58  DE680|Cluster-16325.0__TRINITY_DN5423_c0_g1_i2.p1                0.16%    passed    100.00%
  59  JJ131|Cluster-54517.1__TRINITY_DN7469_c0_g1_i4.p1                1.29%    passed    100.00%
  60  DRR082660|Cluster-39437.1__TRINITY_DN6818_c0_g1_i9.p1           48.63%    passed     95.79%
  61  DE189|Cluster-11482.0__TRINITY_DN6260_c0_g1_i4.p1               44.26%    passed     99.75%
  62  DE531|Cluster-31346.0__TRINITY_DN9750_c3_g1_i2.p1               44.26%    passed     99.97%
  63  DE696-dots|Cluster-42026.0__TRINITY_DN5719_c0_g1_i2.p1          44.26%    passed     99.97%
  64  JJ36|Cluster-11280.0__TRINITY_DN15359_c0_g1_i2.p1               44.26%    passed     99.86%
  65  DE671|Cluster-45434.0__TRINITY_DN4653_c0_g1_i3.p1               44.26%    passed     99.14%
  66  JJ130|Cluster-47625.0__TRINITY_DN13116_c0_g1_i3.p1              44.26%    passed     99.29%
  67  DE476|Cluster-43009.0__TRINITY_DN7944_c0_g1_i2.p1               44.26%    passed     97.69%
  68  DE504|Cluster-15547.0__TRINITY_DN2736_c0_g2_i2.p1               44.26%    passed     97.53%
  69  SRR3407095|Cluster-27936.0__TRINITY_DN17661_c0_g1_i1.p1          0.97%    passed    100.00%
  70  DE181|Cluster-46708.0__TRINITY_DN37_c0_g3_i8.p1                 44.26%    passed     99.59%
  71  SRR3407086|Cluster-20344.0__TRINITY_DN6280_c0_g1_i1.p1           0.16%    passed    100.00%
  72  DE561|Cluster-30248.0__TRINITY_DN6965_c0_g3_i1.p1                0.16%    passed    100.00%
  73  SRR3424066|Cluster-25336.0__TRINITY_DN2535_c0_g3_i1.p1           0.16%    passed    100.00%
  74  DE542|Cluster-63632.0__TRINITY_DN183_c1_g1_i1.p1                44.26%    passed     75.11%
****  TOTAL                                                           16.37%  0 sequences failed composition chi2 test (p-value<5%; df=60)
Reading input tree file tmp.csubst.nwk ... rooted tree

NOTE: 90 MB RAM (0 GB) is required!
Measuring multi-threading efficiency up to 1 CPU cores
2 trees examined
Threads: 1 / Time: 4.778 sec / Speedup: 1.000 / Efficiency: 100% / LogL: -18697
BEST NUMBER OF THREADS: 1

Estimate model parameters (epsilon = 0.010)
1. Initial log-likelihood: -19091.300
2. Current log-likelihood: -12198.525
3. Current log-likelihood: -12198.299
4. Current log-likelihood: -12198.163
5. Current log-likelihood: -12198.077
6. Current log-likelihood: -12198.022
7. Current log-likelihood: -12197.985
8. Current log-likelihood: -12197.959
9. Current log-likelihood: -12197.941
10. Current log-likelihood: -12197.928
Optimal log-likelihood: -12197.919
Nonsynonymous/synonymous ratio (omega): 1.000
Transition/transversion ratio (kappa): 1.000
Site proportion and rates:  (0.586,0.442) (0.275,1.355) (0.113,2.185) (0.026,4.655)
Parameters optimization took 10 rounds (162.176 sec)
Wrote distance file to... 
BEST SCORE FOUND : -12197.919
Ancestral state probabilities printed to /mnt/data0/yue/2026-03-11-protein-convergence/results/OG_7336/csubst_w_s/csubst_input_alignment.fa.state
Empirical proportions for each category: 0.654 0.262 0.065 0.019
Site rates printed to /mnt/data0/yue/2026-03-11-protein-convergence/results/OG_7336/csubst_w_s/csubst_input_alignment.fa.rate
Total tree length: 2.860

Total number of iterations: 0
CPU time used for tree search: 0.000 sec (0h:0m:0s)
Wall-clock time used for tree search: 0.000 sec (0h:0m:0s)
Total CPU time used: 169.268 sec (0h:2m:49s)
Total wall-clock time used: 170.333 sec (0h:2m:50s)

Analysis results written to: 
  IQ-TREE report:                /mnt/data0/yue/2026-03-11-protein-convergence/results/OG_7336/csubst_w_s/csubst_input_alignment.fa.iqtree
  Maximum-likelihood tree:       /mnt/data0/yue/2026-03-11-protein-convergence/results/OG_7336/csubst_w_s/csubst_input_alignment.fa.treefile
  Site-specific rates:           /mnt/data0/yue/2026-03-11-protein-convergence/results/OG_7336/csubst_w_s/csubst_input_alignment.fa.rate
  Ancestral state:               /mnt/data0/yue/2026-03-11-protein-convergence/results/OG_7336/csubst_w_s/csubst_input_alignment.fa.state
  Screen log file:               /mnt/data0/yue/2026-03-11-protein-convergence/results/OG_7336/csubst_w_s/csubst_input_alignment.fa.log

Date and Time: Sat Mar 28 00:28:03 2026
