IQ-TREE multicore version 2.4.0 for Linux x86 64-bit built Feb 12 2025
Developed by Bui Quang Minh, Nguyen Lam Tung, Olga Chernomor, Heiko Schmidt,
Dominik Schrempf, Michael Woodhams, Ly Trong Nhan, Thomas Wong

Host:    brain (AVX2, FMA3, 2015 GB RAM)
Command: /home/yue/miniconda3/envs/py39/bin/iqtree -s /mnt/data0/yue/2026-03-11-protein-convergence/results/OG_12602/csubst_w_s/csubst_input_alignment.fa -te tmp.csubst.nwk -m ECMK07+F+R4 --seqtype CODON1 --threads-max 1 -T AUTO --ancestral --rate --redo
Seed:    821964 (Using SPRNG - Scalable Parallel Random Number Generator)
Time:    Thu Mar 26 23:33:47 2026
Kernel:  AVX+FMA - auto-detect threads (128 CPU cores detected)

Reading alignment file /mnt/data0/yue/2026-03-11-protein-convergence/results/OG_12602/csubst_w_s/csubst_input_alignment.fa ... Fasta format detected
Reading fasta file: done in 0.000364527 secs using 32.92% CPU
Alignment most likely contains DNA/RNA sequences
Converting to codon sequences with genetic code 1 ...
WARNING: 1 sites contain only gaps or ambiguous characters.
Alignment has 53 sequences with 105 columns, 88 distinct patterns
42 parsimony-informative, 21 singleton sites, 42 constant sites
                                                           Gap/Ambiguity  Composition  p-value
Analyzing sequences: done in 1.69277e-05 secs using 35.44% CPU
   1  DE115|Cluster-50714.0__TRINITY_DN2062_c0_g1_i2.p1            0.95%    passed    100.00%
   2  DE549|Cluster-28817.0__TRINITY_DN7298_c0_g1_i2.p1            0.95%    passed    100.00%
   3  SRR5150740|Cluster-23288.1__TRINITY_DN1804_c0_g1_i4.p2       0.95%    passed      6.02%
   4  DE69|Cluster-45118.0__TRINITY_DN53541_c0_g1_i1.p1            0.95%    passed    100.00%
   5  SRR3407095|Cluster-3822.0__TRINITY_DN1834_c0_g1_i1.p1        0.95%    passed    100.00%
   6  JJ125|Cluster-1896.0__TRINITY_DN34979_c0_g1_i1.p1            0.95%    passed    100.00%
   7  DE127|Cluster-19077.0__TRINITY_DN5752_c0_g1_i1.p1            0.95%    passed    100.00%
   8  DE162|Cluster-5785.0__TRINITY_DN1044_c0_g1_i3.p1             0.95%    passed    100.00%
   9  SRR3407092|Cluster-10174.0__TRINITY_DN2468_c0_g1_i1.p1       0.95%    passed    100.00%
  10  SRR3407088|Cluster-174.0__TRINITY_DN48781_c0_g1_i1.p1        0.95%    passed    100.00%
  11  SRR3407087|Cluster-11738.0__TRINITY_DN45277_c0_g1_i1.p1      0.95%    passed    100.00%
  12  SRR3407086|Cluster-2495.0__TRINITY_DN87912_c0_g1_i1.p1       0.95%    passed    100.00%
  13  DE164|Cluster-15315.0__TRINITY_DN77910_c0_g1_i1.p1           0.95%    passed    100.00%
  14  JJ99|Cluster-16458.0__TRINITY_DN67989_c0_g2_i1.p1            0.95%    failed      0.08%
  15  JJ85|Cluster-14617.0__TRINITY_DN5598_c1_g2_i1.p1             0.95%    passed    100.00%
  16  JJ74|Cluster-120195.0__TRINITY_DN344_c0_g1_i2.p1             0.95%    passed    100.00%
  17  DE173|Cluster-58209.0__TRINITY_DN90353_c0_g1_i1.p1           0.95%    passed    100.00%
  18  JJ131|Cluster-54419.0__TRINITY_DN3883_c0_g1_i2.p1            0.95%    passed    100.00%
  19  SRR3407093|Cluster-15578.0__TRINITY_DN34538_c0_g1_i1.p1      0.95%    passed    100.00%
  20  JJ109|Cluster-46170.0__TRINITY_DN45782_c0_g1_i1.p1           0.95%    passed     97.11%
  21  DE181|Cluster-18970.0__TRINITY_DN13189_c0_g1_i2.p1           0.95%    passed    100.00%
  22  DRR082660|Cluster-2013.0__TRINITY_DN37209_c0_g1_i1.p2        0.95%    passed    100.00%
  23  DE765|Cluster-55101.0__TRINITY_DN77446_c0_g1_i1.p1           0.95%    passed    100.00%
  24  DE764|Cluster-31309.0__TRINITY_DN7917_c1_g1_i1.p1            0.95%    passed    100.00%
  25  DE736|Cluster-49954.0__TRINITY_DN142650_c0_g1_i1.p1          0.95%    passed    100.00%
  26  DE704-white|Cluster-41846.0__TRINITY_DN2592_c0_g1_i1.p1      0.95%    passed    100.00%
  27  DE704-purple|Cluster-25980.0__TRINITY_DN7529_c0_g1_i3.p1     0.95%    passed    100.00%
  28  SRR3407094|Cluster-29797.0__TRINITY_DN44071_c0_g1_i1.p1      0.95%    passed    100.00%
  29  DE696-nodots|Cluster-15841.0__TRINITY_DN99337_c0_g1_i1.p1    0.95%    passed     99.90%
  30  DE696-dots|Cluster-13921.0__TRINITY_DN70385_c0_g1_i1.p1      0.95%    passed     99.90%
  31  DE681|Cluster-28312.0__TRINITY_DN18951_c1_g1_i1.p1           0.95%    passed    100.00%
  32  DE476|Cluster-9278.0__TRINITY_DN14252_c1_g1_i1.p1            0.95%    passed    100.00%
  33  DE672|Cluster-30007.0__TRINITY_DN8310_c1_g1_i1.p1            0.95%    passed    100.00%
  34  DE671|Cluster-12721.0__TRINITY_DN4194_c0_g1_i1.p1            0.95%    passed    100.00%
  35  DE643|Cluster-67117.0__TRINITY_DN11250_c0_g1_i2.p1           0.95%    passed    100.00%
  36  DE623|Cluster-25928.0__TRINITY_DN2561_c0_g2_i1.p1            0.95%    passed    100.00%
  37  DE503|Cluster-8717.0__TRINITY_DN7926_c0_g1_i1.p1             0.95%    passed    100.00%
  38  DE566|Cluster-41076.0__TRINITY_DN5835_c0_g1_i11.p2           0.95%    passed    100.00%
  39  DE560|Cluster-2361.0__TRINITY_DN47660_c0_g1_i1.p1            0.95%    passed    100.00%
  40  DE554|Cluster-65984.0__TRINITY_DN6101_c0_g1_i1.p1            0.95%    passed    100.00%
  41  SRR3424066|Cluster-1133.0__TRINITY_DN12350_c0_g1_i1.p1       0.95%    passed    100.00%
  42  DE542|Cluster-56862.0__TRINITY_DN12078_c0_g1_i1.p1           0.95%    passed     71.19%
  43  DE509|Cluster-4986.0__TRINITY_DN79320_c0_g1_i1.p1            0.95%    passed    100.00%
  44  DE534|Cluster-68906.0__TRINITY_DN9281_c0_g1_i1.p1            0.95%    passed    100.00%
  45  DE531|Cluster-52944.1__TRINITY_DN13624_c0_g1_i3.p1           0.95%    passed    100.00%
  46  DE523|Cluster-2715.0__TRINITY_DN7011_c0_g1_i1.p1             0.95%    passed     99.99%
  47  DE680|Cluster-38013.0__TRINITY_DN6154_c0_g1_i1.p1            0.95%    passed    100.00%
  48  DE536|Cluster-20694.0__TRINITY_DN1013_c2_g1_i1.p1            0.95%    passed    100.00%
  49  DE575|Cluster-32771.0__TRINITY_DN7884_c0_g1_i4.p1            0.95%    passed    100.00%
  50  DRR234970|Cluster-37582.0__TRINITY_DN5217_c0_g1_i1.p1        0.95%    passed      7.70%
  51  JJ23|Cluster-16360.0__TRINITY_DN61333_c0_g1_i1.p1            0.95%    passed    100.00%
  52  SRR104381|Cluster-29775.0__TRINITY_DN10452_c0_g1_i1.p2       0.95%    passed     99.83%
  53  DE152|Cluster-61924.4__TRINITY_DN58925_c0_g1_i1.p1           0.95%    passed    100.00%
****  TOTAL                                                        0.95%  1 sequences failed composition chi2 test (p-value<5%; df=60)
WARNING: States(s) CGG, TTA rarely appear in alignment and may cause numerical problems
Reading input tree file tmp.csubst.nwk ... rooted tree

NOTE: 15 MB RAM (0 GB) is required!
Measuring multi-threading efficiency up to 1 CPU cores
2 trees examined
Threads: 1 / Time: 1.240 sec / Speedup: 1.000 / Efficiency: 100% / LogL: -1769
BEST NUMBER OF THREADS: 1

Estimate model parameters (epsilon = 0.010)
1. Initial log-likelihood: -2129.293
2. Current log-likelihood: -1382.937
3. Current log-likelihood: -1378.162
4. Current log-likelihood: -1376.441
5. Current log-likelihood: -1376.328
6. Current log-likelihood: -1375.608
7. Current log-likelihood: -1375.581
8. Current log-likelihood: -1375.565
9. Current log-likelihood: -1375.554
Optimal log-likelihood: -1375.545
Nonsynonymous/synonymous ratio (omega): 1.000
Transition/transversion ratio (kappa): 1.000
Site proportion and rates:  (0.508,0.169) (0.144,1.045) (0.294,1.451) (0.054,6.252)
Parameters optimization took 9 rounds (29.834 sec)
Wrote distance file to... 
BEST SCORE FOUND : -1375.545
Ancestral state probabilities printed to /mnt/data0/yue/2026-03-11-protein-convergence/results/OG_12602/csubst_w_s/csubst_input_alignment.fa.state
Empirical proportions for each category: 0.610 0.000 0.343 0.048
Site rates printed to /mnt/data0/yue/2026-03-11-protein-convergence/results/OG_12602/csubst_w_s/csubst_input_alignment.fa.rate
Total tree length: 2.088

Total number of iterations: 0
CPU time used for tree search: 0.000 sec (0h:0m:0s)
Wall-clock time used for tree search: 0.000 sec (0h:0m:0s)
Total CPU time used: 31.425 sec (0h:0m:31s)
Total wall-clock time used: 31.771 sec (0h:0m:31s)

Analysis results written to: 
  IQ-TREE report:                /mnt/data0/yue/2026-03-11-protein-convergence/results/OG_12602/csubst_w_s/csubst_input_alignment.fa.iqtree
  Maximum-likelihood tree:       /mnt/data0/yue/2026-03-11-protein-convergence/results/OG_12602/csubst_w_s/csubst_input_alignment.fa.treefile
  Site-specific rates:           /mnt/data0/yue/2026-03-11-protein-convergence/results/OG_12602/csubst_w_s/csubst_input_alignment.fa.rate
  Ancestral state:               /mnt/data0/yue/2026-03-11-protein-convergence/results/OG_12602/csubst_w_s/csubst_input_alignment.fa.state
  Screen log file:               /mnt/data0/yue/2026-03-11-protein-convergence/results/OG_12602/csubst_w_s/csubst_input_alignment.fa.log

Date and Time: Thu Mar 26 23:34:19 2026
