IQ-TREE multicore version 2.4.0 for Linux x86 64-bit built Feb 12 2025
Developed by Bui Quang Minh, Nguyen Lam Tung, Olga Chernomor, Heiko Schmidt,
Dominik Schrempf, Michael Woodhams, Ly Trong Nhan, Thomas Wong

Host:    brain (AVX2, FMA3, 2015 GB RAM)
Command: /home/yue/miniconda3/envs/py39/bin/iqtree -s /mnt/data0/yue/2026-03-11-protein-convergence/results/OG_3434/csubst_w_s/csubst_input_alignment.fa -te tmp.csubst.nwk -m ECMK07+F+R4 --seqtype CODON1 --threads-max 1 -T AUTO --ancestral --rate --redo
Seed:    773171 (Using SPRNG - Scalable Parallel Random Number Generator)
Time:    Fri Mar 27 09:20:17 2026
Kernel:  AVX+FMA - auto-detect threads (128 CPU cores detected)

Reading alignment file /mnt/data0/yue/2026-03-11-protein-convergence/results/OG_3434/csubst_w_s/csubst_input_alignment.fa ... Fasta format detected
Reading fasta file: done in 0.00575699 secs using 73.58% CPU
Alignment most likely contains DNA/RNA sequences
Converting to codon sequences with genetic code 1 ...
WARNING: 1 sites contain only gaps or ambiguous characters.
Alignment has 75 sequences with 703 columns, 671 distinct patterns
410 parsimony-informative, 183 singleton sites, 110 constant sites
                                                                Gap/Ambiguity  Composition  p-value
Analyzing sequences: done in 0.000280589 secs using 99.43% CPU
   1  DE546_urceolata_l|Cluster-37192.0__TRINITY_DN25179_c2_g1_i2.p1    0.71%    passed    100.00%
   2  DE575|Cluster-55564.0__TRINITY_DN8943_c0_g1_i2.p1                 0.43%    passed    100.00%
   3  JJ15|Cluster-65468.1__TRINITY_DN4430_c0_g1_i2.p1                  1.42%    passed    100.00%
   4  DE534|Cluster-55214.0__TRINITY_DN34187_c0_g1_i1.p1               45.23%    passed     62.06%
   5  DE542|Cluster-53092.1__TRINITY_DN7468_c2_g1_i2.p1                 0.28%    passed    100.00%
   6  DE115|Cluster-45020.0__TRINITY_DN5552_c0_g1_i1.p1                 0.14%    passed    100.00%
   7  DE126|Cluster-42795.0__TRINITY_DN59_c2_g1_i1.p1                   0.14%    passed    100.00%
   8  DE127|Cluster-30279.0__TRINITY_DN8818_c0_g1_i1.p1                 0.14%    passed    100.00%
   9  DE554|Cluster-40761.0__TRINITY_DN46_c1_g1_i1.p1                   0.14%    passed    100.00%
  10  DE666|Cluster-1867.0__TRINITY_DN602_c1_g1_i1.p1                   0.14%    passed    100.00%
  11  DE162|Cluster-10176.1__TRINITY_DN21469_c0_g2_i1.p1                0.14%    passed    100.00%
  12  DE528|Cluster-60154.0__TRINITY_DN8508_c0_g1_i5.p1                45.66%    passed     40.26%
  13  DE507|Cluster-83865.0__TRINITY_DN88_c0_g1_i1.p1                   0.14%    passed    100.00%
  14  DE704-purple|Cluster-13391.0__TRINITY_DN13286_c0_g1_i1.p1         0.14%    passed    100.00%
  15  DE704-white|Cluster-3600.0__TRINITY_DN13937_c0_g1_i1.p1           0.14%    passed    100.00%
  16  DE563|Cluster-54915.0__TRINITY_DN3062_c0_g1_i16.p1                0.14%    passed    100.00%
  17  DE681|Cluster-32084.0__TRINITY_DN13789_c0_g2_i1.p1                0.14%    passed    100.00%
  18  DE765|Cluster-23767.0__TRINITY_DN8536_c0_g3_i2.p1                 0.14%    passed    100.00%
  19  JJ86|Cluster-3254.0__TRINITY_DN12353_c0_g3_i1.p1                  0.14%    passed    100.00%
  20  DE668|Cluster-22648.0__TRINITY_DN4574_c0_g1_i2.p1                 0.14%    passed    100.00%
  21  DE623|Cluster-5689.0__TRINITY_DN7660_c0_g1_i1.p1                  0.14%    passed    100.00%
  22  DE680|Cluster-43964.1__TRINITY_DN4664_c0_g1_i2.p1                38.26%    passed     96.25%
  23  DE152|Cluster-44259.9__TRINITY_DN2400_c0_g1_i4.p1                 0.14%    passed    100.00%
  24  DE229|Cluster-78990.0__TRINITY_DN5518_c1_g1_i2.p1                 0.14%    passed    100.00%
  25  JJ23|Cluster-27742.0__TRINITY_DN1965_c2_g1_i1.p1                 21.91%    passed    100.00%
  26  JJ74|Cluster-119864.25__TRINITY_DN64494_c0_g1_i1.p1               0.14%    passed    100.00%
  27  SRR3407088|Cluster-35412.0__TRINITY_DN8540_c0_g1_i2.p1            0.71%    passed    100.00%
  28  DE181|Cluster-18725.0__TRINITY_DN94644_c0_g1_i2.p1                0.14%    passed    100.00%
  29  SRR3424066|Cluster-13004.71__TRINITY_DN12637_c0_g2_i1.p1          0.14%    passed    100.00%
  30  DE561|Cluster-19703.0__TRINITY_DN12891_c0_g1_i2.p1                0.14%    passed    100.00%
  31  SRR3407086|Cluster-5489.0__TRINITY_DN91662_c0_g1_i3.p1            0.14%    passed    100.00%
  32  DE503|Cluster-49316.0__TRINITY_DN6550_c0_g2_i7.p1                 0.14%    passed    100.00%
  33  SRR3407092|Cluster-15191.0__TRINITY_DN5305_c1_g1_i1.p1            0.14%    passed    100.00%
  34  DE510|Cluster-31526.0__TRINITY_DN13490_c0_g1_i2.p1                0.14%    passed    100.00%
  35  DE505|Cluster-53443.0__TRINITY_DN1554_c4_g1_i1.p1                 0.14%    passed    100.00%
  36  SRR3407087|Cluster-7654.0__TRINITY_DN14918_c0_g1_i2.p1           51.35%    passed     40.89%
  37  SRR3407094|Cluster-3570.0__TRINITY_DN11823_c0_g1_i1.p1            0.14%    passed    100.00%
  38  DE741|Cluster-44761.0__TRINITY_DN13370_c0_g1_i2.p1                0.14%    passed    100.00%
  39  DE519|Cluster-53405.0__TRINITY_DN13784_c0_g1_i1.p1                0.14%    passed    100.00%
  40  DE151|Cluster-43026.0__TRINITY_DN6302_c0_g1_i1.p1                 0.14%    passed    100.00%
  41  DE173|Cluster-49398.0__TRINITY_DN10256_c2_g1_i2.p1                0.14%    passed    100.00%
  42  JJ109|Cluster-2460.0__TRINITY_DN28328_c4_g1_i1.p1                 0.14%    passed    100.00%
  43  JJ130|Cluster-38260.0__TRINITY_DN2699_c0_g2_i1.p1                 0.14%    passed    100.00%
  44  DE189|Cluster-47057.0__TRINITY_DN9418_c0_g1_i4.p1                45.38%    passed     50.75%
  45  DE88|Cluster-4037.0__TRINITY_DN1751_c0_g2_i1.p1                   0.14%    passed    100.00%
  46  DE164|Cluster-49880.0__TRINITY_DN10391_c0_g1_i2.p1                0.14%    passed    100.00%
  47  DE737|Cluster-22965.0__TRINITY_DN3902_c0_g1_i1.p1                 0.14%    passed    100.00%
  48  DE672|Cluster-31421.0__TRINITY_DN12651_c0_g2_i7.p1                0.14%    passed    100.00%
  49  DE549|Cluster-43055.0__TRINITY_DN12164_c0_g2_i4.p1                0.71%    passed    100.00%
  50  JJ89|Cluster-26269.0__TRINITY_DN255_c0_g2_i1.p1                   0.14%    passed    100.00%
  51  DE509|Cluster-18029.1__TRINITY_DN636_c1_g1_i2.p1                  0.14%    passed    100.00%
  52  DE736|Cluster-25907.0__TRINITY_DN2695_c0_g2_i1.p1                 0.14%    passed    100.00%
  53  DE764|Cluster-14266.0__TRINITY_DN9914_c0_g1_i3.p1                 0.14%    passed    100.00%
  54  DE643|Cluster-65644.0__TRINITY_DN9654_c0_g1_i13.p1                0.14%    passed    100.00%
  55  DE671|Cluster-46786.0__TRINITY_DN5525_c0_g1_i6.p1                 0.14%    passed    100.00%
  56  DE476|Cluster-49678.2__TRINITY_DN6533_c0_g1_i11.p1                0.14%    passed    100.00%
  57  DE550|Cluster-23779.0__TRINITY_DN8693_c0_g1_i1.p1                 0.14%    passed    100.00%
  58  DE531|Cluster-10872.0__TRINITY_DN6288_c0_g1_i1.p1                 0.14%    passed    100.00%
  59  DE696-dots|Cluster-24807.3__TRINITY_DN9541_c1_g1_i1.p1            0.14%    passed    100.00%
  60  DE696-nodots|Cluster-4931.317__TRINITY_DN2238_c3_g1_i3.p1         0.14%    passed    100.00%
  61  DE504|Cluster-35264.84__TRINITY_DN16256_c0_g1_i4.p1              45.38%    passed     54.86%
  62  DE560|Cluster-26465.0__TRINITY_DN7197_c0_g1_i1.p1                 0.14%    passed    100.00%
  63  JJ125|Cluster-14575.0__TRINITY_DN4019_c2_g1_i1.p1                 0.14%    passed    100.00%
  64  DE69|Cluster-2792.0__TRINITY_DN1875_c0_g1_i1.p1                   0.14%    passed    100.00%
  65  SRR3407095|Cluster-20469.0__TRINITY_DN3835_c0_g1_i1.p1            0.14%    passed    100.00%
  66  DE523|Cluster-32716.0__TRINITY_DN9785_c0_g2_i1.p1                 0.14%    passed    100.00%
  67  SRR3407096|Cluster-26272.0__TRINITY_DN8180_c0_g1_i1.p1            0.14%    passed    100.00%
  68  DE536|Cluster-39790.0__TRINITY_DN4476_c0_g1_i1.p1                 0.14%    passed    100.00%
  69  JJ85|Cluster-25115.0__TRINITY_DN9631_c0_g1_i1.p1                  0.14%    passed    100.00%
  70  JJ99|Cluster-20930.0__TRINITY_DN2070_c2_g1_i2.p1                  0.14%    passed    100.00%
  71  JJ131|Cluster-49750.3__TRINITY_DN3559_c0_g1_i8.p1                 0.14%    passed    100.00%
  72  DE566|Cluster-51450.0__TRINITY_DN7293_c0_g1_i5.p1                 1.14%    passed    100.00%
  73  DRR234970|Cluster-45791.0__TRINITY_DN4070_c0_g1_i1.p1             0.57%    passed     99.99%
  74  SRR104381|Cluster-30464.1__TRINITY_DN10114_c0_g1_i3.p1           69.27%    passed     43.85%
  75  DRR082665|Cluster-49777.0__TRINITY_DN964_c0_g1_i2.p1              7.25%    passed     24.20%
WARNING: 2 sequences contain more than 50% gaps/ambiguity
****  TOTAL                                                             5.12%  0 sequences failed composition chi2 test (p-value<5%; df=60)
Reading input tree file tmp.csubst.nwk ... rooted tree

NOTE: 103 MB RAM (0 GB) is required!
Measuring multi-threading efficiency up to 1 CPU cores
2 trees examined
Threads: 1 / Time: 5.474 sec / Speedup: 1.000 / Efficiency: 100% / LogL: -23430
BEST NUMBER OF THREADS: 1

Estimate model parameters (epsilon = 0.010)
1. Initial log-likelihood: -24508.950
2. Current log-likelihood: -16189.789
3. Current log-likelihood: -16175.578
4. Current log-likelihood: -16175.346
5. Current log-likelihood: -16175.200
6. Current log-likelihood: -16175.102
7. Current log-likelihood: -16175.035
8. Current log-likelihood: -16174.987
9. Current log-likelihood: -16174.952
10. Current log-likelihood: -16174.925
11. Current log-likelihood: -16174.904
12. Current log-likelihood: -16174.886
13. Current log-likelihood: -16174.871
14. Current log-likelihood: -16174.857
15. Current log-likelihood: -16174.844
16. Current log-likelihood: -16174.833
17. Current log-likelihood: -16174.822
18. Current log-likelihood: -16174.811
19. Current log-likelihood: -16174.801
Optimal log-likelihood: -16174.791
Nonsynonymous/synonymous ratio (omega): 1.000
Transition/transversion ratio (kappa): 1.000
Site proportion and rates:  (0.526,0.449) (0.315,1.201) (0.129,2.050) (0.030,4.005)
Parameters optimization took 19 rounds (349.946 sec)
Wrote distance file to... 
BEST SCORE FOUND : -16174.791
Ancestral state probabilities printed to /mnt/data0/yue/2026-03-11-protein-convergence/results/OG_3434/csubst_w_s/csubst_input_alignment.fa.state
Empirical proportions for each category: 0.579 0.310 0.090 0.021
Site rates printed to /mnt/data0/yue/2026-03-11-protein-convergence/results/OG_3434/csubst_w_s/csubst_input_alignment.fa.rate
Total tree length: 3.779

Total number of iterations: 0
CPU time used for tree search: 0.000 sec (0h:0m:0s)
Wall-clock time used for tree search: 0.000 sec (0h:0m:0s)
Total CPU time used: 358.981 sec (0h:5m:58s)
Total wall-clock time used: 359.347 sec (0h:5m:59s)

Analysis results written to: 
  IQ-TREE report:                /mnt/data0/yue/2026-03-11-protein-convergence/results/OG_3434/csubst_w_s/csubst_input_alignment.fa.iqtree
  Maximum-likelihood tree:       /mnt/data0/yue/2026-03-11-protein-convergence/results/OG_3434/csubst_w_s/csubst_input_alignment.fa.treefile
  Site-specific rates:           /mnt/data0/yue/2026-03-11-protein-convergence/results/OG_3434/csubst_w_s/csubst_input_alignment.fa.rate
  Ancestral state:               /mnt/data0/yue/2026-03-11-protein-convergence/results/OG_3434/csubst_w_s/csubst_input_alignment.fa.state
  Screen log file:               /mnt/data0/yue/2026-03-11-protein-convergence/results/OG_3434/csubst_w_s/csubst_input_alignment.fa.log

Date and Time: Fri Mar 27 09:26:17 2026
