IQ-TREE multicore version 2.4.0 for Linux x86 64-bit built Feb 12 2025
Developed by Bui Quang Minh, Nguyen Lam Tung, Olga Chernomor, Heiko Schmidt,
Dominik Schrempf, Michael Woodhams, Ly Trong Nhan, Thomas Wong

Host:    brain (AVX2, FMA3, 2015 GB RAM)
Command: /home/yue/miniconda3/envs/py39/bin/iqtree -s /mnt/data0/yue/2026-03-11-protein-convergence/results/OG_6511/csubst_w_s/csubst_input_alignment.fa -te tmp.csubst.nwk -m ECMK07+F+R4 --seqtype CODON1 --threads-max 1 -T AUTO --ancestral --rate --redo
Seed:    978378 (Using SPRNG - Scalable Parallel Random Number Generator)
Time:    Fri Mar 27 21:47:18 2026
Kernel:  AVX+FMA - auto-detect threads (128 CPU cores detected)

Reading alignment file /mnt/data0/yue/2026-03-11-protein-convergence/results/OG_6511/csubst_w_s/csubst_input_alignment.fa ... Fasta format detected
Reading fasta file: done in 0.00332235 secs using 99.9% CPU
Alignment most likely contains DNA/RNA sequences
Converting to codon sequences with genetic code 1 ...
Alignment has 77 sequences with 893 columns, 855 distinct patterns
482 parsimony-informative, 243 singleton sites, 168 constant sites
                                                                Gap/Ambiguity  Composition  p-value
Analyzing sequences: done in 0.000153795 secs using 24.71% CPU
   1  DE623|Cluster-60333.0__TRINITY_DN6056_c0_g1_i3.p1                44.90%    passed     92.38%
   2  DE764|Cluster-41710.0__TRINITY_DN2326_c1_g1_i2.p1                12.99%    passed    100.00%
   3  SRR3407095|Cluster-38684.0__TRINITY_DN1699_c0_g1_i1.p1            0.22%    passed    100.00%
   4  DE536|Cluster-55919.0__TRINITY_DN15099_c0_g1_i1.p1                0.34%    passed    100.00%
   5  DE523|Cluster-42464.0__TRINITY_DN5106_c0_g1_i4.p1                48.49%    passed     99.78%
   6  DRR234970|Cluster-13277.0__TRINITY_DN12593_c0_g2_i1.p1            4.03%    passed     73.24%
   7  DE503|Cluster-61229.0__TRINITY_DN34133_c0_g1_i1.p1                0.22%    passed    100.00%
   8  SRR3407092|Cluster-31408.0__TRINITY_DN16089_c0_g1_i1.p1          31.47%    passed    100.00%
   9  DE643|Cluster-32717.0__TRINITY_DN15745_c0_g1_i5.p1                0.34%    passed    100.00%
  10  DE671|Cluster-59676.0__TRINITY_DN6665_c0_g1_i3.p1                 0.34%    passed    100.00%
  11  DE115|Cluster-64766.2__TRINITY_DN5027_c0_g1_i8.p1                 3.36%    passed    100.00%
  12  DE126|Cluster-42595.0__TRINITY_DN3241_c0_g1_i9.p1                30.12%    passed    100.00%
  13  JJ86|Cluster-38868.0__TRINITY_DN5254_c1_g1_i2.p1                  1.23%    passed    100.00%
  14  DE507|Cluster-83290.0__TRINITY_DN7293_c0_g1_i5.p1                 0.11%    passed    100.00%
  15  DE528|Cluster-53332.0__TRINITY_DN6990_c0_g1_i1.p1                 0.11%    passed    100.00%
  16  DE704-purple|Cluster-58686.0__TRINITY_DN13739_c0_g1_i3.p1         0.11%    passed    100.00%
  17  DE704-white|Cluster-48524.0__TRINITY_DN4587_c0_g1_i6.p1           0.11%    passed    100.00%
  18  DE765|Cluster-56513.1__TRINITY_DN8527_c1_g1_i17.p1                0.11%    passed    100.00%
  19  DE575|Cluster-40096.0__TRINITY_DN4911_c0_g1_i16.p1               29.45%    passed     99.96%
  20  DE681|Cluster-34775.0__TRINITY_DN306_c0_g1_i4.p1                  0.11%    passed    100.00%
  21  DE127|Cluster-39304.0__TRINITY_DN7143_c0_g1_i1.p1                 0.11%    passed    100.00%
  22  DE554|Cluster-43286.0__TRINITY_DN11096_c0_g1_i2.p1               30.12%    passed     99.92%
  23  DE666|Cluster-36970.0__TRINITY_DN2453_c1_g1_i2.p1                30.12%    passed     99.99%
  24  DE546_urceolata_l|Cluster-40319.0__TRINITY_DN10588_c0_g1_i5.p1    0.11%    passed    100.00%
  25  DE668|Cluster-37989.0__TRINITY_DN5142_c0_g1_i3.p1                 0.22%    passed    100.00%
  26  DE151|Cluster-36595.0__TRINITY_DN2124_c0_g1_i3.p1                 0.11%    passed    100.00%
  27  JJ130|Cluster-31881.0__TRINITY_DN127_c1_g1_i1.p1                  0.11%    passed    100.00%
  28  JJ109|Cluster-42347.0__TRINITY_DN4556_c0_g1_i1.p1                 0.11%    passed    100.00%
  29  DE189|Cluster-37760.1__TRINITY_DN5549_c0_g1_i2.p1                18.03%    passed    100.00%
  30  DE88|Cluster-41444.0__TRINITY_DN1600_c0_g2_i3.p1                  0.11%    passed    100.00%
  31  JJ89|Cluster-12639.0__TRINITY_DN167_c1_g1_i1.p1                   0.11%    passed    100.00%
  32  DE173|Cluster-47372.0__TRINITY_DN4723_c0_g1_i1.p1                 2.58%    passed    100.00%
  33  DE164|Cluster-6583.0__TRINITY_DN5511_c0_g1_i1.p1                  0.22%    passed    100.00%
  34  DE504|Cluster-40775.0__TRINITY_DN5210_c0_g1_i1.p1                 0.11%    passed    100.00%
  35  DE509|Cluster-41188.0__TRINITY_DN2977_c0_g1_i6.p1                30.12%    passed     99.99%
  36  DE736|Cluster-61048.0__TRINITY_DN12752_c1_g1_i1.p1               29.23%    passed     99.98%
  37  DE737|Cluster-55910.0__TRINITY_DN11503_c0_g1_i1.p1                0.11%    passed    100.00%
  38  DE672|Cluster-16084.0__TRINITY_DN6586_c0_g1_i2.p1                 0.45%    passed    100.00%
  39  DE550|Cluster-39452.0__TRINITY_DN7640_c0_g1_i3.p1                 0.11%    passed    100.00%
  40  DE541|Cluster-4111.0__TRINITY_DN15059_c0_g1_i1.p1                 0.22%    passed    100.00%
  41  DE69|Cluster-34061.0__TRINITY_DN26971_c0_g1_i3.p1                 0.11%    passed    100.00%
  42  DE181|Cluster-21748.0__TRINITY_DN9802_c0_g1_i3.p1                 0.22%    passed    100.00%
  43  SRR3407086|Cluster-33029.0__TRINITY_DN91266_c0_g1_i4.p1           0.22%    passed    100.00%
  44  SRR3424066|Cluster-24394.0__TRINITY_DN10896_c0_g1_i2.p1           0.11%    passed    100.00%
  45  DE505|Cluster-48562.0__TRINITY_DN5927_c0_g1_i9.p1                59.35%    passed     92.20%
  46  DE561|Cluster-25063.0__TRINITY_DN8622_c0_g1_i5.p1                30.24%    passed    100.00%
  47  DE510|Cluster-30816.0__TRINITY_DN2877_c0_g1_i9.p1                 0.22%    passed    100.00%
  48  SRR3407087|Cluster-13267.0__TRINITY_DN4602_c0_g1_i1.p1            0.22%    passed    100.00%
  49  SRR3407093|Cluster-22680.0__TRINITY_DN4633_c0_g1_i1.p1            0.22%    passed    100.00%
  50  SRR3407088|Cluster-41591.0__TRINITY_DN9732_c0_g1_i1.p1            0.22%    passed    100.00%
  51  SRR3407094|Cluster-34190.0__TRINITY_DN2314_c0_g1_i5.p1            0.22%    passed    100.00%
  52  SRR3407096|Cluster-31438.0__TRINITY_DN2567_c0_g2_i3.p1            0.11%    passed    100.00%
  53  JJ125|Cluster-35116.0__TRINITY_DN7535_c0_g2_i2.p1                 0.22%    passed    100.00%
  54  DE560|Cluster-40303.1__TRINITY_DN4449_c0_g1_i2.p1                 0.11%    passed    100.00%
  55  DE519|Cluster-338.0__TRINITY_DN1520_c1_g1_i1.p1                   0.11%    passed    100.00%
  56  DE741|Cluster-19623.0__TRINITY_DN2192_c0_g1_i1.p1                 0.11%    passed    100.00%
  57  DRR082660|Cluster-41665.0__TRINITY_DN2908_c0_g1_i1.p1             0.11%    passed    100.00%
  58  DE216|Cluster-45914.0__TRINITY_DN3147_c0_g1_i9.p1                10.19%    passed    100.00%
  59  JJ15|Cluster-45484.0__TRINITY_DN6462_c0_g1_i2.p1                  0.11%    passed    100.00%
  60  DE542|Cluster-47002.0__TRINITY_DN6656_c0_g1_i2.p1                 0.11%    passed    100.00%
  61  DE534|Cluster-68334.0__TRINITY_DN7040_c0_g1_i1.p1                 0.11%    passed    100.00%
  62  JJ85|Cluster-24831.0__TRINITY_DN2752_c0_g1_i1.p1                  6.83%    passed    100.00%
  63  DE549|Cluster-49642.0__TRINITY_DN12757_c0_g1_i4.p1                6.83%    passed    100.00%
  64  DE680|Cluster-22200.0__TRINITY_DN7335_c0_g1_i2.p1                18.14%    passed    100.00%
  65  DE152|Cluster-46487.131__TRINITY_DN3844_c0_g1_i1.p1               0.11%    passed    100.00%
  66  DE229|Cluster-92456.0__TRINITY_DN585_c0_g1_i5.p1                  6.83%    passed    100.00%
  67  JJ99|Cluster-747.9__TRINITY_DN16192_c0_g1_i1.p1                   6.83%    passed    100.00%
  68  DE566|Cluster-42202.0__TRINITY_DN5127_c0_g1_i18.p1                0.11%    passed    100.00%
  69  JJ23|Cluster-10887.0__TRINITY_DN6102_c0_g1_i1.p1                 24.52%    passed     99.99%
  70  DE531|Cluster-14571.0__TRINITY_DN11526_c0_g1_i4.p1               29.34%    passed    100.00%
  71  DE696-dots|Cluster-33179.0__TRINITY_DN3183_c1_g1_i2.p1            0.11%    passed    100.00%
  72  DE696-nodots|Cluster-33306.0__TRINITY_DN1597_c2_g2_i1.p1          0.11%    passed    100.00%
  73  JJ36|Cluster-4079.0__TRINITY_DN10459_c0_g1_i1.p1                  0.11%    passed    100.00%
  74  DE476|Cluster-56993.0__TRINITY_DN1775_c0_g1_i1.p1                31.80%    passed    100.00%
  75  JJ131|Cluster-32389.1__TRINITY_DN3162_c0_g1_i4.p1                 0.11%    passed    100.00%
  76  SRR5150740|Cluster-62186.1__TRINITY_DN15835_c0_g1_i4.p1           4.26%    passed     86.88%
  77  SRR104381|Cluster-8343.0__TRINITY_DN7041_c0_g1_i1.p1              3.70%    passed     39.06%
WARNING: 1 sequences contain more than 50% gaps/ambiguity
****  TOTAL                                                             7.70%  0 sequences failed composition chi2 test (p-value<5%; df=60)
Reading input tree file tmp.csubst.nwk ... rooted tree

NOTE: 132 MB RAM (0 GB) is required!
Measuring multi-threading efficiency up to 1 CPU cores
2 trees examined
Threads: 1 / Time: 7.045 sec / Speedup: 1.000 / Efficiency: 100% / LogL: -27664
BEST NUMBER OF THREADS: 1

Estimate model parameters (epsilon = 0.010)
1. Initial log-likelihood: -29934.512
2. Current log-likelihood: -17897.253
3. Current log-likelihood: -17876.980
4. Current log-likelihood: -17871.188
5. Current log-likelihood: -17868.263
6. Current log-likelihood: -17865.700
7. Current log-likelihood: -17864.695
8. Current log-likelihood: -17864.637
9. Current log-likelihood: -17864.604
10. Current log-likelihood: -17864.583
11. Current log-likelihood: -17864.568
Optimal log-likelihood: -17864.559
Nonsynonymous/synonymous ratio (omega): 1.000
Transition/transversion ratio (kappa): 1.000
Site proportion and rates:  (0.514,0.410) (0.324,1.030) (0.160,2.677) (0.002,11.804)
Parameters optimization took 11 rounds (301.440 sec)
Wrote distance file to... 
BEST SCORE FOUND : -17864.559
Ancestral state probabilities printed to /mnt/data0/yue/2026-03-11-protein-convergence/results/OG_6511/csubst_w_s/csubst_input_alignment.fa.state
Empirical proportions for each category: 0.592 0.258 0.148 0.002
Site rates printed to /mnt/data0/yue/2026-03-11-protein-convergence/results/OG_6511/csubst_w_s/csubst_input_alignment.fa.rate
Total tree length: 2.991

Total number of iterations: 0
CPU time used for tree search: 0.000 sec (0h:0m:0s)
Wall-clock time used for tree search: 0.000 sec (0h:0m:0s)
Total CPU time used: 312.743 sec (0h:5m:12s)
Total wall-clock time used: 313.385 sec (0h:5m:13s)

Analysis results written to: 
  IQ-TREE report:                /mnt/data0/yue/2026-03-11-protein-convergence/results/OG_6511/csubst_w_s/csubst_input_alignment.fa.iqtree
  Maximum-likelihood tree:       /mnt/data0/yue/2026-03-11-protein-convergence/results/OG_6511/csubst_w_s/csubst_input_alignment.fa.treefile
  Site-specific rates:           /mnt/data0/yue/2026-03-11-protein-convergence/results/OG_6511/csubst_w_s/csubst_input_alignment.fa.rate
  Ancestral state:               /mnt/data0/yue/2026-03-11-protein-convergence/results/OG_6511/csubst_w_s/csubst_input_alignment.fa.state
  Screen log file:               /mnt/data0/yue/2026-03-11-protein-convergence/results/OG_6511/csubst_w_s/csubst_input_alignment.fa.log

Date and Time: Fri Mar 27 21:52:32 2026
