IQ-TREE multicore version 2.4.0 for Linux x86 64-bit built Feb 12 2025
Developed by Bui Quang Minh, Nguyen Lam Tung, Olga Chernomor, Heiko Schmidt,
Dominik Schrempf, Michael Woodhams, Ly Trong Nhan, Thomas Wong

Host:    brain (AVX2, FMA3, 2015 GB RAM)
Command: /home/yue/miniconda3/envs/py39/bin/iqtree -s /mnt/data0/yue/2026-03-11-protein-convergence/results/OG_7602/csubst_w_s/csubst_input_alignment.fa -te tmp.csubst.nwk -m ECMK07+F+R4 --seqtype CODON1 --threads-max 1 -T AUTO --ancestral --rate --redo
Seed:    31690 (Using SPRNG - Scalable Parallel Random Number Generator)
Time:    Sat Mar 28 01:14:27 2026
Kernel:  AVX+FMA - auto-detect threads (128 CPU cores detected)

Reading alignment file /mnt/data0/yue/2026-03-11-protein-convergence/results/OG_7602/csubst_w_s/csubst_input_alignment.fa ... Fasta format detected
Reading fasta file: done in 0.00136602 secs using 92.17% CPU
Alignment most likely contains DNA/RNA sequences
Converting to codon sequences with genetic code 1 ...
WARNING: 1 sites contain only gaps or ambiguous characters.
Alignment has 73 sequences with 351 columns, 330 distinct patterns
142 parsimony-informative, 111 singleton sites, 98 constant sites
                                                              Gap/Ambiguity  Composition  p-value
Analyzing sequences: done in 6.64294e-05 secs using 97.85% CPU
   1  DE671|Cluster-9434.0__TRINITY_DN8398_c1_g1_i2.p1               43.30%    passed     99.90%
   2  JJ86|Cluster-8091.0__TRINITY_DN1510_c0_g1_i1.p1                22.79%    passed     80.42%
   3  DE531|Cluster-51366.0__TRINITY_DN10466_c0_g1_i4.p1             20.51%    passed     99.78%
   4  DE505|Cluster-41384.1__TRINITY_DN6443_c0_g1_i6.p1               0.28%    passed    100.00%
   5  DE510|Cluster-42682.0__TRINITY_DN2407_c0_g1_i2.p1               0.28%    passed    100.00%
   6  SRR3407087|Cluster-26293.0__TRINITY_DN1300_c0_g1_i1.p1          0.28%    passed    100.00%
   7  SRR3407092|Cluster-34633.0__TRINITY_DN419_c0_g1_i3.p1           0.28%    passed    100.00%
   8  DE575|Cluster-24690.0__TRINITY_DN6910_c0_g2_i1.p1               0.28%    passed    100.00%
   9  DE681|Cluster-60534.0__TRINITY_DN1468_c0_g2_i1.p1               0.28%    passed    100.00%
  10  SRR3407094|Cluster-20120.0__TRINITY_DN2898_c0_g1_i1.p1          0.28%    passed    100.00%
  11  DE476|Cluster-54204.1__TRINITY_DN17057_c0_g1_i8.p1             36.75%    failed      0.00%
  12  DE764|Cluster-31040.0__TRINITY_DN492_c0_g1_i3.p1               29.63%    passed    100.00%
  13  DE115|Cluster-25236.0__TRINITY_DN5648_c0_g3_i2.p1               0.28%    passed    100.00%
  14  JJ125|Cluster-9687.0__TRINITY_DN827_c2_g2_i1.p1                49.57%    passed     99.97%
  15  DE162|Cluster-19822.0__TRINITY_DN61171_c0_g1_i1.p1              0.28%    passed    100.00%
  16  DE507|Cluster-44182.0__TRINITY_DN10975_c0_g1_i1.p1              0.28%    passed    100.00%
  17  DE704-white|Cluster-48668.0__TRINITY_DN7445_c0_g1_i4.p1         0.28%    passed    100.00%
  18  DE528|Cluster-34746.0__TRINITY_DN13997_c1_g2_i2.p1             49.57%    passed     99.91%
  19  DE704-purple|Cluster-63010.0__TRINITY_DN8331_c0_g1_i1.p1        0.28%    passed    100.00%
  20  DE765|Cluster-46635.0__TRINITY_DN1743_c0_g3_i1.p1               0.28%    passed    100.00%
  21  DE563|Cluster-34244.0__TRINITY_DN3566_c0_g1_i3.p1              17.95%    passed    100.00%
  22  DE127|Cluster-15840.0__TRINITY_DN9171_c0_g1_i2.p1               0.28%    passed    100.00%
  23  DE189|Cluster-39754.3__TRINITY_DN31_c0_g1_i1.p1                17.95%    passed    100.00%
  24  DE504|Cluster-39075.0__TRINITY_DN10167_c0_g1_i9.p1             17.38%    passed    100.00%
  25  DE623|Cluster-44675.3__TRINITY_DN1626_c0_g1_i4.p1               0.28%    passed    100.00%
  26  DE666|Cluster-1273.0__TRINITY_DN41936_c0_g1_i1.p1               0.28%    passed    100.00%
  27  DE680|Cluster-15197.0__TRINITY_DN6339_c0_g1_i1.p1               0.28%    passed    100.00%
  28  JJ89|Cluster-29101.0__TRINITY_DN5654_c0_g1_i2.p1               17.38%    passed    100.00%
  29  SRR3407088|Cluster-13371.0__TRINITY_DN8640_c0_g1_i4.p1         17.38%    passed    100.00%
  30  JJ85|Cluster-9700.0__TRINITY_DN13811_c0_g1_i1.p1                4.27%    passed    100.00%
  31  DE546_urceolata_l|Cluster-3513.0__TRINITY_DN8252_c0_g1_i3.p1   22.79%    passed    100.00%
  32  DE554|Cluster-41628.0__TRINITY_DN18462_c0_g1_i2.p1              0.28%    passed    100.00%
  33  DE519|Cluster-45391.0__TRINITY_DN12192_c0_g1_i1.p1             29.34%    passed    100.00%
  34  SRR3407086|Cluster-27241.0__TRINITY_DN5311_c0_g1_i2.p1          0.28%    passed    100.00%
  35  JJ130|Cluster-40515.1__TRINITY_DN60_c1_g1_i2.p1                 0.28%    passed    100.00%
  36  JJ74|Cluster-110390.0__TRINITY_DN150715_c0_g1_i2.p1             0.57%    passed    100.00%
  37  DE549|Cluster-12616.0__TRINITY_DN6440_c0_g1_i3.p1               0.28%    passed    100.00%
  38  SRR3407095|Cluster-22577.0__TRINITY_DN35372_c0_g2_i1.p1         0.28%    passed    100.00%
  39  DE69|Cluster-51783.0__TRINITY_DN29627_c0_g1_i2.p1               0.57%    passed    100.00%
  40  DE181|Cluster-55839.0__TRINITY_DN13756_c0_g1_i2.p1             17.95%    passed    100.00%
  41  SRR3424066|Cluster-42057.0__TRINITY_DN21408_c0_g2_i1.p1         0.28%    passed    100.00%
  42  DE523|Cluster-26325.0__TRINITY_DN1232_c1_g3_i1.p1               0.28%    passed    100.00%
  43  DE536|Cluster-7047.0__TRINITY_DN1676_c1_g1_i7.p1                0.28%    passed    100.00%
  44  DE503|Cluster-54526.1__TRINITY_DN5819_c1_g2_i2.p1               0.28%    passed    100.00%
  45  SRR3407093|Cluster-8696.0__TRINITY_DN40974_c0_g1_i1.p1          0.28%    passed    100.00%
  46  DE534|Cluster-61387.4__TRINITY_DN1198_c1_g1_i3.p1               0.28%    passed    100.00%
  47  DE151|Cluster-47044.0__TRINITY_DN13334_c0_g1_i1.p1              0.28%    passed    100.00%
  48  DE164|Cluster-965.0__TRINITY_DN2884_c0_g3_i1.p1                 0.28%    passed    100.00%
  49  DE173|Cluster-47844.2__TRINITY_DN711_c1_g3_i2.p1                0.28%    passed    100.00%
  50  DE643|Cluster-59681.0__TRINITY_DN4635_c0_g2_i1.p1               0.28%    passed    100.00%
  51  DE737|Cluster-48310.0__TRINITY_DN2474_c0_g2_i1.p1               0.28%    passed    100.00%
  52  JJ109|Cluster-31454.24__TRINITY_DN385_c1_g1_i12.p1             49.57%    passed     99.98%
  53  DE541|Cluster-53119.5__TRINITY_DN2845_c0_g1_i6.p1               0.28%    passed    100.00%
  54  DE736|Cluster-55479.0__TRINITY_DN922_c0_g2_i2.p1                0.28%    passed    100.00%
  55  DE672|Cluster-45814.0__TRINITY_DN21040_c0_g1_i1.p1              0.28%    passed    100.00%
  56  DE550|Cluster-52552.1__TRINITY_DN3310_c0_g1_i1.p1               0.28%    passed    100.00%
  57  DE668|Cluster-21713.0__TRINITY_DN12367_c0_g1_i2.p1              0.57%    passed    100.00%
  58  DE152|Cluster-10546.0__TRINITY_DN12286_c0_g1_i1.p1             17.09%    passed    100.00%
  59  JJ23|Cluster-39208.2__TRINITY_DN4732_c0_g1_i5.p1                0.28%    passed    100.00%
  60  DRR234970|Cluster-35935.0__TRINITY_DN10370_c0_g1_i4.p1          3.42%    passed    100.00%
  61  JJ99|Cluster-5054.0__TRINITY_DN19268_c0_g1_i1.p1                0.57%    passed    100.00%
  62  SRR11748982|Cluster-38763.0__TRINITY_DN9311_c0_g1_i1.p1        61.54%    passed     91.78%
  63  DE566|Cluster-56858.0__TRINITY_DN1301_c0_g1_i12.p1             17.95%    passed    100.00%
  64  SRR3407096|Cluster-5543.0__TRINITY_DN9852_c1_g3_i1.p1          49.57%    passed     99.99%
  65  DE542|Cluster-55377.0__TRINITY_DN1124_c0_g4_i1.p1              17.95%    passed    100.00%
  66  JJ36|Cluster-9207.5__TRINITY_DN15890_c0_g1_i32.p1              49.57%    passed     99.99%
  67  DE509|Cluster-21344.0__TRINITY_DN530_c1_g1_i10.p1              17.95%    passed    100.00%
  68  DE696-nodots|Cluster-46769.2__TRINITY_DN2324_c0_g1_i41.p1       0.28%    passed    100.00%
  69  DE229|Cluster-57237.0__TRINITY_DN4851_c0_g2_i6.p1               0.28%    passed    100.00%
  70  SRR104381|Cluster-33077.2__TRINITY_DN3933_c1_g1_i2.p1           3.13%    passed     93.19%
  71  SRR5150740|Cluster-50004.0__TRINITY_DN6021_c0_g1_i1.p1         22.79%    passed     97.74%
  72  JJ131|Cluster-67683.0__TRINITY_DN16851_c0_g1_i56.p1            17.95%    passed     97.25%
  73  DE126|Cluster-28880.0__TRINITY_DN1181_c0_g2_i3.p1              49.57%    passed     99.66%
WARNING: 1 sequences contain more than 50% gaps/ambiguity
****  TOTAL                                                          11.04%  1 sequences failed composition chi2 test (p-value<5%; df=60)
WARNING: States(s) TAT rarely appear in alignment and may cause numerical problems
Reading input tree file tmp.csubst.nwk ... rooted tree

NOTE: 54 MB RAM (0 GB) is required!
Measuring multi-threading efficiency up to 1 CPU cores
2 trees examined
Threads: 1 / Time: 3.820 sec / Speedup: 1.000 / Efficiency: 100% / LogL: -7703
BEST NUMBER OF THREADS: 1

Estimate model parameters (epsilon = 0.010)
1. Initial log-likelihood: -9586.428
2. Current log-likelihood: -6151.667
3. Current log-likelihood: -6150.783
4. Current log-likelihood: -6150.493
5. Current log-likelihood: -6150.289
6. Current log-likelihood: -6150.075
7. Current log-likelihood: -6149.833
8. Current log-likelihood: -6149.556
9. Current log-likelihood: -6149.248
10. Current log-likelihood: -6148.930
11. Current log-likelihood: -6148.631
12. Current log-likelihood: -6142.523
13. Current log-likelihood: -6142.166
14. Current log-likelihood: -6141.888
15. Current log-likelihood: -6117.540
16. Current log-likelihood: -6117.319
17. Current log-likelihood: -6117.167
18. Current log-likelihood: -6117.057
19. Current log-likelihood: -6114.213
20. Current log-likelihood: -6114.024
21. Current log-likelihood: -6113.918
22. Current log-likelihood: -6113.849
23. Current log-likelihood: -6110.623
24. Current log-likelihood: -6110.471
25. Current log-likelihood: -6110.391
26. Current log-likelihood: -6110.342
27. Current log-likelihood: -6110.308
28. Current log-likelihood: -6110.283
29. Current log-likelihood: -6110.265
30. Current log-likelihood: -6107.148
31. Current log-likelihood: -6107.043
32. Current log-likelihood: -6106.990
33. Current log-likelihood: -6106.959
34. Current log-likelihood: -6106.940
35. Current log-likelihood: -6106.928
Optimal log-likelihood: -6106.920
Nonsynonymous/synonymous ratio (omega): 1.000
Transition/transversion ratio (kappa): 1.000
Site proportion and rates:  (0.463,0.218) (0.403,0.791) (0.102,3.089) (0.032,8.288)
Parameters optimization took 35 rounds (304.338 sec)
Wrote distance file to... 
BEST SCORE FOUND : -6106.920
Ancestral state probabilities printed to /mnt/data0/yue/2026-03-11-protein-convergence/results/OG_7602/csubst_w_s/csubst_input_alignment.fa.state
Empirical proportions for each category: 0.513 0.362 0.094 0.031
Site rates printed to /mnt/data0/yue/2026-03-11-protein-convergence/results/OG_7602/csubst_w_s/csubst_input_alignment.fa.rate
Total tree length: 3.327

Total number of iterations: 0
CPU time used for tree search: 0.000 sec (0h:0m:0s)
Wall-clock time used for tree search: 0.000 sec (0h:0m:0s)
Total CPU time used: 309.747 sec (0h:5m:9s)
Total wall-clock time used: 309.993 sec (0h:5m:9s)

Analysis results written to: 
  IQ-TREE report:                /mnt/data0/yue/2026-03-11-protein-convergence/results/OG_7602/csubst_w_s/csubst_input_alignment.fa.iqtree
  Maximum-likelihood tree:       /mnt/data0/yue/2026-03-11-protein-convergence/results/OG_7602/csubst_w_s/csubst_input_alignment.fa.treefile
  Site-specific rates:           /mnt/data0/yue/2026-03-11-protein-convergence/results/OG_7602/csubst_w_s/csubst_input_alignment.fa.rate
  Ancestral state:               /mnt/data0/yue/2026-03-11-protein-convergence/results/OG_7602/csubst_w_s/csubst_input_alignment.fa.state
  Screen log file:               /mnt/data0/yue/2026-03-11-protein-convergence/results/OG_7602/csubst_w_s/csubst_input_alignment.fa.log

Date and Time: Sat Mar 28 01:19:37 2026
