IQ-TREE multicore version 2.4.0 for Linux x86 64-bit built Feb 12 2025
Developed by Bui Quang Minh, Nguyen Lam Tung, Olga Chernomor, Heiko Schmidt,
Dominik Schrempf, Michael Woodhams, Ly Trong Nhan, Thomas Wong

Host:    brain (AVX2, FMA3, 2015 GB RAM)
Command: /home/yue/miniconda3/envs/py39/bin/iqtree -s /mnt/data0/yue/2026-03-11-protein-convergence/results/OG_7567/csubst_w_s/csubst_input_alignment.fa -te tmp.csubst.nwk -m ECMK07+F+R4 --seqtype CODON1 --threads-max 1 -T AUTO --ancestral --rate --redo
Seed:    940520 (Using SPRNG - Scalable Parallel Random Number Generator)
Time:    Sat Mar 28 01:08:17 2026
Kernel:  AVX+FMA - auto-detect threads (128 CPU cores detected)

Reading alignment file /mnt/data0/yue/2026-03-11-protein-convergence/results/OG_7567/csubst_w_s/csubst_input_alignment.fa ... Fasta format detected
Reading fasta file: done in 0.00286287 secs using 22.11% CPU
Alignment most likely contains DNA/RNA sequences
Converting to codon sequences with genetic code 1 ...
Alignment has 72 sequences with 803 columns, 754 distinct patterns
446 parsimony-informative, 192 singleton sites, 165 constant sites
                                                              Gap/Ambiguity  Composition  p-value
Analyzing sequences: done in 0.000127822 secs using 99.36% CPU
   1  DE189|Cluster-44043.0__TRINITY_DN32017_c0_g1_i6.p1              0.00%    passed    100.00%
   2  DE507|Cluster-87359.0__TRINITY_DN11673_c0_g1_i1.p1              0.12%    passed    100.00%
   3  DE151|Cluster-59996.0__TRINITY_DN19373_c0_g1_i2.p1              0.00%    passed    100.00%
   4  DE575|Cluster-24367.0__TRINITY_DN2275_c0_g1_i1.p1               0.12%    passed    100.00%
   5  DE765|Cluster-9927.0__TRINITY_DN18131_c0_g1_i1.p1               0.12%    passed    100.00%
   6  DE681|Cluster-8705.0__TRINITY_DN9770_c0_g1_i1.p1                0.12%    passed    100.00%
   7  DE162|Cluster-35099.0__TRINITY_DN1953_c1_g1_i2.p1               0.12%    passed    100.00%
   8  DE528|Cluster-53702.0__TRINITY_DN9384_c0_g1_i1.p1               0.12%    passed    100.00%
   9  DE704-white|Cluster-37609.0__TRINITY_DN9580_c0_g1_i2.p1         0.12%    passed    100.00%
  10  DE643|Cluster-37033.2__TRINITY_DN23755_c0_g1_i1.p1              0.00%    passed    100.00%
  11  DE671|Cluster-60008.0__TRINITY_DN13024_c0_g1_i1.p1              0.00%    passed    100.00%
  12  DE152|Cluster-31796.0__TRINITY_DN47373_c0_g1_i1.p1              0.12%    passed    100.00%
  13  JJ74|Cluster-104715.0__TRINITY_DN56040_c0_g1_i1.p1              9.71%    passed    100.00%
  14  DE69|Cluster-2286.0__TRINITY_DN16003_c0_g1_i2.p1               40.72%    passed     97.35%
  15  JJ86|Cluster-54696.0__TRINITY_DN4895_c0_g1_i1.p1                0.12%    passed    100.00%
  16  DE704-purple|Cluster-36647.0__TRINITY_DN82119_c0_g1_i1.p1       0.12%    passed    100.00%
  17  DE554|Cluster-33489.0__TRINITY_DN8889_c0_g1_i1.p1               0.00%    passed    100.00%
  18  DE546_urceolata_l|Cluster-5710.0__TRINITY_DN8193_c0_g1_i1.p1    0.12%    passed    100.00%
  19  DE164|Cluster-51657.0__TRINITY_DN50854_c0_g1_i3.p1              0.00%    passed    100.00%
  20  DE672|Cluster-44440.0__TRINITY_DN2669_c0_g1_i5.p1               8.84%    passed    100.00%
  21  JJ131|Cluster-52690.1__TRINITY_DN7335_c1_g1_i1.p1              15.82%    passed    100.00%
  22  DE504|Cluster-32689.0__TRINITY_DN13806_c0_g1_i1.p1              2.24%    passed    100.00%
  23  DE88|Cluster-8499.0__TRINITY_DN1550_c0_g2_i1.p1                 0.00%    passed    100.00%
  24  DE115|Cluster-51584.0__TRINITY_DN45454_c0_g1_i3.p1              0.12%    passed    100.00%
  25  DE666|Cluster-3562.0__TRINITY_DN23499_c1_g1_i5.p1              28.27%    passed     87.52%
  26  DE623|Cluster-54479.0__TRINITY_DN12801_c0_g1_i6.p1             28.52%    passed     96.43%
  27  DE680|Cluster-20648.0__TRINITY_DN5056_c0_g2_i1.p1               0.12%    passed    100.00%
  28  JJ23|Cluster-22296.0__TRINITY_DN34712_c0_g1_i2.p1               1.62%    passed    100.00%
  29  DE229|Cluster-24623.0__TRINITY_DN9999_c0_g1_i1.p1               0.25%    passed    100.00%
  30  JJ89|Cluster-42278.0__TRINITY_DN51161_c0_g1_i4.p1               0.00%    passed    100.00%
  31  DE173|Cluster-40123.0__TRINITY_DN12755_c0_g1_i1.p1              0.00%    passed    100.00%
  32  JJ109|Cluster-47438.0__TRINITY_DN5925_c0_g1_i1.p1               0.37%    passed    100.00%
  33  JJ130|Cluster-33180.3__TRINITY_DN14050_c2_g1_i1.p1              0.00%    passed    100.00%
  34  DE126|Cluster-38216.0__TRINITY_DN13447_c0_g1_i3.p1              0.12%    passed    100.00%
  35  JJ99|Cluster-47102.0__TRINITY_DN67253_c0_g1_i1.p1               0.00%    passed    100.00%
  36  SRR3407095|Cluster-48123.0__TRINITY_DN11752_c0_g1_i1.p1        57.29%    passed     76.35%
  37  DE523|Cluster-35838.0__TRINITY_DN82217_c0_g1_i1.p1              0.12%    passed    100.00%
  38  SRR3407096|Cluster-31923.0__TRINITY_DN21607_c0_g1_i1.p1         0.12%    passed    100.00%
  39  DE216|Cluster-79275.0__TRINITY_DN9110_c0_g1_i1.p1               0.12%    passed    100.00%
  40  JJ15|Cluster-33268.0__TRINITY_DN7214_c1_g1_i1.p1                0.12%    passed    100.00%
  41  DE534|Cluster-3358.0__TRINITY_DN22389_c0_g1_i1.p1               0.12%    passed    100.00%
  42  DE536|Cluster-15024.0__TRINITY_DN21846_c1_g1_i1.p1              0.12%    passed    100.00%
  43  DE566|Cluster-54435.0__TRINITY_DN69530_c0_g1_i2.p1              2.62%    passed    100.00%
  44  JJ125|Cluster-26163.0__TRINITY_DN20553_c1_g1_i5.p1              0.12%    passed    100.00%
  45  DE668|Cluster-516.0__TRINITY_DN12773_c0_g1_i7.p1                0.12%    passed    100.00%
  46  SRR3407088|Cluster-382.0__TRINITY_DN13990_c0_g1_i1.p1          28.27%    passed     89.70%
  47  DE181|Cluster-16301.0__TRINITY_DN48825_c0_g1_i1.p1              0.12%    passed    100.00%
  48  SRR3407086|Cluster-6929.0__TRINITY_DN96147_c0_g1_i1.p1          0.12%    passed    100.00%
  49  DE561|Cluster-22040.0__TRINITY_DN3696_c1_g2_i1.p1               0.12%    passed    100.00%
  50  SRR3424066|Cluster-13805.0__TRINITY_DN11902_c0_g1_i1.p1        34.00%    passed     95.78%
  51  DE503|Cluster-58106.0__TRINITY_DN81464_c0_g1_i1.p1              0.12%    passed    100.00%
  52  SRR3407092|Cluster-12490.0__TRINITY_DN38196_c0_g1_i1.p1         0.12%    passed    100.00%
  53  SRR3407094|Cluster-30859.0__TRINITY_DN3850_c1_g1_i1.p1         34.00%    passed     93.72%
  54  SRR3407093|Cluster-20234.0__TRINITY_DN36413_c0_g1_i1.p1         0.12%    passed    100.00%
  55  DE505|Cluster-46020.0__TRINITY_DN1613_c1_g1_i5.p1               0.37%    passed    100.00%
  56  DE510|Cluster-38527.0__TRINITY_DN42511_c0_g1_i1.p1              0.12%    passed    100.00%
  57  SRR3407087|Cluster-9664.0__TRINITY_DN16274_c0_g1_i1.p1          4.11%    passed    100.00%
  58  DE560|Cluster-15830.0__TRINITY_DN18008_c0_g1_i3.p1              0.12%    passed    100.00%
  59  DE476|Cluster-19871.10__TRINITY_DN21189_c0_g1_i2.p1             0.00%    passed    100.00%
  60  DE549|Cluster-43513.0__TRINITY_DN17896_c0_g1_i1.p1              0.00%    passed    100.00%
  61  DE509|Cluster-11533.0__TRINITY_DN68858_c0_g1_i1.p1              0.00%    passed    100.00%
  62  DE736|Cluster-26451.0__TRINITY_DN130462_c0_g1_i1.p1             0.00%    passed    100.00%
  63  DE764|Cluster-24042.0__TRINITY_DN53375_c0_g1_i1.p1              0.00%    passed    100.00%
  64  DE737|Cluster-35205.0__TRINITY_DN68197_c0_g1_i1.p1              0.00%    passed    100.00%
  65  DE550|Cluster-14879.0__TRINITY_DN14420_c0_g1_i1.p1              0.00%    passed    100.00%
  66  DE541|Cluster-3598.31__TRINITY_DN10663_c2_g1_i2.p1              0.00%    passed    100.00%
  67  DE741|Cluster-50933.0__TRINITY_DN18408_c0_g1_i1.p1              0.25%    passed    100.00%
  68  DE519|Cluster-11.0__TRINITY_DN78816_c0_g1_i1.p1                 0.25%    passed    100.00%
  69  DE531|Cluster-2031.0__TRINITY_DN41672_c0_g1_i1.p1               0.00%    passed    100.00%
  70  JJ36|Cluster-4413.0__TRINITY_DN10981_c0_g1_i2.p1                0.00%    passed    100.00%
  71  DE696-nodots|Cluster-38144.0__TRINITY_DN19447_c0_g2_i1.p1       0.00%    passed    100.00%
  72  SRR11748982|Cluster-23028.1__TRINITY_DN14536_c0_g1_i2.p1        8.09%    failed      0.09%
WARNING: 1 sequences contain more than 50% gaps/ambiguity
****  TOTAL                                                           4.30%  1 sequences failed composition chi2 test (p-value<5%; df=60)
Reading input tree file tmp.csubst.nwk ... rooted tree

NOTE: 110 MB RAM (0 GB) is required!
Measuring multi-threading efficiency up to 1 CPU cores
2 trees examined
Threads: 1 / Time: 5.851 sec / Speedup: 1.000 / Efficiency: 100% / LogL: -25170
BEST NUMBER OF THREADS: 1

Estimate model parameters (epsilon = 0.010)
1. Initial log-likelihood: -25694.388
2. Current log-likelihood: -16473.058
3. Current log-likelihood: -16446.858
4. Current log-likelihood: -16446.764
5. Current log-likelihood: -16446.692
6. Current log-likelihood: -16446.636
7. Current log-likelihood: -16446.591
8. Current log-likelihood: -16446.555
9. Current log-likelihood: -16446.528
10. Current log-likelihood: -16444.105
11. Current log-likelihood: -16444.022
12. Current log-likelihood: -16443.978
13. Current log-likelihood: -16443.950
14. Current log-likelihood: -16443.930
15. Current log-likelihood: -16443.917
Optimal log-likelihood: -16443.774
Nonsynonymous/synonymous ratio (omega): 1.000
Transition/transversion ratio (kappa): 1.000
Site proportion and rates:  (0.529,0.405) (0.362,1.252) (0.103,2.884) (0.006,5.978)
Parameters optimization took 15 rounds (289.588 sec)
Wrote distance file to... 
BEST SCORE FOUND : -16443.774
Ancestral state probabilities printed to /mnt/data0/yue/2026-03-11-protein-convergence/results/OG_7567/csubst_w_s/csubst_input_alignment.fa.state
Empirical proportions for each category: 0.544 0.362 0.090 0.004
Site rates printed to /mnt/data0/yue/2026-03-11-protein-convergence/results/OG_7567/csubst_w_s/csubst_input_alignment.fa.rate
Total tree length: 3.007

Total number of iterations: 0
CPU time used for tree search: 0.000 sec (0h:0m:0s)
Wall-clock time used for tree search: 0.000 sec (0h:0m:0s)
Total CPU time used: 298.750 sec (0h:4m:58s)
Total wall-clock time used: 299.236 sec (0h:4m:59s)

Analysis results written to: 
  IQ-TREE report:                /mnt/data0/yue/2026-03-11-protein-convergence/results/OG_7567/csubst_w_s/csubst_input_alignment.fa.iqtree
  Maximum-likelihood tree:       /mnt/data0/yue/2026-03-11-protein-convergence/results/OG_7567/csubst_w_s/csubst_input_alignment.fa.treefile
  Site-specific rates:           /mnt/data0/yue/2026-03-11-protein-convergence/results/OG_7567/csubst_w_s/csubst_input_alignment.fa.rate
  Ancestral state:               /mnt/data0/yue/2026-03-11-protein-convergence/results/OG_7567/csubst_w_s/csubst_input_alignment.fa.state
  Screen log file:               /mnt/data0/yue/2026-03-11-protein-convergence/results/OG_7567/csubst_w_s/csubst_input_alignment.fa.log

Date and Time: Sat Mar 28 01:13:17 2026
