IQ-TREE multicore version 2.4.0 for Linux x86 64-bit built Feb 12 2025
Developed by Bui Quang Minh, Nguyen Lam Tung, Olga Chernomor, Heiko Schmidt,
Dominik Schrempf, Michael Woodhams, Ly Trong Nhan, Thomas Wong

Host:    brain (AVX2, FMA3, 2015 GB RAM)
Command: /home/yue/miniconda3/envs/py39/bin/iqtree -s /mnt/data0/yue/2026-03-11-protein-convergence/results/OG_9799/csubst_w_s/csubst_input_alignment.fa -te tmp.csubst.nwk -m ECMK07+F+R4 --seqtype CODON1 --threads-max 1 -T AUTO --ancestral --rate --redo
Seed:    98032 (Using SPRNG - Scalable Parallel Random Number Generator)
Time:    Sat Mar 28 06:25:26 2026
Kernel:  AVX+FMA - auto-detect threads (128 CPU cores detected)

Reading alignment file /mnt/data0/yue/2026-03-11-protein-convergence/results/OG_9799/csubst_w_s/csubst_input_alignment.fa ... Fasta format detected
Reading fasta file: done in 0.0021726 secs using 8.193% CPU
Alignment most likely contains DNA/RNA sequences
Converting to codon sequences with genetic code 1 ...
WARNING: 1 sites contain only gaps or ambiguous characters.
Alignment has 67 sequences with 648 columns, 618 distinct patterns
384 parsimony-informative, 155 singleton sites, 109 constant sites
                                                               Gap/Ambiguity  Composition  p-value
Analyzing sequences: done in 0.00010474 secs using 99.29% CPU
   1  DE643|Cluster-64705.1__TRINITY_DN7465_c0_g1_i12.p1               0.15%    passed    100.00%
   2  SRR11934227|Cluster-144393.0__TRINITY_DN97694_c0_g1_i2.p1       36.27%    failed      0.52%
   3  DE151|Cluster-50679.0__TRINITY_DN9749_c0_g1_i2.p1               18.06%    passed     99.99%
   4  DE173|Cluster-14539.0__TRINITY_DN3729_c0_g2_i2.p1                0.15%    passed    100.00%
   5  JJ130|Cluster-46888.0__TRINITY_DN19889_c1_g3_i2.p1               0.15%    passed    100.00%
   6  DE115|Cluster-60488.0__TRINITY_DN7746_c0_g4_i3.p1                0.15%    passed    100.00%
   7  DE668|Cluster-47386.0__TRINITY_DN28024_c0_g4_i2.p1               0.15%    passed    100.00%
   8  DE127|Cluster-14414.2__TRINITY_DN13844_c1_g1_i1.p1               0.15%    passed    100.00%
   9  DE554|Cluster-56563.85__TRINITY_DN11371_c0_g1_i2.p1              0.15%    passed    100.00%
  10  DE623|Cluster-40302.0__TRINITY_DN4882_c0_g2_i5.p1                0.15%    passed    100.00%
  11  DE680|Cluster-49452.0__TRINITY_DN16836_c0_g1_i2.p1               0.15%    passed    100.00%
  12  DE666|Cluster-4793.0__TRINITY_DN8861_c1_g1_i1.p1                 0.15%    passed    100.00%
  13  DE126|Cluster-37317.0__TRINITY_DN14673_c0_g1_i4.p1               0.15%    passed    100.00%
  14  DE162|Cluster-18974.0__TRINITY_DN15463_c0_g2_i2.p1               0.15%    passed    100.00%
  15  DE704-white|Cluster-63616.0__TRINITY_DN15173_c0_g1_i3.p1         1.70%    passed    100.00%
  16  DE507|Cluster-50265.0__TRINITY_DN16293_c0_g1_i1.p1               0.15%    passed    100.00%
  17  DE528|Cluster-51222.0__TRINITY_DN27816_c0_g1_i1.p1               0.15%    passed    100.00%
  18  DE563|Cluster-55727.0__TRINITY_DN16476_c0_g1_i7.p1               0.15%    passed    100.00%
  19  JJ99|Cluster-44582.1__TRINITY_DN24514_c0_g1_i2.p1                0.15%    passed    100.00%
  20  JJ86|Cluster-14475.0__TRINITY_DN59599_c0_g1_i1.p1                0.15%    passed    100.00%
  21  DE546_urceolata_l|Cluster-8660.0__TRINITY_DN15897_c0_g1_i1.p1    0.62%    passed    100.00%
  22  DE229|Cluster-81325.0__TRINITY_DN43049_c0_g1_i2.p1               2.01%    passed    100.00%
  23  DE566|Cluster-60744.0__TRINITY_DN7408_c0_g1_i1.p1                0.15%    passed    100.00%
  24  DE476|Cluster-41407.0__TRINITY_DN5016_c0_g1_i3.p1                0.15%    passed    100.00%
  25  DE541|Cluster-49237.0__TRINITY_DN4556_c0_g1_i2.p1                0.15%    passed    100.00%
  26  DE531|Cluster-36334.0__TRINITY_DN6031_c0_g1_i1.p1                0.15%    passed    100.00%
  27  JJ36|Cluster-44107.0__TRINITY_DN6460_c0_g1_i2.p1                 0.15%    passed    100.00%
  28  DE696-dots|Cluster-53471.0__TRINITY_DN8003_c0_g1_i1.p1          31.48%    passed     95.98%
  29  DE696-nodots|Cluster-55378.0__TRINITY_DN9454_c0_g1_i1.p1         0.15%    passed    100.00%
  30  DE549|Cluster-26086.0__TRINITY_DN6543_c0_g1_i1.p1                0.15%    passed    100.00%
  31  DE88|Cluster-31243.0__TRINITY_DN4122_c0_g2_i1.p1                 0.15%    passed    100.00%
  32  JJ89|Cluster-19895.0__TRINITY_DN7536_c0_g1_i4.p1                 0.15%    passed    100.00%
  33  DE736|Cluster-7382.0__TRINITY_DN5096_c0_g1_i3.p1                 0.15%    passed    100.00%
  34  DE764|Cluster-36183.0__TRINITY_DN3448_c0_g4_i1.p1                0.15%    passed    100.00%
  35  DE672|Cluster-19703.0__TRINITY_DN13869_c0_g1_i4.p1               0.15%    passed    100.00%
  36  DE737|Cluster-43664.0__TRINITY_DN5023_c0_g1_i3.p1                0.15%    passed    100.00%
  37  DE504|Cluster-20084.0__TRINITY_DN2754_c0_g1_i2.p1                0.15%    passed    100.00%
  38  DE509|Cluster-22717.0__TRINITY_DN8773_c0_g1_i2.p1                0.15%    passed    100.00%
  39  DE560|Cluster-21877.0__TRINITY_DN330_c2_g1_i2.p1                 0.15%    passed    100.00%
  40  JJ125|Cluster-12208.0__TRINITY_DN28538_c1_g2_i3.p1               0.15%    passed    100.00%
  41  DRR082660|Cluster-24478.0__TRINITY_DN9071_c0_g1_i1.p1           32.87%    passed     99.39%
  42  DE216|Cluster-27497.0__TRINITY_DN9886_c0_g1_i1.p1                0.15%    passed    100.00%
  43  JJ85|Cluster-15773.3__TRINITY_DN17039_c0_g1_i7.p1                0.15%    passed    100.00%
  44  DE534|Cluster-15311.0__TRINITY_DN8060_c0_g1_i1.p1                0.15%    passed    100.00%
  45  DE542|Cluster-9288.6__TRINITY_DN10902_c0_g1_i3.p1                0.15%    passed    100.00%
  46  DE519|Cluster-66964.0__TRINITY_DN4097_c1_g1_i4.p1                0.15%    passed    100.00%
  47  DE741|Cluster-45748.0__TRINITY_DN8691_c0_g2_i1.p1                0.15%    passed    100.00%
  48  DE69|Cluster-4006.0__TRINITY_DN3067_c3_g1_i1.p1                  0.15%    passed    100.00%
  49  DE181|Cluster-29188.0__TRINITY_DN6077_c0_g1_i1.p1                0.15%    passed    100.00%
  50  DE503|Cluster-4774.0__TRINITY_DN6197_c0_g1_i2.p1                 0.15%    passed    100.00%
  51  DE505|Cluster-11364.1__TRINITY_DN9183_c1_g1_i1.p1                0.15%    passed    100.00%
  52  DE510|Cluster-40947.0__TRINITY_DN4304_c3_g1_i4.p1                0.15%    passed    100.00%
  53  SRR3407092|Cluster-3730.0__TRINITY_DN8762_c0_g1_i1.p1            0.15%    passed    100.00%
  54  SRR3407094|Cluster-22344.0__TRINITY_DN9079_c0_g2_i1.p1          27.47%    passed     99.65%
  55  SRR3407093|Cluster-4912.0__TRINITY_DN13172_c0_g2_i1.p1          27.47%    passed     98.22%
  56  DE561|Cluster-35123.0__TRINITY_DN7411_c0_g1_i1.p1                0.15%    passed    100.00%
  57  SRR3407086|Cluster-4777.0__TRINITY_DN9431_c0_g2_i1.p1            0.15%    passed    100.00%
  58  DE523|Cluster-7308.0__TRINITY_DN7954_c0_g1_i3.p1                 0.15%    passed    100.00%
  59  SRR3407096|Cluster-4213.0__TRINITY_DN9096_c0_g1_i1.p1            0.15%    passed    100.00%
  60  DE152|Cluster-36901.0__TRINITY_DN9554_c0_g1_i2.p1                1.85%    passed    100.00%
  61  DE575|Cluster-24881.1__TRINITY_DN15159_c0_g1_i4.p1               0.15%    passed    100.00%
  62  DE681|Cluster-2296.0__TRINITY_DN11114_c0_g1_i4.p1                0.15%    passed    100.00%
  63  DE765|Cluster-40540.0__TRINITY_DN24721_c0_g1_i2.p1               0.15%    passed    100.00%
  64  JJ74|Cluster-59831.0__TRINITY_DN7806_c1_g2_i4.p1                 0.15%    passed    100.00%
  65  JJ15|Cluster-69034.0__TRINITY_DN7837_c0_g4_i1.p1                 0.15%    passed    100.00%
  66  JJ131|Cluster-39576.0__TRINITY_DN7192_c0_g1_i5.p1                0.15%    passed    100.00%
  67  JJ23|Cluster-3397.0__TRINITY_DN7654_c0_g2_i1.p1                  0.15%    passed    100.00%
****  TOTAL                                                            2.81%  1 sequences failed composition chi2 test (p-value<5%; df=60)
Reading input tree file tmp.csubst.nwk ... rooted tree

NOTE: 85 MB RAM (0 GB) is required!
Measuring multi-threading efficiency up to 1 CPU cores
2 trees examined
Threads: 1 / Time: 4.477 sec / Speedup: 1.000 / Efficiency: 100% / LogL: -21137
BEST NUMBER OF THREADS: 1

Estimate model parameters (epsilon = 0.010)
1. Initial log-likelihood: -21037.092
2. Current log-likelihood: -14245.125
3. Current log-likelihood: -14226.933
4. Current log-likelihood: -14226.726
5. Current log-likelihood: -14226.551
6. Current log-likelihood: -14226.400
7. Current log-likelihood: -14226.265
8. Current log-likelihood: -14226.143
9. Current log-likelihood: -14226.032
10. Current log-likelihood: -14225.930
11. Current log-likelihood: -14225.834
12. Current log-likelihood: -14225.746
13. Current log-likelihood: -14225.663
14. Current log-likelihood: -14225.332
15. Current log-likelihood: -14225.263
16. Current log-likelihood: -14225.199
17. Current log-likelihood: -14225.139
18. Current log-likelihood: -14225.083
19. Current log-likelihood: -14225.029
20. Current log-likelihood: -14224.980
21. Current log-likelihood: -14224.933
22. Current log-likelihood: -14224.888
23. Current log-likelihood: -14224.846
24. Current log-likelihood: -14224.807
25. Current log-likelihood: -14224.769
26. Current log-likelihood: -14224.734
27. Current log-likelihood: -14224.700
28. Current log-likelihood: -14224.668
29. Current log-likelihood: -14224.638
30. Current log-likelihood: -14224.609
31. Current log-likelihood: -14224.582
32. Current log-likelihood: -14224.557
33. Current log-likelihood: -14224.533
34. Current log-likelihood: -14224.510
35. Current log-likelihood: -14224.489
36. Current log-likelihood: -14224.469
37. Current log-likelihood: -14224.450
38. Current log-likelihood: -14224.433
39. Current log-likelihood: -14224.416
40. Current log-likelihood: -14224.400
41. Current log-likelihood: -14224.385
42. Current log-likelihood: -14224.372
43. Current log-likelihood: -14224.359
44. Current log-likelihood: -14224.348
45. Current log-likelihood: -14224.337
46. Current log-likelihood: -14224.326
Optimal log-likelihood: -14224.317
Nonsynonymous/synonymous ratio (omega): 1.000
Transition/transversion ratio (kappa): 1.000
Site proportion and rates:  (0.289,0.258) (0.524,0.882) (0.174,2.310) (0.014,4.607)
Parameters optimization took 46 rounds (673.453 sec)
Wrote distance file to... 
BEST SCORE FOUND : -14224.317
Ancestral state probabilities printed to /mnt/data0/yue/2026-03-11-protein-convergence/results/OG_9799/csubst_w_s/csubst_input_alignment.fa.state
Empirical proportions for each category: 0.272 0.568 0.153 0.008
Site rates printed to /mnt/data0/yue/2026-03-11-protein-convergence/results/OG_9799/csubst_w_s/csubst_input_alignment.fa.rate
Total tree length: 3.598

Total number of iterations: 0
CPU time used for tree search: 0.000 sec (0h:0m:0s)
Wall-clock time used for tree search: 0.000 sec (0h:0m:0s)
Total CPU time used: 680.623 sec (0h:11m:20s)
Total wall-clock time used: 681.035 sec (0h:11m:21s)

Analysis results written to: 
  IQ-TREE report:                /mnt/data0/yue/2026-03-11-protein-convergence/results/OG_9799/csubst_w_s/csubst_input_alignment.fa.iqtree
  Maximum-likelihood tree:       /mnt/data0/yue/2026-03-11-protein-convergence/results/OG_9799/csubst_w_s/csubst_input_alignment.fa.treefile
  Site-specific rates:           /mnt/data0/yue/2026-03-11-protein-convergence/results/OG_9799/csubst_w_s/csubst_input_alignment.fa.rate
  Ancestral state:               /mnt/data0/yue/2026-03-11-protein-convergence/results/OG_9799/csubst_w_s/csubst_input_alignment.fa.state
  Screen log file:               /mnt/data0/yue/2026-03-11-protein-convergence/results/OG_9799/csubst_w_s/csubst_input_alignment.fa.log

Date and Time: Sat Mar 28 06:36:47 2026
