IQ-TREE multicore version 2.4.0 for Linux x86 64-bit built Feb 12 2025
Developed by Bui Quang Minh, Nguyen Lam Tung, Olga Chernomor, Heiko Schmidt,
Dominik Schrempf, Michael Woodhams, Ly Trong Nhan, Thomas Wong

Host:    brain (AVX2, FMA3, 2015 GB RAM)
Command: /home/yue/miniconda3/envs/py39/bin/iqtree -s /mnt/data0/yue/2026-03-11-protein-convergence/results/OG_6138/csubst_w_s/csubst_input_alignment.fa -te tmp.csubst.nwk -m ECMK07+F+R4 --seqtype CODON1 --threads-max 1 -T AUTO --ancestral --rate --redo
Seed:    555430 (Using SPRNG - Scalable Parallel Random Number Generator)
Time:    Fri Mar 27 20:33:29 2026
Kernel:  AVX+FMA - auto-detect threads (128 CPU cores detected)

Reading alignment file /mnt/data0/yue/2026-03-11-protein-convergence/results/OG_6138/csubst_w_s/csubst_input_alignment.fa ... Fasta format detected
Reading fasta file: done in 0.000836208 secs using 49.75% CPU
Alignment most likely contains DNA/RNA sequences
Converting to codon sequences with genetic code 1 ...
Alignment has 69 sequences with 218 columns, 216 distinct patterns
112 parsimony-informative, 63 singleton sites, 43 constant sites
                                                               Gap/Ambiguity  Composition  p-value
Analyzing sequences: done in 3.91006e-05 secs using 51.15% CPU
   1  DE696-dots|Cluster-56321.0__TRINITY_DN1774_c0_g2_i6.p1          30.73%    passed     99.97%
   2  JJ36|Cluster-29312.0__TRINITY_DN8292_c0_g2_i2.p1                30.73%    passed    100.00%
   3  DE531|Cluster-37411.0__TRINITY_DN418_c0_g2_i2.p1                33.03%    passed    100.00%
   4  DE696-nodots|Cluster-53088.0__TRINITY_DN9610_c0_g1_i1.p1        33.03%    passed    100.00%
   5  DE519|Cluster-31246.0__TRINITY_DN3555_c0_g2_i5.p1               33.03%    passed    100.00%
   6  DE741|Cluster-28820.0__TRINITY_DN12129_c0_g1_i11.p1             33.03%    passed    100.00%
   7  DE126|Cluster-8839.0__TRINITY_DN4896_c1_g1_i4.p1                 0.46%    passed    100.00%
   8  DE189|Cluster-38620.1__TRINITY_DN1552_c0_g1_i3.p1               41.28%    passed     99.79%
   9  DE507|Cluster-69010.0__TRINITY_DN5798_c0_g1_i4.p1                0.46%    passed    100.00%
  10  DE563|Cluster-46390.1__TRINITY_DN11571_c1_g2_i1.p1               0.46%    passed    100.00%
  11  DE575|Cluster-61417.0__TRINITY_DN4597_c0_g1_i1.p1                0.46%    passed    100.00%
  12  DE681|Cluster-30716.0__TRINITY_DN821_c2_g1_i1.p1                 0.46%    passed    100.00%
  13  DE765|Cluster-8193.0__TRINITY_DN620_c1_g1_i1.p1                  0.46%    passed    100.00%
  14  DE181|Cluster-16977.0__TRINITY_DN4032_c1_g1_i2.p1                0.46%    passed    100.00%
  15  DE503|Cluster-51886.1__TRINITY_DN2367_c0_g4_i2.p1                0.46%    passed    100.00%
  16  DE510|Cluster-32811.0__TRINITY_DN9266_c1_g3_i1.p1                0.46%    passed    100.00%
  17  SRR3424066|Cluster-12949.0__TRINITY_DN2335_c0_g1_i1.p1           0.46%    passed    100.00%
  18  DE523|Cluster-40212.0__TRINITY_DN3532_c0_g4_i2.p1                0.46%    passed    100.00%
  19  DE560|Cluster-23538.0__TRINITY_DN18125_c0_g1_i1.p1               0.46%    passed    100.00%
  20  SRR3407094|Cluster-8569.0__TRINITY_DN861_c0_g2_i1.p1             0.46%    passed    100.00%
  21  SRR3407093|Cluster-30317.0__TRINITY_DN1545_c0_g1_i1.p1           0.46%    passed    100.00%
  22  SRR3407092|Cluster-6365.0__TRINITY_DN86_c0_g2_i1.p1              0.46%    passed    100.00%
  23  SRR3407088|Cluster-21468.0__TRINITY_DN5678_c0_g2_i1.p1           0.46%    passed    100.00%
  24  SRR3407087|Cluster-37184.0__TRINITY_DN21681_c0_g3_i2.p1          0.46%    passed    100.00%
  25  SRR3407086|Cluster-39068.0__TRINITY_DN1760_c0_g1_i2.p1           0.46%    passed    100.00%
  26  DE561|Cluster-43786.4__TRINITY_DN841_c0_g1_i16.p1                0.46%    passed    100.00%
  27  DE69|Cluster-26059.0__TRINITY_DN4639_c0_g2_i4.p1                 0.46%    passed    100.00%
  28  JJ85|Cluster-39587.0__TRINITY_DN22944_c0_g2_i1.p1                0.46%    passed    100.00%
  29  DE536|Cluster-43844.1__TRINITY_DN2757_c0_g1_i24.p1               0.46%    passed    100.00%
  30  JJ125|Cluster-10064.0__TRINITY_DN1211_c0_g3_i1.p1                0.46%    passed    100.00%
  31  SRR3407096|Cluster-8320.0__TRINITY_DN1049_c0_g1_i6.p1            0.46%    passed    100.00%
  32  DRR082660|Cluster-44937.0__TRINITY_DN5580_c1_g1_i1.p1            0.46%    passed    100.00%
  33  DE505|Cluster-42947.0__TRINITY_DN869_c0_g1_i1.p1                 0.46%    passed    100.00%
  34  DE509|Cluster-47122.0__TRINITY_DN4092_c0_g2_i1.p1                0.46%    passed    100.00%
  35  SRR3407095|Cluster-49999.0__TRINITY_DN1254_c0_g2_i2.p1           0.46%    passed    100.00%
  36  DE164|Cluster-51987.1__TRINITY_DN200_c1_g1_i1.p1                 0.46%    passed    100.00%
  37  DE541|Cluster-46817.0__TRINITY_DN5650_c0_g1_i1.p1                0.46%    passed    100.00%
  38  DE737|Cluster-19523.6__TRINITY_DN2861_c0_g1_i8.p1                0.46%    passed    100.00%
  39  DE88|Cluster-15172.0__TRINITY_DN4653_c0_g1_i3.p1                 0.46%    passed    100.00%
  40  DE643|Cluster-66169.0__TRINITY_DN12556_c1_g2_i5.p1               0.46%    passed    100.00%
  41  DE671|Cluster-49198.1__TRINITY_DN3969_c0_g1_i5.p1                0.46%    passed    100.00%
  42  DE534|Cluster-38332.1__TRINITY_DN117_c1_g2_i6.p1                 0.46%    passed    100.00%
  43  DE546_urceolata_l|Cluster-27406.0__TRINITY_DN3130_c1_g4_i2.p1    0.46%    passed    100.00%
  44  JJ131|Cluster-15245.0__TRINITY_DN555_c0_g2_i5.p1                 0.46%    passed    100.00%
  45  DE229|Cluster-48998.28__TRINITY_DN689_c0_g1_i25.p1               0.46%    passed    100.00%
  46  DE542|Cluster-30373.0__TRINITY_DN25159_c0_g2_i1.p1               0.46%    passed    100.00%
  47  DE566|Cluster-59080.0__TRINITY_DN3606_c0_g1_i1.p1                0.00%    passed    100.00%
  48  DE216|Cluster-47069.0__TRINITY_DN4442_c0_g2_i8.p1                0.46%    passed    100.00%
  49  JJ15|Cluster-76002.0__TRINITY_DN1095_c0_g1_i5.p1                19.27%    passed    100.00%
  50  DRR234970|Cluster-1627.0__TRINITY_DN2088_c0_g2_i1.p1             0.00%    passed     99.95%
  51  JJ74|Cluster-105918.0__TRINITY_DN6882_c0_g2_i1.p1                0.46%    passed    100.00%
  52  DE554|Cluster-35449.2__TRINITY_DN16488_c0_g1_i9.p1              12.84%    passed     93.61%
  53  SRR5150740|Cluster-13482.0__TRINITY_DN1533_c0_g2_i1.p1           0.00%    passed    100.00%
  54  SRR104381|Cluster-32314.0__TRINITY_DN785_c0_g3_i1.p1            17.43%    passed     76.91%
  55  SRR11934227|Cluster-88610.1__TRINITY_DN71259_c1_g1_i4.p1         5.50%    passed     31.77%
  56  JJ99|Cluster-46787.1__TRINITY_DN3400_c0_g1_i2.p1                35.78%    passed     90.03%
  57  DE504|Cluster-21874.0__TRINITY_DN7383_c0_g1_i4.p1               34.86%    passed     52.23%
  58  DE115|Cluster-39760.0__TRINITY_DN16489_c0_g2_i1.p1              34.86%    passed     99.96%
  59  DE704-white|Cluster-48522.0__TRINITY_DN5295_c0_g1_i8.p1         34.86%    passed     99.93%
  60  DE162|Cluster-36453.1__TRINITY_DN7229_c0_g3_i3.p1               34.86%    passed     99.97%
  61  DE528|Cluster-60668.0__TRINITY_DN2241_c0_g1_i3.p1               34.86%    passed     99.97%
  62  DE668|Cluster-45916.0__TRINITY_DN4084_c0_g1_i18.p1              34.86%    passed     99.95%
  63  DE680|Cluster-29366.0__TRINITY_DN13521_c0_g2_i1.p1              34.86%    passed     97.31%
  64  DE173|Cluster-46991.0__TRINITY_DN16631_c0_g1_i8.p1              37.16%    passed     97.09%
  65  DE736|Cluster-59381.0__TRINITY_DN4412_c1_g1_i1.p1               34.86%    passed     87.66%
  66  DE666|Cluster-44127.2__TRINITY_DN5116_c0_g1_i4.p1               34.86%    passed     99.89%
  67  JJ109|Cluster-44764.0__TRINITY_DN704_c1_g1_i4.p1                41.74%    passed     99.79%
  68  DE764|Cluster-41121.1__TRINITY_DN2357_c1_g1_i24.p1              34.86%    passed     99.67%
  69  JJ89|Cluster-36350.0__TRINITY_DN4381_c1_g1_i2.p1                34.86%    passed     99.84%
****  TOTAL                                                           11.69%  0 sequences failed composition chi2 test (p-value<5%; df=60)
Reading input tree file tmp.csubst.nwk ... rooted tree

NOTE: 36 MB RAM (0 GB) is required!
Measuring multi-threading efficiency up to 1 CPU cores
2 trees examined
Threads: 1 / Time: 2.016 sec / Speedup: 1.000 / Efficiency: 100% / LogL: -6822
BEST NUMBER OF THREADS: 1

Estimate model parameters (epsilon = 0.010)
1. Initial log-likelihood: -6214.475
2. Current log-likelihood: -4451.182
3. Current log-likelihood: -4442.838
4. Current log-likelihood: -4441.338
5. Current log-likelihood: -4440.688
6. Current log-likelihood: -4440.209
7. Current log-likelihood: -4439.806
8. Current log-likelihood: -4439.460
9. Current log-likelihood: -4439.161
10. Current log-likelihood: -4438.903
11. Current log-likelihood: -4438.680
12. Current log-likelihood: -4438.485
13. Current log-likelihood: -4438.315
14. Current log-likelihood: -4438.167
15. Current log-likelihood: -4438.038
Optimal log-likelihood: -4438.029
Nonsynonymous/synonymous ratio (omega): 1.000
Transition/transversion ratio (kappa): 1.000
Site proportion and rates:  (0.364,0.238) (0.507,0.958) (0.123,3.076) (0.005,8.906)
Parameters optimization took 15 rounds (88.465 sec)
Wrote distance file to... 
BEST SCORE FOUND : -4438.029
Ancestral state probabilities printed to /mnt/data0/yue/2026-03-11-protein-convergence/results/OG_6138/csubst_w_s/csubst_input_alignment.fa.state
Empirical proportions for each category: 0.353 0.528 0.115 0.005
Site rates printed to /mnt/data0/yue/2026-03-11-protein-convergence/results/OG_6138/csubst_w_s/csubst_input_alignment.fa.rate
Total tree length: 3.945

Total number of iterations: 0
CPU time used for tree search: 0.000 sec (0h:0m:0s)
Wall-clock time used for tree search: 0.000 sec (0h:0m:0s)
Total CPU time used: 90.428 sec (0h:1m:30s)
Total wall-clock time used: 91.538 sec (0h:1m:31s)

Analysis results written to: 
  IQ-TREE report:                /mnt/data0/yue/2026-03-11-protein-convergence/results/OG_6138/csubst_w_s/csubst_input_alignment.fa.iqtree
  Maximum-likelihood tree:       /mnt/data0/yue/2026-03-11-protein-convergence/results/OG_6138/csubst_w_s/csubst_input_alignment.fa.treefile
  Site-specific rates:           /mnt/data0/yue/2026-03-11-protein-convergence/results/OG_6138/csubst_w_s/csubst_input_alignment.fa.rate
  Ancestral state:               /mnt/data0/yue/2026-03-11-protein-convergence/results/OG_6138/csubst_w_s/csubst_input_alignment.fa.state
  Screen log file:               /mnt/data0/yue/2026-03-11-protein-convergence/results/OG_6138/csubst_w_s/csubst_input_alignment.fa.log

Date and Time: Fri Mar 27 20:35:01 2026
