IQ-TREE multicore version 2.4.0 for Linux x86 64-bit built Feb 12 2025
Developed by Bui Quang Minh, Nguyen Lam Tung, Olga Chernomor, Heiko Schmidt,
Dominik Schrempf, Michael Woodhams, Ly Trong Nhan, Thomas Wong

Host:    brain (AVX2, FMA3, 2015 GB RAM)
Command: /home/yue/miniconda3/envs/py39/bin/iqtree -s /mnt/data0/yue/2026-03-11-protein-convergence/results/OG_10101/csubst_w_s/csubst_input_alignment.fa -te tmp.csubst.nwk -m ECMK07+F+R4 --seqtype CODON1 --threads-max 1 -T AUTO --ancestral --rate --redo
Seed:    515035 (Using SPRNG - Scalable Parallel Random Number Generator)
Time:    Thu Mar 26 20:17:39 2026
Kernel:  AVX+FMA - auto-detect threads (128 CPU cores detected)

Reading alignment file /mnt/data0/yue/2026-03-11-protein-convergence/results/OG_10101/csubst_w_s/csubst_input_alignment.fa ... Fasta format detected
Reading fasta file: done in 0.0010235 secs
Alignment most likely contains DNA/RNA sequences
Converting to codon sequences with genetic code 1 ...
WARNING: 1 sites contain only gaps or ambiguous characters.
Alignment has 64 sequences with 313 columns, 303 distinct patterns
156 parsimony-informative, 95 singleton sites, 62 constant sites
                                                          Gap/Ambiguity  Composition  p-value
Analyzing sequences: done in 4.73708e-05 secs
   1  DE126|Cluster-34862.0__TRINITY_DN11414_c0_g1_i3.p1          0.32%    passed    100.00%
   2  DE69|Cluster-37942.0__TRINITY_DN9359_c0_g1_i6.p1           29.07%    passed     99.80%
   3  DE88|Cluster-30808.0__TRINITY_DN2934_c1_g1_i1.p1            0.32%    passed    100.00%
   4  DE504|Cluster-23098.0__TRINITY_DN11115_c0_g1_i2.p1          0.32%    passed    100.00%
   5  DE737|Cluster-30649.0__TRINITY_DN6337_c0_g1_i3.p1          48.24%    passed     80.86%
   6  DE476|Cluster-57777.0__TRINITY_DN702_c0_g1_i3.p1           48.24%    passed     99.06%
   7  DE523|Cluster-7722.0__TRINITY_DN3052_c1_g1_i4.p1           30.67%    failed      0.00%
   8  DE531|Cluster-14133.0__TRINITY_DN5156_c0_g1_i4.p1          48.24%    passed     72.90%
   9  DE696-nodots|Cluster-47149.0__TRINITY_DN4652_c0_g1_i5.p1   48.24%    passed     64.20%
  10  DE554|Cluster-23697.0__TRINITY_DN5745_c0_g1_i5.p1          47.60%    passed     97.02%
  11  DE666|Cluster-33458.4__TRINITY_DN6966_c2_g1_i1.p1          46.96%    passed     97.87%
  12  DE151|Cluster-20087.0__TRINITY_DN813_c9_g1_i1.p1            0.32%    passed    100.00%
  13  DE549|Cluster-50587.0__TRINITY_DN13551_c0_g1_i3.p1          0.32%    passed    100.00%
  14  JJ130|Cluster-12091.0__TRINITY_DN4755_c0_g1_i1.p1           0.32%    passed    100.00%
  15  DE509|Cluster-27697.0__TRINITY_DN21524_c0_g1_i2.p1          0.32%    passed    100.00%
  16  DE541|Cluster-24540.0__TRINITY_DN3417_c1_g1_i2.p1           0.32%    passed    100.00%
  17  JJ89|Cluster-24570.0__TRINITY_DN1060_c3_g1_i2.p1            0.32%    passed    100.00%
  18  DE643|Cluster-38680.0__TRINITY_DN2614_c2_g1_i2.p1           0.32%    passed    100.00%
  19  DE671|Cluster-55595.0__TRINITY_DN3147_c1_g1_i10.p1          0.32%    passed    100.00%
  20  DE189|Cluster-40064.0__TRINITY_DN9355_c1_g1_i3.p1           0.32%    passed    100.00%
  21  DE736|Cluster-56473.0__TRINITY_DN3403_c1_g1_i8.p1          48.88%    passed     84.77%
  22  DE164|Cluster-46772.0__TRINITY_DN3709_c0_g1_i3.p1          47.60%    passed     94.24%
  23  DE672|Cluster-13843.0__TRINITY_DN7556_c0_g1_i1.p1           0.32%    passed    100.00%
  24  DE115|Cluster-30978.0__TRINITY_DN1968_c0_g1_i1.p1           0.32%    passed    100.00%
  25  JJ86|Cluster-11137.1__TRINITY_DN7976_c1_g1_i3.p1            0.32%    passed    100.00%
  26  DE162|Cluster-6853.0__TRINITY_DN3630_c0_g1_i1.p1            0.32%    passed    100.00%
  27  DE507|Cluster-47959.2__TRINITY_DN5378_c0_g1_i3.p1          29.71%    passed     99.97%
  28  DE528|Cluster-50997.0__TRINITY_DN2336_c0_g1_i2.p1           0.32%    passed    100.00%
  29  DE575|Cluster-1220.0__TRINITY_DN22836_c0_g1_i1.p1           0.32%    passed    100.00%
  30  DE765|Cluster-1500.0__TRINITY_DN5012_c0_g1_i6.p1           47.92%    passed     84.19%
  31  JJ85|Cluster-22177.0__TRINITY_DN6948_c0_g1_i4.p1            0.32%    passed    100.00%
  32  SRR3407096|Cluster-18557.0__TRINITY_DN10603_c0_g1_i1.p1     0.32%    passed    100.00%
  33  SRR3407092|Cluster-2878.0__TRINITY_DN3523_c0_g1_i1.p1       0.32%    passed    100.00%
  34  SRR3407093|Cluster-39217.0__TRINITY_DN4011_c0_g1_i2.p1      0.32%    passed    100.00%
  35  DE181|Cluster-35233.0__TRINITY_DN4126_c0_g1_i1.p1           0.32%    passed    100.00%
  36  SRR3407094|Cluster-19241.0__TRINITY_DN40590_c0_g1_i1.p1     0.32%    passed    100.00%
  37  SRR3407086|Cluster-28341.0__TRINITY_DN6273_c0_g2_i2.p1      0.32%    passed    100.00%
  38  DE503|Cluster-39763.0__TRINITY_DN10529_c1_g1_i1.p1          0.32%    passed    100.00%
  39  SRR3424066|Cluster-27948.0__TRINITY_DN7455_c2_g1_i1.p1      0.32%    passed    100.00%
  40  SRR3407088|Cluster-28832.0__TRINITY_DN230_c2_g1_i1.p1       0.32%    passed    100.00%
  41  DE505|Cluster-1058.0__TRINITY_DN9500_c1_g1_i1.p1            0.32%    passed    100.00%
  42  DE510|Cluster-9942.3__TRINITY_DN20776_c0_g1_i13.p1          0.32%    passed    100.00%
  43  SRR3407087|Cluster-11642.0__TRINITY_DN1884_c0_g1_i1.p1      0.32%    passed    100.00%
  44  DE561|Cluster-29592.0__TRINITY_DN6870_c0_g1_i1.p1           0.32%    passed    100.00%
  45  DE563|Cluster-25934.0__TRINITY_DN5034_c0_g2_i3.p1           0.32%    passed     99.95%
  46  DE680|Cluster-42136.0__TRINITY_DN7046_c1_g1_i1.p1           0.32%    passed    100.00%
  47  DE152|Cluster-39794.0__TRINITY_DN3946_c3_g1_i1.p1           0.32%    passed     99.93%
  48  JJ99|Cluster-29231.0__TRINITY_DN2380_c0_g1_i1.p1            0.32%    passed    100.00%
  49  JJ74|Cluster-85928.0__TRINITY_DN80910_c0_g1_i4.p1           0.32%    passed    100.00%
  50  DE229|Cluster-77073.0__TRINITY_DN7059_c0_g1_i8.p1           0.32%    passed    100.00%
  51  JJ23|Cluster-14778.0__TRINITY_DN5280_c0_g1_i1.p1            0.32%    passed    100.00%
  52  DE216|Cluster-80326.0__TRINITY_DN7730_c2_g1_i1.p1           0.32%    passed    100.00%
  53  JJ15|Cluster-60250.2__TRINITY_DN7469_c0_g1_i3.p1            0.32%    passed    100.00%
  54  DE536|Cluster-37650.1__TRINITY_DN14105_c0_g1_i2.p1          0.32%    passed    100.00%
  55  DE519|Cluster-72358.0__TRINITY_DN7001_c0_g1_i2.p1          29.71%    passed     99.91%
  56  DE550|Cluster-32338.0__TRINITY_DN16913_c0_g1_i1.p1          0.32%    passed    100.00%
  57  DE560|Cluster-24860.0__TRINITY_DN3790_c5_g1_i1.p1           0.32%    passed    100.00%
  58  DE566|Cluster-49651.0__TRINITY_DN7332_c0_g1_i3.p1           1.28%    passed    100.00%
  59  DE668|Cluster-51427.1__TRINITY_DN5402_c0_g1_i2.p1           0.32%    passed    100.00%
  60  SRR3407095|Cluster-37780.0__TRINITY_DN2164_c1_g1_i1.p1      0.32%    passed    100.00%
  61  JJ125|Cluster-38415.0__TRINITY_DN10032_c0_g1_i3.p1          0.96%    passed    100.00%
  62  JJ131|Cluster-28193.0__TRINITY_DN30085_c0_g1_i3.p1         30.03%    passed     98.51%
  63  DE696-dots|Cluster-57607.1__TRINITY_DN1557_c0_g1_i2.p1      0.32%    passed    100.00%
  64  DE534|Cluster-50855.0__TRINITY_DN4830_c0_g1_i4.p1          18.53%    passed     85.82%
****  TOTAL                                                       9.64%  1 sequences failed composition chi2 test (p-value<5%; df=60)
Reading input tree file tmp.csubst.nwk ... rooted tree

NOTE: 44 MB RAM (0 GB) is required!
Measuring multi-threading efficiency up to 1 CPU cores
2 trees examined
Threads: 1 / Time: 2.284 sec / Speedup: 1.000 / Efficiency: 100% / LogL: -9894
BEST NUMBER OF THREADS: 1

Estimate model parameters (epsilon = 0.010)
1. Initial log-likelihood: -9537.623
2. Current log-likelihood: -7022.942
3. Current log-likelihood: -7007.795
4. Current log-likelihood: -7007.675
5. Current log-likelihood: -7007.609
6. Current log-likelihood: -7003.499
7. Current log-likelihood: -7003.380
8. Current log-likelihood: -7002.027
9. Current log-likelihood: -7001.917
10. Current log-likelihood: -7001.067
11. Current log-likelihood: -7000.986
12. Current log-likelihood: -7000.964
13. Current log-likelihood: -7000.247
14. Current log-likelihood: -7000.208
Optimal log-likelihood: -7000.199
Nonsynonymous/synonymous ratio (omega): 1.000
Transition/transversion ratio (kappa): 1.000
Site proportion and rates:  (0.442,0.255) (0.330,0.868) (0.217,2.491) (0.011,5.557)
Parameters optimization took 14 rounds (96.271 sec)
Wrote distance file to... 
BEST SCORE FOUND : -7000.199
Ancestral state probabilities printed to /mnt/data0/yue/2026-03-11-protein-convergence/results/OG_10101/csubst_w_s/csubst_input_alignment.fa.state
Empirical proportions for each category: 0.479 0.304 0.208 0.010
Site rates printed to /mnt/data0/yue/2026-03-11-protein-convergence/results/OG_10101/csubst_w_s/csubst_input_alignment.fa.rate
Total tree length: 4.934

Total number of iterations: 0
CPU time used for tree search: 0.000 sec (0h:0m:0s)
Wall-clock time used for tree search: 0.000 sec (0h:0m:0s)
Total CPU time used: 99.775 sec (0h:1m:39s)
Total wall-clock time used: 99.865 sec (0h:1m:39s)

Analysis results written to: 
  IQ-TREE report:                /mnt/data0/yue/2026-03-11-protein-convergence/results/OG_10101/csubst_w_s/csubst_input_alignment.fa.iqtree
  Maximum-likelihood tree:       /mnt/data0/yue/2026-03-11-protein-convergence/results/OG_10101/csubst_w_s/csubst_input_alignment.fa.treefile
  Site-specific rates:           /mnt/data0/yue/2026-03-11-protein-convergence/results/OG_10101/csubst_w_s/csubst_input_alignment.fa.rate
  Ancestral state:               /mnt/data0/yue/2026-03-11-protein-convergence/results/OG_10101/csubst_w_s/csubst_input_alignment.fa.state
  Screen log file:               /mnt/data0/yue/2026-03-11-protein-convergence/results/OG_10101/csubst_w_s/csubst_input_alignment.fa.log

Date and Time: Thu Mar 26 20:19:19 2026
