IQ-TREE multicore version 2.4.0 for Linux x86 64-bit built Feb 12 2025
Developed by Bui Quang Minh, Nguyen Lam Tung, Olga Chernomor, Heiko Schmidt,
Dominik Schrempf, Michael Woodhams, Ly Trong Nhan, Thomas Wong

Host:    brain (AVX2, FMA3, 2015 GB RAM)
Command: /home/yue/miniconda3/envs/py39/bin/iqtree -s /mnt/data0/yue/2026-03-11-protein-convergence/results/OG_4457/csubst_w_s/csubst_input_alignment.fa -te tmp.csubst.nwk -m ECMK07+F+R4 --seqtype CODON1 --threads-max 1 -T AUTO --ancestral --rate --redo
Seed:    107613 (Using SPRNG - Scalable Parallel Random Number Generator)
Time:    Fri Mar 27 13:57:22 2026
Kernel:  AVX+FMA - auto-detect threads (128 CPU cores detected)

Reading alignment file /mnt/data0/yue/2026-03-11-protein-convergence/results/OG_4457/csubst_w_s/csubst_input_alignment.fa ... Fasta format detected
Reading fasta file: done in 0.000936627 secs using 76.55% CPU
Alignment most likely contains DNA/RNA sequences
Converting to codon sequences with genetic code 1 ...
Alignment has 64 sequences with 274 columns, 246 distinct patterns
70 parsimony-informative, 66 singleton sites, 138 constant sites
                                                           Gap/Ambiguity  Composition  p-value
Analyzing sequences: done in 4.15742e-05 secs using 98.62% CPU
   1  DE216|Cluster-63384.0__TRINITY_DN14472_c0_g1_i5.p1           0.00%    passed    100.00%
   2  DE181|Cluster-43500.1__TRINITY_DN20138_c0_g1_i2.p1           0.00%    passed    100.00%
   3  SRR3407088|Cluster-4278.0__TRINITY_DN16675_c0_g1_i1.p1       0.00%    passed    100.00%
   4  SRR3424066|Cluster-4476.0__TRINITY_DN11742_c0_g2_i1.p1       0.00%    passed    100.00%
   5  DE668|Cluster-31444.0__TRINITY_DN5020_c0_g1_i47.p1           0.00%    passed    100.00%
   6  DE666|Cluster-15502.0__TRINITY_DN20872_c0_g1_i3.p1           0.00%    passed    100.00%
   7  DE680|Cluster-44042.0__TRINITY_DN28890_c0_g1_i2.p1           0.00%    passed    100.00%
   8  DRR082660|Cluster-24077.0__TRINITY_DN3913_c0_g1_i1.p1       40.88%    passed    100.00%
   9  JJ99|Cluster-41254.0__TRINITY_DN12392_c0_g1_i11.p1           0.00%    passed    100.00%
  10  DE681|Cluster-48219.0__TRINITY_DN11622_c0_g1_i5.p1           0.00%    passed    100.00%
  11  DE115|Cluster-57692.0__TRINITY_DN73573_c0_g1_i1.p1          21.17%    passed    100.00%
  12  DE88|Cluster-25806.0__TRINITY_DN11034_c0_g1_i1.p1           62.04%    passed     99.78%
  13  DE126|Cluster-35359.0__TRINITY_DN33245_c0_g1_i2.p1           0.00%    passed    100.00%
  14  DE563|Cluster-13625.0__TRINITY_DN60790_c0_g1_i1.p1           0.00%    passed    100.00%
  15  DE765|Cluster-16677.0__TRINITY_DN29182_c0_g1_i2.p1           0.00%    passed    100.00%
  16  DE575|Cluster-54637.0__TRINITY_DN22123_c0_g1_i2.p1           0.00%    passed    100.00%
  17  DE736|Cluster-49280.0__TRINITY_DN32017_c0_g1_i5.p1           0.00%    passed    100.00%
  18  DE696-nodots|Cluster-52923.0__TRINITY_DN21718_c0_g1_i1.p1    0.00%    passed    100.00%
  19  DE504|Cluster-706.0__TRINITY_DN58160_c0_g1_i1.p1             0.00%    passed    100.00%
  20  DE549|Cluster-12287.0__TRINITY_DN11317_c4_g1_i1.p1           0.00%    passed    100.00%
  21  DE741|Cluster-19103.0__TRINITY_DN18387_c0_g1_i2.p1           0.00%    passed    100.00%
  22  DE510|Cluster-36055.0__TRINITY_DN10353_c0_g1_i23.p1          0.00%    passed    100.00%
  23  SRR3407087|Cluster-44307.0__TRINITY_DN22387_c0_g2_i1.p1      0.00%    passed    100.00%
  24  SRR3407092|Cluster-16068.0__TRINITY_DN28786_c0_g1_i1.p1      0.00%    passed    100.00%
  25  DE503|Cluster-28175.1__TRINITY_DN16177_c0_g1_i8.p1           0.00%    passed    100.00%
  26  SRR3407094|Cluster-16599.0__TRINITY_DN6955_c1_g1_i3.p1       0.00%    passed     45.01%
  27  DE505|Cluster-50217.0__TRINITY_DN11055_c0_g1_i5.p1           0.00%    passed    100.00%
  28  SRR3407093|Cluster-17828.0__TRINITY_DN16901_c0_g1_i1.p1      0.00%    passed    100.00%
  29  DE531|Cluster-12481.0__TRINITY_DN19693_c0_g1_i1.p1           0.00%    passed    100.00%
  30  DE764|Cluster-40309.0__TRINITY_DN18118_c0_g1_i5.p1           0.00%    passed    100.00%
  31  DE696-dots|Cluster-27165.1__TRINITY_DN13112_c0_g1_i6.p1      0.00%    passed    100.00%
  32  JJ36|Cluster-3645.0__TRINITY_DN15584_c0_g1_i2.p1             0.00%    passed    100.00%
  33  DE737|Cluster-33014.0__TRINITY_DN41904_c0_g1_i1.p1           0.00%    passed    100.00%
  34  DE541|Cluster-21620.2__TRINITY_DN22987_c0_g1_i17.p1          0.00%    passed    100.00%
  35  JJ125|Cluster-28811.2__TRINITY_DN11256_c1_g1_i33.p1          0.00%    passed    100.00%
  36  DE672|Cluster-9682.1__TRINITY_DN10920_c0_g1_i3.p1            0.00%    passed    100.00%
  37  DE561|Cluster-5519.0__TRINITY_DN11676_c0_g2_i1.p1            0.00%    passed    100.00%
  38  DE643|Cluster-17909.0__TRINITY_DN83765_c0_g1_i1.p1           0.00%    passed    100.00%
  39  DE671|Cluster-36163.0__TRINITY_DN55455_c0_g1_i1.p1           0.00%    passed    100.00%
  40  DE566|Cluster-57640.0__TRINITY_DN44248_c0_g1_i1.p1           0.00%    passed    100.00%
  41  JJ23|Cluster-16553.0__TRINITY_DN2394_c0_g1_i20.p1            0.00%    passed    100.00%
  42  SRR3407095|Cluster-36932.0__TRINITY_DN29219_c0_g2_i1.p1      0.00%    passed    100.00%
  43  DE69|Cluster-10483.2__TRINITY_DN26425_c0_g1_i3.p1            0.00%    passed    100.00%
  44  JJ86|Cluster-38276.1__TRINITY_DN22083_c0_g1_i2.p1            0.00%    passed    100.00%
  45  DE542|Cluster-15761.0__TRINITY_DN19536_c0_g1_i4.p1           0.00%    passed    100.00%
  46  DE519|Cluster-14517.0__TRINITY_DN38531_c0_g1_i2.p1          43.07%    passed    100.00%
  47  DE523|Cluster-46043.0__TRINITY_DN48551_c0_g1_i1.p1          21.17%    passed     99.91%
  48  JJ130|Cluster-49713.0__TRINITY_DN13568_c0_g1_i1.p1          37.96%    passed    100.00%
  49  JJ85|Cluster-21435.0__TRINITY_DN16377_c0_g1_i1.p1           21.17%    passed    100.00%
  50  DE536|Cluster-40919.0__TRINITY_DN15709_c0_g1_i4.p1           0.00%    passed    100.00%
  51  DE152|Cluster-59150.0__TRINITY_DN30202_c0_g1_i1.p1          24.09%    passed    100.00%
  52  DE229|Cluster-25273.0__TRINITY_DN84881_c0_g1_i3.p1           0.00%    passed    100.00%
  53  DE623|Cluster-53640.1__TRINITY_DN25376_c0_g1_i5.p1          28.47%    passed    100.00%
  54  DE528|Cluster-55861.0__TRINITY_DN13963_c0_g2_i1.p1           0.00%    passed    100.00%
  55  DE704-purple|Cluster-45797.0__TRINITY_DN32822_c0_g1_i1.p1   66.42%    passed     96.44%
  56  JJ131|Cluster-44581.2__TRINITY_DN6892_c0_g1_i30.p1          28.47%    passed    100.00%
  57  DE509|Cluster-12667.0__TRINITY_DN17279_c0_g1_i6.p1           0.00%    passed    100.00%
  58  DE560|Cluster-16275.2__TRINITY_DN26268_c0_g1_i6.p1          49.64%    passed     99.88%
  59  DE151|Cluster-51650.0__TRINITY_DN14758_c0_g1_i5.p1          27.74%    passed    100.00%
  60  DE173|Cluster-36613.0__TRINITY_DN27935_c0_g1_i8.p1          40.88%    passed    100.00%
  61  DE189|Cluster-35363.0__TRINITY_DN28471_c0_g1_i3.p1           0.00%    passed    100.00%
  62  JJ109|Cluster-42728.1__TRINITY_DN14586_c0_g1_i5.p1          40.88%    passed     99.30%
  63  DE534|Cluster-49991.0__TRINITY_DN13362_c0_g1_i13.p1          0.00%    passed    100.00%
  64  JJ15|Cluster-71955.0__TRINITY_DN16257_c0_g1_i2.p1           27.74%    passed    100.00%
WARNING: 2 sequences contain more than 50% gaps/ambiguity
****  TOTAL                                                        9.09%  0 sequences failed composition chi2 test (p-value<5%; df=60)
WARNING: States(s) CCG rarely appear in alignment and may cause numerical problems
Reading input tree file tmp.csubst.nwk ... rooted tree

NOTE: 37 MB RAM (0 GB) is required!
Measuring multi-threading efficiency up to 1 CPU cores
2 trees examined
Threads: 1 / Time: 2.094 sec / Speedup: 1.000 / Efficiency: 100% / LogL: -4048
BEST NUMBER OF THREADS: 1

Estimate model parameters (epsilon = 0.010)
1. Initial log-likelihood: -5698.020
2. Current log-likelihood: -2920.738
3. Current log-likelihood: -2920.168
4. Current log-likelihood: -2919.378
5. Current log-likelihood: -2917.991
6. Current log-likelihood: -2871.682
7. Current log-likelihood: -2866.110
8. Current log-likelihood: -2863.042
9. Current log-likelihood: -2862.775
10. Current log-likelihood: -2862.693
11. Current log-likelihood: -2862.629
12. Current log-likelihood: -2862.579
13. Current log-likelihood: -2862.540
14. Current log-likelihood: -2862.510
15. Current log-likelihood: -2862.487
16. Current log-likelihood: -2862.470
17. Current log-likelihood: -2862.456
18. Current log-likelihood: -2862.446
Optimal log-likelihood: -2862.437
Nonsynonymous/synonymous ratio (omega): 1.000
Transition/transversion ratio (kappa): 1.000
Site proportion and rates:  (0.427,0.343) (0.361,0.624) (0.200,2.439) (0.012,11.635)
Parameters optimization took 18 rounds (113.545 sec)
Wrote distance file to... 
BEST SCORE FOUND : -2862.437
Ancestral state probabilities printed to /mnt/data0/yue/2026-03-11-protein-convergence/results/OG_4457/csubst_w_s/csubst_input_alignment.fa.state
Empirical proportions for each category: 0.551 0.252 0.186 0.011
Site rates printed to /mnt/data0/yue/2026-03-11-protein-convergence/results/OG_4457/csubst_w_s/csubst_input_alignment.fa.rate
Total tree length: 1.157

Total number of iterations: 0
CPU time used for tree search: 0.000 sec (0h:0m:0s)
Wall-clock time used for tree search: 0.000 sec (0h:0m:0s)
Total CPU time used: 116.617 sec (0h:1m:56s)
Total wall-clock time used: 116.889 sec (0h:1m:56s)

Analysis results written to: 
  IQ-TREE report:                /mnt/data0/yue/2026-03-11-protein-convergence/results/OG_4457/csubst_w_s/csubst_input_alignment.fa.iqtree
  Maximum-likelihood tree:       /mnt/data0/yue/2026-03-11-protein-convergence/results/OG_4457/csubst_w_s/csubst_input_alignment.fa.treefile
  Site-specific rates:           /mnt/data0/yue/2026-03-11-protein-convergence/results/OG_4457/csubst_w_s/csubst_input_alignment.fa.rate
  Ancestral state:               /mnt/data0/yue/2026-03-11-protein-convergence/results/OG_4457/csubst_w_s/csubst_input_alignment.fa.state
  Screen log file:               /mnt/data0/yue/2026-03-11-protein-convergence/results/OG_4457/csubst_w_s/csubst_input_alignment.fa.log

Date and Time: Fri Mar 27 13:59:19 2026
