IQ-TREE multicore version 2.4.0 for Linux x86 64-bit built Feb 12 2025
Developed by Bui Quang Minh, Nguyen Lam Tung, Olga Chernomor, Heiko Schmidt,
Dominik Schrempf, Michael Woodhams, Ly Trong Nhan, Thomas Wong

Host:    brain (AVX2, FMA3, 2015 GB RAM)
Command: /home/yue/miniconda3/envs/py39/bin/iqtree -s /mnt/data0/yue/2026-03-11-protein-convergence/results/OG_9335/csubst_w_s/csubst_input_alignment.fa -te tmp.csubst.nwk -m ECMK07+F+R4 --seqtype CODON1 --threads-max 1 -T AUTO --ancestral --rate --redo
Seed:    554575 (Using SPRNG - Scalable Parallel Random Number Generator)
Time:    Sat Mar 28 05:32:16 2026
Kernel:  AVX+FMA - auto-detect threads (128 CPU cores detected)

Reading alignment file /mnt/data0/yue/2026-03-11-protein-convergence/results/OG_9335/csubst_w_s/csubst_input_alignment.fa ... Fasta format detected
Reading fasta file: done in 0.00538898 secs using 90.93% CPU
Alignment most likely contains DNA/RNA sequences
Converting to codon sequences with genetic code 1 ...
Alignment has 63 sequences with 777 columns, 737 distinct patterns
352 parsimony-informative, 226 singleton sites, 199 constant sites
                                                                Gap/Ambiguity  Composition  p-value
Analyzing sequences: done in 0.000262514 secs using 99.42% CPU
   1  JJ23|Cluster-3952.0__TRINITY_DN2702_c0_g1_i1.p1                   0.00%    passed    100.00%
   2  DE680|Cluster-46234.0__TRINITY_DN19003_c0_g2_i1.p1                1.54%    passed    100.00%
   3  DE164|Cluster-31626.0__TRINITY_DN7149_c0_g1_i1.p1                11.84%    passed    100.00%
   4  DE550|Cluster-49886.0__TRINITY_DN8228_c0_g1_i1.p1                12.10%    passed    100.00%
   5  DE542|Cluster-58154.1__TRINITY_DN12790_c0_g1_i9.p1               11.84%    passed    100.00%
   6  SRR3407088|Cluster-18860.0__TRINITY_DN1227_c0_g2_i1.p1           10.04%    passed    100.00%
   7  DE519|Cluster-65911.1__TRINITY_DN1001_c0_g1_i6.p1                66.67%    passed     98.73%
   8  DE536|Cluster-49684.0__TRINITY_DN3369_c0_g1_i21.p1               37.97%    passed     71.23%
   9  DE510|Cluster-38240.0__TRINITY_DN3440_c1_g1_i3.p1                11.84%    passed    100.00%
  10  DE181|Cluster-41060.0__TRINITY_DN5640_c0_g1_i4.p1                11.84%    passed    100.00%
  11  DE737|Cluster-30390.112__TRINITY_DN1139_c3_g1_i1.p1               0.00%    passed    100.00%
  12  DE643|Cluster-22403.0__TRINITY_DN6219_c0_g1_i3.p1                 0.00%    passed    100.00%
  13  DE671|Cluster-38427.0__TRINITY_DN3984_c0_g1_i1.p1                 0.00%    passed    100.00%
  14  DE115|Cluster-58902.1__TRINITY_DN50_c0_g2_i2.p1                  23.42%    passed    100.00%
  15  JJ86|Cluster-18648.0__TRINITY_DN753_c1_g1_i1.p1                  27.67%    passed     99.99%
  16  DE126|Cluster-22009.0__TRINITY_DN4176_c0_g1_i1.p1                 0.00%    passed    100.00%
  17  DE563|Cluster-49968.0__TRINITY_DN1152_c0_g3_i2.p1                 0.00%    passed    100.00%
  18  DE546_urceolata_l|Cluster-38248.2__TRINITY_DN3364_c0_g1_i10.p1   10.17%    passed    100.00%
  19  DE668|Cluster-54143.0__TRINITY_DN2657_c1_g1_i2.p1                 0.00%    passed    100.00%
  20  SRR3407096|Cluster-3846.0__TRINITY_DN27705_c0_g1_i1.p1            0.13%    passed    100.00%
  21  DE503|Cluster-21625.0__TRINITY_DN3383_c2_g1_i2.p1                27.80%    passed    100.00%
  22  DE505|Cluster-47020.1__TRINITY_DN12580_c0_g1_i5.p1               27.80%    passed    100.00%
  23  SRR3407093|Cluster-25714.0__TRINITY_DN8336_c0_g1_i1.p1           27.80%    passed    100.00%
  24  SRR3407094|Cluster-17862.0__TRINITY_DN17220_c1_g2_i4.p1           0.13%    passed    100.00%
  25  SRR3407092|Cluster-27620.0__TRINITY_DN24468_c0_g1_i1.p1          10.55%    passed    100.00%
  26  SRR3407095|Cluster-49034.0__TRINITY_DN914_c5_g1_i2.p1             0.13%    passed    100.00%
  27  SRR3424066|Cluster-18542.0__TRINITY_DN9782_c0_g3_i1.p1            0.13%    passed    100.00%
  28  DRR082660|Cluster-8662.0__TRINITY_DN19072_c0_g1_i1.p1            27.67%    passed    100.00%
  29  JJ74|Cluster-96314.0__TRINITY_DN2495_c0_g1_i1.p1                 27.67%    passed     99.99%
  30  JJ130|Cluster-45473.0__TRINITY_DN5703_c0_g1_i13.p1               44.27%    passed    100.00%
  31  DE560|Cluster-43358.0__TRINITY_DN4954_c1_g1_i2.p1                 0.00%    passed    100.00%
  32  DE704-purple|Cluster-14254.1__TRINITY_DN9205_c0_g2_i3.p1         40.15%    passed     99.43%
  33  DE566|Cluster-5188.1__TRINITY_DN10460_c0_g1_i4.p1                10.17%    passed     99.99%
  34  DE127|Cluster-32864.0__TRINITY_DN372_c0_g1_i2.p1                  0.00%    passed    100.00%
  35  DE666|Cluster-33314.0__TRINITY_DN2913_c0_g2_i1.p1                 0.00%    passed    100.00%
  36  DE152|Cluster-52388.0__TRINITY_DN21643_c0_g1_i1.p1                0.00%    passed    100.00%
  37  JJ99|Cluster-39830.1__TRINITY_DN4708_c1_g1_i6.p1                  0.00%    passed    100.00%
  38  DE229|Cluster-38200.0__TRINITY_DN5604_c0_g2_i2.p1                 0.26%    passed    100.00%
  39  DE528|Cluster-38264.0__TRINITY_DN24492_c0_g2_i2.p1               30.37%    passed     99.79%
  40  DE575|Cluster-45429.0__TRINITY_DN8253_c1_g1_i2.p1                11.84%    passed    100.00%
  41  DE681|Cluster-24802.0__TRINITY_DN9764_c1_g1_i2.p1                 0.00%    passed    100.00%
  42  DE765|Cluster-46163.0__TRINITY_DN9218_c0_g1_i3.p1                11.84%    passed    100.00%
  43  DE151|Cluster-27881.0__TRINITY_DN5722_c0_g2_i1.p1                 0.00%    passed    100.00%
  44  DE189|Cluster-25061.0__TRINITY_DN5509_c0_g2_i3.p1                11.84%    passed    100.00%
  45  DE173|Cluster-8756.0__TRINITY_DN7411_c1_g1_i8.p1                 17.89%    passed    100.00%
  46  JJ109|Cluster-33865.225__TRINITY_DN72_c1_g2_i1.p1                 0.00%    passed    100.00%
  47  DE88|Cluster-26704.0__TRINITY_DN5372_c0_g1_i1.p1                 11.84%    passed    100.00%
  48  DE509|Cluster-7246.1__TRINITY_DN15755_c0_g2_i5.p1                11.84%    passed    100.00%
  49  DE764|Cluster-34028.0__TRINITY_DN5093_c0_g1_i1.p1                11.84%    passed    100.00%
  50  DE476|Cluster-15071.0__TRINITY_DN4973_c2_g2_i1.p1                 0.00%    passed    100.00%
  51  DE541|Cluster-4101.0__TRINITY_DN23892_c0_g1_i2.p1                11.84%    passed    100.00%
  52  DE531|Cluster-34241.0__TRINITY_DN7025_c0_g3_i1.p1                 0.39%    passed    100.00%
  53  DE696-dots|Cluster-51947.0__TRINITY_DN3429_c0_g1_i4.p1            0.39%    passed    100.00%
  54  DE696-nodots|Cluster-49819.0__TRINITY_DN11125_c0_g1_i2.p1         0.39%    passed    100.00%
  55  JJ36|Cluster-11575.0__TRINITY_DN2639_c1_g1_i1.p1                 40.41%    passed     99.20%
  56  JJ89|Cluster-37398.0__TRINITY_DN7714_c0_g4_i1.p1                 11.84%    passed    100.00%
  57  DE216|Cluster-1650.0__TRINITY_DN91_c0_g1_i1.p1                    0.26%    passed    100.00%
  58  JJ15|Cluster-19716.0__TRINITY_DN609_c0_g1_i4.p1                  29.34%    passed     99.99%
  59  DE534|Cluster-44722.0__TRINITY_DN4255_c0_g1_i6.p1                 0.26%    passed    100.00%
  60  DE554|Cluster-16647.0__TRINITY_DN5161_c1_g2_i2.p1                10.04%    passed    100.00%
  61  JJ131|Cluster-41664.2__TRINITY_DN2749_c0_g2_i3.p1                 0.00%    passed    100.00%
  62  SRR5150740|Cluster-10616.0__TRINITY_DN27342_c0_g1_i1.p1           2.70%    passed    100.00%
  63  SRR104381|Cluster-1780.0__TRINITY_DN365_c0_g1_i1.p1              10.17%    passed     94.10%
WARNING: 1 sequences contain more than 50% gaps/ambiguity
****  TOTAL                                                            11.41%  0 sequences failed composition chi2 test (p-value<5%; df=60)
Reading input tree file tmp.csubst.nwk ... rooted tree

NOTE: 94 MB RAM (0 GB) is required!
Measuring multi-threading efficiency up to 1 CPU cores
2 trees examined
Threads: 1 / Time: 5.002 sec / Speedup: 1.000 / Efficiency: 100% / LogL: -19160
BEST NUMBER OF THREADS: 1

Estimate model parameters (epsilon = 0.010)
1. Initial log-likelihood: -21621.470
2. Current log-likelihood: -13517.529
3. Current log-likelihood: -13516.925
4. Current log-likelihood: -13511.736
5. Current log-likelihood: -13511.695
6. Current log-likelihood: -13507.325
7. Current log-likelihood: -13507.290
8. Current log-likelihood: -13493.358
9. Current log-likelihood: -13490.484
10. Current log-likelihood: -13490.406
11. Current log-likelihood: -13490.354
12. Current log-likelihood: -13489.269
13. Current log-likelihood: -13489.209
14. Current log-likelihood: -13489.166
15. Current log-likelihood: -13489.136
16. Current log-likelihood: -13489.114
17. Current log-likelihood: -13489.097
18. Current log-likelihood: -13489.085
Optimal log-likelihood: -13489.076
Nonsynonymous/synonymous ratio (omega): 1.000
Transition/transversion ratio (kappa): 1.000
Site proportion and rates:  (0.420,0.343) (0.371,0.929) (0.201,2.259) (0.008,7.359)
Parameters optimization took 18 rounds (326.261 sec)
Wrote distance file to... 
BEST SCORE FOUND : -13489.076
Ancestral state probabilities printed to /mnt/data0/yue/2026-03-11-protein-convergence/results/OG_9335/csubst_w_s/csubst_input_alignment.fa.state
Empirical proportions for each category: 0.483 0.342 0.167 0.008
Site rates printed to /mnt/data0/yue/2026-03-11-protein-convergence/results/OG_9335/csubst_w_s/csubst_input_alignment.fa.rate
Total tree length: 2.596

Total number of iterations: 0
CPU time used for tree search: 0.000 sec (0h:0m:0s)
Wall-clock time used for tree search: 0.000 sec (0h:0m:0s)
Total CPU time used: 334.241 sec (0h:5m:34s)
Total wall-clock time used: 334.745 sec (0h:5m:34s)

Analysis results written to: 
  IQ-TREE report:                /mnt/data0/yue/2026-03-11-protein-convergence/results/OG_9335/csubst_w_s/csubst_input_alignment.fa.iqtree
  Maximum-likelihood tree:       /mnt/data0/yue/2026-03-11-protein-convergence/results/OG_9335/csubst_w_s/csubst_input_alignment.fa.treefile
  Site-specific rates:           /mnt/data0/yue/2026-03-11-protein-convergence/results/OG_9335/csubst_w_s/csubst_input_alignment.fa.rate
  Ancestral state:               /mnt/data0/yue/2026-03-11-protein-convergence/results/OG_9335/csubst_w_s/csubst_input_alignment.fa.state
  Screen log file:               /mnt/data0/yue/2026-03-11-protein-convergence/results/OG_9335/csubst_w_s/csubst_input_alignment.fa.log

Date and Time: Sat Mar 28 05:37:51 2026
