IQ-TREE multicore version 2.4.0 for Linux x86 64-bit built Feb 12 2025
Developed by Bui Quang Minh, Nguyen Lam Tung, Olga Chernomor, Heiko Schmidt,
Dominik Schrempf, Michael Woodhams, Ly Trong Nhan, Thomas Wong

Host:    brain (AVX2, FMA3, 2015 GB RAM)
Command: /home/yue/miniconda3/envs/py39/bin/iqtree -s /mnt/data0/yue/2026-03-11-protein-convergence/results/OG_2836/csubst_w_s/csubst_input_alignment.fa -te tmp.csubst.nwk -m ECMK07+F+R4 --seqtype CODON1 --threads-max 1 -T AUTO --ancestral --rate --redo
Seed:    874941 (Using SPRNG - Scalable Parallel Random Number Generator)
Time:    Fri Mar 27 06:31:16 2026
Kernel:  AVX+FMA - auto-detect threads (128 CPU cores detected)

Reading alignment file /mnt/data0/yue/2026-03-11-protein-convergence/results/OG_2836/csubst_w_s/csubst_input_alignment.fa ... Fasta format detected
Reading fasta file: done in 0.00138254 secs using 23.29% CPU
Alignment most likely contains DNA/RNA sequences
Converting to codon sequences with genetic code 1 ...
Alignment has 80 sequences with 328 columns, 308 distinct patterns
176 parsimony-informative, 77 singleton sites, 75 constant sites
                                                               Gap/Ambiguity  Composition  p-value
Analyzing sequences: done in 5.90831e-05 secs
   1  DE216|Cluster-80073.0__TRINITY_DN15963_c0_g3_i4.p1              24.39%    passed    100.00%
   2  DE542|Cluster-27538.0__TRINITY_DN214_c2_g1_i2.p1                 0.00%    passed    100.00%
   3  DE566|Cluster-48682.0__TRINITY_DN7334_c0_g1_i11.p1              36.59%    passed     99.93%
   4  DE173|Cluster-54445.0__TRINITY_DN7284_c0_g1_i7.p1               73.78%    passed     93.46%
   5  DE189|Cluster-12039.0__TRINITY_DN5444_c0_g1_i3.p1               73.78%    passed     93.46%
   6  JJ109|Cluster-47716.0__TRINITY_DN198_c0_g2_i4.p1                36.28%    passed    100.00%
   7  DE505|Cluster-44580.0__TRINITY_DN360_c0_g1_i8.p1                36.28%    passed    100.00%
   8  DE764|Cluster-14678.0__TRINITY_DN5375_c0_g1_i2.p1               36.59%    passed     99.98%
   9  JJ15|Cluster-62767.0__TRINITY_DN20158_c0_g2_i1.p1               36.28%    passed     99.99%
  10  DE534|Cluster-72864.0__TRINITY_DN31033_c0_g1_i1.p1              36.28%    passed    100.00%
  11  DE127|Cluster-44372.0__TRINITY_DN7782_c0_g2_i1.p1                0.00%    passed    100.00%
  12  DE554|Cluster-53310.0__TRINITY_DN2279_c0_g3_i1.p1                0.00%    passed    100.00%
  13  DE666|Cluster-45114.0__TRINITY_DN7287_c1_g4_i1.p1               37.50%    passed     99.76%
  14  DE115|Cluster-22908.0__TRINITY_DN9622_c0_g2_i1.p1                0.00%    passed    100.00%
  15  JJ86|Cluster-10357.0__TRINITY_DN2664_c0_g2_i2.p1                 0.00%    passed    100.00%
  16  DE546_urceolata_l|Cluster-37723.0__TRINITY_DN5483_c1_g2_i1.p1    0.00%    passed    100.00%
  17  DE126|Cluster-34188.0__TRINITY_DN3176_c0_g1_i1.p1                0.00%    passed    100.00%
  18  DE575|Cluster-43132.0__TRINITY_DN7762_c0_g1_i3.p1               35.98%    passed    100.00%
  19  DE681|Cluster-48739.0__TRINITY_DN17144_c0_g2_i2.p1              35.98%    passed    100.00%
  20  DE563|Cluster-50072.1__TRINITY_DN5969_c0_g1_i4.p1                0.00%    passed    100.00%
  21  DE623|Cluster-31847.0__TRINITY_DN5023_c0_g1_i4.p1                0.61%    passed    100.00%
  22  DE680|Cluster-46020.0__TRINITY_DN2949_c0_g1_i1.p1                0.61%    passed    100.00%
  23  DE668|Cluster-58758.0__TRINITY_DN16583_c1_g1_i3.p1              36.28%    passed     99.98%
  24  JJ74|Cluster-119730.0__TRINITY_DN2228_c0_g4_i2.p1                8.54%    passed    100.00%
  25  DE152|Cluster-55223.0__TRINITY_DN6836_c0_g1_i1.p1                0.00%    passed    100.00%
  26  DE229|Cluster-61919.0__TRINITY_DN7057_c0_g3_i1.p1               26.83%    passed    100.00%
  27  DE536|Cluster-42605.0__TRINITY_DN2619_c0_g2_i2.p1                0.00%    passed    100.00%
  28  JJ36|Cluster-5328.0__TRINITY_DN19921_c0_g2_i1.p1                 0.30%    passed    100.00%
  29  DE531|Cluster-52760.0__TRINITY_DN8975_c0_g2_i1.p1                0.30%    passed    100.00%
  30  DE696-dots|Cluster-24048.0__TRINITY_DN6185_c0_g2_i1.p1          36.28%    passed     99.99%
  31  DE696-nodots|Cluster-33653.0__TRINITY_DN2962_c0_g1_i1.p1        36.28%    passed     99.98%
  32  JJ23|Cluster-28359.0__TRINITY_DN542_c0_g1_i1.p1                  3.05%    passed    100.00%
  33  DE164|Cluster-12275.0__TRINITY_DN4728_c0_g1_i1.p1                0.30%    passed    100.00%
  34  DE541|Cluster-54592.0__TRINITY_DN10455_c0_g2_i1.p1               0.30%    passed    100.00%
  35  DE643|Cluster-45192.0__TRINITY_DN592_c3_g2_i1.p1                 0.30%    passed    100.00%
  36  DE671|Cluster-52302.0__TRINITY_DN4659_c0_g3_i1.p1                0.30%    passed    100.00%
  37  DE504|Cluster-20577.0__TRINITY_DN19502_c0_g1_i2.p1               0.30%    passed    100.00%
  38  DE509|Cluster-30269.0__TRINITY_DN2596_c0_g1_i6.p1                0.30%    passed    100.00%
  39  JJ89|Cluster-39023.0__TRINITY_DN4479_c2_g1_i2.p1                 0.30%    passed    100.00%
  40  DE737|Cluster-22923.0__TRINITY_DN2473_c0_g2_i1.p1                0.30%    passed    100.00%
  41  DE736|Cluster-42874.0__TRINITY_DN6823_c0_g2_i1.p1                0.30%    passed    100.00%
  42  DE672|Cluster-39941.0__TRINITY_DN6545_c0_g1_i2.p1                0.30%    passed    100.00%
  43  DE549|Cluster-47449.0__TRINITY_DN7129_c0_g1_i7.p1               37.80%    passed     98.10%
  44  DE181|Cluster-54353.0__TRINITY_DN5907_c2_g1_i1.p1               37.80%    passed     99.44%
  45  SRR3424066|Cluster-16941.0__TRINITY_DN9413_c0_g2_i2.p1           0.30%    passed    100.00%
  46  SRR3407086|Cluster-6020.0__TRINITY_DN3855_c0_g2_i1.p1            0.30%    passed    100.00%
  47  SRR3407088|Cluster-27556.0__TRINITY_DN12016_c0_g1_i1.p1          0.30%    passed    100.00%
  48  DE503|Cluster-44845.0__TRINITY_DN1033_c0_g1_i1.p1                0.30%    passed    100.00%
  49  SRR3407092|Cluster-29449.0__TRINITY_DN14372_c0_g2_i1.p1          0.30%    passed    100.00%
  50  SRR3407094|Cluster-13108.0__TRINITY_DN1125_c0_g2_i1.p1           0.30%    passed    100.00%
  51  SRR3407093|Cluster-7445.0__TRINITY_DN2030_c0_g2_i1.p1            0.30%    passed    100.00%
  52  DE510|Cluster-39509.0__TRINITY_DN5092_c0_g1_i1.p1                0.30%    passed    100.00%
  53  SRR3407087|Cluster-17595.0__TRINITY_DN21410_c0_g2_i1.p1          0.30%    passed    100.00%
  54  DE561|Cluster-14308.0__TRINITY_DN4744_c0_g2_i1.p1                8.54%    passed    100.00%
  55  JJ85|Cluster-24011.0__TRINITY_DN8105_c0_g2_i2.p1                 0.30%    passed    100.00%
  56  DRR082660|Cluster-24902.0__TRINITY_DN12092_c0_g1_i1.p1           0.30%    passed    100.00%
  57  DE523|Cluster-7659.0__TRINITY_DN2573_c0_g1_i1.p1                 0.30%    passed    100.00%
  58  SRR3407096|Cluster-24106.0__TRINITY_DN12077_c0_g2_i3.p1          0.30%    passed    100.00%
  59  DE519|Cluster-66148.0__TRINITY_DN2098_c0_g1_i1.p1               37.80%    passed     99.66%
  60  DE741|Cluster-35578.0__TRINITY_DN3440_c0_g1_i1.p1               37.80%    passed     99.74%
  61  JJ125|Cluster-1361.0__TRINITY_DN1611_c0_g3_i1.p1                 0.30%    passed    100.00%
  62  DE560|Cluster-41774.0__TRINITY_DN5752_c0_g1_i1.p1                0.30%    passed    100.00%
  63  SRR3407095|Cluster-38815.0__TRINITY_DN22710_c0_g1_i3.p1          0.30%    passed    100.00%
  64  DE69|Cluster-11087.0__TRINITY_DN7491_c0_g1_i2.p1                36.28%    passed    100.00%
  65  DE765|Cluster-55010.0__TRINITY_DN20035_c0_g1_i3.p1              37.50%    passed     97.63%
  66  DE162|Cluster-5644.0__TRINITY_DN4698_c0_g1_i3.p1                37.50%    passed     96.67%
  67  DE507|Cluster-66815.0__TRINITY_DN13024_c0_g2_i1.p1               0.00%    passed    100.00%
  68  DE704-purple|Cluster-20268.0__TRINITY_DN4410_c0_g1_i2.p1         0.00%    passed    100.00%
  69  DE528|Cluster-8537.0__TRINITY_DN12246_c1_g1_i1.p1                0.00%    passed    100.00%
  70  DE704-white|Cluster-15905.0__TRINITY_DN8104_c0_g2_i1.p1          8.54%    passed    100.00%
  71  JJ131|Cluster-47115.0__TRINITY_DN3720_c0_g1_i4.p1                0.00%    passed    100.00%
  72  DE151|Cluster-5197.0__TRINITY_DN5917_c0_g1_i9.p1                 0.30%    passed    100.00%
  73  JJ130|Cluster-32958.1__TRINITY_DN3369_c1_g2_i2.p1                0.30%    passed    100.00%
  74  SRR104381|Cluster-32785.2__TRINITY_DN1203_c0_g1_i7.p1            0.91%    passed    100.00%
  75  SRR5150740|Cluster-48095.0__TRINITY_DN1113_c2_g1_i2.p1           0.30%    passed    100.00%
  76  DRR234970|Cluster-48635.0__TRINITY_DN3042_c0_g1_i1.p1            0.91%    passed    100.00%
  77  DE550|Cluster-32749.0__TRINITY_DN8296_c0_g1_i8.p1               37.80%    passed     94.03%
  78  SRR11934227|Cluster-177138.0__TRINITY_DN79298_c0_g1_i2.p1        5.49%    passed     52.06%
  79  JJ99|Cluster-53496.0__TRINITY_DN1193_c0_g1_i2.p1                37.50%    passed     95.08%
  80  DRR082665|Cluster-31700.3__TRINITY_DN12065_c0_g1_i3.p1          11.28%    passed     30.91%
WARNING: 2 sequences contain more than 50% gaps/ambiguity
****  TOTAL                                                           12.89%  0 sequences failed composition chi2 test (p-value<5%; df=60)
Reading input tree file tmp.csubst.nwk ... rooted tree

NOTE: 55 MB RAM (0 GB) is required!
Measuring multi-threading efficiency up to 1 CPU cores
2 trees examined
Threads: 1 / Time: 2.916 sec / Speedup: 1.000 / Efficiency: 100% / LogL: -10067
BEST NUMBER OF THREADS: 1

Estimate model parameters (epsilon = 0.010)
1. Initial log-likelihood: -10479.017
2. Current log-likelihood: -6940.387
3. Current log-likelihood: -6939.764
4. Current log-likelihood: -6939.526
5. Current log-likelihood: -6939.422
6. Current log-likelihood: -6939.372
7. Current log-likelihood: -6939.345
8. Current log-likelihood: -6939.329
Optimal log-likelihood: -6939.320
Nonsynonymous/synonymous ratio (omega): 1.000
Transition/transversion ratio (kappa): 1.000
Site proportion and rates:  (0.637,0.412) (0.212,1.484) (0.115,2.022) (0.036,5.271)
Parameters optimization took 8 rounds (71.885 sec)
Wrote distance file to... 
BEST SCORE FOUND : -6939.320
Ancestral state probabilities printed to /mnt/data0/yue/2026-03-11-protein-convergence/results/OG_2836/csubst_w_s/csubst_input_alignment.fa.state
Empirical proportions for each category: 0.701 0.198 0.070 0.030
Site rates printed to /mnt/data0/yue/2026-03-11-protein-convergence/results/OG_2836/csubst_w_s/csubst_input_alignment.fa.rate
Total tree length: 3.756

Total number of iterations: 0
CPU time used for tree search: 0.000 sec (0h:0m:0s)
Wall-clock time used for tree search: 0.000 sec (0h:0m:0s)
Total CPU time used: 76.505 sec (0h:1m:16s)
Total wall-clock time used: 76.649 sec (0h:1m:16s)

Analysis results written to: 
  IQ-TREE report:                /mnt/data0/yue/2026-03-11-protein-convergence/results/OG_2836/csubst_w_s/csubst_input_alignment.fa.iqtree
  Maximum-likelihood tree:       /mnt/data0/yue/2026-03-11-protein-convergence/results/OG_2836/csubst_w_s/csubst_input_alignment.fa.treefile
  Site-specific rates:           /mnt/data0/yue/2026-03-11-protein-convergence/results/OG_2836/csubst_w_s/csubst_input_alignment.fa.rate
  Ancestral state:               /mnt/data0/yue/2026-03-11-protein-convergence/results/OG_2836/csubst_w_s/csubst_input_alignment.fa.state
  Screen log file:               /mnt/data0/yue/2026-03-11-protein-convergence/results/OG_2836/csubst_w_s/csubst_input_alignment.fa.log

Date and Time: Fri Mar 27 06:32:33 2026
