IQ-TREE multicore version 2.4.0 for Linux x86 64-bit built Feb 12 2025
Developed by Bui Quang Minh, Nguyen Lam Tung, Olga Chernomor, Heiko Schmidt,
Dominik Schrempf, Michael Woodhams, Ly Trong Nhan, Thomas Wong

Host:    brain (AVX2, FMA3, 2015 GB RAM)
Command: /home/yue/miniconda3/envs/py39/bin/iqtree -s /mnt/data0/yue/2026-03-11-protein-convergence/results/OG_5922/csubst_w_s/csubst_input_alignment.fa -te tmp.csubst.nwk -m ECMK07+F+R4 --seqtype CODON1 --threads-max 1 -T AUTO --ancestral --rate --redo
Seed:    155370 (Using SPRNG - Scalable Parallel Random Number Generator)
Time:    Fri Mar 27 19:48:20 2026
Kernel:  AVX+FMA - auto-detect threads (128 CPU cores detected)

Reading alignment file /mnt/data0/yue/2026-03-11-protein-convergence/results/OG_5922/csubst_w_s/csubst_input_alignment.fa ... Fasta format detected
Reading fasta file: done in 0.00262761 secs using 99.82% CPU
Alignment most likely contains DNA/RNA sequences
Converting to codon sequences with genetic code 1 ...
Alignment has 73 sequences with 693 columns, 676 distinct patterns
394 parsimony-informative, 186 singleton sites, 113 constant sites
                                                          Gap/Ambiguity  Composition  p-value
Analyzing sequences: done in 0.000150934 secs
   1  DE560|Cluster-23309.1__TRINITY_DN9145_c0_g1_i1.p1          52.24%    passed     99.93%
   2  DE575|Cluster-32117.0__TRINITY_DN3299_c1_g1_i2.p1          35.79%    passed    100.00%
   3  SRR3407092|Cluster-17574.0__TRINITY_DN1135_c0_g1_i1.p1     23.95%    passed    100.00%
   4  DE563|Cluster-51572.0__TRINITY_DN418_c2_g1_i1.p1           33.48%    passed     52.46%
   5  DE681|Cluster-62242.0__TRINITY_DN1574_c3_g1_i1.p1           0.58%    passed    100.00%
   6  DE528|Cluster-45204.0__TRINITY_DN6476_c0_g1_i2.p1           0.14%    passed    100.00%
   7  DE666|Cluster-25314.0__TRINITY_DN2730_c0_g1_i2.p1           1.15%    passed    100.00%
   8  DE668|Cluster-2401.0__TRINITY_DN1982_c3_g1_i1.p1            0.14%    passed    100.00%
   9  DE566|Cluster-9386.0__TRINITY_DN2089_c0_g1_i1.p1            0.72%    passed    100.00%
  10  DE229|Cluster-56584.0__TRINITY_DN1609_c0_g1_i1.p1           1.44%    passed    100.00%
  11  DE88|Cluster-6480.0__TRINITY_DN1206_c0_g1_i2.p1             0.72%    passed    100.00%
  12  DE737|Cluster-23900.1__TRINITY_DN265_c0_g3_i2.p1            0.14%    passed    100.00%
  13  DE643|Cluster-56875.0__TRINITY_DN1934_c0_g2_i5.p1           4.47%    passed    100.00%
  14  DE671|Cluster-37458.0__TRINITY_DN338_c0_g1_i1.p1            0.14%    passed    100.00%
  15  DE509|Cluster-35959.0__TRINITY_DN607_c2_g5_i2.p1           24.68%    passed    100.00%
  16  DE542|Cluster-62618.0__TRINITY_DN6149_c0_g1_i3.p1           0.14%    passed    100.00%
  17  JJ125|Cluster-37288.0__TRINITY_DN3556_c0_g1_i2.p1          33.77%    passed     99.80%
  18  DRR082660|Cluster-10085.3__TRINITY_DN4194_c1_g1_i6.p1       0.87%    passed    100.00%
  19  SRR3407095|Cluster-29512.0__TRINITY_DN198_c0_g1_i2.p1       1.01%    passed    100.00%
  20  DE519|Cluster-61550.0__TRINITY_DN3693_c1_g1_i1.p1           1.73%    passed    100.00%
  21  JJ131|Cluster-39193.0__TRINITY_DN1216_c0_g2_i1.p1           0.87%    passed    100.00%
  22  DRR234970|Cluster-2812.0__TRINITY_DN3962_c0_g1_i1.p1        3.61%    passed     93.96%
  23  SRR5150740|Cluster-43522.0__TRINITY_DN1591_c0_g1_i1.p1      8.80%    passed     66.86%
  24  DE152|Cluster-46627.0__TRINITY_DN2052_c3_g1_i1.p1           3.32%    passed    100.00%
  25  DE127|Cluster-37059.2__TRINITY_DN2973_c1_g1_i3.p1          33.48%    passed     99.99%
  26  DE554|Cluster-65790.0__TRINITY_DN343_c1_g1_i1.p1           33.19%    passed     99.99%
  27  DE69|Cluster-23395.0__TRINITY_DN15715_c0_g1_i8.p1           2.60%    passed    100.00%
  28  DE765|Cluster-38256.0__TRINITY_DN13915_c0_g1_i2.p1          2.60%    passed    100.00%
  29  JJ23|Cluster-29657.0__TRINITY_DN1779_c0_g1_i4.p1            1.01%    passed    100.00%
  30  DE534|Cluster-76182.0__TRINITY_DN1143_c0_g1_i4.p1          44.73%    passed     99.47%
  31  DE115|Cluster-58096.0__TRINITY_DN4235_c1_g1_i8.p1          60.75%    passed     97.69%
  32  DE162|Cluster-23514.0__TRINITY_DN12859_c0_g1_i9.p1         33.48%    passed     99.99%
  33  DE704-purple|Cluster-26747.0__TRINITY_DN8544_c0_g1_i9.p1    0.58%    passed    100.00%
  34  DE507|Cluster-53888.0__TRINITY_DN6339_c0_g1_i3.p1           0.14%    passed    100.00%
  35  DE704-white|Cluster-56926.0__TRINITY_DN10388_c0_g1_i3.p1    0.14%    passed    100.00%
  36  DE126|Cluster-46707.312__TRINITY_DN14156_c0_g2_i2.p1       52.24%    passed     99.29%
  37  DE151|Cluster-60168.0__TRINITY_DN7900_c0_g1_i1.p1           0.14%    passed    100.00%
  38  JJ130|Cluster-15406.0__TRINITY_DN1263_c4_g1_i1.p1           0.29%    passed    100.00%
  39  DE189|Cluster-36093.0__TRINITY_DN10750_c0_g1_i2.p1          0.29%    passed    100.00%
  40  DE173|Cluster-15318.0__TRINITY_DN1749_c4_g1_i1.p1           0.14%    passed    100.00%
  41  JJ109|Cluster-42696.3__TRINITY_DN3085_c1_g1_i4.p1          52.38%    passed     99.96%
  42  DE541|Cluster-41819.0__TRINITY_DN374_c1_g1_i3.p1           22.08%    passed    100.00%
  43  DE164|Cluster-49292.0__TRINITY_DN22323_c0_g1_i1.p1          2.02%    passed    100.00%
  44  DE672|Cluster-3773.10__TRINITY_DN8633_c1_g1_i5.p1           0.14%    passed    100.00%
  45  DE476|Cluster-45300.0__TRINITY_DN1868_c3_g1_i1.p1           0.14%    passed    100.00%
  46  DE736|Cluster-43136.0__TRINITY_DN664_c0_g1_i1.p1            0.14%    passed    100.00%
  47  DE764|Cluster-31057.0__TRINITY_DN1395_c0_g2_i2.p1           0.14%    passed    100.00%
  48  DE531|Cluster-39754.0__TRINITY_DN6970_c2_g1_i1.p1           0.14%    passed    100.00%
  49  DE696-nodots|Cluster-56383.0__TRINITY_DN4265_c3_g1_i1.p1    0.14%    passed    100.00%
  50  JJ36|Cluster-39066.0__TRINITY_DN6351_c4_g1_i1.p1            0.14%    passed    100.00%
  51  DE549|Cluster-33917.9__TRINITY_DN377_c0_g1_i7.p1            0.14%    passed    100.00%
  52  SRR3407096|Cluster-16596.0__TRINITY_DN2263_c0_g1_i8.p1      0.14%    passed    100.00%
  53  DE523|Cluster-8659.0__TRINITY_DN3229_c0_g1_i1.p1            0.14%    passed    100.00%
  54  DE216|Cluster-50828.0__TRINITY_DN5993_c1_g2_i2.p1           0.29%    passed    100.00%
  55  JJ15|Cluster-63785.0__TRINITY_DN3178_c1_g2_i12.p1          24.68%    passed    100.00%
  56  DE536|Cluster-46926.0__TRINITY_DN1681_c3_g2_i1.p1           0.14%    passed    100.00%
  57  JJ85|Cluster-41394.1__TRINITY_DN13_c0_g2_i1.p1              5.77%    passed    100.00%
  58  DE181|Cluster-7451.0__TRINITY_DN2158_c1_g1_i1.p1            0.14%    passed    100.00%
  59  SRR3407086|Cluster-42430.0__TRINITY_DN4535_c2_g1_i1.p1      0.14%    passed    100.00%
  60  SRR3424066|Cluster-10786.0__TRINITY_DN2128_c0_g2_i1.p1      0.14%    passed    100.00%
  61  SRR3407088|Cluster-22994.0__TRINITY_DN2230_c1_g1_i1.p1      0.14%    passed    100.00%
  62  DE503|Cluster-59820.0__TRINITY_DN2072_c2_g1_i1.p1           0.00%    passed    100.00%
  63  DE505|Cluster-9824.0__TRINITY_DN815_c3_g2_i1.p1             0.00%    passed    100.00%
  64  DE510|Cluster-20619.10__TRINITY_DN1101_c0_g2_i2.p1          0.00%    passed    100.00%
  65  SRR3407087|Cluster-9970.0__TRINITY_DN1564_c0_g1_i1.p1       0.00%    passed    100.00%
  66  SRR3407093|Cluster-6430.0__TRINITY_DN46_c4_g1_i1.p1         0.00%    passed    100.00%
  67  SRR3407094|Cluster-39587.0__TRINITY_DN4495_c1_g3_i1.p1      0.00%    passed    100.00%
  68  DE561|Cluster-126.0__TRINITY_DN1268_c2_g1_i1.p1            40.69%    passed    100.00%
  69  DE741|Cluster-54857.1__TRINITY_DN533_c0_g1_i10.p1          25.25%    passed    100.00%
  70  DE504|Cluster-10471.0__TRINITY_DN1353_c0_g1_i5.p1          52.24%    passed     98.94%
  71  JJ99|Cluster-22141.0__TRINITY_DN2227_c0_g1_i3.p1           53.97%    passed     97.57%
  72  DRR082665|Cluster-43149.0__TRINITY_DN249_c0_g1_i1.p1       15.58%    failed      1.22%
  73  SRR104381|Cluster-13481.0__TRINITY_DN8129_c0_g1_i1.p1       7.50%    passed     94.03%
WARNING: 6 sequences contain more than 50% gaps/ambiguity
****  TOTAL                                                      11.02%  1 sequences failed composition chi2 test (p-value<5%; df=60)
WARNING: States(s) TGC rarely appear in alignment and may cause numerical problems
Reading input tree file tmp.csubst.nwk ... rooted tree

NOTE: 101 MB RAM (0 GB) is required!
Measuring multi-threading efficiency up to 1 CPU cores
2 trees examined
Threads: 1 / Time: 5.653 sec / Speedup: 1.000 / Efficiency: 100% / LogL: -24421
BEST NUMBER OF THREADS: 1

Estimate model parameters (epsilon = 0.010)
1. Initial log-likelihood: -23061.577
2. Current log-likelihood: -14877.161
3. Current log-likelihood: -14863.997
4. Current log-likelihood: -14863.938
5. Current log-likelihood: -14863.899
6. Current log-likelihood: -14863.871
7. Current log-likelihood: -14863.848
8. Current log-likelihood: -14863.830
9. Current log-likelihood: -14863.815
10. Current log-likelihood: -14863.804
Optimal log-likelihood: -14863.794
Nonsynonymous/synonymous ratio (omega): 1.000
Transition/transversion ratio (kappa): 1.000
Site proportion and rates:  (0.536,0.376) (0.294,1.303) (0.140,2.075) (0.030,4.109)
Parameters optimization took 10 rounds (184.981 sec)
Wrote distance file to... 
BEST SCORE FOUND : -14863.794
Ancestral state probabilities printed to /mnt/data0/yue/2026-03-11-protein-convergence/results/OG_5922/csubst_w_s/csubst_input_alignment.fa.state
Empirical proportions for each category: 0.566 0.328 0.087 0.020
Site rates printed to /mnt/data0/yue/2026-03-11-protein-convergence/results/OG_5922/csubst_w_s/csubst_input_alignment.fa.rate
Total tree length: 3.887

Total number of iterations: 0
CPU time used for tree search: 0.000 sec (0h:0m:0s)
Wall-clock time used for tree search: 0.000 sec (0h:0m:0s)
Total CPU time used: 193.770 sec (0h:3m:13s)
Total wall-clock time used: 194.289 sec (0h:3m:14s)

Analysis results written to: 
  IQ-TREE report:                /mnt/data0/yue/2026-03-11-protein-convergence/results/OG_5922/csubst_w_s/csubst_input_alignment.fa.iqtree
  Maximum-likelihood tree:       /mnt/data0/yue/2026-03-11-protein-convergence/results/OG_5922/csubst_w_s/csubst_input_alignment.fa.treefile
  Site-specific rates:           /mnt/data0/yue/2026-03-11-protein-convergence/results/OG_5922/csubst_w_s/csubst_input_alignment.fa.rate
  Ancestral state:               /mnt/data0/yue/2026-03-11-protein-convergence/results/OG_5922/csubst_w_s/csubst_input_alignment.fa.state
  Screen log file:               /mnt/data0/yue/2026-03-11-protein-convergence/results/OG_5922/csubst_w_s/csubst_input_alignment.fa.log

Date and Time: Fri Mar 27 19:51:34 2026
