IQ-TREE multicore version 2.4.0 for Linux x86 64-bit built Feb 12 2025
Developed by Bui Quang Minh, Nguyen Lam Tung, Olga Chernomor, Heiko Schmidt,
Dominik Schrempf, Michael Woodhams, Ly Trong Nhan, Thomas Wong

Host:    brain (AVX2, FMA3, 2015 GB RAM)
Command: /home/yue/miniconda3/envs/py39/bin/iqtree -s /mnt/data0/yue/2026-03-11-protein-convergence/results/OG_788/csubst_w_s/csubst_input_alignment.fa -te tmp.csubst.nwk -m ECMK07+F+R4 --seqtype CODON1 --threads-max 1 -T AUTO --ancestral --rate --redo
Seed:    219148 (Using SPRNG - Scalable Parallel Random Number Generator)
Time:    Sat Mar 28 01:59:02 2026
Kernel:  AVX+FMA - auto-detect threads (128 CPU cores detected)

Reading alignment file /mnt/data0/yue/2026-03-11-protein-convergence/results/OG_788/csubst_w_s/csubst_input_alignment.fa ... Fasta format detected
Reading fasta file: done in 0.00164267 secs using 33.24% CPU
Alignment most likely contains DNA/RNA sequences
Converting to codon sequences with genetic code 1 ...
WARNING: 1 sites contain only gaps or ambiguous characters.
Alignment has 143 sequences with 219 columns, 217 distinct patterns
173 parsimony-informative, 27 singleton sites, 19 constant sites
                                                               Gap/Ambiguity  Composition  p-value
Analyzing sequences: done in 9.26256e-05 secs using 97.17% CPU
   1  DE680|Cluster-23484.0__TRINITY_DN7807_c0_g1_i1.p1                0.46%    passed     99.99%
   2  DE704-purple|Cluster-47074.0__TRINITY_DN15796_c0_g1_i1.p1        0.91%    passed    100.00%
   3  DE704-white|Cluster-6760.0__TRINITY_DN4311_c2_g1_i1.p1           0.91%    passed    100.00%
   4  DE549|Cluster-39118.0__TRINITY_DN8298_c0_g1_i2.p1                0.46%    passed    100.00%
   5  DE566|Cluster-19596.0__TRINITY_DN14072_c0_g2_i1.p1               0.46%    passed     92.42%
   6  DE671|Cluster-25497.0__TRINITY_DN4044_c2_g1_i1.p1               18.26%    passed     99.99%
   7  SRR11934227|Cluster-161835.1__TRINITY_DN12951_c0_g1_i2.p1        0.46%    failed      0.00%
   8  DE162|Cluster-4.0__TRINITY_DN37817_c0_g1_i2.p1                   0.91%    passed     74.71%
   9  DE528|Cluster-42676.0__TRINITY_DN2675_c0_g1_i1.p1                0.91%    passed     62.98%
  10  JJ85|Cluster-34866.0__TRINITY_DN3819_c0_g1_i7.p1                 0.46%    passed    100.00%
  11  DE560|Cluster-11518.0__TRINITY_DN6926_c0_g2_i1.p1                0.46%    passed     99.99%
  12  JJ36|Cluster-8224.0__TRINITY_DN629_c2_g1_i1.p1                   0.46%    passed    100.00%
  13  DE696-dots|Cluster-8723.0__TRINITY_DN8078_c0_g2_i1.p1            0.46%    passed    100.00%
  14  DE696-nodots|Cluster-60075.0__TRINITY_DN711_c2_g1_i1.p1          0.46%    passed    100.00%
  15  DE164|Cluster-56619.0__TRINITY_DN11101_c0_g1_i2.p1               0.46%    passed    100.00%
  16  DE672|Cluster-19322.1__TRINITY_DN3888_c0_g1_i2.p1                0.46%    passed    100.00%
  17  DE737|Cluster-17369.0__TRINITY_DN2752_c2_g3_i1.p1                0.46%    passed    100.00%
  18  DE151|Cluster-33143.0__TRINITY_DN13474_c0_g1_i1.p1               0.46%    passed    100.00%
  19  DE173|Cluster-56993.0__TRINITY_DN10719_c0_g1_i2.p1               0.46%    passed    100.00%
  20  DE189|Cluster-11023.0__TRINITY_DN12587_c0_g1_i1.p1               0.46%    passed    100.00%
  21  DE476|Cluster-28801.0__TRINITY_DN10877_c0_g1_i1.p1               0.46%    passed     95.81%
  22  DE509|Cluster-22582.0__TRINITY_DN12060_c0_g2_i1.p1               0.46%    passed    100.00%
  23  DE531|Cluster-16327.0__TRINITY_DN16954_c1_g1_i1.p1               0.46%    passed    100.00%
  24  DE541|Cluster-28608.0__TRINITY_DN450_c3_g1_i1.p1                 0.46%    passed    100.00%
  25  DE550|Cluster-50288.0__TRINITY_DN8162_c0_g1_i1.p1                0.46%    passed    100.00%
  26  DE736|Cluster-29329.0__TRINITY_DN14460_c0_g1_i1.p1               0.46%    passed    100.00%
  27  DE764|Cluster-20743.0__TRINITY_DN4128_c0_g1_i1.p1                0.46%    passed    100.00%
  28  DE88|Cluster-18476.0__TRINITY_DN7761_c0_g1_i1.p1                 0.46%    passed    100.00%
  29  JJ109|Cluster-42767.0__TRINITY_DN7244_c0_g1_i1.p1                0.46%    passed    100.00%
  30  JJ130|Cluster-22368.0__TRINITY_DN14221_c0_g1_i1.p1               0.46%    passed    100.00%
  31  JJ89|Cluster-18112.0__TRINITY_DN18508_c0_g1_i1.p1                0.46%    passed    100.00%
  32  DE504|Cluster-584.0__TRINITY_DN6130_c0_g3_i1.p1                  0.46%    passed     99.96%
  33  DE115|Cluster-29486.0__TRINITY_DN8497_c0_g2_i1.p1                0.46%    passed    100.00%
  34  JJ86|Cluster-13803.0__TRINITY_DN9805_c0_g2_i1.p1                 0.46%    passed    100.00%
  35  DE554|Cluster-43764.0__TRINITY_DN1338_c2_g1_i1.p1                0.46%    passed    100.00%
  36  DE681|Cluster-12730.0__TRINITY_DN12272_c0_g1_i2.p1               0.46%    passed    100.00%
  37  DE765|Cluster-41093.0__TRINITY_DN10933_c0_g1_i3.p1               0.46%    passed    100.00%
  38  DE127|Cluster-43563.0__TRINITY_DN418_c0_g2_i4.p1                 0.46%    passed    100.00%
  39  DE623|Cluster-18916.2__TRINITY_DN3860_c0_g1_i3.p1                0.46%    passed    100.00%
  40  DE563|Cluster-4394.0__TRINITY_DN371_c2_g1_i1.p1                  0.46%    passed    100.00%
  41  SRR3424066|Cluster-13004.55__TRINITY_DN19111_c0_g1_i1.p1         0.46%    passed    100.00%
  42  SRR3407093|Cluster-1975.0__TRINITY_DN2288_c0_g1_i1.p1            0.46%    passed    100.00%
  43  DE181|Cluster-11963.0__TRINITY_DN12015_c0_g1_i2.p1               0.46%    passed    100.00%
  44  SRR3407096|Cluster-7911.0__TRINITY_DN3467_c1_g2_i1.p1            0.46%    passed    100.00%
  45  DE503|Cluster-24470.0__TRINITY_DN13164_c0_g1_i1.p1               0.46%    passed    100.00%
  46  SRR3407092|Cluster-14092.0__TRINITY_DN11874_c0_g1_i1.p1          0.46%    passed    100.00%
  47  DE510|Cluster-19116.0__TRINITY_DN9402_c0_g1_i1.p1                0.46%    passed    100.00%
  48  SRR3407088|Cluster-9231.0__TRINITY_DN3516_c1_g2_i1.p1            0.46%    passed    100.00%
  49  DE561|Cluster-19180.0__TRINITY_DN68159_c0_g1_i1.p1               0.46%    passed    100.00%
  50  SRR3407087|Cluster-34913.0__TRINITY_DN3852_c0_g1_i2.p1           0.46%    passed    100.00%
  51  SRR3407086|Cluster-2142.0__TRINITY_DN10495_c0_g1_i1.p1           0.46%    passed    100.00%
  52  SRR3407094|Cluster-8912.0__TRINITY_DN2074_c0_g2_i1.p1            0.46%    passed    100.00%
  53  DE505|Cluster-54446.1__TRINITY_DN9783_c0_g1_i3.p1               42.47%    passed     98.72%
  54  DE523|Cluster-34845.0__TRINITY_DN16580_c0_g1_i1.p1              42.47%    passed     95.58%
  55  DE69|Cluster-28200.0__TRINITY_DN5835_c2_g1_i1.p1                 0.46%    passed    100.00%
  56  SRR3407095|Cluster-4216.0__TRINITY_DN16622_c0_g1_i1.p1           0.46%    passed    100.00%
  57  DE643|Cluster-76269.0__TRINITY_DN2410_c1_g2_i2.p1                0.46%    passed    100.00%
  58  DE741|Cluster-37525.0__TRINITY_DN5155_c1_g1_i1.p1                1.37%    passed    100.00%
  59  DE519|Cluster-10318.0__TRINITY_DN16019_c0_g1_i1.p1               0.46%    passed    100.00%
  60  JJ74|Cluster-129889.0__TRINITY_DN295_c1_g1_i1.p1                 0.46%    passed    100.00%
  61  JJ131|Cluster-48248.0__TRINITY_DN16416_c0_g1_i1.p1               0.46%    passed     94.75%
  62  DE216|Cluster-66468.0__TRINITY_DN8719_c0_g1_i1.p1                0.46%    passed    100.00%
  63  DE534|Cluster-50177.0__TRINITY_DN5525_c0_g1_i1.p1                0.46%    passed    100.00%
  64  DE542|Cluster-30167.0__TRINITY_DN9208_c0_g2_i1.p1                0.46%    passed    100.00%
  65  JJ15|Cluster-20226.0__TRINITY_DN7096_c0_g2_i1.p1                48.86%    passed     93.18%
  66  DE668|Cluster-18439.0__TRINITY_DN18438_c0_g1_i3.p1               0.46%    passed    100.00%
  67  DE546_urceolata_l|Cluster-7252.0__TRINITY_DN29444_c0_g1_i1.p1    0.46%    passed    100.00%
  68  JJ125|Cluster-30710.0__TRINITY_DN1413_c0_g2_i1.p1                0.91%    passed    100.00%
  69  DE126|Cluster-7841.0__TRINITY_DN23035_c0_g1_i1.p1                0.91%    passed    100.00%
  70  DE152|Cluster-55109.0__TRINITY_DN14761_c1_g1_i1.p1               0.91%    passed    100.00%
  71  JJ99|Cluster-34226.0__TRINITY_DN20666_c0_g1_i1.p1                0.91%    passed     99.98%
  72  DE666|Cluster-36191.0__TRINITY_DN10451_c0_g1_i1.p1              26.48%    passed     99.99%
  73  JJ23|Cluster-42535.0__TRINITY_DN13193_c0_g1_i1.p1               42.47%    passed     99.29%
  74  DE229|Cluster-79601.0__TRINITY_DN11570_c0_g1_i1.p1              42.47%    passed     99.71%
  75  DE575|Cluster-60924.1__TRINITY_DN7225_c0_g1_i2.p1                0.46%    passed    100.00%
  76  DE115|Cluster-38598.0__TRINITY_DN8497_c0_g1_i1.p1                0.46%    passed    100.00%
  77  JJ85|Cluster-18156.0__TRINITY_DN2582_c0_g1_i1.p1                 0.46%    passed     99.91%
  78  DE164|Cluster-3345.0__TRINITY_DN4295_c2_g1_i1.p1                 0.46%    passed    100.00%
  79  DE181|Cluster-13129.0__TRINITY_DN106536_c0_g1_i1.p1              0.46%    passed    100.00%
  80  SRR3407093|Cluster-16479.0__TRINITY_DN14456_c0_g1_i2.p1          0.46%    passed    100.00%
  81  SRR3407092|Cluster-31218.0__TRINITY_DN11874_c1_g1_i1.p1          0.46%    passed    100.00%
  82  SRR3424066|Cluster-4854.0__TRINITY_DN33233_c0_g1_i1.p1           0.46%    passed    100.00%
  83  DE561|Cluster-33491.0__TRINITY_DN49895_c0_g1_i1.p1               0.46%    passed    100.00%
  84  DE563|Cluster-50928.0__TRINITY_DN1343_c1_g1_i1.p1                0.46%    passed     99.99%
  85  DE643|Cluster-63046.0__TRINITY_DN9105_c0_g1_i3.p1                0.46%    passed     34.30%
  86  DE671|Cluster-16232.0__TRINITY_DN4044_c2_g2_i1.p1                0.46%    passed     50.43%
  87  DE672|Cluster-11124.0__TRINITY_DN110600_c0_g1_i1.p1              0.46%    passed    100.00%
  88  DE764|Cluster-3695.0__TRINITY_DN5437_c0_g1_i1.p1                 0.46%    passed     99.99%
  89  SRR3407086|Cluster-22623.0__TRINITY_DN11532_c0_g1_i1.p1          0.46%    passed    100.00%
  90  DE737|Cluster-24331.0__TRINITY_DN2752_c2_g1_i1.p1               42.47%    passed     97.95%
  91  DE476|Cluster-9581.0__TRINITY_DN80908_c0_g1_i1.p1               42.47%    passed     98.54%
  92  DE696-nodots|Cluster-35280.0__TRINITY_DN599_c0_g1_i2.p1          0.46%    passed     99.45%
  93  DE531|Cluster-10913.0__TRINITY_DN2961_c0_g2_i1.p1                0.46%    passed     99.82%
  94  DE696-dots|Cluster-34953.0__TRINITY_DN1058_c0_g3_i1.p1           0.46%    passed     99.45%
  95  JJ36|Cluster-33221.0__TRINITY_DN39159_c0_g1_i1.p1                0.46%    passed     99.04%
  96  DE509|Cluster-15657.0__TRINITY_DN13639_c0_g1_i1.p1               0.46%    passed    100.00%
  97  DE173|Cluster-7003.0__TRINITY_DN9945_c0_g1_i1.p1                 0.46%    passed     99.86%
  98  DE189|Cluster-2179.0__TRINITY_DN9741_c1_g1_i1.p1                 0.46%    passed     99.83%
  99  DE541|Cluster-16123.0__TRINITY_DN27961_c0_g1_i1.p1               0.46%    passed     99.94%
 100  SRR3407088|Cluster-21355.0__TRINITY_DN48632_c0_g1_i1.p1          0.46%    passed    100.00%
 101  DE549|Cluster-17525.0__TRINITY_DN8298_c0_g2_i1.p1                0.46%    passed    100.00%
 102  DE88|Cluster-11445.0__TRINITY_DN1232_c0_g1_i1.p1                 0.46%    passed     99.93%
 103  DE507|Cluster-13319.1__TRINITY_DN9211_c0_g1_i2.p1                0.46%    passed    100.00%
 104  DE704-white|Cluster-31805.0__TRINITY_DN4311_c2_g2_i1.p1          0.46%    passed    100.00%
 105  DE704-purple|Cluster-56714.0__TRINITY_DN15796_c0_g2_i1.p1        0.46%    passed    100.00%
 106  DE519|Cluster-60848.0__TRINITY_DN16019_c0_g2_i1.p1               0.46%    passed     88.50%
 107  JJ125|Cluster-41173.0__TRINITY_DN1413_c0_g1_i1.p1                0.46%    passed    100.00%
 108  JJ86|Cluster-19853.0__TRINITY_DN9805_c0_g1_i2.p1                 0.46%    passed    100.00%
 109  DE680|Cluster-31913.0__TRINITY_DN7807_c0_g2_i1.p1                0.46%    passed    100.00%
 110  DE69|Cluster-48341.0__TRINITY_DN2686_c0_g1_i3.p1                 0.46%    passed     96.63%
 111  DE503|Cluster-12141.0__TRINITY_DN6261_c0_g1_i2.p1                0.46%    passed    100.00%
 112  DE505|Cluster-47945.0__TRINITY_DN2418_c2_g1_i1.p1                0.46%    passed    100.00%
 113  SRR3407087|Cluster-42421.0__TRINITY_DN41516_c0_g1_i1.p1          0.46%    passed    100.00%
 114  DE510|Cluster-22096.0__TRINITY_DN2678_c1_g1_i2.p2               42.47%    passed     90.23%
 115  SRR3407094|Cluster-14332.0__TRINITY_DN9093_c3_g1_i1.p1           0.46%    passed    100.00%
 116  DE681|Cluster-44573.0__TRINITY_DN6325_c0_g1_i1.p1                0.46%    passed     99.97%
 117  DE765|Cluster-33486.0__TRINITY_DN112_c1_g1_i2.p1                 0.46%    passed     99.97%
 118  DE126|Cluster-6636.0__TRINITY_DN26184_c2_g2_i7.p1                0.46%    passed    100.00%
 119  DE152|Cluster-4235.0__TRINITY_DN458_c0_g1_i1.p1                  0.46%    passed     99.99%
 120  DE229|Cluster-7981.0__TRINITY_DN11570_c0_g2_i1.p1                0.46%    passed     99.99%
 121  DE560|Cluster-13175.0__TRINITY_DN6926_c0_g1_i1.p1                0.46%    passed    100.00%
 122  DE566|Cluster-60636.1__TRINITY_DN14072_c0_g1_i11.p1              0.46%    passed    100.00%
 123  JJ99|Cluster-36419.0__TRINITY_DN63149_c0_g1_i1.p1                0.46%    passed    100.00%
 124  DE741|Cluster-59556.0__TRINITY_DN19002_c0_g1_i2.p1              35.16%    passed     91.32%
 125  DE216|Cluster-67050.0__TRINITY_DN8719_c0_g2_i1.p1                0.46%    passed    100.00%
 126  DE534|Cluster-43336.0__TRINITY_DN813_c1_g1_i1.p1                 0.46%    passed     99.99%
 127  JJ15|Cluster-27856.0__TRINITY_DN7096_c1_g1_i1.p1                 0.46%    passed    100.00%
 128  JJ23|Cluster-44262.0__TRINITY_DN20268_c0_g1_i1.p1                0.46%    passed    100.00%
 129  DE542|Cluster-30484.0__TRINITY_DN9208_c0_g1_i2.p1                0.46%    passed    100.00%
 130  DE127|Cluster-15003.0__TRINITY_DN418_c0_g1_i2.p1                 0.46%    passed     99.99%
 131  DE554|Cluster-40651.0__TRINITY_DN1338_c2_g2_i1.p1                0.46%    passed    100.00%
 132  DE666|Cluster-9777.0__TRINITY_DN4508_c2_g1_i1.p1                 0.46%    passed    100.00%
 133  SRR3407095|Cluster-21711.0__TRINITY_DN5616_c0_g1_i1.p1           0.46%    passed     97.72%
 134  DE162|Cluster-6679.0__TRINITY_DN37817_c0_g2_i1.p1                0.46%    passed    100.00%
 135  DE528|Cluster-15250.0__TRINITY_DN2675_c0_g2_i1.p1                0.46%    passed    100.00%
 136  JJ130|Cluster-43563.0__TRINITY_DN2940_c0_g3_i1.p1               42.47%    passed     95.27%
 137  JJ89|Cluster-38381.0__TRINITY_DN31124_c0_g1_i1.p1               42.47%    passed     98.37%
 138  DE550|Cluster-46881.0__TRINITY_DN5943_c0_g1_i1.p1               30.59%    passed     79.56%
 139  JJ131|Cluster-33110.1__TRINITY_DN18653_c0_g1_i3.p1               0.46%    passed    100.00%
 140  DE668|Cluster-11714.0__TRINITY_DN102418_c0_g1_i1.p1              0.46%    failed      0.01%
 141  DE736|Cluster-9072.0__TRINITY_DN7134_c1_g1_i1.p1                35.16%    passed     92.37%
 142  JJ74|Cluster-78486.0__TRINITY_DN82062_c1_g1_i1.p1                0.46%    passed     75.35%
 143  DE536|Cluster-25397.0__TRINITY_DN14894_c2_g1_i1.p1              18.26%    passed    100.00%
****  TOTAL                                                            4.60%  2 sequences failed composition chi2 test (p-value<5%; df=60)
WARNING: States(s) CCC rarely appear in alignment and may cause numerical problems
Reading input tree file tmp.csubst.nwk ... rooted tree

NOTE: 76 MB RAM (0 GB) is required!
Measuring multi-threading efficiency up to 1 CPU cores
2 trees examined
Threads: 1 / Time: 4.589 sec / Speedup: 1.000 / Efficiency: 100% / LogL: -21442
BEST NUMBER OF THREADS: 1

Estimate model parameters (epsilon = 0.010)
1. Initial log-likelihood: -12000.967
2. Current log-likelihood: -8123.042
3. Current log-likelihood: -8110.676
4. Current log-likelihood: -8107.785
5. Current log-likelihood: -8107.367
6. Current log-likelihood: -8107.253
7. Current log-likelihood: -8107.218
8. Current log-likelihood: -8107.206
Optimal log-likelihood: -8107.202
Nonsynonymous/synonymous ratio (omega): 1.000
Transition/transversion ratio (kappa): 1.000
Site proportion and rates:  (0.647,0.476) (0.186,1.182) (0.149,2.601) (0.018,4.709)
Parameters optimization took 8 rounds (111.907 sec)
Wrote distance file to... 
BEST SCORE FOUND : -8107.202
Ancestral state probabilities printed to /mnt/data0/yue/2026-03-11-protein-convergence/results/OG_788/csubst_w_s/csubst_input_alignment.fa.state
Empirical proportions for each category: 0.694 0.142 0.151 0.014
Site rates printed to /mnt/data0/yue/2026-03-11-protein-convergence/results/OG_788/csubst_w_s/csubst_input_alignment.fa.rate
Total tree length: 7.359

Total number of iterations: 0
CPU time used for tree search: 0.000 sec (0h:0m:0s)
Wall-clock time used for tree search: 0.000 sec (0h:0m:0s)
Total CPU time used: 118.840 sec (0h:1m:58s)
Total wall-clock time used: 119.168 sec (0h:1m:59s)

Analysis results written to: 
  IQ-TREE report:                /mnt/data0/yue/2026-03-11-protein-convergence/results/OG_788/csubst_w_s/csubst_input_alignment.fa.iqtree
  Maximum-likelihood tree:       /mnt/data0/yue/2026-03-11-protein-convergence/results/OG_788/csubst_w_s/csubst_input_alignment.fa.treefile
  Site-specific rates:           /mnt/data0/yue/2026-03-11-protein-convergence/results/OG_788/csubst_w_s/csubst_input_alignment.fa.rate
  Ancestral state:               /mnt/data0/yue/2026-03-11-protein-convergence/results/OG_788/csubst_w_s/csubst_input_alignment.fa.state
  Screen log file:               /mnt/data0/yue/2026-03-11-protein-convergence/results/OG_788/csubst_w_s/csubst_input_alignment.fa.log

Date and Time: Sat Mar 28 02:01:01 2026
