IQ-TREE multicore version 2.4.0 for Linux x86 64-bit built Feb 12 2025
Developed by Bui Quang Minh, Nguyen Lam Tung, Olga Chernomor, Heiko Schmidt,
Dominik Schrempf, Michael Woodhams, Ly Trong Nhan, Thomas Wong

Host:    brain (AVX2, FMA3, 2015 GB RAM)
Command: /home/yue/miniconda3/envs/py39/bin/iqtree -s /mnt/data0/yue/2026-03-11-protein-convergence/results/OG_7251/csubst_w_s/csubst_input_alignment.fa -te tmp.csubst.nwk -m ECMK07+F+R4 --seqtype CODON1 --threads-max 1 -T AUTO --ancestral --rate --redo
Seed:    539416 (Using SPRNG - Scalable Parallel Random Number Generator)
Time:    Sat Mar 28 00:14:00 2026
Kernel:  AVX+FMA - auto-detect threads (128 CPU cores detected)

Reading alignment file /mnt/data0/yue/2026-03-11-protein-convergence/results/OG_7251/csubst_w_s/csubst_input_alignment.fa ... Fasta format detected
Reading fasta file: done in 0.000999093 secs using 53.95% CPU
Alignment most likely contains DNA/RNA sequences
Converting to codon sequences with genetic code 1 ...
WARNING: 1 sites contain only gaps or ambiguous characters.
Alignment has 73 sequences with 254 columns, 242 distinct patterns
128 parsimony-informative, 70 singleton sites, 56 constant sites
                                                                Gap/Ambiguity  Composition  p-value
Analyzing sequences: done in 4.60297e-05 secs using 99.94% CPU
   1  DE115|Cluster-40579.0__TRINITY_DN1219_c2_g1_i6.p1                45.28%    passed     93.07%
   2  JJ86|Cluster-19613.19__TRINITY_DN20181_c0_g1_i2.p1                0.39%    passed    100.00%
   3  DE560|Cluster-44744.0__TRINITY_DN3635_c1_g1_i1.p1                 0.39%    passed    100.00%
   4  DE164|Cluster-17034.0__TRINITY_DN10253_c0_g1_i3.p1                5.12%    passed    100.00%
   5  DE668|Cluster-25598.0__TRINITY_DN19386_c0_g1_i13.p1               0.39%    passed    100.00%
   6  JJ23|Cluster-45846.0__TRINITY_DN4786_c0_g1_i19.p1                 5.12%    passed     99.43%
   7  DE126|Cluster-45667.0__TRINITY_DN6963_c0_g1_i7.p1                 0.39%    passed    100.00%
   8  DE546_urceolata_l|Cluster-23588.0__TRINITY_DN18682_c0_g1_i5.p1    0.39%    passed    100.00%
   9  DE575|Cluster-13774.0__TRINITY_DN14942_c0_g1_i3.p1                0.39%    passed    100.00%
  10  DE765|Cluster-40729.0__TRINITY_DN27891_c0_g1_i1.p1                0.39%    passed    100.00%
  11  DE476|Cluster-26726.0__TRINITY_DN20268_c0_g1_i3.p1               22.83%    passed    100.00%
  12  DE764|Cluster-33755.0__TRINITY_DN4383_c0_g1_i12.p1               22.83%    passed    100.00%
  13  DE504|Cluster-37392.0__TRINITY_DN7584_c0_g1_i9.p1                 0.39%    passed    100.00%
  14  DE88|Cluster-30641.0__TRINITY_DN10005_c0_g1_i6.p1                22.83%    passed    100.00%
  15  DE509|Cluster-25554.0__TRINITY_DN3780_c1_g1_i9.p1                 0.39%    passed    100.00%
  16  DE549|Cluster-53523.0__TRINITY_DN4191_c1_g1_i2.p1                22.83%    passed    100.00%
  17  DE550|Cluster-38174.1__TRINITY_DN4888_c1_g1_i68.p1                0.39%    passed    100.00%
  18  DE623|Cluster-57477.0__TRINITY_DN31241_c0_g1_i4.p1                0.39%    passed    100.00%
  19  DE680|Cluster-20766.0__TRINITY_DN11881_c0_g1_i2.p1                0.39%    passed    100.00%
  20  DE541|Cluster-50032.0__TRINITY_DN9647_c0_g1_i18.p1                0.39%    passed    100.00%
  21  DE671|Cluster-44724.0__TRINITY_DN11915_c0_g1_i2.p1                0.39%    passed    100.00%
  22  DE696-dots|Cluster-60201.0__TRINITY_DN3422_c0_g1_i52.p1          22.83%    passed    100.00%
  23  DE696-nodots|Cluster-61464.0__TRINITY_DN6485_c0_g1_i38.p1        22.83%    passed    100.00%
  24  JJ36|Cluster-40550.1__TRINITY_DN28285_c0_g1_i28.p1                0.39%    passed    100.00%
  25  DE736|Cluster-62670.0__TRINITY_DN2579_c0_g1_i8.p1                22.83%    passed    100.00%
  26  DE737|Cluster-45724.0__TRINITY_DN7754_c0_g1_i3.p1                 0.39%    passed    100.00%
  27  DE643|Cluster-61834.0__TRINITY_DN11534_c0_g1_i1.p1                0.39%    passed    100.00%
  28  DE531|Cluster-44849.0__TRINITY_DN2322_c0_g1_i7.p1                 0.39%    passed     15.31%
  29  DE127|Cluster-42240.0__TRINITY_DN3440_c1_g1_i10.p1                0.39%    passed    100.00%
  30  DE554|Cluster-36183.1__TRINITY_DN17226_c1_g1_i7.p1               22.83%    passed    100.00%
  31  DE162|Cluster-19275.0__TRINITY_DN71632_c0_g1_i2.p1                0.39%    passed    100.00%
  32  DE528|Cluster-43951.0__TRINITY_DN7593_c0_g1_i1.p1                 0.39%    passed    100.00%
  33  DE507|Cluster-31288.1__TRINITY_DN8505_c0_g1_i14.p1                0.39%    passed    100.00%
  34  DE704-purple|Cluster-21070.1__TRINITY_DN8473_c0_g1_i6.p1          0.39%    passed    100.00%
  35  DE704-white|Cluster-34354.0__TRINITY_DN7563_c0_g1_i6.p1           0.39%    passed    100.00%
  36  DE563|Cluster-30017.0__TRINITY_DN50276_c0_g1_i3.p1                0.39%    passed    100.00%
  37  DE152|Cluster-58363.0__TRINITY_DN8083_c0_g1_i1.p1                22.83%    passed    100.00%
  38  DE229|Cluster-101816.0__TRINITY_DN7701_c0_g1_i13.p1              22.83%    passed    100.00%
  39  DE666|Cluster-13527.0__TRINITY_DN47127_c0_g1_i1.p1                0.39%    passed    100.00%
  40  JJ99|Cluster-30643.0__TRINITY_DN5245_c0_g1_i8.p1                 22.83%    passed    100.00%
  41  DE503|Cluster-51872.1__TRINITY_DN5026_c0_g1_i53.p1                0.39%    passed    100.00%
  42  DE561|Cluster-39816.0__TRINITY_DN6330_c0_g1_i16.p1                0.39%    passed    100.00%
  43  SRR3407088|Cluster-27580.0__TRINITY_DN8992_c0_g1_i9.p1            0.39%    passed    100.00%
  44  SRR3424066|Cluster-21752.0__TRINITY_DN10199_c0_g1_i2.p1           0.39%    passed    100.00%
  45  DE505|Cluster-37825.1__TRINITY_DN6135_c0_g1_i6.p1                22.83%    passed    100.00%
  46  SRR3407094|Cluster-36150.1__TRINITY_DN15620_c0_g1_i3.p1          22.83%    passed    100.00%
  47  DE510|Cluster-43992.0__TRINITY_DN3078_c0_g1_i39.p1               22.83%    passed    100.00%
  48  SRR3407087|Cluster-39366.0__TRINITY_DN5622_c0_g1_i4.p1            0.39%    passed    100.00%
  49  SRR3407086|Cluster-24047.0__TRINITY_DN4939_c0_g1_i4.p1           22.83%    passed    100.00%
  50  DE523|Cluster-54610.0__TRINITY_DN1592_c1_g1_i15.p1                0.39%    passed    100.00%
  51  SRR3407096|Cluster-34344.1__TRINITY_DN7427_c0_g1_i1.p1            0.39%    passed    100.00%
  52  SRR3407092|Cluster-27330.1__TRINITY_DN9317_c0_g1_i3.p1            5.12%    passed    100.00%
  53  SRR3407093|Cluster-34308.0__TRINITY_DN10197_c0_g1_i13.p1          0.39%    passed    100.00%
  54  SRR3407095|Cluster-50254.0__TRINITY_DN11767_c0_g1_i4.p1           0.39%    passed    100.00%
  55  DE69|Cluster-44406.2__TRINITY_DN6948_c0_g1_i5.p1                 22.83%    passed     99.78%
  56  DE519|Cluster-64505.0__TRINITY_DN6035_c0_g1_i7.p1                 0.39%    passed    100.00%
  57  DE741|Cluster-39804.0__TRINITY_DN5675_c1_g1_i20.p1                0.39%    passed    100.00%
  58  DRR082660|Cluster-19214.0__TRINITY_DN16135_c0_g2_i1.p1            0.39%    passed    100.00%
  59  JJ125|Cluster-34592.0__TRINITY_DN312_c0_g1_i137.p1                0.39%    passed    100.00%
  60  JJ85|Cluster-18350.0__TRINITY_DN24711_c0_g1_i1.p1                 0.39%    passed    100.00%
  61  DE151|Cluster-44239.0__TRINITY_DN3621_c0_g1_i5.p1                 0.39%    passed    100.00%
  62  DE189|Cluster-49674.1__TRINITY_DN4114_c1_g1_i12.p1               22.83%    passed    100.00%
  63  DE173|Cluster-18100.1__TRINITY_DN19314_c0_g1_i19.p1              22.83%    passed    100.00%
  64  JJ74|Cluster-97832.1__TRINITY_DN5902_c0_g1_i1.p1                  0.39%    passed    100.00%
  65  DE672|Cluster-46918.0__TRINITY_DN25039_c0_g1_i4.p1                0.39%    passed    100.00%
  66  DE566|Cluster-45432.0__TRINITY_DN15864_c0_g1_i1.p1               24.02%    passed    100.00%
  67  DE534|Cluster-62438.2__TRINITY_DN27830_c0_g1_i21.p1              22.83%    passed    100.00%
  68  DE216|Cluster-75755.0__TRINITY_DN25539_c0_g1_i14.p1               5.12%    passed    100.00%
  69  JJ15|Cluster-46331.4__TRINITY_DN46885_c0_g1_i32.p1                5.12%    passed    100.00%
  70  DE542|Cluster-45787.0__TRINITY_DN14057_c0_g1_i3.p1               27.56%    passed    100.00%
  71  JJ109|Cluster-42666.0__TRINITY_DN7161_c0_g1_i1.p1                45.28%    passed     95.94%
  72  JJ131|Cluster-67897.1__TRINITY_DN7379_c0_g1_i20.p1               22.83%    passed     96.84%
  73  SRR5150740|Cluster-27569.0__TRINITY_DN12007_c0_g1_i2.p1           0.39%    passed     93.20%
****  TOTAL                                                             8.79%  0 sequences failed composition chi2 test (p-value<5%; df=60)
WARNING: States(s) CGC rarely appear in alignment and may cause numerical problems
Reading input tree file tmp.csubst.nwk ... rooted tree

NOTE: 42 MB RAM (0 GB) is required!
Measuring multi-threading efficiency up to 1 CPU cores
2 trees examined
Threads: 1 / Time: 2.252 sec / Speedup: 1.000 / Efficiency: 100% / LogL: -8223
BEST NUMBER OF THREADS: 1

Estimate model parameters (epsilon = 0.010)
1. Initial log-likelihood: -8139.018
2. Current log-likelihood: -5797.033
3. Current log-likelihood: -5796.523
4. Current log-likelihood: -5796.395
5. Current log-likelihood: -5796.360
6. Current log-likelihood: -5796.350
Optimal log-likelihood: -5796.347
Nonsynonymous/synonymous ratio (omega): 1.000
Transition/transversion ratio (kappa): 1.000
Site proportion and rates:  (0.675,0.446) (0.167,1.489) (0.146,2.659) (0.013,4.995)
Parameters optimization took 6 rounds (39.002 sec)
Wrote distance file to... 
BEST SCORE FOUND : -5796.347
Ancestral state probabilities printed to /mnt/data0/yue/2026-03-11-protein-convergence/results/OG_7251/csubst_w_s/csubst_input_alignment.fa.state
Empirical proportions for each category: 0.720 0.134 0.142 0.004
Site rates printed to /mnt/data0/yue/2026-03-11-protein-convergence/results/OG_7251/csubst_w_s/csubst_input_alignment.fa.rate
Total tree length: 3.572

Total number of iterations: 0
CPU time used for tree search: 0.000 sec (0h:0m:0s)
Wall-clock time used for tree search: 0.000 sec (0h:0m:0s)
Total CPU time used: 42.467 sec (0h:0m:42s)
Total wall-clock time used: 42.610 sec (0h:0m:42s)

Analysis results written to: 
  IQ-TREE report:                /mnt/data0/yue/2026-03-11-protein-convergence/results/OG_7251/csubst_w_s/csubst_input_alignment.fa.iqtree
  Maximum-likelihood tree:       /mnt/data0/yue/2026-03-11-protein-convergence/results/OG_7251/csubst_w_s/csubst_input_alignment.fa.treefile
  Site-specific rates:           /mnt/data0/yue/2026-03-11-protein-convergence/results/OG_7251/csubst_w_s/csubst_input_alignment.fa.rate
  Ancestral state:               /mnt/data0/yue/2026-03-11-protein-convergence/results/OG_7251/csubst_w_s/csubst_input_alignment.fa.state
  Screen log file:               /mnt/data0/yue/2026-03-11-protein-convergence/results/OG_7251/csubst_w_s/csubst_input_alignment.fa.log

Date and Time: Sat Mar 28 00:14:43 2026
