IQ-TREE multicore version 2.4.0 for Linux x86 64-bit built Feb 12 2025
Developed by Bui Quang Minh, Nguyen Lam Tung, Olga Chernomor, Heiko Schmidt,
Dominik Schrempf, Michael Woodhams, Ly Trong Nhan, Thomas Wong

Host:    brain (AVX2, FMA3, 2015 GB RAM)
Command: /home/yue/miniconda3/envs/py39/bin/iqtree -s /mnt/data0/yue/2026-03-11-protein-convergence/results/OG_10919/csubst_w_s/csubst_input_alignment.fa -te tmp.csubst.nwk -m ECMK07+F+R4 --seqtype CODON1 --threads-max 1 -T AUTO --ancestral --rate --redo
Seed:    436601 (Using SPRNG - Scalable Parallel Random Number Generator)
Time:    Thu Mar 26 21:35:22 2026
Kernel:  AVX+FMA - auto-detect threads (128 CPU cores detected)

Reading alignment file /mnt/data0/yue/2026-03-11-protein-convergence/results/OG_10919/csubst_w_s/csubst_input_alignment.fa ... Fasta format detected
Reading fasta file: done in 0.000769332 secs
Alignment most likely contains DNA/RNA sequences
Converting to codon sequences with genetic code 1 ...
Alignment has 60 sequences with 236 columns, 234 distinct patterns
156 parsimony-informative, 47 singleton sites, 33 constant sites
                                                               Gap/Ambiguity  Composition  p-value
Analyzing sequences: done in 3.85791e-05 secs using 98.5% CPU
   1  DE765|Cluster-16215.0__TRINITY_DN11113_c0_g1_i3.p1              18.22%    passed    100.00%
   2  DE115|Cluster-62998.0__TRINITY_DN512_c0_g1_i11.p1               52.97%    passed     88.83%
   3  DE126|Cluster-1578.0__TRINITY_DN4262_c0_g1_i1.p1                 0.00%    passed    100.00%
   4  DE563|Cluster-55098.0__TRINITY_DN13065_c0_g1_i1.p1              44.92%    passed     99.94%
   5  DE152|Cluster-47421.0__TRINITY_DN12123_c0_g1_i2.p1              44.92%    passed    100.00%
   6  DRR082660|Cluster-26719.0__TRINITY_DN10568_c0_g1_i2.p1           0.85%    passed    100.00%
   7  DE704-purple|Cluster-44202.0__TRINITY_DN7684_c0_g1_i2.p1        13.56%    passed     98.82%
   8  DE668|Cluster-37522.3__TRINITY_DN58494_c0_g1_i13.p1             17.37%    passed    100.00%
   9  DE504|Cluster-39774.0__TRINITY_DN5739_c0_g1_i1.p1               52.97%    passed    100.00%
  10  JJ89|Cluster-21419.0__TRINITY_DN4615_c0_g2_i2.p1                17.37%    passed    100.00%
  11  DE476|Cluster-26269.0__TRINITY_DN10182_c0_g1_i3.p1              15.68%    passed     99.99%
  12  DE696-nodots|Cluster-62942.2__TRINITY_DN8585_c0_g1_i2.p1        14.41%    passed    100.00%
  13  JJ99|Cluster-40477.0__TRINITY_DN4537_c0_g1_i10.p1               17.37%    passed    100.00%
  14  DE151|Cluster-22752.0__TRINITY_DN4322_c0_g1_i3.p1               15.25%    passed     99.99%
  15  JJ109|Cluster-31534.0__TRINITY_DN9857_c0_g2_i2.p1               45.34%    passed    100.00%
  16  DE528|Cluster-46177.0__TRINITY_DN12880_c0_g1_i2.p1               0.42%    passed    100.00%
  17  DE704-white|Cluster-37632.0__TRINITY_DN1964_c0_g1_i2.p1          0.42%    passed    100.00%
  18  DE541|Cluster-19485.0__TRINITY_DN4296_c0_g1_i2.p1               44.92%    passed    100.00%
  19  SRR3407086|Cluster-7510.0__TRINITY_DN86725_c0_g1_i1.p1           0.00%    passed    100.00%
  20  SRR3407088|Cluster-31853.0__TRINITY_DN3961_c0_g2_i1.p1          19.49%    passed    100.00%
  21  DE561|Cluster-45857.0__TRINITY_DN8688_c0_g1_i2.p1               53.39%    passed     99.80%
  22  SRR3424066|Cluster-39458.0__TRINITY_DN11241_c0_g1_i2.p1          0.00%    passed    100.00%
  23  SRR3407092|Cluster-37325.0__TRINITY_DN6271_c0_g1_i1.p1          19.49%    passed    100.00%
  24  SRR3407094|Cluster-36648.0__TRINITY_DN40094_c0_g1_i1.p1          0.00%    passed    100.00%
  25  DE181|Cluster-31830.0__TRINITY_DN257_c0_g3_i1.p1                 0.00%    passed     99.99%
  26  DE549|Cluster-54145.0__TRINITY_DN7013_c0_g1_i1.p1               44.92%    passed    100.00%
  27  DE88|Cluster-34311.0__TRINITY_DN11705_c0_g1_i1.p1               44.92%    passed    100.00%
  28  DE509|Cluster-43791.0__TRINITY_DN6809_c0_g1_i3.p1                0.00%    passed    100.00%
  29  DE575|Cluster-48958.0__TRINITY_DN10034_c0_g1_i1.p1               0.00%    passed    100.00%
  30  DE681|Cluster-51142.1__TRINITY_DN9264_c0_g1_i2.p1                1.69%    passed    100.00%
  31  JJ125|Cluster-14134.0__TRINITY_DN349_c0_g1_i1.p1                 0.42%    passed    100.00%
  32  DE216|Cluster-72129.0__TRINITY_DN3112_c2_g1_i14.p1              53.39%    passed     95.33%
  33  JJ15|Cluster-27560.2__TRINITY_DN775_c1_g1_i4.p1                  1.69%    passed    100.00%
  34  DE542|Cluster-56320.0__TRINITY_DN13583_c0_g1_i2.p1              17.37%    passed    100.00%
  35  SRR3407095|Cluster-18987.0__TRINITY_DN2513_c0_g1_i1.p1           0.00%    passed    100.00%
  36  DE560|Cluster-45446.1__TRINITY_DN3470_c0_g1_i11.p1               0.00%    passed    100.00%
  37  DE566|Cluster-31646.0__TRINITY_DN6139_c0_g1_i4.p1                0.00%    passed    100.00%
  38  DE519|Cluster-39040.0__TRINITY_DN14308_c0_g1_i5.p3              53.81%    passed     99.92%
  39  DE741|Cluster-60357.0__TRINITY_DN15214_c0_g1_i11.p1             21.61%    passed    100.00%
  40  JJ85|Cluster-40252.3__TRINITY_DN2699_c0_g3_i1.p1                 0.42%    passed    100.00%
  41  DE127|Cluster-35207.0__TRINITY_DN7940_c0_g1_i3.p1                0.00%    passed    100.00%
  42  DE554|Cluster-59844.1__TRINITY_DN6587_c1_g1_i4.p1                0.00%    passed    100.00%
  43  DE666|Cluster-44961.0__TRINITY_DN16659_c0_g1_i7.p1               0.00%    passed    100.00%
  44  JJ86|Cluster-5163.0__TRINITY_DN3796_c0_g1_i2.p1                  0.00%    passed    100.00%
  45  JJ74|Cluster-7310.0__TRINITY_DN14099_c0_g1_i1.p1                 0.00%    passed    100.00%
  46  DE623|Cluster-57752.1__TRINITY_DN2389_c0_g1_i2.p1                0.00%    passed    100.00%
  47  DE680|Cluster-54890.0__TRINITY_DN10369_c0_g1_i5.p1               0.42%    passed    100.00%
  48  DE546_urceolata_l|Cluster-41757.0__TRINITY_DN4856_c2_g1_i1.p1   14.41%    passed    100.00%
  49  DE643|Cluster-37155.2__TRINITY_DN32293_c0_g1_i4.p1               0.00%    passed    100.00%
  50  DE229|Cluster-87912.0__TRINITY_DN4906_c0_g1_i3.p1               20.76%    passed    100.00%
  51  JJ131|Cluster-53227.0__TRINITY_DN11182_c0_g2_i6.p1              14.83%    passed    100.00%
  52  DE189|Cluster-37086.0__TRINITY_DN5407_c0_g1_i1.p1                0.00%    passed    100.00%
  53  DE737|Cluster-16181.0__TRINITY_DN9239_c0_g1_i1.p1               44.92%    passed    100.00%
  54  JJ130|Cluster-21556.0__TRINITY_DN405_c2_g1_i1.p1                 0.00%    passed    100.00%
  55  DE736|Cluster-25807.0__TRINITY_DN12684_c0_g1_i3.p1              13.14%    passed     99.97%
  56  DE672|Cluster-53775.0__TRINITY_DN4935_c0_g1_i2.p1                0.00%    passed    100.00%
  57  DE764|Cluster-40080.0__TRINITY_DN3116_c0_g1_i3.p1                0.00%    passed    100.00%
  58  DE696-dots|Cluster-48648.2__TRINITY_DN3228_c0_g1_i2.p1           0.00%    passed    100.00%
  59  JJ36|Cluster-11746.0__TRINITY_DN5759_c0_g1_i1.p1                 0.00%    passed    100.00%
  60  SRR11748982|Cluster-37595.1__TRINITY_DN23102_c0_g1_i14.p1       24.58%    passed     83.73%
WARNING: 5 sequences contain more than 50% gaps/ambiguity
****  TOTAL                                                           14.71%  0 sequences failed composition chi2 test (p-value<5%; df=60)
Reading input tree file tmp.csubst.nwk ... rooted tree

NOTE: 33 MB RAM (0 GB) is required!
Measuring multi-threading efficiency up to 1 CPU cores
2 trees examined
Threads: 1 / Time: 2.081 sec / Speedup: 1.000 / Efficiency: 100% / LogL: -8943
BEST NUMBER OF THREADS: 1

Estimate model parameters (epsilon = 0.010)
1. Initial log-likelihood: -8234.028
2. Current log-likelihood: -7113.831
3. Current log-likelihood: -7113.159
4. Current log-likelihood: -7112.889
5. Current log-likelihood: -7112.743
6. Current log-likelihood: -7112.659
7. Current log-likelihood: -7112.609
8. Current log-likelihood: -7112.580
9. Current log-likelihood: -7112.563
10. Current log-likelihood: -7112.552
Optimal log-likelihood: -7112.545
Nonsynonymous/synonymous ratio (omega): 1.000
Transition/transversion ratio (kappa): 1.000
Site proportion and rates:  (0.675,0.446) (0.201,1.720) (0.080,2.134) (0.044,4.156)
Parameters optimization took 10 rounds (49.226 sec)
Wrote distance file to... 
BEST SCORE FOUND : -7112.545
Ancestral state probabilities printed to /mnt/data0/yue/2026-03-11-protein-convergence/results/OG_10919/csubst_w_s/csubst_input_alignment.fa.state
Empirical proportions for each category: 0.699 0.250 0.004 0.047
Site rates printed to /mnt/data0/yue/2026-03-11-protein-convergence/results/OG_10919/csubst_w_s/csubst_input_alignment.fa.rate
Total tree length: 6.941

Total number of iterations: 0
CPU time used for tree search: 0.000 sec (0h:0m:0s)
Wall-clock time used for tree search: 0.000 sec (0h:0m:0s)
Total CPU time used: 52.182 sec (0h:0m:52s)
Total wall-clock time used: 52.408 sec (0h:0m:52s)

Analysis results written to: 
  IQ-TREE report:                /mnt/data0/yue/2026-03-11-protein-convergence/results/OG_10919/csubst_w_s/csubst_input_alignment.fa.iqtree
  Maximum-likelihood tree:       /mnt/data0/yue/2026-03-11-protein-convergence/results/OG_10919/csubst_w_s/csubst_input_alignment.fa.treefile
  Site-specific rates:           /mnt/data0/yue/2026-03-11-protein-convergence/results/OG_10919/csubst_w_s/csubst_input_alignment.fa.rate
  Ancestral state:               /mnt/data0/yue/2026-03-11-protein-convergence/results/OG_10919/csubst_w_s/csubst_input_alignment.fa.state
  Screen log file:               /mnt/data0/yue/2026-03-11-protein-convergence/results/OG_10919/csubst_w_s/csubst_input_alignment.fa.log

Date and Time: Thu Mar 26 21:36:14 2026
