IQ-TREE multicore version 2.4.0 for Linux x86 64-bit built Feb 12 2025
Developed by Bui Quang Minh, Nguyen Lam Tung, Olga Chernomor, Heiko Schmidt,
Dominik Schrempf, Michael Woodhams, Ly Trong Nhan, Thomas Wong

Host:    brain (AVX2, FMA3, 2015 GB RAM)
Command: /home/yue/miniconda3/envs/py39/bin/iqtree -s /mnt/data0/yue/2026-03-11-protein-convergence/results/OG_6238/csubst_w_s/csubst_input_alignment.fa -te tmp.csubst.nwk -m ECMK07+F+R4 --seqtype CODON1 --threads-max 1 -T AUTO --ancestral --rate --redo
Seed:    133782 (Using SPRNG - Scalable Parallel Random Number Generator)
Time:    Fri Mar 27 20:50:38 2026
Kernel:  AVX+FMA - auto-detect threads (128 CPU cores detected)

Reading alignment file /mnt/data0/yue/2026-03-11-protein-convergence/results/OG_6238/csubst_w_s/csubst_input_alignment.fa ... Fasta format detected
Reading fasta file: done in 0.00590701 secs using 84.17% CPU
Alignment most likely contains DNA/RNA sequences
Converting to codon sequences with genetic code 1 ...
WARNING: 1 sites contain only gaps or ambiguous characters.
Alignment has 68 sequences with 807 columns, 768 distinct patterns
430 parsimony-informative, 217 singleton sites, 160 constant sites
                                                                Gap/Ambiguity  Composition  p-value
Analyzing sequences: done in 0.000285432 secs using 99.5% CPU
   1  DE546_urceolata_l|Cluster-25139.0__TRINITY_DN6220_c0_g1_i10.p1    0.99%    passed    100.00%
   2  DE69|Cluster-8812.0__TRINITY_DN10554_c0_g1_i12.p1                 0.12%    passed    100.00%
   3  SRR3407096|Cluster-25344.2__TRINITY_DN6654_c0_g1_i5.p1            0.37%    passed    100.00%
   4  DE88|Cluster-39138.0__TRINITY_DN11265_c0_g1_i1.p1                 0.37%    passed    100.00%
   5  DE216|Cluster-74489.0__TRINITY_DN6410_c2_g1_i2.p1                 1.73%    passed    100.00%
   6  DE623|Cluster-39341.0__TRINITY_DN6803_c0_g1_i3.p1                14.75%    passed    100.00%
   7  DE680|Cluster-51630.2__TRINITY_DN200_c3_g1_i15.p1                41.14%    passed     99.94%
   8  DE115|Cluster-63114.2__TRINITY_DN4459_c0_g1_i14.p1                0.12%    passed    100.00%
   9  DE554|Cluster-12015.0__TRINITY_DN15465_c0_g1_i4.p1               26.64%    passed     99.91%
  10  DE563|Cluster-17568.0__TRINITY_DN5966_c0_g2_i15.p1                0.12%    passed    100.00%
  11  DE575|Cluster-50685.2__TRINITY_DN10748_c0_g2_i4.p1                0.12%    passed    100.00%
  12  DE566|Cluster-60005.0__TRINITY_DN2097_c1_g1_i2.p1                 0.12%    passed    100.00%
  13  DE162|Cluster-45598.0__TRINITY_DN10847_c0_g1_i18.p1               0.12%    passed    100.00%
  14  DE528|Cluster-49170.2__TRINITY_DN21683_c0_g1_i12.p1              26.64%    passed     99.92%
  15  DE507|Cluster-82555.0__TRINITY_DN14869_c0_g1_i15.p1              26.64%    passed     99.76%
  16  DE704-white|Cluster-65693.0__TRINITY_DN10270_c0_g1_i8.p1         32.84%    passed     99.70%
  17  DE704-purple|Cluster-55766.1__TRINITY_DN16012_c0_g1_i7.p1         0.12%    passed    100.00%
  18  JJ23|Cluster-41609.0__TRINITY_DN3188_c0_g2_i1.p1                  0.12%    passed    100.00%
  19  DE152|Cluster-50141.0__TRINITY_DN19077_c1_g1_i3.p1                0.12%    passed    100.00%
  20  JJ125|Cluster-37042.0__TRINITY_DN43687_c0_g1_i1.p1                0.12%    passed    100.00%
  21  DE181|Cluster-39447.1__TRINITY_DN13225_c0_g1_i14.p1               2.85%    passed    100.00%
  22  DE503|Cluster-60592.0__TRINITY_DN3662_c0_g1_i15.p1                2.85%    passed    100.00%
  23  DE505|Cluster-49773.0__TRINITY_DN7565_c0_g1_i22.p1                2.85%    passed    100.00%
  24  DE510|Cluster-51847.0__TRINITY_DN884_c0_g3_i1.p1                  2.85%    passed    100.00%
  25  SRR3407092|Cluster-16186.0__TRINITY_DN20376_c0_g1_i1.p1          26.64%    passed     99.96%
  26  DE561|Cluster-42407.0__TRINITY_DN3011_c1_g1_i15.p1                2.85%    passed    100.00%
  27  SRR3424066|Cluster-24994.0__TRINITY_DN9565_c0_g2_i1.p1           33.46%    passed     99.97%
  28  SRR3407093|Cluster-31604.0__TRINITY_DN16913_c1_g1_i1.p1          40.52%    passed     99.67%
  29  DE523|Cluster-46060.0__TRINITY_DN210_c2_g1_i3.p1                  0.37%    passed    100.00%
  30  SRR3407095|Cluster-51036.0__TRINITY_DN15095_c0_g1_i2.p1          26.64%    passed     99.62%
  31  JJ85|Cluster-38753.0__TRINITY_DN21019_c0_g1_i1.p1                 0.12%    passed    100.00%
  32  DE519|Cluster-74102.2__TRINITY_DN2569_c0_g1_i19.p1                0.12%    passed    100.00%
  33  DE741|Cluster-25083.1__TRINITY_DN5532_c0_g1_i12.p1                1.49%    passed    100.00%
  34  JJ74|Cluster-83760.0__TRINITY_DN8034_c0_g1_i8.p1                  0.12%    passed    100.00%
  35  DE560|Cluster-39416.0__TRINITY_DN4316_c0_g1_i12.p1                0.87%    passed    100.00%
  36  DRR082660|Cluster-39496.0__TRINITY_DN4958_c0_g1_i3.p1            35.19%    passed     99.57%
  37  DE151|Cluster-41840.2__TRINITY_DN7217_c1_g2_i7.p1                 0.12%    passed    100.00%
  38  DE173|Cluster-40182.1__TRINITY_DN549_c0_g1_i6.p1                  0.12%    passed    100.00%
  39  DE189|Cluster-36408.1__TRINITY_DN10905_c0_g1_i16.p1               0.12%    passed    100.00%
  40  JJ130|Cluster-43758.0__TRINITY_DN6147_c1_g3_i2.p1                 0.12%    passed    100.00%
  41  JJ109|Cluster-45861.0__TRINITY_DN4955_c0_g1_i12.p1                0.12%    passed    100.00%
  42  DE476|Cluster-33516.0__TRINITY_DN10239_c0_g1_i2.p1               11.65%    passed    100.00%
  43  DE504|Cluster-52019.0__TRINITY_DN8404_c1_g1_i5.p1                 0.12%    passed    100.00%
  44  DE672|Cluster-59350.0__TRINITY_DN1519_c0_g1_i6.p1                 0.12%    passed    100.00%
  45  DE531|Cluster-49530.0__TRINITY_DN3867_c3_g1_i2.p1                 0.12%    passed    100.00%
  46  DE696-dots|Cluster-58219.1__TRINITY_DN22985_c1_g1_i1.p1           0.12%    passed    100.00%
  47  DE696-nodots|Cluster-40079.0__TRINITY_DN6064_c1_g3_i2.p1          0.12%    passed    100.00%
  48  JJ36|Cluster-16214.0__TRINITY_DN8822_c0_g1_i10.p1                 0.12%    passed    100.00%
  49  DE737|Cluster-45751.1__TRINITY_DN8528_c0_g1_i18.p1                0.12%    passed    100.00%
  50  DE549|Cluster-30489.1__TRINITY_DN9609_c0_g1_i5.p1                 0.12%    passed    100.00%
  51  DE736|Cluster-51807.3__TRINITY_DN9757_c0_g1_i13.p1                0.12%    passed    100.00%
  52  DE764|Cluster-28484.2__TRINITY_DN231_c0_g2_i1.p1                  0.12%    passed    100.00%
  53  DE550|Cluster-41436.0__TRINITY_DN5847_c1_g1_i5.p1                 0.12%    passed    100.00%
  54  DE541|Cluster-30967.2__TRINITY_DN2309_c0_g1_i2.p1                 0.12%    passed    100.00%
  55  JJ89|Cluster-30510.0__TRINITY_DN3897_c1_g1_i1.p1                  0.12%    passed    100.00%
  56  DE164|Cluster-28492.2__TRINITY_DN833_c0_g1_i2.p1                  0.12%    passed    100.00%
  57  DE643|Cluster-56846.2__TRINITY_DN9070_c0_g1_i1.p1                 0.12%    passed    100.00%
  58  DE671|Cluster-49907.0__TRINITY_DN12857_c0_g1_i8.p1                0.12%    passed    100.00%
  59  JJ86|Cluster-25466.0__TRINITY_DN24943_c0_g1_i1.p1                 0.12%    passed    100.00%
  60  DE534|Cluster-76778.0__TRINITY_DN14766_c0_g1_i3.p1               30.36%    passed     98.97%
  61  DE536|Cluster-52228.0__TRINITY_DN10600_c0_g1_i3.p1                0.12%    passed    100.00%
  62  DE765|Cluster-35471.2__TRINITY_DN15490_c0_g1_i9.p1                0.12%    passed    100.00%
  63  DE681|Cluster-50696.0__TRINITY_DN23690_c1_g2_i6.p1               25.15%    passed    100.00%
  64  JJ131|Cluster-25720.0__TRINITY_DN10050_c0_g1_i34.p1               4.71%    passed    100.00%
  65  JJ99|Cluster-38060.7__TRINITY_DN8796_c0_g1_i12.p1                61.21%    passed     88.38%
  66  JJ15|Cluster-70272.0__TRINITY_DN10024_c0_g1_i7.p1                48.20%    passed     86.54%
  67  DE542|Cluster-18276.0__TRINITY_DN8103_c0_g1_i12.p1                0.12%    passed    100.00%
  68  DE668|Cluster-42319.2__TRINITY_DN19661_c0_g1_i5.p1               27.26%    passed    100.00%
WARNING: 1 sequences contain more than 50% gaps/ambiguity
****  TOTAL                                                             8.31%  0 sequences failed composition chi2 test (p-value<5%; df=60)
Reading input tree file tmp.csubst.nwk ... rooted tree

NOTE: 105 MB RAM (0 GB) is required!
Measuring multi-threading efficiency up to 1 CPU cores
2 trees examined
Threads: 1 / Time: 5.494 sec / Speedup: 1.000 / Efficiency: 100% / LogL: -27098
BEST NUMBER OF THREADS: 1

Estimate model parameters (epsilon = 0.010)
1. Initial log-likelihood: -25612.551
2. Current log-likelihood: -16955.849
3. Current log-likelihood: -16936.691
4. Current log-likelihood: -16936.612
5. Current log-likelihood: -16936.557
6. Current log-likelihood: -16936.513
7. Current log-likelihood: -16936.477
8. Current log-likelihood: -16936.445
9. Current log-likelihood: -16936.416
10. Current log-likelihood: -16936.391
11. Current log-likelihood: -16936.367
12. Current log-likelihood: -16936.345
13. Current log-likelihood: -16936.326
14. Current log-likelihood: -16936.307
15. Current log-likelihood: -16936.289
16. Current log-likelihood: -16936.274
17. Current log-likelihood: -16936.259
18. Current log-likelihood: -16936.244
19. Current log-likelihood: -16936.232
20. Current log-likelihood: -16936.219
21. Current log-likelihood: -16936.206
22. Current log-likelihood: -16936.195
23. Current log-likelihood: -16936.184
24. Current log-likelihood: -16936.173
25. Current log-likelihood: -16936.163
26. Current log-likelihood: -16936.153
Optimal log-likelihood: -16936.143
Nonsynonymous/synonymous ratio (omega): 1.000
Transition/transversion ratio (kappa): 1.000
Site proportion and rates:  (0.576,0.407) (0.322,1.434) (0.084,2.718) (0.018,4.200)
Parameters optimization took 26 rounds (482.952 sec)
Wrote distance file to... 
BEST SCORE FOUND : -16936.143
Ancestral state probabilities printed to /mnt/data0/yue/2026-03-11-protein-convergence/results/OG_6238/csubst_w_s/csubst_input_alignment.fa.state
Empirical proportions for each category: 0.627 0.314 0.055 0.005
Site rates printed to /mnt/data0/yue/2026-03-11-protein-convergence/results/OG_6238/csubst_w_s/csubst_input_alignment.fa.rate
Total tree length: 2.994

Total number of iterations: 0
CPU time used for tree search: 0.000 sec (0h:0m:0s)
Wall-clock time used for tree search: 0.000 sec (0h:0m:0s)
Total CPU time used: 492.009 sec (0h:8m:12s)
Total wall-clock time used: 492.540 sec (0h:8m:12s)

Analysis results written to: 
  IQ-TREE report:                /mnt/data0/yue/2026-03-11-protein-convergence/results/OG_6238/csubst_w_s/csubst_input_alignment.fa.iqtree
  Maximum-likelihood tree:       /mnt/data0/yue/2026-03-11-protein-convergence/results/OG_6238/csubst_w_s/csubst_input_alignment.fa.treefile
  Site-specific rates:           /mnt/data0/yue/2026-03-11-protein-convergence/results/OG_6238/csubst_w_s/csubst_input_alignment.fa.rate
  Ancestral state:               /mnt/data0/yue/2026-03-11-protein-convergence/results/OG_6238/csubst_w_s/csubst_input_alignment.fa.state
  Screen log file:               /mnt/data0/yue/2026-03-11-protein-convergence/results/OG_6238/csubst_w_s/csubst_input_alignment.fa.log

Date and Time: Fri Mar 27 20:58:50 2026
