IQ-TREE multicore version 2.4.0 for Linux x86 64-bit built Feb 12 2025
Developed by Bui Quang Minh, Nguyen Lam Tung, Olga Chernomor, Heiko Schmidt,
Dominik Schrempf, Michael Woodhams, Ly Trong Nhan, Thomas Wong

Host:    brain (AVX2, FMA3, 2015 GB RAM)
Command: /home/yue/miniconda3/envs/py39/bin/iqtree -s /mnt/data0/yue/2026-03-11-protein-convergence/results/OG_5746/csubst_w_s/csubst_input_alignment.fa -te tmp.csubst.nwk -m ECMK07+F+R4 --seqtype CODON1 --threads-max 1 -T AUTO --ancestral --rate --redo
Seed:    265778 (Using SPRNG - Scalable Parallel Random Number Generator)
Time:    Fri Mar 27 19:08:48 2026
Kernel:  AVX+FMA - auto-detect threads (128 CPU cores detected)

Reading alignment file /mnt/data0/yue/2026-03-11-protein-convergence/results/OG_5746/csubst_w_s/csubst_input_alignment.fa ... Fasta format detected
Reading fasta file: done in 0.00301819 secs using 67.86% CPU
Alignment most likely contains DNA/RNA sequences
Converting to codon sequences with genetic code 1 ...
Alignment has 73 sequences with 367 columns, 340 distinct patterns
178 parsimony-informative, 89 singleton sites, 100 constant sites
                                                              Gap/Ambiguity  Composition  p-value
Analyzing sequences: done in 0.000143722 secs using 98.8% CPU
   1  DE696-nodots|Cluster-25905.2__TRINITY_DN3474_c0_g1_i2.p1        6.27%    passed    100.00%
   2  DE151|Cluster-44496.0__TRINITY_DN9217_c0_g1_i1.p1              49.05%    passed     97.69%
   3  DE164|Cluster-19021.0__TRINITY_DN3364_c0_g1_i3.p1               6.54%    passed    100.00%
   4  DE173|Cluster-19914.0__TRINITY_DN11862_c0_g1_i1.p1              6.54%    passed    100.00%
   5  DE550|Cluster-18712.0__TRINITY_DN5261_c0_g1_i1.p1               6.54%    passed    100.00%
   6  JJ109|Cluster-13060.0__TRINITY_DN4806_c1_g1_i4.p1              39.51%    passed     91.52%
   7  DE736|Cluster-21817.0__TRINITY_DN6139_c0_g1_i1.p1               8.99%    passed    100.00%
   8  DE509|Cluster-23299.0__TRINITY_DN5866_c0_g1_i1.p1               8.99%    passed    100.00%
   9  DE764|Cluster-45830.0__TRINITY_DN6968_c0_g1_i1.p1               8.99%    passed    100.00%
  10  DE643|Cluster-39972.0__TRINITY_DN1721_c0_g1_i1.p1               6.54%    passed    100.00%
  11  DE671|Cluster-32067.0__TRINITY_DN4412_c0_g1_i5.p1               6.54%    passed    100.00%
  12  JJ89|Cluster-23138.0__TRINITY_DN4576_c0_g1_i1.p1                6.54%    passed    100.00%
  13  DE737|Cluster-29826.0__TRINITY_DN2421_c0_g1_i2.p1               6.54%    passed    100.00%
  14  DE549|Cluster-30806.0__TRINITY_DN8324_c0_g1_i5.p1               6.54%    passed     99.99%
  15  DE504|Cluster-31501.0__TRINITY_DN8110_c0_g1_i6.p1               8.99%    passed    100.00%
  16  DE696-dots|Cluster-52775.1__TRINITY_DN3142_c1_g1_i1.p1          6.54%    passed    100.00%
  17  DE229|Cluster-94858.0__TRINITY_DN369_c0_g1_i2.p1                7.90%    passed    100.00%
  18  SRR5150740|Cluster-65123.0__TRINITY_DN3792_c0_g1_i3.p1          0.00%    passed     99.94%
  19  DE575|Cluster-25328.0__TRINITY_DN4921_c0_g1_i2.p1               7.90%    passed    100.00%
  20  DE681|Cluster-17758.0__TRINITY_DN15042_c0_g1_i2.p1              7.90%    passed    100.00%
  21  DE666|Cluster-39623.0__TRINITY_DN5000_c0_g3_i5.p1               7.90%    passed    100.00%
  22  JJ86|Cluster-37229.0__TRINITY_DN1930_c0_g1_i3.p1                7.90%    passed    100.00%
  23  DE546_urceolata_l|Cluster-9641.0__TRINITY_DN1507_c0_g4_i2.p1    7.90%    passed    100.00%
  24  DE127|Cluster-37856.0__TRINITY_DN5303_c0_g1_i1.p1               7.90%    passed    100.00%
  25  DE554|Cluster-30205.0__TRINITY_DN22235_c0_g1_i4.p1              7.90%    passed    100.00%
  26  DE126|Cluster-23982.0__TRINITY_DN3444_c0_g2_i1.p1              12.26%    passed    100.00%
  27  DE704-purple|Cluster-51801.0__TRINITY_DN6693_c0_g1_i4.p1        7.90%    passed    100.00%
  28  DE704-white|Cluster-52448.0__TRINITY_DN8224_c0_g1_i2.p1         7.90%    passed    100.00%
  29  DE115|Cluster-32622.0__TRINITY_DN1183_c0_g1_i1.p1               0.00%    passed    100.00%
  30  DE668|Cluster-36552.0__TRINITY_DN694_c1_g1_i3.p1                0.00%    passed    100.00%
  31  DE152|Cluster-34121.1__TRINITY_DN15943_c0_g1_i6.p1              0.00%    passed    100.00%
  32  DE765|Cluster-26579.0__TRINITY_DN32726_c0_g1_i1.p1              0.00%    passed    100.00%
  33  JJ99|Cluster-4425.0__TRINITY_DN15948_c1_g1_i1.p1                0.00%    passed    100.00%
  34  DE563|Cluster-18907.0__TRINITY_DN7499_c0_g1_i3.p1               0.00%    passed    100.00%
  35  JJ23|Cluster-12822.0__TRINITY_DN148_c0_g1_i4.p1                50.14%    passed     99.99%
  36  JJ125|Cluster-22827.0__TRINITY_DN935_c0_g2_i1.p1               49.05%    passed     99.81%
  37  JJ74|Cluster-59667.1__TRINITY_DN1228_c1_g1_i9.p1                0.00%    passed    100.00%
  38  DE566|Cluster-59601.1__TRINITY_DN7724_c0_g1_i15.p1              7.90%    passed    100.00%
  39  DE476|Cluster-45570.0__TRINITY_DN5331_c1_g1_i1.p1               0.00%    passed    100.00%
  40  DE189|Cluster-43014.0__TRINITY_DN235_c0_g2_i1.p1                0.00%    passed    100.00%
  41  DRR082660|Cluster-15573.0__TRINITY_DN2591_c0_g1_i2.p1           0.00%    passed    100.00%
  42  DE181|Cluster-17697.0__TRINITY_DN7563_c0_g1_i1.p1               7.36%    passed    100.00%
  43  DE561|Cluster-28349.0__TRINITY_DN1695_c0_g1_i2.p1               7.90%    passed    100.00%
  44  DE510|Cluster-48188.0__TRINITY_DN5950_c0_g1_i3.p1               7.90%    passed    100.00%
  45  DE503|Cluster-49511.0__TRINITY_DN6057_c0_g1_i2.p1               7.90%    passed    100.00%
  46  DE505|Cluster-50652.0__TRINITY_DN5995_c0_g1_i2.p1               7.90%    passed    100.00%
  47  SRR3407093|Cluster-12413.0__TRINITY_DN20289_c0_g2_i2.p1         0.00%    passed    100.00%
  48  SRR3407092|Cluster-31305.0__TRINITY_DN15514_c0_g1_i3.p1         0.00%    passed    100.00%
  49  DE523|Cluster-35518.0__TRINITY_DN2136_c0_g1_i3.p1               7.90%    passed    100.00%
  50  SRR3407096|Cluster-21942.0__TRINITY_DN4043_c0_g1_i2.p1          7.90%    passed    100.00%
  51  DE216|Cluster-22539.0__TRINITY_DN6356_c0_g1_i1.p1               7.90%    passed    100.00%
  52  DE542|Cluster-53011.0__TRINITY_DN3595_c0_g1_i3.p1               7.90%    passed    100.00%
  53  DE534|Cluster-22749.0__TRINITY_DN3426_c0_g1_i1.p1               7.90%    passed    100.00%
  54  DE536|Cluster-31919.0__TRINITY_DN6799_c0_g1_i1.p1               7.90%    passed    100.00%
  55  DE560|Cluster-35246.0__TRINITY_DN9747_c0_g1_i15.p1              7.90%    passed    100.00%
  56  DE741|Cluster-50660.0__TRINITY_DN6452_c0_g1_i4.p1               7.90%    passed    100.00%
  57  DE519|Cluster-65043.0__TRINITY_DN12161_c0_g1_i3.p1              7.90%    passed    100.00%
  58  DE541|Cluster-52566.0__TRINITY_DN439_c1_g1_i3.p1               49.05%    passed     99.73%
  59  JJ15|Cluster-38484.0__TRINITY_DN2060_c0_g1_i1.p1                0.00%    passed    100.00%
  60  DE531|Cluster-32345.4__TRINITY_DN8894_c0_g1_i36.p1             44.96%    passed     98.74%
  61  JJ131|Cluster-45008.0__TRINITY_DN2081_c0_g1_i1.p1               8.99%    passed    100.00%
  62  DRR234970|Cluster-43768.0__TRINITY_DN10042_c0_g1_i1.p1          0.00%    passed    100.00%
  63  DE88|Cluster-31503.0__TRINITY_DN8400_c0_g1_i3.p1                0.00%    passed    100.00%
  64  SRR3424066|Cluster-36649.0__TRINITY_DN1348_c0_g1_i2.p1          0.00%    passed    100.00%
  65  SRR3407087|Cluster-27678.0__TRINITY_DN13958_c0_g1_i1.p1         0.00%    passed    100.00%
  66  SRR3407086|Cluster-35239.0__TRINITY_DN65454_c0_g1_i2.p1         0.00%    passed    100.00%
  67  SRR3407088|Cluster-8383.0__TRINITY_DN16238_c0_g2_i2.p1          0.00%    passed    100.00%
  68  SRR3407095|Cluster-41165.0__TRINITY_DN8234_c0_g2_i2.p1          0.00%    passed    100.00%
  69  DE162|Cluster-21828.0__TRINITY_DN4914_c0_g2_i1.p1               1.09%    passed    100.00%
  70  DE507|Cluster-80119.0__TRINITY_DN29651_c1_g1_i3.p1              1.09%    passed    100.00%
  71  DE623|Cluster-48727.0__TRINITY_DN2233_c0_g1_i5.p1               1.09%    passed    100.00%
  72  DE680|Cluster-26254.3__TRINITY_DN9392_c0_g1_i1.p1               1.09%    passed    100.00%
  73  SRR104381|Cluster-19872.1__TRINITY_DN776_c0_g2_i4.p1            5.18%    passed     97.28%
WARNING: 1 sequences contain more than 50% gaps/ambiguity
****  TOTAL                                                           8.36%  0 sequences failed composition chi2 test (p-value<5%; df=60)
Reading input tree file tmp.csubst.nwk ... rooted tree

NOTE: 55 MB RAM (0 GB) is required!
Measuring multi-threading efficiency up to 1 CPU cores
2 trees examined
Threads: 1 / Time: 2.916 sec / Speedup: 1.000 / Efficiency: 100% / LogL: -11673
BEST NUMBER OF THREADS: 1

Estimate model parameters (epsilon = 0.010)
1. Initial log-likelihood: -11597.459
2. Current log-likelihood: -7737.317
3. Current log-likelihood: -7736.971
4. Current log-likelihood: -7736.814
5. Current log-likelihood: -7736.739
6. Current log-likelihood: -7736.703
7. Current log-likelihood: -7736.686
Optimal log-likelihood: -7736.678
Nonsynonymous/synonymous ratio (omega): 1.000
Transition/transversion ratio (kappa): 1.000
Site proportion and rates:  (0.589,0.323) (0.221,1.041) (0.132,1.760) (0.059,5.941)
Parameters optimization took 7 rounds (63.104 sec)
Wrote distance file to... 
BEST SCORE FOUND : -7736.678
Ancestral state probabilities printed to /mnt/data0/yue/2026-03-11-protein-convergence/results/OG_5746/csubst_w_s/csubst_input_alignment.fa.state
Empirical proportions for each category: 0.670 0.172 0.104 0.054
Site rates printed to /mnt/data0/yue/2026-03-11-protein-convergence/results/OG_5746/csubst_w_s/csubst_input_alignment.fa.rate
Total tree length: 3.543

Total number of iterations: 0
CPU time used for tree search: 0.000 sec (0h:0m:0s)
Wall-clock time used for tree search: 0.000 sec (0h:0m:0s)
Total CPU time used: 67.780 sec (0h:1m:7s)
Total wall-clock time used: 67.952 sec (0h:1m:7s)

Analysis results written to: 
  IQ-TREE report:                /mnt/data0/yue/2026-03-11-protein-convergence/results/OG_5746/csubst_w_s/csubst_input_alignment.fa.iqtree
  Maximum-likelihood tree:       /mnt/data0/yue/2026-03-11-protein-convergence/results/OG_5746/csubst_w_s/csubst_input_alignment.fa.treefile
  Site-specific rates:           /mnt/data0/yue/2026-03-11-protein-convergence/results/OG_5746/csubst_w_s/csubst_input_alignment.fa.rate
  Ancestral state:               /mnt/data0/yue/2026-03-11-protein-convergence/results/OG_5746/csubst_w_s/csubst_input_alignment.fa.state
  Screen log file:               /mnt/data0/yue/2026-03-11-protein-convergence/results/OG_5746/csubst_w_s/csubst_input_alignment.fa.log

Date and Time: Fri Mar 27 19:09:56 2026
