IQ-TREE multicore version 2.4.0 for Linux x86 64-bit built Feb 12 2025
Developed by Bui Quang Minh, Nguyen Lam Tung, Olga Chernomor, Heiko Schmidt,
Dominik Schrempf, Michael Woodhams, Ly Trong Nhan, Thomas Wong

Host:    brain (AVX2, FMA3, 2015 GB RAM)
Command: /home/yue/miniconda3/envs/py39/bin/iqtree -s /mnt/data0/yue/2026-03-11-protein-convergence/results/OG_6981/csubst_w_s/csubst_input_alignment.fa -te tmp.csubst.nwk -m ECMK07+F+R4 --seqtype CODON1 --threads-max 1 -T AUTO --ancestral --rate --redo
Seed:    848155 (Using SPRNG - Scalable Parallel Random Number Generator)
Time:    Fri Mar 27 23:20:04 2026
Kernel:  AVX+FMA - auto-detect threads (128 CPU cores detected)

Reading alignment file /mnt/data0/yue/2026-03-11-protein-convergence/results/OG_6981/csubst_w_s/csubst_input_alignment.fa ... Fasta format detected
Reading fasta file: done in 0.00112635 secs using 25.04% CPU
Alignment most likely contains DNA/RNA sequences
Converting to codon sequences with genetic code 1 ...
WARNING: 1 sites contain only gaps or ambiguous characters.
Alignment has 76 sequences with 289 columns, 281 distinct patterns
175 parsimony-informative, 69 singleton sites, 45 constant sites
                                                                Gap/Ambiguity  Composition  p-value
Analyzing sequences: done in 5.02169e-05 secs using 23.9% CPU
   1  DE151|Cluster-33728.0__TRINITY_DN16456_c0_g1_i1.p1                0.35%    passed    100.00%
   2  JJ23|Cluster-9733.0__TRINITY_DN6819_c0_g2_i1.p1                   1.04%    passed    100.00%
   3  DE560|Cluster-12473.0__TRINITY_DN15306_c0_g1_i1.p1                0.35%    passed    100.00%
   4  DE126|Cluster-24587.0__TRINITY_DN11548_c0_g1_i3.p1                0.35%    passed    100.00%
   5  JJ99|Cluster-19576.1__TRINITY_DN870_c0_g2_i2.p1                   0.35%    passed    100.00%
   6  DE668|Cluster-51179.0__TRINITY_DN10510_c0_g1_i2.p1               41.87%    passed     14.72%
   7  JJ131|Cluster-40819.0__TRINITY_DN165794_c0_g1_i1.p1               1.38%    passed    100.00%
   8  DE216|Cluster-83442.6__TRINITY_DN17352_c0_g2_i1.p1                0.35%    passed    100.00%
   9  JJ15|Cluster-34807.1__TRINITY_DN13130_c0_g2_i5.p1                 0.35%    passed    100.00%
  10  SRR5150740|Cluster-29805.0__TRINITY_DN3153_c0_g2_i1.p1            7.27%    passed     99.77%
  11  DRR234970|Cluster-20988.0__TRINITY_DN21375_c0_g1_i1.p1            0.35%    passed     99.48%
  12  DE88|Cluster-17815.0__TRINITY_DN73389_c0_g1_i1.p1                 1.73%    passed    100.00%
  13  JJ85|Cluster-6567.0__TRINITY_DN3548_c0_g2_i1.p1                   0.35%    passed    100.00%
  14  DE173|Cluster-30829.0__TRINITY_DN87030_c0_g1_i1.p1                0.35%    passed    100.00%
  15  JJ109|Cluster-32810.0__TRINITY_DN17620_c0_g1_i2.p1                0.35%    passed    100.00%
  16  DE164|Cluster-1808.0__TRINITY_DN28909_c0_g1_i1.p1                 0.35%    passed    100.00%
  17  DE549|Cluster-34612.0__TRINITY_DN60640_c0_g1_i1.p1                0.35%    passed    100.00%
  18  DE476|Cluster-5734.0__TRINITY_DN85429_c0_g1_i1.p1                 0.35%    passed    100.00%
  19  DE737|Cluster-24835.0__TRINITY_DN55347_c0_g1_i2.p1                0.35%    passed    100.00%
  20  DE764|Cluster-6603.0__TRINITY_DN60375_c0_g1_i1.p1                 0.35%    passed    100.00%
  21  DE523|Cluster-13486.0__TRINITY_DN8189_c2_g1_i2.p1                 0.35%    passed    100.00%
  22  DE534|Cluster-29178.0__TRINITY_DN8315_c0_g1_i3.p1                 0.35%    passed    100.00%
  23  DE736|Cluster-40010.0__TRINITY_DN44924_c0_g1_i1.p1                0.35%    passed    100.00%
  24  DE550|Cluster-49061.0__TRINITY_DN47660_c0_g1_i1.p1                0.35%    passed    100.00%
  25  DE561|Cluster-16992.0__TRINITY_DN61212_c0_g1_i1.p1                0.35%    passed    100.00%
  26  SRR3424066|Cluster-29052.0__TRINITY_DN35777_c0_g1_i1.p1           0.35%    passed    100.00%
  27  DE643|Cluster-24352.0__TRINITY_DN21021_c0_g1_i1.p1                0.35%    passed    100.00%
  28  DE531|Cluster-24414.0__TRINITY_DN5278_c1_g1_i1.p1                 0.35%    passed    100.00%
  29  JJ36|Cluster-16326.0__TRINITY_DN12276_c0_g1_i2.p1                 0.35%    passed    100.00%
  30  DE696-dots|Cluster-37395.0__TRINITY_DN76712_c0_g1_i1.p1           0.35%    passed    100.00%
  31  DE696-nodots|Cluster-2377.0__TRINITY_DN21923_c0_g1_i1.p1          0.35%    passed    100.00%
  32  DE509|Cluster-6638.0__TRINITY_DN78765_c0_g1_i1.p1                 0.35%    passed    100.00%
  33  DE672|Cluster-7516.0__TRINITY_DN117149_c0_g1_i1.p1                0.35%    passed    100.00%
  34  DE541|Cluster-23445.0__TRINITY_DN68241_c0_g1_i1.p1                0.35%    passed    100.00%
  35  DE680|Cluster-17444.0__TRINITY_DN4639_c0_g2_i2.p1                 0.35%    passed    100.00%
  36  DE671|Cluster-31410.0__TRINITY_DN12443_c0_g1_i1.p1                0.35%    passed      5.37%
  37  DE504|Cluster-557.0__TRINITY_DN78738_c0_g1_i1.p1                  0.35%    passed    100.00%
  38  DE519|Cluster-61088.0__TRINITY_DN95597_c0_g1_i1.p1                0.35%    passed    100.00%
  39  DE741|Cluster-24520.0__TRINITY_DN4508_c0_g2_i1.p1                 0.35%    passed    100.00%
  40  SRR3407095|Cluster-36561.0__TRINITY_DN10565_c0_g2_i1.p1           1.04%    passed    100.00%
  41  DE69|Cluster-35422.1__TRINITY_DN7100_c0_g2_i6.p1                  1.04%    passed    100.00%
  42  JJ89|Cluster-9877.0__TRINITY_DN44654_c0_g1_i1.p1                  0.35%    passed    100.00%
  43  DRR082660|Cluster-15956.0__TRINITY_DN31447_c0_g1_i1.p1            0.35%    passed    100.00%
  44  SRR3407096|Cluster-30777.0__TRINITY_DN32414_c0_g1_i2.p1           0.35%    passed    100.00%
  45  DE181|Cluster-39692.0__TRINITY_DN108787_c0_g1_i1.p1               0.35%    passed    100.00%
  46  SRR3407088|Cluster-10196.0__TRINITY_DN8631_c0_g1_i1.p1            0.35%    passed    100.00%
  47  DE189|Cluster-34125.0__TRINITY_DN39924_c0_g1_i2.p1                0.35%    passed    100.00%
  48  DE503|Cluster-41907.0__TRINITY_DN8341_c0_g1_i1.p1                 0.35%    passed    100.00%
  49  DE510|Cluster-36577.0__TRINITY_DN14570_c0_g2_i1.p1                0.35%    passed    100.00%
  50  SRR3407087|Cluster-5215.0__TRINITY_DN6425_c0_g2_i1.p1             0.35%    passed    100.00%
  51  SRR3407092|Cluster-8278.0__TRINITY_DN40741_c0_g1_i1.p1           19.38%    passed     99.91%
  52  SRR3407093|Cluster-8073.0__TRINITY_DN19857_c0_g1_i1.p1            0.35%    passed    100.00%
  53  DE505|Cluster-25483.0__TRINITY_DN5104_c0_g1_i2.p1                 0.35%    passed    100.00%
  54  SRR3407094|Cluster-11664.0__TRINITY_DN48414_c0_g1_i1.p1           0.35%    passed    100.00%
  55  DE566|Cluster-23392.0__TRINITY_DN21194_c0_g1_i1.p1                0.35%    passed    100.00%
  56  DE623|Cluster-58383.3__TRINITY_DN8108_c0_g1_i7.p1                 1.04%    passed    100.00%
  57  JJ74|Cluster-105027.0__TRINITY_DN46652_c0_g2_i1.p1                0.35%    passed    100.00%
  58  DE536|Cluster-9817.0__TRINITY_DN62875_c0_g1_i1.p1                 0.35%    passed    100.00%
  59  DE115|Cluster-39977.4__TRINITY_DN2543_c0_g1_i9.p1                 0.35%    passed    100.00%
  60  JJ86|Cluster-36483.0__TRINITY_DN6970_c0_g2_i1.p1                  4.15%    passed    100.00%
  61  DE546_urceolata_l|Cluster-25419.0__TRINITY_DN11115_c0_g2_i1.p1    0.35%    passed    100.00%
  62  DE229|Cluster-9129.0__TRINITY_DN10554_c0_g2_i1.p1                62.63%    passed     63.85%
  63  DE162|Cluster-36454.0__TRINITY_DN8092_c0_g2_i1.p1                 0.35%    passed    100.00%
  64  DE704-purple|Cluster-41404.0__TRINITY_DN9435_c0_g3_i1.p1          0.35%    passed    100.00%
  65  DE528|Cluster-52146.0__TRINITY_DN7246_c0_g1_i1.p1                 0.35%    passed    100.00%
  66  DE704-white|Cluster-41136.0__TRINITY_DN8059_c0_g2_i1.p1           0.35%    passed    100.00%
  67  JJ125|Cluster-11659.0__TRINITY_DN41499_c0_g1_i1.p1                0.35%    passed    100.00%
  68  DE507|Cluster-88297.0__TRINITY_DN9139_c0_g1_i4.p1                 1.38%    passed    100.00%
  69  DE575|Cluster-26082.0__TRINITY_DN11161_c0_g1_i1.p1                0.35%    passed    100.00%
  70  DE681|Cluster-3527.0__TRINITY_DN71393_c0_g1_i1.p1                 0.35%    passed    100.00%
  71  DE765|Cluster-1610.0__TRINITY_DN62948_c0_g1_i1.p1                 0.35%    passed    100.00%
  72  DE563|Cluster-44812.0__TRINITY_DN13852_c0_g1_i1.p1                0.35%    passed    100.00%
  73  DE127|Cluster-7166.0__TRINITY_DN17561_c0_g2_i2.p1                 0.35%    passed    100.00%
  74  DE554|Cluster-63337.0__TRINITY_DN7438_c0_g4_i2.p1                 0.35%    passed    100.00%
  75  DE666|Cluster-26312.0__TRINITY_DN7069_c0_g1_i2.p1                 0.35%    passed    100.00%
  76  DE542|Cluster-4660.38__TRINITY_DN2527_c0_g1_i8.p1                 7.96%    passed    100.00%
WARNING: 1 sequences contain more than 50% gaps/ambiguity
****  TOTAL                                                             2.29%  0 sequences failed composition chi2 test (p-value<5%; df=60)
WARNING: States(s) CGC, TGG rarely appear in alignment and may cause numerical problems
Reading input tree file tmp.csubst.nwk ... rooted tree

NOTE: 49 MB RAM (0 GB) is required!
Measuring multi-threading efficiency up to 1 CPU cores
2 trees examined
Threads: 1 / Time: 2.683 sec / Speedup: 1.000 / Efficiency: 100% / LogL: -9483
BEST NUMBER OF THREADS: 1

Estimate model parameters (epsilon = 0.010)
1. Initial log-likelihood: -9633.114
2. Current log-likelihood: -6768.179
3. Current log-likelihood: -6758.547
4. Current log-likelihood: -6758.014
5. Current log-likelihood: -6757.577
6. Current log-likelihood: -6757.201
7. Current log-likelihood: -6756.901
8. Current log-likelihood: -6756.666
9. Current log-likelihood: -6756.481
10. Current log-likelihood: -6756.328
11. Current log-likelihood: -6756.198
12. Current log-likelihood: -6756.172
13. Current log-likelihood: -6756.060
14. Current log-likelihood: -6756.046
15. Current log-likelihood: -6755.948
16. Current log-likelihood: -6755.938
17. Current log-likelihood: -6755.848
Optimal log-likelihood: -6755.839
Nonsynonymous/synonymous ratio (omega): 1.000
Transition/transversion ratio (kappa): 1.000
Site proportion and rates:  (0.421,0.372) (0.373,0.936) (0.202,2.305) (0.004,7.045)
Parameters optimization took 17 rounds (136.107 sec)
Wrote distance file to... 
BEST SCORE FOUND : -6755.839
Ancestral state probabilities printed to /mnt/data0/yue/2026-03-11-protein-convergence/results/OG_6981/csubst_w_s/csubst_input_alignment.fa.state
Empirical proportions for each category: 0.436 0.367 0.194 0.003
Site rates printed to /mnt/data0/yue/2026-03-11-protein-convergence/results/OG_6981/csubst_w_s/csubst_input_alignment.fa.rate
Total tree length: 3.533

Total number of iterations: 0
CPU time used for tree search: 0.000 sec (0h:0m:0s)
Wall-clock time used for tree search: 0.000 sec (0h:0m:0s)
Total CPU time used: 140.112 sec (0h:2m:20s)
Total wall-clock time used: 140.364 sec (0h:2m:20s)

Analysis results written to: 
  IQ-TREE report:                /mnt/data0/yue/2026-03-11-protein-convergence/results/OG_6981/csubst_w_s/csubst_input_alignment.fa.iqtree
  Maximum-likelihood tree:       /mnt/data0/yue/2026-03-11-protein-convergence/results/OG_6981/csubst_w_s/csubst_input_alignment.fa.treefile
  Site-specific rates:           /mnt/data0/yue/2026-03-11-protein-convergence/results/OG_6981/csubst_w_s/csubst_input_alignment.fa.rate
  Ancestral state:               /mnt/data0/yue/2026-03-11-protein-convergence/results/OG_6981/csubst_w_s/csubst_input_alignment.fa.state
  Screen log file:               /mnt/data0/yue/2026-03-11-protein-convergence/results/OG_6981/csubst_w_s/csubst_input_alignment.fa.log

Date and Time: Fri Mar 27 23:22:25 2026
