IQ-TREE multicore version 2.4.0 for Linux x86 64-bit built Feb 12 2025
Developed by Bui Quang Minh, Nguyen Lam Tung, Olga Chernomor, Heiko Schmidt,
Dominik Schrempf, Michael Woodhams, Ly Trong Nhan, Thomas Wong

Host:    brain (AVX2, FMA3, 2015 GB RAM)
Command: /home/yue/miniconda3/envs/py39/bin/iqtree -s /mnt/data0/yue/2026-03-11-protein-convergence/results/OG_5908/csubst_w_s/csubst_input_alignment.fa -te tmp.csubst.nwk -m ECMK07+F+R4 --seqtype CODON1 --threads-max 1 -T AUTO --ancestral --rate --redo
Seed:    53253 (Using SPRNG - Scalable Parallel Random Number Generator)
Time:    Fri Mar 27 19:45:35 2026
Kernel:  AVX+FMA - auto-detect threads (128 CPU cores detected)

Reading alignment file /mnt/data0/yue/2026-03-11-protein-convergence/results/OG_5908/csubst_w_s/csubst_input_alignment.fa ... Fasta format detected
Reading fasta file: done in 0.00191876 secs
Alignment most likely contains DNA/RNA sequences
Converting to codon sequences with genetic code 1 ...
WARNING: 1 sites contain only gaps or ambiguous characters.
Alignment has 77 sequences with 282 columns, 257 distinct patterns
147 parsimony-informative, 72 singleton sites, 63 constant sites
                                                                Gap/Ambiguity  Composition  p-value
Analyzing sequences: done in 8.32975e-05 secs using 98.44% CPU
   1  DE115|Cluster-53790.0__TRINITY_DN3812_c1_g1_i4.p1                 0.35%    passed    100.00%
   2  DE563|Cluster-42944.0__TRINITY_DN13302_c0_g1_i2.p1                0.35%    passed    100.00%
   3  DE704-purple|Cluster-37152.0__TRINITY_DN8195_c0_g1_i1.p1          0.35%    passed    100.00%
   4  DE704-white|Cluster-53098.0__TRINITY_DN3036_c0_g1_i1.p1           0.35%    passed    100.00%
   5  DE162|Cluster-22881.0__TRINITY_DN3365_c1_g1_i1.p1                 0.35%    passed    100.00%
   6  JJ86|Cluster-29659.0__TRINITY_DN1451_c2_g1_i1.p1                  0.35%    passed    100.00%
   7  DE507|Cluster-20525.0__TRINITY_DN4568_c0_g1_i1.p1                 0.35%    passed    100.00%
   8  DE668|Cluster-38245.0__TRINITY_DN28241_c0_g1_i2.p1                0.35%    passed    100.00%
   9  DE127|Cluster-27992.1__TRINITY_DN3985_c1_g1_i2.p1                 0.35%    passed    100.00%
  10  DE554|Cluster-10946.0__TRINITY_DN2594_c0_g1_i1.p1                 0.35%    passed    100.00%
  11  DE623|Cluster-46211.0__TRINITY_DN1639_c0_g1_i2.p1                 0.35%    passed    100.00%
  12  DE680|Cluster-52971.0__TRINITY_DN14854_c0_g2_i1.p1                0.35%    passed    100.00%
  13  DE126|Cluster-23950.2__TRINITY_DN1668_c0_g1_i10.p1                0.35%    passed     75.70%
  14  DE546_urceolata_l|Cluster-16578.0__TRINITY_DN80335_c0_g1_i1.p1    0.35%    passed    100.00%
  15  DE528|Cluster-27931.0__TRINITY_DN23301_c0_g1_i1.p1                0.35%    passed    100.00%
  16  DE151|Cluster-13803.0__TRINITY_DN6367_c0_g2_i1.p1                 0.35%    passed    100.00%
  17  DE189|Cluster-36229.0__TRINITY_DN5799_c0_g1_i1.p1                 0.35%    passed    100.00%
  18  DE152|Cluster-50957.0__TRINITY_DN9850_c1_g1_i1.p1                 0.35%    passed    100.00%
  19  JJ99|Cluster-35937.0__TRINITY_DN2991_c0_g1_i2.p1                  0.35%    passed    100.00%
  20  DE536|Cluster-48323.0__TRINITY_DN2053_c0_g3_i1.p1                 0.35%    passed    100.00%
  21  DE164|Cluster-55981.0__TRINITY_DN6604_c0_g1_i1.p1                 1.06%    passed    100.00%
  22  DE643|Cluster-55921.0__TRINITY_DN4180_c0_g1_i3.p1                 0.35%    passed    100.00%
  23  DE737|Cluster-36737.0__TRINITY_DN11182_c0_g2_i2.p1                9.57%    passed    100.00%
  24  DE671|Cluster-36817.0__TRINITY_DN3093_c0_g1_i1.p1                 0.35%    passed    100.00%
  25  DE504|Cluster-155.0__TRINITY_DN85732_c0_g1_i1.p1                  0.35%    passed    100.00%
  26  DE541|Cluster-26444.0__TRINITY_DN13175_c0_g1_i3.p1               23.40%    passed    100.00%
  27  JJ89|Cluster-16691.0__TRINITY_DN2845_c0_g1_i1.p1                  0.35%    passed    100.00%
  28  DE549|Cluster-6266.0__TRINITY_DN6579_c0_g1_i1.p1                  0.35%    passed    100.00%
  29  DE736|Cluster-46431.0__TRINITY_DN8597_c0_g1_i2.p1                23.40%    passed    100.00%
  30  DE764|Cluster-12817.0__TRINITY_DN2304_c0_g1_i1.p1                 0.35%    passed    100.00%
  31  DE560|Cluster-32585.0__TRINITY_DN2824_c0_g2_i1.p1                 0.35%    passed    100.00%
  32  DE173|Cluster-48532.0__TRINITY_DN12578_c0_g1_i2.p1                0.35%    passed    100.00%
  33  JJ109|Cluster-27114.0__TRINITY_DN2951_c0_g2_i1.p1                 0.35%    passed    100.00%
  34  JJ130|Cluster-20363.0__TRINITY_DN5885_c2_g1_i1.p1                 0.35%    passed    100.00%
  35  DE88|Cluster-33764.0__TRINITY_DN8021_c0_g1_i3.p1                  0.35%    passed    100.00%
  36  DE476|Cluster-16138.0__TRINITY_DN10250_c3_g1_i1.p1                0.35%    passed    100.00%
  37  JJ125|Cluster-23956.0__TRINITY_DN10889_c0_g1_i2.p1                0.35%    passed    100.00%
  38  DRR082660|Cluster-46030.0__TRINITY_DN1996_c0_g1_i2.p1             0.35%    passed    100.00%
  39  DE519|Cluster-57483.0__TRINITY_DN26071_c1_g1_i1.p1                0.35%    passed    100.00%
  40  DE69|Cluster-29980.0__TRINITY_DN3239_c0_g1_i2.p1                  0.35%    passed    100.00%
  41  SRR3407095|Cluster-38016.0__TRINITY_DN5980_c0_g1_i2.p1            0.35%    passed    100.00%
  42  JJ74|Cluster-65964.0__TRINITY_DN7580_c0_g1_i1.p1                  0.35%    passed    100.00%
  43  DE672|Cluster-31211.1__TRINITY_DN5848_c0_g2_i2.p1                 0.35%    passed    100.00%
  44  DE566|Cluster-15095.0__TRINITY_DN4436_c0_g2_i1.p1                 2.13%    passed    100.00%
  45  DE216|Cluster-52769.0__TRINITY_DN7299_c0_g1_i1.p1                11.35%    passed    100.00%
  46  DE534|Cluster-5411.0__TRINITY_DN8502_c0_g1_i2.p1                  0.35%    passed    100.00%
  47  DE542|Cluster-24601.0__TRINITY_DN5921_c0_g1_i1.p1                 0.35%    passed    100.00%
  48  JJ15|Cluster-65246.38__TRINITY_DN3612_c2_g1_i1.p1                 0.35%    passed    100.00%
  49  DE741|Cluster-28778.0__TRINITY_DN3557_c0_g1_i1.p1                 4.26%    passed    100.00%
  50  DE229|Cluster-93667.1__TRINITY_DN1773_c1_g1_i5.p1                 0.35%    passed    100.00%
  51  JJ131|Cluster-65013.25__TRINITY_DN6315_c0_g1_i9.p1                0.35%    passed    100.00%
  52  DE550|Cluster-37346.0__TRINITY_DN10912_c0_g2_i4.p1                9.57%    passed    100.00%
  53  DE696-dots|Cluster-18620.0__TRINITY_DN3076_c0_g1_i1.p1            0.35%    passed    100.00%
  54  JJ36|Cluster-10502.0__TRINITY_DN5381_c1_g1_i2.p1                  0.35%    passed    100.00%
  55  DE696-nodots|Cluster-56645.0__TRINITY_DN24653_c0_g1_i4.p1         0.35%    passed    100.00%
  56  DE531|Cluster-41590.0__TRINITY_DN63771_c0_g1_i1.p1                0.35%    passed    100.00%
  57  JJ23|Cluster-8046.0__TRINITY_DN8789_c0_g1_i1.p1                   0.35%    passed    100.00%
  58  DE181|Cluster-55121.0__TRINITY_DN106670_c0_g1_i1.p1               0.35%    passed    100.00%
  59  SRR3407086|Cluster-26267.0__TRINITY_DN88902_c0_g1_i1.p1           0.35%    passed    100.00%
  60  DE503|Cluster-9881.0__TRINITY_DN5533_c0_g1_i1.p1                  0.35%    passed    100.00%
  61  DE505|Cluster-29211.0__TRINITY_DN1902_c0_g1_i2.p1                 0.35%    passed    100.00%
  62  SRR3407094|Cluster-33238.0__TRINITY_DN8003_c0_g1_i1.p1            0.35%    passed    100.00%
  63  SRR3407092|Cluster-9631.0__TRINITY_DN9439_c0_g1_i1.p1             0.35%    passed    100.00%
  64  SRR3407093|Cluster-17933.0__TRINITY_DN8142_c0_g1_i2.p1            0.35%    passed    100.00%
  65  DE561|Cluster-17770.0__TRINITY_DN67310_c0_g1_i1.p1                0.35%    passed    100.00%
  66  SRR3424066|Cluster-29060.0__TRINITY_DN40649_c0_g1_i1.p1           0.35%    passed    100.00%
  67  SRR3407088|Cluster-15479.0__TRINITY_DN50917_c0_g1_i1.p1           0.35%    passed    100.00%
  68  DE510|Cluster-16714.0__TRINITY_DN36595_c0_g1_i1.p1                0.35%    passed    100.00%
  69  SRR3407087|Cluster-8325.0__TRINITY_DN38623_c0_g1_i1.p1            0.35%    passed    100.00%
  70  DE509|Cluster-30237.0__TRINITY_DN74999_c0_g1_i1.p1                0.35%    passed    100.00%
  71  JJ85|Cluster-14642.0__TRINITY_DN14890_c0_g1_i2.p1                 0.35%    passed    100.00%
  72  DE681|Cluster-7480.0__TRINITY_DN4533_c0_g1_i1.p1                  0.35%    passed    100.00%
  73  DE765|Cluster-33127.0__TRINITY_DN4361_c0_g1_i1.p1                 0.35%    passed    100.00%
  74  DE575|Cluster-61669.1__TRINITY_DN4313_c0_g2_i7.p1                24.11%    passed    100.00%
  75  SRR3407096|Cluster-33867.1__TRINITY_DN5855_c0_g1_i1.p1            0.35%    passed    100.00%
  76  DE523|Cluster-42635.0__TRINITY_DN9845_c0_g1_i2.p1                 0.35%    passed    100.00%
  77  SRR5150740|Cluster-20848.0__TRINITY_DN3527_c0_g1_i1.p1            0.35%    failed      0.00%
****  TOTAL                                                             1.73%  1 sequences failed composition chi2 test (p-value<5%; df=60)
WARNING: States(s) CAC rarely appear in alignment and may cause numerical problems
Reading input tree file tmp.csubst.nwk ... rooted tree

NOTE: 46 MB RAM (0 GB) is required!
Measuring multi-threading efficiency up to 1 CPU cores
2 trees examined
Threads: 1 / Time: 2.401 sec / Speedup: 1.000 / Efficiency: 100% / LogL: -9289
BEST NUMBER OF THREADS: 1

Estimate model parameters (epsilon = 0.010)
1. Initial log-likelihood: -9202.731
2. Current log-likelihood: -5792.099
3. Current log-likelihood: -5782.141
4. Current log-likelihood: -5781.336
5. Current log-likelihood: -5780.839
6. Current log-likelihood: -5780.518
7. Current log-likelihood: -5780.305
8. Current log-likelihood: -5780.165
9. Current log-likelihood: -5780.073
Optimal log-likelihood: -5780.073
Nonsynonymous/synonymous ratio (omega): 1.000
Transition/transversion ratio (kappa): 1.000
Site proportion and rates:  (0.531,0.360) (0.320,1.656) (0.145,1.680) (0.004,9.485)
Parameters optimization took 9 rounds (82.198 sec)
Wrote distance file to... 
BEST SCORE FOUND : -5780.073
Ancestral state probabilities printed to /mnt/data0/yue/2026-03-11-protein-convergence/results/OG_5908/csubst_w_s/csubst_input_alignment.fa.state
Empirical proportions for each category: 0.592 0.404 0.000 0.004
Site rates printed to /mnt/data0/yue/2026-03-11-protein-convergence/results/OG_5908/csubst_w_s/csubst_input_alignment.fa.rate
Total tree length: 2.786

Total number of iterations: 0
CPU time used for tree search: 0.000 sec (0h:0m:0s)
Wall-clock time used for tree search: 0.000 sec (0h:0m:0s)
Total CPU time used: 86.075 sec (0h:1m:26s)
Total wall-clock time used: 86.288 sec (0h:1m:26s)

Analysis results written to: 
  IQ-TREE report:                /mnt/data0/yue/2026-03-11-protein-convergence/results/OG_5908/csubst_w_s/csubst_input_alignment.fa.iqtree
  Maximum-likelihood tree:       /mnt/data0/yue/2026-03-11-protein-convergence/results/OG_5908/csubst_w_s/csubst_input_alignment.fa.treefile
  Site-specific rates:           /mnt/data0/yue/2026-03-11-protein-convergence/results/OG_5908/csubst_w_s/csubst_input_alignment.fa.rate
  Ancestral state:               /mnt/data0/yue/2026-03-11-protein-convergence/results/OG_5908/csubst_w_s/csubst_input_alignment.fa.state
  Screen log file:               /mnt/data0/yue/2026-03-11-protein-convergence/results/OG_5908/csubst_w_s/csubst_input_alignment.fa.log

Date and Time: Fri Mar 27 19:47:01 2026
