IQ-TREE multicore version 2.4.0 for Linux x86 64-bit built Feb 12 2025
Developed by Bui Quang Minh, Nguyen Lam Tung, Olga Chernomor, Heiko Schmidt,
Dominik Schrempf, Michael Woodhams, Ly Trong Nhan, Thomas Wong

Host:    brain (AVX2, FMA3, 2015 GB RAM)
Command: /home/yue/miniconda3/envs/py39/bin/iqtree -s /mnt/data0/yue/2026-03-11-protein-convergence/results/OG_4821/csubst_w_s/csubst_input_alignment.fa -te tmp.csubst.nwk -m ECMK07+F+R4 --seqtype CODON1 --threads-max 1 -T AUTO --ancestral --rate --redo
Seed:    595352 (Using SPRNG - Scalable Parallel Random Number Generator)
Time:    Fri Mar 27 15:26:44 2026
Kernel:  AVX+FMA - auto-detect threads (128 CPU cores detected)

Reading alignment file /mnt/data0/yue/2026-03-11-protein-convergence/results/OG_4821/csubst_w_s/csubst_input_alignment.fa ... Fasta format detected
Reading fasta file: done in 0.00845701 secs using 80.93% CPU
Alignment most likely contains DNA/RNA sequences
Converting to codon sequences with genetic code 1 ...
WARNING: 1 sites contain only gaps or ambiguous characters.
Alignment has 77 sequences with 1025 columns, 978 distinct patterns
508 parsimony-informative, 292 singleton sites, 225 constant sites
                                                               Gap/Ambiguity  Composition  p-value
Analyzing sequences: done in 0.000390396 secs using 99.39% CPU
   1  SRR11934227|Cluster-104770.0__TRINITY_DN78874_c0_g1_i2.p1       33.95%    passed     75.44%
   2  DE546_urceolata_l|Cluster-33479.0__TRINITY_DN7178_c0_g1_i4.p1   13.85%    passed     99.99%
   3  DE507|Cluster-19360.0__TRINITY_DN11808_c0_g1_i2.p1              29.66%    passed     98.95%
   4  DE560|Cluster-16872.0__TRINITY_DN12048_c0_g1_i2.p1               0.10%    passed    100.00%
   5  SRR3407092|Cluster-33670.0__TRINITY_DN35798_c0_g1_i1.p1          0.49%    passed    100.00%
   6  SRR5150740|Cluster-23123.0__TRINITY_DN34098_c0_g1_i1.p1         34.63%    passed     91.93%
   7  SRR11748982|Cluster-38057.0__TRINITY_DN9091_c0_g1_i31.p1        35.80%    passed     59.47%
   8  DE523|Cluster-12261.0__TRINITY_DN7864_c0_g1_i1.p1                0.49%    passed    100.00%
   9  SRR3407096|Cluster-19293.0__TRINITY_DN11270_c0_g1_i2.p1         42.73%    passed    100.00%
  10  JJ85|Cluster-38311.0__TRINITY_DN39421_c0_g1_i2.p1               42.73%    passed    100.00%
  11  DE127|Cluster-12022.0__TRINITY_DN25358_c0_g1_i7.p1              42.83%    passed    100.00%
  12  DE554|Cluster-50445.0__TRINITY_DN11952_c0_g1_i2.p1              42.83%    passed    100.00%
  13  DE115|Cluster-19331.0__TRINITY_DN5324_c0_g2_i4.p1               42.83%    passed    100.00%
  14  DE563|Cluster-31884.0__TRINITY_DN9702_c0_g1_i4.p1                0.20%    passed    100.00%
  15  DE623|Cluster-33465.0__TRINITY_DN10430_c0_g1_i10.p1             42.83%    passed    100.00%
  16  DE666|Cluster-33827.0__TRINITY_DN1147_c2_g1_i1.p1               42.83%    passed    100.00%
  17  JJ86|Cluster-13655.0__TRINITY_DN7359_c3_g1_i1.p1                42.83%    passed    100.00%
  18  DE680|Cluster-57170.0__TRINITY_DN8655_c0_g1_i1.p1                0.20%    passed    100.00%
  19  DE126|Cluster-34646.0__TRINITY_DN36507_c0_g1_i5.p1              31.22%    passed    100.00%
  20  DE575|Cluster-13286.0__TRINITY_DN16560_c0_g1_i1.p1               0.10%    passed    100.00%
  21  DE681|Cluster-33324.0__TRINITY_DN10318_c0_g1_i3.p1              43.02%    passed    100.00%
  22  DE765|Cluster-31488.0__TRINITY_DN16843_c0_g1_i3.p1               0.10%    passed    100.00%
  23  DE668|Cluster-22726.0__TRINITY_DN35681_c1_g1_i4.p1              42.73%    passed    100.00%
  24  DE162|Cluster-13299.0__TRINITY_DN12104_c0_g1_i1.p1              35.32%    passed    100.00%
  25  DE528|Cluster-54848.0__TRINITY_DN17523_c0_g1_i2.p1              42.73%    passed    100.00%
  26  DE704-white|Cluster-68499.0__TRINITY_DN9805_c0_g1_i9.p1         45.85%    passed    100.00%
  27  JJ74|Cluster-29219.0__TRINITY_DN21444_c1_g1_i3.p1               42.73%    passed    100.00%
  28  DE536|Cluster-48494.0__TRINITY_DN17614_c0_g1_i18.p1             24.88%    passed    100.00%
  29  SRR3407086|Cluster-6117.0__TRINITY_DN12586_c0_g1_i1.p1          18.15%    passed    100.00%
  30  DE561|Cluster-23258.0__TRINITY_DN9005_c0_g1_i2.p1               42.73%    passed    100.00%
  31  SRR3424066|Cluster-34157.0__TRINITY_DN30124_c0_g1_i2.p1          0.10%    passed    100.00%
  32  SRR3407088|Cluster-21384.0__TRINITY_DN9257_c0_g1_i1.p1          18.15%    passed    100.00%
  33  DE69|Cluster-16942.0__TRINITY_DN16298_c0_g1_i2.p1                0.20%    passed    100.00%
  34  SRR3407095|Cluster-29913.0__TRINITY_DN20326_c0_g1_i1.p1          0.20%    passed    100.00%
  35  DE505|Cluster-41454.0__TRINITY_DN5829_c0_g1_i3.p1               42.73%    passed    100.00%
  36  SRR3407087|Cluster-40614.0__TRINITY_DN11979_c0_g2_i4.p1         42.73%    passed    100.00%
  37  DE510|Cluster-49020.0__TRINITY_DN12540_c0_g1_i2.p1              42.73%    passed    100.00%
  38  SRR3407094|Cluster-194.0__TRINITY_DN11713_c0_g1_i1.p1           21.46%    passed    100.00%
  39  DE151|Cluster-56673.0__TRINITY_DN12276_c0_g1_i1.p1               0.10%    passed    100.00%
  40  JJ109|Cluster-16115.0__TRINITY_DN58859_c0_g1_i3.p1               0.10%    passed    100.00%
  41  DE173|Cluster-36597.0__TRINITY_DN9727_c0_g1_i1.p1                0.10%    passed    100.00%
  42  DE189|Cluster-40541.0__TRINITY_DN9177_c0_g1_i1.p1               42.73%    passed    100.00%
  43  JJ130|Cluster-15101.0__TRINITY_DN12125_c0_g1_i2.p1              42.73%    passed    100.00%
  44  DE737|Cluster-37077.0__TRINITY_DN23545_c0_g1_i4.p1              31.12%    passed    100.00%
  45  DE164|Cluster-42488.0__TRINITY_DN14268_c0_g1_i2.p1               0.10%    passed    100.00%
  46  DE736|Cluster-50361.0__TRINITY_DN10038_c0_g1_i3.p1               6.93%    passed    100.00%
  47  DE88|Cluster-18635.0__TRINITY_DN9882_c0_g1_i3.p1                 0.10%    passed    100.00%
  48  DE476|Cluster-48956.0__TRINITY_DN11561_c0_g1_i5.p1               0.10%    passed    100.00%
  49  DE550|Cluster-51083.0__TRINITY_DN28742_c0_g1_i3.p1              24.98%    passed    100.00%
  50  JJ89|Cluster-2582.0__TRINITY_DN4840_c0_g3_i1.p1                  0.10%    passed    100.00%
  51  DE541|Cluster-45306.0__TRINITY_DN14946_c0_g1_i2.p1               0.10%    passed    100.00%
  52  DE643|Cluster-60195.0__TRINITY_DN14029_c0_g1_i6.p1               0.20%    passed    100.00%
  53  DE671|Cluster-21309.271__TRINITY_DN11234_c0_g1_i1.p1             0.10%    passed    100.00%
  54  DE504|Cluster-40592.0__TRINITY_DN9283_c1_g1_i1.p1               34.54%    passed    100.00%
  55  DE531|Cluster-47974.0__TRINITY_DN8785_c0_g1_i47.p1              42.73%    passed    100.00%
  56  DE696-dots|Cluster-57981.0__TRINITY_DN13615_c0_g1_i1.p1         42.73%    passed    100.00%
  57  DE696-nodots|Cluster-53368.0__TRINITY_DN20163_c0_g2_i2.p1       42.73%    passed    100.00%
  58  JJ36|Cluster-34368.0__TRINITY_DN17157_c1_g3_i3.p1               42.73%    passed    100.00%
  59  DE549|Cluster-29817.0__TRINITY_DN11060_c0_g1_i2.p1              42.73%    passed    100.00%
  60  DE509|Cluster-7287.0__TRINITY_DN13319_c0_g1_i1.p1                0.10%    passed    100.00%
  61  DE764|Cluster-37607.0__TRINITY_DN19981_c0_g1_i1.p1              43.32%    passed    100.00%
  62  DE229|Cluster-67678.0__TRINITY_DN4177_c1_g1_i5.p1               39.12%    passed    100.00%
  63  JJ125|Cluster-16121.0__TRINITY_DN1555_c1_g1_i4.p1               42.73%    passed    100.00%
  64  DE672|Cluster-34582.0__TRINITY_DN12324_c0_g1_i2.p1              35.61%    passed    100.00%
  65  JJ99|Cluster-50845.0__TRINITY_DN10388_c0_g1_i7.p1               39.12%    passed    100.00%
  66  DE152|Cluster-57575.0__TRINITY_DN17206_c0_g1_i4.p1              39.12%    passed    100.00%
  67  DE519|Cluster-38756.0__TRINITY_DN6156_c0_g1_i2.p1               12.20%    passed    100.00%
  68  DE741|Cluster-26660.0__TRINITY_DN789_c2_g1_i3.p1                 0.10%    passed    100.00%
  69  JJ131|Cluster-58536.5__TRINITY_DN10824_c0_g1_i3.p1               0.10%    passed    100.00%
  70  DE534|Cluster-63519.0__TRINITY_DN11645_c0_g1_i10.p1              9.46%    passed     99.98%
  71  DE216|Cluster-56540.0__TRINITY_DN13005_c0_g1_i1.p1               0.10%    passed    100.00%
  72  JJ15|Cluster-65133.0__TRINITY_DN23184_c0_g1_i3.p1               18.15%    passed    100.00%
  73  DE181|Cluster-51756.0__TRINITY_DN19010_c0_g1_i2.p1              25.46%    passed     99.12%
  74  DE503|Cluster-54931.0__TRINITY_DN11988_c1_g1_i10.p1              9.46%    passed     99.81%
  75  SRR3407093|Cluster-25133.0__TRINITY_DN18236_c0_g1_i1.p1          0.10%    passed    100.00%
  76  DE566|Cluster-53741.0__TRINITY_DN24310_c0_g1_i6.p1               3.32%    passed    100.00%
  77  JJ23|Cluster-39371.0__TRINITY_DN4608_c0_g2_i4.p1                 8.10%    passed    100.00%
****  TOTAL                                                           22.77%  0 sequences failed composition chi2 test (p-value<5%; df=60)
Reading input tree file tmp.csubst.nwk ... rooted tree

NOTE: 150 MB RAM (0 GB) is required!
Measuring multi-threading efficiency up to 1 CPU cores
2 trees examined
Threads: 1 / Time: 7.895 sec / Speedup: 1.000 / Efficiency: 100% / LogL: -29152
BEST NUMBER OF THREADS: 1

Estimate model parameters (epsilon = 0.010)
1. Initial log-likelihood: -30325.929
2. Current log-likelihood: -20141.201
3. Current log-likelihood: -20122.895
4. Current log-likelihood: -20122.762
5. Current log-likelihood: -20122.669
6. Current log-likelihood: -20122.596
7. Current log-likelihood: -20122.535
8. Current log-likelihood: -20122.483
9. Current log-likelihood: -20122.438
10. Current log-likelihood: -20122.398
11. Current log-likelihood: -20122.364
12. Current log-likelihood: -20122.332
13. Current log-likelihood: -20122.304
14. Current log-likelihood: -20122.278
15. Current log-likelihood: -20122.254
16. Current log-likelihood: -20122.233
17. Current log-likelihood: -20122.213
18. Current log-likelihood: -20122.196
19. Current log-likelihood: -20122.179
20. Current log-likelihood: -20122.165
21. Current log-likelihood: -20122.151
22. Current log-likelihood: -20122.139
23. Current log-likelihood: -20122.127
24. Current log-likelihood: -20122.117
Optimal log-likelihood: -20122.107
Nonsynonymous/synonymous ratio (omega): 1.000
Transition/transversion ratio (kappa): 1.000
Site proportion and rates:  (0.571,0.426) (0.248,1.329) (0.137,1.822) (0.044,4.042)
Parameters optimization took 24 rounds (561.865 sec)
Wrote distance file to... 
BEST SCORE FOUND : -20122.107
Ancestral state probabilities printed to /mnt/data0/yue/2026-03-11-protein-convergence/results/OG_4821/csubst_w_s/csubst_input_alignment.fa.state
Empirical proportions for each category: 0.661 0.245 0.060 0.034
Site rates printed to /mnt/data0/yue/2026-03-11-protein-convergence/results/OG_4821/csubst_w_s/csubst_input_alignment.fa.rate
Total tree length: 3.524

Total number of iterations: 0
CPU time used for tree search: 0.000 sec (0h:0m:0s)
Wall-clock time used for tree search: 0.000 sec (0h:0m:0s)
Total CPU time used: 570.852 sec (0h:9m:30s)
Total wall-clock time used: 574.354 sec (0h:9m:34s)

Analysis results written to: 
  IQ-TREE report:                /mnt/data0/yue/2026-03-11-protein-convergence/results/OG_4821/csubst_w_s/csubst_input_alignment.fa.iqtree
  Maximum-likelihood tree:       /mnt/data0/yue/2026-03-11-protein-convergence/results/OG_4821/csubst_w_s/csubst_input_alignment.fa.treefile
  Site-specific rates:           /mnt/data0/yue/2026-03-11-protein-convergence/results/OG_4821/csubst_w_s/csubst_input_alignment.fa.rate
  Ancestral state:               /mnt/data0/yue/2026-03-11-protein-convergence/results/OG_4821/csubst_w_s/csubst_input_alignment.fa.state
  Screen log file:               /mnt/data0/yue/2026-03-11-protein-convergence/results/OG_4821/csubst_w_s/csubst_input_alignment.fa.log

Date and Time: Fri Mar 27 15:36:18 2026
