IQ-TREE multicore version 2.4.0 for Linux x86 64-bit built Feb 12 2025
Developed by Bui Quang Minh, Nguyen Lam Tung, Olga Chernomor, Heiko Schmidt,
Dominik Schrempf, Michael Woodhams, Ly Trong Nhan, Thomas Wong

Host:    brain (AVX2, FMA3, 2015 GB RAM)
Command: /home/yue/miniconda3/envs/py39/bin/iqtree -s /mnt/data0/yue/2026-03-11-protein-convergence/results/OG_5250/csubst_w_s/csubst_input_alignment.fa -te tmp.csubst.nwk -m ECMK07+F+R4 --seqtype CODON1 --threads-max 1 -T AUTO --ancestral --rate --redo
Seed:    787923 (Using SPRNG - Scalable Parallel Random Number Generator)
Time:    Fri Mar 27 17:13:55 2026
Kernel:  AVX+FMA - auto-detect threads (128 CPU cores detected)

Reading alignment file /mnt/data0/yue/2026-03-11-protein-convergence/results/OG_5250/csubst_w_s/csubst_input_alignment.fa ... Fasta format detected
Reading fasta file: done in 0.00319637 secs using 34.23% CPU
Alignment most likely contains DNA/RNA sequences
Converting to codon sequences with genetic code 1 ...
WARNING: 1 sites contain only gaps or ambiguous characters.
Alignment has 76 sequences with 840 columns, 807 distinct patterns
425 parsimony-informative, 230 singleton sites, 185 constant sites
                                                              Gap/Ambiguity  Composition  p-value
Analyzing sequences: done in 0.000176743 secs using 99.58% CPU
   1  DE510|Cluster-46716.0__TRINITY_DN2792_c0_g1_i34.p1              0.12%    passed    100.00%
   2  DE476|Cluster-59286.0__TRINITY_DN7783_c0_g1_i6.p1               0.24%    passed    100.00%
   3  DE503|Cluster-45808.0__TRINITY_DN6558_c0_g1_i3.p1              26.31%    passed    100.00%
   4  SRR3407094|Cluster-5136.0__TRINITY_DN3200_c0_g1_i1.p1           2.62%    passed    100.00%
   5  SRR3407088|Cluster-22695.0__TRINITY_DN9823_c0_g1_i3.p1         12.38%    passed    100.00%
   6  JJ125|Cluster-4436.0__TRINITY_DN4002_c0_g1_i1.p1                1.19%    passed    100.00%
   7  DE88|Cluster-40798.0__TRINITY_DN8747_c0_g1_i3.p1                0.36%    passed    100.00%
   8  JJ85|Cluster-37702.0__TRINITY_DN6953_c0_g1_i3.p1                0.12%    passed    100.00%
   9  DE189|Cluster-32022.0__TRINITY_DN276_c1_g1_i8.p1                0.12%    passed    100.00%
  10  DE672|Cluster-33486.0__TRINITY_DN24065_c0_g1_i1.p1              0.83%    passed    100.00%
  11  DE737|Cluster-54893.0__TRINITY_DN1879_c0_g1_i6.p1               0.12%    passed    100.00%
  12  DE643|Cluster-65701.0__TRINITY_DN189_c0_g2_i3.p1                0.12%    passed    100.00%
  13  SRR3407093|Cluster-19178.0__TRINITY_DN2573_c0_g1_i2.p1          0.12%    passed    100.00%
  14  DE505|Cluster-48339.3__TRINITY_DN4408_c0_g1_i13.p1              0.36%    passed    100.00%
  15  DE69|Cluster-52129.0__TRINITY_DN10130_c0_g1_i6.p1               0.12%    passed    100.00%
  16  DE536|Cluster-43724.0__TRINITY_DN2665_c1_g1_i2.p1              25.71%    passed    100.00%
  17  DE696-dots|Cluster-55082.0__TRINITY_DN1853_c0_g1_i2.p1          0.36%    passed    100.00%
  18  DE696-nodots|Cluster-64202.0__TRINITY_DN2114_c1_g1_i28.p1      24.76%    passed     99.93%
  19  SRR3407087|Cluster-26590.0__TRINITY_DN4927_c0_g1_i1.p1          0.12%    passed    100.00%
  20  DE523|Cluster-41244.0__TRINITY_DN24458_c0_g1_i2.p1              0.12%    passed    100.00%
  21  SRR3407096|Cluster-29830.1__TRINITY_DN5960_c0_g2_i2.p1         36.43%    passed     97.34%
  22  DE152|Cluster-45751.0__TRINITY_DN27093_c0_g1_i2.p1             24.76%    passed     94.72%
  23  DE560|Cluster-46781.0__TRINITY_DN7832_c0_g1_i1.p1               0.12%    passed    100.00%
  24  DE164|Cluster-55008.0__TRINITY_DN21497_c0_g1_i8.p1              0.12%    passed    100.00%
  25  DE151|Cluster-8933.0__TRINITY_DN7466_c0_g1_i6.p1                9.88%    passed    100.00%
  26  DE173|Cluster-47321.0__TRINITY_DN7020_c0_g1_i8.p1               0.12%    passed    100.00%
  27  JJ130|Cluster-48578.0__TRINITY_DN1612_c0_g1_i2.p1               0.12%    passed    100.00%
  28  DE216|Cluster-80707.0__TRINITY_DN6031_c0_g1_i3.p1               0.12%    passed    100.00%
  29  JJ15|Cluster-57760.1__TRINITY_DN4783_c0_g3_i2.p1                0.12%    passed    100.00%
  30  JJ74|Cluster-129672.0__TRINITY_DN80959_c1_g1_i2.p1              0.24%    passed    100.00%
  31  DE550|Cluster-4618.0__TRINITY_DN6557_c0_g1_i6.p1                0.12%    passed    100.00%
  32  DRR082660|Cluster-28237.0__TRINITY_DN31880_c0_g1_i2.p1          2.38%    passed    100.00%
  33  DE181|Cluster-24300.0__TRINITY_DN6560_c0_g1_i10.p1             42.62%    passed     99.89%
  34  SRR3407086|Cluster-1307.0__TRINITY_DN4077_c0_g1_i2.p1           0.12%    passed    100.00%
  35  DE561|Cluster-39370.0__TRINITY_DN1551_c0_g1_i3.p1               0.12%    passed    100.00%
  36  SRR3424066|Cluster-34458.0__TRINITY_DN5524_c0_g1_i5.p1          9.88%    passed    100.00%
  37  SRR3407092|Cluster-6875.0__TRINITY_DN4666_c0_g1_i1.p1           0.12%    passed    100.00%
  38  SRR3407095|Cluster-8024.0__TRINITY_DN12171_c0_g1_i2.p1          0.12%    passed    100.00%
  39  DE546_urceolata_l|Cluster-21592.0__TRINITY_DN752_c1_g1_i6.p1   50.36%    passed     89.56%
  40  DE680|Cluster-33544.0__TRINITY_DN6318_c0_g1_i5.p1              26.43%    passed    100.00%
  41  DE126|Cluster-15605.0__TRINITY_DN3447_c0_g1_i8.p1              50.12%    passed     85.09%
  42  DE554|Cluster-68070.3__TRINITY_DN6058_c0_g1_i4.p1              43.33%    passed     99.65%
  43  DE563|Cluster-36587.0__TRINITY_DN15060_c0_g1_i9.p1             10.12%    passed    100.00%
  44  DRR082665|Cluster-3655.0__TRINITY_DN2501_c0_g3_i1.p1           16.55%    passed     98.77%
  45  SRR104381|Cluster-12862.0__TRINITY_DN28023_c0_g1_i1.p1          7.86%    passed     92.05%
  46  DE127|Cluster-8467.0__TRINITY_DN8709_c0_g1_i2.p1                0.83%    passed    100.00%
  47  DE668|Cluster-34412.1__TRINITY_DN2398_c0_g3_i3.p1               1.19%    passed    100.00%
  48  JJ89|Cluster-41668.0__TRINITY_DN11233_c0_g1_i4.p1              31.90%    passed    100.00%
  49  DE549|Cluster-10089.0__TRINITY_DN1387_c0_g1_i2.p1              52.62%    passed     84.18%
  50  DE623|Cluster-50453.0__TRINITY_DN13045_c0_g1_i2.p1              0.83%    passed    100.00%
  51  DE566|Cluster-55824.0__TRINITY_DN8375_c0_g1_i20.p1             13.81%    passed    100.00%
  52  JJ99|Cluster-34149.0__TRINITY_DN8701_c0_g2_i1.p1               53.33%    passed     95.78%
  53  JJ23|Cluster-9035.0__TRINITY_DN18527_c0_g1_i2.p1               52.86%    passed     90.21%
  54  JJ36|Cluster-36093.1__TRINITY_DN1376_c0_g1_i7.p1               52.74%    passed     61.41%
  55  JJ131|Cluster-48546.0__TRINITY_DN6390_c0_g1_i6.p1              52.50%    passed     94.29%
  56  DE519|Cluster-44420.0__TRINITY_DN1785_c2_g1_i3.p1              39.17%    passed     99.96%
  57  DE741|Cluster-53814.0__TRINITY_DN2451_c0_g1_i29.p1             43.81%    passed     99.58%
  58  DE575|Cluster-50216.0__TRINITY_DN7004_c0_g1_i1.p1              26.67%    passed     99.89%
  59  DE681|Cluster-46496.0__TRINITY_DN9068_c0_g1_i2.p1              41.07%    passed     88.56%
  60  DE765|Cluster-50686.0__TRINITY_DN3021_c0_g1_i10.p1              0.83%    passed    100.00%
  61  DE531|Cluster-13225.0__TRINITY_DN10685_c0_g1_i5.p1             10.12%    passed    100.00%
  62  DE671|Cluster-46633.0__TRINITY_DN34938_c0_g2_i1.p1              9.88%    passed    100.00%
  63  DE666|Cluster-35786.0__TRINITY_DN3546_c0_g1_i4.p1               0.83%    passed    100.00%
  64  JJ86|Cluster-35077.0__TRINITY_DN6692_c0_g1_i21.p1              24.76%    passed     98.78%
  65  DE229|Cluster-64133.4__TRINITY_DN6912_c0_g1_i19.p1             11.67%    passed    100.00%
  66  JJ109|Cluster-34927.0__TRINITY_DN10715_c0_g1_i1.p1             42.62%    passed     99.73%
  67  DE509|Cluster-7850.0__TRINITY_DN8490_c0_g1_i1.p1                0.36%    passed    100.00%
  68  DE764|Cluster-38713.0__TRINITY_DN7055_c1_g1_i2.p1               0.12%    passed    100.00%
  69  DE736|Cluster-5704.0__TRINITY_DN18844_c0_g1_i1.p1               0.36%    passed    100.00%
  70  DE504|Cluster-44996.0__TRINITY_DN6597_c0_g1_i1.p1               0.12%    passed    100.00%
  71  DE115|Cluster-43567.1__TRINITY_DN2323_c0_g3_i1.p1               0.83%    passed    100.00%
  72  DE162|Cluster-48711.0__TRINITY_DN5113_c0_g2_i3.p1               0.83%    passed    100.00%
  73  DE507|Cluster-54878.0__TRINITY_DN30671_c0_g1_i2.p1              0.83%    passed    100.00%
  74  DE528|Cluster-15750.0__TRINITY_DN10336_c0_g1_i2.p1              0.83%    passed    100.00%
  75  DE704-white|Cluster-15463.7__TRINITY_DN2084_c0_g1_i10.p1        0.83%    passed    100.00%
  76  DE541|Cluster-46193.0__TRINITY_DN3894_c0_g1_i6.p1              11.31%    passed    100.00%
WARNING: 7 sequences contain more than 50% gaps/ambiguity
****  TOTAL                                                          13.28%  0 sequences failed composition chi2 test (p-value<5%; df=60)
Reading input tree file tmp.csubst.nwk ... rooted tree

NOTE: 123 MB RAM (0 GB) is required!
Measuring multi-threading efficiency up to 1 CPU cores
2 trees examined
Threads: 1 / Time: 6.742 sec / Speedup: 1.000 / Efficiency: 100% / LogL: -27954
BEST NUMBER OF THREADS: 1

Estimate model parameters (epsilon = 0.010)
1. Initial log-likelihood: -28377.818
2. Current log-likelihood: -18843.812
3. Current log-likelihood: -18814.349
4. Current log-likelihood: -18814.253
5. Current log-likelihood: -18814.182
6. Current log-likelihood: -18814.124
7. Current log-likelihood: -18814.072
8. Current log-likelihood: -18814.026
9. Current log-likelihood: -18813.982
10. Current log-likelihood: -18813.939
11. Current log-likelihood: -18813.897
12. Current log-likelihood: -18813.857
13. Current log-likelihood: -18813.817
14. Current log-likelihood: -18813.777
15. Current log-likelihood: -18813.739
16. Current log-likelihood: -18813.703
17. Current log-likelihood: -18813.668
18. Current log-likelihood: -18813.635
19. Current log-likelihood: -18813.604
20. Current log-likelihood: -18813.576
21. Current log-likelihood: -18813.551
22. Current log-likelihood: -18813.527
23. Current log-likelihood: -18813.507
24. Current log-likelihood: -18813.488
25. Current log-likelihood: -18813.472
26. Current log-likelihood: -18813.458
27. Current log-likelihood: -18813.446
28. Current log-likelihood: -18813.436
Optimal log-likelihood: -18813.427
Nonsynonymous/synonymous ratio (omega): 1.000
Transition/transversion ratio (kappa): 1.000
Site proportion and rates:  (0.548,0.346) (0.338,1.278) (0.092,2.859) (0.022,5.178)
Parameters optimization took 28 rounds (577.390 sec)
Wrote distance file to... 
BEST SCORE FOUND : -18813.427
Ancestral state probabilities printed to /mnt/data0/yue/2026-03-11-protein-convergence/results/OG_5250/csubst_w_s/csubst_input_alignment.fa.state
Empirical proportions for each category: 0.589 0.323 0.071 0.017
Site rates printed to /mnt/data0/yue/2026-03-11-protein-convergence/results/OG_5250/csubst_w_s/csubst_input_alignment.fa.rate
Total tree length: 3.871

Total number of iterations: 0
CPU time used for tree search: 0.000 sec (0h:0m:0s)
Wall-clock time used for tree search: 0.000 sec (0h:0m:0s)
Total CPU time used: 587.656 sec (0h:9m:47s)
Total wall-clock time used: 588.408 sec (0h:9m:48s)

Analysis results written to: 
  IQ-TREE report:                /mnt/data0/yue/2026-03-11-protein-convergence/results/OG_5250/csubst_w_s/csubst_input_alignment.fa.iqtree
  Maximum-likelihood tree:       /mnt/data0/yue/2026-03-11-protein-convergence/results/OG_5250/csubst_w_s/csubst_input_alignment.fa.treefile
  Site-specific rates:           /mnt/data0/yue/2026-03-11-protein-convergence/results/OG_5250/csubst_w_s/csubst_input_alignment.fa.rate
  Ancestral state:               /mnt/data0/yue/2026-03-11-protein-convergence/results/OG_5250/csubst_w_s/csubst_input_alignment.fa.state
  Screen log file:               /mnt/data0/yue/2026-03-11-protein-convergence/results/OG_5250/csubst_w_s/csubst_input_alignment.fa.log

Date and Time: Fri Mar 27 17:23:44 2026
