IQ-TREE multicore version 2.4.0 for Linux x86 64-bit built Feb 12 2025
Developed by Bui Quang Minh, Nguyen Lam Tung, Olga Chernomor, Heiko Schmidt,
Dominik Schrempf, Michael Woodhams, Ly Trong Nhan, Thomas Wong

Host:    brain (AVX2, FMA3, 2015 GB RAM)
Command: /home/yue/miniconda3/envs/py39/bin/iqtree -s /mnt/data0/yue/2026-03-11-protein-convergence/results/OG_6905/csubst_w_s/csubst_input_alignment.fa -te tmp.csubst.nwk -m ECMK07+F+R4 --seqtype CODON1 --threads-max 1 -T AUTO --ancestral --rate --redo
Seed:    428345 (Using SPRNG - Scalable Parallel Random Number Generator)
Time:    Fri Mar 27 23:05:46 2026
Kernel:  AVX+FMA - auto-detect threads (128 CPU cores detected)

Reading alignment file /mnt/data0/yue/2026-03-11-protein-convergence/results/OG_6905/csubst_w_s/csubst_input_alignment.fa ... Fasta format detected
Reading fasta file: done in 0.00068371 secs using 33.2% CPU
Alignment most likely contains DNA/RNA sequences
Converting to codon sequences with genetic code 1 ...
Alignment has 75 sequences with 161 columns, 155 distinct patterns
93 parsimony-informative, 39 singleton sites, 29 constant sites
                                                               Gap/Ambiguity  Composition  p-value
Analyzing sequences: done in 3.12775e-05 secs using 31.97% CPU
   1  DRR234970|Cluster-1919.0__TRINITY_DN27086_c0_g1_i2.p1            1.24%    passed     98.96%
   2  DE704-purple|Cluster-62336.2__TRINITY_DN7058_c0_g1_i6.p1        28.57%    passed     99.98%
   3  DE115|Cluster-42945.1__TRINITY_DN14480_c0_g1_i1.p1               1.24%    passed    100.00%
   4  DE126|Cluster-27560.0__TRINITY_DN22354_c1_g1_i1.p1               0.62%    passed     93.68%
   5  DE623|Cluster-58558.6__TRINITY_DN4662_c0_g1_i3.p1                0.62%    passed     99.96%
   6  DE507|Cluster-88899.0__TRINITY_DN4019_c0_g1_i1.p1                0.62%    passed    100.00%
   7  JJ99|Cluster-55069.2__TRINITY_DN132_c1_g4_i1.p1                  0.62%    passed     83.08%
   8  DE509|Cluster-22809.0__TRINITY_DN7452_c0_g1_i1.p1                0.62%    passed    100.00%
   9  DE534|Cluster-55607.3__TRINITY_DN4330_c0_g2_i2.p1                0.62%    passed    100.00%
  10  DE541|Cluster-37025.0__TRINITY_DN299_c1_g1_i5.p1                 0.62%    passed    100.00%
  11  DE519|Cluster-31506.0__TRINITY_DN2226_c0_g3_i1.p1                2.48%    passed     99.93%
  12  JJ15|Cluster-68407.0__TRINITY_DN564_c0_g1_i2.p1                  0.62%    passed    100.00%
  13  DE672|Cluster-15674.0__TRINITY_DN1446_c1_g1_i1.p1                0.62%    passed    100.00%
  14  SRR5150740|Cluster-26369.1__TRINITY_DN102_c0_g1_i2.p1            1.24%    passed    100.00%
  15  SRR3407095|Cluster-15543.0__TRINITY_DN25748_c0_g1_i1.p1          0.62%    passed    100.00%
  16  DE69|Cluster-17754.21__TRINITY_DN196_c2_g1_i2.p1                 0.62%    passed    100.00%
  17  DE127|Cluster-16498.0__TRINITY_DN2246_c2_g2_i1.p1                0.00%    passed    100.00%
  18  DE554|Cluster-48317.0__TRINITY_DN2051_c0_g1_i1.p1                0.00%    passed    100.00%
  19  DE680|Cluster-11118.0__TRINITY_DN2757_c0_g1_i2.p1                0.62%    passed     99.89%
  20  DE575|Cluster-43667.0__TRINITY_DN6538_c1_g2_i1.p1                0.62%    passed    100.00%
  21  DE765|Cluster-47921.0__TRINITY_DN3390_c0_g1_i1.p1                0.62%    passed    100.00%
  22  DE681|Cluster-27110.0__TRINITY_DN3975_c1_g1_i1.p1                0.62%    passed    100.00%
  23  DE546_urceolata_l|Cluster-45848.0__TRINITY_DN6864_c2_g1_i4.p1    0.62%    passed     99.74%
  24  JJ23|Cluster-30444.0__TRINITY_DN2319_c0_g2_i1.p1                 8.70%    passed    100.00%
  25  DE152|Cluster-24602.0__TRINITY_DN22620_c0_g4_i1.p1               0.62%    passed     99.90%
  26  DE229|Cluster-2307.0__TRINITY_DN7696_c0_g1_i1.p1                 0.62%    passed     99.54%
  27  DE162|Cluster-45307.0__TRINITY_DN1635_c0_g1_i1.p1                0.62%    passed    100.00%
  28  DE704-white|Cluster-6229.0__TRINITY_DN3587_c0_g1_i1.p1           0.62%    passed    100.00%
  29  DE668|Cluster-51202.0__TRINITY_DN1466_c3_g1_i1.p1                0.62%    passed     99.64%
  30  DE151|Cluster-54966.2__TRINITY_DN440_c1_g1_i4.p1                 0.62%    passed    100.00%
  31  DE550|Cluster-14786.0__TRINITY_DN2735_c1_g3_i1.p1                0.62%    passed    100.00%
  32  JJ130|Cluster-49708.3__TRINITY_DN4943_c0_g4_i1.p1                0.62%    passed    100.00%
  33  DE173|Cluster-47586.0__TRINITY_DN8375_c0_g1_i1.p1                0.62%    passed    100.00%
  34  DE189|Cluster-12112.0__TRINITY_DN5816_c0_g1_i1.p1                0.62%    passed    100.00%
  35  JJ109|Cluster-46585.0__TRINITY_DN2864_c0_g2_i1.p1                0.62%    passed    100.00%
  36  JJ89|Cluster-37469.0__TRINITY_DN2163_c1_g1_i1.p1                 0.62%    passed    100.00%
  37  JJ85|Cluster-24058.0__TRINITY_DN1490_c0_g1_i1.p1                 2.48%    passed    100.00%
  38  DE549|Cluster-36040.0__TRINITY_DN2863_c1_g1_i1.p1                0.62%    passed    100.00%
  39  SRR3407094|Cluster-36623.0__TRINITY_DN44495_c0_g1_i1.p1          0.62%    passed    100.00%
  40  DE503|Cluster-34030.0__TRINITY_DN29581_c0_g1_i1.p1               0.62%    passed    100.00%
  41  DE505|Cluster-17647.0__TRINITY_DN158_c1_g1_i1.p1                 0.62%    passed    100.00%
  42  DE510|Cluster-25619.0__TRINITY_DN5639_c0_g1_i1.p1                0.62%    passed    100.00%
  43  SRR3407087|Cluster-40201.0__TRINITY_DN2980_c0_g1_i1.p1           0.62%    passed    100.00%
  44  SRR3407092|Cluster-11970.0__TRINITY_DN1879_c0_g1_i1.p1           0.62%    passed    100.00%
  45  SRR3407093|Cluster-38914.34__TRINITY_DN13201_c0_g1_i1.p1         0.62%    passed    100.00%
  46  DE476|Cluster-42513.0__TRINITY_DN17063_c0_g1_i1.p1               0.62%    passed    100.00%
  47  DE181|Cluster-36384.0__TRINITY_DN10649_c0_g1_i1.p1               0.62%    passed    100.00%
  48  SRR3424066|Cluster-31180.0__TRINITY_DN548_c0_g1_i1.p1            0.62%    passed    100.00%
  49  DE561|Cluster-25364.0__TRINITY_DN1167_c0_g2_i1.p1                0.62%    passed    100.00%
  50  SRR3407086|Cluster-22119.0__TRINITY_DN5469_c0_g1_i1.p1           0.62%    passed    100.00%
  51  SRR3407088|Cluster-5833.0__TRINITY_DN15894_c0_g1_i1.p1           0.62%    passed    100.00%
  52  SRR3407096|Cluster-28421.0__TRINITY_DN1059_c0_g1_i1.p1           0.62%    passed    100.00%
  53  DE523|Cluster-19502.0__TRINITY_DN1326_c1_g1_i1.p1                0.62%    passed    100.00%
  54  DE741|Cluster-8727.0__TRINITY_DN5813_c1_g4_i1.p1                 0.62%    passed     99.90%
  55  DE531|Cluster-49603.0__TRINITY_DN8550_c0_g2_i1.p1                0.62%    passed    100.00%
  56  DE696-nodots|Cluster-6408.0__TRINITY_DN7109_c3_g1_i1.p1          0.62%    passed    100.00%
  57  DE696-dots|Cluster-41045.1__TRINITY_DN9319_c0_g1_i2.p1          37.89%    passed    100.00%
  58  DE504|Cluster-31292.0__TRINITY_DN2445_c0_g1_i1.p1                0.62%    passed    100.00%
  59  DRR082660|Cluster-8185.0__TRINITY_DN2903_c0_g1_i1.p1             0.62%    passed    100.00%
  60  DRR082665|Cluster-53211.0__TRINITY_DN10561_c1_g1_i1.p1          37.89%    passed     99.92%
  61  DE643|Cluster-50833.0__TRINITY_DN2778_c1_g1_i5.p1                4.35%    passed    100.00%
  62  DE216|Cluster-67326.0__TRINITY_DN5811_c0_g2_i1.p1                0.62%    passed    100.00%
  63  DE88|Cluster-6021.0__TRINITY_DN1429_c2_g1_i1.p1                  0.62%    passed    100.00%
  64  DE164|Cluster-44752.1__TRINITY_DN184_c0_g3_i4.p1                 0.62%    passed    100.00%
  65  DE528|Cluster-55692.0__TRINITY_DN203_c1_g2_i1.p1                 0.62%    passed    100.00%
  66  DE671|Cluster-50860.1__TRINITY_DN1249_c0_g3_i2.p1                0.62%    passed    100.00%
  67  JJ86|Cluster-28931.0__TRINITY_DN8566_c0_g2_i1.p1                 0.62%    passed    100.00%
  68  JJ74|Cluster-34133.0__TRINITY_DN141_c0_g1_i2.p1                  0.62%    passed    100.00%
  69  JJ125|Cluster-41049.0__TRINITY_DN1217_c0_g2_i1.p1                0.62%    passed    100.00%
  70  DE560|Cluster-15652.0__TRINITY_DN6125_c0_g1_i1.p1                0.62%    passed    100.00%
  71  DE737|Cluster-43623.0__TRINITY_DN5067_c0_g1_i1.p1                0.62%    passed    100.00%
  72  DE536|Cluster-7801.0__TRINITY_DN2576_c1_g1_i1.p1                 0.62%    passed    100.00%
  73  DE566|Cluster-5381.0__TRINITY_DN20644_c0_g1_i1.p1                0.62%    passed     97.17%
  74  DE563|Cluster-15796.0__TRINITY_DN16640_c0_g2_i1.p1               0.62%    passed    100.00%
  75  JJ131|Cluster-67269.1__TRINITY_DN3651_c0_g1_i7.p1                1.24%    passed     99.95%
****  TOTAL                                                            2.21%  0 sequences failed composition chi2 test (p-value<5%; df=60)
WARNING: States(s) CGC rarely appear in alignment and may cause numerical problems
Reading input tree file tmp.csubst.nwk ... rooted tree

NOTE: 30 MB RAM (0 GB) is required!
Measuring multi-threading efficiency up to 1 CPU cores
2 trees examined
Threads: 1 / Time: 2.018 sec / Speedup: 1.000 / Efficiency: 100% / LogL: -5078
BEST NUMBER OF THREADS: 1

Estimate model parameters (epsilon = 0.010)
1. Initial log-likelihood: -4922.044
2. Current log-likelihood: -3306.796
3. Current log-likelihood: -3306.482
4. Current log-likelihood: -3306.340
5. Current log-likelihood: -3306.270
6. Current log-likelihood: -3306.234
7. Current log-likelihood: -3306.213
8. Current log-likelihood: -3306.201
Optimal log-likelihood: -3306.193
Nonsynonymous/synonymous ratio (omega): 1.000
Transition/transversion ratio (kappa): 1.000
Site proportion and rates:  (0.661,0.432) (0.205,1.501) (0.090,1.818) (0.043,5.589)
Parameters optimization took 8 rounds (43.072 sec)
Wrote distance file to... 
BEST SCORE FOUND : -3306.193
Ancestral state probabilities printed to /mnt/data0/yue/2026-03-11-protein-convergence/results/OG_6905/csubst_w_s/csubst_input_alignment.fa.state
Empirical proportions for each category: 0.720 0.236 0.000 0.043
Site rates printed to /mnt/data0/yue/2026-03-11-protein-convergence/results/OG_6905/csubst_w_s/csubst_input_alignment.fa.rate
Total tree length: 3.467

Total number of iterations: 0
CPU time used for tree search: 0.000 sec (0h:0m:0s)
Wall-clock time used for tree search: 0.000 sec (0h:0m:0s)
Total CPU time used: 46.083 sec (0h:0m:46s)
Total wall-clock time used: 46.208 sec (0h:0m:46s)

Analysis results written to: 
  IQ-TREE report:                /mnt/data0/yue/2026-03-11-protein-convergence/results/OG_6905/csubst_w_s/csubst_input_alignment.fa.iqtree
  Maximum-likelihood tree:       /mnt/data0/yue/2026-03-11-protein-convergence/results/OG_6905/csubst_w_s/csubst_input_alignment.fa.treefile
  Site-specific rates:           /mnt/data0/yue/2026-03-11-protein-convergence/results/OG_6905/csubst_w_s/csubst_input_alignment.fa.rate
  Ancestral state:               /mnt/data0/yue/2026-03-11-protein-convergence/results/OG_6905/csubst_w_s/csubst_input_alignment.fa.state
  Screen log file:               /mnt/data0/yue/2026-03-11-protein-convergence/results/OG_6905/csubst_w_s/csubst_input_alignment.fa.log

Date and Time: Fri Mar 27 23:06:32 2026
