IQ-TREE multicore version 2.4.0 for Linux x86 64-bit built Feb 12 2025
Developed by Bui Quang Minh, Nguyen Lam Tung, Olga Chernomor, Heiko Schmidt,
Dominik Schrempf, Michael Woodhams, Ly Trong Nhan, Thomas Wong

Host:    brain (AVX2, FMA3, 2015 GB RAM)
Command: /home/yue/miniconda3/envs/py39/bin/iqtree -s /mnt/data0/yue/2026-03-11-protein-convergence/results/OG_2854/csubst_w_s/csubst_input_alignment.fa -te tmp.csubst.nwk -m ECMK07+F+R4 --seqtype CODON1 --threads-max 1 -T AUTO --ancestral --rate --redo
Seed:    290620 (Using SPRNG - Scalable Parallel Random Number Generator)
Time:    Fri Mar 27 06:36:38 2026
Kernel:  AVX+FMA - auto-detect threads (128 CPU cores detected)

Reading alignment file /mnt/data0/yue/2026-03-11-protein-convergence/results/OG_2854/csubst_w_s/csubst_input_alignment.fa ... Fasta format detected
Reading fasta file: done in 0.00409074 secs using 82.19% CPU
Alignment most likely contains DNA/RNA sequences
Converting to codon sequences with genetic code 1 ...
Alignment has 78 sequences with 619 columns, 566 distinct patterns
303 parsimony-informative, 158 singleton sites, 158 constant sites
                                                              Gap/Ambiguity  Composition  p-value
Analyzing sequences: done in 0.000178844 secs using 99.53% CPU
   1  DE542|Cluster-30043.1__TRINITY_DN22863_c0_g1_i5.p1             25.85%    passed    100.00%
   2  DE229|Cluster-51625.2__TRINITY_DN4863_c0_g1_i17.p1             25.85%    passed    100.00%
   3  DE561|Cluster-49679.0__TRINITY_DN5512_c0_g1_i7.p1               0.00%    passed    100.00%
   4  DE181|Cluster-40080.0__TRINITY_DN7833_c0_g1_i2.p1               0.00%    passed    100.00%
   5  DE549|Cluster-24689.0__TRINITY_DN5081_c0_g1_i3.p1              26.17%    passed    100.00%
   6  DE504|Cluster-28506.0__TRINITY_DN5536_c0_g1_i7.p1              14.70%    passed    100.00%
   7  DE509|Cluster-30277.0__TRINITY_DN10343_c0_g1_i1.p1             14.70%    passed    100.00%
   8  DE126|Cluster-46458.0__TRINITY_DN3390_c1_g1_i9.p1              25.85%    passed    100.00%
   9  SRR11934227|Cluster-168829.2__TRINITY_DN88116_c0_g1_i10.p1      7.92%    passed     99.62%
  10  DE216|Cluster-61673.0__TRINITY_DN2655_c2_g1_i1.p1              25.85%    passed    100.00%
  11  DE534|Cluster-73450.0__TRINITY_DN5403_c0_g1_i10.p1             25.85%    passed    100.00%
  12  DE536|Cluster-50857.2__TRINITY_DN167_c0_g1_i15.p1               0.00%    passed    100.00%
  13  JJ125|Cluster-38719.0__TRINITY_DN5078_c0_g1_i2.p1              40.39%    passed    100.00%
  14  JJ85|Cluster-22947.0__TRINITY_DN6200_c0_g1_i2.p1               15.67%    passed    100.00%
  15  DE115|Cluster-8220.0__TRINITY_DN3446_c0_g1_i3.p1               19.87%    passed    100.00%
  16  JJ86|Cluster-19419.0__TRINITY_DN9112_c0_g1_i3.p1                0.00%    passed    100.00%
  17  DE668|Cluster-53823.3__TRINITY_DN7376_c0_g1_i21.p1              0.00%    passed    100.00%
  18  DE127|Cluster-19304.0__TRINITY_DN16297_c0_g1_i4.p1             15.35%    passed    100.00%
  19  DE554|Cluster-52561.0__TRINITY_DN1749_c0_g1_i3.p1               0.00%    passed    100.00%
  20  DE666|Cluster-38835.0__TRINITY_DN1971_c0_g1_i2.p1              15.35%    passed    100.00%
  21  JJ99|Cluster-35649.1091__TRINITY_DN5612_c0_g1_i11.p1            0.00%    passed    100.00%
  22  DE563|Cluster-51785.1__TRINITY_DN2016_c0_g1_i2.p1              15.35%    passed    100.00%
  23  DE152|Cluster-61156.0__TRINITY_DN5870_c0_g2_i6.p1              15.35%    passed    100.00%
  24  DE566|Cluster-38801.0__TRINITY_DN3264_c0_g1_i6.p1              14.86%    passed    100.00%
  25  DE162|Cluster-30153.1__TRINITY_DN864_c0_g1_i13.p1              15.83%    passed    100.00%
  26  DE704-purple|Cluster-12729.1__TRINITY_DN2768_c0_g1_i2.p1        0.00%    passed    100.00%
  27  DE528|Cluster-48962.0__TRINITY_DN2596_c0_g1_i2.p1               0.00%    passed    100.00%
  28  DE623|Cluster-51631.0__TRINITY_DN5904_c0_g1_i1.p1              27.14%    passed    100.00%
  29  DE680|Cluster-57928.0__TRINITY_DN6919_c0_g1_i1.p1              15.35%    passed    100.00%
  30  SRR3424066|Cluster-1752.0__TRINITY_DN9933_c0_g2_i1.p1           0.16%    passed    100.00%
  31  SRR3407088|Cluster-36129.0__TRINITY_DN3557_c0_g1_i1.p1          0.00%    passed    100.00%
  32  SRR3407086|Cluster-32895.0__TRINITY_DN4937_c0_g1_i1.p1          0.00%    passed    100.00%
  33  DE503|Cluster-49499.0__TRINITY_DN1429_c0_g1_i2.p1               0.00%    passed    100.00%
  34  DE505|Cluster-47319.0__TRINITY_DN7841_c0_g1_i2.p1               0.00%    passed    100.00%
  35  SRR3407093|Cluster-1266.0__TRINITY_DN1413_c0_g1_i1.p1           0.00%    passed    100.00%
  36  SRR3407087|Cluster-6252.0__TRINITY_DN11451_c0_g2_i1.p1          0.00%    passed    100.00%
  37  DE510|Cluster-39379.0__TRINITY_DN6431_c0_g1_i3.p1               8.40%    passed    100.00%
  38  SRR3407094|Cluster-27375.0__TRINITY_DN13560_c0_g1_i2.p1         0.00%    passed    100.00%
  39  SRR3407092|Cluster-18770.0__TRINITY_DN1489_c0_g1_i2.p1          0.00%    passed    100.00%
  40  DE523|Cluster-35686.0__TRINITY_DN431_c0_g3_i1.p1                0.00%    passed    100.00%
  41  SRR3407096|Cluster-3839.0__TRINITY_DN9390_c0_g2_i3.p1          40.06%    passed    100.00%
  42  SRR3407095|Cluster-51934.0__TRINITY_DN2272_c0_g2_i1.p1          0.00%    passed    100.00%
  43  DE69|Cluster-44506.0__TRINITY_DN5388_c0_g1_i4.p1               25.85%    passed    100.00%
  44  JJ74|Cluster-35177.2__TRINITY_DN5132_c1_g1_i4.p1               40.06%    passed    100.00%
  45  DE519|Cluster-17181.0__TRINITY_DN10796_c0_g1_i1.p1              0.00%    passed    100.00%
  46  DE741|Cluster-59445.0__TRINITY_DN519_c1_g1_i49.p1              15.35%    passed    100.00%
  47  DRR082660|Cluster-43484.0__TRINITY_DN3341_c0_g1_i1.p1           0.00%    passed    100.00%
  48  DE560|Cluster-30169.1__TRINITY_DN826_c0_g1_i11.p1               0.00%    passed    100.00%
  49  DE164|Cluster-57449.0__TRINITY_DN18386_c0_g2_i21.p1            40.39%    passed    100.00%
  50  DE189|Cluster-48860.0__TRINITY_DN6718_c0_g1_i37.p1              0.32%    passed    100.00%
  51  JJ109|Cluster-26095.0__TRINITY_DN9774_c0_g1_i5.p1               0.32%    passed    100.00%
  52  JJ130|Cluster-36859.0__TRINITY_DN2227_c0_g1_i4.p1               0.32%    passed    100.00%
  53  DE672|Cluster-23413.0__TRINITY_DN1579_c0_g1_i2.p1              40.39%    passed    100.00%
  54  JJ89|Cluster-39823.1__TRINITY_DN8771_c0_g1_i9.p1                0.32%    passed    100.00%
  55  DE764|Cluster-18691.1__TRINITY_DN8185_c0_g1_i1.p1              40.39%    passed    100.00%
  56  DE671|Cluster-38268.0__TRINITY_DN5296_c0_g1_i29.p1             40.39%    passed    100.00%
  57  DE737|Cluster-55858.0__TRINITY_DN756_c0_g1_i2.p1               20.19%    passed    100.00%
  58  DE643|Cluster-17206.2__TRINITY_DN5857_c0_g1_i3.p1               0.00%    passed    100.00%
  59  DE550|Cluster-52601.0__TRINITY_DN10859_c0_g1_i5.p1              0.32%    passed    100.00%
  60  JJ23|Cluster-43735.0__TRINITY_DN3376_c0_g1_i24.p1               0.00%    passed    100.00%
  61  DE575|Cluster-63172.1__TRINITY_DN3366_c0_g2_i8.p1              40.06%    passed    100.00%
  62  DE681|Cluster-53811.0__TRINITY_DN2494_c2_g1_i29.p1             13.89%    passed    100.00%
  63  DE765|Cluster-14367.1__TRINITY_DN7348_c0_g1_i4.p1               0.00%    passed    100.00%
  64  DE476|Cluster-59379.0__TRINITY_DN6068_c0_g1_i4.p1              15.67%    passed    100.00%
  65  DE541|Cluster-55264.1__TRINITY_DN5798_c0_g1_i1.p1              15.67%    passed    100.00%
  66  DE531|Cluster-55429.0__TRINITY_DN6386_c0_g1_i9.p1              15.67%    passed    100.00%
  67  JJ36|Cluster-22384.0__TRINITY_DN1518_c0_g1_i33.p1              40.39%    passed    100.00%
  68  DE696-dots|Cluster-26823.0__TRINITY_DN16327_c0_g1_i28.p1       40.39%    passed    100.00%
  69  DE696-nodots|Cluster-55082.0__TRINITY_DN6727_c1_g1_i13.p1      40.39%    passed    100.00%
  70  JJ15|Cluster-72870.0__TRINITY_DN2738_c0_g1_i33.p1              15.35%    passed    100.00%
  71  JJ131|Cluster-61909.0__TRINITY_DN6891_c0_g1_i1.p1               0.00%    passed    100.00%
  72  DRR234970|Cluster-36042.0__TRINITY_DN36216_c0_g1_i4.p1          0.00%    passed     99.94%
  73  SRR5150740|Cluster-46064.1__TRINITY_DN8596_c0_g1_i6.p1          5.01%    passed     99.91%
  74  DE88|Cluster-26448.0__TRINITY_DN4389_c1_g2_i2.p1                0.32%    passed    100.00%
  75  DE736|Cluster-16544.11__TRINITY_DN335_c1_g1_i8.p1               0.32%    passed    100.00%
  76  DE546_urceolata_l|Cluster-22564.4__TRINITY_DN939_c1_g1_i9.p1   24.88%    passed     99.99%
  77  DE507|Cluster-77486.1__TRINITY_DN3663_c0_g1_i4.p1               0.00%    passed    100.00%
  78  DE704-white|Cluster-55325.1__TRINITY_DN1595_c0_g1_i5.p1        25.85%    passed    100.00%
****  TOTAL                                                          12.95%  0 sequences failed composition chi2 test (p-value<5%; df=60)
Reading input tree file tmp.csubst.nwk ... rooted tree

NOTE: 92 MB RAM (0 GB) is required!
Measuring multi-threading efficiency up to 1 CPU cores
2 trees examined
Threads: 1 / Time: 5.043 sec / Speedup: 1.000 / Efficiency: 100% / LogL: -17607
BEST NUMBER OF THREADS: 1

Estimate model parameters (epsilon = 0.010)
1. Initial log-likelihood: -19032.640
2. Current log-likelihood: -11454.835
3. Current log-likelihood: -11454.479
4. Current log-likelihood: -11439.206
5. Current log-likelihood: -11438.946
6. Current log-likelihood: -11438.830
7. Current log-likelihood: -11438.765
8. Current log-likelihood: -11438.720
9. Current log-likelihood: -11438.687
10. Current log-likelihood: -11438.660
11. Current log-likelihood: -11438.639
12. Current log-likelihood: -11438.623
13. Current log-likelihood: -11438.608
14. Current log-likelihood: -11438.597
Optimal log-likelihood: -11438.587
Nonsynonymous/synonymous ratio (omega): 1.000
Transition/transversion ratio (kappa): 1.000
Site proportion and rates:  (0.500,0.354) (0.320,0.957) (0.160,2.393) (0.021,6.463)
Parameters optimization took 14 rounds (220.028 sec)
Wrote distance file to... 
BEST SCORE FOUND : -11438.587
Ancestral state probabilities printed to /mnt/data0/yue/2026-03-11-protein-convergence/results/OG_2854/csubst_w_s/csubst_input_alignment.fa.state
Empirical proportions for each category: 0.580 0.265 0.139 0.016
Site rates printed to /mnt/data0/yue/2026-03-11-protein-convergence/results/OG_2854/csubst_w_s/csubst_input_alignment.fa.rate
Total tree length: 2.844

Total number of iterations: 0
CPU time used for tree search: 0.000 sec (0h:0m:0s)
Wall-clock time used for tree search: 0.000 sec (0h:0m:0s)
Total CPU time used: 227.944 sec (0h:3m:47s)
Total wall-clock time used: 228.388 sec (0h:3m:48s)

Analysis results written to: 
  IQ-TREE report:                /mnt/data0/yue/2026-03-11-protein-convergence/results/OG_2854/csubst_w_s/csubst_input_alignment.fa.iqtree
  Maximum-likelihood tree:       /mnt/data0/yue/2026-03-11-protein-convergence/results/OG_2854/csubst_w_s/csubst_input_alignment.fa.treefile
  Site-specific rates:           /mnt/data0/yue/2026-03-11-protein-convergence/results/OG_2854/csubst_w_s/csubst_input_alignment.fa.rate
  Ancestral state:               /mnt/data0/yue/2026-03-11-protein-convergence/results/OG_2854/csubst_w_s/csubst_input_alignment.fa.state
  Screen log file:               /mnt/data0/yue/2026-03-11-protein-convergence/results/OG_2854/csubst_w_s/csubst_input_alignment.fa.log

Date and Time: Fri Mar 27 06:40:26 2026
