IQ-TREE multicore version 2.4.0 for Linux x86 64-bit built Feb 12 2025
Developed by Bui Quang Minh, Nguyen Lam Tung, Olga Chernomor, Heiko Schmidt,
Dominik Schrempf, Michael Woodhams, Ly Trong Nhan, Thomas Wong

Host:    brain (AVX2, FMA3, 2015 GB RAM)
Command: /home/yue/miniconda3/envs/py39/bin/iqtree -s /mnt/data0/yue/2026-03-11-protein-convergence/results/OG_13194/csubst_w_s/csubst_input_alignment.fa -te tmp.csubst.nwk -m ECMK07+F+R4 --seqtype CODON1 --threads-max 1 -T AUTO --ancestral --rate --redo
Seed:    223832 (Using SPRNG - Scalable Parallel Random Number Generator)
Time:    Fri Mar 27 00:05:12 2026
Kernel:  AVX+FMA - auto-detect threads (128 CPU cores detected)

Reading alignment file /mnt/data0/yue/2026-03-11-protein-convergence/results/OG_13194/csubst_w_s/csubst_input_alignment.fa ... Fasta format detected
Reading fasta file: done in 0.00145672 secs
Alignment most likely contains DNA/RNA sequences
Converting to codon sequences with genetic code 1 ...
Alignment has 47 sequences with 266 columns, 245 distinct patterns
142 parsimony-informative, 52 singleton sites, 72 constant sites
                                                          Gap/Ambiguity  Composition  p-value
Analyzing sequences: done in 7.21663e-05 secs using 97% CPU
   1  DE126|Cluster-23460.0__TRINITY_DN1212_c0_g1_i3.p1           0.00%    passed    100.00%
   2  JJ125|Cluster-30531.5__TRINITY_DN5736_c2_g1_i1.p1           0.00%    passed    100.00%
   3  DE504|Cluster-5005.1__TRINITY_DN22197_c0_g1_i2.p1           0.00%    passed     99.98%
   4  DE88|Cluster-4446.0__TRINITY_DN78696_c0_g1_i1.p1            0.00%    passed    100.00%
   5  DE151|Cluster-25225.0__TRINITY_DN3358_c1_g1_i1.p1           0.00%    passed    100.00%
   6  DE173|Cluster-47776.0__TRINITY_DN770_c0_g1_i3.p1            0.00%    passed    100.00%
   7  DE189|Cluster-44546.11__TRINITY_DN1379_c0_g1_i11.p1         0.00%    passed    100.00%
   8  JJ130|Cluster-21853.0__TRINITY_DN2454_c0_g2_i7.p1           0.00%    passed    100.00%
   9  DE671|Cluster-37217.0__TRINITY_DN16795_c0_g1_i2.p1          0.00%    passed    100.00%
  10  DE696-dots|Cluster-53996.0__TRINITY_DN1842_c0_g1_i1.p1      0.00%    passed    100.00%
  11  DE509|Cluster-46555.1__TRINITY_DN552_c0_g3_i2.p1            0.00%    passed    100.00%
  12  DE541|Cluster-11131.4__TRINITY_DN874_c0_g2_i1.p1           30.83%    passed    100.00%
  13  DE696-nodots|Cluster-46893.2__TRINITY_DN9926_c1_g1_i1.p1    0.00%    passed    100.00%
  14  DE764|Cluster-44045.1__TRINITY_DN1623_c0_g2_i2.p1           0.00%    passed    100.00%
  15  JJ36|Cluster-32404.0__TRINITY_DN4585_c0_g1_i1.p1            0.00%    passed    100.00%
  16  DE531|Cluster-33974.0__TRINITY_DN5074_c0_g1_i2.p1           0.38%    passed    100.00%
  17  DE549|Cluster-29343.0__TRINITY_DN6056_c0_g2_i1.p1           0.00%    passed    100.00%
  18  DE164|Cluster-58701.0__TRINITY_DN119_c5_g2_i1.p1            0.00%    passed    100.00%
  19  DE181|Cluster-27021.0__TRINITY_DN112_c0_g1_i1.p1            0.00%    passed    100.00%
  20  SRR3407092|Cluster-30643.0__TRINITY_DN1516_c1_g1_i1.p1      0.00%    passed    100.00%
  21  DE503|Cluster-61993.2__TRINITY_DN2405_c1_g1_i1.p1           0.00%    passed    100.00%
  22  DE505|Cluster-48499.0__TRINITY_DN1100_c0_g3_i1.p1           0.00%    passed    100.00%
  23  SRR3407087|Cluster-16458.0__TRINITY_DN1589_c0_g3_i1.p1      0.00%    passed    100.00%
  24  SRR3407088|Cluster-24752.0__TRINITY_DN5574_c0_g2_i1.p1      0.00%    passed    100.00%
  25  SRR3407093|Cluster-11839.0__TRINITY_DN496_c1_g1_i1.p1       0.00%    passed    100.00%
  26  DE643|Cluster-68598.0__TRINITY_DN570_c0_g1_i9.p1            0.00%    passed    100.00%
  27  SRR3407095|Cluster-11805.0__TRINITY_DN373_c1_g2_i1.p1       0.00%    passed    100.00%
  28  DE162|Cluster-35245.0__TRINITY_DN958_c0_g1_i2.p1            0.38%    passed    100.00%
  29  DE507|Cluster-14139.1__TRINITY_DN27746_c0_g1_i2.p1          0.00%    passed    100.00%
  30  DE554|Cluster-56563.91__TRINITY_DN787_c0_g2_i1.p1           0.00%    passed    100.00%
  31  DE563|Cluster-47819.0__TRINITY_DN1169_c1_g4_i1.p1           0.00%    passed    100.00%
  32  DE704-white|Cluster-69347.0__TRINITY_DN45310_c0_g1_i2.p1    0.00%    passed    100.00%
  33  DE681|Cluster-17655.3__TRINITY_DN3152_c1_g1_i4.p1           0.00%    passed    100.00%
  34  DE575|Cluster-49809.2__TRINITY_DN2344_c0_g2_i1.p1           0.00%    passed    100.00%
  35  DE704-purple|Cluster-37276.1__TRINITY_DN4850_c0_g1_i2.p1    0.00%    passed    100.00%
  36  DE668|Cluster-40056.0__TRINITY_DN3449_c0_g1_i1.p1           0.00%    passed    100.00%
  37  JJ89|Cluster-14411.1__TRINITY_DN6185_c0_g1_i2.p1           27.82%    passed     99.99%
  38  JJ15|Cluster-7500.3__TRINITY_DN434_c4_g1_i1.p1              0.00%    passed     73.57%
  39  DE216|Cluster-20403.4__TRINITY_DN447_c0_g1_i6.p1            0.00%    passed    100.00%
  40  DE542|Cluster-61649.1__TRINITY_DN2151_c0_g2_i1.p1           0.00%    passed    100.00%
  41  JJ131|Cluster-31552.11__TRINITY_DN4734_c0_g1_i1.p1          0.38%    passed    100.00%
  42  DE536|Cluster-27493.5__TRINITY_DN1293_c0_g1_i9.p1           0.00%    passed    100.00%
  43  DE127|Cluster-43656.0__TRINITY_DN1813_c0_g2_i1.p1          27.82%    passed     99.96%
  44  DE534|Cluster-67336.2__TRINITY_DN42632_c0_g1_i4.p1         28.95%    passed     99.95%
  45  DE741|Cluster-35631.5__TRINITY_DN5157_c0_g1_i1.p1          49.25%    failed      0.00%
  46  DE504|Cluster-6587.4__TRINITY_DN794_c0_g1_i10.p1            0.38%    failed      0.00%
  47  DE550|Cluster-29208.3__TRINITY_DN8463_c0_g2_i1.p1          18.42%    failed      0.00%
****  TOTAL                                                       3.93%  3 sequences failed composition chi2 test (p-value<5%; df=60)
WARNING: States(s) CGC rarely appear in alignment and may cause numerical problems
Reading input tree file tmp.csubst.nwk ... rooted tree

NOTE: 27 MB RAM (0 GB) is required!
Measuring multi-threading efficiency up to 1 CPU cores
2 trees examined
Threads: 1 / Time: 1.409 sec / Speedup: 1.000 / Efficiency: 100% / LogL: -5536
BEST NUMBER OF THREADS: 1

Estimate model parameters (epsilon = 0.010)
1. Initial log-likelihood: -5822.805
2. Current log-likelihood: -3967.542
3. Current log-likelihood: -3967.223
4. Current log-likelihood: -3967.099
5. Current log-likelihood: -3967.023
6. Current log-likelihood: -3966.972
7. Current log-likelihood: -3966.938
8. Current log-likelihood: -3966.914
9. Current log-likelihood: -3966.898
10. Current log-likelihood: -3966.885
Optimal log-likelihood: -3966.875
Nonsynonymous/synonymous ratio (omega): 1.000
Transition/transversion ratio (kappa): 1.000
Site proportion and rates:  (0.486,0.418) (0.274,0.567) (0.201,2.234) (0.039,4.898)
Parameters optimization took 10 rounds (42.292 sec)
Wrote distance file to... 
BEST SCORE FOUND : -3966.875
Ancestral state probabilities printed to /mnt/data0/yue/2026-03-11-protein-convergence/results/OG_13194/csubst_w_s/csubst_input_alignment.fa.state
Empirical proportions for each category: 0.737 0.011 0.226 0.026
Site rates printed to /mnt/data0/yue/2026-03-11-protein-convergence/results/OG_13194/csubst_w_s/csubst_input_alignment.fa.rate
Total tree length: 2.496

Total number of iterations: 0
CPU time used for tree search: 0.000 sec (0h:0m:0s)
Wall-clock time used for tree search: 0.000 sec (0h:0m:0s)
Total CPU time used: 44.476 sec (0h:0m:44s)
Total wall-clock time used: 44.589 sec (0h:0m:44s)

Analysis results written to: 
  IQ-TREE report:                /mnt/data0/yue/2026-03-11-protein-convergence/results/OG_13194/csubst_w_s/csubst_input_alignment.fa.iqtree
  Maximum-likelihood tree:       /mnt/data0/yue/2026-03-11-protein-convergence/results/OG_13194/csubst_w_s/csubst_input_alignment.fa.treefile
  Site-specific rates:           /mnt/data0/yue/2026-03-11-protein-convergence/results/OG_13194/csubst_w_s/csubst_input_alignment.fa.rate
  Ancestral state:               /mnt/data0/yue/2026-03-11-protein-convergence/results/OG_13194/csubst_w_s/csubst_input_alignment.fa.state
  Screen log file:               /mnt/data0/yue/2026-03-11-protein-convergence/results/OG_13194/csubst_w_s/csubst_input_alignment.fa.log

Date and Time: Fri Mar 27 00:05:56 2026
