IQ-TREE multicore version 2.4.0 for Linux x86 64-bit built Feb 12 2025
Developed by Bui Quang Minh, Nguyen Lam Tung, Olga Chernomor, Heiko Schmidt,
Dominik Schrempf, Michael Woodhams, Ly Trong Nhan, Thomas Wong

Host:    brain (AVX2, FMA3, 2015 GB RAM)
Command: /home/yue/miniconda3/envs/py39/bin/iqtree -s /mnt/data0/yue/2026-03-11-protein-convergence/results/OG_5197/csubst_w_s/csubst_input_alignment.fa -te tmp.csubst.nwk -m ECMK07+F+R4 --seqtype CODON1 --threads-max 1 -T AUTO --ancestral --rate --redo
Seed:    157906 (Using SPRNG - Scalable Parallel Random Number Generator)
Time:    Fri Mar 27 16:59:42 2026
Kernel:  AVX+FMA - auto-detect threads (128 CPU cores detected)

Reading alignment file /mnt/data0/yue/2026-03-11-protein-convergence/results/OG_5197/csubst_w_s/csubst_input_alignment.fa ... Fasta format detected
Reading fasta file: done in 0.00215426 secs using 8.82% CPU
Alignment most likely contains DNA/RNA sequences
Converting to codon sequences with genetic code 1 ...
WARNING: 1 sites contain only gaps or ambiguous characters.
Alignment has 77 sequences with 566 columns, 539 distinct patterns
385 parsimony-informative, 113 singleton sites, 68 constant sites
                                                                Gap/Ambiguity  Composition  p-value
Analyzing sequences: done in 0.000104606 secs using 98.46% CPU
   1  DE126|Cluster-40316.0__TRINITY_DN9787_c1_g1_i1.p1                 1.41%    passed    100.00%
   2  DE534|Cluster-13647.0__TRINITY_DN6775_c0_g1_i1.p1                 0.18%    passed    100.00%
   3  DE536|Cluster-17178.0__TRINITY_DN11912_c0_g1_i1.p1                0.88%    passed    100.00%
   4  DE173|Cluster-995.0__TRINITY_DN3350_c0_g1_i1.p1                   0.53%    passed    100.00%
   5  DE566|Cluster-57445.0__TRINITY_DN42167_c0_g1_i4.p1                6.01%    passed    100.00%
   6  SRR5150740|Cluster-42216.1__TRINITY_DN3616_c0_g1_i14.p1           8.48%    passed     99.52%
   7  DE152|Cluster-60520.0__TRINITY_DN10675_c0_g1_i3.p1                1.94%    passed    100.00%
   8  DE229|Cluster-94452.0__TRINITY_DN948_c0_g1_i12.p1                 4.06%    passed    100.00%
   9  DE519|Cluster-3537.0__TRINITY_DN11318_c0_g1_i1.p1                 1.06%    passed    100.00%
  10  DE741|Cluster-18088.0__TRINITY_DN14318_c0_g1_i1.p1                0.35%    passed    100.00%
  11  DE623|Cluster-40499.0__TRINITY_DN34706_c0_g1_i1.p1                0.18%    passed    100.00%
  12  DE680|Cluster-45875.0__TRINITY_DN2849_c0_g1_i1.p1                 0.18%    passed    100.00%
  13  DE115|Cluster-38052.0__TRINITY_DN147778_c0_g1_i1.p1               0.18%    passed    100.00%
  14  JJ86|Cluster-50515.0__TRINITY_DN2685_c1_g1_i1.p1                  0.53%    passed    100.00%
  15  DE127|Cluster-16188.0__TRINITY_DN6360_c0_g1_i1.p1                 0.18%    passed    100.00%
  16  DE554|Cluster-34759.0__TRINITY_DN5834_c0_g1_i1.p1                 0.18%    passed    100.00%
  17  DE666|Cluster-16405.0__TRINITY_DN52086_c0_g1_i1.p1                0.18%    passed    100.00%
  18  DE563|Cluster-44253.0__TRINITY_DN3836_c0_g1_i1.p1                 0.18%    passed    100.00%
  19  DE575|Cluster-6951.0__TRINITY_DN89_c1_g2_i4.p1                   47.00%    passed     90.51%
  20  DE765|Cluster-55409.0__TRINITY_DN7206_c0_g1_i1.p1                 0.18%    passed    100.00%
  21  DE681|Cluster-23157.0__TRINITY_DN2322_c0_g2_i1.p1                 0.18%    passed    100.00%
  22  DE546_urceolata_l|Cluster-32172.0__TRINITY_DN72034_c0_g1_i1.p1    1.77%    passed    100.00%
  23  DE162|Cluster-46326.0__TRINITY_DN212_c0_g3_i1.p1                 47.17%    passed     59.01%
  24  DE507|Cluster-6475.0__TRINITY_DN6166_c0_g1_i1.p1                  0.18%    passed    100.00%
  25  DE528|Cluster-20942.0__TRINITY_DN5493_c0_g1_i1.p1                 0.18%    passed    100.00%
  26  DE704-purple|Cluster-4142.0__TRINITY_DN43280_c0_g1_i1.p1          0.18%    passed    100.00%
  27  DE704-white|Cluster-12236.0__TRINITY_DN18092_c0_g1_i1.p1          0.18%    passed    100.00%
  28  JJ125|Cluster-32908.0__TRINITY_DN12186_c0_g1_i1.p1                0.53%    passed    100.00%
  29  DE560|Cluster-36859.0__TRINITY_DN3785_c0_g1_i1.p1                 0.88%    passed    100.00%
  30  DE216|Cluster-8344.0__TRINITY_DN6503_c0_g1_i1.p1                  1.06%    passed    100.00%
  31  JJ15|Cluster-24854.0__TRINITY_DN14331_c0_g1_i1.p1                 1.06%    passed    100.00%
  32  DE542|Cluster-27729.0__TRINITY_DN11755_c0_g1_i1.p1                0.53%    passed    100.00%
  33  JJ74|Cluster-88356.0__TRINITY_DN22202_c0_g1_i2.p1                 0.18%    passed    100.00%
  34  SRR3407095|Cluster-40334.0__TRINITY_DN3434_c0_g1_i5.p1            0.18%    passed    100.00%
  35  DE523|Cluster-33518.0__TRINITY_DN3751_c0_g1_i1.p1                 0.18%    passed    100.00%
  36  SRR3407096|Cluster-23448.0__TRINITY_DN24077_c0_g1_i1.p1           0.18%    passed    100.00%
  37  JJ23|Cluster-43015.0__TRINITY_DN18056_c0_g2_i11.p1                0.18%    passed    100.00%
  38  JJ99|Cluster-29754.1__TRINITY_DN1202_c0_g1_i4.p1                  3.00%    passed    100.00%
  39  JJ85|Cluster-21037.0__TRINITY_DN11627_c0_g1_i1.p1                 0.18%    passed    100.00%
  40  DE181|Cluster-45929.1__TRINITY_DN7006_c0_g1_i5.p1                 1.77%    passed    100.00%
  41  SRR3407086|Cluster-956.0__TRINITY_DN95718_c0_g1_i1.p1             1.77%    passed    100.00%
  42  SRR3407088|Cluster-1115.0__TRINITY_DN44243_c0_g1_i1.p1            1.94%    passed    100.00%
  43  DE561|Cluster-35895.0__TRINITY_DN66873_c0_g1_i1.p1                1.94%    passed    100.00%
  44  SRR3424066|Cluster-36416.0__TRINITY_DN38532_c0_g1_i1.p1           2.12%    passed    100.00%
  45  SRR3407093|Cluster-4882.0__TRINITY_DN3359_c0_g1_i2.p1            47.00%    passed     66.84%
  46  DE503|Cluster-54898.0__TRINITY_DN6449_c0_g1_i1.p1                 0.71%    passed    100.00%
  47  DE510|Cluster-3130.0__TRINITY_DN58280_c0_g1_i1.p1                 0.71%    passed    100.00%
  48  SRR3407087|Cluster-20245.0__TRINITY_DN45223_c0_g1_i1.p1           0.71%    passed    100.00%
  49  SRR3407094|Cluster-7757.0__TRINITY_DN44643_c0_g1_i1.p1            0.71%    passed    100.00%
  50  SRR3407092|Cluster-18013.0__TRINITY_DN41668_c0_g1_i1.p1           0.71%    passed    100.00%
  51  DE505|Cluster-34557.0__TRINITY_DN2677_c0_g1_i2.p1                 0.71%    passed    100.00%
  52  DE151|Cluster-2612.0__TRINITY_DN13220_c0_g1_i1.p1                 0.18%    passed    100.00%
  53  DE189|Cluster-49423.0__TRINITY_DN3211_c0_g1_i3.p1                47.00%    passed     72.27%
  54  JJ109|Cluster-31875.0__TRINITY_DN43923_c0_g1_i1.p1                1.41%    passed    100.00%
  55  JJ130|Cluster-7222.0__TRINITY_DN4164_c0_g1_i1.p1                  1.41%    passed    100.00%
  56  DE764|Cluster-20120.0__TRINITY_DN3825_c0_g1_i1.p1                 0.18%    passed    100.00%
  57  DE509|Cluster-140.0__TRINITY_DN74774_c0_g1_i1.p1                  0.53%    passed    100.00%
  58  DE736|Cluster-6964.0__TRINITY_DN3418_c0_g1_i1.p1                  0.53%    passed    100.00%
  59  DE531|Cluster-29182.0__TRINITY_DN12212_c0_g1_i1.p1                0.18%    passed    100.00%
  60  DE696-nodots|Cluster-8160.0__TRINITY_DN6068_c0_g2_i1.p1           0.18%    passed    100.00%
  61  JJ36|Cluster-14368.0__TRINITY_DN4142_c0_g1_i10.p1                 0.18%    passed    100.00%
  62  DE164|Cluster-26145.0__TRINITY_DN4522_c0_g1_i1.p1                 0.18%    passed    100.00%
  63  DE549|Cluster-35047.0__TRINITY_DN6926_c0_g1_i4.p1                42.40%    passed     76.88%
  64  DE504|Cluster-10097.0__TRINITY_DN71912_c0_g1_i1.p1                0.18%    passed    100.00%
  65  DE737|Cluster-22600.0__TRINITY_DN12592_c0_g1_i1.p1                1.77%    passed    100.00%
  66  DE476|Cluster-42789.0__TRINITY_DN10948_c1_g1_i1.p1                0.18%    passed    100.00%
  67  DE550|Cluster-25715.0__TRINITY_DN7049_c0_g1_i1.p1                 0.18%    passed    100.00%
  68  JJ89|Cluster-4903.0__TRINITY_DN17710_c1_g1_i1.p1                  2.30%    passed    100.00%
  69  DE88|Cluster-1920.0__TRINITY_DN12898_c0_g1_i1.p1                  0.35%    passed    100.00%
  70  DE643|Cluster-74939.0__TRINITY_DN3835_c0_g2_i1.p1                 0.18%    passed    100.00%
  71  DE671|Cluster-51741.0__TRINITY_DN3741_c0_g1_i1.p1                 0.18%    passed    100.00%
  72  DE672|Cluster-10194.0__TRINITY_DN121347_c0_g1_i1.p1               2.65%    passed    100.00%
  73  DE541|Cluster-33107.0__TRINITY_DN2667_c0_g1_i2.p1                 0.53%    passed    100.00%
  74  JJ131|Cluster-24238.0__TRINITY_DN148302_c0_g1_i1.p1               2.47%    passed     99.97%
  75  DRR234970|Cluster-19896.0__TRINITY_DN32822_c0_g1_i1.p1            3.00%    passed     98.96%
  76  SRR104381|Cluster-23365.0__TRINITY_DN3264_c0_g1_i1.p1             4.06%    passed     97.37%
  77  DE668|Cluster-48008.0__TRINITY_DN1872_c0_g1_i8.p1                46.11%    passed     67.73%
****  TOTAL                                                             4.56%  0 sequences failed composition chi2 test (p-value<5%; df=60)
Reading input tree file tmp.csubst.nwk ... rooted tree

NOTE: 87 MB RAM (0 GB) is required!
Measuring multi-threading efficiency up to 1 CPU cores
2 trees examined
Threads: 1 / Time: 4.689 sec / Speedup: 1.000 / Efficiency: 100% / LogL: -26183
BEST NUMBER OF THREADS: 1

Estimate model parameters (epsilon = 0.010)
1. Initial log-likelihood: -22186.421
2. Current log-likelihood: -15822.755
3. Current log-likelihood: -15821.775
4. Current log-likelihood: -15821.386
5. Current log-likelihood: -15821.163
6. Current log-likelihood: -15821.011
7. Current log-likelihood: -15820.898
8. Current log-likelihood: -15820.810
9. Current log-likelihood: -15820.739
10. Current log-likelihood: -15820.685
11. Current log-likelihood: -15820.646
12. Current log-likelihood: -15820.619
13. Current log-likelihood: -15820.600
14. Current log-likelihood: -15820.588
Optimal log-likelihood: -15820.580
Nonsynonymous/synonymous ratio (omega): 1.000
Transition/transversion ratio (kappa): 1.000
Site proportion and rates:  (0.668,0.515) (0.303,1.740) (0.011,4.034) (0.018,4.709)
Parameters optimization took 14 rounds (216.001 sec)
Wrote distance file to... 
BEST SCORE FOUND : -15820.580
Ancestral state probabilities printed to /mnt/data0/yue/2026-03-11-protein-convergence/results/OG_5197/csubst_w_s/csubst_input_alignment.fa.state
Empirical proportions for each category: 0.675 0.302 0.000 0.023
Site rates printed to /mnt/data0/yue/2026-03-11-protein-convergence/results/OG_5197/csubst_w_s/csubst_input_alignment.fa.rate
Total tree length: 4.535

Total number of iterations: 0
CPU time used for tree search: 0.000 sec (0h:0m:0s)
Wall-clock time used for tree search: 0.000 sec (0h:0m:0s)
Total CPU time used: 223.357 sec (0h:3m:43s)
Total wall-clock time used: 223.872 sec (0h:3m:43s)

Analysis results written to: 
  IQ-TREE report:                /mnt/data0/yue/2026-03-11-protein-convergence/results/OG_5197/csubst_w_s/csubst_input_alignment.fa.iqtree
  Maximum-likelihood tree:       /mnt/data0/yue/2026-03-11-protein-convergence/results/OG_5197/csubst_w_s/csubst_input_alignment.fa.treefile
  Site-specific rates:           /mnt/data0/yue/2026-03-11-protein-convergence/results/OG_5197/csubst_w_s/csubst_input_alignment.fa.rate
  Ancestral state:               /mnt/data0/yue/2026-03-11-protein-convergence/results/OG_5197/csubst_w_s/csubst_input_alignment.fa.state
  Screen log file:               /mnt/data0/yue/2026-03-11-protein-convergence/results/OG_5197/csubst_w_s/csubst_input_alignment.fa.log

Date and Time: Fri Mar 27 17:03:26 2026
