IQ-TREE multicore version 2.4.0 for Linux x86 64-bit built Feb 12 2025
Developed by Bui Quang Minh, Nguyen Lam Tung, Olga Chernomor, Heiko Schmidt,
Dominik Schrempf, Michael Woodhams, Ly Trong Nhan, Thomas Wong

Host:    brain (AVX2, FMA3, 2015 GB RAM)
Command: /home/yue/miniconda3/envs/py39/bin/iqtree -s /mnt/data0/yue/2026-03-11-protein-convergence/results/OG_3527/csubst_w_s/csubst_input_alignment.fa -te tmp.csubst.nwk -m ECMK07+F+R4 --seqtype CODON1 --threads-max 1 -T AUTO --ancestral --rate --redo
Seed:    44051 (Using SPRNG - Scalable Parallel Random Number Generator)
Time:    Fri Mar 27 09:41:37 2026
Kernel:  AVX+FMA - auto-detect threads (128 CPU cores detected)

Reading alignment file /mnt/data0/yue/2026-03-11-protein-convergence/results/OG_3527/csubst_w_s/csubst_input_alignment.fa ... Fasta format detected
Reading fasta file: done in 0.00179985 secs
Alignment most likely contains DNA/RNA sequences
Converting to codon sequences with genetic code 1 ...
WARNING: 1 sites contain only gaps or ambiguous characters.
Alignment has 71 sequences with 512 columns, 487 distinct patterns
265 parsimony-informative, 137 singleton sites, 110 constant sites
                                                          Gap/Ambiguity  Composition  p-value
Analyzing sequences: done in 8.5175e-05 secs using 98.62% CPU
   1  DE528|Cluster-24938.5__TRINITY_DN123_c0_g1_i13.p1           1.56%    passed    100.00%
   2  DE229|Cluster-68051.0__TRINITY_DN10783_c0_g1_i2.p1         23.44%    passed    100.00%
   3  JJ99|Cluster-40093.0__TRINITY_DN8679_c1_g1_i4.p1           26.17%    passed    100.00%
   4  DE152|Cluster-60134.0__TRINITY_DN16152_c0_g1_i16.p1        24.22%    passed    100.00%
   5  JJ85|Cluster-31118.0__TRINITY_DN2690_c0_g2_i1.p1            0.20%    passed    100.00%
   6  JJ36|Cluster-32208.1__TRINITY_DN2742_c0_g1_i10.p1          58.20%    passed     57.37%
   7  DE162|Cluster-32706.1__TRINITY_DN13900_c0_g1_i12.p1        28.32%    passed    100.00%
   8  DE507|Cluster-55739.3__TRINITY_DN2227_c0_g1_i3.p1          18.55%    passed    100.00%
   9  DE115|Cluster-60357.0__TRINITY_DN1274_c0_g1_i10.p1          0.20%    passed    100.00%
  10  DE623|Cluster-4265.42__TRINITY_DN7451_c0_g6_i1.p1           0.20%    passed    100.00%
  11  DE681|Cluster-42041.0__TRINITY_DN1288_c0_g1_i1.p1           0.20%    passed    100.00%
  12  JJ23|Cluster-47246.0__TRINITY_DN50440_c0_g1_i1.p1           2.34%    passed    100.00%
  13  DE643|Cluster-30154.0__TRINITY_DN2917_c1_g1_i3.p1           0.20%    passed    100.00%
  14  DE741|Cluster-36666.0__TRINITY_DN1405_c1_g1_i1.p1           0.20%    passed    100.00%
  15  DE519|Cluster-41077.0__TRINITY_DN6369_c1_g1_i1.p1           0.20%    passed    100.00%
  16  DE536|Cluster-48649.0__TRINITY_DN6973_c0_g1_i24.p1          0.20%    passed    100.00%
  17  JJ131|Cluster-34140.0__TRINITY_DN4787_c0_g1_i1.p1           0.20%    passed    100.00%
  18  DE566|Cluster-22789.2__TRINITY_DN2975_c0_g1_i3.p1          30.27%    passed     98.72%
  19  DRR082660|Cluster-42319.4__TRINITY_DN11460_c0_g2_i1.p1      8.01%    passed    100.00%
  20  DE126|Cluster-32479.1__TRINITY_DN3898_c0_g1_i8.p1           0.20%    passed    100.00%
  21  DE563|Cluster-54923.0__TRINITY_DN3947_c2_g1_i2.p1           0.20%    passed    100.00%
  22  DE680|Cluster-50289.0__TRINITY_DN21022_c1_g1_i1.p1          0.20%    passed    100.00%
  23  DE666|Cluster-43728.2__TRINITY_DN6404_c0_g1_i9.p1          38.87%    passed    100.00%
  24  DE523|Cluster-7580.0__TRINITY_DN20750_c2_g1_i1.p1           0.20%    passed    100.00%
  25  SRR3407096|Cluster-14153.0__TRINITY_DN1898_c0_g1_i1.p1      0.20%    passed    100.00%
  26  DE560|Cluster-6072.0__TRINITY_DN391_c0_g5_i1.p1             0.20%    passed    100.00%
  27  DE476|Cluster-29773.0__TRINITY_DN9651_c0_g1_i3.p1          26.95%    passed    100.00%
  28  SRR3407095|Cluster-53661.1__TRINITY_DN4239_c1_g2_i2.p1     26.95%    passed    100.00%
  29  JJ74|Cluster-84563.0__TRINITY_DN2594_c0_g1_i25.p1          33.59%    passed    100.00%
  30  DE181|Cluster-6820.0__TRINITY_DN174_c4_g1_i1.p1             0.20%    passed    100.00%
  31  SRR3407086|Cluster-30040.0__TRINITY_DN6702_c0_g1_i2.p1      0.20%    passed    100.00%
  32  SRR3407088|Cluster-37692.0__TRINITY_DN7726_c0_g3_i1.p1      0.20%    passed    100.00%
  33  SRR3407093|Cluster-10095.0__TRINITY_DN959_c0_g1_i1.p1       0.20%    passed    100.00%
  34  SRR3407087|Cluster-30738.0__TRINITY_DN18246_c1_g1_i1.p1     0.20%    passed    100.00%
  35  SRR3407094|Cluster-31412.0__TRINITY_DN40128_c0_g1_i1.p1     0.20%    passed    100.00%
  36  SRR3407092|Cluster-25986.0__TRINITY_DN1035_c0_g1_i2.p1      0.20%    passed    100.00%
  37  DE561|Cluster-7845.0__TRINITY_DN111_c2_g1_i1.p1             0.20%    passed    100.00%
  38  SRR3424066|Cluster-41575.0__TRINITY_DN1922_c0_g2_i1.p1      0.20%    passed    100.00%
  39  DE69|Cluster-33323.0__TRINITY_DN14993_c0_g1_i1.p1           0.20%    passed    100.00%
  40  DE151|Cluster-7989.0__TRINITY_DN1407_c0_g1_i1.p1            0.20%    passed    100.00%
  41  DE189|Cluster-33256.0__TRINITY_DN619_c0_g1_i1.p1           26.17%    passed    100.00%
  42  JJ109|Cluster-16441.0__TRINITY_DN2454_c0_g1_i1.p1           0.20%    passed    100.00%
  43  JJ130|Cluster-38584.0__TRINITY_DN1169_c0_g1_i1.p1           0.20%    passed    100.00%
  44  DE164|Cluster-152.0__TRINITY_DN9017_c2_g1_i1.p1             0.20%    passed    100.00%
  45  DE549|Cluster-25473.0__TRINITY_DN1168_c0_g1_i1.p1          26.17%    passed    100.00%
  46  DE550|Cluster-38291.0__TRINITY_DN2038_c0_g1_i1.p1          26.17%    passed    100.00%
  47  JJ89|Cluster-41142.0__TRINITY_DN879_c0_g1_i1.p1            26.17%    passed    100.00%
  48  DE737|Cluster-1825.0__TRINITY_DN3173_c0_g1_i1.p1            0.20%    passed    100.00%
  49  DE509|Cluster-34419.0__TRINITY_DN2028_c0_g1_i2.p1           0.20%    passed    100.00%
  50  DE764|Cluster-25115.0__TRINITY_DN2632_c0_g1_i1.p1           0.20%    passed    100.00%
  51  DE541|Cluster-38301.0__TRINITY_DN17040_c0_g1_i5.p1          0.20%    passed    100.00%
  52  DE671|Cluster-10.0__TRINITY_DN4435_c0_g1_i1.p1              0.20%    passed    100.00%
  53  DE504|Cluster-13551.0__TRINITY_DN426_c0_g3_i1.p1            0.20%    passed    100.00%
  54  DE736|Cluster-56932.0__TRINITY_DN3742_c0_g1_i1.p1           0.20%    passed    100.00%
  55  DE173|Cluster-30594.0__TRINITY_DN7607_c0_g1_i1.p1          26.17%    passed    100.00%
  56  DE88|Cluster-26046.0__TRINITY_DN8176_c0_g1_i1.p1            0.20%    passed    100.00%
  57  DE672|Cluster-15262.0__TRINITY_DN5831_c0_g1_i1.p1           0.20%    passed    100.00%
  58  DE531|Cluster-28383.0__TRINITY_DN6105_c0_g1_i2.p1          26.17%    passed    100.00%
  59  DE696-dots|Cluster-48993.0__TRINITY_DN1620_c0_g1_i1.p1     58.20%    passed     51.50%
  60  DE696-nodots|Cluster-54379.0__TRINITY_DN1631_c0_g1_i2.p1   26.17%    passed    100.00%
  61  JJ15|Cluster-59652.0__TRINITY_DN3793_c0_g1_i2.p1            0.20%    passed    100.00%
  62  DE534|Cluster-64171.0__TRINITY_DN27092_c0_g1_i1.p1          0.20%    passed    100.00%
  63  DE542|Cluster-46928.1__TRINITY_DN3971_c1_g1_i1.p1           0.20%    passed    100.00%
  64  DE216|Cluster-3201.0__TRINITY_DN6093_c0_g1_i1.p1            0.20%    passed    100.00%
  65  JJ125|Cluster-13487.0__TRINITY_DN503_c3_g1_i3.p1            0.20%    passed    100.00%
  66  DE668|Cluster-60828.1__TRINITY_DN3888_c0_g1_i3.p1          26.95%    passed    100.00%
  67  JJ86|Cluster-53924.8__TRINITY_DN3753_c0_g1_i8.p1           49.22%    passed     99.63%
  68  DE554|Cluster-47082.5__TRINITY_DN2300_c0_g1_i24.p1         49.22%    passed     99.78%
  69  SRR11748982|Cluster-9561.0__TRINITY_DN5162_c1_g1_i2.p1      3.71%    passed     33.13%
  70  SRR5150740|Cluster-64740.1__TRINITY_DN321_c0_g1_i7.p1       0.20%    passed    100.00%
  71  SRR104381|Cluster-26450.1__TRINITY_DN15304_c0_g1_i4.p1      5.27%    passed     84.02%
WARNING: 2 sequences contain more than 50% gaps/ambiguity
****  TOTAL                                                      10.31%  0 sequences failed composition chi2 test (p-value<5%; df=60)
Reading input tree file tmp.csubst.nwk ... rooted tree

NOTE: 73 MB RAM (0 GB) is required!
Measuring multi-threading efficiency up to 1 CPU cores
2 trees examined
Threads: 1 / Time: 3.826 sec / Speedup: 1.000 / Efficiency: 100% / LogL: -13716
BEST NUMBER OF THREADS: 1

Estimate model parameters (epsilon = 0.010)
1. Initial log-likelihood: -14657.175
2. Current log-likelihood: -9621.442
3. Current log-likelihood: -9620.779
4. Current log-likelihood: -9607.009
5. Current log-likelihood: -9605.877
6. Current log-likelihood: -9605.084
7. Current log-likelihood: -9604.760
8. Current log-likelihood: -9604.690
9. Current log-likelihood: -9604.657
10. Current log-likelihood: -9604.641
Optimal log-likelihood: -9604.633
Nonsynonymous/synonymous ratio (omega): 1.000
Transition/transversion ratio (kappa): 1.000
Site proportion and rates:  (0.547,0.391) (0.312,1.148) (0.137,2.858) (0.004,9.107)
Parameters optimization took 10 rounds (124.896 sec)
Wrote distance file to... 
BEST SCORE FOUND : -9604.633
Ancestral state probabilities printed to /mnt/data0/yue/2026-03-11-protein-convergence/results/OG_3527/csubst_w_s/csubst_input_alignment.fa.state
Empirical proportions for each category: 0.602 0.266 0.129 0.004
Site rates printed to /mnt/data0/yue/2026-03-11-protein-convergence/results/OG_3527/csubst_w_s/csubst_input_alignment.fa.rate
Total tree length: 3.077

Total number of iterations: 0
CPU time used for tree search: 0.000 sec (0h:0m:0s)
Wall-clock time used for tree search: 0.000 sec (0h:0m:0s)
Total CPU time used: 130.813 sec (0h:2m:10s)
Total wall-clock time used: 130.934 sec (0h:2m:10s)

Analysis results written to: 
  IQ-TREE report:                /mnt/data0/yue/2026-03-11-protein-convergence/results/OG_3527/csubst_w_s/csubst_input_alignment.fa.iqtree
  Maximum-likelihood tree:       /mnt/data0/yue/2026-03-11-protein-convergence/results/OG_3527/csubst_w_s/csubst_input_alignment.fa.treefile
  Site-specific rates:           /mnt/data0/yue/2026-03-11-protein-convergence/results/OG_3527/csubst_w_s/csubst_input_alignment.fa.rate
  Ancestral state:               /mnt/data0/yue/2026-03-11-protein-convergence/results/OG_3527/csubst_w_s/csubst_input_alignment.fa.state
  Screen log file:               /mnt/data0/yue/2026-03-11-protein-convergence/results/OG_3527/csubst_w_s/csubst_input_alignment.fa.log

Date and Time: Fri Mar 27 09:43:47 2026
