IQ-TREE multicore version 2.4.0 for Linux x86 64-bit built Feb 12 2025
Developed by Bui Quang Minh, Nguyen Lam Tung, Olga Chernomor, Heiko Schmidt,
Dominik Schrempf, Michael Woodhams, Ly Trong Nhan, Thomas Wong

Host:    brain (AVX2, FMA3, 2015 GB RAM)
Command: /home/yue/miniconda3/envs/py39/bin/iqtree -s /mnt/data0/yue/2026-03-11-protein-convergence/results/OG_4093/csubst_w_s/csubst_input_alignment.fa -te tmp.csubst.nwk -m ECMK07+F+R4 --seqtype CODON1 --threads-max 1 -T AUTO --ancestral --rate --redo
Seed:    811252 (Using SPRNG - Scalable Parallel Random Number Generator)
Time:    Fri Mar 27 12:19:19 2026
Kernel:  AVX+FMA - auto-detect threads (128 CPU cores detected)

Reading alignment file /mnt/data0/yue/2026-03-11-protein-convergence/results/OG_4093/csubst_w_s/csubst_input_alignment.fa ... Fasta format detected
Reading fasta file: done in 0.00364053 secs using 86.86% CPU
Alignment most likely contains DNA/RNA sequences
Converting to codon sequences with genetic code 1 ...
WARNING: 1 sites contain only gaps or ambiguous characters.
Alignment has 77 sequences with 968 columns, 900 distinct patterns
401 parsimony-informative, 302 singleton sites, 265 constant sites
                                                               Gap/Ambiguity  Composition  p-value
Analyzing sequences: done in 0.000188842 secs using 99.55% CPU
   1  JJ125|Cluster-12694.0__TRINITY_DN4702_c0_g1_i4.p1                3.93%    passed    100.00%
   2  JJ74|Cluster-105209.1__TRINITY_DN1940_c0_g1_i8.p1                4.03%    passed    100.00%
   3  JJ131|Cluster-69491.0__TRINITY_DN8815_c1_g1_i1.p1               15.50%    passed    100.00%
   4  SRR11934227|Cluster-89799.0__TRINITY_DN105422_c0_g2_i8.p1       34.09%    passed     38.40%
   5  DE115|Cluster-54380.0__TRINITY_DN10239_c0_g1_i4.p1              39.46%    passed     99.98%
   6  JJ86|Cluster-49505.0__TRINITY_DN18903_c1_g2_i1.p1                0.10%    passed    100.00%
   7  DE507|Cluster-71051.0__TRINITY_DN1009_c0_g1_i4.p1               53.82%    passed     99.70%
   8  DE528|Cluster-47416.0__TRINITY_DN11259_c0_g1_i1.p1               0.10%    passed    100.00%
   9  DE704-purple|Cluster-13298.0__TRINITY_DN1447_c0_g1_i2.p1        53.82%    passed     99.64%
  10  DE704-white|Cluster-13288.0__TRINITY_DN8040_c0_g1_i2.p1         24.17%    passed    100.00%
  11  SRR3407096|Cluster-19447.0__TRINITY_DN3228_c0_g1_i2.p1           0.10%    passed    100.00%
  12  DE523|Cluster-27035.0__TRINITY_DN4206_c0_g1_i4.p1               24.17%    passed    100.00%
  13  DE680|Cluster-18085.0__TRINITY_DN1187_c1_g1_i3.p1               53.82%    passed     99.90%
  14  DE126|Cluster-16681.1__TRINITY_DN1553_c0_g1_i5.p1                5.37%    passed    100.00%
  15  JJ99|Cluster-48177.1__TRINITY_DN13466_c0_g1_i7.p1                0.10%    passed    100.00%
  16  DE181|Cluster-38928.1__TRINITY_DN3857_c0_g1_i9.p1               24.17%    passed    100.00%
  17  SRR3407088|Cluster-22874.0__TRINITY_DN48517_c0_g1_i1.p1          0.10%    passed    100.00%
  18  DE505|Cluster-10328.0__TRINITY_DN6047_c0_g2_i1.p1                0.10%    passed    100.00%
  19  DE510|Cluster-19655.0__TRINITY_DN15698_c0_g1_i9.p1               0.10%    passed    100.00%
  20  SRR3407087|Cluster-17843.0__TRINITY_DN3259_c0_g1_i1.p1          30.89%    passed    100.00%
  21  SRR3407086|Cluster-20862.0__TRINITY_DN75138_c0_g1_i1.p1          0.10%    passed    100.00%
  22  DE503|Cluster-58122.0__TRINITY_DN2001_c0_g1_i6.p1                5.17%    passed    100.00%
  23  SRR3407094|Cluster-35828.0__TRINITY_DN4535_c0_g1_i3.p1           0.10%    passed    100.00%
  24  SRR3407092|Cluster-34911.1__TRINITY_DN12810_c0_g1_i2.p1          0.10%    passed    100.00%
  25  DE229|Cluster-75853.0__TRINITY_DN4376_c3_g1_i1.p1                0.10%    passed    100.00%
  26  DE546_urceolata_l|Cluster-34185.0__TRINITY_DN6793_c0_g1_i1.p1   39.57%    passed    100.00%
  27  DE681|Cluster-6088.0__TRINITY_DN1867_c0_g1_i1.p1                 0.10%    passed    100.00%
  28  DE575|Cluster-41422.0__TRINITY_DN1975_c0_g1_i2.p1                4.34%    passed    100.00%
  29  DE765|Cluster-16155.0__TRINITY_DN5275_c0_g1_i3.p1               24.17%    passed    100.00%
  30  DE151|Cluster-20166.1__TRINITY_DN4872_c0_g1_i3.p1                0.10%    passed    100.00%
  31  DE189|Cluster-13818.0__TRINITY_DN17190_c1_g1_i6.p1               0.10%    passed    100.00%
  32  JJ109|Cluster-34796.0__TRINITY_DN1117_c1_g1_i2.p1               30.89%    passed    100.00%
  33  DE173|Cluster-17197.0__TRINITY_DN6562_c0_g1_i4.p1                3.93%    passed    100.00%
  34  JJ130|Cluster-26429.0__TRINITY_DN12040_c0_g1_i2.p1               3.93%    passed    100.00%
  35  DE164|Cluster-37752.0__TRINITY_DN16844_c0_g1_i6.p1               3.93%    passed    100.00%
  36  DE671|Cluster-27516.0__TRINITY_DN5826_c0_g1_i1.p1                3.93%    passed    100.00%
  37  DE509|Cluster-35969.0__TRINITY_DN1459_c0_g2_i2.p1                3.93%    passed    100.00%
  38  DE764|Cluster-31730.0__TRINITY_DN5842_c0_g1_i2.p1                3.93%    passed    100.00%
  39  DE550|Cluster-31458.0__TRINITY_DN4133_c0_g1_i5.p1                3.93%    passed    100.00%
  40  DE541|Cluster-32498.0__TRINITY_DN3901_c0_g1_i5.p1                3.93%    passed    100.00%
  41  DE736|Cluster-51111.0__TRINITY_DN2346_c0_g1_i12.p1              29.55%    passed    100.00%
  42  DE476|Cluster-55161.0__TRINITY_DN3790_c0_g1_i1.p1                3.93%    passed    100.00%
  43  DE643|Cluster-39321.0__TRINITY_DN12428_c0_g1_i1.p1               4.03%    passed    100.00%
  44  DE504|Cluster-9338.0__TRINITY_DN6190_c0_g1_i1.p1                 0.10%    passed    100.00%
  45  DE672|Cluster-41194.0__TRINITY_DN7846_c0_g2_i4.p1               16.94%    passed    100.00%
  46  DE531|Cluster-54933.0__TRINITY_DN4621_c0_g1_i2.p1               53.82%    passed     98.83%
  47  DE696-dots|Cluster-56129.0__TRINITY_DN432_c4_g1_i1.p1           39.46%    passed     99.92%
  48  DE696-nodots|Cluster-52097.0__TRINITY_DN8071_c0_g1_i2.p1        53.82%    passed     96.60%
  49  JJ36|Cluster-21727.0__TRINITY_DN7600_c0_g1_i3.p1                 3.93%    passed    100.00%
  50  DE566|Cluster-47448.0__TRINITY_DN10888_c0_g1_i1.p1              13.22%    passed    100.00%
  51  DE127|Cluster-18836.0__TRINITY_DN461_c0_g1_i2.p1                 0.10%    passed    100.00%
  52  DE554|Cluster-58512.0__TRINITY_DN17751_c0_g1_i2.p1               0.10%    passed    100.00%
  53  DE666|Cluster-36033.0__TRINITY_DN906_c0_g1_i9.p1                26.03%    passed     99.88%
  54  DE152|Cluster-28858.0__TRINITY_DN8714_c0_g1_i3.p1                0.10%    passed    100.00%
  55  JJ85|Cluster-41181.0__TRINITY_DN4584_c0_g1_i6.p1                21.07%    passed    100.00%
  56  DRR082660|Cluster-46012.0__TRINITY_DN13474_c0_g1_i1.p1           0.10%    passed    100.00%
  57  DE741|Cluster-9269.19__TRINITY_DN7540_c0_g2_i5.p1               26.03%    passed     99.98%
  58  DE69|Cluster-17986.0__TRINITY_DN7560_c0_g1_i10.p1                0.10%    passed    100.00%
  59  DE563|Cluster-26555.0__TRINITY_DN4848_c1_g1_i13.p1               0.10%    passed    100.00%
  60  DE668|Cluster-58125.0__TRINITY_DN1307_c0_g1_i1.p1                0.10%    passed    100.00%
  61  SRR3424066|Cluster-11546.0__TRINITY_DN1346_c0_g1_i2.p1          12.09%    passed    100.00%
  62  DE561|Cluster-4026.0__TRINITY_DN2218_c0_g1_i1.p1                 0.10%    passed    100.00%
  63  DE88|Cluster-35862.0__TRINITY_DN5842_c0_g1_i1.p1                 0.10%    passed    100.00%
  64  JJ89|Cluster-37011.0__TRINITY_DN20357_c0_g1_i4.p1               16.74%    passed    100.00%
  65  DE737|Cluster-48227.0__TRINITY_DN7086_c0_g1_i5.p1                8.47%    passed    100.00%
  66  SRR3407093|Cluster-2906.0__TRINITY_DN1841_c0_g1_i1.p1            0.10%    passed    100.00%
  67  DE216|Cluster-77613.0__TRINITY_DN6735_c0_g1_i4.p1                0.10%    passed    100.00%
  68  JJ15|Cluster-31024.0__TRINITY_DN4266_c0_g1_i12.p1                3.93%    passed    100.00%
  69  DE534|Cluster-69865.3__TRINITY_DN4033_c0_g4_i6.p1                0.10%    passed    100.00%
  70  DE536|Cluster-47965.4__TRINITY_DN7585_c0_g1_i17.p1              30.58%    passed     99.99%
  71  DE542|Cluster-54786.1__TRINITY_DN5825_c0_g1_i7.p1                3.93%    passed    100.00%
  72  DE519|Cluster-61789.4__TRINITY_DN2026_c0_g1_i20.p1               4.34%    passed    100.00%
  73  DE560|Cluster-45309.0__TRINITY_DN4576_c0_g1_i24.p1              20.97%    passed    100.00%
  74  DRR234970|Cluster-15918.0__TRINITY_DN9620_c0_g1_i1.p1            0.31%    passed    100.00%
  75  SRR5150740|Cluster-6643.1__TRINITY_DN14711_c0_g1_i3.p1           1.55%    passed    100.00%
  76  SRR104381|Cluster-27688.0__TRINITY_DN12492_c0_g1_i3.p1           7.95%    passed    100.00%
  77  SRR11748982|Cluster-19742.1__TRINITY_DN3996_c0_g1_i16.p1         3.20%    passed     99.55%
WARNING: 5 sequences contain more than 50% gaps/ambiguity
****  TOTAL                                                           11.84%  0 sequences failed composition chi2 test (p-value<5%; df=60)
Reading input tree file tmp.csubst.nwk ... rooted tree

NOTE: 138 MB RAM (0 GB) is required!
Measuring multi-threading efficiency up to 1 CPU cores
2 trees examined
Threads: 1 / Time: 7.798 sec / Speedup: 1.000 / Efficiency: 100% / LogL: -22737
BEST NUMBER OF THREADS: 1

Estimate model parameters (epsilon = 0.010)
1. Initial log-likelihood: -28754.826
2. Current log-likelihood: -16944.888
3. Current log-likelihood: -16943.607
4. Current log-likelihood: -16942.781
5. Current log-likelihood: -16942.234
6. Current log-likelihood: -16941.817
7. Current log-likelihood: -16941.465
8. Current log-likelihood: -16941.163
9. Current log-likelihood: -16940.911
10. Current log-likelihood: -16940.705
11. Current log-likelihood: -16918.883
12. Current log-likelihood: -16918.490
13. Current log-likelihood: -16918.194
14. Current log-likelihood: -16917.974
15. Current log-likelihood: -16917.811
16. Current log-likelihood: -16908.289
17. Current log-likelihood: -16907.990
18. Current log-likelihood: -16907.786
19. Current log-likelihood: -16907.643
20. Current log-likelihood: -16907.541
21. Current log-likelihood: -16907.466
22. Current log-likelihood: -16907.412
23. Current log-likelihood: -16907.372
24. Current log-likelihood: -16907.343
25. Current log-likelihood: -16907.322
26. Current log-likelihood: -16907.307
27. Current log-likelihood: -16907.297
28. Current log-likelihood: -16901.707
29. Current log-likelihood: -16901.605
30. Current log-likelihood: -16901.545
31. Current log-likelihood: -16901.507
32. Current log-likelihood: -16901.481
33. Current log-likelihood: -16901.463
34. Current log-likelihood: -16901.451
Optimal log-likelihood: -16901.442
Nonsynonymous/synonymous ratio (omega): 1.000
Transition/transversion ratio (kappa): 1.000
Site proportion and rates:  (0.486,0.313) (0.407,1.030) (0.091,3.255) (0.016,8.396)
Parameters optimization took 34 rounds (769.198 sec)
Wrote distance file to... 
BEST SCORE FOUND : -16901.442
Ancestral state probabilities printed to /mnt/data0/yue/2026-03-11-protein-convergence/results/OG_4093/csubst_w_s/csubst_input_alignment.fa.state
Empirical proportions for each category: 0.543 0.370 0.073 0.013
Site rates printed to /mnt/data0/yue/2026-03-11-protein-convergence/results/OG_4093/csubst_w_s/csubst_input_alignment.fa.rate
Total tree length: 2.708

Total number of iterations: 0
CPU time used for tree search: 0.000 sec (0h:0m:0s)
Wall-clock time used for tree search: 0.000 sec (0h:0m:0s)
Total CPU time used: 779.711 sec (0h:12m:59s)
Total wall-clock time used: 781.654 sec (0h:13m:1s)

Analysis results written to: 
  IQ-TREE report:                /mnt/data0/yue/2026-03-11-protein-convergence/results/OG_4093/csubst_w_s/csubst_input_alignment.fa.iqtree
  Maximum-likelihood tree:       /mnt/data0/yue/2026-03-11-protein-convergence/results/OG_4093/csubst_w_s/csubst_input_alignment.fa.treefile
  Site-specific rates:           /mnt/data0/yue/2026-03-11-protein-convergence/results/OG_4093/csubst_w_s/csubst_input_alignment.fa.rate
  Ancestral state:               /mnt/data0/yue/2026-03-11-protein-convergence/results/OG_4093/csubst_w_s/csubst_input_alignment.fa.state
  Screen log file:               /mnt/data0/yue/2026-03-11-protein-convergence/results/OG_4093/csubst_w_s/csubst_input_alignment.fa.log

Date and Time: Fri Mar 27 12:32:21 2026
