IQ-TREE multicore version 2.4.0 for Linux x86 64-bit built Feb 12 2025
Developed by Bui Quang Minh, Nguyen Lam Tung, Olga Chernomor, Heiko Schmidt,
Dominik Schrempf, Michael Woodhams, Ly Trong Nhan, Thomas Wong

Host:    brain (AVX2, FMA3, 2015 GB RAM)
Command: /home/yue/miniconda3/envs/py39/bin/iqtree -s /mnt/data0/yue/2026-03-11-protein-convergence/results/OG_11173/csubst_w_s/csubst_input_alignment.fa -te tmp.csubst.nwk -m ECMK07+F+R4 --seqtype CODON1 --threads-max 1 -T AUTO --ancestral --rate --redo
Seed:    966630 (Using SPRNG - Scalable Parallel Random Number Generator)
Time:    Thu Mar 26 21:58:23 2026
Kernel:  AVX+FMA - auto-detect threads (128 CPU cores detected)

Reading alignment file /mnt/data0/yue/2026-03-11-protein-convergence/results/OG_11173/csubst_w_s/csubst_input_alignment.fa ... Fasta format detected
Reading fasta file: done in 0.00310984 secs using 49.91% CPU
Alignment most likely contains DNA/RNA sequences
Converting to codon sequences with genetic code 1 ...
WARNING: 1 sites contain only gaps or ambiguous characters.
Alignment has 63 sequences with 576 columns, 517 distinct patterns
196 parsimony-informative, 179 singleton sites, 201 constant sites
                                                               Gap/Ambiguity  Composition  p-value
Analyzing sequences: done in 0.00014028 secs using 99.09% CPU
   1  SRR5150740|Cluster-41877.0__TRINITY_DN10620_c0_g1_i2.p1          2.78%    passed     60.83%
   2  DE560|Cluster-26381.0__TRINITY_DN3357_c1_g2_i1.p1               19.27%    passed    100.00%
   3  SRR3407093|Cluster-12569.0__TRINITY_DN23841_c0_g1_i1.p1         26.04%    passed    100.00%
   4  DE542|Cluster-21162.0__TRINITY_DN82427_c0_g1_i1.p1              54.34%    passed     99.99%
   5  DE173|Cluster-21772.0__TRINITY_DN29911_c0_g1_i1.p1              55.56%    passed     99.97%
   6  JJ85|Cluster-29476.0__TRINITY_DN60492_c0_g1_i1.p1               67.53%    passed     96.74%
   7  JJ131|Cluster-69052.0__TRINITY_DN12655_c0_g1_i3.p1              55.56%    passed     99.31%
   8  DE737|Cluster-24689.0__TRINITY_DN9062_c0_g1_i4.p1               21.70%    passed    100.00%
   9  DE643|Cluster-53606.0__TRINITY_DN13605_c0_g1_i2.p1               0.17%    passed    100.00%
  10  DE152|Cluster-57640.0__TRINITY_DN7153_c0_g1_i1.p1               25.69%    passed    100.00%
  11  DE151|Cluster-22519.0__TRINITY_DN8630_c0_g1_i3.p1                5.90%    passed    100.00%
  12  DE523|Cluster-34504.0__TRINITY_DN7001_c0_g1_i1.p1               10.24%    passed    100.00%
  13  JJ99|Cluster-12542.0__TRINITY_DN8377_c0_g1_i1.p1                 0.87%    passed    100.00%
  14  DE115|Cluster-7711.0__TRINITY_DN4842_c0_g2_i1.p1                 0.17%    passed    100.00%
  15  DE546_urceolata_l|Cluster-41520.0__TRINITY_DN5122_c1_g1_i5.p1    0.17%    passed    100.00%
  16  DE162|Cluster-32453.0__TRINITY_DN15263_c0_g1_i1.p1               0.17%    passed    100.00%
  17  DE507|Cluster-864.0__TRINITY_DN25704_c0_g1_i2.p1                55.56%    passed     99.98%
  18  DE704-white|Cluster-41365.0__TRINITY_DN17846_c0_g1_i2.p1        26.04%    passed    100.00%
  19  DE666|Cluster-31490.0__TRINITY_DN59245_c0_g1_i1.p1              74.65%    passed     99.64%
  20  JJ86|Cluster-33963.0__TRINITY_DN88040_c0_g1_i1.p1               74.65%    passed     99.75%
  21  DE554|Cluster-48315.0__TRINITY_DN11200_c0_g1_i1.p1               0.17%    passed    100.00%
  22  DE563|Cluster-33012.0__TRINITY_DN18730_c0_g1_i1.p1              56.77%    passed     99.89%
  23  DE668|Cluster-26398.0__TRINITY_DN103767_c0_g1_i2.p1             19.27%    passed    100.00%
  24  DE575|Cluster-34923.0__TRINITY_DN15846_c0_g1_i1.p1               0.35%    passed    100.00%
  25  DE681|Cluster-45052.0__TRINITY_DN10417_c0_g1_i4.p1               0.35%    passed    100.00%
  26  DE765|Cluster-24757.0__TRINITY_DN16263_c0_g1_i1.p1               0.35%    passed    100.00%
  27  DE126|Cluster-40390.0__TRINITY_DN14178_c0_g1_i1.p1               0.17%    passed    100.00%
  28  JJ23|Cluster-39915.0__TRINITY_DN22887_c0_g1_i3.p1               32.64%    passed    100.00%
  29  JJ74|Cluster-98908.0__TRINITY_DN36917_c0_g1_i1.p1               55.56%    passed    100.00%
  30  DE164|Cluster-23415.0__TRINITY_DN44349_c0_g1_i2.p1              55.56%    passed     99.94%
  31  DE672|Cluster-17844.0__TRINITY_DN12300_c0_g1_i1.p1               0.52%    passed    100.00%
  32  DE509|Cluster-39776.0__TRINITY_DN16706_c0_g1_i1.p1               0.17%    passed    100.00%
  33  DE736|Cluster-39659.0__TRINITY_DN19848_c0_g1_i2.p1               0.17%    passed    100.00%
  34  DE764|Cluster-21116.0__TRINITY_DN21517_c0_g1_i2.p1              55.56%    passed     99.98%
  35  DE531|Cluster-27331.0__TRINITY_DN6251_c0_g1_i1.p1                0.17%    passed    100.00%
  36  JJ36|Cluster-25426.1__TRINITY_DN13979_c0_g1_i1.p1               67.53%    passed     97.87%
  37  DE696-dots|Cluster-27789.0__TRINITY_DN3194_c0_g2_i1.p1           0.17%    passed    100.00%
  38  DE696-nodots|Cluster-59970.0__TRINITY_DN12361_c0_g1_i2.p1        0.17%    passed    100.00%
  39  DE504|Cluster-32329.1__TRINITY_DN16079_c0_g1_i7.p1               0.17%    passed    100.00%
  40  JJ89|Cluster-26043.0__TRINITY_DN10186_c0_g1_i5.p1                0.17%    passed    100.00%
  41  DE189|Cluster-45937.0__TRINITY_DN11710_c0_g1_i1.p1               0.17%    passed    100.00%
  42  JJ130|Cluster-21555.0__TRINITY_DN47782_c0_g1_i1.p1              67.53%    passed     99.38%
  43  JJ109|Cluster-19133.0__TRINITY_DN53805_c0_g1_i1.p1              22.40%    passed    100.00%
  44  DE541|Cluster-41352.0__TRINITY_DN17767_c0_g1_i1.p1               0.17%    passed    100.00%
  45  DE181|Cluster-48844.0__TRINITY_DN21008_c0_g1_i2.p1              55.56%    passed    100.00%
  46  SRR3407088|Cluster-9543.0__TRINITY_DN49065_c0_g1_i1.p1          34.90%    passed     99.82%
  47  DE741|Cluster-29843.0__TRINITY_DN14921_c0_g1_i1.p1               0.17%    passed    100.00%
  48  DE561|Cluster-28982.0__TRINITY_DN18801_c0_g1_i1.p1               0.17%    passed    100.00%
  49  SRR3407096|Cluster-11002.0__TRINITY_DN17054_c0_g1_i1.p1         56.08%    passed     99.99%
  50  DE503|Cluster-30123.0__TRINITY_DN21544_c0_g1_i1.p1              26.39%    passed    100.00%
  51  DE505|Cluster-45891.0__TRINITY_DN20320_c0_g1_i1.p1               0.17%    passed    100.00%
  52  SRR3407092|Cluster-24900.0__TRINITY_DN20798_c0_g2_i1.p1         55.56%    passed    100.00%
  53  SRR3407094|Cluster-15285.0__TRINITY_DN13638_c0_g1_i1.p1         32.64%    passed    100.00%
  54  DE510|Cluster-4197.0__TRINITY_DN64511_c0_g1_i1.p1               60.07%    passed     99.98%
  55  SRR3407087|Cluster-1201.0__TRINITY_DN33910_c0_g1_i1.p1          55.56%    passed    100.00%
  56  DE566|Cluster-58628.0__TRINITY_DN15802_c0_g1_i6.p1               0.87%    passed    100.00%
  57  SRR3407095|Cluster-15684.0__TRINITY_DN13351_c0_g2_i1.p1         55.56%    passed     99.97%
  58  DE229|Cluster-65563.0__TRINITY_DN128932_c0_g1_i3.p1             67.71%    passed     99.81%
  59  DE216|Cluster-51036.0__TRINITY_DN11867_c0_g1_i3.p1               0.17%    passed    100.00%
  60  DE534|Cluster-75691.0__TRINITY_DN3653_c0_g1_i22.p1              19.27%    passed    100.00%
  61  DE536|Cluster-42257.0__TRINITY_DN13434_c0_g1_i1.p1               0.17%    passed    100.00%
  62  DE623|Cluster-3989.0__TRINITY_DN42433_c0_g1_i1.p1               55.56%    passed    100.00%
  63  DE680|Cluster-23757.0__TRINITY_DN13939_c0_g1_i2.p1               0.17%    passed    100.00%
WARNING: 21 sequences contain more than 50% gaps/ambiguity
****  TOTAL                                                           25.24%  0 sequences failed composition chi2 test (p-value<5%; df=60)
Reading input tree file tmp.csubst.nwk ... rooted tree

NOTE: 68 MB RAM (0 GB) is required!
Measuring multi-threading efficiency up to 1 CPU cores
2 trees examined
Threads: 1 / Time: 3.535 sec / Speedup: 1.000 / Efficiency: 100% / LogL: -11914
BEST NUMBER OF THREADS: 1

Estimate model parameters (epsilon = 0.010)
1. Initial log-likelihood: -13518.585
2. Current log-likelihood: -8911.274
3. Current log-likelihood: -8910.936
4. Current log-likelihood: -8910.749
5. Current log-likelihood: -8910.547
6. Current log-likelihood: -8910.325
7. Current log-likelihood: -8910.083
8. Current log-likelihood: -8909.828
9. Current log-likelihood: -8909.571
10. Current log-likelihood: -8872.354
11. Current log-likelihood: -8872.035
12. Current log-likelihood: -8871.753
13. Current log-likelihood: -8871.465
14. Current log-likelihood: -8871.167
15. Current log-likelihood: -8870.863
16. Current log-likelihood: -8870.560
17. Current log-likelihood: -8859.683
18. Current log-likelihood: -8859.300
19. Current log-likelihood: -8858.957
20. Current log-likelihood: -8858.635
21. Current log-likelihood: -8858.338
22. Current log-likelihood: -8852.780
23. Current log-likelihood: -8852.452
24. Current log-likelihood: -8852.163
25. Current log-likelihood: -8851.903
26. Current log-likelihood: -8850.278
27. Current log-likelihood: -8850.017
28. Current log-likelihood: -8849.811
29. Current log-likelihood: -8849.670
30. Current log-likelihood: -8848.935
31. Current log-likelihood: -8848.850
32. Current log-likelihood: -8848.808
33. Current log-likelihood: -8848.788
Optimal log-likelihood: -8848.767
Nonsynonymous/synonymous ratio (omega): 1.000
Transition/transversion ratio (kappa): 1.000
Site proportion and rates:  (0.389,0.245) (0.428,0.791) (0.179,2.952) (0.003,10.880)
Parameters optimization took 33 rounds (348.729 sec)
Wrote distance file to... 
BEST SCORE FOUND : -8848.767
Ancestral state probabilities printed to /mnt/data0/yue/2026-03-11-protein-convergence/results/OG_11173/csubst_w_s/csubst_input_alignment.fa.state
Empirical proportions for each category: 0.415 0.425 0.156 0.003
Site rates printed to /mnt/data0/yue/2026-03-11-protein-convergence/results/OG_11173/csubst_w_s/csubst_input_alignment.fa.rate
Total tree length: 2.401

Total number of iterations: 0
CPU time used for tree search: 0.000 sec (0h:0m:0s)
Wall-clock time used for tree search: 0.000 sec (0h:0m:0s)
Total CPU time used: 353.369 sec (0h:5m:53s)
Total wall-clock time used: 354.288 sec (0h:5m:54s)

Analysis results written to: 
  IQ-TREE report:                /mnt/data0/yue/2026-03-11-protein-convergence/results/OG_11173/csubst_w_s/csubst_input_alignment.fa.iqtree
  Maximum-likelihood tree:       /mnt/data0/yue/2026-03-11-protein-convergence/results/OG_11173/csubst_w_s/csubst_input_alignment.fa.treefile
  Site-specific rates:           /mnt/data0/yue/2026-03-11-protein-convergence/results/OG_11173/csubst_w_s/csubst_input_alignment.fa.rate
  Ancestral state:               /mnt/data0/yue/2026-03-11-protein-convergence/results/OG_11173/csubst_w_s/csubst_input_alignment.fa.state
  Screen log file:               /mnt/data0/yue/2026-03-11-protein-convergence/results/OG_11173/csubst_w_s/csubst_input_alignment.fa.log

Date and Time: Thu Mar 26 22:04:18 2026
