IQ-TREE multicore version 2.4.0 for Linux x86 64-bit built Feb 12 2025
Developed by Bui Quang Minh, Nguyen Lam Tung, Olga Chernomor, Heiko Schmidt,
Dominik Schrempf, Michael Woodhams, Ly Trong Nhan, Thomas Wong

Host:    brain (AVX2, FMA3, 2015 GB RAM)
Command: /home/yue/miniconda3/envs/py39/bin/iqtree -s /mnt/data0/yue/2026-03-11-protein-convergence/results/OG_10268/csubst_w_s/csubst_input_alignment.fa -te tmp.csubst.nwk -m ECMK07+F+R4 --seqtype CODON1 --threads-max 1 -T AUTO --ancestral --rate --redo
Seed:    10575 (Using SPRNG - Scalable Parallel Random Number Generator)
Time:    Thu Mar 26 20:34:59 2026
Kernel:  AVX+FMA - auto-detect threads (128 CPU cores detected)

Reading alignment file /mnt/data0/yue/2026-03-11-protein-convergence/results/OG_10268/csubst_w_s/csubst_input_alignment.fa ... Fasta format detected
Reading fasta file: done in 0.00107792 secs using 58.82% CPU
Alignment most likely contains DNA/RNA sequences
Converting to codon sequences with genetic code 1 ...
WARNING: 1 sites contain only gaps or ambiguous characters.
Alignment has 68 sequences with 308 columns, 293 distinct patterns
157 parsimony-informative, 86 singleton sites, 65 constant sites
                                                               Gap/Ambiguity  Composition  p-value
Analyzing sequences: done in 5.08726e-05 secs using 98.28% CPU
   1  DE765|Cluster-42780.0__TRINITY_DN10637_c0_g1_i1.p1               0.32%    passed    100.00%
   2  JJ130|Cluster-21606.0__TRINITY_DN11652_c0_g1_i4.p1               0.32%    passed    100.00%
   3  JJ109|Cluster-31940.0__TRINITY_DN12_c1_g1_i4.p1                  0.32%    passed    100.00%
   4  DE151|Cluster-59852.0__TRINITY_DN13578_c0_g1_i3.p1               0.32%    passed    100.00%
   5  DE189|Cluster-24856.0__TRINITY_DN9146_c0_g1_i1.p1                0.32%    passed    100.00%
   6  DE115|Cluster-20185.0__TRINITY_DN7722_c0_g4_i1.p1                0.32%    passed    100.00%
   7  DE127|Cluster-41498.1__TRINITY_DN4920_c0_g1_i8.p1                0.32%    passed    100.00%
   8  DE704-purple|Cluster-44225.0__TRINITY_DN83067_c0_g1_i1.p1       22.08%    passed    100.00%
   9  DE546_urceolata_l|Cluster-24957.0__TRINITY_DN4013_c1_g1_i1.p1    0.32%    passed    100.00%
  10  DE680|Cluster-30168.0__TRINITY_DN17914_c0_g1_i2.p1               0.32%    passed    100.00%
  11  DE704-white|Cluster-57664.0__TRINITY_DN4273_c4_g1_i1.p1          0.32%    passed    100.00%
  12  DE575|Cluster-65154.1__TRINITY_DN13535_c0_g1_i6.p1               0.32%    passed    100.00%
  13  DE623|Cluster-39419.0__TRINITY_DN16736_c0_g1_i6.p1               0.32%    passed    100.00%
  14  DE563|Cluster-48086.1__TRINITY_DN60303_c0_g1_i1.p1               0.32%    passed    100.00%
  15  DE554|Cluster-22351.0__TRINITY_DN2323_c0_g1_i10.p1               0.32%    passed    100.00%
  16  DE666|Cluster-40385.0__TRINITY_DN10569_c0_g1_i3.p1               0.32%    passed    100.00%
  17  DE126|Cluster-36723.0__TRINITY_DN2381_c0_g1_i1.p1                0.32%    passed    100.00%
  18  DE229|Cluster-96472.0__TRINITY_DN8725_c0_g1_i2.p1                0.32%    passed    100.00%
  19  DE668|Cluster-24066.0__TRINITY_DN2514_c3_g1_i2.p1                0.32%    passed    100.00%
  20  SRR3407095|Cluster-30479.1__TRINITY_DN3129_c0_g1_i4.p1           0.32%    passed    100.00%
  21  DE69|Cluster-35807.0__TRINITY_DN18538_c0_g1_i2.p1                0.32%    passed    100.00%
  22  JJ125|Cluster-26118.3__TRINITY_DN18884_c0_g1_i3.p1               0.32%    passed    100.00%
  23  DE523|Cluster-12585.0__TRINITY_DN23847_c0_g1_i3.p1               0.32%    passed    100.00%
  24  SRR3407096|Cluster-233.0__TRINITY_DN23604_c0_g1_i1.p1            0.32%    passed    100.00%
  25  JJ99|Cluster-34276.0__TRINITY_DN20140_c2_g1_i17.p1              30.19%    passed     96.73%
  26  JJ85|Cluster-38727.107__TRINITY_DN19009_c0_g1_i1.p1              0.32%    passed    100.00%
  27  DE181|Cluster-58395.0__TRINITY_DN31851_c0_g1_i1.p1               1.95%    passed    100.00%
  28  DE561|Cluster-16274.0__TRINITY_DN33416_c0_g1_i2.p1               0.32%    passed    100.00%
  29  SRR3424066|Cluster-3587.0__TRINITY_DN14727_c0_g1_i1.p1           0.32%    passed    100.00%
  30  DE503|Cluster-31233.0__TRINITY_DN25513_c0_g1_i1.p1               0.32%    passed    100.00%
  31  DE505|Cluster-23259.0__TRINITY_DN45415_c0_g1_i2.p1               0.32%    passed    100.00%
  32  DE510|Cluster-40479.0__TRINITY_DN65267_c0_g1_i2.p1               0.32%    passed    100.00%
  33  SRR3407087|Cluster-30003.0__TRINITY_DN21866_c0_g2_i1.p1          0.32%    passed    100.00%
  34  SRR3407094|Cluster-39544.0__TRINITY_DN17159_c0_g1_i1.p1          0.32%    passed    100.00%
  35  SRR3407092|Cluster-761.0__TRINITY_DN7779_c1_g1_i1.p1             0.32%    passed    100.00%
  36  DE681|Cluster-19806.0__TRINITY_DN1309_c1_g1_i1.p1                0.32%    passed    100.00%
  37  DE536|Cluster-47843.0__TRINITY_DN50162_c0_g1_i1.p1               0.32%    passed     99.61%
  38  DE216|Cluster-61666.0__TRINITY_DN7508_c0_g1_i1.p1                0.32%    passed    100.00%
  39  JJ15|Cluster-13543.0__TRINITY_DN3823_c0_g1_i1.p1                 0.32%    passed    100.00%
  40  DE534|Cluster-55940.0__TRINITY_DN11509_c0_g1_i1.p1               0.32%    passed    100.00%
  41  DE542|Cluster-32272.0__TRINITY_DN11387_c0_g2_i2.p1               0.32%    passed    100.00%
  42  DE519|Cluster-70211.0__TRINITY_DN7676_c1_g1_i1.p1                0.32%    passed    100.00%
  43  DE741|Cluster-44914.0__TRINITY_DN17343_c0_g1_i1.p1               0.32%    passed    100.00%
  44  DE152|Cluster-8301.0__TRINITY_DN62589_c0_g1_i1.p1                0.32%    passed    100.00%
  45  JJ23|Cluster-26780.0__TRINITY_DN15077_c0_g2_i9.p1                0.32%    passed    100.00%
  46  DE560|Cluster-44235.0__TRINITY_DN9054_c0_g1_i3.p1                0.32%    passed    100.00%
  47  DE549|Cluster-3573.0__TRINITY_DN39755_c0_g1_i1.p1                0.32%    passed    100.00%
  48  DE164|Cluster-54388.0__TRINITY_DN9927_c0_g1_i1.p1                0.32%    passed    100.00%
  49  DE88|Cluster-31847.0__TRINITY_DN10592_c0_g2_i1.p1                0.32%    passed    100.00%
  50  DE476|Cluster-53878.0__TRINITY_DN23093_c0_g1_i1.p1               0.32%    passed    100.00%
  51  DE550|Cluster-35410.0__TRINITY_DN11337_c0_g1_i1.p1               0.32%    passed    100.00%
  52  DE531|Cluster-41410.0__TRINITY_DN7109_c0_g1_i4.p1                0.32%    passed    100.00%
  53  DE509|Cluster-31905.0__TRINITY_DN31533_c0_g1_i3.p1               0.32%    passed    100.00%
  54  DE541|Cluster-49487.0__TRINITY_DN40809_c0_g1_i1.p1               0.32%    passed    100.00%
  55  DE696-dots|Cluster-51219.0__TRINITY_DN12562_c0_g1_i1.p1          0.32%    passed    100.00%
  56  DE696-nodots|Cluster-3174.0__TRINITY_DN15847_c0_g1_i1.p1         0.32%    passed    100.00%
  57  JJ36|Cluster-35745.0__TRINITY_DN19146_c0_g2_i1.p1                0.32%    passed    100.00%
  58  DE736|Cluster-32986.0__TRINITY_DN15616_c0_g1_i4.p1               0.32%    passed    100.00%
  59  DE504|Cluster-55110.0__TRINITY_DN8558_c0_g2_i2.p1                0.32%    passed    100.00%
  60  DE672|Cluster-33843.0__TRINITY_DN17895_c0_g1_i1.p1               0.32%    passed    100.00%
  61  JJ89|Cluster-21984.0__TRINITY_DN12869_c0_g1_i3.p1               24.68%    passed    100.00%
  62  DE643|Cluster-19050.0__TRINITY_DN14055_c0_g1_i2.p1               0.32%    passed    100.00%
  63  DE764|Cluster-3307.0__TRINITY_DN17238_c0_g1_i1.p1                0.32%    passed    100.00%
  64  DE737|Cluster-45560.0__TRINITY_DN13376_c0_g1_i1.p1               0.32%    passed    100.00%
  65  JJ74|Cluster-44334.0__TRINITY_DN3891_c0_g1_i2.p1                 9.42%    passed    100.00%
  66  JJ131|Cluster-39834.0__TRINITY_DN10676_c0_g1_i1.p1               0.32%    passed     99.72%
  67  DE566|Cluster-59286.2__TRINITY_DN13350_c0_g1_i8.p1               0.32%    passed    100.00%
  68  DE528|Cluster-34713.0__TRINITY_DN104423_c0_g1_i1.p1             57.47%    passed     98.22%
WARNING: 1 sequences contain more than 50% gaps/ambiguity
****  TOTAL                                                            2.44%  0 sequences failed composition chi2 test (p-value<5%; df=60)
Reading input tree file tmp.csubst.nwk ... rooted tree

NOTE: 45 MB RAM (0 GB) is required!
Measuring multi-threading efficiency up to 1 CPU cores
2 trees examined
Threads: 1 / Time: 2.317 sec / Speedup: 1.000 / Efficiency: 100% / LogL: -9569
BEST NUMBER OF THREADS: 1

Estimate model parameters (epsilon = 0.010)
1. Initial log-likelihood: -9604.531
2. Current log-likelihood: -6487.798
3. Current log-likelihood: -6477.699
4. Current log-likelihood: -6477.415
5. Current log-likelihood: -6477.290
6. Current log-likelihood: -6477.219
7. Current log-likelihood: -6477.172
8. Current log-likelihood: -6477.138
9. Current log-likelihood: -6477.112
10. Current log-likelihood: -6477.094
11. Current log-likelihood: -6477.080
Optimal log-likelihood: -6477.071
Nonsynonymous/synonymous ratio (omega): 1.000
Transition/transversion ratio (kappa): 1.000
Site proportion and rates:  (0.626,0.404) (0.220,1.769) (0.130,1.924) (0.024,4.517)
Parameters optimization took 11 rounds (90.431 sec)
Wrote distance file to... 
BEST SCORE FOUND : -6477.071
Ancestral state probabilities printed to /mnt/data0/yue/2026-03-11-protein-convergence/results/OG_10268/csubst_w_s/csubst_input_alignment.fa.state
Empirical proportions for each category: 0.675 0.305 0.000 0.019
Site rates printed to /mnt/data0/yue/2026-03-11-protein-convergence/results/OG_10268/csubst_w_s/csubst_input_alignment.fa.rate
Total tree length: 2.974

Total number of iterations: 0
CPU time used for tree search: 0.000 sec (0h:0m:0s)
Wall-clock time used for tree search: 0.000 sec (0h:0m:0s)
Total CPU time used: 94.234 sec (0h:1m:34s)
Total wall-clock time used: 94.383 sec (0h:1m:34s)

Analysis results written to: 
  IQ-TREE report:                /mnt/data0/yue/2026-03-11-protein-convergence/results/OG_10268/csubst_w_s/csubst_input_alignment.fa.iqtree
  Maximum-likelihood tree:       /mnt/data0/yue/2026-03-11-protein-convergence/results/OG_10268/csubst_w_s/csubst_input_alignment.fa.treefile
  Site-specific rates:           /mnt/data0/yue/2026-03-11-protein-convergence/results/OG_10268/csubst_w_s/csubst_input_alignment.fa.rate
  Ancestral state:               /mnt/data0/yue/2026-03-11-protein-convergence/results/OG_10268/csubst_w_s/csubst_input_alignment.fa.state
  Screen log file:               /mnt/data0/yue/2026-03-11-protein-convergence/results/OG_10268/csubst_w_s/csubst_input_alignment.fa.log

Date and Time: Thu Mar 26 20:36:33 2026
