IQ-TREE multicore version 2.4.0 for Linux x86 64-bit built Feb 12 2025
Developed by Bui Quang Minh, Nguyen Lam Tung, Olga Chernomor, Heiko Schmidt,
Dominik Schrempf, Michael Woodhams, Ly Trong Nhan, Thomas Wong

Host:    brain (AVX2, FMA3, 2015 GB RAM)
Command: /home/yue/miniconda3/envs/py39/bin/iqtree -s /mnt/data0/yue/2026-03-11-protein-convergence/results/OG_816/csubst_w_s/csubst_input_alignment.fa -te tmp.csubst.nwk -m ECMK07+F+R4 --seqtype CODON1 --threads-max 1 -T AUTO --ancestral --rate --redo
Seed:    10084 (Using SPRNG - Scalable Parallel Random Number Generator)
Time:    Sat Mar 28 02:44:40 2026
Kernel:  AVX+FMA - auto-detect threads (128 CPU cores detected)

Reading alignment file /mnt/data0/yue/2026-03-11-protein-convergence/results/OG_816/csubst_w_s/csubst_input_alignment.fa ... Fasta format detected
Reading fasta file: done in 0.00398763 secs using 61.92% CPU
Alignment most likely contains DNA/RNA sequences
Converting to codon sequences with genetic code 1 ...
Alignment has 136 sequences with 594 columns, 586 distinct patterns
492 parsimony-informative, 52 singleton sites, 50 constant sites
                                                           Gap/Ambiguity  Composition  p-value
Analyzing sequences: done in 0.000210866 secs using 99.59% CPU
   1  DE666|Cluster-30631.0__TRINITY_DN8070_c0_g1_i1.p1            0.00%    passed     97.25%
   2  DE519|Cluster-52095.0__TRINITY_DN3369_c0_g1_i5.p1           32.32%    passed     79.80%
   3  DE509|Cluster-5934.0__TRINITY_DN1035_c0_g1_i1.p1             2.53%    passed     95.53%
   4  JJ74|Cluster-121688.0__TRINITY_DN989_c0_g2_i2.p1            22.22%    passed     59.47%
   5  DE765|Cluster-39802.6__TRINITY_DN303_c0_g3_i2.p1             5.39%    passed     94.44%
   6  DE575|Cluster-69395.0__TRINITY_DN2038_c0_g1_i1.p1            5.39%    passed     96.48%
   7  DE519|Cluster-12566.3__TRINITY_DN3369_c0_g2_i1.p1            0.34%    passed     99.91%
   8  DE741|Cluster-25786.0__TRINITY_DN2584_c0_g1_i5.p1            0.34%    passed     99.96%
   9  DE127|Cluster-14922.0__TRINITY_DN946_c0_g2_i2.p1             1.68%    passed     98.83%
  10  DE554|Cluster-60700.0__TRINITY_DN4243_c0_g1_i1.p1            1.68%    passed     99.09%
  11  DE563|Cluster-33849.0__TRINITY_DN219_c0_g2_i1.p1            14.65%    passed     92.29%
  12  DE115|Cluster-14964.0__TRINITY_DN539_c0_g2_i1.p1             1.01%    passed     99.84%
  13  DE126|Cluster-34290.0__TRINITY_DN7181_c0_g1_i2.p1            0.00%    passed     99.98%
  14  JJ15|Cluster-52559.0__TRINITY_DN51295_c0_g1_i4.p1            1.85%    passed     99.99%
  15  DE216|Cluster-79621.0__TRINITY_DN4157_c0_g2_i1.p1            1.85%    passed    100.00%
  16  DE536|Cluster-39989.0__TRINITY_DN484_c0_g2_i2.p1             0.34%    passed     99.97%
  17  DE563|Cluster-49032.0__TRINITY_DN219_c0_g1_i1.p1             5.56%    passed     99.31%
  18  DE127|Cluster-42711.0__TRINITY_DN946_c0_g1_i6.p1             7.24%    passed     99.49%
  19  DE554|Cluster-62301.0__TRINITY_DN1306_c0_g1_i2.p1            4.04%    passed     98.87%
  20  JJ74|Cluster-78976.1__TRINITY_DN989_c0_g3_i2.p1              3.20%    passed    100.00%
  21  JJ89|Cluster-42703.1__TRINITY_DN3759_c0_g1_i8.p1            14.81%    passed     99.84%
  22  SRR3407093|Cluster-31395.1__TRINITY_DN1803_c0_g2_i3.p1       3.20%    passed     99.91%
  23  JJ23|Cluster-18243.0__TRINITY_DN9148_c0_g1_i5.p1             4.88%    passed     99.93%
  24  DE229|Cluster-67079.0__TRINITY_DN15200_c0_g1_i4.p1           4.88%    passed     99.93%
  25  DE541|Cluster-51790.0__TRINITY_DN5628_c1_g2_i4.p1           47.64%    passed     89.15%
  26  DE560|Cluster-44100.0__TRINITY_DN1254_c0_g1_i3.p1           45.29%    passed     38.75%
  27  JJ131|Cluster-39763.0__TRINITY_DN14986_c1_g1_i1.p1          42.26%    passed     55.45%
  28  JJ99|Cluster-52410.0__TRINITY_DN18927_c0_g1_i13.p1          52.36%    passed     26.40%
  29  DE741|Cluster-34775.0__TRINITY_DN2584_c0_g1_i1.p1           45.96%    passed     93.34%
  30  DE623|Cluster-12842.0__TRINITY_DN9008_c0_g1_i4.p1            2.36%    passed     99.66%
  31  DE680|Cluster-37345.0__TRINITY_DN6599_c0_g2_i1.p1            2.36%    passed     99.73%
  32  DE69|Cluster-53316.0__TRINITY_DN15_c0_g3_i2.p1               2.19%    passed     99.89%
  33  SRR3407095|Cluster-35544.0__TRINITY_DN4175_c0_g1_i1.p1       2.19%    passed     99.72%
  34  JJ86|Cluster-27055.0__TRINITY_DN953_c0_g2_i1.p1             23.74%    passed     46.37%
  35  DE181|Cluster-31942.0__TRINITY_DN1839_c3_g1_i2.p1            2.02%    passed     99.98%
  36  SRR3407086|Cluster-31270.0__TRINITY_DN1794_c1_g1_i3.p1       2.02%    passed     99.98%
  37  SRR3424066|Cluster-39640.0__TRINITY_DN4429_c2_g1_i1.p1       2.02%    passed     99.94%
  38  DE561|Cluster-27774.0__TRINITY_DN10449_c0_g1_i2.p1           2.02%    passed     99.95%
  39  SRR3407088|Cluster-38897.0__TRINITY_DN3357_c0_g2_i1.p1       2.02%    passed     99.84%
  40  DE503|Cluster-57696.0__TRINITY_DN13056_c0_g1_i1.p1           2.02%    passed     99.93%
  41  DE505|Cluster-18121.0__TRINITY_DN2571_c0_g1_i1.p1            2.02%    passed     99.90%
  42  DE510|Cluster-49121.0__TRINITY_DN5964_c1_g1_i1.p1            2.02%    passed     99.89%
  43  SRR3407087|Cluster-26218.0__TRINITY_DN8138_c1_g1_i1.p1       2.02%    passed     99.87%
  44  SRR3407092|Cluster-38201.0__TRINITY_DN6642_c0_g1_i2.p1       2.02%    passed     99.77%
  45  SRR3407094|Cluster-30933.0__TRINITY_DN3032_c0_g1_i4.p1      15.66%    passed     98.48%
  46  DE523|Cluster-31764.0__TRINITY_DN5487_c0_g1_i12.p1           2.02%    passed     99.34%
  47  SRR3407096|Cluster-30307.0__TRINITY_DN12849_c0_g1_i1.p1      2.02%    passed     99.97%
  48  DE666|Cluster-11284.0__TRINITY_DN8070_c0_g5_i1.p1            4.04%    passed     99.74%
  49  DE151|Cluster-26849.0__TRINITY_DN751_c2_g3_i1.p1             1.68%    passed     99.35%
  50  DE173|Cluster-29822.0__TRINITY_DN4661_c0_g1_i1.p1            1.68%    passed     99.91%
  51  JJ109|Cluster-35747.0__TRINITY_DN9724_c1_g2_i3.p1            1.68%    passed     99.93%
  52  DE189|Cluster-10892.0__TRINITY_DN16113_c1_g1_i2.p1           1.68%    passed     99.74%
  53  JJ130|Cluster-48893.0__TRINITY_DN9491_c0_g1_i8.p1            1.68%    passed     99.84%
  54  DE88|Cluster-25524.0__TRINITY_DN1423_c1_g1_i2.p1             1.85%    passed     99.46%
  55  DE550|Cluster-7946.0__TRINITY_DN1235_c0_g1_i1.p1             1.68%    passed     99.90%
  56  DE476|Cluster-25515.0__TRINITY_DN3646_c0_g1_i3.p1            1.68%    passed     99.86%
  57  DE509|Cluster-20532.0__TRINITY_DN1035_c0_g2_i2.p1            1.68%    passed     99.75%
  58  DE736|Cluster-32599.0__TRINITY_DN2711_c0_g2_i1.p1            1.68%    passed     99.89%
  59  DE764|Cluster-42683.0__TRINITY_DN3451_c0_g1_i1.p1            1.68%    passed     99.97%
  60  DE504|Cluster-55422.0__TRINITY_DN2079_c1_g1_i1.p1            1.68%    passed     99.99%
  61  DE549|Cluster-18531.0__TRINITY_DN399_c0_g1_i1.p1             1.68%    passed     99.85%
  62  DE164|Cluster-53784.1__TRINITY_DN6868_c1_g1_i3.p1            1.52%    passed     99.98%
  63  DE643|Cluster-72512.1__TRINITY_DN3578_c0_g1_i6.p1            1.52%    passed     99.58%
  64  DE671|Cluster-11835.0__TRINITY_DN17496_c0_g2_i2.p1           1.52%    passed     99.92%
  65  DE672|Cluster-35127.0__TRINITY_DN41319_c0_g3_i5.p1           1.52%    passed     99.92%
  66  DE737|Cluster-233.0__TRINITY_DN8777_c0_g1_i1.p1              1.52%    passed     99.93%
  67  DE531|Cluster-42898.0__TRINITY_DN1810_c3_g1_i1.p1            1.68%    passed     99.84%
  68  DE696-dots|Cluster-7842.0__TRINITY_DN3444_c2_g2_i1.p1        1.68%    passed     99.94%
  69  DE696-nodots|Cluster-10443.0__TRINITY_DN6566_c1_g2_i1.p1     1.68%    passed     99.94%
  70  JJ36|Cluster-10709.0__TRINITY_DN3587_c2_g3_i2.p1             1.68%    passed     99.94%
  71  JJ85|Cluster-40721.0__TRINITY_DN1269_c0_g1_i2.p1            14.65%    passed     99.66%
  72  DE668|Cluster-47783.0__TRINITY_DN996_c0_g1_i2.p1             0.00%    passed     99.73%
  73  JJ125|Cluster-17079.0__TRINITY_DN400_c0_g2_i2.p1             0.51%    passed     99.94%
  74  DE534|Cluster-39962.0__TRINITY_DN1786_c0_g1_i1.p1           45.96%    passed     91.07%
  75  DE542|Cluster-59813.0__TRINITY_DN375_c0_g1_i2.p1             0.00%    passed     99.97%
  76  DE566|Cluster-40990.2__TRINITY_DN5304_c0_g1_i8.p1            0.00%    passed     99.97%
  77  DE152|Cluster-28835.0__TRINITY_DN1581_c0_g1_i4.p1           27.95%    passed     94.32%
  78  DE162|Cluster-50121.0__TRINITY_DN4413_c1_g2_i2.p1            0.67%    passed     99.74%
  79  DE507|Cluster-52642.0__TRINITY_DN11_c0_g1_i3.p1              0.67%    passed     99.83%
  80  DE528|Cluster-39499.0__TRINITY_DN37_c0_g2_i3.p1              0.67%    passed     99.95%
  81  DE704-purple|Cluster-60886.0__TRINITY_DN5184_c0_g1_i5.p1     0.67%    passed     99.61%
  82  DE704-white|Cluster-42020.0__TRINITY_DN2105_c0_g1_i3.p1      0.67%    passed     99.84%
  83  DE115|Cluster-29246.0__TRINITY_DN539_c0_g1_i1.p1             0.00%    passed     99.85%
  84  JJ23|Cluster-10585.0__TRINITY_DN9148_c0_g2_i1.p1             2.69%    passed     91.75%
  85  DE126|Cluster-42805.0__TRINITY_DN7181_c0_g2_i1.p1            0.34%    passed     97.92%
  86  DE181|Cluster-41204.0__TRINITY_DN2725_c0_g1_i1.p1            2.69%    passed     99.84%
  87  SRR3407095|Cluster-6449.0__TRINITY_DN4175_c0_g2_i1.p1        1.52%    passed     97.27%
  88  DE69|Cluster-49010.0__TRINITY_DN15_c0_g2_i1.p1               0.84%    passed     96.96%
  89  JJ89|Cluster-1315.0__TRINITY_DN3759_c0_g2_i1.p1              0.34%    passed     99.31%
  90  DE764|Cluster-43877.0__TRINITY_DN674_c0_g1_i1.p1             0.84%    passed     94.86%
  91  DE736|Cluster-35890.0__TRINITY_DN2711_c0_g1_i1.p1            0.84%    passed     80.95%
  92  JJ85|Cluster-26966.0__TRINITY_DN7151_c0_g2_i1.p1             0.34%    passed     94.24%
  93  DE534|Cluster-28375.0__TRINITY_DN12283_c0_g2_i4.p1          24.92%    passed     76.44%
  94  DE536|Cluster-54713.0__TRINITY_DN484_c0_g1_i12.p1           34.51%    passed     29.95%
  95  DE531|Cluster-3637.0__TRINITY_DN244_c0_g1_i1.p1              0.34%    passed     88.62%
  96  DE696-dots|Cluster-27411.0__TRINITY_DN3444_c2_g1_i1.p1       0.34%    passed     87.80%
  97  DE696-nodots|Cluster-32565.0__TRINITY_DN10083_c1_g1_i1.p1    0.34%    passed     87.80%
  98  DE151|Cluster-2687.0__TRINITY_DN751_c2_g4_i1.p1              0.51%    passed     98.72%
  99  JJ109|Cluster-30218.0__TRINITY_DN9724_c1_g1_i1.p1            0.51%    passed     96.88%
 100  DE189|Cluster-17041.0__TRINITY_DN16113_c1_g3_i1.p1           0.51%    passed     97.81%
 101  DE542|Cluster-63077.0__TRINITY_DN177_c0_g3_i1.p1             1.01%    passed     97.71%
 102  JJ15|Cluster-5200.0__TRINITY_DN51295_c0_g2_i1.p1            31.99%    passed     98.35%
 103  DE575|Cluster-12048.0__TRINITY_DN2038_c0_g2_i1.p1            0.00%    passed     92.60%
 104  DE681|Cluster-7204.0__TRINITY_DN14390_c1_g1_i1.p1            0.00%    passed     98.96%
 105  DE523|Cluster-8142.0__TRINITY_DN5487_c0_g1_i6.p1             0.67%    passed     93.67%
 106  SRR3407096|Cluster-23323.0__TRINITY_DN1764_c0_g1_i1.p1       0.67%    passed     96.76%
 107  DE503|Cluster-17543.0__TRINITY_DN5923_c0_g1_i1.p1            0.67%    passed     97.56%
 108  DE505|Cluster-36933.0__TRINITY_DN9248_c0_g1_i2.p1            0.67%    passed     98.34%
 109  SRR3407094|Cluster-38176.0__TRINITY_DN1751_c0_g1_i2.p1      32.66%    passed     96.79%
 110  SRR3407093|Cluster-22009.0__TRINITY_DN888_c0_g1_i1.p1        0.67%    passed     98.61%
 111  SRR3407092|Cluster-28891.0__TRINITY_DN3391_c0_g1_i1.p1       0.67%    passed     99.34%
 112  DE510|Cluster-40101.0__TRINITY_DN1610_c0_g1_i1.p1            0.67%    passed     98.84%
 113  SRR3407087|Cluster-40203.0__TRINITY_DN1408_c0_g1_i1.p1       0.67%    passed     98.84%
 114  SRR3407088|Cluster-37737.0__TRINITY_DN3357_c0_g1_i1.p1       0.67%    passed     99.67%
 115  JJ86|Cluster-51406.0__TRINITY_DN953_c0_g5_i1.p1              0.00%    passed     98.87%
 116  DE162|Cluster-23708.0__TRINITY_DN4413_c1_g3_i3.p1           14.65%    passed     93.07%
 117  DE507|Cluster-37355.0__TRINITY_DN11_c0_g2_i1.p1              0.00%    passed     98.78%
 118  DE704-white|Cluster-34325.0__TRINITY_DN12407_c0_g1_i2.p1     0.00%    passed     98.79%
 119  DE528|Cluster-35051.0__TRINITY_DN37_c0_g3_i1.p1              0.00%    passed     99.54%
 120  DE704-purple|Cluster-38441.0__TRINITY_DN5184_c0_g2_i1.p1     0.00%    passed     98.96%
 121  DE623|Cluster-3273.0__TRINITY_DN9008_c1_g1_i1.p1             0.00%    passed     99.71%
 122  DE680|Cluster-52129.0__TRINITY_DN6599_c0_g1_i2.p1           14.65%    passed     93.51%
 123  DE152|Cluster-5233.0__TRINITY_DN1581_c0_g5_i1.p1             1.18%    passed     84.60%
 124  JJ99|Cluster-35269.2__TRINITY_DN6973_c0_g1_i14.p1            1.18%    passed     94.15%
 125  DE561|Cluster-8460.0__TRINITY_DN1406_c0_g1_i1.p1             0.67%    passed     99.94%
 126  SRR3424066|Cluster-20555.0__TRINITY_DN3110_c0_g1_i1.p1       0.67%    passed     99.88%
 127  DE560|Cluster-44309.0__TRINITY_DN13357_c1_g1_i1.p1           0.67%    passed     99.53%
 128  JJ130|Cluster-34233.0__TRINITY_DN9491_c0_g2_i1.p1            0.34%    passed     97.51%
 129  DE737|Cluster-5113.0__TRINITY_DN8777_c0_g2_i1.p1             0.34%    passed     97.86%
 130  DE672|Cluster-3931.0__TRINITY_DN41319_c0_g2_i1.p1            0.34%    passed     98.11%
 131  DE504|Cluster-22692.0__TRINITY_DN1783_c0_g1_i1.p1            0.34%    passed     97.10%
 132  DE549|Cluster-36967.0__TRINITY_DN3928_c0_g1_i1.p1            0.34%    passed     98.74%
 133  DE643|Cluster-76163.0__TRINITY_DN4874_c0_g1_i4.p1            0.67%    passed     83.57%
 134  DE671|Cluster-28985.0__TRINITY_DN17496_c0_g3_i1.p1           0.67%    passed     90.39%
 135  DE550|Cluster-45549.0__TRINITY_DN1235_c0_g2_i1.p1            0.34%    passed     88.16%
 136  JJ125|Cluster-40513.0__TRINITY_DN400_c0_g4_i1.p1             2.36%    passed     99.90%
WARNING: 1 sequences contain more than 50% gaps/ambiguity
****  TOTAL                                                        5.60%  0 sequences failed composition chi2 test (p-value<5%; df=60)
Reading input tree file tmp.csubst.nwk ... rooted tree

NOTE: 165 MB RAM (0 GB) is required!
Measuring multi-threading efficiency up to 1 CPU cores
2 trees examined
Threads: 1 / Time: 8.308 sec / Speedup: 1.000 / Efficiency: 100% / LogL: -82430
BEST NUMBER OF THREADS: 1

Estimate model parameters (epsilon = 0.010)
1. Initial log-likelihood: -35632.680
2. Current log-likelihood: -22734.045
3. Current log-likelihood: -22713.626
4. Current log-likelihood: -22713.521
5. Current log-likelihood: -22713.438
6. Current log-likelihood: -22713.367
7. Current log-likelihood: -22713.305
8. Current log-likelihood: -22713.251
9. Current log-likelihood: -22713.203
10. Current log-likelihood: -22713.160
11. Current log-likelihood: -22713.121
12. Current log-likelihood: -22713.086
13. Current log-likelihood: -22713.055
14. Current log-likelihood: -22713.027
15. Current log-likelihood: -22713.001
16. Current log-likelihood: -22712.978
17. Current log-likelihood: -22712.957
18. Current log-likelihood: -22712.938
19. Current log-likelihood: -22712.920
20. Current log-likelihood: -22712.905
21. Current log-likelihood: -22712.890
22. Current log-likelihood: -22712.877
23. Current log-likelihood: -22712.865
24. Current log-likelihood: -22712.854
25. Current log-likelihood: -22712.843
Optimal log-likelihood: -22712.834
Nonsynonymous/synonymous ratio (omega): 1.000
Transition/transversion ratio (kappa): 1.000
Site proportion and rates:  (0.620,0.511) (0.243,1.420) (0.130,2.361) (0.007,4.584)
Parameters optimization took 25 rounds (729.793 sec)
Wrote distance file to... 
BEST SCORE FOUND : -22712.834
Ancestral state probabilities printed to /mnt/data0/yue/2026-03-11-protein-convergence/results/OG_816/csubst_w_s/csubst_input_alignment.fa.state
Empirical proportions for each category: 0.648 0.236 0.113 0.003
Site rates printed to /mnt/data0/yue/2026-03-11-protein-convergence/results/OG_816/csubst_w_s/csubst_input_alignment.fa.rate
Total tree length: 6.776

Total number of iterations: 0
CPU time used for tree search: 0.000 sec (0h:0m:0s)
Wall-clock time used for tree search: 0.000 sec (0h:0m:0s)
Total CPU time used: 743.142 sec (0h:12m:23s)
Total wall-clock time used: 744.711 sec (0h:12m:24s)

Analysis results written to: 
  IQ-TREE report:                /mnt/data0/yue/2026-03-11-protein-convergence/results/OG_816/csubst_w_s/csubst_input_alignment.fa.iqtree
  Maximum-likelihood tree:       /mnt/data0/yue/2026-03-11-protein-convergence/results/OG_816/csubst_w_s/csubst_input_alignment.fa.treefile
  Site-specific rates:           /mnt/data0/yue/2026-03-11-protein-convergence/results/OG_816/csubst_w_s/csubst_input_alignment.fa.rate
  Ancestral state:               /mnt/data0/yue/2026-03-11-protein-convergence/results/OG_816/csubst_w_s/csubst_input_alignment.fa.state
  Screen log file:               /mnt/data0/yue/2026-03-11-protein-convergence/results/OG_816/csubst_w_s/csubst_input_alignment.fa.log

Date and Time: Sat Mar 28 02:57:04 2026
