IQ-TREE multicore version 2.4.0 for Linux x86 64-bit built Feb 12 2025
Developed by Bui Quang Minh, Nguyen Lam Tung, Olga Chernomor, Heiko Schmidt,
Dominik Schrempf, Michael Woodhams, Ly Trong Nhan, Thomas Wong

Host:    brain (AVX2, FMA3, 2015 GB RAM)
Command: /home/yue/miniconda3/envs/py39/bin/iqtree -s /mnt/data0/yue/2026-03-11-protein-convergence/results/OG_11745/csubst_w_s/csubst_input_alignment.fa -te tmp.csubst.nwk -m ECMK07+F+R4 --seqtype CODON1 --threads-max 1 -T AUTO --ancestral --rate --redo
Seed:    850947 (Using SPRNG - Scalable Parallel Random Number Generator)
Time:    Thu Mar 26 22:40:43 2026
Kernel:  AVX+FMA - auto-detect threads (128 CPU cores detected)

Reading alignment file /mnt/data0/yue/2026-03-11-protein-convergence/results/OG_11745/csubst_w_s/csubst_input_alignment.fa ... Fasta format detected
Reading fasta file: done in 0.00054045 secs using 33.12% CPU
Alignment most likely contains DNA/RNA sequences
Converting to codon sequences with genetic code 1 ...
Alignment has 60 sequences with 156 columns, 155 distinct patterns
107 parsimony-informative, 31 singleton sites, 18 constant sites
                                                          Gap/Ambiguity  Composition  p-value
Analyzing sequences: done in 2.7135e-05 secs using 33.17% CPU
   1  DE672|Cluster-40667.0__TRINITY_DN3718_c1_g1_i4.p1           5.77%    passed    100.00%
   2  JJ99|Cluster-28995.0__TRINITY_DN19050_c3_g1_i1.p1           6.41%    passed     91.33%
   3  JJ125|Cluster-28240.0__TRINITY_DN2907_c0_g2_i3.p1           7.05%    passed     84.52%
   4  DE519|Cluster-40250.0__TRINITY_DN6711_c0_g2_i4.p1          10.90%    passed     11.80%
   5  SRR5150740|Cluster-63899.0__TRINITY_DN9294_c1_g2_i1.p1     20.51%    passed     65.41%
   6  JJ74|Cluster-133135.0__TRINITY_DN1051_c0_g3_i2.p1           8.33%    passed    100.00%
   7  DRR082665|Cluster-21375.0__TRINITY_DN6034_c0_g3_i1.p1      37.18%    failed      0.70%
   8  DE554|Cluster-50416.0__TRINITY_DN1920_c0_g1_i2.p1          16.67%    passed    100.00%
   9  DE115|Cluster-33502.0__TRINITY_DN1286_c0_g1_i3.p1           5.77%    passed     97.87%
  10  DE765|Cluster-44746.0__TRINITY_DN10814_c0_g1_i3.p1          6.41%    passed     99.59%
  11  DE737|Cluster-13977.0__TRINITY_DN9492_c0_g2_i3.p1           6.41%    passed    100.00%
  12  DE229|Cluster-89182.0__TRINITY_DN4828_c0_g2_i4.p1           4.49%    passed     99.87%
  13  DE162|Cluster-26475.0__TRINITY_DN2830_c0_g1_i4.p1           5.13%    passed     99.85%
  14  DE704-white|Cluster-56009.0__TRINITY_DN12721_c1_g1_i2.p1    5.13%    passed     99.99%
  15  DE152|Cluster-46831.1__TRINITY_DN17173_c0_g1_i2.p1          7.05%    passed    100.00%
  16  DE127|Cluster-43539.0__TRINITY_DN284_c2_g1_i2.p1            0.00%    passed    100.00%
  17  DE668|Cluster-42778.0__TRINITY_DN4113_c0_g2_i1.p1           0.00%    passed    100.00%
  18  DE507|Cluster-33925.0__TRINITY_DN5635_c0_g1_i2.p1           0.00%    passed    100.00%
  19  DE528|Cluster-22942.0__TRINITY_DN2404_c2_g1_i4.p1           0.64%    passed    100.00%
  20  DE623|Cluster-46164.0__TRINITY_DN3787_c0_g1_i2.p1           0.00%    passed     98.04%
  21  DE216|Cluster-51903.0__TRINITY_DN5934_c0_g3_i2.p1           4.49%    passed    100.00%
  22  JJ85|Cluster-42224.0__TRINITY_DN7504_c0_g1_i1.p1            1.28%    passed    100.00%
  23  SRR3407095|Cluster-10080.0__TRINITY_DN1888_c0_g1_i1.p1      1.92%    passed    100.00%
  24  DE69|Cluster-55671.0__TRINITY_DN5147_c0_g1_i3.p1            5.77%    passed    100.00%
  25  DRR082665|Cluster-55037.0__TRINITY_DN6034_c0_g4_i2.p1      26.92%    failed      0.00%
  26  DE534|Cluster-44538.0__TRINITY_DN797_c0_g1_i13.p1           0.00%    passed    100.00%
  27  DE741|Cluster-53716.0__TRINITY_DN10556_c1_g1_i8.p1          5.77%    passed    100.00%
  28  DE764|Cluster-16723.0__TRINITY_DN1666_c0_g4_i1.p1           3.85%    passed    100.00%
  29  DE476|Cluster-52106.0__TRINITY_DN1529_c0_g1_i1.p1           7.05%    passed    100.00%
  30  DE541|Cluster-33968.0__TRINITY_DN1461_c2_g1_i1.p1           7.05%    passed    100.00%
  31  DE563|Cluster-10445.0__TRINITY_DN507_c0_g1_i2.p1           16.67%    passed    100.00%
  32  DE151|Cluster-58404.0__TRINITY_DN1146_c0_g1_i3.p1           6.41%    passed    100.00%
  33  DE173|Cluster-28843.0__TRINITY_DN6155_c0_g2_i1.p1           6.41%    passed    100.00%
  34  DE671|Cluster-53070.0__TRINITY_DN71_c0_g1_i3.p1             6.41%    passed    100.00%
  35  DE536|Cluster-23533.0__TRINITY_DN573_c1_g1_i2.p1           16.03%    passed    100.00%
  36  DE523|Cluster-35818.0__TRINITY_DN454_c0_g1_i2.p1            6.41%    passed    100.00%
  37  DE549|Cluster-32074.0__TRINITY_DN3045_c1_g2_i2.p1           5.77%    passed     99.97%
  38  DE666|Cluster-14029.16__TRINITY_DN2348_c3_g1_i2.p1         16.67%    passed    100.00%
  39  DE126|Cluster-30775.0__TRINITY_DN335_c0_g1_i2.p1            0.00%    passed     99.97%
  40  DE189|Cluster-48741.0__TRINITY_DN2731_c0_g1_i1.p1           0.64%    passed    100.00%
  41  DE643|Cluster-50893.0__TRINITY_DN25055_c0_g1_i3.p1          0.00%    passed    100.00%
  42  JJ109|Cluster-38112.0__TRINITY_DN423_c0_g1_i1.p1            0.64%    passed    100.00%
  43  JJ130|Cluster-39322.0__TRINITY_DN1365_c0_g2_i2.p1           0.00%    passed    100.00%
  44  DE88|Cluster-37442.0__TRINITY_DN10618_c0_g2_i2.p1           0.64%    passed    100.00%
  45  JJ36|Cluster-31186.0__TRINITY_DN7505_c0_g2_i4.p1            0.64%    passed    100.00%
  46  DRR082660|Cluster-32810.0__TRINITY_DN17227_c0_g1_i1.p1      3.21%    passed    100.00%
  47  DE560|Cluster-41515.0__TRINITY_DN1350_c1_g1_i2.p1           1.92%    passed    100.00%
  48  DE575|Cluster-46762.0__TRINITY_DN3123_c0_g1_i2.p1           0.64%    passed    100.00%
  49  DE681|Cluster-33493.0__TRINITY_DN2015_c2_g1_i1.p1           0.00%    passed    100.00%
  50  SRR3407092|Cluster-2707.0__TRINITY_DN5970_c0_g1_i1.p1       0.64%    passed    100.00%
  51  SRR3407093|Cluster-17961.0__TRINITY_DN3626_c0_g2_i1.p1      0.64%    passed    100.00%
  52  SRR3407086|Cluster-40130.0__TRINITY_DN3230_c0_g1_i1.p1      0.64%    passed    100.00%
  53  SRR3407088|Cluster-34166.0__TRINITY_DN1216_c0_g1_i3.p1      1.28%    passed    100.00%
  54  JJ131|Cluster-68157.0__TRINITY_DN2772_c2_g1_i1.p1           6.41%    passed    100.00%
  55  DE181|Cluster-45180.0__TRINITY_DN1140_c0_g1_i2.p1           4.49%    passed    100.00%
  56  DE505|Cluster-31450.0__TRINITY_DN9719_c0_g1_i3.p1           7.05%    passed    100.00%
  57  DE510|Cluster-31033.0__TRINITY_DN5289_c0_g1_i1.p1           7.05%    passed    100.00%
  58  SRR3407087|Cluster-14211.0__TRINITY_DN823_c0_g1_i2.p1       7.05%    passed    100.00%
  59  SRR3407094|Cluster-9185.0__TRINITY_DN6873_c0_g1_i5.p1       7.05%    passed    100.00%
  60  SRR3424066|Cluster-31016.0__TRINITY_DN1823_c0_g1_i2.p1      7.05%    passed    100.00%
****  TOTAL                                                       5.94%  2 sequences failed composition chi2 test (p-value<5%; df=60)
Reading input tree file tmp.csubst.nwk ... rooted tree

NOTE: 24 MB RAM (0 GB) is required!
Measuring multi-threading efficiency up to 1 CPU cores
2 trees examined
Threads: 1 / Time: 1.326 sec / Speedup: 1.000 / Efficiency: 100% / LogL: -7305
BEST NUMBER OF THREADS: 1

Estimate model parameters (epsilon = 0.010)
1. Initial log-likelihood: -5872.313
2. Current log-likelihood: -4938.208
3. Current log-likelihood: -4938.000
4. Current log-likelihood: -4937.971
Optimal log-likelihood: -4937.966
Nonsynonymous/synonymous ratio (omega): 1.000
Transition/transversion ratio (kappa): 1.000
Site proportion and rates:  (0.599,0.379) (0.233,1.390) (0.129,2.145) (0.039,4.405)
Parameters optimization took 4 rounds (16.512 sec)
Wrote distance file to... 
BEST SCORE FOUND : -4937.966
Ancestral state probabilities printed to /mnt/data0/yue/2026-03-11-protein-convergence/results/OG_11745/csubst_w_s/csubst_input_alignment.fa.state
Empirical proportions for each category: 0.622 0.224 0.122 0.032
Site rates printed to /mnt/data0/yue/2026-03-11-protein-convergence/results/OG_11745/csubst_w_s/csubst_input_alignment.fa.rate
Total tree length: 7.447

Total number of iterations: 0
CPU time used for tree search: 0.000 sec (0h:0m:0s)
Wall-clock time used for tree search: 0.000 sec (0h:0m:0s)
Total CPU time used: 18.669 sec (0h:0m:18s)
Total wall-clock time used: 18.764 sec (0h:0m:18s)

Analysis results written to: 
  IQ-TREE report:                /mnt/data0/yue/2026-03-11-protein-convergence/results/OG_11745/csubst_w_s/csubst_input_alignment.fa.iqtree
  Maximum-likelihood tree:       /mnt/data0/yue/2026-03-11-protein-convergence/results/OG_11745/csubst_w_s/csubst_input_alignment.fa.treefile
  Site-specific rates:           /mnt/data0/yue/2026-03-11-protein-convergence/results/OG_11745/csubst_w_s/csubst_input_alignment.fa.rate
  Ancestral state:               /mnt/data0/yue/2026-03-11-protein-convergence/results/OG_11745/csubst_w_s/csubst_input_alignment.fa.state
  Screen log file:               /mnt/data0/yue/2026-03-11-protein-convergence/results/OG_11745/csubst_w_s/csubst_input_alignment.fa.log

Date and Time: Thu Mar 26 22:41:02 2026
