IQ-TREE multicore version 2.4.0 for Linux x86 64-bit built Feb 12 2025
Developed by Bui Quang Minh, Nguyen Lam Tung, Olga Chernomor, Heiko Schmidt,
Dominik Schrempf, Michael Woodhams, Ly Trong Nhan, Thomas Wong

Host:    brain (AVX2, FMA3, 2015 GB RAM)
Command: /home/yue/miniconda3/envs/py39/bin/iqtree -s /mnt/data0/yue/2026-03-11-protein-convergence/results/OG_434/csubst_w_s/csubst_input_alignment.fa -te tmp.csubst.nwk -m ECMK07+F+R4 --seqtype CODON1 --threads-max 1 -T AUTO --ancestral --rate --redo
Seed:    223986 (Using SPRNG - Scalable Parallel Random Number Generator)
Time:    Fri Mar 27 13:29:11 2026
Kernel:  AVX+FMA - auto-detect threads (128 CPU cores detected)

Reading alignment file /mnt/data0/yue/2026-03-11-protein-convergence/results/OG_434/csubst_w_s/csubst_input_alignment.fa ... Fasta format detected
Reading fasta file: done in 0.00922903 secs using 86.18% CPU
Alignment most likely contains DNA/RNA sequences
Converting to codon sequences with genetic code 1 ...
Alignment has 117 sequences with 933 columns, 894 distinct patterns
685 parsimony-informative, 132 singleton sites, 116 constant sites
                                                              Gap/Ambiguity  Composition  p-value
Analyzing sequences: done in 0.000489146 secs using 99.56% CPU
   1  DE554|Cluster-26217.0__TRINITY_DN1581_c0_g3_i2.p1              54.56%    passed     29.50%
   2  DE561|Cluster-15071.0__TRINITY_DN13887_c0_g1_i27.p1             0.11%    passed    100.00%
   3  DE151|Cluster-53778.0__TRINITY_DN8224_c0_g2_i1.p1               0.00%    passed    100.00%
   4  JJ125|Cluster-20462.0__TRINITY_DN130_c0_g2_i5.p1               16.72%    passed    100.00%
   5  DE88|Cluster-29658.0__TRINITY_DN2210_c0_g1_i17.p1              38.26%    passed     99.95%
   6  SRR3407095|Cluster-50104.0__TRINITY_DN4226_c0_g4_i1.p1          1.93%    passed    100.00%
   7  DE560|Cluster-31683.0__TRINITY_DN6523_c0_g2_i5.p1               0.32%    passed    100.00%
   8  JJ23|Cluster-46188.0__TRINITY_DN970_c0_g1_i1.p1                 0.21%    passed    100.00%
   9  DE623|Cluster-25567.0__TRINITY_DN170_c0_g1_i10.p1               0.54%    passed    100.00%
  10  DE509|Cluster-11395.0__TRINITY_DN8724_c0_g1_i3.p1              39.23%    passed     82.00%
  11  SRR11748982|Cluster-39753.0__TRINITY_DN6954_c0_g1_i5.p1         2.04%    passed     99.99%
  12  DE181|Cluster-58725.2__TRINITY_DN348_c1_g1_i30.p1               0.00%    passed    100.00%
  13  SRR3407086|Cluster-34044.1__TRINITY_DN1082_c0_g2_i3.p1          0.00%    passed    100.00%
  14  SRR3407087|Cluster-43849.1__TRINITY_DN5884_c1_g1_i2.p1          0.00%    passed    100.00%
  15  DE510|Cluster-44400.0__TRINITY_DN1965_c0_g2_i4.p1               0.00%    passed    100.00%
  16  DE505|Cluster-46148.1__TRINITY_DN4304_c0_g2_i1.p1               0.00%    passed    100.00%
  17  DE503|Cluster-62920.1__TRINITY_DN292_c0_g1_i2.p1                0.00%    passed    100.00%
  18  DE519|Cluster-61079.0__TRINITY_DN258_c0_g1_i6.p1               16.72%    passed    100.00%
  19  DE741|Cluster-15190.0__TRINITY_DN18_c0_g1_i1.p1                16.72%    passed     99.96%
  20  SRR5150740|Cluster-64862.1__TRINITY_DN1622_c0_g1_i3.p1          1.29%    passed     99.72%
  21  SRR104381|Cluster-12186.0__TRINITY_DN3193_c0_g1_i5.p1           3.11%    passed     99.94%
  22  DE115|Cluster-34093.0__TRINITY_DN88_c1_g1_i3.p1                 0.00%    passed    100.00%
  23  JJ86|Cluster-37193.3__TRINITY_DN1846_c0_g1_i12.p1               0.00%    passed    100.00%
  24  DE127|Cluster-16501.0__TRINITY_DN1331_c0_g2_i2.p1               0.00%    passed    100.00%
  25  DE666|Cluster-42948.0__TRINITY_DN2184_c0_g1_i6.p1               5.47%    passed    100.00%
  26  DE623|Cluster-26849.0__TRINITY_DN170_c0_g2_i2.p1                0.00%    passed    100.00%
  27  DE680|Cluster-55070.0__TRINITY_DN3487_c0_g2_i3.p1               0.00%    passed    100.00%
  28  DE152|Cluster-53119.0__TRINITY_DN2992_c0_g1_i2.p1               0.00%    passed    100.00%
  29  JJ23|Cluster-38597.0__TRINITY_DN970_c0_g2_i2.p1                39.34%    passed     72.20%
  30  SRR3407094|Cluster-20424.0__TRINITY_DN2242_c0_g1_i3.p1          0.00%    passed    100.00%
  31  DE560|Cluster-14547.0__TRINITY_DN6523_c0_g1_i8.p1               0.00%    passed    100.00%
  32  DRR082660|Cluster-41736.0__TRINITY_DN3491_c0_g1_i1.p1          45.77%    passed     15.16%
  33  DE69|Cluster-46180.0__TRINITY_DN1490_c0_g1_i3.p1               45.77%    passed     24.33%
  34  SRR3407095|Cluster-15769.0__TRINITY_DN4226_c0_g1_i3.p1          0.00%    passed    100.00%
  35  SRR3407092|Cluster-38001.0__TRINITY_DN701_c0_g2_i3.p1           0.00%    passed    100.00%
  36  SRR3424066|Cluster-42419.0__TRINITY_DN1830_c0_g1_i4.p1          0.00%    passed    100.00%
  37  DE523|Cluster-46919.0__TRINITY_DN49_c0_g1_i4.p1                 0.00%    passed    100.00%
  38  SRR3407096|Cluster-28575.0__TRINITY_DN3607_c0_g1_i22.p1         0.00%    passed    100.00%
  39  DE173|Cluster-45304.0__TRINITY_DN6585_c0_g2_i3.p1               0.00%    passed    100.00%
  40  DE189|Cluster-50234.0__TRINITY_DN2690_c0_g1_i4.p1               0.00%    passed    100.00%
  41  JJ130|Cluster-52298.3__TRINITY_DN3786_c0_g2_i2.p1              45.77%    passed     53.21%
  42  DE764|Cluster-38452.0__TRINITY_DN494_c0_g1_i3.p1                0.00%    passed    100.00%
  43  DE549|Cluster-14117.0__TRINITY_DN105_c0_g1_i35.p1               0.00%    passed    100.00%
  44  DE550|Cluster-38651.0__TRINITY_DN2350_c0_g2_i23.p1              0.00%    passed    100.00%
  45  DE736|Cluster-45871.2__TRINITY_DN594_c0_g1_i10.p1               0.00%    passed    100.00%
  46  DE504|Cluster-14512.0__TRINITY_DN452_c0_g1_i9.p1                0.00%    passed    100.00%
  47  DE737|Cluster-35053.0__TRINITY_DN191_c0_g3_i1.p1                0.00%    passed    100.00%
  48  DE643|Cluster-58379.2__TRINITY_DN1664_c0_g1_i12.p1              0.00%    passed    100.00%
  49  JJ89|Cluster-24052.0__TRINITY_DN567_c0_g1_i31.p1                0.00%    passed    100.00%
  50  DE476|Cluster-11063.0__TRINITY_DN10583_c0_g2_i1.p1              0.00%    passed    100.00%
  51  DE575|Cluster-47036.0__TRINITY_DN10_c0_g2_i2.p1                 0.00%    passed    100.00%
  52  DE681|Cluster-25906.2__TRINITY_DN101_c0_g1_i19.p1               0.00%    passed     99.99%
  53  DE765|Cluster-32156.3__TRINITY_DN6172_c0_g1_i2.p1               0.00%    passed    100.00%
  54  DE563|Cluster-30108.0__TRINITY_DN780_c0_g2_i1.p1                0.00%    passed    100.00%
  55  JJ74|Cluster-100650.0__TRINITY_DN51512_c0_g1_i5.p1              0.21%    passed    100.00%
  56  DE541|Cluster-43534.0__TRINITY_DN3755_c1_g1_i4.p1               0.00%    passed    100.00%
  57  DE546_urceolata_l|Cluster-7387.0__TRINITY_DN1611_c0_g1_i2.p1    0.00%    passed    100.00%
  58  JJ36|Cluster-8697.0__TRINITY_DN246_c0_g2_i2.p1                  0.00%    passed    100.00%
  59  DE531|Cluster-46399.0__TRINITY_DN7807_c0_g2_i16.p1              0.00%    passed    100.00%
  60  DE696-nodots|Cluster-50871.2__TRINITY_DN989_c0_g1_i4.p1         0.00%    passed    100.00%
  61  DE566|Cluster-14152.0__TRINITY_DN1653_c2_g2_i1.p1               0.00%    passed    100.00%
  62  DE162|Cluster-23856.0__TRINITY_DN1060_c1_g1_i4.p1               0.00%    passed    100.00%
  63  DE507|Cluster-68762.0__TRINITY_DN225_c0_g1_i6.p1               28.51%    passed     99.82%
  64  DE704-white|Cluster-47408.1__TRINITY_DN117_c0_g1_i2.p1          0.00%    passed    100.00%
  65  DE528|Cluster-11183.0__TRINITY_DN362_c0_g1_i1.p1                0.00%    passed    100.00%
  66  DE704-purple|Cluster-60772.0__TRINITY_DN1898_c0_g2_i2.p1        0.00%    passed    100.00%
  67  DE671|Cluster-47332.0__TRINITY_DN2260_c0_g1_i8.p1               0.00%    passed    100.00%
  68  DE509|Cluster-48097.0__TRINITY_DN8724_c0_g2_i2.p1              36.33%    passed     99.12%
  69  DE534|Cluster-50348.25__TRINITY_DN2399_c0_g1_i14.p1             0.00%    passed    100.00%
  70  DE542|Cluster-44258.4__TRINITY_DN241_c0_g1_i20.p1               0.00%    passed    100.00%
  71  DE216|Cluster-52624.6__TRINITY_DN2350_c0_g1_i14.p1              0.00%    passed    100.00%
  72  JJ15|Cluster-15585.1__TRINITY_DN6056_c0_g1_i4.p1               37.62%    passed     93.01%
  73  JJ99|Cluster-28739.0__TRINITY_DN2060_c0_g2_i3.p1               14.04%    passed    100.00%
  74  DE554|Cluster-53803.0__TRINITY_DN1581_c0_g1_i8.p1               1.39%    passed    100.00%
  75  DE668|Cluster-53352.1__TRINITY_DN190_c0_g1_i23.p1               0.00%    passed    100.00%
  76  SRR3407088|Cluster-39410.1__TRINITY_DN9466_c1_g1_i13.p1         0.00%    passed    100.00%
  77  DE536|Cluster-17542.1__TRINITY_DN5377_c0_g1_i31.p1              0.00%    passed    100.00%
  78  DE229|Cluster-72116.0__TRINITY_DN48_c0_g4_i1.p1                 0.00%    passed    100.00%
  79  DRR234970|Cluster-25336.2__TRINITY_DN5946_c0_g1_i3.p1           0.32%    passed    100.00%
  80  DE164|Cluster-60865.3__TRINITY_DN182_c0_g1_i3.p1                0.00%    passed    100.00%
  81  DE476|Cluster-32435.0__TRINITY_DN10583_c0_g1_i2.p1              0.00%    passed     99.99%
  82  DE672|Cluster-20995.1__TRINITY_DN3676_c0_g1_i9.p1               0.00%    passed     99.98%
  83  DE737|Cluster-37694.1__TRINITY_DN191_c0_g1_i13.p1               0.00%    passed     99.99%
  84  DE741|Cluster-24975.0__TRINITY_DN18_c0_g2_i3.p1                45.77%    passed     61.22%
  85  JJ74|Cluster-131216.1__TRINITY_DN51512_c0_g2_i3.p1              0.00%    passed    100.00%
  86  DE523|Cluster-27160.0__TRINITY_DN49_c0_g3_i2.p1                 0.00%    passed    100.00%
  87  DE173|Cluster-10645.0__TRINITY_DN6585_c0_g2_i1.p1               0.00%    passed    100.00%
  88  JJ130|Cluster-46207.0__TRINITY_DN3786_c0_g1_i13.p1              0.00%    passed    100.00%
  89  JJ109|Cluster-33865.159__TRINITY_DN5503_c0_g1_i49.p1            0.00%    passed    100.00%
  90  JJ89|Cluster-27948.0__TRINITY_DN567_c0_g1_i24.p1                0.11%    passed    100.00%
  91  DE531|Cluster-45993.0__TRINITY_DN7807_c0_g3_i4.p1               0.00%    passed     99.96%
  92  DE696-dots|Cluster-38057.0__TRINITY_DN1744_c1_g2_i5.p1          0.32%    passed     99.95%
  93  DE696-nodots|Cluster-52887.0__TRINITY_DN989_c0_g5_i1.p1         0.32%    passed     99.94%
  94  JJ36|Cluster-16658.0__TRINITY_DN246_c0_g1_i3.p1                 0.00%    passed     99.93%
  95  DE550|Cluster-48140.0__TRINITY_DN2350_c0_g1_i5.p1               0.00%    passed     99.98%
  96  JJ125|Cluster-29406.0__TRINITY_DN130_c0_g2_i3.p1                0.00%    passed    100.00%
  97  DE503|Cluster-36239.0__TRINITY_DN292_c0_g1_i35.p1               0.00%    passed     99.95%
  98  DE510|Cluster-34070.0__TRINITY_DN1965_c0_g1_i17.p1              0.00%    passed     99.57%
  99  SRR3407093|Cluster-29005.0__TRINITY_DN4202_c0_g2_i3.p1          0.00%    passed     99.98%
 100  SRR3424066|Cluster-28857.0__TRINITY_DN1830_c0_g1_i8.p1          0.00%    passed     99.97%
 101  DE561|Cluster-31710.0__TRINITY_DN13887_c0_g1_i14.p1             0.00%    passed     99.97%
 102  DE152|Cluster-61375.0__TRINITY_DN2992_c0_g2_i33.p1              0.11%    passed     99.94%
 103  JJ131|Cluster-66535.1__TRINITY_DN2261_c0_g1_i12.p1              0.21%    passed    100.00%
 104  DE566|Cluster-6074.0__TRINITY_DN1653_c2_g1_i3.p1                0.32%    passed    100.00%
 105  DE127|Cluster-10387.0__TRINITY_DN1331_c0_g1_i2.p1              39.01%    passed     85.47%
 106  DE162|Cluster-46123.0__TRINITY_DN1060_c1_g5_i1.p1               0.00%    passed    100.00%
 107  DE528|Cluster-13863.0__TRINITY_DN362_c0_g2_i1.p1                0.00%    passed    100.00%
 108  DE507|Cluster-81394.0__TRINITY_DN225_c0_g2_i2.p1                0.00%    passed    100.00%
 109  DE704-purple|Cluster-36115.0__TRINITY_DN1898_c0_g1_i1.p1        0.00%    passed     99.97%
 110  DE680|Cluster-56112.0__TRINITY_DN3487_c0_g1_i1.p1               0.00%    passed    100.00%
 111  DE666|Cluster-46044.0__TRINITY_DN2184_c0_g1_i25.p1              0.00%    passed    100.00%
 112  DE504|Cluster-25935.0__TRINITY_DN452_c0_g1_i19.p1              39.23%    passed     92.40%
 113  DE549|Cluster-53552.0__TRINITY_DN105_c0_g1_i24.p1               0.00%    passed    100.00%
 114  DE88|Cluster-21453.0__TRINITY_DN2210_c0_g1_i15.p1               0.00%    passed    100.00%
 115  DE764|Cluster-38257.0__TRINITY_DN494_c0_g2_i10.p1              37.41%    passed     92.54%
 116  DE519|Cluster-32807.0__TRINITY_DN258_c0_g1_i8.p1               33.87%    passed     99.78%
 117  DE126|Cluster-30292.5__TRINITY_DN855_c0_g1_i17.p1              40.51%    passed     34.57%
WARNING: 1 sequences contain more than 50% gaps/ambiguity
****  TOTAL                                                           6.23%  0 sequences failed composition chi2 test (p-value<5%; df=60)
Reading input tree file tmp.csubst.nwk ... rooted tree

NOTE: 210 MB RAM (0 GB) is required!
Measuring multi-threading efficiency up to 1 CPU cores
2 trees examined
Threads: 1 / Time: 11.115 sec / Speedup: 1.000 / Efficiency: 100% / LogL: -80820
BEST NUMBER OF THREADS: 1

Estimate model parameters (epsilon = 0.010)
1. Initial log-likelihood: -47689.853
2. Current log-likelihood: -29477.272
3. Current log-likelihood: -29442.095
4. Current log-likelihood: -29442.055
5. Current log-likelihood: -29442.043
Optimal log-likelihood: -29442.034
Nonsynonymous/synonymous ratio (omega): 1.000
Transition/transversion ratio (kappa): 1.000
Site proportion and rates:  (0.554,0.439) (0.331,1.308) (0.103,2.603) (0.011,4.984)
Parameters optimization took 5 rounds (211.923 sec)
Wrote distance file to... 
BEST SCORE FOUND : -29442.034
Ancestral state probabilities printed to /mnt/data0/yue/2026-03-11-protein-convergence/results/OG_434/csubst_w_s/csubst_input_alignment.fa.state
Empirical proportions for each category: 0.579 0.329 0.085 0.008
Site rates printed to /mnt/data0/yue/2026-03-11-protein-convergence/results/OG_434/csubst_w_s/csubst_input_alignment.fa.rate
Total tree length: 5.284

Total number of iterations: 0
CPU time used for tree search: 0.000 sec (0h:0m:0s)
Wall-clock time used for tree search: 0.000 sec (0h:0m:0s)
Total CPU time used: 230.366 sec (0h:3m:50s)
Total wall-clock time used: 231.093 sec (0h:3m:51s)

Analysis results written to: 
  IQ-TREE report:                /mnt/data0/yue/2026-03-11-protein-convergence/results/OG_434/csubst_w_s/csubst_input_alignment.fa.iqtree
  Maximum-likelihood tree:       /mnt/data0/yue/2026-03-11-protein-convergence/results/OG_434/csubst_w_s/csubst_input_alignment.fa.treefile
  Site-specific rates:           /mnt/data0/yue/2026-03-11-protein-convergence/results/OG_434/csubst_w_s/csubst_input_alignment.fa.rate
  Ancestral state:               /mnt/data0/yue/2026-03-11-protein-convergence/results/OG_434/csubst_w_s/csubst_input_alignment.fa.state
  Screen log file:               /mnt/data0/yue/2026-03-11-protein-convergence/results/OG_434/csubst_w_s/csubst_input_alignment.fa.log

Date and Time: Fri Mar 27 13:33:02 2026
