IQ-TREE multicore version 2.4.0 for Linux x86 64-bit built Feb 12 2025
Developed by Bui Quang Minh, Nguyen Lam Tung, Olga Chernomor, Heiko Schmidt,
Dominik Schrempf, Michael Woodhams, Ly Trong Nhan, Thomas Wong

Host:    brain (AVX2, FMA3, 2015 GB RAM)
Command: /home/yue/miniconda3/envs/py39/bin/iqtree -s /mnt/data0/yue/2026-03-11-protein-convergence/results/OG_7292/csubst_w_s/csubst_input_alignment.fa -te tmp.csubst.nwk -m ECMK07+F+R4 --seqtype CODON1 --threads-max 1 -T AUTO --ancestral --rate --redo
Seed:    338977 (Using SPRNG - Scalable Parallel Random Number Generator)
Time:    Sat Mar 28 00:19:42 2026
Kernel:  AVX+FMA - auto-detect threads (128 CPU cores detected)

Reading alignment file /mnt/data0/yue/2026-03-11-protein-convergence/results/OG_7292/csubst_w_s/csubst_input_alignment.fa ... Fasta format detected
Reading fasta file: done in 0.00332819 secs using 53.15% CPU
Alignment most likely contains DNA/RNA sequences
Converting to codon sequences with genetic code 1 ...
Alignment has 63 sequences with 483 columns, 435 distinct patterns
211 parsimony-informative, 171 singleton sites, 101 constant sites
                                                          Gap/Ambiguity  Composition  p-value
Analyzing sequences: done in 0.000157207 secs using 99.23% CPU
   1  SRR3407092|Cluster-27687.0__TRINITY_DN8175_c0_g1_i1.p1      0.21%    passed    100.00%
   2  SRR3407087|Cluster-44236.0__TRINITY_DN68_c0_g1_i2.p1        0.21%    passed    100.00%
   3  SRR3407093|Cluster-14842.0__TRINITY_DN3132_c0_g1_i1.p1      0.21%    passed    100.00%
   4  SRR3407094|Cluster-39880.0__TRINITY_DN8_c0_g2_i1.p1         0.21%    passed    100.00%
   5  DE671|Cluster-32496.0__TRINITY_DN15614_c0_g1_i1.p1          0.21%    passed    100.00%
   6  DE549|Cluster-21326.0__TRINITY_DN2289_c2_g1_i1.p1           0.21%    passed    100.00%
   7  JJ15|Cluster-48999.11__TRINITY_DN504_c0_g1_i4.p1           14.49%    passed    100.00%
   8  DE181|Cluster-12523.0__TRINITY_DN1487_c1_g1_i1.p1           0.21%    passed    100.00%
   9  DE563|Cluster-16635.149__TRINITY_DN145_c0_g2_i1.p1          0.21%    passed    100.00%
  10  DE643|Cluster-47977.1__TRINITY_DN3574_c0_g1_i5.p1           0.21%    passed    100.00%
  11  JJ125|Cluster-9344.3__TRINITY_DN859_c0_g2_i1.p1             0.41%    passed    100.00%
  12  DE505|Cluster-55801.6__TRINITY_DN5069_c0_g3_i2.p1           0.21%    passed    100.00%
  13  DE550|Cluster-42654.2__TRINITY_DN7704_c0_g1_i26.p1         34.78%    passed    100.00%
  14  DE575|Cluster-23939.1__TRINITY_DN5861_c0_g2_i3.p1           0.21%    passed    100.00%
  15  SRR5150740|Cluster-31450.1__TRINITY_DN453_c1_g1_i2.p1       0.21%    passed    100.00%
  16  JJ131|Cluster-18155.2__TRINITY_DN1932_c0_g1_i2.p1           0.41%    passed    100.00%
  17  DE115|Cluster-21518.0__TRINITY_DN15094_c1_g1_i1.p1          0.21%    passed    100.00%
  18  DE741|Cluster-48038.0__TRINITY_DN112291_c0_g1_i1.p1         0.21%    passed    100.00%
  19  DE666|Cluster-21791.0__TRINITY_DN4719_c0_g5_i2.p1           0.21%    passed    100.00%
  20  JJ89|Cluster-3424.2__TRINITY_DN3803_c3_g1_i1.p1             0.21%    passed    100.00%
  21  DE126|Cluster-22038.3__TRINITY_DN2353_c0_g2_i2.p1           0.21%    passed    100.00%
  22  DE523|Cluster-49878.1__TRINITY_DN7891_c0_g1_i1.p1           0.41%    passed    100.00%
  23  DE736|Cluster-42531.0__TRINITY_DN2195_c0_g3_i1.p1           0.21%    passed    100.00%
  24  JJ130|Cluster-39661.0__TRINITY_DN1033_c2_g1_i2.p1           0.21%    passed    100.00%
  25  DE623|Cluster-48508.2__TRINITY_DN1778_c0_g1_i1.p1           0.21%    passed    100.00%
  26  DE509|Cluster-40976.3__TRINITY_DN7322_c0_g1_i19.p1          1.24%    passed     96.84%
  27  SRR3424066|Cluster-18300.0__TRINITY_DN30857_c0_g1_i1.p1     0.21%    passed    100.00%
  28  DE561|Cluster-3797.0__TRINITY_DN7556_c0_g4_i1.p1            0.21%    passed    100.00%
  29  SRR3407096|Cluster-25384.0__TRINITY_DN6017_c0_g2_i2.p1      0.21%    passed    100.00%
  30  DE566|Cluster-58660.1__TRINITY_DN2045_c0_g1_i6.p1           0.21%    passed    100.00%
  31  SRR3407086|Cluster-29445.0__TRINITY_DN678_c2_g1_i1.p1       0.21%    passed    100.00%
  32  DE476|Cluster-53975.1__TRINITY_DN559_c0_g2_i1.p1            0.21%    passed    100.00%
  33  DE560|Cluster-29083.4__TRINITY_DN4558_c2_g1_i1.p1           0.21%    passed    100.00%
  34  DE696-dots|Cluster-45315.0__TRINITY_DN452_c0_g2_i2.p1       0.21%    passed    100.00%
  35  DE696-nodots|Cluster-32577.0__TRINITY_DN8663_c0_g3_i1.p1    0.21%    passed    100.00%
  36  JJ36|Cluster-8711.1__TRINITY_DN409_c4_g2_i1.p1              0.21%    passed    100.00%
  37  JJ85|Cluster-33490.0__TRINITY_DN3839_c0_g2_i1.p1            0.21%    passed    100.00%
  38  JJ99|Cluster-55011.0__TRINITY_DN908_c0_g1_i24.p1            0.21%    passed    100.00%
  39  DE504|Cluster-3524.4__TRINITY_DN428_c1_g1_i1.p1             0.21%    passed    100.00%
  40  DE151|Cluster-34005.0__TRINITY_DN49_c2_g1_i2.p1             0.21%    passed    100.00%
  41  SRR3407088|Cluster-26090.0__TRINITY_DN10864_c0_g1_i1.p1     0.21%    passed    100.00%
  42  DE173|Cluster-39815.1__TRINITY_DN3332_c0_g1_i1.p1           0.21%    passed    100.00%
  43  DE189|Cluster-27773.1__TRINITY_DN4488_c0_g1_i1.p1           0.21%    passed    100.00%
  44  DE127|Cluster-15366.0__TRINITY_DN1639_c0_g1_i1.p1           0.21%    passed    100.00%
  45  DE554|Cluster-1595.0__TRINITY_DN19825_c0_g2_i1.p1           0.21%    passed    100.00%
  46  JJ86|Cluster-50811.0__TRINITY_DN20455_c0_g1_i1.p1           0.21%    passed    100.00%
  47  DE672|Cluster-50655.0__TRINITY_DN127710_c0_g1_i1.p1         0.21%    passed    100.00%
  48  DE737|Cluster-12923.0__TRINITY_DN8662_c1_g1_i1.p1           0.21%    passed    100.00%
  49  DE765|Cluster-44812.0__TRINITY_DN3405_c0_g1_i1.p1           0.21%    passed    100.00%
  50  DE528|Cluster-49990.0__TRINITY_DN4980_c0_g2_i1.p1           0.21%    passed    100.00%
  51  JJ74|Cluster-99981.2__TRINITY_DN58401_c1_g2_i1.p1           0.21%    passed    100.00%
  52  JJ109|Cluster-22548.4__TRINITY_DN10668_c1_g1_i1.p1          0.21%    passed    100.00%
  53  SRR3407095|Cluster-44733.0__TRINITY_DN9338_c0_g1_i3.p1      0.21%    passed    100.00%
  54  DE69|Cluster-56817.0__TRINITY_DN1155_c0_g1_i1.p1            0.21%    passed    100.00%
  55  DE668|Cluster-42250.0__TRINITY_DN4190_c0_g1_i1.p1           0.21%    passed    100.00%
  56  DE680|Cluster-57280.0__TRINITY_DN3946_c0_g1_i2.p1           0.21%    passed    100.00%
  57  DE704-purple|Cluster-34355.1__TRINITY_DN4017_c0_g1_i3.p1    0.21%    passed    100.00%
  58  DE162|Cluster-44589.19__TRINITY_DN15921_c0_g1_i1.p1        13.46%    passed    100.00%
  59  DE507|Cluster-62652.0__TRINITY_DN1530_c0_g1_i1.p1           0.41%    passed    100.00%
  60  DE542|Cluster-50214.7__TRINITY_DN1956_c0_g4_i1.p1           0.00%    passed    100.00%
  61  DRR234970|Cluster-41075.0__TRINITY_DN4792_c0_g1_i1.p1       0.21%    passed    100.00%
  62  DE541|Cluster-46267.3__TRINITY_DN730_c0_g1_i2.p1           21.95%    passed     99.97%
  63  DE534|Cluster-33416.11__TRINITY_DN601_c0_g1_i14.p1          0.00%    passed    100.00%
****  TOTAL                                                       1.56%  0 sequences failed composition chi2 test (p-value<5%; df=60)
Reading input tree file tmp.csubst.nwk ... rooted tree

NOTE: 58 MB RAM (0 GB) is required!
Measuring multi-threading efficiency up to 1 CPU cores
2 trees examined
Threads: 1 / Time: 3.091 sec / Speedup: 1.000 / Efficiency: 100% / LogL: -10733
BEST NUMBER OF THREADS: 1

Estimate model parameters (epsilon = 0.010)
1. Initial log-likelihood: -12928.602
2. Current log-likelihood: -8283.870
3. Current log-likelihood: -8283.584
4. Current log-likelihood: -8283.398
5. Current log-likelihood: -8283.263
6. Current log-likelihood: -8283.166
7. Current log-likelihood: -8283.094
8. Current log-likelihood: -8283.040
9. Current log-likelihood: -8282.997
10. Current log-likelihood: -8282.964
11. Current log-likelihood: -8282.935
12. Current log-likelihood: -8282.912
13. Current log-likelihood: -8282.891
14. Current log-likelihood: -8282.873
15. Current log-likelihood: -8282.856
16. Current log-likelihood: -8282.841
17. Current log-likelihood: -8282.828
18. Current log-likelihood: -8282.816
19. Current log-likelihood: -8282.804
20. Current log-likelihood: -8282.793
Optimal log-likelihood: -8282.784
Nonsynonymous/synonymous ratio (omega): 1.000
Transition/transversion ratio (kappa): 1.000
Site proportion and rates:  (0.666,0.473) (0.224,1.499) (0.063,2.364) (0.047,4.262)
Parameters optimization took 20 rounds (174.109 sec)
Wrote distance file to... 
BEST SCORE FOUND : -8282.784
Ancestral state probabilities printed to /mnt/data0/yue/2026-03-11-protein-convergence/results/OG_7292/csubst_w_s/csubst_input_alignment.fa.state
Empirical proportions for each category: 0.733 0.217 0.008 0.041
Site rates printed to /mnt/data0/yue/2026-03-11-protein-convergence/results/OG_7292/csubst_w_s/csubst_input_alignment.fa.rate
Total tree length: 2.606

Total number of iterations: 0
CPU time used for tree search: 0.000 sec (0h:0m:0s)
Wall-clock time used for tree search: 0.000 sec (0h:0m:0s)
Total CPU time used: 178.719 sec (0h:2m:58s)
Total wall-clock time used: 179.078 sec (0h:2m:59s)

Analysis results written to: 
  IQ-TREE report:                /mnt/data0/yue/2026-03-11-protein-convergence/results/OG_7292/csubst_w_s/csubst_input_alignment.fa.iqtree
  Maximum-likelihood tree:       /mnt/data0/yue/2026-03-11-protein-convergence/results/OG_7292/csubst_w_s/csubst_input_alignment.fa.treefile
  Site-specific rates:           /mnt/data0/yue/2026-03-11-protein-convergence/results/OG_7292/csubst_w_s/csubst_input_alignment.fa.rate
  Ancestral state:               /mnt/data0/yue/2026-03-11-protein-convergence/results/OG_7292/csubst_w_s/csubst_input_alignment.fa.state
  Screen log file:               /mnt/data0/yue/2026-03-11-protein-convergence/results/OG_7292/csubst_w_s/csubst_input_alignment.fa.log

Date and Time: Sat Mar 28 00:22:41 2026
