IQ-TREE multicore version 2.4.0 for Linux x86 64-bit built Feb 12 2025
Developed by Bui Quang Minh, Nguyen Lam Tung, Olga Chernomor, Heiko Schmidt,
Dominik Schrempf, Michael Woodhams, Ly Trong Nhan, Thomas Wong

Host:    brain (AVX2, FMA3, 2015 GB RAM)
Command: /home/yue/miniconda3/envs/py39/bin/iqtree -s /mnt/data0/yue/2026-03-11-protein-convergence/results/OG_11606/csubst_w_s/csubst_input_alignment.fa -te tmp.csubst.nwk -m ECMK07+F+R4 --seqtype CODON1 --threads-max 1 -T AUTO --ancestral --rate --redo
Seed:    386466 (Using SPRNG - Scalable Parallel Random Number Generator)
Time:    Thu Mar 26 22:31:10 2026
Kernel:  AVX+FMA - auto-detect threads (128 CPU cores detected)

Reading alignment file /mnt/data0/yue/2026-03-11-protein-convergence/results/OG_11606/csubst_w_s/csubst_input_alignment.fa ... Fasta format detected
Reading fasta file: done in 0.00153796 secs using 50.52% CPU
Alignment most likely contains DNA/RNA sequences
Converting to codon sequences with genetic code 1 ...
WARNING: 1 sites contain only gaps or ambiguous characters.
Alignment has 57 sequences with 214 columns, 200 distinct patterns
109 parsimony-informative, 54 singleton sites, 51 constant sites
                                                              Gap/Ambiguity  Composition  p-value
Analyzing sequences: done in 7.28369e-05 secs using 97.48% CPU
   1  JJ74|Cluster-129864.1__TRINITY_DN1636_c0_g1_i5.p1               0.47%    passed    100.00%
   2  DE229|Cluster-100557.0__TRINITY_DN3771_c0_g1_i3.p1              0.47%    passed    100.00%
   3  JJ23|Cluster-45528.0__TRINITY_DN3904_c0_g1_i2.p1                0.47%    passed    100.00%
   4  JJ99|Cluster-39767.0__TRINITY_DN3998_c1_g1_i3.p1                0.47%    passed    100.00%
   5  JJ131|Cluster-62735.0__TRINITY_DN2160_c0_g1_i5.p1               0.47%    passed    100.00%
   6  DE536|Cluster-38961.0__TRINITY_DN5494_c0_g1_i1.p1               0.47%    passed    100.00%
   7  DE666|Cluster-20520.7__TRINITY_DN945_c2_g1_i2.p1                0.47%    passed    100.00%
   8  DE115|Cluster-50315.4__TRINITY_DN135_c0_g5_i2.p1                0.47%    passed    100.00%
   9  DE681|Cluster-55077.1__TRINITY_DN12757_c0_g5_i1.p1              0.47%    passed    100.00%
  10  DE126|Cluster-31776.1__TRINITY_DN3945_c0_g1_i2.p1               0.47%    passed    100.00%
  11  DE765|Cluster-38684.0__TRINITY_DN7397_c0_g1_i3.p1               0.47%    passed    100.00%
  12  DE546_urceolata_l|Cluster-9502.0__TRINITY_DN9711_c0_g1_i3.p1    0.47%    passed    100.00%
  13  DE575|Cluster-43557.1__TRINITY_DN8251_c0_g1_i7.p1               0.47%    passed    100.00%
  14  DE623|Cluster-28875.1__TRINITY_DN17940_c0_g1_i2.p1              0.47%    passed    100.00%
  15  JJ86|Cluster-30625.0__TRINITY_DN100_c2_g4_i1.p1                 0.47%    passed    100.00%
  16  DE162|Cluster-38153.0__TRINITY_DN1639_c1_g1_i1.p1               0.47%    passed    100.00%
  17  DE507|Cluster-70354.0__TRINITY_DN2579_c1_g2_i3.p1               0.47%    passed    100.00%
  18  DE704-purple|Cluster-56348.0__TRINITY_DN3697_c3_g1_i2.p1        0.47%    passed    100.00%
  19  DE563|Cluster-28936.0__TRINITY_DN368_c2_g2_i1.p1                0.47%    passed    100.00%
  20  DE668|Cluster-53434.0__TRINITY_DN9803_c0_g1_i13.p1              0.47%    passed    100.00%
  21  DE566|Cluster-5405.0__TRINITY_DN1250_c0_g1_i5.p1                0.47%    passed    100.00%
  22  SRR3407093|Cluster-16892.0__TRINITY_DN632_c0_g1_i1.p1           0.47%    passed    100.00%
  23  SRR3407092|Cluster-26608.0__TRINITY_DN14238_c0_g1_i1.p1         0.47%    passed    100.00%
  24  SRR3407096|Cluster-30001.108__TRINITY_DN4638_c1_g1_i2.p1        0.47%    passed    100.00%
  25  DE503|Cluster-39938.0__TRINITY_DN1245_c0_g1_i4.p1               0.47%    passed    100.00%
  26  DE523|Cluster-28962.0__TRINITY_DN1876_c0_g3_i2.p1               0.47%    passed    100.00%
  27  SRR3407095|Cluster-23248.0__TRINITY_DN4836_c0_g1_i1.p1          0.47%    passed    100.00%
  28  DE151|Cluster-58544.2__TRINITY_DN2940_c1_g1_i5.p1               0.47%    passed    100.00%
  29  DE173|Cluster-1949.0__TRINITY_DN19315_c0_g1_i1.p1               0.47%    passed    100.00%
  30  JJ109|Cluster-33865.168__TRINITY_DN1254_c1_g2_i1.p1             0.47%    passed    100.00%
  31  DE672|Cluster-17188.0__TRINITY_DN202_c0_g1_i1.p1                0.47%    passed    100.00%
  32  JJ130|Cluster-32583.0__TRINITY_DN2725_c0_g3_i1.p1               0.47%    passed    100.00%
  33  DE164|Cluster-57253.0__TRINITY_DN3949_c0_g1_i11.p1              0.47%    passed    100.00%
  34  DE476|Cluster-38993.0__TRINITY_DN10483_c0_g1_i5.p1              0.47%    passed    100.00%
  35  DE643|Cluster-65764.0__TRINITY_DN4010_c0_g1_i2.p1               0.47%    passed    100.00%
  36  DE504|Cluster-38235.0__TRINITY_DN16183_c0_g1_i2.p1              0.47%    passed    100.00%
  37  DE736|Cluster-31811.0__TRINITY_DN11415_c0_g1_i7.p1              0.47%    passed    100.00%
  38  DE764|Cluster-23618.0__TRINITY_DN4917_c0_g1_i3.p1               0.47%    passed    100.00%
  39  JJ89|Cluster-19567.0__TRINITY_DN14765_c1_g4_i2.p1               0.47%    passed    100.00%
  40  DE671|Cluster-42027.0__TRINITY_DN3033_c1_g1_i3.p1               0.47%    passed    100.00%
  41  DE737|Cluster-46879.1__TRINITY_DN4828_c0_g1_i3.p1               0.47%    passed    100.00%
  42  DE509|Cluster-41597.2__TRINITY_DN5078_c0_g1_i11.p1              0.47%    passed    100.00%
  43  DE88|Cluster-34372.0__TRINITY_DN7888_c0_g1_i6.p1                0.47%    passed    100.00%
  44  DE541|Cluster-22254.1__TRINITY_DN2881_c0_g1_i6.p1               0.47%    passed    100.00%
  45  DE550|Cluster-52323.0__TRINITY_DN154_c0_g1_i1.p1                0.47%    passed    100.00%
  46  JJ85|Cluster-32415.4__TRINITY_DN27706_c0_g1_i5.p1               0.47%    passed    100.00%
  47  DE696-dots|Cluster-51935.0__TRINITY_DN1162_c2_g2_i1.p1          0.47%    passed    100.00%
  48  DE696-nodots|Cluster-44754.0__TRINITY_DN109627_c0_g1_i1.p1      0.47%    passed    100.00%
  49  DRR082660|Cluster-31101.0__TRINITY_DN31462_c0_g1_i1.p1          0.47%    passed    100.00%
  50  DE216|Cluster-21955.1__TRINITY_DN3874_c0_g1_i2.p1               0.47%    passed    100.00%
  51  DRR234970|Cluster-7381.0__TRINITY_DN2492_c0_g1_i1.p1            0.47%    passed     99.96%
  52  DE181|Cluster-53514.0__TRINITY_DN4725_c0_g1_i2.p1               0.47%    passed    100.00%
  53  SRR5150740|Cluster-59929.0__TRINITY_DN6692_c0_g1_i2.p1          0.47%    passed     99.96%
  54  SRR104381|Cluster-19800.5__TRINITY_DN4565_c0_g1_i4.p1           0.47%    passed     99.96%
  55  SRR11748982|Cluster-8810.1__TRINITY_DN2199_c0_g1_i3.p1          0.47%    failed      4.98%
  56  SRR11934227|Cluster-39505.0__TRINITY_DN10848_c0_g1_i2.p1        0.47%    passed     46.45%
  57  DE560|Cluster-46568.0__TRINITY_DN731_c1_g1_i5.p1               40.65%    passed     99.15%
****  TOTAL                                                           1.17%  1 sequences failed composition chi2 test (p-value<5%; df=60)
Reading input tree file tmp.csubst.nwk ... rooted tree

NOTE: 28 MB RAM (0 GB) is required!
Measuring multi-threading efficiency up to 1 CPU cores
2 trees examined
Threads: 1 / Time: 1.424 sec / Speedup: 1.000 / Efficiency: 100% / LogL: -5909
BEST NUMBER OF THREADS: 1

Estimate model parameters (epsilon = 0.010)
1. Initial log-likelihood: -5748.408
2. Current log-likelihood: -4023.818
3. Current log-likelihood: -4023.668
4. Current log-likelihood: -4023.591
5. Current log-likelihood: -4023.547
6. Current log-likelihood: -4023.519
7. Current log-likelihood: -4023.501
8. Current log-likelihood: -4023.489
Optimal log-likelihood: -4023.481
Nonsynonymous/synonymous ratio (omega): 1.000
Transition/transversion ratio (kappa): 1.000
Site proportion and rates:  (0.616,0.476) (0.267,1.390) (0.085,2.078) (0.031,5.060)
Parameters optimization took 8 rounds (39.957 sec)
Wrote distance file to... 
BEST SCORE FOUND : -4023.481
Ancestral state probabilities printed to /mnt/data0/yue/2026-03-11-protein-convergence/results/OG_11606/csubst_w_s/csubst_input_alignment.fa.state
Empirical proportions for each category: 0.701 0.243 0.028 0.028
Site rates printed to /mnt/data0/yue/2026-03-11-protein-convergence/results/OG_11606/csubst_w_s/csubst_input_alignment.fa.rate
Total tree length: 2.749

Total number of iterations: 0
CPU time used for tree search: 0.000 sec (0h:0m:0s)
Wall-clock time used for tree search: 0.000 sec (0h:0m:0s)
Total CPU time used: 42.341 sec (0h:0m:42s)
Total wall-clock time used: 42.407 sec (0h:0m:42s)

Analysis results written to: 
  IQ-TREE report:                /mnt/data0/yue/2026-03-11-protein-convergence/results/OG_11606/csubst_w_s/csubst_input_alignment.fa.iqtree
  Maximum-likelihood tree:       /mnt/data0/yue/2026-03-11-protein-convergence/results/OG_11606/csubst_w_s/csubst_input_alignment.fa.treefile
  Site-specific rates:           /mnt/data0/yue/2026-03-11-protein-convergence/results/OG_11606/csubst_w_s/csubst_input_alignment.fa.rate
  Ancestral state:               /mnt/data0/yue/2026-03-11-protein-convergence/results/OG_11606/csubst_w_s/csubst_input_alignment.fa.state
  Screen log file:               /mnt/data0/yue/2026-03-11-protein-convergence/results/OG_11606/csubst_w_s/csubst_input_alignment.fa.log

Date and Time: Thu Mar 26 22:31:52 2026
