IQ-TREE multicore version 2.4.0 for Linux x86 64-bit built Feb 12 2025
Developed by Bui Quang Minh, Nguyen Lam Tung, Olga Chernomor, Heiko Schmidt,
Dominik Schrempf, Michael Woodhams, Ly Trong Nhan, Thomas Wong

Host:    brain (AVX2, FMA3, 2015 GB RAM)
Command: /home/yue/miniconda3/envs/py39/bin/iqtree -s /mnt/data0/yue/2026-03-11-protein-convergence/results/OG_6127/csubst_w_s/csubst_input_alignment.fa -te tmp.csubst.nwk -m ECMK07+F+R4 --seqtype CODON1 --threads-max 1 -T AUTO --ancestral --rate --redo
Seed:    156829 (Using SPRNG - Scalable Parallel Random Number Generator)
Time:    Fri Mar 27 20:31:49 2026
Kernel:  AVX+FMA - auto-detect threads (128 CPU cores detected)

Reading alignment file /mnt/data0/yue/2026-03-11-protein-convergence/results/OG_6127/csubst_w_s/csubst_input_alignment.fa ... Fasta format detected
Reading fasta file: done in 0.000348598 secs
Alignment most likely contains DNA/RNA sequences
Converting to codon sequences with genetic code 1 ...
Alignment has 63 sequences with 75 columns, 74 distinct patterns
30 parsimony-informative, 22 singleton sites, 23 constant sites
                                                               Gap/Ambiguity  Composition  p-value
Analyzing sequences: done in 1.6436e-05 secs
   1  SRR11748982|Cluster-43995.0__TRINITY_DN7527_c0_g1_i10.p1         0.00%    failed      0.10%
   2  SRR104381|Cluster-4972.0__TRINITY_DN30867_c0_g1_i1.p1            0.00%    passed     97.92%
   3  SRR5150740|Cluster-57268.0__TRINITY_DN24718_c0_g1_i3.p1          0.00%    passed     99.73%
   4  SRR11934227|Cluster-181218.1__TRINITY_DN96944_c0_g1_i2.p1        8.00%    passed     71.09%
   5  DE563|Cluster-31699.0__TRINITY_DN10332_c0_g1_i2.p1              38.67%    passed    100.00%
   6  DE534|Cluster-26511.0__TRINITY_DN10911_c0_g1_i7.p1               0.00%    passed    100.00%
   7  DE115|Cluster-60220.0__TRINITY_DN87244_c0_g1_i3.p1               0.00%    passed    100.00%
   8  SRR3407087|Cluster-35837.0__TRINITY_DN6754_c0_g1_i1.p1           0.00%    passed     99.57%
   9  DE151|Cluster-55849.0__TRINITY_DN10294_c0_g1_i8.p1               0.00%    passed    100.00%
  10  DE164|Cluster-50807.0__TRINITY_DN5742_c5_g1_i1.p1                0.00%    passed    100.00%
  11  DE173|Cluster-16807.0__TRINITY_DN12009_c0_g1_i2.p1               0.00%    passed     99.99%
  12  DE181|Cluster-48534.0__TRINITY_DN14675_c0_g1_i2.p1               0.00%    passed    100.00%
  13  DE189|Cluster-38415.0__TRINITY_DN6408_c0_g1_i3.p1                0.00%    passed    100.00%
  14  DE510|Cluster-41825.0__TRINITY_DN11284_c0_g1_i5.p1               0.00%    passed    100.00%
  15  DE523|Cluster-30967.0__TRINITY_DN17525_c1_g1_i2.p1               0.00%    passed    100.00%
  16  DE531|Cluster-30187.0__TRINITY_DN12218_c0_g1_i3.p1               0.00%    passed    100.00%
  17  DE672|Cluster-53374.0__TRINITY_DN22559_c0_g1_i1.p1               0.00%    passed    100.00%
  18  DE536|Cluster-35973.0__TRINITY_DN11953_c1_g1_i4.p1               0.00%    passed    100.00%
  19  DE696-dots|Cluster-52110.0__TRINITY_DN17299_c0_g1_i3.p1          0.00%    passed    100.00%
  20  DE741|Cluster-32597.0__TRINITY_DN8231_c0_g1_i5.p1                0.00%    passed    100.00%
  21  DE764|Cluster-45888.1__TRINITY_DN6324_c0_g1_i10.p1               0.00%    passed    100.00%
  22  DE509|Cluster-32785.0__TRINITY_DN14886_c0_g2_i5.p1               0.00%    passed    100.00%
  23  JJ36|Cluster-39819.0__TRINITY_DN12311_c0_g1_i5.p1                0.00%    passed    100.00%
  24  SRR3407086|Cluster-19520.0__TRINITY_DN15860_c0_g1_i1.p1          0.00%    passed    100.00%
  25  DRR082660|Cluster-8170.0__TRINITY_DN37200_c0_g1_i1.p1            0.00%    failed      0.00%
  26  SRR3407088|Cluster-27022.0__TRINITY_DN22999_c0_g1_i1.p1          0.00%    passed    100.00%
  27  JJ85|Cluster-36208.0__TRINITY_DN6639_c0_g1_i1.p1                 0.00%    passed    100.00%
  28  JJ74|Cluster-94286.0__TRINITY_DN4216_c1_g1_i1.p1                 0.00%    passed    100.00%
  29  SRR3407094|Cluster-7164.0__TRINITY_DN51081_c0_g1_i1.p1           0.00%    passed    100.00%
  30  SRR3407093|Cluster-5663.0__TRINITY_DN7010_c0_g1_i1.p1            0.00%    passed    100.00%
  31  SRR3407092|Cluster-637.0__TRINITY_DN10460_c0_g1_i1.p1            0.00%    passed    100.00%
  32  DE127|Cluster-36736.0__TRINITY_DN14451_c0_g1_i2.p1               0.00%    passed    100.00%
  33  DE554|Cluster-61847.0__TRINITY_DN24848_c0_g1_i1.p1               0.00%    passed    100.00%
  34  DE504|Cluster-56282.0__TRINITY_DN8536_c1_g1_i2.p1                0.00%    passed    100.00%
  35  DE126|Cluster-33911.0__TRINITY_DN23905_c0_g1_i1.p1               0.00%    passed    100.00%
  36  DE736|Cluster-42197.0__TRINITY_DN7918_c0_g1_i9.p1                0.00%    passed    100.00%
  37  DE680|Cluster-26590.0__TRINITY_DN5936_c0_g1_i1.p1                0.00%    passed    100.00%
  38  DE681|Cluster-44370.0__TRINITY_DN11593_c0_g1_i5.p1               0.00%    passed    100.00%
  39  DE765|Cluster-14138.0__TRINITY_DN6874_c0_g1_i5.p1                0.00%    passed    100.00%
  40  JJ23|Cluster-44072.0__TRINITY_DN836_c2_g1_i1.p1                  0.00%    passed     32.01%
  41  DE519|Cluster-75282.0__TRINITY_DN18226_c0_g1_i4.p1               0.00%    passed    100.00%
  42  DE507|Cluster-87121.2__TRINITY_DN3229_c0_g1_i7.p1                0.00%    passed    100.00%
  43  DE528|Cluster-54366.1__TRINITY_DN10604_c0_g1_i19.p1              0.00%    passed    100.00%
  44  DE704-white|Cluster-43365.0__TRINITY_DN10672_c0_g1_i11.p1        0.00%    passed    100.00%
  45  DE704-purple|Cluster-53365.0__TRINITY_DN985_c1_g1_i1.p1          0.00%    passed    100.00%
  46  JJ99|Cluster-30933.2__TRINITY_DN27831_c0_g1_i13.p1               0.00%    passed    100.00%
  47  SRR3407096|Cluster-31738.0__TRINITY_DN11514_c0_g1_i3.p1          0.00%    passed    100.00%
  48  DE561|Cluster-28411.0__TRINITY_DN21018_c0_g1_i1.p1               0.00%    passed    100.00%
  49  SRR3424066|Cluster-36010.0__TRINITY_DN9781_c0_g1_i3.p1           0.00%    passed    100.00%
  50  JJ131|Cluster-22096.0__TRINITY_DN11679_c0_g1_i6.p1               0.00%    passed    100.00%
  51  DE152|Cluster-14176.0__TRINITY_DN18316_c0_g1_i4.p1               0.00%    passed    100.00%
  52  DE623|Cluster-43908.0__TRINITY_DN8440_c0_g1_i1.p1                0.00%    passed    100.00%
  53  JJ15|Cluster-40431.0__TRINITY_DN40186_c0_g1_i8.p1                0.00%    passed    100.00%
  54  DE666|Cluster-41303.0__TRINITY_DN17528_c0_g1_i1.p1               0.00%    passed    100.00%
  55  DE668|Cluster-28980.0__TRINITY_DN46276_c0_g1_i1.p1               0.00%    passed    100.00%
  56  DRR234970|Cluster-19278.0__TRINITY_DN15803_c0_g1_i1.p1           0.00%    passed    100.00%
  57  DRR082665|Cluster-45128.0__TRINITY_DN9454_c0_g1_i2.p1            5.33%    failed      0.10%
  58  DE671|Cluster-44615.0__TRINITY_DN4853_c0_g1_i6.p1                0.00%    passed    100.00%
  59  DE541|Cluster-36735.0__TRINITY_DN26714_c0_g1_i7.p1               0.00%    passed    100.00%
  60  JJ109|Cluster-47223.0__TRINITY_DN7910_c0_g1_i3.p1                0.00%    passed    100.00%
  61  SRR3407095|Cluster-23172.0__TRINITY_DN42577_c0_g1_i1.p1          0.00%    passed     17.76%
  62  JJ86|Cluster-17628.0__TRINITY_DN11370_c0_g1_i2.p1                0.00%    passed    100.00%
  63  DE546_urceolata_l|Cluster-25444.0__TRINITY_DN6176_c0_g1_i3.p1    0.00%    passed    100.00%
****  TOTAL                                                            0.83%  3 sequences failed composition chi2 test (p-value<5%; df=60)
WARNING: States(s) AAG, ACC, ACT, ATC, CGT, TAC, TCC rarely appear in alignment and may cause numerical problems
Reading input tree file tmp.csubst.nwk ... rooted tree

NOTE: 16 MB RAM (0 GB) is required!
Measuring multi-threading efficiency up to 1 CPU cores
2 trees examined
Threads: 1 / Time: 1.504 sec / Speedup: 1.000 / Efficiency: 100% / LogL: -1435
BEST NUMBER OF THREADS: 1

Estimate model parameters (epsilon = 0.010)
1. Initial log-likelihood: -1684.619
2. Current log-likelihood: -1109.280
3. Current log-likelihood: -1106.927
Optimal log-likelihood: -1106.919
Nonsynonymous/synonymous ratio (omega): 1.000
Transition/transversion ratio (kappa): 1.000
Site proportion and rates:  (0.519,0.338) (0.292,0.871) (0.138,1.768) (0.052,6.306)
Parameters optimization took 3 rounds (12.969 sec)
Wrote distance file to... 
BEST SCORE FOUND : -1106.919
Ancestral state probabilities printed to /mnt/data0/yue/2026-03-11-protein-convergence/results/OG_6127/csubst_w_s/csubst_input_alignment.fa.state
Empirical proportions for each category: 0.667 0.227 0.053 0.053
Site rates printed to /mnt/data0/yue/2026-03-11-protein-convergence/results/OG_6127/csubst_w_s/csubst_input_alignment.fa.rate
Total tree length: 2.353

Total number of iterations: 0
CPU time used for tree search: 0.000 sec (0h:0m:0s)
Wall-clock time used for tree search: 0.000 sec (0h:0m:0s)
Total CPU time used: 15.108 sec (0h:0m:15s)
Total wall-clock time used: 15.155 sec (0h:0m:15s)

Analysis results written to: 
  IQ-TREE report:                /mnt/data0/yue/2026-03-11-protein-convergence/results/OG_6127/csubst_w_s/csubst_input_alignment.fa.iqtree
  Maximum-likelihood tree:       /mnt/data0/yue/2026-03-11-protein-convergence/results/OG_6127/csubst_w_s/csubst_input_alignment.fa.treefile
  Site-specific rates:           /mnt/data0/yue/2026-03-11-protein-convergence/results/OG_6127/csubst_w_s/csubst_input_alignment.fa.rate
  Ancestral state:               /mnt/data0/yue/2026-03-11-protein-convergence/results/OG_6127/csubst_w_s/csubst_input_alignment.fa.state
  Screen log file:               /mnt/data0/yue/2026-03-11-protein-convergence/results/OG_6127/csubst_w_s/csubst_input_alignment.fa.log

Date and Time: Fri Mar 27 20:32:04 2026
