IQ-TREE multicore version 2.4.0 for Linux x86 64-bit built Feb 12 2025
Developed by Bui Quang Minh, Nguyen Lam Tung, Olga Chernomor, Heiko Schmidt,
Dominik Schrempf, Michael Woodhams, Ly Trong Nhan, Thomas Wong

Host:    brain (AVX2, FMA3, 2015 GB RAM)
Command: /home/yue/miniconda3/envs/py39/bin/iqtree -s /mnt/data0/yue/2026-03-11-protein-convergence/results/OG_9483/csubst_w_s/csubst_input_alignment.fa -te tmp.csubst.nwk -m ECMK07+F+R4 --seqtype CODON1 --threads-max 1 -T AUTO --ancestral --rate --redo
Seed:    400213 (Using SPRNG - Scalable Parallel Random Number Generator)
Time:    Sat Mar 28 05:49:36 2026
Kernel:  AVX+FMA - auto-detect threads (128 CPU cores detected)

Reading alignment file /mnt/data0/yue/2026-03-11-protein-convergence/results/OG_9483/csubst_w_s/csubst_input_alignment.fa ... Fasta format detected
Reading fasta file: done in 0.00206958 secs using 49.91% CPU
Alignment most likely contains DNA/RNA sequences
Converting to codon sequences with genetic code 1 ...
Alignment has 70 sequences with 256 columns, 236 distinct patterns
105 parsimony-informative, 78 singleton sites, 73 constant sites
                                                              Gap/Ambiguity  Composition  p-value
Analyzing sequences: done in 9.19998e-05 secs using 97.83% CPU
   1  JJ130|Cluster-43948.1__TRINITY_DN2002_c0_g1_i21.p1             14.06%    passed     93.81%
   2  DE152|Cluster-11828.0__TRINITY_DN1840_c0_g1_i2.p1               0.00%    passed    100.00%
   3  DE115|Cluster-5888.0__TRINITY_DN54_c0_g1_i1.p1                  0.00%    passed    100.00%
   4  DE229|Cluster-65094.0__TRINITY_DN515_c0_g2_i1.p1               45.31%    passed     94.80%
   5  DE549|Cluster-33575.0__TRINITY_DN5392_c0_g1_i1.p1              35.16%    passed     99.97%
   6  JJ125|Cluster-20883.0__TRINITY_DN1267_c1_g1_i5.p1               0.00%    passed    100.00%
   7  JJ99|Cluster-53744.0__TRINITY_DN437_c0_g2_i2.p1                 0.00%    passed    100.00%
   8  DE127|Cluster-11317.0__TRINITY_DN24_c0_g2_i8.p1                 0.00%    passed    100.00%
   9  DE162|Cluster-23036.0__TRINITY_DN24230_c1_g2_i3.p1              0.00%    passed    100.00%
  10  DE507|Cluster-66541.1__TRINITY_DN4708_c0_g1_i8.p1               0.00%    passed    100.00%
  11  DE528|Cluster-12977.0__TRINITY_DN237_c0_g1_i1.p1                0.00%    passed    100.00%
  12  DE546_urceolata_l|Cluster-18900.0__TRINITY_DN892_c0_g6_i1.p1    0.00%    passed    100.00%
  13  DE554|Cluster-27110.0__TRINITY_DN51_c0_g2_i1.p1                 0.00%    passed    100.00%
  14  DE623|Cluster-38341.0__TRINITY_DN282_c0_g2_i2.p1                0.00%    passed    100.00%
  15  DE666|Cluster-4309.0__TRINITY_DN366_c0_g2_i1.p1                 0.00%    passed    100.00%
  16  JJ86|Cluster-17434.0__TRINITY_DN10464_c0_g2_i1.p1               0.00%    passed    100.00%
  17  DE680|Cluster-36488.0__TRINITY_DN120_c0_g1_i9.p1                0.00%    passed    100.00%
  18  DE704-purple|Cluster-54255.0__TRINITY_DN2150_c1_g1_i9.p1        0.00%    passed    100.00%
  19  DE704-white|Cluster-39744.1__TRINITY_DN4370_c0_g1_i4.p1         0.00%    passed    100.00%
  20  DE503|Cluster-24618.0__TRINITY_DN517_c0_g1_i4.p1               16.80%    passed    100.00%
  21  DE126|Cluster-1072.0__TRINITY_DN8049_c0_g1_i1.p1                0.00%    passed    100.00%
  22  DE151|Cluster-53159.0__TRINITY_DN84_c0_g1_i4.p1                 0.00%    passed    100.00%
  23  DE173|Cluster-41692.0__TRINITY_DN10101_c0_g1_i6.p1              0.00%    passed    100.00%
  24  DE189|Cluster-2152.0__TRINITY_DN775_c0_g1_i4.p1                 0.00%    passed    100.00%
  25  DE504|Cluster-11612.0__TRINITY_DN721_c0_g2_i1.p1                0.00%    passed    100.00%
  26  DE550|Cluster-34334.0__TRINITY_DN4854_c0_g1_i1.p1               0.00%    passed    100.00%
  27  DE88|Cluster-5198.0__TRINITY_DN1036_c0_g2_i4.p1                 0.00%    passed    100.00%
  28  DE643|Cluster-47824.0__TRINITY_DN1508_c0_g1_i12.p1              0.00%    passed    100.00%
  29  DE764|Cluster-9001.0__TRINITY_DN4136_c0_g3_i1.p1                0.00%    passed    100.00%
  30  JJ85|Cluster-2998.0__TRINITY_DN588_c0_g3_i1.p1                  0.00%    passed    100.00%
  31  DE737|Cluster-47206.0__TRINITY_DN2504_c1_g1_i1.p1               0.00%    passed    100.00%
  32  DE671|Cluster-32209.0__TRINITY_DN5798_c0_g1_i1.p1               0.00%    passed    100.00%
  33  DE672|Cluster-28142.1__TRINITY_DN645_c0_g1_i9.p1                0.00%    passed    100.00%
  34  DE531|Cluster-30855.0__TRINITY_DN2343_c0_g1_i3.p1               0.00%    passed    100.00%
  35  DE696-dots|Cluster-19202.0__TRINITY_DN261_c0_g2_i2.p1           1.56%    passed    100.00%
  36  DE696-nodots|Cluster-38223.1__TRINITY_DN5046_c0_g2_i1.p1        0.00%    passed    100.00%
  37  JJ36|Cluster-40206.0__TRINITY_DN1358_c1_g2_i1.p1                0.00%    passed    100.00%
  38  SRR3407087|Cluster-7479.0__TRINITY_DN344_c0_g1_i1.p1            0.00%    passed    100.00%
  39  DE181|Cluster-43252.0__TRINITY_DN385_c0_g2_i1.p1                0.00%    passed    100.00%
  40  SRR3424066|Cluster-40830.0__TRINITY_DN506_c0_g1_i1.p1           0.00%    passed    100.00%
  41  SRR3407092|Cluster-16373.1__TRINITY_DN437_c0_g1_i4.p1           0.00%    passed    100.00%
  42  SRR3407093|Cluster-15074.2__TRINITY_DN127_c1_g3_i3.p1           0.00%    passed    100.00%
  43  DE505|Cluster-31458.0__TRINITY_DN23_c0_g3_i1.p1                 0.00%    passed    100.00%
  44  SRR3407088|Cluster-26077.0__TRINITY_DN194_c0_g2_i1.p1           0.00%    passed    100.00%
  45  DE510|Cluster-23574.0__TRINITY_DN1007_c1_g1_i11.p1              0.00%    passed    100.00%
  46  DE523|Cluster-17440.0__TRINITY_DN8952_c0_g4_i1.p1               0.00%    passed    100.00%
  47  SRR3407096|Cluster-28403.0__TRINITY_DN651_c1_g3_i1.p1           0.00%    passed    100.00%
  48  SRR3407094|Cluster-3840.0__TRINITY_DN287_c0_g2_i1.p1            0.00%    passed    100.00%
  49  DE561|Cluster-30474.0__TRINITY_DN7642_c0_g3_i1.p1               0.00%    passed    100.00%
  50  DE69|Cluster-26180.0__TRINITY_DN3414_c0_g2_i1.p1                0.00%    passed    100.00%
  51  SRR3407095|Cluster-30439.0__TRINITY_DN13081_c0_g1_i1.p1         0.00%    passed    100.00%
  52  DE476|Cluster-21285.0__TRINITY_DN5084_c0_g1_i7.p1               0.00%    passed    100.00%
  53  DE509|Cluster-15692.0__TRINITY_DN198_c0_g1_i1.p1                0.00%    passed    100.00%
  54  DE736|Cluster-28156.0__TRINITY_DN8696_c0_g2_i1.p1               0.00%    passed    100.00%
  55  SRR3407086|Cluster-13622.0__TRINITY_DN373_c0_g2_i2.p1           0.00%    passed    100.00%
  56  DE519|Cluster-69988.0__TRINITY_DN143_c0_g2_i9.p1                0.00%    passed    100.00%
  57  DE741|Cluster-55969.0__TRINITY_DN5045_c0_g2_i1.p1               0.00%    passed    100.00%
  58  DE560|Cluster-9876.0__TRINITY_DN7665_c0_g2_i1.p1                0.00%    passed    100.00%
  59  JJ74|Cluster-117583.0__TRINITY_DN140_c0_g1_i11.p1               0.39%    passed    100.00%
  60  JJ131|Cluster-17975.2__TRINITY_DN767_c0_g1_i2.p1                0.00%    passed    100.00%
  61  DE536|Cluster-45086.7__TRINITY_DN184_c0_g2_i1.p1                0.00%    passed    100.00%
  62  DE542|Cluster-53295.4__TRINITY_DN3774_c0_g1_i1.p1               0.00%    passed    100.00%
  63  DE563|Cluster-34145.0__TRINITY_DN593_c0_g1_i4.p1                0.39%    failed      1.53%
  64  DE668|Cluster-39550.0__TRINITY_DN315_c0_g1_i1.p1                0.00%    passed    100.00%
  65  DE765|Cluster-48684.0__TRINITY_DN1848_c0_g1_i1.p1               0.00%    passed    100.00%
  66  DE575|Cluster-12644.0__TRINITY_DN62_c0_g1_i1.p1                 0.00%    passed    100.00%
  67  JJ89|Cluster-10990.1__TRINITY_DN4963_c0_g4_i2.p1               21.48%    passed     99.96%
  68  SRR104381|Cluster-9598.0__TRINITY_DN4760_c0_g2_i1.p1            0.00%    passed    100.00%
  69  DRR234970|Cluster-16121.0__TRINITY_DN3721_c0_g2_i1.p1           0.00%    passed    100.00%
  70  SRR11748982|Cluster-35830.1__TRINITY_DN4184_c0_g1_i2.p1         5.08%    failed      2.88%
****  TOTAL                                                           2.00%  2 sequences failed composition chi2 test (p-value<5%; df=60)
WARNING: States(s) TGG, TGT rarely appear in alignment and may cause numerical problems
Reading input tree file tmp.csubst.nwk ... rooted tree

NOTE: 39 MB RAM (0 GB) is required!
Measuring multi-threading efficiency up to 1 CPU cores
2 trees examined
Threads: 1 / Time: 2.806 sec / Speedup: 1.000 / Efficiency: 100% / LogL: -5518
BEST NUMBER OF THREADS: 1

Estimate model parameters (epsilon = 0.010)
1. Initial log-likelihood: -6771.692
2. Current log-likelihood: -4324.275
3. Current log-likelihood: -4323.528
4. Current log-likelihood: -4322.853
5. Current log-likelihood: -4316.501
6. Current log-likelihood: -4315.853
7. Current log-likelihood: -4313.965
8. Current log-likelihood: -4313.324
9. Current log-likelihood: -4311.813
10. Current log-likelihood: -4311.101
11. Current log-likelihood: -4310.227
12. Current log-likelihood: -4310.214
Optimal log-likelihood: -4310.214
Nonsynonymous/synonymous ratio (omega): 1.000
Transition/transversion ratio (kappa): 1.000
Site proportion and rates:  (0.494,0.304) (0.407,0.879) (0.085,4.013) (0.013,11.092)
Parameters optimization took 12 rounds (85.406 sec)
Wrote distance file to... 
BEST SCORE FOUND : -4310.214
Ancestral state probabilities printed to /mnt/data0/yue/2026-03-11-protein-convergence/results/OG_9483/csubst_w_s/csubst_input_alignment.fa.state
Empirical proportions for each category: 0.570 0.336 0.082 0.012
Site rates printed to /mnt/data0/yue/2026-03-11-protein-convergence/results/OG_9483/csubst_w_s/csubst_input_alignment.fa.rate
Total tree length: 2.610

Total number of iterations: 0
CPU time used for tree search: 0.000 sec (0h:0m:0s)
Wall-clock time used for tree search: 0.000 sec (0h:0m:0s)
Total CPU time used: 89.458 sec (0h:1m:29s)
Total wall-clock time used: 89.548 sec (0h:1m:29s)

Analysis results written to: 
  IQ-TREE report:                /mnt/data0/yue/2026-03-11-protein-convergence/results/OG_9483/csubst_w_s/csubst_input_alignment.fa.iqtree
  Maximum-likelihood tree:       /mnt/data0/yue/2026-03-11-protein-convergence/results/OG_9483/csubst_w_s/csubst_input_alignment.fa.treefile
  Site-specific rates:           /mnt/data0/yue/2026-03-11-protein-convergence/results/OG_9483/csubst_w_s/csubst_input_alignment.fa.rate
  Ancestral state:               /mnt/data0/yue/2026-03-11-protein-convergence/results/OG_9483/csubst_w_s/csubst_input_alignment.fa.state
  Screen log file:               /mnt/data0/yue/2026-03-11-protein-convergence/results/OG_9483/csubst_w_s/csubst_input_alignment.fa.log

Date and Time: Sat Mar 28 05:51:05 2026
