IQ-TREE multicore version 2.4.0 for Linux x86 64-bit built Feb 12 2025
Developed by Bui Quang Minh, Nguyen Lam Tung, Olga Chernomor, Heiko Schmidt,
Dominik Schrempf, Michael Woodhams, Ly Trong Nhan, Thomas Wong

Host:    brain (AVX2, FMA3, 2015 GB RAM)
Command: /home/yue/miniconda3/envs/py39/bin/iqtree -s /mnt/data0/yue/2026-03-11-protein-convergence/results/OG_6323/csubst_w_s/csubst_input_alignment.fa -te tmp.csubst.nwk -m ECMK07+F+R4 --seqtype CODON1 --threads-max 1 -T AUTO --ancestral --rate --redo
Seed:    893946 (Using SPRNG - Scalable Parallel Random Number Generator)
Time:    Fri Mar 27 21:06:31 2026
Kernel:  AVX+FMA - auto-detect threads (128 CPU cores detected)

Reading alignment file /mnt/data0/yue/2026-03-11-protein-convergence/results/OG_6323/csubst_w_s/csubst_input_alignment.fa ... Fasta format detected
Reading fasta file: done in 0.00372054 secs using 35.61% CPU
Alignment most likely contains DNA/RNA sequences
Converting to codon sequences with genetic code 1 ...
WARNING: 1 sites contain only gaps or ambiguous characters.
Alignment has 76 sequences with 444 columns, 411 distinct patterns
197 parsimony-informative, 108 singleton sites, 139 constant sites
                                                              Gap/Ambiguity  Composition  p-value
Analyzing sequences: done in 0.000173703 secs using 98.44% CPU
   1  DRR082660|Cluster-43754.0__TRINITY_DN6811_c0_g1_i1.p1           0.68%    passed    100.00%
   2  DE575|Cluster-66944.0__TRINITY_DN10487_c0_g2_i2.p1             32.43%    passed     99.80%
   3  JJ125|Cluster-35090.0__TRINITY_DN8281_c0_g1_i2.p1              32.66%    passed    100.00%
   4  DE741|Cluster-4189.0__TRINITY_DN7072_c0_g1_i1.p1                0.23%    passed    100.00%
   5  DE164|Cluster-25243.0__TRINITY_DN5742_c4_g1_i2.p1              32.43%    passed    100.00%
   6  DE531|Cluster-32030.0__TRINITY_DN5930_c0_g1_i2.p1              27.93%    passed    100.00%
   7  JJ36|Cluster-24613.0__TRINITY_DN10841_c0_g1_i2.p1              27.93%    passed    100.00%
   8  DE623|Cluster-41912.0__TRINITY_DN12960_c0_g1_i2.p1              0.45%    passed    100.00%
   9  DE680|Cluster-45581.0__TRINITY_DN2414_c0_g1_i1.p1               0.45%    passed    100.00%
  10  DE519|Cluster-53033.0__TRINITY_DN13245_c1_g1_i1.p1             32.43%    passed     99.99%
  11  DE534|Cluster-51427.0__TRINITY_DN1419_c0_g1_i2.p1              33.11%    passed     99.94%
  12  DE115|Cluster-8002.0__TRINITY_DN11835_c0_g1_i2.p1               0.23%    passed    100.00%
  13  DE126|Cluster-16996.0__TRINITY_DN3004_c0_g1_i7.p1               2.70%    passed    100.00%
  14  DE563|Cluster-33113.0__TRINITY_DN34530_c0_g1_i2.p1             24.55%    passed    100.00%
  15  DE127|Cluster-15511.0__TRINITY_DN10106_c1_g1_i1.p1              0.23%    passed    100.00%
  16  DE554|Cluster-55375.0__TRINITY_DN10203_c0_g1_i1.p1              0.23%    passed    100.00%
  17  DE668|Cluster-31975.0__TRINITY_DN12439_c0_g1_i3.p1              0.23%    passed    100.00%
  18  DE666|Cluster-6470.0__TRINITY_DN27394_c0_g1_i1.p1               0.23%    passed    100.00%
  19  DE162|Cluster-39722.0__TRINITY_DN3981_c0_g1_i2.p1               0.23%    passed    100.00%
  20  DE528|Cluster-39691.0__TRINITY_DN27797_c1_g1_i2.p1              0.23%    passed    100.00%
  21  DE704-purple|Cluster-16810.0__TRINITY_DN8036_c0_g1_i3.p1        0.23%    passed    100.00%
  22  DE704-white|Cluster-18951.0__TRINITY_DN8621_c1_g1_i1.p1         0.23%    passed    100.00%
  23  DE507|Cluster-87657.0__TRINITY_DN25086_c0_g1_i5.p1             32.43%    passed     99.94%
  24  DE546_urceolata_l|Cluster-9433.0__TRINITY_DN1373_c1_g1_i1.p1    0.23%    passed    100.00%
  25  JJ86|Cluster-18407.0__TRINITY_DN12307_c0_g1_i2.p1               0.23%    passed    100.00%
  26  DE681|Cluster-50829.0__TRINITY_DN15857_c0_g1_i2.p1              0.23%    passed    100.00%
  27  DE765|Cluster-7689.0__TRINITY_DN11304_c1_g1_i1.p1               0.23%    passed    100.00%
  28  JJ74|Cluster-63025.0__TRINITY_DN3007_c0_g1_i1.p1                0.23%    passed    100.00%
  29  DE560|Cluster-47987.0__TRINITY_DN12629_c0_g1_i1.p1              0.23%    passed    100.00%
  30  DE152|Cluster-29596.0__TRINITY_DN10929_c1_g1_i2.p1              0.23%    passed    100.00%
  31  JJ23|Cluster-17303.0__TRINITY_DN332_c4_g1_i1.p1                 0.23%    passed    100.00%
  32  JJ99|Cluster-51892.2__TRINITY_DN18243_c0_g2_i7.p1               4.28%    passed    100.00%
  33  DE216|Cluster-38090.0__TRINITY_DN0_c2_g1_i2.p1                  0.23%    passed    100.00%
  34  DE542|Cluster-57287.0__TRINITY_DN13283_c0_g1_i1.p1             43.24%    passed    100.00%
  35  JJ15|Cluster-31743.0__TRINITY_DN5967_c1_g1_i1.p1                0.23%    passed    100.00%
  36  DE536|Cluster-50259.0__TRINITY_DN8566_c0_g1_i1.p1               0.23%    passed    100.00%
  37  DE181|Cluster-31869.0__TRINITY_DN3740_c0_g1_i1.p1               0.23%    passed    100.00%
  38  SRR3407086|Cluster-8029.0__TRINITY_DN3645_c0_g2_i2.p1           0.23%    passed    100.00%
  39  DE503|Cluster-47890.0__TRINITY_DN8920_c0_g1_i2.p1               0.23%    passed    100.00%
  40  DE505|Cluster-30147.0__TRINITY_DN3524_c0_g1_i1.p1               0.23%    passed    100.00%
  41  DE510|Cluster-36806.0__TRINITY_DN5836_c0_g1_i1.p1               0.23%    passed    100.00%
  42  SRR3407087|Cluster-8896.0__TRINITY_DN2909_c0_g1_i1.p1           0.23%    passed    100.00%
  43  SRR3407094|Cluster-24000.0__TRINITY_DN1744_c0_g1_i1.p1          0.23%    passed    100.00%
  44  SRR3407093|Cluster-21795.0__TRINITY_DN5675_c0_g1_i1.p1          0.23%    passed    100.00%
  45  DE561|Cluster-18069.0__TRINITY_DN2524_c0_g1_i1.p1               0.23%    passed    100.00%
  46  SRR3424066|Cluster-14999.0__TRINITY_DN12925_c1_g2_i1.p1         0.23%    passed    100.00%
  47  SRR3407088|Cluster-38512.0__TRINITY_DN2465_c0_g1_i1.p1          0.23%    passed    100.00%
  48  SRR3407092|Cluster-6666.0__TRINITY_DN7583_c0_g1_i1.p1           0.23%    passed    100.00%
  49  SRR3407096|Cluster-32613.0__TRINITY_DN9467_c2_g1_i1.p1          0.23%    passed    100.00%
  50  DE523|Cluster-33331.0__TRINITY_DN5772_c0_g1_i1.p1               0.23%    passed    100.00%
  51  SRR3407095|Cluster-50701.0__TRINITY_DN22568_c1_g1_i1.p1         0.45%    passed    100.00%
  52  DE69|Cluster-54147.1__TRINITY_DN6233_c0_g1_i1.p1               24.10%    passed    100.00%
  53  JJ85|Cluster-8905.0__TRINITY_DN5973_c0_g2_i2.p1                 0.23%    passed    100.00%
  54  DE737|Cluster-15956.0__TRINITY_DN5815_c0_g1_i1.p1               0.23%    passed    100.00%
  55  DE549|Cluster-8675.1__TRINITY_DN7913_c0_g1_i1.p1                0.23%    passed    100.00%
  56  DE151|Cluster-15916.0__TRINITY_DN10871_c0_g1_i1.p1              0.23%    passed    100.00%
  57  DE173|Cluster-16734.0__TRINITY_DN11148_c0_g1_i1.p1              0.23%    passed    100.00%
  58  JJ109|Cluster-25728.0__TRINITY_DN11766_c3_g2_i1.p1              0.23%    passed    100.00%
  59  JJ130|Cluster-18019.0__TRINITY_DN13091_c0_g1_i4.p1              0.23%    passed    100.00%
  60  DE189|Cluster-10179.0__TRINITY_DN3140_c3_g1_i1.p1               0.23%    passed    100.00%
  61  DE736|Cluster-38745.0__TRINITY_DN7246_c1_g1_i2.p1               0.23%    passed    100.00%
  62  DE476|Cluster-53809.0__TRINITY_DN13423_c0_g1_i2.p1              0.23%    passed    100.00%
  63  DE764|Cluster-28825.0__TRINITY_DN6834_c0_g1_i2.p1               0.23%    passed    100.00%
  64  DE541|Cluster-53877.0__TRINITY_DN12100_c0_g1_i2.p1              0.23%    passed    100.00%
  65  DE504|Cluster-34752.0__TRINITY_DN8450_c2_g1_i2.p1               0.23%    passed    100.00%
  66  DE88|Cluster-39700.0__TRINITY_DN1356_c2_g1_i1.p1                0.23%    passed    100.00%
  67  DE550|Cluster-14011.0__TRINITY_DN10992_c0_g2_i1.p1              0.23%    passed    100.00%
  68  DE509|Cluster-44226.0__TRINITY_DN68020_c0_g1_i1.p1              0.23%    passed    100.00%
  69  DE643|Cluster-11735.0__TRINITY_DN2953_c3_g1_i1.p1               0.23%    passed    100.00%
  70  DE672|Cluster-44653.0__TRINITY_DN25628_c0_g1_i1.p1              0.23%    passed    100.00%
  71  DE671|Cluster-56205.0__TRINITY_DN29811_c1_g1_i1.p1              0.23%    passed    100.00%
  72  JJ89|Cluster-40253.0__TRINITY_DN9738_c0_g1_i2.p1                0.23%    passed    100.00%
  73  DE696-dots|Cluster-56403.0__TRINITY_DN4653_c0_g1_i1.p1         51.13%    passed     99.96%
  74  DE696-nodots|Cluster-32458.0__TRINITY_DN8692_c0_g1_i1.p1       51.13%    passed     99.96%
  75  JJ131|Cluster-66300.1__TRINITY_DN9715_c0_g1_i20.p1              0.23%    passed    100.00%
  76  DE566|Cluster-47882.0__TRINITY_DN15164_c0_g1_i1.p1             32.43%    passed     99.50%
WARNING: 2 sequences contain more than 50% gaps/ambiguity
****  TOTAL                                                           6.57%  0 sequences failed composition chi2 test (p-value<5%; df=60)
Reading input tree file tmp.csubst.nwk ... rooted tree

NOTE: 67 MB RAM (0 GB) is required!
Measuring multi-threading efficiency up to 1 CPU cores
2 trees examined
Threads: 1 / Time: 3.492 sec / Speedup: 1.000 / Efficiency: 100% / LogL: -12829
BEST NUMBER OF THREADS: 1

Estimate model parameters (epsilon = 0.010)
1. Initial log-likelihood: -13333.674
2. Current log-likelihood: -7673.217
3. Current log-likelihood: -7671.936
4. Current log-likelihood: -7671.239
5. Current log-likelihood: -7670.822
6. Current log-likelihood: -7670.548
7. Current log-likelihood: -7670.357
8. Current log-likelihood: -7670.218
9. Current log-likelihood: -7670.117
10. Current log-likelihood: -7670.042
11. Current log-likelihood: -7669.985
12. Current log-likelihood: -7669.943
13. Current log-likelihood: -7669.910
14. Current log-likelihood: -7669.885
15. Current log-likelihood: -7669.866
16. Current log-likelihood: -7669.851
17. Current log-likelihood: -7669.839
Optimal log-likelihood: -7669.829
Nonsynonymous/synonymous ratio (omega): 1.000
Transition/transversion ratio (kappa): 1.000
Site proportion and rates:  (0.723,0.453) (0.081,1.829) (0.183,2.442) (0.013,6.007)
Parameters optimization took 17 rounds (191.153 sec)
Wrote distance file to... 
BEST SCORE FOUND : -7669.829
Ancestral state probabilities printed to /mnt/data0/yue/2026-03-11-protein-convergence/results/OG_6323/csubst_w_s/csubst_input_alignment.fa.state
Empirical proportions for each category: 0.786 0.000 0.205 0.009
Site rates printed to /mnt/data0/yue/2026-03-11-protein-convergence/results/OG_6323/csubst_w_s/csubst_input_alignment.fa.rate
Total tree length: 2.196

Total number of iterations: 0
CPU time used for tree search: 0.000 sec (0h:0m:0s)
Wall-clock time used for tree search: 0.000 sec (0h:0m:0s)
Total CPU time used: 196.616 sec (0h:3m:16s)
Total wall-clock time used: 197.071 sec (0h:3m:17s)

Analysis results written to: 
  IQ-TREE report:                /mnt/data0/yue/2026-03-11-protein-convergence/results/OG_6323/csubst_w_s/csubst_input_alignment.fa.iqtree
  Maximum-likelihood tree:       /mnt/data0/yue/2026-03-11-protein-convergence/results/OG_6323/csubst_w_s/csubst_input_alignment.fa.treefile
  Site-specific rates:           /mnt/data0/yue/2026-03-11-protein-convergence/results/OG_6323/csubst_w_s/csubst_input_alignment.fa.rate
  Ancestral state:               /mnt/data0/yue/2026-03-11-protein-convergence/results/OG_6323/csubst_w_s/csubst_input_alignment.fa.state
  Screen log file:               /mnt/data0/yue/2026-03-11-protein-convergence/results/OG_6323/csubst_w_s/csubst_input_alignment.fa.log

Date and Time: Fri Mar 27 21:09:48 2026
