IQ-TREE multicore version 2.4.0 for Linux x86 64-bit built Feb 12 2025
Developed by Bui Quang Minh, Nguyen Lam Tung, Olga Chernomor, Heiko Schmidt,
Dominik Schrempf, Michael Woodhams, Ly Trong Nhan, Thomas Wong

Host:    brain (AVX2, FMA3, 2015 GB RAM)
Command: /home/yue/miniconda3/envs/py39/bin/iqtree -s /mnt/data0/yue/2026-03-11-protein-convergence/results/OG_12043/csubst_w_s/csubst_input_alignment.fa -te tmp.csubst.nwk -m ECMK07+F+R4 --seqtype CODON1 --threads-max 1 -T AUTO --ancestral --rate --redo
Seed:    108455 (Using SPRNG - Scalable Parallel Random Number Generator)
Time:    Thu Mar 26 22:59:17 2026
Kernel:  AVX+FMA - auto-detect threads (128 CPU cores detected)

Reading alignment file /mnt/data0/yue/2026-03-11-protein-convergence/results/OG_12043/csubst_w_s/csubst_input_alignment.fa ... Fasta format detected
Reading fasta file: done in 0.000597477 secs
Alignment most likely contains DNA/RNA sequences
Converting to codon sequences with genetic code 1 ...
Alignment has 56 sequences with 186 columns, 176 distinct patterns
99 parsimony-informative, 47 singleton sites, 40 constant sites
                                                          Gap/Ambiguity  Composition  p-value
Analyzing sequences: done in 2.76417e-05 secs
   1  DE666|Cluster-22401.1__TRINITY_DN6507_c0_g1_i2.p1           0.54%    passed    100.00%
   2  DE189|Cluster-24805.0__TRINITY_DN27538_c0_g1_i1.p1          0.00%    passed    100.00%
   3  DE575|Cluster-7177.0__TRINITY_DN67910_c0_g1_i1.p1           1.61%    passed    100.00%
   4  DE765|Cluster-6677.0__TRINITY_DN63532_c0_g1_i1.p1           1.61%    passed    100.00%
   5  DE681|Cluster-14146.0__TRINITY_DN25390_c0_g2_i1.p1          1.61%    passed    100.00%
   6  DE115|Cluster-1036.0__TRINITY_DN12693_c0_g1_i1.p1           0.54%    passed    100.00%
   7  DE162|Cluster-2715.0__TRINITY_DN41927_c0_g1_i2.p1           0.54%    passed    100.00%
   8  DE127|Cluster-37461.482__TRINITY_DN32147_c0_g2_i2.p1        0.54%    passed    100.00%
   9  DE554|Cluster-63905.0__TRINITY_DN22840_c0_g1_i1.p1          0.54%    passed    100.00%
  10  DE680|Cluster-44208.0__TRINITY_DN14962_c0_g1_i1.p1          0.54%    passed    100.00%
  11  DE704-white|Cluster-68976.0__TRINITY_DN76149_c0_g1_i1.p1    0.54%    passed    100.00%
  12  DE563|Cluster-23064.0__TRINITY_DN13290_c0_g1_i1.p1          0.54%    passed     99.99%
  13  JJ86|Cluster-44942.0__TRINITY_DN48041_c0_g1_i1.p1           0.54%    passed    100.00%
  14  DE152|Cluster-47581.0__TRINITY_DN12344_c0_g1_i1.p1          0.00%    passed    100.00%
  15  JJ99|Cluster-10696.0__TRINITY_DN25673_c0_g1_i1.p1           0.00%    passed    100.00%
  16  DE229|Cluster-92065.0__TRINITY_DN78992_c0_g2_i1.p1          0.00%    passed    100.00%
  17  JJ23|Cluster-35844.0__TRINITY_DN34383_c0_g2_i1.p1           0.00%    passed    100.00%
  18  DE151|Cluster-61454.0__TRINITY_DN14499_c0_g1_i1.p1          0.00%    passed    100.00%
  19  DE173|Cluster-3976.0__TRINITY_DN17715_c0_g1_i1.p1           0.00%    passed    100.00%
  20  JJ89|Cluster-18345.0__TRINITY_DN18508_c1_g1_i1.p1          41.40%    passed     91.40%
  21  JJ109|Cluster-34235.0__TRINITY_DN18593_c1_g1_i1.p1          0.00%    passed    100.00%
  22  DE549|Cluster-4131.0__TRINITY_DN12545_c0_g1_i1.p1           0.54%    passed    100.00%
  23  DE643|Cluster-38833.0__TRINITY_DN29964_c0_g1_i2.p1          0.00%    passed    100.00%
  24  DE736|Cluster-53889.0__TRINITY_DN97866_c0_g1_i1.p1          0.00%    passed    100.00%
  25  JJ15|Cluster-6890.0__TRINITY_DN24099_c0_g1_i1.p1           41.40%    passed     95.49%
  26  DE216|Cluster-38763.0__TRINITY_DN16975_c1_g1_i1.p1          0.00%    passed    100.00%
  27  DE534|Cluster-14388.0__TRINITY_DN55634_c0_g1_i1.p1          0.54%    passed    100.00%
  28  DE476|Cluster-27411.0__TRINITY_DN62420_c0_g1_i1.p1          0.00%    passed    100.00%
  29  DE542|Cluster-41492.0__TRINITY_DN63932_c0_g1_i2.p1          0.00%    passed    100.00%
  30  DE504|Cluster-14896.0__TRINITY_DN14837_c0_g1_i1.p1          0.00%    passed     99.99%
  31  DE764|Cluster-7062.0__TRINITY_DN34520_c0_g1_i1.p1           0.00%    passed    100.00%
  32  DE671|Cluster-5601.0__TRINITY_DN11677_c0_g1_i1.p1           0.00%    passed    100.00%
  33  DE737|Cluster-41562.0__TRINITY_DN85491_c0_g1_i1.p1          0.00%    passed    100.00%
  34  DE560|Cluster-12332.0__TRINITY_DN12315_c0_g1_i1.p1          0.54%    passed    100.00%
  35  DE536|Cluster-25089.0__TRINITY_DN9361_c0_g1_i1.p1           0.54%    passed    100.00%
  36  DE550|Cluster-14084.0__TRINITY_DN19749_c0_g1_i1.p1          0.00%    passed    100.00%
  37  DE69|Cluster-2424.0__TRINITY_DN14926_c0_g1_i1.p1            0.54%    passed    100.00%
  38  SRR3407096|Cluster-19575.0__TRINITY_DN23671_c0_g1_i1.p1     0.54%    passed    100.00%
  39  DE181|Cluster-869.0__TRINITY_DN23276_c0_g1_i1.p1            0.54%    passed    100.00%
  40  SRR3407086|Cluster-18208.0__TRINITY_DN84336_c0_g1_i1.p1     0.54%    passed    100.00%
  41  SRR3424066|Cluster-9201.0__TRINITY_DN31050_c0_g1_i1.p1      0.54%    passed    100.00%
  42  DE561|Cluster-17192.0__TRINITY_DN35274_c0_g1_i1.p1          0.54%    passed    100.00%
  43  SRR3407088|Cluster-41095.0__TRINITY_DN46350_c0_g1_i1.p1     0.54%    passed    100.00%
  44  DE503|Cluster-62236.0__TRINITY_DN15799_c0_g1_i1.p1          0.54%    passed    100.00%
  45  DE505|Cluster-10381.0__TRINITY_DN23803_c0_g1_i1.p1          0.54%    passed    100.00%
  46  DE510|Cluster-38197.0__TRINITY_DN53426_c0_g1_i1.p1          0.54%    passed    100.00%
  47  SRR3407092|Cluster-23215.0__TRINITY_DN36755_c0_g1_i1.p1     0.54%    passed    100.00%
  48  SRR3407093|Cluster-2103.0__TRINITY_DN43631_c0_g1_i1.p1      0.54%    passed    100.00%
  49  SRR3407094|Cluster-25702.0__TRINITY_DN49147_c0_g1_i1.p1     0.54%    passed    100.00%
  50  DE523|Cluster-4693.0__TRINITY_DN81391_c0_g1_i1.p1           0.54%    passed    100.00%
  51  DE519|Cluster-50157.0__TRINITY_DN122371_c0_g1_i2.p1         0.00%    passed    100.00%
  52  DE531|Cluster-3041.0__TRINITY_DN8503_c0_g1_i1.p1            0.00%    passed    100.00%
  53  DE541|Cluster-4404.0__TRINITY_DN49564_c0_g1_i1.p1           0.00%    passed    100.00%
  54  DE566|Cluster-27135.0__TRINITY_DN8595_c0_g1_i4.p1           0.00%    passed     99.96%
  55  DE623|Cluster-26841.0__TRINITY_DN13881_c0_g1_i1.p1          0.54%    passed    100.00%
  56  SRR5150740|Cluster-51974.0__TRINITY_DN1195_c0_g2_i2.p1      0.00%    failed      0.04%
****  TOTAL                                                       1.83%  1 sequences failed composition chi2 test (p-value<5%; df=60)
WARNING: States(s) TGC rarely appear in alignment and may cause numerical problems
Reading input tree file tmp.csubst.nwk ... rooted tree

NOTE: 25 MB RAM (0 GB) is required!
Measuring multi-threading efficiency up to 1 CPU cores
2 trees examined
Threads: 1 / Time: 1.271 sec / Speedup: 1.000 / Efficiency: 100% / LogL: -5658
BEST NUMBER OF THREADS: 1

Estimate model parameters (epsilon = 0.010)
1. Initial log-likelihood: -5221.787
2. Current log-likelihood: -3809.985
3. Current log-likelihood: -3809.798
4. Current log-likelihood: -3809.694
5. Current log-likelihood: -3809.630
6. Current log-likelihood: -3809.589
7. Current log-likelihood: -3809.561
8. Current log-likelihood: -3809.541
9. Current log-likelihood: -3809.526
10. Current log-likelihood: -3809.516
Optimal log-likelihood: -3809.507
Nonsynonymous/synonymous ratio (omega): 1.000
Transition/transversion ratio (kappa): 1.000
Site proportion and rates:  (0.613,0.447) (0.270,1.314) (0.063,2.016) (0.054,4.515)
Parameters optimization took 10 rounds (43.081 sec)
Wrote distance file to... 
BEST SCORE FOUND : -3809.507
Ancestral state probabilities printed to /mnt/data0/yue/2026-03-11-protein-convergence/results/OG_12043/csubst_w_s/csubst_input_alignment.fa.state
Empirical proportions for each category: 0.710 0.226 0.011 0.054
Site rates printed to /mnt/data0/yue/2026-03-11-protein-convergence/results/OG_12043/csubst_w_s/csubst_input_alignment.fa.rate
Total tree length: 2.927

Total number of iterations: 0
CPU time used for tree search: 0.000 sec (0h:0m:0s)
Wall-clock time used for tree search: 0.000 sec (0h:0m:0s)
Total CPU time used: 45.171 sec (0h:0m:45s)
Total wall-clock time used: 45.262 sec (0h:0m:45s)

Analysis results written to: 
  IQ-TREE report:                /mnt/data0/yue/2026-03-11-protein-convergence/results/OG_12043/csubst_w_s/csubst_input_alignment.fa.iqtree
  Maximum-likelihood tree:       /mnt/data0/yue/2026-03-11-protein-convergence/results/OG_12043/csubst_w_s/csubst_input_alignment.fa.treefile
  Site-specific rates:           /mnt/data0/yue/2026-03-11-protein-convergence/results/OG_12043/csubst_w_s/csubst_input_alignment.fa.rate
  Ancestral state:               /mnt/data0/yue/2026-03-11-protein-convergence/results/OG_12043/csubst_w_s/csubst_input_alignment.fa.state
  Screen log file:               /mnt/data0/yue/2026-03-11-protein-convergence/results/OG_12043/csubst_w_s/csubst_input_alignment.fa.log

Date and Time: Thu Mar 26 23:00:02 2026
