IQ-TREE multicore version 2.4.0 for Linux x86 64-bit built Feb 12 2025
Developed by Bui Quang Minh, Nguyen Lam Tung, Olga Chernomor, Heiko Schmidt,
Dominik Schrempf, Michael Woodhams, Ly Trong Nhan, Thomas Wong

Host:    brain (AVX2, FMA3, 2015 GB RAM)
Command: /home/yue/miniconda3/envs/py39/bin/iqtree -s /mnt/data0/yue/2026-03-11-protein-convergence/results/OG_1971/csubst_w_s/csubst_input_alignment.fa -te tmp.csubst.nwk -m ECMK07+F+R4 --seqtype CODON1 --threads-max 1 -T AUTO --ancestral --rate --redo
Seed:    794282 (Using SPRNG - Scalable Parallel Random Number Generator)
Time:    Fri Mar 27 02:14:20 2026
Kernel:  AVX+FMA - auto-detect threads (128 CPU cores detected)

Reading alignment file /mnt/data0/yue/2026-03-11-protein-convergence/results/OG_1971/csubst_w_s/csubst_input_alignment.fa ... Fasta format detected
Reading fasta file: done in 0.000562087 secs using 24.91% CPU
Alignment most likely contains DNA/RNA sequences
Converting to codon sequences with genetic code 1 ...
WARNING: 1 sites contain only gaps or ambiguous characters.
Alignment has 75 sequences with 118 columns, 115 distinct patterns
73 parsimony-informative, 24 singleton sites, 21 constant sites
                                                                Gap/Ambiguity  Composition  p-value
Analyzing sequences: done in 2.487e-05 secs using 24.13% CPU
   1  SRR3407093|Cluster-10550.0__TRINITY_DN499_c0_g2_i1.p1             0.85%    passed    100.00%
   2  DRR082660|Cluster-10256.0__TRINITY_DN311_c0_g1_i1.p1              0.85%    passed    100.00%
   3  DE115|Cluster-39598.0__TRINITY_DN2054_c0_g1_i2.p1                 0.85%    passed    100.00%
   4  DE704-white|Cluster-46120.2__TRINITY_DN431_c0_g2_i1.p1            0.85%    passed    100.00%
   5  JJ86|Cluster-18265.0__TRINITY_DN302_c0_g1_i1.p1                   0.85%    passed    100.00%
   6  DE126|Cluster-8911.0__TRINITY_DN244_c0_g1_i3.p1                   0.85%    passed    100.00%
   7  DE507|Cluster-88114.0__TRINITY_DN5600_c0_g1_i14.p1                0.85%    passed    100.00%
   8  DE704-purple|Cluster-60260.0__TRINITY_DN3384_c0_g1_i7.p1          0.85%    passed    100.00%
   9  DE162|Cluster-40704.2__TRINITY_DN732_c1_g1_i8.p1                  0.85%    passed    100.00%
  10  DE546_urceolata_l|Cluster-25595.1__TRINITY_DN18265_c0_g2_i5.p1    0.85%    passed    100.00%
  11  DE563|Cluster-35900.1__TRINITY_DN475_c0_g1_i5.p1                  0.85%    passed     82.26%
  12  DE127|Cluster-10631.0__TRINITY_DN1971_c0_g1_i1.p1                 0.85%    passed    100.00%
  13  DE666|Cluster-37625.0__TRINITY_DN2486_c0_g1_i2.p1                12.71%    passed     41.68%
  14  DE528|Cluster-27301.2__TRINITY_DN13002_c0_g1_i2.p1                0.85%    passed    100.00%
  15  DE554|Cluster-65715.0__TRINITY_DN99_c0_g1_i1.p1                   0.85%    passed     47.24%
  16  DE575|Cluster-67399.0__TRINITY_DN4454_c0_g1_i1.p1                 0.85%    passed    100.00%
  17  DE623|Cluster-45091.0__TRINITY_DN2879_c0_g1_i2.p1                 0.85%    passed    100.00%
  18  DE680|Cluster-54970.0__TRINITY_DN3485_c0_g1_i1.p1                 0.85%    passed    100.00%
  19  DE765|Cluster-43719.0__TRINITY_DN4156_c0_g2_i2.p1                 0.85%    passed    100.00%
  20  DE681|Cluster-37946.0__TRINITY_DN128_c0_g2_i1.p1                  0.85%    passed    100.00%
  21  DE152|Cluster-55379.0__TRINITY_DN333_c0_g2_i6.p1                  0.85%    passed    100.00%
  22  JJ99|Cluster-26924.0__TRINITY_DN1035_c1_g2_i1.p1                  0.85%    passed    100.00%
  23  DE668|Cluster-28504.2__TRINITY_DN3181_c0_g1_i26.p1                0.85%    passed    100.00%
  24  JJ85|Cluster-21485.0__TRINITY_DN20331_c0_g1_i2.p1                 0.85%    passed    100.00%
  25  DE151|Cluster-58941.1__TRINITY_DN7388_c0_g1_i8.p1                 0.85%    passed    100.00%
  26  DE173|Cluster-45232.0__TRINITY_DN3822_c0_g1_i1.p1                 0.85%    passed    100.00%
  27  DE189|Cluster-39617.1__TRINITY_DN1978_c0_g1_i3.p1                 0.85%    passed    100.00%
  28  JJ109|Cluster-18979.0__TRINITY_DN490_c0_g1_i4.p1                  0.85%    passed     85.30%
  29  DE164|Cluster-58877.1__TRINITY_DN3145_c0_g1_i8.p1                 0.85%    passed    100.00%
  30  DE504|Cluster-38564.0__TRINITY_DN5602_c2_g1_i5.p1                 0.85%    passed    100.00%
  31  DE476|Cluster-31257.0__TRINITY_DN631_c0_g2_i1.p1                  0.85%    passed    100.00%
  32  DE643|Cluster-54530.1__TRINITY_DN8824_c0_g1_i1.p1                 0.85%    passed    100.00%
  33  JJ130|Cluster-5991.0__TRINITY_DN1254_c0_g1_i3.p1                  0.85%    passed    100.00%
  34  DE549|Cluster-26059.0__TRINITY_DN11799_c0_g1_i13.p1               0.85%    passed    100.00%
  35  DE550|Cluster-38143.1__TRINITY_DN9623_c0_g1_i2.p1                 0.85%    passed    100.00%
  36  JJ36|Cluster-42203.0__TRINITY_DN1976_c1_g1_i1.p1                  0.85%    passed    100.00%
  37  DE671|Cluster-23743.1__TRINITY_DN1692_c0_g2_i2.p1                 0.85%    passed    100.00%
  38  DE672|Cluster-16437.0__TRINITY_DN128908_c0_g1_i1.p1               0.85%    passed    100.00%
  39  DE696-dots|Cluster-48600.0__TRINITY_DN2579_c0_g2_i2.p1            0.85%    passed    100.00%
  40  DE696-nodots|Cluster-25091.0__TRINITY_DN1128_c0_g1_i1.p1          0.85%    passed    100.00%
  41  DE736|Cluster-61886.0__TRINITY_DN22607_c0_g1_i2.p1                0.85%    passed    100.00%
  42  DE737|Cluster-49836.0__TRINITY_DN75850_c0_g1_i1.p1                0.85%    passed    100.00%
  43  DE509|Cluster-20605.4__TRINITY_DN3873_c0_g1_i1.p1                 0.85%    passed     99.26%
  44  DE88|Cluster-3311.0__TRINITY_DN8365_c0_g1_i3.p1                   0.85%    passed    100.00%
  45  DE503|Cluster-23933.0__TRINITY_DN785_c0_g1_i1.p1                  0.85%    passed    100.00%
  46  DE505|Cluster-51060.0__TRINITY_DN1922_c2_g1_i4.p1                 0.85%    passed    100.00%
  47  SRR3407095|Cluster-17253.0__TRINITY_DN3405_c0_g1_i4.p1            0.85%    passed    100.00%
  48  SRR3407087|Cluster-9304.0__TRINITY_DN662_c0_g1_i2.p1              0.85%    passed    100.00%
  49  DE510|Cluster-3309.0__TRINITY_DN94_c0_g2_i2.p1                    0.85%    passed    100.00%
  50  DE531|Cluster-46922.3__TRINITY_DN4447_c1_g1_i8.p1                 0.85%    passed    100.00%
  51  DE561|Cluster-35238.0__TRINITY_DN13782_c0_g2_i1.p1                0.85%    passed    100.00%
  52  SRR3424066|Cluster-223.0__TRINITY_DN1497_c0_g1_i3.p1              0.85%    passed    100.00%
  53  SRR3407096|Cluster-17238.0__TRINITY_DN2496_c0_g4_i3.p1            0.85%    passed     85.07%
  54  SRR3407088|Cluster-41274.0__TRINITY_DN4629_c0_g1_i1.p1            0.85%    passed    100.00%
  55  JJ125|Cluster-22965.0__TRINITY_DN9261_c0_g1_i1.p1                 0.85%    passed     99.99%
  56  SRR3407092|Cluster-37808.0__TRINITY_DN3693_c0_g1_i1.p1            0.85%    passed    100.00%
  57  DE764|Cluster-22407.0__TRINITY_DN2669_c0_g1_i1.p1                 0.85%    passed    100.00%
  58  JJ89|Cluster-19688.0__TRINITY_DN1187_c0_g2_i3.p1                  0.85%    passed    100.00%
  59  SRR3407094|Cluster-20725.0__TRINITY_DN2858_c0_g1_i5.p1            0.85%    passed    100.00%
  60  DE519|Cluster-37205.0__TRINITY_DN3921_c0_g1_i2.p1                 0.85%    passed    100.00%
  61  DE741|Cluster-61285.1__TRINITY_DN3430_c0_g1_i7.p1                 0.85%    passed    100.00%
  62  DE216|Cluster-48194.0__TRINITY_DN3350_c0_g1_i2.p1                 0.85%    passed    100.00%
  63  DE536|Cluster-12682.0__TRINITY_DN7337_c0_g1_i1.p1                 0.85%    passed    100.00%
  64  JJ15|Cluster-53142.2__TRINITY_DN7736_c0_g1_i9.p1                  0.85%    passed    100.00%
  65  DE534|Cluster-53426.1__TRINITY_DN2253_c0_g1_i16.p1                0.85%    passed    100.00%
  66  DE541|Cluster-38295.0__TRINITY_DN521_c0_g1_i1.p1                  0.85%    passed    100.00%
  67  DE523|Cluster-9879.3__TRINITY_DN6848_c0_g1_i34.p1                 0.85%    passed    100.00%
  68  DE181|Cluster-29377.0__TRINITY_DN10465_c0_g1_i2.p1                0.85%    passed    100.00%
  69  SRR3407086|Cluster-30405.0__TRINITY_DN13129_c0_g1_i1.p1           0.85%    passed    100.00%
  70  DE566|Cluster-14365.0__TRINITY_DN2795_c0_g2_i3.p1                 0.85%    passed    100.00%
  71  JJ131|Cluster-58274.1__TRINITY_DN5360_c0_g1_i2.p1                 0.85%    passed    100.00%
  72  JJ74|Cluster-35787.0__TRINITY_DN66130_c0_g1_i1.p1                 0.85%    failed      0.00%
  73  DRR234970|Cluster-41289.0__TRINITY_DN52395_c0_g1_i1.p1            0.85%    passed     99.73%
  74  SRR5150740|Cluster-22452.1__TRINITY_DN1788_c0_g1_i4.p1            8.47%    passed     64.86%
  75  SRR104381|Cluster-30839.2__TRINITY_DN8247_c1_g1_i3.p1             0.85%    failed      3.83%
****  TOTAL                                                             1.11%  2 sequences failed composition chi2 test (p-value<5%; df=60)
WARNING: States(s) CGC, CGT, TGC, TGT rarely appear in alignment and may cause numerical problems
Reading input tree file tmp.csubst.nwk ... rooted tree

NOTE: 25 MB RAM (0 GB) is required!
Measuring multi-threading efficiency up to 1 CPU cores
2 trees examined
Threads: 1 / Time: 2.369 sec / Speedup: 1.000 / Efficiency: 100% / LogL: -4340
BEST NUMBER OF THREADS: 1

Estimate model parameters (epsilon = 0.010)
1. Initial log-likelihood: -4280.533
2. Current log-likelihood: -3315.790
3. Current log-likelihood: -3310.318
4. Current log-likelihood: -3301.769
5. Current log-likelihood: -3301.247
6. Current log-likelihood: -3300.882
7. Current log-likelihood: -3300.590
8. Current log-likelihood: -3300.345
9. Current log-likelihood: -3300.134
10. Current log-likelihood: -3299.950
11. Current log-likelihood: -3299.788
12. Current log-likelihood: -3299.645
13. Current log-likelihood: -3299.518
14. Current log-likelihood: -3299.405
15. Current log-likelihood: -3299.304
16. Current log-likelihood: -3299.214
17. Current log-likelihood: -3299.134
18. Current log-likelihood: -3299.062
19. Current log-likelihood: -3298.998
20. Current log-likelihood: -3298.938
21. Current log-likelihood: -3298.885
22. Current log-likelihood: -3298.836
23. Current log-likelihood: -3298.792
24. Current log-likelihood: -3298.751
25. Current log-likelihood: -3298.714
26. Current log-likelihood: -3298.681
27. Current log-likelihood: -3298.650
28. Current log-likelihood: -3298.622
29. Current log-likelihood: -3298.596
30. Current log-likelihood: -3298.572
31. Current log-likelihood: -3298.550
32. Current log-likelihood: -3298.530
33. Current log-likelihood: -3298.511
34. Current log-likelihood: -3298.494
35. Current log-likelihood: -3298.478
36. Current log-likelihood: -3298.463
37. Current log-likelihood: -3298.449
38. Current log-likelihood: -3298.437
39. Current log-likelihood: -3298.425
40. Current log-likelihood: -3298.414
Optimal log-likelihood: -3298.402
Nonsynonymous/synonymous ratio (omega): 1.000
Transition/transversion ratio (kappa): 1.000
Site proportion and rates:  (0.406,0.237) (0.440,0.698) (0.144,3.319) (0.010,11.995)
Parameters optimization took 40 rounds (223.295 sec)
Wrote distance file to... 
BEST SCORE FOUND : -3298.402
Ancestral state probabilities printed to /mnt/data0/yue/2026-03-11-protein-convergence/results/OG_1971/csubst_w_s/csubst_input_alignment.fa.state
Empirical proportions for each category: 0.424 0.432 0.136 0.008
Site rates printed to /mnt/data0/yue/2026-03-11-protein-convergence/results/OG_1971/csubst_w_s/csubst_input_alignment.fa.rate
Total tree length: 4.918

Total number of iterations: 0
CPU time used for tree search: 0.000 sec (0h:0m:0s)
Wall-clock time used for tree search: 0.000 sec (0h:0m:0s)
Total CPU time used: 226.437 sec (0h:3m:46s)
Total wall-clock time used: 226.804 sec (0h:3m:46s)

Analysis results written to: 
  IQ-TREE report:                /mnt/data0/yue/2026-03-11-protein-convergence/results/OG_1971/csubst_w_s/csubst_input_alignment.fa.iqtree
  Maximum-likelihood tree:       /mnt/data0/yue/2026-03-11-protein-convergence/results/OG_1971/csubst_w_s/csubst_input_alignment.fa.treefile
  Site-specific rates:           /mnt/data0/yue/2026-03-11-protein-convergence/results/OG_1971/csubst_w_s/csubst_input_alignment.fa.rate
  Ancestral state:               /mnt/data0/yue/2026-03-11-protein-convergence/results/OG_1971/csubst_w_s/csubst_input_alignment.fa.state
  Screen log file:               /mnt/data0/yue/2026-03-11-protein-convergence/results/OG_1971/csubst_w_s/csubst_input_alignment.fa.log

Date and Time: Fri Mar 27 02:18:07 2026
