IQ-TREE multicore version 2.4.0 for Linux x86 64-bit built Feb 12 2025
Developed by Bui Quang Minh, Nguyen Lam Tung, Olga Chernomor, Heiko Schmidt,
Dominik Schrempf, Michael Woodhams, Ly Trong Nhan, Thomas Wong

Host:    brain (AVX2, FMA3, 2015 GB RAM)
Command: /home/yue/miniconda3/envs/py39/bin/iqtree -s /mnt/data0/yue/2026-03-11-protein-convergence/results/OG_11783/csubst_w_s/csubst_input_alignment.fa -te tmp.csubst.nwk -m ECMK07+F+R4 --seqtype CODON1 --threads-max 1 -T AUTO --ancestral --rate --redo
Seed:    903613 (Using SPRNG - Scalable Parallel Random Number Generator)
Time:    Thu Mar 26 22:44:09 2026
Kernel:  AVX+FMA - auto-detect threads (128 CPU cores detected)

Reading alignment file /mnt/data0/yue/2026-03-11-protein-convergence/results/OG_11783/csubst_w_s/csubst_input_alignment.fa ... Fasta format detected
Reading fasta file: done in 0.00330448 secs using 37.04% CPU
Alignment most likely contains DNA/RNA sequences
Converting to codon sequences with genetic code 1 ...
Alignment has 58 sequences with 512 columns, 459 distinct patterns
266 parsimony-informative, 126 singleton sites, 120 constant sites
                                                               Gap/Ambiguity  Composition  p-value
Analyzing sequences: done in 0.000145361 secs using 99.06% CPU
   1  SRR3407095|Cluster-53753.0__TRINITY_DN2855_c0_g1_i1.p1           0.00%    passed    100.00%
   2  DE181|Cluster-32670.0__TRINITY_DN2333_c0_g3_i1.p1                0.00%    passed    100.00%
   3  SRR3407086|Cluster-23064.0__TRINITY_DN8086_c0_g1_i13.p1          0.00%    passed    100.00%
   4  DE561|Cluster-3998.0__TRINITY_DN2292_c2_g1_i1.p1                 0.00%    passed    100.00%
   5  DE503|Cluster-61704.1__TRINITY_DN8155_c1_g2_i3.p1                0.00%    passed    100.00%
   6  DE505|Cluster-21568.0__TRINITY_DN1899_c1_g1_i1.p1                0.00%    passed    100.00%
   7  SRR3407094|Cluster-15426.0__TRINITY_DN259_c0_g1_i1.p1            0.00%    passed    100.00%
   8  SRR3407092|Cluster-6317.0__TRINITY_DN7206_c5_g1_i1.p1            0.00%    passed    100.00%
   9  DE510|Cluster-39260.0__TRINITY_DN1794_c0_g1_i1.p1                0.00%    passed    100.00%
  10  SRR3407087|Cluster-27402.0__TRINITY_DN3307_c0_g1_i2.p1           0.00%    passed    100.00%
  11  DE115|Cluster-8556.0__TRINITY_DN71025_c0_g1_i1.p1                0.39%    passed    100.00%
  12  DE126|Cluster-18886.0__TRINITY_DN431_c0_g2_i2.p1                 0.00%    passed    100.00%
  13  DE680|Cluster-37069.0__TRINITY_DN554_c0_g1_i1.p1                 0.00%    passed    100.00%
  14  DE546_urceolata_l|Cluster-5394.0__TRINITY_DN25794_c0_g1_i1.p1    0.00%    passed    100.00%
  15  DE229|Cluster-47370.0__TRINITY_DN554_c2_g2_i1.p1                 0.00%    passed    100.00%
  16  DE668|Cluster-75.0__TRINITY_DN9566_c0_g1_i1.p1                   0.00%    passed    100.00%
  17  DE127|Cluster-33391.0__TRINITY_DN4529_c2_g1_i1.p1                0.00%    passed    100.00%
  18  DE666|Cluster-24986.0__TRINITY_DN1942_c0_g1_i6.p1                0.00%    passed    100.00%
  19  DE563|Cluster-24682.0__TRINITY_DN9289_c0_g1_i2.p1                0.00%    passed    100.00%
  20  DE623|Cluster-58775.0__TRINITY_DN916_c0_g1_i1.p1                 0.00%    passed    100.00%
  21  DE162|Cluster-7891.0__TRINITY_DN12264_c1_g2_i1.p1                0.00%    passed    100.00%
  22  DE507|Cluster-31187.0__TRINITY_DN1415_c0_g2_i1.p1                0.00%    passed    100.00%
  23  DE704-purple|Cluster-46979.0__TRINITY_DN2443_c0_g1_i1.p1         0.00%    passed    100.00%
  24  DE704-white|Cluster-55823.0__TRINITY_DN16237_c0_g2_i1.p1         0.00%    passed    100.00%
  25  DE575|Cluster-63959.0__TRINITY_DN5217_c0_g1_i7.p1               17.97%    passed    100.00%
  26  DE765|Cluster-11933.0__TRINITY_DN5969_c0_g1_i3.p1                0.00%    passed    100.00%
  27  DE151|Cluster-33554.0__TRINITY_DN753_c1_g1_i1.p1                 0.00%    passed    100.00%
  28  JJ130|Cluster-34714.0__TRINITY_DN1074_c2_g1_i1.p1                0.00%    passed    100.00%
  29  DE173|Cluster-52795.0__TRINITY_DN301_c0_g1_i13.p1               18.16%    passed    100.00%
  30  DE189|Cluster-11943.0__TRINITY_DN15257_c0_g1_i1.p1              18.16%    passed    100.00%
  31  DE476|Cluster-39298.0__TRINITY_DN2808_c0_g1_i4.p1               18.16%    passed    100.00%
  32  DE504|Cluster-50108.0__TRINITY_DN8451_c0_g1_i1.p1               17.97%    passed    100.00%
  33  DE164|Cluster-46843.0__TRINITY_DN9600_c0_g1_i2.p1                0.00%    passed    100.00%
  34  DE672|Cluster-55184.0__TRINITY_DN700_c0_g1_i4.p1                18.16%    passed    100.00%
  35  JJ125|Cluster-15849.2__TRINITY_DN765_c0_g1_i2.p1                 0.00%    passed    100.00%
  36  JJ36|Cluster-45117.0__TRINITY_DN12232_c1_g2_i1.p1               18.16%    passed    100.00%
  37  DE560|Cluster-25116.0__TRINITY_DN249_c0_g2_i1.p1                 0.00%    passed    100.00%
  38  DE509|Cluster-27442.0__TRINITY_DN11912_c0_g1_i1.p1               0.00%    passed    100.00%
  39  DE764|Cluster-20839.0__TRINITY_DN5861_c0_g2_i2.p1                0.00%    passed    100.00%
  40  DE737|Cluster-29901.1__TRINITY_DN2228_c0_g3_i1.p1                0.00%    passed    100.00%
  41  DE643|Cluster-63059.3__TRINITY_DN3032_c0_g1_i1.p1                0.00%    passed    100.00%
  42  DE671|Cluster-46714.0__TRINITY_DN3471_c0_g1_i2.p1                0.00%    passed    100.00%
  43  JJ85|Cluster-20187.0__TRINITY_DN6157_c0_g1_i1.p1                 0.00%    passed    100.00%
  44  DE152|Cluster-34790.0__TRINITY_DN1228_c0_g1_i2.p1               13.67%    passed    100.00%
  45  JJ99|Cluster-53836.0__TRINITY_DN297_c0_g1_i1.p1                  0.00%    passed    100.00%
  46  DE216|Cluster-37236.0__TRINITY_DN639_c0_g1_i2.p1                 0.20%    passed    100.00%
  47  JJ15|Cluster-39753.0__TRINITY_DN605_c0_g1_i5.p1                  0.00%    passed    100.00%
  48  DE534|Cluster-64427.56__TRINITY_DN3282_c1_g1_i1.p1               0.00%    passed    100.00%
  49  DE536|Cluster-39176.0__TRINITY_DN1766_c1_g1_i1.p1                0.00%    passed    100.00%
  50  JJ74|Cluster-90425.0__TRINITY_DN776_c0_g3_i1.p1                  0.00%    passed    100.00%
  51  DE566|Cluster-40041.0__TRINITY_DN3282_c0_g1_i12.p1               0.00%    passed    100.00%
  52  DE523|Cluster-3797.0__TRINITY_DN4540_c1_g1_i2.p1                 0.00%    passed    100.00%
  53  DE741|Cluster-23665.0__TRINITY_DN779_c0_g1_i1.p1                 0.00%    passed    100.00%
  54  DRR082660|Cluster-31848.0__TRINITY_DN8008_c0_g1_i2.p1           11.72%    passed    100.00%
  55  JJ131|Cluster-44283.1__TRINITY_DN1734_c0_g1_i13.p1               0.00%    passed    100.00%
  56  DRR234970|Cluster-33702.0__TRINITY_DN3315_c0_g1_i1.p1            0.00%    passed    100.00%
  57  SRR5150740|Cluster-51237.0__TRINITY_DN286_c0_g1_i1.p1            0.00%    passed     99.87%
  58  SRR104381|Cluster-5500.0__TRINITY_DN3707_c0_g1_i1.p1             0.00%    passed     88.72%
****  TOTAL                                                            2.63%  0 sequences failed composition chi2 test (p-value<5%; df=60)
Reading input tree file tmp.csubst.nwk ... rooted tree

NOTE: 56 MB RAM (0 GB) is required!
Measuring multi-threading efficiency up to 1 CPU cores
2 trees examined
Threads: 1 / Time: 2.837 sec / Speedup: 1.000 / Efficiency: 100% / LogL: -13152
BEST NUMBER OF THREADS: 1

Estimate model parameters (epsilon = 0.010)
1. Initial log-likelihood: -14250.208
2. Current log-likelihood: -10004.725
3. Current log-likelihood: -9992.220
Optimal log-likelihood: -9992.215
Nonsynonymous/synonymous ratio (omega): 1.000
Transition/transversion ratio (kappa): 1.000
Site proportion and rates:  (0.556,0.453) (0.310,1.162) (0.117,2.532) (0.017,5.339)
Parameters optimization took 3 rounds (32.139 sec)
Wrote distance file to... 
BEST SCORE FOUND : -9992.215
Ancestral state probabilities printed to /mnt/data0/yue/2026-03-11-protein-convergence/results/OG_11783/csubst_w_s/csubst_input_alignment.fa.state
Empirical proportions for each category: 0.625 0.273 0.090 0.012
Site rates printed to /mnt/data0/yue/2026-03-11-protein-convergence/results/OG_11783/csubst_w_s/csubst_input_alignment.fa.rate
Total tree length: 2.742

Total number of iterations: 0
CPU time used for tree search: 0.000 sec (0h:0m:0s)
Wall-clock time used for tree search: 0.000 sec (0h:0m:0s)
Total CPU time used: 36.752 sec (0h:0m:36s)
Total wall-clock time used: 36.892 sec (0h:0m:36s)

Analysis results written to: 
  IQ-TREE report:                /mnt/data0/yue/2026-03-11-protein-convergence/results/OG_11783/csubst_w_s/csubst_input_alignment.fa.iqtree
  Maximum-likelihood tree:       /mnt/data0/yue/2026-03-11-protein-convergence/results/OG_11783/csubst_w_s/csubst_input_alignment.fa.treefile
  Site-specific rates:           /mnt/data0/yue/2026-03-11-protein-convergence/results/OG_11783/csubst_w_s/csubst_input_alignment.fa.rate
  Ancestral state:               /mnt/data0/yue/2026-03-11-protein-convergence/results/OG_11783/csubst_w_s/csubst_input_alignment.fa.state
  Screen log file:               /mnt/data0/yue/2026-03-11-protein-convergence/results/OG_11783/csubst_w_s/csubst_input_alignment.fa.log

Date and Time: Thu Mar 26 22:44:46 2026
