IQ-TREE multicore version 2.4.0 for Linux x86 64-bit built Feb 12 2025
Developed by Bui Quang Minh, Nguyen Lam Tung, Olga Chernomor, Heiko Schmidt,
Dominik Schrempf, Michael Woodhams, Ly Trong Nhan, Thomas Wong

Host:    brain (AVX2, FMA3, 2015 GB RAM)
Command: /home/yue/miniconda3/envs/py39/bin/iqtree -s /mnt/data0/yue/2026-03-11-protein-convergence/results/OG_8603/csubst_w_s/csubst_input_alignment.fa -te tmp.csubst.nwk -m ECMK07+F+R4 --seqtype CODON1 --threads-max 1 -T AUTO --ancestral --rate --redo
Seed:    891474 (Using SPRNG - Scalable Parallel Random Number Generator)
Time:    Sat Mar 28 03:57:19 2026
Kernel:  AVX+FMA - auto-detect threads (128 CPU cores detected)

Reading alignment file /mnt/data0/yue/2026-03-11-protein-convergence/results/OG_8603/csubst_w_s/csubst_input_alignment.fa ... Fasta format detected
Reading fasta file: done in 0.00134538 secs using 83.1% CPU
Alignment most likely contains DNA/RNA sequences
Converting to codon sequences with genetic code 1 ...
Alignment has 68 sequences with 383 columns, 372 distinct patterns
207 parsimony-informative, 93 singleton sites, 83 constant sites
                                                                Gap/Ambiguity  Composition  p-value
Analyzing sequences: done in 6.56843e-05 secs using 98.96% CPU
   1  DE536|Cluster-51975.0__TRINITY_DN12712_c1_g1_i2.p1                0.26%    passed    100.00%
   2  JJ15|Cluster-58333.18__TRINITY_DN5125_c1_g1_i1.p1                 0.52%    passed    100.00%
   3  DE519|Cluster-72018.0__TRINITY_DN2838_c0_g1_i47.p1                0.00%    passed    100.00%
   4  DE216|Cluster-74501.0__TRINITY_DN8364_c0_g1_i4.p1                 0.00%    passed    100.00%
   5  DE534|Cluster-62145.0__TRINITY_DN708_c1_g1_i6.p1                  0.00%    passed    100.00%
   6  DE542|Cluster-64849.1__TRINITY_DN2134_c0_g1_i3.p1                 0.26%    passed    100.00%
   7  DRR082660|Cluster-32095.0__TRINITY_DN31502_c0_g1_i1.p1            3.66%    passed    100.00%
   8  DE523|Cluster-54845.0__TRINITY_DN16596_c0_g1_i10.p1               0.26%    passed    100.00%
   9  SRR3407096|Cluster-26637.0__TRINITY_DN3541_c0_g1_i1.p1            0.00%    passed    100.00%
  10  DE560|Cluster-20636.0__TRINITY_DN6885_c0_g1_i5.p1                 0.00%    passed    100.00%
  11  JJ125|Cluster-13530.1__TRINITY_DN10339_c0_g2_i7.p1                0.00%    passed    100.00%
  12  DE741|Cluster-55306.0__TRINITY_DN5651_c0_g1_i2.p1                 0.00%    passed    100.00%
  13  JJ74|Cluster-108926.0__TRINITY_DN5786_c0_g1_i8.p1                 1.57%    passed    100.00%
  14  DE503|Cluster-25992.0__TRINITY_DN12235_c0_g1_i2.p1                0.00%    passed    100.00%
  15  SRR3407087|Cluster-17186.0__TRINITY_DN6840_c0_g1_i1.p1            0.26%    passed    100.00%
  16  SRR3407094|Cluster-23051.0__TRINITY_DN13876_c3_g1_i3.p1           0.00%    passed    100.00%
  17  SRR3407088|Cluster-23572.1__TRINITY_DN16517_c0_g1_i3.p1           0.00%    passed    100.00%
  18  DE181|Cluster-9831.1__TRINITY_DN7407_c0_g1_i5.p1                  8.36%    passed    100.00%
  19  DE69|Cluster-57045.0__TRINITY_DN5068_c1_g1_i3.p1                  0.00%    passed    100.00%
  20  SRR3407095|Cluster-25327.0__TRINITY_DN10878_c0_g1_i2.p1           0.00%    passed    100.00%
  21  SRR3424066|Cluster-30878.0__TRINITY_DN9796_c0_g1_i3.p1            0.00%    passed    100.00%
  22  DE561|Cluster-35112.0__TRINITY_DN6112_c0_g1_i1.p1                21.41%    passed    100.00%
  23  SRR3407093|Cluster-34445.0__TRINITY_DN4144_c1_g3_i2.p1            0.00%    passed    100.00%
  24  DE505|Cluster-33412.0__TRINITY_DN8143_c0_g3_i2.p1                 0.00%    passed    100.00%
  25  DE510|Cluster-28958.0__TRINITY_DN8104_c0_g1_i2.p1                 0.00%    passed    100.00%
  26  SRR3407092|Cluster-5829.0__TRINITY_DN30932_c0_g1_i1.p1            0.26%    passed    100.00%
  27  SRR3407086|Cluster-23139.0__TRINITY_DN13915_c0_g1_i2.p1           0.26%    passed    100.00%
  28  DE127|Cluster-42278.0__TRINITY_DN9496_c0_g1_i5.p1                 2.09%    passed    100.00%
  29  DE666|Cluster-34705.0__TRINITY_DN12862_c1_g1_i1.p1                0.78%    passed    100.00%
  30  DE528|Cluster-15591.0__TRINITY_DN4960_c0_g2_i4.p1                11.49%    passed    100.00%
  31  DE704-white|Cluster-49763.0__TRINITY_DN4224_c0_g3_i1.p1           0.52%    passed    100.00%
  32  DE563|Cluster-49557.1__TRINITY_DN2482_c1_g1_i3.p1                 0.00%    passed    100.00%
  33  DE623|Cluster-48475.0__TRINITY_DN11356_c0_g1_i6.p1               37.08%    passed     99.70%
  34  DE680|Cluster-44899.0__TRINITY_DN9660_c1_g1_i5.p1                 0.00%    passed    100.00%
  35  DE507|Cluster-14555.0__TRINITY_DN3979_c0_g1_i2.p1                36.29%    passed     99.94%
  36  DE546_urceolata_l|Cluster-45500.0__TRINITY_DN5943_c0_g1_i11.p1    0.26%    passed    100.00%
  37  DE152|Cluster-46966.0__TRINITY_DN9527_c5_g1_i1.p1                 0.52%    passed    100.00%
  38  JJ99|Cluster-28187.0__TRINITY_DN362_c0_g4_i1.p1                   0.26%    passed    100.00%
  39  JJ109|Cluster-25175.0__TRINITY_DN8156_c0_g1_i7.p1                18.02%    passed     99.99%
  40  DE736|Cluster-55032.0__TRINITY_DN6488_c0_g1_i2.p1                 0.52%    passed    100.00%
  41  DE549|Cluster-30003.0__TRINITY_DN5844_c0_g1_i4.p1                 0.52%    passed    100.00%
  42  DE764|Cluster-24345.0__TRINITY_DN2856_c0_g1_i2.p1                 0.26%    passed    100.00%
  43  DE509|Cluster-44673.0__TRINITY_DN7225_c0_g1_i1.p1                 0.26%    passed    100.00%
  44  DE737|Cluster-56073.0__TRINITY_DN7515_c0_g1_i1.p1                 0.00%    passed    100.00%
  45  DE550|Cluster-15563.0__TRINITY_DN5752_c0_g1_i2.p1                 0.00%    passed    100.00%
  46  DE643|Cluster-36152.0__TRINITY_DN45060_c0_g1_i16.p1               0.00%    passed    100.00%
  47  DE671|Cluster-54754.0__TRINITY_DN6382_c0_g1_i21.p1                0.00%    passed    100.00%
  48  DE672|Cluster-58230.0__TRINITY_DN17133_c1_g1_i1.p1                0.00%    passed    100.00%
  49  DE504|Cluster-39312.0__TRINITY_DN8785_c0_g1_i10.p1                0.26%    passed    100.00%
  50  DE575|Cluster-62318.0__TRINITY_DN9135_c0_g1_i5.p1                 0.00%    passed    100.00%
  51  DE681|Cluster-58601.0__TRINITY_DN7108_c0_g1_i2.p1                37.08%    passed     99.55%
  52  DE765|Cluster-31733.0__TRINITY_DN8570_c0_g1_i10.p1                0.26%    passed    100.00%
  53  JJ86|Cluster-44901.0__TRINITY_DN20211_c0_g1_i12.p1                1.31%    passed    100.00%
  54  DE229|Cluster-92949.25__TRINITY_DN9242_c0_g2_i8.p1                3.66%    passed    100.00%
  55  JJ23|Cluster-24314.1__TRINITY_DN5536_c0_g1_i1.p1                 11.49%    passed    100.00%
  56  DE151|Cluster-19949.0__TRINITY_DN11418_c0_g1_i3.p1                0.00%    passed    100.00%
  57  DE189|Cluster-44806.0__TRINITY_DN7760_c0_g1_i2.p1                 0.00%    passed    100.00%
  58  DE173|Cluster-17423.0__TRINITY_DN8438_c0_g1_i1.p1                 0.26%    passed    100.00%
  59  JJ130|Cluster-24076.0__TRINITY_DN3496_c0_g1_i10.p1                0.00%    passed    100.00%
  60  JJ89|Cluster-20921.29__TRINITY_DN4439_c0_g1_i4.p1                 0.00%    passed    100.00%
  61  DE476|Cluster-45621.0__TRINITY_DN25160_c0_g1_i11.p1              11.23%    passed    100.00%
  62  DE88|Cluster-7726.0__TRINITY_DN6188_c0_g1_i2.p1                   0.52%    passed    100.00%
  63  DE531|Cluster-47000.0__TRINITY_DN5333_c0_g1_i4.p1                 0.78%    passed    100.00%
  64  DE696-nodots|Cluster-13078.1__TRINITY_DN4247_c0_g1_i3.p1         34.73%    passed    100.00%
  65  DE696-dots|Cluster-56409.0__TRINITY_DN6258_c0_g1_i7.p1            0.52%    passed    100.00%
  66  JJ36|Cluster-43547.0__TRINITY_DN4593_c0_g1_i11.p1                 0.78%    passed    100.00%
  67  JJ131|Cluster-62195.1__TRINITY_DN4416_c0_g1_i3.p1                 4.44%    passed    100.00%
  68  DE541|Cluster-31364.3__TRINITY_DN15633_c0_g1_i17.p1              33.94%    passed    100.00%
****  TOTAL                                                             4.22%  0 sequences failed composition chi2 test (p-value<5%; df=60)
Reading input tree file tmp.csubst.nwk ... rooted tree

NOTE: 55 MB RAM (0 GB) is required!
Measuring multi-threading efficiency up to 1 CPU cores
2 trees examined
Threads: 1 / Time: 2.884 sec / Speedup: 1.000 / Efficiency: 100% / LogL: -14246
BEST NUMBER OF THREADS: 1

Estimate model parameters (epsilon = 0.010)
1. Initial log-likelihood: -12810.449
2. Current log-likelihood: -8471.486
3. Current log-likelihood: -8455.988
4. Current log-likelihood: -8455.871
5. Current log-likelihood: -8454.206
6. Current log-likelihood: -8454.186
Optimal log-likelihood: -8454.179
Nonsynonymous/synonymous ratio (omega): 1.000
Transition/transversion ratio (kappa): 1.000
Site proportion and rates:  (0.542,0.346) (0.266,1.252) (0.181,2.223) (0.012,6.754)
Parameters optimization took 6 rounds (70.904 sec)
Wrote distance file to... 
BEST SCORE FOUND : -8454.179
Ancestral state probabilities printed to /mnt/data0/yue/2026-03-11-protein-convergence/results/OG_8603/csubst_w_s/csubst_input_alignment.fa.state
Empirical proportions for each category: 0.614 0.227 0.149 0.010
Site rates printed to /mnt/data0/yue/2026-03-11-protein-convergence/results/OG_8603/csubst_w_s/csubst_input_alignment.fa.rate
Total tree length: 2.933

Total number of iterations: 0
CPU time used for tree search: 0.000 sec (0h:0m:0s)
Wall-clock time used for tree search: 0.000 sec (0h:0m:0s)
Total CPU time used: 75.824 sec (0h:1m:15s)
Total wall-clock time used: 75.980 sec (0h:1m:15s)

Analysis results written to: 
  IQ-TREE report:                /mnt/data0/yue/2026-03-11-protein-convergence/results/OG_8603/csubst_w_s/csubst_input_alignment.fa.iqtree
  Maximum-likelihood tree:       /mnt/data0/yue/2026-03-11-protein-convergence/results/OG_8603/csubst_w_s/csubst_input_alignment.fa.treefile
  Site-specific rates:           /mnt/data0/yue/2026-03-11-protein-convergence/results/OG_8603/csubst_w_s/csubst_input_alignment.fa.rate
  Ancestral state:               /mnt/data0/yue/2026-03-11-protein-convergence/results/OG_8603/csubst_w_s/csubst_input_alignment.fa.state
  Screen log file:               /mnt/data0/yue/2026-03-11-protein-convergence/results/OG_8603/csubst_w_s/csubst_input_alignment.fa.log

Date and Time: Sat Mar 28 03:58:35 2026
