IQ-TREE multicore version 2.4.0 for Linux x86 64-bit built Feb 12 2025
Developed by Bui Quang Minh, Nguyen Lam Tung, Olga Chernomor, Heiko Schmidt,
Dominik Schrempf, Michael Woodhams, Ly Trong Nhan, Thomas Wong

Host:    brain (AVX2, FMA3, 2015 GB RAM)
Command: /home/yue/miniconda3/envs/py39/bin/iqtree -s /mnt/data0/yue/2026-03-11-protein-convergence/results/OG_7738/csubst_w_s/csubst_input_alignment.fa -te tmp.csubst.nwk -m ECMK07+F+R4 --seqtype CODON1 --threads-max 1 -T AUTO --ancestral --rate --redo
Seed:    992019 (Using SPRNG - Scalable Parallel Random Number Generator)
Time:    Sat Mar 28 01:38:01 2026
Kernel:  AVX+FMA - auto-detect threads (128 CPU cores detected)

Reading alignment file /mnt/data0/yue/2026-03-11-protein-convergence/results/OG_7738/csubst_w_s/csubst_input_alignment.fa ... Fasta format detected
Reading fasta file: done in 0.00537571 secs using 83.45% CPU
Alignment most likely contains DNA/RNA sequences
Converting to codon sequences with genetic code 1 ...
WARNING: 1 sites contain only gaps or ambiguous characters.
Alignment has 50 sequences with 1014 columns, 962 distinct patterns
655 parsimony-informative, 182 singleton sites, 177 constant sites
                                                           Gap/Ambiguity  Composition  p-value
Analyzing sequences: done in 0.000249773 secs
   1  DE126|Cluster-41157.0__TRINITY_DN8193_c0_g2_i1.p1            0.10%    passed    100.00%
   2  JJ99|Cluster-46945.0__TRINITY_DN6273_c0_g1_i1.p1             0.10%    passed    100.00%
   3  JJ23|Cluster-42920.23__TRINITY_DN3619_c1_g1_i5.p1            0.10%    passed    100.00%
   4  DE507|Cluster-87233.0__TRINITY_DN16727_c0_g1_i1.p1           0.10%    passed    100.00%
   5  DE575|Cluster-59381.0__TRINITY_DN12564_c0_g1_i2.p1           0.10%    passed     99.98%
   6  DE623|Cluster-54633.2__TRINITY_DN21543_c0_g1_i4.p1           0.10%    passed    100.00%
   7  DE229|Cluster-46917.1__TRINITY_DN3404_c0_g1_i10.p1          28.11%    passed     47.05%
   8  DE69|Cluster-39572.1__TRINITY_DN1065_c0_g1_i4.p1            38.26%    failed      0.00%
   9  DE523|Cluster-15634.0__TRINITY_DN2030_c0_g4_i1.p1           33.33%    failed      0.00%
  10  SRR3407096|Cluster-4038.0__TRINITY_DN4446_c0_g1_i1.p1       36.00%    failed      0.00%
  11  DE229|Cluster-42597.0__TRINITY_DN4892_c1_g3_i1.p1           39.45%    passed     99.81%
  12  DE554|Cluster-64701.0__TRINITY_DN17553_c0_g1_i1.p1          39.45%    passed     99.98%
  13  DE680|Cluster-10250.0__TRINITY_DN10607_c0_g1_i1.p1           0.10%    passed    100.00%
  14  DE152|Cluster-59961.0__TRINITY_DN17218_c0_g1_i1.p1          15.78%    passed    100.00%
  15  DE151|Cluster-12129.0__TRINITY_DN15189_c0_g1_i1.p1          39.45%    passed     99.98%
  16  DE181|Cluster-53314.0__TRINITY_DN1632_c0_g1_i1.p1            0.10%    passed    100.00%
  17  DE523|Cluster-11006.0__TRINITY_DN18121_c0_g3_i1.p1          15.78%    passed    100.00%
  18  DE737|Cluster-38744.0__TRINITY_DN7818_c1_g3_i2.p1           39.45%    passed    100.00%
  19  DE549|Cluster-46276.0__TRINITY_DN16812_c0_g1_i2.p1          36.98%    passed    100.00%
  20  SRR3407087|Cluster-12615.0__TRINITY_DN7286_c0_g1_i1.p1      39.45%    passed     99.95%
  21  SRR3407093|Cluster-13933.0__TRINITY_DN6616_c0_g4_i1.p1      39.45%    passed     99.99%
  22  DE505|Cluster-2862.0__TRINITY_DN6758_c0_g1_i1.p1             0.10%    passed    100.00%
  23  DE503|Cluster-39621.0__TRINITY_DN14184_c0_g1_i1.p1           0.10%    passed    100.00%
  24  DE510|Cluster-45644.0__TRINITY_DN756_c1_g1_i2.p1             0.10%    passed    100.00%
  25  SRR3424066|Cluster-39369.0__TRINITY_DN4641_c0_g1_i1.p1       0.10%    passed    100.00%
  26  DE764|Cluster-35866.0__TRINITY_DN13391_c0_g2_i6.p1          15.78%    passed    100.00%
  27  DE561|Cluster-46467.0__TRINITY_DN10000_c0_g2_i1.p1           0.10%    passed    100.00%
  28  DE736|Cluster-46321.0__TRINITY_DN10996_c0_g1_i2.p1           0.10%    passed    100.00%
  29  SRR3407094|Cluster-13251.0__TRINITY_DN3669_c0_g2_i1.p1      60.75%    passed     26.87%
  30  DE509|Cluster-30478.0__TRINITY_DN10860_c0_g1_i1.p1           0.10%    passed    100.00%
  31  JJ109|Cluster-31151.0__TRINITY_DN4362_c0_g2_i4.p1           39.45%    passed     99.95%
  32  DE504|Cluster-30605.0__TRINITY_DN10437_c0_g2_i3.p1           0.10%    passed    100.00%
  33  DE741|Cluster-25169.0__TRINITY_DN9519_c1_g1_i1.p1            0.10%    passed    100.00%
  34  DE560|Cluster-37799.0__TRINITY_DN12479_c1_g1_i1.p1           0.10%    passed    100.00%
  35  DE216|Cluster-64564.0__TRINITY_DN26342_c0_g1_i1.p1           0.10%    passed    100.00%
  36  JJ15|Cluster-62016.0__TRINITY_DN13009_c0_g1_i1.p1           41.62%    passed     99.97%
  37  DE69|Cluster-40466.0__TRINITY_DN38336_c0_g1_i1.p1           39.45%    passed     59.48%
  38  SRR3407095|Cluster-40028.1__TRINITY_DN7998_c0_g1_i2.p1      51.18%    passed     54.41%
  39  DE542|Cluster-8068.0__TRINITY_DN12459_c0_g2_i1.p1           39.45%    passed     99.97%
  40  DE162|Cluster-43014.0__TRINITY_DN9086_c0_g1_i1.p1           15.78%    passed    100.00%
  41  DE681|Cluster-10373.0__TRINITY_DN14767_c0_g1_i14.p1          0.10%    passed     99.95%
  42  DE765|Cluster-50359.0__TRINITY_DN13941_c0_g1_i1.p1          15.78%    passed     99.97%
  43  DE668|Cluster-34141.0__TRINITY_DN9158_c1_g1_i1.p1           30.77%    passed    100.00%
  44  SRR5150740|Cluster-55128.1__TRINITY_DN11375_c0_g1_i2.p1     18.54%    passed     86.21%
  45  DE164|Cluster-53241.0__TRINITY_DN20892_c1_g1_i4.p1           0.10%    passed    100.00%
  46  DE643|Cluster-37625.2__TRINITY_DN16084_c0_g1_i9.p1          54.93%    passed     99.62%
  47  DE541|Cluster-50951.0__TRINITY_DN5405_c0_g2_i1.p1            0.10%    passed    100.00%
  48  JJ131|Cluster-39453.0__TRINITY_DN23283_c0_g1_i5.p1           0.10%    passed    100.00%
  49  DE696-nodots|Cluster-60994.0__TRINITY_DN5760_c0_g1_i14.p1   33.33%    passed     79.57%
  50  DE566|Cluster-51672.1__TRINITY_DN19757_c0_g1_i9.p1          22.58%    passed     85.25%
WARNING: 3 sequences contain more than 50% gaps/ambiguity
****  TOTAL                                                       18.45%  3 sequences failed composition chi2 test (p-value<5%; df=60)
Reading input tree file tmp.csubst.nwk ... rooted tree

NOTE: 96 MB RAM (0 GB) is required!
Measuring multi-threading efficiency up to 1 CPU cores
2 trees examined
Threads: 1 / Time: 4.374 sec / Speedup: 1.000 / Efficiency: 100% / LogL: -25457
BEST NUMBER OF THREADS: 1

Estimate model parameters (epsilon = 0.010)
1. Initial log-likelihood: -24327.428
2. Current log-likelihood: -18080.569
3. Current log-likelihood: -18048.002
4. Current log-likelihood: -18047.949
5. Current log-likelihood: -18047.936
Optimal log-likelihood: -18047.930
Nonsynonymous/synonymous ratio (omega): 1.000
Transition/transversion ratio (kappa): 1.000
Site proportion and rates:  (0.501,0.571) (0.391,1.127) (0.096,2.254) (0.012,4.791)
Parameters optimization took 5 rounds (85.925 sec)
Wrote distance file to... 
BEST SCORE FOUND : -18047.930
Ancestral state probabilities printed to /mnt/data0/yue/2026-03-11-protein-convergence/results/OG_7738/csubst_w_s/csubst_input_alignment.fa.state
Empirical proportions for each category: 0.570 0.361 0.061 0.008
Site rates printed to /mnt/data0/yue/2026-03-11-protein-convergence/results/OG_7738/csubst_w_s/csubst_input_alignment.fa.rate
Total tree length: 3.544

Total number of iterations: 0
CPU time used for tree search: 0.000 sec (0h:0m:0s)
Wall-clock time used for tree search: 0.000 sec (0h:0m:0s)
Total CPU time used: 92.955 sec (0h:1m:32s)
Total wall-clock time used: 93.194 sec (0h:1m:33s)

Analysis results written to: 
  IQ-TREE report:                /mnt/data0/yue/2026-03-11-protein-convergence/results/OG_7738/csubst_w_s/csubst_input_alignment.fa.iqtree
  Maximum-likelihood tree:       /mnt/data0/yue/2026-03-11-protein-convergence/results/OG_7738/csubst_w_s/csubst_input_alignment.fa.treefile
  Site-specific rates:           /mnt/data0/yue/2026-03-11-protein-convergence/results/OG_7738/csubst_w_s/csubst_input_alignment.fa.rate
  Ancestral state:               /mnt/data0/yue/2026-03-11-protein-convergence/results/OG_7738/csubst_w_s/csubst_input_alignment.fa.state
  Screen log file:               /mnt/data0/yue/2026-03-11-protein-convergence/results/OG_7738/csubst_w_s/csubst_input_alignment.fa.log

Date and Time: Sat Mar 28 01:39:35 2026
