IQ-TREE multicore version 2.4.0 for Linux x86 64-bit built Feb 12 2025
Developed by Bui Quang Minh, Nguyen Lam Tung, Olga Chernomor, Heiko Schmidt,
Dominik Schrempf, Michael Woodhams, Ly Trong Nhan, Thomas Wong

Host:    brain (AVX2, FMA3, 2015 GB RAM)
Command: /home/yue/miniconda3/envs/py39/bin/iqtree -s /mnt/data0/yue/2026-03-11-protein-convergence/results/OG_5725/csubst_w_s/csubst_input_alignment.fa -te tmp.csubst.nwk -m ECMK07+F+R4 --seqtype CODON1 --threads-max 1 -T AUTO --ancestral --rate --redo
Seed:    399073 (Using SPRNG - Scalable Parallel Random Number Generator)
Time:    Fri Mar 27 19:03:43 2026
Kernel:  AVX+FMA - auto-detect threads (128 CPU cores detected)

Reading alignment file /mnt/data0/yue/2026-03-11-protein-convergence/results/OG_5725/csubst_w_s/csubst_input_alignment.fa ... Fasta format detected
Reading fasta file: done in 0.0041132 secs using 97.69% CPU
Alignment most likely contains DNA/RNA sequences
Converting to codon sequences with genetic code 1 ...
Alignment has 78 sequences with 625 columns, 588 distinct patterns
395 parsimony-informative, 123 singleton sites, 107 constant sites
                                                               Gap/Ambiguity  Composition  p-value
Analyzing sequences: done in 0.000205696 secs using 99.18% CPU
   1  DE736|Cluster-59343.0__TRINITY_DN832_c0_g1_i9.p1                14.08%    passed    100.00%
   2  JJ125|Cluster-20040.0__TRINITY_DN4047_c0_g1_i6.p1                0.16%    passed    100.00%
   3  DE696-dots|Cluster-54903.0__TRINITY_DN9603_c0_g1_i2.p1           0.16%    passed    100.00%
   4  DE696-nodots|Cluster-13949.0__TRINITY_DN9030_c0_g4_i2.p1         0.16%    passed    100.00%
   5  DE115|Cluster-57012.0__TRINITY_DN10535_c0_g1_i1.p1               0.16%    passed    100.00%
   6  JJ86|Cluster-16098.0__TRINITY_DN562_c2_g1_i5.p1                  0.16%    passed    100.00%
   7  DE546_urceolata_l|Cluster-43913.4__TRINITY_DN662_c0_g1_i20.p1    0.16%    passed    100.00%
   8  DE127|Cluster-27473.0__TRINITY_DN5829_c0_g1_i1.p1                0.16%    passed    100.00%
   9  DE554|Cluster-53743.0__TRINITY_DN1689_c0_g1_i3.p1                0.16%    passed    100.00%
  10  DE623|Cluster-57456.0__TRINITY_DN4470_c0_g1_i6.p1                0.16%    passed    100.00%
  11  DE680|Cluster-45143.0__TRINITY_DN9561_c1_g1_i2.p1                0.16%    passed    100.00%
  12  DE575|Cluster-24952.0__TRINITY_DN8913_c0_g1_i3.p1                0.16%    passed    100.00%
  13  DE681|Cluster-17351.0__TRINITY_DN5949_c1_g1_i1.p1                0.16%    passed    100.00%
  14  DE765|Cluster-54971.0__TRINITY_DN2008_c1_g1_i3.p1                0.16%    passed    100.00%
  15  DE162|Cluster-44469.0__TRINITY_DN365_c2_g1_i2.p1                 0.16%    passed    100.00%
  16  DE507|Cluster-27909.0__TRINITY_DN5929_c0_g3_i1.p1                0.16%    passed    100.00%
  17  DE704-purple|Cluster-33672.0__TRINITY_DN44187_c0_g1_i1.p1       67.36%    passed     30.53%
  18  DE704-white|Cluster-64301.0__TRINITY_DN9501_c0_g1_i1.p1          0.16%    passed    100.00%
  19  DE528|Cluster-30648.0__TRINITY_DN5562_c1_g1_i6.p1                0.16%    passed    100.00%
  20  DE229|Cluster-25115.0__TRINITY_DN4743_c1_g1_i1.p1                0.16%    passed    100.00%
  21  DE563|Cluster-47517.0__TRINITY_DN24765_c0_g2_i1.p1               0.16%    passed    100.00%
  22  DE668|Cluster-55201.0__TRINITY_DN11845_c0_g1_i2.p1               4.64%    passed    100.00%
  23  DE666|Cluster-35466.0__TRINITY_DN5934_c0_g1_i1.p1                0.16%    passed    100.00%
  24  DE126|Cluster-32816.0__TRINITY_DN27_c1_g1_i8.p1                  0.16%    passed    100.00%
  25  DE152|Cluster-58632.0__TRINITY_DN8784_c2_g1_i1.p1                0.16%    passed    100.00%
  26  JJ99|Cluster-45211.0__TRINITY_DN9098_c0_g1_i2.p1                 0.16%    passed    100.00%
  27  JJ23|Cluster-10117.0__TRINITY_DN6616_c0_g1_i1.p1                 0.16%    passed    100.00%
  28  DE566|Cluster-40803.0__TRINITY_DN5895_c1_g1_i1.p1                0.16%    passed    100.00%
  29  DE151|Cluster-59746.0__TRINITY_DN2085_c0_g2_i1.p1                0.16%    passed    100.00%
  30  DE173|Cluster-38295.0__TRINITY_DN14644_c0_g1_i2.p1               0.16%    passed    100.00%
  31  DE189|Cluster-48798.0__TRINITY_DN4024_c1_g1_i1.p1                0.16%    passed    100.00%
  32  JJ109|Cluster-37394.0__TRINITY_DN118_c0_g1_i2.p1                 0.16%    passed    100.00%
  33  JJ130|Cluster-31824.0__TRINITY_DN3804_c0_g1_i1.p1                0.16%    passed    100.00%
  34  DE88|Cluster-17718.0__TRINITY_DN294_c2_g3_i1.p1                  0.16%    passed    100.00%
  35  DE504|Cluster-27695.0__TRINITY_DN3804_c0_g1_i2.p1                0.16%    passed    100.00%
  36  DE509|Cluster-47169.0__TRINITY_DN4927_c0_g1_i5.p1                0.16%    passed    100.00%
  37  DE764|Cluster-16173.0__TRINITY_DN3925_c1_g1_i7.p1                0.16%    passed    100.00%
  38  DE549|Cluster-35104.0__TRINITY_DN7762_c0_g1_i3.p1                0.16%    passed    100.00%
  39  DE164|Cluster-15640.0__TRINITY_DN8458_c0_g1_i1.p1                0.16%    passed    100.00%
  40  DE672|Cluster-42811.0__TRINITY_DN4150_c0_g1_i1.p1                2.08%    passed    100.00%
  41  DE737|Cluster-3629.0__TRINITY_DN11968_c1_g1_i1.p1                0.96%    passed    100.00%
  42  DE643|Cluster-33814.1__TRINITY_DN8895_c0_g1_i1.p1                0.16%    passed    100.00%
  43  DE671|Cluster-45448.0__TRINITY_DN14957_c0_g2_i1.p1               0.16%    passed    100.00%
  44  DE476|Cluster-17659.0__TRINITY_DN13238_c0_g1_i1.p1               0.16%    passed    100.00%
  45  DE531|Cluster-35289.0__TRINITY_DN6699_c0_g2_i1.p1                0.16%    passed    100.00%
  46  JJ36|Cluster-32990.0__TRINITY_DN1558_c0_g1_i2.p1                 0.16%    passed    100.00%
  47  JJ89|Cluster-6778.0__TRINITY_DN6558_c0_g1_i1.p1                  0.16%    passed    100.00%
  48  DE550|Cluster-30191.1__TRINITY_DN4513_c0_g1_i2.p1                0.16%    passed    100.00%
  49  DE541|Cluster-11332.0__TRINITY_DN7076_c0_g1_i1.p1                0.00%    passed    100.00%
  50  JJ131|Cluster-30486.0__TRINITY_DN5072_c0_g1_i4.p1                0.16%    passed    100.00%
  51  DE216|Cluster-28497.1__TRINITY_DN3801_c0_g1_i3.p1                0.16%    passed    100.00%
  52  DE534|Cluster-75047.0__TRINITY_DN66719_c0_g1_i1.p1               0.16%    passed    100.00%
  53  JJ15|Cluster-59869.0__TRINITY_DN10481_c1_g1_i1.p1                0.16%    passed    100.00%
  54  DE536|Cluster-26357.0__TRINITY_DN3456_c0_g1_i1.p1                0.16%    passed    100.00%
  55  SRR3407094|Cluster-15389.0__TRINITY_DN3122_c0_g1_i2.p1          38.24%    passed     90.95%
  56  DE503|Cluster-53846.1__TRINITY_DN1746_c0_g2_i3.p1                0.16%    passed    100.00%
  57  DE510|Cluster-34428.0__TRINITY_DN9854_c0_g2_i1.p1                0.16%    passed    100.00%
  58  SRR3407087|Cluster-16949.0__TRINITY_DN5581_c0_g1_i1.p1           0.16%    passed    100.00%
  59  DE505|Cluster-57204.0__TRINITY_DN6854_c0_g2_i3.p1                0.16%    passed    100.00%
  60  SRR3407092|Cluster-26660.0__TRINITY_DN9580_c0_g1_i1.p1           0.16%    passed    100.00%
  61  SRR3407093|Cluster-37891.0__TRINITY_DN3823_c0_g2_i2.p1           0.16%    passed    100.00%
  62  DE181|Cluster-7984.1__TRINITY_DN13316_c1_g2_i5.p1                0.16%    passed    100.00%
  63  SRR3407086|Cluster-7503.0__TRINITY_DN2172_c0_g1_i1.p1            0.16%    passed    100.00%
  64  DE561|Cluster-13686.0__TRINITY_DN4486_c0_g1_i2.p1                0.16%    passed    100.00%
  65  SRR3424066|Cluster-934.0__TRINITY_DN5314_c1_g2_i1.p1             0.16%    passed    100.00%
  66  SRR3407088|Cluster-19095.0__TRINITY_DN8075_c0_g1_i1.p1           0.16%    passed    100.00%
  67  DE69|Cluster-36928.0__TRINITY_DN7422_c0_g2_i4.p1                 0.16%    passed    100.00%
  68  SRR3407095|Cluster-52376.0__TRINITY_DN15736_c0_g2_i2.p1          0.16%    passed    100.00%
  69  DE519|Cluster-62897.0__TRINITY_DN187_c2_g1_i1.p1                 0.16%    passed    100.00%
  70  DE741|Cluster-37323.1__TRINITY_DN12967_c0_g1_i12.p1              0.16%    passed    100.00%
  71  DRR082660|Cluster-41316.0__TRINITY_DN5127_c0_g1_i1.p1            0.16%    passed    100.00%
  72  DE560|Cluster-25310.1__TRINITY_DN4848_c0_g1_i1.p1                0.16%    passed    100.00%
  73  SRR3407096|Cluster-25020.2__TRINITY_DN9401_c0_g1_i6.p1           0.16%    passed    100.00%
  74  DE523|Cluster-5143.0__TRINITY_DN5654_c0_g2_i2.p1                 0.16%    passed    100.00%
  75  JJ74|Cluster-133555.0__TRINITY_DN7070_c0_g2_i2.p1                6.08%    passed    100.00%
  76  JJ85|Cluster-7272.0__TRINITY_DN155_c0_g2_i2.p1                   0.16%    passed    100.00%
  77  DRR234970|Cluster-53526.0__TRINITY_DN7099_c0_g1_i1.p1            0.16%    passed    100.00%
  78  SRR5150740|Cluster-67339.0__TRINITY_DN10359_c1_g1_i1.p1          0.16%    passed     99.22%
WARNING: 1 sequences contain more than 50% gaps/ambiguity
****  TOTAL                                                            1.85%  0 sequences failed composition chi2 test (p-value<5%; df=60)
Reading input tree file tmp.csubst.nwk ... rooted tree

NOTE: 95 MB RAM (0 GB) is required!
Measuring multi-threading efficiency up to 1 CPU cores
2 trees examined
Threads: 1 / Time: 5.155 sec / Speedup: 1.000 / Efficiency: 100% / LogL: -24507
BEST NUMBER OF THREADS: 1

Estimate model parameters (epsilon = 0.010)
1. Initial log-likelihood: -23663.519
2. Current log-likelihood: -15725.519
3. Current log-likelihood: -15707.850
4. Current log-likelihood: -15707.280
5. Current log-likelihood: -15706.928
6. Current log-likelihood: -15706.660
7. Current log-likelihood: -15706.438
8. Current log-likelihood: -15706.253
9. Current log-likelihood: -15706.097
10. Current log-likelihood: -15706.085
11. Current log-likelihood: -15705.947
Optimal log-likelihood: -15705.941
Nonsynonymous/synonymous ratio (omega): 1.000
Transition/transversion ratio (kappa): 1.000
Site proportion and rates:  (0.524,0.444) (0.371,1.220) (0.103,2.900) (0.002,9.226)
Parameters optimization took 11 rounds (210.301 sec)
Wrote distance file to... 
BEST SCORE FOUND : -15705.941
Ancestral state probabilities printed to /mnt/data0/yue/2026-03-11-protein-convergence/results/OG_5725/csubst_w_s/csubst_input_alignment.fa.state
Empirical proportions for each category: 0.570 0.339 0.090 0.002
Site rates printed to /mnt/data0/yue/2026-03-11-protein-convergence/results/OG_5725/csubst_w_s/csubst_input_alignment.fa.rate
Total tree length: 3.335

Total number of iterations: 0
CPU time used for tree search: 0.000 sec (0h:0m:0s)
Wall-clock time used for tree search: 0.000 sec (0h:0m:0s)
Total CPU time used: 218.294 sec (0h:3m:38s)
Total wall-clock time used: 219.142 sec (0h:3m:39s)

Analysis results written to: 
  IQ-TREE report:                /mnt/data0/yue/2026-03-11-protein-convergence/results/OG_5725/csubst_w_s/csubst_input_alignment.fa.iqtree
  Maximum-likelihood tree:       /mnt/data0/yue/2026-03-11-protein-convergence/results/OG_5725/csubst_w_s/csubst_input_alignment.fa.treefile
  Site-specific rates:           /mnt/data0/yue/2026-03-11-protein-convergence/results/OG_5725/csubst_w_s/csubst_input_alignment.fa.rate
  Ancestral state:               /mnt/data0/yue/2026-03-11-protein-convergence/results/OG_5725/csubst_w_s/csubst_input_alignment.fa.state
  Screen log file:               /mnt/data0/yue/2026-03-11-protein-convergence/results/OG_5725/csubst_w_s/csubst_input_alignment.fa.log

Date and Time: Fri Mar 27 19:07:22 2026
