IQ-TREE multicore version 2.4.0 for Linux x86 64-bit built Feb 12 2025
Developed by Bui Quang Minh, Nguyen Lam Tung, Olga Chernomor, Heiko Schmidt,
Dominik Schrempf, Michael Woodhams, Ly Trong Nhan, Thomas Wong

Host:    brain (AVX2, FMA3, 2015 GB RAM)
Command: /home/yue/miniconda3/envs/py39/bin/iqtree -s /mnt/data0/yue/2026-03-11-protein-convergence/results/OG_7786/csubst_w_s/csubst_input_alignment.fa -te tmp.csubst.nwk -m ECMK07+F+R4 --seqtype CODON1 --threads-max 1 -T AUTO --ancestral --rate --redo
Seed:    972735 (Using SPRNG - Scalable Parallel Random Number Generator)
Time:    Sat Mar 28 01:44:17 2026
Kernel:  AVX+FMA - auto-detect threads (128 CPU cores detected)

Reading alignment file /mnt/data0/yue/2026-03-11-protein-convergence/results/OG_7786/csubst_w_s/csubst_input_alignment.fa ... Fasta format detected
Reading fasta file: done in 0.0014154 secs using 33.28% CPU
Alignment most likely contains DNA/RNA sequences
Converting to codon sequences with genetic code 1 ...
WARNING: 1 sites contain only gaps or ambiguous characters.
Alignment has 69 sequences with 409 columns, 393 distinct patterns
229 parsimony-informative, 113 singleton sites, 67 constant sites
                                                                Gap/Ambiguity  Composition  p-value
Analyzing sequences: done in 6.58333e-05 secs using 31.9% CPU
   1  SRR3407093|Cluster-6925.0__TRINITY_DN38712_c0_g1_i1.p1            0.98%    passed    100.00%
   2  SRR3407092|Cluster-8684.0__TRINITY_DN9304_c0_g1_i1.p1             2.69%    passed    100.00%
   3  DE173|Cluster-43282.0__TRINITY_DN5284_c0_g1_i4.p1                 0.24%    passed    100.00%
   4  JJ109|Cluster-36803.0__TRINITY_DN3157_c0_g1_i3.p1                 0.24%    passed    100.00%
   5  DE164|Cluster-58643.0__TRINITY_DN7699_c0_g1_i26.p1                0.24%    passed    100.00%
   6  DE541|Cluster-45792.2__TRINITY_DN3799_c0_g1_i11.p2               47.19%    passed     99.97%
   7  DE643|Cluster-74049.0__TRINITY_DN11987_c0_g1_i10.p1               0.24%    passed    100.00%
   8  DE671|Cluster-43504.0__TRINITY_DN13675_c0_g1_i3.p1                0.24%    passed    100.00%
   9  DE737|Cluster-43225.0__TRINITY_DN4105_c0_g1_i3.p1                 0.24%    passed    100.00%
  10  JJ89|Cluster-32731.0__TRINITY_DN5896_c0_g1_i1.p1                  0.24%    passed    100.00%
  11  DE549|Cluster-50137.0__TRINITY_DN7594_c0_g1_i2.p1                 0.24%    passed    100.00%
  12  DE672|Cluster-59282.0__TRINITY_DN121519_c0_g1_i11.p1              9.78%    passed    100.00%
  13  DE115|Cluster-53892.0__TRINITY_DN6548_c0_g1_i3.p1                 0.24%    passed    100.00%
  14  JJ86|Cluster-52270.0__TRINITY_DN9314_c0_g1_i1.p1                  0.24%    passed    100.00%
  15  DE546_urceolata_l|Cluster-18006.1__TRINITY_DN4843_c0_g1_i15.p1    0.24%    passed    100.00%
  16  DE666|Cluster-3249.0__TRINITY_DN5845_c0_g3_i2.p1                  0.24%    passed    100.00%
  17  DE127|Cluster-43917.0__TRINITY_DN15447_c0_g1_i1.p1                0.24%    passed    100.00%
  18  DE554|Cluster-50590.0__TRINITY_DN11955_c0_g1_i4.p1                0.24%    passed    100.00%
  19  DE162|Cluster-36086.0__TRINITY_DN25928_c1_g1_i1.p1                0.24%    passed    100.00%
  20  DE528|Cluster-26217.0__TRINITY_DN4417_c0_g2_i8.p1                 0.24%    passed    100.00%
  21  DE507|Cluster-49237.0__TRINITY_DN14765_c0_g1_i2.p1                0.24%    passed    100.00%
  22  DE704-purple|Cluster-2505.0__TRINITY_DN51439_c0_g1_i1.p1          0.24%    passed    100.00%
  23  DE704-white|Cluster-42710.0__TRINITY_DN7349_c1_g1_i3.p1           0.24%    passed    100.00%
  24  DE623|Cluster-27774.0__TRINITY_DN15274_c0_g1_i6.p1                0.24%    passed    100.00%
  25  DE668|Cluster-57769.0__TRINITY_DN12956_c0_g1_i5.p1                0.24%    passed    100.00%
  26  DE575|Cluster-28068.43__TRINITY_DN5952_c0_g1_i4.p1                0.24%    passed    100.00%
  27  DE681|Cluster-31920.0__TRINITY_DN10127_c0_g1_i7.p1                0.24%    passed    100.00%
  28  DE765|Cluster-26345.1__TRINITY_DN8079_c0_g1_i1.p1                 0.24%    passed    100.00%
  29  DE523|Cluster-55225.0__TRINITY_DN5656_c0_g1_i1.p1                 0.24%    passed    100.00%
  30  DE216|Cluster-50247.0__TRINITY_DN17485_c0_g2_i1.p1                0.24%    passed    100.00%
  31  DE534|Cluster-10839.0__TRINITY_DN20775_c0_g1_i3.p1                0.24%    passed    100.00%
  32  DE542|Cluster-58644.21__TRINITY_DN6706_c0_g1_i5.p1                0.24%    passed    100.00%
  33  JJ15|Cluster-75098.1__TRINITY_DN2929_c0_g1_i9.p1                  0.24%    passed    100.00%
  34  DE550|Cluster-26175.0__TRINITY_DN6036_c0_g1_i3.p1                 0.24%    passed    100.00%
  35  DE181|Cluster-58406.0__TRINITY_DN7888_c0_g1_i1.p1                49.39%    passed     99.74%
  36  SRR3407086|Cluster-18078.0__TRINITY_DN89790_c0_g1_i1.p1           0.24%    passed    100.00%
  37  SRR3424066|Cluster-9538.0__TRINITY_DN40894_c0_g1_i1.p1            0.24%    passed    100.00%
  38  DE536|Cluster-29996.0__TRINITY_DN9506_c0_g1_i3.p1                 0.24%    passed    100.00%
  39  SRR3407096|Cluster-31695.0__TRINITY_DN25691_c0_g1_i2.p1           0.24%    passed    100.00%
  40  DE741|Cluster-43199.0__TRINITY_DN9918_c0_g1_i9.p1                 0.24%    passed    100.00%
  41  DE503|Cluster-58250.0__TRINITY_DN10332_c0_g1_i10.p1              39.36%    passed     99.99%
  42  DE505|Cluster-38101.0__TRINITY_DN8191_c0_g1_i6.p1                 0.24%    passed    100.00%
  43  SRR3407094|Cluster-6268.0__TRINITY_DN44226_c0_g1_i2.p1            0.24%    passed    100.00%
  44  SRR3407088|Cluster-41540.0__TRINITY_DN23165_c0_g1_i1.p1           0.24%    passed    100.00%
  45  DE510|Cluster-14781.0__TRINITY_DN8066_c0_g1_i3.p1                10.02%    passed    100.00%
  46  SRR3407087|Cluster-2136.0__TRINITY_DN41606_c0_g1_i1.p1            0.24%    passed    100.00%
  47  DE561|Cluster-25133.0__TRINITY_DN6343_c0_g1_i2.p1                17.36%    passed    100.00%
  48  JJ125|Cluster-34761.0__TRINITY_DN25055_c0_g2_i3.p1               11.98%    passed    100.00%
  49  JJ74|Cluster-104791.0__TRINITY_DN5895_c0_g1_i3.p1                 0.24%    passed    100.00%
  50  DE151|Cluster-34949.0__TRINITY_DN10346_c0_g1_i2.p1                0.24%    passed    100.00%
  51  DE189|Cluster-46528.0__TRINITY_DN6826_c0_g1_i4.p1                 0.24%    passed    100.00%
  52  DE476|Cluster-22955.0__TRINITY_DN9076_c1_g1_i2.p1                 0.24%    passed    100.00%
  53  DE696-dots|Cluster-28292.0__TRINITY_DN9879_c0_g1_i1.p1            0.24%    passed    100.00%
  54  DE696-nodots|Cluster-44801.0__TRINITY_DN10053_c0_g1_i4.p1         0.24%    passed    100.00%
  55  JJ36|Cluster-32635.0__TRINITY_DN5095_c0_g1_i4.p1                 46.21%    passed     99.90%
  56  DE504|Cluster-25320.0__TRINITY_DN1334_c0_g1_i1.p1                 0.24%    passed    100.00%
  57  DE509|Cluster-46145.0__TRINITY_DN2957_c0_g1_i5.p1                 2.20%    passed    100.00%
  58  DE764|Cluster-38950.0__TRINITY_DN7064_c0_g1_i3.p1                 0.24%    passed    100.00%
  59  DE736|Cluster-61929.0__TRINITY_DN8840_c0_g1_i5.p1                 0.24%    passed    100.00%
  60  JJ85|Cluster-41503.0__TRINITY_DN19515_c0_g1_i3.p1                 0.24%    passed    100.00%
  61  DE126|Cluster-32352.0__TRINITY_DN12214_c1_g2_i2.p1                0.24%    passed    100.00%
  62  DE229|Cluster-57930.0__TRINITY_DN13355_c0_g1_i5.p1                0.24%    passed    100.00%
  63  DE152|Cluster-40751.0__TRINITY_DN19482_c0_g2_i2.p1                0.24%    passed     99.98%
  64  JJ99|Cluster-4590.0__TRINITY_DN2177_c0_g2_i2.p1                   0.24%    passed    100.00%
  65  DE566|Cluster-60315.0__TRINITY_DN12826_c0_g1_i12.p1               0.24%    passed    100.00%
  66  JJ131|Cluster-30719.2__TRINITY_DN15175_c0_g1_i3.p1                0.24%    passed    100.00%
  67  JJ130|Cluster-26632.0__TRINITY_DN9777_c0_g1_i1.p1                16.38%    passed    100.00%
  68  JJ23|Cluster-43801.0__TRINITY_DN5700_c0_g1_i10.p1                19.80%    passed     99.85%
  69  DE560|Cluster-27195.0__TRINITY_DN2682_c0_g1_i2.p1                10.02%    passed    100.00%
****  TOTAL                                                             4.30%  0 sequences failed composition chi2 test (p-value<5%; df=60)
Reading input tree file tmp.csubst.nwk ... rooted tree

NOTE: 59 MB RAM (0 GB) is required!
Measuring multi-threading efficiency up to 1 CPU cores
2 trees examined
Threads: 1 / Time: 3.027 sec / Speedup: 1.000 / Efficiency: 100% / LogL: -14735
BEST NUMBER OF THREADS: 1

Estimate model parameters (epsilon = 0.010)
1. Initial log-likelihood: -13561.339
2. Current log-likelihood: -9143.734
3. Current log-likelihood: -9143.168
4. Current log-likelihood: -9142.840
5. Current log-likelihood: -9142.638
6. Current log-likelihood: -9142.520
7. Current log-likelihood: -9142.460
8. Current log-likelihood: -9142.433
9. Current log-likelihood: -9142.422
Optimal log-likelihood: -9142.417
Nonsynonymous/synonymous ratio (omega): 1.000
Transition/transversion ratio (kappa): 1.000
Site proportion and rates:  (0.589,0.507) (0.360,1.384) (0.037,3.968) (0.013,4.121)
Parameters optimization took 9 rounds (98.702 sec)
Wrote distance file to... 
BEST SCORE FOUND : -9142.417
Ancestral state probabilities printed to /mnt/data0/yue/2026-03-11-protein-convergence/results/OG_7786/csubst_w_s/csubst_input_alignment.fa.state
Empirical proportions for each category: 0.628 0.333 0.039 0.000
Site rates printed to /mnt/data0/yue/2026-03-11-protein-convergence/results/OG_7786/csubst_w_s/csubst_input_alignment.fa.rate
Total tree length: 3.087

Total number of iterations: 0
CPU time used for tree search: 0.000 sec (0h:0m:0s)
Wall-clock time used for tree search: 0.000 sec (0h:0m:0s)
Total CPU time used: 103.486 sec (0h:1m:43s)
Total wall-clock time used: 103.840 sec (0h:1m:43s)

Analysis results written to: 
  IQ-TREE report:                /mnt/data0/yue/2026-03-11-protein-convergence/results/OG_7786/csubst_w_s/csubst_input_alignment.fa.iqtree
  Maximum-likelihood tree:       /mnt/data0/yue/2026-03-11-protein-convergence/results/OG_7786/csubst_w_s/csubst_input_alignment.fa.treefile
  Site-specific rates:           /mnt/data0/yue/2026-03-11-protein-convergence/results/OG_7786/csubst_w_s/csubst_input_alignment.fa.rate
  Ancestral state:               /mnt/data0/yue/2026-03-11-protein-convergence/results/OG_7786/csubst_w_s/csubst_input_alignment.fa.state
  Screen log file:               /mnt/data0/yue/2026-03-11-protein-convergence/results/OG_7786/csubst_w_s/csubst_input_alignment.fa.log

Date and Time: Sat Mar 28 01:46:01 2026
