IQ-TREE multicore version 2.4.0 for Linux x86 64-bit built Feb 12 2025
Developed by Bui Quang Minh, Nguyen Lam Tung, Olga Chernomor, Heiko Schmidt,
Dominik Schrempf, Michael Woodhams, Ly Trong Nhan, Thomas Wong

Host:    brain (AVX2, FMA3, 2015 GB RAM)
Command: /home/yue/miniconda3/envs/py39/bin/iqtree -s /mnt/data0/yue/2026-03-11-protein-convergence/results/OG_4261/csubst_w_s/csubst_input_alignment.fa -te tmp.csubst.nwk -m ECMK07+F+R4 --seqtype CODON1 --threads-max 1 -T AUTO --ancestral --rate --redo
Seed:    293011 (Using SPRNG - Scalable Parallel Random Number Generator)
Time:    Fri Mar 27 13:09:17 2026
Kernel:  AVX+FMA - auto-detect threads (128 CPU cores detected)

Reading alignment file /mnt/data0/yue/2026-03-11-protein-convergence/results/OG_4261/csubst_w_s/csubst_input_alignment.fa ... Fasta format detected
Reading fasta file: done in 0.00294839 secs using 60.37% CPU
Alignment most likely contains DNA/RNA sequences
Converting to codon sequences with genetic code 1 ...
WARNING: 1 sites contain only gaps or ambiguous characters.
Alignment has 64 sequences with 404 columns, 393 distinct patterns
168 parsimony-informative, 141 singleton sites, 95 constant sites
                                                              Gap/Ambiguity  Composition  p-value
Analyzing sequences: done in 0.000141621 secs using 98.86% CPU
   1  JJ86|Cluster-44089.0__TRINITY_DN6247_c2_g1_i2.p1                1.73%    passed    100.00%
   2  DRR082665|Cluster-54717.2__TRINITY_DN7215_c0_g1_i2.p1          31.93%    passed     52.29%
   3  DE164|Cluster-54045.0__TRINITY_DN9241_c0_g1_i1.p1               1.73%    passed    100.00%
   4  DE476|Cluster-52006.0__TRINITY_DN8159_c0_g1_i2.p1              34.41%    passed     99.62%
   5  JJ125|Cluster-39858.0__TRINITY_DN2162_c0_g1_i12.p1             18.32%    passed    100.00%
   6  JJ85|Cluster-21927.0__TRINITY_DN20109_c0_g2_i2.p1               1.73%    passed    100.00%
   7  DE560|Cluster-22145.0__TRINITY_DN2301_c0_g2_i3.p1               1.73%    passed    100.00%
   8  JJ36|Cluster-39197.0__TRINITY_DN266_c1_g1_i21.p1                1.73%    passed    100.00%
   9  DE181|Cluster-38659.0__TRINITY_DN1141_c1_g2_i1.p1               1.98%    passed    100.00%
  10  SRR3407088|Cluster-21539.0__TRINITY_DN16031_c1_g2_i1.p1        47.03%    passed     99.67%
  11  DE561|Cluster-35572.0__TRINITY_DN2257_c0_g2_i8.p1              46.78%    passed     99.47%
  12  DE510|Cluster-47887.0__TRINITY_DN23453_c0_g1_i1.p1              1.73%    passed    100.00%
  13  SRR3407093|Cluster-36801.0__TRINITY_DN12346_c0_g1_i1.p1        46.78%    passed     99.65%
  14  DE741|Cluster-50949.0__TRINITY_DN26918_c0_g1_i5.p1             46.78%    passed     96.90%
  15  DE541|Cluster-27916.0__TRINITY_DN4273_c0_g4_i1.p1              46.78%    passed     99.45%
  16  DE672|Cluster-51094.0__TRINITY_DN60137_c1_g2_i3.p1              1.73%    passed    100.00%
  17  DE88|Cluster-31480.1__TRINITY_DN9666_c0_g1_i81.p1              33.66%    passed     99.98%
  18  DE696-dots|Cluster-59402.0__TRINITY_DN4182_c0_g1_i1.p1         38.86%    passed    100.00%
  19  DE550|Cluster-27585.0__TRINITY_DN7317_c0_g1_i5.p1              46.78%    passed     98.87%
  20  JJ89|Cluster-18516.0__TRINITY_DN8501_c0_g1_i1.p1               46.78%    passed     99.67%
  21  DE764|Cluster-9835.0__TRINITY_DN8551_c0_g2_i2.p1               46.78%    passed     99.66%
  22  JJ130|Cluster-48729.4__TRINITY_DN101_c1_g1_i5.p1               46.78%    passed     99.41%
  23  SRR3407096|Cluster-11834.0__TRINITY_DN12950_c0_g3_i1.p1         1.73%    passed    100.00%
  24  DE69|Cluster-44140.0__TRINITY_DN2320_c0_g1_i6.p1               46.78%    passed     99.59%
  25  DE189|Cluster-39004.0__TRINITY_DN11390_c1_g1_i2.p1             46.78%    passed     99.28%
  26  JJ109|Cluster-40181.0__TRINITY_DN2028_c2_g1_i2.p1              46.78%    passed     99.30%
  27  DE643|Cluster-69882.0__TRINITY_DN7396_c0_g2_i1.p1              47.03%    passed     97.00%
  28  DE671|Cluster-51568.0__TRINITY_DN3810_c1_g1_i1.p1               1.98%    passed    100.00%
  29  DE549|Cluster-22045.1__TRINITY_DN12116_c0_g1_i1.p1              1.73%    passed    100.00%
  30  JJ23|Cluster-21124.2__TRINITY_DN9080_c1_g1_i4.p1                1.73%    passed    100.00%
  31  DRR234970|Cluster-22865.0__TRINITY_DN7835_c1_g2_i2.p1           1.98%    passed    100.00%
  32  SRR104381|Cluster-2524.247__TRINITY_DN6357_c0_g2_i4.p1          9.41%    passed     99.99%
  33  SRR3407095|Cluster-54044.5__TRINITY_DN18835_c0_g1_i7.p1        36.63%    passed     96.88%
  34  JJ131|Cluster-57596.1__TRINITY_DN14472_c0_g3_i4.p1              6.68%    passed    100.00%
  35  DE736|Cluster-51618.0__TRINITY_DN7912_c0_g1_i2.p1              40.59%    passed     76.11%
  36  DE519|Cluster-51378.0__TRINITY_DN4133_c1_g1_i1.p1              19.31%    passed     99.98%
  37  DE696-nodots|Cluster-41944.0__TRINITY_DN16623_c0_g1_i4.p1       1.49%    passed    100.00%
  38  DE162|Cluster-44548.0__TRINITY_DN12015_c0_g3_i1.p1              1.73%    passed    100.00%
  39  DE528|Cluster-47803.1__TRINITY_DN12351_c0_g1_i6.p1              1.73%    passed    100.00%
  40  DE507|Cluster-25084.0__TRINITY_DN13550_c0_g1_i1.p1              1.73%    passed    100.00%
  41  DE704-white|Cluster-23292.0__TRINITY_DN1880_c2_g1_i5.p1         1.73%    passed    100.00%
  42  DE623|Cluster-11154.0__TRINITY_DN6080_c0_g1_i3.p1              27.72%    passed     99.36%
  43  DE680|Cluster-51613.0__TRINITY_DN3655_c1_g1_i4.p1               1.73%    passed    100.00%
  44  DE575|Cluster-51481.0__TRINITY_DN26249_c0_g1_i4.p1             42.08%    passed     49.41%
  45  DE681|Cluster-12038.0__TRINITY_DN84_c0_g3_i4.p1                42.08%    passed     78.33%
  46  DE127|Cluster-23313.0__TRINITY_DN7724_c0_g2_i2.p1              46.78%    passed     99.27%
  47  DE666|Cluster-22684.0__TRINITY_DN4328_c1_g3_i1.p1               1.73%    passed    100.00%
  48  DE563|Cluster-32619.0__TRINITY_DN5314_c0_g1_i4.p1               1.49%    passed    100.00%
  49  DE575|Cluster-62353.1__TRINITY_DN239_c0_g3_i2.p1               48.02%    passed     94.08%
  50  DE546_urceolata_l|Cluster-4481.0__TRINITY_DN6208_c2_g1_i3.p1    1.73%    passed    100.00%
  51  JJ74|Cluster-88024.0__TRINITY_DN15083_c0_g2_i2.p1              46.78%    passed     98.88%
  52  JJ99|Cluster-24349.0__TRINITY_DN10494_c0_g1_i22.p1             46.78%    passed     97.20%
  53  DE216|Cluster-69217.2__TRINITY_DN25076_c0_g1_i20.p1            42.08%    passed     83.25%
  54  DE126|Cluster-34183.2__TRINITY_DN7728_c0_g1_i15.p1              1.73%    passed    100.00%
  55  DE152|Cluster-47433.0__TRINITY_DN3318_c1_g2_i3.p1               1.73%    passed    100.00%
  56  DE229|Cluster-88899.1__TRINITY_DN2793_c0_g1_i2.p1               1.73%    passed    100.00%
  57  DE542|Cluster-13821.0__TRINITY_DN10716_c0_g1_i4.p1             46.78%    passed     96.57%
  58  SRR5150740|Cluster-47724.0__TRINITY_DN19493_c0_g1_i4.p1        10.64%    passed     99.97%
  59  DE505|Cluster-22719.0__TRINITY_DN18928_c0_g1_i12.p1            21.04%    passed     99.29%
  60  DE536|Cluster-28581.1__TRINITY_DN651_c0_g1_i19.p1              47.28%    passed     75.03%
  61  DE504|Cluster-34621.0__TRINITY_DN3153_c0_g1_i20.p1              1.73%    passed    100.00%
  62  DE509|Cluster-35264.0__TRINITY_DN6126_c0_g2_i5.p1               1.73%    passed    100.00%
  63  DE554|Cluster-65283.0__TRINITY_DN7252_c0_g1_i5.p1              20.05%    passed    100.00%
  64  DE566|Cluster-51263.0__TRINITY_DN5409_c0_g1_i8.p1              42.33%    passed     72.76%
****  TOTAL                                                          22.75%  0 sequences failed composition chi2 test (p-value<5%; df=60)
Reading input tree file tmp.csubst.nwk ... rooted tree

NOTE: 55 MB RAM (0 GB) is required!
Measuring multi-threading efficiency up to 1 CPU cores
2 trees examined
Threads: 1 / Time: 2.861 sec / Speedup: 1.000 / Efficiency: 100% / LogL: -9161
BEST NUMBER OF THREADS: 1

Estimate model parameters (epsilon = 0.010)
1. Initial log-likelihood: -10183.062
2. Current log-likelihood: -7207.512
3. Current log-likelihood: -7207.299
4. Current log-likelihood: -7207.171
5. Current log-likelihood: -7207.067
6. Current log-likelihood: -7206.982
7. Current log-likelihood: -7206.913
8. Current log-likelihood: -7206.857
9. Current log-likelihood: -7206.816
10. Current log-likelihood: -7206.785
11. Current log-likelihood: -7206.762
12. Current log-likelihood: -7206.747
Optimal log-likelihood: -7206.737
Nonsynonymous/synonymous ratio (omega): 1.000
Transition/transversion ratio (kappa): 1.000
Site proportion and rates:  (0.594,0.429) (0.295,1.274) (0.087,3.264) (0.024,3.526)
Parameters optimization took 12 rounds (94.292 sec)
Wrote distance file to... 
BEST SCORE FOUND : -7206.737
Ancestral state probabilities printed to /mnt/data0/yue/2026-03-11-protein-convergence/results/OG_4261/csubst_w_s/csubst_input_alignment.fa.state
Empirical proportions for each category: 0.671 0.255 0.074 0.000
Site rates printed to /mnt/data0/yue/2026-03-11-protein-convergence/results/OG_4261/csubst_w_s/csubst_input_alignment.fa.rate
Total tree length: 3.311

Total number of iterations: 0
CPU time used for tree search: 0.000 sec (0h:0m:0s)
Wall-clock time used for tree search: 0.000 sec (0h:0m:0s)
Total CPU time used: 98.291 sec (0h:1m:38s)
Total wall-clock time used: 98.658 sec (0h:1m:38s)

Analysis results written to: 
  IQ-TREE report:                /mnt/data0/yue/2026-03-11-protein-convergence/results/OG_4261/csubst_w_s/csubst_input_alignment.fa.iqtree
  Maximum-likelihood tree:       /mnt/data0/yue/2026-03-11-protein-convergence/results/OG_4261/csubst_w_s/csubst_input_alignment.fa.treefile
  Site-specific rates:           /mnt/data0/yue/2026-03-11-protein-convergence/results/OG_4261/csubst_w_s/csubst_input_alignment.fa.rate
  Ancestral state:               /mnt/data0/yue/2026-03-11-protein-convergence/results/OG_4261/csubst_w_s/csubst_input_alignment.fa.state
  Screen log file:               /mnt/data0/yue/2026-03-11-protein-convergence/results/OG_4261/csubst_w_s/csubst_input_alignment.fa.log

Date and Time: Fri Mar 27 13:10:55 2026
