IQ-TREE multicore version 2.4.0 for Linux x86 64-bit built Feb 12 2025
Developed by Bui Quang Minh, Nguyen Lam Tung, Olga Chernomor, Heiko Schmidt,
Dominik Schrempf, Michael Woodhams, Ly Trong Nhan, Thomas Wong

Host:    brain (AVX2, FMA3, 2015 GB RAM)
Command: /home/yue/miniconda3/envs/py39/bin/iqtree -s /mnt/data0/yue/2026-03-11-protein-convergence/results/OG_5933/csubst_w_s/csubst_input_alignment.fa -te tmp.csubst.nwk -m ECMK07+F+R4 --seqtype CODON1 --threads-max 1 -T AUTO --ancestral --rate --redo
Seed:    148292 (Using SPRNG - Scalable Parallel Random Number Generator)
Time:    Fri Mar 27 19:50:53 2026
Kernel:  AVX+FMA - auto-detect threads (128 CPU cores detected)

Reading alignment file /mnt/data0/yue/2026-03-11-protein-convergence/results/OG_5933/csubst_w_s/csubst_input_alignment.fa ... Fasta format detected
Reading fasta file: done in 0.00139935 secs
Alignment most likely contains DNA/RNA sequences
Converting to codon sequences with genetic code 1 ...
Alignment has 76 sequences with 357 columns, 345 distinct patterns
199 parsimony-informative, 91 singleton sites, 67 constant sites
                                                               Gap/Ambiguity  Composition  p-value
Analyzing sequences: done in 6.54161e-05 secs
   1  DE563|Cluster-27816.1__TRINITY_DN3886_c0_g1_i2.p1                0.28%    passed    100.00%
   2  DE575|Cluster-6954.0__TRINITY_DN4767_c0_g1_i1.p1                 0.28%    passed    100.00%
   3  DE162|Cluster-51824.0__TRINITY_DN2688_c0_g1_i2.p1                0.28%    passed    100.00%
   4  DE668|Cluster-46019.0__TRINITY_DN32903_c0_g1_i1.p1               0.28%    passed    100.00%
   5  DE126|Cluster-45407.0__TRINITY_DN3152_c0_g1_i2.p1                0.28%    passed    100.00%
   6  DE546_urceolata_l|Cluster-46915.0__TRINITY_DN2828_c0_g1_i1.p1    0.28%    passed    100.00%
   7  JJ23|Cluster-45607.0__TRINITY_DN10288_c0_g1_i6.p1                0.28%    passed    100.00%
   8  DE127|Cluster-8534.0__TRINITY_DN6363_c0_g1_i3.p1                 0.28%    passed    100.00%
   9  DE554|Cluster-37044.0__TRINITY_DN28245_c1_g1_i2.p1               0.28%    passed    100.00%
  10  DE181|Cluster-31625.0__TRINITY_DN1155_c2_g2_i2.p1                0.00%    passed    100.00%
  11  SRR3407086|Cluster-24548.0__TRINITY_DN7658_c0_g1_i1.p1           0.00%    passed    100.00%
  12  DE561|Cluster-16731.0__TRINITY_DN1095_c1_g1_i1.p1                0.00%    passed    100.00%
  13  SRR3424066|Cluster-34348.0__TRINITY_DN8402_c0_g1_i2.p1           0.00%    passed    100.00%
  14  JJ74|Cluster-97825.0__TRINITY_DN11726_c0_g1_i1.p1               20.73%    passed     99.95%
  15  JJ85|Cluster-31316.0__TRINITY_DN669_c0_g1_i3.p1                  0.28%    passed    100.00%
  16  DE566|Cluster-49939.2__TRINITY_DN1326_c0_g1_i7.p1                0.28%    passed    100.00%
  17  DE115|Cluster-45265.0__TRINITY_DN4362_c0_g1_i1.p1                0.00%    passed    100.00%
  18  JJ86|Cluster-19323.0__TRINITY_DN9787_c0_g1_i1.p1                 0.00%    passed    100.00%
  19  DE666|Cluster-21886.0__TRINITY_DN31864_c0_g1_i1.p1               0.00%    passed    100.00%
  20  DE765|Cluster-54398.0__TRINITY_DN6467_c0_g1_i1.p1                0.00%    passed    100.00%
  21  DE681|Cluster-18201.0__TRINITY_DN3998_c0_g1_i1.p1                0.00%    passed    100.00%
  22  DE528|Cluster-52181.0__TRINITY_DN18904_c0_g3_i1.p1               0.00%    passed    100.00%
  23  DE507|Cluster-86750.0__TRINITY_DN3455_c0_g1_i1.p1                0.00%    passed    100.00%
  24  DE704-purple|Cluster-46362.0__TRINITY_DN5822_c0_g1_i1.p1         0.00%    passed    100.00%
  25  DE704-white|Cluster-51695.0__TRINITY_DN3387_c0_g2_i1.p1          0.00%    passed    100.00%
  26  DE623|Cluster-58278.0__TRINITY_DN8753_c0_g1_i1.p1                0.00%    passed    100.00%
  27  DE680|Cluster-58505.0__TRINITY_DN4700_c0_g1_i1.p1                0.00%    passed    100.00%
  28  DE229|Cluster-93300.0__TRINITY_DN7783_c0_g1_i2.p1                0.00%    passed    100.00%
  29  DE560|Cluster-37539.0__TRINITY_DN3695_c0_g1_i2.p1                0.00%    passed    100.00%
  30  DRR082660|Cluster-18478.0__TRINITY_DN6227_c0_g1_i1.p1            0.00%    passed    100.00%
  31  JJ125|Cluster-24114.0__TRINITY_DN11574_c0_g1_i2.p1               0.28%    passed    100.00%
  32  DE741|Cluster-29936.0__TRINITY_DN5092_c0_g1_i1.p1                0.28%    passed    100.00%
  33  DE519|Cluster-66083.0__TRINITY_DN12692_c0_g1_i1.p1               0.00%    passed    100.00%
  34  SRR3407088|Cluster-7424.0__TRINITY_DN13710_c0_g1_i2.p1           0.00%    passed    100.00%
  35  DE503|Cluster-47589.0__TRINITY_DN5831_c0_g1_i3.p1                0.00%    passed    100.00%
  36  DE505|Cluster-44644.0__TRINITY_DN14403_c0_g1_i2.p1               0.00%    passed    100.00%
  37  SRR3407093|Cluster-3699.0__TRINITY_DN2192_c1_g1_i1.p1            0.00%    passed    100.00%
  38  SRR3407094|Cluster-4684.0__TRINITY_DN48613_c0_g1_i1.p1           0.00%    passed    100.00%
  39  SRR3407087|Cluster-32181.0__TRINITY_DN10398_c0_g1_i2.p1          0.00%    passed    100.00%
  40  SRR3407092|Cluster-9604.1__TRINITY_DN3907_c0_g1_i1.p1            0.00%    passed    100.00%
  41  DE173|Cluster-18246.0__TRINITY_DN2547_c0_g1_i1.p1                0.28%    passed    100.00%
  42  JJ109|Cluster-45877.0__TRINITY_DN1073_c0_g3_i4.p1                0.28%    passed    100.00%
  43  DE189|Cluster-35121.0__TRINITY_DN10472_c0_g1_i3.p1               0.00%    passed    100.00%
  44  DE88|Cluster-39582.0__TRINITY_DN2103_c0_g1_i2.p1                 0.28%    passed    100.00%
  45  DE504|Cluster-39013.0__TRINITY_DN8545_c0_g1_i1.p1                0.00%    passed    100.00%
  46  DE643|Cluster-38043.2__TRINITY_DN5742_c0_g1_i5.p1                0.00%    passed    100.00%
  47  DE671|Cluster-37966.0__TRINITY_DN16626_c1_g1_i2.p1               0.00%    passed    100.00%
  48  DE672|Cluster-36165.0__TRINITY_DN1865_c0_g1_i3.p1                0.28%    passed    100.00%
  49  DE509|Cluster-25626.0__TRINITY_DN53301_c0_g1_i1.p1               0.00%    passed    100.00%
  50  DE736|Cluster-7051.0__TRINITY_DN13501_c0_g1_i1.p1                0.00%    passed    100.00%
  51  DE764|Cluster-20150.0__TRINITY_DN4966_c0_g1_i2.p1                0.00%    passed    100.00%
  52  JJ89|Cluster-8484.0__TRINITY_DN37060_c0_g1_i1.p1                 0.00%    passed    100.00%
  53  DE737|Cluster-35584.0__TRINITY_DN4024_c1_g1_i1.p1                0.00%    passed    100.00%
  54  DE476|Cluster-4007.0__TRINITY_DN4076_c0_g1_i1.p1                 0.00%    passed    100.00%
  55  DE550|Cluster-35555.0__TRINITY_DN7459_c0_g1_i1.p1                0.00%    passed    100.00%
  56  DE696-dots|Cluster-58374.0__TRINITY_DN1697_c0_g2_i2.p1           0.28%    passed    100.00%
  57  DE696-nodots|Cluster-30514.0__TRINITY_DN1084_c0_g1_i1.p1         0.00%    passed    100.00%
  58  JJ36|Cluster-7945.3__TRINITY_DN4017_c1_g4_i2.p1                  0.28%    passed    100.00%
  59  DE541|Cluster-17492.0__TRINITY_DN4907_c0_g1_i2.p1                0.28%    passed    100.00%
  60  DE216|Cluster-83162.0__TRINITY_DN12074_c1_g1_i1.p1               0.00%    passed    100.00%
  61  JJ15|Cluster-9764.3__TRINITY_DN16853_c0_g1_i4.p1                66.11%    passed     55.53%
  62  DE534|Cluster-15148.0__TRINITY_DN109_c1_g1_i1.p1                 0.00%    passed    100.00%
  63  DRR234970|Cluster-44207.0__TRINITY_DN55618_c0_g1_i1.p1           0.00%    passed     97.66%
  64  DE536|Cluster-39938.1__TRINITY_DN1250_c1_g1_i10.p1               0.00%    passed    100.00%
  65  DE542|Cluster-14276.0__TRINITY_DN4601_c0_g1_i2.p1                0.28%    passed    100.00%
  66  DE549|Cluster-18404.0__TRINITY_DN15238_c0_g1_i1.p1               0.00%    passed    100.00%
  67  DE151|Cluster-4133.0__TRINITY_DN1856_c0_g1_i9.p1                 0.00%    passed    100.00%
  68  JJ130|Cluster-43895.5__TRINITY_DN977_c0_g1_i1.p1                57.42%    passed     97.76%
  69  DE523|Cluster-43082.1__TRINITY_DN4976_c0_g1_i2.p1               66.11%    passed     76.79%
  70  SRR3407096|Cluster-112.0__TRINITY_DN2985_c0_g1_i1.p1             0.28%    passed    100.00%
  71  DE69|Cluster-45770.0__TRINITY_DN146_c1_g1_i12.p1                66.11%    passed     74.54%
  72  SRR3407095|Cluster-34940.0__TRINITY_DN2364_c0_g1_i1.p1           0.00%    passed    100.00%
  73  DE152|Cluster-38728.0__TRINITY_DN2618_c3_g1_i2.p1               48.46%    passed     99.81%
  74  JJ99|Cluster-38108.0__TRINITY_DN7189_c0_g1_i4.p1                48.46%    passed     99.78%
  75  SRR104381|Cluster-27424.0__TRINITY_DN1887_c0_g1_i15.p1          33.61%    passed     97.83%
  76  SRR5150740|Cluster-36330.0__TRINITY_DN1597_c0_g1_i12.p1         59.94%    passed     53.68%
WARNING: 5 sequences contain more than 50% gaps/ambiguity
****  TOTAL                                                            6.23%  0 sequences failed composition chi2 test (p-value<5%; df=60)
Reading input tree file tmp.csubst.nwk ... rooted tree

NOTE: 58 MB RAM (0 GB) is required!
Measuring multi-threading efficiency up to 1 CPU cores
2 trees examined
Threads: 1 / Time: 3.158 sec / Speedup: 1.000 / Efficiency: 100% / LogL: -13704
BEST NUMBER OF THREADS: 1

Estimate model parameters (epsilon = 0.010)
1. Initial log-likelihood: -12270.388
2. Current log-likelihood: -8616.831
3. Current log-likelihood: -8603.638
4. Current log-likelihood: -8595.458
5. Current log-likelihood: -8589.408
6. Current log-likelihood: -8588.981
7. Current log-likelihood: -8588.794
8. Current log-likelihood: -8588.700
9. Current log-likelihood: -8588.643
10. Current log-likelihood: -8588.605
11. Current log-likelihood: -8588.578
12. Current log-likelihood: -8588.559
13. Current log-likelihood: -8588.546
Optimal log-likelihood: -8588.537
Nonsynonymous/synonymous ratio (omega): 1.000
Transition/transversion ratio (kappa): 1.000
Site proportion and rates:  (0.574,0.322) (0.285,1.143) (0.133,2.971) (0.009,11.189)
Parameters optimization took 13 rounds (131.505 sec)
Wrote distance file to... 
BEST SCORE FOUND : -8588.537
Ancestral state probabilities printed to /mnt/data0/yue/2026-03-11-protein-convergence/results/OG_5933/csubst_w_s/csubst_input_alignment.fa.state
Empirical proportions for each category: 0.627 0.244 0.120 0.008
Site rates printed to /mnt/data0/yue/2026-03-11-protein-convergence/results/OG_5933/csubst_w_s/csubst_input_alignment.fa.rate
Total tree length: 3.839

Total number of iterations: 0
CPU time used for tree search: 0.000 sec (0h:0m:0s)
Wall-clock time used for tree search: 0.000 sec (0h:0m:0s)
Total CPU time used: 135.996 sec (0h:2m:15s)
Total wall-clock time used: 136.598 sec (0h:2m:16s)

Analysis results written to: 
  IQ-TREE report:                /mnt/data0/yue/2026-03-11-protein-convergence/results/OG_5933/csubst_w_s/csubst_input_alignment.fa.iqtree
  Maximum-likelihood tree:       /mnt/data0/yue/2026-03-11-protein-convergence/results/OG_5933/csubst_w_s/csubst_input_alignment.fa.treefile
  Site-specific rates:           /mnt/data0/yue/2026-03-11-protein-convergence/results/OG_5933/csubst_w_s/csubst_input_alignment.fa.rate
  Ancestral state:               /mnt/data0/yue/2026-03-11-protein-convergence/results/OG_5933/csubst_w_s/csubst_input_alignment.fa.state
  Screen log file:               /mnt/data0/yue/2026-03-11-protein-convergence/results/OG_5933/csubst_w_s/csubst_input_alignment.fa.log

Date and Time: Fri Mar 27 19:53:09 2026
