IQ-TREE multicore version 2.4.0 for Linux x86 64-bit built Feb 12 2025
Developed by Bui Quang Minh, Nguyen Lam Tung, Olga Chernomor, Heiko Schmidt,
Dominik Schrempf, Michael Woodhams, Ly Trong Nhan, Thomas Wong

Host:    brain (AVX2, FMA3, 2015 GB RAM)
Command: /home/yue/miniconda3/envs/py39/bin/iqtree -s /mnt/data0/yue/2026-03-11-protein-convergence/results/OG_11074/csubst_w_s/csubst_input_alignment.fa -te tmp.csubst.nwk -m ECMK07+F+R4 --seqtype CODON1 --threads-max 1 -T AUTO --ancestral --rate --redo
Seed:    656701 (Using SPRNG - Scalable Parallel Random Number Generator)
Time:    Thu Mar 26 21:49:19 2026
Kernel:  AVX+FMA - auto-detect threads (128 CPU cores detected)

Reading alignment file /mnt/data0/yue/2026-03-11-protein-convergence/results/OG_11074/csubst_w_s/csubst_input_alignment.fa ... Fasta format detected
Reading fasta file: done in 0.00107782 secs
Alignment most likely contains DNA/RNA sequences
Converting to codon sequences with genetic code 1 ...
Alignment has 58 sequences with 366 columns, 355 distinct patterns
218 parsimony-informative, 90 singleton sites, 58 constant sites
                                                          Gap/Ambiguity  Composition  p-value
Analyzing sequences: done in 5.28693e-05 secs using 98.36% CPU
   1  DE229|Cluster-101114.0__TRINITY_DN5304_c0_g3_i2.p1         24.86%    passed    100.00%
   2  JJ23|Cluster-31294.0__TRINITY_DN50203_c0_g1_i1.p1           0.27%    passed    100.00%
   3  JJ99|Cluster-50410.0__TRINITY_DN33_c3_g1_i1.p1              0.27%    passed    100.00%
   4  DE152|Cluster-10968.4__TRINITY_DN8328_c0_g1_i2.p1           0.27%    passed    100.00%
   5  DE127|Cluster-15384.0__TRINITY_DN3_c0_g4_i1.p1              0.00%    passed    100.00%
   6  DE554|Cluster-39494.0__TRINITY_DN31_c1_g1_i17.p1            0.00%    passed    100.00%
   7  DE666|Cluster-19764.0__TRINITY_DN2284_c0_g3_i1.p1          24.86%    passed    100.00%
   8  DE623|Cluster-48942.1__TRINITY_DN218_c0_g1_i3.p1            0.00%    passed    100.00%
   9  DE680|Cluster-48085.0__TRINITY_DN526_c0_g1_i7.p1            0.00%    passed    100.00%
  10  DE566|Cluster-8540.0__TRINITY_DN387_c0_g2_i1.p1             0.00%    passed    100.00%
  11  DE162|Cluster-37011.0__TRINITY_DN3128_c0_g2_i1.p1          24.86%    passed     99.97%
  12  DE528|Cluster-45545.0__TRINITY_DN7516_c0_g1_i3.p1           0.27%    passed    100.00%
  13  DE704-white|Cluster-71057.0__TRINITY_DN20173_c0_g1_i5.p1   24.86%    passed     99.98%
  14  DE507|Cluster-78859.0__TRINITY_DN2220_c5_g1_i1.p1           0.00%    passed    100.00%
  15  DE216|Cluster-56346.0__TRINITY_DN962_c0_g1_i6.p1            0.27%    passed    100.00%
  16  DE542|Cluster-54029.0__TRINITY_DN6089_c0_g1_i2.p1          24.86%    passed    100.00%
  17  DE534|Cluster-63271.0__TRINITY_DN485_c0_g1_i4.p1            1.09%    passed    100.00%
  18  DE519|Cluster-25848.0__TRINITY_DN430_c2_g1_i2.p1            0.27%    passed    100.00%
  19  JJ125|Cluster-1592.0__TRINITY_DN365_c3_g1_i2.p1            29.78%    passed     99.99%
  20  DE505|Cluster-45866.0__TRINITY_DN729_c0_g1_i17.p1          24.04%    passed    100.00%
  21  DE88|Cluster-34090.0__TRINITY_DN1388_c0_g1_i22.p1           0.00%    passed    100.00%
  22  DE476|Cluster-52222.0__TRINITY_DN4363_c0_g1_i18.p1          0.00%    passed    100.00%
  23  DE737|Cluster-49061.0__TRINITY_DN2551_c0_g1_i4.p1          44.81%    passed     99.98%
  24  DE672|Cluster-55408.0__TRINITY_DN2623_c0_g1_i7.p1          46.17%    passed     99.87%
  25  DE504|Cluster-40596.2__TRINITY_DN8059_c0_g1_i2.p1          46.17%    passed    100.00%
  26  DE126|Cluster-11451.0__TRINITY_DN683_c0_g2_i1.p1           40.98%    passed     98.81%
  27  DE181|Cluster-39352.0__TRINITY_DN11905_c0_g3_i3.p1         46.45%    passed     99.96%
  28  DE510|Cluster-32161.0__TRINITY_DN2684_c0_g1_i2.p1          46.45%    passed     99.88%
  29  SRR3424066|Cluster-29167.0__TRINITY_DN4792_c0_g1_i4.p1      0.27%    passed    100.00%
  30  SRR3407088|Cluster-12450.0__TRINITY_DN192_c1_g1_i1.p1      45.63%    passed     99.95%
  31  DE561|Cluster-41237.0__TRINITY_DN12371_c0_g1_i14.p1        46.45%    passed     99.87%
  32  SRR3407086|Cluster-42232.2__TRINITY_DN4106_c0_g1_i3.p1      1.09%    passed    100.00%
  33  SRR3407087|Cluster-8480.0__TRINITY_DN2437_c0_g3_i1.p1       0.27%    passed    100.00%
  34  SRR3407094|Cluster-33887.0__TRINITY_DN13311_c0_g1_i2.p1     0.27%    passed    100.00%
  35  DE503|Cluster-6062.0__TRINITY_DN418_c0_g1_i1.p1             0.27%    passed    100.00%
  36  JJ85|Cluster-31514.0__TRINITY_DN2738_c1_g2_i1.p1           45.08%    passed     99.96%
  37  SRR3407093|Cluster-35759.0__TRINITY_DN3886_c0_g1_i9.p1      0.27%    passed    100.00%
  38  DE563|Cluster-25550.0__TRINITY_DN59400_c0_g1_i1.p1         40.98%    passed     99.55%
  39  JJ86|Cluster-403.0__TRINITY_DN3174_c0_g2_i1.p1             40.98%    passed     99.82%
  40  SRR3407096|Cluster-2246.0__TRINITY_DN227_c0_g2_i1.p1        0.55%    passed    100.00%
  41  DE560|Cluster-8628.0__TRINITY_DN561_c0_g1_i2.p1             0.00%    passed    100.00%
  42  DE164|Cluster-28329.19__TRINITY_DN2624_c0_g1_i17.p1        46.17%    passed     99.99%
  43  DE541|Cluster-45457.1__TRINITY_DN680_c0_g1_i6.p1            0.00%    passed    100.00%
  44  DE696-dots|Cluster-14704.0__TRINITY_DN18676_c0_g2_i2.p1    40.98%    passed     99.77%
  45  DE531|Cluster-42103.2__TRINITY_DN20829_c0_g1_i7.p1         65.85%    passed     99.53%
  46  DE523|Cluster-45466.0__TRINITY_DN42316_c0_g1_i1.p1         23.77%    passed    100.00%
  47  DE151|Cluster-39529.0__TRINITY_DN1436_c0_g1_i8.p1          24.86%    passed     99.98%
  48  DE173|Cluster-51275.0__TRINITY_DN4337_c0_g1_i4.p1          24.86%    passed    100.00%
  49  DE189|Cluster-23369.0__TRINITY_DN1817_c0_g1_i6.p1          24.86%    passed     99.98%
  50  JJ130|Cluster-32145.1__TRINITY_DN3056_c0_g2_i4.p1           0.00%    passed    100.00%
  51  DE549|Cluster-10011.0__TRINITY_DN749_c0_g1_i1.p1           24.86%    passed     99.97%
  52  DE764|Cluster-14932.1__TRINITY_DN3820_c0_g1_i9.p1          24.86%    passed    100.00%
  53  DE550|Cluster-37378.0__TRINITY_DN36105_c0_g1_i16.p1        25.14%    passed    100.00%
  54  DE509|Cluster-6898.0__TRINITY_DN4089_c0_g1_i3.p1           24.86%    passed    100.00%
  55  DE736|Cluster-62479.0__TRINITY_DN36283_c0_g1_i7.p1         24.86%    passed    100.00%
  56  DE643|Cluster-79117.0__TRINITY_DN8107_c0_g1_i1.p1           0.00%    passed    100.00%
  57  DE671|Cluster-59287.0__TRINITY_DN7365_c0_g1_i6.p1          24.86%    passed    100.00%
  58  DRR234970|Cluster-55518.0__TRINITY_DN9677_c0_g1_i1.p1      12.30%    passed     99.66%
WARNING: 1 sequences contain more than 50% gaps/ambiguity
****  TOTAL                                                      18.74%  0 sequences failed composition chi2 test (p-value<5%; df=60)
Reading input tree file tmp.csubst.nwk ... rooted tree

NOTE: 45 MB RAM (0 GB) is required!
Measuring multi-threading efficiency up to 1 CPU cores
2 trees examined
Threads: 1 / Time: 2.303 sec / Speedup: 1.000 / Efficiency: 100% / LogL: -12793
BEST NUMBER OF THREADS: 1

Estimate model parameters (epsilon = 0.010)
1. Initial log-likelihood: -10544.730
2. Current log-likelihood: -8373.563
3. Current log-likelihood: -8361.450
4. Current log-likelihood: -8361.042
5. Current log-likelihood: -8361.019
6. Current log-likelihood: -8361.002
7. Current log-likelihood: -8360.989
Optimal log-likelihood: -8360.979
Nonsynonymous/synonymous ratio (omega): 1.000
Transition/transversion ratio (kappa): 1.000
Site proportion and rates:  (0.563,0.390) (0.292,1.287) (0.142,2.594) (0.003,13.084)
Parameters optimization took 7 rounds (50.530 sec)
Wrote distance file to... 
BEST SCORE FOUND : -8360.979
Ancestral state probabilities printed to /mnt/data0/yue/2026-03-11-protein-convergence/results/OG_11074/csubst_w_s/csubst_input_alignment.fa.state
Empirical proportions for each category: 0.593 0.284 0.120 0.003
Site rates printed to /mnt/data0/yue/2026-03-11-protein-convergence/results/OG_11074/csubst_w_s/csubst_input_alignment.fa.rate
Total tree length: 4.092

Total number of iterations: 0
CPU time used for tree search: 0.000 sec (0h:0m:0s)
Wall-clock time used for tree search: 0.000 sec (0h:0m:0s)
Total CPU time used: 54.028 sec (0h:0m:54s)
Total wall-clock time used: 54.164 sec (0h:0m:54s)

Analysis results written to: 
  IQ-TREE report:                /mnt/data0/yue/2026-03-11-protein-convergence/results/OG_11074/csubst_w_s/csubst_input_alignment.fa.iqtree
  Maximum-likelihood tree:       /mnt/data0/yue/2026-03-11-protein-convergence/results/OG_11074/csubst_w_s/csubst_input_alignment.fa.treefile
  Site-specific rates:           /mnt/data0/yue/2026-03-11-protein-convergence/results/OG_11074/csubst_w_s/csubst_input_alignment.fa.rate
  Ancestral state:               /mnt/data0/yue/2026-03-11-protein-convergence/results/OG_11074/csubst_w_s/csubst_input_alignment.fa.state
  Screen log file:               /mnt/data0/yue/2026-03-11-protein-convergence/results/OG_11074/csubst_w_s/csubst_input_alignment.fa.log

Date and Time: Thu Mar 26 21:50:13 2026
