IQ-TREE multicore version 2.4.0 for Linux x86 64-bit built Feb 12 2025
Developed by Bui Quang Minh, Nguyen Lam Tung, Olga Chernomor, Heiko Schmidt,
Dominik Schrempf, Michael Woodhams, Ly Trong Nhan, Thomas Wong

Host:    brain (AVX2, FMA3, 2015 GB RAM)
Command: /home/yue/miniconda3/envs/py39/bin/iqtree -s /mnt/data0/yue/2026-03-11-protein-convergence/results/OG_414/csubst_w_s/csubst_input_alignment.fa -te tmp.csubst.nwk -m ECMK07+F+R4 --seqtype CODON1 --threads-max 1 -T AUTO --ancestral --rate --redo
Seed:    516680 (Using SPRNG - Scalable Parallel Random Number Generator)
Time:    Fri Mar 27 12:32:29 2026
Kernel:  AVX+FMA - auto-detect threads (128 CPU cores detected)

Reading alignment file /mnt/data0/yue/2026-03-11-protein-convergence/results/OG_414/csubst_w_s/csubst_input_alignment.fa ... Fasta format detected
Reading fasta file: done in 0.00679962 secs using 14.52% CPU
Alignment most likely contains DNA/RNA sequences
Converting to codon sequences with genetic code 1 ...
WARNING: 1 sites contain only gaps or ambiguous characters.
Alignment has 116 sequences with 1215 columns, 1192 distinct patterns
946 parsimony-informative, 149 singleton sites, 120 constant sites
                                                              Gap/Ambiguity  Composition  p-value
Analyzing sequences: done in 0.000346094 secs using 99.11% CPU
   1  DE509|Cluster-38434.0__TRINITY_DN2123_c1_g1_i7.p1              39.84%    passed     71.00%
   2  DE115|Cluster-66039.0__TRINITY_DN830_c0_g2_i1.p1                0.08%    passed    100.00%
   3  DE126|Cluster-25506.0__TRINITY_DN140_c0_g4_i2.p1                0.08%    passed    100.00%
   4  DE173|Cluster-43333.2__TRINITY_DN382_c0_g2_i11.p1              47.16%    passed     41.76%
   5  SRR3407096|Cluster-13127.1__TRINITY_DN432_c0_g2_i10.p1          0.16%    passed    100.00%
   6  DE736|Cluster-62509.0__TRINITY_DN436_c0_g2_i10.p1              27.00%    passed     97.44%
   7  DE764|Cluster-46358.0__TRINITY_DN3554_c0_g2_i12.p1             18.11%    passed     99.85%
   8  DE737|Cluster-53781.0__TRINITY_DN124_c0_g1_i25.p1               0.08%    passed     99.97%
   9  JJ23|Cluster-44883.0__TRINITY_DN384_c0_g1_i8.p1                16.05%    passed     99.94%
  10  DE736|Cluster-55136.17__TRINITY_DN2577_c2_g2_i5.p1             29.14%    passed     94.54%
  11  DRR082660|Cluster-40841.0__TRINITY_DN2051_c0_g1_i4.p1          53.66%    passed     98.19%
  12  DE189|Cluster-47193.0__TRINITY_DN343_c0_g1_i4.p1                0.08%    passed    100.00%
  13  DE181|Cluster-45071.0__TRINITY_DN3510_c0_g1_i1.p1              19.09%    passed     94.23%
  14  SRR3407086|Cluster-33842.0__TRINITY_DN15117_c0_g2_i2.p1         0.08%    passed     99.99%
  15  SRR3407088|Cluster-36879.0__TRINITY_DN10942_c0_g1_i4.p1        11.19%    passed     97.64%
  16  DE561|Cluster-37809.1__TRINITY_DN2177_c0_g1_i3.p1              11.19%    passed     93.93%
  17  DE503|Cluster-27118.0__TRINITY_DN1675_c0_g1_i39.p1              0.08%    passed    100.00%
  18  DE510|Cluster-36091.0__TRINITY_DN1222_c0_g1_i3.p1               0.08%    passed    100.00%
  19  SRR3407087|Cluster-42025.0__TRINITY_DN810_c0_g2_i5.p1          11.19%    passed     97.37%
  20  DE164|Cluster-23357.2__TRINITY_DN3646_c0_g2_i12.p1              0.08%    passed    100.00%
  21  DE509|Cluster-47448.0__TRINITY_DN2123_c1_g2_i12.p1              0.08%    passed    100.00%
  22  DE764|Cluster-30448.0__TRINITY_DN3554_c0_g1_i9.p1              13.83%    passed     98.63%
  23  DE550|Cluster-43567.0__TRINITY_DN2974_c0_g1_i16.p1              0.08%    passed     99.96%
  24  DE643|Cluster-80657.1__TRINITY_DN1138_c0_g1_i12.p1              0.08%    passed     99.99%
  25  DE549|Cluster-41755.0__TRINITY_DN1439_c0_g1_i13.p1              0.08%    passed     99.81%
  26  DE531|Cluster-45495.0__TRINITY_DN412_c0_g2_i30.p1              29.22%    passed     92.16%
  27  DE696-dots|Cluster-10402.0__TRINITY_DN300_c0_g1_i28.p1         31.44%    passed     94.80%
  28  DE696-nodots|Cluster-42138.0__TRINITY_DN4328_c0_g2_i2.p1        0.08%    passed     99.83%
  29  JJ36|Cluster-8098.1__TRINITY_DN3_c0_g2_i4.p1                    0.08%    passed     99.96%
  30  DE504|Cluster-50453.1__TRINITY_DN1053_c1_g1_i8.p1              37.78%    passed     97.53%
  31  DRR234970|Cluster-50673.0__TRINITY_DN3996_c1_g1_i1.p1           0.08%    passed     99.87%
  32  DE575|Cluster-52616.0__TRINITY_DN48_c0_g2_i1.p1                25.76%    passed     99.87%
  33  DE681|Cluster-57068.1__TRINITY_DN702_c0_g1_i11.p1               0.08%    passed    100.00%
  34  DE765|Cluster-34872.0__TRINITY_DN390_c0_g2_i1.p1                0.08%    passed    100.00%
  35  DE162|Cluster-24654.0__TRINITY_DN15_c1_g3_i2.p1                 0.08%    passed    100.00%
  36  DE528|Cluster-45785.0__TRINITY_DN16_c0_g2_i1.p1                 0.08%    passed    100.00%
  37  DE507|Cluster-38802.0__TRINITY_DN9_c0_g1_i2.p1                  0.08%    passed    100.00%
  38  DE704-purple|Cluster-60865.0__TRINITY_DN3561_c0_g1_i2.p1       19.75%    passed    100.00%
  39  DE704-white|Cluster-44493.0__TRINITY_DN14_c0_g1_i2.p1           0.08%    passed    100.00%
  40  DE554|Cluster-32082.0__TRINITY_DN691_c0_g2_i1.p1                0.08%    passed    100.00%
  41  DE666|Cluster-25321.0__TRINITY_DN44_c0_g1_i15.p1               25.76%    passed     99.29%
  42  DE189|Cluster-22432.6__TRINITY_DN2181_c0_g1_i10.p1              0.08%    passed    100.00%
  43  JJ109|Cluster-25258.3__TRINITY_DN160_c0_g2_i10.p1               0.08%    passed    100.00%
  44  JJ130|Cluster-44957.2__TRINITY_DN301_c0_g1_i9.p1                0.08%    passed    100.00%
  45  DE550|Cluster-30018.0__TRINITY_DN306_c0_g2_i1.p1                0.08%    passed    100.00%
  46  DE88|Cluster-39663.258__TRINITY_DN1783_c0_g1_i11.p1             0.08%    passed    100.00%
  47  JJ89|Cluster-27988.0__TRINITY_DN284_c1_g2_i6.p1                 0.08%    passed    100.00%
  48  DE476|Cluster-58112.3__TRINITY_DN280_c0_g1_i1.p1                0.08%    passed    100.00%
  49  SRR3407088|Cluster-14162.0__TRINITY_DN10942_c0_g2_i2.p1         0.08%    passed    100.00%
  50  SRR3424066|Cluster-31099.2__TRINITY_DN2344_c0_g1_i16.p1         0.08%    passed    100.00%
  51  DE519|Cluster-21275.0__TRINITY_DN1701_c0_g2_i13.p1              0.08%    passed    100.00%
  52  DE152|Cluster-48556.0__TRINITY_DN288_c0_g1_i6.p1                0.08%    passed    100.00%
  53  DE229|Cluster-63469.0__TRINITY_DN115_c1_g2_i3.p1                0.08%    passed    100.00%
  54  JJ74|Cluster-134229.1__TRINITY_DN10322_c0_g1_i52.p1            31.36%    passed     96.56%
  55  JJ23|Cluster-18545.38__TRINITY_DN625_c0_g5_i1.p1               18.44%    passed     99.74%
  56  DE623|Cluster-47879.0__TRINITY_DN254_c0_g1_i18.p1              29.05%    passed     97.64%
  57  DE680|Cluster-23057.0__TRINITY_DN116_c0_g2_i1.p1                0.08%    passed    100.00%
  58  DE741|Cluster-34906.1__TRINITY_DN1119_c0_g1_i11.p1              0.08%    passed    100.00%
  59  DE560|Cluster-13184.0__TRINITY_DN490_c0_g2_i2.p1               31.36%    passed     99.94%
  60  DE181|Cluster-32184.0__TRINITY_DN3510_c0_g1_i56.p1              7.57%    passed    100.00%
  61  SRR3407086|Cluster-6652.0__TRINITY_DN15117_c0_g3_i2.p1          0.08%    passed    100.00%
  62  DE505|Cluster-10817.0__TRINITY_DN1292_c2_g1_i1.p1               0.08%    passed    100.00%
  63  DE510|Cluster-35229.0__TRINITY_DN4143_c0_g1_i3.p1               7.57%    passed    100.00%
  64  SRR3407087|Cluster-37292.0__TRINITY_DN810_c0_g1_i5.p1           7.57%    passed    100.00%
  65  SRR3407093|Cluster-35768.1__TRINITY_DN3577_c0_g3_i1.p1          0.08%    passed    100.00%
  66  SRR3407094|Cluster-36708.2__TRINITY_DN676_c0_g1_i10.p1          0.08%    passed    100.00%
  67  DE523|Cluster-17378.1__TRINITY_DN588_c0_g2_i3.p1                7.57%    passed    100.00%
  68  DE69|Cluster-54134.2__TRINITY_DN892_c1_g1_i5.p1                 0.08%    passed    100.00%
  69  SRR3407095|Cluster-13655.1__TRINITY_DN7278_c0_g1_i1.p1          0.08%    passed    100.00%
  70  SRR3407092|Cluster-29307.1__TRINITY_DN1744_c0_g1_i11.p1         0.08%    passed    100.00%
  71  DRR082660|Cluster-37795.0__TRINITY_DN2051_c0_g2_i2.p1           0.08%    passed    100.00%
  72  DE541|Cluster-44197.2__TRINITY_DN941_c0_g1_i21.p1               0.08%    passed     99.98%
  73  DE549|Cluster-28616.0__TRINITY_DN7174_c0_g1_i1.p1               7.57%    passed    100.00%
  74  DE672|Cluster-34968.2__TRINITY_DN226_c0_g3_i2.p1                0.08%    passed    100.00%
  75  DE737|Cluster-49746.0__TRINITY_DN124_c0_g2_i1.p1                7.57%    passed    100.00%
  76  DE643|Cluster-61990.2__TRINITY_DN6338_c0_g1_i14.p1              0.08%    passed    100.00%
  77  DE671|Cluster-51407.2__TRINITY_DN2325_c0_g3_i1.p1               0.08%    passed    100.00%
  78  DE531|Cluster-54952.0__TRINITY_DN412_c0_g1_i28.p1              22.06%    passed     99.85%
  79  DE696-dots|Cluster-60090.0__TRINITY_DN300_c0_g1_i34.p1          0.08%    passed    100.00%
  80  DE696-nodots|Cluster-54937.0__TRINITY_DN4328_c0_g1_i8.p1       22.06%    passed     99.90%
  81  DE216|Cluster-80809.3__TRINITY_DN1715_c0_g1_i20.p1              0.25%    passed    100.00%
  82  JJ15|Cluster-65390.0__TRINITY_DN3907_c0_g2_i1.p1               31.52%    passed     97.04%
  83  DE536|Cluster-52093.1__TRINITY_DN3424_c0_g1_i19.p1              0.08%    passed    100.00%
  84  DE534|Cluster-63041.0__TRINITY_DN958_c1_g1_i8.p1                0.25%    passed    100.00%
  85  DE566|Cluster-34505.3__TRINITY_DN676_c0_g3_i6.p1               40.33%    passed     85.23%
  86  DE668|Cluster-53723.0__TRINITY_DN12_c0_g2_i4.p1                22.06%    passed     99.81%
  87  DRR234970|Cluster-24095.0__TRINITY_DN3996_c1_g1_i3.p1           0.08%    passed     98.43%
  88  SRR104381|Cluster-28932.0__TRINITY_DN755_c0_g1_i7.p1            1.98%    passed     99.98%
  89  JJ131|Cluster-69329.4__TRINITY_DN2087_c0_g1_i22.p1              8.07%    passed     99.76%
  90  SRR11934227|Cluster-142156.1__TRINITY_DN35146_c0_g1_i2.p1       4.94%    passed     95.96%
  91  JJ86|Cluster-39219.1__TRINITY_DN132_c0_g3_i12.p1                0.08%    passed    100.00%
  92  DE115|Cluster-66725.0__TRINITY_DN830_c0_g1_i14.p1               0.08%    passed     99.96%
  93  DE126|Cluster-9044.0__TRINITY_DN140_c0_g1_i2.p1                 2.55%    passed     99.97%
  94  DE546_urceolata_l|Cluster-43913.7__TRINITY_DN662_c0_g2_i2.p1    0.08%    passed     99.92%
  95  DE127|Cluster-41923.1__TRINITY_DN939_c0_g1_i28.p1               0.08%    passed     99.98%
  96  DE554|Cluster-42978.0__TRINITY_DN691_c0_g1_i5.p1                0.08%    passed    100.00%
  97  DE666|Cluster-39450.0__TRINITY_DN44_c0_g2_i10.p1                0.08%    passed     99.99%
  98  DE162|Cluster-33235.2__TRINITY_DN15_c1_g1_i6.p1                 0.08%    passed    100.00%
  99  DE528|Cluster-36021.0__TRINITY_DN16_c0_g1_i2.p1                 0.08%    passed    100.00%
 100  DE507|Cluster-83556.0__TRINITY_DN9_c0_g2_i2.p1                  0.08%    passed    100.00%
 101  DE704-purple|Cluster-58409.0__TRINITY_DN3561_c0_g2_i4.p1        0.08%    passed    100.00%
 102  DE704-white|Cluster-48480.0__TRINITY_DN14_c0_g2_i9.p1           0.08%    passed    100.00%
 103  DE623|Cluster-46941.0__TRINITY_DN254_c0_g1_i25.p1               0.08%    passed     99.81%
 104  DE680|Cluster-48445.0__TRINITY_DN116_c0_g1_i3.p1                0.08%    passed     99.88%
 105  DE563|Cluster-43450.1__TRINITY_DN298_c0_g1_i34.p1               2.55%    passed     99.99%
 106  DE575|Cluster-52907.0__TRINITY_DN48_c0_g1_i4.p1                 0.08%    passed     99.99%
 107  DE765|Cluster-44847.0__TRINITY_DN390_c0_g1_i1.p1                0.08%    passed    100.00%
 108  DE542|Cluster-64203.1__TRINITY_DN238_c0_g2_i2.p1                0.08%    passed     99.09%
 109  JJ15|Cluster-72103.2__TRINITY_DN3907_c0_g1_i8.p1               11.19%    passed     90.86%
 110  DE519|Cluster-61235.0__TRINITY_DN1701_c0_g2_i14.p1              0.08%    passed     99.98%
 111  DE560|Cluster-40366.0__TRINITY_DN490_c0_g1_i1.p1                0.08%    passed    100.00%
 112  JJ85|Cluster-22214.2__TRINITY_DN866_c1_g1_i15.p1                0.16%    passed     99.98%
 113  DE668|Cluster-46311.0__TRINITY_DN12_c0_g1_i8.p1                 0.08%    passed    100.00%
 114  DE152|Cluster-59333.0__TRINITY_DN288_c0_g2_i2.p1                0.08%    passed     99.99%
 115  JJ99|Cluster-41351.0__TRINITY_DN1279_c0_g1_i4.p1                0.08%    passed     99.95%
 116  JJ109|Cluster-45744.0__TRINITY_DN160_c0_g1_i84.p1              11.44%    passed     99.99%
WARNING: 1 sequences contain more than 50% gaps/ambiguity
****  TOTAL                                                           6.99%  0 sequences failed composition chi2 test (p-value<5%; df=60)
Reading input tree file tmp.csubst.nwk ... rooted tree

NOTE: 272 MB RAM (0 GB) is required!
Measuring multi-threading efficiency up to 1 CPU cores
2 trees examined
Threads: 1 / Time: 13.993 sec / Speedup: 1.000 / Efficiency: 100% / LogL: -119656
BEST NUMBER OF THREADS: 1

Estimate model parameters (epsilon = 0.010)
1. Initial log-likelihood: -61285.619
2. Current log-likelihood: -37361.049
3. Current log-likelihood: -37313.731
4. Current log-likelihood: -37306.655
5. Current log-likelihood: -37301.986
6. Current log-likelihood: -37299.844
7. Current log-likelihood: -37298.060
8. Current log-likelihood: -37296.660
9. Current log-likelihood: -37295.562
10. Current log-likelihood: -37294.708
11. Current log-likelihood: -37294.055
Optimal log-likelihood: -37294.049
Nonsynonymous/synonymous ratio (omega): 1.000
Transition/transversion ratio (kappa): 1.000
Site proportion and rates:  (0.449,0.379) (0.388,1.113) (0.161,2.390) (0.003,5.003)
Parameters optimization took 11 rounds (638.515 sec)
Wrote distance file to... 
BEST SCORE FOUND : -37294.049
Ancestral state probabilities printed to /mnt/data0/yue/2026-03-11-protein-convergence/results/OG_414/csubst_w_s/csubst_input_alignment.fa.state
Empirical proportions for each category: 0.478 0.379 0.142 0.002
Site rates printed to /mnt/data0/yue/2026-03-11-protein-convergence/results/OG_414/csubst_w_s/csubst_input_alignment.fa.rate
Total tree length: 5.562

Total number of iterations: 0
CPU time used for tree search: 0.000 sec (0h:0m:0s)
Wall-clock time used for tree search: 0.000 sec (0h:0m:0s)
Total CPU time used: 661.914 sec (0h:11m:1s)
Total wall-clock time used: 663.332 sec (0h:11m:3s)

Analysis results written to: 
  IQ-TREE report:                /mnt/data0/yue/2026-03-11-protein-convergence/results/OG_414/csubst_w_s/csubst_input_alignment.fa.iqtree
  Maximum-likelihood tree:       /mnt/data0/yue/2026-03-11-protein-convergence/results/OG_414/csubst_w_s/csubst_input_alignment.fa.treefile
  Site-specific rates:           /mnt/data0/yue/2026-03-11-protein-convergence/results/OG_414/csubst_w_s/csubst_input_alignment.fa.rate
  Ancestral state:               /mnt/data0/yue/2026-03-11-protein-convergence/results/OG_414/csubst_w_s/csubst_input_alignment.fa.state
  Screen log file:               /mnt/data0/yue/2026-03-11-protein-convergence/results/OG_414/csubst_w_s/csubst_input_alignment.fa.log

Date and Time: Fri Mar 27 12:43:32 2026
