IQ-TREE multicore version 2.4.0 for Linux x86 64-bit built Feb 12 2025
Developed by Bui Quang Minh, Nguyen Lam Tung, Olga Chernomor, Heiko Schmidt,
Dominik Schrempf, Michael Woodhams, Ly Trong Nhan, Thomas Wong

Host:    brain (AVX2, FMA3, 2015 GB RAM)
Command: /home/yue/miniconda3/envs/py39/bin/iqtree -s /mnt/data0/yue/2026-03-11-protein-convergence/results/OG_12251/csubst_w_s/csubst_input_alignment.fa -te tmp.csubst.nwk -m ECMK07+F+R4 --seqtype CODON1 --threads-max 1 -T AUTO --ancestral --rate --redo
Seed:    345820 (Using SPRNG - Scalable Parallel Random Number Generator)
Time:    Thu Mar 26 23:13:49 2026
Kernel:  AVX+FMA - auto-detect threads (128 CPU cores detected)

Reading alignment file /mnt/data0/yue/2026-03-11-protein-convergence/results/OG_12251/csubst_w_s/csubst_input_alignment.fa ... Fasta format detected
Reading fasta file: done in 0.00062798 secs
Alignment most likely contains DNA/RNA sequences
Converting to codon sequences with genetic code 1 ...
Alignment has 48 sequences with 225 columns, 214 distinct patterns
64 parsimony-informative, 90 singleton sites, 71 constant sites
                                                            Gap/Ambiguity  Composition  p-value
Analyzing sequences: done in 2.80142e-05 secs
   1  SRR3424066|Cluster-37046.0__TRINITY_DN4570_c0_g1_i4.p1        0.00%    passed    100.00%
   2  DE561|Cluster-38125.0__TRINITY_DN16066_c0_g1_i2.p1            0.00%    passed    100.00%
   3  JJ85|Cluster-40284.3__TRINITY_DN3040_c0_g1_i29.p1            39.56%    passed     99.94%
   4  DE507|Cluster-82853.3__TRINITY_DN7395_c0_g1_i2.p1             0.00%    passed    100.00%
   5  SRR3407094|Cluster-29129.0__TRINITY_DN5141_c0_g1_i3.p1        0.00%    passed    100.00%
   6  SRR3407093|Cluster-6371.0__TRINITY_DN6774_c0_g1_i1.p1         0.00%    passed    100.00%
   7  DE503|Cluster-31711.1__TRINITY_DN10196_c0_g2_i4.p1            0.00%    passed    100.00%
   8  DE510|Cluster-31848.0__TRINITY_DN12451_c0_g1_i5.p1            0.00%    passed    100.00%
   9  SRR3407092|Cluster-32924.0__TRINITY_DN11946_c0_g1_i2.p1       0.00%    passed    100.00%
  10  SRR3407086|Cluster-27003.0__TRINITY_DN10285_c1_g1_i3.p1       0.00%    passed    100.00%
  11  DE115|Cluster-30922.0__TRINITY_DN7514_c0_g1_i3.p1             0.00%    passed    100.00%
  12  DE162|Cluster-41433.119__TRINITY_DN5580_c0_g1_i7.p1           0.00%    passed    100.00%
  13  DE704-purple|Cluster-53890.0__TRINITY_DN6449_c0_g1_i1.p1     29.78%    passed     99.99%
  14  SRR3407096|Cluster-29563.0__TRINITY_DN17728_c0_g1_i1.p1       0.00%    passed    100.00%
  15  DE523|Cluster-38436.0__TRINITY_DN3907_c0_g1_i3.p1            44.89%    passed    100.00%
  16  DE534|Cluster-68050.0__TRINITY_DN13454_c2_g1_i3.p1            0.00%    passed    100.00%
  17  DE542|Cluster-1327.0__TRINITY_DN34321_c0_g5_i1.p1             0.00%    passed    100.00%
  18  JJ15|Cluster-20974.0__TRINITY_DN98138_c0_g1_i1.p1             0.00%    passed    100.00%
  19  SRR3407088|Cluster-35399.0__TRINITY_DN21387_c0_g2_i1.p1       0.00%    passed    100.00%
  20  DE668|Cluster-59417.0__TRINITY_DN17821_c2_g1_i3.p1            0.00%    passed    100.00%
  21  DE575|Cluster-47605.1__TRINITY_DN8180_c0_g1_i19.p1            0.00%    passed    100.00%
  22  DE681|Cluster-49198.0__TRINITY_DN8019_c0_g2_i7.p1             0.00%    passed    100.00%
  23  DE127|Cluster-18976.1__TRINITY_DN8274_c0_g2_i4.p1             0.00%    passed    100.00%
  24  SRR3407095|Cluster-36503.1__TRINITY_DN2920_c0_g1_i4.p1        0.00%    passed    100.00%
  25  DE623|Cluster-60008.2__TRINITY_DN10186_c0_g1_i3.p1            0.00%    passed    100.00%
  26  DE765|Cluster-42845.0__TRINITY_DN21994_c0_g1_i2.p1            0.00%    passed    100.00%
  27  DE216|Cluster-23548.1__TRINITY_DN9322_c0_g1_i11.p1            0.00%    passed    100.00%
  28  DE151|Cluster-58409.1__TRINITY_DN13338_c1_g1_i1.p1            0.00%    passed    100.00%
  29  DE173|Cluster-12938.0__TRINITY_DN7776_c1_g1_i1.p1             0.00%    passed    100.00%
  30  DE189|Cluster-43940.0__TRINITY_DN12828_c0_g1_i1.p1            0.00%    passed    100.00%
  31  DE737|Cluster-47090.0__TRINITY_DN11971_c0_g1_i1.p1            0.00%    passed    100.00%
  32  DE696-nodots|Cluster-51986.15__TRINITY_DN4132_c0_g1_i11.p1   30.22%    passed    100.00%
  33  DE541|Cluster-53832.0__TRINITY_DN11520_c0_g1_i2.p1            0.00%    passed    100.00%
  34  JJ109|Cluster-21444.0__TRINITY_DN15415_c0_g1_i3.p1            0.00%    passed    100.00%
  35  DE531|Cluster-22864.2__TRINITY_DN4121_c0_g1_i1.p1            29.78%    passed    100.00%
  36  DE164|Cluster-36268.1__TRINITY_DN6035_c0_g1_i2.p1             0.00%    passed    100.00%
  37  DE643|Cluster-75972.1__TRINITY_DN11771_c0_g1_i12.p1           0.44%    passed    100.00%
  38  DE476|Cluster-47819.0__TRINITY_DN9007_c1_g1_i2.p1            29.78%    passed    100.00%
  39  JJ130|Cluster-13055.0__TRINITY_DN24275_c0_g1_i2.p1            0.00%    passed    100.00%
  40  DE672|Cluster-46139.0__TRINITY_DN9280_c0_g1_i2.p1             0.00%    passed    100.00%
  41  JJ89|Cluster-18754.0__TRINITY_DN14069_c0_g1_i2.p1            37.78%    passed     99.88%
  42  JJ74|Cluster-133964.1__TRINITY_DN3579_c0_g1_i3.p1             0.00%    passed    100.00%
  43  JJ86|Cluster-41360.0__TRINITY_DN11194_c0_g1_i2.p1            29.78%    passed    100.00%
  44  DE666|Cluster-31631.0__TRINITY_DN21546_c0_g1_i2.p1            3.56%    passed    100.00%
  45  DE550|Cluster-38061.0__TRINITY_DN10578_c0_g1_i2.p1            0.00%    passed    100.00%
  46  DE519|Cluster-66873.0__TRINITY_DN7167_c0_g1_i1.p1            44.89%    passed     86.39%
  47  SRR5150740|Cluster-62491.0__TRINITY_DN5225_c1_g1_i3.p1        5.78%    passed     99.86%
  48  DE554|Cluster-18298.0__TRINITY_DN17668_c0_g1_i18.p1          42.22%    passed    100.00%
****  TOTAL                                                         7.68%  0 sequences failed composition chi2 test (p-value<5%; df=60)
Reading input tree file tmp.csubst.nwk ... rooted tree

NOTE: 25 MB RAM (0 GB) is required!
Measuring multi-threading efficiency up to 1 CPU cores
2 trees examined
Threads: 1 / Time: 1.330 sec / Speedup: 1.000 / Efficiency: 100% / LogL: -4357
BEST NUMBER OF THREADS: 1

Estimate model parameters (epsilon = 0.010)
1. Initial log-likelihood: -4651.717
2. Current log-likelihood: -3242.361
3. Current log-likelihood: -3242.245
4. Current log-likelihood: -3242.175
5. Current log-likelihood: -3242.126
6. Current log-likelihood: -3242.092
7. Current log-likelihood: -3242.068
8. Current log-likelihood: -3242.052
9. Current log-likelihood: -3242.041
Optimal log-likelihood: -3242.034
Nonsynonymous/synonymous ratio (omega): 1.000
Transition/transversion ratio (kappa): 1.000
Site proportion and rates:  (0.491,0.372) (0.310,1.215) (0.153,1.337) (0.046,5.166)
Parameters optimization took 9 rounds (32.750 sec)
Wrote distance file to... 
BEST SCORE FOUND : -3242.034
Ancestral state probabilities printed to /mnt/data0/yue/2026-03-11-protein-convergence/results/OG_12251/csubst_w_s/csubst_input_alignment.fa.state
Empirical proportions for each category: 0.604 0.356 0.000 0.040
Site rates printed to /mnt/data0/yue/2026-03-11-protein-convergence/results/OG_12251/csubst_w_s/csubst_input_alignment.fa.rate
Total tree length: 2.062

Total number of iterations: 0
CPU time used for tree search: 0.000 sec (0h:0m:0s)
Wall-clock time used for tree search: 0.000 sec (0h:0m:0s)
Total CPU time used: 34.735 sec (0h:0m:34s)
Total wall-clock time used: 34.823 sec (0h:0m:34s)

Analysis results written to: 
  IQ-TREE report:                /mnt/data0/yue/2026-03-11-protein-convergence/results/OG_12251/csubst_w_s/csubst_input_alignment.fa.iqtree
  Maximum-likelihood tree:       /mnt/data0/yue/2026-03-11-protein-convergence/results/OG_12251/csubst_w_s/csubst_input_alignment.fa.treefile
  Site-specific rates:           /mnt/data0/yue/2026-03-11-protein-convergence/results/OG_12251/csubst_w_s/csubst_input_alignment.fa.rate
  Ancestral state:               /mnt/data0/yue/2026-03-11-protein-convergence/results/OG_12251/csubst_w_s/csubst_input_alignment.fa.state
  Screen log file:               /mnt/data0/yue/2026-03-11-protein-convergence/results/OG_12251/csubst_w_s/csubst_input_alignment.fa.log

Date and Time: Thu Mar 26 23:14:24 2026
