IQ-TREE multicore version 2.4.0 for Linux x86 64-bit built Feb 12 2025
Developed by Bui Quang Minh, Nguyen Lam Tung, Olga Chernomor, Heiko Schmidt,
Dominik Schrempf, Michael Woodhams, Ly Trong Nhan, Thomas Wong

Host:    brain (AVX2, FMA3, 2015 GB RAM)
Command: /home/yue/miniconda3/envs/py39/bin/iqtree -s /mnt/data0/yue/2026-03-11-protein-convergence/results/OG_6074/csubst_w_s/csubst_input_alignment.fa -te tmp.csubst.nwk -m ECMK07+F+R4 --seqtype CODON1 --threads-max 1 -T AUTO --ancestral --rate --redo
Seed:    138109 (Using SPRNG - Scalable Parallel Random Number Generator)
Time:    Fri Mar 27 20:20:29 2026
Kernel:  AVX+FMA - auto-detect threads (128 CPU cores detected)

Reading alignment file /mnt/data0/yue/2026-03-11-protein-convergence/results/OG_6074/csubst_w_s/csubst_input_alignment.fa ... Fasta format detected
Reading fasta file: done in 0.00346035 secs using 77.39% CPU
Alignment most likely contains DNA/RNA sequences
Converting to codon sequences with genetic code 1 ...
Alignment has 77 sequences with 529 columns, 488 distinct patterns
218 parsimony-informative, 152 singleton sites, 159 constant sites
                                                                Gap/Ambiguity  Composition  p-value
Analyzing sequences: done in 0.000169024 secs using 99.39% CPU
   1  DE115|Cluster-40402.0__TRINITY_DN9255_c0_g1_i1.p1                36.29%    passed    100.00%
   2  DE126|Cluster-32959.0__TRINITY_DN21315_c0_g1_i2.p1               36.48%    passed    100.00%
   3  DE127|Cluster-36273.0__TRINITY_DN8265_c0_g2_i1.p1                36.48%    passed    100.00%
   4  DE546_urceolata_l|Cluster-37091.0__TRINITY_DN19768_c0_g1_i2.p1   36.48%    passed    100.00%
   5  DE554|Cluster-29095.0__TRINITY_DN5663_c0_g1_i20.p1                0.19%    passed    100.00%
   6  DE666|Cluster-24585.1__TRINITY_DN20273_c0_g1_i5.p1               36.48%    passed    100.00%
   7  JJ86|Cluster-41772.0__TRINITY_DN9255_c0_g2_i1.p1                  0.19%    passed    100.00%
   8  DRR082660|Cluster-12232.0__TRINITY_DN16592_c0_g2_i1.p1           62.00%    passed     99.71%
   9  DE152|Cluster-4092.0__TRINITY_DN6547_c0_g2_i1.p1                  0.19%    passed    100.00%
  10  DE566|Cluster-58262.1__TRINITY_DN10814_c0_g1_i6.p1               36.48%    passed    100.00%
  11  JJ99|Cluster-4082.0__TRINITY_DN2719_c4_g1_i1.p1                  44.61%    passed    100.00%
  12  DE560|Cluster-12513.0__TRINITY_DN11390_c0_g1_i5.p1               30.43%    passed    100.00%
  13  DE476|Cluster-57995.0__TRINITY_DN8267_c0_g1_i15.p1                0.19%    passed    100.00%
  14  DE741|Cluster-39454.0__TRINITY_DN10226_c0_g1_i3.p1                0.19%    passed    100.00%
  15  JJ89|Cluster-29370.0__TRINITY_DN8833_c0_g1_i2.p1                  0.19%    passed    100.00%
  16  JJ74|Cluster-80035.0__TRINITY_DN37581_c0_g1_i3.p1                 0.19%    passed    100.00%
  17  JJ23|Cluster-33855.0__TRINITY_DN14937_c0_g1_i2.p1                36.48%    passed    100.00%
  18  JJ125|Cluster-10483.0__TRINITY_DN5138_c5_g1_i1.p1                36.48%    passed    100.00%
  19  DE519|Cluster-55287.0__TRINITY_DN28115_c0_g2_i2.p1                0.19%    passed    100.00%
  20  DE668|Cluster-38960.0__TRINITY_DN6065_c0_g1_i23.p1               62.00%    passed     98.82%
  21  DE181|Cluster-33320.0__TRINITY_DN11034_c0_g1_i2.p1               36.48%    passed    100.00%
  22  SRR3407093|Cluster-34397.0__TRINITY_DN11604_c0_g1_i1.p1           0.38%    passed    100.00%
  23  DE503|Cluster-62669.0__TRINITY_DN12723_c0_g1_i1.p1               36.48%    passed    100.00%
  24  SRR3407088|Cluster-28321.0__TRINITY_DN43997_c0_g1_i1.p1           0.19%    passed    100.00%
  25  SRR3407087|Cluster-163.0__TRINITY_DN44484_c0_g1_i1.p1             0.19%    passed    100.00%
  26  DE505|Cluster-39125.0__TRINITY_DN9016_c0_g1_i1.p1                36.48%    passed    100.00%
  27  SRR3407094|Cluster-3889.0__TRINITY_DN48455_c0_g1_i1.p1            0.19%    passed    100.00%
  28  DE510|Cluster-41336.0__TRINITY_DN13847_c0_g1_i2.p1               36.48%    passed    100.00%
  29  SRR3407086|Cluster-39923.0__TRINITY_DN12446_c0_g1_i1.p1           0.19%    passed    100.00%
  30  SRR3407092|Cluster-18156.0__TRINITY_DN15380_c0_g1_i1.p1           0.19%    passed    100.00%
  31  SRR3424066|Cluster-19960.0__TRINITY_DN33374_c0_g1_i1.p1           0.19%    passed    100.00%
  32  DE561|Cluster-31935.0__TRINITY_DN19344_c0_g1_i1.p1                0.19%    passed    100.00%
  33  DE216|Cluster-83470.1__TRINITY_DN24108_c0_g1_i12.p1               0.19%    passed    100.00%
  34  JJ15|Cluster-42954.2__TRINITY_DN21177_c0_g1_i12.p1               44.61%    passed    100.00%
  35  DE536|Cluster-54319.0__TRINITY_DN9226_c0_g1_i4.p1                38.94%    passed     99.99%
  36  DE542|Cluster-24052.0__TRINITY_DN13334_c0_g1_i4.p1                0.19%    passed    100.00%
  37  DE534|Cluster-71188.8__TRINITY_DN12712_c0_g1_i3.p1                0.19%    passed    100.00%
  38  DE509|Cluster-33479.0__TRINITY_DN10036_c0_g1_i1.p1               36.48%    passed    100.00%
  39  DE736|Cluster-62070.0__TRINITY_DN116_c0_g1_i41.p1                 0.19%    passed    100.00%
  40  DE549|Cluster-32787.0__TRINITY_DN11711_c0_g1_i13.p1              36.48%    passed    100.00%
  41  DE764|Cluster-9749.0__TRINITY_DN983_c0_g1_i17.p1                  0.19%    passed    100.00%
  42  DE531|Cluster-27777.0__TRINITY_DN6845_c0_g1_i1.p1                36.48%    passed    100.00%
  43  DE696-dots|Cluster-45777.5__TRINITY_DN1099_c0_g1_i8.p1           36.48%    passed    100.00%
  44  DE696-nodots|Cluster-26220.0__TRINITY_DN13671_c0_g1_i4.p1         0.19%    passed    100.00%
  45  JJ36|Cluster-43485.0__TRINITY_DN9449_c0_g1_i1.p1                 36.48%    passed    100.00%
  46  DE69|Cluster-31704.0__TRINITY_DN31100_c0_g1_i1.p1                 0.19%    passed    100.00%
  47  SRR3407095|Cluster-20275.0__TRINITY_DN20537_c0_g1_i1.p1           0.19%    passed    100.00%
  48  DE162|Cluster-25435.0__TRINITY_DN13124_c0_g1_i2.p1                0.19%    passed    100.00%
  49  DE507|Cluster-32042.0__TRINITY_DN7582_c4_g1_i2.p1                36.48%    passed    100.00%
  50  DE528|Cluster-6298.0__TRINITY_DN93873_c0_g1_i1.p1                 0.19%    passed    100.00%
  51  DE680|Cluster-35719.0__TRINITY_DN12876_c0_g1_i3.p1                0.19%    passed    100.00%
  52  DE704-white|Cluster-39880.0__TRINITY_DN18208_c0_g3_i4.p1          0.19%    passed    100.00%
  53  DE623|Cluster-43193.0__TRINITY_DN14961_c0_g3_i1.p1                0.19%    passed    100.00%
  54  DE563|Cluster-52297.26__TRINITY_DN21056_c0_g1_i15.p1             40.26%    passed    100.00%
  55  DE575|Cluster-36541.0__TRINITY_DN10355_c0_g1_i3.p1               36.48%    passed    100.00%
  56  DE681|Cluster-27599.0__TRINITY_DN16770_c0_g1_i7.p1                0.19%    passed    100.00%
  57  DE765|Cluster-2820.0__TRINITY_DN7034_c1_g1_i4.p1                  0.19%    passed    100.00%
  58  DE151|Cluster-5509.0__TRINITY_DN17925_c0_g1_i4.p1                36.48%    passed    100.00%
  59  DE164|Cluster-57862.1__TRINITY_DN2022_c1_g1_i1.p1                36.48%    passed    100.00%
  60  DE173|Cluster-45070.0__TRINITY_DN17186_c0_g1_i3.p1               36.48%    passed    100.00%
  61  DE189|Cluster-48374.0__TRINITY_DN518_c1_g1_i1.p1                  0.19%    passed    100.00%
  62  JJ109|Cluster-20901.0__TRINITY_DN9834_c0_g2_i4.p1                36.48%    passed    100.00%
  63  DE550|Cluster-26931.0__TRINITY_DN25865_c0_g1_i2.p1               36.48%    passed    100.00%
  64  JJ130|Cluster-24320.0__TRINITY_DN9052_c0_g2_i5.p1                 0.19%    passed    100.00%
  65  DE229|Cluster-65463.0__TRINITY_DN10411_c0_g1_i3.p1                0.19%    passed    100.00%
  66  JJ85|Cluster-30807.1__TRINITY_DN4173_c0_g1_i5.p1                  0.19%    passed    100.00%
  67  JJ131|Cluster-56443.0__TRINITY_DN8655_c0_g1_i13.p1                0.19%    passed    100.00%
  68  DE737|Cluster-47468.0__TRINITY_DN11842_c0_g1_i1.p1                0.19%    passed    100.00%
  69  DE541|Cluster-39513.0__TRINITY_DN17181_c0_g1_i3.p1               11.72%    passed    100.00%
  70  DE504|Cluster-51413.0__TRINITY_DN7512_c0_g1_i1.p1                 0.19%    passed    100.00%
  71  DE88|Cluster-1003.0__TRINITY_DN18960_c1_g2_i2.p1                  0.19%    passed    100.00%
  72  DE672|Cluster-57266.0__TRINITY_DN8270_c0_g1_i1.p1                 0.19%    passed    100.00%
  73  DE643|Cluster-31289.0__TRINITY_DN37062_c0_g1_i3.p1                0.19%    passed    100.00%
  74  DE671|Cluster-44258.0__TRINITY_DN17353_c0_g1_i1.p1                0.19%    passed    100.00%
  75  DE523|Cluster-47591.0__TRINITY_DN8566_c0_g1_i5.p1                22.50%    passed    100.00%
  76  SRR3407096|Cluster-29892.0__TRINITY_DN12913_c0_g1_i1.p1           0.19%    passed    100.00%
  77  SRR5150740|Cluster-33551.0__TRINITY_DN18768_c0_g1_i1.p1           2.46%    passed    100.00%
WARNING: 2 sequences contain more than 50% gaps/ambiguity
****  TOTAL                                                            16.15%  0 sequences failed composition chi2 test (p-value<5%; df=60)
Reading input tree file tmp.csubst.nwk ... rooted tree

NOTE: 79 MB RAM (0 GB) is required!
Measuring multi-threading efficiency up to 1 CPU cores
2 trees examined
Threads: 1 / Time: 4.127 sec / Speedup: 1.000 / Efficiency: 100% / LogL: -12744
BEST NUMBER OF THREADS: 1

Estimate model parameters (epsilon = 0.010)
1. Initial log-likelihood: -14903.599
2. Current log-likelihood: -8264.699
3. Current log-likelihood: -8264.592
4. Current log-likelihood: -8264.525
5. Current log-likelihood: -8264.468
6. Current log-likelihood: -8264.420
7. Current log-likelihood: -8264.378
8. Current log-likelihood: -8264.342
9. Current log-likelihood: -8264.312
10. Current log-likelihood: -8264.285
11. Current log-likelihood: -8264.263
12. Current log-likelihood: -8264.243
13. Current log-likelihood: -8264.226
14. Current log-likelihood: -8264.211
15. Current log-likelihood: -8264.197
16. Current log-likelihood: -8264.185
17. Current log-likelihood: -8264.175
Optimal log-likelihood: -8264.165
Nonsynonymous/synonymous ratio (omega): 1.000
Transition/transversion ratio (kappa): 1.000
Site proportion and rates:  (0.567,0.399) (0.253,1.220) (0.127,1.895) (0.053,4.229)
Parameters optimization took 17 rounds (227.642 sec)
Wrote distance file to... 
BEST SCORE FOUND : -8264.165
Ancestral state probabilities printed to /mnt/data0/yue/2026-03-11-protein-convergence/results/OG_6074/csubst_w_s/csubst_input_alignment.fa.state
Empirical proportions for each category: 0.677 0.219 0.055 0.049
Site rates printed to /mnt/data0/yue/2026-03-11-protein-convergence/results/OG_6074/csubst_w_s/csubst_input_alignment.fa.rate
Total tree length: 2.214

Total number of iterations: 0
CPU time used for tree search: 0.000 sec (0h:0m:0s)
Wall-clock time used for tree search: 0.000 sec (0h:0m:0s)
Total CPU time used: 234.437 sec (0h:3m:54s)
Total wall-clock time used: 234.660 sec (0h:3m:54s)

Analysis results written to: 
  IQ-TREE report:                /mnt/data0/yue/2026-03-11-protein-convergence/results/OG_6074/csubst_w_s/csubst_input_alignment.fa.iqtree
  Maximum-likelihood tree:       /mnt/data0/yue/2026-03-11-protein-convergence/results/OG_6074/csubst_w_s/csubst_input_alignment.fa.treefile
  Site-specific rates:           /mnt/data0/yue/2026-03-11-protein-convergence/results/OG_6074/csubst_w_s/csubst_input_alignment.fa.rate
  Ancestral state:               /mnt/data0/yue/2026-03-11-protein-convergence/results/OG_6074/csubst_w_s/csubst_input_alignment.fa.state
  Screen log file:               /mnt/data0/yue/2026-03-11-protein-convergence/results/OG_6074/csubst_w_s/csubst_input_alignment.fa.log

Date and Time: Fri Mar 27 20:24:23 2026
