IQ-TREE multicore version 2.4.0 for Linux x86 64-bit built Feb 12 2025
Developed by Bui Quang Minh, Nguyen Lam Tung, Olga Chernomor, Heiko Schmidt,
Dominik Schrempf, Michael Woodhams, Ly Trong Nhan, Thomas Wong

Host:    brain (AVX2, FMA3, 2015 GB RAM)
Command: /home/yue/miniconda3/envs/py39/bin/iqtree -s /mnt/data0/yue/2026-03-11-protein-convergence/results/OG_4521/csubst_w_s/csubst_input_alignment.fa -te tmp.csubst.nwk -m ECMK07+F+R4 --seqtype CODON1 --threads-max 1 -T AUTO --ancestral --rate --redo
Seed:    534779 (Using SPRNG - Scalable Parallel Random Number Generator)
Time:    Fri Mar 27 14:13:09 2026
Kernel:  AVX+FMA - auto-detect threads (128 CPU cores detected)

Reading alignment file /mnt/data0/yue/2026-03-11-protein-convergence/results/OG_4521/csubst_w_s/csubst_input_alignment.fa ... Fasta format detected
Reading fasta file: done in 0.000802174 secs using 33.28% CPU
Alignment most likely contains DNA/RNA sequences
Converting to codon sequences with genetic code 1 ...
Alignment has 80 sequences with 177 columns, 166 distinct patterns
93 parsimony-informative, 39 singleton sites, 45 constant sites
                                                               Gap/Ambiguity  Composition  p-value
Analyzing sequences: done in 3.46154e-05 secs
   1  JJ74|Cluster-128267.0__TRINITY_DN4244_c0_g1_i3.p1                0.00%    passed    100.00%
   2  DE546_urceolata_l|Cluster-42473.0__TRINITY_DN815_c0_g1_i21.p1    0.56%    passed     99.99%
   3  DE536|Cluster-37847.0__TRINITY_DN12799_c0_g1_i1.p1               0.00%    passed    100.00%
   4  DE575|Cluster-1583.0__TRINITY_DN6517_c0_g1_i2.p1                27.12%    passed    100.00%
   5  DE561|Cluster-13895.0__TRINITY_DN4402_c0_g1_i3.p1                0.00%    passed    100.00%
   6  SRR3407088|Cluster-8952.0__TRINITY_DN9753_c0_g1_i1.p1            0.00%    passed    100.00%
   7  DE563|Cluster-48810.0__TRINITY_DN616_c1_g1_i13.p1                0.00%    passed    100.00%
   8  DE680|Cluster-46012.0__TRINITY_DN8229_c0_g1_i11.p1               0.00%    passed    100.00%
   9  DRR234970|Cluster-15035.0__TRINITY_DN23321_c0_g1_i2.p1           0.00%    passed     99.83%
  10  DE542|Cluster-17543.5__TRINITY_DN3328_c0_g1_i20.p1              50.85%    passed     99.73%
  11  DE510|Cluster-53183.0__TRINITY_DN1243_c4_g1_i10.p1              50.85%    passed     99.42%
  12  SRR3407094|Cluster-27734.0__TRINITY_DN17140_c0_g1_i3.p1          0.00%    passed    100.00%
  13  JJ99|Cluster-40786.0__TRINITY_DN4426_c1_g1_i8.p1                 6.78%    passed    100.00%
  14  DE69|Cluster-33715.0__TRINITY_DN1099_c0_g1_i15.p1               50.85%    passed     99.29%
  15  DE115|Cluster-66005.0__TRINITY_DN3430_c0_g1_i18.p1               0.00%    passed    100.00%
  16  SRR3407087|Cluster-19106.1__TRINITY_DN1817_c0_g1_i31.p1          0.00%    passed    100.00%
  17  SRR3407092|Cluster-26200.0__TRINITY_DN3030_c0_g1_i1.p1           0.00%    passed    100.00%
  18  SRR3407086|Cluster-34446.0__TRINITY_DN8076_c0_g1_i3.p1           0.00%    passed    100.00%
  19  SRR3407093|Cluster-25094.0__TRINITY_DN5006_c0_g1_i1.p1           0.00%    passed    100.00%
  20  DE126|Cluster-33128.0__TRINITY_DN4906_c0_g1_i6.p1                0.00%    passed    100.00%
  21  DE668|Cluster-55642.0__TRINITY_DN4880_c0_g1_i1.p1                0.00%    passed    100.00%
  22  JJ86|Cluster-54394.0__TRINITY_DN6722_c0_g1_i1.p1                 0.00%    passed    100.00%
  23  DE152|Cluster-37079.0__TRINITY_DN7212_c0_g1_i5.p1                0.00%    passed    100.00%
  24  JJ23|Cluster-42920.17__TRINITY_DN8616_c0_g1_i4.p1                0.00%    passed    100.00%
  25  DE523|Cluster-54027.0__TRINITY_DN3453_c0_g1_i100.p1              0.00%    passed    100.00%
  26  DRR082660|Cluster-30520.1__TRINITY_DN4136_c0_g2_i3.p1            0.00%    passed    100.00%
  27  DE623|Cluster-30911.0__TRINITY_DN3329_c1_g1_i14.p1               0.00%    passed    100.00%
  28  DE216|Cluster-53940.0__TRINITY_DN2988_c0_g1_i6.p1                0.00%    passed    100.00%
  29  JJ15|Cluster-42620.0__TRINITY_DN9314_c0_g1_i1.p1                 0.00%    passed    100.00%
  30  DE566|Cluster-60631.0__TRINITY_DN6242_c0_g1_i57.p1               0.00%    passed    100.00%
  31  DE534|Cluster-49536.1__TRINITY_DN6286_c0_g1_i1.p1                0.00%    passed    100.00%
  32  DE162|Cluster-34234.0__TRINITY_DN1216_c0_g1_i13.p1               0.00%    passed    100.00%
  33  DE528|Cluster-23015.1__TRINITY_DN2455_c0_g1_i5.p1                0.00%    passed    100.00%
  34  DE704-purple|Cluster-61392.0__TRINITY_DN4065_c1_g1_i1.p1         0.00%    passed    100.00%
  35  DE704-white|Cluster-54417.0__TRINITY_DN3418_c0_g2_i2.p1          0.00%    passed    100.00%
  36  DE507|Cluster-74726.1__TRINITY_DN2701_c0_g1_i6.p1                0.00%    passed    100.00%
  37  DE681|Cluster-60504.0__TRINITY_DN3409_c1_g1_i3.p1                0.00%    passed    100.00%
  38  DE765|Cluster-19883.0__TRINITY_DN6933_c0_g1_i1.p1                0.00%    passed    100.00%
  39  DE741|Cluster-27422.1__TRINITY_DN1932_c0_g2_i3.p1                0.00%    passed    100.00%
  40  DE151|Cluster-34353.2__TRINITY_DN640_c0_g1_i40.p1                0.00%    passed    100.00%
  41  DE173|Cluster-22959.0__TRINITY_DN9549_c0_g1_i4.p1                0.00%    passed    100.00%
  42  DE189|Cluster-18612.0__TRINITY_DN1007_c0_g1_i6.p1                0.00%    passed    100.00%
  43  DE696-nodots|Cluster-41690.0__TRINITY_DN12364_c0_g1_i2.p1        0.00%    passed    100.00%
  44  DE696-dots|Cluster-29305.0__TRINITY_DN7959_c1_g1_i1.p1           0.00%    passed    100.00%
  45  JJ109|Cluster-44920.0__TRINITY_DN11084_c0_g1_i22.p1              0.00%    passed    100.00%
  46  DE504|Cluster-42570.0__TRINITY_DN8521_c0_g1_i3.p1                0.00%    passed    100.00%
  47  DE549|Cluster-46579.0__TRINITY_DN13515_c0_g1_i2.p1               0.00%    passed    100.00%
  48  DE88|Cluster-37595.1__TRINITY_DN3357_c0_g1_i26.p1                0.00%    passed     99.98%
  49  DE672|Cluster-42382.0__TRINITY_DN12896_c0_g1_i2.p1               0.00%    passed    100.00%
  50  DE541|Cluster-27856.0__TRINITY_DN13901_c0_g1_i2.p1               0.00%    passed    100.00%
  51  DE476|Cluster-46248.0__TRINITY_DN714_c3_g1_i1.p1                 0.00%    passed    100.00%
  52  DE164|Cluster-49299.0__TRINITY_DN7248_c0_g1_i10.p1               0.00%    passed    100.00%
  53  DE531|Cluster-26103.0__TRINITY_DN6429_c1_g1_i3.p1                0.00%    passed    100.00%
  54  JJ89|Cluster-28046.0__TRINITY_DN1595_c0_g1_i1.p1                 0.00%    passed    100.00%
  55  JJ130|Cluster-44672.0__TRINITY_DN6306_c0_g1_i1.p1                0.00%    passed    100.00%
  56  JJ36|Cluster-44730.0__TRINITY_DN9787_c0_g1_i3.p1                 0.00%    passed    100.00%
  57  JJ125|Cluster-34181.0__TRINITY_DN1209_c0_g1_i9.p1                0.00%    passed    100.00%
  58  DE737|Cluster-58030.0__TRINITY_DN7259_c0_g1_i4.p1                0.00%    passed    100.00%
  59  DE764|Cluster-25097.0__TRINITY_DN11089_c0_g1_i3.p1               0.00%    passed    100.00%
  60  DE671|Cluster-55756.0__TRINITY_DN14872_c1_g1_i1.p1               0.00%    passed    100.00%
  61  DE643|Cluster-44943.0__TRINITY_DN6820_c0_g1_i4.p1                0.00%    passed    100.00%
  62  DE736|Cluster-37476.0__TRINITY_DN83_c0_g1_i4.p1                  0.00%    passed    100.00%
  63  DE509|Cluster-42967.0__TRINITY_DN7252_c1_g1_i10.p1               0.00%    passed    100.00%
  64  DE560|Cluster-40964.0__TRINITY_DN4749_c0_g1_i3.p1                0.00%    passed    100.00%
  65  DE181|Cluster-9795.2__TRINITY_DN6484_c0_g1_i33.p1                0.00%    passed    100.00%
  66  DE505|Cluster-36328.0__TRINITY_DN6365_c1_g1_i15.p1               0.00%    passed    100.00%
  67  SRR3407096|Cluster-25632.0__TRINITY_DN4841_c0_g1_i4.p1           0.00%    passed    100.00%
  68  JJ131|Cluster-63087.0__TRINITY_DN6122_c0_g1_i6.p1                0.00%    passed    100.00%
  69  JJ85|Cluster-37629.0__TRINITY_DN14232_c0_g1_i2.p1                0.00%    passed    100.00%
  70  DE519|Cluster-38638.0__TRINITY_DN12777_c0_g1_i2.p1               0.00%    passed    100.00%
  71  SRR3424066|Cluster-36507.0__TRINITY_DN5865_c0_g1_i3.p1           0.00%    passed    100.00%
  72  DE229|Cluster-86957.1__TRINITY_DN165_c0_g1_i7.p1                 0.00%    passed    100.00%
  73  DE127|Cluster-42796.0__TRINITY_DN3247_c0_g1_i3.p1                0.00%    passed    100.00%
  74  DE666|Cluster-39026.0__TRINITY_DN8290_c0_g1_i1.p1                0.00%    passed    100.00%
  75  DE554|Cluster-14567.0__TRINITY_DN2003_c0_g1_i1.p1                0.00%    passed    100.00%
  76  DE503|Cluster-56089.0__TRINITY_DN4111_c0_g1_i5.p1                0.00%    passed    100.00%
  77  SRR104381|Cluster-19330.0__TRINITY_DN4967_c0_g2_i1.p1            0.00%    passed     99.49%
  78  SRR5150740|Cluster-21381.0__TRINITY_DN24286_c0_g1_i5.p1          0.00%    passed     83.80%
  79  SRR11934227|Cluster-122266.0__TRINITY_DN74438_c0_g1_i12.p1       0.00%    passed      8.63%
  80  SRR11748982|Cluster-42958.0__TRINITY_DN5139_c0_g1_i6.p1          0.00%    failed      0.08%
WARNING: 3 sequences contain more than 50% gaps/ambiguity
****  TOTAL                                                            2.34%  1 sequences failed composition chi2 test (p-value<5%; df=60)
WARNING: States(s) CGC, CGT rarely appear in alignment and may cause numerical problems
Reading input tree file tmp.csubst.nwk ... rooted tree

NOTE: 34 MB RAM (0 GB) is required!
Measuring multi-threading efficiency up to 1 CPU cores
2 trees examined
Threads: 1 / Time: 2.605 sec / Speedup: 1.000 / Efficiency: 100% / LogL: -5673
BEST NUMBER OF THREADS: 1

Estimate model parameters (epsilon = 0.010)
1. Initial log-likelihood: -5904.237
2. Current log-likelihood: -4271.378
3. Current log-likelihood: -4270.864
4. Current log-likelihood: -4270.762
5. Current log-likelihood: -4270.738
Optimal log-likelihood: -4270.731
Nonsynonymous/synonymous ratio (omega): 1.000
Transition/transversion ratio (kappa): 1.000
Site proportion and rates:  (0.702,0.404) (0.181,1.353) (0.092,3.567) (0.024,5.864)
Parameters optimization took 5 rounds (31.622 sec)
Wrote distance file to... 
BEST SCORE FOUND : -4270.731
Ancestral state probabilities printed to /mnt/data0/yue/2026-03-11-protein-convergence/results/OG_4521/csubst_w_s/csubst_input_alignment.fa.state
Empirical proportions for each category: 0.734 0.153 0.096 0.017
Site rates printed to /mnt/data0/yue/2026-03-11-protein-convergence/results/OG_4521/csubst_w_s/csubst_input_alignment.fa.rate
Total tree length: 4.446

Total number of iterations: 0
CPU time used for tree search: 0.000 sec (0h:0m:0s)
Wall-clock time used for tree search: 0.000 sec (0h:0m:0s)
Total CPU time used: 35.444 sec (0h:0m:35s)
Total wall-clock time used: 35.504 sec (0h:0m:35s)

Analysis results written to: 
  IQ-TREE report:                /mnt/data0/yue/2026-03-11-protein-convergence/results/OG_4521/csubst_w_s/csubst_input_alignment.fa.iqtree
  Maximum-likelihood tree:       /mnt/data0/yue/2026-03-11-protein-convergence/results/OG_4521/csubst_w_s/csubst_input_alignment.fa.treefile
  Site-specific rates:           /mnt/data0/yue/2026-03-11-protein-convergence/results/OG_4521/csubst_w_s/csubst_input_alignment.fa.rate
  Ancestral state:               /mnt/data0/yue/2026-03-11-protein-convergence/results/OG_4521/csubst_w_s/csubst_input_alignment.fa.state
  Screen log file:               /mnt/data0/yue/2026-03-11-protein-convergence/results/OG_4521/csubst_w_s/csubst_input_alignment.fa.log

Date and Time: Fri Mar 27 14:13:45 2026
