IQ-TREE multicore version 2.4.0 for Linux x86 64-bit built Feb 12 2025
Developed by Bui Quang Minh, Nguyen Lam Tung, Olga Chernomor, Heiko Schmidt,
Dominik Schrempf, Michael Woodhams, Ly Trong Nhan, Thomas Wong

Host:    brain (AVX2, FMA3, 2015 GB RAM)
Command: /home/yue/miniconda3/envs/py39/bin/iqtree -s /mnt/data0/yue/2026-03-11-protein-convergence/results/OG_5390/csubst_w_s/csubst_input_alignment.fa -te tmp.csubst.nwk -m ECMK07+F+R4 --seqtype CODON1 --threads-max 1 -T AUTO --ancestral --rate --redo
Seed:    492934 (Using SPRNG - Scalable Parallel Random Number Generator)
Time:    Fri Mar 27 17:49:47 2026
Kernel:  AVX+FMA - auto-detect threads (128 CPU cores detected)

Reading alignment file /mnt/data0/yue/2026-03-11-protein-convergence/results/OG_5390/csubst_w_s/csubst_input_alignment.fa ... Fasta format detected
Reading fasta file: done in 0.00261456 secs using 42.88% CPU
Alignment most likely contains DNA/RNA sequences
Converting to codon sequences with genetic code 1 ...
Alignment has 75 sequences with 306 columns, 271 distinct patterns
124 parsimony-informative, 86 singleton sites, 96 constant sites
                                                              Gap/Ambiguity  Composition  p-value
Analyzing sequences: done in 0.000113353 secs using 98.81% CPU
   1  DE115|Cluster-25676.0__TRINITY_DN5466_c0_g4_i2.p1               0.33%    passed    100.00%
   2  DE229|Cluster-45695.0__TRINITY_DN1692_c0_g1_i1.p1              34.64%    passed    100.00%
   3  DE696-dots|Cluster-50235.0__TRINITY_DN7176_c0_g1_i4.p1         34.64%    passed     99.90%
   4  DE126|Cluster-9286.0__TRINITY_DN10841_c0_g1_i1.p1               0.33%    passed    100.00%
   5  SRR3407096|Cluster-28709.0__TRINITY_DN10126_c0_g4_i1.p1         0.33%    passed    100.00%
   6  DE151|Cluster-57904.0__TRINITY_DN10157_c0_g1_i5.p1              0.33%    passed    100.00%
   7  DE152|Cluster-27089.0__TRINITY_DN4690_c1_g3_i3.p1               0.33%    passed    100.00%
   8  DE164|Cluster-29078.4__TRINITY_DN3182_c0_g1_i6.p1               0.33%    passed    100.00%
   9  DE173|Cluster-46038.0__TRINITY_DN10263_c0_g1_i3.p1              0.33%    passed    100.00%
  10  DE189|Cluster-19165.0__TRINITY_DN4260_c0_g1_i1.p1               0.33%    passed    100.00%
  11  DE476|Cluster-56547.0__TRINITY_DN22082_c0_g3_i1.p1              0.33%    passed    100.00%
  12  DE504|Cluster-26703.0__TRINITY_DN7186_c0_g2_i1.p1               0.33%    passed    100.00%
  13  DE507|Cluster-64063.0__TRINITY_DN18250_c0_g1_i2.p1              0.33%    passed    100.00%
  14  JJ99|Cluster-38860.0__TRINITY_DN11_c1_g1_i1.p1                  0.33%    passed    100.00%
  15  JJ89|Cluster-6726.0__TRINITY_DN1651_c5_g1_i1.p1                 0.33%    passed    100.00%
  16  DE509|Cluster-6395.0__TRINITY_DN22341_c0_g3_i1.p1               0.33%    passed    100.00%
  17  DE519|Cluster-72470.0__TRINITY_DN13428_c0_g1_i1.p1              0.33%    passed    100.00%
  18  JJ74|Cluster-94164.0__TRINITY_DN6101_c0_g1_i1.p1                0.33%    passed    100.00%
  19  JJ23|Cluster-24320.0__TRINITY_DN2379_c0_g1_i3.p1                0.33%    passed    100.00%
  20  DE523|Cluster-6387.0__TRINITY_DN12193_c0_g3_i1.p1               0.33%    passed    100.00%
  21  DE528|Cluster-37505.0__TRINITY_DN7789_c0_g1_i2.p1               0.33%    passed    100.00%
  22  JJ130|Cluster-8981.0__TRINITY_DN49603_c0_g1_i1.p1               0.33%    passed    100.00%
  23  DE541|Cluster-35457.0__TRINITY_DN6809_c1_g1_i3.p1               0.33%    passed    100.00%
  24  JJ109|Cluster-39337.0__TRINITY_DN9513_c0_g1_i1.p1               0.33%    passed    100.00%
  25  DE546_urceolata_l|Cluster-40139.0__TRINITY_DN193_c1_g1_i1.p1    0.33%    passed    100.00%
  26  DRR082660|Cluster-31680.0__TRINITY_DN4425_c1_g1_i1.p1           0.33%    passed    100.00%
  27  DE549|Cluster-24832.0__TRINITY_DN14123_c0_g1_i2.p1              0.33%    passed    100.00%
  28  DE550|Cluster-41510.0__TRINITY_DN152_c3_g1_i1.p1                0.33%    passed    100.00%
  29  DE764|Cluster-28354.0__TRINITY_DN6307_c0_g2_i1.p1               0.33%    passed    100.00%
  30  DE737|Cluster-26475.0__TRINITY_DN10196_c0_g2_i1.p1              0.33%    passed    100.00%
  31  DE736|Cluster-21122.0__TRINITY_DN6276_c0_g1_i1.p1               0.33%    passed    100.00%
  32  DE704-white|Cluster-24464.0__TRINITY_DN7326_c1_g1_i1.p1         0.33%    passed    100.00%
  33  DE560|Cluster-28831.0__TRINITY_DN2646_c2_g1_i1.p1               0.33%    passed    100.00%
  34  DE643|Cluster-77891.0__TRINITY_DN7544_c1_g1_i1.p1               0.33%    passed    100.00%
  35  DE668|Cluster-60668.0__TRINITY_DN9173_c0_g3_i2.p1               0.33%    passed    100.00%
  36  DE671|Cluster-19883.0__TRINITY_DN11520_c0_g2_i1.p1              0.33%    passed    100.00%
  37  DE672|Cluster-36690.0__TRINITY_DN7771_c1_g1_i2.p1               0.33%    passed    100.00%
  38  JJ85|Cluster-31804.3__TRINITY_DN2569_c0_g1_i20.p1               0.33%    passed    100.00%
  39  DE69|Cluster-55320.0__TRINITY_DN1181_c0_g2_i2.p1               21.24%    passed    100.00%
  40  DE181|Cluster-41901.0__TRINITY_DN13089_c0_g2_i1.p1              0.33%    passed    100.00%
  41  DE561|Cluster-19859.0__TRINITY_DN9872_c1_g1_i1.p1              34.64%    passed    100.00%
  42  SRR3407086|Cluster-23701.0__TRINITY_DN4722_c0_g3_i1.p1          0.33%    passed    100.00%
  43  SRR3424066|Cluster-28469.0__TRINITY_DN8513_c0_g1_i2.p1          0.33%    passed    100.00%
  44  DE127|Cluster-28596.0__TRINITY_DN7014_c0_g2_i1.p1               0.33%    passed    100.00%
  45  DE554|Cluster-40543.0__TRINITY_DN8114_c0_g1_i3.p1               0.33%    passed    100.00%
  46  DE623|Cluster-55230.0__TRINITY_DN7544_c0_g1_i3.p1               0.33%    passed    100.00%
  47  DE563|Cluster-38007.0__TRINITY_DN7801_c0_g2_i1.p1               0.33%    passed    100.00%
  48  DE680|Cluster-35676.0__TRINITY_DN9193_c0_g2_i1.p1               0.33%    passed    100.00%
  49  DE88|Cluster-2585.0__TRINITY_DN8833_c0_g2_i1.p1                 0.33%    passed    100.00%
  50  DE681|Cluster-33662.0__TRINITY_DN18325_c0_g1_i2.p1              0.33%    passed    100.00%
  51  DE765|Cluster-51475.0__TRINITY_DN20872_c0_g1_i2.p1             34.64%    passed     99.67%
  52  DE575|Cluster-4529.0__TRINITY_DN5625_c0_g1_i1.p1                0.33%    passed    100.00%
  53  DE566|Cluster-48553.3__TRINITY_DN5757_c0_g1_i4.p1               0.33%    passed    100.00%
  54  DE216|Cluster-59123.0__TRINITY_DN17742_c1_g1_i1.p1              0.33%    passed    100.00%
  55  DE536|Cluster-39627.0__TRINITY_DN218_c0_g3_i1.p1                0.33%    passed    100.00%
  56  JJ15|Cluster-72480.0__TRINITY_DN7035_c0_g1_i4.p1                0.33%    passed    100.00%
  57  DE666|Cluster-43542.0__TRINITY_DN5936_c0_g1_i5.p1               0.33%    passed    100.00%
  58  SRR3407094|Cluster-24465.0__TRINITY_DN5702_c0_g1_i2.p1          0.33%    passed    100.00%
  59  SRR3407093|Cluster-13174.0__TRINITY_DN5649_c1_g1_i1.p1          0.33%    passed    100.00%
  60  SRR3407092|Cluster-16888.0__TRINITY_DN1706_c1_g1_i1.p1          0.33%    passed    100.00%
  61  SRR3407087|Cluster-29020.0__TRINITY_DN7412_c0_g1_i7.p1          0.33%    passed    100.00%
  62  DE503|Cluster-46452.0__TRINITY_DN49173_c0_g1_i1.p1              0.33%    passed    100.00%
  63  DE505|Cluster-50719.0__TRINITY_DN7578_c0_g2_i2.p1               0.33%    passed    100.00%
  64  DE510|Cluster-43214.0__TRINITY_DN6964_c0_g2_i1.p1               0.33%    passed    100.00%
  65  SRR3407095|Cluster-30374.0__TRINITY_DN6579_c0_g1_i1.p1          0.33%    passed    100.00%
  66  JJ131|Cluster-52104.1__TRINITY_DN8897_c0_g1_i2.p1              56.54%    passed     94.32%
  67  JJ125|Cluster-24685.0__TRINITY_DN8908_c2_g1_i2.p1              56.54%    passed     93.75%
  68  JJ86|Cluster-35249.0__TRINITY_DN2998_c0_g1_i1.p1                0.33%    passed    100.00%
  69  SRR3407088|Cluster-37761.0__TRINITY_DN8860_c1_g1_i2.p1          0.33%    passed    100.00%
  70  DRR234970|Cluster-27760.0__TRINITY_DN7823_c0_g2_i1.p1           0.33%    passed    100.00%
  71  DE534|Cluster-72873.0__TRINITY_DN5387_c0_g2_i3.p1               0.33%    passed    100.00%
  72  DE542|Cluster-27134.0__TRINITY_DN9438_c0_g2_i1.p1               0.33%    passed    100.00%
  73  DE162|Cluster-6618.0__TRINITY_DN12611_c1_g1_i4.p1              31.70%    passed     99.99%
  74  SRR104381|Cluster-17841.0__TRINITY_DN24344_c0_g1_i1.p1          0.00%    passed    100.00%
  75  SRR5150740|Cluster-12441.2__TRINITY_DN6806_c0_g1_i6.p1          0.33%    failed      0.00%
WARNING: 2 sequences contain more than 50% gaps/ambiguity
****  TOTAL                                                           4.35%  1 sequences failed composition chi2 test (p-value<5%; df=60)
Reading input tree file tmp.csubst.nwk ... rooted tree

NOTE: 47 MB RAM (0 GB) is required!
Measuring multi-threading efficiency up to 1 CPU cores
2 trees examined
Threads: 1 / Time: 3.410 sec / Speedup: 1.000 / Efficiency: 100% / LogL: -5697
BEST NUMBER OF THREADS: 1

Estimate model parameters (epsilon = 0.010)
1. Initial log-likelihood: -7920.887
2. Current log-likelihood: -4455.599
3. Current log-likelihood: -4452.979
4. Current log-likelihood: -4450.744
5. Current log-likelihood: -4435.303
6. Current log-likelihood: -4432.323
7. Current log-likelihood: -4432.038
8. Current log-likelihood: -4431.974
9. Current log-likelihood: -4431.958
Optimal log-likelihood: -4431.952
Nonsynonymous/synonymous ratio (omega): 1.000
Transition/transversion ratio (kappa): 1.000
Site proportion and rates:  (0.509,0.395) (0.383,0.725) (0.090,3.542) (0.018,11.288)
Parameters optimization took 9 rounds (83.182 sec)
Wrote distance file to... 
BEST SCORE FOUND : -4431.952
Ancestral state probabilities printed to /mnt/data0/yue/2026-03-11-protein-convergence/results/OG_5390/csubst_w_s/csubst_input_alignment.fa.state
Empirical proportions for each category: 0.624 0.275 0.082 0.020
Site rates printed to /mnt/data0/yue/2026-03-11-protein-convergence/results/OG_5390/csubst_w_s/csubst_input_alignment.fa.rate
Total tree length: 2.350

Total number of iterations: 0
CPU time used for tree search: 0.000 sec (0h:0m:0s)
Wall-clock time used for tree search: 0.000 sec (0h:0m:0s)
Total CPU time used: 88.190 sec (0h:1m:28s)
Total wall-clock time used: 88.320 sec (0h:1m:28s)

Analysis results written to: 
  IQ-TREE report:                /mnt/data0/yue/2026-03-11-protein-convergence/results/OG_5390/csubst_w_s/csubst_input_alignment.fa.iqtree
  Maximum-likelihood tree:       /mnt/data0/yue/2026-03-11-protein-convergence/results/OG_5390/csubst_w_s/csubst_input_alignment.fa.treefile
  Site-specific rates:           /mnt/data0/yue/2026-03-11-protein-convergence/results/OG_5390/csubst_w_s/csubst_input_alignment.fa.rate
  Ancestral state:               /mnt/data0/yue/2026-03-11-protein-convergence/results/OG_5390/csubst_w_s/csubst_input_alignment.fa.state
  Screen log file:               /mnt/data0/yue/2026-03-11-protein-convergence/results/OG_5390/csubst_w_s/csubst_input_alignment.fa.log

Date and Time: Fri Mar 27 17:51:15 2026
