IQ-TREE multicore version 2.4.0 for Linux x86 64-bit built Feb 12 2025
Developed by Bui Quang Minh, Nguyen Lam Tung, Olga Chernomor, Heiko Schmidt,
Dominik Schrempf, Michael Woodhams, Ly Trong Nhan, Thomas Wong

Host:    brain (AVX2, FMA3, 2015 GB RAM)
Command: /home/yue/miniconda3/envs/py39/bin/iqtree -s /mnt/data0/yue/2026-03-11-protein-convergence/results/OG_6241/csubst_w_s/csubst_input_alignment.fa -te tmp.csubst.nwk -m ECMK07+F+R4 --seqtype CODON1 --threads-max 1 -T AUTO --ancestral --rate --redo
Seed:    289950 (Using SPRNG - Scalable Parallel Random Number Generator)
Time:    Fri Mar 27 20:51:30 2026
Kernel:  AVX+FMA - auto-detect threads (128 CPU cores detected)

Reading alignment file /mnt/data0/yue/2026-03-11-protein-convergence/results/OG_6241/csubst_w_s/csubst_input_alignment.fa ... Fasta format detected
Reading fasta file: done in 0.00639759 secs using 8.159% CPU
Alignment most likely contains DNA/RNA sequences
Converting to codon sequences with genetic code 1 ...
WARNING: 1 sites contain only gaps or ambiguous characters.
Alignment has 74 sequences with 1767 columns, 1689 distinct patterns
806 parsimony-informative, 574 singleton sites, 387 constant sites
                                                               Gap/Ambiguity  Composition  p-value
Analyzing sequences: done in 0.000394002 secs using 99.24% CPU
   1  DE741|Cluster-27436.0__TRINITY_DN1625_c0_g1_i52.p1              12.56%    passed    100.00%
   2  DE764|Cluster-39734.0__TRINITY_DN4285_c0_g1_i7.p1               19.35%    passed    100.00%
   3  DE549|Cluster-51786.0__TRINITY_DN2914_c0_g1_i13.p1               0.40%    passed    100.00%
   4  SRR3407096|Cluster-7787.0__TRINITY_DN12880_c0_g3_i1.p1           2.49%    passed    100.00%
   5  JJ130|Cluster-8183.0__TRINITY_DN4417_c0_g1_i23.p1               17.03%    passed    100.00%
   6  SRR11748982|Cluster-35615.0__TRINITY_DN10113_c0_g1_i12.p1       14.04%    passed     14.84%
   7  SRR5150740|Cluster-24236.0__TRINITY_DN9178_c0_g1_i2.p1          45.73%    passed     56.17%
   8  DE643|Cluster-50538.0__TRINITY_DN1501_c0_g1_i17.p1               0.06%    passed    100.00%
   9  DE152|Cluster-63602.0__TRINITY_DN4602_c0_g1_i6.p1               14.66%    passed    100.00%
  10  DE563|Cluster-31969.0__TRINITY_DN5013_c0_g2_i2.p1               59.59%    passed     93.09%
  11  DE523|Cluster-45905.0__TRINITY_DN20281_c0_g1_i14.p1             16.13%    passed    100.00%
  12  DE69|Cluster-43894.0__TRINITY_DN17575_c0_g1_i38.p1               0.06%    passed    100.00%
  13  SRR3407095|Cluster-17073.0__TRINITY_DN10867_c0_g1_i8.p1          0.06%    passed    100.00%
  14  DE531|Cluster-33705.1__TRINITY_DN2028_c1_g1_i8.p1               11.54%    passed    100.00%
  15  DE696-dots|Cluster-54870.0__TRINITY_DN427_c0_g2_i5.p1            5.77%    passed    100.00%
  16  DE696-nodots|Cluster-39900.1__TRINITY_DN10301_c0_g1_i29.p1      11.49%    passed    100.00%
  17  JJ36|Cluster-19905.6__TRINITY_DN1417_c0_g1_i22.p1                0.11%    passed    100.00%
  18  DE560|Cluster-30966.0__TRINITY_DN2002_c0_g2_i1.p1                0.62%    passed    100.00%
  19  JJ125|Cluster-14404.5__TRINITY_DN3697_c1_g1_i10.p1              16.13%    passed    100.00%
  20  DE181|Cluster-51259.0__TRINITY_DN5070_c0_g1_i43.p1              18.39%    passed    100.00%
  21  SRR3424066|Cluster-22499.1__TRINITY_DN441_c0_g1_i32.p1           0.06%    passed    100.00%
  22  DE561|Cluster-26705.5__TRINITY_DN5255_c0_g1_i1.p1               16.07%    passed    100.00%
  23  DE503|Cluster-28205.1__TRINITY_DN3042_c0_g1_i14.p1              16.07%    passed    100.00%
  24  DE505|Cluster-20031.1__TRINITY_DN1026_c0_g1_i5.p1               16.07%    passed    100.00%
  25  JJ131|Cluster-63910.0__TRINITY_DN85_c0_g1_i1.p1                 14.15%    passed    100.00%
  26  DE216|Cluster-41874.1__TRINITY_DN4130_c0_g1_i12.p1              19.58%    passed    100.00%
  27  DE542|Cluster-61596.0__TRINITY_DN6355_c0_g1_i3.p1               20.83%    passed    100.00%
  28  DE536|Cluster-50891.0__TRINITY_DN6069_c0_g1_i5.p1               20.83%    passed    100.00%
  29  DE229|Cluster-101693.0__TRINITY_DN9317_c0_g1_i8.p1              14.32%    passed    100.00%
  30  JJ23|Cluster-46105.3__TRINITY_DN7329_c0_g1_i6.p1                 3.79%    passed    100.00%
  31  JJ99|Cluster-56341.0__TRINITY_DN13128_c0_g1_i4.p1                8.77%    passed    100.00%
  32  JJ15|Cluster-73936.1__TRINITY_DN7762_c0_g1_i5.p1                38.65%    passed     99.91%
  33  DE534|Cluster-73945.1__TRINITY_DN10009_c0_g1_i10.p1             16.19%    passed    100.00%
  34  DE115|Cluster-52710.0__TRINITY_DN4549_c1_g6_i2.p1               18.56%    passed    100.00%
  35  DE666|Cluster-27704.0__TRINITY_DN5024_c0_g1_i1.p1               11.49%    passed    100.00%
  36  DE704-white|Cluster-5865.0__TRINITY_DN68_c0_g1_i3.p1             0.06%    passed    100.00%
  37  DE554|Cluster-45726.0__TRINITY_DN5483_c0_g1_i17.p1              18.68%    passed    100.00%
  38  DE680|Cluster-57323.0__TRINITY_DN11733_c0_g2_i8.p1               0.06%    passed    100.00%
  39  DE126|Cluster-45942.1__TRINITY_DN186_c0_g1_i14.p1               19.07%    passed    100.00%
  40  DE151|Cluster-16761.6__TRINITY_DN756_c0_g1_i19.p1               11.49%    passed    100.00%
  41  JJ89|Cluster-30441.0__TRINITY_DN2537_c0_g1_i20.p1               11.66%    passed    100.00%
  42  DE88|Cluster-28545.1__TRINITY_DN9176_c0_g2_i2.p1                28.98%    passed     99.90%
  43  DE164|Cluster-57525.0__TRINITY_DN4368_c0_g1_i77.p1               6.85%    passed    100.00%
  44  DE672|Cluster-49689.1__TRINITY_DN1342_c0_g1_i29.p1              20.03%    passed    100.00%
  45  DE671|Cluster-58977.0__TRINITY_DN1717_c0_g1_i21.p1              26.26%    passed    100.00%
  46  JJ74|Cluster-115431.1__TRINITY_DN4111_c0_g1_i62.p1              42.61%    passed     99.09%
  47  DE566|Cluster-51080.0__TRINITY_DN10799_c0_g1_i18.p1             16.24%    passed    100.00%
  48  DE519|Cluster-70510.0__TRINITY_DN5745_c0_g1_i1.p1               38.26%    passed     89.47%
  49  DE736|Cluster-39128.0__TRINITY_DN5728_c0_g2_i18.p1               0.40%    passed    100.00%
  50  JJ85|Cluster-28380.0__TRINITY_DN4732_c0_g1_i5.p1                38.43%    passed     91.26%
  51  DE541|Cluster-21149.0__TRINITY_DN4860_c1_g1_i3.p1               10.47%    passed    100.00%
  52  DE681|Cluster-48292.0__TRINITY_DN2579_c0_g1_i6.p1                0.34%    passed    100.00%
  53  DE173|Cluster-28699.1__TRINITY_DN5707_c0_g1_i30.p1               0.06%    passed    100.00%
  54  JJ109|Cluster-33283.0__TRINITY_DN1236_c0_g1_i8.p1                0.06%    passed    100.00%
  55  DE509|Cluster-46096.0__TRINITY_DN1847_c0_g1_i2.p1                0.40%    passed    100.00%
  56  DE623|Cluster-57644.0__TRINITY_DN3164_c0_g1_i7.p1               11.49%    passed    100.00%
  57  DE189|Cluster-49933.0__TRINITY_DN2891_c0_g1_i34.p1              50.42%    passed     97.06%
  58  DE546_urceolata_l|Cluster-36218.3__TRINITY_DN5450_c0_g2_i1.p1    0.06%    passed    100.00%
  59  DE162|Cluster-21289.2__TRINITY_DN285_c0_g1_i22.p1               18.39%    passed    100.00%
  60  DE528|Cluster-61441.0__TRINITY_DN3331_c0_g1_i23.p1              18.39%    passed    100.00%
  61  DE704-purple|Cluster-49628.0__TRINITY_DN9646_c0_g1_i1.p1        32.03%    passed     96.51%
  62  DE507|Cluster-61434.0__TRINITY_DN5467_c0_g1_i14.p1               0.06%    passed    100.00%
  63  DE127|Cluster-43509.0__TRINITY_DN7980_c0_g1_i25.p1               0.34%    passed    100.00%
  64  DE668|Cluster-39015.2__TRINITY_DN4257_c0_g1_i24.p1              18.45%    passed    100.00%
  65  SRR3407094|Cluster-39072.0__TRINITY_DN17423_c0_g1_i2.p1         51.95%    passed     90.75%
  66  DE510|Cluster-50613.0__TRINITY_DN1748_c0_g1_i21.p1              25.24%    passed     99.96%
  67  SRR3407093|Cluster-1966.0__TRINITY_DN13527_c0_g1_i1.p1          33.39%    passed     99.25%
  68  SRR3407092|Cluster-18082.0__TRINITY_DN7587_c0_g1_i3.p1          40.35%    passed     99.60%
  69  SRR3407087|Cluster-12566.0__TRINITY_DN13515_c0_g1_i2.p1         44.48%    passed     99.82%
  70  SRR3407088|Cluster-23048.0__TRINITY_DN9004_c0_g1_i1.p1          65.53%    passed     91.36%
  71  SRR3407086|Cluster-16815.0__TRINITY_DN35373_c0_g1_i1.p1         28.69%    passed     99.88%
  72  JJ86|Cluster-34947.2__TRINITY_DN8245_c0_g1_i6.p1                25.24%    passed     99.69%
  73  DE575|Cluster-59887.4__TRINITY_DN837_c0_g1_i5.p1                40.41%    passed     95.89%
  74  DE765|Cluster-32436.1__TRINITY_DN28952_c0_g1_i23.p1             40.46%    passed     96.29%
WARNING: 4 sequences contain more than 50% gaps/ambiguity
****  TOTAL                                                           18.07%  0 sequences failed composition chi2 test (p-value<5%; df=60)
Reading input tree file tmp.csubst.nwk ... rooted tree

NOTE: 243 MB RAM (0 GB) is required!
Measuring multi-threading efficiency up to 1 CPU cores
2 trees examined
Threads: 1 / Time: 13.295 sec / Speedup: 1.000 / Efficiency: 100% / LogL: -52197
BEST NUMBER OF THREADS: 1

Estimate model parameters (epsilon = 0.010)
1. Initial log-likelihood: -54671.962
2. Current log-likelihood: -32800.337
3. Current log-likelihood: -32800.116
4. Current log-likelihood: -32799.953
5. Current log-likelihood: -32799.831
6. Current log-likelihood: -32799.738
7. Current log-likelihood: -32799.666
8. Current log-likelihood: -32799.608
9. Current log-likelihood: -32799.562
10. Current log-likelihood: -32799.523
11. Current log-likelihood: -32799.491
12. Current log-likelihood: -32799.464
13. Current log-likelihood: -32799.441
14. Current log-likelihood: -32799.421
15. Current log-likelihood: -32799.403
16. Current log-likelihood: -32799.386
17. Current log-likelihood: -32799.371
18. Current log-likelihood: -32799.357
19. Current log-likelihood: -32799.344
20. Current log-likelihood: -32799.332
21. Current log-likelihood: -32799.321
22. Current log-likelihood: -32799.310
Optimal log-likelihood: -32799.301
Nonsynonymous/synonymous ratio (omega): 1.000
Transition/transversion ratio (kappa): 1.000
Site proportion and rates:  (0.564,0.443) (0.292,1.379) (0.118,1.921) (0.027,4.562)
Parameters optimization took 22 rounds (965.704 sec)
Wrote distance file to... 
BEST SCORE FOUND : -32799.301
Ancestral state probabilities printed to /mnt/data0/yue/2026-03-11-protein-convergence/results/OG_6241/csubst_w_s/csubst_input_alignment.fa.state
Empirical proportions for each category: 0.643 0.314 0.020 0.023
Site rates printed to /mnt/data0/yue/2026-03-11-protein-convergence/results/OG_6241/csubst_w_s/csubst_input_alignment.fa.rate
Total tree length: 2.811

Total number of iterations: 0
CPU time used for tree search: 0.000 sec (0h:0m:0s)
Wall-clock time used for tree search: 0.000 sec (0h:0m:0s)
Total CPU time used: 986.843 sec (0h:16m:26s)
Total wall-clock time used: 988.393 sec (0h:16m:28s)

Analysis results written to: 
  IQ-TREE report:                /mnt/data0/yue/2026-03-11-protein-convergence/results/OG_6241/csubst_w_s/csubst_input_alignment.fa.iqtree
  Maximum-likelihood tree:       /mnt/data0/yue/2026-03-11-protein-convergence/results/OG_6241/csubst_w_s/csubst_input_alignment.fa.treefile
  Site-specific rates:           /mnt/data0/yue/2026-03-11-protein-convergence/results/OG_6241/csubst_w_s/csubst_input_alignment.fa.rate
  Ancestral state:               /mnt/data0/yue/2026-03-11-protein-convergence/results/OG_6241/csubst_w_s/csubst_input_alignment.fa.state
  Screen log file:               /mnt/data0/yue/2026-03-11-protein-convergence/results/OG_6241/csubst_w_s/csubst_input_alignment.fa.log

Date and Time: Fri Mar 27 21:07:58 2026
