IQ-TREE multicore version 2.4.0 for Linux x86 64-bit built Feb 12 2025
Developed by Bui Quang Minh, Nguyen Lam Tung, Olga Chernomor, Heiko Schmidt,
Dominik Schrempf, Michael Woodhams, Ly Trong Nhan, Thomas Wong

Host:    brain (AVX2, FMA3, 2015 GB RAM)
Command: /home/yue/miniconda3/envs/py39/bin/iqtree -s /mnt/data0/yue/2026-03-11-protein-convergence/results/OG_5409/csubst_w_s/csubst_input_alignment.fa -te tmp.csubst.nwk -m ECMK07+F+R4 --seqtype CODON1 --threads-max 1 -T AUTO --ancestral --rate --redo
Seed:    128366 (Using SPRNG - Scalable Parallel Random Number Generator)
Time:    Fri Mar 27 17:53:36 2026
Kernel:  AVX+FMA - auto-detect threads (128 CPU cores detected)

Reading alignment file /mnt/data0/yue/2026-03-11-protein-convergence/results/OG_5409/csubst_w_s/csubst_input_alignment.fa ... Fasta format detected
Reading fasta file: done in 0.00123909 secs using 33.25% CPU
Alignment most likely contains DNA/RNA sequences
Converting to codon sequences with genetic code 1 ...
WARNING: 1 sites contain only gaps or ambiguous characters.
Alignment has 70 sequences with 348 columns, 332 distinct patterns
144 parsimony-informative, 105 singleton sites, 99 constant sites
                                                               Gap/Ambiguity  Composition  p-value
Analyzing sequences: done in 5.93364e-05 secs using 32.02% CPU
   1  DE88|Cluster-21358.0__TRINITY_DN3755_c0_g1_i10.p1               27.87%    passed    100.00%
   2  DE509|Cluster-36604.0__TRINITY_DN6454_c0_g1_i6.p1               27.87%    passed    100.00%
   3  DE542|Cluster-27417.0__TRINITY_DN6287_c0_g1_i3.p1                9.77%    passed    100.00%
   4  JJ15|Cluster-41903.0__TRINITY_DN4505_c1_g1_i3.p1                29.89%    passed    100.00%
   5  JJ86|Cluster-46211.0__TRINITY_DN693_c1_g1_i6.p1                  0.29%    passed    100.00%
   6  DE546_urceolata_l|Cluster-38911.0__TRINITY_DN9719_c0_g1_i4.p1   25.29%    passed    100.00%
   7  DE162|Cluster-47119.0__TRINITY_DN17316_c0_g1_i6.p1               0.29%    passed    100.00%
   8  DE704-purple|Cluster-38172.0__TRINITY_DN32429_c2_g1_i1.p1        0.29%    passed    100.00%
   9  DE704-white|Cluster-64943.0__TRINITY_DN19433_c1_g2_i1.p1        22.13%    passed    100.00%
  10  DE507|Cluster-70496.0__TRINITY_DN11883_c0_g1_i6.p1               0.29%    passed    100.00%
  11  DE528|Cluster-58733.0__TRINITY_DN2045_c4_g1_i3.p1               22.13%    passed    100.00%
  12  DE575|Cluster-16662.0__TRINITY_DN4710_c0_g2_i1.p1               28.16%    passed    100.00%
  13  DE681|Cluster-22605.0__TRINITY_DN10280_c0_g1_i10.p1              0.29%    passed    100.00%
  14  DE765|Cluster-41552.0__TRINITY_DN11304_c2_g1_i4.p1              25.29%    passed    100.00%
  15  DE554|Cluster-50806.0__TRINITY_DN9667_c0_g1_i5.p1               28.16%    passed    100.00%
  16  DE563|Cluster-16125.1__TRINITY_DN2624_c0_g2_i3.p1                0.29%    passed    100.00%
  17  DE505|Cluster-54818.0__TRINITY_DN13328_c0_g1_i2.p1               0.29%    passed    100.00%
  18  DE510|Cluster-51440.0__TRINITY_DN12202_c0_g1_i1.p1              28.16%    passed     99.95%
  19  SRR3407086|Cluster-4124.0__TRINITY_DN10306_c0_g1_i1.p1          22.13%    passed    100.00%
  20  DE523|Cluster-23757.0__TRINITY_DN845_c0_g1_i2.p1                28.16%    passed    100.00%
  21  JJ125|Cluster-22673.0__TRINITY_DN3464_c0_g1_i4.p1                0.29%    passed    100.00%
  22  DE534|Cluster-73899.0__TRINITY_DN8838_c0_g1_i2.p1               22.13%    passed    100.00%
  23  DRR082660|Cluster-35509.1__TRINITY_DN2533_c0_g2_i5.p1            0.29%    passed    100.00%
  24  DE151|Cluster-62338.0__TRINITY_DN4568_c0_g1_i4.p1                0.29%    passed    100.00%
  25  DE173|Cluster-27610.0__TRINITY_DN19378_c0_g1_i2.p1               0.29%    passed    100.00%
  26  DE531|Cluster-28536.0__TRINITY_DN4213_c0_g1_i21.p1              28.16%    passed    100.00%
  27  DE764|Cluster-40075.0__TRINITY_DN1423_c0_g1_i1.p1                0.29%    passed    100.00%
  28  JJ36|Cluster-23073.0__TRINITY_DN3975_c2_g3_i2.p1                 0.29%    passed    100.00%
  29  DE519|Cluster-52964.0__TRINITY_DN1948_c1_g1_i6.p1                0.29%    passed    100.00%
  30  DE741|Cluster-54481.1__TRINITY_DN1725_c0_g2_i5.p1               22.13%    passed    100.00%
  31  JJ74|Cluster-99225.2__TRINITY_DN11255_c0_g1_i5.p1               22.13%    passed    100.00%
  32  DE643|Cluster-37178.0__TRINITY_DN6059_c0_g1_i7.p1                0.29%    passed    100.00%
  33  DE476|Cluster-9447.0__TRINITY_DN6659_c0_g2_i3.p1                22.13%    passed    100.00%
  34  JJ131|Cluster-66283.0__TRINITY_DN14929_c0_g1_i20.p1             31.61%    passed     99.84%
  35  DE127|Cluster-44561.0__TRINITY_DN2340_c0_g1_i2.p1                0.29%    passed    100.00%
  36  DE666|Cluster-44673.0__TRINITY_DN3553_c0_g1_i2.p1               43.39%    passed     99.49%
  37  DE623|Cluster-42212.0__TRINITY_DN12173_c0_g1_i4.p1               0.29%    passed    100.00%
  38  DE680|Cluster-57794.0__TRINITY_DN13286_c0_g1_i2.p1               0.29%    passed    100.00%
  39  DE668|Cluster-9248.0__TRINITY_DN10297_c0_g2_i2.p1                0.29%    passed    100.00%
  40  DE164|Cluster-6166.0__TRINITY_DN9016_c0_g2_i4.p1                27.87%    passed    100.00%
  41  DE736|Cluster-57577.1__TRINITY_DN2243_c0_g1_i2.p1               27.87%    passed     99.96%
  42  DE549|Cluster-32879.0__TRINITY_DN3385_c0_g1_i3.p1               27.87%    passed     99.98%
  43  DE504|Cluster-33111.0__TRINITY_DN8208_c0_g1_i12.p1               0.29%    passed    100.00%
  44  JJ99|Cluster-54834.0__TRINITY_DN13974_c0_g1_i9.p1                2.01%    passed    100.00%
  45  JJ89|Cluster-28188.0__TRINITY_DN13931_c0_g1_i3.p1               27.87%    passed     99.99%
  46  DE672|Cluster-31964.0__TRINITY_DN8906_c0_g1_i5.p1                0.29%    passed    100.00%
  47  DE671|Cluster-56916.0__TRINITY_DN3253_c0_g2_i5.p1               27.87%    passed    100.00%
  48  DE696-dots|Cluster-58925.0__TRINITY_DN2106_c1_g1_i3.p1          27.87%    passed    100.00%
  49  DE550|Cluster-28583.0__TRINITY_DN5967_c0_g3_i2.p1                0.29%    passed    100.00%
  50  JJ109|Cluster-18510.0__TRINITY_DN10835_c0_g2_i1.p1               0.29%    passed    100.00%
  51  DE189|Cluster-27803.0__TRINITY_DN10315_c0_g1_i1.p1               0.29%    passed    100.00%
  52  DE181|Cluster-32635.0__TRINITY_DN2430_c1_g1_i2.p1                0.29%    passed    100.00%
  53  DE503|Cluster-51487.0__TRINITY_DN3379_c0_g2_i1.p1               43.39%    passed     94.19%
  54  SRR3424066|Cluster-38793.0__TRINITY_DN41265_c0_g1_i1.p1          0.29%    passed    100.00%
  55  DE561|Cluster-25347.97__TRINITY_DN8399_c2_g1_i1.p1               0.29%    passed    100.00%
  56  JJ85|Cluster-39736.0__TRINITY_DN2301_c0_g1_i22.p1               43.39%    passed     98.48%
  57  SRR3407088|Cluster-39815.0__TRINITY_DN7814_c0_g1_i1.p1           0.29%    passed    100.00%
  58  SRR3407096|Cluster-25744.0__TRINITY_DN8932_c2_g1_i1.p1           0.29%    passed    100.00%
  59  SRR3407094|Cluster-9951.0__TRINITY_DN9577_c0_g2_i1.p1            0.29%    passed    100.00%
  60  SRR3407095|Cluster-16784.0__TRINITY_DN1926_c0_g1_i1.p1           0.29%    passed    100.00%
  61  DE69|Cluster-23557.1__TRINITY_DN15805_c0_g1_i7.p1                0.29%    passed    100.00%
  62  SRR3407093|Cluster-9695.0__TRINITY_DN9314_c0_g1_i1.p1            0.29%    passed    100.00%
  63  DE737|Cluster-5798.0__TRINITY_DN3006_c0_g1_i2.p1                 0.29%    passed    100.00%
  64  DE541|Cluster-41305.0__TRINITY_DN3708_c6_g1_i2.p1                0.29%    passed    100.00%
  65  DE536|Cluster-46150.0__TRINITY_DN16735_c0_g1_i2.p1               0.29%    passed    100.00%
  66  DE566|Cluster-33681.0__TRINITY_DN13125_c0_g1_i4.p1               3.45%    passed    100.00%
  67  SRR5150740|Cluster-16920.0__TRINITY_DN12765_c0_g1_i1.p1          0.29%    passed    100.00%
  68  SRR11934227|Cluster-151341.2__TRINITY_DN90346_c0_g1_i5.p1       15.23%    passed     23.45%
  69  JJ23|Cluster-31409.0__TRINITY_DN2994_c0_g1_i17.p1               50.29%    passed     87.62%
  70  DE560|Cluster-41913.1__TRINITY_DN11688_c1_g1_i6.p1              50.29%    passed     94.57%
WARNING: 2 sequences contain more than 50% gaps/ambiguity
****  TOTAL                                                           12.89%  0 sequences failed composition chi2 test (p-value<5%; df=60)
Reading input tree file tmp.csubst.nwk ... rooted tree

NOTE: 51 MB RAM (0 GB) is required!
Measuring multi-threading efficiency up to 1 CPU cores
2 trees examined
Threads: 1 / Time: 2.669 sec / Speedup: 1.000 / Efficiency: 100% / LogL: -7562
BEST NUMBER OF THREADS: 1

Estimate model parameters (epsilon = 0.010)
1. Initial log-likelihood: -8666.514
2. Current log-likelihood: -5598.214
3. Current log-likelihood: -5597.626
4. Current log-likelihood: -5597.309
5. Current log-likelihood: -5597.120
6. Current log-likelihood: -5597.008
7. Current log-likelihood: -5596.943
8. Current log-likelihood: -5596.905
9. Current log-likelihood: -5596.883
10. Current log-likelihood: -5596.870
Optimal log-likelihood: -5596.863
Nonsynonymous/synonymous ratio (omega): 1.000
Transition/transversion ratio (kappa): 1.000
Site proportion and rates:  (0.643,0.444) (0.189,1.607) (0.157,2.440) (0.011,2.494)
Parameters optimization took 10 rounds (72.034 sec)
Wrote distance file to... 
BEST SCORE FOUND : -5596.863
Ancestral state probabilities printed to /mnt/data0/yue/2026-03-11-protein-convergence/results/OG_5409/csubst_w_s/csubst_input_alignment.fa.state
Empirical proportions for each category: 0.730 0.141 0.129 0.000
Site rates printed to /mnt/data0/yue/2026-03-11-protein-convergence/results/OG_5409/csubst_w_s/csubst_input_alignment.fa.rate
Total tree length: 2.502

Total number of iterations: 0
CPU time used for tree search: 0.000 sec (0h:0m:0s)
Wall-clock time used for tree search: 0.000 sec (0h:0m:0s)
Total CPU time used: 76.001 sec (0h:1m:16s)
Total wall-clock time used: 76.135 sec (0h:1m:16s)

Analysis results written to: 
  IQ-TREE report:                /mnt/data0/yue/2026-03-11-protein-convergence/results/OG_5409/csubst_w_s/csubst_input_alignment.fa.iqtree
  Maximum-likelihood tree:       /mnt/data0/yue/2026-03-11-protein-convergence/results/OG_5409/csubst_w_s/csubst_input_alignment.fa.treefile
  Site-specific rates:           /mnt/data0/yue/2026-03-11-protein-convergence/results/OG_5409/csubst_w_s/csubst_input_alignment.fa.rate
  Ancestral state:               /mnt/data0/yue/2026-03-11-protein-convergence/results/OG_5409/csubst_w_s/csubst_input_alignment.fa.state
  Screen log file:               /mnt/data0/yue/2026-03-11-protein-convergence/results/OG_5409/csubst_w_s/csubst_input_alignment.fa.log

Date and Time: Fri Mar 27 17:54:52 2026
