IQ-TREE multicore version 2.4.0 for Linux x86 64-bit built Feb 12 2025
Developed by Bui Quang Minh, Nguyen Lam Tung, Olga Chernomor, Heiko Schmidt,
Dominik Schrempf, Michael Woodhams, Ly Trong Nhan, Thomas Wong

Host:    brain (AVX2, FMA3, 2015 GB RAM)
Command: /home/yue/miniconda3/envs/py39/bin/iqtree -s /mnt/data0/yue/2026-03-11-protein-convergence/results/OG_9214/csubst_w_s/csubst_input_alignment.fa -te tmp.csubst.nwk -m ECMK07+F+R4 --seqtype CODON1 --threads-max 1 -T AUTO --ancestral --rate --redo
Seed:    286091 (Using SPRNG - Scalable Parallel Random Number Generator)
Time:    Sat Mar 28 05:17:42 2026
Kernel:  AVX+FMA - auto-detect threads (128 CPU cores detected)

Reading alignment file /mnt/data0/yue/2026-03-11-protein-convergence/results/OG_9214/csubst_w_s/csubst_input_alignment.fa ... Fasta format detected
Reading fasta file: done in 0.00388271 secs using 68.38% CPU
Alignment most likely contains DNA/RNA sequences
Converting to codon sequences with genetic code 1 ...
WARNING: 1 sites contain only gaps or ambiguous characters.
Alignment has 69 sequences with 652 columns, 629 distinct patterns
315 parsimony-informative, 190 singleton sites, 147 constant sites
                                                                Gap/Ambiguity  Composition  p-value
Analyzing sequences: done in 0.000177711 secs using 2.814% CPU
   1  JJ23|Cluster-40822.0__TRINITY_DN18859_c0_g2_i1.p1                 0.15%    passed    100.00%
   2  JJ131|Cluster-38787.0__TRINITY_DN41164_c0_g1_i1.p1                0.15%    passed    100.00%
   3  DE536|Cluster-56390.0__TRINITY_DN8639_c0_g1_i28.p1               18.71%    passed    100.00%
   4  DE561|Cluster-27141.0__TRINITY_DN35361_c0_g1_i1.p1                0.15%    passed    100.00%
   5  DE115|Cluster-46894.0__TRINITY_DN90090_c0_g1_i1.p1                0.15%    passed    100.00%
   6  DE680|Cluster-30061.0__TRINITY_DN24789_c0_g1_i2.p1               19.48%    passed    100.00%
   7  DE623|Cluster-37063.0__TRINITY_DN17875_c0_g1_i5.p1                0.15%    passed    100.00%
   8  DE668|Cluster-4308.0__TRINITY_DN15128_c0_g1_i2.p1                60.28%    passed     99.23%
   9  DE162|Cluster-33331.0__TRINITY_DN17959_c0_g1_i1.p1                0.15%    passed    100.00%
  10  DE528|Cluster-39310.0__TRINITY_DN11409_c0_g1_i1.p1                0.15%    passed    100.00%
  11  DE704-white|Cluster-63304.1__TRINITY_DN14065_c0_g1_i2.p1         18.56%    passed    100.00%
  12  DE666|Cluster-43852.1__TRINITY_DN22660_c0_g2_i2.p1               17.02%    passed    100.00%
  13  DE563|Cluster-47046.0__TRINITY_DN10141_c1_g1_i1.p1                0.15%    passed    100.00%
  14  DE575|Cluster-54440.0__TRINITY_DN15527_c0_g1_i1.p1                0.15%    passed    100.00%
  15  DE764|Cluster-30723.0__TRINITY_DN48148_c0_g1_i3.p1                0.15%    passed    100.00%
  16  DE509|Cluster-13887.0__TRINITY_DN9938_c0_g1_i1.p1                 0.15%    passed    100.00%
  17  DE736|Cluster-38394.0__TRINITY_DN19964_c0_g1_i2.p1                0.15%    passed    100.00%
  18  DE504|Cluster-18384.0__TRINITY_DN16932_c0_g1_i1.p1                0.15%    passed    100.00%
  19  DE541|Cluster-50034.0__TRINITY_DN16488_c0_g2_i5.p1                0.15%    passed    100.00%
  20  DE88|Cluster-11932.0__TRINITY_DN8601_c0_g1_i1.p1                  0.15%    passed    100.00%
  21  JJ15|Cluster-73673.0__TRINITY_DN29909_c0_g1_i3.p1                63.04%    passed     72.52%
  22  DE476|Cluster-16229.0__TRINITY_DN20504_c0_g2_i1.p1                0.15%    passed    100.00%
  23  DE216|Cluster-64793.0__TRINITY_DN4210_c0_g3_i1.p1                 0.15%    passed    100.00%
  24  DE542|Cluster-6405.0__TRINITY_DN12307_c0_g1_i1.p1                 0.15%    passed    100.00%
  25  DE534|Cluster-48100.0__TRINITY_DN19199_c0_g1_i2.p1                0.15%    passed    100.00%
  26  DE229|Cluster-68557.0__TRINITY_DN8082_c2_g1_i1.p1                 0.15%    passed    100.00%
  27  DE507|Cluster-87097.0__TRINITY_DN29281_c1_g1_i3.p1               52.76%    passed     91.95%
  28  DE523|Cluster-35513.0__TRINITY_DN20839_c0_g3_i1.p1                0.15%    passed    100.00%
  29  SRR3407096|Cluster-7256.0__TRINITY_DN11713_c0_g1_i1.p1           15.95%    passed    100.00%
  30  SRR3407095|Cluster-27838.0__TRINITY_DN15381_c0_g1_i1.p1           1.38%    passed    100.00%
  31  DE549|Cluster-30662.0__TRINITY_DN34666_c0_g1_i1.p1                0.15%    passed    100.00%
  32  DE546_urceolata_l|Cluster-35895.0__TRINITY_DN32705_c0_g1_i2.p1    0.31%    passed    100.00%
  33  DE554|Cluster-57679.0__TRINITY_DN12563_c0_g1_i2.p1               62.58%    passed     28.96%
  34  JJ86|Cluster-49836.0__TRINITY_DN10701_c0_g1_i1.p1                 0.15%    passed    100.00%
  35  JJ89|Cluster-31774.0__TRINITY_DN6447_c0_g2_i1.p1                  0.15%    passed    100.00%
  36  DE531|Cluster-52281.0__TRINITY_DN41154_c0_g1_i1.p1                0.15%    passed    100.00%
  37  JJ36|Cluster-38580.2__TRINITY_DN38800_c0_g1_i2.p1                 0.15%    passed    100.00%
  38  DE696-dots|Cluster-27163.0__TRINITY_DN78606_c0_g1_i1.p1           0.15%    passed    100.00%
  39  DE696-nodots|Cluster-41783.0__TRINITY_DN16995_c0_g1_i2.p1         0.15%    passed    100.00%
  40  DE164|Cluster-55149.0__TRINITY_DN9838_c1_g1_i7.p1                 0.15%    passed    100.00%
  41  DE643|Cluster-61316.0__TRINITY_DN34189_c0_g1_i6.p1                0.15%    passed    100.00%
  42  JJ125|Cluster-10594.0__TRINITY_DN46623_c0_g1_i1.p1                0.15%    passed    100.00%
  43  DE152|Cluster-17586.0__TRINITY_DN70911_c0_g1_i1.p1                0.15%    passed    100.00%
  44  JJ99|Cluster-20184.0__TRINITY_DN57020_c0_g1_i1.p1                 0.15%    passed    100.00%
  45  DE151|Cluster-10993.0__TRINITY_DN11950_c1_g1_i1.p1               25.00%    passed     99.08%
  46  DE173|Cluster-28912.0__TRINITY_DN6789_c0_g2_i5.p1                 0.15%    passed    100.00%
  47  DE189|Cluster-35576.2__TRINITY_DN18445_c0_g1_i8.p1                0.15%    passed    100.00%
  48  JJ130|Cluster-48686.0__TRINITY_DN11230_c0_g1_i2.p1                1.99%    passed    100.00%
  49  JJ109|Cluster-28810.0__TRINITY_DN27762_c0_g1_i1.p1                0.15%    passed    100.00%
  50  DE519|Cluster-43670.0__TRINITY_DN2616_c1_g1_i1.p1                 0.61%    passed    100.00%
  51  DE741|Cluster-12974.0__TRINITY_DN23943_c0_g1_i1.p1                0.61%    passed    100.00%
  52  DE672|Cluster-21472.1__TRINITY_DN2821_c0_g1_i4.p1                 0.15%    passed    100.00%
  53  DE737|Cluster-54870.0__TRINITY_DN2906_c1_g1_i1.p1                 0.15%    passed    100.00%
  54  DE550|Cluster-11463.1__TRINITY_DN15649_c0_g1_i9.p1                7.52%    passed    100.00%
  55  DE566|Cluster-2584.0__TRINITY_DN78450_c0_g1_i1.p1                 0.15%    passed    100.00%
  56  JJ85|Cluster-10771.0__TRINITY_DN10191_c0_g1_i1.p1                32.21%    passed     70.66%
  57  DE560|Cluster-17479.0__TRINITY_DN13812_c0_g1_i1.p1                0.15%    passed    100.00%
  58  SRR3407086|Cluster-41628.0__TRINITY_DN15002_c1_g2_i1.p1           0.15%    passed    100.00%
  59  DE181|Cluster-44576.0__TRINITY_DN14132_c0_g1_i1.p1                0.15%    passed    100.00%
  60  SRR3424066|Cluster-21104.0__TRINITY_DN20357_c0_g1_i1.p1          31.60%    passed     81.03%
  61  DE503|Cluster-55483.0__TRINITY_DN28371_c0_g1_i1.p1               38.04%    passed     61.70%
  62  DE510|Cluster-49876.0__TRINITY_DN21105_c0_g1_i3.p1                0.15%    passed    100.00%
  63  SRR3407087|Cluster-3651.0__TRINITY_DN35879_c0_g1_i1.p1           57.21%    passed     75.38%
  64  SRR3407094|Cluster-35399.0__TRINITY_DN20910_c0_g1_i1.p1          30.37%    passed     87.10%
  65  SRR3407092|Cluster-23819.0__TRINITY_DN27521_c0_g2_i1.p1           0.15%    passed    100.00%
  66  SRR3407093|Cluster-20878.0__TRINITY_DN17345_c0_g1_i1.p1           0.15%    passed    100.00%
  67  DE126|Cluster-42819.0__TRINITY_DN12629_c0_g1_i3.p1               46.47%    passed     50.46%
  68  DE127|Cluster-9381.0__TRINITY_DN10458_c0_g1_i1.p1                69.17%    passed     15.09%
  69  DE69|Cluster-25404.0__TRINITY_DN9076_c0_g1_i5.p1                 18.56%    passed     99.95%
WARNING: 6 sequences contain more than 50% gaps/ambiguity
****  TOTAL                                                            10.09%  0 sequences failed composition chi2 test (p-value<5%; df=60)
Reading input tree file tmp.csubst.nwk ... rooted tree

NOTE: 89 MB RAM (0 GB) is required!
Measuring multi-threading efficiency up to 1 CPU cores
2 trees examined
Threads: 1 / Time: 4.882 sec / Speedup: 1.000 / Efficiency: 100% / LogL: -17766
BEST NUMBER OF THREADS: 1

Estimate model parameters (epsilon = 0.010)
1. Initial log-likelihood: -19218.359
2. Current log-likelihood: -13264.218
3. Current log-likelihood: -13249.462
4. Current log-likelihood: -13248.440
5. Current log-likelihood: -13248.378
6. Current log-likelihood: -13248.335
7. Current log-likelihood: -13248.303
8. Current log-likelihood: -13248.279
9. Current log-likelihood: -13248.259
10. Current log-likelihood: -13248.245
11. Current log-likelihood: -13248.233
Optimal log-likelihood: -13248.224
Nonsynonymous/synonymous ratio (omega): 1.000
Transition/transversion ratio (kappa): 1.000
Site proportion and rates:  (0.526,0.428) (0.295,1.027) (0.172,2.437) (0.007,7.129)
Parameters optimization took 11 rounds (152.229 sec)
Wrote distance file to... 
BEST SCORE FOUND : -13248.224
Ancestral state probabilities printed to /mnt/data0/yue/2026-03-11-protein-convergence/results/OG_9214/csubst_w_s/csubst_input_alignment.fa.state
Empirical proportions for each category: 0.598 0.236 0.158 0.008
Site rates printed to /mnt/data0/yue/2026-03-11-protein-convergence/results/OG_9214/csubst_w_s/csubst_input_alignment.fa.rate
Total tree length: 2.970

Total number of iterations: 0
CPU time used for tree search: 0.000 sec (0h:0m:0s)
Wall-clock time used for tree search: 0.000 sec (0h:0m:0s)
Total CPU time used: 159.449 sec (0h:2m:39s)
Total wall-clock time used: 159.779 sec (0h:2m:39s)

Analysis results written to: 
  IQ-TREE report:                /mnt/data0/yue/2026-03-11-protein-convergence/results/OG_9214/csubst_w_s/csubst_input_alignment.fa.iqtree
  Maximum-likelihood tree:       /mnt/data0/yue/2026-03-11-protein-convergence/results/OG_9214/csubst_w_s/csubst_input_alignment.fa.treefile
  Site-specific rates:           /mnt/data0/yue/2026-03-11-protein-convergence/results/OG_9214/csubst_w_s/csubst_input_alignment.fa.rate
  Ancestral state:               /mnt/data0/yue/2026-03-11-protein-convergence/results/OG_9214/csubst_w_s/csubst_input_alignment.fa.state
  Screen log file:               /mnt/data0/yue/2026-03-11-protein-convergence/results/OG_9214/csubst_w_s/csubst_input_alignment.fa.log

Date and Time: Sat Mar 28 05:20:22 2026
