IQ-TREE multicore version 2.4.0 for Linux x86 64-bit built Feb 12 2025
Developed by Bui Quang Minh, Nguyen Lam Tung, Olga Chernomor, Heiko Schmidt,
Dominik Schrempf, Michael Woodhams, Ly Trong Nhan, Thomas Wong

Host:    brain (AVX2, FMA3, 2015 GB RAM)
Command: /home/yue/miniconda3/envs/py39/bin/iqtree -s /mnt/data0/yue/2026-03-11-protein-convergence/results/OG_5567/csubst_w_s/csubst_input_alignment.fa -te tmp.csubst.nwk -m ECMK07+F+R4 --seqtype CODON1 --threads-max 1 -T AUTO --ancestral --rate --redo
Seed:    951141 (Using SPRNG - Scalable Parallel Random Number Generator)
Time:    Fri Mar 27 18:29:24 2026
Kernel:  AVX+FMA - auto-detect threads (128 CPU cores detected)

Reading alignment file /mnt/data0/yue/2026-03-11-protein-convergence/results/OG_5567/csubst_w_s/csubst_input_alignment.fa ... Fasta format detected
Reading fasta file: done in 0.000672117 secs using 49.69% CPU
Alignment most likely contains DNA/RNA sequences
Converting to codon sequences with genetic code 1 ...
WARNING: 1 sites contain only gaps or ambiguous characters.
Alignment has 35 sequences with 360 columns, 339 distinct patterns
95 parsimony-informative, 167 singleton sites, 97 constant sites
                                                               Gap/Ambiguity  Composition  p-value
Analyzing sequences: done in 3.6642e-05 secs using 98.25% CPU
   1  DE560|Cluster-30707.0__TRINITY_DN36506_c0_g1_i1.p1              50.56%    passed     99.98%
   2  JJ15|Cluster-45027.0__TRINITY_DN3248_c1_g1_i17.p1               33.61%    passed     99.99%
   3  DE476|Cluster-53332.0__TRINITY_DN5206_c0_g1_i15.p1              33.89%    passed    100.00%
   4  JJ36|Cluster-3660.0__TRINITY_DN942_c2_g2_i1.p1                  33.89%    passed    100.00%
   5  DE696-dots|Cluster-56648.0__TRINITY_DN12312_c0_g1_i1.p1         33.89%    passed    100.00%
   6  DE696-nodots|Cluster-43541.0__TRINITY_DN10832_c1_g1_i1.p1       50.56%    passed     99.97%
   7  DE566|Cluster-32903.0__TRINITY_DN17855_c0_g1_i1.p1               4.17%    passed    100.00%
   8  DE115|Cluster-60645.4__TRINITY_DN4365_c0_g3_i2.p1               38.06%    passed     27.86%
   9  DE151|Cluster-49583.1__TRINITY_DN12666_c0_g1_i6.p1              11.94%    passed     99.94%
  10  DE164|Cluster-51141.1__TRINITY_DN1151_c3_g1_i8.p1               41.39%    passed     99.99%
  11  DE504|Cluster-21465.0__TRINITY_DN31577_c0_g2_i1.p1              30.56%    passed    100.00%
  12  DE541|Cluster-53449.0__TRINITY_DN24569_c0_g1_i2.p1              17.22%    passed    100.00%
  13  DE668|Cluster-31877.0__TRINITY_DN57_c0_g3_i1.p1                 41.39%    passed     99.93%
  14  DE546_urceolata_l|Cluster-25768.0__TRINITY_DN5679_c0_g1_i5.p1    0.56%    passed    100.00%
  15  DE69|Cluster-31002.1__TRINITY_DN634_c1_g1_i9.p1                  0.56%    passed    100.00%
  16  SRR3407093|Cluster-16739.0__TRINITY_DN11646_c0_g2_i1.p1         12.22%    passed    100.00%
  17  SRR3407094|Cluster-17654.0__TRINITY_DN15400_c0_g1_i1.p1         12.22%    passed    100.00%
  18  SRR3407096|Cluster-10324.0__TRINITY_DN12135_c0_g1_i3.p1         43.33%    passed     99.83%
  19  DE680|Cluster-38922.1__TRINITY_DN17307_c0_g1_i2.p1               0.56%    passed    100.00%
  20  DE173|Cluster-25902.0__TRINITY_DN11151_c0_g1_i1.p1               0.56%    passed    100.00%
  21  JJ130|Cluster-4343.0__TRINITY_DN15927_c0_g1_i1.p1                0.56%    passed    100.00%
  22  DE531|Cluster-22971.0__TRINITY_DN3325_c0_g1_i5.p1               33.89%    passed    100.00%
  23  DE671|Cluster-38237.0__TRINITY_DN8670_c1_g1_i6.p1                0.56%    passed    100.00%
  24  DE88|Cluster-27896.0__TRINITY_DN10178_c0_g1_i3.p1                0.56%    passed    100.00%
  25  DE181|Cluster-45512.0__TRINITY_DN14402_c0_g1_i6.p1               0.56%    passed    100.00%
  26  JJ131|Cluster-33112.0__TRINITY_DN33420_c0_g1_i1.p1               0.56%    passed    100.00%
  27  DE550|Cluster-46538.0__TRINITY_DN12211_c0_g1_i1.p1               0.56%    passed    100.00%
  28  DE643|Cluster-63844.0__TRINITY_DN8317_c0_g1_i1.p1                0.56%    passed    100.00%
  29  DE528|Cluster-34176.0__TRINITY_DN8425_c0_g1_i1.p1                0.56%    passed    100.00%
  30  JJ86|Cluster-4127.0__TRINITY_DN11315_c0_g1_i1.p1                33.89%    passed    100.00%
  31  DE741|Cluster-22302.5__TRINITY_DN4596_c0_g1_i2.p1                0.56%    passed    100.00%
  32  JJ85|Cluster-19261.4__TRINITY_DN3766_c0_g1_i5.p1                 0.56%    passed    100.00%
  33  JJ23|Cluster-48034.1__TRINITY_DN22639_c0_g1_i11.p1               0.56%    passed    100.00%
  34  DE681|Cluster-58235.2__TRINITY_DN9514_c0_g1_i16.p1              56.94%    passed     88.96%
  35  DE704-white|Cluster-58742.0__TRINITY_DN10855_c0_g3_i1.p1        78.89%    failed      0.12%
WARNING: 4 sequences contain more than 50% gaps/ambiguity
****  TOTAL                                                           20.02%  1 sequences failed composition chi2 test (p-value<5%; df=60)
Reading input tree file tmp.csubst.nwk ... rooted tree

NOTE: 26 MB RAM (0 GB) is required!
Measuring multi-threading efficiency up to 1 CPU cores
2 trees examined
Threads: 1 / Time: 1.589 sec / Speedup: 1.000 / Efficiency: 100% / LogL: -5194
BEST NUMBER OF THREADS: 1

Estimate model parameters (epsilon = 0.010)
1. Initial log-likelihood: -6217.659
2. Current log-likelihood: -4690.983
3. Current log-likelihood: -4690.403
4. Current log-likelihood: -4690.274
5. Current log-likelihood: -4690.227
6. Current log-likelihood: -4690.202
7. Current log-likelihood: -4690.185
8. Current log-likelihood: -4690.171
9. Current log-likelihood: -4690.159
Optimal log-likelihood: -4690.150
Nonsynonymous/synonymous ratio (omega): 1.000
Transition/transversion ratio (kappa): 1.000
Site proportion and rates:  (0.457,0.469) (0.335,0.563) (0.117,1.118) (0.091,5.120)
Parameters optimization took 9 rounds (30.031 sec)
Wrote distance file to... 
BEST SCORE FOUND : -4690.150
Ancestral state probabilities printed to /mnt/data0/yue/2026-03-11-protein-convergence/results/OG_5567/csubst_w_s/csubst_input_alignment.fa.state
Empirical proportions for each category: 0.844 0.036 0.033 0.086
Site rates printed to /mnt/data0/yue/2026-03-11-protein-convergence/results/OG_5567/csubst_w_s/csubst_input_alignment.fa.rate
Total tree length: 6.764

Total number of iterations: 0
CPU time used for tree search: 0.000 sec (0h:0m:0s)
Wall-clock time used for tree search: 0.000 sec (0h:0m:0s)
Total CPU time used: 32.111 sec (0h:0m:32s)
Total wall-clock time used: 32.200 sec (0h:0m:32s)

Analysis results written to: 
  IQ-TREE report:                /mnt/data0/yue/2026-03-11-protein-convergence/results/OG_5567/csubst_w_s/csubst_input_alignment.fa.iqtree
  Maximum-likelihood tree:       /mnt/data0/yue/2026-03-11-protein-convergence/results/OG_5567/csubst_w_s/csubst_input_alignment.fa.treefile
  Site-specific rates:           /mnt/data0/yue/2026-03-11-protein-convergence/results/OG_5567/csubst_w_s/csubst_input_alignment.fa.rate
  Ancestral state:               /mnt/data0/yue/2026-03-11-protein-convergence/results/OG_5567/csubst_w_s/csubst_input_alignment.fa.state
  Screen log file:               /mnt/data0/yue/2026-03-11-protein-convergence/results/OG_5567/csubst_w_s/csubst_input_alignment.fa.log

Date and Time: Fri Mar 27 18:29:57 2026
