IQ-TREE multicore version 2.4.0 for Linux x86 64-bit built Feb 12 2025
Developed by Bui Quang Minh, Nguyen Lam Tung, Olga Chernomor, Heiko Schmidt,
Dominik Schrempf, Michael Woodhams, Ly Trong Nhan, Thomas Wong

Host:    brain (AVX2, FMA3, 2015 GB RAM)
Command: /home/yue/miniconda3/envs/py39/bin/iqtree -s /mnt/data0/yue/2026-03-11-protein-convergence/results/OG_8340/csubst_w_s/csubst_input_alignment.fa -te tmp.csubst.nwk -m ECMK07+F+R4 --seqtype CODON1 --threads-max 1 -T AUTO --ancestral --rate --redo
Seed:    819752 (Using SPRNG - Scalable Parallel Random Number Generator)
Time:    Sat Mar 28 03:15:40 2026
Kernel:  AVX+FMA - auto-detect threads (128 CPU cores detected)

Reading alignment file /mnt/data0/yue/2026-03-11-protein-convergence/results/OG_8340/csubst_w_s/csubst_input_alignment.fa ... Fasta format detected
Reading fasta file: done in 0.00178491 secs using 99.78% CPU
Alignment most likely contains DNA/RNA sequences
Converting to codon sequences with genetic code 1 ...
WARNING: 1 sites contain only gaps or ambiguous characters.
Alignment has 72 sequences with 487 columns, 450 distinct patterns
260 parsimony-informative, 113 singleton sites, 114 constant sites
                                                               Gap/Ambiguity  Composition  p-value
Analyzing sequences: done in 0.000134215 secs using 99.09% CPU
   1  DE115|Cluster-55580.0__TRINITY_DN119161_c0_g1_i1.p1              0.21%    passed    100.00%
   2  DE623|Cluster-60273.0__TRINITY_DN11148_c0_g1_i5.p1               0.21%    passed    100.00%
   3  DE476|Cluster-37705.0__TRINITY_DN6510_c0_g1_i1.p1                0.21%    passed    100.00%
   4  DE680|Cluster-38209.0__TRINITY_DN18850_c0_g1_i1.p1               0.21%    passed    100.00%
   5  DE126|Cluster-13178.0__TRINITY_DN22590_c0_g1_i2.p1               0.21%    passed    100.00%
   6  DE127|Cluster-36555.1__TRINITY_DN10574_c1_g1_i1.p1               0.21%    passed    100.00%
   7  DE554|Cluster-18749.0__TRINITY_DN10811_c0_g1_i2.p1               0.21%    passed    100.00%
   8  DE563|Cluster-47984.0__TRINITY_DN69191_c0_g1_i1.p1               0.21%    passed    100.00%
   9  DE666|Cluster-20510.0__TRINITY_DN42225_c0_g1_i2.p1               0.21%    passed    100.00%
  10  DE575|Cluster-16205.0__TRINITY_DN30604_c0_g1_i2.p1               0.21%    passed    100.00%
  11  DE681|Cluster-3921.0__TRINITY_DN24912_c0_g1_i2.p1                0.21%    passed    100.00%
  12  DE162|Cluster-14769.0__TRINITY_DN15152_c0_g1_i3.p1               0.21%    passed    100.00%
  13  DE528|Cluster-12295.0__TRINITY_DN16939_c0_g1_i1.p1               0.21%    passed    100.00%
  14  DE507|Cluster-19904.0__TRINITY_DN19302_c0_g1_i1.p1               0.21%    passed    100.00%
  15  DE704-white|Cluster-28727.0__TRINITY_DN19380_c0_g1_i1.p1         0.21%    passed    100.00%
  16  JJ86|Cluster-40389.0__TRINITY_DN41530_c0_g1_i1.p1                0.21%    passed    100.00%
  17  DE546_urceolata_l|Cluster-7194.0__TRINITY_DN41853_c0_g1_i1.p1   28.13%    passed     99.44%
  18  DE668|Cluster-31627.3__TRINITY_DN12959_c0_g1_i2.p1               0.21%    passed    100.00%
  19  DE216|Cluster-20766.0__TRINITY_DN10539_c0_g1_i1.p1               0.21%    passed    100.00%
  20  JJ15|Cluster-46856.0__TRINITY_DN15068_c0_g2_i1.p1               15.81%    passed    100.00%
  21  DE534|Cluster-63322.0__TRINITY_DN25239_c0_g2_i1.p1               0.21%    passed    100.00%
  22  JJ125|Cluster-707.0__TRINITY_DN56227_c0_g1_i2.p1                15.81%    passed    100.00%
  23  DE542|Cluster-48368.0__TRINITY_DN4048_c1_g1_i6.p1                0.21%    passed    100.00%
  24  DE536|Cluster-32814.0__TRINITY_DN3297_c0_g3_i1.p1                0.21%    passed    100.00%
  25  SRR3407096|Cluster-18227.0__TRINITY_DN29686_c0_g1_i1.p1          0.21%    passed    100.00%
  26  DE560|Cluster-26442.0__TRINITY_DN39572_c0_g1_i1.p1               0.21%    passed    100.00%
  27  DE151|Cluster-39007.0__TRINITY_DN19540_c0_g1_i4.p1               0.21%    passed    100.00%
  28  DE189|Cluster-11671.0__TRINITY_DN17445_c0_g1_i1.p1              15.81%    passed    100.00%
  29  DE173|Cluster-35383.0__TRINITY_DN15474_c0_g1_i1.p1               0.21%    passed    100.00%
  30  JJ109|Cluster-5475.0__TRINITY_DN34133_c0_g1_i1.p1                0.21%    passed    100.00%
  31  DE88|Cluster-15791.0__TRINITY_DN60237_c0_g1_i1.p1                0.21%    passed    100.00%
  32  JJ130|Cluster-14070.0__TRINITY_DN61826_c0_g1_i1.p1               0.21%    passed    100.00%
  33  DE549|Cluster-3076.0__TRINITY_DN43902_c0_g1_i1.p1                0.21%    passed     99.97%
  34  DE504|Cluster-42482.0__TRINITY_DN64395_c0_g1_i1.p1               0.21%    passed    100.00%
  35  DE764|Cluster-4407.0__TRINITY_DN37792_c0_g1_i1.p1                0.21%    passed    100.00%
  36  DE509|Cluster-35583.0__TRINITY_DN12066_c0_g1_i1.p1               0.21%    passed    100.00%
  37  DE736|Cluster-58201.0__TRINITY_DN7805_c0_g1_i1.p1                0.21%    passed    100.00%
  38  JJ89|Cluster-18244.0__TRINITY_DN50209_c0_g1_i2.p1               15.81%    passed    100.00%
  39  DE737|Cluster-42428.0__TRINITY_DN81172_c0_g1_i1.p1               0.21%    passed    100.00%
  40  DE531|Cluster-8769.0__TRINITY_DN55393_c0_g1_i1.p1                0.21%    passed    100.00%
  41  DE696-dots|Cluster-32746.0__TRINITY_DN21555_c0_g1_i2.p1          0.21%    passed    100.00%
  42  DE696-nodots|Cluster-25217.0__TRINITY_DN56771_c0_g1_i1.p1        0.21%    passed    100.00%
  43  JJ36|Cluster-4886.0__TRINITY_DN44239_c0_g1_i1.p1                 0.21%    passed    100.00%
  44  DE164|Cluster-12626.0__TRINITY_DN32502_c0_g1_i2.p1               0.21%    passed    100.00%
  45  DE672|Cluster-41522.0__TRINITY_DN121392_c0_g1_i1.p1             15.81%    passed    100.00%
  46  DE671|Cluster-8050.0__TRINITY_DN36157_c0_g1_i1.p1                0.21%    passed    100.00%
  47  DE541|Cluster-38035.0__TRINITY_DN72942_c0_g1_i1.p1               0.62%    passed    100.00%
  48  DE643|Cluster-81596.0__TRINITY_DN16377_c0_g1_i6.p1               0.21%    passed    100.00%
  49  SRR3407095|Cluster-13548.0__TRINITY_DN49626_c0_g1_i1.p1          0.21%    passed    100.00%
  50  DE181|Cluster-21681.0__TRINITY_DN83217_c0_g1_i4.p1               0.21%    passed    100.00%
  51  SRR3407086|Cluster-12766.0__TRINITY_DN12669_c0_g1_i1.p1          0.21%    passed    100.00%
  52  SRR3407094|Cluster-27673.0__TRINITY_DN2034_c0_g1_i2.p1           0.21%    passed    100.00%
  53  DE503|Cluster-19736.0__TRINITY_DN16918_c0_g1_i2.p1               0.21%    passed    100.00%
  54  SRR3407092|Cluster-30271.0__TRINITY_DN30694_c0_g1_i2.p1          0.21%    passed    100.00%
  55  SRR3407093|Cluster-1652.0__TRINITY_DN34366_c0_g1_i1.p1           0.21%    passed    100.00%
  56  DE505|Cluster-12851.0__TRINITY_DN8414_c0_g1_i1.p1                0.21%    passed    100.00%
  57  SRR3407087|Cluster-16686.0__TRINITY_DN36002_c0_g1_i1.p1          0.21%    passed    100.00%
  58  DE510|Cluster-28248.0__TRINITY_DN13079_c0_g1_i1.p1              13.55%    passed    100.00%
  59  SRR3407088|Cluster-6385.0__TRINITY_DN28404_c0_g1_i1.p1           0.21%    passed    100.00%
  60  DE561|Cluster-11136.0__TRINITY_DN20922_c0_g1_i1.p1               0.21%    passed    100.00%
  61  SRR3424066|Cluster-29223.0__TRINITY_DN40762_c0_g1_i1.p1          0.21%    passed    100.00%
  62  DE519|Cluster-44339.0__TRINITY_DN77050_c0_g1_i1.p1              37.58%    passed     93.58%
  63  DE741|Cluster-46839.0__TRINITY_DN84217_c0_g1_i1.p1               0.21%    passed    100.00%
  64  JJ74|Cluster-104930.0__TRINITY_DN4163_c0_g1_i3.p1               15.81%    passed    100.00%
  65  DE152|Cluster-33789.0__TRINITY_DN13259_c0_g1_i1.p1               0.21%    passed    100.00%
  66  JJ99|Cluster-7965.0__TRINITY_DN10584_c0_g2_i1.p1                 0.21%    passed    100.00%
  67  DE229|Cluster-37357.0__TRINITY_DN8708_c0_g1_i2.p1                0.21%    passed    100.00%
  68  JJ23|Cluster-43325.0__TRINITY_DN9218_c0_g3_i2.p1                 0.21%    passed    100.00%
  69  DE566|Cluster-3720.0__TRINITY_DN18085_c0_g1_i5.p1                0.21%    passed    100.00%
  70  DE765|Cluster-54583.0__TRINITY_DN2290_c0_g1_i14.p1              28.13%    passed     99.90%
  71  DE69|Cluster-40708.0__TRINITY_DN25212_c0_g1_i1.p1               58.11%    passed     43.49%
  72  SRR5150740|Cluster-46965.1__TRINITY_DN9307_c0_g1_i1.p1           5.75%    passed      9.87%
WARNING: 1 sequences contain more than 50% gaps/ambiguity
****  TOTAL                                                            3.87%  0 sequences failed composition chi2 test (p-value<5%; df=60)
Reading input tree file tmp.csubst.nwk ... rooted tree

NOTE: 69 MB RAM (0 GB) is required!
Measuring multi-threading efficiency up to 1 CPU cores
2 trees examined
Threads: 1 / Time: 3.686 sec / Speedup: 1.000 / Efficiency: 100% / LogL: -16792
BEST NUMBER OF THREADS: 1

Estimate model parameters (epsilon = 0.010)
1. Initial log-likelihood: -15855.886
2. Current log-likelihood: -10411.191
3. Current log-likelihood: -10398.498
4. Current log-likelihood: -10398.403
5. Current log-likelihood: -10398.370
6. Current log-likelihood: -10398.357
Optimal log-likelihood: -10398.351
Nonsynonymous/synonymous ratio (omega): 1.000
Transition/transversion ratio (kappa): 1.000
Site proportion and rates:  (0.594,0.384) (0.232,1.376) (0.153,2.256) (0.022,5.014)
Parameters optimization took 6 rounds (76.664 sec)
Wrote distance file to... 
BEST SCORE FOUND : -10398.351
Ancestral state probabilities printed to /mnt/data0/yue/2026-03-11-protein-convergence/results/OG_8340/csubst_w_s/csubst_input_alignment.fa.state
Empirical proportions for each category: 0.655 0.209 0.121 0.014
Site rates printed to /mnt/data0/yue/2026-03-11-protein-convergence/results/OG_8340/csubst_w_s/csubst_input_alignment.fa.rate
Total tree length: 3.159

Total number of iterations: 0
CPU time used for tree search: 0.000 sec (0h:0m:0s)
Wall-clock time used for tree search: 0.000 sec (0h:0m:0s)
Total CPU time used: 82.603 sec (0h:1m:22s)
Total wall-clock time used: 82.917 sec (0h:1m:22s)

Analysis results written to: 
  IQ-TREE report:                /mnt/data0/yue/2026-03-11-protein-convergence/results/OG_8340/csubst_w_s/csubst_input_alignment.fa.iqtree
  Maximum-likelihood tree:       /mnt/data0/yue/2026-03-11-protein-convergence/results/OG_8340/csubst_w_s/csubst_input_alignment.fa.treefile
  Site-specific rates:           /mnt/data0/yue/2026-03-11-protein-convergence/results/OG_8340/csubst_w_s/csubst_input_alignment.fa.rate
  Ancestral state:               /mnt/data0/yue/2026-03-11-protein-convergence/results/OG_8340/csubst_w_s/csubst_input_alignment.fa.state
  Screen log file:               /mnt/data0/yue/2026-03-11-protein-convergence/results/OG_8340/csubst_w_s/csubst_input_alignment.fa.log

Date and Time: Sat Mar 28 03:17:03 2026
