IQ-TREE multicore version 2.4.0 for Linux x86 64-bit built Feb 12 2025
Developed by Bui Quang Minh, Nguyen Lam Tung, Olga Chernomor, Heiko Schmidt,
Dominik Schrempf, Michael Woodhams, Ly Trong Nhan, Thomas Wong

Host:    brain (AVX2, FMA3, 2015 GB RAM)
Command: /home/yue/miniconda3/envs/py39/bin/iqtree -s /mnt/data0/yue/2026-03-11-protein-convergence/results/OG_5763/csubst_w_s/csubst_input_alignment.fa -te tmp.csubst.nwk -m ECMK07+F+R4 --seqtype CODON1 --threads-max 1 -T AUTO --ancestral --rate --redo
Seed:    502421 (Using SPRNG - Scalable Parallel Random Number Generator)
Time:    Fri Mar 27 19:12:25 2026
Kernel:  AVX+FMA - auto-detect threads (128 CPU cores detected)

Reading alignment file /mnt/data0/yue/2026-03-11-protein-convergence/results/OG_5763/csubst_w_s/csubst_input_alignment.fa ... Fasta format detected
Reading fasta file: done in 0.00425139 secs using 82.94% CPU
Alignment most likely contains DNA/RNA sequences
Converting to codon sequences with genetic code 1 ...
WARNING: 1 sites contain only gaps or ambiguous characters.
Alignment has 75 sequences with 1197 columns, 1103 distinct patterns
674 parsimony-informative, 249 singleton sites, 274 constant sites
                                                               Gap/Ambiguity  Composition  p-value
Analyzing sequences: done in 0.000196025 secs using 99.48% CPU
   1  DE681|Cluster-51792.0__TRINITY_DN10597_c0_g1_i5.p1               8.77%    passed    100.00%
   2  SRR5150740|Cluster-55013.0__TRINITY_DN33219_c0_g1_i2.p1         56.98%    passed     68.89%
   3  DE173|Cluster-31554.0__TRINITY_DN6260_c0_g1_i2.p1                0.08%    passed    100.00%
   4  DE189|Cluster-23121.0__TRINITY_DN9000_c1_g1_i3.p1               23.89%    passed    100.00%
   5  DE115|Cluster-64442.1__TRINITY_DN13309_c0_g1_i4.p1               0.17%    passed    100.00%
   6  JJ86|Cluster-54485.0__TRINITY_DN9754_c1_g1_i13.p1                0.17%    passed    100.00%
   7  DE546_urceolata_l|Cluster-20395.0__TRINITY_DN6164_c0_g1_i4.p1    8.77%    passed    100.00%
   8  DE126|Cluster-47113.0__TRINITY_DN9739_c0_g1_i14.p1               0.08%    passed    100.00%
   9  DE127|Cluster-16460.5__TRINITY_DN19963_c0_g2_i1.p1               0.08%    passed    100.00%
  10  DE554|Cluster-22796.0__TRINITY_DN6057_c0_g2_i1.p1                0.08%    passed    100.00%
  11  DE563|Cluster-49034.0__TRINITY_DN3271_c0_g1_i2.p1                0.08%    passed    100.00%
  12  DE666|Cluster-29255.2__TRINITY_DN3263_c0_g2_i4.p1                0.08%    passed    100.00%
  13  DE623|Cluster-15383.0__TRINITY_DN1843_c0_g1_i1.p1                0.08%    passed    100.00%
  14  DE680|Cluster-26397.0__TRINITY_DN8872_c0_g1_i4.p1                0.08%    passed    100.00%
  15  DE668|Cluster-41228.1__TRINITY_DN10024_c0_g1_i11.p1              0.08%    passed    100.00%
  16  DE575|Cluster-35127.0__TRINITY_DN1428_c0_g1_i4.p1                0.17%    passed    100.00%
  17  DE765|Cluster-50344.0__TRINITY_DN1934_c0_g1_i1.p1                0.17%    passed    100.00%
  18  DE162|Cluster-28923.0__TRINITY_DN6818_c0_g1_i2.p1                0.08%    passed    100.00%
  19  DE528|Cluster-55354.0__TRINITY_DN1840_c1_g1_i9.p1                0.08%    passed    100.00%
  20  DE507|Cluster-88036.0__TRINITY_DN9525_c0_g1_i15.p1               0.08%    passed    100.00%
  21  DE704-white|Cluster-49559.0__TRINITY_DN174_c0_g1_i6.p1           0.08%    passed    100.00%
  22  DE704-purple|Cluster-25073.0__TRINITY_DN10490_c0_g1_i1.p1        2.17%    passed    100.00%
  23  DE152|Cluster-36227.0__TRINITY_DN3631_c2_g3_i2.p1                0.08%    passed    100.00%
  24  JJ99|Cluster-42254.1__TRINITY_DN1715_c1_g1_i13.p1                0.33%    passed    100.00%
  25  DE229|Cluster-57414.1__TRINITY_DN28858_c0_g1_i5.p1               0.08%    passed    100.00%
  26  JJ23|Cluster-13860.0__TRINITY_DN6844_c2_g1_i2.p1                 0.08%    passed    100.00%
  27  DE541|Cluster-46879.0__TRINITY_DN11069_c1_g2_i4.p1               0.08%    passed    100.00%
  28  DE151|Cluster-60603.0__TRINITY_DN6475_c0_g1_i13.p1              23.89%    passed    100.00%
  29  JJ109|Cluster-41440.0__TRINITY_DN7823_c0_g2_i1.p1                0.08%    passed    100.00%
  30  JJ130|Cluster-40223.0__TRINITY_DN4322_c0_g1_i3.p1               23.89%    passed    100.00%
  31  JJ89|Cluster-18141.0__TRINITY_DN5602_c1_g1_i1.p1                 0.08%    passed    100.00%
  32  DE88|Cluster-20533.0__TRINITY_DN11440_c0_g1_i1.p1                0.08%    passed    100.00%
  33  DE164|Cluster-33198.21__TRINITY_DN6280_c0_g1_i24.p1              0.08%    passed    100.00%
  34  DE672|Cluster-11146.0__TRINITY_DN12091_c0_g5_i1.p1               0.08%    passed    100.00%
  35  DE643|Cluster-13416.0__TRINITY_DN170_c0_g2_i1.p1                 0.08%    passed    100.00%
  36  DE671|Cluster-23746.0__TRINITY_DN24297_c0_g3_i1.p1               0.08%    passed    100.00%
  37  DE504|Cluster-34874.0__TRINITY_DN24217_c0_g1_i3.p1               0.08%    passed    100.00%
  38  DE509|Cluster-43413.13__TRINITY_DN7421_c0_g1_i3.p1              13.03%    passed    100.00%
  39  DE736|Cluster-39520.0__TRINITY_DN12800_c1_g1_i2.p1               0.08%    passed    100.00%
  40  DE764|Cluster-19881.0__TRINITY_DN9179_c0_g1_i1.p1                0.08%    passed    100.00%
  41  DE549|Cluster-49828.0__TRINITY_DN3409_c2_g1_i5.p1               23.89%    passed    100.00%
  42  DE531|Cluster-52184.0__TRINITY_DN4461_c1_g2_i1.p1                0.08%    passed    100.00%
  43  DE696-dots|Cluster-57592.0__TRINITY_DN10908_c0_g1_i2.p1          0.08%    passed    100.00%
  44  DE696-nodots|Cluster-40457.0__TRINITY_DN417_c0_g1_i6.p1          0.08%    passed    100.00%
  45  JJ36|Cluster-17466.0__TRINITY_DN10577_c0_g1_i1.p1                0.08%    passed    100.00%
  46  DE737|Cluster-34591.1__TRINITY_DN1723_c0_g2_i1.p1                0.08%    passed    100.00%
  47  DE523|Cluster-47530.2__TRINITY_DN1511_c0_g2_i5.p1                0.08%    passed    100.00%
  48  SRR3407096|Cluster-30728.0__TRINITY_DN11467_c1_g2_i1.p1          1.00%    passed    100.00%
  49  DE550|Cluster-21724.0__TRINITY_DN5151_c0_g1_i1.p1                8.69%    passed    100.00%
  50  DE476|Cluster-34881.0__TRINITY_DN27781_c0_g2_i1.p1               0.08%    passed    100.00%
  51  DE181|Cluster-37151.3__TRINITY_DN3241_c0_g1_i40.p1               0.08%    passed    100.00%
  52  SRR3407086|Cluster-418.0__TRINITY_DN7869_c1_g2_i1.p1            26.73%    passed    100.00%
  53  SRR3424066|Cluster-5135.0__TRINITY_DN10402_c1_g2_i1.p1          26.73%    passed    100.00%
  54  DE510|Cluster-41163.1__TRINITY_DN8771_c0_g1_i3.p1                0.08%    passed    100.00%
  55  SRR3407092|Cluster-29031.1__TRINITY_DN10992_c0_g1_i3.p1         26.73%    passed    100.00%
  56  DE561|Cluster-50600.0__TRINITY_DN2914_c0_g1_i7.p1                0.17%    passed    100.00%
  57  SRR3407087|Cluster-38273.0__TRINITY_DN9372_c1_g1_i1.p1          59.57%    passed    100.00%
  58  SRR3407093|Cluster-23206.0__TRINITY_DN5200_c1_g2_i3.p1           0.17%    passed    100.00%
  59  SRR3407088|Cluster-7936.0__TRINITY_DN2681_c0_g1_i1.p1           26.73%    passed    100.00%
  60  SRR3407094|Cluster-5766.0__TRINITY_DN5019_c2_g2_i1.p1           38.60%    passed    100.00%
  61  SRR3407095|Cluster-35776.0__TRINITY_DN29328_c1_g1_i1.p1          0.25%    passed    100.00%
  62  DE69|Cluster-45023.0__TRINITY_DN445_c0_g1_i7.p1                  0.25%    passed    100.00%
  63  JJ85|Cluster-11612.0__TRINITY_DN5548_c0_g4_i1.p1                 0.08%    passed    100.00%
  64  JJ125|Cluster-21782.0__TRINITY_DN2145_c0_g2_i1.p1               23.89%    passed    100.00%
  65  DE566|Cluster-34237.0__TRINITY_DN19068_c0_g1_i2.p1              23.48%    passed    100.00%
  66  DE519|Cluster-22738.5__TRINITY_DN6073_c0_g1_i4.p1               23.89%    passed    100.00%
  67  DE741|Cluster-53999.6__TRINITY_DN1680_c0_g1_i18.p1               0.08%    passed    100.00%
  68  DE560|Cluster-37346.0__TRINITY_DN4150_c0_g3_i2.p1                0.08%    passed    100.00%
  69  JJ74|Cluster-102367.0__TRINITY_DN14519_c0_g1_i3.p1               0.08%    passed    100.00%
  70  DE536|Cluster-6984.0__TRINITY_DN7302_c1_g1_i6.p1                 0.08%    passed    100.00%
  71  DE216|Cluster-37678.0__TRINITY_DN23017_c0_g1_i2.p1              23.89%    passed    100.00%
  72  JJ15|Cluster-70204.0__TRINITY_DN14161_c0_g1_i2.p1                0.08%    passed    100.00%
  73  DE534|Cluster-4960.0__TRINITY_DN6758_c2_g1_i1.p1                 0.08%    passed    100.00%
  74  DE542|Cluster-49310.2__TRINITY_DN1226_c0_g1_i20.p1               0.08%    passed    100.00%
  75  JJ131|Cluster-62598.0__TRINITY_DN22059_c0_g1_i10.p1              8.69%    passed    100.00%
WARNING: 2 sequences contain more than 50% gaps/ambiguity
****  TOTAL                                                            6.79%  0 sequences failed composition chi2 test (p-value<5%; df=60)
Reading input tree file tmp.csubst.nwk ... rooted tree

NOTE: 163 MB RAM (0 GB) is required!
Measuring multi-threading efficiency up to 1 CPU cores
2 trees examined
Threads: 1 / Time: 8.529 sec / Speedup: 1.000 / Efficiency: 100% / LogL: -40963
BEST NUMBER OF THREADS: 1

Estimate model parameters (epsilon = 0.010)
1. Initial log-likelihood: -40950.601
2. Current log-likelihood: -25802.016
3. Current log-likelihood: -25764.776
4. Current log-likelihood: -25764.699
5. Current log-likelihood: -25764.676
6. Current log-likelihood: -25764.664
Optimal log-likelihood: -25764.656
Nonsynonymous/synonymous ratio (omega): 1.000
Transition/transversion ratio (kappa): 1.000
Site proportion and rates:  (0.548,0.377) (0.267,1.134) (0.159,2.232) (0.026,5.228)
Parameters optimization took 6 rounds (197.029 sec)
Wrote distance file to... 
BEST SCORE FOUND : -25764.656
Ancestral state probabilities printed to /mnt/data0/yue/2026-03-11-protein-convergence/results/OG_5763/csubst_w_s/csubst_input_alignment.fa.state
Empirical proportions for each category: 0.614 0.226 0.138 0.023
Site rates printed to /mnt/data0/yue/2026-03-11-protein-convergence/results/OG_5763/csubst_w_s/csubst_input_alignment.fa.rate
Total tree length: 3.172

Total number of iterations: 0
CPU time used for tree search: 0.000 sec (0h:0m:0s)
Wall-clock time used for tree search: 0.000 sec (0h:0m:0s)
Total CPU time used: 210.989 sec (0h:3m:30s)
Total wall-clock time used: 211.964 sec (0h:3m:31s)

Analysis results written to: 
  IQ-TREE report:                /mnt/data0/yue/2026-03-11-protein-convergence/results/OG_5763/csubst_w_s/csubst_input_alignment.fa.iqtree
  Maximum-likelihood tree:       /mnt/data0/yue/2026-03-11-protein-convergence/results/OG_5763/csubst_w_s/csubst_input_alignment.fa.treefile
  Site-specific rates:           /mnt/data0/yue/2026-03-11-protein-convergence/results/OG_5763/csubst_w_s/csubst_input_alignment.fa.rate
  Ancestral state:               /mnt/data0/yue/2026-03-11-protein-convergence/results/OG_5763/csubst_w_s/csubst_input_alignment.fa.state
  Screen log file:               /mnt/data0/yue/2026-03-11-protein-convergence/results/OG_5763/csubst_w_s/csubst_input_alignment.fa.log

Date and Time: Fri Mar 27 19:15:57 2026
