IQ-TREE multicore version 2.4.0 for Linux x86 64-bit built Feb 12 2025
Developed by Bui Quang Minh, Nguyen Lam Tung, Olga Chernomor, Heiko Schmidt,
Dominik Schrempf, Michael Woodhams, Ly Trong Nhan, Thomas Wong

Host:    brain (AVX2, FMA3, 2015 GB RAM)
Command: /home/yue/miniconda3/envs/py39/bin/iqtree -s /mnt/data0/yue/2026-03-11-protein-convergence/results/OG_7096/csubst_w_s/csubst_input_alignment.fa -te tmp.csubst.nwk -m ECMK07+F+R4 --seqtype CODON1 --threads-max 1 -T AUTO --ancestral --rate --redo
Seed:    928239 (Using SPRNG - Scalable Parallel Random Number Generator)
Time:    Fri Mar 27 23:44:21 2026
Kernel:  AVX+FMA - auto-detect threads (128 CPU cores detected)

Reading alignment file /mnt/data0/yue/2026-03-11-protein-convergence/results/OG_7096/csubst_w_s/csubst_input_alignment.fa ... Fasta format detected
Reading fasta file: done in 0.00451654 secs using 55.97% CPU
Alignment most likely contains DNA/RNA sequences
Converting to codon sequences with genetic code 1 ...
Alignment has 76 sequences with 549 columns, 485 distinct patterns
297 parsimony-informative, 152 singleton sites, 100 constant sites
                                                               Gap/Ambiguity  Composition  p-value
Analyzing sequences: done in 0.00019975 secs
   1  DE115|Cluster-58573.0__TRINITY_DN5860_c0_g1_i7.p1                0.18%    passed    100.00%
   2  DE229|Cluster-97173.1__TRINITY_DN5151_c0_g2_i1.p1                0.73%    passed    100.00%
   3  JJ86|Cluster-44630.0__TRINITY_DN13928_c1_g2_i1.p1                0.18%    passed    100.00%
   4  DE127|Cluster-7828.1__TRINITY_DN1194_c0_g1_i2.p1                 0.18%    passed    100.00%
   5  DE554|Cluster-59837.2__TRINITY_DN11877_c0_g1_i2.p1               0.18%    passed    100.00%
   6  DE666|Cluster-11451.0__TRINITY_DN2563_c0_g1_i1.p1                0.18%    passed    100.00%
   7  DE680|Cluster-37338.0__TRINITY_DN13591_c0_g1_i1.p1               0.18%    passed    100.00%
   8  DE623|Cluster-11715.0__TRINITY_DN6726_c0_g1_i1.p1                0.18%    passed    100.00%
   9  DE546_urceolata_l|Cluster-26937.0__TRINITY_DN2766_c0_g1_i2.p1    0.18%    passed    100.00%
  10  DE162|Cluster-42467.0__TRINITY_DN2781_c0_g1_i2.p1                0.18%    passed    100.00%
  11  DE528|Cluster-33418.0__TRINITY_DN3167_c0_g1_i2.p1                1.09%    passed    100.00%
  12  DE507|Cluster-73298.0__TRINITY_DN525_c0_g1_i15.p1                0.18%    passed    100.00%
  13  DE704-white|Cluster-57675.0__TRINITY_DN2764_c0_g1_i3.p1          0.91%    passed    100.00%
  14  DE126|Cluster-39704.0__TRINITY_DN5964_c0_g1_i2.p1                0.18%    passed    100.00%
  15  DE575|Cluster-49936.0__TRINITY_DN3345_c0_g1_i2.p1                0.18%    passed    100.00%
  16  DE765|Cluster-45091.0__TRINITY_DN2550_c0_g1_i1.p1                0.18%    passed    100.00%
  17  DE681|Cluster-55715.1__TRINITY_DN5810_c0_g1_i2.p1                0.18%    passed    100.00%
  18  DE668|Cluster-52590.0__TRINITY_DN3313_c0_g1_i4.p1                0.18%    passed    100.00%
  19  DE88|Cluster-37868.0__TRINITY_DN6677_c0_g1_i2.p1                 0.18%    passed    100.00%
  20  DE151|Cluster-59246.0__TRINITY_DN16933_c0_g1_i2.p1               0.18%    passed    100.00%
  21  JJ130|Cluster-28184.1__TRINITY_DN6512_c0_g2_i6.p1                0.18%    passed    100.00%
  22  DE189|Cluster-48558.0__TRINITY_DN559_c0_g3_i1.p1                 0.18%    passed    100.00%
  23  JJ109|Cluster-45531.0__TRINITY_DN713_c1_g1_i3.p1                 0.18%    passed    100.00%
  24  DE173|Cluster-9239.0__TRINITY_DN1881_c0_g1_i1.p1                 0.18%    passed    100.00%
  25  JJ89|Cluster-41485.0__TRINITY_DN11355_c0_g1_i2.p1                0.18%    passed    100.00%
  26  DE164|Cluster-13187.0__TRINITY_DN4485_c0_g1_i2.p1                0.18%    passed    100.00%
  27  DE476|Cluster-55997.0__TRINITY_DN2382_c0_g1_i8.p1                0.18%    passed    100.00%
  28  DE504|Cluster-18193.1__TRINITY_DN12248_c0_g1_i4.p1               0.18%    passed    100.00%
  29  DE643|Cluster-50668.0__TRINITY_DN4819_c0_g1_i6.p1                0.18%    passed    100.00%
  30  DE671|Cluster-23842.1__TRINITY_DN5452_c0_g1_i17.p1               0.18%    passed    100.00%
  31  DE736|Cluster-44531.0__TRINITY_DN7006_c0_g1_i1.p1                0.18%    passed    100.00%
  32  DE737|Cluster-55253.0__TRINITY_DN14998_c0_g1_i2.p1               0.18%    passed    100.00%
  33  DE549|Cluster-48552.0__TRINITY_DN3371_c0_g1_i1.p1                0.18%    passed    100.00%
  34  DE764|Cluster-26831.0__TRINITY_DN10444_c0_g1_i5.p1               0.18%    passed    100.00%
  35  DE550|Cluster-40714.0__TRINITY_DN8837_c0_g1_i1.p1                0.18%    passed    100.00%
  36  DE509|Cluster-42067.0__TRINITY_DN1022_c1_g1_i3.p1                0.18%    passed    100.00%
  37  DE531|Cluster-35434.0__TRINITY_DN10153_c0_g1_i5.p1               0.18%    passed    100.00%
  38  DE696-nodots|Cluster-18370.0__TRINITY_DN8610_c0_g1_i2.p1         0.18%    passed    100.00%
  39  JJ36|Cluster-32212.0__TRINITY_DN7037_c1_g1_i5.p1                 0.18%    passed    100.00%
  40  DE696-dots|Cluster-15421.0__TRINITY_DN3778_c0_g1_i3.p1           0.18%    passed    100.00%
  41  JJ125|Cluster-25235.0__TRINITY_DN12972_c0_g1_i2.p1               0.18%    passed    100.00%
  42  JJ85|Cluster-20398.1__TRINITY_DN594_c0_g1_i2.p1                  0.00%    passed    100.00%
  43  DE672|Cluster-25467.1__TRINITY_DN5980_c0_g1_i1.p1                0.18%    passed    100.00%
  44  DE541|Cluster-52298.0__TRINITY_DN20305_c0_g1_i4.p1               0.18%    passed    100.00%
  45  JJ74|Cluster-132177.0__TRINITY_DN21263_c0_g1_i1.p1              22.04%    passed     99.98%
  46  JJ15|Cluster-71619.0__TRINITY_DN6108_c0_g1_i1.p1                 0.18%    passed    100.00%
  47  DE216|Cluster-26855.0__TRINITY_DN2148_c0_g1_i4.p1                0.18%    passed    100.00%
  48  DE534|Cluster-13330.1__TRINITY_DN8582_c0_g1_i2.p1                0.18%    passed    100.00%
  49  DE542|Cluster-55050.0__TRINITY_DN8050_c0_g1_i1.p1                0.18%    passed    100.00%
  50  DE536|Cluster-57011.0__TRINITY_DN4787_c0_g1_i1.p1                0.18%    passed    100.00%
  51  DE560|Cluster-27517.0__TRINITY_DN4232_c0_g1_i10.p1               0.18%    passed    100.00%
  52  DE181|Cluster-29467.0__TRINITY_DN8798_c0_g1_i2.p1                0.18%    passed    100.00%
  53  SRR3407086|Cluster-22395.0__TRINITY_DN2348_c0_g1_i1.p1           0.18%    passed    100.00%
  54  DE503|Cluster-18457.0__TRINITY_DN1008_c1_g1_i2.p1                0.18%    passed    100.00%
  55  DE505|Cluster-13297.3__TRINITY_DN920_c0_g1_i5.p1                 0.18%    passed    100.00%
  56  SRR3407087|Cluster-17030.0__TRINITY_DN4067_c0_g1_i1.p1           0.18%    passed    100.00%
  57  DE510|Cluster-29527.0__TRINITY_DN10598_c0_g1_i2.p1               0.18%    passed    100.00%
  58  SRR3407092|Cluster-34830.0__TRINITY_DN5166_c0_g1_i2.p1           0.18%    passed    100.00%
  59  SRR3407093|Cluster-30092.0__TRINITY_DN9458_c0_g1_i2.p1           0.18%    passed    100.00%
  60  SRR3407094|Cluster-32553.0__TRINITY_DN3430_c0_g1_i1.p1           0.18%    passed    100.00%
  61  SRR3407088|Cluster-22114.0__TRINITY_DN1496_c0_g1_i1.p1           0.18%    passed    100.00%
  62  SRR3424066|Cluster-20566.0__TRINITY_DN1999_c0_g1_i2.p1           0.18%    passed    100.00%
  63  DE561|Cluster-38914.0__TRINITY_DN1160_c0_g1_i1.p1                0.18%    passed    100.00%
  64  DE69|Cluster-38471.0__TRINITY_DN5009_c0_g1_i2.p1                 0.18%    passed    100.00%
  65  SRR3407095|Cluster-46666.0__TRINITY_DN8418_c0_g1_i2.p1           0.18%    passed    100.00%
  66  DRR082660|Cluster-10958.0__TRINITY_DN6292_c0_g1_i1.p1            0.18%    passed    100.00%
  67  DE523|Cluster-24537.0__TRINITY_DN2907_c0_g1_i3.p1                0.18%    passed    100.00%
  68  SRR3407096|Cluster-15640.0__TRINITY_DN4621_c0_g1_i1.p1           4.01%    passed    100.00%
  69  DE741|Cluster-59273.0__TRINITY_DN12748_c0_g1_i2.p1               0.18%    passed    100.00%
  70  DE519|Cluster-63027.0__TRINITY_DN2684_c0_g1_i6.p1                0.18%    passed    100.00%
  71  JJ131|Cluster-59674.2__TRINITY_DN18173_c0_g1_i7.p1               0.55%    passed    100.00%
  72  DE152|Cluster-35947.0__TRINITY_DN14368_c0_g1_i1.p1               0.18%    passed    100.00%
  73  JJ99|Cluster-49998.0__TRINITY_DN6087_c0_g1_i4.p1                 0.18%    passed    100.00%
  74  JJ23|Cluster-36888.0__TRINITY_DN4062_c0_g1_i3.p1                 0.18%    passed    100.00%
  75  DE566|Cluster-47073.2__TRINITY_DN138_c1_g1_i6.p1                 0.18%    passed    100.00%
  76  SRR5150740|Cluster-37249.0__TRINITY_DN12401_c0_g1_i1.p1          1.64%    passed     99.87%
****  TOTAL                                                            0.57%  0 sequences failed composition chi2 test (p-value<5%; df=60)
Reading input tree file tmp.csubst.nwk ... rooted tree

NOTE: 78 MB RAM (0 GB) is required!
Measuring multi-threading efficiency up to 1 CPU cores
2 trees examined
Threads: 1 / Time: 4.117 sec / Speedup: 1.000 / Efficiency: 100% / LogL: -19429
BEST NUMBER OF THREADS: 1

Estimate model parameters (epsilon = 0.010)
1. Initial log-likelihood: -19693.933
2. Current log-likelihood: -12276.682
3. Current log-likelihood: -12276.046
4. Current log-likelihood: -12275.751
5. Current log-likelihood: -12275.581
6. Current log-likelihood: -12275.465
7. Current log-likelihood: -12275.378
8. Current log-likelihood: -12275.309
9. Current log-likelihood: -12275.254
10. Current log-likelihood: -12275.207
11. Current log-likelihood: -12275.168
12. Current log-likelihood: -12275.134
13. Current log-likelihood: -12275.105
14. Current log-likelihood: -12275.079
15. Current log-likelihood: -12275.057
16. Current log-likelihood: -12275.038
17. Current log-likelihood: -12275.021
18. Current log-likelihood: -12275.007
19. Current log-likelihood: -12274.994
20. Current log-likelihood: -12274.983
Optimal log-likelihood: -12274.974
Nonsynonymous/synonymous ratio (omega): 1.000
Transition/transversion ratio (kappa): 1.000
Site proportion and rates:  (0.655,0.453) (0.275,1.567) (0.040,3.471) (0.030,4.516)
Parameters optimization took 20 rounds (295.529 sec)
Wrote distance file to... 
BEST SCORE FOUND : -12274.974
Ancestral state probabilities printed to /mnt/data0/yue/2026-03-11-protein-convergence/results/OG_7096/csubst_w_s/csubst_input_alignment.fa.state
Empirical proportions for each category: 0.690 0.270 0.016 0.024
Site rates printed to /mnt/data0/yue/2026-03-11-protein-convergence/results/OG_7096/csubst_w_s/csubst_input_alignment.fa.rate
Total tree length: 3.328

Total number of iterations: 0
CPU time used for tree search: 0.000 sec (0h:0m:0s)
Wall-clock time used for tree search: 0.000 sec (0h:0m:0s)
Total CPU time used: 302.636 sec (0h:5m:2s)
Total wall-clock time used: 302.914 sec (0h:5m:2s)

Analysis results written to: 
  IQ-TREE report:                /mnt/data0/yue/2026-03-11-protein-convergence/results/OG_7096/csubst_w_s/csubst_input_alignment.fa.iqtree
  Maximum-likelihood tree:       /mnt/data0/yue/2026-03-11-protein-convergence/results/OG_7096/csubst_w_s/csubst_input_alignment.fa.treefile
  Site-specific rates:           /mnt/data0/yue/2026-03-11-protein-convergence/results/OG_7096/csubst_w_s/csubst_input_alignment.fa.rate
  Ancestral state:               /mnt/data0/yue/2026-03-11-protein-convergence/results/OG_7096/csubst_w_s/csubst_input_alignment.fa.state
  Screen log file:               /mnt/data0/yue/2026-03-11-protein-convergence/results/OG_7096/csubst_w_s/csubst_input_alignment.fa.log

Date and Time: Fri Mar 27 23:49:24 2026
