IQ-TREE multicore version 2.4.0 for Linux x86 64-bit built Feb 12 2025
Developed by Bui Quang Minh, Nguyen Lam Tung, Olga Chernomor, Heiko Schmidt,
Dominik Schrempf, Michael Woodhams, Ly Trong Nhan, Thomas Wong

Host:    brain (AVX2, FMA3, 2015 GB RAM)
Command: /home/yue/miniconda3/envs/py39/bin/iqtree -s /mnt/data0/yue/2026-03-11-protein-convergence/results/OG_2326/csubst_w_s/csubst_input_alignment.fa -te tmp.csubst.nwk -m ECMK07+F+R4 --seqtype CODON1 --threads-max 1 -T AUTO --ancestral --rate --redo
Seed:    619601 (Using SPRNG - Scalable Parallel Random Number Generator)
Time:    Fri Mar 27 03:57:51 2026
Kernel:  AVX+FMA - auto-detect threads (128 CPU cores detected)

Reading alignment file /mnt/data0/yue/2026-03-11-protein-convergence/results/OG_2326/csubst_w_s/csubst_input_alignment.fa ... Fasta format detected
Reading fasta file: done in 0.00266835 secs using 83.05% CPU
Alignment most likely contains DNA/RNA sequences
Converting to codon sequences with genetic code 1 ...
WARNING: 1 sites contain only gaps or ambiguous characters.
Alignment has 78 sequences with 697 columns, 643 distinct patterns
283 parsimony-informative, 178 singleton sites, 236 constant sites
                                                             Gap/Ambiguity  Composition  p-value
Analyzing sequences: done in 0.000126377 secs using 98.91% CPU
   1  DE126|Cluster-23928.1__TRINITY_DN2148_c0_g1_i16.p1             8.32%    passed    100.00%
   2  DE541|Cluster-53192.1__TRINITY_DN7073_c1_g1_i2.p1              6.17%    passed    100.00%
   3  DE536|Cluster-31427.0__TRINITY_DN16266_c0_g1_i8.p1            34.43%    passed     99.58%
   4  DE115|Cluster-60764.1__TRINITY_DN907_c0_g1_i14.p1             39.60%    passed     99.93%
   5  DE152|Cluster-40160.0__TRINITY_DN2356_c4_g2_i1.p1             45.05%    passed     99.49%
   6  SRR3407092|Cluster-24687.0__TRINITY_DN3247_c0_g2_i1.p1         0.14%    passed    100.00%
   7  DE181|Cluster-39361.1__TRINITY_DN7017_c0_g1_i7.p1              0.14%    passed    100.00%
   8  SRR3407088|Cluster-31979.1__TRINITY_DN11547_c0_g1_i2.p1        0.14%    passed    100.00%
   9  DE510|Cluster-6417.0__TRINITY_DN26013_c0_g1_i1.p1              0.14%    passed    100.00%
  10  DE523|Cluster-31638.0__TRINITY_DN44140_c0_g1_i26.p1           37.16%    passed    100.00%
  11  SRR3407094|Cluster-7336.0__TRINITY_DN20077_c0_g1_i2.p1         0.14%    passed    100.00%
  12  SRR3407086|Cluster-39727.3__TRINITY_DN3721_c0_g1_i16.p1        0.14%    passed    100.00%
  13  SRR3407093|Cluster-31047.0__TRINITY_DN6324_c0_g1_i1.p1         0.14%    passed    100.00%
  14  SRR3407096|Cluster-10329.0__TRINITY_DN6825_c1_g1_i2.p1         0.14%    passed    100.00%
  15  SRR3407095|Cluster-42536.0__TRINITY_DN15105_c0_g1_i2.p1        0.14%    passed    100.00%
  16  DE561|Cluster-9476.0__TRINITY_DN13118_c0_g1_i1.p1              0.14%    passed    100.00%
  17  DE69|Cluster-54999.3__TRINITY_DN4443_c0_g1_i19.p1              0.14%    passed    100.00%
  18  SRR3424066|Cluster-25783.0__TRINITY_DN2074_c1_g1_i7.p1        13.34%    passed    100.00%
  19  DE229|Cluster-82593.1__TRINITY_DN6161_c0_g1_i2.p1              0.14%    passed    100.00%
  20  DE519|Cluster-55476.0__TRINITY_DN17279_c0_g1_i10.p1           45.05%    passed     99.85%
  21  DE741|Cluster-44184.2__TRINITY_DN3612_c0_g1_i5.p1              0.14%    passed    100.00%
  22  DE560|Cluster-19021.0__TRINITY_DN30865_c0_g1_i2.p1             0.14%    passed    100.00%
  23  DE542|Cluster-24981.0__TRINITY_DN2107_c1_g1_i14.p1             0.14%    passed    100.00%
  24  JJ23|Cluster-47001.0__TRINITY_DN810_c0_g1_i9.p1                0.14%    passed    100.00%
  25  DE476|Cluster-58574.8__TRINITY_DN1026_c0_g1_i11.p1            37.16%    passed    100.00%
  26  JJ130|Cluster-47468.4__TRINITY_DN199_c0_g1_i1.p1              29.56%    passed    100.00%
  27  JJ89|Cluster-33309.0__TRINITY_DN1061_c0_g1_i2.p1               0.14%    passed    100.00%
  28  DE531|Cluster-53858.0__TRINITY_DN1227_c0_g2_i1.p1              0.14%    passed    100.00%
  29  DE696-nodots|Cluster-63815.0__TRINITY_DN11357_c0_g1_i4.p1     50.65%    passed     99.13%
  30  DE696-dots|Cluster-51663.0__TRINITY_DN1067_c0_g3_i3.p1         0.14%    passed    100.00%
  31  DE216|Cluster-55739.0__TRINITY_DN2626_c0_g1_i12.p1             0.14%    passed    100.00%
  32  DE668|Cluster-23394.0__TRINITY_DN130_c0_g4_i1.p1               0.14%    passed    100.00%
  33  DE162|Cluster-34133.0__TRINITY_DN2996_c0_g2_i8.p1             13.34%    passed    100.00%
  34  DE666|Cluster-41062.0__TRINITY_DN5748_c0_g1_i1.p1             13.34%    passed    100.00%
  35  SRR3407087|Cluster-36704.0__TRINITY_DN1161_c0_g1_i56.p1       36.01%    passed    100.00%
  36  JJ85|Cluster-7875.1__TRINITY_DN1033_c0_g1_i24.p1               1.00%    passed    100.00%
  37  DE643|Cluster-74463.0__TRINITY_DN146_c0_g2_i1.p1              26.26%    passed    100.00%
  38  DE671|Cluster-58145.0__TRINITY_DN5092_c0_g1_i8.p1             37.16%    passed    100.00%
  39  DE737|Cluster-39742.0__TRINITY_DN2259_c0_g1_i1.p1             15.78%    passed    100.00%
  40  DE127|Cluster-47658.0__TRINITY_DN3746_c0_g2_i1.p1              0.14%    passed    100.00%
  41  DE507|Cluster-17359.0__TRINITY_DN8956_c0_g2_i3.p1              0.14%    passed    100.00%
  42  DE528|Cluster-51344.0__TRINITY_DN4032_c0_g1_i3.p1              0.14%    passed    100.00%
  43  DE554|Cluster-63810.0__TRINITY_DN2072_c0_g1_i1.p1              0.14%    passed    100.00%
  44  JJ74|Cluster-56191.0__TRINITY_DN55623_c0_g1_i2.p1             24.25%    passed    100.00%
  45  DE680|Cluster-1186.0__TRINITY_DN62155_c0_g1_i1.p1              0.14%    passed    100.00%
  46  DE704-purple|Cluster-60542.0__TRINITY_DN26564_c0_g1_i7.p1      0.14%    passed    100.00%
  47  JJ86|Cluster-40436.1__TRINITY_DN474_c0_g1_i5.p1                0.14%    passed    100.00%
  48  DE503|Cluster-32232.18__TRINITY_DN3807_c0_g1_i17.p1           20.37%    passed    100.00%
  49  DE681|Cluster-53214.0__TRINITY_DN2113_c0_g2_i3.p1              0.14%    passed    100.00%
  50  DE765|Cluster-41698.0__TRINITY_DN6595_c0_g1_i17.p1             0.14%    passed    100.00%
  51  JJ99|Cluster-48296.0__TRINITY_DN6638_c1_g1_i5.p1               1.00%    passed    100.00%
  52  DE534|Cluster-64820.0__TRINITY_DN17003_c0_g1_i11.p1            0.14%    passed    100.00%
  53  JJ15|Cluster-70535.0__TRINITY_DN9_c0_g3_i2.p1                  0.14%    passed    100.00%
  54  JJ131|Cluster-66265.0__TRINITY_DN3950_c0_g1_i6.p1              8.61%    passed    100.00%
  55  DE563|Cluster-23754.0__TRINITY_DN4345_c0_g2_i4.p1              0.14%    passed    100.00%
  56  DE546_urceolata_l|Cluster-9766.0__TRINITY_DN168_c0_g1_i8.p1   14.63%    passed    100.00%
  57  DE151|Cluster-24433.1__TRINITY_DN1856_c0_g1_i3.p1              0.14%    passed    100.00%
  58  DE173|Cluster-57478.0__TRINITY_DN3496_c1_g2_i2.p1              0.14%    passed    100.00%
  59  DE189|Cluster-30601.1__TRINITY_DN2766_c0_g1_i1.p1              0.14%    passed    100.00%
  60  DE672|Cluster-46786.0__TRINITY_DN32_c0_g1_i7.p1               33.00%    passed    100.00%
  61  JJ109|Cluster-42502.0__TRINITY_DN506_c0_g2_i1.p1               0.14%    passed    100.00%
  62  DE764|Cluster-24443.0__TRINITY_DN1273_c0_g2_i5.p1              0.14%    passed    100.00%
  63  DE550|Cluster-21140.1__TRINITY_DN2559_c0_g2_i10.p1             0.14%    passed    100.00%
  64  DE88|Cluster-16232.0__TRINITY_DN9547_c0_g1_i2.p1               0.14%    passed    100.00%
  65  DE164|Cluster-29036.1__TRINITY_DN697_c0_g1_i5.p1               0.14%    passed    100.00%
  66  DE736|Cluster-38548.0__TRINITY_DN1829_c0_g1_i2.p1              0.14%    passed    100.00%
  67  DE549|Cluster-45002.4__TRINITY_DN73_c0_g2_i1.p1                0.14%    passed    100.00%
  68  DE504|Cluster-23962.0__TRINITY_DN798_c0_g1_i12.p1              0.14%    passed    100.00%
  69  JJ36|Cluster-42205.0__TRINITY_DN2210_c0_g1_i6.p1              40.32%    passed     99.94%
  70  DRR082660|Cluster-39526.0__TRINITY_DN6558_c0_g1_i2.p1          0.14%    passed    100.00%
  71  DE566|Cluster-32132.4__TRINITY_DN290_c1_g2_i3.p1               0.14%    passed    100.00%
  72  DE623|Cluster-29117.0__TRINITY_DN10229_c1_g1_i3.p1             0.14%    passed    100.00%
  73  SRR5150740|Cluster-59136.1__TRINITY_DN11838_c0_g1_i3.p1        0.14%    passed    100.00%
  74  SRR104381|Cluster-4642.0__TRINITY_DN3627_c0_g1_i1.p1           0.14%    passed    100.00%
  75  DRR234970|Cluster-22398.3__TRINITY_DN6405_c0_g2_i3.p1          2.15%    passed    100.00%
  76  SRR11748982|Cluster-37164.0__TRINITY_DN7750_c1_g1_i8.p1        1.58%    passed    100.00%
  77  SRR11934227|Cluster-165733.0__TRINITY_DN33025_c0_g1_i6.p1      2.30%    passed    100.00%
  78  DE509|Cluster-24475.0__TRINITY_DN1264_c0_g1_i12.p1            34.43%    passed     99.96%
WARNING: 1 sequences contain more than 50% gaps/ambiguity
****  TOTAL                                                          8.71%  0 sequences failed composition chi2 test (p-value<5%; df=60)
Reading input tree file tmp.csubst.nwk ... rooted tree

NOTE: 103 MB RAM (0 GB) is required!
Measuring multi-threading efficiency up to 1 CPU cores
2 trees examined
Threads: 1 / Time: 5.884 sec / Speedup: 1.000 / Efficiency: 100% / LogL: -15018
BEST NUMBER OF THREADS: 1

Estimate model parameters (epsilon = 0.010)
1. Initial log-likelihood: -19653.235
2. Current log-likelihood: -11126.156
3. Current log-likelihood: -11124.836
4. Current log-likelihood: -11102.763
5. Current log-likelihood: -11102.024
6. Current log-likelihood: -11101.380
7. Current log-likelihood: -11100.842
8. Current log-likelihood: -11094.830
9. Current log-likelihood: -11094.165
10. Current log-likelihood: -11093.590
11. Current log-likelihood: -11093.124
12. Current log-likelihood: -11092.766
13. Current log-likelihood: -11092.499
14. Current log-likelihood: -11092.302
15. Current log-likelihood: -11092.155
16. Current log-likelihood: -11089.320
17. Current log-likelihood: -11089.070
18. Current log-likelihood: -11088.914
19. Current log-likelihood: -11088.811
20. Current log-likelihood: -11088.740
21. Current log-likelihood: -11088.690
22. Current log-likelihood: -11088.654
23. Current log-likelihood: -11088.628
24. Current log-likelihood: -11088.610
25. Current log-likelihood: -11088.597
Optimal log-likelihood: -11088.587
Nonsynonymous/synonymous ratio (omega): 1.000
Transition/transversion ratio (kappa): 1.000
Site proportion and rates:  (0.470,0.266) (0.419,0.997) (0.091,3.245) (0.019,8.448)
Parameters optimization took 25 rounds (405.705 sec)
Wrote distance file to... 
BEST SCORE FOUND : -11088.587
Ancestral state probabilities printed to /mnt/data0/yue/2026-03-11-protein-convergence/results/OG_2326/csubst_w_s/csubst_input_alignment.fa.state
Empirical proportions for each category: 0.518 0.387 0.077 0.017
Site rates printed to /mnt/data0/yue/2026-03-11-protein-convergence/results/OG_2326/csubst_w_s/csubst_input_alignment.fa.rate
Total tree length: 2.337

Total number of iterations: 0
CPU time used for tree search: 0.000 sec (0h:0m:0s)
Wall-clock time used for tree search: 0.000 sec (0h:0m:0s)
Total CPU time used: 414.650 sec (0h:6m:54s)
Total wall-clock time used: 414.965 sec (0h:6m:54s)

Analysis results written to: 
  IQ-TREE report:                /mnt/data0/yue/2026-03-11-protein-convergence/results/OG_2326/csubst_w_s/csubst_input_alignment.fa.iqtree
  Maximum-likelihood tree:       /mnt/data0/yue/2026-03-11-protein-convergence/results/OG_2326/csubst_w_s/csubst_input_alignment.fa.treefile
  Site-specific rates:           /mnt/data0/yue/2026-03-11-protein-convergence/results/OG_2326/csubst_w_s/csubst_input_alignment.fa.rate
  Ancestral state:               /mnt/data0/yue/2026-03-11-protein-convergence/results/OG_2326/csubst_w_s/csubst_input_alignment.fa.state
  Screen log file:               /mnt/data0/yue/2026-03-11-protein-convergence/results/OG_2326/csubst_w_s/csubst_input_alignment.fa.log

Date and Time: Fri Mar 27 04:04:46 2026
