IQ-TREE multicore version 2.4.0 for Linux x86 64-bit built Feb 12 2025
Developed by Bui Quang Minh, Nguyen Lam Tung, Olga Chernomor, Heiko Schmidt,
Dominik Schrempf, Michael Woodhams, Ly Trong Nhan, Thomas Wong

Host:    brain (AVX2, FMA3, 2015 GB RAM)
Command: /home/yue/miniconda3/envs/py39/bin/iqtree -s /mnt/data0/yue/2026-03-11-protein-convergence/results/OG_11999/csubst_w_s/csubst_input_alignment.fa -te tmp.csubst.nwk -m ECMK07+F+R4 --seqtype CODON1 --threads-max 1 -T AUTO --ancestral --rate --redo
Seed:    607197 (Using SPRNG - Scalable Parallel Random Number Generator)
Time:    Thu Mar 26 22:56:33 2026
Kernel:  AVX+FMA - auto-detect threads (128 CPU cores detected)

Reading alignment file /mnt/data0/yue/2026-03-11-protein-convergence/results/OG_11999/csubst_w_s/csubst_input_alignment.fa ... Fasta format detected
Reading fasta file: done in 0.000836909 secs using 24.85% CPU
Alignment most likely contains DNA/RNA sequences
Converting to codon sequences with genetic code 1 ...
Alignment has 54 sequences with 114 columns, 93 distinct patterns
44 parsimony-informative, 27 singleton sites, 43 constant sites
                                                         Gap/Ambiguity  Composition  p-value
Analyzing sequences: done in 4.09484e-05 secs using 97.68% CPU
   1  DE541|Cluster-12592.0__TRINITY_DN4483_c0_g1_i1.p1          0.88%    passed     99.97%
   2  DE152|Cluster-46254.0__TRINITY_DN810_c0_g4_i1.p1           0.88%    passed     99.65%
   3  JJ85|Cluster-1326.0__TRINITY_DN4601_c0_g2_i1.p1            0.88%    passed    100.00%
   4  DE519|Cluster-8255.0__TRINITY_DN4543_c2_g1_i1.p1           0.88%    passed    100.00%
   5  SRR3407088|Cluster-29613.0__TRINITY_DN457_c3_g1_i1.p1      0.88%    passed    100.00%
   6  SRR3407096|Cluster-14043.0__TRINITY_DN6270_c1_g1_i1.p1     0.88%    passed    100.00%
   7  DE560|Cluster-19902.0__TRINITY_DN12594_c0_g1_i1.p1         0.88%    passed      5.02%
   8  SRR3407087|Cluster-42959.0__TRINITY_DN767_c0_g1_i1.p1      0.88%    passed    100.00%
   9  SRR3407092|Cluster-38593.0__TRINITY_DN2285_c0_g3_i1.p1     0.88%    passed     51.64%
  10  DE505|Cluster-5493.0__TRINITY_DN1499_c1_g1_i1.p1           0.88%    failed      0.00%
  11  DE523|Cluster-32225.0__TRINITY_DN6955_c1_g2_i1.p1          0.88%    passed    100.00%
  12  DE503|Cluster-15351.0__TRINITY_DN7052_c0_g1_i1.p1          0.88%    passed    100.00%
  13  DE561|Cluster-11154.0__TRINITY_DN333_c2_g10_i1.p1          0.88%    passed    100.00%
  14  DE181|Cluster-56019.0__TRINITY_DN11243_c0_g1_i1.p1         0.88%    passed    100.00%
  15  SRR3407094|Cluster-2395.0__TRINITY_DN3970_c0_g1_i1.p1      0.88%    passed    100.00%
  16  SRR3424066|Cluster-40905.0__TRINITY_DN38097_c0_g1_i1.p1    0.88%    passed    100.00%
  17  DE229|Cluster-79612.1__TRINITY_DN1639_c0_g2_i3.p1          0.88%    passed     99.50%
  18  DE681|Cluster-40024.0__TRINITY_DN86807_c0_g1_i1.p1         2.63%    passed     99.99%
  19  DE643|Cluster-21544.0__TRINITY_DN254_c1_g1_i4.p1           0.88%    passed    100.00%
  20  DE534|Cluster-69561.2__TRINITY_DN23755_c0_g2_i2.p1         0.88%    passed    100.00%
  21  JJ131|Cluster-56941.1__TRINITY_DN1135_c2_g1_i4.p1          2.63%    passed    100.00%
  22  DE531|Cluster-4199.0__TRINITY_DN5925_c0_g1_i1.p1           1.75%    passed    100.00%
  23  DE563|Cluster-7238.0__TRINITY_DN345_c1_g1_i18.p1           0.88%    passed    100.00%
  24  DRR082660|Cluster-26895.2__TRINITY_DN1419_c1_g1_i7.p1      0.00%    passed      8.81%
  25  DE542|Cluster-6616.0__TRINITY_DN4139_c0_g1_i1.p1           0.88%    passed    100.00%
  26  DE549|Cluster-36545.0__TRINITY_DN612_c0_g1_i4.p1           0.88%    passed    100.00%
  27  DE764|Cluster-9690.0__TRINITY_DN5034_c2_g1_i1.p1           0.88%    passed    100.00%
  28  DE164|Cluster-23950.0__TRINITY_DN2280_c0_g1_i2.p1          0.88%    passed    100.00%
  29  DE737|Cluster-34079.0__TRINITY_DN1376_c1_g1_i1.p1          0.88%    passed    100.00%
  30  DE736|Cluster-26555.0__TRINITY_DN2789_c1_g1_i1.p1          0.88%    passed    100.00%
  31  JJ89|Cluster-37187.0__TRINITY_DN5466_c0_g1_i4.p1           3.51%    passed    100.00%
  32  DE671|Cluster-10036.2__TRINITY_DN575_c0_g1_i3.p1           0.88%    passed    100.00%
  33  DE476|Cluster-7027.0__TRINITY_DN1645_c5_g1_i1.p1           0.88%    passed    100.00%
  34  SRR3407095|Cluster-33111.0__TRINITY_DN5623_c0_g1_i1.p1     0.88%    passed    100.00%
  35  DE189|Cluster-19539.0__TRINITY_DN9904_c0_g3_i1.p1          0.88%    passed    100.00%
  36  DE504|Cluster-20295.0__TRINITY_DN17122_c0_g1_i1.p1         0.88%    passed    100.00%
  37  DE88|Cluster-39663.365__TRINITY_DN59794_c0_g1_i1.p1        0.88%    passed    100.00%
  38  DE69|Cluster-4469.0__TRINITY_DN390_c0_g2_i3.p1             0.88%    passed    100.00%
  39  SRR3407093|Cluster-30374.0__TRINITY_DN14850_c0_g1_i1.p1    0.88%    passed    100.00%
  40  SRR3407086|Cluster-6223.0__TRINITY_DN8728_c0_g4_i3.p1      0.88%    passed    100.00%
  41  DE672|Cluster-32354.0__TRINITY_DN111_c0_g5_i2.p1           0.88%    passed    100.00%
  42  JJ23|Cluster-16838.0__TRINITY_DN1063_c1_g2_i1.p1           0.88%    passed     94.50%
  43  JJ74|Cluster-119026.0__TRINITY_DN773_c0_g2_i1.p1           0.88%    passed     46.20%
  44  DE666|Cluster-2379.0__TRINITY_DN1823_c4_g1_i1.p1           1.75%    passed    100.00%
  45  DE550|Cluster-21102.0__TRINITY_DN3613_c0_g1_i1.p1          0.88%    passed    100.00%
  46  JJ15|Cluster-69843.0__TRINITY_DN2422_c0_g1_i1.p1           0.88%    passed     99.83%
  47  DE554|Cluster-56563.143__TRINITY_DN11614_c0_g1_i2.p1       0.88%    passed    100.00%
  48  DE765|Cluster-54277.0__TRINITY_DN2769_c0_g1_i1.p1          0.88%    passed    100.00%
  49  DE696-dots|Cluster-21661.0__TRINITY_DN3903_c0_g2_i3.p1     0.88%    passed    100.00%
  50  DE696-nodots|Cluster-44450.0__TRINITY_DN172_c2_g1_i1.p1    0.88%    passed    100.00%
  51  JJ36|Cluster-40027.1__TRINITY_DN702_c0_g2_i2.p1            0.88%    passed     99.79%
  52  DE575|Cluster-18805.0__TRINITY_DN65092_c0_g1_i1.p1         0.88%    passed     99.99%
  53  DE680|Cluster-10626.0__TRINITY_DN4960_c0_g2_i1.p1          7.02%    passed     45.23%
  54  DE668|Cluster-41207.0__TRINITY_DN2031_c1_g1_i1.p1          0.88%    failed      1.13%
****  TOTAL                                                      1.12%  2 sequences failed composition chi2 test (p-value<5%; df=60)
WARNING: States(s) ACC, GTA, TAT, TCC, TGG, TTA rarely appear in alignment and may cause numerical problems
Reading input tree file tmp.csubst.nwk ... rooted tree

NOTE: 16 MB RAM (0 GB) is required!
Measuring multi-threading efficiency up to 1 CPU cores
2 trees examined
Threads: 1 / Time: 1.432 sec / Speedup: 1.000 / Efficiency: 100% / LogL: -2465
BEST NUMBER OF THREADS: 1

Estimate model parameters (epsilon = 0.010)
1. Initial log-likelihood: -2751.137
2. Current log-likelihood: -2024.624
3. Current log-likelihood: -2023.483
4. Current log-likelihood: -2022.874
5. Current log-likelihood: -2022.632
6. Current log-likelihood: -2022.569
7. Current log-likelihood: -2022.551
Optimal log-likelihood: -2022.545
Nonsynonymous/synonymous ratio (omega): 1.000
Transition/transversion ratio (kappa): 1.000
Site proportion and rates:  (0.726,0.295) (0.027,1.739) (0.153,1.830) (0.094,4.880)
Parameters optimization took 7 rounds (23.729 sec)
Wrote distance file to... 
BEST SCORE FOUND : -2022.545
Ancestral state probabilities printed to /mnt/data0/yue/2026-03-11-protein-convergence/results/OG_11999/csubst_w_s/csubst_input_alignment.fa.state
Empirical proportions for each category: 0.737 0.000 0.175 0.088
Site rates printed to /mnt/data0/yue/2026-03-11-protein-convergence/results/OG_11999/csubst_w_s/csubst_input_alignment.fa.rate
Total tree length: 3.774

Total number of iterations: 0
CPU time used for tree search: 0.000 sec (0h:0m:0s)
Wall-clock time used for tree search: 0.000 sec (0h:0m:0s)
Total CPU time used: 25.844 sec (0h:0m:25s)
Total wall-clock time used: 25.916 sec (0h:0m:25s)

Analysis results written to: 
  IQ-TREE report:                /mnt/data0/yue/2026-03-11-protein-convergence/results/OG_11999/csubst_w_s/csubst_input_alignment.fa.iqtree
  Maximum-likelihood tree:       /mnt/data0/yue/2026-03-11-protein-convergence/results/OG_11999/csubst_w_s/csubst_input_alignment.fa.treefile
  Site-specific rates:           /mnt/data0/yue/2026-03-11-protein-convergence/results/OG_11999/csubst_w_s/csubst_input_alignment.fa.rate
  Ancestral state:               /mnt/data0/yue/2026-03-11-protein-convergence/results/OG_11999/csubst_w_s/csubst_input_alignment.fa.state
  Screen log file:               /mnt/data0/yue/2026-03-11-protein-convergence/results/OG_11999/csubst_w_s/csubst_input_alignment.fa.log

Date and Time: Thu Mar 26 22:56:59 2026
