IQ-TREE multicore version 2.4.0 for Linux x86 64-bit built Feb 12 2025
Developed by Bui Quang Minh, Nguyen Lam Tung, Olga Chernomor, Heiko Schmidt,
Dominik Schrempf, Michael Woodhams, Ly Trong Nhan, Thomas Wong

Host:    brain (AVX2, FMA3, 2015 GB RAM)
Command: /home/yue/miniconda3/envs/py39/bin/iqtree -s /mnt/data0/yue/2026-03-11-protein-convergence/results/OG_1739/csubst_w_s/csubst_input_alignment.fa -te tmp.csubst.nwk -m ECMK07+F+R4 --seqtype CODON1 --threads-max 1 -T AUTO --ancestral --rate --redo
Seed:    223265 (Using SPRNG - Scalable Parallel Random Number Generator)
Time:    Fri Mar 27 01:20:09 2026
Kernel:  AVX+FMA - auto-detect threads (128 CPU cores detected)

Reading alignment file /mnt/data0/yue/2026-03-11-protein-convergence/results/OG_1739/csubst_w_s/csubst_input_alignment.fa ... Fasta format detected
Reading fasta file: done in 0.0016855 secs using 33.28% CPU
Alignment most likely contains DNA/RNA sequences
Converting to codon sequences with genetic code 1 ...
WARNING: 1 sites contain only gaps or ambiguous characters.
Alignment has 61 sequences with 561 columns, 529 distinct patterns
280 parsimony-informative, 140 singleton sites, 141 constant sites
                                                           Gap/Ambiguity  Composition  p-value
Analyzing sequences: done in 8.60989e-05 secs using 96.4% CPU
   1  DE549|Cluster-33343.0__TRINITY_DN14456_c0_g1_i1.p1          15.51%    passed    100.00%
   2  JJ36|Cluster-43192.0__TRINITY_DN6715_c1_g2_i4.p1            12.30%    passed    100.00%
   3  DE554|Cluster-38292.0__TRINITY_DN17442_c0_g1_i2.p1          11.59%    passed    100.00%
   4  DE115|Cluster-28469.0__TRINITY_DN5335_c0_g1_i2.p1           54.01%    passed     99.81%
   5  DE704-white|Cluster-68072.1__TRINITY_DN23343_c0_g1_i4.p1    29.06%    passed    100.00%
   6  DE575|Cluster-54090.2__TRINITY_DN27644_c0_g1_i8.p1           0.18%    passed    100.00%
   7  DE681|Cluster-56601.1__TRINITY_DN477_c1_g1_i1.p1             0.18%    passed    100.00%
   8  DE765|Cluster-41615.1__TRINITY_DN15508_c0_g1_i2.p1           0.18%    passed    100.00%
   9  SRR3407095|Cluster-2937.0__TRINITY_DN29614_c0_g1_i1.p1       0.18%    passed    100.00%
  10  JJ109|Cluster-26015.1__TRINITY_DN8600_c0_g1_i1.p1           31.91%    passed    100.00%
  11  DE534|Cluster-45779.0__TRINITY_DN25476_c0_g1_i1.p1           0.18%    passed    100.00%
  12  DE741|Cluster-11578.0__TRINITY_DN13693_c1_g1_i2.p1          31.91%    passed    100.00%
  13  DE69|Cluster-33245.0__TRINITY_DN15371_c0_g1_i1.p1           32.80%    passed    100.00%
  14  SRR3407096|Cluster-3339.0__TRINITY_DN14762_c0_g1_i1.p1       0.18%    passed    100.00%
  15  DE560|Cluster-11657.0__TRINITY_DN14657_c0_g1_i5.p1          31.91%    passed    100.00%
  16  SRR3407094|Cluster-38266.0__TRINITY_DN13502_c0_g1_i1.p1     31.55%    passed    100.00%
  17  SRR3407087|Cluster-29055.0__TRINITY_DN20788_c0_g1_i1.p1      0.18%    passed    100.00%
  18  SRR3407093|Cluster-17623.0__TRINITY_DN9582_c0_g1_i4.p1       0.18%    passed    100.00%
  19  JJ15|Cluster-66931.0__TRINITY_DN33141_c0_g1_i1.p1           44.74%    passed    100.00%
  20  DE476|Cluster-37179.1__TRINITY_DN13104_c0_g1_i9.p1           0.18%    passed    100.00%
  21  DE504|Cluster-18347.0__TRINITY_DN5362_c0_g2_i2.p1            0.18%    passed    100.00%
  22  JJ125|Cluster-38352.0__TRINITY_DN4404_c1_g1_i10.p1          54.01%    passed     99.98%
  23  DE668|Cluster-9596.0__TRINITY_DN18931_c0_g1_i1.p1            4.28%    passed    100.00%
  24  DE666|Cluster-38933.0__TRINITY_DN17004_c0_g1_i1.p1          35.29%    passed    100.00%
  25  DE151|Cluster-33922.2__TRINITY_DN9414_c0_g1_i6.p1           36.90%    passed     99.61%
  26  DE173|Cluster-28205.1__TRINITY_DN12918_c0_g1_i5.p1           8.02%    passed    100.00%
  27  JJ130|Cluster-8759.0__TRINITY_DN16978_c0_g1_i3.p1           29.06%    passed     99.85%
  28  DE509|Cluster-44139.0__TRINITY_DN10846_c0_g1_i2.p1          29.06%    passed     99.72%
  29  DE736|Cluster-37994.0__TRINITY_DN9607_c0_g1_i6.p1           29.06%    passed     95.98%
  30  DE88|Cluster-40490.0__TRINITY_DN74208_c0_g1_i1.p1           54.01%    passed     99.95%
  31  DE672|Cluster-52029.0__TRINITY_DN13924_c0_g1_i1.p1          29.06%    passed     99.99%
  32  DE126|Cluster-24800.0__TRINITY_DN15362_c0_g1_i3.p1           0.18%    passed    100.00%
  33  DE127|Cluster-34809.0__TRINITY_DN10193_c0_g1_i1.p1           0.18%    passed    100.00%
  34  DE528|Cluster-3739.0__TRINITY_DN25487_c2_g1_i1.p1            0.18%    passed    100.00%
  35  DE162|Cluster-51619.1__TRINITY_DN8818_c0_g1_i18.p1          25.13%    passed    100.00%
  36  DE704-purple|Cluster-30924.0__TRINITY_DN44338_c0_g1_i1.p1    0.18%    passed    100.00%
  37  DE507|Cluster-36649.1__TRINITY_DN14918_c0_g1_i4.p1           0.18%    passed    100.00%
  38  DE181|Cluster-22111.1__TRINITY_DN16639_c0_g1_i2.p1           0.18%    passed    100.00%
  39  SRR3407086|Cluster-32711.0__TRINITY_DN24855_c0_g1_i1.p1      0.18%    passed    100.00%
  40  DE561|Cluster-26997.0__TRINITY_DN18785_c0_g1_i1.p1           1.60%    passed    100.00%
  41  SRR3407088|Cluster-40363.1__TRINITY_DN11151_c0_g1_i1.p1      0.18%    passed    100.00%
  42  SRR3424066|Cluster-17008.0__TRINITY_DN17430_c0_g1_i2.p1      0.18%    passed    100.00%
  43  JJ85|Cluster-39238.0__TRINITY_DN6600_c1_g1_i10.p1           25.13%    passed    100.00%
  44  JJ86|Cluster-30353.1__TRINITY_DN9514_c0_g1_i32.p1           19.25%    passed    100.00%
  45  JJ99|Cluster-43926.0__TRINITY_DN28977_c0_g1_i24.p1           0.36%    passed    100.00%
  46  DE216|Cluster-83574.0__TRINITY_DN55323_c0_g1_i1.p1          25.13%    passed    100.00%
  47  DE623|Cluster-51645.1__TRINITY_DN14174_c0_g1_i5.p1          25.13%    passed     99.99%
  48  DE680|Cluster-43140.1__TRINITY_DN14003_c0_g1_i3.p1           0.18%    passed    100.00%
  49  DE550|Cluster-40769.0__TRINITY_DN13471_c0_g1_i4.p1          25.13%    passed    100.00%
  50  DE737|Cluster-13406.0__TRINITY_DN16070_c0_g2_i2.p1           0.18%    passed    100.00%
  51  DE643|Cluster-64522.0__TRINITY_DN14764_c0_g1_i3.p1          25.13%    passed    100.00%
  52  DE671|Cluster-50805.0__TRINITY_DN20397_c0_g1_i5.p1           0.18%    passed    100.00%
  53  DE531|Cluster-47657.0__TRINITY_DN10495_c0_g1_i4.p1           0.18%    passed    100.00%
  54  DE696-dots|Cluster-42441.0__TRINITY_DN9864_c0_g1_i9.p1       0.18%    passed    100.00%
  55  DE696-nodots|Cluster-63865.0__TRINITY_DN7710_c0_g1_i1.p1     0.18%    passed    100.00%
  56  DE189|Cluster-32151.1__TRINITY_DN11893_c0_g1_i9.p1           0.18%    passed    100.00%
  57  JJ89|Cluster-22107.0__TRINITY_DN2225_c0_g2_i4.p1             0.18%    passed    100.00%
  58  DE229|Cluster-71223.0__TRINITY_DN10031_c0_g1_i78.p1         42.60%    passed     99.82%
  59  DE566|Cluster-18149.0__TRINITY_DN18476_c0_g1_i5.p1           0.18%    passed    100.00%
  60  DE519|Cluster-67788.2__TRINITY_DN4673_c0_g1_i15.p1          25.13%    passed    100.00%
  61  JJ131|Cluster-66321.0__TRINITY_DN12155_c0_g1_i38.p1         42.60%    passed    100.00%
WARNING: 3 sequences contain more than 50% gaps/ambiguity
****  TOTAL                                                       15.14%  0 sequences failed composition chi2 test (p-value<5%; df=60)
Reading input tree file tmp.csubst.nwk ... rooted tree

NOTE: 68 MB RAM (0 GB) is required!
Measuring multi-threading efficiency up to 1 CPU cores
2 trees examined
Threads: 1 / Time: 3.530 sec / Speedup: 1.000 / Efficiency: 100% / LogL: -15298
BEST NUMBER OF THREADS: 1

Estimate model parameters (epsilon = 0.010)
1. Initial log-likelihood: -15699.504
2. Current log-likelihood: -11454.751
3. Current log-likelihood: -11433.249
4. Current log-likelihood: -11433.233
5. Current log-likelihood: -11433.221
6. Current log-likelihood: -11433.211
Optimal log-likelihood: -11433.201
Nonsynonymous/synonymous ratio (omega): 1.000
Transition/transversion ratio (kappa): 1.000
Site proportion and rates:  (0.523,0.322) (0.261,1.094) (0.183,2.196) (0.034,4.294)
Parameters optimization took 6 rounds (68.623 sec)
Wrote distance file to... 
BEST SCORE FOUND : -11433.201
Ancestral state probabilities printed to /mnt/data0/yue/2026-03-11-protein-convergence/results/OG_1739/csubst_w_s/csubst_input_alignment.fa.state
Empirical proportions for each category: 0.585 0.217 0.180 0.018
Site rates printed to /mnt/data0/yue/2026-03-11-protein-convergence/results/OG_1739/csubst_w_s/csubst_input_alignment.fa.rate
Total tree length: 3.441

Total number of iterations: 0
CPU time used for tree search: 0.000 sec (0h:0m:0s)
Wall-clock time used for tree search: 0.000 sec (0h:0m:0s)
Total CPU time used: 74.207 sec (0h:1m:14s)
Total wall-clock time used: 74.416 sec (0h:1m:14s)

Analysis results written to: 
  IQ-TREE report:                /mnt/data0/yue/2026-03-11-protein-convergence/results/OG_1739/csubst_w_s/csubst_input_alignment.fa.iqtree
  Maximum-likelihood tree:       /mnt/data0/yue/2026-03-11-protein-convergence/results/OG_1739/csubst_w_s/csubst_input_alignment.fa.treefile
  Site-specific rates:           /mnt/data0/yue/2026-03-11-protein-convergence/results/OG_1739/csubst_w_s/csubst_input_alignment.fa.rate
  Ancestral state:               /mnt/data0/yue/2026-03-11-protein-convergence/results/OG_1739/csubst_w_s/csubst_input_alignment.fa.state
  Screen log file:               /mnt/data0/yue/2026-03-11-protein-convergence/results/OG_1739/csubst_w_s/csubst_input_alignment.fa.log

Date and Time: Fri Mar 27 01:21:23 2026
