IQ-TREE multicore version 2.4.0 for Linux x86 64-bit built Feb 12 2025
Developed by Bui Quang Minh, Nguyen Lam Tung, Olga Chernomor, Heiko Schmidt,
Dominik Schrempf, Michael Woodhams, Ly Trong Nhan, Thomas Wong

Host:    brain (AVX2, FMA3, 2015 GB RAM)
Command: /home/yue/miniconda3/envs/py39/bin/iqtree -s /mnt/data0/yue/2026-03-11-protein-convergence/results/OG_7002/csubst_w_s/csubst_input_alignment.fa -te tmp.csubst.nwk -m ECMK07+F+R4 --seqtype CODON1 --threads-max 1 -T AUTO --ancestral --rate --redo
Seed:    145244 (Using SPRNG - Scalable Parallel Random Number Generator)
Time:    Fri Mar 27 23:24:48 2026
Kernel:  AVX+FMA - auto-detect threads (128 CPU cores detected)

Reading alignment file /mnt/data0/yue/2026-03-11-protein-convergence/results/OG_7002/csubst_w_s/csubst_input_alignment.fa ... Fasta format detected
Reading fasta file: done in 0.00425518 secs
Alignment most likely contains DNA/RNA sequences
Converting to codon sequences with genetic code 1 ...
WARNING: 1 sites contain only gaps or ambiguous characters.
Alignment has 67 sequences with 588 columns, 564 distinct patterns
309 parsimony-informative, 154 singleton sites, 124 constant sites
                                                               Gap/Ambiguity  Composition  p-value
Analyzing sequences: done in 0.000201762 secs
   1  DE623|Cluster-13267.0__TRINITY_DN5510_c0_g2_i3.p1               10.71%    passed    100.00%
   2  DE216|Cluster-52781.0__TRINITY_DN3232_c0_g1_i2.p1                3.57%    passed    100.00%
   3  SRR3407094|Cluster-16439.0__TRINITY_DN4433_c0_g1_i3.p1           1.70%    passed    100.00%
   4  SRR3424066|Cluster-34217.0__TRINITY_DN4132_c0_g1_i3.p1           1.70%    passed    100.00%
   5  DE88|Cluster-22313.1__TRINITY_DN17153_c0_g3_i5.p1                4.76%    passed    100.00%
   6  DE152|Cluster-52915.0__TRINITY_DN20729_c0_g1_i1.p1               7.48%    passed    100.00%
   7  DE126|Cluster-28229.1__TRINITY_DN3450_c0_g1_i2.p1                0.68%    passed    100.00%
   8  DRR234970|Cluster-49522.0__TRINITY_DN3395_c0_g1_i1.p1            1.87%    passed    100.00%
   9  SRR5150740|Cluster-26622.0__TRINITY_DN8584_c0_g1_i1.p1          10.88%    passed     99.97%
  10  SRR3407096|Cluster-31004.0__TRINITY_DN11894_c0_g1_i2.p1          1.19%    passed    100.00%
  11  DE162|Cluster-10107.0__TRINITY_DN1182_c0_g1_i1.p1                0.51%    passed    100.00%
  12  DE704-purple|Cluster-59405.0__TRINITY_DN7366_c1_g2_i3.p1         0.51%    passed    100.00%
  13  DE765|Cluster-26781.0__TRINITY_DN10696_c0_g1_i1.p1               1.02%    passed    100.00%
  14  DE181|Cluster-13774.0__TRINITY_DN6032_c0_g1_i1.p1                0.17%    passed    100.00%
  15  SRR3407086|Cluster-36786.0__TRINITY_DN2445_c0_g1_i1.p1           0.17%    passed    100.00%
  16  SRR3407092|Cluster-32192.0__TRINITY_DN4390_c0_g1_i7.p1           2.38%    passed    100.00%
  17  DE503|Cluster-62691.0__TRINITY_DN522_c0_g1_i1.p1                 2.38%    passed    100.00%
  18  DE505|Cluster-25189.0__TRINITY_DN1718_c0_g1_i2.p1                0.17%    passed    100.00%
  19  DE510|Cluster-53588.0__TRINITY_DN469_c0_g1_i4.p1                18.54%    passed    100.00%
  20  SRR3407087|Cluster-6265.0__TRINITY_DN3570_c0_g1_i1.p1            0.17%    passed    100.00%
  21  DE561|Cluster-34886.0__TRINITY_DN3085_c0_g1_i13.p1               2.38%    passed    100.00%
  22  SRR3407088|Cluster-36571.0__TRINITY_DN5005_c0_g1_i6.p1          55.78%    passed     99.61%
  23  DE69|Cluster-51144.0__TRINITY_DN11457_c0_g2_i2.p1                0.17%    passed    100.00%
  24  SRR3407095|Cluster-31276.0__TRINITY_DN13084_c0_g1_i1.p1          0.17%    passed    100.00%
  25  DE115|Cluster-22262.0__TRINITY_DN3017_c0_g2_i2.p1                1.19%    passed    100.00%
  26  JJ86|Cluster-5376.0__TRINITY_DN6976_c0_g1_i1.p1                  0.85%    passed    100.00%
  27  DE546_urceolata_l|Cluster-19477.0__TRINITY_DN4237_c0_g2_i1.p1    0.17%    passed    100.00%
  28  DE668|Cluster-57072.0__TRINITY_DN9554_c0_g4_i3.p1               17.18%    passed    100.00%
  29  DE127|Cluster-37927.0__TRINITY_DN35772_c0_g1_i3.p1               0.85%    passed    100.00%
  30  DE554|Cluster-32627.0__TRINITY_DN15010_c0_g1_i1.p1              39.46%    passed     98.83%
  31  DE680|Cluster-16348.0__TRINITY_DN13404_c0_g2_i1.p1               0.51%    passed    100.00%
  32  JJ74|Cluster-112232.378__TRINITY_DN61940_c0_g1_i1.p1             0.17%    passed    100.00%
  33  DE542|Cluster-16277.0__TRINITY_DN16553_c0_g1_i3.p1               0.17%    passed    100.00%
  34  DE534|Cluster-37358.0__TRINITY_DN3411_c0_g1_i2.p1                2.21%    passed    100.00%
  35  JJ125|Cluster-12412.0__TRINITY_DN335_c0_g2_i2.p1                 0.17%    passed    100.00%
  36  DE560|Cluster-3147.0__TRINITY_DN5876_c0_g2_i5.p1                17.01%    passed    100.00%
  37  DE536|Cluster-36636.0__TRINITY_DN5045_c1_g2_i4.p1                0.17%    passed    100.00%
  38  DRR082660|Cluster-28209.1__TRINITY_DN12568_c0_g1_i2.p1           0.17%    passed    100.00%
  39  JJ85|Cluster-29539.0__TRINITY_DN6845_c0_g1_i1.p1                 0.17%    passed    100.00%
  40  DE519|Cluster-10577.5__TRINITY_DN4740_c0_g1_i4.p1                0.17%    passed    100.00%
  41  DE741|Cluster-38225.1__TRINITY_DN13165_c0_g1_i2.p1               0.51%    passed    100.00%
  42  DE151|Cluster-26670.0__TRINITY_DN8076_c0_g1_i4.p1                0.17%    passed    100.00%
  43  DE173|Cluster-23440.2__TRINITY_DN9487_c0_g1_i1.p1                0.17%    passed    100.00%
  44  DE189|Cluster-27417.0__TRINITY_DN433_c0_g1_i7.p1                 0.17%    passed    100.00%
  45  JJ109|Cluster-23282.0__TRINITY_DN11129_c0_g3_i3.p1               0.17%    passed    100.00%
  46  JJ130|Cluster-44880.0__TRINITY_DN13118_c0_g1_i1.p1               0.17%    passed    100.00%
  47  DE164|Cluster-20599.0__TRINITY_DN2986_c0_g1_i1.p1                0.85%    passed    100.00%
  48  DE737|Cluster-41526.1__TRINITY_DN8114_c1_g1_i11.p1              21.26%    passed    100.00%
  49  DE643|Cluster-51131.1__TRINITY_DN13756_c1_g2_i1.p1               1.70%    passed    100.00%
  50  DE671|Cluster-59442.0__TRINITY_DN6177_c0_g2_i27.p1               0.17%    passed    100.00%
  51  DE476|Cluster-43645.1__TRINITY_DN4107_c0_g1_i12.p1               2.72%    passed    100.00%
  52  DE541|Cluster-53327.0__TRINITY_DN8540_c0_g1_i5.p1                0.17%    passed    100.00%
  53  DE550|Cluster-22150.0__TRINITY_DN5855_c0_g1_i8.p1                2.89%    passed    100.00%
  54  DE509|Cluster-39102.10__TRINITY_DN217_c0_g1_i13.p1               8.84%    passed    100.00%
  55  DE736|Cluster-44762.0__TRINITY_DN216_c1_g1_i1.p1                 0.17%    passed    100.00%
  56  DE531|Cluster-55355.0__TRINITY_DN276_c1_g1_i4.p1                 1.70%    passed    100.00%
  57  DE696-dots|Cluster-14691.0__TRINITY_DN3164_c1_g1_i2.p1           1.70%    passed    100.00%
  58  DE696-nodots|Cluster-40888.0__TRINITY_DN3017_c1_g2_i2.p1         1.70%    passed    100.00%
  59  JJ36|Cluster-26216.0__TRINITY_DN2926_c2_g1_i3.p1                32.99%    passed    100.00%
  60  JJ89|Cluster-3030.0__TRINITY_DN15320_c0_g1_i1.p1                 0.17%    passed    100.00%
  61  DE764|Cluster-27293.0__TRINITY_DN5443_c1_g3_i5.p1               17.01%    passed    100.00%
  62  DE504|Cluster-53005.0__TRINITY_DN7812_c1_g1_i8.p1                3.74%    passed    100.00%
  63  DE549|Cluster-19129.0__TRINITY_DN12644_c2_g1_i3.p1              40.48%    passed     99.55%
  64  JJ131|Cluster-52657.1__TRINITY_DN12055_c0_g1_i1.p1               0.17%    passed    100.00%
  65  JJ99|Cluster-15801.0__TRINITY_DN11076_c0_g1_i1.p1                0.51%    passed    100.00%
  66  DE566|Cluster-23270.0__TRINITY_DN13137_c0_g1_i3.p1               0.85%    passed     99.46%
  67  JJ23|Cluster-31967.0__TRINITY_DN4258_c0_g1_i5.p1                20.92%    passed    100.00%
WARNING: 1 sequences contain more than 50% gaps/ambiguity
****  TOTAL                                                            5.55%  0 sequences failed composition chi2 test (p-value<5%; df=60)
Reading input tree file tmp.csubst.nwk ... rooted tree

NOTE: 78 MB RAM (0 GB) is required!
Measuring multi-threading efficiency up to 1 CPU cores
2 trees examined
Threads: 1 / Time: 4.112 sec / Speedup: 1.000 / Efficiency: 100% / LogL: -19025
BEST NUMBER OF THREADS: 1

Estimate model parameters (epsilon = 0.010)
1. Initial log-likelihood: -18814.212
2. Current log-likelihood: -12010.016
3. Current log-likelihood: -12009.886
4. Current log-likelihood: -12009.823
5. Current log-likelihood: -12009.782
6. Current log-likelihood: -12009.749
7. Current log-likelihood: -12009.720
8. Current log-likelihood: -12009.693
9. Current log-likelihood: -12009.668
10. Current log-likelihood: -12009.643
11. Current log-likelihood: -12009.619
12. Current log-likelihood: -12009.597
13. Current log-likelihood: -12009.575
14. Current log-likelihood: -12009.555
15. Current log-likelihood: -12009.536
16. Current log-likelihood: -12009.518
17. Current log-likelihood: -12009.502
18. Current log-likelihood: -12009.488
19. Current log-likelihood: -12009.476
20. Current log-likelihood: -12009.465
Optimal log-likelihood: -12009.456
Nonsynonymous/synonymous ratio (omega): 1.000
Transition/transversion ratio (kappa): 1.000
Site proportion and rates:  (0.579,0.469) (0.343,1.446) (0.071,2.951) (0.007,3.327)
Parameters optimization took 20 rounds (289.348 sec)
Wrote distance file to... 
BEST SCORE FOUND : -12009.456
Ancestral state probabilities printed to /mnt/data0/yue/2026-03-11-protein-convergence/results/OG_7002/csubst_w_s/csubst_input_alignment.fa.state
Empirical proportions for each category: 0.626 0.332 0.043 0.000
Site rates printed to /mnt/data0/yue/2026-03-11-protein-convergence/results/OG_7002/csubst_w_s/csubst_input_alignment.fa.rate
Total tree length: 2.778

Total number of iterations: 0
CPU time used for tree search: 0.000 sec (0h:0m:0s)
Wall-clock time used for tree search: 0.000 sec (0h:0m:0s)
Total CPU time used: 295.832 sec (0h:4m:55s)
Total wall-clock time used: 296.513 sec (0h:4m:56s)

Analysis results written to: 
  IQ-TREE report:                /mnt/data0/yue/2026-03-11-protein-convergence/results/OG_7002/csubst_w_s/csubst_input_alignment.fa.iqtree
  Maximum-likelihood tree:       /mnt/data0/yue/2026-03-11-protein-convergence/results/OG_7002/csubst_w_s/csubst_input_alignment.fa.treefile
  Site-specific rates:           /mnt/data0/yue/2026-03-11-protein-convergence/results/OG_7002/csubst_w_s/csubst_input_alignment.fa.rate
  Ancestral state:               /mnt/data0/yue/2026-03-11-protein-convergence/results/OG_7002/csubst_w_s/csubst_input_alignment.fa.state
  Screen log file:               /mnt/data0/yue/2026-03-11-protein-convergence/results/OG_7002/csubst_w_s/csubst_input_alignment.fa.log

Date and Time: Fri Mar 27 23:29:44 2026
