IQ-TREE multicore version 2.4.0 for Linux x86 64-bit built Feb 12 2025
Developed by Bui Quang Minh, Nguyen Lam Tung, Olga Chernomor, Heiko Schmidt,
Dominik Schrempf, Michael Woodhams, Ly Trong Nhan, Thomas Wong

Host:    brain (AVX2, FMA3, 2015 GB RAM)
Command: /home/yue/miniconda3/envs/py39/bin/iqtree -s /mnt/data0/yue/2026-03-11-protein-convergence/results/OG_6273/csubst_w_s/csubst_input_alignment.fa -te tmp.csubst.nwk -m ECMK07+F+R4 --seqtype CODON1 --threads-max 1 -T AUTO --ancestral --rate --redo
Seed:    484042 (Using SPRNG - Scalable Parallel Random Number Generator)
Time:    Fri Mar 27 20:57:04 2026
Kernel:  AVX+FMA - auto-detect threads (128 CPU cores detected)

Reading alignment file /mnt/data0/yue/2026-03-11-protein-convergence/results/OG_6273/csubst_w_s/csubst_input_alignment.fa ... Fasta format detected
Reading fasta file: done in 0.00725667 secs using 78.15% CPU
Alignment most likely contains DNA/RNA sequences
Converting to codon sequences with genetic code 1 ...
Alignment has 75 sequences with 898 columns, 848 distinct patterns
419 parsimony-informative, 266 singleton sites, 213 constant sites
                                                                Gap/Ambiguity  Composition  p-value
Analyzing sequences: done in 0.000348166 secs using 99.38% CPU
   1  DE115|Cluster-37296.0__TRINITY_DN86127_c0_g1_i1.p1               13.92%    passed    100.00%
   2  DE704-white|Cluster-56304.0__TRINITY_DN13841_c1_g1_i3.p1         32.96%    passed     99.78%
   3  DE668|Cluster-18435.0__TRINITY_DN50385_c0_g1_i4.p1               27.84%    passed     99.98%
   4  SRR11934227|Cluster-141517.0__TRINITY_DN85403_c0_g1_i2.p1         3.34%    passed     34.61%
   5  DE216|Cluster-10242.0__TRINITY_DN107616_c0_g1_i1.p1               0.11%    passed    100.00%
   6  JJ15|Cluster-56496.0__TRINITY_DN40630_c0_g1_i6.p1                28.95%    passed    100.00%
   7  DE162|Cluster-50966.0__TRINITY_DN16081_c0_g1_i2.p1                0.11%    passed    100.00%
   8  DE507|Cluster-73309.0__TRINITY_DN10199_c0_g1_i9.p1                0.11%    passed    100.00%
   9  DE528|Cluster-50154.0__TRINITY_DN16768_c0_g1_i2.p1                0.11%    passed    100.00%
  10  DE623|Cluster-35777.0__TRINITY_DN13081_c1_g1_i3.p1                0.11%    passed    100.00%
  11  DE680|Cluster-24654.0__TRINITY_DN27181_c1_g1_i1.p1                0.11%    passed    100.00%
  12  JJ86|Cluster-43181.1__TRINITY_DN38902_c0_g1_i4.p1                 0.11%    passed    100.00%
  13  DE666|Cluster-28781.0__TRINITY_DN20472_c0_g1_i1.p1                0.11%    passed    100.00%
  14  JJ23|Cluster-16781.0__TRINITY_DN3745_c0_g1_i4.p1                 16.26%    passed    100.00%
  15  DE554|Cluster-34654.0__TRINITY_DN3511_c0_g2_i1.p1                 0.11%    passed    100.00%
  16  JJ125|Cluster-14193.0__TRINITY_DN37075_c0_g1_i1.p1               49.11%    passed     99.05%
  17  DE560|Cluster-6432.0__TRINITY_DN13005_c0_g1_i1.p1                 0.22%    passed    100.00%
  18  DE229|Cluster-83688.0__TRINITY_DN4562_c0_g1_i6.p1                47.88%    passed    100.00%
  19  DE126|Cluster-24428.3__TRINITY_DN18009_c0_g1_i1.p1                0.11%    passed    100.00%
  20  DE546_urceolata_l|Cluster-37782.0__TRINITY_DN14852_c0_g1_i1.p1    0.11%    passed    100.00%
  21  DE575|Cluster-56106.0__TRINITY_DN14192_c0_g1_i1.p1                0.22%    passed    100.00%
  22  DE681|Cluster-56638.0__TRINITY_DN8_c0_g1_i1.p1                   26.61%    passed    100.00%
  23  DE563|Cluster-56257.0__TRINITY_DN9487_c0_g1_i4.p1                 5.35%    passed    100.00%
  24  DE534|Cluster-10647.0__TRINITY_DN20199_c0_g1_i1.p1                0.11%    passed    100.00%
  25  DE542|Cluster-46366.0__TRINITY_DN6886_c1_g2_i1.p1                 0.11%    passed    100.00%
  26  DE536|Cluster-47959.0__TRINITY_DN9959_c0_g1_i2.p1                 0.11%    passed    100.00%
  27  JJ74|Cluster-26989.0__TRINITY_DN13873_c0_g1_i1.p1                18.26%    passed    100.00%
  28  DE519|Cluster-48834.0__TRINITY_DN5073_c0_g3_i1.p1                 0.11%    passed    100.00%
  29  DE741|Cluster-46959.0__TRINITY_DN18401_c0_g1_i2.p1               18.15%    passed    100.00%
  30  DE566|Cluster-34256.0__TRINITY_DN9988_c0_g1_i4.p1                 0.11%    passed    100.00%
  31  DE151|Cluster-28427.0__TRINITY_DN18323_c0_g1_i2.p1                0.11%    passed    100.00%
  32  JJ130|Cluster-22856.0__TRINITY_DN27479_c0_g2_i2.p1               18.04%    passed    100.00%
  33  DE173|Cluster-40497.0__TRINITY_DN11300_c0_g1_i2.p1                0.11%    passed    100.00%
  34  JJ109|Cluster-19938.1__TRINITY_DN5036_c0_g1_i5.p1                 0.11%    passed    100.00%
  35  DE550|Cluster-39483.0__TRINITY_DN3987_c0_g2_i3.p1                 0.11%    passed    100.00%
  36  DE737|Cluster-18017.0__TRINITY_DN13589_c1_g1_i2.p1                0.11%    passed    100.00%
  37  DE764|Cluster-43753.0__TRINITY_DN7874_c0_g1_i7.p1                35.19%    passed    100.00%
  38  JJ89|Cluster-30237.0__TRINITY_DN19137_c0_g1_i1.p1                 0.11%    passed    100.00%
  39  DE531|Cluster-44122.0__TRINITY_DN40934_c0_g1_i1.p1                0.11%    passed    100.00%
  40  DE696-nodots|Cluster-23921.0__TRINITY_DN5292_c0_g2_i1.p1          0.11%    passed    100.00%
  41  DE696-dots|Cluster-27493.0__TRINITY_DN7136_c0_g2_i6.p1            0.11%    passed    100.00%
  42  JJ36|Cluster-15540.0__TRINITY_DN19293_c0_g2_i5.p1                 0.11%    passed    100.00%
  43  DE504|Cluster-28014.0__TRINITY_DN191_c0_g2_i1.p1                 21.16%    passed    100.00%
  44  DE549|Cluster-46391.1__TRINITY_DN15994_c0_g1_i3.p1                0.11%    passed    100.00%
  45  DE509|Cluster-5719.0__TRINITY_DN75178_c0_g1_i1.p1                 0.11%    passed    100.00%
  46  DE736|Cluster-42184.0__TRINITY_DN10298_c0_g1_i3.p1                0.11%    passed    100.00%
  47  DE164|Cluster-36320.0__TRINITY_DN18434_c0_g1_i1.p1               47.88%    passed     99.98%
  48  DE643|Cluster-57091.0__TRINITY_DN24746_c0_g1_i5.p1                0.11%    passed    100.00%
  49  DE671|Cluster-47075.0__TRINITY_DN13004_c2_g1_i1.p1                0.11%    passed    100.00%
  50  DE672|Cluster-50568.0__TRINITY_DN9692_c1_g1_i1.p1                 0.11%    passed    100.00%
  51  DE476|Cluster-34797.0__TRINITY_DN2534_c1_g1_i4.p1                18.26%    passed    100.00%
  52  SRR3407093|Cluster-30363.0__TRINITY_DN19539_c0_g1_i2.p1           0.11%    passed    100.00%
  53  SRR3407087|Cluster-15826.0__TRINITY_DN10506_c0_g1_i1.p1          24.28%    passed    100.00%
  54  SRR3407094|Cluster-16161.0__TRINITY_DN2956_c0_g3_i1.p1           24.28%    passed    100.00%
  55  SRR3407092|Cluster-6958.0__TRINITY_DN28649_c0_g1_i1.p1            0.11%    passed    100.00%
  56  DE510|Cluster-48815.0__TRINITY_DN19094_c0_g1_i2.p1               14.37%    passed    100.00%
  57  SRR3407086|Cluster-15779.0__TRINITY_DN13334_c0_g1_i1.p1           0.11%    passed    100.00%
  58  SRR3424066|Cluster-17028.0__TRINITY_DN12638_c0_g1_i2.p1          24.28%    passed    100.00%
  59  DE561|Cluster-34521.0__TRINITY_DN60588_c0_g1_i1.p1               21.16%    passed    100.00%
  60  SRR3407088|Cluster-31886.0__TRINITY_DN51328_c0_g1_i1.p1          32.07%    passed    100.00%
  61  DE69|Cluster-25408.0__TRINITY_DN71602_c0_g1_i1.p1                14.37%    passed    100.00%
  62  SRR3407095|Cluster-37898.0__TRINITY_DN49858_c0_g1_i2.p1           0.11%    passed    100.00%
  63  JJ85|Cluster-18684.0__TRINITY_DN62374_c0_g1_i1.p1                 0.45%    passed    100.00%
  64  JJ131|Cluster-32792.0__TRINITY_DN10055_c0_g1_i2.p1                0.11%    passed    100.00%
  65  DE152|Cluster-29011.0__TRINITY_DN55227_c0_g1_i1.p1                0.11%    passed    100.00%
  66  JJ99|Cluster-47448.0__TRINITY_DN8362_c0_g1_i5.p1                  1.00%    passed    100.00%
  67  DE181|Cluster-24062.1__TRINITY_DN18929_c0_g1_i1.p1                0.11%    passed    100.00%
  68  DE503|Cluster-27427.0__TRINITY_DN11708_c0_g1_i2.p1               48.78%    passed     96.02%
  69  DE505|Cluster-12149.0__TRINITY_DN225_c3_g1_i1.p1                 48.78%    passed     94.97%
  70  DE523|Cluster-42836.0__TRINITY_DN7898_c0_g1_i9.p1                38.64%    passed     98.71%
  71  SRR3407096|Cluster-29421.0__TRINITY_DN21767_c0_g1_i4.p1           0.11%    passed    100.00%
  72  DE189|Cluster-49957.0__TRINITY_DN31829_c0_g1_i1.p1                6.46%    passed    100.00%
  73  DE88|Cluster-39262.0__TRINITY_DN17095_c0_g1_i3.p1                 8.46%    passed    100.00%
  74  DE541|Cluster-42341.0__TRINITY_DN7532_c1_g1_i8.p1                 0.11%    passed    100.00%
  75  SRR11748982|Cluster-21512.0__TRINITY_DN3102_c2_g1_i3.p1           4.45%    passed     96.28%
****  TOTAL                                                             9.95%  0 sequences failed composition chi2 test (p-value<5%; df=60)
Reading input tree file tmp.csubst.nwk ... rooted tree

NOTE: 127 MB RAM (0 GB) is required!
Measuring multi-threading efficiency up to 1 CPU cores
2 trees examined
Threads: 1 / Time: 6.935 sec / Speedup: 1.000 / Efficiency: 100% / LogL: -22724
BEST NUMBER OF THREADS: 1

Estimate model parameters (epsilon = 0.010)
1. Initial log-likelihood: -28106.674
2. Current log-likelihood: -15176.966
3. Current log-likelihood: -15176.706
4. Current log-likelihood: -15160.038
5. Current log-likelihood: -15159.903
6. Current log-likelihood: -15159.774
7. Current log-likelihood: -15159.648
8. Current log-likelihood: -15159.522
9. Current log-likelihood: -15159.394
10. Current log-likelihood: -15153.164
11. Current log-likelihood: -15153.054
12. Current log-likelihood: -15152.938
13. Current log-likelihood: -15152.818
14. Current log-likelihood: -15152.693
15. Current log-likelihood: -15152.565
16. Current log-likelihood: -15152.436
17. Current log-likelihood: -15149.681
18. Current log-likelihood: -15149.550
19. Current log-likelihood: -15149.423
20. Current log-likelihood: -15149.302
21. Current log-likelihood: -15147.273
22. Current log-likelihood: -15147.116
23. Current log-likelihood: -15146.984
24. Current log-likelihood: -15145.329
25. Current log-likelihood: -15145.208
26. Current log-likelihood: -15140.654
27. Current log-likelihood: -15140.550
28. Current log-likelihood: -15139.779
29. Current log-likelihood: -15139.688
30. Current log-likelihood: -15139.618
31. Current log-likelihood: -15139.563
32. Current log-likelihood: -15138.848
33. Current log-likelihood: -15138.796
34. Current log-likelihood: -15138.756
35. Current log-likelihood: -15138.725
36. Current log-likelihood: -15138.700
37. Current log-likelihood: -15138.680
38. Current log-likelihood: -15138.664
39. Current log-likelihood: -15138.651
40. Current log-likelihood: -15138.641
Optimal log-likelihood: -15138.632
Nonsynonymous/synonymous ratio (omega): 1.000
Transition/transversion ratio (kappa): 1.000
Site proportion and rates:  (0.380,0.322) (0.490,0.985) (0.124,2.782) (0.006,8.575)
Parameters optimization took 40 rounds (1025.846 sec)
Wrote distance file to... 
BEST SCORE FOUND : -15138.632
Ancestral state probabilities printed to /mnt/data0/yue/2026-03-11-protein-convergence/results/OG_6273/csubst_w_s/csubst_input_alignment.fa.state
Empirical proportions for each category: 0.371 0.539 0.086 0.004
Site rates printed to /mnt/data0/yue/2026-03-11-protein-convergence/results/OG_6273/csubst_w_s/csubst_input_alignment.fa.rate
Total tree length: 2.510

Total number of iterations: 0
CPU time used for tree search: 0.000 sec (0h:0m:0s)
Wall-clock time used for tree search: 0.000 sec (0h:0m:0s)
Total CPU time used: 1037.203 sec (0h:17m:17s)
Total wall-clock time used: 1038.246 sec (0h:17m:18s)

Analysis results written to: 
  IQ-TREE report:                /mnt/data0/yue/2026-03-11-protein-convergence/results/OG_6273/csubst_w_s/csubst_input_alignment.fa.iqtree
  Maximum-likelihood tree:       /mnt/data0/yue/2026-03-11-protein-convergence/results/OG_6273/csubst_w_s/csubst_input_alignment.fa.treefile
  Site-specific rates:           /mnt/data0/yue/2026-03-11-protein-convergence/results/OG_6273/csubst_w_s/csubst_input_alignment.fa.rate
  Ancestral state:               /mnt/data0/yue/2026-03-11-protein-convergence/results/OG_6273/csubst_w_s/csubst_input_alignment.fa.state
  Screen log file:               /mnt/data0/yue/2026-03-11-protein-convergence/results/OG_6273/csubst_w_s/csubst_input_alignment.fa.log

Date and Time: Fri Mar 27 21:14:22 2026
