IQ-TREE multicore version 2.4.0 for Linux x86 64-bit built Feb 12 2025
Developed by Bui Quang Minh, Nguyen Lam Tung, Olga Chernomor, Heiko Schmidt,
Dominik Schrempf, Michael Woodhams, Ly Trong Nhan, Thomas Wong

Host:    brain (AVX2, FMA3, 2015 GB RAM)
Command: /home/yue/miniconda3/envs/py39/bin/iqtree -s /mnt/data0/yue/2026-03-11-protein-convergence/results/OG_5522/csubst_w_s/csubst_input_alignment.fa -te tmp.csubst.nwk -m ECMK07+F+R4 --seqtype CODON1 --threads-max 1 -T AUTO --ancestral --rate --redo
Seed:    314629 (Using SPRNG - Scalable Parallel Random Number Generator)
Time:    Fri Mar 27 18:19:57 2026
Kernel:  AVX+FMA - auto-detect threads (128 CPU cores detected)

Reading alignment file /mnt/data0/yue/2026-03-11-protein-convergence/results/OG_5522/csubst_w_s/csubst_input_alignment.fa ... Fasta format detected
Reading fasta file: done in 0.00290699 secs using 19.95% CPU
Alignment most likely contains DNA/RNA sequences
Converting to codon sequences with genetic code 1 ...
Alignment has 69 sequences with 366 columns, 363 distinct patterns
248 parsimony-informative, 80 singleton sites, 38 constant sites
                                                              Gap/Ambiguity  Composition  p-value
Analyzing sequences: done in 0.000156373 secs using 98.48% CPU
   1  DE736|Cluster-39268.0__TRINITY_DN1750_c0_g1_i2.p1              25.14%    passed    100.00%
   2  DE509|Cluster-22502.0__TRINITY_DN10515_c1_g1_i4.p1             20.77%    passed    100.00%
   3  DE126|Cluster-44961.0__TRINITY_DN2953_c0_g1_i18.p1             16.39%    passed    100.00%
   4  JJ86|Cluster-35075.0__TRINITY_DN6065_c1_g1_i2.p1               19.95%    passed    100.00%
   5  DE546_urceolata_l|Cluster-24435.0__TRINITY_DN796_c0_g1_i8.p1   17.21%    passed    100.00%
   6  DE476|Cluster-34879.0__TRINITY_DN2556_c0_g2_i1.p1              50.00%    passed     99.72%
   7  DE643|Cluster-63216.0__TRINITY_DN29416_c0_g1_i1.p1             20.49%    passed    100.00%
   8  DE671|Cluster-44584.0__TRINITY_DN11564_c0_g1_i1.p1             20.49%    passed    100.00%
   9  DE164|Cluster-57221.0__TRINITY_DN2292_c0_g1_i11.p1             16.94%    passed    100.00%
  10  DE681|Cluster-19491.0__TRINITY_DN19417_c0_g1_i6.p1             19.40%    passed    100.00%
  11  DE765|Cluster-6623.0__TRINITY_DN3426_c0_g1_i2.p1               17.49%    passed    100.00%
  12  DE668|Cluster-52322.0__TRINITY_DN2230_c0_g1_i6.p1              22.40%    passed     99.99%
  13  JJ99|Cluster-44137.0__TRINITY_DN154_c1_g1_i5.p1                18.03%    passed    100.00%
  14  DE523|Cluster-33144.1__TRINITY_DN4700_c0_g1_i1.p1              17.49%    passed    100.00%
  15  DE575|Cluster-35441.1__TRINITY_DN467_c1_g2_i2.p1                0.55%    passed    100.00%
  16  DE704-purple|Cluster-51691.0__TRINITY_DN263_c0_g2_i8.p1        26.78%    passed    100.00%
  17  DE542|Cluster-25754.0__TRINITY_DN443_c0_g1_i4.p1               19.13%    passed    100.00%
  18  DE536|Cluster-56230.0__TRINITY_DN5915_c0_g1_i7.p1              20.22%    passed    100.00%
  19  JJ15|Cluster-20434.6__TRINITY_DN2201_c0_g1_i18.p1               0.27%    passed    100.00%
  20  JJ89|Cluster-25966.0__TRINITY_DN3564_c0_g2_i14.p1              20.49%    passed    100.00%
  21  DE550|Cluster-26655.0__TRINITY_DN2157_c0_g1_i2.p1              21.86%    passed    100.00%
  22  JJ125|Cluster-31367.0__TRINITY_DN1050_c1_g1_i6.p1              16.39%    passed    100.00%
  23  DE741|Cluster-58759.0__TRINITY_DN142_c0_g1_i4.p1               16.94%    passed    100.00%
  24  DE549|Cluster-48339.0__TRINITY_DN4689_c0_g1_i9.p1              23.22%    passed    100.00%
  25  JJ74|Cluster-117541.0__TRINITY_DN1513_c0_g1_i1.p1              16.12%    passed     99.99%
  26  DRR234970|Cluster-47639.0__TRINITY_DN51217_c0_g1_i1.p1          9.29%    passed     96.26%
  27  SRR5150740|Cluster-11389.0__TRINITY_DN5825_c0_g1_i1.p1          0.27%    passed     89.12%
  28  DE505|Cluster-58437.0__TRINITY_DN1864_c0_g1_i4.p1              46.99%    passed     99.89%
  29  SRR3407087|Cluster-36867.0__TRINITY_DN624_c1_g1_i1.p1          17.49%    passed    100.00%
  30  DE181|Cluster-42787.0__TRINITY_DN4213_c0_g2_i2.p1              16.94%    passed    100.00%
  31  DE561|Cluster-4236.0__TRINITY_DN1318_c0_g1_i4.p1               16.94%    passed    100.00%
  32  DE229|Cluster-68679.0__TRINITY_DN2970_c0_g1_i4.p1              22.95%    passed    100.00%
  33  JJ23|Cluster-39671.0__TRINITY_DN33493_c0_g1_i21.p1             23.50%    passed    100.00%
  34  JJ85|Cluster-37079.0__TRINITY_DN597_c1_g1_i9.p1                19.67%    passed    100.00%
  35  DE554|Cluster-66623.0__TRINITY_DN5364_c0_g1_i7.p1               0.27%    passed    100.00%
  36  DE507|Cluster-61013.0__TRINITY_DN3289_c0_g1_i3.p1               0.27%    passed    100.00%
  37  DE528|Cluster-49473.0__TRINITY_DN277_c0_g5_i1.p1                4.92%    passed    100.00%
  38  DE563|Cluster-19839.0__TRINITY_DN10218_c0_g1_i2.p1              0.27%    passed    100.00%
  39  DE666|Cluster-35595.0__TRINITY_DN2879_c1_g2_i5.p1               0.27%    passed    100.00%
  40  DE623|Cluster-30023.0__TRINITY_DN3845_c0_g1_i1.p1               0.27%    passed    100.00%
  41  DE680|Cluster-35410.0__TRINITY_DN1491_c0_g1_i4.p1               0.27%    passed    100.00%
  42  DE704-white|Cluster-52186.0__TRINITY_DN3017_c0_g1_i3.p1         4.92%    passed    100.00%
  43  DE152|Cluster-45856.1__TRINITY_DN2297_c0_g1_i4.p1               5.46%    passed    100.00%
  44  DRR082660|Cluster-41801.0__TRINITY_DN7062_c0_g1_i6.p1           0.00%    passed    100.00%
  45  DE541|Cluster-25180.0__TRINITY_DN1109_c0_g1_i4.p1               0.00%    passed    100.00%
  46  DE503|Cluster-42990.0__TRINITY_DN3291_c0_g1_i10.p1              0.00%    passed    100.00%
  47  SRR3407092|Cluster-18230.0__TRINITY_DN4976_c0_g1_i2.p1         26.23%    passed    100.00%
  48  DE510|Cluster-37903.0__TRINITY_DN20562_c0_g1_i4.p1              0.00%    passed    100.00%
  49  SRR3407094|Cluster-20215.0__TRINITY_DN44223_c0_g1_i1.p1         0.00%    passed    100.00%
  50  SRR3407093|Cluster-443.0__TRINITY_DN2425_c0_g1_i1.p1            0.00%    passed    100.00%
  51  SRR3424066|Cluster-9921.0__TRINITY_DN7360_c0_g1_i1.p1           0.00%    passed    100.00%
  52  SRR3407086|Cluster-17450.0__TRINITY_DN5149_c0_g1_i2.p1          0.00%    passed    100.00%
  53  SRR3407088|Cluster-13873.0__TRINITY_DN5305_c1_g2_i1.p1          0.00%    passed    100.00%
  54  SRR3407096|Cluster-11038.0__TRINITY_DN11343_c0_g1_i2.p1         1.37%    passed    100.00%
  55  SRR3407095|Cluster-31758.0__TRINITY_DN3298_c0_g1_i2.p1         21.86%    passed    100.00%
  56  DE69|Cluster-20629.6__TRINITY_DN2190_c0_g1_i9.p1                0.00%    passed    100.00%
  57  JJ131|Cluster-56071.4__TRINITY_DN2831_c0_g1_i8.p1               0.82%    passed    100.00%
  58  DE216|Cluster-44526.1__TRINITY_DN107_c0_g1_i31.p1               0.00%    passed    100.00%
  59  DE534|Cluster-49933.1__TRINITY_DN1589_c0_g1_i4.p1               0.00%    passed    100.00%
  60  JJ109|Cluster-40568.3__TRINITY_DN6128_c0_g2_i4.p1               0.00%    passed    100.00%
  61  JJ130|Cluster-25657.0__TRINITY_DN34545_c0_g1_i1.p1              0.00%    passed    100.00%
  62  DE173|Cluster-56567.0__TRINITY_DN2924_c0_g1_i37.p1             51.91%    passed     99.98%
  63  DE189|Cluster-28515.0__TRINITY_DN1683_c5_g1_i1.p1               0.00%    passed    100.00%
  64  DE737|Cluster-50480.0__TRINITY_DN7748_c0_g1_i23.p1             17.21%    passed    100.00%
  65  DE531|Cluster-47150.0__TRINITY_DN201_c0_g1_i1.p1               51.91%    passed     99.82%
  66  DE696-dots|Cluster-55159.0__TRINITY_DN252_c1_g1_i2.p1           0.00%    passed    100.00%
  67  JJ36|Cluster-28780.1__TRINITY_DN3603_c0_g1_i2.p1                0.00%    passed    100.00%
  68  DE696-nodots|Cluster-55077.0__TRINITY_DN2257_c0_g2_i1.p1       21.31%    passed    100.00%
  69  DE519|Cluster-76357.1__TRINITY_DN7325_c0_g1_i9.p1               0.00%    passed    100.00%
WARNING: 2 sequences contain more than 50% gaps/ambiguity
****  TOTAL                                                          12.58%  0 sequences failed composition chi2 test (p-value<5%; df=60)
Reading input tree file tmp.csubst.nwk ... rooted tree

NOTE: 55 MB RAM (0 GB) is required!
Measuring multi-threading efficiency up to 1 CPU cores
2 trees examined
Threads: 1 / Time: 3.510 sec / Speedup: 1.000 / Efficiency: 100% / LogL: -16856
BEST NUMBER OF THREADS: 1

Estimate model parameters (epsilon = 0.010)
1. Initial log-likelihood: -14739.007
2. Current log-likelihood: -12468.403
3. Current log-likelihood: -12448.563
4. Current log-likelihood: -12448.454
5. Current log-likelihood: -12448.416
6. Current log-likelihood: -12448.402
Optimal log-likelihood: -12448.397
Nonsynonymous/synonymous ratio (omega): 1.000
Transition/transversion ratio (kappa): 1.000
Site proportion and rates:  (0.525,0.334) (0.283,0.993) (0.147,2.133) (0.046,5.054)
Parameters optimization took 6 rounds (56.140 sec)
Wrote distance file to... 
BEST SCORE FOUND : -12448.397
Ancestral state probabilities printed to /mnt/data0/yue/2026-03-11-protein-convergence/results/OG_5522/csubst_w_s/csubst_input_alignment.fa.state
Empirical proportions for each category: 0.557 0.262 0.134 0.046
Site rates printed to /mnt/data0/yue/2026-03-11-protein-convergence/results/OG_5522/csubst_w_s/csubst_input_alignment.fa.rate
Total tree length: 7.409

Total number of iterations: 0
CPU time used for tree search: 0.000 sec (0h:0m:0s)
Wall-clock time used for tree search: 0.000 sec (0h:0m:0s)
Total CPU time used: 61.323 sec (0h:1m:1s)
Total wall-clock time used: 61.562 sec (0h:1m:1s)

Analysis results written to: 
  IQ-TREE report:                /mnt/data0/yue/2026-03-11-protein-convergence/results/OG_5522/csubst_w_s/csubst_input_alignment.fa.iqtree
  Maximum-likelihood tree:       /mnt/data0/yue/2026-03-11-protein-convergence/results/OG_5522/csubst_w_s/csubst_input_alignment.fa.treefile
  Site-specific rates:           /mnt/data0/yue/2026-03-11-protein-convergence/results/OG_5522/csubst_w_s/csubst_input_alignment.fa.rate
  Ancestral state:               /mnt/data0/yue/2026-03-11-protein-convergence/results/OG_5522/csubst_w_s/csubst_input_alignment.fa.state
  Screen log file:               /mnt/data0/yue/2026-03-11-protein-convergence/results/OG_5522/csubst_w_s/csubst_input_alignment.fa.log

Date and Time: Fri Mar 27 18:20:58 2026
