IQ-TREE multicore version 2.4.0 for Linux x86 64-bit built Feb 12 2025
Developed by Bui Quang Minh, Nguyen Lam Tung, Olga Chernomor, Heiko Schmidt,
Dominik Schrempf, Michael Woodhams, Ly Trong Nhan, Thomas Wong

Host:    brain (AVX2, FMA3, 2015 GB RAM)
Command: /home/yue/miniconda3/envs/py39/bin/iqtree -s /mnt/data0/yue/2026-03-11-protein-convergence/results/OG_8187/csubst_w_s/csubst_input_alignment.fa -te tmp.csubst.nwk -m ECMK07+F+R4 --seqtype CODON1 --threads-max 1 -T AUTO --ancestral --rate --redo
Seed:    478004 (Using SPRNG - Scalable Parallel Random Number Generator)
Time:    Sat Mar 28 02:49:17 2026
Kernel:  AVX+FMA - auto-detect threads (128 CPU cores detected)

Reading alignment file /mnt/data0/yue/2026-03-11-protein-convergence/results/OG_8187/csubst_w_s/csubst_input_alignment.fa ... Fasta format detected
Reading fasta file: done in 0.000794888 secs
Alignment most likely contains DNA/RNA sequences
Converting to codon sequences with genetic code 1 ...
Alignment has 63 sequences with 227 columns, 224 distinct patterns
117 parsimony-informative, 68 singleton sites, 42 constant sites
                                                          Gap/Ambiguity  Composition  p-value
Analyzing sequences: done in 3.78788e-05 secs using 97.68% CPU
   1  SRR3407093|Cluster-40072.1__TRINITY_DN13128_c0_g1_i1.p1    23.79%    passed    100.00%
   2  DE737|Cluster-47230.1__TRINITY_DN6041_c0_g1_i5.p1           0.00%    passed    100.00%
   3  DE164|Cluster-60431.0__TRINITY_DN16799_c0_g1_i13.p1         0.00%    passed    100.00%
   4  DE541|Cluster-35672.0__TRINITY_DN26918_c0_g1_i1.p1          0.00%    passed    100.00%
   5  DE549|Cluster-18904.3__TRINITY_DN14690_c0_g1_i6.p1         37.44%    passed    100.00%
   6  DE550|Cluster-50500.0__TRINITY_DN514_c0_g1_i14.p1          18.94%    passed    100.00%
   7  JJ89|Cluster-40776.0__TRINITY_DN8792_c0_g1_i1.p1           37.44%    passed    100.00%
   8  DE531|Cluster-15008.0__TRINITY_DN6775_c0_g1_i2.p1           0.00%    passed    100.00%
   9  DE696-dots|Cluster-18380.0__TRINITY_DN2329_c1_g1_i3.p1      7.93%    passed    100.00%
  10  JJ130|Cluster-21148.0__TRINITY_DN16496_c0_g1_i1.p1          0.00%    passed    100.00%
  11  DE643|Cluster-11195.1__TRINITY_DN12416_c0_g1_i2.p1          0.00%    passed    100.00%
  12  DE671|Cluster-47863.0__TRINITY_DN15337_c0_g1_i4.p1         10.57%    passed    100.00%
  13  JJ109|Cluster-16755.0__TRINITY_DN12774_c3_g1_i8.p1          0.00%    passed    100.00%
  14  DE88|Cluster-33388.0__TRINITY_DN73529_c0_g1_i1.p1           0.00%    passed    100.00%
  15  DE151|Cluster-49989.0__TRINITY_DN51139_c0_g1_i1.p1          0.00%    passed    100.00%
  16  DE189|Cluster-26579.0__TRINITY_DN8169_c0_g1_i3.p1          18.94%    passed    100.00%
  17  DE696-nodots|Cluster-59432.0__TRINITY_DN3703_c1_g1_i9.p1   37.44%    passed     99.99%
  18  DE509|Cluster-35791.0__TRINITY_DN53795_c0_g1_i1.p1          1.32%    passed    100.00%
  19  DE736|Cluster-22168.0__TRINITY_DN142456_c0_g1_i1.p1         0.00%    passed    100.00%
  20  DE504|Cluster-14501.0__TRINITY_DN15871_c1_g1_i1.p1          0.00%    passed    100.00%
  21  JJ131|Cluster-60629.4__TRINITY_DN25044_c0_g1_i38.p1        11.45%    passed     81.03%
  22  DE126|Cluster-42080.0__TRINITY_DN935_c1_g1_i1.p1           24.23%    passed     99.87%
  23  DE623|Cluster-50041.1__TRINITY_DN3181_c0_g1_i8.p1           5.73%    passed    100.00%
  24  DE765|Cluster-50995.0__TRINITY_DN1682_c0_g1_i9.p1          41.41%    passed     80.89%
  25  JJ85|Cluster-19212.0__TRINITY_DN5468_c0_g1_i2.p1           22.47%    passed    100.00%
  26  DE672|Cluster-57336.0__TRINITY_DN16904_c0_g1_i10.p1        22.47%    passed    100.00%
  27  DE534|Cluster-54264.2__TRINITY_DN2530_c0_g1_i55.p1         11.01%    passed    100.00%
  28  DRR082660|Cluster-42104.0__TRINITY_DN39448_c0_g1_i2.p1     15.42%    passed    100.00%
  29  DE566|Cluster-56592.1__TRINITY_DN6253_c0_g1_i10.p1         28.19%    passed     20.09%
  30  DE173|Cluster-43349.0__TRINITY_DN16514_c0_g1_i5.p1         22.47%    passed    100.00%
  31  DE764|Cluster-47736.1__TRINITY_DN3601_c0_g1_i5.p1          41.41%    passed     99.87%
  32  DE681|Cluster-53912.2__TRINITY_DN2229_c0_g1_i20.p1          0.00%    passed    100.00%
  33  JJ36|Cluster-28690.0__TRINITY_DN3287_c0_g1_i1.p1            7.93%    passed    100.00%
  34  DE476|Cluster-40632.0__TRINITY_DN22083_c0_g1_i2.p1          0.00%    passed    100.00%
  35  DE216|Cluster-63801.1__TRINITY_DN13939_c0_g1_i5.p1          2.20%    passed    100.00%
  36  JJ15|Cluster-33991.1__TRINITY_DN14190_c0_g1_i4.p1           2.20%    passed    100.00%
  37  DE542|Cluster-39877.0__TRINITY_DN7880_c0_g1_i3.p1           9.69%    passed    100.00%
  38  DE181|Cluster-36371.0__TRINITY_DN8420_c0_g1_i10.p1          7.93%    passed    100.00%
  39  DE505|Cluster-46708.0__TRINITY_DN13318_c0_g1_i3.p1          0.00%    passed    100.00%
  40  DE510|Cluster-13142.0__TRINITY_DN14936_c0_g1_i3.p1          0.00%    passed    100.00%
  41  SRR3407087|Cluster-18211.0__TRINITY_DN5170_c0_g1_i2.p1      7.49%    passed    100.00%
  42  SRR3407086|Cluster-42540.0__TRINITY_DN9370_c0_g1_i7.p1     10.13%    passed    100.00%
  43  SRR3407088|Cluster-20927.1__TRINITY_DN7248_c0_g1_i2.p1      0.00%    passed    100.00%
  44  SRR3407095|Cluster-46251.1__TRINITY_DN9223_c0_g3_i1.p1      3.96%    passed    100.00%
  45  DE69|Cluster-54508.1__TRINITY_DN12260_c0_g1_i8.p1           3.96%    passed    100.00%
  46  SRR3407092|Cluster-14429.0__TRINITY_DN9933_c0_g1_i2.p1      0.00%    passed    100.00%
  47  DE523|Cluster-42695.1__TRINITY_DN11369_c0_g1_i7.p1          7.93%    passed    100.00%
  48  DE503|Cluster-30959.0__TRINITY_DN42110_c0_g1_i1.p1          0.00%    passed    100.00%
  49  SRR3424066|Cluster-23645.0__TRINITY_DN5568_c0_g1_i6.p1     10.57%    passed    100.00%
  50  DE561|Cluster-47902.0__TRINITY_DN21833_c0_g2_i9.p1         37.44%    passed    100.00%
  51  SRR3407094|Cluster-35862.0__TRINITY_DN7910_c0_g1_i2.p1      0.44%    passed    100.00%
  52  SRR3407096|Cluster-33373.1__TRINITY_DN22003_c0_g1_i8.p1     8.81%    passed    100.00%
  53  DE152|Cluster-28525.0__TRINITY_DN9561_c0_g1_i3.p1           7.93%    passed    100.00%
  54  SRR11748982|Cluster-28622.0__TRINITY_DN4835_c0_g2_i1.p1    26.87%    passed     48.90%
  55  DE115|Cluster-27638.0__TRINITY_DN964_c0_g2_i10.p1          37.44%    passed     99.99%
  56  DE704-purple|Cluster-62031.0__TRINITY_DN8235_c0_g1_i5.p1    2.20%    passed    100.00%
  57  DE563|Cluster-50707.0__TRINITY_DN1573_c0_g1_i4.p1          37.44%    passed    100.00%
  58  DE680|Cluster-41309.0__TRINITY_DN6717_c0_g1_i2.p1          37.44%    passed     99.99%
  59  DE704-white|Cluster-66264.0__TRINITY_DN19907_c0_g1_i2.p1   18.94%    passed    100.00%
  60  DE162|Cluster-48883.1__TRINITY_DN5259_c0_g1_i8.p1          37.44%    passed    100.00%
  61  DE528|Cluster-54891.1__TRINITY_DN8356_c0_g1_i3.p1          37.44%    passed    100.00%
  62  DE741|Cluster-55384.0__TRINITY_DN2124_c0_g1_i4.p1          37.44%    passed    100.00%
  63  DE507|Cluster-16536.0__TRINITY_DN38555_c0_g1_i1.p1          0.00%    passed     94.58%
****  TOTAL                                                      13.36%  0 sequences failed composition chi2 test (p-value<5%; df=60)
Reading input tree file tmp.csubst.nwk ... rooted tree

NOTE: 34 MB RAM (0 GB) is required!
Measuring multi-threading efficiency up to 1 CPU cores
2 trees examined
Threads: 1 / Time: 2.048 sec / Speedup: 1.000 / Efficiency: 100% / LogL: -7606
BEST NUMBER OF THREADS: 1

Estimate model parameters (epsilon = 0.010)
1. Initial log-likelihood: -6592.680
2. Current log-likelihood: -5014.132
3. Current log-likelihood: -5014.071
4. Current log-likelihood: -5014.034
5. Current log-likelihood: -5014.006
6. Current log-likelihood: -5013.985
7. Current log-likelihood: -5013.969
8. Current log-likelihood: -5013.957
Optimal log-likelihood: -5013.949
Nonsynonymous/synonymous ratio (omega): 1.000
Transition/transversion ratio (kappa): 1.000
Site proportion and rates:  (0.533,0.376) (0.346,1.028) (0.073,2.322) (0.048,5.745)
Parameters optimization took 8 rounds (40.909 sec)
Wrote distance file to... 
BEST SCORE FOUND : -5013.949
Ancestral state probabilities printed to /mnt/data0/yue/2026-03-11-protein-convergence/results/OG_8187/csubst_w_s/csubst_input_alignment.fa.state
Empirical proportions for each category: 0.551 0.361 0.040 0.048
Site rates printed to /mnt/data0/yue/2026-03-11-protein-convergence/results/OG_8187/csubst_w_s/csubst_input_alignment.fa.rate
Total tree length: 4.464

Total number of iterations: 0
CPU time used for tree search: 0.000 sec (0h:0m:0s)
Wall-clock time used for tree search: 0.000 sec (0h:0m:0s)
Total CPU time used: 43.806 sec (0h:0m:43s)
Total wall-clock time used: 44.016 sec (0h:0m:44s)

Analysis results written to: 
  IQ-TREE report:                /mnt/data0/yue/2026-03-11-protein-convergence/results/OG_8187/csubst_w_s/csubst_input_alignment.fa.iqtree
  Maximum-likelihood tree:       /mnt/data0/yue/2026-03-11-protein-convergence/results/OG_8187/csubst_w_s/csubst_input_alignment.fa.treefile
  Site-specific rates:           /mnt/data0/yue/2026-03-11-protein-convergence/results/OG_8187/csubst_w_s/csubst_input_alignment.fa.rate
  Ancestral state:               /mnt/data0/yue/2026-03-11-protein-convergence/results/OG_8187/csubst_w_s/csubst_input_alignment.fa.state
  Screen log file:               /mnt/data0/yue/2026-03-11-protein-convergence/results/OG_8187/csubst_w_s/csubst_input_alignment.fa.log

Date and Time: Sat Mar 28 02:50:01 2026
