IQ-TREE multicore version 2.4.0 for Linux x86 64-bit built Feb 12 2025
Developed by Bui Quang Minh, Nguyen Lam Tung, Olga Chernomor, Heiko Schmidt,
Dominik Schrempf, Michael Woodhams, Ly Trong Nhan, Thomas Wong

Host:    brain (AVX2, FMA3, 2015 GB RAM)
Command: /home/yue/miniconda3/envs/py39/bin/iqtree -s /mnt/data0/yue/2026-03-11-protein-convergence/results/OG_5058/csubst_w_s/csubst_input_alignment.fa -te tmp.csubst.nwk -m ECMK07+F+R4 --seqtype CODON1 --threads-max 1 -T AUTO --ancestral --rate --redo
Seed:    778837 (Using SPRNG - Scalable Parallel Random Number Generator)
Time:    Fri Mar 27 16:21:51 2026
Kernel:  AVX+FMA - auto-detect threads (128 CPU cores detected)

Reading alignment file /mnt/data0/yue/2026-03-11-protein-convergence/results/OG_5058/csubst_w_s/csubst_input_alignment.fa ... Fasta format detected
Reading fasta file: done in 0.00612287 secs using 29.1% CPU
Alignment most likely contains DNA/RNA sequences
Converting to codon sequences with genetic code 1 ...
Alignment has 76 sequences with 951 columns, 923 distinct patterns
553 parsimony-informative, 240 singleton sites, 158 constant sites
                                                              Gap/Ambiguity  Composition  p-value
Analyzing sequences: done in 0.000304401 secs using 99.21% CPU
   1  DE126|Cluster-7634.0__TRINITY_DN65941_c0_g1_i1.p1               7.36%    passed    100.00%
   2  DE668|Cluster-17231.0__TRINITY_DN2544_c0_g1_i15.p1              5.68%    passed    100.00%
   3  DE681|Cluster-29639.0__TRINITY_DN72_c0_g6_i1.p1                47.84%    passed     98.79%
   4  DE162|Cluster-39059.2__TRINITY_DN1475_c0_g1_i45.p1             28.08%    passed     99.97%
   5  DE704-white|Cluster-64707.0__TRINITY_DN31634_c0_g3_i3.p1       12.30%    passed    100.00%
   6  DE528|Cluster-44391.0__TRINITY_DN1873_c0_g1_i4.p1              12.09%    passed     99.90%
   7  DE115|Cluster-30182.0__TRINITY_DN2837_c0_g1_i4.p1              26.18%    passed    100.00%
   8  JJ86|Cluster-3571.0__TRINITY_DN2892_c2_g1_i1.p1                 6.10%    passed    100.00%
   9  DE741|Cluster-48596.0__TRINITY_DN10020_c0_g1_i1.p1              7.99%    passed    100.00%
  10  DE704-purple|Cluster-29514.0__TRINITY_DN12339_c0_g1_i1.p1      36.38%    passed     97.56%
  11  DE554|Cluster-39731.1__TRINITY_DN7320_c0_g1_i4.p1               3.58%    passed    100.00%
  12  DE666|Cluster-36511.0__TRINITY_DN1235_c7_g1_i2.p1              29.86%    passed     99.99%
  13  DE643|Cluster-68556.1__TRINITY_DN4807_c1_g1_i10.p1             43.85%    passed     99.51%
  14  DE560|Cluster-17587.0__TRINITY_DN2570_c1_g1_i3.p1               7.26%    passed    100.00%
  15  JJ125|Cluster-17477.0__TRINITY_DN8582_c0_g1_i3.p1               1.37%    passed    100.00%
  16  JJ15|Cluster-16853.0__TRINITY_DN613_c3_g1_i4.p1                 1.47%    passed    100.00%
  17  DE536|Cluster-42025.0__TRINITY_DN4639_c0_g1_i6.p1               0.32%    passed    100.00%
  18  DE173|Cluster-6528.0__TRINITY_DN6354_c0_g1_i2.p1                4.31%    passed    100.00%
  19  DE764|Cluster-42352.0__TRINITY_DN1770_c1_g1_i2.p1               3.89%    passed    100.00%
  20  DE531|Cluster-25692.0__TRINITY_DN2041_c2_g1_i1.p1               3.79%    passed    100.00%
  21  DE152|Cluster-46487.240__TRINITY_DN686_c0_g1_i4.p1              6.62%    passed    100.00%
  22  JJ99|Cluster-37339.0__TRINITY_DN9647_c0_g1_i2.p1                6.41%    passed    100.00%
  23  DE566|Cluster-40238.2__TRINITY_DN5830_c0_g1_i4.p1               7.36%    passed    100.00%
  24  JJ131|Cluster-58833.0__TRINITY_DN3215_c0_g1_i1.p1               7.26%    passed    100.00%
  25  DE765|Cluster-10855.0__TRINITY_DN794_c0_g1_i1.p1                5.26%    passed    100.00%
  26  DE181|Cluster-58941.0__TRINITY_DN4244_c0_g1_i5.p1               8.94%    passed    100.00%
  27  SRR3407086|Cluster-41679.0__TRINITY_DN9467_c1_g1_i1.p1          8.94%    passed    100.00%
  28  SRR3407095|Cluster-43399.0__TRINITY_DN2586_c0_g1_i1.p1         11.04%    passed    100.00%
  29  DE69|Cluster-43463.0__TRINITY_DN8623_c0_g1_i1.p1               11.57%    passed    100.00%
  30  DE164|Cluster-57695.0__TRINITY_DN16009_c0_g3_i1.p1              9.57%    passed    100.00%
  31  DE671|Cluster-32228.0__TRINITY_DN13465_c1_g4_i1.p1              9.25%    passed    100.00%
  32  DE623|Cluster-52186.0__TRINITY_DN11152_c0_g1_i3.p1              5.15%    passed    100.00%
  33  DE680|Cluster-47042.0__TRINITY_DN1450_c0_g1_i2.p1               5.15%    passed    100.00%
  34  DE672|Cluster-25636.0__TRINITY_DN42828_c0_g1_i1.p1              7.26%    passed    100.00%
  35  DE737|Cluster-44327.0__TRINITY_DN1355_c1_g1_i2.p1               5.26%    passed    100.00%
  36  DE546_urceolata_l|Cluster-2813.0__TRINITY_DN8078_c0_g1_i1.p1    7.26%    passed    100.00%
  37  DE151|Cluster-56705.0__TRINITY_DN9007_c0_g1_i1.p1               3.68%    passed    100.00%
  38  JJ109|Cluster-19615.6__TRINITY_DN2104_c0_g1_i23.p1              3.79%    passed    100.00%
  39  DE189|Cluster-24862.0__TRINITY_DN10086_c0_g2_i1.p1              5.47%    passed    100.00%
  40  JJ130|Cluster-45083.99__TRINITY_DN3618_c0_g2_i3.p1              3.68%    passed    100.00%
  41  DE88|Cluster-2819.0__TRINITY_DN6007_c0_g2_i1.p1                 3.68%    passed    100.00%
  42  DE504|Cluster-56747.0__TRINITY_DN2280_c0_g3_i2.p1               4.31%    passed    100.00%
  43  DE509|Cluster-25875.0__TRINITY_DN932_c0_g1_i2.p1                3.68%    passed    100.00%
  44  DE736|Cluster-60968.8__TRINITY_DN10432_c0_g1_i1.p1              5.26%    passed    100.00%
  45  JJ89|Cluster-2017.0__TRINITY_DN10667_c3_g1_i1.p1                3.68%    passed    100.00%
  46  DE549|Cluster-52844.0__TRINITY_DN2380_c0_g1_i8.p1               3.68%    passed    100.00%
  47  DE550|Cluster-8031.0__TRINITY_DN1847_c0_g1_i2.p1                4.10%    passed    100.00%
  48  DE476|Cluster-58755.0__TRINITY_DN16675_c0_g1_i1.p1              3.68%    passed    100.00%
  49  DE541|Cluster-47418.0__TRINITY_DN12178_c1_g1_i1.p1              3.68%    passed    100.00%
  50  DE696-dots|Cluster-57780.0__TRINITY_DN3429_c2_g1_i4.p1          3.79%    passed    100.00%
  51  DE696-nodots|Cluster-63546.0__TRINITY_DN32386_c0_g1_i1.p1       3.79%    passed    100.00%
  52  JJ36|Cluster-3035.0__TRINITY_DN6463_c2_g1_i1.p1                 3.79%    passed    100.00%
  53  DE563|Cluster-14448.0__TRINITY_DN3908_c1_g1_i1.p1               5.68%    passed    100.00%
  54  JJ23|Cluster-16668.0__TRINITY_DN4601_c0_g1_i28.p1              31.55%    passed     99.98%
  55  DE127|Cluster-45940.0__TRINITY_DN3993_c1_g1_i35.p1             39.12%    passed     99.95%
  56  DE519|Cluster-75573.0__TRINITY_DN16360_c0_g1_i1.p1              7.68%    passed    100.00%
  57  DE561|Cluster-36555.0__TRINITY_DN6541_c2_g1_i1.p1               8.31%    passed    100.00%
  58  SRR3424066|Cluster-1255.0__TRINITY_DN36365_c0_g1_i1.p1          8.31%    passed    100.00%
  59  SRR3407088|Cluster-26592.0__TRINITY_DN4962_c1_g2_i2.p1          8.10%    passed    100.00%
  60  DE503|Cluster-61927.0__TRINITY_DN4810_c0_g1_i10.p1             26.92%    passed    100.00%
  61  DE505|Cluster-49622.0__TRINITY_DN15316_c0_g2_i2.p1              8.31%    passed    100.00%
  62  DE510|Cluster-39674.0__TRINITY_DN16984_c0_g2_i2.p1              8.41%    passed    100.00%
  63  SRR3407087|Cluster-14270.0__TRINITY_DN4050_c1_g1_i2.p1          8.41%    passed    100.00%
  64  SRR3407092|Cluster-4248.0__TRINITY_DN8001_c0_g1_i1.p1           8.52%    passed    100.00%
  65  SRR3407094|Cluster-14794.0__TRINITY_DN5790_c2_g1_i1.p1          8.73%    passed    100.00%
  66  SRR3407093|Cluster-17394.0__TRINITY_DN2263_c0_g1_i1.p1          8.52%    passed    100.00%
  67  DE523|Cluster-46040.38__TRINITY_DN1225_c0_g1_i1.p1             26.50%    passed    100.00%
  68  SRR3407096|Cluster-24837.0__TRINITY_DN1579_c0_g1_i1.p1          7.57%    passed    100.00%
  69  JJ85|Cluster-11535.0__TRINITY_DN407_c0_g1_i2.p1                27.13%    passed    100.00%
  70  DE229|Cluster-48998.16__TRINITY_DN8139_c2_g1_i3.p1              5.36%    passed    100.00%
  71  JJ74|Cluster-127642.0__TRINITY_DN27006_c1_g1_i3.p1              0.63%    passed    100.00%
  72  DE216|Cluster-65994.0__TRINITY_DN7816_c0_g1_i1.p1               0.21%    passed    100.00%
  73  DE534|Cluster-77334.1__TRINITY_DN3361_c0_g1_i2.p1               9.46%    passed    100.00%
  74  DE542|Cluster-63984.0__TRINITY_DN4995_c0_g1_i14.p1              0.11%    passed    100.00%
  75  DE507|Cluster-14039.2__TRINITY_DN2910_c0_g1_i14.p1             42.17%    passed     81.75%
  76  JJ23|Cluster-45430.1__TRINITY_DN4601_c0_g2_i5.p1               66.46%    failed      0.00%
WARNING: 1 sequences contain more than 50% gaps/ambiguity
****  TOTAL                                                          11.16%  1 sequences failed composition chi2 test (p-value<5%; df=60)
Reading input tree file tmp.csubst.nwk ... rooted tree

NOTE: 140 MB RAM (0 GB) is required!
Measuring multi-threading efficiency up to 1 CPU cores
2 trees examined
Threads: 1 / Time: 7.463 sec / Speedup: 1.000 / Efficiency: 100% / LogL: -39221
BEST NUMBER OF THREADS: 1

Estimate model parameters (epsilon = 0.010)
1. Initial log-likelihood: -33780.253
2. Current log-likelihood: -22980.578
3. Current log-likelihood: -22980.287
4. Current log-likelihood: -22980.164
5. Current log-likelihood: -22980.080
6. Current log-likelihood: -22980.014
7. Current log-likelihood: -22979.961
8. Current log-likelihood: -22979.917
9. Current log-likelihood: -22979.880
10. Current log-likelihood: -22979.850
11. Current log-likelihood: -22979.826
12. Current log-likelihood: -22979.807
13. Current log-likelihood: -22979.791
14. Current log-likelihood: -22979.779
Optimal log-likelihood: -22979.770
Nonsynonymous/synonymous ratio (omega): 1.000
Transition/transversion ratio (kappa): 1.000
Site proportion and rates:  (0.593,0.446) (0.307,1.404) (0.090,2.985) (0.010,3.589)
Parameters optimization took 14 rounds (425.983 sec)
Wrote distance file to... 
BEST SCORE FOUND : -22979.770
Ancestral state probabilities printed to /mnt/data0/yue/2026-03-11-protein-convergence/results/OG_5058/csubst_w_s/csubst_input_alignment.fa.state
Empirical proportions for each category: 0.628 0.291 0.081 0.000
Site rates printed to /mnt/data0/yue/2026-03-11-protein-convergence/results/OG_5058/csubst_w_s/csubst_input_alignment.fa.rate
Total tree length: 4.316

Total number of iterations: 0
CPU time used for tree search: 0.000 sec (0h:0m:0s)
Wall-clock time used for tree search: 0.000 sec (0h:0m:0s)
Total CPU time used: 432.843 sec (0h:7m:12s)
Total wall-clock time used: 439.919 sec (0h:7m:19s)

Analysis results written to: 
  IQ-TREE report:                /mnt/data0/yue/2026-03-11-protein-convergence/results/OG_5058/csubst_w_s/csubst_input_alignment.fa.iqtree
  Maximum-likelihood tree:       /mnt/data0/yue/2026-03-11-protein-convergence/results/OG_5058/csubst_w_s/csubst_input_alignment.fa.treefile
  Site-specific rates:           /mnt/data0/yue/2026-03-11-protein-convergence/results/OG_5058/csubst_w_s/csubst_input_alignment.fa.rate
  Ancestral state:               /mnt/data0/yue/2026-03-11-protein-convergence/results/OG_5058/csubst_w_s/csubst_input_alignment.fa.state
  Screen log file:               /mnt/data0/yue/2026-03-11-protein-convergence/results/OG_5058/csubst_w_s/csubst_input_alignment.fa.log

Date and Time: Fri Mar 27 16:29:11 2026
