IQ-TREE multicore version 2.4.0 for Linux x86 64-bit built Feb 12 2025
Developed by Bui Quang Minh, Nguyen Lam Tung, Olga Chernomor, Heiko Schmidt,
Dominik Schrempf, Michael Woodhams, Ly Trong Nhan, Thomas Wong

Host:    brain (AVX2, FMA3, 2015 GB RAM)
Command: /home/yue/miniconda3/envs/py39/bin/iqtree -s /mnt/data0/yue/2026-03-11-protein-convergence/results/OG_185/csubst_w_s/csubst_input_alignment.fa -te tmp.csubst.nwk -m ECMK07+F+R4 --seqtype CODON1 --threads-max 1 -T AUTO --ancestral --rate --redo
Seed:    682663 (Using SPRNG - Scalable Parallel Random Number Generator)
Time:    Fri Mar 27 01:42:21 2026
Kernel:  AVX+FMA - auto-detect threads (128 CPU cores detected)

Reading alignment file /mnt/data0/yue/2026-03-11-protein-convergence/results/OG_185/csubst_w_s/csubst_input_alignment.fa ... Fasta format detected
Reading fasta file: done in 0.00684421 secs using 96.93% CPU
Alignment most likely contains DNA/RNA sequences
Converting to codon sequences with genetic code 1 ...
Alignment has 130 sequences with 1109 columns, 1103 distinct patterns
885 parsimony-informative, 148 singleton sites, 76 constant sites
                                                               Gap/Ambiguity  Composition  p-value
Analyzing sequences: done in 0.000331044 secs using 99.99% CPU
   1  SRR11934227|Cluster-150016.0__TRINITY_DN30466_c0_g1_i3.p1        2.71%    passed     91.07%
   2  DE115|Cluster-28767.0__TRINITY_DN317_c1_g3_i1.p1                 0.09%    passed     99.83%
   3  JJ74|Cluster-82068.1__TRINITY_DN4401_c0_g2_i5.p1                 3.70%    passed    100.00%
   4  SRR3407095|Cluster-22829.3__TRINITY_DN1481_c0_g1_i12.p1         20.29%    passed     98.70%
   5  DE561|Cluster-44393.0__TRINITY_DN2088_c0_g1_i4.p1                0.00%    passed    100.00%
   6  JJ86|Cluster-39346.0__TRINITY_DN2058_c0_g1_i4.p1                 0.09%    passed    100.00%
   7  DE681|Cluster-30170.0__TRINITY_DN682_c0_g3_i1.p1                21.64%    passed     99.76%
   8  DE765|Cluster-56991.4__TRINITY_DN739_c0_g1_i5.p1                 4.60%    passed    100.00%
   9  DE189|Cluster-38570.1__TRINITY_DN2300_c0_g1_i9.p1                0.90%    passed     99.83%
  10  DE504|Cluster-26200.0__TRINITY_DN131_c0_g2_i2.p1                 1.71%    passed    100.00%
  11  DE88|Cluster-36689.2__TRINITY_DN1207_c0_g1_i17.p1                0.00%    passed     99.96%
  12  DE671|Cluster-51382.0__TRINITY_DN111_c0_g1_i2.p1                 0.00%    passed     99.99%
  13  DE737|Cluster-39197.0__TRINITY_DN78_c0_g2_i1.p1                  0.36%    passed     99.93%
  14  DE550|Cluster-30977.0__TRINITY_DN2476_c0_g2_i1.p1                0.09%    passed     99.99%
  15  DE696-dots|Cluster-50083.0__TRINITY_DN2046_c0_g2_i2.p1           0.18%    passed    100.00%
  16  DE531|Cluster-45394.0__TRINITY_DN709_c1_g1_i6.p1                40.94%    passed     97.45%
  17  DE509|Cluster-26148.0__TRINITY_DN227_c0_g2_i2.p1                 0.00%    passed    100.00%
  18  JJ23|Cluster-48252.0__TRINITY_DN1923_c0_g1_i1.p1                 0.00%    passed    100.00%
  19  JJ99|Cluster-31050.0__TRINITY_DN15952_c0_g1_i4.p1                0.00%    passed     99.97%
  20  DE528|Cluster-15660.0__TRINITY_DN3122_c0_g2_i2.p1                1.71%    passed    100.00%
  21  JJ125|Cluster-19234.0__TRINITY_DN3047_c0_g1_i11.p1               0.81%    passed    100.00%
  22  DRR234970|Cluster-42270.0__TRINITY_DN2662_c0_g2_i1.p1            1.44%    passed     99.99%
  23  JJ131|Cluster-40526.4__TRINITY_DN503_c0_g2_i1.p1                31.47%    passed     97.69%
  24  DE509|Cluster-39307.0__TRINITY_DN227_c0_g3_i4.p1                 0.00%    passed    100.00%
  25  DE764|Cluster-33276.0__TRINITY_DN37_c0_g1_i8.p1                  0.00%    passed    100.00%
  26  JJ109|Cluster-13486.0__TRINITY_DN1041_c0_g3_i1.p1               33.36%    passed     99.98%
  27  JJ74|Cluster-122112.0__TRINITY_DN4401_c0_g1_i3.p1               38.77%    passed     93.86%
  28  DE69|Cluster-53821.0__TRINITY_DN32037_c0_g2_i5.p1                0.27%    passed    100.00%
  29  DE534|Cluster-65377.0__TRINITY_DN14972_c0_g1_i2.p1               9.38%    passed     99.85%
  30  DRR082660|Cluster-36302.0__TRINITY_DN5050_c0_g2_i3.p1            0.09%    passed    100.00%
  31  DE563|Cluster-28169.3__TRINITY_DN866_c0_g2_i1.p1                 0.90%    passed    100.00%
  32  SRR104381|Cluster-30584.1__TRINITY_DN2130_c0_g2_i6.p1            3.07%    passed     99.94%
  33  DRR082665|Cluster-7542.5__TRINITY_DN4500_c0_g1_i8.p1            37.42%    passed     21.49%
  34  DE162|Cluster-45577.0__TRINITY_DN2508_c0_g1_i1.p1                1.98%    passed    100.00%
  35  DE507|Cluster-18533.0__TRINITY_DN33_c0_g1_i2.p1                  1.98%    passed    100.00%
  36  SRR3407095|Cluster-39363.0__TRINITY_DN1481_c0_g2_i2.p1           0.27%    passed    100.00%
  37  DE504|Cluster-33414.0__TRINITY_DN131_c0_g1_i2.p1                 0.00%    passed    100.00%
  38  DE216|Cluster-64149.1__TRINITY_DN1743_c0_g1_i7.p1               33.36%    passed    100.00%
  39  DE542|Cluster-43778.6__TRINITY_DN616_c0_g2_i3.p1                 0.00%    passed    100.00%
  40  JJ15|Cluster-40891.2__TRINITY_DN1855_c0_g1_i6.p1                 0.00%    passed    100.00%
  41  DE575|Cluster-44910.7__TRINITY_DN1017_c0_g2_i16.p1               4.60%    passed    100.00%
  42  DE151|Cluster-29359.0__TRINITY_DN739_c0_g2_i4.p1                 0.90%    passed     99.97%
  43  DE173|Cluster-55803.0__TRINITY_DN531_c0_g1_i2.p1                 0.90%    passed     99.95%
  44  DE162|Cluster-39010.0__TRINITY_DN2508_c0_g2_i1.p1                0.00%    passed     99.98%
  45  DE507|Cluster-66778.0__TRINITY_DN33_c0_g2_i1.p1                  0.00%    passed     99.98%
  46  DE528|Cluster-45879.0__TRINITY_DN3122_c0_g1_i1.p1                0.00%    passed    100.00%
  47  DE546_urceolata_l|Cluster-35432.0__TRINITY_DN1325_c0_g1_i2.p1    0.18%    passed    100.00%
  48  JJ89|Cluster-18179.1__TRINITY_DN174_c0_g2_i1.p1                  0.09%    passed    100.00%
  49  DE189|Cluster-22514.0__TRINITY_DN2300_c0_g2_i1.p1               33.45%    passed     99.99%
  50  JJ23|Cluster-31178.0__TRINITY_DN1923_c0_g2_i1.p1                 0.00%    passed    100.00%
  51  JJ99|Cluster-37540.0__TRINITY_DN15952_c0_g1_i2.p1                0.00%    passed    100.00%
  52  DE536|Cluster-54176.0__TRINITY_DN1561_c0_g2_i8.p1                3.70%    passed     99.99%
  53  DE126|Cluster-21288.13__TRINITY_DN177_c1_g1_i3.p1                0.00%    passed     99.98%
  54  DE127|Cluster-24550.0__TRINITY_DN2209_c0_g1_i5.p1                0.09%    passed     99.93%
  55  DE554|Cluster-61650.8__TRINITY_DN3809_c0_g1_i1.p1                0.09%    passed     99.90%
  56  JJ86|Cluster-47363.0__TRINITY_DN2058_c0_g1_i2.p1                 0.00%    passed     99.96%
  57  DE666|Cluster-26325.3__TRINITY_DN9566_c0_g3_i7.p1                0.00%    passed     99.94%
  58  DE534|Cluster-38489.0__TRINITY_DN14972_c0_g2_i1.p1               0.09%    passed     99.99%
  59  JJ109|Cluster-41520.0__TRINITY_DN1041_c0_g2_i2.p1                0.90%    passed    100.00%
  60  DE704-white|Cluster-28652.0__TRINITY_DN213_c1_g1_i3.p1          22.00%    passed     99.86%
  61  DE672|Cluster-30639.17__TRINITY_DN69_c0_g1_i16.p1                0.00%    passed     99.99%
  62  DE476|Cluster-56328.0__TRINITY_DN2006_c0_g4_i3.p1               33.72%    passed     88.11%
  63  DE151|Cluster-30682.0__TRINITY_DN739_c0_g3_i2.p1                 0.00%    passed    100.00%
  64  DE173|Cluster-19256.0__TRINITY_DN531_c0_g2_i2.p1                 0.00%    passed    100.00%
  65  JJ130|Cluster-13330.0__TRINITY_DN848_c1_g2_i1.p1                31.47%    passed     99.99%
  66  DE696-dots|Cluster-59795.0__TRINITY_DN2046_c0_g1_i3.p1           0.00%    passed    100.00%
  67  DE696-nodots|Cluster-19143.0__TRINITY_DN400_c0_g1_i3.p1          0.00%    passed    100.00%
  68  JJ36|Cluster-44826.0__TRINITY_DN940_c1_g1_i2.p1                  0.00%    passed    100.00%
  69  DE476|Cluster-59461.0__TRINITY_DN2006_c0_g1_i2.p1                0.00%    passed    100.00%
  70  DE550|Cluster-29108.0__TRINITY_DN2476_c0_g1_i2.p1                0.09%    passed    100.00%
  71  DE643|Cluster-12568.0__TRINITY_DN459_c0_g1_i1.p1                 0.00%    passed    100.00%
  72  DE671|Cluster-48419.0__TRINITY_DN111_c0_g2_i4.p1                 0.00%    passed    100.00%
  73  DE736|Cluster-59432.0__TRINITY_DN982_c0_g1_i12.p1                0.00%    passed    100.00%
  74  DE164|Cluster-46278.0__TRINITY_DN2069_c0_g2_i1.p1                0.00%    passed    100.00%
  75  DE549|Cluster-39580.0__TRINITY_DN842_c0_g1_i5.p1                 0.00%    passed    100.00%
  76  DE737|Cluster-49086.0__TRINITY_DN78_c0_g1_i2.p1                 22.27%    passed     99.99%
  77  DE519|Cluster-46186.0__TRINITY_DN15923_c0_g1_i6.p1               0.00%    passed    100.00%
  78  DE741|Cluster-46236.0__TRINITY_DN1161_c0_g1_i1.p1                0.00%    passed     99.99%
  79  DE181|Cluster-41485.0__TRINITY_DN142_c2_g1_i1.p1                20.29%    passed     99.59%
  80  SRR3407086|Cluster-10619.0__TRINITY_DN1094_c0_g2_i1.p1           0.00%    passed     99.93%
  81  DE503|Cluster-62731.0__TRINITY_DN12816_c0_g1_i1.p1               0.45%    passed     99.98%
  82  DE510|Cluster-29267.0__TRINITY_DN4059_c0_g1_i3.p1                0.45%    passed     99.99%
  83  SRR3407092|Cluster-32496.0__TRINITY_DN8566_c0_g2_i2.p1           0.45%    passed     99.95%
  84  SRR3407093|Cluster-9524.0__TRINITY_DN3952_c0_g2_i1.p1            0.45%    passed    100.00%
  85  SRR3407094|Cluster-36248.0__TRINITY_DN13344_c0_g2_i2.p1         15.69%    passed     99.91%
  86  DE505|Cluster-50970.0__TRINITY_DN1613_c0_g2_i2.p1                0.45%    passed     99.98%
  87  DE152|Cluster-19358.0__TRINITY_DN2674_c0_g2_i1.p1                0.00%    passed    100.00%
  88  JJ85|Cluster-42396.0__TRINITY_DN4180_c0_g4_i1.p1                 0.18%    passed     99.98%
  89  DE680|Cluster-44589.2__TRINITY_DN1985_c0_g1_i5.p1                0.90%    passed    100.00%
  90  SRR5150740|Cluster-39261.1__TRINITY_DN4630_c0_g1_i4.p1           1.35%    passed     97.42%
  91  JJ125|Cluster-17462.0__TRINITY_DN3047_c0_g1_i8.p1                7.84%    passed     99.79%
  92  DRR234970|Cluster-41966.0__TRINITY_DN2662_c0_g1_i1.p1            0.36%    passed     99.79%
  93  DE623|Cluster-46647.1__TRINITY_DN949_c0_g1_i4.p1                 0.00%    passed     99.95%
  94  DE536|Cluster-36813.0__TRINITY_DN1561_c0_g1_i2.p1               46.44%    passed     94.34%
  95  DE668|Cluster-43078.1__TRINITY_DN109_c0_g1_i4.p1                 0.00%    passed     99.98%
  96  DE523|Cluster-35148.0__TRINITY_DN73_c0_g2_i2.p1                 45.54%    passed     82.50%
  97  SRR3407096|Cluster-34914.0__TRINITY_DN1613_c0_g3_i2.p1           0.09%    passed    100.00%
  98  DE681|Cluster-25542.0__TRINITY_DN682_c0_g1_i1.p1                13.17%    passed     99.91%
  99  SRR3407088|Cluster-31863.0__TRINITY_DN238_c0_g1_i1.p1            0.00%    passed     99.98%
 100  SRR3424066|Cluster-41442.0__TRINITY_DN5449_c0_g1_i9.p1           0.00%    passed     99.99%
 101  DE181|Cluster-20823.1__TRINITY_DN142_c2_g2_i2.p1                 0.00%    passed     99.99%
 102  SRR3407086|Cluster-41060.0__TRINITY_DN1094_c0_g1_i1.p1           0.00%    passed     99.99%
 103  DE503|Cluster-33041.0__TRINITY_DN6069_c0_g1_i6.p1                0.09%    passed    100.00%
 104  DE510|Cluster-41795.7__TRINITY_DN4059_c0_g2_i3.p1                0.09%    passed    100.00%
 105  SRR3407087|Cluster-11155.1__TRINITY_DN12838_c0_g2_i3.p1          0.09%    passed    100.00%
 106  SRR3407094|Cluster-11231.0__TRINITY_DN13344_c0_g3_i1.p1         31.56%    passed     99.05%
 107  DE505|Cluster-28963.0__TRINITY_DN1613_c0_g1_i5.p1                0.09%    passed    100.00%
 108  SRR3407092|Cluster-33546.0__TRINITY_DN8566_c0_g1_i4.p1          31.74%    passed     99.51%
 109  SRR3407093|Cluster-11546.0__TRINITY_DN3952_c0_g1_i2.p1          31.74%    passed     99.50%
 110  JJ85|Cluster-2506.0__TRINITY_DN4180_c0_g2_i2.p1                  0.00%    passed    100.00%
 111  DE69|Cluster-34814.0__TRINITY_DN32037_c0_g1_i25.p1              37.42%    passed     97.21%
 112  DE523|Cluster-42589.0__TRINITY_DN73_c0_g1_i2.p1                  0.00%    passed    100.00%
 113  SRR3407096|Cluster-4111.0__TRINITY_DN1613_c0_g2_i1.p1            0.00%    passed    100.00%
 114  DE216|Cluster-40716.0__TRINITY_DN1743_c0_g2_i1.p1                0.00%    passed    100.00%
 115  DE668|Cluster-31457.0__TRINITY_DN109_c0_g2_i1.p1                 0.00%    passed    100.00%
 116  DE560|Cluster-44324.17__TRINITY_DN2700_c0_g1_i1.p1               0.72%    passed    100.00%
 117  DE164|Cluster-49344.0__TRINITY_DN2069_c0_g1_i2.p1                0.00%    passed    100.00%
 118  DE643|Cluster-25306.1__TRINITY_DN459_c0_g1_i4.p1                 0.00%    passed    100.00%
 119  DE696-nodots|Cluster-36823.0__TRINITY_DN400_c0_g2_i1.p1          0.09%    passed    100.00%
 120  JJ36|Cluster-8388.0__TRINITY_DN940_c1_g2_i1.p1                   0.09%    passed    100.00%
 121  DE764|Cluster-28094.0__TRINITY_DN37_c0_g1_i3.p1                  1.62%    passed    100.00%
 122  DE541|Cluster-52842.0__TRINITY_DN4101_c0_g1_i12.p1               0.00%    passed    100.00%
 123  DE126|Cluster-13375.0__TRINITY_DN177_c1_g2_i1.p1                 0.00%    passed    100.00%
 124  DE229|Cluster-14146.2__TRINITY_DN7654_c1_g1_i21.p1              39.22%    passed     98.38%
 125  DE152|Cluster-9847.0__TRINITY_DN2674_c0_g3_i1.p1                 5.59%    passed     99.95%
 126  DRR082660|Cluster-44665.0__TRINITY_DN5050_c0_g1_i2.p1           31.56%    passed     99.08%
 127  DE741|Cluster-3156.0__TRINITY_DN1161_c0_g2_i1.p1                 1.26%    passed    100.00%
 128  DE519|Cluster-34408.0__TRINITY_DN15923_c0_g2_i3.p1              31.83%    passed     99.61%
 129  DE566|Cluster-48423.0__TRINITY_DN131_c0_g1_i3.p1                31.47%    passed     95.78%
 130  DRR082665|Cluster-47269.0__TRINITY_DN1748_c0_g1_i3.p1           11.54%    passed     93.49%
****  TOTAL                                                            6.85%  0 sequences failed composition chi2 test (p-value<5%; df=60)
Reading input tree file tmp.csubst.nwk ... rooted tree

NOTE: 283 MB RAM (0 GB) is required!
Measuring multi-threading efficiency up to 1 CPU cores
2 trees examined
Threads: 1 / Time: 15.107 sec / Speedup: 1.000 / Efficiency: 100% / LogL: -123838
BEST NUMBER OF THREADS: 1

Estimate model parameters (epsilon = 0.010)
1. Initial log-likelihood: -64708.091
2. Current log-likelihood: -41703.465
3. Current log-likelihood: -41619.858
4. Current log-likelihood: -41611.061
5. Current log-likelihood: -41610.973
6. Current log-likelihood: -41610.921
7. Current log-likelihood: -41610.889
8. Current log-likelihood: -41610.868
9. Current log-likelihood: -41610.854
Optimal log-likelihood: -41610.846
Nonsynonymous/synonymous ratio (omega): 1.000
Transition/transversion ratio (kappa): 1.000
Site proportion and rates:  (0.489,0.400) (0.378,1.170) (0.115,2.422) (0.018,4.571)
Parameters optimization took 9 rounds (449.174 sec)
Wrote distance file to... 
BEST SCORE FOUND : -41610.846
Ancestral state probabilities printed to /mnt/data0/yue/2026-03-11-protein-convergence/results/OG_185/csubst_w_s/csubst_input_alignment.fa.state
Empirical proportions for each category: 0.501 0.387 0.098 0.014
Site rates printed to /mnt/data0/yue/2026-03-11-protein-convergence/results/OG_185/csubst_w_s/csubst_input_alignment.fa.rate
Total tree length: 8.070

Total number of iterations: 0
CPU time used for tree search: 0.000 sec (0h:0m:0s)
Wall-clock time used for tree search: 0.000 sec (0h:0m:0s)
Total CPU time used: 472.419 sec (0h:7m:52s)
Total wall-clock time used: 474.180 sec (0h:7m:54s)

Analysis results written to: 
  IQ-TREE report:                /mnt/data0/yue/2026-03-11-protein-convergence/results/OG_185/csubst_w_s/csubst_input_alignment.fa.iqtree
  Maximum-likelihood tree:       /mnt/data0/yue/2026-03-11-protein-convergence/results/OG_185/csubst_w_s/csubst_input_alignment.fa.treefile
  Site-specific rates:           /mnt/data0/yue/2026-03-11-protein-convergence/results/OG_185/csubst_w_s/csubst_input_alignment.fa.rate
  Ancestral state:               /mnt/data0/yue/2026-03-11-protein-convergence/results/OG_185/csubst_w_s/csubst_input_alignment.fa.state
  Screen log file:               /mnt/data0/yue/2026-03-11-protein-convergence/results/OG_185/csubst_w_s/csubst_input_alignment.fa.log

Date and Time: Fri Mar 27 01:50:15 2026
