IQ-TREE multicore version 2.4.0 for Linux x86 64-bit built Feb 12 2025
Developed by Bui Quang Minh, Nguyen Lam Tung, Olga Chernomor, Heiko Schmidt,
Dominik Schrempf, Michael Woodhams, Ly Trong Nhan, Thomas Wong

Host:    brain (AVX2, FMA3, 2015 GB RAM)
Command: /home/yue/miniconda3/envs/py39/bin/iqtree -s /mnt/data0/yue/2026-03-11-protein-convergence/results/OG_692/csubst_w_s/csubst_input_alignment.fa -te tmp.csubst.nwk -m ECMK07+F+R4 --seqtype CODON1 --threads-max 1 -T AUTO --ancestral --rate --redo
Seed:    687173 (Using SPRNG - Scalable Parallel Random Number Generator)
Time:    Fri Mar 27 23:08:03 2026
Kernel:  AVX+FMA - auto-detect threads (128 CPU cores detected)

Reading alignment file /mnt/data0/yue/2026-03-11-protein-convergence/results/OG_692/csubst_w_s/csubst_input_alignment.fa ... Fasta format detected
Reading fasta file: done in 0.00130014 secs using 63.53% CPU
Alignment most likely contains DNA/RNA sequences
Converting to codon sequences with genetic code 1 ...
WARNING: 1 sites contain only gaps or ambiguous characters.
Alignment has 48 sequences with 536 columns, 531 distinct patterns
351 parsimony-informative, 112 singleton sites, 73 constant sites
                                                           Gap/Ambiguity  Composition  p-value
Analyzing sequences: done in 6.18398e-05 secs using 98.64% CPU
   1  DE704-purple|Cluster-51845.6__TRINITY_DN4997_c2_g1_i11.p1   23.13%    passed     98.37%
   2  DE164|Cluster-27701.8__TRINITY_DN2955_c1_g1_i12.p1           3.73%    passed    100.00%
   3  DE510|Cluster-41917.1__TRINITY_DN1045_c0_g1_i11.p1          16.60%    passed    100.00%
   4  DE127|Cluster-42485.0__TRINITY_DN8150_c0_g1_i1.p1           43.84%    passed     99.95%
   5  DE115|Cluster-23307.62__TRINITY_DN702_c0_g1_i26.p1          29.66%    passed     96.70%
   6  DE536|Cluster-49981.2__TRINITY_DN2476_c0_g1_i53.p1           2.61%    passed    100.00%
   7  DE69|Cluster-10121.0__TRINITY_DN2326_c0_g1_i1.p1             2.99%    passed    100.00%
   8  DE519|Cluster-36471.4__TRINITY_DN78_c0_g2_i7.p1              7.84%    passed    100.00%
   9  DE560|Cluster-18996.2__TRINITY_DN2633_c0_g1_i12.p1          29.66%    passed     99.71%
  10  DE764|Cluster-43283.0__TRINITY_DN1836_c0_g1_i13.p1           2.43%    passed    100.00%
  11  JJ85|Cluster-35530.0__TRINITY_DN14961_c0_g1_i1.p1           70.52%    passed     99.46%
  12  DE507|Cluster-88509.2__TRINITY_DN603_c0_g1_i35.p1            5.22%    passed     99.82%
  13  JJ23|Cluster-21870.1__TRINITY_DN2810_c0_g1_i9.p1             1.49%    passed    100.00%
  14  DE476|Cluster-19921.1__TRINITY_DN955_c0_g1_i107.p1          44.03%    passed     99.93%
  15  DE541|Cluster-37690.2__TRINITY_DN1061_c1_g1_i12.p1          45.71%    passed     99.77%
  16  DE152|Cluster-58472.0__TRINITY_DN3330_c0_g1_i15.p1          53.92%    passed     91.95%
  17  JJ130|Cluster-38910.6__TRINITY_DN941_c0_g1_i15.p1            1.87%    passed    100.00%
  18  SRR3407094|Cluster-1763.1__TRINITY_DN16688_c1_g2_i5.p1      48.69%    passed     99.56%
  19  JJ74|Cluster-103150.2__TRINITY_DN2944_c0_g1_i6.p1           28.92%    passed     99.94%
  20  JJ130|Cluster-21122.0__TRINITY_DN14881_c0_g2_i3.p1          68.10%    passed     75.92%
  21  JJ125|Cluster-9709.4__TRINITY_DN7007_c0_g1_i2.p1             6.34%    passed    100.00%
  22  DE542|Cluster-16629.1__TRINITY_DN1485_c1_g1_i3.p1            2.99%    passed    100.00%
  23  DE561|Cluster-34874.1__TRINITY_DN340_c0_g1_i6.p1             3.54%    passed    100.00%
  24  DE550|Cluster-31953.2__TRINITY_DN2186_c0_g1_i10.p1           2.43%    passed    100.00%
  25  JJ89|Cluster-40914.0__TRINITY_DN1968_c1_g1_i1.p1             1.68%    passed    100.00%
  26  DE152|Cluster-57644.0__TRINITY_DN7618_c0_g2_i4.p1           46.64%    passed     97.00%
  27  DE523|Cluster-45336.3__TRINITY_DN2854_c0_g1_i19.p1           1.87%    passed    100.00%
  28  SRR3407096|Cluster-33527.0__TRINITY_DN4596_c0_g1_i7.p1       2.05%    passed    100.00%
  29  SRR3407088|Cluster-21564.0__TRINITY_DN9712_c0_g3_i1.p1      14.37%    passed    100.00%
  30  DE181|Cluster-46260.5__TRINITY_DN1421_c0_g1_i4.p1           15.11%    passed    100.00%
  31  DE566|Cluster-41706.1__TRINITY_DN10478_c0_g2_i3.p1          22.01%    passed     96.72%
  32  DE229|Cluster-56973.0__TRINITY_DN11791_c0_g1_i12.p1         28.17%    passed     97.81%
  33  DE560|Cluster-13908.1__TRINITY_DN19337_c0_g1_i3.p1          29.85%    passed     99.38%
  34  SRR3407086|Cluster-26842.1__TRINITY_DN3487_c0_g1_i8.p1       2.24%    passed    100.00%
  35  SRR3424066|Cluster-26612.1__TRINITY_DN9578_c0_g1_i12.p1     28.17%    passed    100.00%
  36  SRR3407092|Cluster-34783.2__TRINITY_DN5537_c0_g1_i5.p1      42.72%    passed    100.00%
  37  DE541|Cluster-48349.1__TRINITY_DN5695_c0_g1_i10.p1          54.85%    passed     96.71%
  38  DE643|Cluster-53860.6__TRINITY_DN5699_c0_g1_i8.p1           18.66%    passed     99.99%
  39  JJ131|Cluster-34640.2__TRINITY_DN12363_c0_g1_i12.p1         28.36%    passed     99.62%
  40  DE507|Cluster-84644.1__TRINITY_DN13264_c0_g1_i3.p1          55.41%    passed     95.66%
  41  DE704-white|Cluster-33679.1__TRINITY_DN1348_c0_g1_i12.p1    37.87%    passed     94.75%
  42  DE504|Cluster-44417.2__TRINITY_DN7986_c0_g2_i2.p1           71.83%    passed     60.36%
  43  DE672|Cluster-51160.0__TRINITY_DN4178_c0_g1_i20.p1          19.96%    passed    100.00%
  44  DE173|Cluster-44399.2__TRINITY_DN5394_c1_g2_i7.p1            1.68%    passed    100.00%
  45  JJ109|Cluster-41413.2__TRINITY_DN3720_c0_g1_i32.p1           2.43%    passed    100.00%
  46  DE189|Cluster-46211.0__TRINITY_DN5203_c0_g1_i1.p1           40.86%    passed     99.35%
  47  DE504|Cluster-38924.0__TRINITY_DN2087_c0_g1_i28.p1          17.54%    passed    100.00%
  48  DE736|Cluster-20122.4__TRINITY_DN2479_c0_g1_i4.p1            1.68%    passed     99.99%
WARNING: 6 sequences contain more than 50% gaps/ambiguity
****  TOTAL                                                       23.59%  0 sequences failed composition chi2 test (p-value<5%; df=60)
Reading input tree file tmp.csubst.nwk ... rooted tree

NOTE: 53 MB RAM (0 GB) is required!
Measuring multi-threading efficiency up to 1 CPU cores
2 trees examined
Threads: 1 / Time: 2.626 sec / Speedup: 1.000 / Efficiency: 100% / LogL: -21053
BEST NUMBER OF THREADS: 1

Estimate model parameters (epsilon = 0.010)
1. Initial log-likelihood: -17030.760
2. Current log-likelihood: -14805.554
3. Current log-likelihood: -14781.845
4. Current log-likelihood: -14781.650
5. Current log-likelihood: -14781.505
6. Current log-likelihood: -14781.399
7. Current log-likelihood: -14781.325
8. Current log-likelihood: -14781.276
9. Current log-likelihood: -14781.242
10. Current log-likelihood: -14781.221
11. Current log-likelihood: -14781.209
Optimal log-likelihood: -14781.202
Nonsynonymous/synonymous ratio (omega): 1.000
Transition/transversion ratio (kappa): 1.000
Site proportion and rates:  (0.488,0.355) (0.379,1.261) (0.121,2.614) (0.011,2.777)
Parameters optimization took 11 rounds (96.106 sec)
Wrote distance file to... 
BEST SCORE FOUND : -14781.202
Ancestral state probabilities printed to /mnt/data0/yue/2026-03-11-protein-convergence/results/OG_692/csubst_w_s/csubst_input_alignment.fa.state
Empirical proportions for each category: 0.513 0.381 0.106 0.000
Site rates printed to /mnt/data0/yue/2026-03-11-protein-convergence/results/OG_692/csubst_w_s/csubst_input_alignment.fa.rate
Total tree length: 6.417

Total number of iterations: 0
CPU time used for tree search: 0.000 sec (0h:0m:0s)
Wall-clock time used for tree search: 0.000 sec (0h:0m:0s)
Total CPU time used: 100.116 sec (0h:1m:40s)
Total wall-clock time used: 100.424 sec (0h:1m:40s)

Analysis results written to: 
  IQ-TREE report:                /mnt/data0/yue/2026-03-11-protein-convergence/results/OG_692/csubst_w_s/csubst_input_alignment.fa.iqtree
  Maximum-likelihood tree:       /mnt/data0/yue/2026-03-11-protein-convergence/results/OG_692/csubst_w_s/csubst_input_alignment.fa.treefile
  Site-specific rates:           /mnt/data0/yue/2026-03-11-protein-convergence/results/OG_692/csubst_w_s/csubst_input_alignment.fa.rate
  Ancestral state:               /mnt/data0/yue/2026-03-11-protein-convergence/results/OG_692/csubst_w_s/csubst_input_alignment.fa.state
  Screen log file:               /mnt/data0/yue/2026-03-11-protein-convergence/results/OG_692/csubst_w_s/csubst_input_alignment.fa.log

Date and Time: Fri Mar 27 23:09:44 2026
