IQ-TREE multicore version 2.4.0 for Linux x86 64-bit built Feb 12 2025
Developed by Bui Quang Minh, Nguyen Lam Tung, Olga Chernomor, Heiko Schmidt,
Dominik Schrempf, Michael Woodhams, Ly Trong Nhan, Thomas Wong

Host:    brain (AVX2, FMA3, 2015 GB RAM)
Command: /home/yue/miniconda3/envs/py39/bin/iqtree -s /mnt/data0/yue/2026-03-11-protein-convergence/results/OG_100/csubst_w_s/csubst_input_alignment.fa -te tmp.csubst.nwk -m ECMK07+F+R4 --seqtype CODON1 --threads-max 1 -T AUTO --ancestral --rate --redo
Seed:    921503 (Using SPRNG - Scalable Parallel Random Number Generator)
Time:    Thu Mar 26 20:10:20 2026
Kernel:  AVX+FMA - auto-detect threads (128 CPU cores detected)

Reading alignment file /mnt/data0/yue/2026-03-11-protein-convergence/results/OG_100/csubst_w_s/csubst_input_alignment.fa ... Fasta format detected
Reading fasta file: done in 0.00499168 secs using 88.09% CPU
Alignment most likely contains DNA/RNA sequences
Converting to codon sequences with genetic code 1 ...
Alignment has 168 sequences with 614 columns, 613 distinct patterns
583 parsimony-informative, 18 singleton sites, 13 constant sites
                                                                Gap/Ambiguity  Composition  p-value
Analyzing sequences: done in 0.00024493 secs using 99.62% CPU
   1  JJ86|Cluster-23980.0__TRINITY_DN13434_c0_g1_i1.p1                58.63%    passed     15.21%
   2  JJ99|Cluster-27234.0__TRINITY_DN14088_c0_g1_i4.p1                 0.16%    passed     96.37%
   3  DE152|Cluster-48553.0__TRINITY_DN13736_c0_g1_i1.p1               30.29%    passed     96.41%
   4  DE115|Cluster-61610.0__TRINITY_DN6562_c0_g2_i1.p1                 5.54%    passed     80.34%
   5  DE126|Cluster-32374.1__TRINITY_DN11938_c0_g1_i5.p1               24.92%    passed     25.12%
   6  DE504|Cluster-15502.0__TRINITY_DN31474_c0_g1_i1.p1               70.36%    passed     29.91%
   7  DE764|Cluster-6689.1__TRINITY_DN275_c0_g1_i3.p1                   0.33%    passed     56.86%
   8  DE666|Cluster-40310.7__TRINITY_DN3903_c0_g3_i2.p1                 0.16%    passed     96.64%
   9  DE162|Cluster-12364.1__TRINITY_DN6837_c0_g1_i3.p1                 0.16%    passed     99.47%
  10  DE69|Cluster-40644.1__TRINITY_DN305_c0_g1_i3.p1                   0.16%    passed     99.92%
  11  DE164|Cluster-34391.9__TRINITY_DN772_c0_g1_i1.p1                  0.33%    passed     99.67%
  12  DE696-nodots|Cluster-704.0__TRINITY_DN1075_c1_g2_i1.p1           67.10%    passed     80.96%
  13  DE561|Cluster-17392.2__TRINITY_DN6578_c0_g1_i7.p1                 0.16%    passed     72.53%
  14  DE173|Cluster-41922.2__TRINITY_DN4574_c0_g1_i7.p1                 0.16%    passed     87.21%
  15  DE181|Cluster-29394.2__TRINITY_DN3502_c0_g1_i4.p1                 0.33%    passed     99.49%
  16  DE736|Cluster-16080.0__TRINITY_DN366_c0_g4_i1.p1                  0.16%    passed     99.98%
  17  SRR3407096|Cluster-16538.0__TRINITY_DN1586_c0_g2_i4.p1            2.28%    passed     96.46%
  18  DE510|Cluster-31930.0__TRINITY_DN19657_c0_g1_i1.p1               57.65%    passed     31.64%
  19  DE88|Cluster-19719.1__TRINITY_DN3888_c0_g1_i12.p1                 3.42%    passed     66.43%
  20  DE504|Cluster-14356.2__TRINITY_DN567_c0_g1_i6.p1                  0.33%    passed     21.20%
  21  DE531|Cluster-19121.0__TRINITY_DN26003_c0_g2_i2.p1                0.16%    passed     95.77%
  22  JJ85|Cluster-7406.0__TRINITY_DN769_c0_g3_i1.p1                    1.14%    passed     99.93%
  23  DE696-dots|Cluster-50200.1__TRINITY_DN13760_c0_g1_i12.p1          0.16%    passed     98.08%
  24  DE696-nodots|Cluster-25254.0__TRINITY_DN7395_c0_g1_i1.p1          0.16%    passed     98.08%
  25  JJ36|Cluster-42941.0__TRINITY_DN20225_c0_g3_i1.p1                68.40%    passed     53.25%
  26  DE671|Cluster-47519.0__TRINITY_DN373_c0_g2_i1.p1                  0.00%    passed     87.28%
  27  DE164|Cluster-54656.3__TRINITY_DN6502_c1_g1_i22.p1               44.30%    passed     33.79%
  28  DE643|Cluster-85781.3__TRINITY_DN8906_c0_g2_i4.p1                29.48%    passed     39.47%
  29  DE672|Cluster-24045.0__TRINITY_DN8914_c0_g1_i3.p1                 0.33%    passed     82.50%
  30  DE736|Cluster-11059.6__TRINITY_DN366_c0_g5_i1.p1                 25.08%    passed     96.88%
  31  DE509|Cluster-48016.4__TRINITY_DN3170_c1_g1_i2.p1                 0.16%    passed     99.62%
  32  DE115|Cluster-16380.6__TRINITY_DN6562_c0_g2_i4.p1                 0.16%    passed     60.81%
  33  JJ86|Cluster-21055.0__TRINITY_DN115_c0_g3_i1.p1                   0.16%    passed     95.66%
  34  DE507|Cluster-64622.0__TRINITY_DN11265_c0_g1_i15.p1               0.16%    passed     49.88%
  35  DE528|Cluster-57618.0__TRINITY_DN12411_c1_g1_i6.p1                0.16%    passed     58.93%
  36  DE704-white|Cluster-64917.0__TRINITY_DN7189_c0_g1_i12.p1          0.16%    passed     63.27%
  37  DE575|Cluster-22067.2__TRINITY_DN3840_c1_g1_i1.p1                 0.16%    passed     75.36%
  38  DE765|Cluster-38468.1__TRINITY_DN1254_c0_g1_i14.p1                0.16%    passed     85.76%
  39  DE681|Cluster-44133.2__TRINITY_DN4981_c1_g1_i4.p1                 0.16%    passed     66.97%
  40  DE668|Cluster-60812.1__TRINITY_DN5630_c1_g1_i1.p1                 0.16%    passed     25.89%
  41  DE623|Cluster-48286.0__TRINITY_DN17096_c0_g1_i1.p1                0.16%    passed     86.48%
  42  DE680|Cluster-25985.0__TRINITY_DN13093_c0_g2_i1.p1                0.16%    passed     81.53%
  43  DE126|Cluster-43938.0__TRINITY_DN277_c0_g1_i1.p1                  0.16%    passed     51.03%
  44  DE563|Cluster-52797.1__TRINITY_DN6572_c0_g1_i32.p1                0.16%    passed     57.61%
  45  DE546_urceolata_l|Cluster-26506.11__TRINITY_DN9821_c0_g1_i3.p1    0.16%    passed     84.21%
  46  DE127|Cluster-25546.2__TRINITY_DN38_c1_g1_i1.p1                   0.16%    passed     94.47%
  47  DE554|Cluster-3072.0__TRINITY_DN157_c2_g1_i1.p1                   0.16%    passed     91.92%
  48  DE151|Cluster-28472.1__TRINITY_DN3720_c0_g1_i1.p1                 0.16%    passed     79.38%
  49  DE189|Cluster-7584.1__TRINITY_DN268_c0_g1_i11.p1                  0.16%    passed     88.80%
  50  JJ109|Cluster-36908.1__TRINITY_DN2366_c0_g2_i7.p1                 0.16%    passed     81.95%
  51  JJ36|Cluster-34859.0__TRINITY_DN2355_c0_g3_i1.p1                  0.16%    passed     45.31%
  52  DE503|Cluster-20890.4__TRINITY_DN3959_c1_g1_i3.p1                 0.16%    passed     66.40%
  53  DE505|Cluster-45548.0__TRINITY_DN9570_c0_g1_i4.p1                 0.16%    passed     92.38%
  54  SRR3407094|Cluster-24178.1__TRINITY_DN195_c1_g1_i1.p1             0.16%    passed     88.09%
  55  DE510|Cluster-14478.0__TRINITY_DN47520_c0_g1_i1.p1                0.16%    passed     90.24%
  56  SRR3407087|Cluster-19693.0__TRINITY_DN9210_c0_g1_i1.p1            0.16%    passed     90.24%
  57  DE737|Cluster-22843.0__TRINITY_DN2165_c0_g1_i1.p1                 0.16%    passed     71.45%
  58  DE88|Cluster-30742.3__TRINITY_DN1786_c0_g1_i1.p1                  0.16%    passed     90.09%
  59  JJ130|Cluster-168.1__TRINITY_DN4329_c1_g1_i9.p1                   0.16%    passed     95.22%
  60  DE523|Cluster-53140.0__TRINITY_DN1159_c0_g1_i2.p1                 0.16%    passed     90.61%
  61  DE541|Cluster-37901.0__TRINITY_DN270_c1_g1_i1.p1                  9.61%    passed     85.59%
  62  SRR3407088|Cluster-41494.1__TRINITY_DN6618_c0_g1_i1.p1            0.16%    passed     75.54%
  63  SRR3407093|Cluster-20427.1__TRINITY_DN4130_c0_g1_i1.p1            0.16%    passed     75.09%
  64  SRR3424066|Cluster-23146.0__TRINITY_DN6505_c0_g1_i13.p1           0.16%    passed     67.61%
  65  SRR3407092|Cluster-29873.0__TRINITY_DN1540_c0_g1_i3.p1            0.16%    passed     90.10%
  66  DE531|Cluster-38426.2__TRINITY_DN26003_c0_g3_i1.p1                0.16%    passed     73.54%
  67  DE509|Cluster-6823.0__TRINITY_DN3170_c1_g3_i1.p1                  0.16%    passed     95.66%
  68  DE549|Cluster-32915.2__TRINITY_DN307_c0_g1_i8.p1                  0.16%    passed     93.25%
  69  DE671|Cluster-28765.1__TRINITY_DN373_c0_g3_i1.p1                  0.16%    passed     96.77%
  70  DE643|Cluster-64050.2__TRINITY_DN525_c0_g1_i6.p1                  0.16%    passed     94.65%
  71  DE672|Cluster-54812.0__TRINITY_DN8914_c0_g1_i8.p1                 0.16%    passed     98.88%
  72  DE764|Cluster-34782.0__TRINITY_DN275_c0_g2_i1.p1                  0.16%    passed     78.50%
  73  DE550|Cluster-26771.0__TRINITY_DN2486_c0_g2_i1.p1                 0.16%    passed     97.66%
  74  DE560|Cluster-34201.0__TRINITY_DN243_c2_g1_i1.p1                  0.16%    passed     76.13%
  75  DE519|Cluster-4382.0__TRINITY_DN7705_c0_g3_i1.p1                  0.16%    passed     22.82%
  76  DE741|Cluster-49742.0__TRINITY_DN3462_c0_g2_i3.p1                 0.16%    passed     56.18%
  77  DE566|Cluster-51566.0__TRINITY_DN4275_c0_g1_i8.p1                 0.16%    passed     66.04%
  78  SRR3407086|Cluster-18506.1__TRINITY_DN8627_c0_g1_i1.p1            0.16%    passed     88.13%
  79  JJ89|Cluster-18541.2__TRINITY_DN13362_c0_g1_i7.p1                 0.16%    passed     91.51%
  80  DE536|Cluster-12320.0__TRINITY_DN9875_c0_g1_i1.p1                 0.16%    passed     99.74%
  81  JJ74|Cluster-117408.0__TRINITY_DN763_c8_g1_i1.p1                  0.16%    passed     56.19%
  82  DE229|Cluster-64617.0__TRINITY_DN12737_c0_g1_i1.p1                0.16%    passed     69.26%
  83  JJ23|Cluster-43288.1__TRINITY_DN697_c0_g1_i4.p1                   0.16%    passed     28.90%
  84  JJ85|Cluster-39729.0__TRINITY_DN769_c0_g2_i1.p1                   0.16%    passed     36.83%
  85  JJ99|Cluster-46902.1__TRINITY_DN663_c0_g1_i3.p1                   0.16%    passed     72.84%
  86  JJ15|Cluster-47536.1__TRINITY_DN159_c0_g1_i5.p1                   0.16%    passed     99.70%
  87  DE542|Cluster-55508.1__TRINITY_DN1627_c0_g3_i3.p1                 0.16%    passed     99.53%
  88  JJ125|Cluster-34291.12__TRINITY_DN4610_c0_g2_i1.p1                0.16%    passed     77.91%
  89  JJ131|Cluster-56989.3__TRINITY_DN1398_c0_g1_i10.p1                0.16%    passed     95.89%
  90  DRR082660|Cluster-12693.0__TRINITY_DN2640_c0_g2_i1.p1             0.16%    passed     43.61%
  91  DE152|Cluster-48168.4__TRINITY_DN8066_c1_g2_i1.p1                 0.16%    passed     81.55%
  92  SRR5150740|Cluster-61328.1__TRINITY_DN1137_c0_g1_i7.p1            0.16%    passed     14.60%
  93  SRR104381|Cluster-10769.19__TRINITY_DN127_c0_g1_i38.p1           11.24%    failed      1.90%
  94  SRR3407095|Cluster-47687.0__TRINITY_DN212_c0_g1_i3.p1             0.33%    passed     99.93%
  95  SRR3407087|Cluster-13817.0__TRINITY_DN8679_c0_g1_i15.p1          50.16%    passed     53.87%
  96  DE151|Cluster-36331.1__TRINITY_DN5610_c0_g1_i2.p1                47.56%    passed     37.73%
  97  DE173|Cluster-55839.1__TRINITY_DN10272_c0_g1_i3.p1                9.61%    passed     61.56%
  98  DE189|Cluster-38578.3__TRINITY_DN1782_c0_g1_i5.p1                68.40%    passed     52.28%
  99  DE476|Cluster-33840.1__TRINITY_DN35_c0_g1_i1.p1                   0.16%    passed     96.42%
 100  DE216|Cluster-69427.5__TRINITY_DN653_c0_g1_i3.p1                 24.92%    passed     88.57%
 101  DE534|Cluster-57443.3__TRINITY_DN2722_c0_g1_i2.p1                 0.16%    passed     99.97%
 102  SRR11934227|Cluster-111392.1__TRINITY_DN9782_c0_g1_i5.p1          0.16%    failed      0.04%
 103  SRR11748982|Cluster-44966.0__TRINITY_DN1440_c0_g1_i6.p1           0.16%    failed      0.00%
 104  DRR082665|Cluster-6476.5__TRINITY_DN576_c0_g2_i4.p1               0.16%    failed      0.00%
 105  DRR234970|Cluster-43266.2__TRINITY_DN416_c0_g1_i9.p1              0.16%    failed      0.78%
 106  DE541|Cluster-28740.6__TRINITY_DN7922_c0_g1_i1.p1                 0.16%    failed      0.01%
 107  JJ15|Cluster-56416.0__TRINITY_DN10493_c0_g2_i2.p1                10.75%    failed      0.02%
 108  JJ125|Cluster-36785.0__TRINITY_DN4610_c0_g1_i5.p1                 0.16%    passed      8.51%
 109  DE741|Cluster-21865.0__TRINITY_DN3462_c0_g3_i1.p1                24.10%    passed     20.44%
 110  DE668|Cluster-51999.0__TRINITY_DN5620_c0_g1_i3.p1                 0.16%    passed     95.39%
 111  DE534|Cluster-43356.0__TRINITY_DN17130_c0_g2_i1.p1                8.63%    failed      0.01%
 112  DE623|Cluster-58593.0__TRINITY_DN15947_c0_g1_i2.p1               67.75%    passed     10.31%
 113  DE680|Cluster-30384.0__TRINITY_DN13093_c0_g1_i2.p1               29.97%    passed     96.20%
 114  DE575|Cluster-31669.0__TRINITY_DN3840_c0_g1_i5.p1                 9.61%    passed     96.62%
 115  DE542|Cluster-20910.6__TRINITY_DN9647_c0_g1_i4.p1                 8.63%    failed      0.02%
 116  DE507|Cluster-85284.0__TRINITY_DN11265_c0_g1_i10.p1               0.16%    passed     47.80%
 117  DE528|Cluster-48228.1__TRINITY_DN16527_c0_g1_i15.p1              68.40%    failed      0.73%
 118  DE115|Cluster-52606.0__TRINITY_DN9624_c0_g1_i5.p1                 0.16%    passed     28.03%
 119  JJ86|Cluster-7207.0__TRINITY_DN6132_c0_g5_i1.p1                   0.16%    passed     54.11%
 120  DE126|Cluster-45910.0__TRINITY_DN277_c0_g2_i2.p1                  0.16%    passed     43.10%
 121  DE563|Cluster-40318.1__TRINITY_DN37730_c0_g1_i4.p1                0.16%    passed      9.31%
 122  DE680|Cluster-58636.0__TRINITY_DN22457_c0_g1_i16.p1               0.16%    passed     20.25%
 123  DE229|Cluster-97028.0__TRINITY_DN49146_c2_g2_i2.p1                0.16%    passed     50.23%
 124  DE162|Cluster-7764.0__TRINITY_DN6837_c3_g1_i1.p1                  0.16%    passed     23.03%
 125  DE507|Cluster-66312.0__TRINITY_DN11265_c1_g1_i1.p1                0.16%    passed     18.12%
 126  DE528|Cluster-37924.0__TRINITY_DN12411_c0_g2_i1.p1                0.16%    passed     30.14%
 127  DE704-purple|Cluster-53134.0__TRINITY_DN10585_c0_g1_i3.p1         0.16%    passed     39.30%
 128  DE765|Cluster-20072.1__TRINITY_DN13078_c0_g1_i8.p1               18.89%    failed      3.69%
 129  DE623|Cluster-30654.1__TRINITY_DN20481_c0_g1_i2.p1               28.99%    failed      0.36%
 130  DE668|Cluster-54367.2__TRINITY_DN31374_c0_g1_i4.p1               36.64%    passed     13.32%
 131  DE127|Cluster-30348.0__TRINITY_DN9724_c1_g2_i2.p1                41.04%    failed      3.00%
 132  DE554|Cluster-17083.0__TRINITY_DN7839_c0_g1_i2.p1                 0.16%    failed      1.03%
 133  DE151|Cluster-16123.0__TRINITY_DN12831_c0_g2_i15.p1               0.16%    failed      0.00%
 134  JJ130|Cluster-35438.3__TRINITY_DN11173_c0_g1_i2.p1                0.16%    failed      0.00%
 135  JJ109|Cluster-21421.1__TRINITY_DN2366_c0_g2_i1.p1                 0.16%    failed      0.00%
 136  DE173|Cluster-12332.0__TRINITY_DN1005_c0_g1_i5.p1                 0.16%    failed      0.00%
 137  DE189|Cluster-39338.0__TRINITY_DN268_c1_g1_i3.p1                  0.16%    failed      0.00%
 138  DE88|Cluster-1040.0__TRINITY_DN1786_c0_g1_i2.p1                   0.16%    failed      0.00%
 139  DE476|Cluster-45624.1__TRINITY_DN2300_c0_g1_i39.p1                0.16%    failed      0.00%
 140  DE550|Cluster-48514.0__TRINITY_DN15125_c0_g1_i3.p1                0.16%    failed      0.00%
 141  DE643|Cluster-56563.4__TRINITY_DN1690_c1_g1_i2.p1                 0.16%    failed      0.00%
 142  DE509|Cluster-3805.0__TRINITY_DN3170_c1_g2_i1.p1                  0.16%    failed      0.00%
 143  DE549|Cluster-17791.0__TRINITY_DN20905_c0_g1_i1.p1               56.51%    failed      0.00%
 144  JJ36|Cluster-17996.0__TRINITY_DN2355_c1_g3_i3.p1                  0.16%    failed      0.00%
 145  DE531|Cluster-30167.0__TRINITY_DN10315_c0_g1_i1.p1                0.16%    failed      0.00%
 146  DE696-nodots|Cluster-7647.0__TRINITY_DN744_c0_g1_i2.p1            0.16%    failed      0.00%
 147  DE696-dots|Cluster-59589.0__TRINITY_DN977_c0_g1_i3.p1             0.16%    failed      0.00%
 148  DE216|Cluster-38084.0__TRINITY_DN31382_c0_g2_i3.p1                0.16%    failed      1.67%
 149  DE542|Cluster-24226.0__TRINITY_DN1627_c0_g2_i1.p1                24.10%    passed     34.14%
 150  JJ15|Cluster-44249.0__TRINITY_DN10493_c0_g3_i1.p1                 0.16%    failed      1.32%
 151  DE534|Cluster-39596.0__TRINITY_DN17130_c0_g4_i1.p1                0.16%    failed      2.13%
 152  JJ74|Cluster-76773.0__TRINITY_DN64025_c1_g1_i1.p1                46.91%    passed     53.00%
 153  DE519|Cluster-43426.0__TRINITY_DN7705_c0_g2_i7.p1                 0.16%    passed     11.47%
 154  DE560|Cluster-26397.0__TRINITY_DN10638_c2_g1_i1.p1                0.16%    passed     11.98%
 155  JJ23|Cluster-22916.0__TRINITY_DN697_c2_g1_i1.p1                  28.99%    passed      7.66%
 156  DE503|Cluster-55497.0__TRINITY_DN3959_c0_g1_i1.p1                 7.49%    failed      0.20%
 157  DE505|Cluster-17785.0__TRINITY_DN14021_c0_g1_i2.p1                0.16%    failed      0.17%
 158  SRR3407092|Cluster-15427.0__TRINITY_DN1540_c0_g2_i1.p1            0.16%    failed      0.57%
 159  SRR3407093|Cluster-8600.0__TRINITY_DN4130_c0_g3_i1.p1             0.16%    failed      0.21%
 160  SRR3407086|Cluster-6779.0__TRINITY_DN6408_c0_g1_i1.p1            24.10%    failed      0.26%
 161  SRR3407087|Cluster-19223.0__TRINITY_DN9210_c0_g3_i1.p1           33.71%    failed      0.65%
 162  SRR3407094|Cluster-33837.0__TRINITY_DN4515_c0_g1_i1.p1            9.61%    failed      0.08%
 163  DE523|Cluster-29604.0__TRINITY_DN5339_c0_g1_i1.p1                 0.16%    failed      0.00%
 164  JJ99|Cluster-38183.1__TRINITY_DN2190_c0_g1_i20.p1                 0.16%    passed      7.29%
 165  JJ85|Cluster-30827.1__TRINITY_DN7378_c0_g1_i1.p1                  0.16%    failed      0.17%
 166  DRR082660|Cluster-22856.0__TRINITY_DN6389_c0_g1_i1.p1            46.91%    passed      6.67%
 167  DE666|Cluster-30018.0__TRINITY_DN15544_c0_g2_i1.p1               58.47%    passed      5.59%
 168  DE681|Cluster-46153.1__TRINITY_DN22372_c0_g1_i2.p1               68.40%    passed     12.95%
WARNING: 12 sequences contain more than 50% gaps/ambiguity
****  TOTAL                                                             8.87%  41 sequences failed composition chi2 test (p-value<5%; df=60)
Reading input tree file tmp.csubst.nwk ... rooted tree

NOTE: 213 MB RAM (0 GB) is required!
Measuring multi-threading efficiency up to 1 CPU cores
2 trees examined
Threads: 1 / Time: 10.428 sec / Speedup: 1.000 / Efficiency: 100% / LogL: -100033
BEST NUMBER OF THREADS: 1

Estimate model parameters (epsilon = 0.010)
1. Initial log-likelihood: -56880.386
2. Current log-likelihood: -45538.607
3. Current log-likelihood: -45512.598
4. Current log-likelihood: -45512.573
Optimal log-likelihood: -45512.572
Nonsynonymous/synonymous ratio (omega): 1.000
Transition/transversion ratio (kappa): 1.000
Site proportion and rates:  (0.784,0.675) (0.205,1.754) (0.010,4.098) (0.001,73.234)
Parameters optimization took 4 rounds (53.265 sec)
Wrote distance file to... 
BEST SCORE FOUND : -45512.572
Ancestral state probabilities printed to /mnt/data0/yue/2026-03-11-protein-convergence/results/OG_100/csubst_w_s/csubst_input_alignment.fa.state
Empirical proportions for each category: 0.746 0.238 0.016 0.000
Site rates printed to /mnt/data0/yue/2026-03-11-protein-convergence/results/OG_100/csubst_w_s/csubst_input_alignment.fa.rate
Total tree length: 15.774

Total number of iterations: 0
CPU time used for tree search: 0.000 sec (0h:0m:0s)
Wall-clock time used for tree search: 0.000 sec (0h:0m:0s)
Total CPU time used: 70.893 sec (0h:1m:10s)
Total wall-clock time used: 71.488 sec (0h:1m:11s)

Analysis results written to: 
  IQ-TREE report:                /mnt/data0/yue/2026-03-11-protein-convergence/results/OG_100/csubst_w_s/csubst_input_alignment.fa.iqtree
  Maximum-likelihood tree:       /mnt/data0/yue/2026-03-11-protein-convergence/results/OG_100/csubst_w_s/csubst_input_alignment.fa.treefile
  Site-specific rates:           /mnt/data0/yue/2026-03-11-protein-convergence/results/OG_100/csubst_w_s/csubst_input_alignment.fa.rate
  Ancestral state:               /mnt/data0/yue/2026-03-11-protein-convergence/results/OG_100/csubst_w_s/csubst_input_alignment.fa.state
  Screen log file:               /mnt/data0/yue/2026-03-11-protein-convergence/results/OG_100/csubst_w_s/csubst_input_alignment.fa.log

Date and Time: Thu Mar 26 20:11:32 2026
