IQ-TREE multicore version 2.4.0 for Linux x86 64-bit built Feb 12 2025
Developed by Bui Quang Minh, Nguyen Lam Tung, Olga Chernomor, Heiko Schmidt,
Dominik Schrempf, Michael Woodhams, Ly Trong Nhan, Thomas Wong

Host:    brain (AVX2, FMA3, 2015 GB RAM)
Command: /home/yue/miniconda3/envs/py39/bin/iqtree -s /mnt/data0/yue/2026-03-11-protein-convergence/results/OG_1258/csubst_w_s/csubst_input_alignment.fa -te tmp.csubst.nwk -m ECMK07+F+R4 --seqtype CODON1 --threads-max 1 -T AUTO --ancestral --rate --redo
Seed:    844683 (Using SPRNG - Scalable Parallel Random Number Generator)
Time:    Thu Mar 26 23:33:03 2026
Kernel:  AVX+FMA - auto-detect threads (128 CPU cores detected)

Reading alignment file /mnt/data0/yue/2026-03-11-protein-convergence/results/OG_1258/csubst_w_s/csubst_input_alignment.fa ... Fasta format detected
Reading fasta file: done in 0.00199899 secs using 19.96% CPU
Alignment most likely contains DNA/RNA sequences
Converting to codon sequences with genetic code 1 ...
WARNING: 1 sites contain only gaps or ambiguous characters.
Alignment has 113 sequences with 143 columns, 136 distinct patterns
108 parsimony-informative, 18 singleton sites, 17 constant sites
                                                          Gap/Ambiguity  Composition  p-value
Analyzing sequences: done in 9.5278e-05 secs using 98.66% CPU
   1  JJ86|Cluster-8479.0__TRINITY_DN1397_c1_g3_i2.p1            39.86%    passed     98.94%
   2  DE152|Cluster-64518.1__TRINITY_DN5769_c0_g1_i1.p1           9.09%    passed     99.99%
   3  DE181|Cluster-47665.0__TRINITY_DN1116_c0_g1_i1.p1          39.86%    passed     97.21%
   4  DE229|Cluster-75345.0__TRINITY_DN3602_c1_g1_i2.p1           9.09%    passed    100.00%
   5  DE550|Cluster-22579.0__TRINITY_DN1180_c0_g2_i1.p1           0.70%    passed    100.00%
   6  DRR234970|Cluster-30860.0__TRINITY_DN1369_c0_g1_i1.p1       0.70%    passed     99.97%
   7  DE534|Cluster-40333.0__TRINITY_DN29979_c0_g1_i1.p1         12.59%    passed     14.85%
   8  DE542|Cluster-25129.0__TRINITY_DN24567_c0_g1_i1.p1          7.69%    failed      3.27%
   9  JJ15|Cluster-36244.0__TRINITY_DN21122_c0_g1_i1.p1          12.59%    failed      0.52%
  10  DE696-dots|Cluster-50948.0__TRINITY_DN315_c1_g2_i1.p1       0.70%    passed    100.00%
  11  JJ36|Cluster-7008.0__TRINITY_DN18326_c0_g2_i1.p1            0.70%    passed    100.00%
  12  DE115|Cluster-44633.0__TRINITY_DN317_c5_g2_i1.p1            0.70%    passed    100.00%
  13  DE151|Cluster-47186.2__TRINITY_DN3998_c0_g1_i1.p1           0.70%    passed    100.00%
  14  DE164|Cluster-13574.0__TRINITY_DN64255_c0_g1_i1.p1          0.70%    passed    100.00%
  15  DE173|Cluster-14683.1__TRINITY_DN1766_c0_g1_i2.p1           0.70%    passed    100.00%
  16  DE189|Cluster-6540.1__TRINITY_DN2453_c0_g3_i1.p1            0.70%    passed    100.00%
  17  DE504|Cluster-4960.0__TRINITY_DN20644_c0_g2_i1.p1           0.70%    passed    100.00%
  18  DE509|Cluster-18674.0__TRINITY_DN37934_c0_g1_i1.p1          0.70%    passed    100.00%
  19  DE541|Cluster-2255.0__TRINITY_DN6456_c0_g1_i17.p1           0.70%    passed    100.00%
  20  DE549|Cluster-15113.0__TRINITY_DN3468_c0_g2_i1.p1           0.70%    passed    100.00%
  21  DE643|Cluster-79512.1__TRINITY_DN523_c0_g1_i11.p1           0.70%    passed    100.00%
  22  DE671|Cluster-646.0__TRINITY_DN9617_c0_g2_i4.p1             0.70%    passed    100.00%
  23  DE736|Cluster-39924.0__TRINITY_DN10488_c0_g1_i1.p1          0.70%    passed    100.00%
  24  DE737|Cluster-33782.1__TRINITY_DN850_c6_g1_i1.p1            0.70%    passed    100.00%
  25  DE764|Cluster-16206.1__TRINITY_DN4665_c0_g3_i1.p1           0.70%    passed    100.00%
  26  DE88|Cluster-18715.0__TRINITY_DN3805_c0_g2_i1.p1            0.70%    passed     96.28%
  27  JJ109|Cluster-24705.0__TRINITY_DN10279_c0_g3_i1.p1          0.70%    passed    100.00%
  28  JJ89|Cluster-6677.3__TRINITY_DN1660_c0_g1_i4.p1             0.70%    passed    100.00%
  29  JJ130|Cluster-23032.1__TRINITY_DN2903_c0_g1_i1.p1           0.70%    passed    100.00%
  30  DE476|Cluster-26653.0__TRINITY_DN1142_c0_g3_i1.p1          39.86%    passed     99.99%
  31  DE126|Cluster-8601.0__TRINITY_DN6612_c1_g2_i1.p1            0.70%    passed    100.00%
  32  DE229|Cluster-47486.0__TRINITY_DN3602_c1_g2_i1.p1           0.70%    passed    100.00%
  33  DE507|Cluster-35064.1__TRINITY_DN687_c0_g1_i8.p1            0.70%    passed    100.00%
  34  DE563|Cluster-5570.4__TRINITY_DN970_c0_g1_i2.p1             0.70%    passed    100.00%
  35  DE623|Cluster-21158.0__TRINITY_DN251_c0_g2_i1.p1            0.70%    passed    100.00%
  36  DE680|Cluster-25935.0__TRINITY_DN4701_c0_g3_i1.p1           0.70%    passed    100.00%
  37  DE127|Cluster-13842.0__TRINITY_DN11067_c0_g1_i1.p1          0.70%    passed    100.00%
  38  DE554|Cluster-6495.0__TRINITY_DN12886_c0_g3_i1.p1           0.70%    passed    100.00%
  39  DE765|Cluster-37468.0__TRINITY_DN2307_c0_g1_i1.p1           0.70%    passed    100.00%
  40  DE575|Cluster-9482.0__TRINITY_DN3418_c0_g1_i1.p1            0.70%    passed    100.00%
  41  DE681|Cluster-47568.0__TRINITY_DN12365_c0_g2_i1.p1          0.70%    passed    100.00%
  42  DE666|Cluster-14938.0__TRINITY_DN1127_c0_g1_i1.p1           0.70%    passed    100.00%
  43  DE531|Cluster-29476.0__TRINITY_DN7571_c0_g4_i1.p1          39.86%    passed    100.00%
  44  JJ74|Cluster-59438.0__TRINITY_DN315_c2_g1_i1.p1             0.70%    passed    100.00%
  45  DRR082660|Cluster-15190.0__TRINITY_DN180_c0_g2_i1.p1        0.70%    passed    100.00%
  46  DE566|Cluster-48171.1__TRINITY_DN10476_c0_g1_i6.p1          0.70%    passed    100.00%
  47  JJ99|Cluster-51026.0__TRINITY_DN3720_c2_g1_i2.p1            0.70%    passed    100.00%
  48  JJ23|Cluster-27672.0__TRINITY_DN635_c8_g1_i1.p1             0.70%    passed    100.00%
  49  DE216|Cluster-15720.0__TRINITY_DN1327_c0_g1_i10.p1          0.70%    passed    100.00%
  50  DE534|Cluster-35007.0__TRINITY_DN1046_c0_g1_i1.p1           0.70%    passed    100.00%
  51  DE542|Cluster-15476.0__TRINITY_DN1705_c0_g3_i1.p1           0.70%    passed    100.00%
  52  JJ15|Cluster-69971.2__TRINITY_DN2054_c0_g1_i1.p1            0.70%    passed    100.00%
  53  JJ85|Cluster-12093.0__TRINITY_DN204_c0_g1_i1.p1             0.70%    passed    100.00%
  54  SRR3407094|Cluster-13839.0__TRINITY_DN418_c0_g2_i1.p1       0.70%    passed     33.05%
  55  SRR3407093|Cluster-23432.1__TRINITY_DN5141_c0_g2_i1.p1      0.70%    passed    100.00%
  56  DE503|Cluster-5514.0__TRINITY_DN6829_c1_g1_i1.p1            0.70%    passed    100.00%
  57  SRR3407092|Cluster-38198.0__TRINITY_DN3849_c0_g4_i1.p1      0.70%    passed    100.00%
  58  DE505|Cluster-8803.0__TRINITY_DN6201_c0_g1_i4.p1            0.70%    passed    100.00%
  59  SRR3407088|Cluster-8208.0__TRINITY_DN236_c0_g1_i1.p1        0.70%    passed    100.00%
  60  DE510|Cluster-51194.1__TRINITY_DN26302_c0_g1_i1.p1          0.70%    passed    100.00%
  61  DE523|Cluster-17751.0__TRINITY_DN4069_c0_g3_i1.p1           0.70%    passed    100.00%
  62  SRR3407087|Cluster-34243.0__TRINITY_DN23_c0_g2_i1.p1        0.70%    passed    100.00%
  63  SRR3424066|Cluster-11096.0__TRINITY_DN10500_c0_g1_i1.p1     0.70%    passed    100.00%
  64  DE560|Cluster-24194.0__TRINITY_DN5635_c2_g1_i3.p1           0.70%    passed    100.00%
  65  DE561|Cluster-36215.0__TRINITY_DN2606_c0_g2_i1.p1           0.70%    passed    100.00%
  66  SRR3407096|Cluster-6014.0__TRINITY_DN412_c0_g1_i1.p1        0.70%    passed    100.00%
  67  DE181|Cluster-170.0__TRINITY_DN1116_c0_g4_i1.p1             0.70%    passed    100.00%
  68  SRR3407086|Cluster-8663.0__TRINITY_DN15_c0_g2_i1.p1         0.70%    passed    100.00%
  69  DE741|Cluster-60149.0__TRINITY_DN901_c0_g1_i1.p1            0.70%    passed    100.00%
  70  DE519|Cluster-69034.1__TRINITY_DN630_c0_g2_i1.p1            0.70%    passed    100.00%
  71  JJ125|Cluster-12325.0__TRINITY_DN11263_c3_g1_i1.p1          0.70%    passed    100.00%
  72  DE536|Cluster-24651.3__TRINITY_DN2703_c0_g1_i4.p1           0.70%    passed    100.00%
  73  SRR5150740|Cluster-31564.1__TRINITY_DN2047_c0_g1_i4.p1      0.70%    passed     99.95%
  74  DE69|Cluster-36504.0__TRINITY_DN6096_c1_g1_i1.p1            0.70%    passed    100.00%
  75  SRR3407095|Cluster-32833.1__TRINITY_DN9671_c0_g1_i1.p1      0.70%    passed    100.00%
  76  SRR11748982|Cluster-31569.1__TRINITY_DN97_c0_g4_i1.p1       0.70%    passed     94.47%
  77  SRR11748982|Cluster-28304.0__TRINITY_DN97_c0_g1_i3.p1       0.70%    passed     75.57%
  78  DE126|Cluster-11348.0__TRINITY_DN6612_c1_g1_i1.p1           0.70%    passed    100.00%
  79  DE503|Cluster-21987.0__TRINITY_DN6829_c1_g1_i2.p1          39.86%    passed     98.78%
  80  DE509|Cluster-10750.1__TRINITY_DN5372_c0_g1_i2.p1          39.86%    passed     99.16%
  81  DE531|Cluster-10155.0__TRINITY_DN7571_c0_g5_i2.p1          39.86%    passed     99.05%
  82  DE549|Cluster-50219.0__TRINITY_DN3468_c0_g1_i3.p2          39.86%    passed     97.81%
  83  DE88|Cluster-31063.0__TRINITY_DN3805_c0_g1_i3.p1           39.86%    passed     97.81%
  84  JJ89|Cluster-23142.0__TRINITY_DN1660_c0_g2_i1.p1           39.86%    passed     98.92%
  85  DE162|Cluster-39505.0__TRINITY_DN1684_c0_g1_i1.p1           0.70%    passed     99.99%
  86  DE507|Cluster-82205.0__TRINITY_DN687_c0_g1_i1.p1            0.70%    passed     99.93%
  87  DE528|Cluster-11160.0__TRINITY_DN4516_c0_g1_i1.p1           0.70%    passed    100.00%
  88  DE666|Cluster-41573.0__TRINITY_DN1127_c0_g4_i2.p1           0.70%    passed    100.00%
  89  DE704-purple|Cluster-45415.1__TRINITY_DN4980_c0_g1_i1.p1    0.70%    passed     96.92%
  90  DE704-white|Cluster-18320.4__TRINITY_DN1040_c0_g1_i10.p2    0.70%    passed    100.00%
  91  SRR3407088|Cluster-4563.0__TRINITY_DN236_c0_g1_i2.p1        0.70%    passed    100.00%
  92  SRR3407093|Cluster-13903.1__TRINITY_DN5141_c0_g1_i1.p1      0.70%    passed    100.00%
  93  SRR3407092|Cluster-7374.0__TRINITY_DN3849_c0_g3_i1.p1       0.70%    passed    100.00%
  94  DE505|Cluster-7455.1__TRINITY_DN6201_c0_g1_i3.p1            0.70%    passed    100.00%
  95  SRR3407086|Cluster-17272.0__TRINITY_DN15_c0_g1_i2.p1        0.70%    passed    100.00%
  96  SRR3424066|Cluster-19226.0__TRINITY_DN10500_c0_g2_i2.p1     0.70%    passed    100.00%
  97  SRR3407094|Cluster-38632.1__TRINITY_DN418_c0_g1_i2.p1       0.70%    passed     99.99%
  98  DE561|Cluster-27962.0__TRINITY_DN2606_c0_g1_i2.p1           0.70%    passed    100.00%
  99  SRR3407087|Cluster-26572.0__TRINITY_DN23_c0_g1_i1.p1        0.70%    passed    100.00%
 100  DE764|Cluster-44573.0__TRINITY_DN1971_c0_g1_i1.p1           0.70%    passed    100.00%
 101  DE736|Cluster-32672.0__TRINITY_DN10488_c0_g1_i2.p1          0.70%    passed    100.00%
 102  SRR3407096|Cluster-10348.0__TRINITY_DN412_c0_g2_i1.p1       0.70%    passed    100.00%
 103  DE523|Cluster-23589.0__TRINITY_DN4069_c0_g2_i1.p1           0.70%    passed    100.00%
 104  DE566|Cluster-18147.1__TRINITY_DN3901_c0_g1_i4.p1           0.70%    passed     99.97%
 105  DE672|Cluster-50257.1__TRINITY_DN2774_c0_g5_i1.p1           0.70%    passed    100.00%
 106  SRR5150740|Cluster-65978.1__TRINITY_DN2047_c0_g2_i6.p1      0.70%    failed      3.09%
 107  DRR234970|Cluster-47958.0__TRINITY_DN1369_c0_g2_i1.p1       0.70%    passed    100.00%
 108  JJ15|Cluster-44599.12__TRINITY_DN361_c3_g7_i1.p1            0.70%    passed     99.99%
 109  JJ125|Cluster-21671.0__TRINITY_DN4325_c0_g1_i5.p1           0.70%    passed     99.99%
 110  DE534|Cluster-55754.0__TRINITY_DN1046_c0_g3_i1.p1           0.70%    passed    100.00%
 111  DE216|Cluster-56675.0__TRINITY_DN1327_c0_g2_i1.p1           0.70%    passed    100.00%
 112  JJ131|Cluster-38180.112__TRINITY_DN7016_c0_g2_i3.p1         0.70%    passed     99.37%
 113  JJ85|Cluster-2706.0__TRINITY_DN204_c0_g3_i1.p1              0.70%    passed     99.89%
****  TOTAL                                                       4.59%  3 sequences failed composition chi2 test (p-value<5%; df=60)
WARNING: States(s) TCA, TCG rarely appear in alignment and may cause numerical problems
Reading input tree file tmp.csubst.nwk ... rooted tree

NOTE: 42 MB RAM (0 GB) is required!
Measuring multi-threading efficiency up to 1 CPU cores
2 trees examined
Threads: 1 / Time: 2.507 sec / Speedup: 1.000 / Efficiency: 100% / LogL: -9501
BEST NUMBER OF THREADS: 1

Estimate model parameters (epsilon = 0.010)
1. Initial log-likelihood: -6007.373
2. Current log-likelihood: -4152.338
3. Current log-likelihood: -4152.100
4. Current log-likelihood: -4152.004
5. Current log-likelihood: -4151.937
6. Current log-likelihood: -4151.887
7. Current log-likelihood: -4151.849
8. Current log-likelihood: -4151.824
9. Current log-likelihood: -4151.807
10. Current log-likelihood: -4151.796
Optimal log-likelihood: -4151.790
Nonsynonymous/synonymous ratio (omega): 1.000
Transition/transversion ratio (kappa): 1.000
Site proportion and rates:  (0.687,0.491) (0.134,1.378) (0.164,2.454) (0.015,4.982)
Parameters optimization took 10 rounds (69.178 sec)
Wrote distance file to... 
BEST SCORE FOUND : -4151.790
Ancestral state probabilities printed to /mnt/data0/yue/2026-03-11-protein-convergence/results/OG_1258/csubst_w_s/csubst_input_alignment.fa.state
Empirical proportions for each category: 0.720 0.098 0.168 0.014
Site rates printed to /mnt/data0/yue/2026-03-11-protein-convergence/results/OG_1258/csubst_w_s/csubst_input_alignment.fa.rate
Total tree length: 5.994

Total number of iterations: 0
CPU time used for tree search: 0.000 sec (0h:0m:0s)
Wall-clock time used for tree search: 0.000 sec (0h:0m:0s)
Total CPU time used: 73.114 sec (0h:1m:13s)
Total wall-clock time used: 73.253 sec (0h:1m:13s)

Analysis results written to: 
  IQ-TREE report:                /mnt/data0/yue/2026-03-11-protein-convergence/results/OG_1258/csubst_w_s/csubst_input_alignment.fa.iqtree
  Maximum-likelihood tree:       /mnt/data0/yue/2026-03-11-protein-convergence/results/OG_1258/csubst_w_s/csubst_input_alignment.fa.treefile
  Site-specific rates:           /mnt/data0/yue/2026-03-11-protein-convergence/results/OG_1258/csubst_w_s/csubst_input_alignment.fa.rate
  Ancestral state:               /mnt/data0/yue/2026-03-11-protein-convergence/results/OG_1258/csubst_w_s/csubst_input_alignment.fa.state
  Screen log file:               /mnt/data0/yue/2026-03-11-protein-convergence/results/OG_1258/csubst_w_s/csubst_input_alignment.fa.log

Date and Time: Thu Mar 26 23:34:17 2026
