IQ-TREE multicore version 2.4.0 for Linux x86 64-bit built Feb 12 2025
Developed by Bui Quang Minh, Nguyen Lam Tung, Olga Chernomor, Heiko Schmidt,
Dominik Schrempf, Michael Woodhams, Ly Trong Nhan, Thomas Wong

Host:    brain (AVX2, FMA3, 2015 GB RAM)
Command: /home/yue/miniconda3/envs/py39/bin/iqtree -s /mnt/data0/yue/2026-03-11-protein-convergence/results/OG_6612/csubst_w_s/csubst_input_alignment.fa -te tmp.csubst.nwk -m ECMK07+F+R4 --seqtype CODON1 --threads-max 1 -T AUTO --ancestral --rate --redo
Seed:    860201 (Using SPRNG - Scalable Parallel Random Number Generator)
Time:    Fri Mar 27 22:06:42 2026
Kernel:  AVX+FMA - auto-detect threads (128 CPU cores detected)

Reading alignment file /mnt/data0/yue/2026-03-11-protein-convergence/results/OG_6612/csubst_w_s/csubst_input_alignment.fa ... Fasta format detected
Reading fasta file: done in 0.00504874 secs using 24.01% CPU
Alignment most likely contains DNA/RNA sequences
Converting to codon sequences with genetic code 1 ...
Alignment has 76 sequences with 1357 columns, 1300 distinct patterns
714 parsimony-informative, 398 singleton sites, 245 constant sites
                                                                Gap/Ambiguity  Composition  p-value
Analyzing sequences: done in 0.000225529 secs using 99.77% CPU
   1  JJ86|Cluster-28703.0__TRINITY_DN3833_c0_g1_i1.p1                  0.07%    passed    100.00%
   2  SRR11748982|Cluster-44316.0__TRINITY_DN6190_c0_g1_i7.p1          21.67%    passed     12.53%
   3  DE575|Cluster-66838.0__TRINITY_DN5301_c3_g1_i2.p1                23.88%    passed    100.00%
   4  DE528|Cluster-47940.0__TRINITY_DN11372_c0_g1_i4.p1               18.57%    passed     99.42%
   5  DE736|Cluster-56153.0__TRINITY_DN10237_c0_g1_i1.p1               14.22%    passed    100.00%
   6  SRR3407095|Cluster-26339.0__TRINITY_DN10754_c0_g1_i1.p1          12.82%    passed    100.00%
   7  DE643|Cluster-76551.0__TRINITY_DN28853_c1_g1_i17.p1              10.83%    passed    100.00%
   8  DE115|Cluster-59815.1__TRINITY_DN8072_c0_g1_i4.p1                65.95%    passed     82.94%
   9  DE546_urceolata_l|Cluster-18575.0__TRINITY_DN21666_c0_g1_i1.p1    0.07%    passed    100.00%
  10  DE681|Cluster-50571.0__TRINITY_DN18501_c0_g1_i10.p1               4.57%    passed    100.00%
  11  DE765|Cluster-41463.0__TRINITY_DN13295_c0_g1_i3.p1                0.29%    passed    100.00%
  12  DE152|Cluster-44911.0__TRINITY_DN11863_c0_g1_i1.p1                0.07%    passed    100.00%
  13  JJ99|Cluster-41791.1__TRINITY_DN10270_c1_g1_i20.p1               63.15%    passed     93.84%
  14  DE623|Cluster-16360.0__TRINITY_DN13077_c0_g1_i4.p1               12.75%    passed    100.00%
  15  DE680|Cluster-39439.0__TRINITY_DN11364_c0_g1_i3.p1                0.07%    passed    100.00%
  16  DE162|Cluster-30556.0__TRINITY_DN7389_c1_g1_i11.p1               47.38%    passed     99.89%
  17  DE704-white|Cluster-22175.0__TRINITY_DN11219_c0_g1_i4.p1          0.07%    passed    100.00%
  18  DE704-purple|Cluster-10721.0__TRINITY_DN7830_c0_g1_i1.p1         35.81%    passed    100.00%
  19  DE507|Cluster-76938.0__TRINITY_DN15134_c0_g1_i1.p1               40.53%    passed     99.98%
  20  DE563|Cluster-23752.1__TRINITY_DN1157_c0_g1_i11.p1                4.42%    passed    100.00%
  21  DE126|Cluster-45431.0__TRINITY_DN1455_c0_g1_i2.p1                 7.59%    passed    100.00%
  22  DE229|Cluster-74557.0__TRINITY_DN3614_c1_g1_i2.p1                 0.07%    passed    100.00%
  23  DE127|Cluster-38951.0__TRINITY_DN25212_c0_g1_i1.p1                0.81%    passed    100.00%
  24  DE554|Cluster-15845.0__TRINITY_DN28809_c0_g1_i5.p1                0.81%    passed    100.00%
  25  DE666|Cluster-42733.1__TRINITY_DN4395_c0_g1_i2.p1                10.83%    passed    100.00%
  26  DE566|Cluster-35250.0__TRINITY_DN11008_c0_g1_i1.p1                0.22%    passed    100.00%
  27  DE668|Cluster-57774.1__TRINITY_DN7812_c1_g1_i12.p1                0.66%    passed    100.00%
  28  DE151|Cluster-53466.0__TRINITY_DN7317_c0_g1_i3.p1                 0.07%    passed    100.00%
  29  DE173|Cluster-35274.0__TRINITY_DN8186_c0_g1_i3.p1                 0.07%    passed    100.00%
  30  JJ109|Cluster-14034.0__TRINITY_DN5706_c0_g1_i1.p1                 0.07%    passed    100.00%
  31  DE189|Cluster-35540.0__TRINITY_DN7106_c0_g1_i5.p1                38.03%    passed     99.98%
  32  JJ130|Cluster-40849.0__TRINITY_DN4872_c1_g1_i2.p1                 0.15%    passed    100.00%
  33  DE88|Cluster-16856.0__TRINITY_DN65990_c0_g1_i2.p1                 0.07%    passed    100.00%
  34  JJ89|Cluster-35801.0__TRINITY_DN6220_c0_g1_i2.p1                  0.07%    passed    100.00%
  35  DE164|Cluster-40449.0__TRINITY_DN6457_c0_g1_i2.p1                12.75%    passed    100.00%
  36  DE672|Cluster-45244.0__TRINITY_DN14759_c1_g2_i3.p1                0.07%    passed    100.00%
  37  DE737|Cluster-36298.0__TRINITY_DN5902_c0_g1_i1.p1                 0.07%    passed    100.00%
  38  DE509|Cluster-18211.0__TRINITY_DN9669_c0_g1_i1.p1                 0.07%    passed    100.00%
  39  DE764|Cluster-26382.0__TRINITY_DN11699_c1_g1_i1.p1                0.07%    passed    100.00%
  40  DE549|Cluster-31039.0__TRINITY_DN25317_c0_g1_i3.p1               26.01%    passed    100.00%
  41  DE504|Cluster-20926.0__TRINITY_DN8373_c0_g1_i1.p1                 0.07%    passed    100.00%
  42  DE476|Cluster-28045.1__TRINITY_DN17977_c0_g1_i5.p1               12.75%    passed    100.00%
  43  DE531|Cluster-36471.1__TRINITY_DN6437_c5_g1_i2.p1                 0.07%    passed    100.00%
  44  DE696-dots|Cluster-37465.0__TRINITY_DN7687_c0_g1_i1.p1            0.07%    passed    100.00%
  45  DE550|Cluster-31901.0__TRINITY_DN13969_c0_g1_i2.p1                0.07%    passed    100.00%
  46  DRR082660|Cluster-40392.0__TRINITY_DN3701_c0_g2_i1.p1             0.07%    passed    100.00%
  47  DE519|Cluster-65031.0__TRINITY_DN8024_c0_g1_i5.p1                 6.63%    passed    100.00%
  48  DE741|Cluster-52980.0__TRINITY_DN19682_c0_g1_i2.p1                6.63%    passed    100.00%
  49  DE523|Cluster-3571.0__TRINITY_DN81254_c0_g1_i2.p1                35.81%    passed    100.00%
  50  SRR3407096|Cluster-23236.0__TRINITY_DN16854_c0_g1_i1.p1           0.07%    passed    100.00%
  51  DE560|Cluster-22725.0__TRINITY_DN14662_c0_g1_i2.p1                0.22%    passed    100.00%
  52  JJ85|Cluster-20800.0__TRINITY_DN18664_c1_g1_i3.p1                 0.29%    passed    100.00%
  53  DE541|Cluster-50825.1__TRINITY_DN5897_c0_g1_i1.p1                24.76%    passed    100.00%
  54  DE69|Cluster-15519.0__TRINITY_DN12634_c0_g1_i1.p1                 0.29%    passed    100.00%
  55  DE536|Cluster-46295.0__TRINITY_DN18058_c0_g2_i1.p1               39.87%    passed    100.00%
  56  DE181|Cluster-8566.0__TRINITY_DN10588_c1_g1_i3.p1                 0.07%    passed    100.00%
  57  SRR3407086|Cluster-18964.0__TRINITY_DN15949_c0_g2_i1.p1          59.76%    passed     55.07%
  58  SRR3424066|Cluster-34501.0__TRINITY_DN13713_c0_g1_i1.p1          55.64%    passed     81.39%
  59  DE561|Cluster-27223.0__TRINITY_DN29913_c0_g2_i1.p1                0.07%    passed    100.00%
  60  SRR3407088|Cluster-16959.0__TRINITY_DN46687_c0_g1_i1.p1          55.64%    passed     90.86%
  61  DE503|Cluster-37788.0__TRINITY_DN13443_c0_g1_i3.p1                0.07%    passed    100.00%
  62  SRR3407093|Cluster-25716.0__TRINITY_DN15576_c0_g1_i2.p1          55.64%    passed     83.51%
  63  SRR3407094|Cluster-263.0__TRINITY_DN21415_c0_g1_i1.p1            55.64%    passed     87.40%
  64  DE505|Cluster-56637.0__TRINITY_DN14951_c0_g1_i1.p1               12.75%    passed    100.00%
  65  SRR3407092|Cluster-1647.0__TRINITY_DN8167_c0_g1_i1.p1             0.15%    passed    100.00%
  66  DE510|Cluster-46685.0__TRINITY_DN47513_c0_g1_i1.p1                0.07%    passed    100.00%
  67  JJ74|Cluster-93157.0__TRINITY_DN129348_c0_g1_i1.p1               55.78%    passed     80.16%
  68  JJ131|Cluster-41880.0__TRINITY_DN2626_c0_g1_i4.p1                35.89%    passed    100.00%
  69  DE534|Cluster-34269.0__TRINITY_DN17030_c0_g1_i2.p1                0.15%    passed    100.00%
  70  JJ15|Cluster-54108.0__TRINITY_DN8694_c2_g1_i1.p1                  0.15%    passed    100.00%
  71  DE542|Cluster-44406.1__TRINITY_DN6287_c1_g1_i8.p1                 0.15%    passed    100.00%
  72  JJ23|Cluster-28488.0__TRINITY_DN4687_c0_g2_i2.p1                  6.63%    passed    100.00%
  73  JJ125|Cluster-33978.0__TRINITY_DN4011_c0_g1_i8.p1                 7.59%    passed    100.00%
  74  DE696-nodots|Cluster-52275.0__TRINITY_DN11152_c0_g1_i2.p1        26.38%    passed     99.82%
  75  DE671|Cluster-43926.0__TRINITY_DN8803_c0_g1_i1.p1                 0.07%    passed    100.00%
  76  DRR082665|Cluster-38332.0__TRINITY_DN5669_c0_g1_i6.p1            10.69%    passed     67.30%
WARNING: 8 sequences contain more than 50% gaps/ambiguity
****  TOTAL                                                            13.72%  0 sequences failed composition chi2 test (p-value<5%; df=60)
Reading input tree file tmp.csubst.nwk ... rooted tree

NOTE: 193 MB RAM (0 GB) is required!
Measuring multi-threading efficiency up to 1 CPU cores
2 trees examined
Threads: 1 / Time: 10.465 sec / Speedup: 1.000 / Efficiency: 100% / LogL: -41388
BEST NUMBER OF THREADS: 1

Estimate model parameters (epsilon = 0.010)
1. Initial log-likelihood: -43819.305
2. Current log-likelihood: -27145.616
3. Current log-likelihood: -27106.800
4. Current log-likelihood: -27106.771
5. Current log-likelihood: -27106.745
6. Current log-likelihood: -27106.720
7. Current log-likelihood: -27106.697
8. Current log-likelihood: -27106.674
9. Current log-likelihood: -27106.652
10. Current log-likelihood: -27106.630
11. Current log-likelihood: -27106.609
12. Current log-likelihood: -27106.589
13. Current log-likelihood: -27106.569
14. Current log-likelihood: -27106.550
15. Current log-likelihood: -27106.531
16. Current log-likelihood: -27106.513
17. Current log-likelihood: -27106.495
18. Current log-likelihood: -27097.126
19. Current log-likelihood: -27097.094
20. Current log-likelihood: -27097.071
21. Current log-likelihood: -27097.052
22. Current log-likelihood: -27097.034
23. Current log-likelihood: -27097.018
24. Current log-likelihood: -27097.002
25. Current log-likelihood: -27096.987
26. Current log-likelihood: -27096.973
27. Current log-likelihood: -27096.959
28. Current log-likelihood: -27096.945
29. Current log-likelihood: -27096.932
30. Current log-likelihood: -27096.920
31. Current log-likelihood: -27096.908
32. Current log-likelihood: -27096.897
33. Current log-likelihood: -27096.886
Optimal log-likelihood: -27096.877
Nonsynonymous/synonymous ratio (omega): 1.000
Transition/transversion ratio (kappa): 1.000
Site proportion and rates:  (0.487,0.390) (0.368,1.118) (0.137,2.610) (0.008,5.277)
Parameters optimization took 33 rounds (1101.578 sec)
Wrote distance file to... 
BEST SCORE FOUND : -27096.877
Ancestral state probabilities printed to /mnt/data0/yue/2026-03-11-protein-convergence/results/OG_6612/csubst_w_s/csubst_input_alignment.fa.state
Empirical proportions for each category: 0.536 0.347 0.113 0.003
Site rates printed to /mnt/data0/yue/2026-03-11-protein-convergence/results/OG_6612/csubst_w_s/csubst_input_alignment.fa.rate
Total tree length: 3.217

Total number of iterations: 0
CPU time used for tree search: 0.000 sec (0h:0m:0s)
Wall-clock time used for tree search: 0.000 sec (0h:0m:0s)
Total CPU time used: 1116.604 sec (0h:18m:36s)
Total wall-clock time used: 1118.965 sec (0h:18m:38s)

Analysis results written to: 
  IQ-TREE report:                /mnt/data0/yue/2026-03-11-protein-convergence/results/OG_6612/csubst_w_s/csubst_input_alignment.fa.iqtree
  Maximum-likelihood tree:       /mnt/data0/yue/2026-03-11-protein-convergence/results/OG_6612/csubst_w_s/csubst_input_alignment.fa.treefile
  Site-specific rates:           /mnt/data0/yue/2026-03-11-protein-convergence/results/OG_6612/csubst_w_s/csubst_input_alignment.fa.rate
  Ancestral state:               /mnt/data0/yue/2026-03-11-protein-convergence/results/OG_6612/csubst_w_s/csubst_input_alignment.fa.state
  Screen log file:               /mnt/data0/yue/2026-03-11-protein-convergence/results/OG_6612/csubst_w_s/csubst_input_alignment.fa.log

Date and Time: Fri Mar 27 22:25:21 2026
