IQ-TREE multicore version 2.4.0 for Linux x86 64-bit built Feb 12 2025
Developed by Bui Quang Minh, Nguyen Lam Tung, Olga Chernomor, Heiko Schmidt,
Dominik Schrempf, Michael Woodhams, Ly Trong Nhan, Thomas Wong

Host:    brain (AVX2, FMA3, 2015 GB RAM)
Command: /home/yue/miniconda3/envs/py39/bin/iqtree -s /mnt/data0/yue/2026-03-11-protein-convergence/results/OG_213/csubst_w_s/csubst_input_alignment.fa -te tmp.csubst.nwk -m ECMK07+F+R4 --seqtype CODON1 --threads-max 1 -T AUTO --ancestral --rate --redo
Seed:    237433 (Using SPRNG - Scalable Parallel Random Number Generator)
Time:    Fri Mar 27 02:57:49 2026
Kernel:  AVX+FMA - auto-detect threads (128 CPU cores detected)

Reading alignment file /mnt/data0/yue/2026-03-11-protein-convergence/results/OG_213/csubst_w_s/csubst_input_alignment.fa ... Fasta format detected
Reading fasta file: done in 0.00182426 secs
Alignment most likely contains DNA/RNA sequences
Converting to codon sequences with genetic code 1 ...
Alignment has 115 sequences with 315 columns, 315 distinct patterns
238 parsimony-informative, 49 singleton sites, 28 constant sites
                                                              Gap/Ambiguity  Composition  p-value
Analyzing sequences: done in 9.30279e-05 secs using 98.9% CPU
   1  DE152|Cluster-55467.0__TRINITY_DN4608_c0_g1_i4.p1              36.83%    passed     98.08%
   2  DE126|Cluster-21389.0__TRINITY_DN9910_c0_g1_i1.p1              39.37%    failed      4.70%
   3  DE668|Cluster-48231.2__TRINITY_DN2772_c0_g1_i18.p1              0.32%    passed    100.00%
   4  JJ15|Cluster-54885.2__TRINITY_DN9723_c0_g1_i5.p1               12.70%    passed     99.99%
   5  DE216|Cluster-55899.0__TRINITY_DN10325_c0_g1_i19.p1            21.27%    passed     99.95%
   6  DE476|Cluster-61418.0__TRINITY_DN1617_c0_g2_i2.p1              34.60%    passed     99.68%
   7  DE504|Cluster-55745.0__TRINITY_DN12882_c0_g1_i1.p1             37.78%    passed     99.77%
   8  JJ36|Cluster-32588.0__TRINITY_DN6281_c0_g1_i6.p1               38.10%    passed     99.67%
   9  DE741|Cluster-39928.2__TRINITY_DN82_c1_g2_i3.p1                37.78%    passed     99.91%
  10  DE764|Cluster-26749.0__TRINITY_DN9645_c0_g1_i9.p1              16.83%    passed     99.89%
  11  DE696-nodots|Cluster-44639.0__TRINITY_DN9864_c0_g3_i1.p1       37.78%    passed     99.65%
  12  DE509|Cluster-40899.1__TRINITY_DN719_c0_g1_i15.p1              37.78%    passed     99.93%
  13  JJ85|Cluster-40731.1__TRINITY_DN231_c0_g1_i4.p1                16.83%    passed     98.92%
  14  SRR3407096|Cluster-6899.0__TRINITY_DN13724_c0_g1_i2.p1         37.78%    passed     92.96%
  15  DE696-dots|Cluster-38888.0__TRINITY_DN412_c0_g1_i15.p1          0.32%    passed    100.00%
  16  DE575|Cluster-67267.1__TRINITY_DN252_c0_g1_i5.p1                0.32%    passed    100.00%
  17  DE704-purple|Cluster-61203.0__TRINITY_DN14698_c0_g1_i2.p1       0.32%    passed    100.00%
  18  DE704-white|Cluster-62665.1__TRINITY_DN1024_c0_g1_i12.p1        0.32%    passed    100.00%
  19  SRR3407092|Cluster-20579.0__TRINITY_DN5674_c0_g1_i3.p1          0.63%    passed    100.00%
  20  DE507|Cluster-84423.2__TRINITY_DN1243_c0_g1_i7.p1               0.32%    passed    100.00%
  21  DE536|Cluster-56461.0__TRINITY_DN2034_c0_g1_i1.p1               0.32%    passed    100.00%
  22  DE680|Cluster-47386.0__TRINITY_DN1548_c0_g1_i4.p1               0.32%    passed    100.00%
  23  DE704-purple|Cluster-23593.0__TRINITY_DN14698_c0_g2_i1.p1      26.98%    passed     99.94%
  24  DE507|Cluster-45700.0__TRINITY_DN1243_c0_g2_i1.p1              26.98%    passed     99.92%
  25  DE127|Cluster-14737.1__TRINITY_DN27472_c0_g1_i2.p1              0.32%    passed    100.00%
  26  DE666|Cluster-32812.1__TRINITY_DN2314_c0_g2_i1.p1              16.83%    passed     58.57%
  27  DE115|Cluster-30523.0__TRINITY_DN182_c0_g1_i6.p1                0.32%    passed    100.00%
  28  SRR5150740|Cluster-44055.2__TRINITY_DN94_c1_g1_i2.p1            0.32%    passed    100.00%
  29  DE528|Cluster-59237.1__TRINITY_DN1730_c0_g2_i1.p1               0.32%    passed    100.00%
  30  DE623|Cluster-58707.2__TRINITY_DN350_c1_g2_i1.p1                0.32%    passed    100.00%
  31  DE681|Cluster-12032.3__TRINITY_DN8057_c0_g1_i7.p1               0.32%    passed    100.00%
  32  DE546_urceolata_l|Cluster-20.0__TRINITY_DN2914_c0_g2_i1.p1      0.32%    passed    100.00%
  33  DE666|Cluster-36537.0__TRINITY_DN2314_c0_g1_i7.p1              48.25%    passed     99.72%
  34  JJ99|Cluster-50741.0__TRINITY_DN429_c0_g1_i1.p1                 0.32%    passed    100.00%
  35  DE189|Cluster-22243.0__TRINITY_DN5160_c0_g2_i2.p1              48.25%    passed     99.30%
  36  JJ109|Cluster-7235.0__TRINITY_DN3986_c1_g3_i1.p1               48.25%    passed     99.04%
  37  DE671|Cluster-48129.0__TRINITY_DN3273_c0_g3_i1.p1               0.32%    passed    100.00%
  38  DE549|Cluster-33498.0__TRINITY_DN16118_c0_g1_i5.p1             48.25%    passed     99.90%
  39  DE505|Cluster-48879.0__TRINITY_DN9154_c0_g1_i2.p1               0.32%    passed    100.00%
  40  SRR3407087|Cluster-23504.0__TRINITY_DN15715_c0_g1_i3.p1         0.32%    passed    100.00%
  41  SRR3407094|Cluster-19622.0__TRINITY_DN22696_c0_g1_i1.p1        47.30%    passed     95.71%
  42  JJ74|Cluster-122606.0__TRINITY_DN1888_c0_g1_i2.p1              48.25%    failed      3.08%
  43  JJ131|Cluster-64684.1__TRINITY_DN3074_c0_g1_i6.p1               0.32%    passed    100.00%
  44  DE126|Cluster-29705.2__TRINITY_DN244_c1_g1_i5.p1                0.32%    passed    100.00%
  45  JJ86|Cluster-47809.2__TRINITY_DN3866_c0_g1_i23.p1               0.32%    passed    100.00%
  46  DE546_urceolata_l|Cluster-5178.0__TRINITY_DN2914_c0_g2_i3.p1    0.32%    passed    100.00%
  47  SRR3407096|Cluster-23704.0__TRINITY_DN13724_c0_g3_i1.p1         0.32%    passed    100.00%
  48  DE523|Cluster-54038.0__TRINITY_DN10100_c0_g1_i11.p1             0.32%    passed    100.00%
  49  JJ125|Cluster-36340.0__TRINITY_DN9262_c0_g3_i1.p1              39.37%    passed    100.00%
  50  DE229|Cluster-32028.1__TRINITY_DN2103_c0_g1_i17.p1              0.32%    passed    100.00%
  51  JJ23|Cluster-41668.25__TRINITY_DN2531_c0_g1_i1.p1               0.32%    passed    100.00%
  52  DE152|Cluster-19272.0__TRINITY_DN4608_c0_g2_i1.p1               0.32%    passed    100.00%
  53  JJ99|Cluster-1347.0__TRINITY_DN429_c0_g1_i3.p1                  0.32%    passed    100.00%
  54  DE151|Cluster-50743.1__TRINITY_DN3784_c0_g1_i4.p1               0.32%    passed    100.00%
  55  DE173|Cluster-29606.0__TRINITY_DN5266_c0_g1_i2.p1               0.32%    passed    100.00%
  56  DE189|Cluster-41341.0__TRINITY_DN5160_c0_g1_i2.p1               0.32%    passed    100.00%
  57  JJ109|Cluster-31074.0__TRINITY_DN3986_c1_g1_i1.p1               0.32%    passed    100.00%
  58  JJ130|Cluster-25920.0__TRINITY_DN5041_c0_g1_i24.p1              0.32%    passed    100.00%
  59  JJ89|Cluster-24254.0__TRINITY_DN3303_c0_g1_i3.p1                0.32%    passed    100.00%
  60  DE504|Cluster-25186.0__TRINITY_DN12882_c0_g2_i1.p1             18.41%    passed     99.67%
  61  DE476|Cluster-46400.0__TRINITY_DN1617_c0_g1_i1.p1               0.32%    passed    100.00%
  62  DE531|Cluster-53920.0__TRINITY_DN7301_c0_g1_i21.p1              0.32%    passed    100.00%
  63  DE696-nodots|Cluster-49034.0__TRINITY_DN9864_c0_g2_i1.p1        0.32%    passed    100.00%
  64  DE550|Cluster-47836.1__TRINITY_DN5352_c0_g1_i7.p1               0.32%    passed    100.00%
  65  DE549|Cluster-21895.0__TRINITY_DN16118_c0_g2_i2.p1              0.32%    passed    100.00%
  66  DE560|Cluster-41667.0__TRINITY_DN1204_c0_g1_i8.p1               0.32%    passed    100.00%
  67  DE541|Cluster-4100.0__TRINITY_DN3518_c0_g2_i1.p1               18.41%    passed     99.98%
  68  DE181|Cluster-49388.0__TRINITY_DN1328_c0_g2_i1.p1              18.41%    passed    100.00%
  69  SRR3407086|Cluster-37160.1__TRINITY_DN17885_c0_g1_i3.p1         0.32%    passed    100.00%
  70  SRR3407088|Cluster-31605.1__TRINITY_DN5576_c0_g1_i2.p1          0.32%    passed    100.00%
  71  SRR3424066|Cluster-41990.0__TRINITY_DN2367_c0_g1_i1.p1          0.32%    passed    100.00%
  72  DE69|Cluster-51887.1__TRINITY_DN3519_c0_g1_i30.p1              46.67%    passed     99.54%
  73  SRR3407095|Cluster-40268.1__TRINITY_DN1940_c0_g1_i5.p1          0.32%    passed    100.00%
  74  DE503|Cluster-40066.2__TRINITY_DN1151_c0_g2_i7.p1               0.32%    passed     99.74%
  75  DE510|Cluster-15526.1__TRINITY_DN2481_c0_g2_i2.p1               0.32%    passed    100.00%
  76  SRR3407087|Cluster-25489.1__TRINITY_DN15715_c0_g1_i8.p1         0.32%    passed    100.00%
  77  SRR3407093|Cluster-26519.1__TRINITY_DN4105_c0_g1_i3.p1          0.32%    passed    100.00%
  78  DE672|Cluster-55057.0__TRINITY_DN5102_c0_g1_i33.p1             37.78%    passed     99.30%
  79  DE671|Cluster-12733.0__TRINITY_DN3273_c0_g2_i2.p1               0.32%    passed    100.00%
  80  DE554|Cluster-66466.1__TRINITY_DN218_c0_g4_i4.p1                0.32%    passed    100.00%
  81  DE519|Cluster-21083.0__TRINITY_DN12813_c0_g1_i1.p1              0.00%    passed    100.00%
  82  DE741|Cluster-2796.0__TRINITY_DN2493_c0_g1_i1.p1               46.67%    passed     94.01%
  83  DE88|Cluster-33325.1__TRINITY_DN13385_c0_g1_i3.p1               0.32%    passed    100.00%
  84  JJ74|Cluster-112733.0__TRINITY_DN95994_c0_g1_i5.p1             18.41%    passed    100.00%
  85  DE566|Cluster-11082.2__TRINITY_DN5147_c0_g1_i12.p1              0.32%    passed    100.00%
  86  DE534|Cluster-54564.3__TRINITY_DN934_c0_g1_i9.p1                0.32%    passed    100.00%
  87  DE542|Cluster-27265.3__TRINITY_DN358_c0_g1_i5.p1                0.32%    passed    100.00%
  88  DE216|Cluster-78021.0__TRINITY_DN10325_c0_g1_i5.p1             36.51%    passed     99.99%
  89  SRR104381|Cluster-10011.3__TRINITY_DN5846_c0_g2_i1.p1          42.22%    passed     98.02%
  90  DE542|Cluster-45882.0__TRINITY_DN4298_c0_g2_i1.p1              35.24%    passed     98.81%
  91  DE765|Cluster-51170.0__TRINITY_DN318_c0_g1_i14.p1               0.32%    passed     99.99%
  92  DE563|Cluster-54363.0__TRINITY_DN239_c0_g1_i11.p1               0.32%    passed    100.00%
  93  JJ74|Cluster-102119.0__TRINITY_DN95994_c0_g1_i11.p1             0.32%    passed    100.00%
  94  JJ23|Cluster-42920.10__TRINITY_DN4377_c0_g1_i1.p1               0.32%    passed    100.00%
  95  DE534|Cluster-49068.0__TRINITY_DN21292_c0_g1_i1.p1             37.78%    passed     99.88%
  96  JJ85|Cluster-39762.0__TRINITY_DN231_c0_g3_i1.p1                18.41%    passed    100.00%
  97  JJ99|Cluster-41239.0__TRINITY_DN429_c0_g1_i6.p1                 0.32%    passed     99.99%
  98  JJ131|Cluster-36186.0__TRINITY_DN172842_c0_g1_i2.p1            48.25%    passed     99.80%
  99  JJ125|Cluster-23390.0__TRINITY_DN9262_c0_g2_i1.p1               0.32%    passed    100.00%
 100  DE541|Cluster-37227.0__TRINITY_DN3518_c0_g1_i8.p1               0.32%    passed    100.00%
 101  DE164|Cluster-52547.1__TRINITY_DN4500_c0_g1_i5.p1               0.32%    passed     99.98%
 102  DE643|Cluster-53146.1__TRINITY_DN13713_c0_g1_i4.p1              0.32%    passed     99.99%
 103  DE531|Cluster-38161.0__TRINITY_DN7301_c0_g1_i6.p1               0.32%    passed    100.00%
 104  JJ36|Cluster-34434.0__TRINITY_DN8476_c0_g1_i1.p1               18.41%    passed     99.85%
 105  JJ130|Cluster-23309.1__TRINITY_DN5041_c0_g1_i19.p1              0.95%    passed    100.00%
 106  DE503|Cluster-49759.0__TRINITY_DN1151_c0_g1_i1.p1              18.41%    passed     99.94%
 107  DE505|Cluster-35357.1__TRINITY_DN9154_c0_g2_i1.p1               0.32%    passed    100.00%
 108  SRR3407094|Cluster-22946.0__TRINITY_DN14321_c0_g1_i1.p1         0.32%    passed    100.00%
 109  SRR3407086|Cluster-30834.1__TRINITY_DN17166_c2_g1_i7.p1        35.24%    passed     97.64%
 110  SRR3407092|Cluster-34065.1__TRINITY_DN5674_c0_g2_i1.p1          0.32%    passed    100.00%
 111  DE566|Cluster-17557.0__TRINITY_DN27560_c0_g1_i1.p1              0.32%    passed    100.00%
 112  DE162|Cluster-23903.2__TRINITY_DN3408_c0_g1_i6.p1               0.32%    passed    100.00%
 113  DE704-white|Cluster-14381.0__TRINITY_DN1024_c0_g2_i1.p1        18.41%    passed     99.99%
 114  DE737|Cluster-55073.1__TRINITY_DN320_c0_g2_i7.p1                0.32%    passed    100.00%
 115  DE736|Cluster-56039.2__TRINITY_DN12968_c0_g1_i9.p1              0.32%    passed    100.00%
****  TOTAL                                                          11.67%  2 sequences failed composition chi2 test (p-value<5%; df=60)
Reading input tree file tmp.csubst.nwk ... rooted tree

NOTE: 81 MB RAM (0 GB) is required!
Measuring multi-threading efficiency up to 1 CPU cores
2 trees examined
Threads: 1 / Time: 4.622 sec / Speedup: 1.000 / Efficiency: 100% / LogL: -27008
BEST NUMBER OF THREADS: 1

Estimate model parameters (epsilon = 0.010)
1. Initial log-likelihood: -15988.602
2. Current log-likelihood: -12145.144
3. Current log-likelihood: -12118.387
4. Current log-likelihood: -12115.310
5. Current log-likelihood: -12114.072
6. Current log-likelihood: -12113.981
7. Current log-likelihood: -12113.952
Optimal log-likelihood: -12113.943
Nonsynonymous/synonymous ratio (omega): 1.000
Transition/transversion ratio (kappa): 1.000
Site proportion and rates:  (0.522,0.382) (0.370,1.292) (0.102,2.921) (0.007,3.890)
Parameters optimization took 7 rounds (107.445 sec)
Wrote distance file to... 
BEST SCORE FOUND : -12113.943
Ancestral state probabilities printed to /mnt/data0/yue/2026-03-11-protein-convergence/results/OG_213/csubst_w_s/csubst_input_alignment.fa.state
Empirical proportions for each category: 0.543 0.362 0.095 0.000
Site rates printed to /mnt/data0/yue/2026-03-11-protein-convergence/results/OG_213/csubst_w_s/csubst_input_alignment.fa.rate
Total tree length: 7.177

Total number of iterations: 0
CPU time used for tree search: 0.000 sec (0h:0m:0s)
Wall-clock time used for tree search: 0.000 sec (0h:0m:0s)
Total CPU time used: 114.344 sec (0h:1m:54s)
Total wall-clock time used: 114.644 sec (0h:1m:54s)

Analysis results written to: 
  IQ-TREE report:                /mnt/data0/yue/2026-03-11-protein-convergence/results/OG_213/csubst_w_s/csubst_input_alignment.fa.iqtree
  Maximum-likelihood tree:       /mnt/data0/yue/2026-03-11-protein-convergence/results/OG_213/csubst_w_s/csubst_input_alignment.fa.treefile
  Site-specific rates:           /mnt/data0/yue/2026-03-11-protein-convergence/results/OG_213/csubst_w_s/csubst_input_alignment.fa.rate
  Ancestral state:               /mnt/data0/yue/2026-03-11-protein-convergence/results/OG_213/csubst_w_s/csubst_input_alignment.fa.state
  Screen log file:               /mnt/data0/yue/2026-03-11-protein-convergence/results/OG_213/csubst_w_s/csubst_input_alignment.fa.log

Date and Time: Fri Mar 27 02:59:43 2026
