IQ-TREE multicore version 2.4.0 for Linux x86 64-bit built Feb 12 2025
Developed by Bui Quang Minh, Nguyen Lam Tung, Olga Chernomor, Heiko Schmidt,
Dominik Schrempf, Michael Woodhams, Ly Trong Nhan, Thomas Wong

Host:    brain (AVX2, FMA3, 2015 GB RAM)
Command: /home/yue/miniconda3/envs/py39/bin/iqtree -s /mnt/data0/yue/2026-03-11-protein-convergence/results/OG_5469/csubst_w_s/csubst_input_alignment.fa -te tmp.csubst.nwk -m ECMK07+F+R4 --seqtype CODON1 --threads-max 1 -T AUTO --ancestral --rate --redo
Seed:    942670 (Using SPRNG - Scalable Parallel Random Number Generator)
Time:    Fri Mar 27 18:07:01 2026
Kernel:  AVX+FMA - auto-detect threads (128 CPU cores detected)

Reading alignment file /mnt/data0/yue/2026-03-11-protein-convergence/results/OG_5469/csubst_w_s/csubst_input_alignment.fa ... Fasta format detected
Reading fasta file: done in 0.00160635 secs using 49.37% CPU
Alignment most likely contains DNA/RNA sequences
Converting to codon sequences with genetic code 1 ...
Alignment has 73 sequences with 436 columns, 405 distinct patterns
280 parsimony-informative, 91 singleton sites, 65 constant sites
                                                                Gap/Ambiguity  Composition  p-value
Analyzing sequences: done in 7.61449e-05 secs using 98.5% CPU
   1  DE189|Cluster-41523.2__TRINITY_DN3154_c0_g1_i19.p1                0.69%    passed    100.00%
   2  DE164|Cluster-51737.1__TRINITY_DN333_c0_g1_i12.p1                 0.23%    passed    100.00%
   3  DE696-dots|Cluster-37295.1__TRINITY_DN3649_c0_g1_i11.p1          16.06%    passed    100.00%
   4  SRR11934227|Cluster-189431.1__TRINITY_DN97155_c0_g1_i4.p1        31.88%    passed     63.39%
   5  SRR11748982|Cluster-44013.2__TRINITY_DN5501_c0_g1_i1.p1           0.69%    failed      0.37%
   6  DE115|Cluster-29044.2__TRINITY_DN8036_c0_g2_i3.p1                 0.00%    passed    100.00%
   7  DE546_urceolata_l|Cluster-20976.0__TRINITY_DN47036_c0_g1_i1.p1    0.00%    passed    100.00%
   8  JJ99|Cluster-36163.0__TRINITY_DN14850_c0_g2_i1.p1                 0.00%    passed    100.00%
   9  DE152|Cluster-56565.0__TRINITY_DN6794_c0_g1_i1.p1                 0.00%    passed    100.00%
  10  DE476|Cluster-38148.1__TRINITY_DN3364_c0_g1_i12.p1                0.00%    passed    100.00%
  11  DE541|Cluster-27441.6__TRINITY_DN4644_c0_g1_i47.p1                1.38%    passed    100.00%
  12  JJ89|Cluster-40585.0__TRINITY_DN1549_c0_g1_i2.p1                  0.00%    passed    100.00%
  13  DE737|Cluster-30650.0__TRINITY_DN1070_c0_g3_i5.p1                 0.00%    passed    100.00%
  14  DE509|Cluster-38946.0__TRINITY_DN10070_c0_g1_i1.p1                0.00%    passed    100.00%
  15  DE550|Cluster-20856.0__TRINITY_DN9926_c0_g1_i1.p1                 0.00%    passed    100.00%
  16  DE643|Cluster-70277.0__TRINITY_DN7210_c0_g1_i5.p1                 0.00%    passed    100.00%
  17  DE88|Cluster-15809.0__TRINITY_DN14187_c0_g1_i1.p1                 0.00%    passed    100.00%
  18  DE736|Cluster-52621.3__TRINITY_DN6667_c0_g1_i8.p1                 7.34%    passed    100.00%
  19  DE764|Cluster-44668.0__TRINITY_DN146_c0_g1_i2.p1                  7.34%    passed    100.00%
  20  JJ109|Cluster-29816.3__TRINITY_DN591_c1_g1_i1.p1                  0.00%    passed    100.00%
  21  DE560|Cluster-34848.0__TRINITY_DN5886_c0_g1_i1.p1                 0.00%    passed    100.00%
  22  DE672|Cluster-57947.1__TRINITY_DN3882_c0_g1_i11.p1                0.00%    passed    100.00%
  23  DE181|Cluster-30362.0__TRINITY_DN13796_c0_g1_i1.p1                8.72%    passed    100.00%
  24  DE503|Cluster-23413.0__TRINITY_DN124_c0_g3_i1.p1                  0.00%    passed    100.00%
  25  DE505|Cluster-22115.0__TRINITY_DN7499_c0_g1_i1.p1                 0.00%    passed    100.00%
  26  SRR3407093|Cluster-6149.0__TRINITY_DN2494_c0_g1_i1.p1             0.00%    passed    100.00%
  27  SRR3424066|Cluster-9910.0__TRINITY_DN43732_c0_g1_i1.p1            0.00%    passed    100.00%
  28  DE561|Cluster-627.0__TRINITY_DN54448_c0_g1_i1.p1                  0.00%    passed    100.00%
  29  SRR3407086|Cluster-26195.0__TRINITY_DN93664_c0_g1_i1.p1           0.00%    passed    100.00%
  30  SRR3407092|Cluster-18849.0__TRINITY_DN5631_c0_g1_i1.p1            0.00%    passed    100.00%
  31  SRR3407088|Cluster-16819.0__TRINITY_DN51164_c0_g1_i1.p1           0.00%    passed    100.00%
  32  DE510|Cluster-43623.0__TRINITY_DN64114_c0_g1_i1.p1                0.00%    passed    100.00%
  33  SRR3407087|Cluster-36294.0__TRINITY_DN36493_c0_g1_i1.p1           0.00%    passed    100.00%
  34  SRR3407094|Cluster-28189.0__TRINITY_DN51069_c0_g1_i1.p1           0.00%    passed    100.00%
  35  DE536|Cluster-21329.0__TRINITY_DN67243_c0_g1_i1.p1                0.00%    passed    100.00%
  36  JJ125|Cluster-4078.58__TRINITY_DN989_c0_g1_i65.p1                 0.00%    passed    100.00%
  37  DRR082660|Cluster-46338.0__TRINITY_DN24051_c0_g1_i1.p1            0.00%    passed    100.00%
  38  SRR3407096|Cluster-6216.0__TRINITY_DN26033_c0_g1_i1.p1            0.00%    passed    100.00%
  39  DE216|Cluster-73101.0__TRINITY_DN3263_c0_g1_i3.p1                 0.00%    passed    100.00%
  40  DE542|Cluster-22994.0__TRINITY_DN4944_c0_g1_i1.p1                 8.49%    passed    100.00%
  41  JJ15|Cluster-19104.0__TRINITY_DN5394_c0_g1_i1.p1                  0.00%    passed    100.00%
  42  DE534|Cluster-42906.0__TRINITY_DN6515_c0_g1_i2.p1                 0.00%    passed    100.00%
  43  DE523|Cluster-2922.0__TRINITY_DN15432_c0_g1_i2.p1                 8.72%    passed    100.00%
  44  DE519|Cluster-71808.0__TRINITY_DN7567_c0_g1_i3.p1                 0.00%    passed    100.00%
  45  DE741|Cluster-58211.0__TRINITY_DN102789_c0_g1_i1.p1               0.00%    passed    100.00%
  46  JJ74|Cluster-134584.0__TRINITY_DN1259_c0_g1_i1.p1                 0.23%    passed    100.00%
  47  JJ85|Cluster-9636.0__TRINITY_DN18103_c0_g1_i1.p1                  0.00%    passed    100.00%
  48  DE69|Cluster-11308.0__TRINITY_DN5017_c0_g1_i1.p1                  0.00%    passed    100.00%
  49  SRR3407095|Cluster-41936.0__TRINITY_DN4090_c0_g1_i1.p1            0.00%    passed    100.00%
  50  JJ131|Cluster-36575.0__TRINITY_DN14131_c0_g1_i3.p1                0.00%    passed    100.00%
  51  DE162|Cluster-8030.0__TRINITY_DN3579_c0_g1_i1.p1                  0.23%    passed    100.00%
  52  DE507|Cluster-88844.0__TRINITY_DN7588_c0_g1_i1.p1                 0.23%    passed    100.00%
  53  DE528|Cluster-19087.0__TRINITY_DN85217_c0_g1_i1.p1                0.23%    passed    100.00%
  54  DE704-purple|Cluster-5677.0__TRINITY_DN4288_c0_g1_i1.p1           0.23%    passed    100.00%
  55  DE704-white|Cluster-67046.0__TRINITY_DN5376_c0_g1_i1.p1           0.23%    passed    100.00%
  56  DE563|Cluster-6588.0__TRINITY_DN4048_c0_g5_i1.p1                  0.00%    passed    100.00%
  57  DE681|Cluster-60419.1__TRINITY_DN3888_c0_g1_i4.p1                 7.80%    passed    100.00%
  58  DE765|Cluster-46816.0__TRINITY_DN20560_c0_g1_i2.p1                0.23%    passed    100.00%
  59  DE575|Cluster-22915.0__TRINITY_DN23237_c0_g2_i1.p1                0.00%    passed    100.00%
  60  JJ36|Cluster-43510.2__TRINITY_DN1316_c0_g1_i71.p1                 0.00%    passed    100.00%
  61  DE531|Cluster-48271.0__TRINITY_DN180_c0_g1_i2.p1                 16.06%    passed    100.00%
  62  DE696-nodots|Cluster-19140.4__TRINITY_DN360_c0_g1_i3.p1          15.37%    passed    100.00%
  63  DE666|Cluster-45823.0__TRINITY_DN702_c0_g1_i2.p1                  0.23%    passed    100.00%
  64  DE623|Cluster-9825.0__TRINITY_DN11510_c0_g1_i1.p1                 0.69%    passed    100.00%
  65  DE680|Cluster-34424.0__TRINITY_DN3062_c0_g1_i1.p1                 0.92%    passed    100.00%
  66  JJ86|Cluster-31550.0__TRINITY_DN2799_c1_g1_i1.p1                  0.00%    passed    100.00%
  67  DE668|Cluster-54453.0__TRINITY_DN7171_c0_g1_i2.p1                 0.00%    passed    100.00%
  68  DE127|Cluster-30107.0__TRINITY_DN22120_c0_g1_i2.p1                0.00%    passed    100.00%
  69  DE554|Cluster-67495.2__TRINITY_DN11111_c0_g5_i1.p1                0.00%    passed    100.00%
  70  JJ23|Cluster-41966.0__TRINITY_DN15354_c0_g1_i1.p1                 0.00%    passed    100.00%
  71  SRR5150740|Cluster-48466.0__TRINITY_DN720_c0_g1_i2.p1             0.69%    passed     99.97%
  72  DE151|Cluster-29767.1__TRINITY_DN7238_c0_g1_i13.p1                7.11%    passed    100.00%
  73  DRR082665|Cluster-49742.0__TRINITY_DN1788_c0_g1_i1.p1             6.65%    passed      9.08%
****  TOTAL                                                             2.04%  1 sequences failed composition chi2 test (p-value<5%; df=60)
WARNING: States(s) TGC, TGT rarely appear in alignment and may cause numerical problems
Reading input tree file tmp.csubst.nwk ... rooted tree

NOTE: 64 MB RAM (0 GB) is required!
Measuring multi-threading efficiency up to 1 CPU cores
2 trees examined
Threads: 1 / Time: 3.349 sec / Speedup: 1.000 / Efficiency: 100% / LogL: -14499
BEST NUMBER OF THREADS: 1

Estimate model parameters (epsilon = 0.010)
1. Initial log-likelihood: -14843.501
2. Current log-likelihood: -9755.365
3. Current log-likelihood: -9734.889
4. Current log-likelihood: -9734.575
5. Current log-likelihood: -9732.675
6. Current log-likelihood: -9732.429
7. Current log-likelihood: -9732.356
8. Current log-likelihood: -9732.338
9. Current log-likelihood: -9731.106
10. Current log-likelihood: -9731.007
11. Current log-likelihood: -9730.985
Optimal log-likelihood: -9730.980
Nonsynonymous/synonymous ratio (omega): 1.000
Transition/transversion ratio (kappa): 1.000
Site proportion and rates:  (0.453,0.333) (0.378,0.858) (0.152,2.712) (0.017,6.665)
Parameters optimization took 11 rounds (129.575 sec)
Wrote distance file to... 
BEST SCORE FOUND : -9730.980
Ancestral state probabilities printed to /mnt/data0/yue/2026-03-11-protein-convergence/results/OG_5469/csubst_w_s/csubst_input_alignment.fa.state
Empirical proportions for each category: 0.484 0.360 0.142 0.014
Site rates printed to /mnt/data0/yue/2026-03-11-protein-convergence/results/OG_5469/csubst_w_s/csubst_input_alignment.fa.rate
Total tree length: 4.447

Total number of iterations: 0
CPU time used for tree search: 0.000 sec (0h:0m:0s)
Wall-clock time used for tree search: 0.000 sec (0h:0m:0s)
Total CPU time used: 135.037 sec (0h:2m:15s)
Total wall-clock time used: 135.236 sec (0h:2m:15s)

Analysis results written to: 
  IQ-TREE report:                /mnt/data0/yue/2026-03-11-protein-convergence/results/OG_5469/csubst_w_s/csubst_input_alignment.fa.iqtree
  Maximum-likelihood tree:       /mnt/data0/yue/2026-03-11-protein-convergence/results/OG_5469/csubst_w_s/csubst_input_alignment.fa.treefile
  Site-specific rates:           /mnt/data0/yue/2026-03-11-protein-convergence/results/OG_5469/csubst_w_s/csubst_input_alignment.fa.rate
  Ancestral state:               /mnt/data0/yue/2026-03-11-protein-convergence/results/OG_5469/csubst_w_s/csubst_input_alignment.fa.state
  Screen log file:               /mnt/data0/yue/2026-03-11-protein-convergence/results/OG_5469/csubst_w_s/csubst_input_alignment.fa.log

Date and Time: Fri Mar 27 18:09:17 2026
