IQ-TREE multicore version 2.4.0 for Linux x86 64-bit built Feb 12 2025
Developed by Bui Quang Minh, Nguyen Lam Tung, Olga Chernomor, Heiko Schmidt,
Dominik Schrempf, Michael Woodhams, Ly Trong Nhan, Thomas Wong

Host:    brain (AVX2, FMA3, 2015 GB RAM)
Command: /home/yue/miniconda3/envs/py39/bin/iqtree -s /mnt/data0/yue/2026-03-11-protein-convergence/results/OG_11251/csubst_w_s/csubst_input_alignment.fa -te tmp.csubst.nwk -m ECMK07+F+R4 --seqtype CODON1 --threads-max 1 -T AUTO --ancestral --rate --redo
Seed:    763261 (Using SPRNG - Scalable Parallel Random Number Generator)
Time:    Thu Mar 26 22:05:41 2026
Kernel:  AVX+FMA - auto-detect threads (128 CPU cores detected)

Reading alignment file /mnt/data0/yue/2026-03-11-protein-convergence/results/OG_11251/csubst_w_s/csubst_input_alignment.fa ... Fasta format detected
Reading fasta file: done in 0.000447392 secs using 24.81% CPU
Alignment most likely contains DNA/RNA sequences
Converting to codon sequences with genetic code 1 ...
Alignment has 52 sequences with 143 columns, 138 distinct patterns
68 parsimony-informative, 43 singleton sites, 32 constant sites
                                                           Gap/Ambiguity  Composition  p-value
Analyzing sequences: done in 2.20686e-05 secs using 27.19% CPU
   1  DE668|Cluster-8138.11__TRINITY_DN3415_c0_g1_i49.p1           0.00%    passed     98.94%
   2  DE519|Cluster-54439.0__TRINITY_DN5802_c0_g1_i4.p1            0.70%    passed    100.00%
   3  JJ15|Cluster-47060.0__TRINITY_DN30069_c0_g1_i7.p2            0.70%    passed    100.00%
   4  DE127|Cluster-33500.2__TRINITY_DN5786_c0_g2_i9.p1            0.70%    passed    100.00%
   5  JJ85|Cluster-10004.0__TRINITY_DN1647_c0_g4_i1.p1             0.70%    passed    100.00%
   6  DE528|Cluster-51305.0__TRINITY_DN3494_c0_g2_i2.p1            0.70%    passed    100.00%
   7  DE563|Cluster-18754.0__TRINITY_DN3189_c0_g1_i6.p1            0.70%    passed    100.00%
   8  DE680|Cluster-41120.1__TRINITY_DN21295_c0_g1_i2.p1           0.70%    passed    100.00%
   9  DE623|Cluster-42166.2__TRINITY_DN2496_c0_g1_i11.p1           0.70%    passed    100.00%
  10  DE566|Cluster-50922.0__TRINITY_DN2117_c0_g1_i12.p1           0.70%    passed    100.00%
  11  DE181|Cluster-23039.82__TRINITY_DN14333_c0_g1_i2.p1         27.27%    passed    100.00%
  12  DE523|Cluster-27923.0__TRINITY_DN73672_c0_g1_i1.p1           0.70%    passed    100.00%
  13  SRR3407096|Cluster-17652.0__TRINITY_DN27640_c0_g1_i1.p1      0.70%    passed    100.00%
  14  DE503|Cluster-16265.0__TRINITY_DN3801_c1_g1_i2.p1            0.70%    passed    100.00%
  15  DE505|Cluster-28723.0__TRINITY_DN13192_c0_g1_i2.p1           0.70%    passed    100.00%
  16  SRR3407094|Cluster-22584.0__TRINITY_DN2068_c1_g1_i1.p1       0.70%    passed    100.00%
  17  SRR3407092|Cluster-38438.0__TRINITY_DN38249_c0_g1_i1.p1      0.70%    passed    100.00%
  18  DE510|Cluster-8560.0__TRINITY_DN17776_c0_g1_i2.p1            0.70%    passed    100.00%
  19  SRR3407087|Cluster-6368.0__TRINITY_DN2549_c1_g1_i1.p1        0.70%    passed    100.00%
  20  DE541|Cluster-31082.0__TRINITY_DN9073_c0_g1_i10.p1           0.70%    passed    100.00%
  21  DE542|Cluster-31199.0__TRINITY_DN5693_c0_g1_i1.p1            0.70%    passed    100.00%
  22  DE550|Cluster-20608.0__TRINITY_DN4144_c0_g1_i1.p1            0.70%    passed    100.00%
  23  DE69|Cluster-46453.0__TRINITY_DN22535_c0_g1_i1.p1            0.70%    passed    100.00%
  24  SRR3407095|Cluster-26545.0__TRINITY_DN1696_c0_g1_i1.p1       0.70%    passed    100.00%
  25  SRR3407093|Cluster-1676.0__TRINITY_DN5668_c0_g1_i1.p1        0.70%    passed    100.00%
  26  DE737|Cluster-13271.0__TRINITY_DN3416_c0_g1_i1.p1            0.70%    passed    100.00%
  27  SRR3424066|Cluster-3907.0__TRINITY_DN33197_c0_g1_i1.p1       0.70%    passed    100.00%
  28  DE504|Cluster-47332.0__TRINITY_DN13104_c0_g1_i1.p1           0.70%    passed    100.00%
  29  DE509|Cluster-34472.0__TRINITY_DN5030_c0_g1_i2.p1            0.70%    failed      4.42%
  30  DE736|Cluster-22829.0__TRINITY_DN2195_c0_g1_i3.p1            0.70%    passed    100.00%
  31  SRR3407086|Cluster-4199.0__TRINITY_DN93711_c0_g1_i1.p1       0.70%    passed    100.00%
  32  DE643|Cluster-84852.0__TRINITY_DN5497_c0_g1_i2.p1            0.70%    passed    100.00%
  33  DE696-dots|Cluster-33280.0__TRINITY_DN5662_c1_g1_i7.p1      27.27%    passed    100.00%
  34  JJ36|Cluster-30123.0__TRINITY_DN9882_c2_g2_i4.p1            27.27%    passed    100.00%
  35  DE672|Cluster-57403.0__TRINITY_DN447_c0_g1_i21.p1            0.70%    passed    100.00%
  36  DE536|Cluster-52432.0__TRINITY_DN4163_c0_g1_i1.p1           27.27%    passed     99.93%
  37  JJ131|Cluster-39105.1__TRINITY_DN12018_c0_g2_i2.p1           0.70%    passed     97.85%
  38  DE554|Cluster-36994.0__TRINITY_DN6658_c0_g1_i20.p1           0.70%    passed    100.00%
  39  DE534|Cluster-16927.3__TRINITY_DN2517_c1_g1_i51.p2           0.70%    passed     66.24%
  40  DE560|Cluster-47735.1__TRINITY_DN11605_c0_g1_i11.p1          0.70%    passed    100.00%
  41  DRR082660|Cluster-45325.0__TRINITY_DN5427_c0_g3_i1.p1        0.70%    passed    100.00%
  42  DE162|Cluster-44414.1__TRINITY_DN15757_c0_g1_i16.p1          0.70%    passed    100.00%
  43  DE704-white|Cluster-36858.6__TRINITY_DN5954_c0_g1_i19.p1     0.70%    passed    100.00%
  44  DE507|Cluster-76988.2__TRINITY_DN5011_c0_g1_i9.p1            0.70%    passed    100.00%
  45  DE229|Cluster-62588.0__TRINITY_DN57939_c0_g1_i2.p1           0.70%    passed     99.97%
  46  DE88|Cluster-2137.0__TRINITY_DN595_c1_g2_i1.p1               0.70%    passed    100.00%
  47  SRR3407088|Cluster-39666.0__TRINITY_DN1413_c0_g1_i3.p1       9.09%    passed    100.00%
  48  SRR11748982|Cluster-5039.0__TRINITY_DN11830_c0_g3_i1.p1      0.70%    failed      0.00%
  49  DE681|Cluster-59629.0__TRINITY_DN11258_c0_g1_i10.p1          0.70%    passed    100.00%
  50  DE666|Cluster-2427.1__TRINITY_DN8190_c0_g1_i7.p1             0.70%    passed    100.00%
  51  SRR11934227|Cluster-184653.1__TRINITY_DN15863_c0_g1_i2.p1    0.70%    passed     22.54%
  52  DE575|Cluster-63005.0__TRINITY_DN18863_c0_g1_i2.p1           9.79%    passed    100.00%
****  TOTAL                                                        3.07%  2 sequences failed composition chi2 test (p-value<5%; df=60)
Reading input tree file tmp.csubst.nwk ... rooted tree

NOTE: 19 MB RAM (0 GB) is required!
Measuring multi-threading efficiency up to 1 CPU cores
2 trees examined
Threads: 1 / Time: 1.200 sec / Speedup: 1.000 / Efficiency: 100% / LogL: -3582
BEST NUMBER OF THREADS: 1

Estimate model parameters (epsilon = 0.010)
1. Initial log-likelihood: -3550.813
2. Current log-likelihood: -2714.722
3. Current log-likelihood: -2710.882
4. Current log-likelihood: -2709.013
5. Current log-likelihood: -2708.142
6. Current log-likelihood: -2708.079
7. Current log-likelihood: -2708.039
8. Current log-likelihood: -2707.861
9. Current log-likelihood: -2707.830
10. Current log-likelihood: -2707.805
11. Current log-likelihood: -2707.783
12. Current log-likelihood: -2707.764
13. Current log-likelihood: -2707.746
14. Current log-likelihood: -2707.728
15. Current log-likelihood: -2707.713
16. Current log-likelihood: -2707.697
17. Current log-likelihood: -2707.682
18. Current log-likelihood: -2707.668
19. Current log-likelihood: -2707.656
20. Current log-likelihood: -2707.644
21. Current log-likelihood: -2707.633
Optimal log-likelihood: -2707.623
Nonsynonymous/synonymous ratio (omega): 1.000
Transition/transversion ratio (kappa): 1.000
Site proportion and rates:  (0.632,0.379) (0.224,1.217) (0.136,2.953) (0.008,11.266)
Parameters optimization took 21 rounds (65.262 sec)
Wrote distance file to... 
BEST SCORE FOUND : -2707.623
Ancestral state probabilities printed to /mnt/data0/yue/2026-03-11-protein-convergence/results/OG_11251/csubst_w_s/csubst_input_alignment.fa.state
Empirical proportions for each category: 0.706 0.147 0.140 0.007
Site rates printed to /mnt/data0/yue/2026-03-11-protein-convergence/results/OG_11251/csubst_w_s/csubst_input_alignment.fa.rate
Total tree length: 3.053

Total number of iterations: 0
CPU time used for tree search: 0.000 sec (0h:0m:0s)
Wall-clock time used for tree search: 0.000 sec (0h:0m:0s)
Total CPU time used: 66.841 sec (0h:1m:6s)
Total wall-clock time used: 67.098 sec (0h:1m:7s)

Analysis results written to: 
  IQ-TREE report:                /mnt/data0/yue/2026-03-11-protein-convergence/results/OG_11251/csubst_w_s/csubst_input_alignment.fa.iqtree
  Maximum-likelihood tree:       /mnt/data0/yue/2026-03-11-protein-convergence/results/OG_11251/csubst_w_s/csubst_input_alignment.fa.treefile
  Site-specific rates:           /mnt/data0/yue/2026-03-11-protein-convergence/results/OG_11251/csubst_w_s/csubst_input_alignment.fa.rate
  Ancestral state:               /mnt/data0/yue/2026-03-11-protein-convergence/results/OG_11251/csubst_w_s/csubst_input_alignment.fa.state
  Screen log file:               /mnt/data0/yue/2026-03-11-protein-convergence/results/OG_11251/csubst_w_s/csubst_input_alignment.fa.log

Date and Time: Thu Mar 26 22:06:48 2026
