IQ-TREE multicore version 2.4.0 for Linux x86 64-bit built Feb 12 2025
Developed by Bui Quang Minh, Nguyen Lam Tung, Olga Chernomor, Heiko Schmidt,
Dominik Schrempf, Michael Woodhams, Ly Trong Nhan, Thomas Wong

Host:    brain (AVX2, FMA3, 2015 GB RAM)
Command: /home/yue/miniconda3/envs/py39/bin/iqtree -s /mnt/data0/yue/2026-03-11-protein-convergence/results/OG_2965/csubst_w_s/csubst_input_alignment.fa -te tmp.csubst.nwk -m ECMK07+F+R4 --seqtype CODON1 --threads-max 1 -T AUTO --ancestral --rate --redo
Seed:    770669 (Using SPRNG - Scalable Parallel Random Number Generator)
Time:    Fri Mar 27 07:05:27 2026
Kernel:  AVX+FMA - auto-detect threads (128 CPU cores detected)

Reading alignment file /mnt/data0/yue/2026-03-11-protein-convergence/results/OG_2965/csubst_w_s/csubst_input_alignment.fa ... Fasta format detected
Reading fasta file: done in 0.000424951 secs using 49.65% CPU
Alignment most likely contains DNA/RNA sequences
Converting to codon sequences with genetic code 1 ...
Alignment has 61 sequences with 110 columns, 94 distinct patterns
35 parsimony-informative, 25 singleton sites, 50 constant sites
                                                              Gap/Ambiguity  Composition  p-value
Analyzing sequences: done in 1.91033e-05 secs using 47.11% CPU
   1  DE126|Cluster-32459.0__TRINITY_DN21340_c0_g1_i11.p1             0.00%    passed    100.00%
   2  DE127|Cluster-41059.2__TRINITY_DN2707_c0_g1_i5.p1               0.00%    passed    100.00%
   3  DE504|Cluster-50815.0__TRINITY_DN19181_c0_g1_i9.p1              0.00%    passed    100.00%
   4  DE519|Cluster-42129.0__TRINITY_DN10151_c0_g2_i2.p1              0.00%    passed    100.00%
   5  SRR5150740|Cluster-6638.0__TRINITY_DN1191_c0_g1_i3.p1           0.00%    failed      0.00%
   6  SRR3407095|Cluster-47607.1__TRINITY_DN4003_c0_g1_i3.p1          0.00%    passed    100.00%
   7  SRR3407094|Cluster-22934.1__TRINITY_DN372_c0_g1_i1.p1           0.00%    passed    100.00%
   8  SRR3407093|Cluster-7550.193__TRINITY_DN1782_c0_g6_i4.p1         0.00%    passed    100.00%
   9  SRR3407092|Cluster-22616.0__TRINITY_DN8979_c0_g1_i1.p1          0.00%    passed    100.00%
  10  SRR3407088|Cluster-37281.0__TRINITY_DN5361_c0_g1_i4.p1          0.00%    passed    100.00%
  11  SRR3407087|Cluster-25047.0__TRINITY_DN3221_c0_g1_i1.p1          0.00%    passed    100.00%
  12  SRR3407086|Cluster-34935.1__TRINITY_DN3431_c0_g1_i8.p1          0.00%    passed    100.00%
  13  JJ99|Cluster-42702.1__TRINITY_DN1381_c0_g2_i3.p1                0.00%    passed     99.87%
  14  JJ86|Cluster-43160.2__TRINITY_DN4685_c0_g1_i26.p1               0.00%    passed    100.00%
  15  JJ85|Cluster-37369.2__TRINITY_DN248_c0_g1_i3.p1                 0.00%    passed    100.00%
  16  JJ36|Cluster-4858.1__TRINITY_DN4731_c0_g2_i5.p1                 0.00%    passed    100.00%
  17  JJ15|Cluster-74707.4__TRINITY_DN1426_c0_g1_i2.p1                0.00%    passed    100.00%
  18  JJ131|Cluster-30293.2__TRINITY_DN1463_c0_g1_i4.p1               0.00%    passed    100.00%
  19  DE151|Cluster-13022.0__TRINITY_DN8687_c0_g1_i4.p1               0.00%    passed     99.99%
  20  JJ109|Cluster-24978.1__TRINITY_DN641_c0_g5_i1.p1                0.00%    passed    100.00%
  21  DRR082660|Cluster-10208.0__TRINITY_DN42257_c0_g1_i1.p1          0.00%    passed    100.00%
  22  DE88|Cluster-39663.529__TRINITY_DN3253_c0_g2_i1.p1              0.00%    passed    100.00%
  23  DE88|Cluster-37487.0__TRINITY_DN3253_c0_g1_i1.p1                0.00%    passed    100.00%
  24  DE765|Cluster-32156.5__TRINITY_DN6172_c0_g1_i13.p1              0.00%    passed    100.00%
  25  DE764|Cluster-47809.2__TRINITY_DN1254_c0_g1_i2.p1               0.00%    passed    100.00%
  26  DE737|Cluster-46404.0__TRINITY_DN2497_c1_g1_i1.p1               0.00%    passed    100.00%
  27  DE704-white|Cluster-39663.0__TRINITY_DN5945_c0_g2_i2.p1         0.00%    passed    100.00%
  28  DE704-purple|Cluster-63368.0__TRINITY_DN2308_c0_g2_i1.p1        0.00%    passed     32.11%
  29  DE69|Cluster-56071.3__TRINITY_DN1987_c0_g1_i11.p1               0.00%    passed    100.00%
  30  DE696-nodots|Cluster-54804.1__TRINITY_DN3336_c0_g2_i29.p1       0.00%    passed    100.00%
  31  DE696-dots|Cluster-20092.3__TRINITY_DN920_c0_g1_i1.p1           0.00%    passed    100.00%
  32  DE152|Cluster-52404.1__TRINITY_DN694_c0_g2_i3.p1                0.00%    passed    100.00%
  33  DE672|Cluster-23908.0__TRINITY_DN12902_c0_g1_i1.p1              0.00%    passed    100.00%
  34  DE671|Cluster-59889.0__TRINITY_DN3233_c0_g1_i3.p1               0.00%    passed    100.00%
  35  DE671|Cluster-57806.0__TRINITY_DN3233_c0_g1_i4.p1               0.00%    passed    100.00%
  36  DE668|Cluster-820.0__TRINITY_DN5946_c0_g1_i1.p1                 0.00%    passed    100.00%
  37  DE666|Cluster-41108.3__TRINITY_DN7497_c0_g1_i6.p1               0.00%    passed    100.00%
  38  DE643|Cluster-86020.0__TRINITY_DN6145_c0_g2_i4.p1               0.00%    passed    100.00%
  39  DE164|Cluster-48234.1__TRINITY_DN8753_c0_g3_i1.p1               0.00%    passed    100.00%
  40  DE575|Cluster-26311.3__TRINITY_DN2202_c0_g1_i9.p1               0.00%    passed    100.00%
  41  DE566|Cluster-21776.5__TRINITY_DN1521_c0_g2_i5.p1               0.00%    passed     84.61%
  42  DE561|Cluster-33099.1__TRINITY_DN2809_c1_g1_i5.p1               0.00%    passed    100.00%
  43  DE560|Cluster-11826.0__TRINITY_DN12178_c0_g1_i1.p1              0.00%    passed    100.00%
  44  DE189|Cluster-45124.1__TRINITY_DN2770_c0_g2_i2.p1               0.00%    passed    100.00%
  45  DE549|Cluster-19384.2__TRINITY_DN1636_c0_g1_i5.p1               0.00%    passed    100.00%
  46  SRR3424066|Cluster-37416.1__TRINITY_DN432_c0_g2_i6.p1           0.00%    passed    100.00%
  47  DE542|Cluster-47022.0__TRINITY_DN6526_c0_g1_i2.p1               0.00%    passed    100.00%
  48  DE541|Cluster-42055.1__TRINITY_DN9085_c1_g1_i2.p1               0.00%    passed    100.00%
  49  DE531|Cluster-38629.2__TRINITY_DN80_c0_g1_i24.p1                0.00%    passed    100.00%
  50  DE509|Cluster-20097.0__TRINITY_DN1244_c0_g1_i2.p1               0.00%    passed    100.00%
  51  DE510|Cluster-46708.1__TRINITY_DN16892_c0_g1_i1.p1              0.00%    passed    100.00%
  52  DE507|Cluster-87832.1__TRINITY_DN1770_c0_g1_i5.p1               0.00%    passed    100.00%
  53  DE162|Cluster-10908.2__TRINITY_DN603_c0_g2_i5.p1               28.18%    passed    100.00%
  54  DE680|Cluster-57611.1__TRINITY_DN919_c0_g2_i1.p1                0.00%    passed    100.00%
  55  DE623|Cluster-29012.1__TRINITY_DN1545_c0_g2_i4.p1               0.00%    passed    100.00%
  56  DE546_urceolata_l|Cluster-13312.1__TRINITY_DN117_c0_g1_i5.p1    0.00%    passed     99.60%
  57  SRR3407096|Cluster-18036.1__TRINITY_DN105_c0_g2_i3.p1           0.00%    passed     99.60%
  58  DE550|Cluster-44604.3__TRINITY_DN3406_c0_g2_i2.p1               0.00%    passed    100.00%
  59  DE523|Cluster-53087.1__TRINITY_DN526_c1_g1_i10.p1               0.00%    passed     99.70%
  60  DE173|Cluster-42865.2__TRINITY_DN2211_c0_g1_i7.p1               0.00%    passed    100.00%
  61  JJ130|Cluster-37937.0__TRINITY_DN6294_c0_g1_i1.p1               0.91%    passed    100.00%
****  TOTAL                                                           0.48%  1 sequences failed composition chi2 test (p-value<5%; df=60)
WARNING: States(s) AGT, CCG, CGC, GCA, TGG rarely appear in alignment and may cause numerical problems
Reading input tree file tmp.csubst.nwk ... rooted tree

NOTE: 18 MB RAM (0 GB) is required!
Measuring multi-threading efficiency up to 1 CPU cores
2 trees examined
Threads: 1 / Time: 2.383 sec / Speedup: 1.000 / Efficiency: 100% / LogL: -2020
BEST NUMBER OF THREADS: 1

Estimate model parameters (epsilon = 0.010)
1. Initial log-likelihood: -2599.713
2. Current log-likelihood: -1822.709
3. Current log-likelihood: -1812.145
4. Current log-likelihood: -1811.698
5. Current log-likelihood: -1808.906
6. Current log-likelihood: -1808.324
7. Current log-likelihood: -1807.830
8. Current log-likelihood: -1807.567
9. Current log-likelihood: -1806.177
10. Current log-likelihood: -1805.964
11. Current log-likelihood: -1805.891
12. Current log-likelihood: -1805.860
13. Current log-likelihood: -1805.844
14. Current log-likelihood: -1805.058
15. Current log-likelihood: -1804.995
16. Current log-likelihood: -1804.970
17. Current log-likelihood: -1804.957
Optimal log-likelihood: -1804.949
Nonsynonymous/synonymous ratio (omega): 1.000
Transition/transversion ratio (kappa): 1.000
Site proportion and rates:  (0.646,0.143) (0.180,0.760) (0.123,3.365) (0.051,6.997)
Parameters optimization took 17 rounds (77.764 sec)
Wrote distance file to... 
BEST SCORE FOUND : -1804.949
Ancestral state probabilities printed to /mnt/data0/yue/2026-03-11-protein-convergence/results/OG_2965/csubst_w_s/csubst_input_alignment.fa.state
Empirical proportions for each category: 0.691 0.136 0.127 0.045
Site rates printed to /mnt/data0/yue/2026-03-11-protein-convergence/results/OG_2965/csubst_w_s/csubst_input_alignment.fa.rate
Total tree length: 3.141

Total number of iterations: 0
CPU time used for tree search: 0.000 sec (0h:0m:0s)
Wall-clock time used for tree search: 0.000 sec (0h:0m:0s)
Total CPU time used: 80.716 sec (0h:1m:20s)
Total wall-clock time used: 80.810 sec (0h:1m:20s)

Analysis results written to: 
  IQ-TREE report:                /mnt/data0/yue/2026-03-11-protein-convergence/results/OG_2965/csubst_w_s/csubst_input_alignment.fa.iqtree
  Maximum-likelihood tree:       /mnt/data0/yue/2026-03-11-protein-convergence/results/OG_2965/csubst_w_s/csubst_input_alignment.fa.treefile
  Site-specific rates:           /mnt/data0/yue/2026-03-11-protein-convergence/results/OG_2965/csubst_w_s/csubst_input_alignment.fa.rate
  Ancestral state:               /mnt/data0/yue/2026-03-11-protein-convergence/results/OG_2965/csubst_w_s/csubst_input_alignment.fa.state
  Screen log file:               /mnt/data0/yue/2026-03-11-protein-convergence/results/OG_2965/csubst_w_s/csubst_input_alignment.fa.log

Date and Time: Fri Mar 27 07:06:48 2026
