IQ-TREE multicore version 2.4.0 for Linux x86 64-bit built Feb 12 2025
Developed by Bui Quang Minh, Nguyen Lam Tung, Olga Chernomor, Heiko Schmidt,
Dominik Schrempf, Michael Woodhams, Ly Trong Nhan, Thomas Wong

Host:    brain (AVX2, FMA3, 2015 GB RAM)
Command: /home/yue/miniconda3/envs/py39/bin/iqtree -s /mnt/data0/yue/2026-03-11-protein-convergence/results/OG_10976/csubst_w_s/csubst_input_alignment.fa -te tmp.csubst.nwk -m ECMK07+F+R4 --seqtype CODON1 --threads-max 1 -T AUTO --ancestral --rate --redo
Seed:    556748 (Using SPRNG - Scalable Parallel Random Number Generator)
Time:    Thu Mar 26 21:40:27 2026
Kernel:  AVX+FMA - auto-detect threads (128 CPU cores detected)

Reading alignment file /mnt/data0/yue/2026-03-11-protein-convergence/results/OG_10976/csubst_w_s/csubst_input_alignment.fa ... Fasta format detected
Reading fasta file: done in 0.00133285 secs using 97.01% CPU
Alignment most likely contains DNA/RNA sequences
Converting to codon sequences with genetic code 1 ...
WARNING: 1 sites contain only gaps or ambiguous characters.
Alignment has 62 sequences with 233 columns, 223 distinct patterns
128 parsimony-informative, 54 singleton sites, 51 constant sites
                                                               Gap/Ambiguity  Composition  p-value
Analyzing sequences: done in 6.37919e-05 secs using 98.76% CPU
   1  SRR3407096|Cluster-33125.0__TRINITY_DN5364_c0_g1_i1.p1           1.29%    passed    100.00%
   2  DRR082660|Cluster-38682.0__TRINITY_DN7806_c0_g1_i1.p1           36.48%    passed     85.70%
   3  SRR3407087|Cluster-709.0__TRINITY_DN5595_c0_g1_i1.p1             2.58%    passed    100.00%
   4  DE505|Cluster-42669.0__TRINITY_DN9865_c1_g1_i1.p1                2.58%    passed    100.00%
   5  DE560|Cluster-40734.1__TRINITY_DN6419_c0_g2_i2.p1                0.43%    passed    100.00%
   6  SRR3407092|Cluster-16645.0__TRINITY_DN2768_c0_g1_i3.p1           0.43%    passed    100.00%
   7  DE566|Cluster-28587.3__TRINITY_DN2879_c0_g1_i3.p1                0.43%    passed    100.00%
   8  DE510|Cluster-29169.0__TRINITY_DN47499_c0_g1_i1.p1               2.58%    passed    100.00%
   9  SRR3407094|Cluster-27013.0__TRINITY_DN6400_c0_g1_i1.p1           2.58%    passed    100.00%
  10  DE162|Cluster-16762.0__TRINITY_DN2172_c1_g2_i1.p1                1.72%    passed    100.00%
  11  DE528|Cluster-46867.0__TRINITY_DN288_c0_g1_i2.p1                 1.72%    passed    100.00%
  12  DE704-purple|Cluster-28567.0__TRINITY_DN718_c0_g3_i1.p1         18.45%    passed    100.00%
  13  DE546_urceolata_l|Cluster-20150.0__TRINITY_DN5681_c2_g1_i1.p1    0.43%    passed    100.00%
  14  JJ86|Cluster-31795.0__TRINITY_DN7826_c0_g2_i1.p1                 1.72%    passed    100.00%
  15  DE563|Cluster-27078.0__TRINITY_DN12781_c0_g4_i3.p1               0.43%    passed    100.00%
  16  DE164|Cluster-51197.0__TRINITY_DN2067_c0_g3_i2.p1                0.43%    passed    100.00%
  17  DE672|Cluster-30969.0__TRINITY_DN5308_c0_g1_i1.p1                0.43%    passed    100.00%
  18  JJ125|Cluster-8171.0__TRINITY_DN129_c5_g1_i1.p1                  0.43%    passed    100.00%
  19  DE152|Cluster-62050.0__TRINITY_DN1871_c0_g2_i2.p1                0.43%    passed    100.00%
  20  JJ74|Cluster-106351.0__TRINITY_DN4104_c0_g1_i1.p1                0.43%    passed    100.00%
  21  DE503|Cluster-36166.0__TRINITY_DN5157_c1_g1_i1.p1                2.58%    passed    100.00%
  22  SRR3424066|Cluster-14768.0__TRINITY_DN8509_c1_g1_i1.p1           0.43%    passed    100.00%
  23  DE561|Cluster-35343.0__TRINITY_DN7190_c1_g1_i1.p1                0.43%    passed    100.00%
  24  DE181|Cluster-15355.0__TRINITY_DN2975_c2_g1_i1.p1                0.43%    passed    100.00%
  25  SRR3407086|Cluster-4048.0__TRINITY_DN1539_c2_g1_i1.p1            0.43%    passed    100.00%
  26  SRR3407093|Cluster-15583.0__TRINITY_DN2461_c0_g2_i1.p1           2.15%    passed    100.00%
  27  SRR3407088|Cluster-12502.0__TRINITY_DN2094_c0_g3_i1.p1           0.43%    passed    100.00%
  28  JJ15|Cluster-21159.0__TRINITY_DN1615_c1_g1_i1.p1                 0.43%    passed    100.00%
  29  DE216|Cluster-55523.0__TRINITY_DN5009_c0_g2_i1.p1                0.43%    passed    100.00%
  30  DE536|Cluster-16080.0__TRINITY_DN1963_c0_g1_i1.p1                0.43%    passed    100.00%
  31  DE542|Cluster-7643.0__TRINITY_DN44_c0_g1_i3.p1                   0.43%    passed    100.00%
  32  DE151|Cluster-18299.0__TRINITY_DN6063_c0_g1_i1.p1                0.43%    passed    100.00%
  33  DE173|Cluster-57145.0__TRINITY_DN3369_c0_g1_i1.p1                0.43%    passed    100.00%
  34  JJ109|Cluster-1412.0__TRINITY_DN343_c0_g2_i1.p1                  0.43%    passed    100.00%
  35  DE189|Cluster-1443.0__TRINITY_DN3630_c0_g1_i2.p1                 0.43%    passed    100.00%
  36  DE550|Cluster-17935.0__TRINITY_DN15635_c0_g1_i3.p1               0.43%    passed    100.00%
  37  DE737|Cluster-2381.5__TRINITY_DN4883_c0_g1_i1.p1                 0.43%    passed    100.00%
  38  DE643|Cluster-68565.1__TRINITY_DN3432_c0_g1_i5.p1                0.43%    passed    100.00%
  39  DE671|Cluster-8254.0__TRINITY_DN4248_c0_g1_i1.p1                 0.43%    passed    100.00%
  40  JJ89|Cluster-16757.0__TRINITY_DN13429_c0_g1_i1.p1                0.43%    passed    100.00%
  41  DE88|Cluster-39663.37__TRINITY_DN4612_c0_g1_i3.p1                0.43%    passed    100.00%
  42  DE549|Cluster-36703.0__TRINITY_DN3085_c0_g1_i1.p1                0.43%    passed    100.00%
  43  DE476|Cluster-52317.1__TRINITY_DN12779_c0_g1_i4.p1               0.43%    passed    100.00%
  44  DE504|Cluster-27175.0__TRINITY_DN2818_c1_g2_i1.p1                0.43%    passed    100.00%
  45  DE531|Cluster-45572.0__TRINITY_DN1385_c0_g4_i1.p1                0.43%    passed    100.00%
  46  DE696-dots|Cluster-49568.0__TRINITY_DN947_c1_g1_i2.p1            0.43%    passed    100.00%
  47  DE696-nodots|Cluster-25422.0__TRINITY_DN1358_c1_g3_i1.p1         0.43%    passed    100.00%
  48  JJ36|Cluster-44818.0__TRINITY_DN569_c0_g1_i6.p1                  0.43%    passed    100.00%
  49  DE509|Cluster-36763.0__TRINITY_DN4601_c0_g1_i1.p1                0.43%    passed    100.00%
  50  DE736|Cluster-15506.0__TRINITY_DN6761_c0_g1_i1.p1                0.43%    passed    100.00%
  51  DE764|Cluster-18017.0__TRINITY_DN7566_c0_g1_i3.p1                0.43%    passed    100.00%
  52  DE765|Cluster-4152.0__TRINITY_DN371_c0_g4_i1.p1                  6.01%    passed    100.00%
  53  DE575|Cluster-10655.0__TRINITY_DN16765_c1_g1_i1.p1               4.29%    passed    100.00%
  54  DE681|Cluster-19963.0__TRINITY_DN1694_c2_g1_i1.p1                4.29%    passed    100.00%
  55  DE534|Cluster-20531.0__TRINITY_DN7073_c0_g1_i1.p1               30.47%    passed     99.87%
  56  DRR082660|Cluster-1396.0__TRINITY_DN1335_c4_g1_i1.p1            30.47%    passed     99.68%
  57  DE519|Cluster-24597.0__TRINITY_DN3511_c0_g3_i1.p1                1.72%    passed    100.00%
  58  DE741|Cluster-30773.0__TRINITY_DN9534_c1_g1_i1.p1                1.72%    passed    100.00%
  59  SRR3407095|Cluster-26240.0__TRINITY_DN4273_c0_g1_i2.p1           0.43%    passed    100.00%
  60  DE69|Cluster-29926.0__TRINITY_DN4780_c0_g1_i1.p1                 0.43%    passed    100.00%
  61  JJ99|Cluster-1179.0__TRINITY_DN6486_c1_g1_i1.p1                  0.43%    passed    100.00%
  62  JJ131|Cluster-31321.0__TRINITY_DN1350_c0_g1_i2.p1                3.86%    passed     99.90%
****  TOTAL                                                            2.86%  0 sequences failed composition chi2 test (p-value<5%; df=60)
WARNING: States(s) GTA, TGG rarely appear in alignment and may cause numerical problems
Reading input tree file tmp.csubst.nwk ... rooted tree

NOTE: 33 MB RAM (0 GB) is required!
Measuring multi-threading efficiency up to 1 CPU cores
2 trees examined
Threads: 1 / Time: 1.731 sec / Speedup: 1.000 / Efficiency: 100% / LogL: -8090
BEST NUMBER OF THREADS: 1

Estimate model parameters (epsilon = 0.010)
1. Initial log-likelihood: -7162.884
2. Current log-likelihood: -5429.415
3. Current log-likelihood: -5403.932
4. Current log-likelihood: -5394.810
5. Current log-likelihood: -5394.083
6. Current log-likelihood: -5393.423
7. Current log-likelihood: -5393.014
8. Current log-likelihood: -5393.000
9. Current log-likelihood: -5392.532
Optimal log-likelihood: -5392.526
Nonsynonymous/synonymous ratio (omega): 1.000
Transition/transversion ratio (kappa): 1.000
Site proportion and rates:  (0.468,0.244) (0.344,0.833) (0.183,2.819) (0.004,19.045)
Parameters optimization took 9 rounds (53.967 sec)
Wrote distance file to... 
BEST SCORE FOUND : -5392.526
Ancestral state probabilities printed to /mnt/data0/yue/2026-03-11-protein-convergence/results/OG_10976/csubst_w_s/csubst_input_alignment.fa.state
Empirical proportions for each category: 0.506 0.318 0.172 0.004
Site rates printed to /mnt/data0/yue/2026-03-11-protein-convergence/results/OG_10976/csubst_w_s/csubst_input_alignment.fa.rate
Total tree length: 4.776

Total number of iterations: 0
CPU time used for tree search: 0.000 sec (0h:0m:0s)
Wall-clock time used for tree search: 0.000 sec (0h:0m:0s)
Total CPU time used: 56.317 sec (0h:0m:56s)
Total wall-clock time used: 56.743 sec (0h:0m:56s)

Analysis results written to: 
  IQ-TREE report:                /mnt/data0/yue/2026-03-11-protein-convergence/results/OG_10976/csubst_w_s/csubst_input_alignment.fa.iqtree
  Maximum-likelihood tree:       /mnt/data0/yue/2026-03-11-protein-convergence/results/OG_10976/csubst_w_s/csubst_input_alignment.fa.treefile
  Site-specific rates:           /mnt/data0/yue/2026-03-11-protein-convergence/results/OG_10976/csubst_w_s/csubst_input_alignment.fa.rate
  Ancestral state:               /mnt/data0/yue/2026-03-11-protein-convergence/results/OG_10976/csubst_w_s/csubst_input_alignment.fa.state
  Screen log file:               /mnt/data0/yue/2026-03-11-protein-convergence/results/OG_10976/csubst_w_s/csubst_input_alignment.fa.log

Date and Time: Thu Mar 26 21:41:24 2026
