IQ-TREE multicore version 2.4.0 for Linux x86 64-bit built Feb 12 2025
Developed by Bui Quang Minh, Nguyen Lam Tung, Olga Chernomor, Heiko Schmidt,
Dominik Schrempf, Michael Woodhams, Ly Trong Nhan, Thomas Wong

Host:    brain (AVX2, FMA3, 2015 GB RAM)
Command: /home/yue/miniconda3/envs/py39/bin/iqtree -s /mnt/data0/yue/2026-03-11-protein-convergence/results/OG_4650/csubst_w_s/csubst_input_alignment.fa -te tmp.csubst.nwk -m ECMK07+F+R4 --seqtype CODON1 --threads-max 1 -T AUTO --ancestral --rate --redo
Seed:    860677 (Using SPRNG - Scalable Parallel Random Number Generator)
Time:    Fri Mar 27 14:44:15 2026
Kernel:  AVX+FMA - auto-detect threads (128 CPU cores detected)

Reading alignment file /mnt/data0/yue/2026-03-11-protein-convergence/results/OG_4650/csubst_w_s/csubst_input_alignment.fa ... Fasta format detected
Reading fasta file: done in 0.00335503 secs using 50.55% CPU
Alignment most likely contains DNA/RNA sequences
Converting to codon sequences with genetic code 1 ...
WARNING: 1 sites contain only gaps or ambiguous characters.
Alignment has 80 sequences with 493 columns, 427 distinct patterns
195 parsimony-informative, 127 singleton sites, 171 constant sites
                                                               Gap/Ambiguity  Composition  p-value
Analyzing sequences: done in 0.000148565 secs using 98.95% CPU
   1  DE216|Cluster-80019.0__TRINITY_DN1212_c0_g1_i1.p1               15.21%    passed    100.00%
   2  DE534|Cluster-74136.0__TRINITY_DN5909_c0_g1_i9.p1               16.43%    passed    100.00%
   3  DE519|Cluster-67412.0__TRINITY_DN6439_c0_g1_i7.p1               16.02%    passed    100.00%
   4  DE666|Cluster-31169.0__TRINITY_DN11355_c0_g1_i1.p1              16.02%    passed    100.00%
   5  DE680|Cluster-46345.0__TRINITY_DN4970_c0_g1_i5.p1               16.02%    passed    100.00%
   6  DE115|Cluster-49396.0__TRINITY_DN14368_c0_g1_i2.p1               0.20%    passed    100.00%
   7  DE126|Cluster-28959.0__TRINITY_DN5074_c0_g1_i1.p1                0.20%    passed    100.00%
   8  DE229|Cluster-84922.0__TRINITY_DN18158_c0_g1_i1.p1               0.20%    passed    100.00%
   9  DE536|Cluster-36158.0__TRINITY_DN5474_c0_g1_i2.p1                0.20%    passed    100.00%
  10  DE542|Cluster-42920.0__TRINITY_DN11058_c0_g1_i3.p1               0.20%    passed    100.00%
  11  DE560|Cluster-4043.0__TRINITY_DN14586_c0_g1_i1.p1                0.20%    passed    100.00%
  12  DE741|Cluster-54479.0__TRINITY_DN112082_c0_g1_i1.p1              0.20%    passed    100.00%
  13  JJ23|Cluster-11120.0__TRINITY_DN61485_c1_g1_i1.p1                0.20%    passed    100.00%
  14  DE151|Cluster-53966.0__TRINITY_DN15926_c0_g1_i3.p1               0.20%    passed    100.00%
  15  DE164|Cluster-18204.0__TRINITY_DN6665_c0_g1_i1.p1                0.20%    passed    100.00%
  16  DE173|Cluster-43463.0__TRINITY_DN47841_c0_g1_i1.p1               0.20%    passed    100.00%
  17  DE509|Cluster-4187.0__TRINITY_DN4549_c0_g1_i1.p1                 0.20%    passed    100.00%
  18  DE541|Cluster-11111.0__TRINITY_DN554_c0_g1_i3.p1                 0.20%    passed    100.00%
  19  JJ89|Cluster-29429.0__TRINITY_DN4080_c0_g1_i1.p1                 0.20%    passed    100.00%
  20  JJ130|Cluster-7155.0__TRINITY_DN8088_c2_g1_i1.p1                 0.20%    passed    100.00%
  21  DE643|Cluster-59289.0__TRINITY_DN43805_c0_g1_i1.p1               0.20%    passed    100.00%
  22  JJ109|Cluster-40095.0__TRINITY_DN12703_c0_g1_i2.p1               0.20%    passed    100.00%
  23  DE671|Cluster-15264.0__TRINITY_DN12135_c0_g1_i2.p1               0.20%    passed    100.00%
  24  DE672|Cluster-31822.0__TRINITY_DN16807_c0_g1_i1.p1               0.20%    passed    100.00%
  25  DE88|Cluster-31805.0__TRINITY_DN78195_c0_g1_i1.p1                0.20%    passed    100.00%
  26  DE737|Cluster-56654.0__TRINITY_DN12812_c0_g2_i2.p1               0.20%    passed    100.00%
  27  DE764|Cluster-32622.0__TRINITY_DN14381_c0_g1_i1.p1               0.20%    passed    100.00%
  28  DE189|Cluster-37243.0__TRINITY_DN11717_c0_g1_i1.p1              16.43%    passed    100.00%
  29  DE476|Cluster-50111.0__TRINITY_DN7015_c0_g1_i2.p1               16.43%    passed    100.00%
  30  DE736|Cluster-33917.0__TRINITY_DN16570_c0_g1_i1.p1              16.02%    passed    100.00%
  31  DE504|Cluster-28300.0__TRINITY_DN7811_c0_g1_i1.p1               16.02%    passed    100.00%
  32  JJ85|Cluster-11050.0__TRINITY_DN13648_c0_g1_i3.p1                0.20%    passed    100.00%
  33  DE696-dots|Cluster-56452.0__TRINITY_DN7194_c0_g1_i4.p1          53.96%    passed    100.00%
  34  DE531|Cluster-13474.0__TRINITY_DN11442_c0_g1_i1.p1              16.43%    passed    100.00%
  35  DE696-nodots|Cluster-53555.0__TRINITY_DN8317_c0_g2_i2.p1        16.43%    passed    100.00%
  36  JJ36|Cluster-43924.0__TRINITY_DN3053_c0_g1_i4.p1                16.43%    passed    100.00%
  37  DE549|Cluster-31108.0__TRINITY_DN13093_c0_g1_i1.p1               0.20%    passed    100.00%
  38  JJ15|Cluster-34998.0__TRINITY_DN5731_c0_g1_i1.p1                15.21%    passed    100.00%
  39  DRR082660|Cluster-40255.0__TRINITY_DN3450_c0_g2_i1.p1            0.20%    passed    100.00%
  40  SRR3407087|Cluster-37471.0__TRINITY_DN12257_c0_g1_i1.p1          0.20%    passed    100.00%
  41  DE563|Cluster-29854.0__TRINITY_DN16571_c1_g1_i1.p1               0.20%    passed    100.00%
  42  SRR3407088|Cluster-15561.0__TRINITY_DN14877_c0_g1_i1.p1          0.20%    passed    100.00%
  43  SRR3407086|Cluster-22734.0__TRINITY_DN63439_c0_g1_i1.p1          0.20%    passed    100.00%
  44  SRR3407096|Cluster-25517.0__TRINITY_DN26184_c0_g1_i1.p1          0.20%    passed    100.00%
  45  SRR3407093|Cluster-33297.0__TRINITY_DN41288_c0_g1_i1.p1          0.20%    passed    100.00%
  46  SRR3424066|Cluster-23205.0__TRINITY_DN21727_c0_g1_i1.p1          0.20%    passed    100.00%
  47  SRR3407094|Cluster-10985.0__TRINITY_DN40501_c0_g1_i1.p1          0.20%    passed    100.00%
  48  SRR3407095|Cluster-19307.0__TRINITY_DN24373_c0_g1_i1.p1          0.20%    passed    100.00%
  49  DE69|Cluster-43755.0__TRINITY_DN5132_c0_g1_i3.p1                 0.20%    passed    100.00%
  50  DE162|Cluster-45966.0__TRINITY_DN15440_c0_g1_i2.p1               0.20%    passed    100.00%
  51  DE507|Cluster-32584.0__TRINITY_DN3123_c0_g1_i3.p1               35.50%    passed    100.00%
  52  DE528|Cluster-55787.0__TRINITY_DN5342_c0_g1_i2.p1                0.20%    passed    100.00%
  53  JJ86|Cluster-45381.0__TRINITY_DN3249_c0_g1_i2.p1                 0.20%    passed    100.00%
  54  DE546_urceolata_l|Cluster-37227.0__TRINITY_DN7246_c0_g1_i3.p1    0.20%    passed    100.00%
  55  DE668|Cluster-3663.0__TRINITY_DN3584_c0_g3_i1.p1                 0.20%    passed    100.00%
  56  DE681|Cluster-56494.0__TRINITY_DN9241_c0_g1_i1.p1                0.20%    passed    100.00%
  57  DE575|Cluster-66519.0__TRINITY_DN7984_c0_g1_i2.p1                0.20%    passed    100.00%
  58  DE765|Cluster-41732.0__TRINITY_DN320_c0_g2_i2.p1                 0.20%    passed    100.00%
  59  DE704-white|Cluster-68102.0__TRINITY_DN3456_c0_g1_i5.p1         35.50%    passed    100.00%
  60  DRR234970|Cluster-34283.0__TRINITY_DN51263_c0_g1_i1.p1           0.41%    passed    100.00%
  61  DE550|Cluster-17799.0__TRINITY_DN19609_c0_g2_i1.p1               0.20%    passed    100.00%
  62  JJ99|Cluster-56769.0__TRINITY_DN17050_c0_g1_i2.p1                0.20%    passed    100.00%
  63  DE152|Cluster-21361.0__TRINITY_DN8381_c0_g1_i2.p1                0.20%    passed    100.00%
  64  JJ74|Cluster-6532.0__TRINITY_DN42458_c0_g1_i1.p1                 0.20%    passed    100.00%
  65  DE623|Cluster-51438.1__TRINITY_DN1828_c0_g1_i3.p1               19.68%    passed    100.00%
  66  DE127|Cluster-20617.0__TRINITY_DN2668_c0_g1_i3.p1                0.20%    passed    100.00%
  67  DE554|Cluster-52818.0__TRINITY_DN13446_c0_g1_i6.p1              16.02%    passed    100.00%
  68  DE181|Cluster-17355.0__TRINITY_DN11265_c0_g1_i3.p1              33.47%    passed    100.00%
  69  DE561|Cluster-42463.0__TRINITY_DN35164_c0_g1_i2.p1              33.47%    passed    100.00%
  70  DE523|Cluster-49817.0__TRINITY_DN8662_c0_g1_i4.p1               33.47%    passed    100.00%
  71  SRR3407092|Cluster-28901.0__TRINITY_DN11296_c0_g1_i2.p1         33.47%    passed    100.00%
  72  DE503|Cluster-58506.0__TRINITY_DN4829_c0_g1_i4.p1               33.47%    passed    100.00%
  73  DE505|Cluster-15941.0__TRINITY_DN11847_c0_g1_i1.p1              33.47%    passed    100.00%
  74  DE510|Cluster-28639.0__TRINITY_DN21082_c1_g1_i2.p1              33.47%    passed    100.00%
  75  DE704-purple|Cluster-44327.0__TRINITY_DN77367_c0_g1_i4.p1       17.44%    passed    100.00%
  76  DE566|Cluster-55269.1__TRINITY_DN4075_c0_g1_i1.p1                0.20%    passed    100.00%
  77  SRR5150740|Cluster-39727.0__TRINITY_DN4357_c0_g1_i2.p1           0.41%    passed    100.00%
  78  JJ131|Cluster-66912.0__TRINITY_DN2063_c0_g2_i5.p1               33.47%    passed    100.00%
  79  JJ125|Cluster-35124.1__TRINITY_DN6853_c0_g1_i1.p1               51.52%    passed     99.99%
  80  SRR104381|Cluster-30986.3__TRINITY_DN2168_c0_g1_i9.p1            0.41%    passed    100.00%
WARNING: 2 sequences contain more than 50% gaps/ambiguity
****  TOTAL                                                            8.97%  0 sequences failed composition chi2 test (p-value<5%; df=60)
Reading input tree file tmp.csubst.nwk ... rooted tree

NOTE: 73 MB RAM (0 GB) is required!
Measuring multi-threading efficiency up to 1 CPU cores
2 trees examined
Threads: 1 / Time: 4.940 sec / Speedup: 1.000 / Efficiency: 100% / LogL: -11257
BEST NUMBER OF THREADS: 1

Estimate model parameters (epsilon = 0.010)
1. Initial log-likelihood: -13983.447
2. Current log-likelihood: -8466.202
3. Current log-likelihood: -8465.236
4. Current log-likelihood: -8464.515
5. Current log-likelihood: -8464.038
6. Current log-likelihood: -8463.757
7. Current log-likelihood: -8463.593
8. Current log-likelihood: -8463.489
9. Current log-likelihood: -8463.412
10. Current log-likelihood: -8463.348
11. Current log-likelihood: -8463.295
12. Current log-likelihood: -8463.250
13. Current log-likelihood: -8463.214
14. Current log-likelihood: -8463.183
15. Current log-likelihood: -8463.159
16. Current log-likelihood: -8463.140
17. Current log-likelihood: -8463.124
18. Current log-likelihood: -8463.112
Optimal log-likelihood: -8463.102
Nonsynonymous/synonymous ratio (omega): 1.000
Transition/transversion ratio (kappa): 1.000
Site proportion and rates:  (0.717,0.379) (0.186,1.384) (0.051,3.343) (0.046,6.520)
Parameters optimization took 18 rounds (193.254 sec)
Wrote distance file to... 
BEST SCORE FOUND : -8463.102
Ancestral state probabilities printed to /mnt/data0/yue/2026-03-11-protein-convergence/results/OG_4650/csubst_w_s/csubst_input_alignment.fa.state
Empirical proportions for each category: 0.769 0.146 0.043 0.043
Site rates printed to /mnt/data0/yue/2026-03-11-protein-convergence/results/OG_4650/csubst_w_s/csubst_input_alignment.fa.rate
Total tree length: 2.782

Total number of iterations: 0
CPU time used for tree search: 0.000 sec (0h:0m:0s)
Wall-clock time used for tree search: 0.000 sec (0h:0m:0s)
Total CPU time used: 200.504 sec (0h:3m:20s)
Total wall-clock time used: 200.627 sec (0h:3m:20s)

Analysis results written to: 
  IQ-TREE report:                /mnt/data0/yue/2026-03-11-protein-convergence/results/OG_4650/csubst_w_s/csubst_input_alignment.fa.iqtree
  Maximum-likelihood tree:       /mnt/data0/yue/2026-03-11-protein-convergence/results/OG_4650/csubst_w_s/csubst_input_alignment.fa.treefile
  Site-specific rates:           /mnt/data0/yue/2026-03-11-protein-convergence/results/OG_4650/csubst_w_s/csubst_input_alignment.fa.rate
  Ancestral state:               /mnt/data0/yue/2026-03-11-protein-convergence/results/OG_4650/csubst_w_s/csubst_input_alignment.fa.state
  Screen log file:               /mnt/data0/yue/2026-03-11-protein-convergence/results/OG_4650/csubst_w_s/csubst_input_alignment.fa.log

Date and Time: Fri Mar 27 14:47:36 2026
