IQ-TREE multicore version 2.4.0 for Linux x86 64-bit built Feb 12 2025
Developed by Bui Quang Minh, Nguyen Lam Tung, Olga Chernomor, Heiko Schmidt,
Dominik Schrempf, Michael Woodhams, Ly Trong Nhan, Thomas Wong

Host:    brain (AVX2, FMA3, 2015 GB RAM)
Command: /home/yue/miniconda3/envs/py39/bin/iqtree -s /mnt/data0/yue/2026-03-11-protein-convergence/results/OG_1228/csubst_w_s/csubst_input_alignment.fa -te tmp.csubst.nwk -m ECMK07+F+R4 --seqtype CODON1 --threads-max 1 -T AUTO --ancestral --rate --redo
Seed:    496712 (Using SPRNG - Scalable Parallel Random Number Generator)
Time:    Thu Mar 26 23:16:14 2026
Kernel:  AVX+FMA - auto-detect threads (128 CPU cores detected)

Reading alignment file /mnt/data0/yue/2026-03-11-protein-convergence/results/OG_1228/csubst_w_s/csubst_input_alignment.fa ... Fasta format detected
Reading fasta file: done in 0.00193951 secs using 51.15% CPU
Alignment most likely contains DNA/RNA sequences
Converting to codon sequences with genetic code 1 ...
WARNING: 1 sites contain only gaps or ambiguous characters.
Alignment has 66 sequences with 253 columns, 233 distinct patterns
130 parsimony-informative, 67 singleton sites, 56 constant sites
                                                              Gap/Ambiguity  Composition  p-value
Analyzing sequences: done in 8.84086e-05 secs using 98.41% CPU
   1  JJ125|Cluster-35249.0__TRINITY_DN3776_c1_g2_i1.p1               0.40%    passed    100.00%
   2  DE523|Cluster-41663.0__TRINITY_DN2379_c0_g1_i2.p1              58.10%    passed     45.40%
   3  JJ15|Cluster-75080.28__TRINITY_DN359_c0_g1_i4.p1                1.58%    passed    100.00%
   4  DE696-dots|Cluster-35286.1__TRINITY_DN9140_c0_g1_i4.p1          0.79%    passed    100.00%
   5  SRR3407088|Cluster-23588.1__TRINITY_DN5093_c0_g1_i4.p1          0.40%    passed    100.00%
   6  DRR082660|Cluster-30718.2__TRINITY_DN3273_c0_g2_i3.p1           1.58%    passed    100.00%
   7  JJ131|Cluster-49095.7__TRINITY_DN9438_c0_g1_i1.p1               2.77%    passed    100.00%
   8  DE546_urceolata_l|Cluster-6851.0__TRINITY_DN7746_c0_g2_i1.p1    0.40%    passed     99.62%
   9  JJ86|Cluster-28778.0__TRINITY_DN3946_c0_g1_i1.p1                0.79%    passed    100.00%
  10  DE126|Cluster-44002.4__TRINITY_DN152_c0_g4_i2.p1                0.40%    passed    100.00%
  11  DE549|Cluster-48428.0__TRINITY_DN720_c0_g1_i1.p1                0.40%    passed    100.00%
  12  DE736|Cluster-63544.1__TRINITY_DN492_c0_g1_i1.p1                0.40%    passed    100.00%
  13  DE164|Cluster-55675.1__TRINITY_DN12409_c0_g1_i4.p1              0.40%    passed    100.00%
  14  JJ109|Cluster-21561.0__TRINITY_DN13286_c0_g2_i2.p1              0.40%    passed    100.00%
  15  DE152|Cluster-12186.0__TRINITY_DN7244_c0_g1_i1.p1               0.40%    passed     99.92%
  16  JJ99|Cluster-23437.0__TRINITY_DN6892_c0_g2_i1.p1                0.40%    passed    100.00%
  17  JJ23|Cluster-39033.0__TRINITY_DN5075_c0_g1_i2.p1                2.77%    passed    100.00%
  18  DE575|Cluster-45871.0__TRINITY_DN13256_c0_g1_i1.p1              0.40%    passed    100.00%
  19  DE216|Cluster-20952.1__TRINITY_DN9948_c0_g1_i4.p1               0.40%    passed    100.00%
  20  DE534|Cluster-56942.0__TRINITY_DN1586_c0_g1_i25.p1              0.40%    passed    100.00%
  21  DE541|Cluster-44120.0__TRINITY_DN1366_c0_g1_i1.p1               0.40%    passed    100.00%
  22  DE476|Cluster-45623.2__TRINITY_DN637_c0_g1_i6.p1                0.40%    passed    100.00%
  23  DE531|Cluster-35351.1__TRINITY_DN76_c0_g1_i3.p1                 0.40%    passed    100.00%
  24  DE115|Cluster-48044.0__TRINITY_DN4819_c0_g1_i11.p1              0.40%    passed    100.00%
  25  DE181|Cluster-23739.0__TRINITY_DN1821_c0_g1_i1.p1               0.40%    passed    100.00%
  26  DE672|Cluster-41630.1__TRINITY_DN779_c0_g1_i5.p1                0.40%    passed    100.00%
  27  SRR3407087|Cluster-29500.1__TRINITY_DN2650_c0_g1_i2.p1          0.40%    passed    100.00%
  28  SRR3407096|Cluster-28624.0__TRINITY_DN10172_c0_g1_i1.p1         0.40%    passed    100.00%
  29  SRR3407086|Cluster-27759.0__TRINITY_DN5658_c0_g1_i8.p1          0.40%    passed    100.00%
  30  DE189|Cluster-26835.1__TRINITY_DN356_c0_g1_i7.p1                0.40%    passed    100.00%
  31  DE503|Cluster-59795.0__TRINITY_DN2490_c0_g1_i10.p1              0.40%    passed    100.00%
  32  DE88|Cluster-25329.0__TRINITY_DN4652_c0_g1_i1.p1                0.40%    passed    100.00%
  33  JJ130|Cluster-41752.1__TRINITY_DN1420_c0_g1_i3.p1               0.40%    passed    100.00%
  34  DE737|Cluster-53426.2__TRINITY_DN1320_c0_g1_i12.p1              0.40%    passed    100.00%
  35  DE561|Cluster-43560.0__TRINITY_DN510_c0_g3_i2.p1                0.40%    passed    100.00%
  36  SRR3424066|Cluster-34045.0__TRINITY_DN2796_c0_g1_i1.p1          0.40%    passed    100.00%
  37  SRR3407093|Cluster-33542.0__TRINITY_DN14504_c0_g1_i11.p1        0.40%    passed    100.00%
  38  DE681|Cluster-28519.1__TRINITY_DN1449_c0_g1_i12.p1              0.40%    passed    100.00%
  39  DE765|Cluster-29970.1__TRINITY_DN1216_c0_g1_i5.p1               0.40%    passed    100.00%
  40  DE229|Cluster-88788.0__TRINITY_DN4809_c0_g1_i4.p1               0.40%    passed    100.00%
  41  DE519|Cluster-38349.3__TRINITY_DN6611_c0_g1_i5.p1              57.31%    passed      6.93%
  42  JJ36|Cluster-35941.1__TRINITY_DN2758_c0_g2_i3.p1                0.40%    passed    100.00%
  43  DE504|Cluster-45663.2__TRINITY_DN7256_c0_g1_i3.p1               0.40%    passed    100.00%
  44  DE127|Cluster-33193.18__TRINITY_DN2470_c0_g1_i7.p1              0.40%    failed      3.23%
  45  JJ89|Cluster-35777.0__TRINITY_DN110_c0_g1_i5.p1                57.31%    passed     24.66%
  46  DE666|Cluster-28691.1__TRINITY_DN1704_c0_g2_i1.p1               0.40%    passed    100.00%
  47  DE566|Cluster-30861.1__TRINITY_DN10061_c0_g1_i2.p1              0.40%    passed     99.99%
  48  DE680|Cluster-52501.1__TRINITY_DN10258_c0_g1_i5.p1              0.40%    passed    100.00%
  49  DE542|Cluster-62417.3__TRINITY_DN9129_c0_g1_i18.p1              0.40%    passed    100.00%
  50  DE173|Cluster-23966.0__TRINITY_DN1713_c0_g1_i2.p1               0.40%    passed    100.00%
  51  DE509|Cluster-38424.1__TRINITY_DN2930_c0_g1_i3.p1               0.40%    passed    100.00%
  52  DE643|Cluster-62664.0__TRINITY_DN3043_c0_g1_i1.p1               0.40%    passed    100.00%
  53  DE671|Cluster-36945.1__TRINITY_DN809_c0_g1_i2.p1                0.40%    passed    100.00%
  54  DE550|Cluster-38640.0__TRINITY_DN2810_c0_g1_i4.p1               0.40%    passed    100.00%
  55  DE741|Cluster-36633.0__TRINITY_DN1522_c0_g1_i3.p1               0.40%    passed    100.00%
  56  DE536|Cluster-46300.1__TRINITY_DN3628_c0_g1_i5.p1               0.40%    passed    100.00%
  57  SRR3407095|Cluster-45546.0__TRINITY_DN9839_c1_g1_i6.p1          0.40%    passed    100.00%
  58  SRR3407094|Cluster-38434.0__TRINITY_DN15353_c0_g1_i3.p1         0.40%    passed    100.00%
  59  SRR3407092|Cluster-33089.0__TRINITY_DN2361_c0_g1_i1.p1          0.40%    passed    100.00%
  60  DE505|Cluster-50508.0__TRINITY_DN6503_c0_g1_i6.p1               0.40%    passed    100.00%
  61  DE510|Cluster-17016.0__TRINITY_DN1465_c0_g1_i2.p1               0.40%    passed    100.00%
  62  DE69|Cluster-40833.1__TRINITY_DN2624_c1_g1_i7.p1                1.19%    passed    100.00%
  63  DE560|Cluster-23854.2__TRINITY_DN386_c0_g1_i4.p1                1.19%    passed    100.00%
  64  DE704-white|Cluster-64274.1__TRINITY_DN287_c2_g2_i3.p1          0.40%    passed    100.00%
  65  DE528|Cluster-36921.2__TRINITY_DN250_c0_g1_i11.p1               0.40%    passed    100.00%
  66  DE668|Cluster-39470.2__TRINITY_DN4631_c0_g1_i8.p1               0.40%    passed     97.94%
WARNING: 3 sequences contain more than 50% gaps/ambiguity
****  TOTAL                                                           3.14%  1 sequences failed composition chi2 test (p-value<5%; df=60)
WARNING: States(s) TGT rarely appear in alignment and may cause numerical problems
Reading input tree file tmp.csubst.nwk ... rooted tree

NOTE: 37 MB RAM (0 GB) is required!
Measuring multi-threading efficiency up to 1 CPU cores
2 trees examined
Threads: 1 / Time: 3.867 sec / Speedup: 1.000 / Efficiency: 100% / LogL: -7847
BEST NUMBER OF THREADS: 1

Estimate model parameters (epsilon = 0.010)
1. Initial log-likelihood: -8739.259
2. Current log-likelihood: -7372.290
3. Current log-likelihood: -7347.569
4. Current log-likelihood: -7346.475
5. Current log-likelihood: -7346.249
6. Current log-likelihood: -7346.207
Optimal log-likelihood: -7346.200
Nonsynonymous/synonymous ratio (omega): 1.000
Transition/transversion ratio (kappa): 1.000
Site proportion and rates:  (0.675,0.284) (0.169,1.139) (0.098,2.829) (0.058,5.815)
Parameters optimization took 6 rounds (43.866 sec)
Wrote distance file to... 
BEST SCORE FOUND : -7346.200
Ancestral state probabilities printed to /mnt/data0/yue/2026-03-11-protein-convergence/results/OG_1228/csubst_w_s/csubst_input_alignment.fa.state
Empirical proportions for each category: 0.708 0.138 0.099 0.055
Site rates printed to /mnt/data0/yue/2026-03-11-protein-convergence/results/OG_1228/csubst_w_s/csubst_input_alignment.fa.rate
Total tree length: 5.868

Total number of iterations: 0
CPU time used for tree search: 0.000 sec (0h:0m:0s)
Wall-clock time used for tree search: 0.000 sec (0h:0m:0s)
Total CPU time used: 48.765 sec (0h:0m:48s)
Total wall-clock time used: 48.833 sec (0h:0m:48s)

Analysis results written to: 
  IQ-TREE report:                /mnt/data0/yue/2026-03-11-protein-convergence/results/OG_1228/csubst_w_s/csubst_input_alignment.fa.iqtree
  Maximum-likelihood tree:       /mnt/data0/yue/2026-03-11-protein-convergence/results/OG_1228/csubst_w_s/csubst_input_alignment.fa.treefile
  Site-specific rates:           /mnt/data0/yue/2026-03-11-protein-convergence/results/OG_1228/csubst_w_s/csubst_input_alignment.fa.rate
  Ancestral state:               /mnt/data0/yue/2026-03-11-protein-convergence/results/OG_1228/csubst_w_s/csubst_input_alignment.fa.state
  Screen log file:               /mnt/data0/yue/2026-03-11-protein-convergence/results/OG_1228/csubst_w_s/csubst_input_alignment.fa.log

Date and Time: Thu Mar 26 23:17:03 2026
