IQ-TREE multicore version 2.4.0 for Linux x86 64-bit built Feb 12 2025
Developed by Bui Quang Minh, Nguyen Lam Tung, Olga Chernomor, Heiko Schmidt,
Dominik Schrempf, Michael Woodhams, Ly Trong Nhan, Thomas Wong

Host:    brain (AVX2, FMA3, 2015 GB RAM)
Command: /home/yue/miniconda3/envs/py39/bin/iqtree -s /mnt/data0/yue/2026-03-11-protein-convergence/results/OG_4755/csubst_w_s/csubst_input_alignment.fa -te tmp.csubst.nwk -m ECMK07+F+R4 --seqtype CODON1 --threads-max 1 -T AUTO --ancestral --rate --redo
Seed:    461075 (Using SPRNG - Scalable Parallel Random Number Generator)
Time:    Fri Mar 27 15:11:22 2026
Kernel:  AVX+FMA - auto-detect threads (128 CPU cores detected)

Reading alignment file /mnt/data0/yue/2026-03-11-protein-convergence/results/OG_4755/csubst_w_s/csubst_input_alignment.fa ... Fasta format detected
Reading fasta file: done in 0.0023765 secs
Alignment most likely contains DNA/RNA sequences
Converting to codon sequences with genetic code 1 ...
WARNING: 1 sites contain only gaps or ambiguous characters.
Alignment has 79 sequences with 618 columns, 598 distinct patterns
418 parsimony-informative, 130 singleton sites, 70 constant sites
                                                               Gap/Ambiguity  Composition  p-value
Analyzing sequences: done in 0.000123933 secs using 99.25% CPU
   1  DE549|Cluster-33757.0__TRINITY_DN3843_c0_g1_i1.p1                0.16%    passed    100.00%
   2  SRR104381|Cluster-25431.0__TRINITY_DN1776_c0_g1_i4.p1            9.87%    passed     93.47%
   3  DE115|Cluster-55566.0__TRINITY_DN3439_c1_g1_i1.p1                0.16%    passed    100.00%
   4  DE643|Cluster-79198.1__TRINITY_DN3008_c0_g1_i7.p1               48.38%    passed     12.18%
   5  DE181|Cluster-2913.0__TRINITY_DN116539_c0_g1_i1.p1               0.81%    passed    100.00%
   6  SRR3407086|Cluster-18469.0__TRINITY_DN55141_c0_g1_i1.p1          0.81%    passed    100.00%
   7  SRR3407088|Cluster-5641.0__TRINITY_DN44050_c0_g1_i1.p1           0.81%    passed    100.00%
   8  DE561|Cluster-43251.0__TRINITY_DN4300_c2_g3_i1.p1                0.81%    passed    100.00%
   9  SRR3424066|Cluster-21827.0__TRINITY_DN36301_c0_g1_i1.p1         43.20%    passed     39.70%
  10  DE563|Cluster-15032.0__TRINITY_DN62262_c0_g1_i1.p1               0.16%    passed    100.00%
  11  DE127|Cluster-35790.0__TRINITY_DN3936_c0_g1_i1.p1                0.16%    passed    100.00%
  12  DE554|Cluster-19389.0__TRINITY_DN73603_c0_g2_i1.p1               0.16%    passed    100.00%
  13  DE666|Cluster-7833.0__TRINITY_DN8033_c1_g1_i2.p1                 0.16%    passed    100.00%
  14  DE546_urceolata_l|Cluster-46171.0__TRINITY_DN8763_c0_g1_i1.p1    0.16%    passed    100.00%
  15  JJ86|Cluster-21040.0__TRINITY_DN217_c0_g1_i1.p1                  4.05%    passed    100.00%
  16  DE126|Cluster-23975.0__TRINITY_DN12492_c0_g1_i2.p1               0.16%    passed    100.00%
  17  DE162|Cluster-6452.0__TRINITY_DN11632_c0_g1_i1.p1                0.16%    passed    100.00%
  18  DE507|Cluster-44524.0__TRINITY_DN1921_c1_g1_i1.p1                0.16%    passed    100.00%
  19  DE528|Cluster-23910.0__TRINITY_DN4582_c0_g1_i1.p1                0.16%    passed    100.00%
  20  DE704-purple|Cluster-46430.0__TRINITY_DN7857_c0_g2_i1.p1         0.16%    passed    100.00%
  21  DE704-white|Cluster-6051.0__TRINITY_DN4928_c0_g1_i2.p1           0.16%    passed    100.00%
  22  DE623|Cluster-55475.0__TRINITY_DN2162_c0_g1_i4.p1               16.02%    passed     99.97%
  23  DE680|Cluster-7063.0__TRINITY_DN1324_c0_g1_i1.p1                 0.16%    passed    100.00%
  24  DE765|Cluster-45671.0__TRINITY_DN3191_c0_g1_i1.p1                0.16%    passed    100.00%
  25  DE575|Cluster-9946.1__TRINITY_DN3759_c1_g1_i6.p1                 0.16%    passed    100.00%
  26  DE681|Cluster-35586.1__TRINITY_DN902_c0_g1_i3.p1                 0.16%    passed    100.00%
  27  DE668|Cluster-46855.0__TRINITY_DN3817_c0_g1_i2.p1                0.16%    passed    100.00%
  28  DE152|Cluster-11039.0__TRINITY_DN8841_c0_g1_i1.p1                0.16%    passed    100.00%
  29  JJ23|Cluster-5849.0__TRINITY_DN14562_c0_g1_i2.p1                 0.16%    passed    100.00%
  30  DE229|Cluster-87598.0__TRINITY_DN13566_c0_g2_i1.p1               0.16%    passed    100.00%
  31  JJ74|Cluster-78055.0__TRINITY_DN46527_c0_g1_i1.p1                0.16%    passed    100.00%
  32  DRR082660|Cluster-13520.0__TRINITY_DN19206_c0_g1_i1.p1          48.38%    passed     97.86%
  33  JJ125|Cluster-3620.0__TRINITY_DN6728_c0_g1_i1.p1                 0.16%    passed    100.00%
  34  DE151|Cluster-62095.0__TRINITY_DN4727_c0_g1_i2.p1                0.32%    passed    100.00%
  35  JJ130|Cluster-4849.0__TRINITY_DN16382_c0_g1_i1.p1                0.16%    passed    100.00%
  36  DE173|Cluster-7127.0__TRINITY_DN393_c0_g1_i1.p1                  0.16%    passed    100.00%
  37  JJ109|Cluster-40287.0__TRINITY_DN44014_c0_g1_i1.p1               0.32%    passed    100.00%
  38  DE164|Cluster-21201.0__TRINITY_DN6792_c0_g2_i1.p1                0.16%    passed    100.00%
  39  DE737|Cluster-3038.0__TRINITY_DN48590_c0_g1_i1.p1                0.16%    passed    100.00%
  40  DE671|Cluster-37616.0__TRINITY_DN6225_c0_g1_i5.p1                0.16%    passed    100.00%
  41  DE476|Cluster-42169.0__TRINITY_DN12383_c0_g1_i1.p1               0.16%    passed    100.00%
  42  DE531|Cluster-25787.0__TRINITY_DN855_c0_g2_i1.p1                 0.16%    passed    100.00%
  43  JJ36|Cluster-40583.0__TRINITY_DN16648_c1_g1_i2.p1                0.16%    passed    100.00%
  44  DE696-dots|Cluster-5845.0__TRINITY_DN3628_c0_g5_i1.p1            0.16%    passed    100.00%
  45  DE696-nodots|Cluster-3770.0__TRINITY_DN11088_c0_g1_i1.p1         0.16%    passed    100.00%
  46  DE509|Cluster-45681.0__TRINITY_DN39700_c0_g1_i1.p1               0.16%    passed    100.00%
  47  DE736|Cluster-3988.0__TRINITY_DN17900_c2_g1_i1.p1                0.16%    passed    100.00%
  48  DE764|Cluster-18980.0__TRINITY_DN2947_c0_g1_i1.p1                0.16%    passed    100.00%
  49  DE189|Cluster-38774.0__TRINITY_DN8486_c0_g1_i2.p1                0.16%    passed    100.00%
  50  DE672|Cluster-45741.0__TRINITY_DN3075_c0_g1_i1.p1                0.16%    passed    100.00%
  51  JJ89|Cluster-32249.0__TRINITY_DN13036_c0_g1_i1.p1                0.16%    passed    100.00%
  52  DE550|Cluster-50229.0__TRINITY_DN3349_c0_g1_i1.p1                0.65%    passed    100.00%
  53  DE541|Cluster-16094.0__TRINITY_DN4924_c0_g1_i1.p1                0.16%    passed    100.00%
  54  DE88|Cluster-34134.0__TRINITY_DN11629_c0_g1_i5.p1                0.16%    passed    100.00%
  55  DE504|Cluster-19814.0__TRINITY_DN4960_c0_g1_i1.p1                0.16%    passed    100.00%
  56  DE560|Cluster-26041.0__TRINITY_DN4088_c0_g1_i5.p1                0.16%    passed    100.00%
  57  JJ85|Cluster-19848.0__TRINITY_DN10875_c4_g2_i1.p1                0.16%    passed    100.00%
  58  DE741|Cluster-55912.0__TRINITY_DN6207_c0_g1_i2.p1                0.16%    passed    100.00%
  59  DE519|Cluster-36895.0__TRINITY_DN173271_c0_g1_i1.p1              0.16%    passed    100.00%
  60  DE216|Cluster-30214.0__TRINITY_DN3470_c0_g1_i1.p1                0.16%    passed    100.00%
  61  JJ15|Cluster-59141.0__TRINITY_DN6697_c2_g1_i2.p1                 0.16%    passed    100.00%
  62  DE534|Cluster-34009.0__TRINITY_DN8938_c0_g1_i1.p1                0.16%    passed    100.00%
  63  DE542|Cluster-20381.0__TRINITY_DN8296_c0_g1_i1.p1                0.16%    passed    100.00%
  64  DE536|Cluster-15118.0__TRINITY_DN4941_c0_g1_i1.p1                0.16%    passed    100.00%
  65  JJ99|Cluster-46714.0__TRINITY_DN66498_c0_g1_i1.p1                0.16%    passed    100.00%
  66  JJ131|Cluster-18805.0__TRINITY_DN10098_c1_g1_i1.p1               0.16%    passed     99.99%
  67  DE566|Cluster-39659.0__TRINITY_DN4830_c0_g1_i1.p1               16.50%    passed    100.00%
  68  DE523|Cluster-24593.0__TRINITY_DN4439_c0_g1_i1.p1                0.16%    passed     99.97%
  69  SRR3407096|Cluster-15810.0__TRINITY_DN25680_c0_g1_i1.p1          0.49%    passed    100.00%
  70  SRR3407095|Cluster-24945.0__TRINITY_DN5650_c0_g1_i5.p1          48.38%    passed      9.46%
  71  DE69|Cluster-15760.0__TRINITY_DN6736_c0_g1_i1.p1                 0.16%    passed    100.00%
  72  DE503|Cluster-16949.0__TRINITY_DN21696_c0_g1_i1.p1               0.16%    passed    100.00%
  73  DE510|Cluster-25604.0__TRINITY_DN42133_c0_g1_i1.p1               0.16%    passed    100.00%
  74  SRR3407092|Cluster-8788.0__TRINITY_DN38526_c0_g1_i1.p1           0.16%    passed    100.00%
  75  SRR3407087|Cluster-28943.0__TRINITY_DN33257_c0_g1_i1.p1          0.16%    passed    100.00%
  76  DE505|Cluster-51464.0__TRINITY_DN5272_c0_g1_i1.p1                0.16%    passed    100.00%
  77  SRR3407093|Cluster-23800.0__TRINITY_DN45304_c0_g1_i1.p1          0.16%    passed    100.00%
  78  SRR3407094|Cluster-8948.0__TRINITY_DN4977_c0_g1_i1.p1            0.16%    passed    100.00%
  79  SRR5150740|Cluster-46553.0__TRINITY_DN2401_c0_g1_i2.p1           4.85%    passed     99.93%
****  TOTAL                                                            3.22%  0 sequences failed composition chi2 test (p-value<5%; df=60)
Reading input tree file tmp.csubst.nwk ... rooted tree

NOTE: 98 MB RAM (0 GB) is required!
Measuring multi-threading efficiency up to 1 CPU cores
2 trees examined
Threads: 1 / Time: 5.265 sec / Speedup: 1.000 / Efficiency: 100% / LogL: -30484
BEST NUMBER OF THREADS: 1

Estimate model parameters (epsilon = 0.010)
1. Initial log-likelihood: -25306.629
2. Current log-likelihood: -18744.973
3. Current log-likelihood: -18723.491
4. Current log-likelihood: -18723.258
5. Current log-likelihood: -18723.166
6. Current log-likelihood: -18723.123
7. Current log-likelihood: -18723.101
8. Current log-likelihood: -18723.088
Optimal log-likelihood: -18723.080
Nonsynonymous/synonymous ratio (omega): 1.000
Transition/transversion ratio (kappa): 1.000
Site proportion and rates:  (0.607,0.466) (0.312,1.522) (0.060,2.482) (0.020,4.509)
Parameters optimization took 8 rounds (140.533 sec)
Wrote distance file to... 
BEST SCORE FOUND : -18723.080
Ancestral state probabilities printed to /mnt/data0/yue/2026-03-11-protein-convergence/results/OG_4755/csubst_w_s/csubst_input_alignment.fa.state
Empirical proportions for each category: 0.636 0.317 0.028 0.019
Site rates printed to /mnt/data0/yue/2026-03-11-protein-convergence/results/OG_4755/csubst_w_s/csubst_input_alignment.fa.rate
Total tree length: 4.753

Total number of iterations: 0
CPU time used for tree search: 0.000 sec (0h:0m:0s)
Wall-clock time used for tree search: 0.000 sec (0h:0m:0s)
Total CPU time used: 148.749 sec (0h:2m:28s)
Total wall-clock time used: 149.162 sec (0h:2m:29s)

Analysis results written to: 
  IQ-TREE report:                /mnt/data0/yue/2026-03-11-protein-convergence/results/OG_4755/csubst_w_s/csubst_input_alignment.fa.iqtree
  Maximum-likelihood tree:       /mnt/data0/yue/2026-03-11-protein-convergence/results/OG_4755/csubst_w_s/csubst_input_alignment.fa.treefile
  Site-specific rates:           /mnt/data0/yue/2026-03-11-protein-convergence/results/OG_4755/csubst_w_s/csubst_input_alignment.fa.rate
  Ancestral state:               /mnt/data0/yue/2026-03-11-protein-convergence/results/OG_4755/csubst_w_s/csubst_input_alignment.fa.state
  Screen log file:               /mnt/data0/yue/2026-03-11-protein-convergence/results/OG_4755/csubst_w_s/csubst_input_alignment.fa.log

Date and Time: Fri Mar 27 15:13:51 2026
