IQ-TREE multicore version 2.4.0 for Linux x86 64-bit built Feb 12 2025
Developed by Bui Quang Minh, Nguyen Lam Tung, Olga Chernomor, Heiko Schmidt,
Dominik Schrempf, Michael Woodhams, Ly Trong Nhan, Thomas Wong

Host:    brain (AVX2, FMA3, 2015 GB RAM)
Command: /home/yue/miniconda3/envs/py39/bin/iqtree -s /mnt/data0/yue/2026-03-11-protein-convergence/results/OG_909/csubst_w_s/csubst_input_alignment.fa -te tmp.csubst.nwk -m ECMK07+F+R4 --seqtype CODON1 --threads-max 1 -T AUTO --ancestral --rate --redo
Seed:    755400 (Using SPRNG - Scalable Parallel Random Number Generator)
Time:    Sat Mar 28 05:00:19 2026
Kernel:  AVX+FMA - auto-detect threads (128 CPU cores detected)

Reading alignment file /mnt/data0/yue/2026-03-11-protein-convergence/results/OG_909/csubst_w_s/csubst_input_alignment.fa ... Fasta format detected
Reading fasta file: done in 0.00497366 secs using 92.89% CPU
Alignment most likely contains DNA/RNA sequences
Converting to codon sequences with genetic code 1 ...
WARNING: 1 sites contain only gaps or ambiguous characters.
Alignment has 126 sequences with 810 columns, 793 distinct patterns
714 parsimony-informative, 46 singleton sites, 50 constant sites
                                                           Gap/Ambiguity  Composition  p-value
Analyzing sequences: done in 0.000246748 secs using 99.7% CPU
   1  DE229|Cluster-97598.0__TRINITY_DN24963_c0_g1_i1.p1           0.12%    passed     99.65%
   2  DE189|Cluster-31238.0__TRINITY_DN4477_c0_g1_i1.p1           36.17%    passed     65.62%
   3  DE523|Cluster-32092.0__TRINITY_DN240_c0_g1_i1.p1             0.62%    passed     62.70%
   4  DE542|Cluster-60545.0__TRINITY_DN1571_c0_g1_i2.p1            0.12%    passed     84.62%
   5  DE672|Cluster-9663.0__TRINITY_DN112_c0_g1_i1.p1              0.25%    passed     28.38%
   6  DE550|Cluster-45253.0__TRINITY_DN4109_c0_g1_i3.p1           38.40%    passed     44.49%
   7  SRR3407095|Cluster-19543.0__TRINITY_DN2037_c0_g2_i1.p1       0.12%    passed     99.99%
   8  DE69|Cluster-9999.15__TRINITY_DN0_c0_g1_i1.p1                0.12%    passed     99.99%
   9  DE519|Cluster-7485.0__TRINITY_DN7100_c0_g4_i1.p1             0.12%    passed     77.07%
  10  DE741|Cluster-29338.0__TRINITY_DN1605_c0_g2_i1.p1            0.12%    passed     97.49%
  11  DE173|Cluster-9966.0__TRINITY_DN2125_c0_g1_i15.p1            0.12%    passed     41.28%
  12  DE476|Cluster-60384.0__TRINITY_DN6615_c0_g1_i1.p1            0.12%    passed     18.14%
  13  DE151|Cluster-41786.0__TRINITY_DN2760_c0_g1_i1.p1            0.12%    passed     51.71%
  14  JJ109|Cluster-36676.0__TRINITY_DN43893_c0_g1_i1.p1           0.12%    passed     28.10%
  15  JJ130|Cluster-25350.0__TRINITY_DN2025_c0_g2_i3.p1            0.12%    passed     37.84%
  16  DE531|Cluster-6056.0__TRINITY_DN2336_c0_g1_i1.p1             0.12%    failed      1.67%
  17  DE696-dots|Cluster-54834.2__TRINITY_DN3307_c0_g4_i1.p1       0.12%    failed      1.46%
  18  DE696-nodots|Cluster-2057.0__TRINITY_DN9848_c0_g1_i1.p1      0.12%    failed      0.81%
  19  JJ36|Cluster-21868.0__TRINITY_DN5282_c0_g1_i2.p1             0.12%    failed      3.20%
  20  DE504|Cluster-16479.0__TRINITY_DN1315_c0_g1_i1.p1            0.12%    passed     17.98%
  21  DE549|Cluster-46061.0__TRINITY_DN1396_c1_g1_i1.p1            0.12%    passed     23.30%
  22  DE737|Cluster-29495.0__TRINITY_DN593_c0_g2_i1.p1             0.12%    failed      4.49%
  23  DE88|Cluster-30501.0__TRINITY_DN1719_c0_g1_i3.p1             0.12%    passed     33.42%
  24  DE509|Cluster-10598.0__TRINITY_DN15064_c0_g1_i1.p1           0.12%    passed     11.29%
  25  DE643|Cluster-45108.0__TRINITY_DN1658_c0_g2_i2.p1           18.02%    passed     70.69%
  26  DE671|Cluster-40914.0__TRINITY_DN2635_c0_g1_i1.p1            0.12%    passed     60.84%
  27  DE541|Cluster-9200.0__TRINITY_DN1949_c0_g1_i1.p1             0.12%    passed     51.75%
  28  JJ86|Cluster-52559.0__TRINITY_DN1142_c0_g1_i3.p1             0.12%    passed     98.37%
  29  DE528|Cluster-3533.0__TRINITY_DN17143_c0_g1_i2.p1            0.12%    passed     97.36%
  30  DE554|Cluster-65937.0__TRINITY_DN1715_c0_g2_i3.p1            0.12%    passed     98.65%
  31  DE765|Cluster-29440.0__TRINITY_DN1816_c0_g1_i2.p1            0.12%    passed     40.56%
  32  DE126|Cluster-8115.0__TRINITY_DN2096_c0_g1_i1.p1             0.12%    passed    100.00%
  33  JJ23|Cluster-34958.0__TRINITY_DN20789_c1_g1_i1.p1            0.12%    passed     99.95%
  34  JJ74|Cluster-113619.0__TRINITY_DN2156_c0_g1_i6.p1            0.12%    passed     96.54%
  35  DE623|Cluster-12532.0__TRINITY_DN4529_c0_g1_i2.p1            0.12%    passed     89.58%
  36  DE680|Cluster-26863.0__TRINITY_DN1864_c0_g1_i2.p1            0.12%    passed     91.76%
  37  DE563|Cluster-46000.1__TRINITY_DN1512_c0_g1_i5.p1           35.43%    passed     97.66%
  38  DE115|Cluster-2057.0__TRINITY_DN1630_c0_g1_i3.p1             0.12%    passed     99.22%
  39  DE162|Cluster-48273.0__TRINITY_DN5970_c0_g1_i2.p1            0.12%    passed     99.30%
  40  DE507|Cluster-24493.0__TRINITY_DN2301_c0_g1_i4.p1            0.12%    passed     98.44%
  41  DE704-white|Cluster-2232.0__TRINITY_DN11352_c0_g1_i1.p1      0.12%    passed     99.52%
  42  DE704-purple|Cluster-47301.1__TRINITY_DN25019_c0_g1_i9.p1    0.12%    passed     99.96%
  43  DE668|Cluster-22801.0__TRINITY_DN84_c0_g2_i1.p1              0.12%    passed     98.60%
  44  DE152|Cluster-40385.0__TRINITY_DN3191_c0_g1_i3.p1            0.12%    passed     99.78%
  45  JJ99|Cluster-14304.0__TRINITY_DN7398_c0_g1_i2.p1             0.12%    passed     99.83%
  46  DE216|Cluster-52465.0__TRINITY_DN9339_c0_g2_i1.p1            0.12%    passed     89.15%
  47  JJ15|Cluster-34706.0__TRINITY_DN10325_c0_g1_i4.p1            0.12%    passed     90.05%
  48  DE534|Cluster-31913.0__TRINITY_DN13145_c0_g1_i2.p1           0.12%    passed     95.22%
  49  DE542|Cluster-27626.0__TRINITY_DN6863_c0_g1_i1.p1            0.12%    passed     96.86%
  50  DE554|Cluster-49269.1__TRINITY_DN1715_c0_g1_i5.p1            0.12%    passed     84.93%
  51  DE704-purple|Cluster-54842.1__TRINITY_DN7137_c0_g1_i1.p1     0.12%    passed     13.69%
  52  DE229|Cluster-80278.0__TRINITY_DN829_c1_g1_i1.p1             0.12%    passed     96.04%
  53  DE566|Cluster-30219.4__TRINITY_DN141_c0_g1_i6.p1             0.12%    passed     11.21%
  54  DE216|Cluster-9338.0__TRINITY_DN2559_c1_g1_i1.p1             0.12%    passed     85.34%
  55  DE523|Cluster-28875.0__TRINITY_DN240_c0_g2_i2.p1             0.37%    passed     95.00%
  56  DE560|Cluster-19392.0__TRINITY_DN1628_c0_g2_i1.p1            0.12%    passed     62.33%
  57  JJ125|Cluster-34058.0__TRINITY_DN907_c0_g1_i1.p1             0.12%    passed     95.66%
  58  DE671|Cluster-48875.0__TRINITY_DN1571_c0_g1_i12.p1          38.27%    passed     98.97%
  59  SRR3407096|Cluster-18288.0__TRINITY_DN3022_c0_g2_i1.p1       0.12%    passed     95.13%
  60  DE666|Cluster-35004.1__TRINITY_DN8439_c0_g2_i4.p1            0.12%    passed     99.66%
  61  SRR3407095|Cluster-22078.0__TRINITY_DN2037_c0_g1_i1.p1       0.12%    failed      1.66%
  62  DE560|Cluster-36463.0__TRINITY_DN1628_c0_g1_i1.p1            0.12%    passed     88.05%
  63  JJ125|Cluster-27652.0__TRINITY_DN4678_c0_g1_i3.p1            0.12%    passed     99.35%
  64  JJ85|Cluster-32114.0__TRINITY_DN1763_c0_g2_i2.p1             0.12%    passed     84.98%
  65  DE764|Cluster-3331.1__TRINITY_DN11445_c0_g1_i3.p1            0.25%    passed     22.23%
  66  JJ131|Cluster-39842.0__TRINITY_DN5455_c0_g1_i6.p1            0.12%    passed     78.09%
  67  DE536|Cluster-43702.0__TRINITY_DN23554_c0_g2_i1.p1           0.12%    passed     48.38%
  68  DE575|Cluster-41011.0__TRINITY_DN2936_c0_g1_i5.p1            0.12%    passed     13.84%
  69  DE681|Cluster-52069.0__TRINITY_DN678_c0_g2_i3.p1             0.12%    passed     14.90%
  70  DE765|Cluster-12129.0__TRINITY_DN1888_c0_g2_i1.p1            0.12%    passed      9.57%
  71  DE741|Cluster-6688.0__TRINITY_DN1605_c0_g1_i1.p1             0.12%    passed     92.21%
  72  DE519|Cluster-38983.0__TRINITY_DN7100_c0_g2_i1.p1            0.12%    passed     82.52%
  73  SRR3407088|Cluster-5577.0__TRINITY_DN1252_c0_g3_i1.p1        0.12%    passed     92.53%
  74  SRR3424066|Cluster-37009.0__TRINITY_DN904_c0_g2_i1.p1        0.12%    passed     94.59%
  75  DE561|Cluster-4724.0__TRINITY_DN919_c0_g2_i1.p1              0.12%    passed     91.79%
  76  DE181|Cluster-51708.0__TRINITY_DN1859_c0_g1_i2.p1            0.12%    passed     91.95%
  77  SRR3407086|Cluster-18440.0__TRINITY_DN467_c0_g2_i1.p1        0.12%    passed     97.42%
  78  SRR3407092|Cluster-36703.0__TRINITY_DN11112_c0_g1_i1.p1      9.88%    passed     88.03%
  79  DE503|Cluster-60416.0__TRINITY_DN854_c0_g1_i2.p1             0.12%    passed     94.64%
  80  DE510|Cluster-10760.0__TRINITY_DN197_c0_g1_i1.p1             0.12%    passed     96.22%
  81  SRR3407087|Cluster-8482.0__TRINITY_DN20095_c0_g2_i1.p1       0.12%    passed     96.19%
  82  SRR3407093|Cluster-29439.0__TRINITY_DN1321_c0_g1_i1.p1       0.12%    passed     95.96%
  83  JJ99|Cluster-29000.0__TRINITY_DN7398_c0_g2_i1.p1            38.27%    passed     26.19%
  84  JJ23|Cluster-27457.15__TRINITY_DN5411_c0_g1_i2.p1           38.27%    passed     97.10%
  85  DE181|Cluster-56835.0__TRINITY_DN1859_c0_g2_i1.p1            0.12%    passed     99.72%
  86  SRR3407086|Cluster-32159.0__TRINITY_DN467_c0_g1_i1.p1        0.12%    passed     99.81%
  87  DE503|Cluster-10581.0__TRINITY_DN854_c0_g1_i5.p1             0.12%    passed     99.61%
  88  SRR3407087|Cluster-25560.0__TRINITY_DN20095_c0_g1_i1.p1      0.12%    passed     99.81%
  89  DE505|Cluster-53436.1__TRINITY_DN40_c0_g1_i4.p1              0.12%    passed     98.28%
  90  SRR3407094|Cluster-36500.1__TRINITY_DN437_c0_g1_i4.p1        0.12%    passed     99.63%
  91  SRR3407093|Cluster-19305.0__TRINITY_DN1321_c0_g2_i1.p1       0.12%    passed     99.96%
  92  SRR3407092|Cluster-8450.0__TRINITY_DN11112_c0_g3_i1.p1       0.12%    passed     99.66%
  93  DE510|Cluster-9328.0__TRINITY_DN197_c0_g2_i2.p1              0.12%    passed     99.42%
  94  SRR3407088|Cluster-31676.0__TRINITY_DN1252_c0_g2_i1.p1       0.12%    passed     99.93%
  95  DE561|Cluster-17354.0__TRINITY_DN919_c0_g1_i1.p1             0.12%    passed     99.94%
  96  SRR3424066|Cluster-32117.0__TRINITY_DN904_c0_g1_i1.p1        0.12%    passed     99.91%
  97  DE151|Cluster-34442.0__TRINITY_DN3216_c0_g1_i1.p1            0.12%    passed     98.06%
  98  JJ109|Cluster-43315.0__TRINITY_DN19073_c3_g1_i1.p1           0.12%    passed     99.23%
  99  DE189|Cluster-28896.0__TRINITY_DN6407_c0_g1_i3.p1            0.12%    passed     99.24%
 100  DE173|Cluster-18111.0__TRINITY_DN2354_c0_g1_i3.p1            0.12%    passed     98.63%
 101  JJ130|Cluster-37157.0__TRINITY_DN2025_c0_g1_i1.p1            0.12%    passed     97.94%
 102  DE164|Cluster-12005.1__TRINITY_DN3452_c0_g1_i19.p1           0.12%    passed    100.00%
 103  DE643|Cluster-59313.0__TRINITY_DN1658_c1_g1_i6.p1            0.25%    passed     99.99%
 104  DE672|Cluster-4365.0__TRINITY_DN112_c0_g4_i1.p1              0.12%    passed     99.83%
 105  DE737|Cluster-16156.12__TRINITY_DN8070_c0_g3_i1.p1           0.12%    passed     99.96%
 106  DE88|Cluster-20364.0__TRINITY_DN972_c0_g1_i1.p1              0.12%    passed     99.93%
 107  DE550|Cluster-22165.0__TRINITY_DN25512_c0_g1_i2.p1           0.12%    passed     99.84%
 108  DE476|Cluster-59124.0__TRINITY_DN1956_c0_g1_i14.p1           0.12%    passed    100.00%
 109  DE541|Cluster-29613.0__TRINITY_DN2825_c0_g1_i1.p1            0.12%    passed     99.85%
 110  DE504|Cluster-46358.4__TRINITY_DN934_c0_g1_i21.p1            3.58%    passed     99.90%
 111  DE549|Cluster-25815.0__TRINITY_DN5876_c1_g1_i1.p1            0.12%    passed     99.62%
 112  DE509|Cluster-28376.0__TRINITY_DN1642_c0_g1_i2.p1            0.12%    passed     99.91%
 113  DE736|Cluster-50269.0__TRINITY_DN616_c1_g2_i1.p1             0.12%    passed     99.87%
 114  DE531|Cluster-8856.0__TRINITY_DN2336_c0_g2_i1.p1             0.12%    passed     97.73%
 115  DE696-dots|Cluster-39320.0__TRINITY_DN3307_c0_g3_i1.p1       0.12%    passed     94.66%
 116  DE696-nodots|Cluster-37946.0__TRINITY_DN2054_c0_g1_i1.p1     0.12%    passed     95.90%
 117  JJ36|Cluster-43532.0__TRINITY_DN8735_c0_g1_i1.p1             0.12%    passed     96.29%
 118  DE115|Cluster-14125.0__TRINITY_DN1630_c0_g2_i1.p1            0.12%    passed     67.01%
 119  DE126|Cluster-29085.0__TRINITY_DN2096_c0_g3_i1.p1            0.12%    passed     36.38%
 120  DE668|Cluster-55832.0__TRINITY_DN84_c0_g1_i1.p1              0.12%    passed     39.54%
 121  DE623|Cluster-14509.0__TRINITY_DN4529_c0_g2_i1.p1            0.12%    passed     52.81%
 122  DE680|Cluster-25074.0__TRINITY_DN1864_c0_g4_i1.p1            0.12%    passed     47.30%
 123  DE162|Cluster-3647.16__TRINITY_DN2448_c0_g1_i2.p1            0.12%    passed     21.48%
 124  DE528|Cluster-6341.0__TRINITY_DN4696_c0_g1_i1.p1             0.12%    passed     19.90%
 125  DE507|Cluster-89087.0__TRINITY_DN4958_c0_g1_i1.p1            0.12%    passed     18.95%
 126  DE704-white|Cluster-64872.8__TRINITY_DN5445_c0_g1_i3.p1      0.12%    passed     23.53%
****  TOTAL                                                        2.16%  6 sequences failed composition chi2 test (p-value<5%; df=60)
Reading input tree file tmp.csubst.nwk ... rooted tree

NOTE: 202 MB RAM (0 GB) is required!
Measuring multi-threading efficiency up to 1 CPU cores
2 trees examined
Threads: 1 / Time: 10.166 sec / Speedup: 1.000 / Efficiency: 100% / LogL: -114569
BEST NUMBER OF THREADS: 1

Estimate model parameters (epsilon = 0.010)
1. Initial log-likelihood: -53169.022
2. Current log-likelihood: -38911.350
3. Current log-likelihood: -38839.668
4. Current log-likelihood: -38820.506
5. Current log-likelihood: -38810.605
6. Current log-likelihood: -38809.736
7. Current log-likelihood: -38809.242
8. Current log-likelihood: -38808.964
9. Current log-likelihood: -38808.808
10. Current log-likelihood: -38808.720
11. Current log-likelihood: -38808.672
12. Current log-likelihood: -38808.645
13. Current log-likelihood: -38808.631
Optimal log-likelihood: -38808.623
Nonsynonymous/synonymous ratio (omega): 1.000
Transition/transversion ratio (kappa): 1.000
Site proportion and rates:  (0.434,0.426) (0.383,1.058) (0.154,1.982) (0.029,3.619)
Parameters optimization took 13 rounds (449.560 sec)
Wrote distance file to... 
BEST SCORE FOUND : -38808.623
Ancestral state probabilities printed to /mnt/data0/yue/2026-03-11-protein-convergence/results/OG_909/csubst_w_s/csubst_input_alignment.fa.state
Empirical proportions for each category: 0.435 0.400 0.140 0.026
Site rates printed to /mnt/data0/yue/2026-03-11-protein-convergence/results/OG_909/csubst_w_s/csubst_input_alignment.fa.rate
Total tree length: 10.088

Total number of iterations: 0
CPU time used for tree search: 0.000 sec (0h:0m:0s)
Wall-clock time used for tree search: 0.000 sec (0h:0m:0s)
Total CPU time used: 465.406 sec (0h:7m:45s)
Total wall-clock time used: 466.728 sec (0h:7m:46s)

Analysis results written to: 
  IQ-TREE report:                /mnt/data0/yue/2026-03-11-protein-convergence/results/OG_909/csubst_w_s/csubst_input_alignment.fa.iqtree
  Maximum-likelihood tree:       /mnt/data0/yue/2026-03-11-protein-convergence/results/OG_909/csubst_w_s/csubst_input_alignment.fa.treefile
  Site-specific rates:           /mnt/data0/yue/2026-03-11-protein-convergence/results/OG_909/csubst_w_s/csubst_input_alignment.fa.rate
  Ancestral state:               /mnt/data0/yue/2026-03-11-protein-convergence/results/OG_909/csubst_w_s/csubst_input_alignment.fa.state
  Screen log file:               /mnt/data0/yue/2026-03-11-protein-convergence/results/OG_909/csubst_w_s/csubst_input_alignment.fa.log

Date and Time: Sat Mar 28 05:08:06 2026
