IQ-TREE multicore version 2.4.0 for Linux x86 64-bit built Feb 12 2025
Developed by Bui Quang Minh, Nguyen Lam Tung, Olga Chernomor, Heiko Schmidt,
Dominik Schrempf, Michael Woodhams, Ly Trong Nhan, Thomas Wong

Host:    brain (AVX2, FMA3, 2015 GB RAM)
Command: /home/yue/miniconda3/envs/py39/bin/iqtree -s /mnt/data0/yue/2026-03-11-protein-convergence/results/OG_10572/csubst_w_s/csubst_input_alignment.fa -te tmp.csubst.nwk -m ECMK07+F+R4 --seqtype CODON1 --threads-max 1 -T AUTO --ancestral --rate --redo
Seed:    183473 (Using SPRNG - Scalable Parallel Random Number Generator)
Time:    Thu Mar 26 21:04:43 2026
Kernel:  AVX+FMA - auto-detect threads (128 CPU cores detected)

Reading alignment file /mnt/data0/yue/2026-03-11-protein-convergence/results/OG_10572/csubst_w_s/csubst_input_alignment.fa ... Fasta format detected
Reading fasta file: done in 0.000803217 secs
Alignment most likely contains DNA/RNA sequences
Converting to codon sequences with genetic code 1 ...
WARNING: 1 sites contain only gaps or ambiguous characters.
Alignment has 50 sequences with 298 columns, 295 distinct patterns
128 parsimony-informative, 90 singleton sites, 80 constant sites
                                                               Gap/Ambiguity  Composition  p-value
Analyzing sequences: done in 3.87877e-05 secs
   1  DE127|Cluster-23640.0__TRINITY_DN4696_c0_g1_i3.p1               27.18%    passed     99.99%
   2  DE575|Cluster-61018.0__TRINITY_DN6093_c0_g1_i6.p1               23.83%    passed    100.00%
   3  DE681|Cluster-44546.0__TRINITY_DN5349_c0_g1_i12.p1              22.48%    passed    100.00%
   4  DE563|Cluster-42665.1__TRINITY_DN1114_c1_g1_i3.p1               33.89%    passed     96.16%
   5  DE623|Cluster-59360.0__TRINITY_DN7439_c0_g1_i7.p1               58.05%    passed     90.05%
   6  JJ99|Cluster-54858.0__TRINITY_DN11270_c0_g1_i5.p1               22.15%    passed     31.29%
   7  SRR3407096|Cluster-24746.0__TRINITY_DN12448_c0_g1_i2.p1         19.13%    passed     98.86%
   8  SRR3407093|Cluster-37838.0__TRINITY_DN6317_c0_g1_i14.p1         14.09%    passed    100.00%
   9  DE126|Cluster-42409.0__TRINITY_DN6420_c0_g1_i1.p1               28.19%    passed    100.00%
  10  DE546_urceolata_l|Cluster-28551.0__TRINITY_DN9111_c0_g1_i4.p1   28.19%    passed    100.00%
  11  DE554|Cluster-47997.1__TRINITY_DN6618_c0_g1_i8.p1                9.73%    passed    100.00%
  12  DE162|Cluster-46479.0__TRINITY_DN5456_c0_g1_i12.p1              32.89%    passed    100.00%
  13  DE528|Cluster-16213.0__TRINITY_DN104725_c0_g1_i1.p1              2.01%    passed    100.00%
  14  DE507|Cluster-11431.1__TRINITY_DN12698_c0_g1_i4.p1              52.68%    passed     88.40%
  15  DE704-white|Cluster-57437.1__TRINITY_DN5003_c0_g1_i2.p1          2.01%    passed    100.00%
  16  DE765|Cluster-44729.0__TRINITY_DN21512_c0_g1_i2.p1               2.01%    passed    100.00%
  17  DE666|Cluster-24628.0__TRINITY_DN2436_c0_g1_i3.p1               52.68%    passed     99.97%
  18  DE164|Cluster-55325.1__TRINITY_DN4895_c0_g1_i1.p1               40.94%    passed     99.10%
  19  JJ86|Cluster-54930.0__TRINITY_DN13951_c0_g1_i3.p1                2.35%    passed    100.00%
  20  DE696-dots|Cluster-34336.1__TRINITY_DN5794_c0_g1_i12.p1          0.34%    passed    100.00%
  21  DE696-nodots|Cluster-36690.0__TRINITY_DN22462_c0_g1_i16.p1      40.94%    passed     97.76%
  22  DE216|Cluster-79544.0__TRINITY_DN4992_c0_g2_i6.p1               40.94%    passed     99.65%
  23  DE534|Cluster-17941.1__TRINITY_DN11020_c0_g1_i6.p1               8.05%    passed    100.00%
  24  JJ15|Cluster-56452.0__TRINITY_DN25748_c0_g2_i3.p1               40.94%    passed     98.89%
  25  DE542|Cluster-19447.1__TRINITY_DN1587_c1_g1_i7.p1               40.94%    passed     99.52%
  26  DE229|Cluster-28799.0__TRINITY_DN8830_c1_g1_i1.p1               18.12%    passed    100.00%
  27  DE680|Cluster-33952.1__TRINITY_DN11421_c0_g1_i12.p1              7.38%    passed    100.00%
  28  DE566|Cluster-27929.0__TRINITY_DN13083_c0_g1_i12.p1             10.74%    passed    100.00%
  29  DE505|Cluster-35866.0__TRINITY_DN8184_c0_g1_i3.p1               40.94%    passed     94.66%
  30  SRR3407094|Cluster-4583.0__TRINITY_DN9712_c0_g1_i3.p1            8.05%    passed     99.99%
  31  DE668|Cluster-38891.0__TRINITY_DN3642_c1_g1_i5.p1                6.71%    passed    100.00%
  32  JJ74|Cluster-103827.0__TRINITY_DN57218_c0_g1_i5.p1               8.05%    passed    100.00%
  33  SRR11748982|Cluster-34666.2__TRINITY_DN3178_c0_g1_i7.p1         27.18%    passed      8.15%
  34  JJ131|Cluster-61863.1__TRINITY_DN3401_c0_g1_i41.p1              15.10%    passed    100.00%
  35  JJ125|Cluster-36314.0__TRINITY_DN7338_c0_g1_i2.p1               24.50%    passed    100.00%
  36  DE476|Cluster-60132.0__TRINITY_DN6540_c0_g1_i5.p1               16.78%    passed    100.00%
  37  JJ130|Cluster-51814.0__TRINITY_DN5859_c0_g1_i1.p1               24.50%    passed     99.85%
  38  DE173|Cluster-3237.0__TRINITY_DN5726_c0_g1_i1.p1                 0.34%    passed    100.00%
  39  JJ109|Cluster-15927.0__TRINITY_DN13630_c0_g1_i1.p1              29.87%    passed    100.00%
  40  DE672|Cluster-27510.0__TRINITY_DN89422_c0_g1_i1.p1               8.05%    passed    100.00%
  41  DE643|Cluster-49497.0__TRINITY_DN44530_c0_g1_i6.p1               0.34%    passed    100.00%
  42  DE671|Cluster-46207.0__TRINITY_DN23184_c0_g1_i1.p1               0.34%    passed    100.00%
  43  DE737|Cluster-15673.0__TRINITY_DN398_c0_g1_i3.p1                 0.34%    passed    100.00%
  44  DE189|Cluster-33804.3__TRINITY_DN699_c1_g1_i6.p1                20.13%    passed    100.00%
  45  DE541|Cluster-53090.2__TRINITY_DN2179_c0_g1_i4.p1               15.44%    passed    100.00%
  46  DE550|Cluster-7388.0__TRINITY_DN7285_c0_g1_i7.p1                34.23%    passed    100.00%
  47  DE531|Cluster-36342.0__TRINITY_DN2908_c0_g1_i2.p1               13.42%    passed    100.00%
  48  SRR3407088|Cluster-34719.0__TRINITY_DN3763_c0_g1_i3.p1           0.34%    passed    100.00%
  49  DE69|Cluster-52804.0__TRINITY_DN11303_c0_g1_i5.p1               45.97%    passed     95.16%
  50  SRR3407095|Cluster-41917.0__TRINITY_DN38538_c0_g1_i2.p1          0.34%    passed    100.00%
WARNING: 3 sequences contain more than 50% gaps/ambiguity
****  TOTAL                                                           20.48%  0 sequences failed composition chi2 test (p-value<5%; df=60)
Reading input tree file tmp.csubst.nwk ... rooted tree

NOTE: 33 MB RAM (0 GB) is required!
Measuring multi-threading efficiency up to 1 CPU cores
2 trees examined
Threads: 1 / Time: 2.049 sec / Speedup: 1.000 / Efficiency: 100% / LogL: -7381
BEST NUMBER OF THREADS: 1

Estimate model parameters (epsilon = 0.010)
1. Initial log-likelihood: -7690.095
2. Current log-likelihood: -6064.251
3. Current log-likelihood: -6063.082
4. Current log-likelihood: -6062.708
5. Current log-likelihood: -6062.591
6. Current log-likelihood: -6062.550
7. Current log-likelihood: -6062.532
8. Current log-likelihood: -6062.522
Optimal log-likelihood: -6062.513
Nonsynonymous/synonymous ratio (omega): 1.000
Transition/transversion ratio (kappa): 1.000
Site proportion and rates:  (0.652,0.334) (0.155,1.309) (0.151,2.268) (0.042,5.682)
Parameters optimization took 8 rounds (42.918 sec)
Wrote distance file to... 
BEST SCORE FOUND : -6062.513
Ancestral state probabilities printed to /mnt/data0/yue/2026-03-11-protein-convergence/results/OG_10572/csubst_w_s/csubst_input_alignment.fa.state
Empirical proportions for each category: 0.725 0.081 0.154 0.040
Site rates printed to /mnt/data0/yue/2026-03-11-protein-convergence/results/OG_10572/csubst_w_s/csubst_input_alignment.fa.rate
Total tree length: 4.361

Total number of iterations: 0
CPU time used for tree search: 0.000 sec (0h:0m:0s)
Wall-clock time used for tree search: 0.000 sec (0h:0m:0s)
Total CPU time used: 46.046 sec (0h:0m:46s)
Total wall-clock time used: 46.118 sec (0h:0m:46s)

Analysis results written to: 
  IQ-TREE report:                /mnt/data0/yue/2026-03-11-protein-convergence/results/OG_10572/csubst_w_s/csubst_input_alignment.fa.iqtree
  Maximum-likelihood tree:       /mnt/data0/yue/2026-03-11-protein-convergence/results/OG_10572/csubst_w_s/csubst_input_alignment.fa.treefile
  Site-specific rates:           /mnt/data0/yue/2026-03-11-protein-convergence/results/OG_10572/csubst_w_s/csubst_input_alignment.fa.rate
  Ancestral state:               /mnt/data0/yue/2026-03-11-protein-convergence/results/OG_10572/csubst_w_s/csubst_input_alignment.fa.state
  Screen log file:               /mnt/data0/yue/2026-03-11-protein-convergence/results/OG_10572/csubst_w_s/csubst_input_alignment.fa.log

Date and Time: Thu Mar 26 21:05:29 2026
