IQ-TREE multicore version 2.4.0 for Linux x86 64-bit built Feb 12 2025
Developed by Bui Quang Minh, Nguyen Lam Tung, Olga Chernomor, Heiko Schmidt,
Dominik Schrempf, Michael Woodhams, Ly Trong Nhan, Thomas Wong

Host:    brain (AVX2, FMA3, 2015 GB RAM)
Command: /home/yue/miniconda3/envs/py39/bin/iqtree -s /mnt/data0/yue/2026-03-11-protein-convergence/results/OG_10334/csubst_w_s/csubst_input_alignment.fa -te tmp.csubst.nwk -m ECMK07+F+R4 --seqtype CODON1 --threads-max 1 -T AUTO --ancestral --rate --redo
Seed:    254584 (Using SPRNG - Scalable Parallel Random Number Generator)
Time:    Thu Mar 26 20:41:51 2026
Kernel:  AVX+FMA - auto-detect threads (128 CPU cores detected)

Reading alignment file /mnt/data0/yue/2026-03-11-protein-convergence/results/OG_10334/csubst_w_s/csubst_input_alignment.fa ... Fasta format detected
Reading fasta file: done in 0.0016901 secs using 91.65% CPU
Alignment most likely contains DNA/RNA sequences
Converting to codon sequences with genetic code 1 ...
WARNING: 1 sites contain only gaps or ambiguous characters.
Alignment has 67 sequences with 498 columns, 492 distinct patterns
348 parsimony-informative, 93 singleton sites, 57 constant sites
                                                              Gap/Ambiguity  Composition  p-value
Analyzing sequences: done in 8.22246e-05 secs using 99.73% CPU
   1  JJ85|Cluster-29326.0__TRINITY_DN9645_c0_g1_i1.p1                0.20%    passed     99.97%
   2  DE546_urceolata_l|Cluster-31593.1__TRINITY_DN784_c0_g1_i9.p1    0.20%    passed    100.00%
   3  DE668|Cluster-42768.0__TRINITY_DN451_c2_g1_i1.p1               28.11%    passed     99.77%
   4  DE575|Cluster-69488.1__TRINITY_DN3551_c0_g1_i3.p1              11.85%    passed     99.99%
   5  DE765|Cluster-40602.0__TRINITY_DN15723_c0_g1_i1.p1              2.61%    passed    100.00%
   6  DE764|Cluster-23918.0__TRINITY_DN5522_c0_g1_i1.p1               0.20%    passed    100.00%
   7  DE509|Cluster-9950.0__TRINITY_DN12157_c0_g1_i2.p1              10.84%    passed    100.00%
   8  DE737|Cluster-23616.0__TRINITY_DN9797_c0_g1_i11.p1              0.20%    passed    100.00%
   9  SRR3407095|Cluster-42836.0__TRINITY_DN7720_c0_g1_i1.p1          0.20%    passed    100.00%
  10  JJ125|Cluster-22023.0__TRINITY_DN8008_c0_g1_i2.p1               0.20%    passed    100.00%
  11  DE542|Cluster-24799.0__TRINITY_DN2149_c1_g1_i2.p1               0.80%    passed    100.00%
  12  DE563|Cluster-9071.0__TRINITY_DN8740_c0_g1_i3.p1               22.09%    passed     99.99%
  13  SRR11934227|Cluster-95257.0__TRINITY_DN97642_c0_g1_i1.p1       12.65%    passed      5.73%
  14  DE151|Cluster-15850.15__TRINITY_DN7049_c0_g1_i4.p1             23.90%    passed    100.00%
  15  DE189|Cluster-43816.1__TRINITY_DN1396_c0_g3_i1.p1               0.20%    passed    100.00%
  16  JJ109|Cluster-4664.0__TRINITY_DN215_c0_g5_i1.p1                 0.20%    passed    100.00%
  17  DE173|Cluster-49291.2__TRINITY_DN1330_c0_g1_i2.p1               2.81%    passed    100.00%
  18  JJ130|Cluster-35106.0__TRINITY_DN99_c1_g1_i15.p1                9.64%    passed    100.00%
  19  DE680|Cluster-51184.0__TRINITY_DN16218_c0_g1_i1.p1              0.20%    passed    100.00%
  20  DE623|Cluster-41842.0__TRINITY_DN15218_c0_g1_i3.p1             30.92%    passed     99.97%
  21  DE181|Cluster-20342.0__TRINITY_DN14626_c0_g1_i2.p1             30.92%    passed     95.35%
  22  SRR3407086|Cluster-42480.0__TRINITY_DN86912_c0_g1_i3.p1         0.20%    passed    100.00%
  23  DE503|Cluster-39996.0__TRINITY_DN4575_c0_g1_i1.p1               0.20%    passed    100.00%
  24  DE505|Cluster-26131.0__TRINITY_DN161_c0_g1_i1.p1                0.20%    passed    100.00%
  25  SRR3407092|Cluster-15438.0__TRINITY_DN35579_c0_g1_i1.p1         0.20%    passed    100.00%
  26  DE510|Cluster-24971.0__TRINITY_DN215_c2_g1_i1.p1                0.20%    passed    100.00%
  27  SRR3407087|Cluster-25203.0__TRINITY_DN24527_c0_g1_i2.p1         1.20%    passed    100.00%
  28  SRR3424066|Cluster-17464.0__TRINITY_DN3923_c4_g1_i2.p1          0.20%    passed    100.00%
  29  DE561|Cluster-34228.0__TRINITY_DN3339_c0_g1_i3.p1              45.98%    passed     76.52%
  30  DE519|Cluster-51659.0__TRINITY_DN16441_c0_g1_i5.p1             30.92%    passed     99.99%
  31  DE741|Cluster-41737.0__TRINITY_DN1844_c0_g1_i1.p1              17.47%    passed    100.00%
  32  DE162|Cluster-4137.0__TRINITY_DN7387_c0_g4_i1.p1                0.40%    passed    100.00%
  33  DE507|Cluster-84965.1__TRINITY_DN11871_c0_g1_i1.p1              0.40%    passed    100.00%
  34  DE704-purple|Cluster-27475.0__TRINITY_DN9040_c0_g1_i2.p1        0.40%    passed    100.00%
  35  DE704-white|Cluster-23306.0__TRINITY_DN18446_c0_g1_i3.p1        0.40%    passed    100.00%
  36  DE528|Cluster-59655.1__TRINITY_DN21333_c0_g1_i16.p1            47.59%    passed     99.81%
  37  DE164|Cluster-47266.0__TRINITY_DN8471_c0_g1_i1.p1              32.73%    passed     98.80%
  38  DE643|Cluster-17278.0__TRINITY_DN1473_c0_g1_i2.p1              31.53%    passed     99.98%
  39  DE671|Cluster-13793.0__TRINITY_DN4652_c0_g2_i1.p1               0.20%    passed    100.00%
  40  JJ36|Cluster-21279.0__TRINITY_DN7895_c3_g1_i3.p1                0.20%    passed    100.00%
  41  DE531|Cluster-50409.0__TRINITY_DN9144_c0_g1_i2.p1               9.84%    passed    100.00%
  42  DE696-dots|Cluster-30497.0__TRINITY_DN14622_c0_g1_i1.p1         0.20%    passed    100.00%
  43  DE696-nodots|Cluster-34208.0__TRINITY_DN2939_c0_g1_i4.p1        0.20%    passed    100.00%
  44  DE549|Cluster-29576.0__TRINITY_DN3389_c0_g1_i1.p1               0.20%    passed    100.00%
  45  DE504|Cluster-47636.0__TRINITY_DN370_c3_g1_i1.p1                0.20%    passed    100.00%
  46  DE88|Cluster-30266.0__TRINITY_DN2880_c0_g1_i1.p1                0.20%    passed    100.00%
  47  DE476|Cluster-51696.1__TRINITY_DN3442_c2_g2_i1.p1              48.39%    passed     98.47%
  48  DE541|Cluster-50862.0__TRINITY_DN544_c0_g1_i1.p1                0.20%    passed    100.00%
  49  DE550|Cluster-37794.0__TRINITY_DN2397_c0_g1_i1.p1              31.53%    passed     99.89%
  50  JJ89|Cluster-34435.0__TRINITY_DN921_c0_g1_i2.p1                31.53%    passed     99.98%
  51  DE115|Cluster-33879.4__TRINITY_DN2170_c0_g2_i6.p1               0.20%    passed    100.00%
  52  DE127|Cluster-43527.0__TRINITY_DN4339_c0_g1_i2.p1               0.20%    passed    100.00%
  53  DE554|Cluster-7075.0__TRINITY_DN27267_c0_g1_i1.p1               0.20%    passed    100.00%
  54  DE666|Cluster-15814.0__TRINITY_DN52033_c0_g1_i1.p1              0.20%    passed    100.00%
  55  DE152|Cluster-31447.0__TRINITY_DN1949_c1_g1_i1.p1               0.20%    passed    100.00%
  56  JJ99|Cluster-7017.0__TRINITY_DN8249_c1_g1_i1.p1                 0.20%    passed    100.00%
  57  DE229|Cluster-87083.0__TRINITY_DN10526_c0_g1_i1.p1              1.20%    passed    100.00%
  58  JJ23|Cluster-22739.0__TRINITY_DN26662_c0_g4_i1.p1               5.22%    passed     99.97%
  59  DE681|Cluster-60644.0__TRINITY_DN6882_c0_g1_i1.p1               2.61%    passed    100.00%
  60  JJ74|Cluster-60639.1__TRINITY_DN51349_c0_g1_i9.p1               0.20%    passed    100.00%
  61  JJ131|Cluster-52240.0__TRINITY_DN30718_c0_g1_i2.p1              0.20%    passed    100.00%
  62  DE560|Cluster-21706.0__TRINITY_DN10686_c0_g1_i4.p1              0.40%    passed    100.00%
  63  DE216|Cluster-51604.5__TRINITY_DN747_c0_g1_i5.p1                0.20%    passed    100.00%
  64  JJ15|Cluster-59255.2__TRINITY_DN53_c0_g1_i1.p1                  0.20%    passed    100.00%
  65  DE534|Cluster-22201.0__TRINITY_DN2702_c0_g1_i2.p1               0.20%    passed    100.00%
  66  DE126|Cluster-32598.0__TRINITY_DN11808_c0_g1_i1.p1              9.64%    passed     99.98%
  67  DE536|Cluster-50582.0__TRINITY_DN5634_c0_g1_i6.p1              68.67%    passed     99.65%
WARNING: 1 sequences contain more than 50% gaps/ambiguity
****  TOTAL                                                           9.14%  0 sequences failed composition chi2 test (p-value<5%; df=60)
Reading input tree file tmp.csubst.nwk ... rooted tree

NOTE: 69 MB RAM (0 GB) is required!
Measuring multi-threading efficiency up to 1 CPU cores
2 trees examined
Threads: 1 / Time: 3.577 sec / Speedup: 1.000 / Efficiency: 100% / LogL: -24100
BEST NUMBER OF THREADS: 1

Estimate model parameters (epsilon = 0.010)
1. Initial log-likelihood: -19401.030
2. Current log-likelihood: -15471.815
3. Current log-likelihood: -15453.222
4. Current log-likelihood: -15450.131
5. Current log-likelihood: -15447.782
6. Current log-likelihood: -15447.582
7. Current log-likelihood: -15447.459
8. Current log-likelihood: -15447.372
9. Current log-likelihood: -15447.310
10. Current log-likelihood: -15447.265
11. Current log-likelihood: -15447.233
12. Current log-likelihood: -15447.209
13. Current log-likelihood: -15447.192
14. Current log-likelihood: -15447.180
Optimal log-likelihood: -15447.171
Nonsynonymous/synonymous ratio (omega): 1.000
Transition/transversion ratio (kappa): 1.000
Site proportion and rates:  (0.505,0.409) (0.314,1.088) (0.161,2.315) (0.020,3.954)
Parameters optimization took 14 rounds (180.326 sec)
Wrote distance file to... 
BEST SCORE FOUND : -15447.171
Ancestral state probabilities printed to /mnt/data0/yue/2026-03-11-protein-convergence/results/OG_10334/csubst_w_s/csubst_input_alignment.fa.state
Empirical proportions for each category: 0.540 0.289 0.161 0.010
Site rates printed to /mnt/data0/yue/2026-03-11-protein-convergence/results/OG_10334/csubst_w_s/csubst_input_alignment.fa.rate
Total tree length: 5.856

Total number of iterations: 0
CPU time used for tree search: 0.000 sec (0h:0m:0s)
Wall-clock time used for tree search: 0.000 sec (0h:0m:0s)
Total CPU time used: 185.899 sec (0h:3m:5s)
Total wall-clock time used: 186.345 sec (0h:3m:6s)

Analysis results written to: 
  IQ-TREE report:                /mnt/data0/yue/2026-03-11-protein-convergence/results/OG_10334/csubst_w_s/csubst_input_alignment.fa.iqtree
  Maximum-likelihood tree:       /mnt/data0/yue/2026-03-11-protein-convergence/results/OG_10334/csubst_w_s/csubst_input_alignment.fa.treefile
  Site-specific rates:           /mnt/data0/yue/2026-03-11-protein-convergence/results/OG_10334/csubst_w_s/csubst_input_alignment.fa.rate
  Ancestral state:               /mnt/data0/yue/2026-03-11-protein-convergence/results/OG_10334/csubst_w_s/csubst_input_alignment.fa.state
  Screen log file:               /mnt/data0/yue/2026-03-11-protein-convergence/results/OG_10334/csubst_w_s/csubst_input_alignment.fa.log

Date and Time: Thu Mar 26 20:44:57 2026
