IQ-TREE multicore version 2.4.0 for Linux x86 64-bit built Feb 12 2025
Developed by Bui Quang Minh, Nguyen Lam Tung, Olga Chernomor, Heiko Schmidt,
Dominik Schrempf, Michael Woodhams, Ly Trong Nhan, Thomas Wong

Host:    brain (AVX2, FMA3, 2015 GB RAM)
Command: /home/yue/miniconda3/envs/py39/bin/iqtree -s /mnt/data0/yue/2026-03-11-protein-convergence/results/OG_12522/csubst_w_s/csubst_input_alignment.fa -te tmp.csubst.nwk -m ECMK07+F+R4 --seqtype CODON1 --threads-max 1 -T AUTO --ancestral --rate --redo
Seed:    666110 (Using SPRNG - Scalable Parallel Random Number Generator)
Time:    Thu Mar 26 23:30:09 2026
Kernel:  AVX+FMA - auto-detect threads (128 CPU cores detected)

Reading alignment file /mnt/data0/yue/2026-03-11-protein-convergence/results/OG_12522/csubst_w_s/csubst_input_alignment.fa ... Fasta format detected
Reading fasta file: done in 0.00243463 secs using 24.97% CPU
Alignment most likely contains DNA/RNA sequences
Converting to codon sequences with genetic code 1 ...
WARNING: 1 sites contain only gaps or ambiguous characters.
Alignment has 45 sequences with 487 columns, 458 distinct patterns
237 parsimony-informative, 140 singleton sites, 110 constant sites
                                                            Gap/Ambiguity  Composition  p-value
Analyzing sequences: done in 0.0001169 secs using 98.38% CPU
   1  DRR082660|Cluster-41578.0__TRINITY_DN3449_c1_g1_i1.p1         0.21%    passed    100.00%
   2  DE668|Cluster-13442.0__TRINITY_DN3937_c0_g1_i5.p1            42.51%    passed     99.93%
   3  DE680|Cluster-58620.1__TRINITY_DN1418_c0_g1_i2.p1             0.21%    passed    100.00%
   4  DE523|Cluster-8139.0__TRINITY_DN2661_c0_g2_i10.p1            45.79%    passed     99.96%
   5  DE671|Cluster-22940.0__TRINITY_DN2636_c1_g2_i2.p1             0.21%    passed    100.00%
   6  DE115|Cluster-30475.4__TRINITY_DN4189_c1_g1_i5.p1            39.43%    passed    100.00%
   7  DE126|Cluster-105.0__TRINITY_DN3477_c0_g1_i1.p1               0.21%    passed    100.00%
   8  DE554|Cluster-39755.0__TRINITY_DN216_c0_g2_i1.p1              0.21%    passed    100.00%
   9  JJ74|Cluster-120670.0__TRINITY_DN2316_c0_g1_i3.p1            40.04%    passed    100.00%
  10  SRR3407092|Cluster-8896.0__TRINITY_DN8023_c0_g1_i2.p1         0.21%    passed    100.00%
  11  DE503|Cluster-34472.0__TRINITY_DN33762_c0_g1_i4.p1           39.43%    passed    100.00%
  12  DE509|Cluster-27254.0__TRINITY_DN1174_c1_g1_i2.p1            56.67%    passed     97.70%
  13  DE550|Cluster-5687.0__TRINITY_DN3201_c1_g1_i1.p1             39.43%    passed    100.00%
  14  JJ109|Cluster-18560.2__TRINITY_DN245_c0_g1_i51.p1            17.66%    passed    100.00%
  15  SRR3407093|Cluster-16061.0__TRINITY_DN45464_c0_g1_i1.p1       0.21%    passed    100.00%
  16  DE69|Cluster-34948.0__TRINITY_DN594_c1_g1_i9.p1              39.43%    passed     98.59%
  17  SRR3407095|Cluster-22661.0__TRINITY_DN4821_c0_g1_i1.p1        0.21%    passed    100.00%
  18  DE164|Cluster-17052.0__TRINITY_DN1862_c0_g1_i1.p1            39.43%    passed     99.99%
  19  DE737|Cluster-47588.0__TRINITY_DN733_c1_g1_i2.p1              2.46%    passed    100.00%
  20  DE672|Cluster-25808.0__TRINITY_DN2531_c3_g1_i2.p1            17.66%    passed    100.00%
  21  DE88|Cluster-12712.0__TRINITY_DN13821_c0_g1_i2.p1             0.21%    passed    100.00%
  22  DE510|Cluster-44791.0__TRINITY_DN4879_c0_g2_i2.p1             3.08%    passed    100.00%
  23  SRR3407087|Cluster-17163.0__TRINITY_DN2498_c0_g1_i1.p1        3.08%    passed    100.00%
  24  JJ125|Cluster-40218.0__TRINITY_DN680_c0_g1_i5.p1             39.43%    passed    100.00%
  25  SRR3407086|Cluster-29687.0__TRINITY_DN2775_c0_g1_i2.p1        0.21%    passed    100.00%
  26  SRR3407096|Cluster-22741.0__TRINITY_DN163_c1_g2_i1.p1        39.43%    passed    100.00%
  27  DE476|Cluster-46195.1__TRINITY_DN242_c0_g1_i6.p1              0.21%    passed    100.00%
  28  DE531|Cluster-34594.0__TRINITY_DN4780_c0_g2_i1.p1            39.43%    passed    100.00%
  29  DE696-nodots|Cluster-28030.0__TRINITY_DN35235_c0_g2_i2.p1    56.67%    passed     90.33%
  30  JJ36|Cluster-32441.0__TRINITY_DN4652_c1_g1_i1.p1              0.21%    passed    100.00%
  31  DE560|Cluster-41707.0__TRINITY_DN122_c0_g2_i1.p1              0.21%    passed    100.00%
  32  DE623|Cluster-44672.0__TRINITY_DN937_c0_g2_i1.p1              0.21%    passed    100.00%
  33  DE229|Cluster-55309.0__TRINITY_DN1056_c0_g1_i4.p1            39.43%    passed     99.98%
  34  DE507|Cluster-80959.0__TRINITY_DN139_c0_g2_i1.p1              0.21%    passed    100.00%
  35  DE704-purple|Cluster-59810.0__TRINITY_DN3666_c0_g2_i5.p1     39.43%    passed    100.00%
  36  DE575|Cluster-11714.0__TRINITY_DN4323_c0_g1_i4.p1             0.21%    passed    100.00%
  37  DE563|Cluster-44171.0__TRINITY_DN5554_c0_g2_i1.p1            42.51%    passed     99.07%
  38  JJ23|Cluster-25610.1__TRINITY_DN6011_c0_g2_i2.p1              2.67%    passed    100.00%
  39  DE216|Cluster-41870.1__TRINITY_DN3217_c0_g4_i1.p1             0.21%    passed    100.00%
  40  DE534|Cluster-55719.0__TRINITY_DN1121_c2_g2_i1.p1             0.21%    passed    100.00%
  41  JJ15|Cluster-18865.0__TRINITY_DN853_c0_g2_i1.p1               0.21%    passed    100.00%
  42  DE536|Cluster-26268.0__TRINITY_DN9368_c0_g1_i9.p1            39.43%    passed    100.00%
  43  SRR11934227|Cluster-100200.0__TRINITY_DN104478_c0_g1_i1.p1    6.57%    passed     52.64%
  44  DE173|Cluster-57302.1__TRINITY_DN3727_c0_g1_i5.p1             0.21%    passed    100.00%
  45  JJ130|Cluster-44794.1__TRINITY_DN962_c0_g1_i1.p1              0.21%    passed    100.00%
WARNING: 2 sequences contain more than 50% gaps/ambiguity
****  TOTAL                                                        17.23%  0 sequences failed composition chi2 test (p-value<5%; df=60)
Reading input tree file tmp.csubst.nwk ... rooted tree

NOTE: 44 MB RAM (0 GB) is required!
Measuring multi-threading efficiency up to 1 CPU cores
2 trees examined
Threads: 1 / Time: 2.104 sec / Speedup: 1.000 / Efficiency: 100% / LogL: -10945
BEST NUMBER OF THREADS: 1

Estimate model parameters (epsilon = 0.010)
1. Initial log-likelihood: -10639.461
2. Current log-likelihood: -8281.720
3. Current log-likelihood: -8264.658
Optimal log-likelihood: -8264.651
Nonsynonymous/synonymous ratio (omega): 1.000
Transition/transversion ratio (kappa): 1.000
Site proportion and rates:  (0.454,0.358) (0.322,0.938) (0.175,1.886) (0.049,4.173)
Parameters optimization took 3 rounds (21.379 sec)
Wrote distance file to... 
BEST SCORE FOUND : -8264.651
Ancestral state probabilities printed to /mnt/data0/yue/2026-03-11-protein-convergence/results/OG_12522/csubst_w_s/csubst_input_alignment.fa.state
Empirical proportions for each category: 0.538 0.281 0.142 0.039
Site rates printed to /mnt/data0/yue/2026-03-11-protein-convergence/results/OG_12522/csubst_w_s/csubst_input_alignment.fa.rate
Total tree length: 3.030

Total number of iterations: 0
CPU time used for tree search: 0.000 sec (0h:0m:0s)
Wall-clock time used for tree search: 0.000 sec (0h:0m:0s)
Total CPU time used: 24.561 sec (0h:0m:24s)
Total wall-clock time used: 24.697 sec (0h:0m:24s)

Analysis results written to: 
  IQ-TREE report:                /mnt/data0/yue/2026-03-11-protein-convergence/results/OG_12522/csubst_w_s/csubst_input_alignment.fa.iqtree
  Maximum-likelihood tree:       /mnt/data0/yue/2026-03-11-protein-convergence/results/OG_12522/csubst_w_s/csubst_input_alignment.fa.treefile
  Site-specific rates:           /mnt/data0/yue/2026-03-11-protein-convergence/results/OG_12522/csubst_w_s/csubst_input_alignment.fa.rate
  Ancestral state:               /mnt/data0/yue/2026-03-11-protein-convergence/results/OG_12522/csubst_w_s/csubst_input_alignment.fa.state
  Screen log file:               /mnt/data0/yue/2026-03-11-protein-convergence/results/OG_12522/csubst_w_s/csubst_input_alignment.fa.log

Date and Time: Thu Mar 26 23:30:34 2026
