IQ-TREE multicore version 2.4.0 for Linux x86 64-bit built Feb 12 2025
Developed by Bui Quang Minh, Nguyen Lam Tung, Olga Chernomor, Heiko Schmidt,
Dominik Schrempf, Michael Woodhams, Ly Trong Nhan, Thomas Wong

Host:    brain (AVX2, FMA3, 2015 GB RAM)
Command: /home/yue/miniconda3/envs/py39/bin/iqtree -s /mnt/data0/yue/2026-03-11-protein-convergence/results/OG_9194/csubst_w_s/csubst_input_alignment.fa -te tmp.csubst.nwk -m ECMK07+F+R4 --seqtype CODON1 --threads-max 1 -T AUTO --ancestral --rate --redo
Seed:    750277 (Using SPRNG - Scalable Parallel Random Number Generator)
Time:    Sat Mar 28 05:15:06 2026
Kernel:  AVX+FMA - auto-detect threads (128 CPU cores detected)

Reading alignment file /mnt/data0/yue/2026-03-11-protein-convergence/results/OG_9194/csubst_w_s/csubst_input_alignment.fa ... Fasta format detected
Reading fasta file: done in 0.00203235 secs using 53.14% CPU
Alignment most likely contains DNA/RNA sequences
Converting to codon sequences with genetic code 1 ...
Alignment has 70 sequences with 593 columns, 552 distinct patterns
296 parsimony-informative, 152 singleton sites, 145 constant sites
                                                               Gap/Ambiguity  Composition  p-value
Analyzing sequences: done in 9.14931e-05 secs using 99.46% CPU
   1  DE541|Cluster-46502.0__TRINITY_DN8071_c0_g1_i1.p1               29.17%    passed    100.00%
   2  DE741|Cluster-33538.0__TRINITY_DN676_c1_g1_i4.p1                29.01%    passed    100.00%
   3  DE566|Cluster-41157.0__TRINITY_DN10102_c0_g1_i39.p1              1.01%    passed    100.00%
   4  DE549|Cluster-29742.0__TRINITY_DN7931_c0_g1_i16.p1              17.71%    passed    100.00%
   5  DE152|Cluster-46070.0__TRINITY_DN15848_c0_g1_i2.p1               0.00%    passed    100.00%
   6  JJ99|Cluster-53537.0__TRINITY_DN9172_c0_g1_i1.p1                 0.00%    passed    100.00%
   7  DE672|Cluster-53360.0__TRINITY_DN744_c0_g1_i3.p1                16.19%    passed    100.00%
   8  DE115|Cluster-67871.0__TRINITY_DN6902_c0_g1_i8.p1                0.00%    passed    100.00%
   9  DE507|Cluster-66789.0__TRINITY_DN20383_c1_g1_i5.p1               0.00%    passed    100.00%
  10  DE528|Cluster-31032.0__TRINITY_DN6813_c0_g1_i1.p1                0.00%    passed    100.00%
  11  DE704-purple|Cluster-43698.0__TRINITY_DN4855_c0_g1_i1.p1         0.00%    passed    100.00%
  12  DE704-white|Cluster-38120.0__TRINITY_DN13832_c0_g1_i2.p1         0.00%    passed    100.00%
  13  DE546_urceolata_l|Cluster-43634.0__TRINITY_DN2322_c1_g1_i8.p1    0.00%    passed    100.00%
  14  DE680|Cluster-51090.0__TRINITY_DN4745_c0_g1_i1.p1                0.00%    passed    100.00%
  15  DE162|Cluster-44439.0__TRINITY_DN8347_c0_g1_i2.p1               28.84%    passed    100.00%
  16  DE623|Cluster-24438.0__TRINITY_DN5232_c0_g1_i3.p1               15.35%    passed    100.00%
  17  DE575|Cluster-51630.0__TRINITY_DN7217_c0_g1_i6.p1               36.42%    passed    100.00%
  18  DE765|Cluster-54433.0__TRINITY_DN4861_c0_g1_i1.p1                0.00%    passed    100.00%
  19  DE681|Cluster-39785.0__TRINITY_DN4388_c0_g1_i9.p1               20.74%    passed    100.00%
  20  DE229|Cluster-614.0__TRINITY_DN24580_c0_g1_i1.p1                 0.00%    passed    100.00%
  21  JJ23|Cluster-46815.0__TRINITY_DN2115_c2_g3_i1.p1                 0.00%    passed    100.00%
  22  DE563|Cluster-41097.0__TRINITY_DN14353_c0_g1_i2.p1              20.74%    passed    100.00%
  23  DE151|Cluster-61891.0__TRINITY_DN7844_c0_g1_i1.p1               20.74%    passed    100.00%
  24  DE173|Cluster-26851.0__TRINITY_DN9859_c0_g1_i4.p1                0.00%    passed    100.00%
  25  DE189|Cluster-35423.0__TRINITY_DN8601_c0_g1_i8.p1               36.42%    passed    100.00%
  26  JJ109|Cluster-33595.0__TRINITY_DN2633_c1_g1_i2.p1               36.42%    passed    100.00%
  27  JJ89|Cluster-35581.0__TRINITY_DN4881_c0_g1_i6.p1                36.42%    passed    100.00%
  28  DE736|Cluster-7791.0__TRINITY_DN8866_c0_g1_i1.p1                 0.00%    passed    100.00%
  29  DE764|Cluster-39280.0__TRINITY_DN2157_c0_g1_i19.p1              36.42%    passed    100.00%
  30  DE504|Cluster-22413.17__TRINITY_DN7686_c1_g1_i3.p1              20.74%    passed    100.00%
  31  DE737|Cluster-39971.0__TRINITY_DN3352_c0_g1_i22.p1              36.42%    passed    100.00%
  32  DE531|Cluster-39887.0__TRINITY_DN4543_c1_g1_i4.p1               36.42%    passed    100.00%
  33  DE696-nodots|Cluster-42593.0__TRINITY_DN2818_c0_g1_i8.p1        36.42%    passed    100.00%
  34  DE696-dots|Cluster-43415.0__TRINITY_DN5174_c0_g1_i3.p1          36.42%    passed    100.00%
  35  JJ36|Cluster-27326.0__TRINITY_DN14362_c0_g1_i1.p1               36.42%    passed    100.00%
  36  JJ85|Cluster-35045.0__TRINITY_DN15162_c1_g1_i1.p1               36.59%    passed    100.00%
  37  JJ125|Cluster-27370.0__TRINITY_DN4439_c0_g1_i4.p1               36.42%    passed    100.00%
  38  DE560|Cluster-36823.0__TRINITY_DN4541_c1_g1_i3.p1               36.42%    passed    100.00%
  39  SRR3407095|Cluster-48210.0__TRINITY_DN43629_c0_g1_i4.p1         15.18%    passed    100.00%
  40  DE69|Cluster-31499.0__TRINITY_DN775_c2_g1_i2.p1                 29.68%    passed    100.00%
  41  DE519|Cluster-66767.0__TRINITY_DN5626_c0_g1_i3.p1               16.02%    passed    100.00%
  42  DE181|Cluster-54898.0__TRINITY_DN11762_c0_g1_i30.p1             36.59%    passed    100.00%
  43  SRR3407086|Cluster-23494.0__TRINITY_DN6315_c0_g1_i1.p1           0.17%    passed    100.00%
  44  SRR3407088|Cluster-23961.0__TRINITY_DN6438_c0_g1_i3.p1          15.01%    passed    100.00%
  45  DE561|Cluster-29296.0__TRINITY_DN3577_c0_g1_i5.p1               29.85%    passed    100.00%
  46  DE503|Cluster-38802.0__TRINITY_DN2518_c0_g1_i15.p1              36.59%    passed    100.00%
  47  DE510|Cluster-45907.0__TRINITY_DN5118_c0_g1_i4.p1               20.91%    passed    100.00%
  48  SRR3407092|Cluster-24925.0__TRINITY_DN2052_c0_g1_i2.p1          29.85%    passed    100.00%
  49  SRR3407094|Cluster-24404.0__TRINITY_DN10765_c0_g1_i2.p1          0.17%    passed    100.00%
  50  SRR3407087|Cluster-20549.0__TRINITY_DN6260_c0_g1_i2.p1          15.01%    passed    100.00%
  51  SRR3407093|Cluster-36258.0__TRINITY_DN3539_c0_g1_i2.p1          15.01%    passed    100.00%
  52  SRR3424066|Cluster-22813.0__TRINITY_DN5808_c0_g1_i1.p1           0.17%    passed    100.00%
  53  DE505|Cluster-54967.0__TRINITY_DN17376_c0_g1_i28.p1             31.53%    passed    100.00%
  54  DE216|Cluster-62010.0__TRINITY_DN9459_c0_g1_i1.p1               29.17%    passed    100.00%
  55  DE668|Cluster-29005.5__TRINITY_DN5444_c1_g1_i3.p1               36.42%    passed    100.00%
  56  DE126|Cluster-24250.1__TRINITY_DN30366_c0_g1_i6.p1              30.52%    passed     99.85%
  57  DE127|Cluster-37461.74__TRINITY_DN3133_c0_g1_i1.p1               0.00%    passed    100.00%
  58  DE554|Cluster-61160.0__TRINITY_DN2393_c1_g1_i3.p1               36.76%    passed     95.92%
  59  DE666|Cluster-30366.0__TRINITY_DN4567_c0_g1_i2.p1               30.52%    passed     99.50%
  60  DE164|Cluster-52090.0__TRINITY_DN12242_c0_g1_i6.p1              36.76%    passed     96.57%
  61  JJ130|Cluster-52372.0__TRINITY_DN6246_c0_g2_i5.p1                0.00%    passed    100.00%
  62  DE643|Cluster-7886.0__TRINITY_DN3292_c0_g1_i1.p1                 0.00%    passed    100.00%
  63  DE671|Cluster-28928.0__TRINITY_DN2966_c1_g1_i1.p1                0.00%    passed    100.00%
  64  DE476|Cluster-57348.0__TRINITY_DN4015_c0_g1_i5.p1                0.00%    passed    100.00%
  65  DE88|Cluster-33434.2__TRINITY_DN2016_c0_g1_i10.p1                0.00%    passed    100.00%
  66  DE523|Cluster-42228.0__TRINITY_DN10031_c0_g1_i4.p1              17.03%    passed    100.00%
  67  SRR3407096|Cluster-33844.0__TRINITY_DN8743_c2_g1_i6.p1          30.52%    passed     99.75%
  68  DE534|Cluster-60927.0__TRINITY_DN14118_c0_g3_i4.p1              30.52%    passed     99.82%
  69  DE536|Cluster-36384.0__TRINITY_DN11779_c0_g1_i4.p1               0.00%    passed    100.00%
  70  DRR234970|Cluster-11679.0__TRINITY_DN5513_c0_g1_i1.p1            0.00%    passed     99.28%
****  TOTAL                                                           18.06%  0 sequences failed composition chi2 test (p-value<5%; df=60)
Reading input tree file tmp.csubst.nwk ... rooted tree

NOTE: 80 MB RAM (0 GB) is required!
Measuring multi-threading efficiency up to 1 CPU cores
2 trees examined
Threads: 1 / Time: 4.271 sec / Speedup: 1.000 / Efficiency: 100% / LogL: -17515
BEST NUMBER OF THREADS: 1

Estimate model parameters (epsilon = 0.010)
1. Initial log-likelihood: -17382.215
2. Current log-likelihood: -12166.316
3. Current log-likelihood: -12147.929
4. Current log-likelihood: -12147.882
5. Current log-likelihood: -12147.852
6. Current log-likelihood: -12147.831
7. Current log-likelihood: -12147.817
Optimal log-likelihood: -12147.808
Nonsynonymous/synonymous ratio (omega): 1.000
Transition/transversion ratio (kappa): 1.000
Site proportion and rates:  (0.564,0.379) (0.255,1.082) (0.166,2.624) (0.014,5.149)
Parameters optimization took 7 rounds (95.119 sec)
Wrote distance file to... 
BEST SCORE FOUND : -12147.808
Ancestral state probabilities printed to /mnt/data0/yue/2026-03-11-protein-convergence/results/OG_9194/csubst_w_s/csubst_input_alignment.fa.state
Empirical proportions for each category: 0.634 0.201 0.157 0.008
Site rates printed to /mnt/data0/yue/2026-03-11-protein-convergence/results/OG_9194/csubst_w_s/csubst_input_alignment.fa.rate
Total tree length: 3.370

Total number of iterations: 0
CPU time used for tree search: 0.000 sec (0h:0m:0s)
Wall-clock time used for tree search: 0.000 sec (0h:0m:0s)
Total CPU time used: 101.746 sec (0h:1m:41s)
Total wall-clock time used: 102.057 sec (0h:1m:42s)

Analysis results written to: 
  IQ-TREE report:                /mnt/data0/yue/2026-03-11-protein-convergence/results/OG_9194/csubst_w_s/csubst_input_alignment.fa.iqtree
  Maximum-likelihood tree:       /mnt/data0/yue/2026-03-11-protein-convergence/results/OG_9194/csubst_w_s/csubst_input_alignment.fa.treefile
  Site-specific rates:           /mnt/data0/yue/2026-03-11-protein-convergence/results/OG_9194/csubst_w_s/csubst_input_alignment.fa.rate
  Ancestral state:               /mnt/data0/yue/2026-03-11-protein-convergence/results/OG_9194/csubst_w_s/csubst_input_alignment.fa.state
  Screen log file:               /mnt/data0/yue/2026-03-11-protein-convergence/results/OG_9194/csubst_w_s/csubst_input_alignment.fa.log

Date and Time: Sat Mar 28 05:16:48 2026
