IQ-TREE multicore version 2.4.0 for Linux x86 64-bit built Feb 12 2025
Developed by Bui Quang Minh, Nguyen Lam Tung, Olga Chernomor, Heiko Schmidt,
Dominik Schrempf, Michael Woodhams, Ly Trong Nhan, Thomas Wong

Host:    brain (AVX2, FMA3, 2015 GB RAM)
Command: /home/yue/miniconda3/envs/py39/bin/iqtree -s /mnt/data0/yue/2026-03-11-protein-convergence/results/OG_9269/csubst_w_s/csubst_input_alignment.fa -te tmp.csubst.nwk -m ECMK07+F+R4 --seqtype CODON1 --threads-max 1 -T AUTO --ancestral --rate --redo
Seed:    671274 (Using SPRNG - Scalable Parallel Random Number Generator)
Time:    Sat Mar 28 05:24:27 2026
Kernel:  AVX+FMA - auto-detect threads (128 CPU cores detected)

Reading alignment file /mnt/data0/yue/2026-03-11-protein-convergence/results/OG_9269/csubst_w_s/csubst_input_alignment.fa ... Fasta format detected
Reading fasta file: done in 0.00202751 secs using 24.96% CPU
Alignment most likely contains DNA/RNA sequences
Converting to codon sequences with genetic code 1 ...
Alignment has 64 sequences with 277 columns, 266 distinct patterns
114 parsimony-informative, 84 singleton sites, 79 constant sites
                                                            Gap/Ambiguity  Composition  p-value
Analyzing sequences: done in 9.73344e-05 secs using 98.63% CPU
   1  DE765|Cluster-49780.0__TRINITY_DN5106_c0_g1_i3.p1            33.57%    passed     67.09%
   2  JJ23|Cluster-23348.0__TRINITY_DN1879_c1_g2_i10.p1             0.00%    passed    100.00%
   3  DE672|Cluster-49589.0__TRINITY_DN7759_c1_g2_i3.p1            48.01%    passed     99.85%
   4  JJ85|Cluster-31092.0__TRINITY_DN16028_c2_g1_i2.p1             0.00%    passed    100.00%
   5  DE126|Cluster-24758.1__TRINITY_DN32379_c0_g1_i20.p1           0.72%    passed    100.00%
   6  DE162|Cluster-16996.0__TRINITY_DN13087_c0_g2_i7.p1           12.27%    passed     99.92%
   7  DE704-purple|Cluster-48766.3__TRINITY_DN11045_c0_g1_i24.p1   12.27%    passed     99.97%
   8  DE534|Cluster-51107.4__TRINITY_DN1631_c0_g1_i2.p1             0.00%    passed    100.00%
   9  DE741|Cluster-52798.0__TRINITY_DN19270_c0_g1_i4.p1            0.00%    passed    100.00%
  10  DE666|Cluster-41757.0__TRINITY_DN6360_c0_g1_i7.p1             0.72%    passed    100.00%
  11  DE680|Cluster-12376.0__TRINITY_DN3513_c0_g1_i24.p1            1.81%    passed    100.00%
  12  DE127|Cluster-29787.0__TRINITY_DN5553_c0_g1_i2.p1             0.72%    passed    100.00%
  13  DE554|Cluster-8914.2__TRINITY_DN10792_c0_g1_i23.p1            0.72%    passed    100.00%
  14  DE575|Cluster-46544.0__TRINITY_DN5882_c0_g1_i1.p1             0.00%    passed    100.00%
  15  DE681|Cluster-63114.0__TRINITY_DN5835_c0_g1_i1.p1             0.00%    passed    100.00%
  16  SRR5150740|Cluster-49471.0__TRINITY_DN8384_c0_g3_i3.p1        4.69%    passed     98.82%
  17  JJ86|Cluster-45132.0__TRINITY_DN8930_c0_g1_i18.p1             0.72%    passed    100.00%
  18  DE623|Cluster-55383.0__TRINITY_DN1625_c0_g1_i14.p1            1.81%    passed    100.00%
  19  JJ131|Cluster-58557.0__TRINITY_DN31753_c0_g1_i14.p1          15.88%    passed    100.00%
  20  DE566|Cluster-53540.0__TRINITY_DN13818_c0_g1_i1.p1            0.00%    passed    100.00%
  21  DE88|Cluster-34427.0__TRINITY_DN2899_c0_g1_i13.p1            17.69%    passed    100.00%
  22  JJ15|Cluster-68385.0__TRINITY_DN6480_c0_g1_i30.p1            17.69%    passed    100.00%
  23  DE151|Cluster-32801.0__TRINITY_DN9657_c0_g1_i15.p1            0.00%    passed    100.00%
  24  JJ109|Cluster-26101.0__TRINITY_DN6847_c0_g1_i7.p1             0.00%    passed    100.00%
  25  JJ130|Cluster-31118.1__TRINITY_DN10074_c0_g1_i12.p1           0.00%    passed    100.00%
  26  DE164|Cluster-40311.10__TRINITY_DN8206_c0_g1_i10.p1           0.00%    passed    100.00%
  27  DE189|Cluster-15915.0__TRINITY_DN1331_c1_g3_i8.p1             0.00%    passed    100.00%
  28  DE671|Cluster-59244.2__TRINITY_DN10213_c0_g1_i1.p1            0.00%    passed    100.00%
  29  DE643|Cluster-82364.0__TRINITY_DN14424_c0_g1_i29.p1           0.00%    passed    100.00%
  30  DE541|Cluster-42438.2__TRINITY_DN6675_c0_g1_i38.p1            0.00%    passed     31.41%
  31  DE523|Cluster-52449.1__TRINITY_DN4975_c0_g1_i1.p1             0.00%    passed    100.00%
  32  SRR3407096|Cluster-26043.0__TRINITY_DN5606_c0_g1_i7.p1        0.00%    passed    100.00%
  33  DE536|Cluster-52583.0__TRINITY_DN9365_c0_g1_i13.p1           30.32%    passed    100.00%
  34  DE560|Cluster-19659.0__TRINITY_DN10564_c0_g1_i7.p1            0.00%    passed    100.00%
  35  DE696-dots|Cluster-30853.0__TRINITY_DN10457_c0_g1_i9.p1       0.00%    passed    100.00%
  36  DE696-nodots|Cluster-37567.0__TRINITY_DN19425_c0_g1_i7.p1     0.00%    passed    100.00%
  37  JJ36|Cluster-35388.0__TRINITY_DN9479_c0_g1_i8.p1              0.00%    passed    100.00%
  38  DRR082660|Cluster-22039.0__TRINITY_DN16219_c0_g1_i4.p1        0.00%    passed    100.00%
  39  DE181|Cluster-18607.0__TRINITY_DN7170_c0_g4_i4.p1             0.00%    passed    100.00%
  40  DE503|Cluster-57977.0__TRINITY_DN22050_c1_g2_i2.p1            0.00%    passed    100.00%
  41  SRR3407092|Cluster-26155.0__TRINITY_DN7089_c0_g1_i6.p1        0.00%    passed    100.00%
  42  SRR3407094|Cluster-39533.0__TRINITY_DN6149_c0_g1_i4.p1        0.00%    passed    100.00%
  43  SRR3407086|Cluster-38159.0__TRINITY_DN7085_c0_g2_i2.p1        0.00%    passed    100.00%
  44  SRR3424066|Cluster-37299.0__TRINITY_DN5694_c0_g1_i2.p1        0.00%    passed    100.00%
  45  SRR3407088|Cluster-19021.0__TRINITY_DN8828_c0_g1_i3.p1        0.00%    passed    100.00%
  46  SRR3407087|Cluster-26830.0__TRINITY_DN4974_c0_g1_i45.p1       0.00%    passed    100.00%
  47  SRR3407093|Cluster-33619.0__TRINITY_DN17103_c0_g2_i4.p1       0.00%    passed    100.00%
  48  DE550|Cluster-46523.0__TRINITY_DN28035_c0_g1_i9.p1            0.36%    passed    100.00%
  49  DE549|Cluster-44961.0__TRINITY_DN5317_c0_g1_i4.p1             0.00%    passed    100.00%
  50  DE764|Cluster-23078.1__TRINITY_DN8156_c0_g1_i10.p1            0.00%    passed    100.00%
  51  DE229|Cluster-80818.0__TRINITY_DN4745_c0_g2_i1.p1            14.80%    passed    100.00%
  52  SRR3407095|Cluster-32903.0__TRINITY_DN33639_c0_g2_i14.p1     34.30%    passed     99.98%
  53  DE69|Cluster-39755.0__TRINITY_DN3706_c0_g1_i1.p1              0.00%    passed    100.00%
  54  JJ125|Cluster-37292.0__TRINITY_DN13568_c0_g1_i1.p1            0.00%    passed    100.00%
  55  DE505|Cluster-54068.1__TRINITY_DN25154_c0_g1_i37.p1          11.55%    passed    100.00%
  56  DE561|Cluster-27716.0__TRINITY_DN5867_c0_g2_i10.p1           11.55%    passed    100.00%
  57  DE476|Cluster-18985.0__TRINITY_DN7237_c0_g1_i4.p1            11.55%    passed    100.00%
  58  DE509|Cluster-35506.0__TRINITY_DN7543_c0_g1_i11.p1            0.00%    passed    100.00%
  59  JJ74|Cluster-128726.1__TRINITY_DN1005_c0_g2_i8.p1             0.00%    passed    100.00%
  60  DE531|Cluster-44910.0__TRINITY_DN18914_c0_g1_i30.p1          18.05%    passed    100.00%
  61  DE507|Cluster-82113.0__TRINITY_DN37456_c0_g1_i14.p1          31.05%    passed     99.99%
  62  DE528|Cluster-38743.0__TRINITY_DN8325_c0_g2_i1.p1             0.72%    passed    100.00%
  63  DE704-white|Cluster-13554.0__TRINITY_DN6052_c0_g1_i1.p1       0.72%    passed    100.00%
  64  DE152|Cluster-45652.0__TRINITY_DN2095_c2_g1_i3.p1            13.36%    passed    100.00%
****  TOTAL                                                         5.43%  0 sequences failed composition chi2 test (p-value<5%; df=60)
WARNING: States(s) CGC rarely appear in alignment and may cause numerical problems
Reading input tree file tmp.csubst.nwk ... rooted tree

NOTE: 39 MB RAM (0 GB) is required!
Measuring multi-threading efficiency up to 1 CPU cores
2 trees examined
Threads: 1 / Time: 2.767 sec / Speedup: 1.000 / Efficiency: 100% / LogL: -7368
BEST NUMBER OF THREADS: 1

Estimate model parameters (epsilon = 0.010)
1. Initial log-likelihood: -8149.087
2. Current log-likelihood: -5732.190
3. Current log-likelihood: -5716.478
4. Current log-likelihood: -5708.385
5. Current log-likelihood: -5707.568
6. Current log-likelihood: -5706.877
7. Current log-likelihood: -5697.876
8. Current log-likelihood: -5697.231
9. Current log-likelihood: -5696.753
10. Current log-likelihood: -5696.434
11. Current log-likelihood: -5696.209
12. Current log-likelihood: -5696.037
13. Current log-likelihood: -5695.900
14. Current log-likelihood: -5695.792
15. Current log-likelihood: -5695.707
16. Current log-likelihood: -5695.643
17. Current log-likelihood: -5693.825
18. Current log-likelihood: -5693.696
19. Current log-likelihood: -5693.599
20. Current log-likelihood: -5693.525
21. Current log-likelihood: -5693.470
22. Current log-likelihood: -5693.431
23. Current log-likelihood: -5693.403
24. Current log-likelihood: -5693.384
25. Current log-likelihood: -5693.371
Optimal log-likelihood: -5693.362
Nonsynonymous/synonymous ratio (omega): 1.000
Transition/transversion ratio (kappa): 1.000
Site proportion and rates:  (0.572,0.235) (0.311,1.131) (0.098,3.117) (0.019,10.899)
Parameters optimization took 25 rounds (177.405 sec)
Wrote distance file to... 
BEST SCORE FOUND : -5693.362
Ancestral state probabilities printed to /mnt/data0/yue/2026-03-11-protein-convergence/results/OG_9269/csubst_w_s/csubst_input_alignment.fa.state
Empirical proportions for each category: 0.614 0.289 0.076 0.022
Site rates printed to /mnt/data0/yue/2026-03-11-protein-convergence/results/OG_9269/csubst_w_s/csubst_input_alignment.fa.rate
Total tree length: 3.728

Total number of iterations: 0
CPU time used for tree search: 0.000 sec (0h:0m:0s)
Wall-clock time used for tree search: 0.000 sec (0h:0m:0s)
Total CPU time used: 181.528 sec (0h:3m:1s)
Total wall-clock time used: 181.819 sec (0h:3m:1s)

Analysis results written to: 
  IQ-TREE report:                /mnt/data0/yue/2026-03-11-protein-convergence/results/OG_9269/csubst_w_s/csubst_input_alignment.fa.iqtree
  Maximum-likelihood tree:       /mnt/data0/yue/2026-03-11-protein-convergence/results/OG_9269/csubst_w_s/csubst_input_alignment.fa.treefile
  Site-specific rates:           /mnt/data0/yue/2026-03-11-protein-convergence/results/OG_9269/csubst_w_s/csubst_input_alignment.fa.rate
  Ancestral state:               /mnt/data0/yue/2026-03-11-protein-convergence/results/OG_9269/csubst_w_s/csubst_input_alignment.fa.state
  Screen log file:               /mnt/data0/yue/2026-03-11-protein-convergence/results/OG_9269/csubst_w_s/csubst_input_alignment.fa.log

Date and Time: Sat Mar 28 05:27:29 2026
