IQ-TREE multicore version 2.4.0 for Linux x86 64-bit built Feb 12 2025
Developed by Bui Quang Minh, Nguyen Lam Tung, Olga Chernomor, Heiko Schmidt,
Dominik Schrempf, Michael Woodhams, Ly Trong Nhan, Thomas Wong

Host:    brain (AVX2, FMA3, 2015 GB RAM)
Command: /home/yue/miniconda3/envs/py39/bin/iqtree -s /mnt/data0/yue/2026-03-11-protein-convergence/results/OG_12335/csubst_w_s/csubst_input_alignment.fa -te tmp.csubst.nwk -m ECMK07+F+R4 --seqtype CODON1 --threads-max 1 -T AUTO --ancestral --rate --redo
Seed:    905472 (Using SPRNG - Scalable Parallel Random Number Generator)
Time:    Thu Mar 26 23:18:59 2026
Kernel:  AVX+FMA - auto-detect threads (128 CPU cores detected)

Reading alignment file /mnt/data0/yue/2026-03-11-protein-convergence/results/OG_12335/csubst_w_s/csubst_input_alignment.fa ... Fasta format detected
Reading fasta file: done in 0.000800177 secs
Alignment most likely contains DNA/RNA sequences
Converting to codon sequences with genetic code 1 ...
WARNING: 1 sites contain only gaps or ambiguous characters.
Alignment has 45 sequences with 333 columns, 316 distinct patterns
130 parsimony-informative, 120 singleton sites, 83 constant sites
                                                               Gap/Ambiguity  Composition  p-value
Analyzing sequences: done in 3.93838e-05 secs using 96.49% CPU
   1  JJ131|Cluster-57104.1__TRINITY_DN2208_c0_g1_i4.p1               12.91%    passed    100.00%
   2  DRR082665|Cluster-38734.0__TRINITY_DN8698_c0_g1_i8.p1            6.61%    passed     11.26%
   3  DE563|Cluster-40250.3__TRINITY_DN8817_c0_g1_i1.p1               56.76%    passed    100.00%
   4  JJ86|Cluster-32057.0__TRINITY_DN7751_c0_g1_i1.p1                56.76%    passed    100.00%
   5  DE680|Cluster-43108.0__TRINITY_DN193_c0_g1_i13.p1               56.76%    passed     92.48%
   6  DE704-purple|Cluster-51959.2__TRINITY_DN1173_c0_g2_i3.p1        39.64%    passed     92.19%
   7  DE704-white|Cluster-70861.1__TRINITY_DN277_c0_g1_i2.p1          56.76%    passed    100.00%
   8  DE152|Cluster-60006.0__TRINITY_DN3309_c0_g1_i1.p1               56.76%    passed     99.83%
   9  DE126|Cluster-9993.2__TRINITY_DN13988_c0_g1_i13.p1              29.13%    passed     79.81%
  10  DE88|Cluster-24592.0__TRINITY_DN3887_c0_g2_i4.p1                21.02%    passed     97.69%
  11  DE523|Cluster-24696.1__TRINITY_DN896_c0_g1_i4.p1                44.44%    passed     51.82%
  12  DE741|Cluster-55173.0__TRINITY_DN6509_c0_g1_i2.p1               21.02%    passed    100.00%
  13  SRR11934227|Cluster-183452.1__TRINITY_DN52467_c0_g1_i10.p1       9.01%    passed      6.50%
  14  SRR11748982|Cluster-31711.0__TRINITY_DN310_c0_g1_i2.p1           7.81%    passed     98.23%
  15  DE560|Cluster-39436.0__TRINITY_DN1995_c0_g1_i3.p1                0.30%    passed    100.00%
  16  DE736|Cluster-30999.1__TRINITY_DN250_c0_g1_i11.p1               18.02%    passed    100.00%
  17  SRR3424066|Cluster-10603.0__TRINITY_DN1540_c0_g1_i2.p1           0.60%    passed    100.00%
  18  JJ125|Cluster-41222.0__TRINITY_DN1729_c0_g1_i1.p1               18.02%    passed    100.00%
  19  JJ15|Cluster-64321.0__TRINITY_DN5754_c0_g1_i23.p1                0.30%    passed    100.00%
  20  DE69|Cluster-36853.1__TRINITY_DN2099_c0_g1_i1.p1                21.02%    passed     99.08%
  21  SRR3407095|Cluster-37107.0__TRINITY_DN3775_c1_g2_i2.p1           0.30%    passed    100.00%
  22  SRR3407086|Cluster-31683.0__TRINITY_DN689_c0_g1_i1.p1           57.06%    passed    100.00%
  23  SRR3407088|Cluster-16458.0__TRINITY_DN46200_c0_g1_i1.p1         57.06%    passed    100.00%
  24  DE503|Cluster-47997.1__TRINITY_DN4886_c0_g1_i3.p1               56.76%    passed    100.00%
  25  DE173|Cluster-52671.13__TRINITY_DN850_c0_g1_i9.p1               31.23%    passed     99.76%
  26  DE764|Cluster-18415.0__TRINITY_DN5513_c0_g1_i3.p1               21.02%    passed    100.00%
  27  JJ89|Cluster-37866.0__TRINITY_DN1355_c2_g1_i1.p1                 0.30%    passed    100.00%
  28  DE476|Cluster-14008.1__TRINITY_DN21123_c1_g1_i2.p1              56.76%    passed    100.00%
  29  DRR082660|Cluster-31784.0__TRINITY_DN9770_c1_g1_i2.p1            0.30%    passed    100.00%
  30  DE566|Cluster-50129.1__TRINITY_DN2706_c0_g1_i3.p1               56.76%    passed    100.00%
  31  JJ85|Cluster-18559.1__TRINITY_DN2427_c0_g1_i8.p1                18.32%    passed    100.00%
  32  DE546_urceolata_l|Cluster-46482.0__TRINITY_DN2507_c0_g1_i3.p1    0.30%    passed    100.00%
  33  DE151|Cluster-34398.0__TRINITY_DN5594_c0_g1_i9.p1               34.53%    passed    100.00%
  34  DE189|Cluster-28661.0__TRINITY_DN7673_c0_g3_i1.p1               56.76%    passed    100.00%
  35  JJ109|Cluster-9541.0__TRINITY_DN783_c1_g2_i1.p1                 56.76%    passed    100.00%
  36  DE164|Cluster-55849.0__TRINITY_DN2739_c2_g1_i2.p1               56.76%    passed     99.99%
  37  DE531|Cluster-42682.0__TRINITY_DN7408_c0_g1_i11.p1               0.30%    passed    100.00%
  38  DE696-dots|Cluster-50099.0__TRINITY_DN2498_c0_g1_i1.p1          56.76%    passed    100.00%
  39  DE696-nodots|Cluster-49801.0__TRINITY_DN9312_c0_g1_i1.p1        56.76%    passed    100.00%
  40  DE643|Cluster-73303.0__TRINITY_DN30115_c0_g1_i23.p1              0.30%    passed    100.00%
  41  DE671|Cluster-52838.0__TRINITY_DN5197_c0_g2_i5.p1               34.53%    passed    100.00%
  42  DE672|Cluster-41417.0__TRINITY_DN3758_c0_g1_i2.p1               56.76%    passed    100.00%
  43  DE509|Cluster-30737.0__TRINITY_DN252_c0_g1_i11.p1               18.02%    passed    100.00%
  44  DE534|Cluster-47340.0__TRINITY_DN3158_c0_g1_i26.p1               0.30%    passed    100.00%
  45  DRR082665|Cluster-25809.0__TRINITY_DN8698_c0_g1_i2.p1           19.52%    passed      5.40%
WARNING: 16 sequences contain more than 50% gaps/ambiguity
****  TOTAL                                                           29.73%  0 sequences failed composition chi2 test (p-value<5%; df=60)
Reading input tree file tmp.csubst.nwk ... rooted tree

NOTE: 32 MB RAM (0 GB) is required!
Measuring multi-threading efficiency up to 1 CPU cores
2 trees examined
Threads: 1 / Time: 1.924 sec / Speedup: 1.000 / Efficiency: 100% / LogL: -5520
BEST NUMBER OF THREADS: 1

Estimate model parameters (epsilon = 0.010)
1. Initial log-likelihood: -6283.650
2. Current log-likelihood: -4789.214
3. Current log-likelihood: -4788.859
4. Current log-likelihood: -4788.596
5. Current log-likelihood: -4788.307
6. Current log-likelihood: -4787.950
7. Current log-likelihood: -4787.520
8. Current log-likelihood: -4787.101
9. Current log-likelihood: -4779.513
10. Current log-likelihood: -4778.916
11. Current log-likelihood: -4772.339
12. Current log-likelihood: -4771.858
13. Current log-likelihood: -4771.531
14. Current log-likelihood: -4771.355
15. Current log-likelihood: -4769.211
16. Current log-likelihood: -4769.035
17. Current log-likelihood: -4768.950
18. Current log-likelihood: -4768.911
19. Current log-likelihood: -4768.895
Optimal log-likelihood: -4768.887
Nonsynonymous/synonymous ratio (omega): 1.000
Transition/transversion ratio (kappa): 1.000
Site proportion and rates:  (0.414,0.485) (0.410,0.561) (0.140,2.351) (0.036,6.674)
Parameters optimization took 19 rounds (93.505 sec)
Wrote distance file to... 
BEST SCORE FOUND : -4768.887
Ancestral state probabilities printed to /mnt/data0/yue/2026-03-11-protein-convergence/results/OG_12335/csubst_w_s/csubst_input_alignment.fa.state
Empirical proportions for each category: 0.441 0.390 0.141 0.027
Site rates printed to /mnt/data0/yue/2026-03-11-protein-convergence/results/OG_12335/csubst_w_s/csubst_input_alignment.fa.rate
Total tree length: 2.996

Total number of iterations: 0
CPU time used for tree search: 0.000 sec (0h:0m:0s)
Wall-clock time used for tree search: 0.000 sec (0h:0m:0s)
Total CPU time used: 96.106 sec (0h:1m:36s)
Total wall-clock time used: 96.436 sec (0h:1m:36s)

Analysis results written to: 
  IQ-TREE report:                /mnt/data0/yue/2026-03-11-protein-convergence/results/OG_12335/csubst_w_s/csubst_input_alignment.fa.iqtree
  Maximum-likelihood tree:       /mnt/data0/yue/2026-03-11-protein-convergence/results/OG_12335/csubst_w_s/csubst_input_alignment.fa.treefile
  Site-specific rates:           /mnt/data0/yue/2026-03-11-protein-convergence/results/OG_12335/csubst_w_s/csubst_input_alignment.fa.rate
  Ancestral state:               /mnt/data0/yue/2026-03-11-protein-convergence/results/OG_12335/csubst_w_s/csubst_input_alignment.fa.state
  Screen log file:               /mnt/data0/yue/2026-03-11-protein-convergence/results/OG_12335/csubst_w_s/csubst_input_alignment.fa.log

Date and Time: Thu Mar 26 23:20:36 2026
