IQ-TREE multicore version 2.4.0 for Linux x86 64-bit built Feb 12 2025
Developed by Bui Quang Minh, Nguyen Lam Tung, Olga Chernomor, Heiko Schmidt,
Dominik Schrempf, Michael Woodhams, Ly Trong Nhan, Thomas Wong

Host:    brain (AVX2, FMA3, 2015 GB RAM)
Command: /home/yue/miniconda3/envs/py39/bin/iqtree -s /mnt/data0/yue/2026-03-11-protein-convergence/results/OG_10246/csubst_w_s/csubst_input_alignment.fa -te tmp.csubst.nwk -m ECMK07+F+R4 --seqtype CODON1 --threads-max 1 -T AUTO --ancestral --rate --redo
Seed:    926061 (Using SPRNG - Scalable Parallel Random Number Generator)
Time:    Thu Mar 26 20:32:08 2026
Kernel:  AVX+FMA - auto-detect threads (128 CPU cores detected)

Reading alignment file /mnt/data0/yue/2026-03-11-protein-convergence/results/OG_10246/csubst_w_s/csubst_input_alignment.fa ... Fasta format detected
Reading fasta file: done in 0.000771612 secs using 38.49% CPU
Alignment most likely contains DNA/RNA sequences
Converting to codon sequences with genetic code 1 ...
Alignment has 46 sequences with 298 columns, 274 distinct patterns
130 parsimony-informative, 84 singleton sites, 84 constant sites
                                                                Gap/Ambiguity  Composition  p-value
Analyzing sequences: done in 3.49134e-05 secs using 97.38% CPU
   1  DE566|Cluster-37906.1__TRINITY_DN7312_c0_g1_i6.p1                 5.37%    passed     98.85%
   2  DE181|Cluster-32066.0__TRINITY_DN755_c0_g1_i1.p1                  0.00%    passed    100.00%
   3  DE643|Cluster-82754.0__TRINITY_DN3620_c0_g1_i5.p1                10.07%    passed    100.00%
   4  DE672|Cluster-42387.0__TRINITY_DN13178_c0_g1_i2.p1               18.12%    passed    100.00%
   5  DE216|Cluster-13060.0__TRINITY_DN2822_c0_g1_i15.p1               37.92%    passed     99.99%
   6  DE536|Cluster-36661.0__TRINITY_DN1246_c1_g1_i9.p1                37.92%    passed    100.00%
   7  DE680|Cluster-30164.1__TRINITY_DN1967_c0_g1_i1.p1                37.92%    passed    100.00%
   8  DE741|Cluster-57753.0__TRINITY_DN825_c0_g2_i2.p1                 37.92%    passed    100.00%
   9  DE69|Cluster-56297.0__TRINITY_DN3346_c0_g1_i3.p1                 37.92%    passed     98.63%
  10  JJ125|Cluster-41326.0__TRINITY_DN448_c0_g1_i3.p1                 37.92%    passed    100.00%
  11  DE666|Cluster-6611.0__TRINITY_DN5598_c2_g1_i1.p1                 37.92%    passed    100.00%
  12  DE115|Cluster-46325.0__TRINITY_DN524_c0_g2_i1.p1                  0.00%    passed    100.00%
  13  DE507|Cluster-36262.3__TRINITY_DN4817_c0_g1_i4.p1                 0.00%    passed     99.99%
  14  DE765|Cluster-43355.0__TRINITY_DN1009_c0_g1_i12.p1                0.00%    passed    100.00%
  15  DE519|Cluster-36060.1__TRINITY_DN887_c0_g1_i3.p1                  0.00%    passed     98.37%
  16  DE554|Cluster-49586.0__TRINITY_DN1002_c0_g1_i11.p1                0.00%    passed     99.96%
  17  DE151|Cluster-48405.0__TRINITY_DN1393_c0_g1_i1.p1                38.93%    passed    100.00%
  18  DE173|Cluster-52903.0__TRINITY_DN178_c0_g1_i9.p1                 38.93%    passed    100.00%
  19  DE503|Cluster-62599.0__TRINITY_DN2196_c0_g1_i8.p1                38.93%    passed    100.00%
  20  DE189|Cluster-40350.0__TRINITY_DN4160_c0_g1_i1.p1                 0.00%    passed    100.00%
  21  DE504|Cluster-18785.0__TRINITY_DN8558_c0_g1_i1.p1                38.93%    passed    100.00%
  22  DE523|Cluster-48050.0__TRINITY_DN299_c0_g2_i6.p1                  0.00%    passed    100.00%
  23  DE541|Cluster-48286.0__TRINITY_DN5117_c0_g1_i3.p1                 0.00%    passed    100.00%
  24  DE560|Cluster-45979.0__TRINITY_DN6634_c0_g1_i12.p1               10.07%    passed    100.00%
  25  DE671|Cluster-38592.1__TRINITY_DN2969_c1_g1_i2.p1                38.93%    passed    100.00%
  26  JJ15|Cluster-68391.0__TRINITY_DN555_c2_g1_i2.p1                  38.93%    passed    100.00%
  27  DE737|Cluster-34334.0__TRINITY_DN2360_c0_g1_i1.p1                38.93%    passed    100.00%
  28  SRR3407095|Cluster-49717.0__TRINITY_DN3527_c0_g1_i1.p1            0.00%    passed    100.00%
  29  JJ130|Cluster-20828.0__TRINITY_DN1736_c0_g1_i4.p1                38.93%    passed    100.00%
  30  DE764|Cluster-38431.0__TRINITY_DN2775_c0_g2_i4.p1                38.93%    passed    100.00%
  31  SRR3407092|Cluster-38181.0__TRINITY_DN1257_c0_g2_i1.p1            0.00%    passed    100.00%
  32  DE88|Cluster-17669.0__TRINITY_DN3833_c0_g1_i4.p1                 38.93%    passed    100.00%
  33  SRR3407087|Cluster-25731.1__TRINITY_DN1730_c1_g1_i3.p1            0.00%    passed    100.00%
  34  JJ74|Cluster-123667.0__TRINITY_DN4669_c0_g2_i3.p1                10.07%    passed    100.00%
  35  DRR082660|Cluster-39088.1__TRINITY_DN5979_c0_g2_i3.p1             0.00%    passed    100.00%
  36  DE531|Cluster-18256.0__TRINITY_DN1283_c0_g1_i2.p1                 0.00%    passed    100.00%
  37  DE696-dots|Cluster-44796.0__TRINITY_DN12003_c0_g1_i6.p1           0.00%    passed    100.00%
  38  DE696-nodots|Cluster-41202.0__TRINITY_DN4363_c0_g3_i2.p1          0.00%    passed    100.00%
  39  JJ36|Cluster-14288.0__TRINITY_DN5675_c0_g1_i1.p1                 38.93%    passed     99.92%
  40  DE561|Cluster-42853.0__TRINITY_DN3782_c0_g1_i11.p1                0.00%    passed    100.00%
  41  DRR234970|Cluster-55318.0__TRINITY_DN32916_c0_g1_i1.p1            0.00%    passed     94.32%
  42  DE152|Cluster-53824.0__TRINITY_DN259_c0_g3_i4.p1                  0.00%    passed    100.00%
  43  DE546_urceolata_l|Cluster-37929.0__TRINITY_DN1978_c0_g1_i12.p1    0.00%    passed     99.95%
  44  JJ99|Cluster-28139.1__TRINITY_DN584_c1_g1_i4.p1                   0.00%    passed    100.00%
  45  JJ131|Cluster-33181.4__TRINITY_DN1555_c0_g1_i7.p1                 0.00%    passed    100.00%
  46  SRR5150740|Cluster-22510.0__TRINITY_DN16977_c0_g5_i1.p1           0.00%    passed     86.72%
****  TOTAL                                                            16.25%  0 sequences failed composition chi2 test (p-value<5%; df=60)
Reading input tree file tmp.csubst.nwk ... rooted tree

NOTE: 29 MB RAM (0 GB) is required!
Measuring multi-threading efficiency up to 1 CPU cores
2 trees examined
Threads: 1 / Time: 1.561 sec / Speedup: 1.000 / Efficiency: 100% / LogL: -5435
BEST NUMBER OF THREADS: 1

Estimate model parameters (epsilon = 0.010)
1. Initial log-likelihood: -6015.979
2. Current log-likelihood: -4257.684
3. Current log-likelihood: -4252.518
4. Current log-likelihood: -4252.450
5. Current log-likelihood: -4252.402
6. Current log-likelihood: -4252.361
7. Current log-likelihood: -4252.325
8. Current log-likelihood: -4252.292
9. Current log-likelihood: -4252.261
10. Current log-likelihood: -4252.232
11. Current log-likelihood: -4252.204
12. Current log-likelihood: -4252.176
13. Current log-likelihood: -4252.150
14. Current log-likelihood: -4252.125
15. Current log-likelihood: -4252.103
16. Current log-likelihood: -4252.083
17. Current log-likelihood: -4252.067
18. Current log-likelihood: -4252.053
19. Current log-likelihood: -4252.043
Optimal log-likelihood: -4252.035
Nonsynonymous/synonymous ratio (omega): 1.000
Transition/transversion ratio (kappa): 1.000
Site proportion and rates:  (0.522,0.413) (0.350,1.067) (0.087,3.151) (0.041,3.343)
Parameters optimization took 19 rounds (83.689 sec)
Wrote distance file to... 
BEST SCORE FOUND : -4252.035
Ancestral state probabilities printed to /mnt/data0/yue/2026-03-11-protein-convergence/results/OG_10246/csubst_w_s/csubst_input_alignment.fa.state
Empirical proportions for each category: 0.604 0.315 0.081 0.000
Site rates printed to /mnt/data0/yue/2026-03-11-protein-convergence/results/OG_10246/csubst_w_s/csubst_input_alignment.fa.rate
Total tree length: 2.369

Total number of iterations: 0
CPU time used for tree search: 0.000 sec (0h:0m:0s)
Wall-clock time used for tree search: 0.000 sec (0h:0m:0s)
Total CPU time used: 86.020 sec (0h:1m:26s)
Total wall-clock time used: 86.180 sec (0h:1m:26s)

Analysis results written to: 
  IQ-TREE report:                /mnt/data0/yue/2026-03-11-protein-convergence/results/OG_10246/csubst_w_s/csubst_input_alignment.fa.iqtree
  Maximum-likelihood tree:       /mnt/data0/yue/2026-03-11-protein-convergence/results/OG_10246/csubst_w_s/csubst_input_alignment.fa.treefile
  Site-specific rates:           /mnt/data0/yue/2026-03-11-protein-convergence/results/OG_10246/csubst_w_s/csubst_input_alignment.fa.rate
  Ancestral state:               /mnt/data0/yue/2026-03-11-protein-convergence/results/OG_10246/csubst_w_s/csubst_input_alignment.fa.state
  Screen log file:               /mnt/data0/yue/2026-03-11-protein-convergence/results/OG_10246/csubst_w_s/csubst_input_alignment.fa.log

Date and Time: Thu Mar 26 20:33:35 2026
