IQ-TREE multicore version 2.4.0 for Linux x86 64-bit built Feb 12 2025
Developed by Bui Quang Minh, Nguyen Lam Tung, Olga Chernomor, Heiko Schmidt,
Dominik Schrempf, Michael Woodhams, Ly Trong Nhan, Thomas Wong

Host:    brain (AVX2, FMA3, 2015 GB RAM)
Command: /home/yue/miniconda3/envs/py39/bin/iqtree -s /mnt/data0/yue/2026-03-11-protein-convergence/results/OG_4547/csubst_w_s/csubst_input_alignment.fa -te tmp.csubst.nwk -m ECMK07+F+R4 --seqtype CODON1 --threads-max 1 -T AUTO --ancestral --rate --redo
Seed:    860883 (Using SPRNG - Scalable Parallel Random Number Generator)
Time:    Fri Mar 27 14:18:52 2026
Kernel:  AVX+FMA - auto-detect threads (128 CPU cores detected)

Reading alignment file /mnt/data0/yue/2026-03-11-protein-convergence/results/OG_4547/csubst_w_s/csubst_input_alignment.fa ... Fasta format detected
Reading fasta file: done in 0.00255662 secs using 33.29% CPU
Alignment most likely contains DNA/RNA sequences
Converting to codon sequences with genetic code 1 ...
Alignment has 74 sequences with 707 columns, 657 distinct patterns
341 parsimony-informative, 217 singleton sites, 149 constant sites
                                                               Gap/Ambiguity  Composition  p-value
Analyzing sequences: done in 0.000117853 secs using 99.28% CPU
   1  DE503|Cluster-42851.1__TRINITY_DN3146_c0_g1_i7.p1               13.72%    passed    100.00%
   2  DE88|Cluster-8235.0__TRINITY_DN0_c0_g1_i8.p1                     1.84%    passed    100.00%
   3  DE737|Cluster-46781.0__TRINITY_DN7204_c0_g1_i12.p1               8.20%    passed    100.00%
   4  DE671|Cluster-50899.0__TRINITY_DN10265_c0_g1_i1.p1               2.83%    passed    100.00%
   5  DE696-dots|Cluster-46158.0__TRINITY_DN1548_c1_g1_i2.p1          14.85%    passed    100.00%
   6  DE764|Cluster-44785.0__TRINITY_DN71_c0_g1_i3.p1                 13.72%    passed    100.00%
   7  DE504|Cluster-42095.0__TRINITY_DN4619_c0_g1_i4.p1                2.55%    passed    100.00%
   8  JJ89|Cluster-25980.2__TRINITY_DN3006_c0_g1_i4.p1                 2.55%    passed    100.00%
   9  DE549|Cluster-51507.0__TRINITY_DN365_c1_g1_i1.p1                 2.69%    passed    100.00%
  10  DE509|Cluster-43291.2__TRINITY_DN35_c0_g2_i14.p1                51.91%    passed     99.91%
  11  DE736|Cluster-39976.4__TRINITY_DN36_c0_g2_i6.p1                 56.29%    passed     98.38%
  12  DE696-nodots|Cluster-11060.2__TRINITY_DN7_c0_g1_i18.p1          14.85%    passed    100.00%
  13  DE672|Cluster-54352.0__TRINITY_DN5388_c0_g2_i6.p1                9.05%    passed    100.00%
  14  DE115|Cluster-63470.5__TRINITY_DN6074_c0_g1_i7.p1                8.20%    passed    100.00%
  15  DE575|Cluster-66305.0__TRINITY_DN1775_c0_g2_i8.p1               13.72%    passed    100.00%
  16  DE668|Cluster-38268.1__TRINITY_DN470_c0_g2_i1.p1                 8.20%    passed    100.00%
  17  DE741|Cluster-31361.2__TRINITY_DN797_c0_g1_i10.p1               13.72%    passed    100.00%
  18  DE151|Cluster-52721.0__TRINITY_DN2184_c0_g1_i1.p1               24.61%    passed    100.00%
  19  JJ109|Cluster-32761.0__TRINITY_DN5315_c1_g1_i3.p1                3.11%    passed    100.00%
  20  DE505|Cluster-52902.0__TRINITY_DN14955_c0_g3_i1.p1               2.55%    passed    100.00%
  21  DE554|Cluster-67591.0__TRINITY_DN2499_c0_g2_i2.p1               52.33%    passed     75.29%
  22  SRR3407093|Cluster-28811.1__TRINITY_DN2932_c0_g1_i4.p1           3.11%    passed     99.67%
  23  DE561|Cluster-4025.0__TRINITY_DN1325_c0_g3_i3.p1                 2.55%    passed    100.00%
  24  DE510|Cluster-45718.0__TRINITY_DN5286_c1_g1_i1.p1                8.20%    passed    100.00%
  25  DE681|Cluster-44600.0__TRINITY_DN13709_c0_g1_i9.p1              25.32%    passed    100.00%
  26  DE765|Cluster-56982.0__TRINITY_DN3466_c1_g2_i1.p1                2.55%    passed    100.00%
  27  DE162|Cluster-52265.4__TRINITY_DN778_c0_g2_i5.p1                 1.98%    passed    100.00%
  28  DE704-purple|Cluster-59824.0__TRINITY_DN2143_c0_g1_i42.p1       18.39%    passed    100.00%
  29  DE704-white|Cluster-65953.1__TRINITY_DN6328_c0_g2_i6.p1          2.55%    passed    100.00%
  30  DE666|Cluster-36096.0__TRINITY_DN8901_c0_g2_i3.p1                2.55%    passed    100.00%
  31  DE181|Cluster-58905.1__TRINITY_DN1475_c0_g3_i1.p1                2.55%    passed    100.00%
  32  DE680|Cluster-56664.0__TRINITY_DN1289_c0_g1_i47.p1              32.39%    passed     99.23%
  33  DE173|Cluster-36900.0__TRINITY_DN5367_c0_g1_i4.p1                8.49%    passed    100.00%
  34  DE189|Cluster-2263.1__TRINITY_DN2997_c1_g1_i4.p1                 0.14%    passed    100.00%
  35  JJ36|Cluster-23490.2__TRINITY_DN6914_c0_g1_i5.p1                 0.14%    passed    100.00%
  36  DE164|Cluster-39188.3__TRINITY_DN3722_c0_g1_i19.p1               0.14%    passed    100.00%
  37  DE563|Cluster-40956.6__TRINITY_DN1350_c1_g1_i29.p1              17.68%    passed    100.00%
  38  DE229|Cluster-29993.1__TRINITY_DN2388_c0_g2_i1.p1               37.20%    passed     99.98%
  39  DE126|Cluster-24171.0__TRINITY_DN472_c0_g2_i3.p1                14.85%    passed    100.00%
  40  DE507|Cluster-72997.1__TRINITY_DN2879_c0_g1_i4.p1                0.14%    passed    100.00%
  41  DE528|Cluster-54447.1__TRINITY_DN1607_c0_g1_i5.p1                0.14%    passed    100.00%
  42  DE546_urceolata_l|Cluster-26970.3__TRINITY_DN2765_c1_g1_i3.p1    2.55%    passed    100.00%
  43  JJ23|Cluster-40790.0__TRINITY_DN8194_c0_g1_i2.p1                 2.55%    passed    100.00%
  44  DE566|Cluster-9457.4__TRINITY_DN275_c0_g1_i4.p1                  2.55%    passed    100.00%
  45  DE152|Cluster-40085.3__TRINITY_DN7786_c0_g1_i23.p1               2.55%    passed    100.00%
  46  JJ99|Cluster-49109.7__TRINITY_DN2174_c0_g1_i2.p1                 0.71%    passed    100.00%
  47  DE536|Cluster-40523.0__TRINITY_DN2182_c0_g1_i6.p1               13.72%    passed    100.00%
  48  DE519|Cluster-65580.0__TRINITY_DN223_c1_g1_i2.p1                 0.14%    passed    100.00%
  49  JJ15|Cluster-72036.0__TRINITY_DN2142_c0_g1_i3.p1                 8.20%    passed    100.00%
  50  DE216|Cluster-67880.0__TRINITY_DN11576_c0_g1_i2.p1              37.20%    passed     99.99%
  51  DE534|Cluster-75321.0__TRINITY_DN7877_c1_g1_i5.p1               18.53%    passed    100.00%
  52  DE127|Cluster-22073.0__TRINITY_DN4609_c0_g1_i1.p1                0.14%    passed    100.00%
  53  DE623|Cluster-18554.7__TRINITY_DN5952_c0_g1_i6.p1                0.14%    passed    100.00%
  54  JJ125|Cluster-21772.0__TRINITY_DN2443_c0_g3_i3.p1                0.14%    passed    100.00%
  55  DE550|Cluster-17539.1__TRINITY_DN5359_c0_g1_i4.p1                0.14%    passed    100.00%
  56  DE643|Cluster-83713.0__TRINITY_DN8731_c0_g1_i2.p1                0.14%    passed    100.00%
  57  DE560|Cluster-36415.0__TRINITY_DN13201_c0_g1_i17.p1             31.68%    passed     99.11%
  58  JJ85|Cluster-39917.0__TRINITY_DN885_c0_g1_i2.p1                  0.14%    passed    100.00%
  59  DE476|Cluster-44461.0__TRINITY_DN2892_c0_g1_i1.p1                0.14%    passed    100.00%
  60  DE541|Cluster-28421.0__TRINITY_DN132_c0_g4_i1.p1                 0.14%    passed    100.00%
  61  SRR3407092|Cluster-24098.0__TRINITY_DN817_c0_g1_i3.p1            0.14%    passed    100.00%
  62  SRR3407087|Cluster-13012.0__TRINITY_DN5047_c0_g3_i1.p1           0.14%    passed    100.00%
  63  SRR3407094|Cluster-26362.1__TRINITY_DN1379_c0_g1_i2.p1           0.14%    passed    100.00%
  64  SRR3407086|Cluster-36563.1__TRINITY_DN1784_c0_g2_i1.p1           1.56%    passed    100.00%
  65  DE523|Cluster-49749.0__TRINITY_DN1853_c0_g2_i1.p1                0.14%    passed    100.00%
  66  SRR3424066|Cluster-19578.0__TRINITY_DN1164_c0_g3_i1.p1           0.14%    passed    100.00%
  67  SRR3407088|Cluster-26612.0__TRINITY_DN4216_c1_g1_i1.p1           0.14%    passed    100.00%
  68  SRR3407095|Cluster-2948.0__TRINITY_DN981_c0_g1_i1.p1             0.14%    passed    100.00%
  69  SRR3407096|Cluster-21120.0__TRINITY_DN1151_c0_g1_i1.p1           0.14%    passed    100.00%
  70  JJ131|Cluster-26242.8__TRINITY_DN853_c0_g2_i2.p1                 0.14%    passed    100.00%
  71  JJ74|Cluster-101942.0__TRINITY_DN1612_c0_g1_i7.p1               37.77%    passed     99.96%
  72  SRR5150740|Cluster-45359.2__TRINITY_DN155_c0_g1_i7.p1            0.14%    passed    100.00%
  73  DRR234970|Cluster-42065.2__TRINITY_DN2024_c1_g2_i1.p1            0.14%    passed    100.00%
  74  SRR104381|Cluster-10089.1__TRINITY_DN24080_c1_g1_i1.p1           0.14%    passed     99.59%
WARNING: 3 sequences contain more than 50% gaps/ambiguity
****  TOTAL                                                            8.99%  0 sequences failed composition chi2 test (p-value<5%; df=60)
Reading input tree file tmp.csubst.nwk ... rooted tree

NOTE: 100 MB RAM (0 GB) is required!
Measuring multi-threading efficiency up to 1 CPU cores
2 trees examined
Threads: 1 / Time: 5.511 sec / Speedup: 1.000 / Efficiency: 100% / LogL: -20080
BEST NUMBER OF THREADS: 1

Estimate model parameters (epsilon = 0.010)
1. Initial log-likelihood: -22058.422
2. Current log-likelihood: -14637.827
3. Current log-likelihood: -14599.029
4. Current log-likelihood: -14565.845
5. Current log-likelihood: -14565.685
6. Current log-likelihood: -14565.604
7. Current log-likelihood: -14565.553
8. Current log-likelihood: -14565.518
9. Current log-likelihood: -14565.492
10. Current log-likelihood: -14561.389
11. Current log-likelihood: -14561.272
12. Current log-likelihood: -14561.209
13. Current log-likelihood: -14561.169
14. Current log-likelihood: -14561.142
15. Current log-likelihood: -14561.122
16. Current log-likelihood: -14561.106
17. Current log-likelihood: -14561.093
18. Current log-likelihood: -14561.081
Optimal log-likelihood: -14561.072
Nonsynonymous/synonymous ratio (omega): 1.000
Transition/transversion ratio (kappa): 1.000
Site proportion and rates:  (0.510,0.352) (0.305,0.855) (0.172,2.480) (0.013,10.360)
Parameters optimization took 18 rounds (294.795 sec)
Wrote distance file to... 
BEST SCORE FOUND : -14561.072
Ancestral state probabilities printed to /mnt/data0/yue/2026-03-11-protein-convergence/results/OG_4547/csubst_w_s/csubst_input_alignment.fa.state
Empirical proportions for each category: 0.607 0.222 0.160 0.011
Site rates printed to /mnt/data0/yue/2026-03-11-protein-convergence/results/OG_4547/csubst_w_s/csubst_input_alignment.fa.rate
Total tree length: 3.414

Total number of iterations: 0
CPU time used for tree search: 0.000 sec (0h:0m:0s)
Wall-clock time used for tree search: 0.000 sec (0h:0m:0s)
Total CPU time used: 303.101 sec (0h:5m:3s)
Total wall-clock time used: 303.682 sec (0h:5m:3s)

Analysis results written to: 
  IQ-TREE report:                /mnt/data0/yue/2026-03-11-protein-convergence/results/OG_4547/csubst_w_s/csubst_input_alignment.fa.iqtree
  Maximum-likelihood tree:       /mnt/data0/yue/2026-03-11-protein-convergence/results/OG_4547/csubst_w_s/csubst_input_alignment.fa.treefile
  Site-specific rates:           /mnt/data0/yue/2026-03-11-protein-convergence/results/OG_4547/csubst_w_s/csubst_input_alignment.fa.rate
  Ancestral state:               /mnt/data0/yue/2026-03-11-protein-convergence/results/OG_4547/csubst_w_s/csubst_input_alignment.fa.state
  Screen log file:               /mnt/data0/yue/2026-03-11-protein-convergence/results/OG_4547/csubst_w_s/csubst_input_alignment.fa.log

Date and Time: Fri Mar 27 14:23:56 2026
