IQ-TREE multicore version 2.4.0 for Linux x86 64-bit built Feb 12 2025
Developed by Bui Quang Minh, Nguyen Lam Tung, Olga Chernomor, Heiko Schmidt,
Dominik Schrempf, Michael Woodhams, Ly Trong Nhan, Thomas Wong

Host:    brain (AVX2, FMA3, 2015 GB RAM)
Command: /home/yue/miniconda3/envs/py39/bin/iqtree -s /mnt/data0/yue/2026-03-11-protein-convergence/results/OG_12311/csubst_w_s/csubst_input_alignment.fa -te tmp.csubst.nwk -m ECMK07+F+R4 --seqtype CODON1 --threads-max 1 -T AUTO --ancestral --rate --redo
Seed:    517046 (Using SPRNG - Scalable Parallel Random Number Generator)
Time:    Thu Mar 26 23:17:32 2026
Kernel:  AVX+FMA - auto-detect threads (128 CPU cores detected)

Reading alignment file /mnt/data0/yue/2026-03-11-protein-convergence/results/OG_12311/csubst_w_s/csubst_input_alignment.fa ... Fasta format detected
Reading fasta file: done in 0.00103432 secs
Alignment most likely contains DNA/RNA sequences
Converting to codon sequences with genetic code 1 ...
WARNING: 1 sites contain only gaps or ambiguous characters.
Alignment has 55 sequences with 360 columns, 345 distinct patterns
170 parsimony-informative, 107 singleton sites, 83 constant sites
                                                               Gap/Ambiguity  Composition  p-value
Analyzing sequences: done in 4.98444e-05 secs using 96.3% CPU
   1  JJ109|Cluster-46665.0__TRINITY_DN8763_c1_g2_i1.p1                0.28%    passed    100.00%
   2  DE680|Cluster-229.0__TRINITY_DN21696_c0_g1_i2.p1                 0.28%    passed    100.00%
   3  JJ23|Cluster-40655.0__TRINITY_DN11529_c0_g1_i5.p1               33.33%    passed     99.52%
   4  JJ130|Cluster-15753.0__TRINITY_DN11605_c0_g1_i5.p1               0.28%    passed    100.00%
   5  DE531|Cluster-13761.0__TRINITY_DN18651_c0_g1_i5.p1               0.83%    passed    100.00%
   6  DE510|Cluster-25897.0__TRINITY_DN8691_c0_g1_i3.p1               22.50%    passed    100.00%
   7  DE151|Cluster-14750.0__TRINITY_DN16517_c0_g1_i2.p1               0.28%    passed    100.00%
   8  DE173|Cluster-37805.0__TRINITY_DN42841_c0_g1_i2.p1               0.28%    passed    100.00%
   9  DE189|Cluster-27291.1__TRINITY_DN18276_c0_g3_i5.p1              28.33%    passed    100.00%
  10  JJ89|Cluster-37333.0__TRINITY_DN6681_c0_g1_i9.p1                45.83%    passed    100.00%
  11  DE737|Cluster-44746.0__TRINITY_DN17588_c0_g1_i2.p1              35.00%    passed    100.00%
  12  DE509|Cluster-36938.0__TRINITY_DN16727_c0_g2_i3.p1               0.28%    passed    100.00%
  13  DE736|Cluster-48634.0__TRINITY_DN10365_c0_g2_i1.p1               0.28%    passed    100.00%
  14  DE476|Cluster-28881.0__TRINITY_DN19323_c1_g1_i3.p1               1.67%    passed    100.00%
  15  DE696-dots|Cluster-58390.0__TRINITY_DN13444_c0_g1_i3.p1          0.28%    passed    100.00%
  16  JJ36|Cluster-26335.1__TRINITY_DN8529_c0_g1_i2.p1                35.00%    passed     99.98%
  17  DE671|Cluster-54939.1__TRINITY_DN9402_c0_g1_i9.p1               23.06%    passed    100.00%
  18  DE504|Cluster-48584.0__TRINITY_DN22073_c1_g1_i13.p1             43.89%    passed    100.00%
  19  DE560|Cluster-6982.0__TRINITY_DN36434_c0_g1_i1.p1                0.56%    passed    100.00%
  20  SRR3407096|Cluster-10411.0__TRINITY_DN25869_c0_g1_i1.p1          0.28%    passed    100.00%
  21  DE523|Cluster-16337.0__TRINITY_DN24958_c0_g1_i2.p1               1.39%    passed    100.00%
  22  DE505|Cluster-11779.0__TRINITY_DN14254_c0_g1_i2.p1              28.33%    passed    100.00%
  23  SRR3407087|Cluster-13363.0__TRINITY_DN6273_c0_g1_i1.p1           0.28%    passed    100.00%
  24  DE536|Cluster-42389.0__TRINITY_DN16672_c0_g1_i4.p1               0.56%    passed    100.00%
  25  DE115|Cluster-8866.1__TRINITY_DN8577_c0_g1_i2.p1                39.17%    passed    100.00%
  26  DE127|Cluster-2438.0__TRINITY_DN20033_c0_g1_i2.p1               11.11%    passed    100.00%
  27  DE162|Cluster-19448.0__TRINITY_DN48922_c0_g1_i1.p1               0.28%    passed    100.00%
  28  DE704-white|Cluster-49661.0__TRINITY_DN21651_c0_g1_i5.p1         0.28%    passed    100.00%
  29  DE507|Cluster-64834.0__TRINITY_DN22946_c0_g1_i2.p1              11.11%    passed    100.00%
  30  DE229|Cluster-87628.0__TRINITY_DN1803_c1_g1_i13.p1               6.11%    passed    100.00%
  31  DE681|Cluster-64086.0__TRINITY_DN15140_c0_g1_i1.p1              11.11%    passed    100.00%
  32  DE126|Cluster-4829.0__TRINITY_DN18664_c0_g2_i1.p1                0.28%    passed    100.00%
  33  DE546_urceolata_l|Cluster-22520.1__TRINITY_DN4435_c2_g1_i4.p1   40.56%    passed    100.00%
  34  DE623|Cluster-34159.0__TRINITY_DN14222_c0_g1_i2.p1              28.33%    passed    100.00%
  35  DE554|Cluster-39030.0__TRINITY_DN9435_c1_g1_i13.p1              28.33%    passed    100.00%
  36  DE668|Cluster-40487.0__TRINITY_DN62941_c0_g1_i1.p1               0.28%    passed    100.00%
  37  JJ99|Cluster-42514.0__TRINITY_DN32877_c0_g1_i1.p1                0.83%    passed     99.99%
  38  DE575|Cluster-53512.0__TRINITY_DN2324_c3_g1_i7.p1               28.33%    passed     99.99%
  39  DE152|Cluster-22166.0__TRINITY_DN8228_c0_g3_i1.p1                4.44%    passed     99.97%
  40  DE566|Cluster-22020.3__TRINITY_DN25635_c0_g1_i17.p1              0.28%    passed    100.00%
  41  DE534|Cluster-36735.0__TRINITY_DN18678_c0_g1_i2.p1              39.17%    passed     99.97%
  42  JJ131|Cluster-11738.0__TRINITY_DN34328_c0_g1_i2.p1              40.56%    passed     99.99%
  43  DE541|Cluster-51436.0__TRINITY_DN18375_c0_g1_i6.p1               0.28%    passed    100.00%
  44  DE550|Cluster-31759.1__TRINITY_DN19294_c0_g2_i1.p1               0.28%    passed    100.00%
  45  DE561|Cluster-6432.0__TRINITY_DN17148_c1_g1_i1.p1               50.28%    passed     98.59%
  46  SRR3424066|Cluster-29107.0__TRINITY_DN9562_c0_g1_i1.p1           0.83%    passed    100.00%
  47  SRR3407088|Cluster-7784.0__TRINITY_DN6953_c0_g3_i1.p1            0.83%    passed    100.00%
  48  DE69|Cluster-37215.0__TRINITY_DN13992_c0_g1_i2.p1                0.83%    passed    100.00%
  49  SRR3407095|Cluster-49797.0__TRINITY_DN12810_c0_g1_i1.p1          0.83%    passed    100.00%
  50  DE519|Cluster-44714.0__TRINITY_DN13011_c0_g1_i11.p1              0.28%    passed    100.00%
  51  DE741|Cluster-7827.0__TRINITY_DN5692_c0_g3_i1.p1                 0.28%    passed    100.00%
  52  SRR3407092|Cluster-31677.0__TRINITY_DN13031_c0_g1_i4.p1          0.28%    passed    100.00%
  53  SRR3407093|Cluster-13011.0__TRINITY_DN7375_c0_g1_i2.p1           0.28%    passed    100.00%
  54  SRR3407094|Cluster-25367.0__TRINITY_DN19022_c1_g2_i1.p1         49.72%    passed     79.36%
  55  JJ125|Cluster-21497.0__TRINITY_DN30054_c0_g1_i1.p1              45.00%    passed     71.85%
WARNING: 1 sequences contain more than 50% gaps/ambiguity
****  TOTAL                                                           13.52%  0 sequences failed composition chi2 test (p-value<5%; df=60)
Reading input tree file tmp.csubst.nwk ... rooted tree

NOTE: 42 MB RAM (0 GB) is required!
Measuring multi-threading efficiency up to 1 CPU cores
2 trees examined
Threads: 1 / Time: 2.080 sec / Speedup: 1.000 / Efficiency: 100% / LogL: -9931
BEST NUMBER OF THREADS: 1

Estimate model parameters (epsilon = 0.010)
1. Initial log-likelihood: -9611.684
2. Current log-likelihood: -6841.649
3. Current log-likelihood: -6841.587
4. Current log-likelihood: -6841.556
5. Current log-likelihood: -6841.530
6. Current log-likelihood: -6841.506
7. Current log-likelihood: -6841.485
8. Current log-likelihood: -6841.466
9. Current log-likelihood: -6841.450
10. Current log-likelihood: -6841.435
11. Current log-likelihood: -6841.422
12. Current log-likelihood: -6841.411
Optimal log-likelihood: -6841.401
Nonsynonymous/synonymous ratio (omega): 1.000
Transition/transversion ratio (kappa): 1.000
Site proportion and rates:  (0.518,0.389) (0.333,1.131) (0.125,2.595) (0.024,4.124)
Parameters optimization took 12 rounds (85.497 sec)
Wrote distance file to... 
BEST SCORE FOUND : -6841.401
Ancestral state probabilities printed to /mnt/data0/yue/2026-03-11-protein-convergence/results/OG_12311/csubst_w_s/csubst_input_alignment.fa.state
Empirical proportions for each category: 0.578 0.303 0.114 0.006
Site rates printed to /mnt/data0/yue/2026-03-11-protein-convergence/results/OG_12311/csubst_w_s/csubst_input_alignment.fa.rate
Total tree length: 2.947

Total number of iterations: 0
CPU time used for tree search: 0.000 sec (0h:0m:0s)
Wall-clock time used for tree search: 0.000 sec (0h:0m:0s)
Total CPU time used: 88.881 sec (0h:1m:28s)
Total wall-clock time used: 89.018 sec (0h:1m:29s)

Analysis results written to: 
  IQ-TREE report:                /mnt/data0/yue/2026-03-11-protein-convergence/results/OG_12311/csubst_w_s/csubst_input_alignment.fa.iqtree
  Maximum-likelihood tree:       /mnt/data0/yue/2026-03-11-protein-convergence/results/OG_12311/csubst_w_s/csubst_input_alignment.fa.treefile
  Site-specific rates:           /mnt/data0/yue/2026-03-11-protein-convergence/results/OG_12311/csubst_w_s/csubst_input_alignment.fa.rate
  Ancestral state:               /mnt/data0/yue/2026-03-11-protein-convergence/results/OG_12311/csubst_w_s/csubst_input_alignment.fa.state
  Screen log file:               /mnt/data0/yue/2026-03-11-protein-convergence/results/OG_12311/csubst_w_s/csubst_input_alignment.fa.log

Date and Time: Thu Mar 26 23:19:01 2026
