IQ-TREE multicore version 2.4.0 for Linux x86 64-bit built Feb 12 2025
Developed by Bui Quang Minh, Nguyen Lam Tung, Olga Chernomor, Heiko Schmidt,
Dominik Schrempf, Michael Woodhams, Ly Trong Nhan, Thomas Wong

Host:    brain (AVX2, FMA3, 2015 GB RAM)
Command: /home/yue/miniconda3/envs/py39/bin/iqtree -s /mnt/data0/yue/2026-03-11-protein-convergence/results/OG_10284/csubst_w_s/csubst_input_alignment.fa -te tmp.csubst.nwk -m ECMK07+F+R4 --seqtype CODON1 --threads-max 1 -T AUTO --ancestral --rate --redo
Seed:    776245 (Using SPRNG - Scalable Parallel Random Number Generator)
Time:    Thu Mar 26 20:36:38 2026
Kernel:  AVX+FMA - auto-detect threads (128 CPU cores detected)

Reading alignment file /mnt/data0/yue/2026-03-11-protein-convergence/results/OG_10284/csubst_w_s/csubst_input_alignment.fa ... Fasta format detected
Reading fasta file: done in 0.00288507 secs using 73.17% CPU
Alignment most likely contains DNA/RNA sequences
Converting to codon sequences with genetic code 1 ...
WARNING: 1 sites contain only gaps or ambiguous characters.
Alignment has 67 sequences with 376 columns, 358 distinct patterns
175 parsimony-informative, 96 singleton sites, 104 constant sites
                                                            Gap/Ambiguity  Composition  p-value
Analyzing sequences: done in 0.000149295 secs using 98.46% CPU
   1  DE563|Cluster-31395.0__TRINITY_DN24392_c0_g1_i2.p1            2.13%    passed    100.00%
   2  JJ131|Cluster-53169.0__TRINITY_DN6096_c0_g4_i2.p1            38.83%    passed     49.22%
   3  DE126|Cluster-31808.0__TRINITY_DN10999_c0_g1_i2.p1            0.27%    passed    100.00%
   4  DE528|Cluster-16419.0__TRINITY_DN29467_c0_g1_i1.p1           25.00%    passed    100.00%
   5  DE115|Cluster-15359.0__TRINITY_DN8874_c0_g1_i1.p1             0.27%    passed    100.00%
   6  DE680|Cluster-2880.0__TRINITY_DN7224_c0_g2_i1.p1              0.80%    passed    100.00%
   7  DE554|Cluster-66866.0__TRINITY_DN18687_c0_g1_i1.p1            0.27%    passed    100.00%
   8  JJ74|Cluster-128836.0__TRINITY_DN16172_c0_g1_i2.p1            0.27%    passed    100.00%
   9  SRR3407095|Cluster-45602.0__TRINITY_DN10564_c0_g1_i1.p1       0.27%    passed    100.00%
  10  JJ85|Cluster-29489.0__TRINITY_DN7481_c0_g1_i2.p1             31.38%    passed     99.97%
  11  DE69|Cluster-53130.0__TRINITY_DN17970_c0_g1_i1.p1            48.14%    passed     92.25%
  12  DE507|Cluster-6167.0__TRINITY_DN25333_c1_g1_i1.p1             0.27%    passed    100.00%
  13  DE229|Cluster-29180.0__TRINITY_DN2910_c1_g1_i1.p1             0.27%    passed    100.00%
  14  JJ99|Cluster-8916.0__TRINITY_DN12913_c0_g1_i1.p1              0.27%    passed    100.00%
  15  DE681|Cluster-13806.0__TRINITY_DN7608_c0_g1_i1.p1             0.27%    passed    100.00%
  16  DE765|Cluster-32131.0__TRINITY_DN13036_c0_g1_i3.p1            0.27%    passed    100.00%
  17  DE575|Cluster-11057.0__TRINITY_DN7850_c0_g1_i1.p1             0.27%    passed    100.00%
  18  JJ125|Cluster-34873.0__TRINITY_DN7903_c0_g1_i2.p1             0.27%    passed    100.00%
  19  SRR104381|Cluster-31450.0__TRINITY_DN6126_c0_g1_i1.p1        15.16%    passed     15.21%
  20  DE523|Cluster-7817.0__TRINITY_DN22538_c0_g1_i2.p1             0.27%    passed    100.00%
  21  DE181|Cluster-23646.0__TRINITY_DN94846_c0_g1_i1.p1            0.27%    passed    100.00%
  22  DE503|Cluster-30120.0__TRINITY_DN18999_c0_g1_i1.p1            0.27%    passed    100.00%
  23  DE561|Cluster-24898.0__TRINITY_DN2814_c0_g1_i1.p1             0.27%    passed    100.00%
  24  SRR3407088|Cluster-16878.0__TRINITY_DN8209_c0_g1_i1.p1        0.27%    passed    100.00%
  25  SRR3407092|Cluster-19465.0__TRINITY_DN4614_c0_g1_i1.p1        0.27%    passed    100.00%
  26  DE505|Cluster-50409.0__TRINITY_DN24538_c0_g1_i7.p1           19.41%    passed    100.00%
  27  DE510|Cluster-43092.0__TRINITY_DN5447_c0_g1_i2.p1             0.27%    passed    100.00%
  28  SRR3407087|Cluster-27674.0__TRINITY_DN8372_c0_g1_i1.p1        0.27%    passed    100.00%
  29  SRR3424066|Cluster-3654.0__TRINITY_DN4430_c0_g1_i1.p1         0.27%    passed    100.00%
  30  SRR3407086|Cluster-26087.0__TRINITY_DN5947_c0_g1_i1.p1        0.27%    passed    100.00%
  31  SRR3407094|Cluster-38497.0__TRINITY_DN4440_c0_g1_i1.p1        0.27%    passed    100.00%
  32  SRR3407093|Cluster-1751.0__TRINITY_DN11066_c0_g1_i1.p1        0.27%    passed    100.00%
  33  DE536|Cluster-37114.0__TRINITY_DN39041_c0_g1_i1.p1            0.27%    passed    100.00%
  34  DE542|Cluster-39589.0__TRINITY_DN71268_c0_g1_i1.p1            0.27%    passed    100.00%
  35  JJ15|Cluster-20604.0__TRINITY_DN12349_c0_g1_i1.p1             1.33%    passed    100.00%
  36  DE534|Cluster-72358.0__TRINITY_DN44486_c0_g1_i1.p1            0.27%    passed    100.00%
  37  DE519|Cluster-47766.0__TRINITY_DN5890_c0_g1_i1.p1             0.27%    passed    100.00%
  38  DE741|Cluster-5343.0__TRINITY_DN3012_c0_g1_i1.p1              0.27%    passed    100.00%
  39  DE560|Cluster-5418.0__TRINITY_DN58255_c0_g1_i1.p1             0.27%    passed    100.00%
  40  DE566|Cluster-59027.0__TRINITY_DN26128_c0_g1_i1.p1            0.27%    passed    100.00%
  41  DE668|Cluster-2729.0__TRINITY_DN6037_c0_g3_i1.p1              0.27%    passed    100.00%
  42  SRR3407096|Cluster-4913.0__TRINITY_DN223_c0_g1_i1.p1         51.06%    passed     90.79%
  43  SRR5150740|Cluster-61437.0__TRINITY_DN7004_c0_g1_i8.p1        6.38%    passed     99.96%
  44  DE151|Cluster-32812.0__TRINITY_DN21347_c0_g1_i1.p1            0.27%    passed    100.00%
  45  JJ109|Cluster-37481.0__TRINITY_DN3978_c0_g1_i2.p1             0.27%    passed    100.00%
  46  DE173|Cluster-36396.0__TRINITY_DN12189_c0_g1_i1.p1           13.03%    passed    100.00%
  47  DE189|Cluster-33164.0__TRINITY_DN7428_c0_g1_i1.p1             0.27%    passed    100.00%
  48  JJ130|Cluster-31349.0__TRINITY_DN1351_c0_g1_i1.p1             0.27%    passed    100.00%
  49  DE504|Cluster-49463.0__TRINITY_DN985_c2_g1_i4.p1              4.52%    passed    100.00%
  50  DE509|Cluster-30214.0__TRINITY_DN46855_c0_g1_i1.p1            0.27%    passed    100.00%
  51  DE764|Cluster-21481.0__TRINITY_DN37970_c0_g1_i1.p1            0.27%    passed    100.00%
  52  DE476|Cluster-25503.0__TRINITY_DN85727_c0_g1_i1.p1            0.27%    passed    100.00%
  53  DE736|Cluster-7893.0__TRINITY_DN24895_c0_g1_i1.p1             0.27%    passed    100.00%
  54  DE531|Cluster-1647.0__TRINITY_DN8286_c0_g1_i1.p1              0.27%    passed    100.00%
  55  JJ36|Cluster-617.0__TRINITY_DN1925_c1_g2_i1.p1                0.27%    passed    100.00%
  56  DE696-nodots|Cluster-37174.0__TRINITY_DN110234_c0_g1_i1.p1   48.14%    passed     94.01%
  57  DE696-dots|Cluster-229.0__TRINITY_DN16439_c0_g1_i1.p1         0.27%    passed    100.00%
  58  DE541|Cluster-8666.0__TRINITY_DN10098_c0_g1_i1.p1             0.27%    passed    100.00%
  59  DE549|Cluster-19828.0__TRINITY_DN20458_c0_g1_i1.p1            0.53%    passed    100.00%
  60  DE671|Cluster-52781.0__TRINITY_DN26556_c0_g1_i2.p1           25.00%    passed    100.00%
  61  DE737|Cluster-17692.0__TRINITY_DN25707_c1_g1_i1.p1            0.27%    passed    100.00%
  62  DE643|Cluster-16720.0__TRINITY_DN5438_c0_g1_i1.p1             3.19%    passed    100.00%
  63  DE550|Cluster-49080.0__TRINITY_DN13121_c0_g1_i1.p1            0.27%    passed    100.00%
  64  DE162|Cluster-28966.0__TRINITY_DN7188_c0_g2_i3.p1             0.27%    passed    100.00%
  65  DE704-white|Cluster-30367.0__TRINITY_DN2821_c0_g1_i2.p1      41.76%    passed     99.79%
  66  DE623|Cluster-6349.0__TRINITY_DN32525_c0_g1_i2.p1            42.55%    passed     99.80%
  67  JJ23|Cluster-30098.0__TRINITY_DN7522_c0_g1_i1.p1             15.69%    passed     99.90%
WARNING: 1 sequences contain more than 50% gaps/ambiguity
****  TOTAL                                                         6.66%  0 sequences failed composition chi2 test (p-value<5%; df=60)
WARNING: States(s) CGT rarely appear in alignment and may cause numerical problems
Reading input tree file tmp.csubst.nwk ... rooted tree

NOTE: 53 MB RAM (0 GB) is required!
Measuring multi-threading efficiency up to 1 CPU cores
2 trees examined
Threads: 1 / Time: 2.866 sec / Speedup: 1.000 / Efficiency: 100% / LogL: -9540
BEST NUMBER OF THREADS: 1

Estimate model parameters (epsilon = 0.010)
1. Initial log-likelihood: -10010.013
2. Current log-likelihood: -6547.718
3. Current log-likelihood: -6534.973
4. Current log-likelihood: -6533.497
5. Current log-likelihood: -6532.094
6. Current log-likelihood: -6529.678
7. Current log-likelihood: -6529.544
8. Current log-likelihood: -6529.474
9. Current log-likelihood: -6528.714
10. Current log-likelihood: -6528.633
11. Current log-likelihood: -6528.589
12. Current log-likelihood: -6528.565
13. Current log-likelihood: -6528.553
Optimal log-likelihood: -6528.547
Nonsynonymous/synonymous ratio (omega): 1.000
Transition/transversion ratio (kappa): 1.000
Site proportion and rates:  (0.479,0.329) (0.297,0.780) (0.216,2.508) (0.007,9.457)
Parameters optimization took 13 rounds (115.315 sec)
Wrote distance file to... 
BEST SCORE FOUND : -6528.547
Ancestral state probabilities printed to /mnt/data0/yue/2026-03-11-protein-convergence/results/OG_10284/csubst_w_s/csubst_input_alignment.fa.state
Empirical proportions for each category: 0.559 0.223 0.213 0.005
Site rates printed to /mnt/data0/yue/2026-03-11-protein-convergence/results/OG_10284/csubst_w_s/csubst_input_alignment.fa.rate
Total tree length: 2.737

Total number of iterations: 0
CPU time used for tree search: 0.000 sec (0h:0m:0s)
Wall-clock time used for tree search: 0.000 sec (0h:0m:0s)
Total CPU time used: 119.627 sec (0h:1m:59s)
Total wall-clock time used: 119.761 sec (0h:1m:59s)

Analysis results written to: 
  IQ-TREE report:                /mnt/data0/yue/2026-03-11-protein-convergence/results/OG_10284/csubst_w_s/csubst_input_alignment.fa.iqtree
  Maximum-likelihood tree:       /mnt/data0/yue/2026-03-11-protein-convergence/results/OG_10284/csubst_w_s/csubst_input_alignment.fa.treefile
  Site-specific rates:           /mnt/data0/yue/2026-03-11-protein-convergence/results/OG_10284/csubst_w_s/csubst_input_alignment.fa.rate
  Ancestral state:               /mnt/data0/yue/2026-03-11-protein-convergence/results/OG_10284/csubst_w_s/csubst_input_alignment.fa.state
  Screen log file:               /mnt/data0/yue/2026-03-11-protein-convergence/results/OG_10284/csubst_w_s/csubst_input_alignment.fa.log

Date and Time: Thu Mar 26 20:38:38 2026
