IQ-TREE multicore version 2.4.0 for Linux x86 64-bit built Feb 12 2025
Developed by Bui Quang Minh, Nguyen Lam Tung, Olga Chernomor, Heiko Schmidt,
Dominik Schrempf, Michael Woodhams, Ly Trong Nhan, Thomas Wong

Host:    brain (AVX2, FMA3, 2015 GB RAM)
Command: /home/yue/miniconda3/envs/py39/bin/iqtree -s /mnt/data0/yue/2026-03-11-protein-convergence/results/OG_8909/csubst_w_s/csubst_input_alignment.fa -te tmp.csubst.nwk -m ECMK07+F+R4 --seqtype CODON1 --threads-max 1 -T AUTO --ancestral --rate --redo
Seed:    795785 (Using SPRNG - Scalable Parallel Random Number Generator)
Time:    Sat Mar 28 04:39:41 2026
Kernel:  AVX+FMA - auto-detect threads (128 CPU cores detected)

Reading alignment file /mnt/data0/yue/2026-03-11-protein-convergence/results/OG_8909/csubst_w_s/csubst_input_alignment.fa ... Fasta format detected
Reading fasta file: done in 0.00153336 secs using 91.24% CPU
Alignment most likely contains DNA/RNA sequences
Converting to codon sequences with genetic code 1 ...
WARNING: 1 sites contain only gaps or ambiguous characters.
Alignment has 68 sequences with 440 columns, 428 distinct patterns
238 parsimony-informative, 100 singleton sites, 102 constant sites
                                                              Gap/Ambiguity  Composition  p-value
Analyzing sequences: done in 7.10934e-05 secs using 99.87% CPU
   1  DE523|Cluster-25721.0__TRINITY_DN11999_c0_g1_i3.p1             27.05%    passed     99.89%
   2  DE189|Cluster-24451.0__TRINITY_DN20980_c0_g1_i4.p1             17.73%    passed    100.00%
   3  DE643|Cluster-72837.0__TRINITY_DN4486_c0_g1_i10.p1             25.91%    passed     99.96%
   4  JJ23|Cluster-44383.0__TRINITY_DN44803_c0_g1_i1.p1               2.95%    passed    100.00%
   5  DE668|Cluster-56169.4__TRINITY_DN3876_c0_g1_i3.p1              40.00%    passed     99.98%
   6  SRR104381|Cluster-30336.0__TRINITY_DN14752_c0_g1_i1.p1         10.00%    passed     99.49%
   7  SRR3407095|Cluster-39667.0__TRINITY_DN3941_c0_g1_i1.p1          0.23%    passed    100.00%
   8  DE69|Cluster-30327.0__TRINITY_DN9188_c0_g1_i1.p1                0.23%    passed    100.00%
   9  DE115|Cluster-61501.0__TRINITY_DN9856_c0_g1_i2.p1              19.09%    passed     99.91%
  10  JJ86|Cluster-47629.0__TRINITY_DN647_c0_g1_i1.p1                 0.23%    passed    100.00%
  11  DE162|Cluster-26123.0__TRINITY_DN1110_c0_g1_i1.p1              14.55%    passed    100.00%
  12  DE528|Cluster-36857.0__TRINITY_DN3590_c0_g1_i1.p1               0.23%    passed    100.00%
  13  DE704-purple|Cluster-14422.0__TRINITY_DN2844_c0_g1_i1.p1        0.23%    passed    100.00%
  14  DE704-white|Cluster-12309.0__TRINITY_DN179_c1_g1_i1.p1          0.23%    passed    100.00%
  15  DE575|Cluster-447.0__TRINITY_DN40_c0_g1_i1.p1                   0.23%    passed    100.00%
  16  DE765|Cluster-19715.0__TRINITY_DN3670_c0_g1_i2.p1               0.23%    passed    100.00%
  17  DE126|Cluster-20737.0__TRINITY_DN269_c0_g3_i1.p1                0.23%    passed    100.00%
  18  DE127|Cluster-9667.0__TRINITY_DN1603_c0_g1_i1.p1                0.23%    passed    100.00%
  19  DE623|Cluster-4067.1__TRINITY_DN457_c1_g1_i2.p1                48.18%    passed     99.97%
  20  DE737|Cluster-43431.0__TRINITY_DN10278_c1_g1_i16.p1            48.18%    passed     99.73%
  21  JJ109|Cluster-37812.0__TRINITY_DN6470_c0_g1_i3.p1              48.18%    passed     98.49%
  22  DE554|Cluster-20155.0__TRINITY_DN2097_c0_g2_i1.p1               0.23%    passed    100.00%
  23  DE546_urceolata_l|Cluster-7899.0__TRINITY_DN1053_c0_g1_i1.p1    0.23%    passed    100.00%
  24  DE680|Cluster-12863.0__TRINITY_DN956_c0_g2_i1.p1                0.23%    passed    100.00%
  25  DE563|Cluster-24841.0__TRINITY_DN458_c0_g1_i1.p1                0.23%    passed    100.00%
  26  DE151|Cluster-37443.0__TRINITY_DN4491_c0_g1_i1.p1               0.23%    passed    100.00%
  27  DE736|Cluster-60773.4__TRINITY_DN404_c0_g1_i15.p1              29.32%    passed    100.00%
  28  DE531|Cluster-35617.0__TRINITY_DN2601_c0_g4_i1.p1               0.23%    passed    100.00%
  29  DE88|Cluster-41112.0__TRINITY_DN7910_c0_g1_i14.p1              29.32%    passed    100.00%
  30  JJ89|Cluster-30955.11__TRINITY_DN4990_c0_g1_i5.p1               0.23%    passed    100.00%
  31  JJ130|Cluster-15000.0__TRINITY_DN4867_c0_g1_i1.p1               0.23%    passed    100.00%
  32  DE672|Cluster-54480.2__TRINITY_DN3843_c0_g1_i3.p1               0.23%    passed    100.00%
  33  DE536|Cluster-8440.0__TRINITY_DN3634_c0_g1_i1.p1                0.45%    passed    100.00%
  34  DE541|Cluster-11653.2__TRINITY_DN1449_c1_g1_i9.p1               0.23%    passed    100.00%
  35  JJ85|Cluster-25471.0__TRINITY_DN50731_c0_g1_i1.p1               0.23%    passed    100.00%
  36  SRR3407096|Cluster-34305.0__TRINITY_DN5569_c0_g1_i1.p1          0.23%    passed    100.00%
  37  DE509|Cluster-42278.0__TRINITY_DN5088_c0_g1_i1.p1               0.23%    passed    100.00%
  38  DE764|Cluster-2814.0__TRINITY_DN7233_c0_g1_i1.p1                0.23%    passed    100.00%
  39  DE181|Cluster-38094.0__TRINITY_DN14418_c0_g1_i1.p1             57.73%    passed     99.72%
  40  SRR3407086|Cluster-21899.0__TRINITY_DN107_c1_g1_i1.p1           1.36%    passed    100.00%
  41  JJ74|Cluster-122549.0__TRINITY_DN190989_c0_g1_i1.p1             0.23%    passed    100.00%
  42  DE741|Cluster-6194.0__TRINITY_DN112329_c0_g1_i1.p1              0.23%    passed    100.00%
  43  DE560|Cluster-14208.0__TRINITY_DN106_c0_g1_i1.p1                0.45%    passed    100.00%
  44  DE503|Cluster-52190.0__TRINITY_DN23834_c0_g1_i1.p1              0.23%    passed    100.00%
  45  DE505|Cluster-50521.0__TRINITY_DN11741_c0_g1_i1.p1              0.23%    passed    100.00%
  46  DE510|Cluster-6269.0__TRINITY_DN47951_c0_g1_i1.p1               0.23%    passed    100.00%
  47  SRR3407087|Cluster-13066.0__TRINITY_DN11199_c0_g1_i1.p1         0.23%    passed    100.00%
  48  SRR3407094|Cluster-39745.0__TRINITY_DN44646_c0_g1_i1.p1         0.23%    passed    100.00%
  49  SRR3407092|Cluster-6364.0__TRINITY_DN31265_c0_g1_i1.p1          0.23%    passed    100.00%
  50  DE666|Cluster-12573.0__TRINITY_DN437_c0_g1_i1.p1                0.23%    passed    100.00%
  51  DRR082660|Cluster-45469.0__TRINITY_DN36789_c0_g1_i1.p1          0.23%    passed    100.00%
  52  DE216|Cluster-9763.0__TRINITY_DN4632_c0_g1_i1.p1                0.23%    passed    100.00%
  53  DE534|Cluster-10330.0__TRINITY_DN4359_c0_g1_i1.p1               0.23%    passed    100.00%
  54  DE542|Cluster-16625.0__TRINITY_DN15788_c0_g1_i1.p1              0.23%    passed    100.00%
  55  JJ15|Cluster-77074.0__TRINITY_DN107235_c0_g1_i1.p1              0.23%    passed    100.00%
  56  DE561|Cluster-35668.0__TRINITY_DN60274_c0_g1_i1.p1              0.23%    passed    100.00%
  57  SRR3407088|Cluster-36886.0__TRINITY_DN2976_c0_g1_i1.p1          0.23%    passed    100.00%
  58  SRR3424066|Cluster-16910.0__TRINITY_DN9798_c0_g1_i2.p1         33.18%    passed     99.72%
  59  SRR3407093|Cluster-12385.0__TRINITY_DN5134_c0_g1_i1.p1          0.23%    passed    100.00%
  60  JJ99|Cluster-16818.0__TRINITY_DN46865_c0_g1_i1.p1               0.23%    passed    100.00%
  61  DE229|Cluster-14411.0__TRINITY_DN779_c0_g3_i1.p1                0.23%    passed    100.00%
  62  JJ125|Cluster-38187.0__TRINITY_DN41854_c0_g1_i1.p1              2.27%    passed    100.00%
  63  DE566|Cluster-33578.1__TRINITY_DN11498_c0_g1_i2.p1              0.23%    passed    100.00%
  64  JJ36|Cluster-13698.2__TRINITY_DN3230_c0_g1_i11.p1              58.86%    passed     67.77%
  65  JJ131|Cluster-62148.1__TRINITY_DN7357_c0_g1_i3.p1               0.23%    passed    100.00%
  66  DE504|Cluster-37446.7__TRINITY_DN10556_c0_g1_i6.p1             25.00%    passed     99.57%
  67  SRR5150740|Cluster-34060.0__TRINITY_DN12095_c0_g3_i1.p1         2.27%    passed    100.00%
  68  DRR234970|Cluster-26730.0__TRINITY_DN15003_c0_g1_i1.p1          0.45%    passed    100.00%
WARNING: 2 sequences contain more than 50% gaps/ambiguity
****  TOTAL                                                           8.13%  0 sequences failed composition chi2 test (p-value<5%; df=60)
Reading input tree file tmp.csubst.nwk ... rooted tree

NOTE: 62 MB RAM (0 GB) is required!
Measuring multi-threading efficiency up to 1 CPU cores
2 trees examined
Threads: 1 / Time: 3.145 sec / Speedup: 1.000 / Efficiency: 100% / LogL: -12699
BEST NUMBER OF THREADS: 1

Estimate model parameters (epsilon = 0.010)
1. Initial log-likelihood: -13206.509
2. Current log-likelihood: -8928.906
3. Current log-likelihood: -8918.788
4. Current log-likelihood: -8918.734
5. Current log-likelihood: -8918.704
6. Current log-likelihood: -8918.685
7. Current log-likelihood: -8918.673
Optimal log-likelihood: -8918.665
Nonsynonymous/synonymous ratio (omega): 1.000
Transition/transversion ratio (kappa): 1.000
Site proportion and rates:  (0.554,0.386) (0.284,1.285) (0.129,2.046) (0.033,4.787)
Parameters optimization took 7 rounds (74.441 sec)
Wrote distance file to... 
BEST SCORE FOUND : -8918.665
Ancestral state probabilities printed to /mnt/data0/yue/2026-03-11-protein-convergence/results/OG_8909/csubst_w_s/csubst_input_alignment.fa.state
Empirical proportions for each category: 0.627 0.264 0.080 0.030
Site rates printed to /mnt/data0/yue/2026-03-11-protein-convergence/results/OG_8909/csubst_w_s/csubst_input_alignment.fa.rate
Total tree length: 3.105

Total number of iterations: 0
CPU time used for tree search: 0.000 sec (0h:0m:0s)
Wall-clock time used for tree search: 0.000 sec (0h:0m:0s)
Total CPU time used: 79.472 sec (0h:1m:19s)
Total wall-clock time used: 79.643 sec (0h:1m:19s)

Analysis results written to: 
  IQ-TREE report:                /mnt/data0/yue/2026-03-11-protein-convergence/results/OG_8909/csubst_w_s/csubst_input_alignment.fa.iqtree
  Maximum-likelihood tree:       /mnt/data0/yue/2026-03-11-protein-convergence/results/OG_8909/csubst_w_s/csubst_input_alignment.fa.treefile
  Site-specific rates:           /mnt/data0/yue/2026-03-11-protein-convergence/results/OG_8909/csubst_w_s/csubst_input_alignment.fa.rate
  Ancestral state:               /mnt/data0/yue/2026-03-11-protein-convergence/results/OG_8909/csubst_w_s/csubst_input_alignment.fa.state
  Screen log file:               /mnt/data0/yue/2026-03-11-protein-convergence/results/OG_8909/csubst_w_s/csubst_input_alignment.fa.log

Date and Time: Sat Mar 28 04:41:01 2026
