IQ-TREE multicore version 2.4.0 for Linux x86 64-bit built Feb 12 2025
Developed by Bui Quang Minh, Nguyen Lam Tung, Olga Chernomor, Heiko Schmidt,
Dominik Schrempf, Michael Woodhams, Ly Trong Nhan, Thomas Wong

Host:    brain (AVX2, FMA3, 2015 GB RAM)
Command: /home/yue/miniconda3/envs/py39/bin/iqtree -s /mnt/data0/yue/2026-03-11-protein-convergence/results/OG_4028/csubst_w_s/csubst_input_alignment.fa -te tmp.csubst.nwk -m ECMK07+F+R4 --seqtype CODON1 --threads-max 1 -T AUTO --ancestral --rate --redo
Seed:    639476 (Using SPRNG - Scalable Parallel Random Number Generator)
Time:    Fri Mar 27 12:02:47 2026
Kernel:  AVX+FMA - auto-detect threads (128 CPU cores detected)

Reading alignment file /mnt/data0/yue/2026-03-11-protein-convergence/results/OG_4028/csubst_w_s/csubst_input_alignment.fa ... Fasta format detected
Reading fasta file: done in 0.00492959 secs using 93.42% CPU
Alignment most likely contains DNA/RNA sequences
Converting to codon sequences with genetic code 1 ...
WARNING: 1 sites contain only gaps or ambiguous characters.
Alignment has 80 sequences with 1279 columns, 1152 distinct patterns
597 parsimony-informative, 337 singleton sites, 344 constant sites
                                                              Gap/Ambiguity  Composition  p-value
Analyzing sequences: done in 0.000225946 secs using 99.58% CPU
   1  DE126|Cluster-40636.1__TRINITY_DN8386_c0_g1_i17.p1              1.02%    passed    100.00%
   2  DE563|Cluster-18972.0__TRINITY_DN8002_c0_g1_i1.p1               0.70%    passed    100.00%
   3  JJ23|Cluster-5193.0__TRINITY_DN388_c1_g1_i2.p1                  0.70%    passed    100.00%
   4  DRR082660|Cluster-3461.0__TRINITY_DN3647_c2_g2_i1.p1           12.28%    passed    100.00%
   5  JJ85|Cluster-34704.0__TRINITY_DN3873_c0_g2_i4.p1               12.35%    passed    100.00%
   6  DE181|Cluster-33597.0__TRINITY_DN4843_c0_g2_i1.p1               0.08%    passed    100.00%
   7  DE542|Cluster-51785.0__TRINITY_DN116_c0_g3_i1.p1                0.16%    passed    100.00%
   8  JJ15|Cluster-42151.1__TRINITY_DN4605_c0_g1_i2.p1                6.41%    passed    100.00%
   9  DRR234970|Cluster-19451.0__TRINITY_DN8016_c0_g1_i1.p1          30.41%    passed     98.12%
  10  DE162|Cluster-22245.0__TRINITY_DN5605_c0_g1_i2.p1               0.23%    passed    100.00%
  11  DE507|Cluster-14115.0__TRINITY_DN3406_c0_g2_i2.p1               0.23%    passed    100.00%
  12  DE528|Cluster-13216.0__TRINITY_DN3589_c0_g3_i1.p1               0.23%    passed    100.00%
  13  DE704-purple|Cluster-41295.0__TRINITY_DN10844_c0_g2_i1.p1       0.23%    passed    100.00%
  14  DE704-white|Cluster-33568.2__TRINITY_DN3498_c0_g1_i28.p1        0.23%    passed    100.00%
  15  DE623|Cluster-30273.0__TRINITY_DN13996_c0_g3_i1.p1              1.41%    passed    100.00%
  16  DE680|Cluster-1110.0__TRINITY_DN2267_c0_g2_i1.p1                1.25%    passed    100.00%
  17  JJ74|Cluster-19085.0__TRINITY_DN1455_c0_g3_i1.p1               12.28%    passed    100.00%
  18  DE115|Cluster-40526.0__TRINITY_DN2346_c0_g3_i3.p1              33.23%    passed    100.00%
  19  DE127|Cluster-8344.271__TRINITY_DN7280_c0_g1_i3.p1              0.63%    passed    100.00%
  20  DE554|Cluster-53870.0__TRINITY_DN1044_c0_g1_i17.p1              0.63%    passed    100.00%
  21  DE575|Cluster-67198.0__TRINITY_DN26091_c0_g2_i3.p1             29.09%    passed    100.00%
  22  DE765|Cluster-50085.0__TRINITY_DN10419_c0_g1_i17.p1             0.63%    passed    100.00%
  23  DE681|Cluster-56932.2__TRINITY_DN5959_c0_g1_i7.p1               0.63%    passed    100.00%
  24  DE666|Cluster-25292.1__TRINITY_DN2536_c0_g1_i5.p1               6.65%    passed    100.00%
  25  DE546_urceolata_l|Cluster-7578.0__TRINITY_DN2513_c0_g2_i2.p1    1.49%    passed    100.00%
  26  JJ86|Cluster-50598.1__TRINITY_DN360_c0_g1_i2.p1                 0.63%    passed    100.00%
  27  DE152|Cluster-30236.0__TRINITY_DN3829_c1_g1_i1.p1              17.28%    passed    100.00%
  28  JJ99|Cluster-26737.0__TRINITY_DN152_c0_g3_i1.p1                12.51%    passed    100.00%
  29  DE229|Cluster-86017.0__TRINITY_DN95_c0_g2_i1.p1                12.98%    passed    100.00%
  30  DE151|Cluster-31529.0__TRINITY_DN8541_c0_g4_i1.p1               0.08%    passed    100.00%
  31  DE173|Cluster-26476.0__TRINITY_DN9339_c0_g3_i1.p1               0.08%    passed    100.00%
  32  JJ109|Cluster-2515.53__TRINITY_DN4658_c0_g2_i1.p1               0.08%    passed    100.00%
  33  DE189|Cluster-24055.0__TRINITY_DN24703_c0_g2_i3.p1              0.08%    passed    100.00%
  34  JJ130|Cluster-3399.0__TRINITY_DN752_c0_g3_i1.p1                 5.39%    passed    100.00%
  35  DE476|Cluster-16739.1__TRINITY_DN9307_c0_g2_i1.p1               0.23%    passed    100.00%
  36  DE531|Cluster-30738.0__TRINITY_DN1990_c0_g2_i1.p1              12.43%    passed    100.00%
  37  DE696-dots|Cluster-50107.0__TRINITY_DN4725_c0_g1_i1.p1         12.43%    passed    100.00%
  38  DE696-nodots|Cluster-2000.0__TRINITY_DN6229_c2_g1_i1.p1        17.36%    passed    100.00%
  39  JJ36|Cluster-29341.0__TRINITY_DN6889_c0_g1_i1.p1               12.43%    passed    100.00%
  40  JJ89|Cluster-33626.0__TRINITY_DN19527_c0_g1_i2.p1               0.08%    passed    100.00%
  41  DE550|Cluster-23472.0__TRINITY_DN5964_c0_g2_i3.p1               0.23%    passed    100.00%
  42  DE549|Cluster-17500.0__TRINITY_DN13727_c0_g2_i2.p1              0.08%    passed    100.00%
  43  DE88|Cluster-25622.0__TRINITY_DN21162_c0_g2_i2.p1               0.08%    passed    100.00%
  44  DE509|Cluster-16148.0__TRINITY_DN5691_c0_g3_i1.p1               0.08%    passed    100.00%
  45  DE736|Cluster-21465.2__TRINITY_DN548_c0_g3_i1.p1                0.08%    passed    100.00%
  46  DE764|Cluster-29827.3__TRINITY_DN3252_c0_g1_i19.p1              0.08%    passed    100.00%
  47  DE541|Cluster-53957.0__TRINITY_DN7896_c0_g2_i4.p1               0.08%    passed    100.00%
  48  DE737|Cluster-21937.1__TRINITY_DN6463_c0_g1_i11.p1              0.08%    passed    100.00%
  49  DE504|Cluster-21200.0__TRINITY_DN4493_c0_g1_i2.p1               0.47%    passed    100.00%
  50  DE164|Cluster-50164.0__TRINITY_DN2868_c0_g2_i2.p1               0.08%    passed    100.00%
  51  DE643|Cluster-63691.0__TRINITY_DN12757_c0_g2_i1.p1             12.28%    passed    100.00%
  52  DE671|Cluster-3394.0__TRINITY_DN1710_c0_g2_i1.p1                0.08%    passed    100.00%
  53  DE672|Cluster-20288.0__TRINITY_DN58260_c0_g1_i1.p1              0.08%    passed    100.00%
  54  DE519|Cluster-25291.0__TRINITY_DN2302_c0_g3_i1.p1               0.16%    passed    100.00%
  55  DE741|Cluster-33734.0__TRINITY_DN61_c0_g2_i1.p1                 0.16%    passed    100.00%
  56  JJ125|Cluster-13644.0__TRINITY_DN1010_c5_g1_i2.p1               0.16%    passed    100.00%
  57  DE560|Cluster-26427.0__TRINITY_DN5333_c0_g1_i1.p1               0.16%    passed    100.00%
  58  SRR3407095|Cluster-37921.0__TRINITY_DN8345_c0_g1_i2.p1          0.08%    passed    100.00%
  59  DE69|Cluster-43355.1__TRINITY_DN9920_c0_g1_i3.p1               20.88%    passed    100.00%
  60  DE523|Cluster-38567.2__TRINITY_DN9402_c0_g1_i4.p1               0.08%    passed    100.00%
  61  SRR3407096|Cluster-26636.1__TRINITY_DN11931_c0_g1_i3.p1         0.08%    passed    100.00%
  62  SRR3407086|Cluster-29638.0__TRINITY_DN424_c1_g1_i1.p1           0.08%    passed    100.00%
  63  SRR3407094|Cluster-28892.0__TRINITY_DN7761_c0_g1_i4.p1         17.28%    passed    100.00%
  64  SRR3407093|Cluster-3054.0__TRINITY_DN11700_c0_g2_i1.p1         12.35%    passed    100.00%
  65  SRR3407092|Cluster-35998.0__TRINITY_DN13554_c0_g1_i1.p1         0.16%    passed    100.00%
  66  DE503|Cluster-51145.0__TRINITY_DN7442_c0_g1_i2.p1               0.16%    passed    100.00%
  67  DE505|Cluster-43281.0__TRINITY_DN17987_c0_g1_i5.p1              0.16%    passed    100.00%
  68  DE510|Cluster-47445.1__TRINITY_DN5186_c2_g1_i2.p1               0.16%    passed    100.00%
  69  SRR3407087|Cluster-11378.2__TRINITY_DN12888_c0_g1_i7.p1        17.28%    passed    100.00%
  70  DE561|Cluster-6867.0__TRINITY_DN492_c0_g1_i1.p1                 0.08%    passed    100.00%
  71  SRR3407088|Cluster-13467.0__TRINITY_DN14869_c1_g1_i1.p1         2.35%    passed    100.00%
  72  SRR3424066|Cluster-39100.0__TRINITY_DN30384_c0_g1_i1.p1        17.20%    passed    100.00%
  73  DE536|Cluster-36392.0__TRINITY_DN1737_c0_g1_i3.p1               0.08%    passed    100.00%
  74  DE216|Cluster-77621.0__TRINITY_DN23_c0_g4_i3.p1                 0.08%    passed    100.00%
  75  DE534|Cluster-46380.1__TRINITY_DN4900_c0_g1_i12.p1              0.08%    passed    100.00%
  76  DE668|Cluster-33708.3__TRINITY_DN6704_c0_g2_i8.p1              24.32%    passed    100.00%
  77  DE566|Cluster-49267.1__TRINITY_DN720_c0_g1_i2.p1                0.23%    passed    100.00%
  78  JJ131|Cluster-30081.0__TRINITY_DN7596_c0_g1_i1.p1              13.68%    passed    100.00%
  79  SRR5150740|Cluster-60087.0__TRINITY_DN9777_c0_g1_i6.p1         35.03%    passed     92.37%
  80  SRR11748982|Cluster-31388.0__TRINITY_DN5284_c0_g1_i7.p1        17.59%    passed     44.23%
****  TOTAL                                                           5.64%  0 sequences failed composition chi2 test (p-value<5%; df=60)
Reading input tree file tmp.csubst.nwk ... rooted tree

NOTE: 181 MB RAM (0 GB) is required!
Measuring multi-threading efficiency up to 1 CPU cores
2 trees examined
Threads: 1 / Time: 9.862 sec / Speedup: 1.000 / Efficiency: 100% / LogL: -37334
BEST NUMBER OF THREADS: 1

Estimate model parameters (epsilon = 0.010)
1. Initial log-likelihood: -41275.660
2. Current log-likelihood: -22612.913
3. Current log-likelihood: -22611.558
4. Current log-likelihood: -22610.825
5. Current log-likelihood: -22610.432
6. Current log-likelihood: -22586.120
7. Current log-likelihood: -22585.955
8. Current log-likelihood: -22585.851
9. Current log-likelihood: -22585.785
10. Current log-likelihood: -22585.743
11. Current log-likelihood: -22585.713
12. Current log-likelihood: -22585.689
13. Current log-likelihood: -22585.670
14. Current log-likelihood: -22585.654
15. Current log-likelihood: -22585.638
16. Current log-likelihood: -22585.624
17. Current log-likelihood: -22585.610
18. Current log-likelihood: -22585.596
19. Current log-likelihood: -22585.582
20. Current log-likelihood: -22585.569
21. Current log-likelihood: -22585.556
22. Current log-likelihood: -22585.544
23. Current log-likelihood: -22585.532
24. Current log-likelihood: -22585.521
25. Current log-likelihood: -22573.090
26. Current log-likelihood: -22572.982
27. Current log-likelihood: -22572.917
28. Current log-likelihood: -22572.875
29. Current log-likelihood: -22572.846
30. Current log-likelihood: -22572.824
31. Current log-likelihood: -22572.807
32. Current log-likelihood: -22572.793
33. Current log-likelihood: -22572.780
34. Current log-likelihood: -22572.767
35. Current log-likelihood: -22572.755
36. Current log-likelihood: -22572.745
37. Current log-likelihood: -22572.735
38. Current log-likelihood: -22572.725
Optimal log-likelihood: -22572.716
Nonsynonymous/synonymous ratio (omega): 1.000
Transition/transversion ratio (kappa): 1.000
Site proportion and rates:  (0.504,0.339) (0.308,1.038) (0.172,2.362) (0.016,6.320)
Parameters optimization took 38 rounds (1216.283 sec)
Wrote distance file to... 
BEST SCORE FOUND : -22572.716
Ancestral state probabilities printed to /mnt/data0/yue/2026-03-11-protein-convergence/results/OG_4028/csubst_w_s/csubst_input_alignment.fa.state
Empirical proportions for each category: 0.576 0.273 0.139 0.012
Site rates printed to /mnt/data0/yue/2026-03-11-protein-convergence/results/OG_4028/csubst_w_s/csubst_input_alignment.fa.rate
Total tree length: 2.574

Total number of iterations: 0
CPU time used for tree search: 0.000 sec (0h:0m:0s)
Wall-clock time used for tree search: 0.000 sec (0h:0m:0s)
Total CPU time used: 1227.296 sec (0h:20m:27s)
Total wall-clock time used: 1232.960 sec (0h:20m:32s)

Analysis results written to: 
  IQ-TREE report:                /mnt/data0/yue/2026-03-11-protein-convergence/results/OG_4028/csubst_w_s/csubst_input_alignment.fa.iqtree
  Maximum-likelihood tree:       /mnt/data0/yue/2026-03-11-protein-convergence/results/OG_4028/csubst_w_s/csubst_input_alignment.fa.treefile
  Site-specific rates:           /mnt/data0/yue/2026-03-11-protein-convergence/results/OG_4028/csubst_w_s/csubst_input_alignment.fa.rate
  Ancestral state:               /mnt/data0/yue/2026-03-11-protein-convergence/results/OG_4028/csubst_w_s/csubst_input_alignment.fa.state
  Screen log file:               /mnt/data0/yue/2026-03-11-protein-convergence/results/OG_4028/csubst_w_s/csubst_input_alignment.fa.log

Date and Time: Fri Mar 27 12:23:20 2026
