IQ-TREE multicore version 2.4.0 for Linux x86 64-bit built Feb 12 2025
Developed by Bui Quang Minh, Nguyen Lam Tung, Olga Chernomor, Heiko Schmidt,
Dominik Schrempf, Michael Woodhams, Ly Trong Nhan, Thomas Wong

Host:    brain (AVX2, FMA3, 2015 GB RAM)
Command: /home/yue/miniconda3/envs/py39/bin/iqtree -s /mnt/data0/yue/2026-03-11-protein-convergence/results/OG_3863/csubst_w_s/csubst_input_alignment.fa -te tmp.csubst.nwk -m ECMK07+F+R4 --seqtype CODON1 --threads-max 1 -T AUTO --ancestral --rate --redo
Seed:    937491 (Using SPRNG - Scalable Parallel Random Number Generator)
Time:    Fri Mar 27 11:19:55 2026
Kernel:  AVX+FMA - auto-detect threads (128 CPU cores detected)

Reading alignment file /mnt/data0/yue/2026-03-11-protein-convergence/results/OG_3863/csubst_w_s/csubst_input_alignment.fa ... Fasta format detected
Reading fasta file: done in 0.00684181 secs using 77.79% CPU
Alignment most likely contains DNA/RNA sequences
Converting to codon sequences with genetic code 1 ...
WARNING: 1 sites contain only gaps or ambiguous characters.
Alignment has 79 sequences with 794 columns, 746 distinct patterns
304 parsimony-informative, 237 singleton sites, 253 constant sites
                                                               Gap/Ambiguity  Composition  p-value
Analyzing sequences: done in 0.000314936 secs using 99.39% CPU
   1  DE528|Cluster-60952.0__TRINITY_DN6367_c0_g1_i3.p1               43.45%    passed    100.00%
   2  DE510|Cluster-25118.0__TRINITY_DN4361_c0_g1_i1.p1               32.12%    passed    100.00%
   3  SRR3407093|Cluster-38190.0__TRINITY_DN9138_c0_g1_i2.p1          22.17%    passed    100.00%
   4  SRR3407087|Cluster-39238.0__TRINITY_DN8065_c0_g1_i4.p1          12.22%    passed    100.00%
   5  DE546_urceolata_l|Cluster-31671.0__TRINITY_DN6673_c0_g1_i1.p1   22.04%    passed    100.00%
   6  DE681|Cluster-32897.0__TRINITY_DN5602_c0_g1_i12.p1              43.95%    passed    100.00%
   7  DE503|Cluster-29406.0__TRINITY_DN3570_c0_g1_i8.p1               43.95%    passed    100.00%
   8  DE575|Cluster-24611.0__TRINITY_DN12809_c0_g1_i4.p1              48.99%    passed    100.00%
   9  SRR5150740|Cluster-45287.0__TRINITY_DN2318_c1_g1_i6.p1          30.86%    passed     99.77%
  10  DE152|Cluster-22185.194__TRINITY_DN2793_c1_g1_i4.p1             14.11%    passed    100.00%
  11  DE126|Cluster-41270.0__TRINITY_DN19428_c0_g1_i12.p1             40.43%    passed    100.00%
  12  DE505|Cluster-53818.0__TRINITY_DN4380_c0_g1_i13.p1              32.12%    passed    100.00%
  13  DE643|Cluster-81639.0__TRINITY_DN11146_c0_g1_i42.p1             53.27%    passed     99.80%
  14  DE666|Cluster-45356.0__TRINITY_DN8929_c0_g1_i8.p1               32.75%    passed    100.00%
  15  JJ130|Cluster-52999.0__TRINITY_DN7904_c0_g1_i8.p1               36.40%    passed    100.00%
  16  DE88|Cluster-19215.0__TRINITY_DN4548_c0_g1_i3.p1                22.17%    passed    100.00%
  17  DE164|Cluster-41063.0__TRINITY_DN2950_c0_g1_i10.p1              22.17%    passed    100.00%
  18  DE509|Cluster-44570.0__TRINITY_DN16087_c0_g1_i76.p1             36.40%    passed    100.00%
  19  DE550|Cluster-38553.0__TRINITY_DN4871_c0_g1_i6.p1               22.17%    passed    100.00%
  20  DE216|Cluster-77224.1__TRINITY_DN3091_c1_g1_i27.p1              11.71%    passed    100.00%
  21  JJ15|Cluster-52909.44__TRINITY_DN4402_c0_g1_i23.p1              17.00%    passed    100.00%
  22  DE542|Cluster-45834.0__TRINITY_DN3358_c0_g2_i5.p1               17.00%    passed    100.00%
  23  DE704-purple|Cluster-60058.1__TRINITY_DN32883_c0_g1_i4.p1        8.31%    passed    100.00%
  24  DE704-white|Cluster-59358.0__TRINITY_DN7008_c0_g1_i10.p1         6.80%    passed    100.00%
  25  DE519|Cluster-70537.0__TRINITY_DN10305_c0_g1_i29.p1             53.27%    passed     99.07%
  26  DRR082660|Cluster-35892.6__TRINITY_DN2161_c0_g1_i39.p1          19.77%    passed    100.00%
  27  JJ125|Cluster-35898.0__TRINITY_DN6871_c0_g1_i12.p1              32.12%    passed    100.00%
  28  DE115|Cluster-49452.0__TRINITY_DN5992_c0_g1_i92.p1               8.31%    passed    100.00%
  29  SRR3407088|Cluster-36655.0__TRINITY_DN3534_c0_g1_i5.p1           0.13%    passed    100.00%
  30  DE162|Cluster-51292.0__TRINITY_DN3972_c0_g1_i50.p1              32.75%    passed    100.00%
  31  DE181|Cluster-51885.0__TRINITY_DN4148_c0_g1_i5.p1               32.75%    passed    100.00%
  32  SRR3407095|Cluster-46322.0__TRINITY_DN12190_c0_g1_i4.p1         21.91%    passed    100.00%
  33  SRR3407096|Cluster-31406.0__TRINITY_DN3627_c0_g1_i2.p1          21.91%    passed    100.00%
  34  DE561|Cluster-48827.0__TRINITY_DN3322_c0_g1_i5.p1               32.75%    passed    100.00%
  35  DE504|Cluster-45376.0__TRINITY_DN1778_c0_g1_i5.p1               32.75%    passed    100.00%
  36  DE549|Cluster-21722.0__TRINITY_DN12090_c0_g1_i18.p1             32.75%    passed    100.00%
  37  DE672|Cluster-42496.0__TRINITY_DN3933_c0_g1_i7.p1               21.91%    passed    100.00%
  38  DE736|Cluster-41792.0__TRINITY_DN7405_c0_g1_i17.p1              32.75%    passed    100.00%
  39  DE531|Cluster-51894.0__TRINITY_DN4187_c0_g1_i32.p1              37.78%    passed     99.67%
  40  DE696-nodots|Cluster-57457.0__TRINITY_DN3157_c0_g1_i4.p1        32.75%    passed     99.99%
  41  SRR3407094|Cluster-33135.0__TRINITY_DN12630_c0_g1_i1.p1         21.91%    passed    100.00%
  42  DE229|Cluster-91913.0__TRINITY_DN6339_c0_g1_i15.p1              32.75%    passed    100.00%
  43  JJ23|Cluster-44980.0__TRINITY_DN53_c0_g1_i15.p1                 37.78%    passed     99.99%
  44  JJ74|Cluster-122460.0__TRINITY_DN6276_c1_g1_i4.p1               41.94%    passed     99.88%
  45  DE541|Cluster-26984.2__TRINITY_DN4833_c0_g1_i11.p1              32.75%    passed    100.00%
  46  JJ85|Cluster-37520.0__TRINITY_DN4277_c0_g1_i50.p1               40.68%    passed     99.81%
  47  DE741|Cluster-44709.0__TRINITY_DN2297_c0_g1_i2.p1               37.78%    passed    100.00%
  48  DE189|Cluster-43030.0__TRINITY_DN7164_c1_g1_i2.p1               64.74%    passed    100.00%
  49  JJ109|Cluster-40458.1__TRINITY_DN1349_c0_g1_i6.p1               32.75%    passed    100.00%
  50  DE536|Cluster-33324.0__TRINITY_DN2332_c0_g1_i32.p1              76.57%    passed     93.91%
  51  SRR104381|Cluster-17136.0__TRINITY_DN8104_c1_g1_i3.p1           16.88%    passed    100.00%
  52  DE127|Cluster-46847.0__TRINITY_DN9199_c0_g1_i2.p1               22.04%    passed    100.00%
  53  DE668|Cluster-44335.0__TRINITY_DN6637_c0_g1_i3.p1               21.91%    passed    100.00%
  54  DE680|Cluster-24364.0__TRINITY_DN6303_c0_g1_i5.p1               21.91%    passed    100.00%
  55  DE560|Cluster-44334.0__TRINITY_DN4887_c0_g1_i4.p1               36.78%    passed    100.00%
  56  DE507|Cluster-86710.0__TRINITY_DN6370_c0_g1_i17.p1              32.12%    passed    100.00%
  57  JJ86|Cluster-50780.0__TRINITY_DN8656_c0_g1_i12.p1               32.49%    passed    100.00%
  58  SRR3407086|Cluster-34639.0__TRINITY_DN9600_c0_g1_i1.p1           0.13%    passed    100.00%
  59  JJ99|Cluster-50402.0__TRINITY_DN2333_c1_g1_i66.p1               32.87%    passed    100.00%
  60  DE764|Cluster-47665.0__TRINITY_DN4865_c0_g1_i3.p1               17.00%    passed    100.00%
  61  DE765|Cluster-47373.0__TRINITY_DN7242_c0_g1_i5.p1               22.17%    passed    100.00%
  62  DE623|Cluster-57708.0__TRINITY_DN8080_c0_g1_i2.p1               22.17%    passed    100.00%
  63  DE69|Cluster-55143.0__TRINITY_DN7109_c0_g1_i29.p1               22.17%    passed    100.00%
  64  JJ131|Cluster-55587.0__TRINITY_DN3232_c0_g1_i31.p1              17.00%    passed    100.00%
  65  DE554|Cluster-60274.0__TRINITY_DN6644_c0_g1_i3.p1               18.01%    passed    100.00%
  66  SRR3424066|Cluster-31607.0__TRINITY_DN11225_c0_g1_i1.p1         22.17%    passed    100.00%
  67  SRR3407092|Cluster-8478.0__TRINITY_DN13663_c0_g1_i1.p1           0.13%    passed    100.00%
  68  DE737|Cluster-52506.2__TRINITY_DN3034_c1_g1_i4.p1               22.17%    passed    100.00%
  69  JJ36|Cluster-40005.0__TRINITY_DN2531_c0_g1_i15.p1               32.12%    passed    100.00%
  70  DE696-dots|Cluster-46685.0__TRINITY_DN5834_c0_g1_i16.p1         22.17%    passed    100.00%
  71  DE151|Cluster-47510.0__TRINITY_DN1125_c0_g1_i5.p1               17.00%    passed    100.00%
  72  DE173|Cluster-42807.0__TRINITY_DN1088_c0_g1_i2.p1               17.00%    passed    100.00%
  73  DE671|Cluster-49029.0__TRINITY_DN23206_c0_g1_i16.p1             22.17%    passed    100.00%
  74  DE476|Cluster-35659.0__TRINITY_DN922_c0_g1_i4.p1                30.86%    passed    100.00%
  75  JJ89|Cluster-40613.0__TRINITY_DN6227_c0_g1_i33.p1               64.74%    passed     99.98%
  76  DE566|Cluster-55846.1__TRINITY_DN5185_c0_g1_i2.p1                0.25%    passed    100.00%
  77  DRR234970|Cluster-43782.0__TRINITY_DN55298_c0_g1_i1.p1           0.38%    passed    100.00%
  78  SRR11748982|Cluster-46786.0__TRINITY_DN13348_c0_g1_i69.p1       32.75%    passed     99.55%
  79  DRR082665|Cluster-44177.0__TRINITY_DN390_c0_g3_i2.p1             1.64%    passed     99.39%
WARNING: 5 sequences contain more than 50% gaps/ambiguity
****  TOTAL                                                           27.34%  0 sequences failed composition chi2 test (p-value<5%; df=60)
Reading input tree file tmp.csubst.nwk ... rooted tree

NOTE: 120 MB RAM (0 GB) is required!
Measuring multi-threading efficiency up to 1 CPU cores
2 trees examined
Threads: 1 / Time: 8.755 sec / Speedup: 1.000 / Efficiency: 100% / LogL: -16773
BEST NUMBER OF THREADS: 1

Estimate model parameters (epsilon = 0.010)
1. Initial log-likelihood: -20806.919
2. Current log-likelihood: -13618.150
3. Current log-likelihood: -13617.665
4. Current log-likelihood: -13617.320
5. Current log-likelihood: -13617.026
6. Current log-likelihood: -13616.768
7. Current log-likelihood: -13616.540
8. Current log-likelihood: -13616.332
9. Current log-likelihood: -13616.128
10. Current log-likelihood: -13615.907
11. Current log-likelihood: -13615.647
12. Current log-likelihood: -13615.318
13. Current log-likelihood: -13614.894
14. Current log-likelihood: -13614.361
15. Current log-likelihood: -13613.743
16. Current log-likelihood: -13613.116
17. Current log-likelihood: -13612.571
18. Current log-likelihood: -13612.153
19. Current log-likelihood: -13611.855
20. Current log-likelihood: -13585.109
21. Current log-likelihood: -13584.535
22. Current log-likelihood: -13583.972
23. Current log-likelihood: -13583.491
24. Current log-likelihood: -13583.123
25. Current log-likelihood: -13582.858
26. Current log-likelihood: -13582.675
27. Current log-likelihood: -13567.890
28. Current log-likelihood: -13567.428
29. Current log-likelihood: -13567.079
30. Current log-likelihood: -13566.822
31. Current log-likelihood: -13566.635
32. Current log-likelihood: -13566.499
33. Current log-likelihood: -13566.399
34. Current log-likelihood: -13566.324
35. Current log-likelihood: -13566.267
36. Current log-likelihood: -13566.224
37. Current log-likelihood: -13566.190
38. Current log-likelihood: -13558.783
39. Current log-likelihood: -13558.547
40. Current log-likelihood: -13558.397
41. Current log-likelihood: -13558.290
42. Current log-likelihood: -13558.210
43. Current log-likelihood: -13558.148
44. Current log-likelihood: -13558.101
45. Current log-likelihood: -13558.064
46. Current log-likelihood: -13558.035
47. Current log-likelihood: -13558.012
48. Current log-likelihood: -13557.995
49. Current log-likelihood: -13557.981
50. Current log-likelihood: -13557.971
Optimal log-likelihood: -13557.963
Nonsynonymous/synonymous ratio (omega): 1.000
Transition/transversion ratio (kappa): 1.000
Site proportion and rates:  (0.596,0.293) (0.306,1.113) (0.076,4.035) (0.022,7.995)
Parameters optimization took 50 rounds (909.687 sec)
Wrote distance file to... 
BEST SCORE FOUND : -13557.963
Ancestral state probabilities printed to /mnt/data0/yue/2026-03-11-protein-convergence/results/OG_3863/csubst_w_s/csubst_input_alignment.fa.state
Empirical proportions for each category: 0.655 0.258 0.069 0.018
Site rates printed to /mnt/data0/yue/2026-03-11-protein-convergence/results/OG_3863/csubst_w_s/csubst_input_alignment.fa.rate
Total tree length: 3.477

Total number of iterations: 0
CPU time used for tree search: 0.000 sec (0h:0m:0s)
Wall-clock time used for tree search: 0.000 sec (0h:0m:0s)
Total CPU time used: 921.876 sec (0h:15m:21s)
Total wall-clock time used: 922.173 sec (0h:15m:22s)

Analysis results written to: 
  IQ-TREE report:                /mnt/data0/yue/2026-03-11-protein-convergence/results/OG_3863/csubst_w_s/csubst_input_alignment.fa.iqtree
  Maximum-likelihood tree:       /mnt/data0/yue/2026-03-11-protein-convergence/results/OG_3863/csubst_w_s/csubst_input_alignment.fa.treefile
  Site-specific rates:           /mnt/data0/yue/2026-03-11-protein-convergence/results/OG_3863/csubst_w_s/csubst_input_alignment.fa.rate
  Ancestral state:               /mnt/data0/yue/2026-03-11-protein-convergence/results/OG_3863/csubst_w_s/csubst_input_alignment.fa.state
  Screen log file:               /mnt/data0/yue/2026-03-11-protein-convergence/results/OG_3863/csubst_w_s/csubst_input_alignment.fa.log

Date and Time: Fri Mar 27 11:35:18 2026
