IQ-TREE multicore version 2.4.0 for Linux x86 64-bit built Feb 12 2025
Developed by Bui Quang Minh, Nguyen Lam Tung, Olga Chernomor, Heiko Schmidt,
Dominik Schrempf, Michael Woodhams, Ly Trong Nhan, Thomas Wong

Host:    brain (AVX2, FMA3, 2015 GB RAM)
Command: /home/yue/miniconda3/envs/py39/bin/iqtree -s /mnt/data0/yue/2026-03-11-protein-convergence/results/OG_4844/csubst_w_s/csubst_input_alignment.fa -te tmp.csubst.nwk -m ECMK07+F+R4 --seqtype CODON1 --threads-max 1 -T AUTO --ancestral --rate --redo
Seed:    75080 (Using SPRNG - Scalable Parallel Random Number Generator)
Time:    Fri Mar 27 15:32:49 2026
Kernel:  AVX+FMA - auto-detect threads (128 CPU cores detected)

Reading alignment file /mnt/data0/yue/2026-03-11-protein-convergence/results/OG_4844/csubst_w_s/csubst_input_alignment.fa ... Fasta format detected
Reading fasta file: done in 0.00256817 secs using 49.18% CPU
Alignment most likely contains DNA/RNA sequences
Converting to codon sequences with genetic code 1 ...
Alignment has 75 sequences with 679 columns, 635 distinct patterns
319 parsimony-informative, 203 singleton sites, 157 constant sites
                                                               Gap/Ambiguity  Composition  p-value
Analyzing sequences: done in 0.000114217 secs using 98.93% CPU
   1  DRR082660|Cluster-46537.0__TRINITY_DN31930_c0_g1_i1.p1           0.29%    passed    100.00%
   2  DE229|Cluster-66889.1__TRINITY_DN27524_c0_g1_i3.p1               3.68%    passed    100.00%
   3  JJ74|Cluster-120791.0__TRINITY_DN6700_c0_g1_i1.p1                0.29%    passed    100.00%
   4  DE127|Cluster-24723.0__TRINITY_DN6910_c0_g1_i9.p1                0.15%    passed    100.00%
   5  DE554|Cluster-36918.0__TRINITY_DN18633_c0_g1_i5.p1               0.15%    passed    100.00%
   6  DE115|Cluster-43658.0__TRINITY_DN6323_c0_g1_i2.p1               36.52%    passed     99.99%
   7  DE623|Cluster-39134.0__TRINITY_DN787_c1_g1_i3.p1                26.22%    passed    100.00%
   8  DE680|Cluster-38249.0__TRINITY_DN3414_c0_g1_i28.p1               0.44%    passed    100.00%
   9  JJ86|Cluster-49016.0__TRINITY_DN3573_c0_g1_i6.p1                26.22%    passed    100.00%
  10  DE126|Cluster-28461.6__TRINITY_DN368_c0_g1_i6.p1                 0.15%    passed    100.00%
  11  DE162|Cluster-37676.0__TRINITY_DN10814_c0_g1_i2.p1              47.72%    passed     98.60%
  12  DE528|Cluster-45952.0__TRINITY_DN7552_c0_g1_i3.p1                0.15%    passed    100.00%
  13  DE507|Cluster-85574.0__TRINITY_DN6590_c0_g1_i1.p1               26.22%    passed    100.00%
  14  DE704-purple|Cluster-25671.12__TRINITY_DN13321_c0_g1_i8.p1      24.89%    passed    100.00%
  15  DE704-white|Cluster-17592.0__TRINITY_DN5396_c0_g1_i1.p1          0.15%    passed    100.00%
  16  JJ23|Cluster-18532.0__TRINITY_DN3757_c0_g1_i3.p1                 0.15%    passed    100.00%
  17  JJ99|Cluster-43242.0__TRINITY_DN1255_c1_g2_i1.p1                 0.15%    passed    100.00%
  18  DE152|Cluster-33072.0__TRINITY_DN5519_c0_g1_i8.p1                3.83%    passed    100.00%
  19  JJ15|Cluster-5069.0__TRINITY_DN31551_c1_g2_i1.p1                 0.15%    passed    100.00%
  20  DE534|Cluster-71567.0__TRINITY_DN6121_c0_g1_i1.p1                0.15%    passed    100.00%
  21  DE542|Cluster-56324.0__TRINITY_DN7146_c0_g1_i1.p1                0.15%    passed    100.00%
  22  DE536|Cluster-54715.1__TRINITY_DN8064_c0_g2_i4.p1                0.59%    passed    100.00%
  23  DE666|Cluster-36845.2__TRINITY_DN10042_c0_g1_i12.p1             28.72%    passed     99.96%
  24  DE546_urceolata_l|Cluster-45533.0__TRINITY_DN2060_c0_g1_i3.p1   29.01%    passed    100.00%
  25  DE560|Cluster-9085.0__TRINITY_DN5816_c0_g1_i1.p1                 0.29%    passed    100.00%
  26  DRR234970|Cluster-38469.0__TRINITY_DN7780_c0_g1_i1.p1            4.12%    passed     96.70%
  27  DE566|Cluster-12933.0__TRINITY_DN10060_c0_g1_i1.p1              45.66%    passed     98.97%
  28  DE216|Cluster-28394.0__TRINITY_DN23373_c1_g1_i2.p1              44.33%    passed     98.88%
  29  DE519|Cluster-32111.0__TRINITY_DN6018_c0_g1_i3.p1               47.13%    passed     96.06%
  30  SRR104381|Cluster-30595.0__TRINITY_DN8431_c0_g1_i4.p1            1.03%    passed     99.94%
  31  DE151|Cluster-11509.0__TRINITY_DN8077_c0_g1_i6.p1                0.15%    passed    100.00%
  32  DE173|Cluster-18856.0__TRINITY_DN7115_c1_g1_i1.p1                0.15%    passed    100.00%
  33  DE189|Cluster-49452.0__TRINITY_DN6981_c0_g1_i1.p1                0.15%    passed    100.00%
  34  JJ130|Cluster-49278.0__TRINITY_DN3732_c0_g1_i3.p1               46.69%    passed     99.83%
  35  JJ85|Cluster-15985.0__TRINITY_DN12519_c0_g1_i1.p1                0.15%    passed    100.00%
  36  JJ125|Cluster-21703.151__TRINITY_DN7607_c0_g1_i8.p1              0.15%    passed    100.00%
  37  DE181|Cluster-42813.0__TRINITY_DN8418_c0_g1_i1.p1                3.39%    passed    100.00%
  38  DE503|Cluster-31197.0__TRINITY_DN16707_c1_g1_i1.p1               0.15%    passed    100.00%
  39  DE505|Cluster-58381.0__TRINITY_DN2537_c1_g1_i1.p1                0.15%    passed    100.00%
  40  SRR3407092|Cluster-31474.0__TRINITY_DN7318_c0_g2_i1.p1           0.15%    passed    100.00%
  41  DE510|Cluster-51566.0__TRINITY_DN8932_c0_g1_i1.p1                0.15%    passed    100.00%
  42  SRR3407087|Cluster-35330.0__TRINITY_DN10754_c0_g1_i4.p1          0.15%    passed    100.00%
  43  SRR3407094|Cluster-28401.0__TRINITY_DN12698_c1_g1_i6.p1          3.39%    passed    100.00%
  44  SRR3407086|Cluster-28784.2__TRINITY_DN10941_c1_g1_i6.p1          4.12%    passed    100.00%
  45  SRR3407093|Cluster-23672.0__TRINITY_DN11592_c0_g1_i1.p1          0.29%    passed    100.00%
  46  SRR3424066|Cluster-38055.0__TRINITY_DN4901_c0_g1_i3.p1           3.53%    passed    100.00%
  47  SRR3407096|Cluster-19865.0__TRINITY_DN12587_c0_g1_i3.p1          0.29%    passed    100.00%
  48  DE523|Cluster-36833.0__TRINITY_DN3675_c0_g1_i25.p1              22.39%    passed    100.00%
  49  DE561|Cluster-49868.0__TRINITY_DN3383_c0_g1_i2.p1                3.53%    passed    100.00%
  50  DE476|Cluster-11957.0__TRINITY_DN19349_c0_g1_i3.p1              43.45%    passed     99.92%
  51  DE672|Cluster-38411.0__TRINITY_DN3338_c0_g1_i3.p1                0.15%    passed    100.00%
  52  DE509|Cluster-32095.0__TRINITY_DN4932_c0_g1_i3.p1               26.22%    passed    100.00%
  53  DE736|Cluster-58429.0__TRINITY_DN8841_c0_g1_i1.p1                0.15%    passed    100.00%
  54  DE737|Cluster-1155.0__TRINITY_DN6909_c0_g1_i1.p1                 0.15%    passed    100.00%
  55  DE88|Cluster-7859.0__TRINITY_DN12144_c0_g1_i1.p1                 0.29%    passed    100.00%
  56  DE764|Cluster-40792.0__TRINITY_DN1734_c0_g2_i5.p1               35.64%    passed    100.00%
  57  DE549|Cluster-21667.0__TRINITY_DN8407_c0_g1_i1.p1                0.15%    passed    100.00%
  58  DE164|Cluster-37245.4__TRINITY_DN3118_c0_g1_i17.p1               0.15%    passed    100.00%
  59  DE643|Cluster-40571.0__TRINITY_DN7618_c0_g1_i3.p1                0.15%    passed    100.00%
  60  JJ89|Cluster-30714.2__TRINITY_DN1353_c0_g1_i1.p1                 0.88%    passed    100.00%
  61  DE504|Cluster-36004.0__TRINITY_DN1923_c0_g1_i3.p1                0.15%    passed    100.00%
  62  DE741|Cluster-39994.0__TRINITY_DN11474_c0_g1_i2.p1              42.56%    passed     93.65%
  63  DE541|Cluster-21961.0__TRINITY_DN7619_c0_g2_i1.p1                0.15%    passed    100.00%
  64  DE550|Cluster-48288.0__TRINITY_DN9725_c0_g1_i1.p1                0.15%    passed    100.00%
  65  SRR3407088|Cluster-19772.0__TRINITY_DN33704_c0_g1_i1.p1         38.29%    passed     90.08%
  66  SRR3407095|Cluster-22262.0__TRINITY_DN11210_c0_g1_i1.p1          0.44%    passed    100.00%
  67  DE69|Cluster-47593.1__TRINITY_DN13174_c1_g2_i6.p1                0.15%    passed    100.00%
  68  DE671|Cluster-12233.0__TRINITY_DN4537_c0_g1_i3.p1               43.45%    passed     99.97%
  69  JJ36|Cluster-18603.5__TRINITY_DN7493_c0_g1_i7.p1                 9.28%    passed    100.00%
  70  DE696-dots|Cluster-28426.0__TRINITY_DN17200_c0_g1_i3.p1          0.15%    passed    100.00%
  71  DE575|Cluster-51025.0__TRINITY_DN4548_c0_g1_i3.p1               26.22%    passed    100.00%
  72  DE681|Cluster-13153.0__TRINITY_DN15745_c0_g1_i2.p1               0.15%    passed    100.00%
  73  DE765|Cluster-55883.0__TRINITY_DN3378_c0_g1_i3.p1               25.48%    passed    100.00%
  74  DE563|Cluster-23697.0__TRINITY_DN4475_c1_g1_i17.p1              36.52%    passed    100.00%
  75  DE668|Cluster-55925.0__TRINITY_DN3777_c0_g1_i10.p1              47.28%    passed     98.36%
****  TOTAL                                                           11.54%  0 sequences failed composition chi2 test (p-value<5%; df=60)
Reading input tree file tmp.csubst.nwk ... rooted tree

NOTE: 98 MB RAM (0 GB) is required!
Measuring multi-threading efficiency up to 1 CPU cores
2 trees examined
Threads: 1 / Time: 5.863 sec / Speedup: 1.000 / Efficiency: 100% / LogL: -19549
BEST NUMBER OF THREADS: 1

Estimate model parameters (epsilon = 0.010)
1. Initial log-likelihood: -20946.733
2. Current log-likelihood: -13359.057
3. Current log-likelihood: -13334.745
4. Current log-likelihood: -13334.486
5. Current log-likelihood: -13330.395
6. Current log-likelihood: -13330.265
7. Current log-likelihood: -13330.193
8. Current log-likelihood: -13330.147
9. Current log-likelihood: -13329.185
10. Current log-likelihood: -13329.119
11. Current log-likelihood: -13329.078
12. Current log-likelihood: -13329.053
13. Current log-likelihood: -13329.037
14. Current log-likelihood: -13329.025
Optimal log-likelihood: -13329.017
Nonsynonymous/synonymous ratio (omega): 1.000
Transition/transversion ratio (kappa): 1.000
Site proportion and rates:  (0.492,0.370) (0.356,1.092) (0.146,2.649) (0.006,7.208)
Parameters optimization took 14 rounds (243.860 sec)
Wrote distance file to... 
BEST SCORE FOUND : -13329.017
Ancestral state probabilities printed to /mnt/data0/yue/2026-03-11-protein-convergence/results/OG_4844/csubst_w_s/csubst_input_alignment.fa.state
Empirical proportions for each category: 0.560 0.312 0.124 0.004
Site rates printed to /mnt/data0/yue/2026-03-11-protein-convergence/results/OG_4844/csubst_w_s/csubst_input_alignment.fa.rate
Total tree length: 2.968

Total number of iterations: 0
CPU time used for tree search: 0.000 sec (0h:0m:0s)
Wall-clock time used for tree search: 0.000 sec (0h:0m:0s)
Total CPU time used: 251.623 sec (0h:4m:11s)
Total wall-clock time used: 253.184 sec (0h:4m:13s)

Analysis results written to: 
  IQ-TREE report:                /mnt/data0/yue/2026-03-11-protein-convergence/results/OG_4844/csubst_w_s/csubst_input_alignment.fa.iqtree
  Maximum-likelihood tree:       /mnt/data0/yue/2026-03-11-protein-convergence/results/OG_4844/csubst_w_s/csubst_input_alignment.fa.treefile
  Site-specific rates:           /mnt/data0/yue/2026-03-11-protein-convergence/results/OG_4844/csubst_w_s/csubst_input_alignment.fa.rate
  Ancestral state:               /mnt/data0/yue/2026-03-11-protein-convergence/results/OG_4844/csubst_w_s/csubst_input_alignment.fa.state
  Screen log file:               /mnt/data0/yue/2026-03-11-protein-convergence/results/OG_4844/csubst_w_s/csubst_input_alignment.fa.log

Date and Time: Fri Mar 27 15:37:02 2026
