IQ-TREE multicore version 2.4.0 for Linux x86 64-bit built Feb 12 2025
Developed by Bui Quang Minh, Nguyen Lam Tung, Olga Chernomor, Heiko Schmidt,
Dominik Schrempf, Michael Woodhams, Ly Trong Nhan, Thomas Wong

Host:    brain (AVX2, FMA3, 2015 GB RAM)
Command: /home/yue/miniconda3/envs/py39/bin/iqtree -s /mnt/data0/yue/2026-03-11-protein-convergence/results/OG_2662/csubst_w_s/csubst_input_alignment.fa -te tmp.csubst.nwk -m ECMK07+F+R4 --seqtype CODON1 --threads-max 1 -T AUTO --ancestral --rate --redo
Seed:    660173 (Using SPRNG - Scalable Parallel Random Number Generator)
Time:    Fri Mar 27 05:40:19 2026
Kernel:  AVX+FMA - auto-detect threads (128 CPU cores detected)

Reading alignment file /mnt/data0/yue/2026-03-11-protein-convergence/results/OG_2662/csubst_w_s/csubst_input_alignment.fa ... Fasta format detected
Reading fasta file: done in 0.00168274 secs
Alignment most likely contains DNA/RNA sequences
Converting to codon sequences with genetic code 1 ...
WARNING: 1 sites contain only gaps or ambiguous characters.
Alignment has 76 sequences with 443 columns, 405 distinct patterns
164 parsimony-informative, 145 singleton sites, 134 constant sites
                                                               Gap/Ambiguity  Composition  p-value
Analyzing sequences: done in 7.84993e-05 secs
   1  DE115|Cluster-50456.0__TRINITY_DN11936_c0_g1_i3.p1               0.23%    passed    100.00%
   2  JJ86|Cluster-39171.0__TRINITY_DN10377_c0_g2_i2.p1                0.23%    passed    100.00%
   3  DE563|Cluster-32614.0__TRINITY_DN7482_c0_g1_i8.p1               35.21%    passed     99.98%
   4  DE575|Cluster-18933.0__TRINITY_DN11634_c0_g1_i1.p1              35.21%    passed    100.00%
   5  DE681|Cluster-63815.0__TRINITY_DN18765_c0_g1_i2.p1               0.23%    passed    100.00%
   6  DE765|Cluster-13020.0__TRINITY_DN10244_c0_g1_i1.p1               0.23%    passed    100.00%
   7  DE152|Cluster-34819.0__TRINITY_DN32932_c0_g3_i1.p1               0.23%    passed    100.00%
   8  DE216|Cluster-53927.0__TRINITY_DN5803_c0_g1_i4.p1               44.02%    passed     99.99%
   9  DE519|Cluster-54912.0__TRINITY_DN9818_c0_g1_i2.p1               44.02%    passed    100.00%
  10  DE523|Cluster-50037.0__TRINITY_DN7104_c0_g1_i3.p1               35.21%    passed    100.00%
  11  DE536|Cluster-56482.0__TRINITY_DN17069_c0_g1_i3.p1              44.02%    passed    100.00%
  12  DE764|Cluster-43911.0__TRINITY_DN18345_c0_g1_i1.p1              44.02%    passed    100.00%
  13  JJ125|Cluster-9000.0__TRINITY_DN13919_c0_g1_i1.p1                0.23%    passed    100.00%
  14  DE741|Cluster-44986.0__TRINITY_DN10430_c0_g1_i3.p1               0.23%    passed    100.00%
  15  DRR234970|Cluster-246.0__TRINITY_DN31585_c0_g1_i1.p1             0.23%    passed    100.00%
  16  JJ130|Cluster-47619.0__TRINITY_DN12866_c0_g1_i1.p1               0.23%    passed    100.00%
  17  DE549|Cluster-41461.0__TRINITY_DN6801_c0_g1_i2.p1                0.23%    passed    100.00%
  18  DE560|Cluster-25561.0__TRINITY_DN8074_c0_g1_i1.p1               35.21%    passed    100.00%
  19  DE534|Cluster-44894.0__TRINITY_DN11868_c0_g1_i2.p1               0.23%    passed    100.00%
  20  JJ15|Cluster-50357.0__TRINITY_DN19098_c0_g1_i2.p1                0.23%    passed    100.00%
  21  JJ74|Cluster-53408.0__TRINITY_DN6039_c0_g1_i1.p1                 0.23%    passed    100.00%
  22  DE672|Cluster-43511.0__TRINITY_DN11271_c0_g2_i1.p1               0.23%    passed    100.00%
  23  JJ89|Cluster-31017.0__TRINITY_DN7631_c0_g1_i2.p1                 0.23%    passed    100.00%
  24  SRR3407095|Cluster-17279.0__TRINITY_DN18644_c0_g1_i1.p1          0.23%    passed    100.00%
  25  DE541|Cluster-42901.0__TRINITY_DN8370_c0_g1_i2.p1                0.23%    passed    100.00%
  26  JJ36|Cluster-36669.0__TRINITY_DN5569_c0_g1_i4.p1                 0.23%    passed    100.00%
  27  DE696-dots|Cluster-41158.0__TRINITY_DN389_c1_g2_i1.p1            0.23%    passed    100.00%
  28  DE696-nodots|Cluster-37209.1__TRINITY_DN4463_c1_g1_i2.p1         0.23%    passed    100.00%
  29  DE531|Cluster-40836.0__TRINITY_DN11008_c0_g1_i1.p1              42.21%    passed    100.00%
  30  JJ23|Cluster-42427.0__TRINITY_DN16130_c0_g1_i3.p1                0.23%    passed    100.00%
  31  DE229|Cluster-67144.1__TRINITY_DN16562_c0_g3_i1.p1               1.58%    passed    100.00%
  32  JJ85|Cluster-6074.0__TRINITY_DN5628_c0_g1_i1.p1                  0.23%    passed    100.00%
  33  JJ131|Cluster-22684.3__TRINITY_DN2824_c0_g2_i27.p1               0.23%    passed    100.00%
  34  DE126|Cluster-42752.1__TRINITY_DN11725_c0_g1_i12.p1              0.23%    passed    100.00%
  35  DE566|Cluster-42640.1__TRINITY_DN5129_c0_g1_i3.p1                0.23%    passed    100.00%
  36  DE151|Cluster-28341.0__TRINITY_DN9882_c0_g1_i2.p1                0.23%    passed    100.00%
  37  DE189|Cluster-49716.0__TRINITY_DN4996_c0_g1_i3.p1                0.23%    passed    100.00%
  38  JJ109|Cluster-33515.0__TRINITY_DN14272_c0_g3_i1.p1               0.23%    passed    100.00%
  39  DE164|Cluster-50781.0__TRINITY_DN8050_c0_g1_i5.p1                0.23%    passed    100.00%
  40  DE504|Cluster-47538.0__TRINITY_DN7621_c1_g1_i3.p1                0.23%    passed    100.00%
  41  DE736|Cluster-60940.0__TRINITY_DN14006_c0_g1_i2.p1               0.23%    passed    100.00%
  42  DE476|Cluster-58912.1__TRINITY_DN5121_c0_g1_i9.p1               52.37%    passed     99.80%
  43  DE509|Cluster-29808.0__TRINITY_DN5006_c0_g1_i2.p1               52.37%    passed     99.88%
  44  DE550|Cluster-35355.1__TRINITY_DN8839_c0_g1_i5.p1                0.23%    passed    100.00%
  45  DE88|Cluster-14659.0__TRINITY_DN71736_c0_g1_i1.p1                0.23%    passed    100.00%
  46  DE181|Cluster-21845.0__TRINITY_DN10855_c0_g1_i2.p1               0.23%    passed    100.00%
  47  SRR3407086|Cluster-20751.0__TRINITY_DN47432_c0_g1_i1.p1          0.23%    passed    100.00%
  48  DE503|Cluster-51228.0__TRINITY_DN5683_c0_g1_i1.p1               52.37%    passed     99.84%
  49  DE505|Cluster-19945.0__TRINITY_DN63229_c0_g1_i1.p1               0.23%    passed    100.00%
  50  DE510|Cluster-11035.0__TRINITY_DN9601_c0_g1_i1.p1                0.23%    passed    100.00%
  51  SRR3407094|Cluster-33813.0__TRINITY_DN27774_c0_g1_i2.p1          0.23%    passed    100.00%
  52  SRR3407093|Cluster-13446.0__TRINITY_DN8943_c0_g1_i1.p1           0.23%    passed    100.00%
  53  SRR3407087|Cluster-43426.0__TRINITY_DN27412_c0_g2_i1.p1          0.23%    passed    100.00%
  54  SRR3407092|Cluster-26269.0__TRINITY_DN14838_c0_g1_i4.p1          0.23%    passed    100.00%
  55  SRR3424066|Cluster-24592.0__TRINITY_DN33188_c0_g1_i1.p1          0.23%    passed    100.00%
  56  DE561|Cluster-44841.0__TRINITY_DN34948_c0_g1_i1.p1               0.23%    passed    100.00%
  57  SRR3407088|Cluster-25926.0__TRINITY_DN24381_c0_g1_i1.p1          0.23%    passed    100.00%
  58  SRR3407096|Cluster-2499.0__TRINITY_DN14191_c0_g1_i1.p1           0.23%    passed    100.00%
  59  DE69|Cluster-24115.0__TRINITY_DN9738_c0_g1_i8.p1                 0.23%    passed    100.00%
  60  DRR082660|Cluster-11302.0__TRINITY_DN10861_c0_g1_i1.p1           0.23%    passed    100.00%
  61  DE671|Cluster-33438.0__TRINITY_DN8617_c0_g1_i3.p1               20.09%    passed    100.00%
  62  DE542|Cluster-18985.0__TRINITY_DN15299_c0_g1_i2.p1              52.37%    passed     99.34%
  63  SRR5150740|Cluster-24085.1__TRINITY_DN1728_c0_g1_i5.p1           0.23%    passed     86.73%
  64  DE127|Cluster-1044.0__TRINITY_DN6451_c0_g1_i4.p1                 0.23%    passed    100.00%
  65  DE554|Cluster-49622.0__TRINITY_DN8312_c0_g1_i4.p1                0.23%    passed    100.00%
  66  DE623|Cluster-21827.0__TRINITY_DN17961_c0_g1_i1.p1               0.23%    passed    100.00%
  67  DE680|Cluster-58166.3__TRINITY_DN7712_c0_g2_i2.p1                0.23%    passed    100.00%
  68  DE668|Cluster-13220.0__TRINITY_DN5526_c0_g1_i2.p1                0.23%    passed    100.00%
  69  DE546_urceolata_l|Cluster-10790.0__TRINITY_DN6546_c0_g1_i3.p1   52.37%    passed     99.45%
  70  DE643|Cluster-39441.0__TRINITY_DN19980_c0_g1_i5.p1               0.23%    passed    100.00%
  71  DE528|Cluster-24218.0__TRINITY_DN8507_c0_g1_i3.p1               52.37%    passed     99.97%
  72  DE704-purple|Cluster-48552.0__TRINITY_DN10301_c0_g1_i1.p1        0.23%    passed    100.00%
  73  DE162|Cluster-27912.0__TRINITY_DN14897_c1_g1_i1.p1               0.23%    passed    100.00%
  74  DE704-white|Cluster-60294.0__TRINITY_DN6629_c0_g1_i1.p1          0.23%    passed    100.00%
  75  SRR11934227|Cluster-179786.1__TRINITY_DN75085_c0_g1_i5.p1        6.32%    passed     97.59%
  76  SRR104381|Cluster-28310.1__TRINITY_DN10135_c0_g1_i9.p1          54.85%    failed      0.00%
WARNING: 7 sequences contain more than 50% gaps/ambiguity
****  TOTAL                                                           10.12%  1 sequences failed composition chi2 test (p-value<5%; df=60)
WARNING: States(s) TGC rarely appear in alignment and may cause numerical problems
Reading input tree file tmp.csubst.nwk ... rooted tree

NOTE: 67 MB RAM (0 GB) is required!
Measuring multi-threading efficiency up to 1 CPU cores
2 trees examined
Threads: 1 / Time: 3.660 sec / Speedup: 1.000 / Efficiency: 100% / LogL: -9860
BEST NUMBER OF THREADS: 1

Estimate model parameters (epsilon = 0.010)
1. Initial log-likelihood: -11972.541
2. Current log-likelihood: -6831.919
3. Current log-likelihood: -6831.244
4. Current log-likelihood: -6830.999
5. Current log-likelihood: -6830.927
6. Current log-likelihood: -6830.903
7. Current log-likelihood: -6830.891
Optimal log-likelihood: -6830.882
Nonsynonymous/synonymous ratio (omega): 1.000
Transition/transversion ratio (kappa): 1.000
Site proportion and rates:  (0.533,0.329) (0.252,0.834) (0.178,2.125) (0.036,6.510)
Parameters optimization took 7 rounds (72.901 sec)
Wrote distance file to... 
BEST SCORE FOUND : -6830.882
Ancestral state probabilities printed to /mnt/data0/yue/2026-03-11-protein-convergence/results/OG_2662/csubst_w_s/csubst_input_alignment.fa.state
Empirical proportions for each category: 0.661 0.142 0.169 0.027
Site rates printed to /mnt/data0/yue/2026-03-11-protein-convergence/results/OG_2662/csubst_w_s/csubst_input_alignment.fa.rate
Total tree length: 2.377

Total number of iterations: 0
CPU time used for tree search: 0.000 sec (0h:0m:0s)
Wall-clock time used for tree search: 0.000 sec (0h:0m:0s)
Total CPU time used: 78.585 sec (0h:1m:18s)
Total wall-clock time used: 78.696 sec (0h:1m:18s)

Analysis results written to: 
  IQ-TREE report:                /mnt/data0/yue/2026-03-11-protein-convergence/results/OG_2662/csubst_w_s/csubst_input_alignment.fa.iqtree
  Maximum-likelihood tree:       /mnt/data0/yue/2026-03-11-protein-convergence/results/OG_2662/csubst_w_s/csubst_input_alignment.fa.treefile
  Site-specific rates:           /mnt/data0/yue/2026-03-11-protein-convergence/results/OG_2662/csubst_w_s/csubst_input_alignment.fa.rate
  Ancestral state:               /mnt/data0/yue/2026-03-11-protein-convergence/results/OG_2662/csubst_w_s/csubst_input_alignment.fa.state
  Screen log file:               /mnt/data0/yue/2026-03-11-protein-convergence/results/OG_2662/csubst_w_s/csubst_input_alignment.fa.log

Date and Time: Fri Mar 27 05:41:38 2026
