IQ-TREE multicore version 2.4.0 for Linux x86 64-bit built Feb 12 2025
Developed by Bui Quang Minh, Nguyen Lam Tung, Olga Chernomor, Heiko Schmidt,
Dominik Schrempf, Michael Woodhams, Ly Trong Nhan, Thomas Wong

Host:    brain (AVX2, FMA3, 2015 GB RAM)
Command: /home/yue/miniconda3/envs/py39/bin/iqtree -s /mnt/data0/yue/2026-03-11-protein-convergence/results/OG_2061/csubst_w_s/csubst_input_alignment.fa -te tmp.csubst.nwk -m ECMK07+F+R4 --seqtype CODON1 --threads-max 1 -T AUTO --ancestral --rate --redo
Seed:    117049 (Using SPRNG - Scalable Parallel Random Number Generator)
Time:    Fri Mar 27 02:39:07 2026
Kernel:  AVX+FMA - auto-detect threads (128 CPU cores detected)

Reading alignment file /mnt/data0/yue/2026-03-11-protein-convergence/results/OG_2061/csubst_w_s/csubst_input_alignment.fa ... Fasta format detected
Reading fasta file: done in 0.00281127 secs using 72.17% CPU
Alignment most likely contains DNA/RNA sequences
Converting to codon sequences with genetic code 1 ...
Alignment has 75 sequences with 428 columns, 408 distinct patterns
220 parsimony-informative, 107 singleton sites, 101 constant sites
                                                               Gap/Ambiguity  Composition  p-value
Analyzing sequences: done in 0.000133276 secs using 98.29% CPU
   1  DE519|Cluster-48543.0__TRINITY_DN6501_c0_g1_i1.p1               35.75%    passed    100.00%
   2  DE505|Cluster-52273.0__TRINITY_DN6396_c0_g1_i12.p1              34.58%    passed    100.00%
   3  DE181|Cluster-54593.0__TRINITY_DN1654_c0_g1_i2.p1               35.98%    passed    100.00%
   4  DE737|Cluster-26867.0__TRINITY_DN3413_c0_g1_i1.p1               34.35%    passed    100.00%
   5  DE173|Cluster-39696.0__TRINITY_DN22355_c0_g1_i2.p1              35.75%    passed    100.00%
   6  JJ130|Cluster-32066.1__TRINITY_DN3460_c0_g1_i5.p1               34.35%    passed    100.00%
   7  SRR3407096|Cluster-17398.0__TRINITY_DN10596_c0_g1_i2.p1         34.35%    passed    100.00%
   8  DE88|Cluster-22220.0__TRINITY_DN4635_c0_g1_i2.p1                34.35%    passed    100.00%
   9  DE541|Cluster-35071.0__TRINITY_DN566_c1_g1_i1.p1                33.41%    passed    100.00%
  10  DE550|Cluster-22030.0__TRINITY_DN6595_c0_g1_i2.p1               35.75%    passed    100.00%
  11  DE672|Cluster-12350.0__TRINITY_DN7501_c0_g1_i1.p1               35.98%    passed    100.00%
  12  JJ74|Cluster-82921.0__TRINITY_DN7951_c0_g1_i2.p1                35.05%    passed    100.00%
  13  JJ86|Cluster-42238.0__TRINITY_DN1154_c0_g1_i6.p1                37.38%    passed    100.00%
  14  DE666|Cluster-37184.0__TRINITY_DN4181_c3_g1_i4.p1               32.94%    passed    100.00%
  15  DE643|Cluster-84111.0__TRINITY_DN7865_c0_g1_i3.p1               34.35%    passed    100.00%
  16  DE696-dots|Cluster-55176.0__TRINITY_DN3883_c0_g1_i2.p1          34.35%    passed    100.00%
  17  SRR3407087|Cluster-45182.0__TRINITY_DN18505_c0_g2_i1.p1         31.07%    passed    100.00%
  18  DE507|Cluster-84449.0__TRINITY_DN5261_c1_g1_i6.p1               34.35%    passed    100.00%
  19  DE126|Cluster-45042.0__TRINITY_DN1033_c0_g1_i1.p1               60.98%    passed    100.00%
  20  DE542|Cluster-35620.0__TRINITY_DN4516_c0_g1_i3.p1               34.35%    passed     99.99%
  21  DE127|Cluster-41924.0__TRINITY_DN5508_c0_g2_i1.p1               34.35%    passed    100.00%
  22  DE554|Cluster-58838.0__TRINITY_DN2488_c1_g1_i7.p1               33.88%    passed    100.00%
  23  DRR082660|Cluster-23387.0__TRINITY_DN2027_c0_g2_i1.p1            0.00%    passed    100.00%
  24  DE623|Cluster-36087.0__TRINITY_DN27608_c0_g2_i2.p1              37.85%    passed    100.00%
  25  DE741|Cluster-50518.2__TRINITY_DN20602_c0_g1_i3.p1               0.00%    passed    100.00%
  26  JJ85|Cluster-34448.0__TRINITY_DN3914_c0_g1_i1.p1                 0.00%    passed    100.00%
  27  DE162|Cluster-34803.0__TRINITY_DN15859_c0_g1_i3.p1              37.85%    passed    100.00%
  28  DE528|Cluster-30839.0__TRINITY_DN1854_c1_g1_i4.p1               37.85%    passed    100.00%
  29  DE704-purple|Cluster-43054.0__TRINITY_DN3103_c0_g1_i8.p1        37.85%    passed    100.00%
  30  DE704-white|Cluster-24082.0__TRINITY_DN7248_c0_g1_i4.p1         37.85%    passed    100.00%
  31  DE563|Cluster-38110.0__TRINITY_DN8482_c0_g1_i1.p1                0.00%    passed    100.00%
  32  DE115|Cluster-21825.0__TRINITY_DN2045_c1_g1_i3.p1                0.00%    passed    100.00%
  33  DE164|Cluster-36097.0__TRINITY_DN5034_c0_g2_i1.p1                0.00%    passed    100.00%
  34  DE671|Cluster-41800.0__TRINITY_DN3821_c0_g1_i7.p1                0.00%    passed    100.00%
  35  DE503|Cluster-59379.0__TRINITY_DN5303_c0_g1_i1.p1                0.00%    passed    100.00%
  36  DE510|Cluster-12300.2__TRINITY_DN6473_c0_g1_i3.p1               26.17%    passed    100.00%
  37  SRR3407093|Cluster-4508.0__TRINITY_DN4282_c0_g2_i1.p1            0.00%    passed    100.00%
  38  SRR3407092|Cluster-28574.0__TRINITY_DN10877_c0_g1_i1.p1          0.00%    passed    100.00%
  39  SRR3407086|Cluster-9103.0__TRINITY_DN6342_c0_g2_i2.p1            0.00%    passed    100.00%
  40  DE561|Cluster-24271.0__TRINITY_DN2511_c0_g1_i1.p1               38.32%    passed    100.00%
  41  SRR3424066|Cluster-19954.0__TRINITY_DN10646_c0_g1_i2.p1          0.00%    passed    100.00%
  42  SRR3407088|Cluster-18317.0__TRINITY_DN2873_c0_g2_i1.p1           0.00%    passed    100.00%
  43  SRR3407094|Cluster-15788.0__TRINITY_DN10625_c1_g3_i2.p1          0.00%    passed    100.00%
  44  SRR3407095|Cluster-43266.1__TRINITY_DN26506_c0_g1_i3.p1          0.00%    passed    100.00%
  45  DE69|Cluster-45430.2__TRINITY_DN755_c0_g1_i16.p1                 0.00%    passed    100.00%
  46  DE668|Cluster-30979.1__TRINITY_DN3598_c1_g1_i2.p1                0.00%    passed    100.00%
  47  DE229|Cluster-90498.1__TRINITY_DN2043_c0_g1_i32.p1              15.89%    passed    100.00%
  48  JJ23|Cluster-27993.0__TRINITY_DN299_c0_g2_i3.p1                  0.00%    passed     96.45%
  49  JJ99|Cluster-48992.0__TRINITY_DN2124_c0_g1_i1.p1                 0.00%    passed    100.00%
  50  DE680|Cluster-27111.0__TRINITY_DN3140_c0_g1_i3.p1                0.00%    passed    100.00%
  51  DE216|Cluster-74677.0__TRINITY_DN13513_c0_g1_i5.p1              32.48%    passed     98.45%
  52  JJ15|Cluster-40678.0__TRINITY_DN2971_c0_g1_i2.p1                32.48%    passed     99.34%
  53  DE534|Cluster-7301.0__TRINITY_DN391_c1_g1_i2.p1                  0.00%    passed    100.00%
  54  DE536|Cluster-43936.0__TRINITY_DN678_c3_g2_i1.p1                 0.00%    passed    100.00%
  55  JJ131|Cluster-69369.2__TRINITY_DN1193_c0_g1_i7.p1                0.00%    passed    100.00%
  56  JJ125|Cluster-9007.9__TRINITY_DN678_c9_g1_i1.p1                  0.23%    passed    100.00%
  57  DE560|Cluster-11473.0__TRINITY_DN1063_c0_g1_i1.p1                0.00%    passed    100.00%
  58  DE566|Cluster-53973.3__TRINITY_DN1647_c0_g3_i3.p1                0.00%    passed    100.00%
  59  DE152|Cluster-22441.1__TRINITY_DN8455_c0_g1_i3.p1                0.00%    passed    100.00%
  60  DE151|Cluster-29609.1__TRINITY_DN2765_c0_g1_i4.p1               32.48%    passed     87.59%
  61  DE189|Cluster-48738.1__TRINITY_DN5578_c0_g1_i4.p1                0.00%    passed    100.00%
  62  DE509|Cluster-7976.0__TRINITY_DN8910_c1_g1_i1.p1                 0.00%    passed    100.00%
  63  DE736|Cluster-53073.0__TRINITY_DN4066_c0_g1_i2.p1                0.00%    passed    100.00%
  64  DE476|Cluster-37398.0__TRINITY_DN17273_c0_g1_i4.p1              38.79%    passed     98.40%
  65  JJ89|Cluster-14306.1__TRINITY_DN3504_c1_g1_i1.p1                 0.00%    passed    100.00%
  66  DE523|Cluster-17718.1__TRINITY_DN6167_c0_g1_i2.p1                0.00%    passed    100.00%
  67  DE531|Cluster-44627.0__TRINITY_DN11650_c2_g1_i2.p1               0.00%    passed    100.00%
  68  DE696-nodots|Cluster-4931.269__TRINITY_DN1116_c0_g1_i1.p1        0.00%    passed    100.00%
  69  JJ36|Cluster-30147.0__TRINITY_DN5781_c3_g1_i1.p1                 0.00%    passed    100.00%
  70  DE504|Cluster-40865.0__TRINITY_DN9283_c0_g1_i2.p1                0.00%    passed    100.00%
  71  DE575|Cluster-58402.1__TRINITY_DN1105_c0_g1_i22.p1               0.70%    passed    100.00%
  72  DE681|Cluster-31855.2__TRINITY_DN743_c0_g1_i4.p1                 0.00%    passed    100.00%
  73  DE765|Cluster-21684.2__TRINITY_DN76_c0_g1_i9.p1                  0.00%    passed    100.00%
  74  DE546_urceolata_l|Cluster-42026.1__TRINITY_DN776_c0_g1_i24.p1    0.00%    passed    100.00%
  75  DE549|Cluster-33581.0__TRINITY_DN8373_c0_g1_i1.p1               35.75%    passed    100.00%
WARNING: 1 sequences contain more than 50% gaps/ambiguity
****  TOTAL                                                           16.40%  0 sequences failed composition chi2 test (p-value<5%; df=60)
Reading input tree file tmp.csubst.nwk ... rooted tree

NOTE: 66 MB RAM (0 GB) is required!
Measuring multi-threading efficiency up to 1 CPU cores
2 trees examined
Threads: 1 / Time: 4.878 sec / Speedup: 1.000 / Efficiency: 100% / LogL: -14101
BEST NUMBER OF THREADS: 1

Estimate model parameters (epsilon = 0.010)
1. Initial log-likelihood: -14366.850
2. Current log-likelihood: -10793.161
3. Current log-likelihood: -10792.185
4. Current log-likelihood: -10791.912
5. Current log-likelihood: -10791.793
6. Current log-likelihood: -10791.725
7. Current log-likelihood: -10791.683
8. Current log-likelihood: -10791.658
9. Current log-likelihood: -10791.644
Optimal log-likelihood: -10791.635
Nonsynonymous/synonymous ratio (omega): 1.000
Transition/transversion ratio (kappa): 1.000
Site proportion and rates:  (0.686,0.369) (0.171,1.324) (0.111,2.934) (0.033,6.024)
Parameters optimization took 9 rounds (97.757 sec)
Wrote distance file to... 
BEST SCORE FOUND : -10791.635
Ancestral state probabilities printed to /mnt/data0/yue/2026-03-11-protein-convergence/results/OG_2061/csubst_w_s/csubst_input_alignment.fa.state
Empirical proportions for each category: 0.722 0.140 0.110 0.028
Site rates printed to /mnt/data0/yue/2026-03-11-protein-convergence/results/OG_2061/csubst_w_s/csubst_input_alignment.fa.rate
Total tree length: 5.413

Total number of iterations: 0
CPU time used for tree search: 0.000 sec (0h:0m:0s)
Wall-clock time used for tree search: 0.000 sec (0h:0m:0s)
Total CPU time used: 104.729 sec (0h:1m:44s)
Total wall-clock time used: 105.315 sec (0h:1m:45s)

Analysis results written to: 
  IQ-TREE report:                /mnt/data0/yue/2026-03-11-protein-convergence/results/OG_2061/csubst_w_s/csubst_input_alignment.fa.iqtree
  Maximum-likelihood tree:       /mnt/data0/yue/2026-03-11-protein-convergence/results/OG_2061/csubst_w_s/csubst_input_alignment.fa.treefile
  Site-specific rates:           /mnt/data0/yue/2026-03-11-protein-convergence/results/OG_2061/csubst_w_s/csubst_input_alignment.fa.rate
  Ancestral state:               /mnt/data0/yue/2026-03-11-protein-convergence/results/OG_2061/csubst_w_s/csubst_input_alignment.fa.state
  Screen log file:               /mnt/data0/yue/2026-03-11-protein-convergence/results/OG_2061/csubst_w_s/csubst_input_alignment.fa.log

Date and Time: Fri Mar 27 02:40:52 2026
