IQ-TREE multicore version 2.4.0 for Linux x86 64-bit built Feb 12 2025
Developed by Bui Quang Minh, Nguyen Lam Tung, Olga Chernomor, Heiko Schmidt,
Dominik Schrempf, Michael Woodhams, Ly Trong Nhan, Thomas Wong

Host:    brain (AVX2, FMA3, 2015 GB RAM)
Command: /home/yue/miniconda3/envs/py39/bin/iqtree -s /mnt/data0/yue/2026-03-11-protein-convergence/results/OG_4846/csubst_w_s/csubst_input_alignment.fa -te tmp.csubst.nwk -m ECMK07+F+R4 --seqtype CODON1 --threads-max 1 -T AUTO --ancestral --rate --redo
Seed:    270275 (Using SPRNG - Scalable Parallel Random Number Generator)
Time:    Fri Mar 27 15:32:59 2026
Kernel:  AVX+FMA - auto-detect threads (128 CPU cores detected)

Reading alignment file /mnt/data0/yue/2026-03-11-protein-convergence/results/OG_4846/csubst_w_s/csubst_input_alignment.fa ... Fasta format detected
Reading fasta file: done in 0.000638157 secs
Alignment most likely contains DNA/RNA sequences
Converting to codon sequences with genetic code 1 ...
WARNING: 1 sites contain only gaps or ambiguous characters.
Alignment has 71 sequences with 156 columns, 147 distinct patterns
100 parsimony-informative, 27 singleton sites, 29 constant sites
                                                          Gap/Ambiguity  Composition  p-value
Analyzing sequences: done in 2.88635e-05 secs
   1  DE115|Cluster-44483.0__TRINITY_DN6433_c2_g1_i2.p1           0.64%    passed    100.00%
   2  DE151|Cluster-33405.0__TRINITY_DN3151_c1_g1_i1.p1           0.64%    passed    100.00%
   3  DE152|Cluster-23754.0__TRINITY_DN1619_c3_g1_i1.p1           0.64%    passed    100.00%
   4  SRR3424066|Cluster-42291.0__TRINITY_DN1585_c0_g1_i2.p1      0.64%    passed    100.00%
   5  SRR3407096|Cluster-18461.0__TRINITY_DN9097_c0_g1_i1.p1      0.64%    passed    100.00%
   6  SRR3407095|Cluster-29342.0__TRINITY_DN1127_c0_g2_i2.p1      0.64%    passed    100.00%
   7  SRR3407094|Cluster-24714.0__TRINITY_DN238_c0_g2_i1.p1       0.64%    passed    100.00%
   8  SRR3407093|Cluster-32559.0__TRINITY_DN1587_c0_g2_i1.p1      0.64%    passed    100.00%
   9  SRR3407092|Cluster-27608.0__TRINITY_DN828_c0_g1_i3.p1       0.64%    passed    100.00%
  10  SRR3407088|Cluster-23299.0__TRINITY_DN1384_c0_g1_i1.p1      0.64%    passed    100.00%
  11  SRR3407087|Cluster-23863.0__TRINITY_DN7150_c0_g1_i1.p1      0.64%    passed    100.00%
  12  SRR3407086|Cluster-7189.0__TRINITY_DN2558_c1_g2_i2.p1       0.64%    passed    100.00%
  13  DE164|Cluster-42513.0__TRINITY_DN853_c0_g2_i1.p1            0.64%    passed    100.00%
  14  DE189|Cluster-44169.2__TRINITY_DN1382_c0_g2_i5.p1           0.64%    passed    100.00%
  15  JJ99|Cluster-31456.0__TRINITY_DN4406_c2_g1_i1.p1            0.64%    passed    100.00%
  16  JJ89|Cluster-1329.0__TRINITY_DN401_c0_g1_i1.p1              0.64%    passed    100.00%
  17  JJ86|Cluster-41096.0__TRINITY_DN4878_c0_g1_i1.p1            0.64%    passed    100.00%
  18  JJ85|Cluster-27326.0__TRINITY_DN2614_c0_g1_i7.p1            0.64%    passed    100.00%
  19  JJ74|Cluster-129127.1__TRINITY_DN2289_c1_g2_i1.p1           0.64%    passed    100.00%
  20  JJ23|Cluster-41677.1__TRINITY_DN761_c0_g2_i1.p1             0.64%    passed    100.00%
  21  JJ131|Cluster-38115.1__TRINITY_DN1231_c0_g2_i6.p1           0.64%    passed    100.00%
  22  JJ130|Cluster-39454.0__TRINITY_DN1942_c0_g1_i1.p1           0.64%    passed    100.00%
  23  JJ125|Cluster-2896.0__TRINITY_DN291_c0_g2_i2.p1             0.64%    passed    100.00%
  24  JJ109|Cluster-5625.0__TRINITY_DN3875_c0_g1_i1.p1            0.64%    passed    100.00%
  25  DE476|Cluster-37433.0__TRINITY_DN16130_c0_g4_i1.p1          0.64%    passed    100.00%
  26  DRR082660|Cluster-13148.0__TRINITY_DN1440_c0_g1_i1.p1       0.64%    passed     97.03%
  27  DE88|Cluster-40387.0__TRINITY_DN1509_c0_g1_i1.p1            0.64%    passed    100.00%
  28  DE764|Cluster-41122.0__TRINITY_DN498_c1_g1_i1.p1            0.64%    passed    100.00%
  29  DE741|Cluster-41783.0__TRINITY_DN1014_c0_g1_i4.p1           0.64%    passed    100.00%
  30  DE737|Cluster-36843.0__TRINITY_DN374_c0_g1_i1.p1            0.64%    passed    100.00%
  31  DE736|Cluster-52500.0__TRINITY_DN9164_c0_g1_i1.p1           0.64%    passed    100.00%
  32  DE704-white|Cluster-12904.1__TRINITY_DN21371_c0_g1_i3.p1    0.64%    passed    100.00%
  33  DE704-purple|Cluster-44110.1__TRINITY_DN7256_c0_g1_i1.p1    0.64%    passed    100.00%
  34  DE69|Cluster-28698.1__TRINITY_DN2705_c0_g1_i1.p1            0.64%    passed    100.00%
  35  DE696-nodots|Cluster-12737.0__TRINITY_DN4567_c1_g1_i2.p1    0.64%    passed    100.00%
  36  DE696-dots|Cluster-19341.0__TRINITY_DN20186_c0_g3_i1.p1     0.64%    passed    100.00%
  37  DE681|Cluster-47325.0__TRINITY_DN12651_c0_g2_i1.p1          0.64%    passed    100.00%
  38  DE680|Cluster-38634.0__TRINITY_DN1749_c0_g2_i2.p1           0.64%    passed    100.00%
  39  DE672|Cluster-23623.0__TRINITY_DN633_c0_g1_i1.p1            0.64%    passed    100.00%
  40  DE671|Cluster-16027.0__TRINITY_DN2808_c0_g1_i2.p1           0.64%    passed    100.00%
  41  DE668|Cluster-2539.0__TRINITY_DN1154_c0_g1_i4.p1            0.64%    passed    100.00%
  42  DE503|Cluster-44969.0__TRINITY_DN9040_c0_g1_i1.p1           0.64%    passed    100.00%
  43  DE643|Cluster-79603.3__TRINITY_DN1397_c0_g1_i4.p1           0.64%    passed    100.00%
  44  DE575|Cluster-14821.0__TRINITY_DN8715_c0_g1_i1.p1           0.64%    passed    100.00%
  45  DE566|Cluster-43709.4__TRINITY_DN3621_c0_g1_i2.p1           0.64%    passed    100.00%
  46  DE563|Cluster-54993.0__TRINITY_DN178_c0_g1_i1.p1            0.64%    passed    100.00%
  47  DE561|Cluster-41672.0__TRINITY_DN1017_c0_g1_i1.p1           0.64%    passed    100.00%
  48  DE560|Cluster-34310.0__TRINITY_DN429_c0_g1_i3.p1            0.64%    passed    100.00%
  49  DE505|Cluster-41130.0__TRINITY_DN17685_c0_g1_i1.p1          0.64%    passed    100.00%
  50  DE550|Cluster-21197.0__TRINITY_DN58510_c0_g1_i1.p1          0.64%    passed    100.00%
  51  DE549|Cluster-49739.0__TRINITY_DN1577_c0_g1_i2.p1           0.64%    passed    100.00%
  52  DE541|Cluster-45653.123__TRINITY_DN6962_c0_g2_i2.p1         0.64%    passed    100.00%
  53  DE507|Cluster-44431.0__TRINITY_DN4899_c0_g2_i3.p1           0.64%    passed    100.00%
  54  DE531|Cluster-15159.0__TRINITY_DN3844_c0_g2_i1.p1           0.64%    passed    100.00%
  55  DE528|Cluster-31228.0__TRINITY_DN2246_c1_g1_i1.p1           0.64%    passed    100.00%
  56  DE509|Cluster-40293.0__TRINITY_DN8612_c0_g1_i1.p1           0.64%    passed     79.33%
  57  DE519|Cluster-39110.0__TRINITY_DN3527_c0_g1_i4.p1           0.64%    passed    100.00%
  58  DE510|Cluster-21740.0__TRINITY_DN54437_c0_g1_i1.p1          0.64%    passed    100.00%
  59  DE173|Cluster-43840.0__TRINITY_DN5963_c2_g1_i4.p1           0.64%    passed    100.00%
  60  DE504|Cluster-29220.0__TRINITY_DN20813_c0_g2_i1.p1          0.64%    passed    100.00%
  61  DE523|Cluster-39459.0__TRINITY_DN6345_c0_g1_i1.p1           0.64%    passed    100.00%
  62  DE181|Cluster-13763.0__TRINITY_DN9500_c1_g1_i1.p1           0.64%    passed    100.00%
  63  DE229|Cluster-95079.0__TRINITY_DN4436_c0_g2_i2.p1           0.64%    passed    100.00%
  64  DE127|Cluster-45480.0__TRINITY_DN1287_c0_g3_i2.p1           0.64%    passed    100.00%
  65  DE554|Cluster-32161.0__TRINITY_DN5461_c0_g4_i1.p1           0.64%    passed    100.00%
  66  SRR5150740|Cluster-36660.1__TRINITY_DN958_c0_g1_i3.p1       0.64%    failed      0.02%
  67  DRR234970|Cluster-39410.3__TRINITY_DN924_c0_g1_i12.p1       0.64%    passed     99.90%
  68  SRR104381|Cluster-13939.2__TRINITY_DN2693_c0_g1_i9.p1       0.64%    passed     55.42%
  69  DE666|Cluster-41292.0__TRINITY_DN1452_c0_g2_i2.p1           0.64%    passed     77.18%
  70  SRR11934227|Cluster-153950.1__TRINITY_DN7001_c0_g2_i3.p1    0.64%    failed      0.00%
  71  DE536|Cluster-31369.0__TRINITY_DN1771_c0_g1_i3.p1          48.08%    passed     80.83%
****  TOTAL                                                       1.31%  2 sequences failed composition chi2 test (p-value<5%; df=60)
WARNING: States(s) AGA, CCA, CGA, CGG rarely appear in alignment and may cause numerical problems
Reading input tree file tmp.csubst.nwk ... rooted tree

NOTE: 28 MB RAM (0 GB) is required!
Measuring multi-threading efficiency up to 1 CPU cores
2 trees examined
Threads: 1 / Time: 2.090 sec / Speedup: 1.000 / Efficiency: 100% / LogL: -4770
BEST NUMBER OF THREADS: 1

Estimate model parameters (epsilon = 0.010)
1. Initial log-likelihood: -5010.938
2. Current log-likelihood: -3831.975
3. Current log-likelihood: -3825.028
4. Current log-likelihood: -3824.645
5. Current log-likelihood: -3824.413
6. Current log-likelihood: -3824.277
7. Current log-likelihood: -3824.197
Optimal log-likelihood: -3824.196
Nonsynonymous/synonymous ratio (omega): 1.000
Transition/transversion ratio (kappa): 1.000
Site proportion and rates:  (0.666,0.412) (0.205,1.332) (0.124,3.508) (0.005,3.601)
Parameters optimization took 7 rounds (42.306 sec)
Wrote distance file to... 
BEST SCORE FOUND : -3824.196
Ancestral state probabilities printed to /mnt/data0/yue/2026-03-11-protein-convergence/results/OG_4846/csubst_w_s/csubst_input_alignment.fa.state
Empirical proportions for each category: 0.712 0.154 0.135 0.000
Site rates printed to /mnt/data0/yue/2026-03-11-protein-convergence/results/OG_4846/csubst_w_s/csubst_input_alignment.fa.rate
Total tree length: 4.674

Total number of iterations: 0
CPU time used for tree search: 0.000 sec (0h:0m:0s)
Wall-clock time used for tree search: 0.000 sec (0h:0m:0s)
Total CPU time used: 45.362 sec (0h:0m:45s)
Total wall-clock time used: 45.477 sec (0h:0m:45s)

Analysis results written to: 
  IQ-TREE report:                /mnt/data0/yue/2026-03-11-protein-convergence/results/OG_4846/csubst_w_s/csubst_input_alignment.fa.iqtree
  Maximum-likelihood tree:       /mnt/data0/yue/2026-03-11-protein-convergence/results/OG_4846/csubst_w_s/csubst_input_alignment.fa.treefile
  Site-specific rates:           /mnt/data0/yue/2026-03-11-protein-convergence/results/OG_4846/csubst_w_s/csubst_input_alignment.fa.rate
  Ancestral state:               /mnt/data0/yue/2026-03-11-protein-convergence/results/OG_4846/csubst_w_s/csubst_input_alignment.fa.state
  Screen log file:               /mnt/data0/yue/2026-03-11-protein-convergence/results/OG_4846/csubst_w_s/csubst_input_alignment.fa.log

Date and Time: Fri Mar 27 15:33:44 2026
