IQ-TREE multicore version 2.4.0 for Linux x86 64-bit built Feb 12 2025
Developed by Bui Quang Minh, Nguyen Lam Tung, Olga Chernomor, Heiko Schmidt,
Dominik Schrempf, Michael Woodhams, Ly Trong Nhan, Thomas Wong

Host:    brain (AVX2, FMA3, 2015 GB RAM)
Command: /home/yue/miniconda3/envs/py39/bin/iqtree -s /mnt/data0/yue/2026-03-11-protein-convergence/results/OG_9183/csubst_w_s/csubst_input_alignment.fa -te tmp.csubst.nwk -m ECMK07+F+R4 --seqtype CODON1 --threads-max 1 -T AUTO --ancestral --rate --redo
Seed:    170791 (Using SPRNG - Scalable Parallel Random Number Generator)
Time:    Sat Mar 28 05:13:16 2026
Kernel:  AVX+FMA - auto-detect threads (128 CPU cores detected)

Reading alignment file /mnt/data0/yue/2026-03-11-protein-convergence/results/OG_9183/csubst_w_s/csubst_input_alignment.fa ... Fasta format detected
Reading fasta file: done in 0.00114922 secs using 33.33% CPU
Alignment most likely contains DNA/RNA sequences
Converting to codon sequences with genetic code 1 ...
Alignment has 72 sequences with 312 columns, 262 distinct patterns
133 parsimony-informative, 99 singleton sites, 80 constant sites
                                                                Gap/Ambiguity  Composition  p-value
Analyzing sequences: done in 5.61625e-05 secs using 33.83% CPU
   1  DE115|Cluster-2681.0__TRINITY_DN5958_c0_g1_i1.p1                  0.32%    passed    100.00%
   2  DE563|Cluster-27436.0__TRINITY_DN8080_c0_g1_i1.p1                 0.32%    passed    100.00%
   3  DE623|Cluster-15218.0__TRINITY_DN17922_c0_g1_i8.p1                0.32%    passed    100.00%
   4  DE704-purple|Cluster-47856.0__TRINITY_DN11367_c0_g1_i1.p1         0.32%    passed    100.00%
   5  DE704-white|Cluster-19211.0__TRINITY_DN6884_c0_g1_i1.p1           0.32%    passed    100.00%
   6  DE741|Cluster-58715.0__TRINITY_DN4695_c0_g1_i1.p1                 0.32%    passed    100.00%
   7  JJ99|Cluster-25240.0__TRINITY_DN7919_c0_g1_i1.p1                  0.32%    passed    100.00%
   8  DE519|Cluster-22245.0__TRINITY_DN5477_c0_g1_i1.p1                 0.32%    passed    100.00%
   9  DE536|Cluster-12825.0__TRINITY_DN4018_c0_g1_i1.p1                 0.32%    passed    100.00%
  10  DE546_urceolata_l|Cluster-32150.0__TRINITY_DN81955_c0_g1_i1.p1    0.32%    passed    100.00%
  11  DE554|Cluster-41498.0__TRINITY_DN6379_c0_g1_i1.p1                 0.32%    passed    100.00%
  12  DE666|Cluster-776.0__TRINITY_DN47163_c0_g1_i1.p1                  0.32%    passed    100.00%
  13  DE765|Cluster-47102.0__TRINITY_DN5644_c0_g1_i1.p1                 0.32%    passed    100.00%
  14  DE127|Cluster-3748.0__TRINITY_DN4354_c0_g1_i1.p1                  0.32%    passed    100.00%
  15  DE680|Cluster-18963.0__TRINITY_DN7630_c0_g1_i1.p1                 0.32%    passed    100.00%
  16  DE566|Cluster-50877.1__TRINITY_DN23229_c0_g1_i5.p1                0.32%    passed    100.00%
  17  SRR3407096|Cluster-25928.0__TRINITY_DN33893_c0_g1_i1.p1           0.00%    passed    100.00%
  18  DE151|Cluster-49171.0__TRINITY_DN4471_c1_g2_i2.p1                 0.32%    passed    100.00%
  19  DE173|Cluster-55872.0__TRINITY_DN9926_c0_g1_i1.p1                 0.32%    passed    100.00%
  20  DE189|Cluster-22742.0__TRINITY_DN1881_c1_g1_i1.p1                 0.32%    passed    100.00%
  21  DE88|Cluster-15233.0__TRINITY_DN79191_c0_g1_i1.p1                 0.32%    passed    100.00%
  22  JJ109|Cluster-7274.0__TRINITY_DN3486_c1_g1_i1.p1                  0.32%    passed    100.00%
  23  JJ130|Cluster-19309.0__TRINITY_DN370_c0_g1_i2.p1                  0.32%    passed    100.00%
  24  DE164|Cluster-26343.0__TRINITY_DN2529_c1_g1_i1.p1                 0.32%    passed    100.00%
  25  DE541|Cluster-3811.0__TRINITY_DN17876_c0_g1_i1.p1                 0.32%    passed    100.00%
  26  DE542|Cluster-28256.17__TRINITY_DN4121_c0_g1_i1.p1                0.32%    passed    100.00%
  27  DE643|Cluster-53153.1__TRINITY_DN33983_c0_g1_i3.p1                0.32%    passed    100.00%
  28  DE671|Cluster-43132.1__TRINITY_DN3479_c0_g1_i2.p1                 0.32%    passed    100.00%
  29  DE737|Cluster-34619.0__TRINITY_DN10515_c0_g1_i1.p1                0.32%    passed    100.00%
  30  DE764|Cluster-17273.0__TRINITY_DN3546_c0_g1_i1.p1                 0.32%    passed    100.00%
  31  DE509|Cluster-38708.0__TRINITY_DN12310_c0_g3_i1.p1                0.32%    passed    100.00%
  32  DE531|Cluster-1041.0__TRINITY_DN63182_c0_g1_i1.p1                 0.32%    passed    100.00%
  33  JJ36|Cluster-14910.0__TRINITY_DN12978_c0_g1_i1.p1                 0.32%    passed    100.00%
  34  DE696-nodots|Cluster-21683.0__TRINITY_DN5314_c0_g1_i1.p1          0.32%    passed    100.00%
  35  DE216|Cluster-51251.0__TRINITY_DN5117_c0_g1_i1.p1                 0.32%    passed    100.00%
  36  DE504|Cluster-27122.0__TRINITY_DN15375_c0_g1_i1.p1                0.32%    passed    100.00%
  37  JJ15|Cluster-13309.0__TRINITY_DN11171_c0_g1_i1.p1                 0.32%    passed    100.00%
  38  DE672|Cluster-12376.0__TRINITY_DN11371_c0_g1_i1.p1                0.32%    passed    100.00%
  39  DE736|Cluster-63135.0__TRINITY_DN2529_c0_g1_i21.p1                0.32%    passed    100.00%
  40  DE549|Cluster-7807.2__TRINITY_DN1831_c0_g1_i4.p1                  0.32%    passed    100.00%
  41  DE550|Cluster-34958.0__TRINITY_DN4726_c0_g1_i1.p1                 0.32%    passed    100.00%
  42  DE696-dots|Cluster-17234.0__TRINITY_DN4575_c0_g1_i1.p1            0.32%    passed    100.00%
  43  JJ131|Cluster-40359.1__TRINITY_DN9579_c0_g1_i1.p1                 0.32%    passed     99.99%
  44  DE476|Cluster-12834.0__TRINITY_DN19038_c0_g1_i1.p1                0.32%    passed    100.00%
  45  DRR082660|Cluster-2.0__TRINITY_DN34530_c0_g1_i1.p1                0.32%    passed    100.00%
  46  DE534|Cluster-56659.0__TRINITY_DN7273_c0_g1_i1.p1                 0.32%    failed      4.45%
  47  DE162|Cluster-28299.0__TRINITY_DN4771_c0_g1_i1.p1                 0.32%    passed     88.13%
  48  DE507|Cluster-33723.0__TRINITY_DN14410_c0_g1_i1.p1                0.32%    passed     86.45%
  49  DE528|Cluster-33716.0__TRINITY_DN11516_c0_g1_i1.p1                0.32%    passed     90.00%
  50  DE575|Cluster-13702.0__TRINITY_DN7370_c0_g1_i1.p1                 0.32%    passed    100.00%
  51  DE681|Cluster-12046.0__TRINITY_DN7946_c0_g1_i1.p1                 0.32%    passed    100.00%
  52  DE523|Cluster-54824.0__TRINITY_DN73383_c0_g1_i1.p1                0.00%    passed    100.00%
  53  SRR3407095|Cluster-1333.0__TRINITY_DN12687_c0_g1_i1.p1            0.32%    passed    100.00%
  54  DE69|Cluster-8808.0__TRINITY_DN6176_c0_g1_i1.p1                   0.00%    passed    100.00%
  55  DE152|Cluster-9179.0__TRINITY_DN16040_c0_g1_i6.p1                 0.32%    passed    100.00%
  56  DE668|Cluster-32143.0__TRINITY_DN6522_c0_g2_i4.p1                 0.32%    passed    100.00%
  57  JJ125|Cluster-20430.0__TRINITY_DN4870_c0_g2_i2.p1                 0.32%    passed    100.00%
  58  JJ89|Cluster-17452.0__TRINITY_DN2074_c4_g1_i1.p1                  0.32%    passed    100.00%
  59  JJ74|Cluster-108244.0__TRINITY_DN173052_c0_g1_i1.p1               0.32%    passed    100.00%
  60  SRR3407093|Cluster-19349.0__TRINITY_DN39018_c0_g1_i1.p1           0.32%    passed    100.00%
  61  SRR3407092|Cluster-12152.0__TRINITY_DN7294_c0_g1_i1.p1            0.32%    passed    100.00%
  62  SRR3407087|Cluster-6576.0__TRINITY_DN4219_c0_g1_i1.p1             0.32%    passed    100.00%
  63  DE503|Cluster-9901.0__TRINITY_DN4219_c0_g1_i1.p1                  0.32%    passed    100.00%
  64  DE505|Cluster-8146.0__TRINITY_DN3456_c0_g1_i1.p1                  0.32%    passed    100.00%
  65  DE510|Cluster-33378.0__TRINITY_DN3220_c0_g1_i1.p1                 0.32%    passed    100.00%
  66  SRR3407094|Cluster-14931.0__TRINITY_DN2755_c0_g1_i1.p1            0.32%    passed    100.00%
  67  DE181|Cluster-3596.0__TRINITY_DN4197_c1_g1_i1.p1                  0.32%    passed    100.00%
  68  SRR3407088|Cluster-19.0__TRINITY_DN2846_c0_g1_i1.p1               0.32%    passed    100.00%
  69  DE561|Cluster-27811.0__TRINITY_DN4641_c0_g1_i1.p1                 0.32%    passed    100.00%
  70  SRR3407086|Cluster-38142.0__TRINITY_DN4774_c0_g1_i1.p1            0.32%    passed    100.00%
  71  SRR3424066|Cluster-6794.0__TRINITY_DN4286_c0_g1_i1.p1             0.32%    passed    100.00%
  72  DRR082665|Cluster-51478.0__TRINITY_DN46188_c0_g1_i1.p1            0.32%    failed      2.59%
****  TOTAL                                                             0.31%  2 sequences failed composition chi2 test (p-value<5%; df=60)
WARNING: States(s) CAT rarely appear in alignment and may cause numerical problems
Reading input tree file tmp.csubst.nwk ... rooted tree

NOTE: 44 MB RAM (0 GB) is required!
Measuring multi-threading efficiency up to 1 CPU cores
2 trees examined
Threads: 1 / Time: 2.316 sec / Speedup: 1.000 / Efficiency: 100% / LogL: -7829
BEST NUMBER OF THREADS: 1

Estimate model parameters (epsilon = 0.010)
1. Initial log-likelihood: -8555.986
2. Current log-likelihood: -4795.559
3. Current log-likelihood: -4795.173
4. Current log-likelihood: -4794.979
5. Current log-likelihood: -4787.859
6. Current log-likelihood: -4787.751
7. Current log-likelihood: -4786.343
8. Current log-likelihood: -4786.253
9. Current log-likelihood: -4786.184
10. Current log-likelihood: -4784.851
11. Current log-likelihood: -4784.793
12. Current log-likelihood: -4784.755
13. Current log-likelihood: -4782.352
14. Current log-likelihood: -4781.482
15. Current log-likelihood: -4781.184
16. Current log-likelihood: -4781.144
17. Current log-likelihood: -4780.845
18. Current log-likelihood: -4780.827
Optimal log-likelihood: -4780.818
Nonsynonymous/synonymous ratio (omega): 1.000
Transition/transversion ratio (kappa): 1.000
Site proportion and rates:  (0.457,0.554) (0.390,0.807) (0.149,2.657) (0.004,8.151)
Parameters optimization took 18 rounds (142.394 sec)
Wrote distance file to... 
BEST SCORE FOUND : -4780.818
Ancestral state probabilities printed to /mnt/data0/yue/2026-03-11-protein-convergence/results/OG_9183/csubst_w_s/csubst_input_alignment.fa.state
Empirical proportions for each category: 0.580 0.279 0.138 0.003
Site rates printed to /mnt/data0/yue/2026-03-11-protein-convergence/results/OG_9183/csubst_w_s/csubst_input_alignment.fa.rate
Total tree length: 2.005

Total number of iterations: 0
CPU time used for tree search: 0.000 sec (0h:0m:0s)
Wall-clock time used for tree search: 0.000 sec (0h:0m:0s)
Total CPU time used: 145.977 sec (0h:2m:25s)
Total wall-clock time used: 146.305 sec (0h:2m:26s)

Analysis results written to: 
  IQ-TREE report:                /mnt/data0/yue/2026-03-11-protein-convergence/results/OG_9183/csubst_w_s/csubst_input_alignment.fa.iqtree
  Maximum-likelihood tree:       /mnt/data0/yue/2026-03-11-protein-convergence/results/OG_9183/csubst_w_s/csubst_input_alignment.fa.treefile
  Site-specific rates:           /mnt/data0/yue/2026-03-11-protein-convergence/results/OG_9183/csubst_w_s/csubst_input_alignment.fa.rate
  Ancestral state:               /mnt/data0/yue/2026-03-11-protein-convergence/results/OG_9183/csubst_w_s/csubst_input_alignment.fa.state
  Screen log file:               /mnt/data0/yue/2026-03-11-protein-convergence/results/OG_9183/csubst_w_s/csubst_input_alignment.fa.log

Date and Time: Sat Mar 28 05:15:42 2026
