IQ-TREE multicore version 2.4.0 for Linux x86 64-bit built Feb 12 2025
Developed by Bui Quang Minh, Nguyen Lam Tung, Olga Chernomor, Heiko Schmidt,
Dominik Schrempf, Michael Woodhams, Ly Trong Nhan, Thomas Wong

Host:    brain (AVX2, FMA3, 2015 GB RAM)
Command: /home/yue/miniconda3/envs/py39/bin/iqtree -s /mnt/data0/yue/2026-03-11-protein-convergence/results/OG_12515/csubst_w_s/csubst_input_alignment.fa -te tmp.csubst.nwk -m ECMK07+F+R4 --seqtype CODON1 --threads-max 1 -T AUTO --ancestral --rate --redo
Seed:    523883 (Using SPRNG - Scalable Parallel Random Number Generator)
Time:    Thu Mar 26 23:29:43 2026
Kernel:  AVX+FMA - auto-detect threads (128 CPU cores detected)

Reading alignment file /mnt/data0/yue/2026-03-11-protein-convergence/results/OG_12515/csubst_w_s/csubst_input_alignment.fa ... Fasta format detected
Reading fasta file: done in 0.00135593 secs
Alignment most likely contains DNA/RNA sequences
Converting to codon sequences with genetic code 1 ...
WARNING: 1 sites contain only gaps or ambiguous characters.
Alignment has 54 sequences with 507 columns, 471 distinct patterns
220 parsimony-informative, 144 singleton sites, 143 constant sites
                                                                Gap/Ambiguity  Composition  p-value
Analyzing sequences: done in 6.63996e-05 secs using 99.4% CPU
   1  JJ89|Cluster-25579.0__TRINITY_DN2184_c1_g1_i1.p1                  0.20%    passed    100.00%
   2  DE560|Cluster-33711.0__TRINITY_DN14468_c0_g1_i1.p1                0.20%    passed    100.00%
   3  JJ125|Cluster-24228.0__TRINITY_DN16030_c0_g1_i1.p1                0.59%    passed    100.00%
   4  DE69|Cluster-54510.0__TRINITY_DN15682_c0_g1_i2.p1                 0.20%    passed    100.00%
   5  DRR082660|Cluster-21963.0__TRINITY_DN8721_c0_g2_i1.p1             0.20%    passed    100.00%
   6  DE181|Cluster-46305.0__TRINITY_DN11623_c0_g1_i6.p1                0.20%    passed    100.00%
   7  DE549|Cluster-44030.0__TRINITY_DN14860_c0_g1_i1.p1               19.72%    passed    100.00%
   8  DE507|Cluster-48037.0__TRINITY_DN18514_c0_g1_i1.p1                0.20%    passed    100.00%
   9  DE528|Cluster-46975.0__TRINITY_DN19035_c0_g1_i2.p1                0.20%    passed    100.00%
  10  DE554|Cluster-31939.0__TRINITY_DN14704_c0_g1_i1.p1                0.20%    passed    100.00%
  11  DE666|Cluster-24786.0__TRINITY_DN3862_c0_g2_i1.p1                 0.20%    passed    100.00%
  12  DE704-white|Cluster-65501.0__TRINITY_DN23675_c0_g1_i1.p1          0.20%    passed    100.00%
  13  DE115|Cluster-68902.0__TRINITY_DN3423_c2_g1_i2.p1                 0.20%    passed    100.00%
  14  JJ99|Cluster-48666.0__TRINITY_DN15640_c0_g1_i1.p1                20.71%    passed    100.00%
  15  JJ130|Cluster-32375.0__TRINITY_DN12026_c0_g1_i3.p1               32.15%    passed     96.16%
  16  DE563|Cluster-15974.0__TRINITY_DN30375_c1_g1_i1.p1                5.13%    passed    100.00%
  17  DE765|Cluster-18281.0__TRINITY_DN15960_c1_g1_i1.p1                5.13%    passed    100.00%
  18  DE575|Cluster-67155.0__TRINITY_DN25112_c0_g3_i1.p1                0.20%    passed    100.00%
  19  DE736|Cluster-5805.0__TRINITY_DN29913_c0_g1_i1.p1                 0.20%    passed    100.00%
  20  DE151|Cluster-22354.0__TRINITY_DN17287_c0_g1_i1.p1                0.20%    passed    100.00%
  21  JJ109|Cluster-38010.0__TRINITY_DN13026_c2_g1_i3.p1                0.20%    passed    100.00%
  22  DE531|Cluster-44569.0__TRINITY_DN20079_c0_g1_i4.p1                0.20%    passed    100.00%
  23  JJ36|Cluster-30359.0__TRINITY_DN44960_c0_g1_i1.p1                 0.20%    passed    100.00%
  24  DE696-dots|Cluster-49727.0__TRINITY_DN17145_c0_g1_i1.p1          20.51%    passed    100.00%
  25  DE696-nodots|Cluster-15741.0__TRINITY_DN21749_c0_g1_i1.p1         0.20%    passed    100.00%
  26  DE541|Cluster-29336.0__TRINITY_DN18759_c0_g2_i1.p1                0.20%    passed    100.00%
  27  DE737|Cluster-49128.0__TRINITY_DN48006_c0_g1_i2.p1                0.20%    passed    100.00%
  28  DE672|Cluster-45098.0__TRINITY_DN110192_c0_g1_i1.p1               0.20%    passed    100.00%
  29  DE504|Cluster-20764.0__TRINITY_DN5679_c0_g1_i1.p1                 0.20%    passed    100.00%
  30  JJ86|Cluster-14935.0__TRINITY_DN11107_c1_g2_i2.p1                19.33%    passed     99.98%
  31  DE476|Cluster-44998.0__TRINITY_DN22156_c0_g1_i1.p1                0.20%    passed    100.00%
  32  DE536|Cluster-117.0__TRINITY_DN21556_c1_g2_i1.p1                 63.91%    passed     27.80%
  33  JJ23|Cluster-29251.0__TRINITY_DN45198_c0_g1_i1.p1                57.40%    passed     46.28%
  34  DE668|Cluster-29428.0__TRINITY_DN16855_c0_g2_i1.p1                0.20%    passed    100.00%
  35  DE546_urceolata_l|Cluster-39494.0__TRINITY_DN64862_c0_g1_i1.p1    0.20%    passed    100.00%
  36  JJ85|Cluster-42181.0__TRINITY_DN31375_c2_g1_i2.p1                 0.20%    passed    100.00%
  37  SRR3407096|Cluster-9499.0__TRINITY_DN20137_c0_g1_i1.p1            0.20%    passed    100.00%
  38  DE523|Cluster-6167.0__TRINITY_DN82385_c0_g1_i1.p1                 0.20%    passed    100.00%
  39  DE561|Cluster-18206.0__TRINITY_DN13168_c1_g2_i1.p1                0.20%    passed    100.00%
  40  SRR3407093|Cluster-2334.0__TRINITY_DN1109_c1_g1_i1.p1             0.20%    passed    100.00%
  41  SRR3407088|Cluster-9237.0__TRINITY_DN8873_c1_g1_i1.p1             0.20%    passed    100.00%
  42  SRR3424066|Cluster-31654.1__TRINITY_DN7900_c0_g1_i3.p1           29.39%    passed    100.00%
  43  DE503|Cluster-39297.0__TRINITY_DN12550_c0_g1_i1.p1                0.20%    passed    100.00%
  44  DE505|Cluster-17157.0__TRINITY_DN24804_c0_g1_i1.p1                0.20%    passed    100.00%
  45  DE510|Cluster-50518.0__TRINITY_DN14455_c0_g1_i1.p1                0.20%    passed    100.00%
  46  DE519|Cluster-67589.0__TRINITY_DN28485_c0_g1_i1.p1                0.20%    passed    100.00%
  47  DE741|Cluster-21509.0__TRINITY_DN13756_c0_g1_i2.p1                0.20%    passed    100.00%
  48  DE126|Cluster-2584.0__TRINITY_DN9712_c0_g2_i1.p1                  0.20%    passed    100.00%
  49  DE680|Cluster-39481.0__TRINITY_DN17671_c0_g1_i2.p1               17.16%    passed    100.00%
  50  JJ15|Cluster-70121.0__TRINITY_DN4323_c2_g1_i7.p1                 22.49%    passed    100.00%
  51  DE542|Cluster-17016.0__TRINITY_DN9368_c0_g1_i1.p1                 0.79%    passed    100.00%
  52  DE566|Cluster-12504.0__TRINITY_DN15319_c0_g1_i2.p1                0.20%    passed    100.00%
  53  JJ131|Cluster-60312.0__TRINITY_DN7217_c0_g1_i1.p1                19.72%    passed     99.95%
  54  DRR234970|Cluster-3574.0__TRINITY_DN14268_c1_g1_i1.p1             0.20%    passed     99.96%
WARNING: 2 sequences contain more than 50% gaps/ambiguity
****  TOTAL                                                             6.33%  0 sequences failed composition chi2 test (p-value<5%; df=60)
Reading input tree file tmp.csubst.nwk ... rooted tree

NOTE: 54 MB RAM (0 GB) is required!
Measuring multi-threading efficiency up to 1 CPU cores
2 trees examined
Threads: 1 / Time: 2.709 sec / Speedup: 1.000 / Efficiency: 100% / LogL: -10978
BEST NUMBER OF THREADS: 1

Estimate model parameters (epsilon = 0.010)
1. Initial log-likelihood: -12152.474
2. Current log-likelihood: -8474.097
3. Current log-likelihood: -8474.068
4. Current log-likelihood: -8474.045
5. Current log-likelihood: -8474.025
6. Current log-likelihood: -8474.007
7. Current log-likelihood: -8473.991
8. Current log-likelihood: -8473.977
9. Current log-likelihood: -8473.963
10. Current log-likelihood: -8473.951
11. Current log-likelihood: -8473.940
12. Current log-likelihood: -8473.930
Optimal log-likelihood: -8473.920
Nonsynonymous/synonymous ratio (omega): 1.000
Transition/transversion ratio (kappa): 1.000
Site proportion and rates:  (0.567,0.367) (0.271,1.287) (0.136,2.179) (0.025,5.829)
Parameters optimization took 12 rounds (89.865 sec)
Wrote distance file to... 
BEST SCORE FOUND : -8473.920
Ancestral state probabilities printed to /mnt/data0/yue/2026-03-11-protein-convergence/results/OG_12515/csubst_w_s/csubst_input_alignment.fa.state
Empirical proportions for each category: 0.649 0.239 0.087 0.026
Site rates printed to /mnt/data0/yue/2026-03-11-protein-convergence/results/OG_12515/csubst_w_s/csubst_input_alignment.fa.rate
Total tree length: 2.430

Total number of iterations: 0
CPU time used for tree search: 0.000 sec (0h:0m:0s)
Wall-clock time used for tree search: 0.000 sec (0h:0m:0s)
Total CPU time used: 93.935 sec (0h:1m:33s)
Total wall-clock time used: 94.204 sec (0h:1m:34s)

Analysis results written to: 
  IQ-TREE report:                /mnt/data0/yue/2026-03-11-protein-convergence/results/OG_12515/csubst_w_s/csubst_input_alignment.fa.iqtree
  Maximum-likelihood tree:       /mnt/data0/yue/2026-03-11-protein-convergence/results/OG_12515/csubst_w_s/csubst_input_alignment.fa.treefile
  Site-specific rates:           /mnt/data0/yue/2026-03-11-protein-convergence/results/OG_12515/csubst_w_s/csubst_input_alignment.fa.rate
  Ancestral state:               /mnt/data0/yue/2026-03-11-protein-convergence/results/OG_12515/csubst_w_s/csubst_input_alignment.fa.state
  Screen log file:               /mnt/data0/yue/2026-03-11-protein-convergence/results/OG_12515/csubst_w_s/csubst_input_alignment.fa.log

Date and Time: Thu Mar 26 23:31:17 2026
