IQ-TREE multicore version 2.4.0 for Linux x86 64-bit built Feb 12 2025
Developed by Bui Quang Minh, Nguyen Lam Tung, Olga Chernomor, Heiko Schmidt,
Dominik Schrempf, Michael Woodhams, Ly Trong Nhan, Thomas Wong

Host:    brain (AVX2, FMA3, 2015 GB RAM)
Command: /home/yue/miniconda3/envs/py39/bin/iqtree -s /mnt/data0/yue/2026-03-11-protein-convergence/results/OG_923/csubst_w_s/csubst_input_alignment.fa -te tmp.csubst.nwk -m ECMK07+F+R4 --seqtype CODON1 --threads-max 1 -T AUTO --ancestral --rate --redo
Seed:    201105 (Using SPRNG - Scalable Parallel Random Number Generator)
Time:    Sat Mar 28 05:20:35 2026
Kernel:  AVX+FMA - auto-detect threads (128 CPU cores detected)

Reading alignment file /mnt/data0/yue/2026-03-11-protein-convergence/results/OG_923/csubst_w_s/csubst_input_alignment.fa ... Fasta format detected
Reading fasta file: done in 0.0010459 secs using 33.27% CPU
Alignment most likely contains DNA/RNA sequences
Converting to codon sequences with genetic code 1 ...
Alignment has 110 sequences with 176 columns, 175 distinct patterns
128 parsimony-informative, 32 singleton sites, 16 constant sites
                                                               Gap/Ambiguity  Composition  p-value
Analyzing sequences: done in 5.05447e-05 secs using 33.63% CPU
   1  DE523|Cluster-22611.0__TRINITY_DN567_c1_g1_i3.p1                40.34%    passed     98.97%
   2  JJ85|Cluster-34685.0__TRINITY_DN8040_c0_g1_i5.p1                 0.00%    passed    100.00%
   3  DE88|Cluster-30999.0__TRINITY_DN15081_c0_g2_i2.p1               26.70%    passed     97.78%
   4  DRR082660|Cluster-39605.0__TRINITY_DN12747_c0_g1_i1.p1          17.61%    passed    100.00%
   5  DE127|Cluster-28860.2__TRINITY_DN1547_c0_g1_i6.p1               40.34%    passed     99.89%
   6  DRR082660|Cluster-41003.1__TRINITY_DN3745_c0_g1_i2.p1            0.00%    passed    100.00%
   7  SRR3407095|Cluster-37706.0__TRINITY_DN6008_c0_g1_i5.p1           0.00%    passed    100.00%
   8  DE69|Cluster-14093.0__TRINITY_DN3401_c1_g1_i1.p1                 0.00%    passed    100.00%
   9  DE126|Cluster-24487.0__TRINITY_DN4252_c0_g1_i12.p1               0.00%    passed    100.00%
  10  DE127|Cluster-3394.0__TRINITY_DN1547_c0_g2_i2.p1                 0.00%    passed    100.00%
  11  DE546_urceolata_l|Cluster-44253.0__TRINITY_DN1573_c2_g2_i3.p1    0.00%    passed    100.00%
  12  DE554|Cluster-19926.0__TRINITY_DN2819_c0_g2_i1.p1               23.30%    passed    100.00%
  13  JJ86|Cluster-47494.3__TRINITY_DN1643_c1_g1_i8.p1                 0.00%    passed    100.00%
  14  DE575|Cluster-65453.1__TRINITY_DN3447_c1_g1_i3.p1                0.00%    passed    100.00%
  15  DE681|Cluster-28326.0__TRINITY_DN7604_c1_g2_i2.p1                0.00%    passed    100.00%
  16  DE765|Cluster-37849.0__TRINITY_DN4979_c0_g1_i3.p1                0.00%    passed    100.00%
  17  DE666|Cluster-36042.0__TRINITY_DN611_c0_g1_i5.p1                 0.00%    passed    100.00%
  18  DE162|Cluster-17453.1__TRINITY_DN6413_c0_g2_i2.p1                0.00%    passed    100.00%
  19  DE528|Cluster-7771.0__TRINITY_DN2115_c0_g2_i5.p1                 0.00%    passed    100.00%
  20  DE704-purple|Cluster-45927.0__TRINITY_DN5112_c1_g2_i2.p1         0.00%    passed    100.00%
  21  DE704-white|Cluster-54746.2__TRINITY_DN7659_c2_g1_i6.p1          0.00%    passed    100.00%
  22  DE507|Cluster-78331.0__TRINITY_DN2959_c1_g2_i1.p1                0.00%    passed    100.00%
  23  DE680|Cluster-48793.3__TRINITY_DN2688_c0_g1_i7.p1               17.61%    passed    100.00%
  24  DE152|Cluster-20277.1__TRINITY_DN1903_c0_g1_i45.p1               8.52%    passed    100.00%
  25  DE162|Cluster-21186.0__TRINITY_DN6413_c0_g4_i1.p1                8.52%    passed    100.00%
  26  DE528|Cluster-58967.1__TRINITY_DN24204_c0_g1_i3.p1               8.52%    passed    100.00%
  27  DE680|Cluster-39336.0__TRINITY_DN2688_c0_g1_i11.p1               8.52%    passed    100.00%
  28  DE507|Cluster-51624.0__TRINITY_DN16943_c0_g1_i2.p1               8.52%    passed    100.00%
  29  DE575|Cluster-35528.0__TRINITY_DN8756_c0_g1_i4.p1                8.52%    passed    100.00%
  30  DE765|Cluster-17161.0__TRINITY_DN7596_c0_g1_i5.p1                8.52%    passed    100.00%
  31  DE554|Cluster-40765.1__TRINITY_DN2819_c0_g1_i7.p1                8.52%    passed    100.00%
  32  DE681|Cluster-62737.0__TRINITY_DN13825_c1_g1_i4.p1               8.52%    passed    100.00%
  33  DE704-purple|Cluster-6246.0__TRINITY_DN8561_c0_g1_i1.p1         26.14%    passed     99.99%
  34  DE229|Cluster-84764.0__TRINITY_DN9358_c0_g1_i1.p1                8.52%    passed     99.95%
  35  DE623|Cluster-44720.0__TRINITY_DN1487_c0_g1_i6.p1                8.52%    passed    100.00%
  36  DE668|Cluster-51620.2__TRINITY_DN16331_c0_g1_i32.p1              8.52%    passed    100.00%
  37  DE666|Cluster-34509.0__TRINITY_DN7746_c0_g1_i9.p1               23.30%    passed    100.00%
  38  DE115|Cluster-54649.0__TRINITY_DN2669_c1_g1_i1.p1               23.30%    passed    100.00%
  39  DE152|Cluster-37503.0__TRINITY_DN857_c1_g1_i4.p1                 0.00%    passed    100.00%
  40  DE560|Cluster-33697.0__TRINITY_DN9099_c0_g2_i1.p1                0.00%    passed    100.00%
  41  DE566|Cluster-57016.1__TRINITY_DN35205_c0_g1_i14.p1              0.00%    passed    100.00%
  42  JJ99|Cluster-30929.3__TRINITY_DN5718_c1_g1_i1.p1                 0.00%    passed    100.00%
  43  JJ23|Cluster-18920.0__TRINITY_DN1635_c1_g1_i3.p1                 0.00%    passed    100.00%
  44  DE503|Cluster-47235.0__TRINITY_DN2776_c0_g2_i6.p1                0.00%    passed    100.00%
  45  DE505|Cluster-14086.1__TRINITY_DN66_c0_g4_i1.p1                  0.00%    passed    100.00%
  46  SRR3407086|Cluster-37078.0__TRINITY_DN4353_c0_g1_i7.p1           0.00%    passed    100.00%
  47  SRR3407092|Cluster-21609.0__TRINITY_DN3975_c0_g1_i2.p1           0.00%    passed    100.00%
  48  SRR3407093|Cluster-26140.0__TRINITY_DN17018_c0_g2_i2.p1          0.00%    passed    100.00%
  49  SRR3407094|Cluster-24777.0__TRINITY_DN2870_c0_g1_i9.p1          23.30%    passed     99.98%
  50  SRR3424066|Cluster-17014.2__TRINITY_DN3671_c0_g1_i5.p1           0.00%    passed    100.00%
  51  DE561|Cluster-12484.3__TRINITY_DN1029_c0_g1_i12.p1               0.00%    passed    100.00%
  52  SRR3407087|Cluster-33619.0__TRINITY_DN1159_c0_g1_i2.p1           0.00%    passed    100.00%
  53  DE534|Cluster-33860.17__TRINITY_DN5026_c0_g1_i5.p1               0.00%    passed     99.99%
  54  DE189|Cluster-50199.0__TRINITY_DN2874_c0_g2_i1.p1                0.57%    passed    100.00%
  55  JJ130|Cluster-14126.0__TRINITY_DN733_c0_g1_i6.p1                 0.57%    passed    100.00%
  56  DE519|Cluster-65891.0__TRINITY_DN25689_c0_g1_i2.p1               0.00%    passed    100.00%
  57  DE741|Cluster-41461.0__TRINITY_DN6073_c0_g2_i3.p1                0.00%    passed    100.00%
  58  DE531|Cluster-36786.0__TRINITY_DN2791_c0_g1_i1.p1                0.00%    passed    100.00%
  59  DE696-nodots|Cluster-39891.0__TRINITY_DN6591_c0_g2_i1.p1         0.00%    passed    100.00%
  60  JJ36|Cluster-24493.0__TRINITY_DN1087_c0_g3_i1.p1                 0.00%    passed    100.00%
  61  DE550|Cluster-36325.0__TRINITY_DN13212_c0_g1_i2.p1              23.30%    passed     99.93%
  62  DE549|Cluster-51801.0__TRINITY_DN262_c2_g1_i2.p1                32.95%    passed     99.12%
  63  DE671|Cluster-59682.0__TRINITY_DN5892_c1_g1_i2.p1                0.00%    passed    100.00%
  64  DE672|Cluster-16695.1__TRINITY_DN4112_c0_g2_i1.p1               17.61%    passed    100.00%
  65  DE764|Cluster-13956.0__TRINITY_DN4194_c0_g3_i1.p1                0.00%    passed    100.00%
  66  JJ89|Cluster-28707.0__TRINITY_DN1862_c1_g1_i1.p1                17.61%    passed     97.98%
  67  JJ125|Cluster-18976.0__TRINITY_DN3884_c0_g1_i4.p1                0.00%    passed     99.96%
  68  DE164|Cluster-38262.3__TRINITY_DN6533_c0_g1_i18.p1               0.00%    passed    100.00%
  69  DE643|Cluster-75111.0__TRINITY_DN9589_c0_g1_i2.p1               17.61%    passed    100.00%
  70  DE151|Cluster-55340.2__TRINITY_DN6599_c1_g2_i1.p1                0.00%    passed    100.00%
  71  DE173|Cluster-31942.1__TRINITY_DN11112_c0_g1_i8.p1               0.00%    passed    100.00%
  72  DE519|Cluster-74181.0__TRINITY_DN25689_c0_g2_i1.p1              31.82%    passed     99.94%
  73  SRR3407088|Cluster-31147.9__TRINITY_DN5515_c0_g3_i1.p1           0.00%    passed    100.00%
  74  DE503|Cluster-12365.1__TRINITY_DN2776_c0_g2_i5.p1                0.00%    passed    100.00%
  75  DE505|Cluster-50001.1__TRINITY_DN66_c0_g2_i1.p1                  0.00%    passed    100.00%
  76  DE510|Cluster-53367.0__TRINITY_DN1393_c0_g2_i12.p1               0.00%    passed    100.00%
  77  SRR3407087|Cluster-28969.1__TRINITY_DN1159_c0_g2_i3.p1           0.00%    passed    100.00%
  78  SRR3407094|Cluster-34471.0__TRINITY_DN2870_c0_g1_i13.p1          0.00%    passed    100.00%
  79  SRR3407092|Cluster-12604.2__TRINITY_DN21576_c0_g1_i3.p1          0.00%    passed    100.00%
  80  SRR3407093|Cluster-28503.0__TRINITY_DN17018_c0_g1_i17.p1        23.30%    passed    100.00%
  81  SRR3407086|Cluster-28452.0__TRINITY_DN4353_c0_g2_i2.p1           0.00%    passed    100.00%
  82  SRR3407095|Cluster-50904.0__TRINITY_DN6008_c0_g2_i1.p1          23.30%    passed    100.00%
  83  SRR3407096|Cluster-27323.1__TRINITY_DN6837_c0_g1_i28.p1         23.30%    passed     99.95%
  84  DE164|Cluster-56931.0__TRINITY_DN3312_c2_g1_i3.p1                1.14%    passed    100.00%
  85  DE189|Cluster-35034.1__TRINITY_DN2874_c0_g1_i1.p1                0.00%    passed    100.00%
  86  JJ109|Cluster-40809.3__TRINITY_DN375_c0_g1_i24.p1                0.00%    passed    100.00%
  87  DE88|Cluster-40401.0__TRINITY_DN15081_c0_g1_i7.p1                0.57%    passed    100.00%
  88  JJ130|Cluster-35762.0__TRINITY_DN733_c0_g1_i2.p1                 6.82%    passed    100.00%
  89  DE504|Cluster-44573.0__TRINITY_DN2261_c0_g1_i1.p1                0.00%    passed     99.04%
  90  DE531|Cluster-38045.1__TRINITY_DN2791_c0_g2_i4.p1               22.73%    passed    100.00%
  91  DE643|Cluster-44226.0__TRINITY_DN9589_c0_g2_i1.p1                0.00%    passed    100.00%
  92  DE671|Cluster-28438.0__TRINITY_DN5892_c0_g1_i6.p1                0.00%    passed    100.00%
  93  DE696-dots|Cluster-38303.1__TRINITY_DN1719_c0_g1_i7.p1          22.73%    passed    100.00%
  94  DE550|Cluster-42939.2__TRINITY_DN853_c3_g1_i45.p1                0.00%    passed     99.93%
  95  DE764|Cluster-19128.2__TRINITY_DN4194_c0_g1_i9.p1                0.00%    passed    100.00%
  96  JJ89|Cluster-42066.0__TRINITY_DN1862_c0_g1_i4.p1                 0.57%    passed    100.00%
  97  JJ85|Cluster-35851.0__TRINITY_DN10666_c0_g1_i2.p1               11.93%    passed    100.00%
  98  DE741|Cluster-44123.0__TRINITY_DN6073_c0_g1_i8.p1                0.00%    passed    100.00%
  99  DE737|Cluster-52592.0__TRINITY_DN1120_c0_g3_i1.p1                0.00%    passed    100.00%
 100  DE509|Cluster-44618.0__TRINITY_DN13461_c1_g4_i2.p1              22.73%    passed    100.00%
 101  DE736|Cluster-60088.1__TRINITY_DN2037_c0_g1_i7.p1                0.00%    passed    100.00%
 102  DE672|Cluster-54288.0__TRINITY_DN4112_c0_g1_i1.p1                0.00%    passed    100.00%
 103  JJ125|Cluster-18716.54__TRINITY_DN3884_c0_g1_i3.p1               0.57%    passed    100.00%
 104  DE181|Cluster-46475.1__TRINITY_DN1405_c0_g1_i9.p1                0.00%    passed    100.00%
 105  DE542|Cluster-56511.1__TRINITY_DN2719_c0_g2_i9.p1                0.00%    passed    100.00%
 106  JJ15|Cluster-69595.3__TRINITY_DN7834_c0_g1_i3.p1                 0.00%    passed    100.00%
 107  DE476|Cluster-36232.4__TRINITY_DN32517_c0_g1_i11.p1              0.00%    passed    100.00%
 108  DE216|Cluster-39285.4__TRINITY_DN5274_c1_g1_i9.p1                0.00%    passed    100.00%
 109  SRR104381|Cluster-26425.0__TRINITY_DN25846_c0_g1_i1.p1          15.34%    passed    100.00%
 110  SRR5150740|Cluster-24311.0__TRINITY_DN28418_c0_g1_i1.p1          0.00%    passed    100.00%
****  TOTAL                                                            6.19%  0 sequences failed composition chi2 test (p-value<5%; df=60)
Reading input tree file tmp.csubst.nwk ... rooted tree

NOTE: 49 MB RAM (0 GB) is required!
Measuring multi-threading efficiency up to 1 CPU cores
2 trees examined
Threads: 1 / Time: 2.820 sec / Speedup: 1.000 / Efficiency: 100% / LogL: -13035
BEST NUMBER OF THREADS: 1

Estimate model parameters (epsilon = 0.010)
1. Initial log-likelihood: -8831.185
2. Current log-likelihood: -6596.583
3. Current log-likelihood: -6587.725
4. Current log-likelihood: -6587.693
Optimal log-likelihood: -6587.683
Nonsynonymous/synonymous ratio (omega): 1.000
Transition/transversion ratio (kappa): 1.000
Site proportion and rates:  (0.644,0.449) (0.251,1.487) (0.103,3.189) (0.002,4.193)
Parameters optimization took 4 rounds (37.420 sec)
Wrote distance file to... 
BEST SCORE FOUND : -6587.683
Ancestral state probabilities printed to /mnt/data0/yue/2026-03-11-protein-convergence/results/OG_923/csubst_w_s/csubst_input_alignment.fa.state
Empirical proportions for each category: 0.670 0.239 0.091 0.000
Site rates printed to /mnt/data0/yue/2026-03-11-protein-convergence/results/OG_923/csubst_w_s/csubst_input_alignment.fa.rate
Total tree length: 6.990

Total number of iterations: 0
CPU time used for tree search: 0.000 sec (0h:0m:0s)
Wall-clock time used for tree search: 0.000 sec (0h:0m:0s)
Total CPU time used: 41.772 sec (0h:0m:41s)
Total wall-clock time used: 41.930 sec (0h:0m:41s)

Analysis results written to: 
  IQ-TREE report:                /mnt/data0/yue/2026-03-11-protein-convergence/results/OG_923/csubst_w_s/csubst_input_alignment.fa.iqtree
  Maximum-likelihood tree:       /mnt/data0/yue/2026-03-11-protein-convergence/results/OG_923/csubst_w_s/csubst_input_alignment.fa.treefile
  Site-specific rates:           /mnt/data0/yue/2026-03-11-protein-convergence/results/OG_923/csubst_w_s/csubst_input_alignment.fa.rate
  Ancestral state:               /mnt/data0/yue/2026-03-11-protein-convergence/results/OG_923/csubst_w_s/csubst_input_alignment.fa.state
  Screen log file:               /mnt/data0/yue/2026-03-11-protein-convergence/results/OG_923/csubst_w_s/csubst_input_alignment.fa.log

Date and Time: Sat Mar 28 05:21:17 2026
