IQ-TREE multicore version 2.4.0 for Linux x86 64-bit built Feb 12 2025
Developed by Bui Quang Minh, Nguyen Lam Tung, Olga Chernomor, Heiko Schmidt,
Dominik Schrempf, Michael Woodhams, Ly Trong Nhan, Thomas Wong

Host:    brain (AVX2, FMA3, 2015 GB RAM)
Command: /home/yue/miniconda3/envs/py39/bin/iqtree -s /mnt/data0/yue/2026-03-11-protein-convergence/results/OG_8237/csubst_w_s/csubst_input_alignment.fa -te tmp.csubst.nwk -m ECMK07+F+R4 --seqtype CODON1 --threads-max 1 -T AUTO --ancestral --rate --redo
Seed:    443552 (Using SPRNG - Scalable Parallel Random Number Generator)
Time:    Sat Mar 28 02:57:12 2026
Kernel:  AVX+FMA - auto-detect threads (128 CPU cores detected)

Reading alignment file /mnt/data0/yue/2026-03-11-protein-convergence/results/OG_8237/csubst_w_s/csubst_input_alignment.fa ... Fasta format detected
Reading fasta file: done in 0.00215265 secs using 93.37% CPU
Alignment most likely contains DNA/RNA sequences
Converting to codon sequences with genetic code 1 ...
Alignment has 63 sequences with 665 columns, 631 distinct patterns
296 parsimony-informative, 194 singleton sites, 175 constant sites
                                                           Gap/Ambiguity  Composition  p-value
Analyzing sequences: done in 0.000108108 secs using 98.98% CPU
   1  DE503|Cluster-44081.1__TRINITY_DN16885_c0_g1_i3.p1           0.15%    passed    100.00%
   2  DE704-white|Cluster-55142.0__TRINITY_DN7586_c0_g1_i3.p1     43.91%    passed     90.13%
   3  SRR5150740|Cluster-64458.1__TRINITY_DN8871_c0_g2_i2.p1       6.77%    passed     94.69%
   4  JJ23|Cluster-10131.0__TRINITY_DN30346_c0_g1_i1.p1            0.15%    passed    100.00%
   5  DE181|Cluster-14333.2__TRINITY_DN3023_c0_g1_i12.p1           4.21%    passed     99.98%
   6  SRR3407086|Cluster-534.0__TRINITY_DN47704_c0_g1_i1.p1       59.10%    passed     99.99%
   7  SRR3407088|Cluster-37487.0__TRINITY_DN7659_c0_g1_i7.p1      29.77%    passed    100.00%
   8  SRR3424066|Cluster-1267.0__TRINITY_DN10365_c0_g4_i1.p1      29.77%    passed    100.00%
   9  DE561|Cluster-25005.1__TRINITY_DN11819_c0_g1_i1.p1          29.77%    passed    100.00%
  10  JJ131|Cluster-17899.0__TRINITY_DN130274_c0_g1_i1.p1          0.30%    passed     99.86%
  11  DE536|Cluster-6461.0__TRINITY_DN6895_c0_g1_i1.p1            22.56%    passed     27.45%
  12  DE115|Cluster-40153.0__TRINITY_DN71351_c0_g1_i1.p1          39.25%    passed     99.82%
  13  DE126|Cluster-20664.3__TRINITY_DN6264_c0_g1_i5.p1            0.30%    passed    100.00%
  14  DE507|Cluster-50716.0__TRINITY_DN9600_c0_g2_i1.p1           59.10%    passed     94.27%
  15  DE554|Cluster-39723.0__TRINITY_DN23614_c0_g1_i1.p1          29.77%    passed    100.00%
  16  DE563|Cluster-15548.0__TRINITY_DN70876_c0_g1_i1.p1          59.10%    passed     99.46%
  17  DE162|Cluster-29606.0__TRINITY_DN12854_c1_g2_i1.p1          59.10%    passed     97.78%
  18  DE528|Cluster-26949.0__TRINITY_DN13103_c0_g1_i5.p1          39.25%    passed     99.93%
  19  DE680|Cluster-48483.0__TRINITY_DN5367_c0_g2_i2.p1           39.25%    passed     99.95%
  20  DE704-purple|Cluster-32693.0__TRINITY_DN11726_c0_g1_i1.p1    0.75%    passed     99.99%
  21  JJ86|Cluster-44321.0__TRINITY_DN7463_c1_g1_i1.p1            29.77%    passed    100.00%
  22  DE623|Cluster-59601.0__TRINITY_DN11772_c2_g1_i1.p1          39.25%    passed     99.87%
  23  JJ125|Cluster-27415.0__TRINITY_DN6244_c0_g2_i1.p1           39.25%    passed     99.99%
  24  DE575|Cluster-65258.11__TRINITY_DN4411_c0_g1_i6.p1          29.77%    passed    100.00%
  25  DE681|Cluster-45865.0__TRINITY_DN17777_c0_g3_i1.p1           0.15%    passed    100.00%
  26  DE765|Cluster-35267.0__TRINITY_DN17635_c0_g1_i1.p1          29.77%    passed    100.00%
  27  DE229|Cluster-90778.0__TRINITY_DN14311_c0_g1_i2.p1          40.00%    passed     99.50%
  28  JJ99|Cluster-38231.0__TRINITY_DN3749_c0_g2_i1.p1            39.25%    passed     99.98%
  29  DE152|Cluster-24540.0__TRINITY_DN19516_c0_g1_i26.p1         49.02%    passed     99.61%
  30  SRR3407096|Cluster-1093.0__TRINITY_DN30555_c0_g1_i1.p1      40.00%    passed     99.99%
  31  DE523|Cluster-24484.0__TRINITY_DN82694_c0_g1_i1.p1          40.00%    passed     99.98%
  32  SRR3407095|Cluster-6279.0__TRINITY_DN22635_c0_g1_i1.p1      39.25%    passed     99.97%
  33  DE69|Cluster-39361.0__TRINITY_DN33916_c0_g1_i1.p1           39.25%    passed     99.87%
  34  DE737|Cluster-37311.0__TRINITY_DN12445_c0_g1_i2.p1          39.25%    passed     99.97%
  35  DE504|Cluster-13231.0__TRINITY_DN11726_c1_g1_i1.p1          29.77%    passed    100.00%
  36  DE736|Cluster-48522.0__TRINITY_DN14105_c0_g1_i1.p1           0.15%    passed    100.00%
  37  DE549|Cluster-47257.0__TRINITY_DN74181_c0_g1_i1.p1          59.10%    passed     99.45%
  38  JJ89|Cluster-11431.0__TRINITY_DN13910_c0_g1_i1.p1            0.15%    passed    100.00%
  39  DE764|Cluster-22848.0__TRINITY_DN18307_c0_g2_i1.p1           0.15%    passed    100.00%
  40  DE151|Cluster-2246.0__TRINITY_DN13644_c0_g1_i1.p1            0.15%    passed    100.00%
  41  DE189|Cluster-34321.0__TRINITY_DN6271_c0_g1_i1.p1            0.15%    passed    100.00%
  42  JJ109|Cluster-46255.0__TRINITY_DN16199_c0_g1_i1.p1           0.15%    passed    100.00%
  43  DE173|Cluster-15392.0__TRINITY_DN13274_c0_g1_i1.p1           0.15%    passed    100.00%
  44  JJ130|Cluster-10181.0__TRINITY_DN21335_c0_g1_i1.p1           0.15%    passed    100.00%
  45  DE164|Cluster-31139.0__TRINITY_DN3244_c0_g1_i2.p1           29.77%    passed    100.00%
  46  DE643|Cluster-28202.2__TRINITY_DN42427_c1_g1_i3.p1          29.77%    passed    100.00%
  47  DE671|Cluster-29834.0__TRINITY_DN14639_c0_g1_i4.p1           0.00%    passed     99.92%
  48  DE672|Cluster-31448.1__TRINITY_DN4337_c0_g2_i1.p1           29.77%    passed    100.00%
  49  DE505|Cluster-16641.0__TRINITY_DN1205_c0_g1_i7.p1            0.15%    passed     99.99%
  50  DE510|Cluster-18831.1__TRINITY_DN19230_c0_g1_i2.p1          29.77%    passed    100.00%
  51  SRR3407093|Cluster-10691.1__TRINITY_DN6981_c0_g1_i4.p1      29.77%    passed    100.00%
  52  SRR3407094|Cluster-14650.0__TRINITY_DN14653_c0_g1_i1.p1     43.16%    passed     99.90%
  53  SRR3407092|Cluster-31056.0__TRINITY_DN12044_c2_g1_i2.p1      0.15%    passed    100.00%
  54  DE741|Cluster-31285.0__TRINITY_DN8767_c1_g1_i2.p1           40.30%    passed     99.86%
  55  DE560|Cluster-9086.0__TRINITY_DN13281_c0_g1_i1.p1           29.77%    passed     99.96%
  56  JJ15|Cluster-38549.0__TRINITY_DN7351_c0_g1_i22.p1           72.48%    passed     74.42%
  57  DE216|Cluster-77055.0__TRINITY_DN7955_c0_g1_i15.p1          54.29%    passed     99.17%
  58  DRR234970|Cluster-587.0__TRINITY_DN32040_c0_g1_i1.p1         2.41%    passed     93.20%
  59  JJ74|Cluster-71945.0__TRINITY_DN78051_c0_g2_i2.p1            0.15%    passed    100.00%
  60  DE531|Cluster-46086.0__TRINITY_DN11577_c0_g1_i1.p1           0.15%    passed    100.00%
  61  JJ36|Cluster-13506.0__TRINITY_DN9461_c1_g2_i2.p1            34.59%    passed     21.68%
  62  DE696-dots|Cluster-14484.0__TRINITY_DN6972_c0_g2_i1.p1       0.15%    passed    100.00%
  63  DE566|Cluster-28428.1__TRINITY_DN17782_c0_g1_i7.p1           1.80%    passed     99.99%
WARNING: 7 sequences contain more than 50% gaps/ambiguity
****  TOTAL                                                       24.84%  0 sequences failed composition chi2 test (p-value<5%; df=60)
Reading input tree file tmp.csubst.nwk ... rooted tree

NOTE: 82 MB RAM (0 GB) is required!
Measuring multi-threading efficiency up to 1 CPU cores
2 trees examined
Threads: 1 / Time: 4.414 sec / Speedup: 1.000 / Efficiency: 100% / LogL: -16565
BEST NUMBER OF THREADS: 1

Estimate model parameters (epsilon = 0.010)
1. Initial log-likelihood: -16940.119
2. Current log-likelihood: -11611.248
3. Current log-likelihood: -11611.143
4. Current log-likelihood: -11611.066
5. Current log-likelihood: -11610.997
6. Current log-likelihood: -11610.922
7. Current log-likelihood: -11595.174
8. Current log-likelihood: -11595.134
9. Current log-likelihood: -11595.107
10. Current log-likelihood: -11595.089
11. Current log-likelihood: -11595.076
Optimal log-likelihood: -11595.067
Nonsynonymous/synonymous ratio (omega): 1.000
Transition/transversion ratio (kappa): 1.000
Site proportion and rates:  (0.451,0.370) (0.324,0.925) (0.199,2.077) (0.026,4.632)
Parameters optimization took 11 rounds (154.240 sec)
Wrote distance file to... 
BEST SCORE FOUND : -11595.067
Ancestral state probabilities printed to /mnt/data0/yue/2026-03-11-protein-convergence/results/OG_8237/csubst_w_s/csubst_input_alignment.fa.state
Empirical proportions for each category: 0.550 0.248 0.186 0.015
Site rates printed to /mnt/data0/yue/2026-03-11-protein-convergence/results/OG_8237/csubst_w_s/csubst_input_alignment.fa.rate
Total tree length: 2.974

Total number of iterations: 0
CPU time used for tree search: 0.000 sec (0h:0m:0s)
Wall-clock time used for tree search: 0.000 sec (0h:0m:0s)
Total CPU time used: 161.085 sec (0h:2m:41s)
Total wall-clock time used: 161.421 sec (0h:2m:41s)

Analysis results written to: 
  IQ-TREE report:                /mnt/data0/yue/2026-03-11-protein-convergence/results/OG_8237/csubst_w_s/csubst_input_alignment.fa.iqtree
  Maximum-likelihood tree:       /mnt/data0/yue/2026-03-11-protein-convergence/results/OG_8237/csubst_w_s/csubst_input_alignment.fa.treefile
  Site-specific rates:           /mnt/data0/yue/2026-03-11-protein-convergence/results/OG_8237/csubst_w_s/csubst_input_alignment.fa.rate
  Ancestral state:               /mnt/data0/yue/2026-03-11-protein-convergence/results/OG_8237/csubst_w_s/csubst_input_alignment.fa.state
  Screen log file:               /mnt/data0/yue/2026-03-11-protein-convergence/results/OG_8237/csubst_w_s/csubst_input_alignment.fa.log

Date and Time: Sat Mar 28 02:59:53 2026
