IQ-TREE multicore version 2.4.0 for Linux x86 64-bit built Feb 12 2025
Developed by Bui Quang Minh, Nguyen Lam Tung, Olga Chernomor, Heiko Schmidt,
Dominik Schrempf, Michael Woodhams, Ly Trong Nhan, Thomas Wong

Host:    brain (AVX2, FMA3, 2015 GB RAM)
Command: /home/yue/miniconda3/envs/py39/bin/iqtree -s /mnt/data0/yue/2026-03-11-protein-convergence/results/OG_4920/csubst_w_s/csubst_input_alignment.fa -te tmp.csubst.nwk -m ECMK07+F+R4 --seqtype CODON1 --threads-max 1 -T AUTO --ancestral --rate --redo
Seed:    880465 (Using SPRNG - Scalable Parallel Random Number Generator)
Time:    Fri Mar 27 15:52:11 2026
Kernel:  AVX+FMA - auto-detect threads (128 CPU cores detected)

Reading alignment file /mnt/data0/yue/2026-03-11-protein-convergence/results/OG_4920/csubst_w_s/csubst_input_alignment.fa ... Fasta format detected
Reading fasta file: done in 0.00248487 secs using 10.99% CPU
Alignment most likely contains DNA/RNA sequences
Converting to codon sequences with genetic code 1 ...
Alignment has 77 sequences with 657 columns, 620 distinct patterns
315 parsimony-informative, 185 singleton sites, 157 constant sites
                                                                Gap/Ambiguity  Composition  p-value
Analyzing sequences: done in 0.000112712 secs using 98.48% CPU
   1  DE115|Cluster-432.0__TRINITY_DN9705_c0_g1_i1.p1                   0.00%    passed    100.00%
   2  DRR082660|Cluster-28013.0__TRINITY_DN31610_c0_g1_i1.p1            0.15%    passed    100.00%
   3  DE668|Cluster-49999.0__TRINITY_DN8911_c0_g1_i1.p1                 0.00%    passed    100.00%
   4  DE764|Cluster-21087.0__TRINITY_DN3337_c3_g1_i3.p1                 6.39%    passed    100.00%
   5  JJ99|Cluster-48115.0__TRINITY_DN1920_c1_g2_i2.p1                 17.96%    passed    100.00%
   6  DRR082665|Cluster-45563.0__TRINITY_DN42986_c0_g1_i1.p1            7.91%    failed      0.69%
   7  DE127|Cluster-5938.0__TRINITY_DN31578_c0_g1_i13.p1                0.30%    passed    100.00%
   8  DE554|Cluster-55127.0__TRINITY_DN9973_c0_g1_i2.p1                 0.30%    passed    100.00%
   9  SRR3407095|Cluster-3213.0__TRINITY_DN7416_c0_g1_i1.p1             0.61%    passed    100.00%
  10  DE69|Cluster-22193.0__TRINITY_DN6482_c1_g1_i2.p1                 42.16%    passed     94.32%
  11  DE666|Cluster-29301.0__TRINITY_DN5211_c0_g1_i1.p1                42.01%    passed     80.87%
  12  DE623|Cluster-46624.0__TRINITY_DN4578_c0_g1_i2.p1                 0.00%    passed    100.00%
  13  DE680|Cluster-46790.0__TRINITY_DN20265_c0_g1_i1.p1                0.00%    passed    100.00%
  14  DE541|Cluster-46586.0__TRINITY_DN3130_c1_g1_i2.p1                17.96%    passed    100.00%
  15  DE164|Cluster-19789.1__TRINITY_DN6360_c1_g1_i1.p1                 7.76%    passed    100.00%
  16  DE546_urceolata_l|Cluster-26811.0__TRINITY_DN13462_c0_g1_i1.p1    0.15%    passed    100.00%
  17  DE126|Cluster-19605.0__TRINITY_DN12961_c0_g1_i1.p1                0.15%    passed    100.00%
  18  JJ74|Cluster-35396.0__TRINITY_DN12784_c0_g2_i1.p1                43.23%    passed     70.54%
  19  DE536|Cluster-37561.0__TRINITY_DN2085_c0_g3_i8.p1                 0.15%    passed    100.00%
  20  DE162|Cluster-16792.0__TRINITY_DN25253_c0_g1_i2.p1                0.15%    passed    100.00%
  21  DE507|Cluster-15861.0__TRINITY_DN12352_c0_g1_i1.p1                0.15%    passed    100.00%
  22  DE528|Cluster-19353.0__TRINITY_DN93944_c0_g1_i1.p1                0.15%    passed    100.00%
  23  DE704-purple|Cluster-43112.0__TRINITY_DN22357_c0_g1_i1.p1         0.15%    passed    100.00%
  24  DE704-white|Cluster-33286.0__TRINITY_DN24808_c0_g1_i1.p1          0.15%    passed    100.00%
  25  DE519|Cluster-553.0__TRINITY_DN4950_c0_g3_i1.p1                   0.15%    passed    100.00%
  26  DE741|Cluster-46059.0__TRINITY_DN19688_c0_g1_i1.p1                0.15%    passed    100.00%
  27  DE181|Cluster-55029.0__TRINITY_DN94363_c0_g1_i1.p1                0.15%    passed    100.00%
  28  SRR3407088|Cluster-19969.0__TRINITY_DN6627_c0_g1_i1.p1            0.15%    passed    100.00%
  29  SRR3407086|Cluster-4605.0__TRINITY_DN95771_c0_g1_i1.p1            0.15%    passed    100.00%
  30  SRR3424066|Cluster-30240.0__TRINITY_DN33401_c0_g1_i1.p1           0.15%    passed    100.00%
  31  DE561|Cluster-10280.0__TRINITY_DN3875_c0_g2_i1.p1                 0.15%    passed    100.00%
  32  DE503|Cluster-33212.0__TRINITY_DN21246_c2_g1_i1.p1                0.15%    passed    100.00%
  33  DE510|Cluster-24195.0__TRINITY_DN9606_c1_g1_i1.p1                 0.15%    passed    100.00%
  34  SRR3407093|Cluster-12948.0__TRINITY_DN55_c0_g1_i1.p1              0.15%    passed    100.00%
  35  SRR3407087|Cluster-17850.0__TRINITY_DN41589_c0_g1_i1.p1           0.15%    passed    100.00%
  36  SRR3407092|Cluster-33741.0__TRINITY_DN25435_c0_g1_i2.p1           0.15%    passed    100.00%
  37  DE505|Cluster-13261.0__TRINITY_DN27549_c0_g1_i1.p1                0.15%    passed    100.00%
  38  SRR3407094|Cluster-21812.0__TRINITY_DN46360_c0_g1_i1.p1           0.15%    passed    100.00%
  39  SRR3407096|Cluster-14491.0__TRINITY_DN29790_c0_g1_i1.p1           0.15%    passed    100.00%
  40  JJ89|Cluster-28796.1__TRINITY_DN8390_c2_g2_i4.p1                  0.15%    passed    100.00%
  41  DE504|Cluster-47993.0__TRINITY_DN16979_c0_g1_i2.p1                0.30%    passed    100.00%
  42  DE550|Cluster-38159.0__TRINITY_DN13766_c0_g1_i2.p1               42.16%    passed     93.33%
  43  DE737|Cluster-32089.0__TRINITY_DN5869_c0_g1_i1.p1                42.16%    passed     93.53%
  44  DE672|Cluster-34930.0__TRINITY_DN40489_c1_g1_i1.p1                0.15%    passed    100.00%
  45  DE560|Cluster-40151.0__TRINITY_DN7647_c0_g1_i4.p1                 0.15%    passed    100.00%
  46  DE152|Cluster-4079.0__TRINITY_DN8307_c0_g1_i1.p1                  0.15%    passed    100.00%
  47  DE229|Cluster-70232.0__TRINITY_DN5476_c0_g1_i8.p1                 0.15%    passed    100.00%
  48  JJ23|Cluster-44438.0__TRINITY_DN10506_c0_g1_i1.p1                 0.15%    passed    100.00%
  49  DE765|Cluster-21508.0__TRINITY_DN10379_c0_g1_i1.p1                0.46%    passed    100.00%
  50  DE575|Cluster-57065.0__TRINITY_DN8688_c1_g1_i1.p1                 0.15%    passed    100.00%
  51  DE681|Cluster-24703.0__TRINITY_DN63962_c0_g1_i1.p1                0.15%    passed    100.00%
  52  DE566|Cluster-19057.0__TRINITY_DN2052_c0_g2_i1.p1                 0.15%    passed    100.00%
  53  DE151|Cluster-3026.0__TRINITY_DN7029_c0_g1_i1.p1                  0.15%    passed    100.00%
  54  DE643|Cluster-25592.0__TRINITY_DN33249_c0_g2_i2.p1                0.15%    passed    100.00%
  55  DE173|Cluster-29104.0__TRINITY_DN8918_c0_g1_i1.p1                17.96%    passed    100.00%
  56  DE189|Cluster-14339.0__TRINITY_DN16801_c0_g1_i2.p1               30.29%    passed     99.99%
  57  JJ109|Cluster-14181.0__TRINITY_DN10995_c0_g1_i5.p1               17.96%    passed    100.00%
  58  DE88|Cluster-7723.0__TRINITY_DN7125_c0_g1_i1.p1                   0.15%    passed    100.00%
  59  DE476|Cluster-49545.0__TRINITY_DN2970_c0_g1_i1.p1                 0.15%    passed    100.00%
  60  DE696-nodots|Cluster-27783.0__TRINITY_DN1583_c1_g2_i1.p1          0.15%    passed    100.00%
  61  JJ36|Cluster-36654.0__TRINITY_DN7274_c0_g1_i2.p1                 17.96%    passed    100.00%
  62  DE531|Cluster-38828.0__TRINITY_DN6789_c0_g1_i3.p1                26.03%    passed     99.99%
  63  DE696-dots|Cluster-54776.0__TRINITY_DN3177_c1_g2_i4.p1            6.24%    passed    100.00%
  64  DE671|Cluster-38836.3__TRINITY_DN2036_c0_g1_i30.p1               15.37%    passed    100.00%
  65  DE549|Cluster-20441.0__TRINITY_DN66497_c0_g1_i1.p1                0.15%    passed    100.00%
  66  DE736|Cluster-60489.0__TRINITY_DN3444_c0_g1_i3.p1                15.53%    passed    100.00%
  67  DE509|Cluster-43050.0__TRINITY_DN1088_c0_g1_i10.p1                0.15%    passed    100.00%
  68  JJ125|Cluster-19661.0__TRINITY_DN13780_c0_g2_i3.p1                0.15%    passed    100.00%
  69  DE216|Cluster-43977.0__TRINITY_DN3758_c0_g1_i10.p1                0.15%    passed    100.00%
  70  JJ15|Cluster-64532.0__TRINITY_DN5722_c0_g3_i2.p1                 26.03%    passed     99.65%
  71  DE542|Cluster-48107.0__TRINITY_DN3785_c0_g1_i2.p1                 0.15%    passed    100.00%
  72  DE534|Cluster-60371.0__TRINITY_DN3681_c0_g1_i2.p1                 0.15%    passed    100.00%
  73  JJ131|Cluster-52182.0__TRINITY_DN15409_c0_g1_i20.p1               0.15%    passed    100.00%
  74  DRR234970|Cluster-32062.0__TRINITY_DN50552_c0_g1_i1.p1            1.67%    passed     98.84%
  75  JJ85|Cluster-39867.0__TRINITY_DN369_c4_g1_i2.p1                  40.18%    passed     97.13%
  76  JJ130|Cluster-52993.0__TRINITY_DN2048_c0_g1_i58.p1               49.01%    failed      3.12%
  77  DE523|Cluster-24389.0__TRINITY_DN10724_c0_g2_i2.p1               49.01%    passed     87.94%
****  TOTAL                                                             7.69%  2 sequences failed composition chi2 test (p-value<5%; df=60)
Reading input tree file tmp.csubst.nwk ... rooted tree

NOTE: 98 MB RAM (0 GB) is required!
Measuring multi-threading efficiency up to 1 CPU cores
2 trees examined
Threads: 1 / Time: 5.253 sec / Speedup: 1.000 / Efficiency: 100% / LogL: -19217
BEST NUMBER OF THREADS: 1

Estimate model parameters (epsilon = 0.010)
1. Initial log-likelihood: -20108.486
2. Current log-likelihood: -12253.061
3. Current log-likelihood: -12228.147
4. Current log-likelihood: -12227.894
5. Current log-likelihood: -12227.688
6. Current log-likelihood: -12222.669
7. Current log-likelihood: -12222.476
8. Current log-likelihood: -12222.306
9. Current log-likelihood: -12222.154
10. Current log-likelihood: -12220.868
11. Current log-likelihood: -12220.717
12. Current log-likelihood: -12220.585
13. Current log-likelihood: -12220.467
14. Current log-likelihood: -12219.759
15. Current log-likelihood: -12219.650
16. Current log-likelihood: -12219.554
17. Current log-likelihood: -12219.132
18. Current log-likelihood: -12219.051
19. Current log-likelihood: -12218.987
20. Current log-likelihood: -12218.640
21. Current log-likelihood: -12218.594
22. Current log-likelihood: -12218.564
23. Current log-likelihood: -12218.398
24. Current log-likelihood: -12218.376
25. Current log-likelihood: -12218.361
Optimal log-likelihood: -12218.351
Nonsynonymous/synonymous ratio (omega): 1.000
Transition/transversion ratio (kappa): 1.000
Site proportion and rates:  (0.463,0.319) (0.406,1.099) (0.128,2.903) (0.004,9.965)
Parameters optimization took 25 rounds (412.393 sec)
Wrote distance file to... 
BEST SCORE FOUND : -12218.351
Ancestral state probabilities printed to /mnt/data0/yue/2026-03-11-protein-convergence/results/OG_4920/csubst_w_s/csubst_input_alignment.fa.state
Empirical proportions for each category: 0.498 0.393 0.107 0.003
Site rates printed to /mnt/data0/yue/2026-03-11-protein-convergence/results/OG_4920/csubst_w_s/csubst_input_alignment.fa.rate
Total tree length: 2.837

Total number of iterations: 0
CPU time used for tree search: 0.000 sec (0h:0m:0s)
Wall-clock time used for tree search: 0.000 sec (0h:0m:0s)
Total CPU time used: 419.201 sec (0h:6m:59s)
Total wall-clock time used: 421.103 sec (0h:7m:1s)

Analysis results written to: 
  IQ-TREE report:                /mnt/data0/yue/2026-03-11-protein-convergence/results/OG_4920/csubst_w_s/csubst_input_alignment.fa.iqtree
  Maximum-likelihood tree:       /mnt/data0/yue/2026-03-11-protein-convergence/results/OG_4920/csubst_w_s/csubst_input_alignment.fa.treefile
  Site-specific rates:           /mnt/data0/yue/2026-03-11-protein-convergence/results/OG_4920/csubst_w_s/csubst_input_alignment.fa.rate
  Ancestral state:               /mnt/data0/yue/2026-03-11-protein-convergence/results/OG_4920/csubst_w_s/csubst_input_alignment.fa.state
  Screen log file:               /mnt/data0/yue/2026-03-11-protein-convergence/results/OG_4920/csubst_w_s/csubst_input_alignment.fa.log

Date and Time: Fri Mar 27 15:59:12 2026
