IQ-TREE multicore version 2.4.0 for Linux x86 64-bit built Feb 12 2025
Developed by Bui Quang Minh, Nguyen Lam Tung, Olga Chernomor, Heiko Schmidt,
Dominik Schrempf, Michael Woodhams, Ly Trong Nhan, Thomas Wong

Host:    brain (AVX2, FMA3, 2015 GB RAM)
Command: /home/yue/miniconda3/envs/py39/bin/iqtree -s /mnt/data0/yue/2026-03-11-protein-convergence/results/OG_4509/csubst_w_s/csubst_input_alignment.fa -te tmp.csubst.nwk -m ECMK07+F+R4 --seqtype CODON1 --threads-max 1 -T AUTO --ancestral --rate --redo
Seed:    65960 (Using SPRNG - Scalable Parallel Random Number Generator)
Time:    Fri Mar 27 14:09:43 2026
Kernel:  AVX+FMA - auto-detect threads (128 CPU cores detected)

Reading alignment file /mnt/data0/yue/2026-03-11-protein-convergence/results/OG_4509/csubst_w_s/csubst_input_alignment.fa ... Fasta format detected
Reading fasta file: done in 0.00315486 secs using 29.99% CPU
Alignment most likely contains DNA/RNA sequences
Converting to codon sequences with genetic code 1 ...
WARNING: 1 sites contain only gaps or ambiguous characters.
Alignment has 79 sequences with 812 columns, 725 distinct patterns
393 parsimony-informative, 180 singleton sites, 239 constant sites
                                                              Gap/Ambiguity  Composition  p-value
Analyzing sequences: done in 0.000148818 secs using 98.78% CPU
   1  DE560|Cluster-27232.0__TRINITY_DN5079_c0_g1_i1.p1               9.73%    passed    100.00%
   2  DE181|Cluster-13349.0__TRINITY_DN5386_c0_g1_i2.p1               9.48%    passed    100.00%
   3  SRR3407086|Cluster-5414.0__TRINITY_DN7240_c0_g1_i2.p1           9.48%    passed    100.00%
   4  DE536|Cluster-54867.0__TRINITY_DN13743_c0_g1_i2.p1              9.48%    passed    100.00%
   5  DE503|Cluster-36338.0__TRINITY_DN8901_c0_g1_i3.p1              32.88%    passed    100.00%
   6  DE505|Cluster-42521.0__TRINITY_DN14265_c0_g2_i2.p1              9.48%    passed    100.00%
   7  DE563|Cluster-31230.1__TRINITY_DN1986_c0_g1_i3.p1               9.85%    passed    100.00%
   8  JJ23|Cluster-25169.0__TRINITY_DN242_c1_g1_i4.p1                 9.36%    passed    100.00%
   9  DE696-nodots|Cluster-53245.1__TRINITY_DN2127_c0_g1_i7.p1        0.12%    passed    100.00%
  10  DE534|Cluster-20256.0__TRINITY_DN14622_c0_g1_i2.p1              8.74%    passed    100.00%
  11  DE671|Cluster-13455.0__TRINITY_DN92_c0_g1_i1.p1                 0.25%    passed    100.00%
  12  DE643|Cluster-84547.0__TRINITY_DN1172_c0_g2_i1.p1               0.25%    passed    100.00%
  13  DE672|Cluster-33053.0__TRINITY_DN2979_c0_g3_i2.p1               0.12%    passed    100.00%
  14  DE623|Cluster-57234.0__TRINITY_DN4651_c0_g2_i1.p1               0.25%    passed    100.00%
  15  DE680|Cluster-55439.0__TRINITY_DN2868_c1_g1_i2.p1               8.00%    passed    100.00%
  16  DE115|Cluster-29233.3__TRINITY_DN277_c1_g1_i2.p1                0.12%    passed    100.00%
  17  JJ86|Cluster-45860.0__TRINITY_DN2124_c1_g1_i6.p1                9.61%    passed    100.00%
  18  DE566|Cluster-54821.0__TRINITY_DN1052_c0_g1_i1.p1               0.12%    passed    100.00%
  19  DE575|Cluster-64539.0__TRINITY_DN6158_c1_g1_i1.p1               0.12%    passed    100.00%
  20  DE765|Cluster-40030.2__TRINITY_DN22_c0_g1_i10.p1                0.12%    passed    100.00%
  21  DE681|Cluster-57632.0__TRINITY_DN2307_c0_g1_i1.p1              32.88%    passed    100.00%
  22  DE152|Cluster-31489.0__TRINITY_DN1020_c1_g1_i11.p1              9.73%    passed    100.00%
  23  DE127|Cluster-42713.0__TRINITY_DN2974_c0_g1_i7.p1              12.32%    passed    100.00%
  24  DE554|Cluster-13688.0__TRINITY_DN9769_c0_g1_i3.p1              36.08%    passed    100.00%
  25  DE666|Cluster-39333.4__TRINITY_DN7571_c0_g1_i1.p1               0.12%    passed    100.00%
  26  DE546_urceolata_l|Cluster-12711.0__TRINITY_DN837_c1_g1_i1.p1    0.12%    passed    100.00%
  27  DE229|Cluster-73825.0__TRINITY_DN2435_c1_g1_i6.p1              24.88%    passed    100.00%
  28  SRR3407088|Cluster-17176.0__TRINITY_DN43898_c0_g1_i1.p1         0.12%    passed    100.00%
  29  DE510|Cluster-53255.1__TRINITY_DN5673_c0_g2_i1.p1               0.12%    passed    100.00%
  30  SRR3407087|Cluster-25503.0__TRINITY_DN2089_c0_g1_i1.p1          0.12%    passed    100.00%
  31  SRR3407093|Cluster-12206.0__TRINITY_DN706_c0_g1_i2.p1           0.12%    passed    100.00%
  32  SRR3407092|Cluster-13875.0__TRINITY_DN2222_c0_g1_i1.p1          0.12%    passed    100.00%
  33  SRR3407094|Cluster-10645.0__TRINITY_DN1897_c0_g1_i1.p1          0.12%    passed    100.00%
  34  SRR3407096|Cluster-1981.0__TRINITY_DN27599_c0_g1_i1.p1          0.12%    passed    100.00%
  35  DE523|Cluster-24173.7__TRINITY_DN4433_c0_g1_i2.p1               9.61%    passed    100.00%
  36  DRR082660|Cluster-18712.0__TRINITY_DN41548_c0_g1_i1.p1          0.12%    passed    100.00%
  37  DE69|Cluster-30330.0__TRINITY_DN1269_c0_g4_i2.p1               10.10%    passed    100.00%
  38  SRR3407095|Cluster-42407.2__TRINITY_DN6986_c0_g2_i2.p1          0.25%    passed    100.00%
  39  JJ85|Cluster-22905.0__TRINITY_DN39388_c0_g1_i1.p1               0.12%    passed    100.00%
  40  DE561|Cluster-13395.0__TRINITY_DN10663_c0_g1_i2.p1              0.12%    passed    100.00%
  41  SRR3424066|Cluster-2196.0__TRINITY_DN35818_c0_g1_i1.p1          0.12%    passed    100.00%
  42  DE504|Cluster-42929.1__TRINITY_DN7749_c0_g1_i2.p1               0.12%    passed    100.00%
  43  DE88|Cluster-15582.0__TRINITY_DN10528_c1_g2_i1.p1               0.12%    passed    100.00%
  44  JJ130|Cluster-24699.6__TRINITY_DN1788_c2_g1_i9.p1              26.48%    passed    100.00%
  45  DE549|Cluster-16217.0__TRINITY_DN2030_c2_g1_i1.p1               0.12%    passed    100.00%
  46  DE550|Cluster-29974.0__TRINITY_DN3206_c0_g1_i1.p1               0.12%    passed    100.00%
  47  JJ36|Cluster-43614.0__TRINITY_DN10571_c0_g1_i1.p1               0.12%    passed    100.00%
  48  DE531|Cluster-25337.0__TRINITY_DN149_c1_g1_i4.p1                8.99%    passed    100.00%
  49  DE696-dots|Cluster-42094.0__TRINITY_DN11227_c0_g1_i2.p1         8.99%    passed    100.00%
  50  DE764|Cluster-45565.0__TRINITY_DN2279_c0_g1_i3.p1              32.88%    passed    100.00%
  51  DE126|Cluster-14390.3__TRINITY_DN2040_c0_g1_i18.p1             42.49%    passed     99.87%
  52  DE668|Cluster-45111.1__TRINITY_DN1914_c0_g1_i4.p1               0.49%    passed    100.00%
  53  DE162|Cluster-40692.1__TRINITY_DN7951_c0_g1_i5.p1              19.70%    passed    100.00%
  54  DE507|Cluster-29072.0__TRINITY_DN2670_c0_g1_i1.p1               0.12%    passed    100.00%
  55  DE704-white|Cluster-52861.4__TRINITY_DN3565_c0_g2_i2.p1         0.12%    passed    100.00%
  56  DE704-purple|Cluster-38071.28__TRINITY_DN458_c1_g1_i8.p1        0.12%    passed    100.00%
  57  DE528|Cluster-52419.0__TRINITY_DN1146_c0_g1_i33.p1              0.12%    passed    100.00%
  58  JJ99|Cluster-51706.3__TRINITY_DN597_c2_g1_i1.p1                 8.50%    passed    100.00%
  59  JJ74|Cluster-119110.0__TRINITY_DN31383_c1_g1_i1.p1              0.12%    passed    100.00%
  60  DE164|Cluster-44924.0__TRINITY_DN24206_c0_g1_i1.p1              8.37%    passed    100.00%
  61  DE173|Cluster-45810.2__TRINITY_DN6699_c0_g1_i13.p1              0.37%    passed    100.00%
  62  JJ109|Cluster-16118.0__TRINITY_DN226_c1_g2_i1.p1               56.65%    passed     97.94%
  63  DE189|Cluster-42990.2__TRINITY_DN2112_c0_g1_i16.p1              0.37%    passed    100.00%
  64  JJ89|Cluster-36311.6__TRINITY_DN483_c0_g1_i25.p1               42.49%    passed    100.00%
  65  DE736|Cluster-47140.0__TRINITY_DN13505_c0_g1_i3.p1              0.12%    passed    100.00%
  66  DE519|Cluster-38300.0__TRINITY_DN16716_c0_g1_i2.p1              0.12%    passed    100.00%
  67  DE741|Cluster-20789.0__TRINITY_DN2707_c0_g3_i3.p1               0.12%    passed    100.00%
  68  JJ125|Cluster-26838.0__TRINITY_DN1374_c0_g4_i2.p1              42.49%    passed    100.00%
  69  DE476|Cluster-39771.0__TRINITY_DN7952_c0_g1_i2.p1               0.12%    passed    100.00%
  70  DE541|Cluster-35911.12__TRINITY_DN1521_c1_g2_i2.p1              0.12%    passed    100.00%
  71  DE216|Cluster-36466.0__TRINITY_DN79175_c0_g1_i1.p1              0.12%    passed    100.00%
  72  JJ15|Cluster-49431.0__TRINITY_DN2583_c0_g1_i2.p1               19.70%    passed    100.00%
  73  DE542|Cluster-49048.0__TRINITY_DN1792_c0_g1_i4.p1               0.12%    passed    100.00%
  74  JJ131|Cluster-35713.17__TRINITY_DN2950_c0_g2_i3.p1              1.60%    passed    100.00%
  75  DE151|Cluster-51381.5__TRINITY_DN3884_c0_g1_i7.p1              35.34%    passed    100.00%
  76  DE509|Cluster-12035.0__TRINITY_DN13943_c0_g1_i2.p1             35.34%    passed    100.00%
  77  SRR5150740|Cluster-38799.5__TRINITY_DN1101_c1_g1_i3.p1         19.70%    passed     99.20%
  78  SRR104381|Cluster-6894.7__TRINITY_DN2633_c0_g1_i5.p1            1.72%    passed     99.69%
  79  DRR234970|Cluster-50353.0__TRINITY_DN40830_c0_g1_i1.p1          0.12%    passed    100.00%
WARNING: 1 sequences contain more than 50% gaps/ambiguity
****  TOTAL                                                           8.61%  0 sequences failed composition chi2 test (p-value<5%; df=60)
Reading input tree file tmp.csubst.nwk ... rooted tree

NOTE: 117 MB RAM (0 GB) is required!
Measuring multi-threading efficiency up to 1 CPU cores
2 trees examined
Threads: 1 / Time: 6.037 sec / Speedup: 1.000 / Efficiency: 100% / LogL: -22517
BEST NUMBER OF THREADS: 1

Estimate model parameters (epsilon = 0.010)
1. Initial log-likelihood: -25117.495
2. Current log-likelihood: -14399.197
3. Current log-likelihood: -14396.655
4. Current log-likelihood: -14395.368
5. Current log-likelihood: -14394.784
6. Current log-likelihood: -14394.504
7. Current log-likelihood: -14394.345
8. Current log-likelihood: -14394.238
9. Current log-likelihood: -14394.158
10. Current log-likelihood: -14394.095
11. Current log-likelihood: -14394.044
12. Current log-likelihood: -14394.002
13. Current log-likelihood: -14393.967
14. Current log-likelihood: -14393.938
15. Current log-likelihood: -14393.914
16. Current log-likelihood: -14393.894
17. Current log-likelihood: -14393.878
18. Current log-likelihood: -14393.865
19. Current log-likelihood: -14393.854
Optimal log-likelihood: -14393.844
Nonsynonymous/synonymous ratio (omega): 1.000
Transition/transversion ratio (kappa): 1.000
Site proportion and rates:  (0.682,0.407) (0.171,1.742) (0.101,1.949) (0.047,4.903)
Parameters optimization took 19 rounds (384.552 sec)
Wrote distance file to... 
BEST SCORE FOUND : -14393.844
Ancestral state probabilities printed to /mnt/data0/yue/2026-03-11-protein-convergence/results/OG_4509/csubst_w_s/csubst_input_alignment.fa.state
Empirical proportions for each category: 0.755 0.195 0.000 0.050
Site rates printed to /mnt/data0/yue/2026-03-11-protein-convergence/results/OG_4509/csubst_w_s/csubst_input_alignment.fa.rate
Total tree length: 2.607

Total number of iterations: 0
CPU time used for tree search: 0.000 sec (0h:0m:0s)
Wall-clock time used for tree search: 0.000 sec (0h:0m:0s)
Total CPU time used: 394.439 sec (0h:6m:34s)
Total wall-clock time used: 394.943 sec (0h:6m:34s)

Analysis results written to: 
  IQ-TREE report:                /mnt/data0/yue/2026-03-11-protein-convergence/results/OG_4509/csubst_w_s/csubst_input_alignment.fa.iqtree
  Maximum-likelihood tree:       /mnt/data0/yue/2026-03-11-protein-convergence/results/OG_4509/csubst_w_s/csubst_input_alignment.fa.treefile
  Site-specific rates:           /mnt/data0/yue/2026-03-11-protein-convergence/results/OG_4509/csubst_w_s/csubst_input_alignment.fa.rate
  Ancestral state:               /mnt/data0/yue/2026-03-11-protein-convergence/results/OG_4509/csubst_w_s/csubst_input_alignment.fa.state
  Screen log file:               /mnt/data0/yue/2026-03-11-protein-convergence/results/OG_4509/csubst_w_s/csubst_input_alignment.fa.log

Date and Time: Fri Mar 27 14:16:18 2026
