IQ-TREE multicore version 2.4.0 for Linux x86 64-bit built Feb 12 2025
Developed by Bui Quang Minh, Nguyen Lam Tung, Olga Chernomor, Heiko Schmidt,
Dominik Schrempf, Michael Woodhams, Ly Trong Nhan, Thomas Wong

Host:    brain (AVX2, FMA3, 2015 GB RAM)
Command: /home/yue/miniconda3/envs/py39/bin/iqtree -s /mnt/data0/yue/2026-03-11-protein-convergence/results/OG_7851/csubst_w_s/csubst_input_alignment.fa -te tmp.csubst.nwk -m ECMK07+F+R4 --seqtype CODON1 --threads-max 1 -T AUTO --ancestral --rate --redo
Seed:    508327 (Using SPRNG - Scalable Parallel Random Number Generator)
Time:    Sat Mar 28 01:54:27 2026
Kernel:  AVX+FMA - auto-detect threads (128 CPU cores detected)

Reading alignment file /mnt/data0/yue/2026-03-11-protein-convergence/results/OG_7851/csubst_w_s/csubst_input_alignment.fa ... Fasta format detected
Reading fasta file: done in 0.0020027 secs using 33.31% CPU
Alignment most likely contains DNA/RNA sequences
Converting to codon sequences with genetic code 1 ...
WARNING: 1 sites contain only gaps or ambiguous characters.
Alignment has 75 sequences with 552 columns, 501 distinct patterns
291 parsimony-informative, 141 singleton sites, 120 constant sites
                                                               Gap/Ambiguity  Composition  p-value
Analyzing sequences: done in 0.000104889 secs using 99.15% CPU
   1  SRR3407088|Cluster-15122.0__TRINITY_DN3678_c0_g1_i4.p1           0.18%    passed    100.00%
   2  SRR5150740|Cluster-40769.0__TRINITY_DN661_c0_g1_i1.p1            8.70%    passed     90.82%
   3  DE216|Cluster-33658.0__TRINITY_DN4802_c0_g1_i2.p1                0.54%    passed    100.00%
   4  JJ15|Cluster-24642.0__TRINITY_DN4690_c0_g1_i1.p1                 0.54%    passed    100.00%
   5  DE115|Cluster-58505.0__TRINITY_DN4449_c0_g1_i1.p1                1.09%    passed    100.00%
   6  JJ86|Cluster-30864.0__TRINITY_DN1811_c0_g1_i1.p1                 0.36%    passed    100.00%
   7  DE126|Cluster-42462.1__TRINITY_DN4805_c0_g1_i4.p1                0.18%    passed    100.00%
   8  DE127|Cluster-23463.0__TRINITY_DN1334_c0_g1_i2.p1                0.18%    passed    100.00%
   9  DE554|Cluster-20831.0__TRINITY_DN734_c1_g1_i3.p1                 0.18%    passed    100.00%
  10  DE623|Cluster-35678.0__TRINITY_DN3506_c0_g1_i1.p1                0.18%    passed    100.00%
  11  DE680|Cluster-23434.0__TRINITY_DN5919_c0_g1_i1.p1                0.18%    passed    100.00%
  12  DE666|Cluster-13743.1__TRINITY_DN19633_c0_g1_i8.p1               0.18%    passed    100.00%
  13  DE162|Cluster-21448.1__TRINITY_DN1538_c0_g1_i2.p1                0.18%    passed    100.00%
  14  DE528|Cluster-35787.0__TRINITY_DN5433_c0_g1_i2.p1                0.18%    passed    100.00%
  15  DE507|Cluster-75362.0__TRINITY_DN15829_c0_g1_i1.p1               0.18%    passed    100.00%
  16  DE704-purple|Cluster-45800.0__TRINITY_DN8000_c0_g1_i1.p1         0.18%    passed    100.00%
  17  DE704-white|Cluster-46599.0__TRINITY_DN4139_c0_g1_i3.p1          0.18%    passed    100.00%
  18  DE229|Cluster-83387.0__TRINITY_DN4575_c0_g1_i22.p1               0.18%    passed    100.00%
  19  DE542|Cluster-48810.0__TRINITY_DN10300_c0_g1_i1.p1               0.18%    passed    100.00%
  20  DE534|Cluster-74655.0__TRINITY_DN9041_c0_g1_i1.p1                0.18%    passed    100.00%
  21  DE536|Cluster-40664.0__TRINITY_DN2228_c1_g1_i1.p1                1.99%    passed    100.00%
  22  DE546_urceolata_l|Cluster-28198.0__TRINITY_DN2924_c0_g1_i1.p1    0.18%    passed    100.00%
  23  DE563|Cluster-23246.0__TRINITY_DN2291_c0_g1_i1.p1                0.18%    passed    100.00%
  24  JJ125|Cluster-32096.0__TRINITY_DN1603_c0_g1_i1.p1                0.18%    passed    100.00%
  25  JJ85|Cluster-20672.0__TRINITY_DN234_c0_g3_i1.p1                  0.18%    passed    100.00%
  26  DE575|Cluster-43554.0__TRINITY_DN5061_c0_g1_i3.p1                0.36%    passed    100.00%
  27  DE151|Cluster-59099.0__TRINITY_DN250_c0_g1_i3.p1                 0.18%    passed    100.00%
  28  DE189|Cluster-33604.0__TRINITY_DN702_c0_g1_i1.p1                 0.18%    passed    100.00%
  29  JJ109|Cluster-5986.1__TRINITY_DN3607_c0_g1_i2.p1                 0.18%    passed    100.00%
  30  DE173|Cluster-18268.0__TRINITY_DN3115_c0_g1_i2.p1                0.36%    passed    100.00%
  31  DE88|Cluster-32301.0__TRINITY_DN1482_c0_g1_i1.p1                 0.18%    passed    100.00%
  32  JJ89|Cluster-31417.0__TRINITY_DN6641_c0_g2_i1.p1                 0.18%    passed    100.00%
  33  DE643|Cluster-75541.2__TRINITY_DN8652_c0_g1_i11.p1              55.25%    passed     98.30%
  34  DE672|Cluster-27032.0__TRINITY_DN1358_c0_g1_i2.p1                0.18%    passed    100.00%
  35  DE737|Cluster-17992.0__TRINITY_DN4218_c0_g1_i1.p1                0.18%    passed    100.00%
  36  DE550|Cluster-34923.0__TRINITY_DN1186_c0_g1_i16.p1               2.17%    passed    100.00%
  37  DE509|Cluster-37993.3__TRINITY_DN6950_c0_g1_i6.p1                1.99%    passed     97.90%
  38  DE736|Cluster-55865.0__TRINITY_DN56805_c0_g1_i2.p1               1.99%    passed    100.00%
  39  DE764|Cluster-7524.0__TRINITY_DN1910_c0_g1_i2.p1                 0.18%    passed    100.00%
  40  DE541|Cluster-54961.0__TRINITY_DN12_c0_g2_i2.p1                  0.18%    passed    100.00%
  41  JJ130|Cluster-13687.0__TRINITY_DN7493_c0_g2_i1.p1                0.18%    passed    100.00%
  42  DE531|Cluster-24426.0__TRINITY_DN9574_c0_g2_i2.p1                2.36%    passed    100.00%
  43  JJ36|Cluster-4071.0__TRINITY_DN1888_c0_g1_i1.p1                  0.18%    passed    100.00%
  44  DE696-dots|Cluster-47185.0__TRINITY_DN19_c0_g1_i2.p1             0.18%    passed    100.00%
  45  DE696-nodots|Cluster-43193.0__TRINITY_DN14056_c0_g1_i2.p1        0.18%    passed    100.00%
  46  DE671|Cluster-35855.0__TRINITY_DN2288_c0_g1_i1.p1                0.36%    passed    100.00%
  47  DE549|Cluster-34052.0__TRINITY_DN3935_c0_g1_i1.p1                0.18%    passed    100.00%
  48  DE504|Cluster-40811.0__TRINITY_DN11017_c0_g1_i2.p1               1.99%    passed    100.00%
  49  DE476|Cluster-50643.0__TRINITY_DN2355_c0_g1_i3.p1                0.36%    passed    100.00%
  50  DE164|Cluster-49498.0__TRINITY_DN4714_c0_g1_i2.p1                0.36%    passed    100.00%
  51  SRR3407096|Cluster-13871.0__TRINITY_DN2491_c0_g1_i1.p1           0.18%    passed    100.00%
  52  DE523|Cluster-47867.0__TRINITY_DN16043_c0_g1_i3.p1               0.18%    passed    100.00%
  53  DE181|Cluster-48309.0__TRINITY_DN2220_c0_g1_i2.p1                0.18%    passed    100.00%
  54  SRR3407086|Cluster-37867.0__TRINITY_DN3768_c0_g1_i1.p1           0.18%    passed    100.00%
  55  DE505|Cluster-58251.0__TRINITY_DN2635_c0_g1_i1.p1                0.18%    passed    100.00%
  56  SRR3407092|Cluster-17313.0__TRINITY_DN1815_c0_g1_i3.p1           0.36%    passed    100.00%
  57  SRR3407094|Cluster-24687.0__TRINITY_DN1901_c0_g2_i2.p1           0.18%    passed    100.00%
  58  DE510|Cluster-43298.0__TRINITY_DN2836_c0_g1_i2.p1                0.18%    passed    100.00%
  59  SRR3407087|Cluster-16404.0__TRINITY_DN3622_c0_g1_i1.p1           0.18%    passed    100.00%
  60  DE561|Cluster-29972.0__TRINITY_DN2742_c0_g1_i4.p1                0.18%    passed    100.00%
  61  SRR3424066|Cluster-31108.0__TRINITY_DN2417_c0_g1_i3.p1           0.18%    passed    100.00%
  62  SRR3407093|Cluster-19662.0__TRINITY_DN1428_c0_g1_i2.p1           0.18%    passed    100.00%
  63  DE503|Cluster-24827.0__TRINITY_DN3449_c0_g1_i3.p1               37.68%    passed    100.00%
  64  DE69|Cluster-32061.0__TRINITY_DN6172_c0_g1_i2.p1                 0.18%    passed    100.00%
  65  SRR3407095|Cluster-26062.0__TRINITY_DN20387_c0_g1_i2.p1          0.18%    passed    100.00%
  66  DE560|Cluster-28138.0__TRINITY_DN3115_c0_g1_i1.p1                0.36%    passed    100.00%
  67  DE519|Cluster-43249.2__TRINITY_DN33710_c2_g1_i2.p1               0.54%    passed    100.00%
  68  DE741|Cluster-55200.0__TRINITY_DN1919_c0_g1_i2.p1                4.89%    passed    100.00%
  69  DRR082660|Cluster-6858.0__TRINITY_DN26210_c0_g1_i1.p1            0.36%    passed    100.00%
  70  DE681|Cluster-49691.0__TRINITY_DN4401_c0_g1_i3.p1               27.90%    passed    100.00%
  71  DE765|Cluster-35019.0__TRINITY_DN1915_c0_g1_i1.p1               27.90%    passed    100.00%
  72  DE566|Cluster-42804.0__TRINITY_DN598_c0_g1_i2.p1                 0.72%    passed    100.00%
  73  JJ74|Cluster-104483.1__TRINITY_DN34586_c0_g1_i1.p1               0.18%    passed    100.00%
  74  JJ99|Cluster-52860.0__TRINITY_DN6219_c0_g1_i3.p1                 0.36%    passed    100.00%
  75  DRR234970|Cluster-48070.0__TRINITY_DN3495_c0_g1_i2.p1            3.80%    passed     98.21%
WARNING: 1 sequences contain more than 50% gaps/ambiguity
****  TOTAL                                                            2.59%  0 sequences failed composition chi2 test (p-value<5%; df=60)
Reading input tree file tmp.csubst.nwk ... rooted tree

NOTE: 79 MB RAM (0 GB) is required!
Measuring multi-threading efficiency up to 1 CPU cores
2 trees examined
Threads: 1 / Time: 4.238 sec / Speedup: 1.000 / Efficiency: 100% / LogL: -19492
BEST NUMBER OF THREADS: 1

Estimate model parameters (epsilon = 0.010)
1. Initial log-likelihood: -19809.201
2. Current log-likelihood: -11674.868
3. Current log-likelihood: -11674.158
4. Current log-likelihood: -11673.933
5. Current log-likelihood: -11673.852
6. Current log-likelihood: -11673.820
7. Current log-likelihood: -11673.805
Optimal log-likelihood: -11673.796
Nonsynonymous/synonymous ratio (omega): 1.000
Transition/transversion ratio (kappa): 1.000
Site proportion and rates:  (0.668,0.477) (0.203,1.495) (0.123,2.909) (0.006,3.285)
Parameters optimization took 7 rounds (124.351 sec)
Wrote distance file to... 
BEST SCORE FOUND : -11673.796
Ancestral state probabilities printed to /mnt/data0/yue/2026-03-11-protein-convergence/results/OG_7851/csubst_w_s/csubst_input_alignment.fa.state
Empirical proportions for each category: 0.723 0.165 0.112 0.000
Site rates printed to /mnt/data0/yue/2026-03-11-protein-convergence/results/OG_7851/csubst_w_s/csubst_input_alignment.fa.rate
Total tree length: 2.921

Total number of iterations: 0
CPU time used for tree search: 0.000 sec (0h:0m:0s)
Wall-clock time used for tree search: 0.000 sec (0h:0m:0s)
Total CPU time used: 131.909 sec (0h:2m:11s)
Total wall-clock time used: 132.610 sec (0h:2m:12s)

Analysis results written to: 
  IQ-TREE report:                /mnt/data0/yue/2026-03-11-protein-convergence/results/OG_7851/csubst_w_s/csubst_input_alignment.fa.iqtree
  Maximum-likelihood tree:       /mnt/data0/yue/2026-03-11-protein-convergence/results/OG_7851/csubst_w_s/csubst_input_alignment.fa.treefile
  Site-specific rates:           /mnt/data0/yue/2026-03-11-protein-convergence/results/OG_7851/csubst_w_s/csubst_input_alignment.fa.rate
  Ancestral state:               /mnt/data0/yue/2026-03-11-protein-convergence/results/OG_7851/csubst_w_s/csubst_input_alignment.fa.state
  Screen log file:               /mnt/data0/yue/2026-03-11-protein-convergence/results/OG_7851/csubst_w_s/csubst_input_alignment.fa.log

Date and Time: Sat Mar 28 01:56:40 2026
