IQ-TREE multicore version 2.4.0 for Linux x86 64-bit built Feb 12 2025
Developed by Bui Quang Minh, Nguyen Lam Tung, Olga Chernomor, Heiko Schmidt,
Dominik Schrempf, Michael Woodhams, Ly Trong Nhan, Thomas Wong

Host:    brain (AVX2, FMA3, 2015 GB RAM)
Command: /home/yue/miniconda3/envs/py39/bin/iqtree -s /mnt/data0/yue/2026-03-11-protein-convergence/results/OG_856/csubst_w_s/csubst_input_alignment.fa -te tmp.csubst.nwk -m ECMK07+F+R4 --seqtype CODON1 --threads-max 1 -T AUTO --ancestral --rate --redo
Seed:    220530 (Using SPRNG - Scalable Parallel Random Number Generator)
Time:    Sat Mar 28 03:52:05 2026
Kernel:  AVX+FMA - auto-detect threads (128 CPU cores detected)

Reading alignment file /mnt/data0/yue/2026-03-11-protein-convergence/results/OG_856/csubst_w_s/csubst_input_alignment.fa ... Fasta format detected
Reading fasta file: done in 0.000739098 secs using 66.57% CPU
Alignment most likely contains DNA/RNA sequences
Converting to codon sequences with genetic code 1 ...
WARNING: 1 sites contain only gaps or ambiguous characters.
Alignment has 80 sequences with 164 columns, 155 distinct patterns
89 parsimony-informative, 45 singleton sites, 30 constant sites
                                                               Gap/Ambiguity  Composition  p-value
Analyzing sequences: done in 3.23802e-05 secs using 64.85% CPU
   1  DE541|Cluster-54453.1__TRINITY_DN3346_c0_g1_i18.p1               1.22%    passed    100.00%
   2  DE115|Cluster-62588.1__TRINITY_DN6641_c0_g1_i6.p1                0.61%    passed    100.00%
   3  DE509|Cluster-20270.0__TRINITY_DN1674_c0_g1_i3.p1               28.66%    passed    100.00%
   4  DE531|Cluster-51491.2__TRINITY_DN487_c0_g1_i4.p1                28.66%    passed    100.00%
   5  DE536|Cluster-26103.0__TRINITY_DN1843_c0_g1_i2.p1               28.66%    passed     99.99%
   6  DE542|Cluster-39917.1__TRINITY_DN1280_c0_g1_i5.p1               18.90%    passed    100.00%
   7  DE561|Cluster-41783.0__TRINITY_DN308_c0_g1_i4.p1                28.66%    passed    100.00%
   8  DE566|Cluster-33210.0__TRINITY_DN27_c0_g1_i1.p1                 28.66%    passed    100.00%
   9  DE563|Cluster-37053.1__TRINITY_DN10879_c0_g1_i1.p1               0.61%    passed    100.00%
  10  DE741|Cluster-52108.0__TRINITY_DN962_c0_g1_i26.p1               18.90%    passed    100.00%
  11  DE575|Cluster-34556.0__TRINITY_DN968_c0_g1_i1.p1                28.66%    passed    100.00%
  12  JJ86|Cluster-36872.1__TRINITY_DN82_c0_g2_i2.p1                   0.61%    passed    100.00%
  13  JJ131|Cluster-52175.0__TRINITY_DN3845_c0_g1_i10.p1              28.66%    passed    100.00%
  14  SRR3424066|Cluster-21271.2__TRINITY_DN420_c0_g2_i19.p1           0.61%    passed    100.00%
  15  DE181|Cluster-8559.0__TRINITY_DN7604_c0_g1_i1.p1                 0.61%    passed    100.00%
  16  SRR3407093|Cluster-19379.2__TRINITY_DN2052_c0_g1_i13.p1          0.61%    passed    100.00%
  17  SRR3407092|Cluster-17002.1__TRINITY_DN708_c0_g1_i7.p1            0.61%    passed    100.00%
  18  SRR3407088|Cluster-34848.1__TRINITY_DN1937_c0_g1_i5.p1           0.61%    passed    100.00%
  19  SRR3407087|Cluster-43748.1__TRINITY_DN3910_c0_g1_i5.p1           0.61%    passed    100.00%
  20  SRR3407086|Cluster-28602.2__TRINITY_DN1725_c0_g1_i12.p1          0.61%    passed    100.00%
  21  DE503|Cluster-40343.0__TRINITY_DN843_c0_g1_i4.p1                 0.61%    passed    100.00%
  22  DE510|Cluster-50979.1__TRINITY_DN1270_c1_g1_i3.p1                0.61%    passed    100.00%
  23  SRR3407094|Cluster-18556.3__TRINITY_DN700_c0_g1_i5.p1            0.61%    passed    100.00%
  24  DE523|Cluster-13195.0__TRINITY_DN422_c0_g1_i9.p1                 0.61%    passed    100.00%
  25  DE704-purple|Cluster-48415.0__TRINITY_DN10237_c0_g1_i3.p1        0.61%    passed    100.00%
  26  DE704-white|Cluster-57900.1__TRINITY_DN1295_c0_g1_i9.p1          0.61%    passed    100.00%
  27  DE737|Cluster-37707.4__TRINITY_DN2460_c1_g1_i1.p1                0.61%    passed    100.00%
  28  DE126|Cluster-42202.1__TRINITY_DN1796_c0_g1_i21.p1               0.61%    passed    100.00%
  29  DE666|Cluster-24942.1__TRINITY_DN2090_c0_g1_i15.p1               0.61%    passed    100.00%
  30  DE151|Cluster-60285.1__TRINITY_DN10762_c0_g1_i9.p1               0.61%    passed    100.00%
  31  JJ130|Cluster-45223.0__TRINITY_DN2625_c0_g1_i9.p1                0.61%    passed    100.00%
  32  DE216|Cluster-32541.2__TRINITY_DN792_c0_g1_i3.p1                 3.66%    passed    100.00%
  33  SRR3407095|Cluster-38335.0__TRINITY_DN15736_c0_g1_i12.p1         0.61%    passed    100.00%
  34  JJ36|Cluster-17666.1__TRINITY_DN5087_c0_g1_i4.p1                 0.61%    passed    100.00%
  35  JJ85|Cluster-36076.1__TRINITY_DN255_c0_g1_i4.p1                  0.61%    passed    100.00%
  36  JJ15|Cluster-55813.1__TRINITY_DN35640_c0_g1_i29.p1               3.66%    passed    100.00%
  37  DE560|Cluster-44281.0__TRINITY_DN874_c0_g1_i3.p1                 0.61%    passed    100.00%
  38  DE504|Cluster-54468.0__TRINITY_DN7919_c1_g1_i1.p1                0.61%    passed    100.00%
  39  JJ89|Cluster-10761.0__TRINITY_DN1791_c0_g1_i2.p1                 0.61%    passed    100.00%
  40  DE696-dots|Cluster-50396.1__TRINITY_DN382_c0_g1_i10.p1           0.61%    passed    100.00%
  41  DE534|Cluster-51755.0__TRINITY_DN69_c0_g1_i1.p1                  0.61%    passed    100.00%
  42  DE549|Cluster-47389.1__TRINITY_DN1521_c0_g1_i4.p1                0.61%    passed    100.00%
  43  DE127|Cluster-33175.1__TRINITY_DN5288_c0_g1_i28.p1               0.61%    passed    100.00%
  44  DE162|Cluster-41760.9__TRINITY_DN1124_c0_g1_i6.p1                0.61%    passed    100.00%
  45  DE507|Cluster-48020.3__TRINITY_DN778_c0_g1_i9.p1                 0.61%    passed    100.00%
  46  DE554|Cluster-32338.3__TRINITY_DN157_c0_g1_i8.p1                 0.61%    passed    100.00%
  47  DE736|Cluster-28257.1__TRINITY_DN5980_c0_g1_i1.p1                0.61%    passed    100.00%
  48  DE173|Cluster-56312.0__TRINITY_DN5849_c0_g1_i4.p1                0.61%    passed    100.00%
  49  JJ109|Cluster-2515.39__TRINITY_DN13349_c0_g1_i22.p1              0.61%    passed    100.00%
  50  DE764|Cluster-41583.0__TRINITY_DN2329_c0_g1_i2.p1                0.61%    passed    100.00%
  51  DE643|Cluster-82019.4__TRINITY_DN1371_c0_g1_i7.p1                0.61%    passed    100.00%
  52  DE671|Cluster-48861.0__TRINITY_DN5718_c1_g1_i1.p1                0.61%    passed    100.00%
  53  DE476|Cluster-35377.0__TRINITY_DN30577_c0_g1_i22.p1             28.66%    passed     99.98%
  54  DE672|Cluster-55942.0__TRINITY_DN3675_c0_g1_i5.p1                0.61%    passed    100.00%
  55  DE550|Cluster-52395.0__TRINITY_DN13122_c0_g1_i1.p1               0.61%    passed    100.00%
  56  JJ125|Cluster-21661.0__TRINITY_DN3614_c0_g1_i7.p1                0.61%    passed    100.00%
  57  DE164|Cluster-25155.6__TRINITY_DN19413_c0_g1_i4.p1               0.61%    passed    100.00%
  58  DE681|Cluster-49256.2__TRINITY_DN1681_c0_g1_i8.p1                0.61%    passed    100.00%
  59  DE765|Cluster-36274.1__TRINITY_DN7769_c0_g1_i4.p1                0.61%    passed     99.99%
  60  DE680|Cluster-20209.0__TRINITY_DN6788_c1_g1_i2.p1                0.61%    passed    100.00%
  61  DE623|Cluster-24392.3__TRINITY_DN648_c0_g1_i3.p1                 0.61%    passed    100.00%
  62  DE229|Cluster-86536.2__TRINITY_DN2992_c0_g1_i21.p1               0.61%    passed    100.00%
  63  JJ23|Cluster-24733.0__TRINITY_DN382_c0_g1_i11.p1                18.90%    passed     98.65%
  64  DE69|Cluster-52950.2__TRINITY_DN10141_c0_g1_i17.p1               0.61%    passed    100.00%
  65  DE546_urceolata_l|Cluster-34258.4__TRINITY_DN6405_c0_g1_i8.p1    0.61%    passed    100.00%
  66  DE519|Cluster-21878.0__TRINITY_DN3122_c0_g2_i8.p1                0.61%    passed    100.00%
  67  DE575|Cluster-44832.0__TRINITY_DN968_c0_g1_i5.p1                 0.61%    failed      0.19%
  68  DRR082660|Cluster-41391.0__TRINITY_DN3584_c0_g1_i4.p1            0.61%    passed    100.00%
  69  DE528|Cluster-49013.2__TRINITY_DN15836_c0_g1_i10.p1              0.61%    passed    100.00%
  70  DE505|Cluster-52604.0__TRINITY_DN214_c0_g1_i5.p1                 3.66%    passed    100.00%
  71  DE561|Cluster-13517.0__TRINITY_DN308_c0_g2_i3.p1                 3.66%    passed    100.00%
  72  JJ74|Cluster-117084.1__TRINITY_DN5836_c0_g2_i2.p1                0.61%    passed    100.00%
  73  SRR3407096|Cluster-21501.1__TRINITY_DN5431_c0_g1_i6.p1           0.61%    passed    100.00%
  74  DE668|Cluster-12465.0__TRINITY_DN2733_c0_g1_i15.p1               0.61%    passed     99.99%
  75  SRR104381|Cluster-25436.2__TRINITY_DN4209_c0_g2_i1.p1            8.54%    failed      0.48%
  76  JJ74|Cluster-83808.0__TRINITY_DN5836_c0_g1_i1.p1                 1.22%    passed    100.00%
  77  DE152|Cluster-29506.0__TRINITY_DN3210_c0_g1_i6.p1                0.61%    passed    100.00%
  78  JJ99|Cluster-27312.12__TRINITY_DN642_c0_g1_i16.p1                0.61%    passed    100.00%
  79  DE523|Cluster-18223.0__TRINITY_DN422_c0_g1_i28.p1                3.66%    passed     99.99%
  80  DRR234970|Cluster-448.0__TRINITY_DN45438_c0_g1_i1.p1             0.61%    passed     95.07%
****  TOTAL                                                            4.41%  2 sequences failed composition chi2 test (p-value<5%; df=60)
WARNING: States(s) TAC, TAT, TGG rarely appear in alignment and may cause numerical problems
Reading input tree file tmp.csubst.nwk ... rooted tree

NOTE: 33 MB RAM (0 GB) is required!
Measuring multi-threading efficiency up to 1 CPU cores
2 trees examined
Threads: 1 / Time: 4.234 sec / Speedup: 1.000 / Efficiency: 100% / LogL: -5094
BEST NUMBER OF THREADS: 1

Estimate model parameters (epsilon = 0.010)
1. Initial log-likelihood: -5795.800
2. Current log-likelihood: -4599.527
3. Current log-likelihood: -4586.660
Optimal log-likelihood: -4586.655
Nonsynonymous/synonymous ratio (omega): 1.000
Transition/transversion ratio (kappa): 1.000
Site proportion and rates:  (0.640,0.301) (0.186,1.069) (0.104,2.172) (0.070,5.462)
Parameters optimization took 3 rounds (30.171 sec)
Wrote distance file to... 
BEST SCORE FOUND : -4586.655
Ancestral state probabilities printed to /mnt/data0/yue/2026-03-11-protein-convergence/results/OG_856/csubst_w_s/csubst_input_alignment.fa.state
Empirical proportions for each category: 0.659 0.183 0.085 0.073
Site rates printed to /mnt/data0/yue/2026-03-11-protein-convergence/results/OG_856/csubst_w_s/csubst_input_alignment.fa.rate
Total tree length: 5.718

Total number of iterations: 0
CPU time used for tree search: 0.000 sec (0h:0m:0s)
Wall-clock time used for tree search: 0.000 sec (0h:0m:0s)
Total CPU time used: 35.649 sec (0h:0m:35s)
Total wall-clock time used: 35.776 sec (0h:0m:35s)

Analysis results written to: 
  IQ-TREE report:                /mnt/data0/yue/2026-03-11-protein-convergence/results/OG_856/csubst_w_s/csubst_input_alignment.fa.iqtree
  Maximum-likelihood tree:       /mnt/data0/yue/2026-03-11-protein-convergence/results/OG_856/csubst_w_s/csubst_input_alignment.fa.treefile
  Site-specific rates:           /mnt/data0/yue/2026-03-11-protein-convergence/results/OG_856/csubst_w_s/csubst_input_alignment.fa.rate
  Ancestral state:               /mnt/data0/yue/2026-03-11-protein-convergence/results/OG_856/csubst_w_s/csubst_input_alignment.fa.state
  Screen log file:               /mnt/data0/yue/2026-03-11-protein-convergence/results/OG_856/csubst_w_s/csubst_input_alignment.fa.log

Date and Time: Sat Mar 28 03:52:41 2026
