IQ-TREE multicore version 2.4.0 for Linux x86 64-bit built Feb 12 2025
Developed by Bui Quang Minh, Nguyen Lam Tung, Olga Chernomor, Heiko Schmidt,
Dominik Schrempf, Michael Woodhams, Ly Trong Nhan, Thomas Wong

Host:    brain (AVX2, FMA3, 2015 GB RAM)
Command: /home/yue/miniconda3/envs/py39/bin/iqtree -s /mnt/data0/yue/2026-03-11-protein-convergence/results/OG_4401/csubst_w_s/csubst_input_alignment.fa -te tmp.csubst.nwk -m ECMK07+F+R4 --seqtype CODON1 --threads-max 1 -T AUTO --ancestral --rate --redo
Seed:    157755 (Using SPRNG - Scalable Parallel Random Number Generator)
Time:    Fri Mar 27 13:44:40 2026
Kernel:  AVX+FMA - auto-detect threads (128 CPU cores detected)

Reading alignment file /mnt/data0/yue/2026-03-11-protein-convergence/results/OG_4401/csubst_w_s/csubst_input_alignment.fa ... Fasta format detected
Reading fasta file: done in 0.0111687 secs using 91.21% CPU
Alignment most likely contains DNA/RNA sequences
Converting to codon sequences with genetic code 1 ...
WARNING: 1 sites contain only gaps or ambiguous characters.
Alignment has 73 sequences with 1417 columns, 1334 distinct patterns
708 parsimony-informative, 413 singleton sites, 296 constant sites
                                                               Gap/Ambiguity  Composition  p-value
Analyzing sequences: done in 0.00051403 secs using 49.61% CPU
   1  DE737|Cluster-11060.0__TRINITY_DN25_c0_g1_i28.p1                28.02%    passed    100.00%
   2  JJ99|Cluster-15588.2__TRINITY_DN1315_c0_g1_i7.p1                46.58%    passed     96.02%
   3  JJ23|Cluster-14311.1__TRINITY_DN3725_c0_g1_i2.p1                28.30%    passed    100.00%
   4  DE173|Cluster-45035.0__TRINITY_DN129_c0_g2_i2.p1                 0.28%    passed    100.00%
   5  JJ130|Cluster-49763.7__TRINITY_DN123_c0_g1_i15.p1                0.28%    passed    100.00%
   6  JJ36|Cluster-40068.0__TRINITY_DN550_c0_g1_i10.p1                 0.14%    passed    100.00%
   7  DE736|Cluster-62910.0__TRINITY_DN3076_c0_g1_i3.p1               10.66%    passed    100.00%
   8  DE164|Cluster-56362.1__TRINITY_DN615_c0_g1_i12.p1                6.49%    passed    100.00%
   9  JJ109|Cluster-22996.2__TRINITY_DN298_c0_g1_i5.p1                 0.28%    passed    100.00%
  10  DE765|Cluster-21753.1__TRINITY_DN1089_c0_g1_i11.p1               6.70%    passed     99.96%
  11  DE566|Cluster-40512.0__TRINITY_DN1847_c0_g1_i7.p1                1.13%    passed    100.00%
  12  SRR11748982|Cluster-27474.386__TRINITY_DN98_c0_g1_i2.p1          5.79%    passed     89.68%
  13  SRR11934227|Cluster-151878.1__TRINITY_DN9997_c1_g2_i2.p1         8.75%    passed     85.22%
  14  DE151|Cluster-55566.0__TRINITY_DN131_c0_g1_i3.p1                22.51%    passed    100.00%
  15  DE189|Cluster-31779.1__TRINITY_DN26_c0_g1_i5.p1                 10.87%    passed    100.00%
  16  DE115|Cluster-61944.1__TRINITY_DN4789_c0_g1_i6.p1                0.07%    passed    100.00%
  17  JJ86|Cluster-50365.0__TRINITY_DN28_c0_g4_i1.p1                   0.07%    passed    100.00%
  18  DE666|Cluster-30593.0__TRINITY_DN3211_c0_g2_i1.p1                0.14%    passed    100.00%
  19  DE681|Cluster-44356.0__TRINITY_DN7214_c0_g1_i2.p1                0.07%    passed    100.00%
  20  DE162|Cluster-48000.0__TRINITY_DN5611_c0_g1_i2.p1                0.28%    passed    100.00%
  21  DE507|Cluster-86958.0__TRINITY_DN260_c0_g2_i1.p1                 0.28%    passed    100.00%
  22  DE528|Cluster-33632.0__TRINITY_DN7224_c0_g2_i1.p1                0.28%    passed    100.00%
  23  DE704-white|Cluster-37129.2__TRINITY_DN2808_c0_g1_i2.p1          0.42%    passed    100.00%
  24  DE563|Cluster-26193.0__TRINITY_DN1250_c0_g2_i2.p1                0.07%    passed    100.00%
  25  DE554|Cluster-66439.1__TRINITY_DN67_c2_g2_i1.p1                 68.60%    passed     99.44%
  26  DE623|Cluster-58736.0__TRINITY_DN4223_c0_g1_i1.p1                0.14%    passed    100.00%
  27  DE680|Cluster-24178.0__TRINITY_DN8451_c0_g2_i2.p1                0.07%    passed    100.00%
  28  DE126|Cluster-20356.0__TRINITY_DN1908_c1_g1_i5.p1                0.07%    passed    100.00%
  29  DE546_urceolata_l|Cluster-42336.1__TRINITY_DN1607_c0_g1_i1.p1    0.07%    passed    100.00%
  30  DE704-purple|Cluster-58244.1__TRINITY_DN1881_c0_g3_i1.p1        26.46%    passed     99.99%
  31  DE575|Cluster-42226.1__TRINITY_DN2595_c0_g1_i5.p1                0.07%    passed    100.00%
  32  JJ125|Cluster-22484.0__TRINITY_DN29_c0_g2_i3.p1                 21.67%    passed    100.00%
  33  DE216|Cluster-20384.0__TRINITY_DN3062_c0_g2_i1.p1                0.07%    passed    100.00%
  34  DE542|Cluster-35153.1__TRINITY_DN1334_c0_g1_i2.p1                0.07%    passed    100.00%
  35  DE536|Cluster-34702.1__TRINITY_DN103_c0_g3_i3.p1                 0.07%    passed    100.00%
  36  JJ15|Cluster-67526.0__TRINITY_DN181_c0_g2_i1.p1                 28.02%    passed    100.00%
  37  DE534|Cluster-53657.1__TRINITY_DN1496_c0_g1_i3.p1                0.07%    passed    100.00%
  38  JJ131|Cluster-55830.0__TRINITY_DN1036_c0_g2_i1.p1               33.52%    passed     99.93%
  39  DE88|Cluster-31691.0__TRINITY_DN3187_c1_g1_i2.p1                 0.07%    passed    100.00%
  40  DE476|Cluster-38182.0__TRINITY_DN65_c0_g2_i2.p1                  0.07%    passed    100.00%
  41  DE550|Cluster-24993.0__TRINITY_DN199_c0_g2_i2.p1                 0.07%    passed    100.00%
  42  DE696-dots|Cluster-35010.0__TRINITY_DN3761_c0_g1_i6.p1          11.15%    passed    100.00%
  43  DE696-nodots|Cluster-38143.1__TRINITY_DN4653_c0_g1_i4.p1         0.07%    passed    100.00%
  44  DE504|Cluster-34060.0__TRINITY_DN842_c0_g2_i4.p1                10.66%    passed    100.00%
  45  DE672|Cluster-33964.0__TRINITY_DN141_c0_g1_i4.p1                10.66%    passed    100.00%
  46  DE643|Cluster-81619.1__TRINITY_DN10055_c0_g1_i11.p1              0.07%    passed    100.00%
  47  DE671|Cluster-58722.1__TRINITY_DN5048_c0_g2_i1.p1                0.07%    passed    100.00%
  48  JJ89|Cluster-40965.0__TRINITY_DN411_c0_g1_i20.p1                10.66%    passed    100.00%
  49  DE541|Cluster-18368.0__TRINITY_DN253_c0_g3_i3.p1                 0.07%    passed    100.00%
  50  DE523|Cluster-46432.0__TRINITY_DN3232_c0_g2_i1.p1                0.21%    passed    100.00%
  51  SRR3407096|Cluster-2747.0__TRINITY_DN8357_c0_g2_i1.p1            0.07%    passed    100.00%
  52  DE560|Cluster-2779.0__TRINITY_DN1798_c0_g2_i2.p1                 0.07%    passed    100.00%
  53  JJ74|Cluster-42630.0__TRINITY_DN56214_c0_g1_i3.p1               15.88%    passed    100.00%
  54  DRR082660|Cluster-37840.1__TRINITY_DN1303_c0_g1_i16.p1          32.60%    passed    100.00%
  55  DE181|Cluster-47544.0__TRINITY_DN4700_c0_g2_i5.p1               28.02%    passed    100.00%
  56  SRR3407086|Cluster-40390.0__TRINITY_DN8014_c0_g3_i1.p1          46.37%    passed     99.94%
  57  DE561|Cluster-32179.0__TRINITY_DN1559_c0_g2_i2.p1                0.49%    passed    100.00%
  58  SRR3424066|Cluster-11632.0__TRINITY_DN1920_c0_g5_i1.p1          38.88%    passed     99.99%
  59  SRR3407088|Cluster-9410.0__TRINITY_DN17332_c0_g3_i2.p1          68.60%    passed     99.80%
  60  SRR3407094|Cluster-21644.0__TRINITY_DN11188_c0_g2_i3.p1         68.60%    passed     99.68%
  61  SRR3407093|Cluster-12386.0__TRINITY_DN12102_c0_g1_i1.p1          0.07%    passed    100.00%
  62  DE503|Cluster-25463.0__TRINITY_DN5945_c0_g1_i5.p1               28.02%    passed    100.00%
  63  DE505|Cluster-28630.2__TRINITY_DN731_c0_g1_i2.p1                 0.07%    passed    100.00%
  64  SRR3407092|Cluster-6840.0__TRINITY_DN1987_c0_g2_i1.p1            0.07%    passed    100.00%
  65  DE510|Cluster-37584.1__TRINITY_DN750_c0_g1_i1.p1                11.71%    passed    100.00%
  66  SRR3407087|Cluster-13213.0__TRINITY_DN3485_c0_g3_i1.p1          49.68%    passed     99.88%
  67  SRR3407095|Cluster-1943.0__TRINITY_DN7281_c0_g1_i1.p1            7.69%    passed    100.00%
  68  DE69|Cluster-22673.1__TRINITY_DN1811_c0_g1_i22.p1               32.60%    passed    100.00%
  69  JJ85|Cluster-16310.0__TRINITY_DN337_c0_g1_i2.p1                  0.07%    passed    100.00%
  70  DE509|Cluster-23080.5__TRINITY_DN1910_c0_g1_i3.p1               22.30%    passed    100.00%
  71  DE531|Cluster-45929.1__TRINITY_DN2185_c0_g1_i6.p1                0.07%    passed    100.00%
  72  DE764|Cluster-31240.0__TRINITY_DN213_c0_g1_i1.p1                 0.85%    passed    100.00%
  73  DRR082665|Cluster-37902.0__TRINITY_DN11677_c0_g2_i1.p1          58.65%    passed     99.01%
WARNING: 4 sequences contain more than 50% gaps/ambiguity
****  TOTAL                                                           12.50%  0 sequences failed composition chi2 test (p-value<5%; df=60)
Reading input tree file tmp.csubst.nwk ... rooted tree

NOTE: 191 MB RAM (0 GB) is required!
Measuring multi-threading efficiency up to 1 CPU cores
2 trees examined
Threads: 1 / Time: 10.088 sec / Speedup: 1.000 / Efficiency: 100% / LogL: -42508
BEST NUMBER OF THREADS: 1

Estimate model parameters (epsilon = 0.010)
1. Initial log-likelihood: -44856.304
2. Current log-likelihood: -28198.651
3. Current log-likelihood: -28197.188
4. Current log-likelihood: -28196.303
5. Current log-likelihood: -28195.691
6. Current log-likelihood: -28195.226
7. Current log-likelihood: -28194.859
8. Current log-likelihood: -28194.564
9. Current log-likelihood: -28194.330
10. Current log-likelihood: -28194.146
11. Current log-likelihood: -28194.004
12. Current log-likelihood: -28193.896
13. Current log-likelihood: -28193.815
14. Current log-likelihood: -28193.755
15. Current log-likelihood: -28193.711
16. Current log-likelihood: -28193.679
17. Current log-likelihood: -28193.657
18. Current log-likelihood: -28193.641
19. Current log-likelihood: -28193.630
Optimal log-likelihood: -28193.622
Nonsynonymous/synonymous ratio (omega): 1.000
Transition/transversion ratio (kappa): 1.000
Site proportion and rates:  (0.600,0.440) (0.274,1.523) (0.077,1.606) (0.049,3.996)
Parameters optimization took 19 rounds (644.383 sec)
Wrote distance file to... 
BEST SCORE FOUND : -28193.622
Ancestral state probabilities printed to /mnt/data0/yue/2026-03-11-protein-convergence/results/OG_4401/csubst_w_s/csubst_input_alignment.fa.state
Empirical proportions for each category: 0.665 0.292 0.000 0.042
Site rates printed to /mnt/data0/yue/2026-03-11-protein-convergence/results/OG_4401/csubst_w_s/csubst_input_alignment.fa.rate
Total tree length: 3.422

Total number of iterations: 0
CPU time used for tree search: 0.000 sec (0h:0m:0s)
Wall-clock time used for tree search: 0.000 sec (0h:0m:0s)
Total CPU time used: 660.587 sec (0h:11m:0s)
Total wall-clock time used: 661.565 sec (0h:11m:1s)

Analysis results written to: 
  IQ-TREE report:                /mnt/data0/yue/2026-03-11-protein-convergence/results/OG_4401/csubst_w_s/csubst_input_alignment.fa.iqtree
  Maximum-likelihood tree:       /mnt/data0/yue/2026-03-11-protein-convergence/results/OG_4401/csubst_w_s/csubst_input_alignment.fa.treefile
  Site-specific rates:           /mnt/data0/yue/2026-03-11-protein-convergence/results/OG_4401/csubst_w_s/csubst_input_alignment.fa.rate
  Ancestral state:               /mnt/data0/yue/2026-03-11-protein-convergence/results/OG_4401/csubst_w_s/csubst_input_alignment.fa.state
  Screen log file:               /mnt/data0/yue/2026-03-11-protein-convergence/results/OG_4401/csubst_w_s/csubst_input_alignment.fa.log

Date and Time: Fri Mar 27 13:55:41 2026
