IQ-TREE multicore version 2.4.0 for Linux x86 64-bit built Feb 12 2025
Developed by Bui Quang Minh, Nguyen Lam Tung, Olga Chernomor, Heiko Schmidt,
Dominik Schrempf, Michael Woodhams, Ly Trong Nhan, Thomas Wong

Host:    brain (AVX2, FMA3, 2015 GB RAM)
Command: /home/yue/miniconda3/envs/py39/bin/iqtree -s /mnt/data0/yue/2026-03-11-protein-convergence/results/OG_8008/csubst_w_s/csubst_input_alignment.fa -te tmp.csubst.nwk -m ECMK07+F+R4 --seqtype CODON1 --threads-max 1 -T AUTO --ancestral --rate --redo
Seed:    492472 (Using SPRNG - Scalable Parallel Random Number Generator)
Time:    Sat Mar 28 02:18:17 2026
Kernel:  AVX+FMA - auto-detect threads (128 CPU cores detected)

Reading alignment file /mnt/data0/yue/2026-03-11-protein-convergence/results/OG_8008/csubst_w_s/csubst_input_alignment.fa ... Fasta format detected
Reading fasta file: done in 0.00290564 secs using 34.69% CPU
Alignment most likely contains DNA/RNA sequences
Converting to codon sequences with genetic code 1 ...
Alignment has 76 sequences with 443 columns, 417 distinct patterns
218 parsimony-informative, 132 singleton sites, 93 constant sites
                                                               Gap/Ambiguity  Composition  p-value
Analyzing sequences: done in 0.000139743 secs using 99.47% CPU
   1  DE546_urceolata_l|Cluster-36152.0__TRINITY_DN5164_c2_g1_i2.p1    0.00%    passed    100.00%
   2  DE126|Cluster-38369.0__TRINITY_DN2820_c0_g2_i7.p1                0.00%    passed    100.00%
   3  DE566|Cluster-55905.0__TRINITY_DN1119_c0_g1_i10.p1               0.23%    passed    100.00%
   4  DE764|Cluster-23751.0__TRINITY_DN628_c0_g1_i4.p1                 0.45%    passed    100.00%
   5  DE736|Cluster-21106.0__TRINITY_DN2384_c0_g1_i4.p1                0.00%    passed    100.00%
   6  DE549|Cluster-31222.0__TRINITY_DN1000_c0_g1_i1.p1                0.00%    passed    100.00%
   7  JJ125|Cluster-17464.0__TRINITY_DN530_c0_g1_i2.p1                 0.00%    passed    100.00%
   8  DE560|Cluster-43287.0__TRINITY_DN144_c0_g1_i6.p1                 0.00%    passed    100.00%
   9  JJ131|Cluster-68971.0__TRINITY_DN5181_c1_g1_i8.p1               33.63%    passed     43.41%
  10  DE505|Cluster-41438.0__TRINITY_DN4343_c0_g1_i1.p1                0.00%    passed    100.00%
  11  DE510|Cluster-2186.1__TRINITY_DN629_c0_g1_i1.p1                  0.00%    passed    100.00%
  12  SRR3407087|Cluster-43991.0__TRINITY_DN762_c0_g1_i5.p1            0.00%    passed    100.00%
  13  DE531|Cluster-42211.0__TRINITY_DN1985_c0_g1_i1.p1                0.00%    passed    100.00%
  14  DE696-nodots|Cluster-18415.0__TRINITY_DN3916_c0_g1_i1.p1        41.99%    passed     97.46%
  15  DE127|Cluster-42612.0__TRINITY_DN129_c0_g2_i3.p1                 0.00%    passed    100.00%
  16  DE554|Cluster-40004.0__TRINITY_DN1496_c0_g1_i3.p1                0.00%    passed    100.00%
  17  DE162|Cluster-10437.0__TRINITY_DN7947_c0_g2_i2.p1                0.00%    passed    100.00%
  18  DE563|Cluster-45997.0__TRINITY_DN32409_c0_g1_i1.p1               0.00%    passed    100.00%
  19  DE507|Cluster-80067.0__TRINITY_DN2520_c0_g1_i2.p1                0.00%    passed    100.00%
  20  DE704-white|Cluster-27693.0__TRINITY_DN3632_c0_g1_i1.p1          0.00%    passed    100.00%
  21  DE528|Cluster-26026.0__TRINITY_DN1771_c0_g1_i1.p1                0.00%    passed    100.00%
  22  DE704-purple|Cluster-49893.0__TRINITY_DN2806_c0_g1_i11.p1        0.00%    passed    100.00%
  23  DE623|Cluster-48716.0__TRINITY_DN5865_c1_g1_i2.p1                0.00%    passed    100.00%
  24  DE680|Cluster-47709.0__TRINITY_DN212_c0_g1_i1.p1                 0.90%    passed    100.00%
  25  DE681|Cluster-42481.0__TRINITY_DN4528_c0_g1_i1.p1                0.00%    passed    100.00%
  26  DE765|Cluster-17490.0__TRINITY_DN555_c0_g2_i2.p1                 0.00%    passed    100.00%
  27  DE575|Cluster-14958.0__TRINITY_DN24690_c0_g1_i1.p1               0.00%    passed    100.00%
  28  DE666|Cluster-15958.0__TRINITY_DN6237_c1_g1_i2.p1                0.00%    passed    100.00%
  29  DE115|Cluster-36766.0__TRINITY_DN2745_c0_g1_i1.p1                8.35%    passed    100.00%
  30  DE741|Cluster-32226.0__TRINITY_DN2374_c0_g1_i3.p1               44.24%    passed     98.50%
  31  JJ86|Cluster-23871.0__TRINITY_DN6617_c0_g1_i11.p1                0.00%    passed    100.00%
  32  DE668|Cluster-57374.0__TRINITY_DN973_c1_g1_i18.p1                0.45%    passed    100.00%
  33  DE152|Cluster-43926.0__TRINITY_DN3381_c0_g1_i12.p1              41.99%    passed     97.62%
  34  JJ99|Cluster-35957.0__TRINITY_DN4462_c1_g1_i5.p1                30.47%    passed     99.66%
  35  DE229|Cluster-57682.0__TRINITY_DN1780_c0_g1_i15.p1               0.00%    passed    100.00%
  36  JJ23|Cluster-44880.0__TRINITY_DN505_c0_g1_i3.p1                  0.00%    passed    100.00%
  37  DE534|Cluster-53795.1__TRINITY_DN2304_c0_g1_i19.p1               0.00%    passed    100.00%
  38  DE151|Cluster-56058.0__TRINITY_DN574_c0_g1_i2.p1                 0.00%    passed    100.00%
  39  DE173|Cluster-43187.0__TRINITY_DN1216_c0_g1_i1.p1                0.00%    passed    100.00%
  40  DE189|Cluster-21372.0__TRINITY_DN22224_c0_g1_i3.p1               0.00%    passed    100.00%
  41  JJ109|Cluster-28801.0__TRINITY_DN4141_c1_g1_i2.p1                0.00%    passed    100.00%
  42  JJ130|Cluster-21439.0__TRINITY_DN5509_c4_g1_i1.p1                0.00%    passed    100.00%
  43  DE476|Cluster-15448.1__TRINITY_DN3266_c0_g1_i3.p1                0.00%    passed    100.00%
  44  JJ89|Cluster-22336.0__TRINITY_DN858_c0_g1_i1.p1                  0.00%    passed    100.00%
  45  DE509|Cluster-416.0__TRINITY_DN4137_c1_g1_i1.p1                  0.00%    passed    100.00%
  46  DE696-dots|Cluster-14971.0__TRINITY_DN2620_c0_g1_i1.p1           0.00%    passed    100.00%
  47  JJ36|Cluster-45669.0__TRINITY_DN874_c1_g1_i1.p1                  0.00%    passed    100.00%
  48  DE550|Cluster-34579.0__TRINITY_DN2960_c0_g1_i3.p1                0.00%    passed    100.00%
  49  DE672|Cluster-39834.0__TRINITY_DN599_c0_g1_i1.p1                 0.00%    passed    100.00%
  50  DE737|Cluster-39636.0__TRINITY_DN3057_c0_g1_i3.p1                0.00%    passed    100.00%
  51  DE164|Cluster-35169.0__TRINITY_DN10070_c0_g2_i2.p1               0.00%    passed    100.00%
  52  DE643|Cluster-11611.0__TRINITY_DN1799_c0_g1_i2.p1                0.00%    passed    100.00%
  53  DE671|Cluster-5359.0__TRINITY_DN1992_c0_g1_i1.p1                 0.00%    passed    100.00%
  54  DE504|Cluster-39243.0__TRINITY_DN12672_c0_g1_i2.p1               0.00%    passed    100.00%
  55  DE88|Cluster-6114.0__TRINITY_DN1403_c1_g1_i2.p1                  0.00%    passed    100.00%
  56  DE541|Cluster-34418.0__TRINITY_DN4915_c1_g1_i1.p1                0.00%    passed    100.00%
  57  DE181|Cluster-50552.0__TRINITY_DN771_c0_g1_i3.p1                 0.00%    passed    100.00%
  58  SRR3407086|Cluster-33258.0__TRINITY_DN63_c0_g1_i1.p1             0.00%    passed    100.00%
  59  DE503|Cluster-59855.0__TRINITY_DN1807_c0_g3_i2.p1                0.00%    passed    100.00%
  60  SRR3407092|Cluster-31211.0__TRINITY_DN963_c0_g1_i1.p1            0.00%    passed    100.00%
  61  SRR3407093|Cluster-36816.0__TRINITY_DN27_c0_g1_i1.p1             0.00%    passed    100.00%
  62  SRR3407094|Cluster-35019.0__TRINITY_DN26_c0_g1_i1.p1             0.00%    passed    100.00%
  63  DE561|Cluster-5493.0__TRINITY_DN566_c0_g1_i1.p1                  0.00%    passed    100.00%
  64  SRR3424066|Cluster-27083.0__TRINITY_DN49_c0_g1_i1.p1             0.00%    passed    100.00%
  65  SRR3407088|Cluster-491.0__TRINITY_DN345_c0_g1_i1.p1              0.00%    passed    100.00%
  66  DE69|Cluster-54843.0__TRINITY_DN5650_c1_g1_i1.p1                 0.00%    passed    100.00%
  67  SRR3407095|Cluster-26800.0__TRINITY_DN61_c0_g1_i1.p1             0.00%    passed    100.00%
  68  SRR3407096|Cluster-996.0__TRINITY_DN8482_c0_g1_i1.p1             0.00%    passed    100.00%
  69  DE523|Cluster-19003.0__TRINITY_DN3773_c0_g1_i3.p1                0.00%    passed    100.00%
  70  DE519|Cluster-1991.0__TRINITY_DN920_c2_g1_i1.p1                  0.00%    passed    100.00%
  71  DRR082660|Cluster-30272.0__TRINITY_DN542_c0_g1_i1.p1             0.00%    passed    100.00%
  72  DE542|Cluster-18289.6__TRINITY_DN1221_c1_g1_i8.p1                0.00%    passed    100.00%
  73  DE536|Cluster-37876.4__TRINITY_DN3104_c0_g1_i2.p1               38.15%    passed     97.00%
  74  JJ74|Cluster-110064.0__TRINITY_DN2493_c0_g1_i4.p1               43.57%    passed     90.95%
  75  DRR234970|Cluster-43560.0__TRINITY_DN775_c0_g1_i1.p1             2.26%    passed     98.81%
  76  SRR11748982|Cluster-39269.188__TRINITY_DN16172_c1_g1_i2.p1      31.38%    passed     75.48%
****  TOTAL                                                            4.18%  0 sequences failed composition chi2 test (p-value<5%; df=60)
Reading input tree file tmp.csubst.nwk ... rooted tree

NOTE: 68 MB RAM (0 GB) is required!
Measuring multi-threading efficiency up to 1 CPU cores
2 trees examined
Threads: 1 / Time: 3.500 sec / Speedup: 1.000 / Efficiency: 100% / LogL: -13370
BEST NUMBER OF THREADS: 1

Estimate model parameters (epsilon = 0.010)
1. Initial log-likelihood: -14145.352
2. Current log-likelihood: -8432.102
3. Current log-likelihood: -8431.806
4. Current log-likelihood: -8431.619
5. Current log-likelihood: -8431.485
6. Current log-likelihood: -8431.386
7. Current log-likelihood: -8431.311
8. Current log-likelihood: -8431.254
9. Current log-likelihood: -8431.210
10. Current log-likelihood: -8431.174
11. Current log-likelihood: -8431.145
12. Current log-likelihood: -8431.122
13. Current log-likelihood: -8431.102
14. Current log-likelihood: -8431.086
15. Current log-likelihood: -8431.073
16. Current log-likelihood: -8431.061
Optimal log-likelihood: -8431.052
Nonsynonymous/synonymous ratio (omega): 1.000
Transition/transversion ratio (kappa): 1.000
Site proportion and rates:  (0.627,0.429) (0.223,1.408) (0.095,1.973) (0.055,4.183)
Parameters optimization took 16 rounds (189.585 sec)
Wrote distance file to... 
BEST SCORE FOUND : -8431.052
Ancestral state probabilities printed to /mnt/data0/yue/2026-03-11-protein-convergence/results/OG_8008/csubst_w_s/csubst_input_alignment.fa.state
Empirical proportions for each category: 0.686 0.246 0.016 0.052
Site rates printed to /mnt/data0/yue/2026-03-11-protein-convergence/results/OG_8008/csubst_w_s/csubst_input_alignment.fa.rate
Total tree length: 2.936

Total number of iterations: 0
CPU time used for tree search: 0.000 sec (0h:0m:0s)
Wall-clock time used for tree search: 0.000 sec (0h:0m:0s)
Total CPU time used: 195.227 sec (0h:3m:15s)
Total wall-clock time used: 195.566 sec (0h:3m:15s)

Analysis results written to: 
  IQ-TREE report:                /mnt/data0/yue/2026-03-11-protein-convergence/results/OG_8008/csubst_w_s/csubst_input_alignment.fa.iqtree
  Maximum-likelihood tree:       /mnt/data0/yue/2026-03-11-protein-convergence/results/OG_8008/csubst_w_s/csubst_input_alignment.fa.treefile
  Site-specific rates:           /mnt/data0/yue/2026-03-11-protein-convergence/results/OG_8008/csubst_w_s/csubst_input_alignment.fa.rate
  Ancestral state:               /mnt/data0/yue/2026-03-11-protein-convergence/results/OG_8008/csubst_w_s/csubst_input_alignment.fa.state
  Screen log file:               /mnt/data0/yue/2026-03-11-protein-convergence/results/OG_8008/csubst_w_s/csubst_input_alignment.fa.log

Date and Time: Sat Mar 28 02:21:33 2026
