IQ-TREE multicore version 2.4.0 for Linux x86 64-bit built Feb 12 2025
Developed by Bui Quang Minh, Nguyen Lam Tung, Olga Chernomor, Heiko Schmidt,
Dominik Schrempf, Michael Woodhams, Ly Trong Nhan, Thomas Wong

Host:    brain (AVX2, FMA3, 2015 GB RAM)
Command: /home/yue/miniconda3/envs/py39/bin/iqtree -s /mnt/data0/yue/2026-03-11-protein-convergence/results/OG_4255/csubst_w_s/csubst_input_alignment.fa -te tmp.csubst.nwk -m ECMK07+F+R4 --seqtype CODON1 --threads-max 1 -T AUTO --ancestral --rate --redo
Seed:    666792 (Using SPRNG - Scalable Parallel Random Number Generator)
Time:    Fri Mar 27 13:07:02 2026
Kernel:  AVX+FMA - auto-detect threads (128 CPU cores detected)

Reading alignment file /mnt/data0/yue/2026-03-11-protein-convergence/results/OG_4255/csubst_w_s/csubst_input_alignment.fa ... Fasta format detected
Reading fasta file: done in 0.00233766 secs using 86.58% CPU
Alignment most likely contains DNA/RNA sequences
Converting to codon sequences with genetic code 1 ...
WARNING: 1 sites contain only gaps or ambiguous characters.
Alignment has 77 sequences with 336 columns, 299 distinct patterns
151 parsimony-informative, 62 singleton sites, 122 constant sites
                                                               Gap/Ambiguity  Composition  p-value
Analyzing sequences: done in 9.7394e-05 secs using 98.57% CPU
   1  JJ89|Cluster-36537.0__TRINITY_DN2832_c0_g1_i2.p1                 8.04%    passed     99.74%
   2  DE115|Cluster-30511.0__TRINITY_DN372_c4_g1_i1.p1                 0.30%    passed    100.00%
   3  DE162|Cluster-9373.0__TRINITY_DN9367_c0_g1_i1.p1                 0.30%    passed    100.00%
   4  DE507|Cluster-56671.0__TRINITY_DN8222_c0_g2_i2.p1                0.30%    passed    100.00%
   5  DE528|Cluster-27979.0__TRINITY_DN7719_c1_g1_i2.p1                0.30%    passed    100.00%
   6  DE704-purple|Cluster-26381.1__TRINITY_DN6262_c0_g1_i3.p1         0.30%    passed    100.00%
   7  DE704-white|Cluster-65032.1__TRINITY_DN5287_c3_g1_i1.p1          0.30%    passed    100.00%
   8  DE623|Cluster-8560.0__TRINITY_DN7984_c0_g1_i1.p1                 0.30%    passed    100.00%
   9  SRR5150740|Cluster-44135.0__TRINITY_DN1227_c1_g1_i3.p1           0.30%    passed    100.00%
  10  DE531|Cluster-40072.0__TRINITY_DN2647_c0_g1_i2.p1               10.12%    passed     99.60%
  11  DE696-dots|Cluster-22307.0__TRINITY_DN1107_c1_g2_i2.p1          10.12%    passed     99.46%
  12  DE696-nodots|Cluster-30642.0__TRINITY_DN7743_c0_g1_i1.p1        10.12%    passed     99.46%
  13  DE741|Cluster-37751.0__TRINITY_DN6475_c0_g1_i2.p1               10.71%    passed     99.94%
  14  DE126|Cluster-37313.0__TRINITY_DN1736_c1_g2_i1.p1                0.30%    passed    100.00%
  15  DE566|Cluster-22255.0__TRINITY_DN11290_c0_g2_i4.p1               0.30%    passed    100.00%
  16  DE643|Cluster-52708.1__TRINITY_DN4102_c1_g1_i5.p1                0.30%    passed    100.00%
  17  DE546_urceolata_l|Cluster-46536.0__TRINITY_DN4979_c0_g1_i2.p1   48.81%    passed     99.31%
  18  DE127|Cluster-38865.0__TRINITY_DN8799_c1_g2_i2.p1                0.30%    passed    100.00%
  19  DE554|Cluster-63545.0__TRINITY_DN6364_c0_g1_i1.p1                0.30%    passed    100.00%
  20  DE151|Cluster-41664.0__TRINITY_DN5710_c1_g1_i1.p1                0.30%    passed    100.00%
  21  DE519|Cluster-44047.0__TRINITY_DN4730_c0_g1_i1.p1               13.99%    passed    100.00%
  22  DE152|Cluster-59576.0__TRINITY_DN2523_c0_g1_i1.p1                0.30%    passed    100.00%
  23  DE173|Cluster-10947.0__TRINITY_DN11970_c0_g1_i1.p1               0.30%    passed    100.00%
  24  SRR3407095|Cluster-6239.0__TRINITY_DN45226_c0_g1_i1.p1           0.30%    passed    100.00%
  25  SRR3407094|Cluster-33524.0__TRINITY_DN9926_c0_g1_i1.p1           0.30%    passed    100.00%
  26  SRR3407093|Cluster-3112.0__TRINITY_DN37018_c0_g1_i1.p1           0.30%    passed    100.00%
  27  SRR3407092|Cluster-31829.0__TRINITY_DN2924_c0_g1_i1.p1           0.30%    passed    100.00%
  28  DE189|Cluster-48780.3__TRINITY_DN4722_c0_g1_i2.p1                0.30%    passed    100.00%
  29  SRR3407087|Cluster-15615.0__TRINITY_DN16233_c0_g1_i1.p1          0.30%    passed    100.00%
  30  SRR3407086|Cluster-11958.0__TRINITY_DN96510_c0_g1_i1.p1          0.30%    passed    100.00%
  31  DE510|Cluster-547.0__TRINITY_DN16622_c0_g1_i1.p1                 0.30%    passed    100.00%
  32  DE536|Cluster-39421.0__TRINITY_DN2498_c1_g1_i5.p1                0.30%    passed    100.00%
  33  DE541|Cluster-13551.0__TRINITY_DN4712_c2_g1_i1.p1                0.30%    passed    100.00%
  34  DE563|Cluster-41619.0__TRINITY_DN1085_c4_g1_i1.p1                0.30%    passed    100.00%
  35  DE672|Cluster-12876.0__TRINITY_DN6351_c0_g1_i1.p1                0.30%    passed    100.00%
  36  DE69|Cluster-45683.0__TRINITY_DN7211_c0_g1_i1.p1                 0.30%    passed    100.00%
  37  DE88|Cluster-9952.0__TRINITY_DN12860_c0_g1_i1.p1                 0.30%    passed    100.00%
  38  JJ130|Cluster-38317.0__TRINITY_DN29345_c0_g2_i2.p1               0.30%    passed    100.00%
  39  SRR3424066|Cluster-38198.0__TRINITY_DN2050_c0_g1_i2.p1          38.69%    passed     99.99%
  40  SRR3407088|Cluster-40091.0__TRINITY_DN2493_c0_g1_i2.p1           0.30%    passed    100.00%
  41  DE561|Cluster-23451.1__TRINITY_DN254_c0_g1_i21.p1                0.30%    passed    100.00%
  42  DE181|Cluster-51343.0__TRINITY_DN10884_c0_g1_i4.p1              48.81%    passed    100.00%
  43  DE503|Cluster-40576.0__TRINITY_DN3430_c0_g1_i6.p1               48.81%    passed    100.00%
  44  DE505|Cluster-26253.0__TRINITY_DN536_c0_g2_i2.p1                48.81%    passed    100.00%
  45  DE736|Cluster-29896.0__TRINITY_DN18347_c0_g2_i1.p1              48.81%    passed    100.00%
  46  DE509|Cluster-46318.0__TRINITY_DN7816_c0_g1_i6.p1               48.81%    passed    100.00%
  47  DE764|Cluster-20831.0__TRINITY_DN4014_c0_g1_i2.p1               48.81%    passed     99.99%
  48  JJ36|Cluster-30783.0__TRINITY_DN3988_c0_g1_i1.p1                48.81%    passed     99.96%
  49  DE229|Cluster-7778.0__TRINITY_DN6472_c0_g4_i1.p1                 0.30%    passed    100.00%
  50  DE575|Cluster-7647.0__TRINITY_DN4715_c0_g1_i1.p1                 0.30%    passed    100.00%
  51  DE681|Cluster-23051.0__TRINITY_DN5016_c0_g1_i1.p1                0.30%    passed    100.00%
  52  DE549|Cluster-1547.0__TRINITY_DN2841_c0_g1_i2.p1                48.81%    passed     99.99%
  53  DE765|Cluster-28546.0__TRINITY_DN5618_c0_g1_i1.p1               48.81%    passed     99.98%
  54  DE560|Cluster-24538.0__TRINITY_DN1871_c1_g1_i4.p1                0.30%    passed    100.00%
  55  JJ125|Cluster-34028.0__TRINITY_DN2365_c0_g1_i2.p1                0.30%    passed    100.00%
  56  DE737|Cluster-23611.0__TRINITY_DN7997_c0_g1_i1.p1                0.30%    passed    100.00%
  57  JJ74|Cluster-37764.0__TRINITY_DN1852_c0_g1_i3.p1                 0.30%    passed    100.00%
  58  JJ99|Cluster-45137.0__TRINITY_DN10367_c0_g1_i3.p1                0.30%    passed    100.00%
  59  DRR234970|Cluster-29418.0__TRINITY_DN32993_c0_g1_i1.p1           0.30%    passed    100.00%
  60  JJ85|Cluster-40455.0__TRINITY_DN10319_c0_g3_i4.p1                0.30%    passed     13.70%
  61  DE680|Cluster-38031.0__TRINITY_DN9000_c0_g1_i1.p1                0.30%    passed    100.00%
  62  DE671|Cluster-38922.0__TRINITY_DN15240_c0_g1_i2.p1              48.81%    passed     99.85%
  63  DE668|Cluster-16243.0__TRINITY_DN2893_c0_g2_i3.p1                0.30%    passed    100.00%
  64  JJ86|Cluster-54735.1__TRINITY_DN5320_c0_g1_i9.p1                 0.30%    passed    100.00%
  65  DE476|Cluster-56769.0__TRINITY_DN25910_c0_g1_i6.p1              48.81%    passed    100.00%
  66  DRR082660|Cluster-35485.0__TRINITY_DN5889_c0_g2_i1.p1           48.81%    passed    100.00%
  67  JJ109|Cluster-30138.0__TRINITY_DN12216_c1_g1_i1.p1              48.81%    passed     99.99%
  68  DE550|Cluster-28419.0__TRINITY_DN2445_c1_g1_i6.p1               48.81%    passed    100.00%
  69  JJ131|Cluster-47353.1__TRINITY_DN3172_c0_g1_i10.p1               0.30%    passed    100.00%
  70  SRR3407096|Cluster-33679.0__TRINITY_DN11833_c0_g1_i2.p1          8.33%    passed    100.00%
  71  DE523|Cluster-42724.0__TRINITY_DN7733_c0_g1_i4.p1               62.50%    passed     99.98%
  72  DE216|Cluster-14856.0__TRINITY_DN25117_c0_g1_i1.p1               0.30%    passed    100.00%
  73  DE542|Cluster-57612.0__TRINITY_DN34305_c0_g1_i7.p1               0.30%    passed    100.00%
  74  DE534|Cluster-43294.0__TRINITY_DN2803_c2_g1_i1.p1                0.30%    passed    100.00%
  75  JJ23|Cluster-45839.0__TRINITY_DN1755_c1_g1_i4.p1                48.81%    passed    100.00%
  76  SRR104381|Cluster-999.0__TRINITY_DN32786_c0_g1_i1.p1             0.30%    passed    100.00%
  77  JJ15|Cluster-46949.0__TRINITY_DN12847_c2_g2_i5.p1               54.76%    passed     95.07%
WARNING: 2 sequences contain more than 50% gaps/ambiguity
****  TOTAL                                                           13.29%  0 sequences failed composition chi2 test (p-value<5%; df=60)
WARNING: States(s) CGC rarely appear in alignment and may cause numerical problems
Reading input tree file tmp.csubst.nwk ... rooted tree

NOTE: 52 MB RAM (0 GB) is required!
Measuring multi-threading efficiency up to 1 CPU cores
2 trees examined
Threads: 1 / Time: 3.957 sec / Speedup: 1.000 / Efficiency: 100% / LogL: -7727
BEST NUMBER OF THREADS: 1

Estimate model parameters (epsilon = 0.010)
1. Initial log-likelihood: -9173.587
2. Current log-likelihood: -5771.760
3. Current log-likelihood: -5770.715
4. Current log-likelihood: -5770.141
5. Current log-likelihood: -5769.860
6. Current log-likelihood: -5769.737
7. Current log-likelihood: -5769.684
8. Current log-likelihood: -5769.660
9. Current log-likelihood: -5769.646
Optimal log-likelihood: -5769.636
Nonsynonymous/synonymous ratio (omega): 1.000
Transition/transversion ratio (kappa): 1.000
Site proportion and rates:  (0.706,0.392) (0.142,1.462) (0.114,2.653) (0.038,5.558)
Parameters optimization took 9 rounds (80.508 sec)
Wrote distance file to... 
BEST SCORE FOUND : -5769.636
Ancestral state probabilities printed to /mnt/data0/yue/2026-03-11-protein-convergence/results/OG_4255/csubst_w_s/csubst_input_alignment.fa.state
Empirical proportions for each category: 0.768 0.086 0.110 0.036
Site rates printed to /mnt/data0/yue/2026-03-11-protein-convergence/results/OG_4255/csubst_w_s/csubst_input_alignment.fa.rate
Total tree length: 2.844

Total number of iterations: 0
CPU time used for tree search: 0.000 sec (0h:0m:0s)
Wall-clock time used for tree search: 0.000 sec (0h:0m:0s)
Total CPU time used: 86.466 sec (0h:1m:26s)
Total wall-clock time used: 86.626 sec (0h:1m:26s)

Analysis results written to: 
  IQ-TREE report:                /mnt/data0/yue/2026-03-11-protein-convergence/results/OG_4255/csubst_w_s/csubst_input_alignment.fa.iqtree
  Maximum-likelihood tree:       /mnt/data0/yue/2026-03-11-protein-convergence/results/OG_4255/csubst_w_s/csubst_input_alignment.fa.treefile
  Site-specific rates:           /mnt/data0/yue/2026-03-11-protein-convergence/results/OG_4255/csubst_w_s/csubst_input_alignment.fa.rate
  Ancestral state:               /mnt/data0/yue/2026-03-11-protein-convergence/results/OG_4255/csubst_w_s/csubst_input_alignment.fa.state
  Screen log file:               /mnt/data0/yue/2026-03-11-protein-convergence/results/OG_4255/csubst_w_s/csubst_input_alignment.fa.log

Date and Time: Fri Mar 27 13:08:29 2026
