IQ-TREE multicore version 2.4.0 for Linux x86 64-bit built Feb 12 2025
Developed by Bui Quang Minh, Nguyen Lam Tung, Olga Chernomor, Heiko Schmidt,
Dominik Schrempf, Michael Woodhams, Ly Trong Nhan, Thomas Wong

Host:    brain (AVX2, FMA3, 2015 GB RAM)
Command: /home/yue/miniconda3/envs/py39/bin/iqtree -s /mnt/data0/yue/2026-03-11-protein-convergence/results/OG_6578/csubst_w_s/csubst_input_alignment.fa -te tmp.csubst.nwk -m ECMK07+F+R4 --seqtype CODON1 --threads-max 1 -T AUTO --ancestral --rate --redo
Seed:    451565 (Using SPRNG - Scalable Parallel Random Number Generator)
Time:    Fri Mar 27 22:00:54 2026
Kernel:  AVX+FMA - auto-detect threads (128 CPU cores detected)

Reading alignment file /mnt/data0/yue/2026-03-11-protein-convergence/results/OG_6578/csubst_w_s/csubst_input_alignment.fa ... Fasta format detected
Reading fasta file: done in 0.00105278 secs using 87.29% CPU
Alignment most likely contains DNA/RNA sequences
Converting to codon sequences with genetic code 1 ...
WARNING: 1 sites contain only gaps or ambiguous characters.
Alignment has 75 sequences with 260 columns, 248 distinct patterns
156 parsimony-informative, 54 singleton sites, 50 constant sites
                                                                Gap/Ambiguity  Composition  p-value
Analyzing sequences: done in 4.79817e-05 secs using 97.95% CPU
   1  JJ74|Cluster-96782.0__TRINITY_DN931_c4_g1_i1.p1                   0.38%    passed    100.00%
   2  JJ23|Cluster-32830.0__TRINITY_DN3982_c0_g1_i1.p1                  0.38%    passed    100.00%
   3  DE69|Cluster-7480.0__TRINITY_DN11055_c0_g4_i2.p1                  0.38%    passed    100.00%
   4  DE523|Cluster-26238.0__TRINITY_DN3959_c0_g1_i1.p1                 0.38%    passed    100.00%
   5  DE546_urceolata_l|Cluster-26320.0__TRINITY_DN846_c1_g1_i2.p1      0.77%    passed    100.00%
   6  DE229|Cluster-55014.0__TRINITY_DN9219_c1_g1_i1.p1                 0.38%    passed    100.00%
   7  DE668|Cluster-45909.0__TRINITY_DN3372_c0_g1_i2.p1                 0.38%    passed    100.00%
   8  DE507|Cluster-83176.0__TRINITY_DN686_c0_g1_i3.p1                  0.38%    passed    100.00%
   9  DE509|Cluster-46743.0__TRINITY_DN1542_c0_g2_i2.p1                 0.38%    passed    100.00%
  10  DE736|Cluster-15949.0__TRINITY_DN574_c0_g1_i1.p1                  0.38%    passed    100.00%
  11  DE151|Cluster-48916.0__TRINITY_DN752_c0_g1_i3.p1                  0.38%    passed    100.00%
  12  DE173|Cluster-51841.0__TRINITY_DN1246_c0_g1_i2.p1                 0.38%    passed    100.00%
  13  DE115|Cluster-24286.0__TRINITY_DN693_c0_g1_i1.p1                  0.38%    passed    100.00%
  14  DE528|Cluster-47049.0__TRINITY_DN996_c0_g1_i11.p1                 0.38%    passed     93.14%
  15  DE575|Cluster-39279.0__TRINITY_DN414_c2_g1_i3.p1                  0.38%    passed    100.00%
  16  DE681|Cluster-55736.0__TRINITY_DN7905_c0_g1_i6.p1                 0.38%    passed    100.00%
  17  DE765|Cluster-19288.1__TRINITY_DN9071_c0_g1_i14.p1                0.38%    passed    100.00%
  18  DE162|Cluster-52067.0__TRINITY_DN6235_c0_g1_i1.p1                 0.38%    passed    100.00%
  19  DE704-purple|Cluster-44930.0__TRINITY_DN4887_c0_g1_i5.p1          0.38%    passed     95.01%
  20  DE704-white|Cluster-66078.0__TRINITY_DN2666_c0_g2_i1.p1           0.38%    passed    100.00%
  21  DE126|Cluster-38108.41__TRINITY_DN1227_c1_g1_i1.p1                0.38%    passed    100.00%
  22  DE680|Cluster-38313.0__TRINITY_DN209_c0_g1_i5.p1                  0.38%    passed    100.00%
  23  SRR3407095|Cluster-53525.0__TRINITY_DN10552_c0_g1_i2.p1           0.38%    passed    100.00%
  24  DE216|Cluster-60659.0__TRINITY_DN5585_c0_g1_i3.p1                 0.38%    passed    100.00%
  25  DE542|Cluster-47088.0__TRINITY_DN5347_c1_g2_i2.p1                 0.38%    passed    100.00%
  26  JJ15|Cluster-44445.0__TRINITY_DN595_c0_g2_i1.p1                   0.38%    passed    100.00%
  27  DE534|Cluster-51332.0__TRINITY_DN3805_c0_g1_i4.p1                 0.38%    passed    100.00%
  28  JJ85|Cluster-41033.0__TRINITY_DN23534_c0_g1_i4.p1                 6.54%    passed    100.00%
  29  SRR5150740|Cluster-62953.0__TRINITY_DN444_c0_g1_i3.p1             0.77%    passed     99.14%
  30  DE563|Cluster-55045.0__TRINITY_DN18360_c0_g1_i6.p1                0.38%    passed    100.00%
  31  DE152|Cluster-9240.0__TRINITY_DN2103_c0_g1_i2.p1                  0.38%    passed    100.00%
  32  JJ99|Cluster-31798.1__TRINITY_DN4340_c0_g1_i2.p1                  0.38%    passed    100.00%
  33  DE181|Cluster-46147.0__TRINITY_DN4336_c2_g1_i1.p1                 0.38%    passed    100.00%
  34  DE505|Cluster-50742.0__TRINITY_DN2429_c0_g1_i1.p1                 0.38%    passed    100.00%
  35  DE510|Cluster-26666.0__TRINITY_DN1564_c0_g1_i1.p1                 0.38%    passed    100.00%
  36  SRR3407094|Cluster-21086.0__TRINITY_DN2977_c0_g2_i2.p1            0.38%    passed    100.00%
  37  SRR3407092|Cluster-18180.0__TRINITY_DN2261_c0_g1_i2.p1            0.38%    passed    100.00%
  38  SRR3407087|Cluster-42356.0__TRINITY_DN1381_c0_g2_i1.p1            0.38%    passed    100.00%
  39  SRR3407093|Cluster-35293.0__TRINITY_DN1446_c0_g1_i2.p1            0.38%    passed    100.00%
  40  DE561|Cluster-38487.0__TRINITY_DN2036_c0_g1_i1.p1                 0.38%    passed    100.00%
  41  SRR3407088|Cluster-33118.0__TRINITY_DN1016_c0_g2_i1.p1            0.38%    passed    100.00%
  42  SRR3424066|Cluster-36216.0__TRINITY_DN1850_c0_g1_i7.p1            0.38%    passed    100.00%
  43  SRR3407086|Cluster-36899.1__TRINITY_DN6838_c0_g1_i6.p1            0.38%    passed    100.00%
  44  DE503|Cluster-38536.0__TRINITY_DN3789_c0_g1_i1.p1                 0.38%    passed    100.00%
  45  DE519|Cluster-60282.0__TRINITY_DN1717_c0_g2_i2.p1                 0.38%    passed    100.00%
  46  DE741|Cluster-44177.0__TRINITY_DN4985_c0_g2_i6.p1                 0.38%    passed    100.00%
  47  JJ86|Cluster-18852.0__TRINITY_DN4006_c0_g3_i1.p1                  0.38%    passed    100.00%
  48  DE643|Cluster-68014.2__TRINITY_DN6064_c0_g1_i6.p1                 0.38%    passed    100.00%
  49  JJ125|Cluster-2615.0__TRINITY_DN13914_c1_g1_i1.p1                 1.54%    passed    100.00%
  50  JJ131|Cluster-56362.0__TRINITY_DN9899_c1_g1_i7.p1                 0.38%    passed    100.00%
  51  DE127|Cluster-38162.2__TRINITY_DN1686_c1_g1_i3.p1                 0.38%    passed     99.99%
  52  DE164|Cluster-26708.0__TRINITY_DN8423_c0_g1_i2.p1                 0.38%    passed    100.00%
  53  DE504|Cluster-18190.0__TRINITY_DN7639_c0_g1_i1.p1                 0.38%    passed    100.00%
  54  DE764|Cluster-18944.0__TRINITY_DN3526_c0_g2_i1.p1                 0.38%    passed    100.00%
  55  DE88|Cluster-2188.0__TRINITY_DN3366_c0_g1_i1.p1                   0.38%    passed    100.00%
  56  JJ130|Cluster-47529.0__TRINITY_DN3009_c0_g1_i2.p1                 0.38%    passed    100.00%
  57  DE549|Cluster-30154.0__TRINITY_DN133_c0_g2_i1.p1                  0.38%    passed    100.00%
  58  DE541|Cluster-27154.1__TRINITY_DN8960_c0_g2_i1.p1                 0.38%    passed    100.00%
  59  DE476|Cluster-6105.0__TRINITY_DN735_c0_g2_i1.p1                   0.38%    passed    100.00%
  60  DE737|Cluster-2732.0__TRINITY_DN12960_c0_g3_i1.p1                 0.38%    passed    100.00%
  61  DE560|Cluster-45871.4__TRINITY_DN6308_c0_g2_i5.p1                 1.54%    passed    100.00%
  62  JJ89|Cluster-27263.0__TRINITY_DN7459_c0_g1_i1.p1                  0.38%    passed    100.00%
  63  DE671|Cluster-43442.0__TRINITY_DN2489_c0_g1_i1.p1                 0.38%    passed    100.00%
  64  DE550|Cluster-35687.0__TRINITY_DN2261_c0_g2_i2.p1                 0.38%    passed    100.00%
  65  DE189|Cluster-27668.1__TRINITY_DN6288_c0_g1_i5.p1                 0.38%    passed    100.00%
  66  JJ109|Cluster-43477.0__TRINITY_DN2905_c0_g1_i1.p1                 0.38%    passed    100.00%
  67  JJ36|Cluster-16555.0__TRINITY_DN163_c1_g1_i3.p1                   0.38%    passed    100.00%
  68  DE531|Cluster-29882.0__TRINITY_DN3389_c0_g2_i2.p1                 0.38%    passed    100.00%
  69  DE696-dots|Cluster-23033.0__TRINITY_DN12692_c1_g2_i2.p1           0.38%    passed    100.00%
  70  DE696-nodots|Cluster-55574.0__TRINITY_DN811_c0_g1_i2.p1           0.38%    passed    100.00%
  71  DE566|Cluster-39636.1__TRINITY_DN9952_c0_g1_i6.p1                 0.38%    passed    100.00%
  72  DE672|Cluster-11186.0__TRINITY_DN9338_c1_g2_i1.p1                54.62%    passed     69.88%
  73  SRR104381|Cluster-5693.1__TRINITY_DN9622_c0_g1_i2.p1             49.62%    failed      1.75%
  74  DE546_urceolata_l|Cluster-16401.0__TRINITY_DN12212_c0_g2_i1.p1   18.46%    failed      0.00%
  75  DE666|Cluster-40195.0__TRINITY_DN1140_c0_g1_i2.p1                18.46%    failed      0.01%
WARNING: 1 sequences contain more than 50% gaps/ambiguity
****  TOTAL                                                             2.37%  3 sequences failed composition chi2 test (p-value<5%; df=60)
Reading input tree file tmp.csubst.nwk ... rooted tree

NOTE: 43 MB RAM (0 GB) is required!
Measuring multi-threading efficiency up to 1 CPU cores
2 trees examined
Threads: 1 / Time: 2.473 sec / Speedup: 1.000 / Efficiency: 100% / LogL: -8498
BEST NUMBER OF THREADS: 1

Estimate model parameters (epsilon = 0.010)
1. Initial log-likelihood: -8320.290
2. Current log-likelihood: -5867.004
3. Current log-likelihood: -5863.265
4. Current log-likelihood: -5863.237
5. Current log-likelihood: -5863.225
Optimal log-likelihood: -5863.218
Nonsynonymous/synonymous ratio (omega): 1.000
Transition/transversion ratio (kappa): 1.000
Site proportion and rates:  (0.578,0.459) (0.335,1.312) (0.069,2.815) (0.017,5.753)
Parameters optimization took 5 rounds (35.254 sec)
Wrote distance file to... 
BEST SCORE FOUND : -5863.218
Ancestral state probabilities printed to /mnt/data0/yue/2026-03-11-protein-convergence/results/OG_6578/csubst_w_s/csubst_input_alignment.fa.state
Empirical proportions for each category: 0.635 0.304 0.046 0.015
Site rates printed to /mnt/data0/yue/2026-03-11-protein-convergence/results/OG_6578/csubst_w_s/csubst_input_alignment.fa.rate
Total tree length: 3.901

Total number of iterations: 0
CPU time used for tree search: 0.000 sec (0h:0m:0s)
Wall-clock time used for tree search: 0.000 sec (0h:0m:0s)
Total CPU time used: 38.943 sec (0h:0m:38s)
Total wall-clock time used: 39.088 sec (0h:0m:39s)

Analysis results written to: 
  IQ-TREE report:                /mnt/data0/yue/2026-03-11-protein-convergence/results/OG_6578/csubst_w_s/csubst_input_alignment.fa.iqtree
  Maximum-likelihood tree:       /mnt/data0/yue/2026-03-11-protein-convergence/results/OG_6578/csubst_w_s/csubst_input_alignment.fa.treefile
  Site-specific rates:           /mnt/data0/yue/2026-03-11-protein-convergence/results/OG_6578/csubst_w_s/csubst_input_alignment.fa.rate
  Ancestral state:               /mnt/data0/yue/2026-03-11-protein-convergence/results/OG_6578/csubst_w_s/csubst_input_alignment.fa.state
  Screen log file:               /mnt/data0/yue/2026-03-11-protein-convergence/results/OG_6578/csubst_w_s/csubst_input_alignment.fa.log

Date and Time: Fri Mar 27 22:01:33 2026
