IQ-TREE multicore version 2.4.0 for Linux x86 64-bit built Feb 12 2025
Developed by Bui Quang Minh, Nguyen Lam Tung, Olga Chernomor, Heiko Schmidt,
Dominik Schrempf, Michael Woodhams, Ly Trong Nhan, Thomas Wong

Host:    brain (AVX2, FMA3, 2015 GB RAM)
Command: /home/yue/miniconda3/envs/py39/bin/iqtree -s /mnt/data0/yue/2026-03-11-protein-convergence/results/OG_12837/csubst_w_s/csubst_input_alignment.fa -te tmp.csubst.nwk -m ECMK07+F+R4 --seqtype CODON1 --threads-max 1 -T AUTO --ancestral --rate --redo
Seed:    131187 (Using SPRNG - Scalable Parallel Random Number Generator)
Time:    Thu Mar 26 23:44:54 2026
Kernel:  AVX+FMA - auto-detect threads (128 CPU cores detected)

Reading alignment file /mnt/data0/yue/2026-03-11-protein-convergence/results/OG_12837/csubst_w_s/csubst_input_alignment.fa ... Fasta format detected
Reading fasta file: done in 0.00113848 secs using 24.86% CPU
Alignment most likely contains DNA/RNA sequences
Converting to codon sequences with genetic code 1 ...
WARNING: 1 sites contain only gaps or ambiguous characters.
Alignment has 49 sequences with 461 columns, 440 distinct patterns
259 parsimony-informative, 104 singleton sites, 98 constant sites
                                                          Gap/Ambiguity  Composition  p-value
Analyzing sequences: done in 5.53727e-05 secs using 25.28% CPU
   1  SRR3407086|Cluster-14496.0__TRINITY_DN89510_c0_g1_i1.p1     0.22%    passed    100.00%
   2  SRR3407094|Cluster-21932.0__TRINITY_DN7882_c0_g1_i1.p1      0.22%    passed    100.00%
   3  SRR3407092|Cluster-25634.0__TRINITY_DN9155_c0_g1_i1.p1      0.22%    passed    100.00%
   4  SRR3407087|Cluster-13711.0__TRINITY_DN6157_c0_g1_i1.p1      0.22%    passed    100.00%
   5  DE510|Cluster-44135.0__TRINITY_DN5183_c0_g1_i1.p1          39.91%    passed     99.93%
   6  JJ125|Cluster-17570.0__TRINITY_DN19087_c2_g1_i1.p1          0.22%    passed    100.00%
   7  DE672|Cluster-44686.0__TRINITY_DN7590_c0_g1_i1.p1           0.22%    passed    100.00%
   8  DE549|Cluster-52919.0__TRINITY_DN13272_c1_g1_i3.p1          0.22%    passed    100.00%
   9  DE127|Cluster-18096.0__TRINITY_DN30117_c0_g1_i1.p1         45.99%    passed     99.97%
  10  DE229|Cluster-2569.0__TRINITY_DN54103_c0_g1_i1.p1          18.66%    passed     95.66%
  11  DE666|Cluster-9621.0__TRINITY_DN6635_c0_g1_i1.p1            0.22%    passed    100.00%
  12  DRR082660|Cluster-3865.0__TRINITY_DN4301_c0_g1_i1.p1        0.22%    passed     99.94%
  13  DE671|Cluster-56607.0__TRINITY_DN6948_c2_g1_i1.p1           0.22%    passed    100.00%
  14  DE503|Cluster-34085.0__TRINITY_DN13091_c1_g1_i1.p1          0.22%    passed    100.00%
  15  DE88|Cluster-10896.0__TRINITY_DN37592_c0_g1_i1.p1          36.88%    passed     34.88%
  16  DE181|Cluster-15946.0__TRINITY_DN4633_c3_g1_i1.p1          39.91%    passed     99.96%
  17  DE561|Cluster-39177.0__TRINITY_DN36590_c0_g1_i1.p1          0.22%    passed    100.00%
  18  DE741|Cluster-14746.0__TRINITY_DN5184_c0_g1_i1.p1           3.04%    passed    100.00%
  19  DE519|Cluster-42025.0__TRINITY_DN10278_c0_g1_i2.p1         42.30%    passed     99.76%
  20  DE560|Cluster-26438.0__TRINITY_DN34657_c0_g2_i1.p1         39.91%    passed     99.84%
  21  DE534|Cluster-18526.0__TRINITY_DN13569_c0_g1_i1.p1          0.22%    passed    100.00%
  22  SRR3407096|Cluster-14771.0__TRINITY_DN25770_c0_g1_i1.p1     0.22%    passed    100.00%
  23  DE164|Cluster-5769.0__TRINITY_DN95336_c0_g1_i1.p1           0.22%    passed    100.00%
  24  DE173|Cluster-39693.0__TRINITY_DN9153_c0_g1_i1.p1           0.22%    passed    100.00%
  25  DE189|Cluster-42751.0__TRINITY_DN1760_c0_g1_i3.p1           0.22%    passed    100.00%
  26  JJ109|Cluster-39626.0__TRINITY_DN8407_c0_g1_i5.p1          39.91%    passed     99.98%
  27  DE550|Cluster-35315.0__TRINITY_DN10637_c0_g1_i1.p1          0.22%    passed    100.00%
  28  DE643|Cluster-67637.0__TRINITY_DN5938_c0_g1_i3.p1          53.15%    passed     99.94%
  29  DE737|Cluster-35435.0__TRINITY_DN23247_c0_g1_i1.p1          0.22%    passed    100.00%
  30  DE504|Cluster-26651.0__TRINITY_DN12436_c1_g1_i1.p1         39.91%    passed     99.88%
  31  DE509|Cluster-42872.0__TRINITY_DN28346_c0_g1_i1.p1          0.22%    passed    100.00%
  32  DE736|Cluster-38737.0__TRINITY_DN11324_c0_g1_i1.p1          0.22%    passed    100.00%
  33  DE476|Cluster-58342.0__TRINITY_DN8755_c0_g1_i1.p1           0.22%    passed    100.00%
  34  DE764|Cluster-5572.0__TRINITY_DN63904_c0_g1_i1.p1           7.59%    passed    100.00%
  35  DE554|Cluster-65314.0__TRINITY_DN22978_c0_g1_i2.p1         42.73%    passed     99.94%
  36  DE623|Cluster-47220.0__TRINITY_DN9335_c0_g2_i1.p1           0.22%    passed    100.00%
  37  DE507|Cluster-19162.0__TRINITY_DN80300_c0_g1_i1.p1          0.22%    passed    100.00%
  38  DE528|Cluster-37461.0__TRINITY_DN23420_c0_g1_i2.p1          0.22%    passed    100.00%
  39  DE531|Cluster-11956.0__TRINITY_DN5582_c2_g1_i2.p1           0.22%    passed    100.00%
  40  DE696-dots|Cluster-37218.0__TRINITY_DN8282_c0_g1_i2.p1      0.22%    passed    100.00%
  41  DE696-nodots|Cluster-63349.0__TRINITY_DN7426_c0_g1_i1.p1    0.22%    passed    100.00%
  42  DE575|Cluster-43410.0__TRINITY_DN95049_c0_g1_i1.p1         39.91%    passed     99.95%
  43  DE563|Cluster-37100.0__TRINITY_DN7873_c0_g1_i12.p1          2.82%    passed    100.00%
  44  JJ23|Cluster-14037.0__TRINITY_DN819_c1_g2_i1.p1             0.22%    passed    100.00%
  45  DE505|Cluster-33239.0__TRINITY_DN10067_c0_g3_i1.p1          0.22%    passed    100.00%
  46  SRR3407093|Cluster-27640.0__TRINITY_DN7246_c0_g1_i1.p1      0.22%    passed    100.00%
  47  DE152|Cluster-38619.0__TRINITY_DN62432_c0_g1_i1.p1          0.22%    passed    100.00%
  48  JJ99|Cluster-36821.0__TRINITY_DN27822_c1_g1_i2.p1          18.87%    passed    100.00%
  49  JJ131|Cluster-55630.0__TRINITY_DN2422_c0_g2_i1.p1           0.22%    passed    100.00%
WARNING: 1 sequences contain more than 50% gaps/ambiguity
****  TOTAL                                                      10.58%  0 sequences failed composition chi2 test (p-value<5%; df=60)
Reading input tree file tmp.csubst.nwk ... rooted tree

NOTE: 46 MB RAM (0 GB) is required!
Measuring multi-threading efficiency up to 1 CPU cores
2 trees examined
Threads: 1 / Time: 2.340 sec / Speedup: 1.000 / Efficiency: 100% / LogL: -13755
BEST NUMBER OF THREADS: 1

Estimate model parameters (epsilon = 0.010)
1. Initial log-likelihood: -12129.661
2. Current log-likelihood: -9424.293
3. Current log-likelihood: -9409.930
4. Current log-likelihood: -9409.874
5. Current log-likelihood: -9409.841
6. Current log-likelihood: -9409.819
7. Current log-likelihood: -9409.804
8. Current log-likelihood: -9409.793
Optimal log-likelihood: -9409.785
Nonsynonymous/synonymous ratio (omega): 1.000
Transition/transversion ratio (kappa): 1.000
Site proportion and rates:  (0.543,0.428) (0.329,1.236) (0.122,2.804) (0.006,3.169)
Parameters optimization took 8 rounds (63.109 sec)
Wrote distance file to... 
BEST SCORE FOUND : -9409.785
Ancestral state probabilities printed to /mnt/data0/yue/2026-03-11-protein-convergence/results/OG_12837/csubst_w_s/csubst_input_alignment.fa.state
Empirical proportions for each category: 0.603 0.306 0.091 0.000
Site rates printed to /mnt/data0/yue/2026-03-11-protein-convergence/results/OG_12837/csubst_w_s/csubst_input_alignment.fa.rate
Total tree length: 3.147

Total number of iterations: 0
CPU time used for tree search: 0.000 sec (0h:0m:0s)
Wall-clock time used for tree search: 0.000 sec (0h:0m:0s)
Total CPU time used: 66.748 sec (0h:1m:6s)
Total wall-clock time used: 66.961 sec (0h:1m:6s)

Analysis results written to: 
  IQ-TREE report:                /mnt/data0/yue/2026-03-11-protein-convergence/results/OG_12837/csubst_w_s/csubst_input_alignment.fa.iqtree
  Maximum-likelihood tree:       /mnt/data0/yue/2026-03-11-protein-convergence/results/OG_12837/csubst_w_s/csubst_input_alignment.fa.treefile
  Site-specific rates:           /mnt/data0/yue/2026-03-11-protein-convergence/results/OG_12837/csubst_w_s/csubst_input_alignment.fa.rate
  Ancestral state:               /mnt/data0/yue/2026-03-11-protein-convergence/results/OG_12837/csubst_w_s/csubst_input_alignment.fa.state
  Screen log file:               /mnt/data0/yue/2026-03-11-protein-convergence/results/OG_12837/csubst_w_s/csubst_input_alignment.fa.log

Date and Time: Thu Mar 26 23:46:01 2026
