IQ-TREE multicore version 2.4.0 for Linux x86 64-bit built Feb 12 2025
Developed by Bui Quang Minh, Nguyen Lam Tung, Olga Chernomor, Heiko Schmidt,
Dominik Schrempf, Michael Woodhams, Ly Trong Nhan, Thomas Wong

Host:    brain (AVX2, FMA3, 2015 GB RAM)
Command: /home/yue/miniconda3/envs/py39/bin/iqtree -s /mnt/data0/yue/2026-03-11-protein-convergence/results/OG_1357/csubst_w_s/csubst_input_alignment.fa -te tmp.csubst.nwk -m ECMK07+F+R4 --seqtype CODON1 --threads-max 1 -T AUTO --ancestral --rate --redo
Seed:    882169 (Using SPRNG - Scalable Parallel Random Number Generator)
Time:    Fri Mar 27 00:09:45 2026
Kernel:  AVX+FMA - auto-detect threads (128 CPU cores detected)

Reading alignment file /mnt/data0/yue/2026-03-11-protein-convergence/results/OG_1357/csubst_w_s/csubst_input_alignment.fa ... Fasta format detected
Reading fasta file: done in 0.0113319 secs using 41.57% CPU
Alignment most likely contains DNA/RNA sequences
Converting to codon sequences with genetic code 1 ...
WARNING: 1 sites contain only gaps or ambiguous characters.
Alignment has 79 sequences with 1317 columns, 1283 distinct patterns
707 parsimony-informative, 387 singleton sites, 223 constant sites
                                                               Gap/Ambiguity  Composition  p-value
Analyzing sequences: done in 0.000536993 secs using 99.63% CPU
   1  DE152|Cluster-57410.0__TRINITY_DN7895_c0_g2_i1.p1                0.08%    passed    100.00%
   2  DE643|Cluster-64168.0__TRINITY_DN2223_c0_g1_i22.p1               0.08%    passed    100.00%
   3  JJ89|Cluster-38107.0__TRINITY_DN7741_c0_g1_i6.p1                 0.15%    passed    100.00%
   4  SRR3407092|Cluster-20618.0__TRINITY_DN11494_c0_g4_i2.p1         18.22%    passed    100.00%
   5  JJ74|Cluster-66129.0__TRINITY_DN70307_c0_g1_i2.p1               19.21%    passed    100.00%
   6  DRR234970|Cluster-43710.0__TRINITY_DN17423_c0_g2_i1.p1          30.22%    passed    100.00%
   7  JJ99|Cluster-55236.0__TRINITY_DN13232_c0_g2_i2.p1                0.30%    passed    100.00%
   8  JJ125|Cluster-28733.6__TRINITY_DN805_c1_g1_i7.p1                23.61%    passed    100.00%
   9  DE151|Cluster-34253.0__TRINITY_DN8364_c0_g2_i1.p1               16.10%    passed    100.00%
  10  DE173|Cluster-37080.0__TRINITY_DN1921_c0_g2_i4.p1                0.38%    passed    100.00%
  11  DE189|Cluster-21082.0__TRINITY_DN3714_c3_g1_i1.p1               19.36%    passed    100.00%
  12  DE672|Cluster-10784.0__TRINITY_DN8903_c0_g4_i2.p1               66.29%    passed     99.17%
  13  JJ109|Cluster-47407.0__TRINITY_DN16003_c0_g1_i1.p1              28.02%    passed    100.00%
  14  JJ130|Cluster-44693.0__TRINITY_DN13664_c0_g1_i7.p1              19.06%    passed    100.00%
  15  DE541|Cluster-42822.0__TRINITY_DN3163_c0_g1_i3.p1               18.07%    passed    100.00%
  16  DE764|Cluster-35655.2__TRINITY_DN5872_c0_g1_i24.p1               0.08%    passed    100.00%
  17  DE164|Cluster-6525.0__TRINITY_DN10320_c2_g1_i3.p1                0.15%    passed    100.00%
  18  DE476|Cluster-39029.0__TRINITY_DN8318_c0_g1_i17.p1              27.71%    passed    100.00%
  19  DE549|Cluster-46109.1__TRINITY_DN7623_c0_g1_i11.p1               4.56%    passed    100.00%
  20  DE509|Cluster-11209.0__TRINITY_DN4523_c0_g1_i1.p1                0.08%    passed    100.00%
  21  DE736|Cluster-51914.0__TRINITY_DN1172_c1_g2_i1.p1                4.56%    passed    100.00%
  22  DE737|Cluster-52703.1__TRINITY_DN2307_c0_g1_i8.p1               10.93%    passed    100.00%
  23  DE504|Cluster-52872.0__TRINITY_DN1070_c0_g1_i16.p1               0.08%    passed    100.00%
  24  DE88|Cluster-37028.0__TRINITY_DN31107_c0_g1_i10.p1               0.08%    passed    100.00%
  25  DE550|Cluster-48097.0__TRINITY_DN4136_c0_g3_i2.p1               32.57%    passed    100.00%
  26  DE531|Cluster-16813.0__TRINITY_DN481_c2_g1_i2.p1                 0.08%    passed    100.00%
  27  JJ36|Cluster-41043.4__TRINITY_DN5797_c0_g1_i10.p1                0.08%    passed    100.00%
  28  DE696-dots|Cluster-53580.0__TRINITY_DN5379_c0_g3_i2.p1           8.81%    passed    100.00%
  29  DE696-nodots|Cluster-2013.0__TRINITY_DN957_c0_g2_i1.p1           0.08%    passed    100.00%
  30  SRR3407096|Cluster-26820.0__TRINITY_DN5451_c0_g1_i15.p1          0.08%    passed    100.00%
  31  DE523|Cluster-26148.0__TRINITY_DN258_c0_g1_i29.p1               32.35%    passed    100.00%
  32  DRR082660|Cluster-5945.0__TRINITY_DN19395_c0_g1_i1.p1            0.08%    passed    100.00%
  33  SRR3407086|Cluster-34642.1__TRINITY_DN27739_c1_g1_i4.p1         19.06%    passed    100.00%
  34  DE181|Cluster-46287.1__TRINITY_DN2073_c0_g1_i52.p1               4.63%    passed    100.00%
  35  DE503|Cluster-29291.3__TRINITY_DN1646_c0_g1_i4.p1                0.08%    passed    100.00%
  36  SRR3407087|Cluster-30069.0__TRINITY_DN23516_c0_g2_i1.p1         37.21%    passed    100.00%
  37  DE505|Cluster-6104.1__TRINITY_DN12457_c0_g1_i49.p2              19.06%    passed    100.00%
  38  DE510|Cluster-14617.0__TRINITY_DN52905_c0_g1_i1.p1               0.08%    passed    100.00%
  39  SRR3407094|Cluster-38082.0__TRINITY_DN12801_c0_g1_i1.p1         27.71%    passed    100.00%
  40  SRR3407093|Cluster-32224.0__TRINITY_DN15344_c0_g2_i1.p1         13.14%    passed    100.00%
  41  DE561|Cluster-32202.2__TRINITY_DN1861_c0_g1_i117.p1             27.71%    passed    100.00%
  42  SRR3424066|Cluster-12388.4__TRINITY_DN6817_c0_g1_i8.p1          27.71%    passed    100.00%
  43  SRR3407088|Cluster-22897.0__TRINITY_DN50939_c0_g1_i1.p1         37.21%    passed    100.00%
  44  DE519|Cluster-64213.1__TRINITY_DN5909_c0_g3_i1.p1                0.08%    passed    100.00%
  45  DE741|Cluster-2444.0__TRINITY_DN13368_c0_g1_i1.p1               20.12%    passed    100.00%
  46  DE560|Cluster-35755.0__TRINITY_DN7856_c1_g1_i4.p1                0.08%    passed    100.00%
  47  JJ85|Cluster-30398.0__TRINITY_DN7650_c0_g1_i2.p1                 0.08%    passed    100.00%
  48  SRR3407095|Cluster-25349.1__TRINITY_DN6800_c0_g1_i2.p1           0.08%    passed    100.00%
  49  DE69|Cluster-51073.1__TRINITY_DN4380_c0_g1_i5.p1                67.43%    passed     99.59%
  50  DE672|Cluster-52702.1__TRINITY_DN1935_c0_g1_i19.p1              63.78%    passed     99.92%
  51  DE115|Cluster-28007.111__TRINITY_DN8485_c0_g1_i4.p1             36.07%    passed    100.00%
  52  JJ86|Cluster-30438.0__TRINITY_DN13048_c0_g1_i2.p1               36.07%    passed    100.00%
  53  DE563|Cluster-47501.1__TRINITY_DN6973_c0_g1_i8.p1               66.36%    passed     97.63%
  54  DE623|Cluster-23300.0__TRINITY_DN1181_c0_g2_i5.p1                0.08%    passed    100.00%
  55  DE680|Cluster-47821.1__TRINITY_DN1714_c0_g3_i1.p1                7.52%    passed    100.00%
  56  DE162|Cluster-49338.0__TRINITY_DN15434_c0_g1_i2.p1              48.90%    passed     99.99%
  57  DE507|Cluster-42326.0__TRINITY_DN2728_c0_g1_i1.p1               36.37%    passed    100.00%
  58  DE704-purple|Cluster-59544.0__TRINITY_DN11736_c0_g2_i1.p1       48.82%    passed     99.96%
  59  DE704-white|Cluster-35869.0__TRINITY_DN1155_c1_g1_i1.p1         36.37%    passed    100.00%
  60  DE127|Cluster-31687.3__TRINITY_DN3553_c0_g1_i8.p1                4.56%    passed    100.00%
  61  DE554|Cluster-6867.9__TRINITY_DN986_c0_g1_i20.p1                68.49%    passed     96.40%
  62  DE666|Cluster-25297.0__TRINITY_DN18174_c0_g1_i14.p1              0.23%    passed    100.00%
  63  DE126|Cluster-46215.0__TRINITY_DN7414_c0_g1_i14.p1               0.15%    passed    100.00%
  64  DE528|Cluster-59289.0__TRINITY_DN1793_c0_g2_i3.p1               52.77%    passed    100.00%
  65  DE546_urceolata_l|Cluster-4173.0__TRINITY_DN21358_c0_g1_i1.p1    0.08%    passed    100.00%
  66  DE668|Cluster-16711.0__TRINITY_DN3228_c1_g2_i1.p1                1.82%    passed    100.00%
  67  JJ23|Cluster-10162.0__TRINITY_DN12537_c0_g1_i2.p1                4.63%    passed    100.00%
  68  DE229|Cluster-57067.0__TRINITY_DN4093_c0_g1_i2.p1                0.23%    passed    100.00%
  69  JJ15|Cluster-59140.0__TRINITY_DN2604_c2_g1_i1.p1                27.71%    passed    100.00%
  70  DE534|Cluster-3850.0__TRINITY_DN23446_c0_g2_i1.p1               10.93%    passed    100.00%
  71  DE216|Cluster-69599.1__TRINITY_DN356_c0_g1_i8.p1                37.89%    passed    100.00%
  72  DE536|Cluster-53188.0__TRINITY_DN6741_c0_g1_i4.p1                0.08%    passed    100.00%
  73  DE542|Cluster-29990.0__TRINITY_DN1530_c0_g1_i25.p1              58.16%    passed    100.00%
  74  JJ131|Cluster-8959.0__TRINITY_DN13913_c0_g1_i7.p1                7.67%    passed    100.00%
  75  DE566|Cluster-46221.0__TRINITY_DN5356_c0_g1_i6.p1                0.08%    passed    100.00%
  76  SRR5150740|Cluster-41100.0__TRINITY_DN106507_c0_g1_i1.p1        50.95%    passed     99.27%
  77  DE575|Cluster-30851.3__TRINITY_DN10628_c0_g1_i12.p1              0.08%    passed    100.00%
  78  DE681|Cluster-53816.3__TRINITY_DN7430_c0_g1_i20.p1               0.08%    passed    100.00%
  79  DE765|Cluster-55107.48__TRINITY_DN4355_c1_g2_i4.p1               0.23%    passed    100.00%
WARNING: 8 sequences contain more than 50% gaps/ambiguity
****  TOTAL                                                           17.60%  0 sequences failed composition chi2 test (p-value<5%; df=60)
Reading input tree file tmp.csubst.nwk ... rooted tree

NOTE: 199 MB RAM (0 GB) is required!
Measuring multi-threading efficiency up to 1 CPU cores
2 trees examined
Threads: 1 / Time: 10.873 sec / Speedup: 1.000 / Efficiency: 100% / LogL: -45379
BEST NUMBER OF THREADS: 1

Estimate model parameters (epsilon = 0.010)
1. Initial log-likelihood: -44122.235
2. Current log-likelihood: -27153.064
3. Current log-likelihood: -27125.692
4. Current log-likelihood: -27125.584
5. Current log-likelihood: -27125.508
6. Current log-likelihood: -27125.454
7. Current log-likelihood: -27125.413
8. Current log-likelihood: -27125.378
9. Current log-likelihood: -27125.347
10. Current log-likelihood: -27125.317
11. Current log-likelihood: -27125.289
12. Current log-likelihood: -27125.264
13. Current log-likelihood: -27125.239
14. Current log-likelihood: -27125.217
15. Current log-likelihood: -27125.195
16. Current log-likelihood: -27125.175
17. Current log-likelihood: -27125.155
18. Current log-likelihood: -27125.137
19. Current log-likelihood: -27125.120
20. Current log-likelihood: -27125.104
21. Current log-likelihood: -27125.088
22. Current log-likelihood: -27125.074
23. Current log-likelihood: -27125.060
24. Current log-likelihood: -27125.047
25. Current log-likelihood: -27125.035
26. Current log-likelihood: -27125.023
27. Current log-likelihood: -27125.012
28. Current log-likelihood: -27125.002
Optimal log-likelihood: -27124.993
Nonsynonymous/synonymous ratio (omega): 1.000
Transition/transversion ratio (kappa): 1.000
Site proportion and rates:  (0.587,0.499) (0.274,1.290) (0.125,2.197) (0.014,5.663)
Parameters optimization took 28 rounds (1037.139 sec)
Wrote distance file to... 
BEST SCORE FOUND : -27124.993
Ancestral state probabilities printed to /mnt/data0/yue/2026-03-11-protein-convergence/results/OG_1357/csubst_w_s/csubst_input_alignment.fa.state
Empirical proportions for each category: 0.681 0.226 0.082 0.011
Site rates printed to /mnt/data0/yue/2026-03-11-protein-convergence/results/OG_1357/csubst_w_s/csubst_input_alignment.fa.rate
Total tree length: 3.249

Total number of iterations: 0
CPU time used for tree search: 0.000 sec (0h:0m:0s)
Wall-clock time used for tree search: 0.000 sec (0h:0m:0s)
Total CPU time used: 1054.275 sec (0h:17m:34s)
Total wall-clock time used: 1055.846 sec (0h:17m:35s)

Analysis results written to: 
  IQ-TREE report:                /mnt/data0/yue/2026-03-11-protein-convergence/results/OG_1357/csubst_w_s/csubst_input_alignment.fa.iqtree
  Maximum-likelihood tree:       /mnt/data0/yue/2026-03-11-protein-convergence/results/OG_1357/csubst_w_s/csubst_input_alignment.fa.treefile
  Site-specific rates:           /mnt/data0/yue/2026-03-11-protein-convergence/results/OG_1357/csubst_w_s/csubst_input_alignment.fa.rate
  Ancestral state:               /mnt/data0/yue/2026-03-11-protein-convergence/results/OG_1357/csubst_w_s/csubst_input_alignment.fa.state
  Screen log file:               /mnt/data0/yue/2026-03-11-protein-convergence/results/OG_1357/csubst_w_s/csubst_input_alignment.fa.log

Date and Time: Fri Mar 27 00:27:21 2026
