IQ-TREE multicore version 2.4.0 for Linux x86 64-bit built Feb 12 2025
Developed by Bui Quang Minh, Nguyen Lam Tung, Olga Chernomor, Heiko Schmidt,
Dominik Schrempf, Michael Woodhams, Ly Trong Nhan, Thomas Wong

Host:    brain (AVX2, FMA3, 2015 GB RAM)
Command: /home/yue/miniconda3/envs/py39/bin/iqtree -s /mnt/data0/yue/2026-03-11-protein-convergence/results/OG_8923/csubst_w_s/csubst_input_alignment.fa -te tmp.csubst.nwk -m ECMK07+F+R4 --seqtype CODON1 --threads-max 1 -T AUTO --ancestral --rate --redo
Seed:    904977 (Using SPRNG - Scalable Parallel Random Number Generator)
Time:    Sat Mar 28 04:41:14 2026
Kernel:  AVX+FMA - auto-detect threads (128 CPU cores detected)

Reading alignment file /mnt/data0/yue/2026-03-11-protein-convergence/results/OG_8923/csubst_w_s/csubst_input_alignment.fa ... Fasta format detected
Reading fasta file: done in 0.00171965 secs using 55.94% CPU
Alignment most likely contains DNA/RNA sequences
Converting to codon sequences with genetic code 1 ...
Alignment has 68 sequences with 276 columns, 269 distinct patterns
174 parsimony-informative, 58 singleton sites, 43 constant sites
                                                               Gap/Ambiguity  Composition  p-value
Analyzing sequences: done in 7.82907e-05 secs using 98.35% CPU
   1  SRR3407096|Cluster-18798.0__TRINITY_DN34032_c0_g1_i1.p1          0.00%    passed    100.00%
   2  DE504|Cluster-39565.0__TRINITY_DN308_c0_g1_i2.p1                 0.72%    passed    100.00%
   3  DE189|Cluster-21530.0__TRINITY_DN310_c1_g1_i3.p1                 0.00%    passed    100.00%
   4  JJ85|Cluster-43494.0__TRINITY_DN4730_c2_g1_i2.p1                 0.36%    passed    100.00%
   5  SRR11748982|Cluster-5318.0__TRINITY_DN63565_c0_g1_i1.p1          6.88%    failed      4.91%
   6  SRR11934227|Cluster-177456.0__TRINITY_DN79427_c0_g1_i2.p1       10.87%    failed      1.23%
   7  DE126|Cluster-25643.0__TRINITY_DN4064_c0_g1_i1.p1                0.00%    passed      6.90%
   8  DE528|Cluster-27084.1__TRINITY_DN7080_c0_g1_i5.p1                0.00%    passed    100.00%
   9  DE666|Cluster-11923.1__TRINITY_DN7637_c4_g1_i3.p1                0.00%    passed    100.00%
  10  JJ86|Cluster-36522.0__TRINITY_DN15419_c0_g1_i6.p1                0.00%    passed    100.00%
  11  DE563|Cluster-31371.0__TRINITY_DN32734_c1_g1_i1.p1               0.00%    passed    100.00%
  12  JJ74|Cluster-5520.0__TRINITY_DN11441_c1_g1_i1.p1                 0.00%    passed    100.00%
  13  DE668|Cluster-26249.0__TRINITY_DN16645_c0_g1_i1.p1              30.07%    passed     99.89%
  14  DE534|Cluster-38961.0__TRINITY_DN19593_c0_g1_i1.p1               0.00%    passed    100.00%
  15  SRR5150740|Cluster-42225.10__TRINITY_DN483_c0_g1_i4.p1           1.45%    passed     91.44%
  16  DE229|Cluster-76172.1__TRINITY_DN7171_c0_g1_i7.p1                0.00%    passed    100.00%
  17  DE164|Cluster-38802.0__TRINITY_DN3706_c2_g1_i1.p1                0.00%    passed    100.00%
  18  DE550|Cluster-15509.0__TRINITY_DN5972_c0_g2_i1.p1               10.87%    passed     99.98%
  19  DE764|Cluster-113.0__TRINITY_DN9957_c1_g1_i1.p1                  0.00%    passed    100.00%
  20  DE549|Cluster-41215.0__TRINITY_DN17913_c0_g1_i1.p1               0.00%    passed    100.00%
  21  DE69|Cluster-10432.1__TRINITY_DN2847_c0_g1_i2.p1                 0.00%    passed    100.00%
  22  SRR3407095|Cluster-469.0__TRINITY_DN8986_c0_g2_i1.p1             0.00%    passed    100.00%
  23  JJ125|Cluster-33655.0__TRINITY_DN13482_c0_g2_i1.p1               0.00%    passed    100.00%
  24  DRR082660|Cluster-32713.0__TRINITY_DN504_c0_g2_i2.p1            10.87%    passed    100.00%
  25  SRR3407088|Cluster-14330.1__TRINITY_DN1762_c0_g1_i9.p1          30.43%    passed     87.62%
  26  JJ131|Cluster-5162.2__TRINITY_DN14677_c0_g1_i3.p1                0.00%    passed     98.50%
  27  DE566|Cluster-48677.2__TRINITY_DN6481_c0_g1_i15.p1               0.00%    passed    100.00%
  28  DE546_urceolata_l|Cluster-37249.0__TRINITY_DN4571_c3_g1_i2.p1    0.00%    passed    100.00%
  29  DE643|Cluster-56479.0__TRINITY_DN23214_c0_g1_i2.p1               0.00%    passed    100.00%
  30  DE519|Cluster-53810.0__TRINITY_DN16602_c0_g1_i1.p1              10.51%    passed     88.15%
  31  DE741|Cluster-33003.0__TRINITY_DN12867_c0_g1_i1.p1               0.00%    passed     99.76%
  32  DE575|Cluster-18182.0__TRINITY_DN8143_c1_g1_i1.p1                0.00%    passed    100.00%
  33  DE765|Cluster-30069.1__TRINITY_DN18673_c0_g1_i4.p1               0.00%    passed    100.00%
  34  DE681|Cluster-33200.0__TRINITY_DN4323_c0_g1_i1.p1                0.00%    passed    100.00%
  35  DE509|Cluster-32466.0__TRINITY_DN13003_c2_g1_i1.p1               0.00%    passed    100.00%
  36  DE736|Cluster-48729.0__TRINITY_DN7802_c0_g1_i1.p1                0.00%    passed    100.00%
  37  DE671|Cluster-47372.0__TRINITY_DN9258_c2_g1_i2.p1                0.00%    passed    100.00%
  38  JJ23|Cluster-19181.0__TRINITY_DN3085_c4_g1_i1.p1                 0.00%    passed    100.00%
  39  DE507|Cluster-2820.0__TRINITY_DN6780_c0_g1_i7.p1                 0.00%    passed    100.00%
  40  DE704-white|Cluster-9136.0__TRINITY_DN26486_c0_g1_i1.p1          0.00%    passed    100.00%
  41  SRR104381|Cluster-30332.0__TRINITY_DN4549_c0_g2_i1.p1           15.58%    failed      0.09%
  42  DE560|Cluster-9415.0__TRINITY_DN3375_c2_g1_i1.p1                 0.00%    passed    100.00%
  43  DE152|Cluster-35151.0__TRINITY_DN4270_c0_g2_i3.p1                0.36%    passed    100.00%
  44  JJ99|Cluster-53181.0__TRINITY_DN5658_c0_g1_i1.p1                 5.80%    passed    100.00%
  45  DE476|Cluster-27108.0__TRINITY_DN1195_c1_g1_i8.p1                0.72%    passed    100.00%
  46  DE505|Cluster-34079.1__TRINITY_DN5067_c0_g1_i5.p1               58.33%    passed     96.21%
  47  DE127|Cluster-19400.0__TRINITY_DN91_c2_g3_i1.p1                  0.00%    passed    100.00%
  48  DE554|Cluster-54148.0__TRINITY_DN12619_c0_g1_i3.p1               0.00%    passed    100.00%
  49  DE216|Cluster-4421.0__TRINITY_DN15806_c0_g1_i5.p1                0.36%    passed    100.00%
  50  JJ15|Cluster-56276.0__TRINITY_DN17166_c0_g1_i2.p1                0.00%    passed     99.99%
  51  DE531|Cluster-36032.1__TRINITY_DN6718_c2_g1_i2.p1                0.00%    passed    100.00%
  52  JJ36|Cluster-18116.0__TRINITY_DN13419_c1_g1_i1.p1                0.00%    passed    100.00%
  53  DE696-dots|Cluster-51912.0__TRINITY_DN6178_c1_g1_i1.p1           0.00%    passed    100.00%
  54  DE696-nodots|Cluster-37850.0__TRINITY_DN4148_c0_g2_i1.p1         1.09%    passed    100.00%
  55  DE737|Cluster-36016.0__TRINITY_DN4568_c0_g1_i1.p1                0.00%    passed    100.00%
  56  JJ89|Cluster-27749.0__TRINITY_DN251_c2_g2_i4.p1                  0.36%    passed    100.00%
  57  DE541|Cluster-24586.0__TRINITY_DN1773_c0_g1_i2.p1                0.00%    passed    100.00%
  58  DE173|Cluster-17906.0__TRINITY_DN8875_c0_g1_i1.p1                0.00%    passed    100.00%
  59  JJ130|Cluster-48657.0__TRINITY_DN5646_c1_g1_i4.p1                0.00%    passed    100.00%
  60  DE88|Cluster-21423.0__TRINITY_DN5496_c1_g1_i1.p1                 0.00%    passed    100.00%
  61  DE503|Cluster-43041.0__TRINITY_DN6788_c1_g3_i1.p1                0.00%    passed    100.00%
  62  DE561|Cluster-21418.0__TRINITY_DN288_c0_g5_i1.p1                 0.00%    passed    100.00%
  63  SRR3424066|Cluster-1007.0__TRINITY_DN1192_c3_g2_i1.p1            0.00%    passed    100.00%
  64  DE510|Cluster-6314.0__TRINITY_DN372_c2_g1_i1.p1                  0.00%    passed    100.00%
  65  SRR3407092|Cluster-6398.0__TRINITY_DN2603_c3_g2_i1.p1            0.00%    passed    100.00%
  66  SRR3407087|Cluster-19267.0__TRINITY_DN5115_c0_g1_i2.p1           0.00%    passed    100.00%
  67  SRR3407094|Cluster-11278.0__TRINITY_DN8660_c0_g1_i5.p1           0.00%    passed    100.00%
  68  SRR3407093|Cluster-28967.0__TRINITY_DN6041_c3_g1_i2.p1           0.00%    passed    100.00%
WARNING: 1 sequences contain more than 50% gaps/ambiguity
****  TOTAL                                                            2.88%  3 sequences failed composition chi2 test (p-value<5%; df=60)
WARNING: States(s) TGG rarely appear in alignment and may cause numerical problems
Reading input tree file tmp.csubst.nwk ... rooted tree

NOTE: 42 MB RAM (0 GB) is required!
Measuring multi-threading efficiency up to 1 CPU cores
2 trees examined
Threads: 1 / Time: 2.226 sec / Speedup: 1.000 / Efficiency: 100% / LogL: -11292
BEST NUMBER OF THREADS: 1

Estimate model parameters (epsilon = 0.010)
1. Initial log-likelihood: -9929.097
2. Current log-likelihood: -7747.654
3. Current log-likelihood: -7730.948
4. Current log-likelihood: -7728.433
5. Current log-likelihood: -7727.321
6. Current log-likelihood: -7726.439
7. Current log-likelihood: -7725.759
8. Current log-likelihood: -7725.223
9. Current log-likelihood: -7724.791
10. Current log-likelihood: -7724.436
11. Current log-likelihood: -7724.144
12. Current log-likelihood: -7723.904
13. Current log-likelihood: -7723.872
14. Current log-likelihood: -7723.609
15. Current log-likelihood: -7723.590
16. Current log-likelihood: -7723.399
17. Current log-likelihood: -7723.386
Optimal log-likelihood: -7723.338
Nonsynonymous/synonymous ratio (omega): 1.000
Transition/transversion ratio (kappa): 1.000
Site proportion and rates:  (0.416,0.275) (0.381,0.965) (0.198,2.454) (0.005,6.117)
Parameters optimization took 17 rounds (125.220 sec)
Wrote distance file to... 
BEST SCORE FOUND : -7723.338
Ancestral state probabilities printed to /mnt/data0/yue/2026-03-11-protein-convergence/results/OG_8923/csubst_w_s/csubst_input_alignment.fa.state
Empirical proportions for each category: 0.420 0.391 0.185 0.004
Site rates printed to /mnt/data0/yue/2026-03-11-protein-convergence/results/OG_8923/csubst_w_s/csubst_input_alignment.fa.rate
Total tree length: 5.133

Total number of iterations: 0
CPU time used for tree search: 0.000 sec (0h:0m:0s)
Wall-clock time used for tree search: 0.000 sec (0h:0m:0s)
Total CPU time used: 128.743 sec (0h:2m:8s)
Total wall-clock time used: 128.838 sec (0h:2m:8s)

Analysis results written to: 
  IQ-TREE report:                /mnt/data0/yue/2026-03-11-protein-convergence/results/OG_8923/csubst_w_s/csubst_input_alignment.fa.iqtree
  Maximum-likelihood tree:       /mnt/data0/yue/2026-03-11-protein-convergence/results/OG_8923/csubst_w_s/csubst_input_alignment.fa.treefile
  Site-specific rates:           /mnt/data0/yue/2026-03-11-protein-convergence/results/OG_8923/csubst_w_s/csubst_input_alignment.fa.rate
  Ancestral state:               /mnt/data0/yue/2026-03-11-protein-convergence/results/OG_8923/csubst_w_s/csubst_input_alignment.fa.state
  Screen log file:               /mnt/data0/yue/2026-03-11-protein-convergence/results/OG_8923/csubst_w_s/csubst_input_alignment.fa.log

Date and Time: Sat Mar 28 04:43:23 2026
