IQ-TREE multicore version 2.4.0 for Linux x86 64-bit built Feb 12 2025
Developed by Bui Quang Minh, Nguyen Lam Tung, Olga Chernomor, Heiko Schmidt,
Dominik Schrempf, Michael Woodhams, Ly Trong Nhan, Thomas Wong

Host:    brain (AVX2, FMA3, 2015 GB RAM)
Command: /home/yue/miniconda3/envs/py39/bin/iqtree -s /mnt/data0/yue/2026-03-11-protein-convergence/results/OG_5424/csubst_w_s/csubst_input_alignment.fa -te tmp.csubst.nwk -m ECMK07+F+R4 --seqtype CODON1 --threads-max 1 -T AUTO --ancestral --rate --redo
Seed:    404810 (Using SPRNG - Scalable Parallel Random Number Generator)
Time:    Fri Mar 27 17:57:02 2026
Kernel:  AVX+FMA - auto-detect threads (128 CPU cores detected)

Reading alignment file /mnt/data0/yue/2026-03-11-protein-convergence/results/OG_5424/csubst_w_s/csubst_input_alignment.fa ... Fasta format detected
Reading fasta file: done in 0.0059204 secs using 74.23% CPU
Alignment most likely contains DNA/RNA sequences
Converting to codon sequences with genetic code 1 ...
Alignment has 78 sequences with 696 columns, 637 distinct patterns
428 parsimony-informative, 147 singleton sites, 121 constant sites
                                                               Gap/Ambiguity  Composition  p-value
Analyzing sequences: done in 0.000290588 secs using 99.11% CPU
   1  JJ15|Cluster-51394.0__TRINITY_DN8913_c0_g1_i1.p1                 0.14%    passed    100.00%
   2  DE528|Cluster-19112.1__TRINITY_DN3456_c0_g1_i3.p1                0.43%    passed    100.00%
   3  DE536|Cluster-11900.0__TRINITY_DN39416_c0_g1_i1.p1               0.14%    passed    100.00%
   4  JJ125|Cluster-36268.0__TRINITY_DN5539_c0_g1_i11.p1              46.26%    passed     90.13%
   5  DRR234970|Cluster-3197.0__TRINITY_DN1891_c2_g1_i1.p1             2.44%    passed    100.00%
   6  SRR104381|Cluster-25975.0__TRINITY_DN3571_c0_g1_i4.p1            6.03%    passed     99.93%
   7  SRR5150740|Cluster-27159.0__TRINITY_DN39977_c0_g1_i1.p1          0.72%    passed    100.00%
   8  DE115|Cluster-47086.0__TRINITY_DN67376_c1_g1_i2.p1              21.41%    passed     99.96%
   9  DE126|Cluster-46964.0__TRINITY_DN790_c2_g1_i1.p1                 0.14%    passed    100.00%
  10  DE666|Cluster-30290.0__TRINITY_DN24488_c0_g1_i1.p1               0.14%    passed    100.00%
  11  DE162|Cluster-9824.0__TRINITY_DN48307_c0_g1_i1.p1                0.14%    passed    100.00%
  12  DE507|Cluster-31973.0__TRINITY_DN2767_c0_g1_i2.p1                0.14%    passed    100.00%
  13  DE704-white|Cluster-59381.0__TRINITY_DN2883_c0_g1_i11.p1         0.14%    passed    100.00%
  14  DE563|Cluster-35692.0__TRINITY_DN17893_c0_g1_i1.p1               0.14%    passed    100.00%
  15  DE127|Cluster-29215.0__TRINITY_DN2811_c0_g1_i1.p1                0.14%    passed    100.00%
  16  DE554|Cluster-17079.0__TRINITY_DN3167_c0_g1_i1.p1                0.14%    passed    100.00%
  17  DE566|Cluster-48204.0__TRINITY_DN9688_c0_g1_i1.p1                0.14%    passed    100.00%
  18  DE623|Cluster-35751.0__TRINITY_DN15559_c0_g1_i1.p1               0.14%    passed    100.00%
  19  DE680|Cluster-28887.0__TRINITY_DN6148_c0_g1_i1.p1                0.29%    passed    100.00%
  20  JJ86|Cluster-15412.0__TRINITY_DN6351_c0_g1_i2.p1                 0.14%    passed    100.00%
  21  DE575|Cluster-34048.0__TRINITY_DN1035_c0_g1_i1.p1                0.14%    passed    100.00%
  22  DE681|Cluster-35703.0__TRINITY_DN5632_c0_g1_i2.p1               21.41%    passed     96.65%
  23  DE765|Cluster-20625.0__TRINITY_DN1408_c0_g1_i5.p1               10.63%    passed    100.00%
  24  DE546_urceolata_l|Cluster-5006.0__TRINITY_DN48055_c0_g1_i1.p1    0.14%    passed    100.00%
  25  DE152|Cluster-60248.0__TRINITY_DN3902_c0_g1_i1.p1                0.14%    passed    100.00%
  26  DE229|Cluster-95674.0__TRINITY_DN10085_c0_g1_i1.p1               0.14%    passed    100.00%
  27  JJ23|Cluster-4570.0__TRINITY_DN55848_c0_g1_i1.p1                 0.14%    passed    100.00%
  28  JJ99|Cluster-14965.0__TRINITY_DN47217_c0_g1_i1.p1                0.14%    passed    100.00%
  29  DE668|Cluster-24950.0__TRINITY_DN9710_c0_g1_i1.p1                0.14%    passed    100.00%
  30  JJ85|Cluster-30834.0__TRINITY_DN6537_c0_g1_i1.p1                 0.14%    passed    100.00%
  31  DE181|Cluster-5090.0__TRINITY_DN71522_c0_g1_i1.p1                0.14%    passed    100.00%
  32  SRR3407086|Cluster-17788.0__TRINITY_DN93902_c0_g1_i1.p1          0.14%    passed    100.00%
  33  SRR3407093|Cluster-17326.0__TRINITY_DN40866_c0_g1_i1.p1          0.14%    passed    100.00%
  34  SRR3407094|Cluster-7438.0__TRINITY_DN4218_c0_g1_i1.p1            0.14%    passed    100.00%
  35  DE561|Cluster-28877.0__TRINITY_DN12230_c0_g1_i1.p1               0.14%    passed    100.00%
  36  SRR3424066|Cluster-19256.0__TRINITY_DN40794_c0_g1_i1.p1          0.14%    passed    100.00%
  37  SRR3407088|Cluster-26213.0__TRINITY_DN43984_c0_g1_i1.p1          0.14%    passed    100.00%
  38  DE503|Cluster-6665.0__TRINITY_DN3547_c0_g2_i1.p1                 0.14%    passed    100.00%
  39  DE505|Cluster-23641.0__TRINITY_DN2941_c0_g1_i1.p1                0.14%    passed    100.00%
  40  DE510|Cluster-4488.0__TRINITY_DN5882_c0_g1_i1.p1                 0.14%    passed    100.00%
  41  SRR3407087|Cluster-26558.0__TRINITY_DN41427_c0_g1_i1.p1          0.14%    passed    100.00%
  42  SRR3407092|Cluster-3036.0__TRINITY_DN15018_c0_g1_i1.p1           0.14%    passed    100.00%
  43  DE69|Cluster-56792.0__TRINITY_DN4059_c0_g1_i1.p1                 0.14%    passed    100.00%
  44  SRR3407095|Cluster-16109.0__TRINITY_DN54476_c0_g1_i1.p1          0.14%    passed    100.00%
  45  DE523|Cluster-29051.0__TRINITY_DN4534_c0_g1_i1.p1                0.14%    passed    100.00%
  46  SRR3407096|Cluster-2150.0__TRINITY_DN31693_c0_g1_i1.p1           0.14%    passed    100.00%
  47  DE736|Cluster-24855.0__TRINITY_DN142441_c0_g1_i1.p1              0.14%    passed    100.00%
  48  DE764|Cluster-29372.0__TRINITY_DN9200_c0_g1_i1.p1                0.14%    passed    100.00%
  49  DE476|Cluster-36851.0__TRINITY_DN5437_c0_g1_i1.p1                0.14%    passed    100.00%
  50  DE541|Cluster-28114.0__TRINITY_DN10971_c0_g1_i2.p1               0.14%    passed    100.00%
  51  JJ89|Cluster-5322.0__TRINITY_DN57675_c0_g1_i1.p1                 0.14%    passed    100.00%
  52  DE737|Cluster-22667.0__TRINITY_DN2369_c0_g2_i1.p1                0.14%    passed    100.00%
  53  DE531|Cluster-37345.0__TRINITY_DN1415_c1_g1_i1.p1                0.43%    passed    100.00%
  54  DE696-dots|Cluster-2476.0__TRINITY_DN3089_c0_g1_i1.p1            0.43%    passed    100.00%
  55  DE696-nodots|Cluster-24355.0__TRINITY_DN8073_c1_g1_i1.p1         0.14%    passed    100.00%
  56  JJ36|Cluster-3785.0__TRINITY_DN38387_c1_g1_i1.p1                 0.14%    passed    100.00%
  57  DE151|Cluster-37654.0__TRINITY_DN7213_c1_g1_i1.p1                0.14%    passed    100.00%
  58  JJ130|Cluster-8810.0__TRINITY_DN6547_c0_g1_i1.p1                 0.14%    passed    100.00%
  59  DE189|Cluster-2568.0__TRINITY_DN401_c1_g1_i1.p1                  0.14%    passed    100.00%
  60  DE173|Cluster-48998.0__TRINITY_DN3917_c0_g2_i1.p1                0.14%    passed    100.00%
  61  JJ109|Cluster-12303.0__TRINITY_DN12234_c0_g1_i1.p1               0.14%    passed    100.00%
  62  DE88|Cluster-8183.0__TRINITY_DN8673_c0_g1_i1.p1                  0.14%    passed    100.00%
  63  DE504|Cluster-57444.0__TRINITY_DN12224_c0_g1_i1.p1               0.14%    passed    100.00%
  64  DE549|Cluster-28434.0__TRINITY_DN4777_c0_g1_i1.p1                0.14%    passed    100.00%
  65  DE550|Cluster-41729.0__TRINITY_DN4868_c0_g1_i1.p1                0.14%    passed    100.00%
  66  DE164|Cluster-30387.790__TRINITY_DN1990_c0_g1_i1.p1              0.14%    passed    100.00%
  67  DE643|Cluster-11353.0__TRINITY_DN21719_c0_g1_i1.p1               0.14%    passed    100.00%
  68  DE671|Cluster-6987.0__TRINITY_DN4724_c0_g1_i1.p1                 0.14%    passed    100.00%
  69  DE672|Cluster-36533.0__TRINITY_DN4883_c0_g1_i10.p1               0.14%    passed    100.00%
  70  DE509|Cluster-8862.0__TRINITY_DN3794_c0_g1_i1.p1                 0.14%    passed    100.00%
  71  DE560|Cluster-42925.0__TRINITY_DN5485_c0_g1_i1.p1                0.14%    passed    100.00%
  72  DE519|Cluster-4961.0__TRINITY_DN8386_c1_g3_i1.p1                 0.14%    passed    100.00%
  73  DE741|Cluster-45646.0__TRINITY_DN3272_c0_g1_i1.p1                0.14%    passed    100.00%
  74  JJ74|Cluster-119588.0__TRINITY_DN14531_c0_g1_i1.p1               0.14%    passed    100.00%
  75  DE216|Cluster-52098.0__TRINITY_DN13835_c0_g1_i1.p1               0.14%    passed    100.00%
  76  DE542|Cluster-13800.0__TRINITY_DN24165_c0_g1_i1.p1               0.14%    passed    100.00%
  77  DE534|Cluster-50929.0__TRINITY_DN5811_c0_g1_i1.p1                0.14%    passed    100.00%
  78  JJ131|Cluster-25099.0__TRINITY_DN8948_c0_g1_i3.p1                2.16%    passed    100.00%
****  TOTAL                                                            1.57%  0 sequences failed composition chi2 test (p-value<5%; df=60)
Reading input tree file tmp.csubst.nwk ... rooted tree

NOTE: 102 MB RAM (0 GB) is required!
Measuring multi-threading efficiency up to 1 CPU cores
2 trees examined
Threads: 1 / Time: 5.385 sec / Speedup: 1.000 / Efficiency: 100% / LogL: -27825
BEST NUMBER OF THREADS: 1

Estimate model parameters (epsilon = 0.010)
1. Initial log-likelihood: -25269.888
2. Current log-likelihood: -16424.182
3. Current log-likelihood: -16407.988
4. Current log-likelihood: -16407.892
5. Current log-likelihood: -16407.848
6. Current log-likelihood: -16407.824
7. Current log-likelihood: -16407.811
Optimal log-likelihood: -16407.803
Nonsynonymous/synonymous ratio (omega): 1.000
Transition/transversion ratio (kappa): 1.000
Site proportion and rates:  (0.593,0.432) (0.293,1.311) (0.095,2.779) (0.019,5.072)
Parameters optimization took 7 rounds (134.384 sec)
Wrote distance file to... 
BEST SCORE FOUND : -16407.803
Ancestral state probabilities printed to /mnt/data0/yue/2026-03-11-protein-convergence/results/OG_5424/csubst_w_s/csubst_input_alignment.fa.state
Empirical proportions for each category: 0.642 0.266 0.079 0.013
Site rates printed to /mnt/data0/yue/2026-03-11-protein-convergence/results/OG_5424/csubst_w_s/csubst_input_alignment.fa.rate
Total tree length: 3.475

Total number of iterations: 0
CPU time used for tree search: 0.000 sec (0h:0m:0s)
Wall-clock time used for tree search: 0.000 sec (0h:0m:0s)
Total CPU time used: 143.065 sec (0h:2m:23s)
Total wall-clock time used: 143.605 sec (0h:2m:23s)

Analysis results written to: 
  IQ-TREE report:                /mnt/data0/yue/2026-03-11-protein-convergence/results/OG_5424/csubst_w_s/csubst_input_alignment.fa.iqtree
  Maximum-likelihood tree:       /mnt/data0/yue/2026-03-11-protein-convergence/results/OG_5424/csubst_w_s/csubst_input_alignment.fa.treefile
  Site-specific rates:           /mnt/data0/yue/2026-03-11-protein-convergence/results/OG_5424/csubst_w_s/csubst_input_alignment.fa.rate
  Ancestral state:               /mnt/data0/yue/2026-03-11-protein-convergence/results/OG_5424/csubst_w_s/csubst_input_alignment.fa.state
  Screen log file:               /mnt/data0/yue/2026-03-11-protein-convergence/results/OG_5424/csubst_w_s/csubst_input_alignment.fa.log

Date and Time: Fri Mar 27 17:59:26 2026
