IQ-TREE multicore version 2.4.0 for Linux x86 64-bit built Feb 12 2025
Developed by Bui Quang Minh, Nguyen Lam Tung, Olga Chernomor, Heiko Schmidt,
Dominik Schrempf, Michael Woodhams, Ly Trong Nhan, Thomas Wong

Host:    brain (AVX2, FMA3, 2015 GB RAM)
Command: /home/yue/miniconda3/envs/py39/bin/iqtree -s /mnt/data0/yue/2026-03-11-protein-convergence/results/OG_6176/csubst_w_s/csubst_input_alignment.fa -te tmp.csubst.nwk -m ECMK07+F+R4 --seqtype CODON1 --threads-max 1 -T AUTO --ancestral --rate --redo
Seed:    899655 (Using SPRNG - Scalable Parallel Random Number Generator)
Time:    Fri Mar 27 20:39:49 2026
Kernel:  AVX+FMA - auto-detect threads (128 CPU cores detected)

Reading alignment file /mnt/data0/yue/2026-03-11-protein-convergence/results/OG_6176/csubst_w_s/csubst_input_alignment.fa ... Fasta format detected
Reading fasta file: done in 0.0012031 secs using 43.39% CPU
Alignment most likely contains DNA/RNA sequences
Converting to codon sequences with genetic code 1 ...
WARNING: 1 sites contain only gaps or ambiguous characters.
Alignment has 74 sequences with 317 columns, 298 distinct patterns
197 parsimony-informative, 59 singleton sites, 61 constant sites
                                                               Gap/Ambiguity  Composition  p-value
Analyzing sequences: done in 5.36591e-05 secs using 98.77% CPU
   1  DE560|Cluster-19898.0__TRINITY_DN3396_c0_g1_i1.p1                0.32%    passed    100.00%
   2  JJ85|Cluster-43784.0__TRINITY_DN5550_c0_g1_i9.p1                 0.32%    passed    100.00%
   3  SRR5150740|Cluster-35455.0__TRINITY_DN13405_c0_g1_i1.p1          0.32%    passed    100.00%
   4  DE519|Cluster-30833.0__TRINITY_DN17095_c0_g1_i1.p1               0.32%    passed    100.00%
   5  DE741|Cluster-22913.0__TRINITY_DN3861_c0_g1_i1.p1                0.32%    passed    100.00%
   6  DE216|Cluster-4880.0__TRINITY_DN11069_c0_g1_i10.p1               0.32%    passed    100.00%
   7  JJ15|Cluster-40257.0__TRINITY_DN8761_c0_g1_i1.p1                 0.32%    passed    100.00%
   8  DE534|Cluster-48418.0__TRINITY_DN1776_c0_g1_i5.p1                0.32%    passed    100.00%
   9  DE536|Cluster-47061.0__TRINITY_DN50046_c0_g1_i1.p1               0.32%    passed    100.00%
  10  DE542|Cluster-48207.0__TRINITY_DN8200_c0_g1_i4.p1                2.84%    passed    100.00%
  11  JJ125|Cluster-37908.0__TRINITY_DN15126_c0_g2_i1.p1               0.32%    passed    100.00%
  12  JJ131|Cluster-48940.1__TRINITY_DN6155_c0_g1_i13.p1              16.09%    passed    100.00%
  13  DE115|Cluster-17171.0__TRINITY_DN10937_c0_g1_i1.p1               0.32%    passed    100.00%
  14  JJ86|Cluster-27204.0__TRINITY_DN60194_c0_g1_i1.p1                0.32%    passed    100.00%
  15  DE623|Cluster-27646.0__TRINITY_DN564_c0_g1_i2.p1                 0.32%    passed    100.00%
  16  DE666|Cluster-38858.0__TRINITY_DN761_c1_g1_i3.p1                 0.32%    passed    100.00%
  17  DE127|Cluster-22127.1__TRINITY_DN21621_c0_g1_i2.p1               0.63%    passed    100.00%
  18  DE554|Cluster-21181.0__TRINITY_DN87_c0_g1_i1.p1                  0.63%    passed    100.00%
  19  DE126|Cluster-44157.0__TRINITY_DN26184_c2_g2_i5.p1               0.32%    passed    100.00%
  20  DE680|Cluster-31901.0__TRINITY_DN3705_c0_g1_i1.p1                0.32%    passed    100.00%
  21  DE546_urceolata_l|Cluster-8929.0__TRINITY_DN13955_c0_g1_i1.p1    0.32%    passed    100.00%
  22  DE162|Cluster-31199.0__TRINITY_DN19791_c0_g1_i1.p1               0.32%    passed    100.00%
  23  DE507|Cluster-68637.0__TRINITY_DN660_c1_g1_i7.p1                33.75%    passed     99.98%
  24  DE704-purple|Cluster-53708.0__TRINITY_DN31462_c0_g1_i3.p1       33.75%    passed     99.96%
  25  DE528|Cluster-52050.3__TRINITY_DN7914_c0_g2_i3.p1                0.32%    passed    100.00%
  26  DE704-white|Cluster-61072.0__TRINITY_DN16275_c0_g1_i1.p1        25.24%    passed    100.00%
  27  DE563|Cluster-30253.0__TRINITY_DN6568_c1_g1_i2.p1                0.32%    passed    100.00%
  28  DE575|Cluster-57644.0__TRINITY_DN3537_c0_g1_i5.p1                0.32%    passed    100.00%
  29  DE681|Cluster-30100.0__TRINITY_DN4598_c0_g1_i1.p1                0.32%    passed    100.00%
  30  DE765|Cluster-52582.0__TRINITY_DN5453_c0_g1_i1.p1               33.75%    passed     99.98%
  31  DE668|Cluster-14170.0__TRINITY_DN21379_c0_g1_i1.p1               0.32%    passed    100.00%
  32  JJ99|Cluster-34241.0__TRINITY_DN4694_c0_g1_i2.p1                 0.32%    passed    100.00%
  33  JJ23|Cluster-31658.0__TRINITY_DN16608_c0_g1_i1.p1                0.32%    passed    100.00%
  34  DE152|Cluster-20315.0__TRINITY_DN8881_c0_g1_i2.p1                0.32%    passed    100.00%
  35  JJ74|Cluster-80609.0__TRINITY_DN13114_c0_g1_i1.p1                0.32%    passed    100.00%
  36  DE566|Cluster-46586.2__TRINITY_DN2130_c0_g1_i1.p1                0.32%    passed     99.99%
  37  DE503|Cluster-57187.0__TRINITY_DN6124_c0_g1_i2.p1                1.26%    passed    100.00%
  38  DE505|Cluster-56599.0__TRINITY_DN4801_c0_g1_i1.p1               32.18%    passed    100.00%
  39  DE510|Cluster-10950.0__TRINITY_DN42675_c0_g1_i1.p1               1.26%    passed    100.00%
  40  SRR3407087|Cluster-35882.0__TRINITY_DN2709_c0_g1_i1.p1           1.26%    passed    100.00%
  41  SRR3407094|Cluster-16694.0__TRINITY_DN9703_c0_g1_i1.p1           1.26%    passed    100.00%
  42  SRR3407092|Cluster-17645.0__TRINITY_DN4429_c0_g1_i1.p1           1.26%    passed    100.00%
  43  DE561|Cluster-49602.0__TRINITY_DN6313_c0_g2_i1.p1               32.18%    passed    100.00%
  44  SRR3424066|Cluster-13631.0__TRINITY_DN11191_c0_g1_i1.p1          1.26%    passed    100.00%
  45  SRR3407088|Cluster-33849.0__TRINITY_DN51021_c0_g1_i1.p1          1.26%    passed    100.00%
  46  SRR3407086|Cluster-18982.0__TRINITY_DN9234_c0_g5_i1.p1           1.26%    passed    100.00%
  47  DE523|Cluster-4604.0__TRINITY_DN11452_c0_g1_i1.p1                0.32%    passed    100.00%
  48  SRR3407096|Cluster-17509.0__TRINITY_DN4188_c0_g1_i1.p1           0.32%    passed    100.00%
  49  DE69|Cluster-17016.0__TRINITY_DN1864_c1_g1_i5.p1                 0.32%    passed    100.00%
  50  SRR3407095|Cluster-35891.0__TRINITY_DN4605_c0_g1_i2.p1           6.31%    passed    100.00%
  51  DE151|Cluster-14876.0__TRINITY_DN6851_c0_g1_i1.p1                1.89%    passed    100.00%
  52  DE189|Cluster-50517.1__TRINITY_DN5945_c1_g1_i8.p1                1.89%    passed    100.00%
  53  DE173|Cluster-21822.0__TRINITY_DN4744_c0_g1_i3.p1                1.89%    passed    100.00%
  54  JJ109|Cluster-39805.0__TRINITY_DN5622_c0_g1_i1.p1                1.89%    passed    100.00%
  55  DE550|Cluster-4447.0__TRINITY_DN16_c1_g1_i1.p1                   0.32%    passed    100.00%
  56  JJ130|Cluster-44343.1__TRINITY_DN1711_c0_g1_i42.p1              12.30%    passed    100.00%
  57  DE164|Cluster-33781.0__TRINITY_DN64743_c0_g1_i1.p1               0.32%    passed    100.00%
  58  DE643|Cluster-59305.0__TRINITY_DN31447_c0_g1_i3.p1               0.32%    passed    100.00%
  59  DE671|Cluster-8036.0__TRINITY_DN17291_c0_g1_i3.p1                0.32%    passed    100.00%
  60  DE672|Cluster-14311.0__TRINITY_DN61501_c0_g2_i3.p1               0.32%    passed    100.00%
  61  DE476|Cluster-28065.0__TRINITY_DN9639_c0_g1_i1.p1               31.23%    passed    100.00%
  62  DE531|Cluster-41716.0__TRINITY_DN12386_c0_g1_i1.p1               0.32%    passed    100.00%
  63  DE696-dots|Cluster-40545.0__TRINITY_DN3629_c1_g1_i1.p1           0.32%    passed    100.00%
  64  DE696-nodots|Cluster-35429.0__TRINITY_DN5764_c0_g1_i1.p1         0.32%    passed    100.00%
  65  JJ36|Cluster-43537.0__TRINITY_DN8144_c0_g1_i1.p1                 0.32%    passed    100.00%
  66  DE88|Cluster-34903.0__TRINITY_DN65853_c0_g1_i1.p1                0.32%    passed    100.00%
  67  DE509|Cluster-21898.0__TRINITY_DN45337_c0_g1_i1.p1               0.32%    passed    100.00%
  68  DE736|Cluster-5369.0__TRINITY_DN79320_c0_g1_i1.p1                0.32%    passed    100.00%
  69  DE764|Cluster-42898.0__TRINITY_DN13281_c0_g1_i1.p1               0.32%    passed    100.00%
  70  DE504|Cluster-21648.0__TRINITY_DN15106_c0_g1_i2.p1              23.34%    passed    100.00%
  71  DE737|Cluster-51593.0__TRINITY_DN5030_c0_g1_i2.p1                0.32%    passed    100.00%
  72  JJ89|Cluster-28504.0__TRINITY_DN9538_c0_g2_i9.p1                 0.32%    passed    100.00%
  73  DE541|Cluster-20786.0__TRINITY_DN23149_c0_g1_i2.p1               0.32%    passed    100.00%
  74  SRR104381|Cluster-21696.0__TRINITY_DN25952_c0_g1_i1.p1           1.26%    passed     97.95%
****  TOTAL                                                            4.30%  0 sequences failed composition chi2 test (p-value<5%; df=60)
WARNING: States(s) TGC, TGT rarely appear in alignment and may cause numerical problems
Reading input tree file tmp.csubst.nwk ... rooted tree

NOTE: 50 MB RAM (0 GB) is required!
Measuring multi-threading efficiency up to 1 CPU cores
2 trees examined
Threads: 1 / Time: 2.723 sec / Speedup: 1.000 / Efficiency: 100% / LogL: -12092
BEST NUMBER OF THREADS: 1

Estimate model parameters (epsilon = 0.010)
1. Initial log-likelihood: -10753.259
2. Current log-likelihood: -7333.322
3. Current log-likelihood: -7326.816
4. Current log-likelihood: -7326.785
5. Current log-likelihood: -7326.771
Optimal log-likelihood: -7326.762
Nonsynonymous/synonymous ratio (omega): 1.000
Transition/transversion ratio (kappa): 1.000
Site proportion and rates:  (0.544,0.366) (0.287,1.158) (0.138,2.392) (0.032,4.378)
Parameters optimization took 5 rounds (46.396 sec)
Wrote distance file to... 
BEST SCORE FOUND : -7326.762
Ancestral state probabilities printed to /mnt/data0/yue/2026-03-11-protein-convergence/results/OG_6176/csubst_w_s/csubst_input_alignment.fa.state
Empirical proportions for each category: 0.587 0.278 0.110 0.025
Site rates printed to /mnt/data0/yue/2026-03-11-protein-convergence/results/OG_6176/csubst_w_s/csubst_input_alignment.fa.rate
Total tree length: 3.642

Total number of iterations: 0
CPU time used for tree search: 0.000 sec (0h:0m:0s)
Wall-clock time used for tree search: 0.000 sec (0h:0m:0s)
Total CPU time used: 50.808 sec (0h:0m:50s)
Total wall-clock time used: 50.969 sec (0h:0m:50s)

Analysis results written to: 
  IQ-TREE report:                /mnt/data0/yue/2026-03-11-protein-convergence/results/OG_6176/csubst_w_s/csubst_input_alignment.fa.iqtree
  Maximum-likelihood tree:       /mnt/data0/yue/2026-03-11-protein-convergence/results/OG_6176/csubst_w_s/csubst_input_alignment.fa.treefile
  Site-specific rates:           /mnt/data0/yue/2026-03-11-protein-convergence/results/OG_6176/csubst_w_s/csubst_input_alignment.fa.rate
  Ancestral state:               /mnt/data0/yue/2026-03-11-protein-convergence/results/OG_6176/csubst_w_s/csubst_input_alignment.fa.state
  Screen log file:               /mnt/data0/yue/2026-03-11-protein-convergence/results/OG_6176/csubst_w_s/csubst_input_alignment.fa.log

Date and Time: Fri Mar 27 20:40:40 2026
