IQ-TREE multicore version 2.4.0 for Linux x86 64-bit built Feb 12 2025
Developed by Bui Quang Minh, Nguyen Lam Tung, Olga Chernomor, Heiko Schmidt,
Dominik Schrempf, Michael Woodhams, Ly Trong Nhan, Thomas Wong

Host:    brain (AVX2, FMA3, 2015 GB RAM)
Command: /home/yue/miniconda3/envs/py39/bin/iqtree -s /mnt/data0/yue/2026-03-11-protein-convergence/results/OG_1342/csubst_w_s/csubst_input_alignment.fa -te tmp.csubst.nwk -m ECMK07+F+R4 --seqtype CODON1 --threads-max 1 -T AUTO --ancestral --rate --redo
Seed:    167940 (Using SPRNG - Scalable Parallel Random Number Generator)
Time:    Fri Mar 27 00:08:27 2026
Kernel:  AVX+FMA - auto-detect threads (128 CPU cores detected)

Reading alignment file /mnt/data0/yue/2026-03-11-protein-convergence/results/OG_1342/csubst_w_s/csubst_input_alignment.fa ... Fasta format detected
Reading fasta file: done in 0.000624806 secs using 33.29% CPU
Alignment most likely contains DNA/RNA sequences
Converting to codon sequences with genetic code 1 ...
Alignment has 81 sequences with 133 columns, 132 distinct patterns
85 parsimony-informative, 33 singleton sites, 15 constant sites
                                                               Gap/Ambiguity  Composition  p-value
Analyzing sequences: done in 3.02643e-05 secs using 29.74% CPU
   1  DE115|Cluster-4296.0__TRINITY_DN12820_c0_g1_i24.p1               7.52%    passed     99.81%
   2  DE127|Cluster-37582.0__TRINITY_DN10059_c0_g1_i10.p1             12.03%    passed    100.00%
   3  DE666|Cluster-26700.0__TRINITY_DN11042_c0_g1_i1.p1               0.00%    passed    100.00%
   4  DE181|Cluster-41555.21__TRINITY_DN3206_c0_g1_i9.p1               0.00%    passed    100.00%
   5  DE510|Cluster-28893.2__TRINITY_DN14335_c0_g1_i4.p1               0.00%    passed     99.99%
   6  SRR3407092|Cluster-29013.4__TRINITY_DN11338_c0_g1_i2.p1          0.00%    passed    100.00%
   7  SRR3407093|Cluster-22599.2__TRINITY_DN11212_c1_g2_i1.p1          0.00%    passed    100.00%
   8  SRR3407094|Cluster-21169.71__TRINITY_DN13607_c0_g1_i3.p1         0.00%    passed    100.00%
   9  DE561|Cluster-45776.1__TRINITY_DN6045_c1_g2_i7.p1                0.00%    passed    100.00%
  10  DE680|Cluster-25239.0__TRINITY_DN2301_c0_g2_i1.p1                0.00%    passed    100.00%
  11  SRR3424066|Cluster-13321.1__TRINITY_DN11076_c0_g1_i2.p1          0.00%    passed    100.00%
  12  DE503|Cluster-61160.2__TRINITY_DN11032_c1_g1_i5.p1               0.00%    passed    100.00%
  13  DE505|Cluster-50804.1__TRINITY_DN33236_c0_g1_i2.p1               0.00%    passed    100.00%
  14  SRR3407088|Cluster-41548.0__TRINITY_DN13378_c0_g1_i3.p1          0.00%    passed    100.00%
  15  SRR3407087|Cluster-39753.1__TRINITY_DN6943_c0_g1_i5.p1           0.00%    passed    100.00%
  16  DE546_urceolata_l|Cluster-37029.1__TRINITY_DN8155_c0_g1_i8.p1    0.00%    passed    100.00%
  17  DE736|Cluster-24608.0__TRINITY_DN1877_c1_g1_i4.p1                0.00%    passed    100.00%
  18  DE737|Cluster-39169.1__TRINITY_DN17287_c0_g1_i2.p1               0.00%    passed    100.00%
  19  SRR3407096|Cluster-26205.0__TRINITY_DN1242_c0_g1_i2.p1           0.00%    passed    100.00%
  20  DE509|Cluster-44717.0__TRINITY_DN10455_c0_g1_i1.p1               0.00%    passed    100.00%
  21  DE764|Cluster-45710.0__TRINITY_DN15798_c0_g1_i12.p1              0.00%    passed    100.00%
  22  JJ89|Cluster-25605.3__TRINITY_DN5637_c0_g1_i6.p1                 0.00%    passed    100.00%
  23  DE672|Cluster-25773.0__TRINITY_DN9632_c0_g1_i15.p1              25.56%    passed    100.00%
  24  DE696-dots|Cluster-31361.0__TRINITY_DN4079_c0_g2_i5.p1           0.00%    passed    100.00%
  25  DE696-nodots|Cluster-53574.0__TRINITY_DN17334_c0_g1_i2.p1        0.00%    passed    100.00%
  26  JJ36|Cluster-36739.0__TRINITY_DN8693_c0_g1_i3.p1                 0.00%    passed    100.00%
  27  DE643|Cluster-12195.0__TRINITY_DN30300_c0_g1_i7.p1              25.56%    passed     99.91%
  28  SRR3407095|Cluster-39317.1__TRINITY_DN12909_c0_g1_i2.p1          1.50%    passed     99.89%
  29  JJ131|Cluster-60350.1__TRINITY_DN38396_c0_g1_i11.p1             12.03%    failed      0.84%
  30  DE536|Cluster-32461.1__TRINITY_DN3726_c0_g1_i10.p1               0.00%    passed    100.00%
  31  DE560|Cluster-46406.0__TRINITY_DN9335_c0_g1_i12.p1               0.00%    passed    100.00%
  32  DE504|Cluster-40933.0__TRINITY_DN20822_c0_g2_i2.p1               0.00%    passed    100.00%
  33  DRR082660|Cluster-38649.2__TRINITY_DN5470_c0_g1_i3.p1            0.00%    passed    100.00%
  34  DE519|Cluster-74881.7__TRINITY_DN52442_c0_g1_i14.p1              0.00%    passed    100.00%
  35  JJ125|Cluster-27745.0__TRINITY_DN17024_c0_g1_i9.p1               0.00%    passed    100.00%
  36  DE741|Cluster-19311.0__TRINITY_DN9004_c0_g1_i18.p1               0.00%    passed    100.00%
  37  JJ85|Cluster-31887.2__TRINITY_DN13730_c0_g1_i2.p1                0.00%    passed     99.99%
  38  JJ23|Cluster-25590.0__TRINITY_DN5508_c0_g1_i9.p1                21.80%    passed     64.29%
  39  DE151|Cluster-41320.0__TRINITY_DN19142_c0_g1_i1.p1               0.00%    passed    100.00%
  40  DE189|Cluster-21962.2__TRINITY_DN15607_c0_g1_i4.p1               0.00%    passed    100.00%
  41  JJ109|Cluster-45584.2__TRINITY_DN10251_c0_g1_i6.p1               0.00%    passed    100.00%
  42  DE229|Cluster-98893.1__TRINITY_DN1930_c0_g1_i13.p1              12.03%    passed    100.00%
  43  DE541|Cluster-20974.0__TRINITY_DN4788_c1_g1_i2.p1                0.00%    passed    100.00%
  44  DE554|Cluster-44408.0__TRINITY_DN41410_c0_g1_i1.p1              25.56%    passed    100.00%
  45  SRR3407086|Cluster-21579.0__TRINITY_DN5264_c0_g2_i3.p1           0.00%    passed    100.00%
  46  SRR3407086|Cluster-32030.0__TRINITY_DN5264_c0_g2_i1.p1           0.00%    passed    100.00%
  47  DE162|Cluster-38200.1__TRINITY_DN13478_c0_g1_i1.p1               0.00%    passed    100.00%
  48  DE528|Cluster-47227.0__TRINITY_DN11661_c0_g3_i1.p1               0.00%    passed    100.00%
  49  DE681|Cluster-52830.2__TRINITY_DN8763_c0_g2_i1.p1                0.00%    passed     98.34%
  50  DE765|Cluster-47208.0__TRINITY_DN6569_c1_g1_i5.p1                0.00%    passed     97.02%
  51  JJ99|Cluster-25176.0__TRINITY_DN16778_c0_g1_i1.p1                0.00%    passed     76.93%
  52  DE566|Cluster-47891.1__TRINITY_DN7994_c0_g1_i3.p1                0.00%    passed    100.00%
  53  DE549|Cluster-23234.1__TRINITY_DN15590_c0_g1_i5.p1               0.00%    passed    100.00%
  54  DE668|Cluster-25955.4__TRINITY_DN17301_c0_g1_i7.p1               0.75%    passed     99.56%
  55  JJ74|Cluster-103751.2__TRINITY_DN32848_c0_g1_i7.p1               0.00%    passed    100.00%
  56  DE216|Cluster-67195.0__TRINITY_DN8837_c0_g1_i5.p1                0.75%    passed    100.00%
  57  JJ15|Cluster-29456.1__TRINITY_DN5540_c0_g1_i10.p1                0.00%    passed    100.00%
  58  DE534|Cluster-36997.0__TRINITY_DN39217_c0_g4_i1.p1               0.00%    passed    100.00%
  59  JJ86|Cluster-44809.0__TRINITY_DN2227_c0_g1_i24.p1                0.75%    passed    100.00%
  60  JJ130|Cluster-9884.1__TRINITY_DN3761_c0_g1_i6.p1                 0.00%    passed    100.00%
  61  DE69|Cluster-45195.0__TRINITY_DN13131_c0_g1_i21.p1               0.00%    passed    100.00%
  62  DE507|Cluster-37306.2__TRINITY_DN25064_c0_g1_i2.p1               0.00%    passed     99.53%
  63  DE704-purple|Cluster-15453.0__TRINITY_DN6472_c1_g1_i3.p1         0.00%    passed    100.00%
  64  DE704-white|Cluster-64260.0__TRINITY_DN15745_c0_g1_i12.p1        0.00%    passed    100.00%
  65  DE173|Cluster-53644.1__TRINITY_DN10917_c0_g1_i3.p1               0.00%    passed    100.00%
  66  DE541|Cluster-37092.0__TRINITY_DN7204_c2_g1_i7.p1                0.00%    passed    100.00%
  67  DE764|Cluster-9142.0__TRINITY_DN15798_c0_g1_i9.p1                0.00%    passed    100.00%
  68  DE509|Cluster-39742.0__TRINITY_DN10455_c0_g1_i4.p1               0.00%    passed    100.00%
  69  DE531|Cluster-43832.0__TRINITY_DN15235_c0_g1_i12.p1             25.56%    passed    100.00%
  70  DE696-nodots|Cluster-35796.0__TRINITY_DN17334_c0_g1_i7.p1        0.00%    passed    100.00%
  71  JJ36|Cluster-8010.0__TRINITY_DN8693_c0_g1_i2.p1                  0.00%    passed    100.00%
  72  DE696-dots|Cluster-2307.0__TRINITY_DN4079_c0_g2_i1.p1            0.00%    passed    100.00%
  73  DE550|Cluster-47742.1__TRINITY_DN9525_c0_g1_i10.p1               0.00%    passed    100.00%
  74  DE88|Cluster-29784.0__TRINITY_DN8205_c0_g1_i4.p1                 0.00%    passed     97.77%
  75  DE504|Cluster-26539.0__TRINITY_DN20822_c0_g1_i3.p1               0.00%    passed    100.00%
  76  DE643|Cluster-38669.0__TRINITY_DN30300_c0_g1_i2.p1               0.00%    passed    100.00%
  77  DE671|Cluster-44313.0__TRINITY_DN20205_c1_g1_i10.p1              0.00%    passed    100.00%
  78  DE152|Cluster-13606.0__TRINITY_DN7216_c0_g1_i1.p1                0.00%    passed     61.23%
  79  DE127|Cluster-40549.0__TRINITY_DN10059_c0_g1_i11.p1              4.51%    passed    100.00%
  80  DE554|Cluster-24288.0__TRINITY_DN851_c3_g1_i3.p1                 0.00%    passed     99.98%
  81  DRR234970|Cluster-39904.0__TRINITY_DN41806_c0_g1_i1.p1           1.50%    passed     30.31%
****  TOTAL                                                            2.19%  1 sequences failed composition chi2 test (p-value<5%; df=60)
Reading input tree file tmp.csubst.nwk ... rooted tree

NOTE: 29 MB RAM (0 GB) is required!
Measuring multi-threading efficiency up to 1 CPU cores
2 trees examined
Threads: 1 / Time: 1.926 sec / Speedup: 1.000 / Efficiency: 100% / LogL: -6204
BEST NUMBER OF THREADS: 1

Estimate model parameters (epsilon = 0.010)
1. Initial log-likelihood: -5608.725
2. Current log-likelihood: -4449.790
3. Current log-likelihood: -4442.315
4. Current log-likelihood: -4442.270
5. Current log-likelihood: -4442.257
Optimal log-likelihood: -4442.251
Nonsynonymous/synonymous ratio (omega): 1.000
Transition/transversion ratio (kappa): 1.000
Site proportion and rates:  (0.561,0.354) (0.302,1.387) (0.095,1.802) (0.042,5.021)
Parameters optimization took 5 rounds (29.616 sec)
Wrote distance file to... 
BEST SCORE FOUND : -4442.251
Ancestral state probabilities printed to /mnt/data0/yue/2026-03-11-protein-convergence/results/OG_1342/csubst_w_s/csubst_input_alignment.fa.state
Empirical proportions for each category: 0.602 0.346 0.008 0.045
Site rates printed to /mnt/data0/yue/2026-03-11-protein-convergence/results/OG_1342/csubst_w_s/csubst_input_alignment.fa.rate
Total tree length: 5.925

Total number of iterations: 0
CPU time used for tree search: 0.000 sec (0h:0m:0s)
Wall-clock time used for tree search: 0.000 sec (0h:0m:0s)
Total CPU time used: 32.585 sec (0h:0m:32s)
Total wall-clock time used: 32.692 sec (0h:0m:32s)

Analysis results written to: 
  IQ-TREE report:                /mnt/data0/yue/2026-03-11-protein-convergence/results/OG_1342/csubst_w_s/csubst_input_alignment.fa.iqtree
  Maximum-likelihood tree:       /mnt/data0/yue/2026-03-11-protein-convergence/results/OG_1342/csubst_w_s/csubst_input_alignment.fa.treefile
  Site-specific rates:           /mnt/data0/yue/2026-03-11-protein-convergence/results/OG_1342/csubst_w_s/csubst_input_alignment.fa.rate
  Ancestral state:               /mnt/data0/yue/2026-03-11-protein-convergence/results/OG_1342/csubst_w_s/csubst_input_alignment.fa.state
  Screen log file:               /mnt/data0/yue/2026-03-11-protein-convergence/results/OG_1342/csubst_w_s/csubst_input_alignment.fa.log

Date and Time: Fri Mar 27 00:08:59 2026
